1159305445792	0	B	Logging Begins
1159305445792	0	INSTRUCTIONSTART	JointRoller	/usr/lib/python2.4/site-packages/pyepl/resources/vera.ttf	30	(1.000000, 1.000000, 1.000000, 1.000000)	"In the following experiment, your memory for associating names with faces will be tested.  The experiment will be divided into two halves, with each half testing you on a completely different set of names and faces.  After the first half, there will be a short break.\n\nThe procedure will be the same for each half.  Eight faces will be presented on the screen, consecutively, accompanied by their names.  A woman's voice will also speak the name when the face appears on the screen.  After five seconds, the face will disappear from the screen, a star (*) will flash on the screen for one second, and then the next face and name will appear.\n\nAfter you have seen all eight faces and names, you will be prompted to press any key in order to move on to a testing period.  During each trial of the testing period, you will see a face with a question mark (?) underneath it.  You will have to try and recall the name that goes with the face, and speak it out loud.  After five seconds the face will disappear from the screen, a star will flash on the screen for one second, and then the next face will appear with a question mark underneath it.\n\nFor each half, there will be ten study periods and ten test periods, alternating.  Each face will have the same name over the entire course of the half, so your task is to try and learn the faces' names as quickly and accurately as possible, and to be able to recall them as quickly and accurately as possible.\n\nDuring the test phase, do not worry if you make a mistake and recall the wrong name accidentally.  There is no penalty.  Also, if you are in the middle of recalling a name and the experiment moves on to the next face, do not stop yourself; continue speaking the name.  However, once the next face appears on the screen, you should give up trying to recall the last face and concentrate on the new one.\n\nDo you have any questions?\n\nPress <ENTER> to continue."
1159305445798	1	INSTRUCTIONSCROLL	0
1159305460505	1	INSTRUCTIONSCROLL	1
1159305460518	1	INSTRUCTIONSCROLL	4
1159305460531	1	INSTRUCTIONSCROLL	6
1159305460545	1	INSTRUCTIONSCROLL	9
1159305460558	1	INSTRUCTIONSCROLL	12
1159305460571	1	INSTRUCTIONSCROLL	14
1159305460585	1	INSTRUCTIONSCROLL	17
1159305460598	1	INSTRUCTIONSCROLL	20
1159305460611	1	INSTRUCTIONSCROLL	22
1159305460625	1	INSTRUCTIONSCROLL	25
1159305460638	1	INSTRUCTIONSCROLL	28
1159305460651	1	INSTRUCTIONSCROLL	30
1159305460971	1	INSTRUCTIONSCROLL	31
1159305460985	1	INSTRUCTIONSCROLL	32
1159305460998	1	INSTRUCTIONSCROLL	35
1159305461012	1	INSTRUCTIONSCROLL	38
1159305461025	1	INSTRUCTIONSCROLL	41
1159305461038	1	INSTRUCTIONSCROLL	43
1159305461051	1	INSTRUCTIONSCROLL	46
1159305461065	1	INSTRUCTIONSCROLL	48
1159305461078	1	INSTRUCTIONSCROLL	51
1159305461091	1	INSTRUCTIONSCROLL	54
1159305461105	1	INSTRUCTIONSCROLL	56
1159305461118	1	INSTRUCTIONSCROLL	59
1159305461398	1	INSTRUCTIONSCROLL	60
1159305461411	1	INSTRUCTIONSCROLL	62
1159305461425	1	INSTRUCTIONSCROLL	65
1159305461438	1	INSTRUCTIONSCROLL	67
1159305461451	1	INSTRUCTIONSCROLL	70
1159305461465	1	INSTRUCTIONSCROLL	73
1159305461478	1	INSTRUCTIONSCROLL	75
1159305461491	1	INSTRUCTIONSCROLL	78
1159305461505	1	INSTRUCTIONSCROLL	80
1159305461518	1	INSTRUCTIONSCROLL	83
1159305461531	1	INSTRUCTIONSCROLL	86
1159305461545	1	INSTRUCTIONSCROLL	88
1159305461558	1	INSTRUCTIONSCROLL	91
1159305461571	1	INSTRUCTIONSCROLL	94
1159305462785	1	INSTRUCTIONSCROLL	95
1159305462798	1	INSTRUCTIONSCROLL	96
1159305462811	1	INSTRUCTIONSCROLL	98
1159305462825	1	INSTRUCTIONSCROLL	101
1159305462838	1	INSTRUCTIONSCROLL	104
1159305462851	1	INSTRUCTIONSCROLL	106
1159305462865	1	INSTRUCTIONSCROLL	109
1159305462878	1	INSTRUCTIONSCROLL	112
1159305462891	1	INSTRUCTIONSCROLL	114
1159305462905	1	INSTRUCTIONSCROLL	117
1159305462918	1	INSTRUCTIONSCROLL	120
1159305462931	1	INSTRUCTIONSCROLL	122
1159305462945	1	INSTRUCTIONSCROLL	125
1159305462958	1	INSTRUCTIONSCROLL	128
1159305462971	1	INSTRUCTIONSCROLL	130
1159305462985	1	INSTRUCTIONSCROLL	133
1159305462998	1	INSTRUCTIONSCROLL	136
1159305464038	1	INSTRUCTIONSCROLL	137
1159305464051	1	INSTRUCTIONSCROLL	139
1159305464065	1	INSTRUCTIONSCROLL	142
1159305464078	1	INSTRUCTIONSCROLL	145
1159305464091	1	INSTRUCTIONSCROLL	147
1159305464105	1	INSTRUCTIONSCROLL	150
1159305464118	1	INSTRUCTIONSCROLL	153
1159305464131	1	INSTRUCTIONSCROLL	155
1159305464145	1	INSTRUCTIONSCROLL	158
1159305464158	1	INSTRUCTIONSCROLL	161
1159305464171	1	INSTRUCTIONSCROLL	163
1159305464185	1	INSTRUCTIONSCROLL	166
1159305464198	1	INSTRUCTIONSCROLL	169
1159305464212	1	INSTRUCTIONSCROLL	171
1159305464225	1	INSTRUCTIONSCROLL	174
1159305465425	1	INSTRUCTIONSCROLL	175
1159305465438	1	INSTRUCTIONSCROLL	177
1159305465451	1	INSTRUCTIONSCROLL	180
1159305465465	1	INSTRUCTIONSCROLL	183
1159305465478	1	INSTRUCTIONSCROLL	185
1159305465491	1	INSTRUCTIONSCROLL	188
1159305465505	1	INSTRUCTIONSCROLL	191
1159305465518	1	INSTRUCTIONSCROLL	193
1159305465532	1	INSTRUCTIONSCROLL	196
1159305465545	1	INSTRUCTIONSCROLL	199
1159305465558	1	INSTRUCTIONSCROLL	201
1159305465571	1	INSTRUCTIONSCROLL	204
1159305465585	1	INSTRUCTIONSCROLL	207
1159305465598	1	INSTRUCTIONSCROLL	209
1159305465945	1	INSTRUCTIONSCROLL	210
1159305465958	1	INSTRUCTIONSCROLL	212
1159305465972	1	INSTRUCTIONSCROLL	215
1159305465985	1	INSTRUCTIONSCROLL	218
1159305465998	1	INSTRUCTIONSCROLL	220
1159305466012	1	INSTRUCTIONSCROLL	223
1159305466025	1	INSTRUCTIONSCROLL	226
1159305466038	1	INSTRUCTIONSCROLL	228
1159305466051	1	INSTRUCTIONSCROLL	231
1159305466065	1	INSTRUCTIONSCROLL	234
1159305466078	1	INSTRUCTIONSCROLL	236
1159305466092	1	INSTRUCTIONSCROLL	239
1159305467012	1	INSTRUCTIONSCROLL	240
1159305467025	1	INSTRUCTIONSCROLL	243
1159305467038	1	INSTRUCTIONSCROLL	245
1159305467052	1	INSTRUCTIONSCROLL	248
1159305467065	1	INSTRUCTIONSCROLL	250
1159305467078	1	INSTRUCTIONSCROLL	253
1159305467091	1	INSTRUCTIONSCROLL	256
1159305467105	1	INSTRUCTIONSCROLL	258
1159305467118	1	INSTRUCTIONSCROLL	261
1159305467132	1	INSTRUCTIONSCROLL	264
1159305467145	1	INSTRUCTIONSCROLL	266
1159305467158	1	INSTRUCTIONSCROLL	269
1159305467745	1	INSTRUCTIONSCROLL	270
1159305467758	1	INSTRUCTIONSCROLL	272
1159305467772	1	INSTRUCTIONSCROLL	275
1159305467785	1	INSTRUCTIONSCROLL	278
1159305467798	1	INSTRUCTIONSCROLL	280
1159305467812	1	INSTRUCTIONSCROLL	283
1159305467825	1	INSTRUCTIONSCROLL	286
1159305467838	1	INSTRUCTIONSCROLL	289
1159305467852	1	INSTRUCTIONSCROLL	291
1159305467865	1	INSTRUCTIONSCROLL	294
1159305467878	1	INSTRUCTIONSCROLL	297
1159305468118	1	INSTRUCTIONSCROLL	298
1159305468132	1	INSTRUCTIONSCROLL	300
1159305468145	1	INSTRUCTIONSCROLL	302
1159305468158	1	INSTRUCTIONSCROLL	305
1159305468172	1	INSTRUCTIONSCROLL	308
1159305468185	1	INSTRUCTIONSCROLL	310
1159305468198	1	INSTRUCTIONSCROLL	313
1159305468212	1	INSTRUCTIONSCROLL	316
1159305468225	1	INSTRUCTIONSCROLL	318
1159305468238	1	INSTRUCTIONSCROLL	321
1159305468252	1	INSTRUCTIONSCROLL	324
1159305468371	1	INSTRUCTIONSCROLL	325
1159305468385	1	INSTRUCTIONSCROLL	327
1159305468398	1	INSTRUCTIONSCROLL	330
1159305468411	1	INSTRUCTIONSCROLL	332
1159305468425	1	INSTRUCTIONSCROLL	335
1159305468438	1	INSTRUCTIONSCROLL	338
1159305468452	1	INSTRUCTIONSCROLL	340
1159305468465	1	INSTRUCTIONSCROLL	343
1159305468478	1	INSTRUCTIONSCROLL	346
1159305468611	1	INSTRUCTIONSCROLL	347
1159305468625	1	INSTRUCTIONSCROLL	349
1159305468638	1	INSTRUCTIONSCROLL	351
1159305469025	1	INSTRUCTIONSCROLL	352
1159305469038	1	INSTRUCTIONSCROLL	353
1159305469052	1	INSTRUCTIONSCROLL	356
1159305469065	1	INSTRUCTIONSCROLL	359
1159305469078	1	INSTRUCTIONSCROLL	361
1159305469092	1	INSTRUCTIONSCROLL	364
1159305469105	1	INSTRUCTIONSCROLL	367
1159305469118	1	INSTRUCTIONSCROLL	369
1159305469132	1	INSTRUCTIONSCROLL	372
1159305469145	1	INSTRUCTIONSCROLL	375
1159305469371	1	INSTRUCTIONSCROLL	376
1159305469385	1	INSTRUCTIONSCROLL	377
1159305469398	1	INSTRUCTIONSCROLL	380
1159305469412	1	INSTRUCTIONSCROLL	382
1159305469425	1	INSTRUCTIONSCROLL	385
1159305469438	1	INSTRUCTIONSCROLL	388
1159305469452	1	INSTRUCTIONSCROLL	390
1159305469465	1	INSTRUCTIONSCROLL	393
1159305469638	1	INSTRUCTIONSCROLL	394
1159305469652	1	INSTRUCTIONSCROLL	395
1159305469665	1	INSTRUCTIONSCROLL	397
1159305469678	1	INSTRUCTIONSCROLL	400
1159305469692	1	INSTRUCTIONSCROLL	403
1159305469705	1	INSTRUCTIONSCROLL	405
1159305469718	1	INSTRUCTIONSCROLL	408
1159305469732	1	INSTRUCTIONSCROLL	411
1159305469918	1	INSTRUCTIONSCROLL	412
1159305469932	1	INSTRUCTIONSCROLL	413
1159305469945	1	INSTRUCTIONSCROLL	416
1159305469958	1	INSTRUCTIONSCROLL	418
1159305469972	1	INSTRUCTIONSCROLL	421
1159305469985	1	INSTRUCTIONSCROLL	424
1159305469998	1	INSTRUCTIONSCROLL	426
1159305470013	1	INSTRUCTIONSCROLL	429
1159305470025	1	INSTRUCTIONSCROLL	432
1159305470038	1	INSTRUCTIONSCROLL	434
1159305470052	1	INSTRUCTIONSCROLL	437
1159305471265	1	INSTRUCTIONSCROLL	438
1159305471278	1	INSTRUCTIONSCROLL	441
1159305471292	1	INSTRUCTIONSCROLL	444
1159305471305	1	INSTRUCTIONSCROLL	446
1159305471318	1	INSTRUCTIONSCROLL	449
1159305471332	1	INSTRUCTIONSCROLL	452
1159305471345	1	INSTRUCTIONSCROLL	454
1159305471358	1	INSTRUCTIONSCROLL	457
1159305471372	1	INSTRUCTIONSCROLL	460
1159305471385	1	INSTRUCTIONSCROLL	462
1159305471638	1	INSTRUCTIONSCROLL	463
1159305471652	1	INSTRUCTIONSCROLL	465
1159305471665	1	INSTRUCTIONSCROLL	468
1159305471678	1	INSTRUCTIONSCROLL	470
1159305471692	1	INSTRUCTIONSCROLL	473
1159305471705	1	INSTRUCTIONSCROLL	476
1159305471718	1	INSTRUCTIONSCROLL	478
1159305471732	1	INSTRUCTIONSCROLL	481
1159305471745	1	INSTRUCTIONSCROLL	484
1159305471758	1	INSTRUCTIONSCROLL	486
1159305471772	1	INSTRUCTIONSCROLL	489
1159305471785	1	INSTRUCTIONSCROLL	492
1159305471798	1	INSTRUCTIONSCROLL	494
1159305472078	1	INSTRUCTIONSCROLL	495
1159305472092	1	INSTRUCTIONSCROLL	496
1159305472105	1	INSTRUCTIONSCROLL	498
1159305472118	1	INSTRUCTIONSCROLL	501
1159305472132	1	INSTRUCTIONSCROLL	504
1159305472145	1	INSTRUCTIONSCROLL	506
1159305472158	1	INSTRUCTIONSCROLL	509
1159305472172	1	INSTRUCTIONSCROLL	512
1159305472185	1	INSTRUCTIONSCROLL	514
1159305472198	1	INSTRUCTIONSCROLL	517
1159305472212	1	INSTRUCTIONSCROLL	520
1159305480598	1	INSTRUCTIONSCROLL	521
1159305480612	1	INSTRUCTIONSCROLL	523
1159305480625	1	INSTRUCTIONSCROLL	525
1159305480638	1	INSTRUCTIONSCROLL	528
1159305480652	1	INSTRUCTIONSCROLL	531
1159305480665	1	INSTRUCTIONSCROLL	533
1159305480678	1	INSTRUCTIONSCROLL	536
1159305480692	1	INSTRUCTIONSCROLL	539
1159305480705	1	INSTRUCTIONSCROLL	541
1159305480718	1	INSTRUCTIONSCROLL	544
1159305480732	1	INSTRUCTIONSCROLL	547
1159305480745	1	INSTRUCTIONSCROLL	549
1159305481825	1	INSTRUCTIONSCROLL	550
1159305481838	1	INSTRUCTIONSCROLL	553
1159305481852	1	INSTRUCTIONSCROLL	556
1159305481865	1	INSTRUCTIONSCROLL	558
1159305481878	1	INSTRUCTIONSCROLL	561
1159305481892	1	INSTRUCTIONSCROLL	564
1159305481905	1	INSTRUCTIONSCROLL	566
1159305481918	1	INSTRUCTIONSCROLL	569
1159305481932	1	INSTRUCTIONSCROLL	572
1159305481945	1	INSTRUCTIONSCROLL	574
1159305481958	1	INSTRUCTIONSCROLL	577
1159305481972	1	INSTRUCTIONSCROLL	580
1159305481985	1	INSTRUCTIONSCROLL	582
1159305481998	1	INSTRUCTIONSCROLL	585
1159305482013	1	INSTRUCTIONSCROLL	588
1159305482025	1	INSTRUCTIONSCROLL	591
1159305482252	1	INSTRUCTIONSCROLL	592
1159305482265	1	INSTRUCTIONSCROLL	593
1159305482278	1	INSTRUCTIONSCROLL	595
1159305482292	1	INSTRUCTIONSCROLL	598
1159305482305	1	INSTRUCTIONSCROLL	601
1159305482318	1	INSTRUCTIONSCROLL	603
1159305482332	1	INSTRUCTIONSCROLL	606
1159305482345	1	INSTRUCTIONSCROLL	609
1159305482358	1	INSTRUCTIONSCROLL	611
1159305482372	1	INSTRUCTIONSCROLL	614
1159305482385	1	INSTRUCTIONSCROLL	617
1159305482398	1	INSTRUCTIONSCROLL	619
1159305482412	1	INSTRUCTIONSCROLL	622
1159305482425	1	INSTRUCTIONSCROLL	625
1159305482438	1	INSTRUCTIONSCROLL	627
1159305483425	1	INSTRUCTIONSCROLL	628
1159305483438	1	INSTRUCTIONSCROLL	630
1159305483452	1	INSTRUCTIONSCROLL	633
1159305483465	1	INSTRUCTIONSCROLL	636
1159305483478	1	INSTRUCTIONSCROLL	638
1159305483492	1	INSTRUCTIONSCROLL	641
1159305483505	1	INSTRUCTIONSCROLL	644
1159305483518	1	INSTRUCTIONSCROLL	646
1159305483532	1	INSTRUCTIONSCROLL	649
1159305483545	1	INSTRUCTIONSCROLL	652
1159305483558	1	INSTRUCTIONSCROLL	654
1159305483572	1	INSTRUCTIONSCROLL	657
1159305483585	1	INSTRUCTIONSCROLL	660
1159305483598	1	INSTRUCTIONSCROLL	662
1159305483612	1	INSTRUCTIONSCROLL	665
1159305485278	1	INSTRUCTIONSCROLL	666
1159305485292	1	INSTRUCTIONSCROLL	668
1159305485305	1	INSTRUCTIONSCROLL	670
1159305485318	1	INSTRUCTIONSCROLL	673
1159305485332	1	INSTRUCTIONSCROLL	676
1159305485345	1	INSTRUCTIONSCROLL	678
1159305485358	1	INSTRUCTIONSCROLL	681
1159305485372	1	INSTRUCTIONSCROLL	684
1159305485385	1	INSTRUCTIONSCROLL	686
1159305485398	1	INSTRUCTIONSCROLL	689
1159305485412	1	INSTRUCTIONSCROLL	692
1159305485425	1	INSTRUCTIONSCROLL	694
1159305485438	1	INSTRUCTIONSCROLL	697
1159305485452	1	INSTRUCTIONSCROLL	700
1159305485465	1	INSTRUCTIONSCROLL	702
1159305485478	1	INSTRUCTIONSCROLL	705
1159305486318	1	INSTRUCTIONSCROLL	706
1159305486332	1	INSTRUCTIONSCROLL	708
1159305486345	1	INSTRUCTIONSCROLL	711
1159305486358	1	INSTRUCTIONSCROLL	713
1159305486372	1	INSTRUCTIONSCROLL	716
1159305486385	1	INSTRUCTIONSCROLL	719
1159305486398	1	INSTRUCTIONSCROLL	721
1159305486412	1	INSTRUCTIONSCROLL	724
1159305487052	1	INSTRUCTIONSCROLL	725
1159305487065	1	INSTRUCTIONSCROLL	728
1159305487078	1	INSTRUCTIONSCROLL	731
1159305487092	1	INSTRUCTIONSCROLL	733
1159305487105	1	INSTRUCTIONSCROLL	736
1159305487118	1	INSTRUCTIONSCROLL	739
1159305487132	1	INSTRUCTIONSCROLL	741
1159305487145	1	INSTRUCTIONSCROLL	744
1159305487158	1	INSTRUCTIONSCROLL	747
1159305487172	1	INSTRUCTIONSCROLL	749
1159305487185	1	INSTRUCTIONSCROLL	752
1159305487198	1	INSTRUCTIONSCROLL	755
1159305488238	1	INSTRUCTIONSCROLL	756
1159305488252	1	INSTRUCTIONSCROLL	758
1159305488265	1	INSTRUCTIONSCROLL	761
1159305488278	1	INSTRUCTIONSCROLL	763
1159305488292	1	INSTRUCTIONSCROLL	766
1159305488305	1	INSTRUCTIONSCROLL	769
1159305488318	1	INSTRUCTIONSCROLL	771
1159305488332	1	INSTRUCTIONSCROLL	774
1159305488345	1	INSTRUCTIONSCROLL	777
1159305488358	1	INSTRUCTIONSCROLL	779
1159305488372	1	INSTRUCTIONSCROLL	782
1159305488385	1	INSTRUCTIONSCROLL	785
1159305488398	1	INSTRUCTIONSCROLL	787
1159305488412	1	INSTRUCTIONSCROLL	790
1159305488425	1	INSTRUCTIONSCROLL	793
1159305488438	1	INSTRUCTIONSCROLL	795
1159305488972	1	INSTRUCTIONSCROLL	796
1159305488985	1	INSTRUCTIONSCROLL	797
1159305488998	1	INSTRUCTIONSCROLL	799
1159305489013	1	INSTRUCTIONSCROLL	802
1159305489025	1	INSTRUCTIONSCROLL	805
1159305489038	1	INSTRUCTIONSCROLL	807
1159305489052	1	INSTRUCTIONSCROLL	810
1159305489065	1	INSTRUCTIONSCROLL	813
1159305489078	1	INSTRUCTIONSCROLL	815
1159305489092	1	INSTRUCTIONSCROLL	818
1159305489105	1	INSTRUCTIONSCROLL	821
1159305489118	1	INSTRUCTIONSCROLL	823
1159305489132	1	INSTRUCTIONSCROLL	826
1159305489145	1	INSTRUCTIONSCROLL	829
1159305489465	1	INSTRUCTIONSCROLL	830
1159305489478	1	INSTRUCTIONSCROLL	831
1159305489492	1	INSTRUCTIONSCROLL	834
1159305489505	1	INSTRUCTIONSCROLL	836
1159305489518	1	INSTRUCTIONSCROLL	839
1159305489532	1	INSTRUCTIONSCROLL	842
1159305489545	1	INSTRUCTIONSCROLL	844
1159305489558	1	INSTRUCTIONSCROLL	847
1159305489572	1	INSTRUCTIONSCROLL	850
1159305489585	1	INSTRUCTIONSCROLL	852
1159305489598	1	INSTRUCTIONSCROLL	855
1159305489612	1	INSTRUCTIONSCROLL	858
1159305489625	1	INSTRUCTIONSCROLL	860
1159305489638	1	INSTRUCTIONSCROLL	863
1159305489865	1	INSTRUCTIONSCROLL	864
1159305489878	1	INSTRUCTIONSCROLL	867
1159305489892	1	INSTRUCTIONSCROLL	869
1159305489905	1	INSTRUCTIONSCROLL	872
1159305489918	1	INSTRUCTIONSCROLL	875
1159305489932	1	INSTRUCTIONSCROLL	877
1159305489945	1	INSTRUCTIONSCROLL	880
1159305489958	1	INSTRUCTIONSCROLL	883
1159305489972	1	INSTRUCTIONSCROLL	885
1159305489985	1	INSTRUCTIONSCROLL	888
1159305489998	1	INSTRUCTIONSCROLL	891
1159305490013	1	INSTRUCTIONSCROLL	893
1159305490025	1	INSTRUCTIONSCROLL	896
1159305490038	1	INSTRUCTIONSCROLL	899
1159305494013	1	INSTRUCTIONSCROLL	900
1159305494025	1	INSTRUCTIONSCROLL	903
1159305494038	1	INSTRUCTIONSCROLL	905
1159305494052	1	INSTRUCTIONSCROLL	908
1159305494065	1	INSTRUCTIONSCROLL	911
1159305494078	1	INSTRUCTIONSCROLL	913
1159305494092	1	INSTRUCTIONSCROLL	916
1159305494105	1	INSTRUCTIONSCROLL	919
1159305494118	1	INSTRUCTIONSCROLL	921
1159305494132	1	INSTRUCTIONSCROLL	924
1159305494145	1	INSTRUCTIONSCROLL	927
1159305494158	1	INSTRUCTIONSCROLL	929
1159305494172	1	INSTRUCTIONSCROLL	932
1159305496385	1	INSTRUCTIONSCROLL	933
1159305496398	1	INSTRUCTIONSCROLL	936
1159305496412	1	INSTRUCTIONSCROLL	939
1159305496425	1	INSTRUCTIONSCROLL	941
1159305496438	1	INSTRUCTIONSCROLL	944
1159305496452	1	INSTRUCTIONSCROLL	947
1159305496465	1	INSTRUCTIONSCROLL	949
1159305496478	1	INSTRUCTIONSCROLL	952
1159305496492	1	INSTRUCTIONSCROLL	955
1159305496505	1	INSTRUCTIONSCROLL	957
1159305496518	1	INSTRUCTIONSCROLL	960
1159305496532	1	INSTRUCTIONSCROLL	963
1159305497425	1	INSTRUCTIONSCROLL	964
1159305497439	1	INSTRUCTIONSCROLL	967
1159305497452	1	INSTRUCTIONSCROLL	970
1159305497465	1	INSTRUCTIONSCROLL	972
1159305497479	1	INSTRUCTIONSCROLL	975
1159305497492	1	INSTRUCTIONSCROLL	978
1159305497505	1	INSTRUCTIONSCROLL	980
1159305497518	1	INSTRUCTIONSCROLL	983
1159305497532	1	INSTRUCTIONSCROLL	986
1159305497545	1	INSTRUCTIONSCROLL	988
1159305497558	1	INSTRUCTIONSCROLL	991
1159305497572	1	INSTRUCTIONSCROLL	994
1159305497585	1	INSTRUCTIONSCROLL	996
1159305497599	1	INSTRUCTIONSCROLL	999
1159305498238	1	INSTRUCTIONSCROLL	1000
1159305498252	1	INSTRUCTIONSCROLL	1001
1159305498265	1	INSTRUCTIONSCROLL	1004
1159305498279	1	INSTRUCTIONSCROLL	1006
1159305498292	1	INSTRUCTIONSCROLL	1009
1159305498305	1	INSTRUCTIONSCROLL	1012
1159305498318	1	INSTRUCTIONSCROLL	1014
1159305498332	1	INSTRUCTIONSCROLL	1017
1159305498345	1	INSTRUCTIONSCROLL	1020
1159305498358	1	INSTRUCTIONSCROLL	1022
1159305498372	1	INSTRUCTIONSCROLL	1025
1159305498385	1	INSTRUCTIONSCROLL	1028
1159305498398	1	INSTRUCTIONSCROLL	1030
1159305498412	1	INSTRUCTIONSCROLL	1033
1159305498425	1	INSTRUCTIONSCROLL	1036
1159305498958	1	INSTRUCTIONSCROLL	1037
1159305498972	1	INSTRUCTIONSCROLL	1038
1159305498985	1	INSTRUCTIONSCROLL	1041
1159305498998	1	INSTRUCTIONSCROLL	1043
1159305499013	1	INSTRUCTIONSCROLL	1046
1159305499025	1	INSTRUCTIONSCROLL	1049
1159305499038	1	INSTRUCTIONSCROLL	1051
1159305499052	1	INSTRUCTIONSCROLL	1054
1159305499065	1	INSTRUCTIONSCROLL	1057
1159305499079	1	INSTRUCTIONSCROLL	1059
1159305499092	1	INSTRUCTIONSCROLL	1062
1159305499105	1	INSTRUCTIONSCROLL	1065
1159305499119	1	INSTRUCTIONSCROLL	1067
1159305499132	1	INSTRUCTIONSCROLL	1070
1159305500705	1	INSTRUCTIONSCROLL	1071
1159305500719	1	INSTRUCTIONSCROLL	1073
1159305500732	1	INSTRUCTIONSCROLL	1076
1159305500745	1	INSTRUCTIONSCROLL	1078
1159305500759	1	INSTRUCTIONSCROLL	1081
1159305500772	1	INSTRUCTIONSCROLL	1084
1159305500785	1	INSTRUCTIONSCROLL	1086
1159305500799	1	INSTRUCTIONSCROLL	1089
1159305500812	1	INSTRUCTIONSCROLL	1092
1159305500825	1	INSTRUCTIONSCROLL	1094
1159305500839	1	INSTRUCTIONSCROLL	1097
1159305501465	1	INSTRUCTIONSCROLL	1098
1159305501479	1	INSTRUCTIONSCROLL	1101
1159305501492	1	INSTRUCTIONSCROLL	1104
1159305501505	1	INSTRUCTIONSCROLL	1107
1159305501519	1	INSTRUCTIONSCROLL	1109
1159305501532	1	INSTRUCTIONSCROLL	1112
1159305501545	1	INSTRUCTIONSCROLL	1115
1159305501559	1	INSTRUCTIONSCROLL	1117
1159305501572	1	INSTRUCTIONSCROLL	1120
1159305501585	1	INSTRUCTIONSCROLL	1123
1159305501599	1	INSTRUCTIONSCROLL	1125
1159305501612	1	INSTRUCTIONSCROLL	1128
1159305501825	1	INSTRUCTIONSCROLL	1129
1159305501839	1	INSTRUCTIONSCROLL	1130
1159305501852	1	INSTRUCTIONSCROLL	1133
1159305501865	1	INSTRUCTIONSCROLL	1135
1159305501879	1	INSTRUCTIONSCROLL	1138
1159305501892	1	INSTRUCTIONSCROLL	1141
1159305501905	1	INSTRUCTIONSCROLL	1143
1159305501919	1	INSTRUCTIONSCROLL	1146
1159305501932	1	INSTRUCTIONSCROLL	1149
1159305501945	1	INSTRUCTIONSCROLL	1151
1159305501959	1	INSTRUCTIONSCROLL	1154
1159305502159	1	INSTRUCTIONSCROLL	1155
1159305502172	1	INSTRUCTIONSCROLL	1157
1159305502185	1	INSTRUCTIONSCROLL	1160
1159305502199	1	INSTRUCTIONSCROLL	1162
1159305502212	1	INSTRUCTIONSCROLL	1165
1159305502225	1	INSTRUCTIONSCROLL	1168
1159305502239	1	INSTRUCTIONSCROLL	1170
1159305502252	1	INSTRUCTIONSCROLL	1173
1159305502265	1	INSTRUCTIONSCROLL	1176
1159305502279	1	INSTRUCTIONSCROLL	1178
1159305502492	1	INSTRUCTIONSCROLL	1179
1159305502505	1	INSTRUCTIONSCROLL	1181
1159305502519	1	INSTRUCTIONSCROLL	1184
1159305502532	1	INSTRUCTIONSCROLL	1187
1159305502545	1	INSTRUCTIONSCROLL	1189
1159305502559	1	INSTRUCTIONSCROLL	1192
1159305502572	1	INSTRUCTIONSCROLL	1195
1159305502585	1	INSTRUCTIONSCROLL	1197
1159305502732	1	INSTRUCTIONSCROLL	1198
1159305502745	1	INSTRUCTIONSCROLL	1200
1159305502759	1	INSTRUCTIONSCROLL	1202
1159305502772	1	INSTRUCTIONSCROLL	1205
1159305502785	1	INSTRUCTIONSCROLL	1208
1159305502799	1	INSTRUCTIONSCROLL	1210
1159305502919	1	INSTRUCTIONSCROLL	1211
1159305502932	1	INSTRUCTIONSCROLL	1213
1159305502945	1	INSTRUCTIONSCROLL	1215
1159305502959	1	INSTRUCTIONSCROLL	1218
1159305502972	1	INSTRUCTIONSCROLL	1221
1159305502985	1	INSTRUCTIONSCROLL	1223
1159305503092	1	INSTRUCTIONSCROLL	1224
1159305503105	1	INSTRUCTIONSCROLL	1225
1159305503119	1	INSTRUCTIONSCROLL	1228
1159305503132	1	INSTRUCTIONSCROLL	1230
1159305503145	1	INSTRUCTIONSCROLL	1233
1159305503159	1	INSTRUCTIONSCROLL	1236
1159305503199	1	INSTRUCTIONSCROLL	1237
1159305503212	1	INSTRUCTIONSCROLL	1239
1159305503225	1	INSTRUCTIONSCROLL	1241
1159305503239	1	INSTRUCTIONSCROLL	1244
1159305503252	1	INSTRUCTIONSCROLL	1247
1159305503265	1	INSTRUCTIONSCROLL	1249
1159305503279	1	INSTRUCTIONSCROLL	1252
1159305503292	1	INSTRUCTIONSCROLL	1255
1159305503305	1	INSTRUCTIONSCROLL	1257
1159305503372	1	INSTRUCTIONSCROLL	1258
1159305503385	1	INSTRUCTIONSCROLL	1261
1159305503399	1	INSTRUCTIONSCROLL	1263
1159305503412	1	INSTRUCTIONSCROLL	1266
1159305503425	1	INSTRUCTIONSCROLL	1269
1159305503439	1	INSTRUCTIONSCROLL	1271
1159305503452	1	INSTRUCTIONSCROLL	1274
1159305503465	1	INSTRUCTIONSCROLL	1277
1159305503479	1	INSTRUCTIONSCROLL	1279
1159305503492	1	INSTRUCTIONSCROLL	1282
1159305503505	1	INSTRUCTIONSCROLL	1285
1159305503519	1	INSTRUCTIONSCROLL	1287
1159305503532	1	INSTRUCTIONSCROLL	1290
1159305506052	1	INSTRUCTIONSCROLL	1291
1159305506065	1	INSTRUCTIONSCROLL	1293
1159305506079	1	INSTRUCTIONSCROLL	1295
1159305506092	1	INSTRUCTIONSCROLL	1298
1159305506105	1	INSTRUCTIONSCROLL	1301
1159305506119	1	INSTRUCTIONSCROLL	1303
1159305506132	1	INSTRUCTIONSCROLL	1306
1159305506145	1	INSTRUCTIONSCROLL	1309
1159305506159	1	INSTRUCTIONSCROLL	1311
1159305506172	1	INSTRUCTIONSCROLL	1314
1159305506185	1	INSTRUCTIONSCROLL	1317
1159305506305	1	INSTRUCTIONSCROLL	1318
1159305506319	1	INSTRUCTIONSCROLL	1321
1159305506332	1	INSTRUCTIONSCROLL	1323
1159305506345	1	INSTRUCTIONSCROLL	1326
1159305506359	1	INSTRUCTIONSCROLL	1329
1159305506372	1	INSTRUCTIONSCROLL	1331
1159305506479	1	INSTRUCTIONSCROLL	1332
1159305506492	1	INSTRUCTIONSCROLL	1333
1159305506505	1	INSTRUCTIONSCROLL	1336
1159305506519	1	INSTRUCTIONSCROLL	1338
1159305506532	1	INSTRUCTIONSCROLL	1341
1159305506545	1	INSTRUCTIONSCROLL	1344
1159305506559	1	INSTRUCTIONSCROLL	1346
1159305506679	1	INSTRUCTIONSCROLL	1347
1159305506692	1	INSTRUCTIONSCROLL	1348
1159305506705	1	INSTRUCTIONSCROLL	1351
1159305506719	1	INSTRUCTIONSCROLL	1353
1159305506732	1	INSTRUCTIONSCROLL	1356
1159305506745	1	INSTRUCTIONSCROLL	1359
1159305507212	1	INSTRUCTIONSCROLL	1360
1159305507225	1	INSTRUCTIONSCROLL	1361
1159305507239	1	INSTRUCTIONSCROLL	1364
1159305507252	1	INSTRUCTIONSCROLL	1367
1159305507265	1	INSTRUCTIONSCROLL	1369
1159305507279	1	INSTRUCTIONSCROLL	1372
1159305507292	1	INSTRUCTIONSCROLL	1375
1159305507305	1	INSTRUCTIONSCROLL	1377
1159305507465	1	INSTRUCTIONSCROLL	1378
1159305507479	1	INSTRUCTIONSCROLL	1380
1159305507492	1	INSTRUCTIONSCROLL	1382
1159305507505	1	INSTRUCTIONSCROLL	1385
1159305507519	1	INSTRUCTIONSCROLL	1388
1159305507532	1	INSTRUCTIONSCROLL	1390
1159305507545	1	INSTRUCTIONSCROLL	1393
1159305507559	1	INSTRUCTIONSCROLL	1396
1159305507572	1	INSTRUCTIONSCROLL	1398
1159305507585	1	INSTRUCTIONSCROLL	1401
1159305509759	1	INSTRUCTIONSCROLL	1402
1159305509772	1	INSTRUCTIONSCROLL	1405
1159305509785	1	INSTRUCTIONSCROLL	1408
1159305509799	1	INSTRUCTIONSCROLL	1410
1159305509812	1	INSTRUCTIONSCROLL	1413
1159305509825	1	INSTRUCTIONSCROLL	1416
1159305509839	1	INSTRUCTIONSCROLL	1418
1159305509852	1	INSTRUCTIONSCROLL	1421
1159305509865	1	INSTRUCTIONSCROLL	1424
1159305509879	1	INSTRUCTIONSCROLL	1426
1159305509892	1	INSTRUCTIONSCROLL	1429
1159305509905	1	INSTRUCTIONSCROLL	1432
1159305510639	1	INSTRUCTIONSCROLL	1433
1159305510652	1	INSTRUCTIONSCROLL	1436
1159305510665	1	INSTRUCTIONSCROLL	1438
1159305510679	1	INSTRUCTIONSCROLL	1441
1159305510692	1	INSTRUCTIONSCROLL	1444
1159305510705	1	INSTRUCTIONSCROLL	1446
1159305510719	1	INSTRUCTIONSCROLL	1449
1159305510732	1	INSTRUCTIONSCROLL	1452
1159305510745	1	INSTRUCTIONSCROLL	1454
1159305510759	1	INSTRUCTIONSCROLL	1457
1159305510772	1	INSTRUCTIONSCROLL	1460
1159305510785	1	INSTRUCTIONSCROLL	1462
1159305512052	1	INSTRUCTIONSCROLL	1463
1159305512065	1	INSTRUCTIONSCROLL	1465
1159305512079	1	INSTRUCTIONSCROLL	1468
1159305512092	1	INSTRUCTIONSCROLL	1471
1159305512105	1	INSTRUCTIONSCROLL	1473
1159305512119	1	INSTRUCTIONSCROLL	1476
1159305512132	1	INSTRUCTIONSCROLL	1479
1159305512145	1	INSTRUCTIONSCROLL	1481
1159305512159	1	INSTRUCTIONSCROLL	1484
1159305512172	1	INSTRUCTIONSCROLL	1487
1159305512185	1	INSTRUCTIONSCROLL	1489
1159305512199	1	INSTRUCTIONSCROLL	1492
1159305512212	1	INSTRUCTIONSCROLL	1495
1159305512225	1	INSTRUCTIONSCROLL	1497
1159305513505	1	INSTRUCTIONSCROLL	1498
1159305513519	1	INSTRUCTIONSCROLL	1500
1159305513532	1	INSTRUCTIONSCROLL	1503
1159305513545	1	INSTRUCTIONSCROLL	1506
1159305513559	1	INSTRUCTIONSCROLL	1509
1159305513572	1	INSTRUCTIONSCROLL	1511
1159305513585	1	INSTRUCTIONSCROLL	1514
1159305513599	1	INSTRUCTIONSCROLL	1517
1159305513612	1	INSTRUCTIONSCROLL	1519
1159305513625	1	INSTRUCTIONSCROLL	1522
1159305513639	1	INSTRUCTIONSCROLL	1525
1159305513652	1	INSTRUCTIONSCROLL	1527
1159305513665	1	INSTRUCTIONSCROLL	1530
1159305513679	1	INSTRUCTIONSCROLL	1533
1159305514825	1	INSTRUCTIONSCROLL	1534
1159305514839	1	INSTRUCTIONSCROLL	1536
1159305514852	1	INSTRUCTIONSCROLL	1538
1159305514865	1	INSTRUCTIONSCROLL	1541
1159305514879	1	INSTRUCTIONSCROLL	1544
1159305514892	1	INSTRUCTIONSCROLL	1546
1159305514905	1	INSTRUCTIONSCROLL	1549
1159305514919	1	INSTRUCTIONSCROLL	1552
1159305514932	1	INSTRUCTIONSCROLL	1554
1159305514945	1	INSTRUCTIONSCROLL	1557
1159305514959	1	INSTRUCTIONSCROLL	1560
1159305514972	1	INSTRUCTIONSCROLL	1562
1159305514985	1	INSTRUCTIONSCROLL	1565
1159305516119	1	INSTRUCTIONSCROLL	1566
1159305516132	1	INSTRUCTIONSCROLL	1567
1159305516145	1	INSTRUCTIONSCROLL	1569
1159305516159	1	INSTRUCTIONSCROLL	1572
1159305516172	1	INSTRUCTIONSCROLL	1575
1159305516185	1	INSTRUCTIONSCROLL	1577
1159305516199	1	INSTRUCTIONSCROLL	1580
1159305516212	1	INSTRUCTIONSCROLL	1583
1159305516225	1	INSTRUCTIONSCROLL	1585
1159305516239	1	INSTRUCTIONSCROLL	1588
1159305516252	1	INSTRUCTIONSCROLL	1591
1159305516265	1	INSTRUCTIONSCROLL	1593
1159305516492	1	INSTRUCTIONSCROLL	1594
1159305516505	1	INSTRUCTIONSCROLL	1595
1159305516519	1	INSTRUCTIONSCROLL	1598
1159305516532	1	INSTRUCTIONSCROLL	1601
1159305516545	1	INSTRUCTIONSCROLL	1603
1159305516559	1	INSTRUCTIONSCROLL	1606
1159305516572	1	INSTRUCTIONSCROLL	1609
1159305516585	1	INSTRUCTIONSCROLL	1611
1159305516599	1	INSTRUCTIONSCROLL	1614
1159305516612	1	INSTRUCTIONSCROLL	1617
1159305516625	1	INSTRUCTIONSCROLL	1619
1159305516785	1	INSTRUCTIONSCROLL	1620
1159305516799	1	INSTRUCTIONSCROLL	1622
1159305516812	1	INSTRUCTIONSCROLL	1624
1159305516825	1	INSTRUCTIONSCROLL	1627
1159305516839	1	INSTRUCTIONSCROLL	1630
1159305516852	1	INSTRUCTIONSCROLL	1632
1159305516865	1	INSTRUCTIONSCROLL	1635
1159305516985	1	INSTRUCTIONSCROLL	1636
1159305516999	1	INSTRUCTIONSCROLL	1639
1159305517013	1	INSTRUCTIONSCROLL	1641
1159305517025	1	INSTRUCTIONSCROLL	1644
1159305517039	1	INSTRUCTIONSCROLL	1647
1159305517172	1	INSTRUCTIONSCROLL	1648
1159305517185	1	INSTRUCTIONSCROLL	1650
1159305517199	1	INSTRUCTIONSCROLL	1653
1159305517212	1	INSTRUCTIONSCROLL	1656
1159305517225	1	INSTRUCTIONSCROLL	1658
1159305517239	1	INSTRUCTIONSCROLL	1661
1159305517252	1	INSTRUCTIONSCROLL	1664
1159305517399	1	INSTRUCTIONSCROLL	1665
1159305517412	1	INSTRUCTIONSCROLL	1666
1159305517425	1	INSTRUCTIONSCROLL	1669
1159305517439	1	INSTRUCTIONSCROLL	1672
1159305517452	1	INSTRUCTIONSCROLL	1674
1159305517559	1	INSTRUCTIONSCROLL	1675
1159305517572	1	INSTRUCTIONSCROLL	1676
1159305517585	1	INSTRUCTIONSCROLL	1679
1159305517599	1	INSTRUCTIONSCROLL	1681
1159305517612	1	INSTRUCTIONSCROLL	1684
1159305517625	1	INSTRUCTIONSCROLL	1687
1159305517639	1	INSTRUCTIONSCROLL	1689
1159305517679	1	INSTRUCTIONSCROLL	1690
1159305517692	1	INSTRUCTIONSCROLL	1691
1159305517705	1	INSTRUCTIONSCROLL	1694
1159305517719	1	INSTRUCTIONSCROLL	1697
1159305517732	1	INSTRUCTIONSCROLL	1699
1159305517745	1	INSTRUCTIONSCROLL	1702
1159305517759	1	INSTRUCTIONSCROLL	1705
1159305517772	1	INSTRUCTIONSCROLL	1707
1159305517785	1	INSTRUCTIONSCROLL	1710
1159305517825	1	INSTRUCTIONSCROLL	1711
1159305517839	1	INSTRUCTIONSCROLL	1713
1159305517852	1	INSTRUCTIONSCROLL	1716
1159305517865	1	INSTRUCTIONSCROLL	1719
1159305517879	1	INSTRUCTIONSCROLL	1721
1159305517892	1	INSTRUCTIONSCROLL	1724
1159305517905	1	INSTRUCTIONSCROLL	1727
1159305517919	1	INSTRUCTIONSCROLL	1729
1159305517932	1	INSTRUCTIONSCROLL	1732
1159305517945	1	INSTRUCTIONSCROLL	1735
1159305517959	1	INSTRUCTIONSCROLL	1737
1159305517972	1	INSTRUCTIONSCROLL	1740
1159305556879	1	INSTRUCTIONSTOP	Button set (OR)
1159305556883	0	E	Logging Ends
