1169072341272	0	B	Logging Begins
1169072341272	0	INSTRUCTIONSTART	JointRoller	/Library/Frameworks/Python.framework/Versions/2.4/lib/python2.4/site-packages/pyepl/resources/vera.ttf	64	(0, 0, 0)	'In the following experiment, your memory for associating names with faces will be tested.  The task is difficult and requires concentration, so if you need a break at any time let the experimener know.\n\nSixteen faces will be presented on the screen, consecutively, accompanied by their names.  A woman\'s voice will also speak the name when the face appears on the screen.  After five seconds, the face will disappear from the screen, a star (*) will flash on the screen for one second, and then the next face and name will appear.\n\nAfter you have seen all sixteen faces and names, you will be prompted to press any key in order to move on to a testing period.  During each trial of the testing period, you will see a face with name underneath it.  You will have to decide whether or not the name is paired with the appropriate face.  \n\nYou will respond on the keyboard, with a confidence judgment between 1 and 6.  A judgment of 1 indicates that you are near certain that the name given is incorrectly paired with the face, a judgment of 2 indicates moderate confidence, and a judgment of 3 indicates that you think the name is incorrectly paired with the face, but are quite unsure.  A judgment of 6 indicates that you are near certain that the name given is correctly paired with the face, a judgment of 5 indicates moderate confidence, and a judgment of 4 indicates that you think the name is correctly paired with the face, but are quite unsure.\n\nYou should rest your fingers on the bottom row of the keyboard.  "Z", "X", and  "C" will correspond to confidence judgments of 1, 2, and 3, respectively.  ",", ".", and "/" will correspond to confidence judgments of 4, 5, and 6, respectively.\n\nAfter five seconds the name and face will disappear from the screen, a star will flash on the screen for one second, and then the next name and face pair will appear on the screen.  You will see sixteen name-face pairs per test period.  You should try to reply as quickly and accurately as you can.\n\nThere will be ten study periods and ten test periods, alternating.  Each face will have the same name over the entire course of the half, so your task is to try and learn the faces\' names as quickly and accurately as possible.\n\nDo you have any questions?\n\nPress <ENTER> to continue.\n'
1169072341349	1	INSTRUCTIONSCROLL	0
1169072352896	1	INSTRUCTIONSCROLL	1
1169072352912	1	INSTRUCTIONSCROLL	4
1169072352929	1	INSTRUCTIONSCROLL	7
1169072352945	1	INSTRUCTIONSCROLL	10
1169072352962	1	INSTRUCTIONSCROLL	14
1169072353230	1	INSTRUCTIONSCROLL	15
1169072353246	1	INSTRUCTIONSCROLL	19
1169072353263	1	INSTRUCTIONSCROLL	22
1169072353280	1	INSTRUCTIONSCROLL	25
1169072353296	1	INSTRUCTIONSCROLL	29
1169072353579	1	INSTRUCTIONSCROLL	30
1169072353595	1	INSTRUCTIONSCROLL	34
1169072353612	1	INSTRUCTIONSCROLL	37
1169072353629	1	INSTRUCTIONSCROLL	40
1169072353645	1	INSTRUCTIONSCROLL	44
1169072353812	1	INSTRUCTIONSCROLL	45
1169072353829	1	INSTRUCTIONSCROLL	46
1169072353845	1	INSTRUCTIONSCROLL	49
1169072353862	1	INSTRUCTIONSCROLL	52
1169072353879	1	INSTRUCTIONSCROLL	56
1169072354129	1	INSTRUCTIONSCROLL	57
1169072354146	1	INSTRUCTIONSCROLL	60
1169072354163	1	INSTRUCTIONSCROLL	63
1169072356494	1	INSTRUCTIONSCROLL	64
1169072356511	1	INSTRUCTIONSCROLL	67
1169072356528	1	INSTRUCTIONSCROLL	71
1169072356544	1	INSTRUCTIONSCROLL	74
1169072356561	1	INSTRUCTIONSCROLL	77
1169072356578	1	INSTRUCTIONSCROLL	81
1169072356594	1	INSTRUCTIONSCROLL	84
1169072356611	1	INSTRUCTIONSCROLL	87
1169072356628	1	INSTRUCTIONSCROLL	91
1169072356644	1	INSTRUCTIONSCROLL	94
1169072356661	1	INSTRUCTIONSCROLL	97
1169072356678	1	INSTRUCTIONSCROLL	101
1169072356694	1	INSTRUCTIONSCROLL	104
1169072356711	1	INSTRUCTIONSCROLL	107
1169072356728	1	INSTRUCTIONSCROLL	111
1169072356744	1	INSTRUCTIONSCROLL	114
1169072356761	1	INSTRUCTIONSCROLL	117
1169072356778	1	INSTRUCTIONSCROLL	121
1169072356794	1	INSTRUCTIONSCROLL	124
1169072356811	1	INSTRUCTIONSCROLL	127
1169072356828	1	INSTRUCTIONSCROLL	131
1169072356844	1	INSTRUCTIONSCROLL	134
1169072356861	1	INSTRUCTIONSCROLL	137
1169072356878	1	INSTRUCTIONSCROLL	141
1169072356894	1	INSTRUCTIONSCROLL	144
1169072356911	1	INSTRUCTIONSCROLL	147
1169072356928	1	INSTRUCTIONSCROLL	151
1169072356944	1	INSTRUCTIONSCROLL	154
1169072356961	1	INSTRUCTIONSCROLL	157
1169072356978	1	INSTRUCTIONSCROLL	161
1169072356994	1	INSTRUCTIONSCROLL	164
1169072357012	1	INSTRUCTIONSCROLL	167
1169072357029	1	INSTRUCTIONSCROLL	171
1169072357045	1	INSTRUCTIONSCROLL	174
1169072357062	1	INSTRUCTIONSCROLL	178
1169072357079	1	INSTRUCTIONSCROLL	181
1169072357095	1	INSTRUCTIONSCROLL	184
1169072357112	1	INSTRUCTIONSCROLL	188
1169072357128	1	INSTRUCTIONSCROLL	191
1169072357145	1	INSTRUCTIONSCROLL	194
1169072357162	1	INSTRUCTIONSCROLL	197
1169072357178	1	INSTRUCTIONSCROLL	201
1169072357195	1	INSTRUCTIONSCROLL	204
1169072357212	1	INSTRUCTIONSCROLL	208
1169072357229	1	INSTRUCTIONSCROLL	211
1169072357245	1	INSTRUCTIONSCROLL	214
1169072357262	1	INSTRUCTIONSCROLL	218
1169072357278	1	INSTRUCTIONSCROLL	221
1169072357295	1	INSTRUCTIONSCROLL	224
1169072357311	1	INSTRUCTIONSCROLL	227
1169072357327	1	INSTRUCTIONSCROLL	231
1169072357344	1	INSTRUCTIONSCROLL	234
1169072357361	1	INSTRUCTIONSCROLL	237
1169072357377	1	INSTRUCTIONSCROLL	241
1169072357394	1	INSTRUCTIONSCROLL	244
1169072357411	1	INSTRUCTIONSCROLL	247
1169072357427	1	INSTRUCTIONSCROLL	251
1169072357444	1	INSTRUCTIONSCROLL	254
1169072357461	1	INSTRUCTIONSCROLL	257
1169072357477	1	INSTRUCTIONSCROLL	261
1169072357494	1	INSTRUCTIONSCROLL	264
1169072357511	1	INSTRUCTIONSCROLL	267
1169072357527	1	INSTRUCTIONSCROLL	271
1169072357544	1	INSTRUCTIONSCROLL	274
1169072357561	1	INSTRUCTIONSCROLL	277
1169072357577	1	INSTRUCTIONSCROLL	280
1169072357594	1	INSTRUCTIONSCROLL	284
1169072357611	1	INSTRUCTIONSCROLL	287
1169072357627	1	INSTRUCTIONSCROLL	291
1169072357644	1	INSTRUCTIONSCROLL	294
1169072357661	1	INSTRUCTIONSCROLL	297
1169072357677	1	INSTRUCTIONSCROLL	301
1169072357694	1	INSTRUCTIONSCROLL	304
1169072357711	1	INSTRUCTIONSCROLL	307
1169072357727	1	INSTRUCTIONSCROLL	310
1169072357744	1	INSTRUCTIONSCROLL	314
1169072357761	1	INSTRUCTIONSCROLL	317
1169072357777	1	INSTRUCTIONSCROLL	320
1169072357794	1	INSTRUCTIONSCROLL	324
1169072357811	1	INSTRUCTIONSCROLL	327
1169072357827	1	INSTRUCTIONSCROLL	330
1169072357844	1	INSTRUCTIONSCROLL	334
1169072357861	1	INSTRUCTIONSCROLL	337
1169072357877	1	INSTRUCTIONSCROLL	340
1169072357894	1	INSTRUCTIONSCROLL	344
1169072357911	1	INSTRUCTIONSCROLL	347
1169072357927	1	INSTRUCTIONSCROLL	350
1169072357944	1	INSTRUCTIONSCROLL	354
1169072357961	1	INSTRUCTIONSCROLL	357
1169072357977	1	INSTRUCTIONSCROLL	360
1169072357994	1	INSTRUCTIONSCROLL	364
1169072358012	1	INSTRUCTIONSCROLL	367
1169072358028	1	INSTRUCTIONSCROLL	371
1169072358045	1	INSTRUCTIONSCROLL	374
1169072358062	1	INSTRUCTIONSCROLL	377
1169072358078	1	INSTRUCTIONSCROLL	381
1169072358095	1	INSTRUCTIONSCROLL	384
1169072358112	1	INSTRUCTIONSCROLL	387
1169072358128	1	INSTRUCTIONSCROLL	391
1169072358145	1	INSTRUCTIONSCROLL	394
1169072358161	1	INSTRUCTIONSCROLL	397
1169072358178	1	INSTRUCTIONSCROLL	401
1169072358195	1	INSTRUCTIONSCROLL	404
1169072358212	1	INSTRUCTIONSCROLL	407
1169072358228	1	INSTRUCTIONSCROLL	411
1169072358245	1	INSTRUCTIONSCROLL	414
1169072358261	1	INSTRUCTIONSCROLL	417
1169072358278	1	INSTRUCTIONSCROLL	421
1169072358295	1	INSTRUCTIONSCROLL	424
1169072358311	1	INSTRUCTIONSCROLL	427
1169072358327	1	INSTRUCTIONSCROLL	430
1169072358344	1	INSTRUCTIONSCROLL	434
1169072358361	1	INSTRUCTIONSCROLL	437
1169072358377	1	INSTRUCTIONSCROLL	440
1169072358394	1	INSTRUCTIONSCROLL	444
1169072358410	1	INSTRUCTIONSCROLL	447
1169072358427	1	INSTRUCTIONSCROLL	450
1169072358444	1	INSTRUCTIONSCROLL	454
1169072368807	1	INSTRUCTIONSCROLL	455
1169072368824	1	INSTRUCTIONSCROLL	458
1169072368840	1	INSTRUCTIONSCROLL	461
1169072368857	1	INSTRUCTIONSCROLL	465
1169072368874	1	INSTRUCTIONSCROLL	468
1169072368890	1	INSTRUCTIONSCROLL	471
1169072368907	1	INSTRUCTIONSCROLL	475
1169072368924	1	INSTRUCTIONSCROLL	478
1169072368940	1	INSTRUCTIONSCROLL	481
1169072368957	1	INSTRUCTIONSCROLL	485
1169072368974	1	INSTRUCTIONSCROLL	488
1169072368990	1	INSTRUCTIONSCROLL	491
1169072369008	1	INSTRUCTIONSCROLL	495
1169072369025	1	INSTRUCTIONSCROLL	498
1169072369041	1	INSTRUCTIONSCROLL	501
1169072369058	1	INSTRUCTIONSCROLL	505
1169072369075	1	INSTRUCTIONSCROLL	508
1169072369091	1	INSTRUCTIONSCROLL	511
1169072369108	1	INSTRUCTIONSCROLL	515
1169072369125	1	INSTRUCTIONSCROLL	518
1169072369141	1	INSTRUCTIONSCROLL	521
1169072369158	1	INSTRUCTIONSCROLL	525
1169072369175	1	INSTRUCTIONSCROLL	528
1169072369191	1	INSTRUCTIONSCROLL	531
1169072369208	1	INSTRUCTIONSCROLL	535
1169072369225	1	INSTRUCTIONSCROLL	538
1169072369241	1	INSTRUCTIONSCROLL	541
1169072369258	1	INSTRUCTIONSCROLL	545
1169072369275	1	INSTRUCTIONSCROLL	548
1169072369291	1	INSTRUCTIONSCROLL	551
1169072369308	1	INSTRUCTIONSCROLL	555
1169072369324	1	INSTRUCTIONSCROLL	558
1169072369340	1	INSTRUCTIONSCROLL	561
1169072369357	1	INSTRUCTIONSCROLL	565
1169072369374	1	INSTRUCTIONSCROLL	568
1169072369390	1	INSTRUCTIONSCROLL	571
1169072369407	1	INSTRUCTIONSCROLL	575
1169072369424	1	INSTRUCTIONSCROLL	578
1169072369440	1	INSTRUCTIONSCROLL	581
1169072369457	1	INSTRUCTIONSCROLL	585
1169072369474	1	INSTRUCTIONSCROLL	588
1169072369490	1	INSTRUCTIONSCROLL	591
1169072369507	1	INSTRUCTIONSCROLL	595
1169072369524	1	INSTRUCTIONSCROLL	598
1169072369540	1	INSTRUCTIONSCROLL	601
1169072369557	1	INSTRUCTIONSCROLL	604
1169072369574	1	INSTRUCTIONSCROLL	608
1169072369590	1	INSTRUCTIONSCROLL	611
1169072369607	1	INSTRUCTIONSCROLL	615
1169072369624	1	INSTRUCTIONSCROLL	618
1169072369640	1	INSTRUCTIONSCROLL	621
1169072369657	1	INSTRUCTIONSCROLL	624
1169072369673	1	INSTRUCTIONSCROLL	628
1169072369690	1	INSTRUCTIONSCROLL	631
1169072369707	1	INSTRUCTIONSCROLL	635
1169072369723	1	INSTRUCTIONSCROLL	638
1169072369740	1	INSTRUCTIONSCROLL	641
1169072369757	1	INSTRUCTIONSCROLL	645
1169072369773	1	INSTRUCTIONSCROLL	648
1169072369790	1	INSTRUCTIONSCROLL	651
1169072369807	1	INSTRUCTIONSCROLL	655
1169072369823	1	INSTRUCTIONSCROLL	658
1169072369840	1	INSTRUCTIONSCROLL	661
1169072369857	1	INSTRUCTIONSCROLL	664
1169072369873	1	INSTRUCTIONSCROLL	668
1169072369890	1	INSTRUCTIONSCROLL	671
1169072369907	1	INSTRUCTIONSCROLL	675
1169072369923	1	INSTRUCTIONSCROLL	678
1169072369940	1	INSTRUCTIONSCROLL	681
1169072369957	1	INSTRUCTIONSCROLL	684
1169072369973	1	INSTRUCTIONSCROLL	688
1169072369990	1	INSTRUCTIONSCROLL	691
1169072370008	1	INSTRUCTIONSCROLL	695
1169072370024	1	INSTRUCTIONSCROLL	698
1169072370041	1	INSTRUCTIONSCROLL	701
1169072370058	1	INSTRUCTIONSCROLL	705
1169072370074	1	INSTRUCTIONSCROLL	708
1169072370091	1	INSTRUCTIONSCROLL	711
1169072370108	1	INSTRUCTIONSCROLL	715
1169072370124	1	INSTRUCTIONSCROLL	718
1169072370141	1	INSTRUCTIONSCROLL	721
1169072370158	1	INSTRUCTIONSCROLL	725
1169072370174	1	INSTRUCTIONSCROLL	728
1169072370191	1	INSTRUCTIONSCROLL	731
1169072370208	1	INSTRUCTIONSCROLL	735
1169072370224	1	INSTRUCTIONSCROLL	738
1169072370241	1	INSTRUCTIONSCROLL	741
1169072370258	1	INSTRUCTIONSCROLL	745
1169072370274	1	INSTRUCTIONSCROLL	748
1169072370291	1	INSTRUCTIONSCROLL	751
1169072370308	1	INSTRUCTIONSCROLL	755
1169072370323	1	INSTRUCTIONSCROLL	758
1169072370340	1	INSTRUCTIONSCROLL	761
1169072370357	1	INSTRUCTIONSCROLL	765
1169072370373	1	INSTRUCTIONSCROLL	768
1169072370390	1	INSTRUCTIONSCROLL	771
1169072370407	1	INSTRUCTIONSCROLL	774
1169072370423	1	INSTRUCTIONSCROLL	778
1169072370441	1	INSTRUCTIONSCROLL	781
1169072370457	1	INSTRUCTIONSCROLL	785
1169072370473	1	INSTRUCTIONSCROLL	788
1169072370490	1	INSTRUCTIONSCROLL	791
1169072370507	1	INSTRUCTIONSCROLL	795
1169072370523	1	INSTRUCTIONSCROLL	798
1169072370540	1	INSTRUCTIONSCROLL	801
1169072370557	1	INSTRUCTIONSCROLL	804
1169072370573	1	INSTRUCTIONSCROLL	808
1169072370590	1	INSTRUCTIONSCROLL	811
1169072370607	1	INSTRUCTIONSCROLL	814
1169072370623	1	INSTRUCTIONSCROLL	818
1169072370640	1	INSTRUCTIONSCROLL	821
1169072370657	1	INSTRUCTIONSCROLL	825
1169072370673	1	INSTRUCTIONSCROLL	828
1169072370690	1	INSTRUCTIONSCROLL	831
1169072370706	1	INSTRUCTIONSCROLL	834
1169072370723	1	INSTRUCTIONSCROLL	838
1169072370740	1	INSTRUCTIONSCROLL	841
1169072370760	1	INSTRUCTIONSCROLL	844
1169072370773	1	INSTRUCTIONSCROLL	849
1169072370790	1	INSTRUCTIONSCROLL	851
1169072370806	1	INSTRUCTIONSCROLL	854
1169072370823	1	INSTRUCTIONSCROLL	858
1169072370840	1	INSTRUCTIONSCROLL	861
1169072370856	1	INSTRUCTIONSCROLL	864
1169072370873	1	INSTRUCTIONSCROLL	868
1169072370890	1	INSTRUCTIONSCROLL	871
1169072370906	1	INSTRUCTIONSCROLL	874
1169072370923	1	INSTRUCTIONSCROLL	878
1169072370940	1	INSTRUCTIONSCROLL	881
1169072370956	1	INSTRUCTIONSCROLL	884
1169072370973	1	INSTRUCTIONSCROLL	888
1169072370990	1	INSTRUCTIONSCROLL	891
1169072371007	1	INSTRUCTIONSCROLL	894
1169072371024	1	INSTRUCTIONSCROLL	898
1169072371041	1	INSTRUCTIONSCROLL	901
1169072371057	1	INSTRUCTIONSCROLL	905
1169072371074	1	INSTRUCTIONSCROLL	908
1169072371091	1	INSTRUCTIONSCROLL	911
1169072371107	1	INSTRUCTIONSCROLL	915
1169072371124	1	INSTRUCTIONSCROLL	918
1169072371141	1	INSTRUCTIONSCROLL	921
1169072371157	1	INSTRUCTIONSCROLL	925
1169072371174	1	INSTRUCTIONSCROLL	928
1169072371191	1	INSTRUCTIONSCROLL	931
1169072371207	1	INSTRUCTIONSCROLL	935
1169072371224	1	INSTRUCTIONSCROLL	938
1169072371241	1	INSTRUCTIONSCROLL	941
1169072371257	1	INSTRUCTIONSCROLL	945
1169072371274	1	INSTRUCTIONSCROLL	948
1169072371291	1	INSTRUCTIONSCROLL	951
1169072371307	1	INSTRUCTIONSCROLL	955
1169072371323	1	INSTRUCTIONSCROLL	958
1169072371340	1	INSTRUCTIONSCROLL	961
1169072371356	1	INSTRUCTIONSCROLL	964
1169072371373	1	INSTRUCTIONSCROLL	968
1169072371390	1	INSTRUCTIONSCROLL	971
1169072371406	1	INSTRUCTIONSCROLL	974
1169072371423	1	INSTRUCTIONSCROLL	978
1169072371440	1	INSTRUCTIONSCROLL	981
1169072371456	1	INSTRUCTIONSCROLL	984
1169072371473	1	INSTRUCTIONSCROLL	988
1169072371490	1	INSTRUCTIONSCROLL	991
1169072371506	1	INSTRUCTIONSCROLL	994
1169072371523	1	INSTRUCTIONSCROLL	998
1169072371540	1	INSTRUCTIONSCROLL	1001
1169072371556	1	INSTRUCTIONSCROLL	1004
1169072371573	1	INSTRUCTIONSCROLL	1008
1169072371590	1	INSTRUCTIONSCROLL	1011
1169072371606	1	INSTRUCTIONSCROLL	1014
1169072371623	1	INSTRUCTIONSCROLL	1018
1169072371640	1	INSTRUCTIONSCROLL	1021
1169072371656	1	INSTRUCTIONSCROLL	1024
1169072371673	1	INSTRUCTIONSCROLL	1028
1169072371690	1	INSTRUCTIONSCROLL	1031
1169072371706	1	INSTRUCTIONSCROLL	1034
1169072371723	1	INSTRUCTIONSCROLL	1038
1169072371739	1	INSTRUCTIONSCROLL	1041
1169072371756	1	INSTRUCTIONSCROLL	1044
1169072371773	1	INSTRUCTIONSCROLL	1048
1169072371789	1	INSTRUCTIONSCROLL	1051
1169072371806	1	INSTRUCTIONSCROLL	1055
1169072371823	1	INSTRUCTIONSCROLL	1058
1169072371839	1	INSTRUCTIONSCROLL	1061
1169072371856	1	INSTRUCTIONSCROLL	1065
1169072371873	1	INSTRUCTIONSCROLL	1068
1169072371889	1	INSTRUCTIONSCROLL	1071
1169072371906	1	INSTRUCTIONSCROLL	1075
1169072371923	1	INSTRUCTIONSCROLL	1078
1169072371939	1	INSTRUCTIONSCROLL	1081
1169072371956	1	INSTRUCTIONSCROLL	1085
1169072371973	1	INSTRUCTIONSCROLL	1088
1169072371989	1	INSTRUCTIONSCROLL	1091
1169072372007	1	INSTRUCTIONSCROLL	1095
1169072372024	1	INSTRUCTIONSCROLL	1098
1169072372040	1	INSTRUCTIONSCROLL	1101
1169072372057	1	INSTRUCTIONSCROLL	1105
1169072372074	1	INSTRUCTIONSCROLL	1108
1169072372090	1	INSTRUCTIONSCROLL	1111
1169072372107	1	INSTRUCTIONSCROLL	1115
1169072372124	1	INSTRUCTIONSCROLL	1118
1169072372140	1	INSTRUCTIONSCROLL	1121
1169072372157	1	INSTRUCTIONSCROLL	1125
1169072372174	1	INSTRUCTIONSCROLL	1128
1169072372190	1	INSTRUCTIONSCROLL	1132
1169072372207	1	INSTRUCTIONSCROLL	1135
1169072372224	1	INSTRUCTIONSCROLL	1138
1169072372240	1	INSTRUCTIONSCROLL	1141
1169072372257	1	INSTRUCTIONSCROLL	1145
1169072372274	1	INSTRUCTIONSCROLL	1148
1169072372290	1	INSTRUCTIONSCROLL	1151
1169072372307	1	INSTRUCTIONSCROLL	1155
1169072372323	1	INSTRUCTIONSCROLL	1158
1169072372339	1	INSTRUCTIONSCROLL	1161
1169072372356	1	INSTRUCTIONSCROLL	1165
1169072372373	1	INSTRUCTIONSCROLL	1168
1169072372389	1	INSTRUCTIONSCROLL	1171
1169072372406	1	INSTRUCTIONSCROLL	1175
1169072372423	1	INSTRUCTIONSCROLL	1178
1169072372439	1	INSTRUCTIONSCROLL	1181
1169072372456	1	INSTRUCTIONSCROLL	1185
1169072372473	1	INSTRUCTIONSCROLL	1188
1169072372489	1	INSTRUCTIONSCROLL	1191
1169072372506	1	INSTRUCTIONSCROLL	1195
1169072372523	1	INSTRUCTIONSCROLL	1198
1169072372539	1	INSTRUCTIONSCROLL	1201
1169072372556	1	INSTRUCTIONSCROLL	1205
1169072372573	1	INSTRUCTIONSCROLL	1208
1169072372589	1	INSTRUCTIONSCROLL	1211
1169072372606	1	INSTRUCTIONSCROLL	1215
1169072372623	1	INSTRUCTIONSCROLL	1218
1169072372639	1	INSTRUCTIONSCROLL	1221
1169072372656	1	INSTRUCTIONSCROLL	1225
1169072372673	1	INSTRUCTIONSCROLL	1228
1169072372689	1	INSTRUCTIONSCROLL	1231
1169072372706	1	INSTRUCTIONSCROLL	1235
1169072372723	1	INSTRUCTIONSCROLL	1238
1169072372739	1	INSTRUCTIONSCROLL	1241
1169072372756	1	INSTRUCTIONSCROLL	1245
1169072372772	1	INSTRUCTIONSCROLL	1248
1169072372789	1	INSTRUCTIONSCROLL	1251
1169072372806	1	INSTRUCTIONSCROLL	1255
1169072372822	1	INSTRUCTIONSCROLL	1258
1169072372839	1	INSTRUCTIONSCROLL	1261
1169072372856	1	INSTRUCTIONSCROLL	1265
1169072372872	1	INSTRUCTIONSCROLL	1268
1169072372889	1	INSTRUCTIONSCROLL	1271
1169072372906	1	INSTRUCTIONSCROLL	1275
1169072372922	1	INSTRUCTIONSCROLL	1278
1169072372939	1	INSTRUCTIONSCROLL	1281
1169072372956	1	INSTRUCTIONSCROLL	1284
1169072372972	1	INSTRUCTIONSCROLL	1288
1169072372989	1	INSTRUCTIONSCROLL	1291
1169072373007	1	INSTRUCTIONSCROLL	1295
1169072373023	1	INSTRUCTIONSCROLL	1298
1169072373040	1	INSTRUCTIONSCROLL	1301
1169072373057	1	INSTRUCTIONSCROLL	1305
1169072373073	1	INSTRUCTIONSCROLL	1308
1169072373090	1	INSTRUCTIONSCROLL	1311
1169072373107	1	INSTRUCTIONSCROLL	1315
1169072373123	1	INSTRUCTIONSCROLL	1318
1169072373140	1	INSTRUCTIONSCROLL	1321
1169072373157	1	INSTRUCTIONSCROLL	1325
1169072373173	1	INSTRUCTIONSCROLL	1328
1169072373190	1	INSTRUCTIONSCROLL	1331
1169072373207	1	INSTRUCTIONSCROLL	1335
1169072373223	1	INSTRUCTIONSCROLL	1338
1169072373240	1	INSTRUCTIONSCROLL	1341
1169072373257	1	INSTRUCTIONSCROLL	1345
1169072373273	1	INSTRUCTIONSCROLL	1348
1169072373290	1	INSTRUCTIONSCROLL	1351
1169072373307	1	INSTRUCTIONSCROLL	1355
1169072373322	1	INSTRUCTIONSCROLL	1358
1169072373339	1	INSTRUCTIONSCROLL	1361
1169072373356	1	INSTRUCTIONSCROLL	1365
1169072373372	1	INSTRUCTIONSCROLL	1368
1169072373389	1	INSTRUCTIONSCROLL	1371
1169072373406	1	INSTRUCTIONSCROLL	1374
1169072373422	1	INSTRUCTIONSCROLL	1378
1169072373439	1	INSTRUCTIONSCROLL	1381
1169072373456	1	INSTRUCTIONSCROLL	1385
1169072373472	1	INSTRUCTIONSCROLL	1388
1169072373489	1	INSTRUCTIONSCROLL	1391
1169072373506	1	INSTRUCTIONSCROLL	1395
1169072373522	1	INSTRUCTIONSCROLL	1398
1169072383636	1	INSTRUCTIONSCROLL	1399
1169072383652	1	INSTRUCTIONSCROLL	1401
1169072383669	1	INSTRUCTIONSCROLL	1405
1169072383686	1	INSTRUCTIONSCROLL	1408
1169072383702	1	INSTRUCTIONSCROLL	1411
1169072383719	1	INSTRUCTIONSCROLL	1415
1169072383736	1	INSTRUCTIONSCROLL	1418
1169072383752	1	INSTRUCTIONSCROLL	1421
1169072383769	1	INSTRUCTIONSCROLL	1425
1169072383786	1	INSTRUCTIONSCROLL	1428
1169072383802	1	INSTRUCTIONSCROLL	1431
1169072383819	1	INSTRUCTIONSCROLL	1435
1169072383836	1	INSTRUCTIONSCROLL	1438
1169072383852	1	INSTRUCTIONSCROLL	1441
1169072383869	1	INSTRUCTIONSCROLL	1445
1169072383885	1	INSTRUCTIONSCROLL	1448
1169072383902	1	INSTRUCTIONSCROLL	1451
1169072383919	1	INSTRUCTIONSCROLL	1455
1169072383935	1	INSTRUCTIONSCROLL	1458
1169072383952	1	INSTRUCTIONSCROLL	1461
1169072383969	1	INSTRUCTIONSCROLL	1465
1169072383986	1	INSTRUCTIONSCROLL	1468
1169072384003	1	INSTRUCTIONSCROLL	1471
1169072384020	1	INSTRUCTIONSCROLL	1475
1169072384036	1	INSTRUCTIONSCROLL	1478
1169072384053	1	INSTRUCTIONSCROLL	1482
1169072384070	1	INSTRUCTIONSCROLL	1485
1169072384086	1	INSTRUCTIONSCROLL	1488
1169072384103	1	INSTRUCTIONSCROLL	1492
1169072384120	1	INSTRUCTIONSCROLL	1495
1169072384136	1	INSTRUCTIONSCROLL	1498
1169072384153	1	INSTRUCTIONSCROLL	1502
1169072384170	1	INSTRUCTIONSCROLL	1505
1169072384186	1	INSTRUCTIONSCROLL	1508
1169072384203	1	INSTRUCTIONSCROLL	1512
1169072384220	1	INSTRUCTIONSCROLL	1515
1169072384236	1	INSTRUCTIONSCROLL	1518
1169072384253	1	INSTRUCTIONSCROLL	1522
1169072384270	1	INSTRUCTIONSCROLL	1525
1169072384286	1	INSTRUCTIONSCROLL	1528
1169072384303	1	INSTRUCTIONSCROLL	1532
1169072384319	1	INSTRUCTIONSCROLL	1535
1169072384335	1	INSTRUCTIONSCROLL	1538
1169072384352	1	INSTRUCTIONSCROLL	1541
1169072384369	1	INSTRUCTIONSCROLL	1545
1169072384385	1	INSTRUCTIONSCROLL	1548
1169072384402	1	INSTRUCTIONSCROLL	1551
1169072384419	1	INSTRUCTIONSCROLL	1555
1169072384436	1	INSTRUCTIONSCROLL	1558
1169072384452	1	INSTRUCTIONSCROLL	1562
1169072384469	1	INSTRUCTIONSCROLL	1565
1169072384485	1	INSTRUCTIONSCROLL	1568
1169072384502	1	INSTRUCTIONSCROLL	1571
1169072384519	1	INSTRUCTIONSCROLL	1575
1169072384535	1	INSTRUCTIONSCROLL	1578
1169072384552	1	INSTRUCTIONSCROLL	1581
1169072384569	1	INSTRUCTIONSCROLL	1585
1169072384585	1	INSTRUCTIONSCROLL	1588
1169072384602	1	INSTRUCTIONSCROLL	1591
1169072384619	1	INSTRUCTIONSCROLL	1595
1169072384635	1	INSTRUCTIONSCROLL	1598
1169072384652	1	INSTRUCTIONSCROLL	1601
1169072384669	1	INSTRUCTIONSCROLL	1605
1169072384685	1	INSTRUCTIONSCROLL	1608
1169072384702	1	INSTRUCTIONSCROLL	1611
1169072384719	1	INSTRUCTIONSCROLL	1615
1169072384735	1	INSTRUCTIONSCROLL	1618
1169072384752	1	INSTRUCTIONSCROLL	1621
1169072384769	1	INSTRUCTIONSCROLL	1625
1169072384785	1	INSTRUCTIONSCROLL	1628
1169072384802	1	INSTRUCTIONSCROLL	1631
1169072384819	1	INSTRUCTIONSCROLL	1635
1169072384835	1	INSTRUCTIONSCROLL	1638
1169072384852	1	INSTRUCTIONSCROLL	1641
1169072384869	1	INSTRUCTIONSCROLL	1645
1169072384885	1	INSTRUCTIONSCROLL	1648
1169072384902	1	INSTRUCTIONSCROLL	1651
1169072384919	1	INSTRUCTIONSCROLL	1655
1169072384935	1	INSTRUCTIONSCROLL	1658
1169072384952	1	INSTRUCTIONSCROLL	1661
1169072384969	1	INSTRUCTIONSCROLL	1665
1169072384985	1	INSTRUCTIONSCROLL	1668
1169072385003	1	INSTRUCTIONSCROLL	1671
1169072385019	1	INSTRUCTIONSCROLL	1675
1169072385036	1	INSTRUCTIONSCROLL	1678
1169072385053	1	INSTRUCTIONSCROLL	1681
1169072385069	1	INSTRUCTIONSCROLL	1685
1169072385086	1	INSTRUCTIONSCROLL	1688
1169072385103	1	INSTRUCTIONSCROLL	1692
1169072385119	1	INSTRUCTIONSCROLL	1695
1169072385136	1	INSTRUCTIONSCROLL	1698
1169072385153	1	INSTRUCTIONSCROLL	1702
1169072385169	1	INSTRUCTIONSCROLL	1705
1169072385186	1	INSTRUCTIONSCROLL	1708
1169072385203	1	INSTRUCTIONSCROLL	1711
1169072385219	1	INSTRUCTIONSCROLL	1715
1169072385236	1	INSTRUCTIONSCROLL	1718
1169072385253	1	INSTRUCTIONSCROLL	1722
1169072385269	1	INSTRUCTIONSCROLL	1725
1169072385286	1	INSTRUCTIONSCROLL	1728
1169072385303	1	INSTRUCTIONSCROLL	1732
1169072385318	1	INSTRUCTIONSCROLL	1735
1169072385335	1	INSTRUCTIONSCROLL	1738
1169072385352	1	INSTRUCTIONSCROLL	1741
1169072385368	1	INSTRUCTIONSCROLL	1745
1169072385385	1	INSTRUCTIONSCROLL	1748
1169072385402	1	INSTRUCTIONSCROLL	1751
1169072385418	1	INSTRUCTIONSCROLL	1755
1169072385435	1	INSTRUCTIONSCROLL	1758
1169072385452	1	INSTRUCTIONSCROLL	1761
1169072385468	1	INSTRUCTIONSCROLL	1765
1169072385485	1	INSTRUCTIONSCROLL	1768
1169072385502	1	INSTRUCTIONSCROLL	1771
1169072385518	1	INSTRUCTIONSCROLL	1775
1169072385535	1	INSTRUCTIONSCROLL	1778
1169072385552	1	INSTRUCTIONSCROLL	1781
1169072385568	1	INSTRUCTIONSCROLL	1785
1169072385585	1	INSTRUCTIONSCROLL	1788
1169072385602	1	INSTRUCTIONSCROLL	1791
1169072385618	1	INSTRUCTIONSCROLL	1795
1169072385635	1	INSTRUCTIONSCROLL	1798
1169072385652	1	INSTRUCTIONSCROLL	1801
1169072385668	1	INSTRUCTIONSCROLL	1805
1169072385685	1	INSTRUCTIONSCROLL	1808
1169072385702	1	INSTRUCTIONSCROLL	1811
1169072385718	1	INSTRUCTIONSCROLL	1815
1169072385735	1	INSTRUCTIONSCROLL	1818
1169072385752	1	INSTRUCTIONSCROLL	1821
1169072385768	1	INSTRUCTIONSCROLL	1825
1169072385785	1	INSTRUCTIONSCROLL	1828
1169072385802	1	INSTRUCTIONSCROLL	1831
1169072385818	1	INSTRUCTIONSCROLL	1835
1169072385835	1	INSTRUCTIONSCROLL	1838
1169072385852	1	INSTRUCTIONSCROLL	1841
1169072385868	1	INSTRUCTIONSCROLL	1845
1169072385885	1	INSTRUCTIONSCROLL	1848
1169072385902	1	INSTRUCTIONSCROLL	1851
1169072385918	1	INSTRUCTIONSCROLL	1855
1169072385935	1	INSTRUCTIONSCROLL	1858
1169072385952	1	INSTRUCTIONSCROLL	1861
1169072385968	1	INSTRUCTIONSCROLL	1865
1169072385985	1	INSTRUCTIONSCROLL	1868
1169072386003	1	INSTRUCTIONSCROLL	1871
1169072386019	1	INSTRUCTIONSCROLL	1875
1169072386036	1	INSTRUCTIONSCROLL	1878
1169072386053	1	INSTRUCTIONSCROLL	1881
1169072386069	1	INSTRUCTIONSCROLL	1885
1169072386086	1	INSTRUCTIONSCROLL	1888
1169072386103	1	INSTRUCTIONSCROLL	1891
1169072386119	1	INSTRUCTIONSCROLL	1895
1169072386136	1	INSTRUCTIONSCROLL	1898
1169072386153	1	INSTRUCTIONSCROLL	1902
1169072386169	1	INSTRUCTIONSCROLL	1905
1169072386186	1	INSTRUCTIONSCROLL	1908
1169072386203	1	INSTRUCTIONSCROLL	1911
1169072386219	1	INSTRUCTIONSCROLL	1915
1169072386236	1	INSTRUCTIONSCROLL	1918
1169072386252	1	INSTRUCTIONSCROLL	1921
1169072386269	1	INSTRUCTIONSCROLL	1925
1169072386286	1	INSTRUCTIONSCROLL	1928
1169072386302	1	INSTRUCTIONSCROLL	1932
1169072386318	1	INSTRUCTIONSCROLL	1935
1169072386335	1	INSTRUCTIONSCROLL	1938
1169072386351	1	INSTRUCTIONSCROLL	1941
1169072386368	1	INSTRUCTIONSCROLL	1945
1169072386385	1	INSTRUCTIONSCROLL	1948
1169072386401	1	INSTRUCTIONSCROLL	1951
1169072386418	1	INSTRUCTIONSCROLL	1955
1169072386435	1	INSTRUCTIONSCROLL	1958
1169072395266	1	INSTRUCTIONSCROLL	1959
1169072395283	1	INSTRUCTIONSCROLL	1963
1169072395300	1	INSTRUCTIONSCROLL	1966
1169072395315	1	INSTRUCTIONSCROLL	1969
1169072395332	1	INSTRUCTIONSCROLL	1972
1169072395349	1	INSTRUCTIONSCROLL	1976
1169072395365	1	INSTRUCTIONSCROLL	1979
1169072395382	1	INSTRUCTIONSCROLL	1982
1169072395399	1	INSTRUCTIONSCROLL	1986
1169072395415	1	INSTRUCTIONSCROLL	1989
1169072395432	1	INSTRUCTIONSCROLL	1992
1169072395449	1	INSTRUCTIONSCROLL	1996
1169072395465	1	INSTRUCTIONSCROLL	1999
1169072395482	1	INSTRUCTIONSCROLL	2002
1169072395499	1	INSTRUCTIONSCROLL	2006
1169072395515	1	INSTRUCTIONSCROLL	2009
1169072395532	1	INSTRUCTIONSCROLL	2012
1169072395548	1	INSTRUCTIONSCROLL	2016
1169072395565	1	INSTRUCTIONSCROLL	2019
1169072395582	1	INSTRUCTIONSCROLL	2022
1169072395598	1	INSTRUCTIONSCROLL	2026
1169072395615	1	INSTRUCTIONSCROLL	2029
1169072395632	1	INSTRUCTIONSCROLL	2032
1169072395648	1	INSTRUCTIONSCROLL	2036
1169072395665	1	INSTRUCTIONSCROLL	2039
1169072395682	1	INSTRUCTIONSCROLL	2042
1169072395698	1	INSTRUCTIONSCROLL	2046
1169072395715	1	INSTRUCTIONSCROLL	2049
1169072395732	1	INSTRUCTIONSCROLL	2052
1169072395748	1	INSTRUCTIONSCROLL	2056
1169072395765	1	INSTRUCTIONSCROLL	2059
1169072395782	1	INSTRUCTIONSCROLL	2062
1169072395798	1	INSTRUCTIONSCROLL	2066
1169072395815	1	INSTRUCTIONSCROLL	2069
1169072395832	1	INSTRUCTIONSCROLL	2072
1169072395848	1	INSTRUCTIONSCROLL	2076
1169072395865	1	INSTRUCTIONSCROLL	2079
1169072395882	1	INSTRUCTIONSCROLL	2082
1169072395898	1	INSTRUCTIONSCROLL	2086
1169072395915	1	INSTRUCTIONSCROLL	2089
1169072395932	1	INSTRUCTIONSCROLL	2092
1169072395948	1	INSTRUCTIONSCROLL	2096
1169072395965	1	INSTRUCTIONSCROLL	2099
1169072395982	1	INSTRUCTIONSCROLL	2102
1169072395998	1	INSTRUCTIONSCROLL	2106
1169072396016	1	INSTRUCTIONSCROLL	2109
1169072396033	1	INSTRUCTIONSCROLL	2113
1169072396049	1	INSTRUCTIONSCROLL	2116
1169072396066	1	INSTRUCTIONSCROLL	2119
1169072396083	1	INSTRUCTIONSCROLL	2122
1169072396099	1	INSTRUCTIONSCROLL	2126
1169072396116	1	INSTRUCTIONSCROLL	2129
1169072396133	1	INSTRUCTIONSCROLL	2132
1169072396149	1	INSTRUCTIONSCROLL	2136
1169072396166	1	INSTRUCTIONSCROLL	2139
1169072396183	1	INSTRUCTIONSCROLL	2143
1169072396199	1	INSTRUCTIONSCROLL	2146
1169072396216	1	INSTRUCTIONSCROLL	2149
1169072396233	1	INSTRUCTIONSCROLL	2152
1169072396249	1	INSTRUCTIONSCROLL	2156
1169072396266	1	INSTRUCTIONSCROLL	2159
1169072396283	1	INSTRUCTIONSCROLL	2162
1169072396299	1	INSTRUCTIONSCROLL	2166
1169072396315	1	INSTRUCTIONSCROLL	2169
1169072396332	1	INSTRUCTIONSCROLL	2172
1169072396348	1	INSTRUCTIONSCROLL	2176
1169072396365	1	INSTRUCTIONSCROLL	2179
1169072396382	1	INSTRUCTIONSCROLL	2182
1169072396398	1	INSTRUCTIONSCROLL	2186
1169072396415	1	INSTRUCTIONSCROLL	2189
1169072396432	1	INSTRUCTIONSCROLL	2192
1169072396448	1	INSTRUCTIONSCROLL	2196
1169072396465	1	INSTRUCTIONSCROLL	2199
1169072396482	1	INSTRUCTIONSCROLL	2202
1169072396498	1	INSTRUCTIONSCROLL	2206
1169072396515	1	INSTRUCTIONSCROLL	2209
1169072396532	1	INSTRUCTIONSCROLL	2212
1169072396548	1	INSTRUCTIONSCROLL	2216
1169072396565	1	INSTRUCTIONSCROLL	2219
1169072396582	1	INSTRUCTIONSCROLL	2222
1169072396598	1	INSTRUCTIONSCROLL	2226
1169072396615	1	INSTRUCTIONSCROLL	2229
1169072396631	1	INSTRUCTIONSCROLL	2232
1169072396648	1	INSTRUCTIONSCROLL	2236
1169072396665	1	INSTRUCTIONSCROLL	2239
1169072396681	1	INSTRUCTIONSCROLL	2242
1169072396698	1	INSTRUCTIONSCROLL	2246
1169072396715	1	INSTRUCTIONSCROLL	2249
1169072396731	1	INSTRUCTIONSCROLL	2252
1169072396748	1	INSTRUCTIONSCROLL	2256
1169072396765	1	INSTRUCTIONSCROLL	2259
1169072396781	1	INSTRUCTIONSCROLL	2262
1169072396798	1	INSTRUCTIONSCROLL	2266
1169072396815	1	INSTRUCTIONSCROLL	2269
1169072396831	1	INSTRUCTIONSCROLL	2272
1169072396848	1	INSTRUCTIONSCROLL	2276
1169072396865	1	INSTRUCTIONSCROLL	2279
1169072396881	1	INSTRUCTIONSCROLL	2282
1169072396898	1	INSTRUCTIONSCROLL	2286
1169072396915	1	INSTRUCTIONSCROLL	2289
1169072396931	1	INSTRUCTIONSCROLL	2292
1169072396948	1	INSTRUCTIONSCROLL	2296
1169072396965	1	INSTRUCTIONSCROLL	2299
1169072396981	1	INSTRUCTIONSCROLL	2302
1169072396998	1	INSTRUCTIONSCROLL	2306
1169072397016	1	INSTRUCTIONSCROLL	2309
1169072397032	1	INSTRUCTIONSCROLL	2312
1169072397049	1	INSTRUCTIONSCROLL	2316
1169072397066	1	INSTRUCTIONSCROLL	2319
1169072397082	1	INSTRUCTIONSCROLL	2322
1169072397099	1	INSTRUCTIONSCROLL	2326
1169072397116	1	INSTRUCTIONSCROLL	2329
1169072397132	1	INSTRUCTIONSCROLL	2332
1169072397149	1	INSTRUCTIONSCROLL	2336
1169072397166	1	INSTRUCTIONSCROLL	2339
1169072397182	1	INSTRUCTIONSCROLL	2342
1169072397199	1	INSTRUCTIONSCROLL	2346
1169072397216	1	INSTRUCTIONSCROLL	2349
1169072397232	1	INSTRUCTIONSCROLL	2352
1169072397249	1	INSTRUCTIONSCROLL	2356
1169072397266	1	INSTRUCTIONSCROLL	2359
1169072397282	1	INSTRUCTIONSCROLL	2362
1169072397299	1	INSTRUCTIONSCROLL	2366
1169072397315	1	INSTRUCTIONSCROLL	2369
1169072397331	1	INSTRUCTIONSCROLL	2372
1169072397348	1	INSTRUCTIONSCROLL	2376
1169072397365	1	INSTRUCTIONSCROLL	2379
1169072397381	1	INSTRUCTIONSCROLL	2382
1169072397398	1	INSTRUCTIONSCROLL	2386
1169072397415	1	INSTRUCTIONSCROLL	2389
1169072397431	1	INSTRUCTIONSCROLL	2392
1169072397448	1	INSTRUCTIONSCROLL	2396
1169072397465	1	INSTRUCTIONSCROLL	2399
1169072397481	1	INSTRUCTIONSCROLL	2402
1169072397498	1	INSTRUCTIONSCROLL	2406
1169072397515	1	INSTRUCTIONSCROLL	2409
1169072397531	1	INSTRUCTIONSCROLL	2412
1169072397548	1	INSTRUCTIONSCROLL	2416
1169072397565	1	INSTRUCTIONSCROLL	2419
1169072397581	1	INSTRUCTIONSCROLL	2422
1169072397598	1	INSTRUCTIONSCROLL	2426
1169072397615	1	INSTRUCTIONSCROLL	2429
1169072397631	1	INSTRUCTIONSCROLL	2432
1169072397648	1	INSTRUCTIONSCROLL	2436
1169072397664	1	INSTRUCTIONSCROLL	2439
1169072397681	1	INSTRUCTIONSCROLL	2442
1169072397698	1	INSTRUCTIONSCROLL	2445
1169072397714	1	INSTRUCTIONSCROLL	2449
1169072397731	1	INSTRUCTIONSCROLL	2452
1169072397748	1	INSTRUCTIONSCROLL	2456
1169072397764	1	INSTRUCTIONSCROLL	2459
1169072397781	1	INSTRUCTIONSCROLL	2462
1169072397798	1	INSTRUCTIONSCROLL	2466
1169072397814	1	INSTRUCTIONSCROLL	2469
1169072397831	1	INSTRUCTIONSCROLL	2472
1169072397848	1	INSTRUCTIONSCROLL	2475
1169072397864	1	INSTRUCTIONSCROLL	2479
1169072397881	1	INSTRUCTIONSCROLL	2482
1169072397898	1	INSTRUCTIONSCROLL	2486
1169072397914	1	INSTRUCTIONSCROLL	2489
1169072397931	1	INSTRUCTIONSCROLL	2492
1169072397948	1	INSTRUCTIONSCROLL	2496
1169072397964	1	INSTRUCTIONSCROLL	2499
1169072397981	1	INSTRUCTIONSCROLL	2502
1169072397998	1	INSTRUCTIONSCROLL	2505
1169072398015	1	INSTRUCTIONSCROLL	2509
1169072398032	1	INSTRUCTIONSCROLL	2512
1169072398049	1	INSTRUCTIONSCROLL	2516
1169072398065	1	INSTRUCTIONSCROLL	2519
1169072398082	1	INSTRUCTIONSCROLL	2522
1169072398099	1	INSTRUCTIONSCROLL	2526
1169072398115	1	INSTRUCTIONSCROLL	2529
1169072398132	1	INSTRUCTIONSCROLL	2532
1169072398149	1	INSTRUCTIONSCROLL	2536
1169072398165	1	INSTRUCTIONSCROLL	2539
1169072398182	1	INSTRUCTIONSCROLL	2542
1169072398199	1	INSTRUCTIONSCROLL	2546
1169072398215	1	INSTRUCTIONSCROLL	2549
1169072398232	1	INSTRUCTIONSCROLL	2552
1169072398249	1	INSTRUCTIONSCROLL	2556
1169072398265	1	INSTRUCTIONSCROLL	2559
1169072398282	1	INSTRUCTIONSCROLL	2562
1169072398299	1	INSTRUCTIONSCROLL	2566
1169072398314	1	INSTRUCTIONSCROLL	2569
1169072398331	1	INSTRUCTIONSCROLL	2572
1169072398348	1	INSTRUCTIONSCROLL	2576
1169072398364	1	INSTRUCTIONSCROLL	2579
1169072398381	1	INSTRUCTIONSCROLL	2582
1169072398398	1	INSTRUCTIONSCROLL	2586
1169072398414	1	INSTRUCTIONSCROLL	2589
1169072398432	1	INSTRUCTIONSCROLL	2592
1169072398448	1	INSTRUCTIONSCROLL	2596
1169072398464	1	INSTRUCTIONSCROLL	2599
1169072398481	1	INSTRUCTIONSCROLL	2602
1169072398498	1	INSTRUCTIONSCROLL	2606
1169072398514	1	INSTRUCTIONSCROLL	2609
1169072398531	1	INSTRUCTIONSCROLL	2612
1169072398548	1	INSTRUCTIONSCROLL	2616
1169072398564	1	INSTRUCTIONSCROLL	2619
1169072398581	1	INSTRUCTIONSCROLL	2622
1169072398598	1	INSTRUCTIONSCROLL	2625
1169072398614	1	INSTRUCTIONSCROLL	2629
1169072398631	1	INSTRUCTIONSCROLL	2632
1169072398648	1	INSTRUCTIONSCROLL	2636
1169072398664	1	INSTRUCTIONSCROLL	2639
1169072398681	1	INSTRUCTIONSCROLL	2642
1169072398697	1	INSTRUCTIONSCROLL	2646
1169072398714	1	INSTRUCTIONSCROLL	2649
1169072398733	1	INSTRUCTIONSCROLL	2652
1169072398747	1	INSTRUCTIONSCROLL	2656
1169072398764	1	INSTRUCTIONSCROLL	2659
1169072398781	1	INSTRUCTIONSCROLL	2662
1169072398797	1	INSTRUCTIONSCROLL	2666
1169072398814	1	INSTRUCTIONSCROLL	2669
1169072398831	1	INSTRUCTIONSCROLL	2672
1169072398847	1	INSTRUCTIONSCROLL	2676
1169072398864	1	INSTRUCTIONSCROLL	2679
1169072398881	1	INSTRUCTIONSCROLL	2682
1169072398897	1	INSTRUCTIONSCROLL	2685
1169072398914	1	INSTRUCTIONSCROLL	2689
1169072398931	1	INSTRUCTIONSCROLL	2692
1169072398947	1	INSTRUCTIONSCROLL	2696
1169072398964	1	INSTRUCTIONSCROLL	2699
1169072398981	1	INSTRUCTIONSCROLL	2702
1169072398997	1	INSTRUCTIONSCROLL	2705
1169072399015	1	INSTRUCTIONSCROLL	2709
1169072399032	1	INSTRUCTIONSCROLL	2712
1169072399048	1	INSTRUCTIONSCROLL	2716
1169072407978	1	INSTRUCTIONSCROLL	2717
1169072407995	1	INSTRUCTIONSCROLL	2719
1169072408012	1	INSTRUCTIONSCROLL	2722
1169072408029	1	INSTRUCTIONSCROLL	2726
1169072408045	1	INSTRUCTIONSCROLL	2729
1169072408062	1	INSTRUCTIONSCROLL	2733
1169072408079	1	INSTRUCTIONSCROLL	2736
1169072408095	1	INSTRUCTIONSCROLL	2739
1169072408112	1	INSTRUCTIONSCROLL	2743
1169072408129	1	INSTRUCTIONSCROLL	2746
1169072408145	1	INSTRUCTIONSCROLL	2749
1169072408162	1	INSTRUCTIONSCROLL	2753
1169072408179	1	INSTRUCTIONSCROLL	2756
1169072408195	1	INSTRUCTIONSCROLL	2759
1169072408212	1	INSTRUCTIONSCROLL	2763
1169072408229	1	INSTRUCTIONSCROLL	2766
1169072408245	1	INSTRUCTIONSCROLL	2769
1169072408561	1	INSTRUCTIONSCROLL	2770
1169072408578	1	INSTRUCTIONSCROLL	2772
1169072408594	1	INSTRUCTIONSCROLL	2776
1169072408611	1	INSTRUCTIONSCROLL	2779
1169072408628	1	INSTRUCTIONSCROLL	2782
1169072408644	1	INSTRUCTIONSCROLL	2786
1169072408661	1	INSTRUCTIONSCROLL	2789
1169072408678	1	INSTRUCTIONSCROLL	2792
1169072408694	1	INSTRUCTIONSCROLL	2796
1169072408711	1	INSTRUCTIONSCROLL	2799
1169072408728	1	INSTRUCTIONSCROLL	2802
1169072408744	1	INSTRUCTIONSCROLL	2806
1169072408761	1	INSTRUCTIONSCROLL	2809
1169072408778	1	INSTRUCTIONSCROLL	2812
1169072408794	1	INSTRUCTIONSCROLL	2816
1169072408811	1	INSTRUCTIONSCROLL	2819
1169072408828	1	INSTRUCTIONSCROLL	2822
1169072408844	1	INSTRUCTIONSCROLL	2826
1169072408861	1	INSTRUCTIONSCROLL	2829
1169072408877	1	INSTRUCTIONSCROLL	2832
1169072408894	1	INSTRUCTIONSCROLL	2836
1169072408911	1	INSTRUCTIONSCROLL	2839
1169072408927	1	INSTRUCTIONSCROLL	2842
1169072408944	1	INSTRUCTIONSCROLL	2846
1169072408961	1	INSTRUCTIONSCROLL	2849
1169072408977	1	INSTRUCTIONSCROLL	2852
1169072408994	1	INSTRUCTIONSCROLL	2856
1169072409012	1	INSTRUCTIONSCROLL	2859
1169072409028	1	INSTRUCTIONSCROLL	2863
1169072409045	1	INSTRUCTIONSCROLL	2866
1169072409062	1	INSTRUCTIONSCROLL	2869
1169072409078	1	INSTRUCTIONSCROLL	2873
1169072409095	1	INSTRUCTIONSCROLL	2876
1169072409112	1	INSTRUCTIONSCROLL	2879
1169072409128	1	INSTRUCTIONSCROLL	2883
1169072409145	1	INSTRUCTIONSCROLL	2886
1169072409162	1	INSTRUCTIONSCROLL	2889
1169072409178	1	INSTRUCTIONSCROLL	2893
1169072409195	1	INSTRUCTIONSCROLL	2896
1169072409212	1	INSTRUCTIONSCROLL	2899
1169072409228	1	INSTRUCTIONSCROLL	2903
1169072409245	1	INSTRUCTIONSCROLL	2906
1169072409262	1	INSTRUCTIONSCROLL	2909
1169072409278	1	INSTRUCTIONSCROLL	2913
1169072409295	1	INSTRUCTIONSCROLL	2916
1169072409311	1	INSTRUCTIONSCROLL	2919
1169072409327	1	INSTRUCTIONSCROLL	2923
1169072409344	1	INSTRUCTIONSCROLL	2926
1169072409361	1	INSTRUCTIONSCROLL	2929
1169072409377	1	INSTRUCTIONSCROLL	2932
1169072409394	1	INSTRUCTIONSCROLL	2936
1169072409411	1	INSTRUCTIONSCROLL	2939
1169072409427	1	INSTRUCTIONSCROLL	2943
1169072409444	1	INSTRUCTIONSCROLL	2946
1169072409461	1	INSTRUCTIONSCROLL	2949
1169072409477	1	INSTRUCTIONSCROLL	2953
1169072409494	1	INSTRUCTIONSCROLL	2956
1169072410943	1	INSTRUCTIONSCROLL	2957
1169072410960	1	INSTRUCTIONSCROLL	2959
1169072410977	1	INSTRUCTIONSCROLL	2962
1169072410993	1	INSTRUCTIONSCROLL	2965
1169072411011	1	INSTRUCTIONSCROLL	2969
1169072411028	1	INSTRUCTIONSCROLL	2972
1169072411044	1	INSTRUCTIONSCROLL	2976
1169072411061	1	INSTRUCTIONSCROLL	2979
1169072411078	1	INSTRUCTIONSCROLL	2982
1169072411094	1	INSTRUCTIONSCROLL	2986
1169072411111	1	INSTRUCTIONSCROLL	2989
1169072411128	1	INSTRUCTIONSCROLL	2992
1169072411144	1	INSTRUCTIONSCROLL	2996
1169072411161	1	INSTRUCTIONSCROLL	2999
1169072411178	1	INSTRUCTIONSCROLL	3002
1169072411194	1	INSTRUCTIONSCROLL	3006
1169072411211	1	INSTRUCTIONSCROLL	3009
1169072411228	1	INSTRUCTIONSCROLL	3012
1169072411244	1	INSTRUCTIONSCROLL	3016
1169072411261	1	INSTRUCTIONSCROLL	3019
1169072411278	1	INSTRUCTIONSCROLL	3022
1169072411294	1	INSTRUCTIONSCROLL	3026
1169072411311	1	INSTRUCTIONSCROLL	3029
1169072411327	1	INSTRUCTIONSCROLL	3032
1169072411343	1	INSTRUCTIONSCROLL	3035
1169072411360	1	INSTRUCTIONSCROLL	3039
1169072411377	1	INSTRUCTIONSCROLL	3042
1169072411393	1	INSTRUCTIONSCROLL	3045
1169072411410	1	INSTRUCTIONSCROLL	3049
1169072411427	1	INSTRUCTIONSCROLL	3052
1169072411443	1	INSTRUCTIONSCROLL	3055
1169072411460	1	INSTRUCTIONSCROLL	3059
1169072411477	1	INSTRUCTIONSCROLL	3062
1169072411493	1	INSTRUCTIONSCROLL	3065
1169072411510	1	INSTRUCTIONSCROLL	3069
1169072411527	1	INSTRUCTIONSCROLL	3072
1169072411543	1	INSTRUCTIONSCROLL	3075
1169072411560	1	INSTRUCTIONSCROLL	3079
1169072411577	1	INSTRUCTIONSCROLL	3082
1169072411593	1	INSTRUCTIONSCROLL	3085
1169072411610	1	INSTRUCTIONSCROLL	3089
1169072411627	1	INSTRUCTIONSCROLL	3092
1169072411643	1	INSTRUCTIONSCROLL	3095
1169072411660	1	INSTRUCTIONSCROLL	3099
1169072411677	1	INSTRUCTIONSCROLL	3102
1169072411693	1	INSTRUCTIONSCROLL	3105
1169072411710	1	INSTRUCTIONSCROLL	3109
1169072411727	1	INSTRUCTIONSCROLL	3112
1169072411743	1	INSTRUCTIONSCROLL	3115
1169072411760	1	INSTRUCTIONSCROLL	3119
1169072411777	1	INSTRUCTIONSCROLL	3122
1169072411793	1	INSTRUCTIONSCROLL	3125
1169072411810	1	INSTRUCTIONSCROLL	3129
1169072411827	1	INSTRUCTIONSCROLL	3132
1169072411843	1	INSTRUCTIONSCROLL	3135
1169072411860	1	INSTRUCTIONSCROLL	3139
1169072411877	1	INSTRUCTIONSCROLL	3142
1169072411893	1	INSTRUCTIONSCROLL	3145
1169072411910	1	INSTRUCTIONSCROLL	3149
1169072411927	1	INSTRUCTIONSCROLL	3152
1169072411943	1	INSTRUCTIONSCROLL	3155
1169072411960	1	INSTRUCTIONSCROLL	3159
1169072411977	1	INSTRUCTIONSCROLL	3162
1169072411993	1	INSTRUCTIONSCROLL	3165
1169072412011	1	INSTRUCTIONSCROLL	3169
1169072412028	1	INSTRUCTIONSCROLL	3172
1169072412044	1	INSTRUCTIONSCROLL	3176
1169072412061	1	INSTRUCTIONSCROLL	3179
1169072412078	1	INSTRUCTIONSCROLL	3182
1169072412094	1	INSTRUCTIONSCROLL	3186
1169072412111	1	INSTRUCTIONSCROLL	3189
1169072412127	1	INSTRUCTIONSCROLL	3192
1169072412144	1	INSTRUCTIONSCROLL	3196
1169072412161	1	INSTRUCTIONSCROLL	3199
1169072412177	1	INSTRUCTIONSCROLL	3202
1169072412194	1	INSTRUCTIONSCROLL	3206
1169072412211	1	INSTRUCTIONSCROLL	3209
1169072412227	1	INSTRUCTIONSCROLL	3212
1169072412244	1	INSTRUCTIONSCROLL	3216
1169072412261	1	INSTRUCTIONSCROLL	3219
1169072412277	1	INSTRUCTIONSCROLL	3222
1169072412294	1	INSTRUCTIONSCROLL	3226
1169072412311	1	INSTRUCTIONSCROLL	3229
1169072412326	1	INSTRUCTIONSCROLL	3232
1169072412343	1	INSTRUCTIONSCROLL	3235
1169072412360	1	INSTRUCTIONSCROLL	3239
1169072412376	1	INSTRUCTIONSCROLL	3242
1169072412393	1	INSTRUCTIONSCROLL	3245
1169072412410	1	INSTRUCTIONSCROLL	3249
1169072412427	1	INSTRUCTIONSCROLL	3252
1169072412443	1	INSTRUCTIONSCROLL	3256
1169072412460	1	INSTRUCTIONSCROLL	3259
1169072412476	1	INSTRUCTIONSCROLL	3262
1169072412493	1	INSTRUCTIONSCROLL	3265
1169072412510	1	INSTRUCTIONSCROLL	3269
1169072412526	1	INSTRUCTIONSCROLL	3272
1169072412543	1	INSTRUCTIONSCROLL	3275
1169072412560	1	INSTRUCTIONSCROLL	3279
1169072412576	1	INSTRUCTIONSCROLL	3282
1169072412593	1	INSTRUCTIONSCROLL	3285
1169072412610	1	INSTRUCTIONSCROLL	3289
1169072412626	1	INSTRUCTIONSCROLL	3292
1169072412643	1	INSTRUCTIONSCROLL	3295
1169072412660	1	INSTRUCTIONSCROLL	3299
1169072412676	1	INSTRUCTIONSCROLL	3302
1169072412693	1	INSTRUCTIONSCROLL	3305
1169072412710	1	INSTRUCTIONSCROLL	3309
1169072412726	1	INSTRUCTIONSCROLL	3312
1169072412743	1	INSTRUCTIONSCROLL	3315
1169072412760	1	INSTRUCTIONSCROLL	3319
1169072412776	1	INSTRUCTIONSCROLL	3322
1169072412793	1	INSTRUCTIONSCROLL	3325
1169072412810	1	INSTRUCTIONSCROLL	3329
1169072412826	1	INSTRUCTIONSCROLL	3332
1169072412843	1	INSTRUCTIONSCROLL	3335
1169072412860	1	INSTRUCTIONSCROLL	3339
1169072412876	1	INSTRUCTIONSCROLL	3342
1169072412893	1	INSTRUCTIONSCROLL	3345
1169072412910	1	INSTRUCTIONSCROLL	3349
1169072422790	1	INSTRUCTIONSCROLL	3350
1169072422806	1	INSTRUCTIONSCROLL	3351
1169072422823	1	INSTRUCTIONSCROLL	3355
1169072422840	1	INSTRUCTIONSCROLL	3358
1169072422856	1	INSTRUCTIONSCROLL	3361
1169072422873	1	INSTRUCTIONSCROLL	3365
1169072422890	1	INSTRUCTIONSCROLL	3368
1169072422906	1	INSTRUCTIONSCROLL	3371
1169072422923	1	INSTRUCTIONSCROLL	3375
1169072423473	1	INSTRUCTIONSCROLL	3376
1169072423489	1	INSTRUCTIONSCROLL	3378
1169072423506	1	INSTRUCTIONSCROLL	3381
1169072423523	1	INSTRUCTIONSCROLL	3384
1169072423539	1	INSTRUCTIONSCROLL	3388
1169072423556	1	INSTRUCTIONSCROLL	3391
1169072423923	1	INSTRUCTIONSCROLL	3392
1169072423939	1	INSTRUCTIONSCROLL	3395
1169072423956	1	INSTRUCTIONSCROLL	3398
1169072423973	1	INSTRUCTIONSCROLL	3401
1169072423989	1	INSTRUCTIONSCROLL	3405
1169072424007	1	INSTRUCTIONSCROLL	3408
1169072424024	1	INSTRUCTIONSCROLL	3412
1169072424040	1	INSTRUCTIONSCROLL	3415
1169072424057	1	INSTRUCTIONSCROLL	3418
1169072424074	1	INSTRUCTIONSCROLL	3422
1169072424090	1	INSTRUCTIONSCROLL	3425
1169072424107	1	INSTRUCTIONSCROLL	3428
1169072424124	1	INSTRUCTIONSCROLL	3432
1169072424140	1	INSTRUCTIONSCROLL	3435
1169072424157	1	INSTRUCTIONSCROLL	3438
1169072424174	1	INSTRUCTIONSCROLL	3442
1169072424190	1	INSTRUCTIONSCROLL	3445
1169072424207	1	INSTRUCTIONSCROLL	3448
1169072424224	1	INSTRUCTIONSCROLL	3452
1169072424240	1	INSTRUCTIONSCROLL	3455
1169072424257	1	INSTRUCTIONSCROLL	3458
1169072424274	1	INSTRUCTIONSCROLL	3462
1169072424290	1	INSTRUCTIONSCROLL	3465
1169072424307	1	INSTRUCTIONSCROLL	3468
1169072424323	1	INSTRUCTIONSCROLL	3472
1169072424339	1	INSTRUCTIONSCROLL	3475
1169072424356	1	INSTRUCTIONSCROLL	3478
1169072424373	1	INSTRUCTIONSCROLL	3482
1169072424389	1	INSTRUCTIONSCROLL	3485
1169072424406	1	INSTRUCTIONSCROLL	3488
1169072424423	1	INSTRUCTIONSCROLL	3491
1169072424439	1	INSTRUCTIONSCROLL	3495
1169072424456	1	INSTRUCTIONSCROLL	3498
1169072424473	1	INSTRUCTIONSCROLL	3501
1169072424489	1	INSTRUCTIONSCROLL	3505
1169072424506	1	INSTRUCTIONSCROLL	3508
1169072424522	1	INSTRUCTIONSCROLL	3511
1169072424539	1	INSTRUCTIONSCROLL	3515
1169072424556	1	INSTRUCTIONSCROLL	3518
1169072424572	1	INSTRUCTIONSCROLL	3521
1169072424589	1	INSTRUCTIONSCROLL	3525
1169072424606	1	INSTRUCTIONSCROLL	3528
1169072424622	1	INSTRUCTIONSCROLL	3531
1169072424639	1	INSTRUCTIONSCROLL	3535
1169072424656	1	INSTRUCTIONSCROLL	3538
1169072424672	1	INSTRUCTIONSCROLL	3542
1169072424689	1	INSTRUCTIONSCROLL	3545
1169072424706	1	INSTRUCTIONSCROLL	3548
1169072424722	1	INSTRUCTIONSCROLL	3552
1169072424739	1	INSTRUCTIONSCROLL	3555
1169072424758	1	INSTRUCTIONSCROLL	3558
1169072424772	1	INSTRUCTIONSCROLL	3562
1169072424789	1	INSTRUCTIONSCROLL	3565
1169072424806	1	INSTRUCTIONSCROLL	3568
1169072424822	1	INSTRUCTIONSCROLL	3571
1169072424839	1	INSTRUCTIONSCROLL	3575
1169072424856	1	INSTRUCTIONSCROLL	3578
1169072424872	1	INSTRUCTIONSCROLL	3581
1169072424889	1	INSTRUCTIONSCROLL	3585
1169072424906	1	INSTRUCTIONSCROLL	3588
1169072424922	1	INSTRUCTIONSCROLL	3591
1169072424939	1	INSTRUCTIONSCROLL	3595
1169072424956	1	INSTRUCTIONSCROLL	3598
1169072424972	1	INSTRUCTIONSCROLL	3601
1169072424989	1	INSTRUCTIONSCROLL	3605
1169072425007	1	INSTRUCTIONSCROLL	3608
1169072425023	1	INSTRUCTIONSCROLL	3612
1169072425040	1	INSTRUCTIONSCROLL	3615
1169072425057	1	INSTRUCTIONSCROLL	3618
1169072425073	1	INSTRUCTIONSCROLL	3622
1169072425090	1	INSTRUCTIONSCROLL	3625
1169072425107	1	INSTRUCTIONSCROLL	3628
1169072425123	1	INSTRUCTIONSCROLL	3632
1169072425140	1	INSTRUCTIONSCROLL	3635
1169072425157	1	INSTRUCTIONSCROLL	3638
1169072425173	1	INSTRUCTIONSCROLL	3642
1169072425190	1	INSTRUCTIONSCROLL	3645
1169072425207	1	INSTRUCTIONSCROLL	3648
1169072425223	1	INSTRUCTIONSCROLL	3652
1169072425240	1	INSTRUCTIONSCROLL	3655
1169072425257	1	INSTRUCTIONSCROLL	3658
1169072425273	1	INSTRUCTIONSCROLL	3662
1169072425290	1	INSTRUCTIONSCROLL	3665
1169072425307	1	INSTRUCTIONSCROLL	3668
1169072425322	1	INSTRUCTIONSCROLL	3672
1169072425339	1	INSTRUCTIONSCROLL	3675
1169072425356	1	INSTRUCTIONSCROLL	3678
1169072425372	1	INSTRUCTIONSCROLL	3681
1169072425389	1	INSTRUCTIONSCROLL	3685
1169072425406	1	INSTRUCTIONSCROLL	3688
1169072425422	1	INSTRUCTIONSCROLL	3691
1169072425439	1	INSTRUCTIONSCROLL	3695
1169072425456	1	INSTRUCTIONSCROLL	3698
1169072425472	1	INSTRUCTIONSCROLL	3701
1169072425489	1	INSTRUCTIONSCROLL	3705
1169072425506	1	INSTRUCTIONSCROLL	3708
1169072425522	1	INSTRUCTIONSCROLL	3711
1169072425539	1	INSTRUCTIONSCROLL	3715
1169072425556	1	INSTRUCTIONSCROLL	3718
1169072425572	1	INSTRUCTIONSCROLL	3721
1169072425589	1	INSTRUCTIONSCROLL	3725
1169072425605	1	INSTRUCTIONSCROLL	3728
1169072425622	1	INSTRUCTIONSCROLL	3731
1169072425639	1	INSTRUCTIONSCROLL	3735
1169072425655	1	INSTRUCTIONSCROLL	3738
1169072425672	1	INSTRUCTIONSCROLL	3741
1169072425689	1	INSTRUCTIONSCROLL	3745
1169072425705	1	INSTRUCTIONSCROLL	3748
1169072425722	1	INSTRUCTIONSCROLL	3751
1169072425739	1	INSTRUCTIONSCROLL	3755
1169072425755	1	INSTRUCTIONSCROLL	3758
1169072425772	1	INSTRUCTIONSCROLL	3761
1169072425789	1	INSTRUCTIONSCROLL	3765
1169072425805	1	INSTRUCTIONSCROLL	3768
1169072425822	1	INSTRUCTIONSCROLL	3771
1169072425839	1	INSTRUCTIONSCROLL	3775
1169072425855	1	INSTRUCTIONSCROLL	3778
1169072425872	1	INSTRUCTIONSCROLL	3781
1169072425889	1	INSTRUCTIONSCROLL	3785
1169072425905	1	INSTRUCTIONSCROLL	3788
1169072425922	1	INSTRUCTIONSCROLL	3791
1169072425939	1	INSTRUCTIONSCROLL	3795
1169072425955	1	INSTRUCTIONSCROLL	3798
1169072425972	1	INSTRUCTIONSCROLL	3801
1169072425989	1	INSTRUCTIONSCROLL	3805
1169072426006	1	INSTRUCTIONSCROLL	3808
1169072426023	1	INSTRUCTIONSCROLL	3812
1169072426040	1	INSTRUCTIONSCROLL	3815
1169072426056	1	INSTRUCTIONSCROLL	3818
1169072426073	1	INSTRUCTIONSCROLL	3822
1169072426090	1	INSTRUCTIONSCROLL	3825
1169072426106	1	INSTRUCTIONSCROLL	3828
1169072426123	1	INSTRUCTIONSCROLL	3832
1169072426140	1	INSTRUCTIONSCROLL	3835
1169072426156	1	INSTRUCTIONSCROLL	3838
1169072426173	1	INSTRUCTIONSCROLL	3842
1169072426190	1	INSTRUCTIONSCROLL	3845
1169072426206	1	INSTRUCTIONSCROLL	3848
1169072426223	1	INSTRUCTIONSCROLL	3852
1169072426240	1	INSTRUCTIONSCROLL	3855
1169072426256	1	INSTRUCTIONSCROLL	3858
1169072426273	1	INSTRUCTIONSCROLL	3862
1169072426290	1	INSTRUCTIONSCROLL	3865
1169072426306	1	INSTRUCTIONSCROLL	3868
1169072426322	1	INSTRUCTIONSCROLL	3872
1169072426339	1	INSTRUCTIONSCROLL	3875
1169072426355	1	INSTRUCTIONSCROLL	3878
1169072426372	1	INSTRUCTIONSCROLL	3881
1169072426389	1	INSTRUCTIONSCROLL	3885
1169072426405	1	INSTRUCTIONSCROLL	3888
1169072426422	1	INSTRUCTIONSCROLL	3891
1169072426439	1	INSTRUCTIONSCROLL	3895
1169072426455	1	INSTRUCTIONSCROLL	3898
1169072426472	1	INSTRUCTIONSCROLL	3901
1169072426489	1	INSTRUCTIONSCROLL	3905
1169072426505	1	INSTRUCTIONSCROLL	3908
1169072426522	1	INSTRUCTIONSCROLL	3911
1169072426539	1	INSTRUCTIONSCROLL	3915
1169072426555	1	INSTRUCTIONSCROLL	3918
1169072426572	1	INSTRUCTIONSCROLL	3921
1169072426589	1	INSTRUCTIONSCROLL	3925
1169072426605	1	INSTRUCTIONSCROLL	3928
1169072426622	1	INSTRUCTIONSCROLL	3931
1169072426638	1	INSTRUCTIONSCROLL	3935
1169072426655	1	INSTRUCTIONSCROLL	3938
1169072426672	1	INSTRUCTIONSCROLL	3941
1169072426688	1	INSTRUCTIONSCROLL	3945
1169072426705	1	INSTRUCTIONSCROLL	3948
1169072426722	1	INSTRUCTIONSCROLL	3951
1169072426738	1	INSTRUCTIONSCROLL	3955
1169072426755	1	INSTRUCTIONSCROLL	3958
1169072426772	1	INSTRUCTIONSCROLL	3961
1169072426788	1	INSTRUCTIONSCROLL	3965
1169072426805	1	INSTRUCTIONSCROLL	3968
1169072426822	1	INSTRUCTIONSCROLL	3971
1169072426838	1	INSTRUCTIONSCROLL	3975
1169072426855	1	INSTRUCTIONSCROLL	3978
1169072426872	1	INSTRUCTIONSCROLL	3981
1169072426888	1	INSTRUCTIONSCROLL	3985
1169072426905	1	INSTRUCTIONSCROLL	3988
1169072426922	1	INSTRUCTIONSCROLL	3991
1169072426938	1	INSTRUCTIONSCROLL	3995
1169072426955	1	INSTRUCTIONSCROLL	3998
1169072427788	1	INSTRUCTIONSCROLL	3999
1169072427805	1	INSTRUCTIONSCROLL	4002
1169072427821	1	INSTRUCTIONSCROLL	4005
1169072427838	1	INSTRUCTIONSCROLL	4009
1169072427855	1	INSTRUCTIONSCROLL	4012
1169072427871	1	INSTRUCTIONSCROLL	4015
1169072427888	1	INSTRUCTIONSCROLL	4019
1169072438019	1	INSTRUCTIONSCROLL	4020
1169072438036	1	INSTRUCTIONSCROLL	4022
1169072438052	1	INSTRUCTIONSCROLL	4026
1169072438069	1	INSTRUCTIONSCROLL	4029
1169072438086	1	INSTRUCTIONSCROLL	4032
1169072438102	1	INSTRUCTIONSCROLL	4036
1169072438119	1	INSTRUCTIONSCROLL	4039
1169072438136	1	INSTRUCTIONSCROLL	4042
1169072438152	1	INSTRUCTIONSCROLL	4046
1169072438169	1	INSTRUCTIONSCROLL	4049
1169072438186	1	INSTRUCTIONSCROLL	4052
1169072438202	1	INSTRUCTIONSCROLL	4056
1169072438219	1	INSTRUCTIONSCROLL	4059
1169072438236	1	INSTRUCTIONSCROLL	4062
1169072438252	1	INSTRUCTIONSCROLL	4066
1169072438269	1	INSTRUCTIONSCROLL	4069
1169072438286	1	INSTRUCTIONSCROLL	4072
1169072438302	1	INSTRUCTIONSCROLL	4076
1169072438318	1	INSTRUCTIONSCROLL	4079
1169072438335	1	INSTRUCTIONSCROLL	4082
1169072438351	1	INSTRUCTIONSCROLL	4085
1169072438368	1	INSTRUCTIONSCROLL	4089
1169072438385	1	INSTRUCTIONSCROLL	4092
1169072438401	1	INSTRUCTIONSCROLL	4095
1169072438418	1	INSTRUCTIONSCROLL	4099
1169072438435	1	INSTRUCTIONSCROLL	4102
1169072438451	1	INSTRUCTIONSCROLL	4105
1169072438468	1	INSTRUCTIONSCROLL	4109
1169072438485	1	INSTRUCTIONSCROLL	4112
1169072438501	1	INSTRUCTIONSCROLL	4115
1169072438518	1	INSTRUCTIONSCROLL	4119
1169072438535	1	INSTRUCTIONSCROLL	4122
1169072438551	1	INSTRUCTIONSCROLL	4125
1169072438568	1	INSTRUCTIONSCROLL	4129
1169072438585	1	INSTRUCTIONSCROLL	4132
1169072438601	1	INSTRUCTIONSCROLL	4135
1169072438618	1	INSTRUCTIONSCROLL	4139
1169072438635	1	INSTRUCTIONSCROLL	4142
1169072438651	1	INSTRUCTIONSCROLL	4145
1169072438668	1	INSTRUCTIONSCROLL	4149
1169072438685	1	INSTRUCTIONSCROLL	4152
1169072438701	1	INSTRUCTIONSCROLL	4155
1169072438718	1	INSTRUCTIONSCROLL	4159
1169072438735	1	INSTRUCTIONSCROLL	4162
1169072438751	1	INSTRUCTIONSCROLL	4165
1169072438768	1	INSTRUCTIONSCROLL	4169
1169072438785	1	INSTRUCTIONSCROLL	4172
1169072438801	1	INSTRUCTIONSCROLL	4175
1169072438818	1	INSTRUCTIONSCROLL	4179
1169072438835	1	INSTRUCTIONSCROLL	4182
1169072438851	1	INSTRUCTIONSCROLL	4185
1169072438868	1	INSTRUCTIONSCROLL	4189
1169072438885	1	INSTRUCTIONSCROLL	4192
1169072438901	1	INSTRUCTIONSCROLL	4195
1169072438918	1	INSTRUCTIONSCROLL	4199
1169072438934	1	INSTRUCTIONSCROLL	4202
1169072438951	1	INSTRUCTIONSCROLL	4205
1169072438968	1	INSTRUCTIONSCROLL	4209
1169072438985	1	INSTRUCTIONSCROLL	4212
1169072439002	1	INSTRUCTIONSCROLL	4215
1169072439019	1	INSTRUCTIONSCROLL	4219
1169072439036	1	INSTRUCTIONSCROLL	4222
1169072439052	1	INSTRUCTIONSCROLL	4225
1169072439069	1	INSTRUCTIONSCROLL	4229
1169072439085	1	INSTRUCTIONSCROLL	4232
1169072439102	1	INSTRUCTIONSCROLL	4235
1169072439119	1	INSTRUCTIONSCROLL	4239
1169072439135	1	INSTRUCTIONSCROLL	4242
1169072439152	1	INSTRUCTIONSCROLL	4245
1169072439169	1	INSTRUCTIONSCROLL	4249
1169072439185	1	INSTRUCTIONSCROLL	4252
1169072439202	1	INSTRUCTIONSCROLL	4255
1169072439219	1	INSTRUCTIONSCROLL	4259
1169072439235	1	INSTRUCTIONSCROLL	4262
1169072439252	1	INSTRUCTIONSCROLL	4265
1169072439269	1	INSTRUCTIONSCROLL	4269
1169072439285	1	INSTRUCTIONSCROLL	4272
1169072439302	1	INSTRUCTIONSCROLL	4275
1169072439318	1	INSTRUCTIONSCROLL	4279
1169072439334	1	INSTRUCTIONSCROLL	4282
1169072439351	1	INSTRUCTIONSCROLL	4285
1169072439368	1	INSTRUCTIONSCROLL	4289
1169072439384	1	INSTRUCTIONSCROLL	4292
1169072439401	1	INSTRUCTIONSCROLL	4295
1169072439418	1	INSTRUCTIONSCROLL	4299
1169072439434	1	INSTRUCTIONSCROLL	4302
1169072439451	1	INSTRUCTIONSCROLL	4305
1169072439468	1	INSTRUCTIONSCROLL	4308
1169072439484	1	INSTRUCTIONSCROLL	4312
1169072439501	1	INSTRUCTIONSCROLL	4315
1169072439518	1	INSTRUCTIONSCROLL	4319
1169072439534	1	INSTRUCTIONSCROLL	4322
1169072439551	1	INSTRUCTIONSCROLL	4325
1169072439568	1	INSTRUCTIONSCROLL	4329
1169072439584	1	INSTRUCTIONSCROLL	4332
1169072439601	1	INSTRUCTIONSCROLL	4335
1169072439618	1	INSTRUCTIONSCROLL	4338
1169072439634	1	INSTRUCTIONSCROLL	4342
1169072439651	1	INSTRUCTIONSCROLL	4345
1169072439668	1	INSTRUCTIONSCROLL	4349
1169072439684	1	INSTRUCTIONSCROLL	4352
1169072439701	1	INSTRUCTIONSCROLL	4355
1169072439718	1	INSTRUCTIONSCROLL	4359
1169072439734	1	INSTRUCTIONSCROLL	4362
1169072439751	1	INSTRUCTIONSCROLL	4365
1169072439768	1	INSTRUCTIONSCROLL	4368
1169072439784	1	INSTRUCTIONSCROLL	4372
1169072439801	1	INSTRUCTIONSCROLL	4375
1169072439818	1	INSTRUCTIONSCROLL	4379
1169072439834	1	INSTRUCTIONSCROLL	4382
1169072439851	1	INSTRUCTIONSCROLL	4385
1169072439868	1	INSTRUCTIONSCROLL	4389
1169072439884	1	INSTRUCTIONSCROLL	4392
1169072439901	1	INSTRUCTIONSCROLL	4395
1169072439918	1	INSTRUCTIONSCROLL	4398
1169072439934	1	INSTRUCTIONSCROLL	4402
1169072439951	1	INSTRUCTIONSCROLL	4405
1169072439968	1	INSTRUCTIONSCROLL	4409
1169072439984	1	INSTRUCTIONSCROLL	4412
1169072440002	1	INSTRUCTIONSCROLL	4415
1169072440019	1	INSTRUCTIONSCROLL	4419
1169072440035	1	INSTRUCTIONSCROLL	4422
1169072440052	1	INSTRUCTIONSCROLL	4425
1169072440068	1	INSTRUCTIONSCROLL	4429
1169072440085	1	INSTRUCTIONSCROLL	4432
1169072440102	1	INSTRUCTIONSCROLL	4435
1169072440118	1	INSTRUCTIONSCROLL	4439
1169072440135	1	INSTRUCTIONSCROLL	4442
1169072440152	1	INSTRUCTIONSCROLL	4445
1169072440168	1	INSTRUCTIONSCROLL	4449
1169072440185	1	INSTRUCTIONSCROLL	4452
1169072440202	1	INSTRUCTIONSCROLL	4455
1169072440218	1	INSTRUCTIONSCROLL	4459
1169072440235	1	INSTRUCTIONSCROLL	4462
1169072440252	1	INSTRUCTIONSCROLL	4465
1169072440268	1	INSTRUCTIONSCROLL	4469
1169072440285	1	INSTRUCTIONSCROLL	4472
1169072440302	1	INSTRUCTIONSCROLL	4475
1169072440317	1	INSTRUCTIONSCROLL	4479
1169072440334	1	INSTRUCTIONSCROLL	4482
1169072440351	1	INSTRUCTIONSCROLL	4485
1169072440367	1	INSTRUCTIONSCROLL	4488
1169072440384	1	INSTRUCTIONSCROLL	4492
1169072440401	1	INSTRUCTIONSCROLL	4495
1169072440417	1	INSTRUCTIONSCROLL	4499
1169072440435	1	INSTRUCTIONSCROLL	4502
1169072440451	1	INSTRUCTIONSCROLL	4505
1169072440467	1	INSTRUCTIONSCROLL	4508
1169072440484	1	INSTRUCTIONSCROLL	4512
1169072440501	1	INSTRUCTIONSCROLL	4515
1169072440517	1	INSTRUCTIONSCROLL	4518
1169072440534	1	INSTRUCTIONSCROLL	4522
1169072440551	1	INSTRUCTIONSCROLL	4525
1169072440567	1	INSTRUCTIONSCROLL	4528
1169072440584	1	INSTRUCTIONSCROLL	4532
1169072440601	1	INSTRUCTIONSCROLL	4535
1169072440617	1	INSTRUCTIONSCROLL	4538
1169072440634	1	INSTRUCTIONSCROLL	4542
1169072440651	1	INSTRUCTIONSCROLL	4545
1169072440667	1	INSTRUCTIONSCROLL	4548
1169072440684	1	INSTRUCTIONSCROLL	4552
1169072440701	1	INSTRUCTIONSCROLL	4555
1169072440717	1	INSTRUCTIONSCROLL	4558
1169072440734	1	INSTRUCTIONSCROLL	4562
1169072440751	1	INSTRUCTIONSCROLL	4565
1169072440767	1	INSTRUCTIONSCROLL	4568
1169072440784	1	INSTRUCTIONSCROLL	4572
1169072440801	1	INSTRUCTIONSCROLL	4575
1169072440817	1	INSTRUCTIONSCROLL	4578
1169072440834	1	INSTRUCTIONSCROLL	4582
1169072440851	1	INSTRUCTIONSCROLL	4585
1169072440867	1	INSTRUCTIONSCROLL	4588
1169072440884	1	INSTRUCTIONSCROLL	4592
1169072440901	1	INSTRUCTIONSCROLL	4595
1169072440917	1	INSTRUCTIONSCROLL	4598
1169072440934	1	INSTRUCTIONSCROLL	4602
1169072440951	1	INSTRUCTIONSCROLL	4605
1169072440967	1	INSTRUCTIONSCROLL	4608
1169072440984	1	INSTRUCTIONSCROLL	4612
1169072441001	1	INSTRUCTIONSCROLL	4615
1169072441018	1	INSTRUCTIONSCROLL	4619
1169072441035	1	INSTRUCTIONSCROLL	4622
1169072441052	1	INSTRUCTIONSCROLL	4625
1169072441068	1	INSTRUCTIONSCROLL	4629
1169072441085	1	INSTRUCTIONSCROLL	4632
1169072441101	1	INSTRUCTIONSCROLL	4635
1169072441118	1	INSTRUCTIONSCROLL	4639
1169072441135	1	INSTRUCTIONSCROLL	4642
1169072441151	1	INSTRUCTIONSCROLL	4645
1169072441168	1	INSTRUCTIONSCROLL	4649
1169072441185	1	INSTRUCTIONSCROLL	4652
1169072441201	1	INSTRUCTIONSCROLL	4655
1169072441218	1	INSTRUCTIONSCROLL	4659
1169072441235	1	INSTRUCTIONSCROLL	4662
1169072441251	1	INSTRUCTIONSCROLL	4665
1169072441268	1	INSTRUCTIONSCROLL	4669
1169072441285	1	INSTRUCTIONSCROLL	4672
1169072441301	1	INSTRUCTIONSCROLL	4675
1169072441317	1	INSTRUCTIONSCROLL	4679
1169072441334	1	INSTRUCTIONSCROLL	4682
1169072441350	1	INSTRUCTIONSCROLL	4685
1169072441367	1	INSTRUCTIONSCROLL	4688
1169072441384	1	INSTRUCTIONSCROLL	4692
1169072441400	1	INSTRUCTIONSCROLL	4695
1169072441417	1	INSTRUCTIONSCROLL	4698
1169072441434	1	INSTRUCTIONSCROLL	4702
1169072441450	1	INSTRUCTIONSCROLL	4705
1169072441467	1	INSTRUCTIONSCROLL	4708
1169072441484	1	INSTRUCTIONSCROLL	4712
1169072441500	1	INSTRUCTIONSCROLL	4715
1169072441517	1	INSTRUCTIONSCROLL	4718
1169072441534	1	INSTRUCTIONSCROLL	4722
1169072441550	1	INSTRUCTIONSCROLL	4725
1169072441567	1	INSTRUCTIONSCROLL	4728
1169072441584	1	INSTRUCTIONSCROLL	4732
1169072441600	1	INSTRUCTIONSCROLL	4735
1169072458296	1	INSTRUCTIONSCROLL	4736
1169072458312	1	INSTRUCTIONSCROLL	4738
1169072458328	1	INSTRUCTIONSCROLL	4741
1169072458345	1	INSTRUCTIONSCROLL	4745
1169072458362	1	INSTRUCTIONSCROLL	4748
1169072458378	1	INSTRUCTIONSCROLL	4751
1169072458395	1	INSTRUCTIONSCROLL	4755
1169072458412	1	INSTRUCTIONSCROLL	4758
1169072458428	1	INSTRUCTIONSCROLL	4761
1169072458445	1	INSTRUCTIONSCROLL	4765
1169072458462	1	INSTRUCTIONSCROLL	4768
1169072458478	1	INSTRUCTIONSCROLL	4771
1169072458495	1	INSTRUCTIONSCROLL	4775
1169072458512	1	INSTRUCTIONSCROLL	4778
1169072458528	1	INSTRUCTIONSCROLL	4781
1169072458545	1	INSTRUCTIONSCROLL	4785
1169072458562	1	INSTRUCTIONSCROLL	4788
1169072458578	1	INSTRUCTIONSCROLL	4791
1169072458595	1	INSTRUCTIONSCROLL	4795
1169072458612	1	INSTRUCTIONSCROLL	4798
1169072458628	1	INSTRUCTIONSCROLL	4801
1169072458645	1	INSTRUCTIONSCROLL	4805
1169072458661	1	INSTRUCTIONSCROLL	4808
1169072458678	1	INSTRUCTIONSCROLL	4811
1169072458695	1	INSTRUCTIONSCROLL	4815
1169072458711	1	INSTRUCTIONSCROLL	4818
1169072458728	1	INSTRUCTIONSCROLL	4821
1169072458745	1	INSTRUCTIONSCROLL	4825
1169072458762	1	INSTRUCTIONSCROLL	4828
1169072458778	1	INSTRUCTIONSCROLL	4831
1169072458795	1	INSTRUCTIONSCROLL	4835
1169072462295	1	INSTRUCTIONSCROLL	4836
1169072462311	1	INSTRUCTIONSCROLL	4837
1169072462327	1	INSTRUCTIONSCROLL	4841
1169072462344	1	INSTRUCTIONSCROLL	4844
1169072462360	1	INSTRUCTIONSCROLL	4847
1169072462377	1	INSTRUCTIONSCROLL	4851
1169072462394	1	INSTRUCTIONSCROLL	4854
1169072462410	1	INSTRUCTIONSCROLL	4857
1169072462427	1	INSTRUCTIONSCROLL	4861
1169072462444	1	INSTRUCTIONSCROLL	4864
1169072462460	1	INSTRUCTIONSCROLL	4867
1169072462477	1	INSTRUCTIONSCROLL	4871
1169072462494	1	INSTRUCTIONSCROLL	4874
1169072462510	1	INSTRUCTIONSCROLL	4877
1169072462527	1	INSTRUCTIONSCROLL	4881
1169072462544	1	INSTRUCTIONSCROLL	4884
1169072462560	1	INSTRUCTIONSCROLL	4887
1169072462577	1	INSTRUCTIONSCROLL	4891
1169072462594	1	INSTRUCTIONSCROLL	4894
1169072462610	1	INSTRUCTIONSCROLL	4897
1169072462627	1	INSTRUCTIONSCROLL	4901
1169072462644	1	INSTRUCTIONSCROLL	4904
1169072462660	1	INSTRUCTIONSCROLL	4907
1169072462677	1	INSTRUCTIONSCROLL	4911
1169072462694	1	INSTRUCTIONSCROLL	4914
1169072462710	1	INSTRUCTIONSCROLL	4917
1169072462727	1	INSTRUCTIONSCROLL	4920
1169072462743	1	INSTRUCTIONSCROLL	4924
1169072462760	1	INSTRUCTIONSCROLL	4927
1169072462777	1	INSTRUCTIONSCROLL	4931
1169072462793	1	INSTRUCTIONSCROLL	4934
1169072462810	1	INSTRUCTIONSCROLL	4937
1169072462827	1	INSTRUCTIONSCROLL	4941
1169072462843	1	INSTRUCTIONSCROLL	4944
1169072462860	1	INSTRUCTIONSCROLL	4947
1169072462877	1	INSTRUCTIONSCROLL	4950
1169072462893	1	INSTRUCTIONSCROLL	4954
1169072462910	1	INSTRUCTIONSCROLL	4955
1169072522708	1	INSTRUCTIONSTOP	Button set (OR)
1169072522708	0	E	Logging Ends
