1158607927673	0	B	Logging Begins
1158607927674	0	INSTRUCTIONSTART	JointRoller	/Library/Frameworks/Python.framework/Versions/2.4/lib/python2.4/site-packages/pyepl/resources/vera.ttf	64	(1.000000, 1.000000, 1.000000, 1.000000)	"In the following experiment, your memory for associating names with faces will be tested.  The experiment will be divided into two halves, with each half testing you on a completely different set of names and faces.  After the first half, there will be a short break.\n\nThe procedure will be the same for each half.  Eight faces will be presented on the screen, consecutively, accompanied by their names.  A woman's voice will also speak the name when the face appears on the screen.  After five seconds, the face will disappear from the screen, a star (*) will flash on the screen for one second, and then the next face and name will appear.\n\nAfter you have seen all eight faces and names, you will be prompted to press any key in order to move on to a testing period.  During each trial of the testing period, you will see a face with a question mark (?) underneath it.  You will have to try and recall the name that goes with the face, and speak it out loud.  After five seconds the face will disappear from the screen, a star will flash on the screen for one second, and then the next face will appear with a question mark underneath it.\n\nFor each half, there will be ten study periods and ten test periods, alternating.  Each face will have the same name over the entire course of the half, so your task is to try and learn the faces' names as quickly and accurately as possible, and to be able to recall them as quickly and accurately as possible.\n\nDuring the test phase, do not worry if you make a mistake and recall the wrong name accidentally.  There is no penalty.  Also, if you are in the middle of recalling a name and the experiment moves on to the next face, do not stop yourself; continue speaking the name.  However, once the next face appears on the screen, you should give up trying to recall the last face and concentrate on the new one.\n\nDo you have any questions?\n\nPress <ENTER> to continue."
1158607927739	1	INSTRUCTIONSCROLL	0
1158607937825	1	INSTRUCTIONSCROLL	1
1158607937842	1	INSTRUCTIONSCROLL	5
1158607937859	1	INSTRUCTIONSCROLL	8
1158607937875	1	INSTRUCTIONSCROLL	11
1158607937892	1	INSTRUCTIONSCROLL	15
1158607937909	1	INSTRUCTIONSCROLL	18
1158607937925	1	INSTRUCTIONSCROLL	21
1158607938358	1	INSTRUCTIONSCROLL	22
1158607938375	1	INSTRUCTIONSCROLL	26
1158607938392	1	INSTRUCTIONSCROLL	29
1158607938408	1	INSTRUCTIONSCROLL	32
1158607938425	1	INSTRUCTIONSCROLL	36
1158607938584	1	INSTRUCTIONSCROLL	37
1158607938592	1	INSTRUCTIONSCROLL	38
1158607938608	1	INSTRUCTIONSCROLL	39
1158607938625	1	INSTRUCTIONSCROLL	42
1158607938798	1	INSTRUCTIONSCROLL	43
1158607938808	1	INSTRUCTIONSCROLL	44
1158607938825	1	INSTRUCTIONSCROLL	45
1158607938842	1	INSTRUCTIONSCROLL	49
1158607938858	1	INSTRUCTIONSCROLL	52
1158607938991	1	INSTRUCTIONSCROLL	53
1158607939009	1	INSTRUCTIONSCROLL	55
1158607939026	1	INSTRUCTIONSCROLL	59
1158607939043	1	INSTRUCTIONSCROLL	62
1158607939059	1	INSTRUCTIONSCROLL	65
1158607939076	1	INSTRUCTIONSCROLL	69
1158607939092	1	INSTRUCTIONSCROLL	72
1158607939242	1	INSTRUCTIONSCROLL	73
1158607939259	1	INSTRUCTIONSCROLL	75
1158607939275	1	INSTRUCTIONSCROLL	79
1158607939291	1	INSTRUCTIONSCROLL	82
1158607939441	1	INSTRUCTIONSCROLL	83
1158607939458	1	INSTRUCTIONSCROLL	85
1158607939475	1	INSTRUCTIONSCROLL	88
1158607939491	1	INSTRUCTIONSCROLL	92
1158607939508	1	INSTRUCTIONSCROLL	95
1158607939671	1	INSTRUCTIONSCROLL	96
1158607939691	1	INSTRUCTIONSCROLL	97
1158607939708	1	INSTRUCTIONSCROLL	100
1158607939725	1	INSTRUCTIONSCROLL	104
1158607939889	1	INSTRUCTIONSCROLL	105
1158607939894	1	INSTRUCTIONSCROLL	106
1158607939908	1	INSTRUCTIONSCROLL	107
1158607939924	1	INSTRUCTIONSCROLL	109
1158607939941	1	INSTRUCTIONSCROLL	112
1158607939958	1	INSTRUCTIONSCROLL	116
1158607939975	1	INSTRUCTIONSCROLL	119
1158607939991	1	INSTRUCTIONSCROLL	122
1158607940009	1	INSTRUCTIONSCROLL	126
1158607940025	1	INSTRUCTIONSCROLL	129
1158607940042	1	INSTRUCTIONSCROLL	133
1158607940059	1	INSTRUCTIONSCROLL	136
1158607940075	1	INSTRUCTIONSCROLL	139
1158607940092	1	INSTRUCTIONSCROLL	143
1158607940109	1	INSTRUCTIONSCROLL	146
1158607940125	1	INSTRUCTIONSCROLL	149
1158607940142	1	INSTRUCTIONSCROLL	153
1158607940159	1	INSTRUCTIONSCROLL	156
1158607940175	1	INSTRUCTIONSCROLL	159
1158607940192	1	INSTRUCTIONSCROLL	163
1158607940209	1	INSTRUCTIONSCROLL	166
1158607940226	1	INSTRUCTIONSCROLL	169
1158607940242	1	INSTRUCTIONSCROLL	173
1158607940259	1	INSTRUCTIONSCROLL	176
1158607940275	1	INSTRUCTIONSCROLL	179
1158607941087	1	INSTRUCTIONSCROLL	180
1158607941092	1	INSTRUCTIONSCROLL	181
1158607941108	1	INSTRUCTIONSCROLL	182
1158607941125	1	INSTRUCTIONSCROLL	185
1158607941142	1	INSTRUCTIONSCROLL	188
1158607941158	1	INSTRUCTIONSCROLL	191
1158607941175	1	INSTRUCTIONSCROLL	195
1158607941192	1	INSTRUCTIONSCROLL	198
1158607941208	1	INSTRUCTIONSCROLL	201
1158607941225	1	INSTRUCTIONSCROLL	205
1158607941242	1	INSTRUCTIONSCROLL	208
1158607941258	1	INSTRUCTIONSCROLL	211
1158607941274	1	INSTRUCTIONSCROLL	215
1158607941291	1	INSTRUCTIONSCROLL	218
1158607941307	1	INSTRUCTIONSCROLL	221
1158607941324	1	INSTRUCTIONSCROLL	224
1158607941341	1	INSTRUCTIONSCROLL	228
1158607941357	1	INSTRUCTIONSCROLL	231
1158607941374	1	INSTRUCTIONSCROLL	234
1158607941391	1	INSTRUCTIONSCROLL	238
1158607941407	1	INSTRUCTIONSCROLL	241
1158607941424	1	INSTRUCTIONSCROLL	244
1158607941441	1	INSTRUCTIONSCROLL	248
1158607941457	1	INSTRUCTIONSCROLL	251
1158607941474	1	INSTRUCTIONSCROLL	254
1158607941491	1	INSTRUCTIONSCROLL	258
1158607941507	1	INSTRUCTIONSCROLL	261
1158607942288	1	INSTRUCTIONSCROLL	262
1158607942293	1	INSTRUCTIONSCROLL	263
1158607942307	1	INSTRUCTIONSCROLL	264
1158607942324	1	INSTRUCTIONSCROLL	266
1158607942340	1	INSTRUCTIONSCROLL	269
1158607942357	1	INSTRUCTIONSCROLL	273
1158607942374	1	INSTRUCTIONSCROLL	276
1158607942390	1	INSTRUCTIONSCROLL	279
1158607942407	1	INSTRUCTIONSCROLL	283
1158607942424	1	INSTRUCTIONSCROLL	286
1158607942440	1	INSTRUCTIONSCROLL	289
1158607942457	1	INSTRUCTIONSCROLL	293
1158607942474	1	INSTRUCTIONSCROLL	296
1158607942490	1	INSTRUCTIONSCROLL	299
1158607942507	1	INSTRUCTIONSCROLL	303
1158607942524	1	INSTRUCTIONSCROLL	306
1158607942540	1	INSTRUCTIONSCROLL	309
1158607942557	1	INSTRUCTIONSCROLL	313
1158607942574	1	INSTRUCTIONSCROLL	316
1158607942590	1	INSTRUCTIONSCROLL	319
1158607942607	1	INSTRUCTIONSCROLL	323
1158607942624	1	INSTRUCTIONSCROLL	326
1158607942640	1	INSTRUCTIONSCROLL	329
1158607943397	1	INSTRUCTIONSCROLL	330
1158607943407	1	INSTRUCTIONSCROLL	331
1158607943423	1	INSTRUCTIONSCROLL	332
1158607943440	1	INSTRUCTIONSCROLL	336
1158607943457	1	INSTRUCTIONSCROLL	339
1158607943473	1	INSTRUCTIONSCROLL	342
1158607943490	1	INSTRUCTIONSCROLL	346
1158607943507	1	INSTRUCTIONSCROLL	349
1158607943523	1	INSTRUCTIONSCROLL	352
1158607943540	1	INSTRUCTIONSCROLL	356
1158607943557	1	INSTRUCTIONSCROLL	359
1158607943573	1	INSTRUCTIONSCROLL	362
1158607943590	1	INSTRUCTIONSCROLL	366
1158607943607	1	INSTRUCTIONSCROLL	369
1158607943623	1	INSTRUCTIONSCROLL	372
1158607943640	1	INSTRUCTIONSCROLL	376
1158607943657	1	INSTRUCTIONSCROLL	379
1158607943673	1	INSTRUCTIONSCROLL	382
1158607943690	1	INSTRUCTIONSCROLL	386
1158607943707	1	INSTRUCTIONSCROLL	389
1158607943723	1	INSTRUCTIONSCROLL	392
1158607943740	1	INSTRUCTIONSCROLL	396
1158607943757	1	INSTRUCTIONSCROLL	399
1158607943773	1	INSTRUCTIONSCROLL	402
1158607943790	1	INSTRUCTIONSCROLL	406
1158607944689	1	INSTRUCTIONSCROLL	407
1158607944706	1	INSTRUCTIONSCROLL	408
1158607944723	1	INSTRUCTIONSCROLL	411
1158607944740	1	INSTRUCTIONSCROLL	414
1158607944756	1	INSTRUCTIONSCROLL	417
1158607944773	1	INSTRUCTIONSCROLL	421
1158607944790	1	INSTRUCTIONSCROLL	424
1158607944806	1	INSTRUCTIONSCROLL	427
1158607944823	1	INSTRUCTIONSCROLL	431
1158607944840	1	INSTRUCTIONSCROLL	434
1158607944856	1	INSTRUCTIONSCROLL	437
1158607944873	1	INSTRUCTIONSCROLL	441
1158607944890	1	INSTRUCTIONSCROLL	444
1158607944906	1	INSTRUCTIONSCROLL	447
1158607944923	1	INSTRUCTIONSCROLL	451
1158607944940	1	INSTRUCTIONSCROLL	454
1158607944956	1	INSTRUCTIONSCROLL	457
1158607944973	1	INSTRUCTIONSCROLL	461
1158607944990	1	INSTRUCTIONSCROLL	464
1158607945007	1	INSTRUCTIONSCROLL	467
1158607945027	1	INSTRUCTIONSCROLL	473
1158607945041	1	INSTRUCTIONSCROLL	475
1158607945057	1	INSTRUCTIONSCROLL	478
1158607946272	1	INSTRUCTIONSCROLL	479
1158607946289	1	INSTRUCTIONSCROLL	482
1158607946306	1	INSTRUCTIONSCROLL	486
1158607946322	1	INSTRUCTIONSCROLL	489
1158607946339	1	INSTRUCTIONSCROLL	492
1158607946356	1	INSTRUCTIONSCROLL	496
1158607946372	1	INSTRUCTIONSCROLL	499
1158607946389	1	INSTRUCTIONSCROLL	502
1158607946406	1	INSTRUCTIONSCROLL	505
1158607946422	1	INSTRUCTIONSCROLL	509
1158607946439	1	INSTRUCTIONSCROLL	512
1158607946456	1	INSTRUCTIONSCROLL	515
1158607946472	1	INSTRUCTIONSCROLL	519
1158607946489	1	INSTRUCTIONSCROLL	522
1158607946506	1	INSTRUCTIONSCROLL	525
1158607946522	1	INSTRUCTIONSCROLL	529
1158607946539	1	INSTRUCTIONSCROLL	532
1158607946556	1	INSTRUCTIONSCROLL	535
1158607946572	1	INSTRUCTIONSCROLL	539
1158607946589	1	INSTRUCTIONSCROLL	542
1158607946606	1	INSTRUCTIONSCROLL	545
1158607946622	1	INSTRUCTIONSCROLL	549
1158607946639	1	INSTRUCTIONSCROLL	552
1158607946656	1	INSTRUCTIONSCROLL	555
1158607946672	1	INSTRUCTIONSCROLL	559
1158607946689	1	INSTRUCTIONSCROLL	562
1158607946706	1	INSTRUCTIONSCROLL	565
1158607946722	1	INSTRUCTIONSCROLL	569
1158607947123	1	INSTRUCTIONSCROLL	570
1158607947140	1	INSTRUCTIONSCROLL	571
1158607947156	1	INSTRUCTIONSCROLL	574
1158607947173	1	INSTRUCTIONSCROLL	577
1158607947190	1	INSTRUCTIONSCROLL	581
1158607947206	1	INSTRUCTIONSCROLL	584
1158607947223	1	INSTRUCTIONSCROLL	587
1158607947240	1	INSTRUCTIONSCROLL	591
1158607947256	1	INSTRUCTIONSCROLL	594
1158607947272	1	INSTRUCTIONSCROLL	597
1158607947289	1	INSTRUCTIONSCROLL	601
1158607947305	1	INSTRUCTIONSCROLL	604
1158607947322	1	INSTRUCTIONSCROLL	607
1158607947339	1	INSTRUCTIONSCROLL	611
1158607947355	1	INSTRUCTIONSCROLL	614
1158607947372	1	INSTRUCTIONSCROLL	617
1158607947389	1	INSTRUCTIONSCROLL	620
1158607947405	1	INSTRUCTIONSCROLL	624
1158607947422	1	INSTRUCTIONSCROLL	627
1158607947439	1	INSTRUCTIONSCROLL	630
1158607947455	1	INSTRUCTIONSCROLL	634
1158607947472	1	INSTRUCTIONSCROLL	637
1158607947489	1	INSTRUCTIONSCROLL	640
1158607947505	1	INSTRUCTIONSCROLL	644
1158607947522	1	INSTRUCTIONSCROLL	647
1158607947539	1	INSTRUCTIONSCROLL	650
1158607947555	1	INSTRUCTIONSCROLL	656
1158607947572	1	INSTRUCTIONSCROLL	657
1158607947772	1	INSTRUCTIONSCROLL	658
1158607947789	1	INSTRUCTIONSCROLL	661
1158607947805	1	INSTRUCTIONSCROLL	664
1158607947822	1	INSTRUCTIONSCROLL	668
1158607947839	1	INSTRUCTIONSCROLL	671
1158607947855	1	INSTRUCTIONSCROLL	674
1158607947872	1	INSTRUCTIONSCROLL	678
1158607947888	1	INSTRUCTIONSCROLL	681
1158607947905	1	INSTRUCTIONSCROLL	684
1158607947922	1	INSTRUCTIONSCROLL	688
1158607947939	1	INSTRUCTIONSCROLL	691
1158607947955	1	INSTRUCTIONSCROLL	694
1158607947972	1	INSTRUCTIONSCROLL	698
1158607947989	1	INSTRUCTIONSCROLL	701
1158607948006	1	INSTRUCTIONSCROLL	704
1158607948023	1	INSTRUCTIONSCROLL	708
1158607948040	1	INSTRUCTIONSCROLL	711
1158607948056	1	INSTRUCTIONSCROLL	715
1158607948073	1	INSTRUCTIONSCROLL	718
1158607948090	1	INSTRUCTIONSCROLL	721
1158607948106	1	INSTRUCTIONSCROLL	725
1158607948123	1	INSTRUCTIONSCROLL	728
1158607948139	1	INSTRUCTIONSCROLL	731
1158607948156	1	INSTRUCTIONSCROLL	735
1158607948173	1	INSTRUCTIONSCROLL	738
1158607948189	1	INSTRUCTIONSCROLL	741
1158607948206	1	INSTRUCTIONSCROLL	745
1158607948223	1	INSTRUCTIONSCROLL	748
1158607948240	1	INSTRUCTIONSCROLL	751
1158607948256	1	INSTRUCTIONSCROLL	755
1158607948272	1	INSTRUCTIONSCROLL	758
1158607948288	1	INSTRUCTIONSCROLL	761
1158607948305	1	INSTRUCTIONSCROLL	764
1158607948322	1	INSTRUCTIONSCROLL	768
1158607948338	1	INSTRUCTIONSCROLL	771
1158607948355	1	INSTRUCTIONSCROLL	774
1158607948372	1	INSTRUCTIONSCROLL	778
1158607948388	1	INSTRUCTIONSCROLL	781
1158607948405	1	INSTRUCTIONSCROLL	784
1158607948422	1	INSTRUCTIONSCROLL	788
1158607948438	1	INSTRUCTIONSCROLL	791
1158607948455	1	INSTRUCTIONSCROLL	794
1158607948472	1	INSTRUCTIONSCROLL	798
1158607948912	1	INSTRUCTIONSCROLL	799
1158607948922	1	INSTRUCTIONSCROLL	800
1158607948938	1	INSTRUCTIONSCROLL	801
1158607948955	1	INSTRUCTIONSCROLL	805
1158607948972	1	INSTRUCTIONSCROLL	808
1158607948988	1	INSTRUCTIONSCROLL	811
1158607949006	1	INSTRUCTIONSCROLL	815
1158607949022	1	INSTRUCTIONSCROLL	818
1158607949039	1	INSTRUCTIONSCROLL	821
1158607949056	1	INSTRUCTIONSCROLL	825
1158607949073	1	INSTRUCTIONSCROLL	828
1158607949089	1	INSTRUCTIONSCROLL	831
1158607949106	1	INSTRUCTIONSCROLL	835
1158607949122	1	INSTRUCTIONSCROLL	838
1158607949139	1	INSTRUCTIONSCROLL	841
1158607949156	1	INSTRUCTIONSCROLL	845
1158607949172	1	INSTRUCTIONSCROLL	848
1158607949189	1	INSTRUCTIONSCROLL	851
1158607949206	1	INSTRUCTIONSCROLL	855
1158607949222	1	INSTRUCTIONSCROLL	858
1158607949239	1	INSTRUCTIONSCROLL	861
1158607949256	1	INSTRUCTIONSCROLL	865
1158607949271	1	INSTRUCTIONSCROLL	868
1158607949288	1	INSTRUCTIONSCROLL	871
1158607949305	1	INSTRUCTIONSCROLL	874
1158607949321	1	INSTRUCTIONSCROLL	878
1158607949338	1	INSTRUCTIONSCROLL	881
1158607949814	1	INSTRUCTIONSCROLL	882
1158607949821	1	INSTRUCTIONSCROLL	883
1158607949838	1	INSTRUCTIONSCROLL	884
1158607949855	1	INSTRUCTIONSCROLL	887
1158607949871	1	INSTRUCTIONSCROLL	890
1158607949888	1	INSTRUCTIONSCROLL	894
1158607949905	1	INSTRUCTIONSCROLL	897
1158607949921	1	INSTRUCTIONSCROLL	900
1158607949938	1	INSTRUCTIONSCROLL	904
1158607949955	1	INSTRUCTIONSCROLL	907
1158607949971	1	INSTRUCTIONSCROLL	910
1158607949988	1	INSTRUCTIONSCROLL	914
1158607950005	1	INSTRUCTIONSCROLL	917
1158607950022	1	INSTRUCTIONSCROLL	921
1158607950039	1	INSTRUCTIONSCROLL	924
1158607950056	1	INSTRUCTIONSCROLL	927
1158607950072	1	INSTRUCTIONSCROLL	931
1158607950089	1	INSTRUCTIONSCROLL	934
1158607950106	1	INSTRUCTIONSCROLL	937
1158607950122	1	INSTRUCTIONSCROLL	941
1158607950139	1	INSTRUCTIONSCROLL	944
1158607950155	1	INSTRUCTIONSCROLL	947
1158607950172	1	INSTRUCTIONSCROLL	951
1158607950189	1	INSTRUCTIONSCROLL	954
1158607951072	1	INSTRUCTIONSCROLL	955
1158607951089	1	INSTRUCTIONSCROLL	957
1158607951105	1	INSTRUCTIONSCROLL	960
1158607951122	1	INSTRUCTIONSCROLL	964
1158607951138	1	INSTRUCTIONSCROLL	967
1158607951155	1	INSTRUCTIONSCROLL	970
1158607951172	1	INSTRUCTIONSCROLL	974
1158607951188	1	INSTRUCTIONSCROLL	977
1158607951205	1	INSTRUCTIONSCROLL	980
1158607951222	1	INSTRUCTIONSCROLL	984
1158607951238	1	INSTRUCTIONSCROLL	987
1158607951255	1	INSTRUCTIONSCROLL	990
1158607951271	1	INSTRUCTIONSCROLL	994
1158607951287	1	INSTRUCTIONSCROLL	997
1158607951304	1	INSTRUCTIONSCROLL	1000
1158607951321	1	INSTRUCTIONSCROLL	1003
1158607952177	1	INSTRUCTIONSCROLL	1004
1158607952188	1	INSTRUCTIONSCROLL	1005
1158607952205	1	INSTRUCTIONSCROLL	1007
1158607952221	1	INSTRUCTIONSCROLL	1011
1158607952238	1	INSTRUCTIONSCROLL	1014
1158607952255	1	INSTRUCTIONSCROLL	1017
1158607952270	1	INSTRUCTIONSCROLL	1021
1158607952287	1	INSTRUCTIONSCROLL	1024
1158607952304	1	INSTRUCTIONSCROLL	1027
1158607952320	1	INSTRUCTIONSCROLL	1030
1158607952337	1	INSTRUCTIONSCROLL	1034
1158607952599	1	INSTRUCTIONSCROLL	1035
1158607952604	1	INSTRUCTIONSCROLL	1036
1158607952620	1	INSTRUCTIONSCROLL	1037
1158607952637	1	INSTRUCTIONSCROLL	1040
1158607952654	1	INSTRUCTIONSCROLL	1043
1158607952670	1	INSTRUCTIONSCROLL	1046
1158607952687	1	INSTRUCTIONSCROLL	1052
1158607952704	1	INSTRUCTIONSCROLL	1053
1158607952720	1	INSTRUCTIONSCROLL	1056
1158607952737	1	INSTRUCTIONSCROLL	1060
1158607952754	1	INSTRUCTIONSCROLL	1063
1158607952770	1	INSTRUCTIONSCROLL	1066
1158607952787	1	INSTRUCTIONSCROLL	1070
1158607952804	1	INSTRUCTIONSCROLL	1073
1158607952820	1	INSTRUCTIONSCROLL	1076
1158607953105	1	INSTRUCTIONSCROLL	1077
1158607953121	1	INSTRUCTIONSCROLL	1078
1158607953138	1	INSTRUCTIONSCROLL	1081
1158607953154	1	INSTRUCTIONSCROLL	1084
1158607953171	1	INSTRUCTIONSCROLL	1088
1158607953188	1	INSTRUCTIONSCROLL	1091
1158607953205	1	INSTRUCTIONSCROLL	1094
1158607953221	1	INSTRUCTIONSCROLL	1098
1158607953238	1	INSTRUCTIONSCROLL	1101
1158607953517	1	INSTRUCTIONSCROLL	1102
1158607953522	1	INSTRUCTIONSCROLL	1103
1158607953537	1	INSTRUCTIONSCROLL	1104
1158607953553	1	INSTRUCTIONSCROLL	1106
1158607953570	1	INSTRUCTIONSCROLL	1110
1158607953587	1	INSTRUCTIONSCROLL	1113
1158607953603	1	INSTRUCTIONSCROLL	1116
1158607953620	1	INSTRUCTIONSCROLL	1120
1158607953637	1	INSTRUCTIONSCROLL	1123
1158607953653	1	INSTRUCTIONSCROLL	1126
1158607953670	1	INSTRUCTIONSCROLL	1130
1158607953687	1	INSTRUCTIONSCROLL	1135
1158607953703	1	INSTRUCTIONSCROLL	1136
1158607953720	1	INSTRUCTIONSCROLL	1140
1158607953986	1	INSTRUCTIONSCROLL	1141
1158607954004	1	INSTRUCTIONSCROLL	1142
1158607954021	1	INSTRUCTIONSCROLL	1145
1158607954037	1	INSTRUCTIONSCROLL	1149
1158607954054	1	INSTRUCTIONSCROLL	1152
1158607954071	1	INSTRUCTIONSCROLL	1155
1158607954088	1	INSTRUCTIONSCROLL	1159
1158607954104	1	INSTRUCTIONSCROLL	1162
1158607954121	1	INSTRUCTIONSCROLL	1165
1158607954137	1	INSTRUCTIONSCROLL	1169
1158607954154	1	INSTRUCTIONSCROLL	1172
1158607954171	1	INSTRUCTIONSCROLL	1175
1158607954470	1	INSTRUCTIONSCROLL	1176
1158607954486	1	INSTRUCTIONSCROLL	1177
1158607954503	1	INSTRUCTIONSCROLL	1180
1158607954520	1	INSTRUCTIONSCROLL	1183
1158607954536	1	INSTRUCTIONSCROLL	1187
1158607954553	1	INSTRUCTIONSCROLL	1190
1158607954570	1	INSTRUCTIONSCROLL	1193
1158607954586	1	INSTRUCTIONSCROLL	1197
1158607954603	1	INSTRUCTIONSCROLL	1200
1158607954620	1	INSTRUCTIONSCROLL	1203
1158607954636	1	INSTRUCTIONSCROLL	1207
1158607954653	1	INSTRUCTIONSCROLL	1210
1158607954670	1	INSTRUCTIONSCROLL	1213
1158607954686	1	INSTRUCTIONSCROLL	1217
1158607954703	1	INSTRUCTIONSCROLL	1220
1158607954720	1	INSTRUCTIONSCROLL	1223
1158607954736	1	INSTRUCTIONSCROLL	1227
1158607954753	1	INSTRUCTIONSCROLL	1230
1158607954770	1	INSTRUCTIONSCROLL	1233
1158607954786	1	INSTRUCTIONSCROLL	1237
1158607954803	1	INSTRUCTIONSCROLL	1240
1158607954820	1	INSTRUCTIONSCROLL	1243
1158607954836	1	INSTRUCTIONSCROLL	1247
1158607954853	1	INSTRUCTIONSCROLL	1250
1158607955670	1	INSTRUCTIONSCROLL	1251
1158607955686	1	INSTRUCTIONSCROLL	1252
1158607955703	1	INSTRUCTIONSCROLL	1257
1158607955719	1	INSTRUCTIONSCROLL	1258
1158607955736	1	INSTRUCTIONSCROLL	1261
1158607955753	1	INSTRUCTIONSCROLL	1264
1158607955769	1	INSTRUCTIONSCROLL	1268
1158607955786	1	INSTRUCTIONSCROLL	1271
1158607955803	1	INSTRUCTIONSCROLL	1274
1158607955819	1	INSTRUCTIONSCROLL	1278
1158607955836	1	INSTRUCTIONSCROLL	1281
1158607955853	1	INSTRUCTIONSCROLL	1284
1158607955869	1	INSTRUCTIONSCROLL	1288
1158607955886	1	INSTRUCTIONSCROLL	1291
1158607955903	1	INSTRUCTIONSCROLL	1294
1158607955919	1	INSTRUCTIONSCROLL	1298
1158607955936	1	INSTRUCTIONSCROLL	1301
1158607955953	1	INSTRUCTIONSCROLL	1304
1158607955969	1	INSTRUCTIONSCROLL	1308
1158607956669	1	INSTRUCTIONSCROLL	1309
1158607956686	1	INSTRUCTIONSCROLL	1310
1158607956702	1	INSTRUCTIONSCROLL	1314
1158607956719	1	INSTRUCTIONSCROLL	1317
1158607956736	1	INSTRUCTIONSCROLL	1320
1158607956752	1	INSTRUCTIONSCROLL	1324
1158607956769	1	INSTRUCTIONSCROLL	1327
1158607956786	1	INSTRUCTIONSCROLL	1330
1158607956802	1	INSTRUCTIONSCROLL	1334
1158607956819	1	INSTRUCTIONSCROLL	1337
1158607956836	1	INSTRUCTIONSCROLL	1340
1158607956852	1	INSTRUCTIONSCROLL	1344
1158607956869	1	INSTRUCTIONSCROLL	1347
1158607956886	1	INSTRUCTIONSCROLL	1350
1158607956919	1	INSTRUCTIONSCROLL	1356
1158607956936	1	INSTRUCTIONSCROLL	1360
1158607956952	1	INSTRUCTIONSCROLL	1364
1158607956969	1	INSTRUCTIONSCROLL	1367
1158607956986	1	INSTRUCTIONSCROLL	1370
1158607957003	1	INSTRUCTIONSCROLL	1374
1158607957020	1	INSTRUCTIONSCROLL	1377
1158607957037	1	INSTRUCTIONSCROLL	1380
1158607957053	1	INSTRUCTIONSCROLL	1384
1158607957070	1	INSTRUCTIONSCROLL	1387
1158607957087	1	INSTRUCTIONSCROLL	1390
1158607957103	1	INSTRUCTIONSCROLL	1394
1158607959112	1	INSTRUCTIONSCROLL	1395
1158607959119	1	INSTRUCTIONSCROLL	1396
1158607959136	1	INSTRUCTIONSCROLL	1397
1158607959153	1	INSTRUCTIONSCROLL	1400
1158607959169	1	INSTRUCTIONSCROLL	1403
1158607959186	1	INSTRUCTIONSCROLL	1407
1158607959202	1	INSTRUCTIONSCROLL	1410
1158607959219	1	INSTRUCTIONSCROLL	1413
1158607959236	1	INSTRUCTIONSCROLL	1417
1158607959252	1	INSTRUCTIONSCROLL	1420
1158607959268	1	INSTRUCTIONSCROLL	1423
1158607959285	1	INSTRUCTIONSCROLL	1427
1158607959301	1	INSTRUCTIONSCROLL	1430
1158607959318	1	INSTRUCTIONSCROLL	1433
1158607959335	1	INSTRUCTIONSCROLL	1437
1158607959351	1	INSTRUCTIONSCROLL	1440
1158607959368	1	INSTRUCTIONSCROLL	1443
1158607959385	1	INSTRUCTIONSCROLL	1447
1158607959401	1	INSTRUCTIONSCROLL	1450
1158607959418	1	INSTRUCTIONSCROLL	1453
1158607959435	1	INSTRUCTIONSCROLL	1457
1158607959452	1	INSTRUCTIONSCROLL	1460
1158607959468	1	INSTRUCTIONSCROLL	1463
1158607959485	1	INSTRUCTIONSCROLL	1466
1158607959501	1	INSTRUCTIONSCROLL	1470
1158607959518	1	INSTRUCTIONSCROLL	1473
1158607959535	1	INSTRUCTIONSCROLL	1476
1158607959551	1	INSTRUCTIONSCROLL	1480
1158607959568	1	INSTRUCTIONSCROLL	1483
1158607959949	1	INSTRUCTIONSCROLL	1484
1158607959968	1	INSTRUCTIONSCROLL	1485
1158607959985	1	INSTRUCTIONSCROLL	1488
1158607960002	1	INSTRUCTIONSCROLL	1491
1158607960019	1	INSTRUCTIONSCROLL	1495
1158607960036	1	INSTRUCTIONSCROLL	1498
1158607960052	1	INSTRUCTIONSCROLL	1502
1158607960069	1	INSTRUCTIONSCROLL	1505
1158607960086	1	INSTRUCTIONSCROLL	1508
1158607960102	1	INSTRUCTIONSCROLL	1514
1158607960119	1	INSTRUCTIONSCROLL	1515
1158607960136	1	INSTRUCTIONSCROLL	1518
1158607960152	1	INSTRUCTIONSCROLL	1522
1158607960169	1	INSTRUCTIONSCROLL	1525
1158607960185	1	INSTRUCTIONSCROLL	1528
1158607960202	1	INSTRUCTIONSCROLL	1532
1158607960219	1	INSTRUCTIONSCROLL	1535
1158607960236	1	INSTRUCTIONSCROLL	1538
1158607960252	1	INSTRUCTIONSCROLL	1542
1158607960268	1	INSTRUCTIONSCROLL	1545
1158607960284	1	INSTRUCTIONSCROLL	1548
1158607960301	1	INSTRUCTIONSCROLL	1551
1158607961102	1	INSTRUCTIONSCROLL	1552
1158607961119	1	INSTRUCTIONSCROLL	1556
1158607961135	1	INSTRUCTIONSCROLL	1559
1158607961152	1	INSTRUCTIONSCROLL	1562
1158607961169	1	INSTRUCTIONSCROLL	1566
1158607961185	1	INSTRUCTIONSCROLL	1569
1158607961202	1	INSTRUCTIONSCROLL	1572
1158607961218	1	INSTRUCTIONSCROLL	1576
1158607961235	1	INSTRUCTIONSCROLL	1579
1158607961252	1	INSTRUCTIONSCROLL	1582
1158607961267	1	INSTRUCTIONSCROLL	1586
1158607961284	1	INSTRUCTIONSCROLL	1591
1158607961301	1	INSTRUCTIONSCROLL	1592
1158607961317	1	INSTRUCTIONSCROLL	1595
1158607961334	1	INSTRUCTIONSCROLL	1599
1158607961351	1	INSTRUCTIONSCROLL	1602
1158607961367	1	INSTRUCTIONSCROLL	1605
1158607961384	1	INSTRUCTIONSCROLL	1609
1158607961401	1	INSTRUCTIONSCROLL	1612
1158607961417	1	INSTRUCTIONSCROLL	1615
1158607961434	1	INSTRUCTIONSCROLL	1619
1158607961451	1	INSTRUCTIONSCROLL	1622
1158607961467	1	INSTRUCTIONSCROLL	1625
1158607962417	1	INSTRUCTIONSCROLL	1626
1158607962434	1	INSTRUCTIONSCROLL	1629
1158607962450	1	INSTRUCTIONSCROLL	1632
1158607962467	1	INSTRUCTIONSCROLL	1636
1158607962484	1	INSTRUCTIONSCROLL	1639
1158607962500	1	INSTRUCTIONSCROLL	1642
1158607962517	1	INSTRUCTIONSCROLL	1646
1158607962534	1	INSTRUCTIONSCROLL	1649
1158607962550	1	INSTRUCTIONSCROLL	1652
1158607962567	1	INSTRUCTIONSCROLL	1656
1158607962584	1	INSTRUCTIONSCROLL	1659
1158607962600	1	INSTRUCTIONSCROLL	1662
1158607962617	1	INSTRUCTIONSCROLL	1666
1158607962634	1	INSTRUCTIONSCROLL	1669
1158607962650	1	INSTRUCTIONSCROLL	1672
1158607962667	1	INSTRUCTIONSCROLL	1676
1158607962684	1	INSTRUCTIONSCROLL	1679
1158607962700	1	INSTRUCTIONSCROLL	1682
1158607962717	1	INSTRUCTIONSCROLL	1686
1158607962734	1	INSTRUCTIONSCROLL	1689
1158607962750	1	INSTRUCTIONSCROLL	1692
1158607963700	1	INSTRUCTIONSCROLL	1693
1158607963717	1	INSTRUCTIONSCROLL	1696
1158607963733	1	INSTRUCTIONSCROLL	1700
1158607963750	1	INSTRUCTIONSCROLL	1703
1158607963767	1	INSTRUCTIONSCROLL	1706
1158607963783	1	INSTRUCTIONSCROLL	1710
1158607963800	1	INSTRUCTIONSCROLL	1713
1158607963817	1	INSTRUCTIONSCROLL	1716
1158607963833	1	INSTRUCTIONSCROLL	1720
1158607963850	1	INSTRUCTIONSCROLL	1723
1158607963867	1	INSTRUCTIONSCROLL	1726
1158607963883	1	INSTRUCTIONSCROLL	1730
1158607963900	1	INSTRUCTIONSCROLL	1733
1158607963917	1	INSTRUCTIONSCROLL	1736
1158607963933	1	INSTRUCTIONSCROLL	1740
1158607963950	1	INSTRUCTIONSCROLL	1743
1158607963967	1	INSTRUCTIONSCROLL	1746
1158607963983	1	INSTRUCTIONSCROLL	1750
1158607964000	1	INSTRUCTIONSCROLL	1753
1158607964018	1	INSTRUCTIONSCROLL	1756
1158607964034	1	INSTRUCTIONSCROLL	1760
1158607964051	1	INSTRUCTIONSCROLL	1763
1158607964068	1	INSTRUCTIONSCROLL	1766
1158607964084	1	INSTRUCTIONSCROLL	1770
1158607964655	1	INSTRUCTIONSCROLL	1771
1158607964666	1	INSTRUCTIONSCROLL	1772
1158607964683	1	INSTRUCTIONSCROLL	1774
1158607964700	1	INSTRUCTIONSCROLL	1777
1158607964716	1	INSTRUCTIONSCROLL	1780
1158607964733	1	INSTRUCTIONSCROLL	1784
1158607964750	1	INSTRUCTIONSCROLL	1787
1158607964766	1	INSTRUCTIONSCROLL	1790
1158607964783	1	INSTRUCTIONSCROLL	1794
1158607964800	1	INSTRUCTIONSCROLL	1797
1158607964816	1	INSTRUCTIONSCROLL	1800
1158607964833	1	INSTRUCTIONSCROLL	1804
1158607964850	1	INSTRUCTIONSCROLL	1807
1158607964866	1	INSTRUCTIONSCROLL	1810
1158607964883	1	INSTRUCTIONSCROLL	1814
1158607964900	1	INSTRUCTIONSCROLL	1817
1158607964916	1	INSTRUCTIONSCROLL	1820
1158607964933	1	INSTRUCTIONSCROLL	1824
1158607964950	1	INSTRUCTIONSCROLL	1827
1158607964966	1	INSTRUCTIONSCROLL	1830
1158607964983	1	INSTRUCTIONSCROLL	1834
1158607965000	1	INSTRUCTIONSCROLL	1837
1158607965017	1	INSTRUCTIONSCROLL	1840
1158607965034	1	INSTRUCTIONSCROLL	1844
1158607965051	1	INSTRUCTIONSCROLL	1847
1158607965067	1	INSTRUCTIONSCROLL	1850
1158607965366	1	INSTRUCTIONSCROLL	1851
1158607965383	1	INSTRUCTIONSCROLL	1853
1158607965400	1	INSTRUCTIONSCROLL	1857
1158607965416	1	INSTRUCTIONSCROLL	1860
1158607965433	1	INSTRUCTIONSCROLL	1863
1158607965449	1	INSTRUCTIONSCROLL	1867
1158607965466	1	INSTRUCTIONSCROLL	1870
1158607965483	1	INSTRUCTIONSCROLL	1873
1158607965499	1	INSTRUCTIONSCROLL	1877
1158607965516	1	INSTRUCTIONSCROLL	1880
1158607965533	1	INSTRUCTIONSCROLL	1883
1158607965549	1	INSTRUCTIONSCROLL	1887
1158607965566	1	INSTRUCTIONSCROLL	1890
1158607965583	1	INSTRUCTIONSCROLL	1893
1158607965599	1	INSTRUCTIONSCROLL	1897
1158607965616	1	INSTRUCTIONSCROLL	1900
1158607965633	1	INSTRUCTIONSCROLL	1903
1158607965649	1	INSTRUCTIONSCROLL	1907
1158607965666	1	INSTRUCTIONSCROLL	1910
1158607965683	1	INSTRUCTIONSCROLL	1913
1158607965699	1	INSTRUCTIONSCROLL	1917
1158607965716	1	INSTRUCTIONSCROLL	1920
1158607965733	1	INSTRUCTIONSCROLL	1923
1158607965749	1	INSTRUCTIONSCROLL	1927
1158607965766	1	INSTRUCTIONSCROLL	1930
1158607965783	1	INSTRUCTIONSCROLL	1933
1158607965799	1	INSTRUCTIONSCROLL	1937
1158607965816	1	INSTRUCTIONSCROLL	1940
1158607965833	1	INSTRUCTIONSCROLL	1943
1158607965849	1	INSTRUCTIONSCROLL	1947
1158607965866	1	INSTRUCTIONSCROLL	1950
1158607965883	1	INSTRUCTIONSCROLL	1953
1158607965899	1	INSTRUCTIONSCROLL	1957
1158607965916	1	INSTRUCTIONSCROLL	1960
1158607965933	1	INSTRUCTIONSCROLL	1963
1158607965949	1	INSTRUCTIONSCROLL	1967
1158607965966	1	INSTRUCTIONSCROLL	1970
1158607965983	1	INSTRUCTIONSCROLL	1973
1158607965999	1	INSTRUCTIONSCROLL	1977
1158607966017	1	INSTRUCTIONSCROLL	1980
1158607966034	1	INSTRUCTIONSCROLL	1984
1158607966050	1	INSTRUCTIONSCROLL	1987
1158607966067	1	INSTRUCTIONSCROLL	1990
1158607966084	1	INSTRUCTIONSCROLL	1994
1158607966100	1	INSTRUCTIONSCROLL	1997
1158607966117	1	INSTRUCTIONSCROLL	2000
1158607966134	1	INSTRUCTIONSCROLL	2003
1158607966150	1	INSTRUCTIONSCROLL	2007
1158607966167	1	INSTRUCTIONSCROLL	2010
1158607966184	1	INSTRUCTIONSCROLL	2014
1158607966200	1	INSTRUCTIONSCROLL	2017
1158607966217	1	INSTRUCTIONSCROLL	2020
1158607966234	1	INSTRUCTIONSCROLL	2024
1158607966250	1	INSTRUCTIONSCROLL	2027
1158607966266	1	INSTRUCTIONSCROLL	2030
1158607966283	1	INSTRUCTIONSCROLL	2033
1158607966299	1	INSTRUCTIONSCROLL	2037
1158607966332	1	INSTRUCTIONSCROLL	2042
1158607966349	1	INSTRUCTIONSCROLL	2047
1158607966366	1	INSTRUCTIONSCROLL	2050
1158607966382	1	INSTRUCTIONSCROLL	2053
1158607966399	1	INSTRUCTIONSCROLL	2057
1158607966416	1	INSTRUCTIONSCROLL	2060
1158607966432	1	INSTRUCTIONSCROLL	2063
1158607966449	1	INSTRUCTIONSCROLL	2067
1158607966466	1	INSTRUCTIONSCROLL	2070
1158607966483	1	INSTRUCTIONSCROLL	2073
1158607966499	1	INSTRUCTIONSCROLL	2077
1158607966516	1	INSTRUCTIONSCROLL	2080
1158607966532	1	INSTRUCTIONSCROLL	2083
1158607966549	1	INSTRUCTIONSCROLL	2087
1158607966566	1	INSTRUCTIONSCROLL	2090
1158607966582	1	INSTRUCTIONSCROLL	2093
1158607966599	1	INSTRUCTIONSCROLL	2097
1158607966616	1	INSTRUCTIONSCROLL	2100
1158607966632	1	INSTRUCTIONSCROLL	2103
1158607966649	1	INSTRUCTIONSCROLL	2107
1158607966666	1	INSTRUCTIONSCROLL	2110
1158607966682	1	INSTRUCTIONSCROLL	2113
1158607966699	1	INSTRUCTIONSCROLL	2117
1158607966716	1	INSTRUCTIONSCROLL	2120
1158607966732	1	INSTRUCTIONSCROLL	2123
1158607966749	1	INSTRUCTIONSCROLL	2127
1158607966766	1	INSTRUCTIONSCROLL	2130
1158607966782	1	INSTRUCTIONSCROLL	2133
1158607966799	1	INSTRUCTIONSCROLL	2137
1158607966816	1	INSTRUCTIONSCROLL	2140
1158607966832	1	INSTRUCTIONSCROLL	2143
1158607966849	1	INSTRUCTIONSCROLL	2147
1158607966866	1	INSTRUCTIONSCROLL	2150
1158607966882	1	INSTRUCTIONSCROLL	2153
1158607966899	1	INSTRUCTIONSCROLL	2157
1158607966916	1	INSTRUCTIONSCROLL	2160
1158607966932	1	INSTRUCTIONSCROLL	2163
1158607966949	1	INSTRUCTIONSCROLL	2167
1158607966966	1	INSTRUCTIONSCROLL	2170
1158607966982	1	INSTRUCTIONSCROLL	2173
1158607966999	1	INSTRUCTIONSCROLL	2177
1158607967017	1	INSTRUCTIONSCROLL	2180
1158607967033	1	INSTRUCTIONSCROLL	2183
1158607967050	1	INSTRUCTIONSCROLL	2187
1158607967067	1	INSTRUCTIONSCROLL	2190
1158607967083	1	INSTRUCTIONSCROLL	2194
1158607967100	1	INSTRUCTIONSCROLL	2197
1158607967117	1	INSTRUCTIONSCROLL	2200
1158607967133	1	INSTRUCTIONSCROLL	2204
1158607967150	1	INSTRUCTIONSCROLL	2207
1158607967166	1	INSTRUCTIONSCROLL	2210
1158607967183	1	INSTRUCTIONSCROLL	2213
1158607967200	1	INSTRUCTIONSCROLL	2217
1158607967223	1	INSTRUCTIONSCROLL	2223
1158607967233	1	INSTRUCTIONSCROLL	2225
1158607967250	1	INSTRUCTIONSCROLL	2227
1158607967265	1	INSTRUCTIONSCROLL	2230
1158607967282	1	INSTRUCTIONSCROLL	2233
1158607967299	1	INSTRUCTIONSCROLL	2237
1158607967315	1	INSTRUCTIONSCROLL	2240
1158607967332	1	INSTRUCTIONSCROLL	2243
1158607967349	1	INSTRUCTIONSCROLL	2247
1158607967365	1	INSTRUCTIONSCROLL	2250
1158607967382	1	INSTRUCTIONSCROLL	2253
1158607967399	1	INSTRUCTIONSCROLL	2257
1158607967415	1	INSTRUCTIONSCROLL	2260
1158607967432	1	INSTRUCTIONSCROLL	2263
1158607967449	1	INSTRUCTIONSCROLL	2267
1158607967465	1	INSTRUCTIONSCROLL	2270
1158607967482	1	INSTRUCTIONSCROLL	2273
1158607967499	1	INSTRUCTIONSCROLL	2277
1158607967515	1	INSTRUCTIONSCROLL	2280
1158607967532	1	INSTRUCTIONSCROLL	2283
1158607967549	1	INSTRUCTIONSCROLL	2287
1158607967565	1	INSTRUCTIONSCROLL	2290
1158607967582	1	INSTRUCTIONSCROLL	2293
1158607967599	1	INSTRUCTIONSCROLL	2297
1158607967615	1	INSTRUCTIONSCROLL	2300
1158607967632	1	INSTRUCTIONSCROLL	2303
1158607967649	1	INSTRUCTIONSCROLL	2307
1158607967665	1	INSTRUCTIONSCROLL	2310
1158607967682	1	INSTRUCTIONSCROLL	2313
1158607967699	1	INSTRUCTIONSCROLL	2317
1158607967715	1	INSTRUCTIONSCROLL	2320
1158607967732	1	INSTRUCTIONSCROLL	2323
1158607967749	1	INSTRUCTIONSCROLL	2327
1158607967765	1	INSTRUCTIONSCROLL	2330
1158607967782	1	INSTRUCTIONSCROLL	2333
1158607967799	1	INSTRUCTIONSCROLL	2337
1158607967815	1	INSTRUCTIONSCROLL	2340
1158607967832	1	INSTRUCTIONSCROLL	2343
1158607967849	1	INSTRUCTIONSCROLL	2347
1158607967865	1	INSTRUCTIONSCROLL	2350
1158607967882	1	INSTRUCTIONSCROLL	2353
1158607967899	1	INSTRUCTIONSCROLL	2356
1158607967915	1	INSTRUCTIONSCROLL	2360
1158607967932	1	INSTRUCTIONSCROLL	2363
1158607967949	1	INSTRUCTIONSCROLL	2367
1158607967965	1	INSTRUCTIONSCROLL	2370
1158607967982	1	INSTRUCTIONSCROLL	2373
1158607967999	1	INSTRUCTIONSCROLL	2377
1158607968016	1	INSTRUCTIONSCROLL	2380
1158607968033	1	INSTRUCTIONSCROLL	2383
1158607968050	1	INSTRUCTIONSCROLL	2387
1158607968066	1	INSTRUCTIONSCROLL	2390
1158607968083	1	INSTRUCTIONSCROLL	2393
1158607968100	1	INSTRUCTIONSCROLL	2397
1158607968116	1	INSTRUCTIONSCROLL	2400
1158607968133	1	INSTRUCTIONSCROLL	2403
1158607968150	1	INSTRUCTIONSCROLL	2407
1158607968166	1	INSTRUCTIONSCROLL	2410
1158607968183	1	INSTRUCTIONSCROLL	2413
1158607977130	1	INSTRUCTIONSCROLL	2412
1158607977147	1	INSTRUCTIONSCROLL	2408
1158607977163	1	INSTRUCTIONSCROLL	2405
1158607977180	1	INSTRUCTIONSCROLL	2402
1158607977197	1	INSTRUCTIONSCROLL	2398
1158607977213	1	INSTRUCTIONSCROLL	2395
1158607977230	1	INSTRUCTIONSCROLL	2392
1158607977247	1	INSTRUCTIONSCROLL	2388
1158607981940	1	INSTRUCTIONSCROLL	2389
1158607981961	1	INSTRUCTIONSCROLL	2390
1158607981977	1	INSTRUCTIONSCROLL	2393
1158607981994	1	INSTRUCTIONSCROLL	2397
1158607982012	1	INSTRUCTIONSCROLL	2400
1158607982028	1	INSTRUCTIONSCROLL	2406
1158607982045	1	INSTRUCTIONSCROLL	2407
1158607982062	1	INSTRUCTIONSCROLL	2410
1158607982078	1	INSTRUCTIONSCROLL	2414
1158607982095	1	INSTRUCTIONSCROLL	2417
1158607982112	1	INSTRUCTIONSCROLL	2420
1158607982427	1	INSTRUCTIONSCROLL	2421
1158607982444	1	INSTRUCTIONSCROLL	2424
1158607982460	1	INSTRUCTIONSCROLL	2427
1158607982477	1	INSTRUCTIONSCROLL	2431
1158607982494	1	INSTRUCTIONSCROLL	2434
1158607982510	1	INSTRUCTIONSCROLL	2437
1158607982527	1	INSTRUCTIONSCROLL	2441
1158607982544	1	INSTRUCTIONSCROLL	2444
1158607982560	1	INSTRUCTIONSCROLL	2447
1158607982577	1	INSTRUCTIONSCROLL	2451
1158607982943	1	INSTRUCTIONSCROLL	2452
1158607982960	1	INSTRUCTIONSCROLL	2453
1158607982977	1	INSTRUCTIONSCROLL	2456
1158607982994	1	INSTRUCTIONSCROLL	2461
1158607983011	1	INSTRUCTIONSCROLL	2462
1158607983028	1	INSTRUCTIONSCROLL	2466
1158607983045	1	INSTRUCTIONSCROLL	2469
1158607983061	1	INSTRUCTIONSCROLL	2473
1158607983078	1	INSTRUCTIONSCROLL	2476
1158607983095	1	INSTRUCTIONSCROLL	2479
1158607983111	1	INSTRUCTIONSCROLL	2483
1158607983128	1	INSTRUCTIONSCROLL	2486
1158607983145	1	INSTRUCTIONSCROLL	2489
1158607983443	1	INSTRUCTIONSCROLL	2490
1158607983460	1	INSTRUCTIONSCROLL	2492
1158607983477	1	INSTRUCTIONSCROLL	2495
1158607983494	1	INSTRUCTIONSCROLL	2498
1158607983510	1	INSTRUCTIONSCROLL	2502
1158607983527	1	INSTRUCTIONSCROLL	2505
1158607983543	1	INSTRUCTIONSCROLL	2508
1158607983560	1	INSTRUCTIONSCROLL	2512
1158607983577	1	INSTRUCTIONSCROLL	2515
1158607983593	1	INSTRUCTIONSCROLL	2518
1158607983610	1	INSTRUCTIONSCROLL	2522
1158607983627	1	INSTRUCTIONSCROLL	2525
1158607983643	1	INSTRUCTIONSCROLL	2528
1158607988796	1	INSTRUCTIONSCROLL	2529
1158607988808	1	INSTRUCTIONSCROLL	2530
1158607988825	1	INSTRUCTIONSCROLL	2532
1158607988842	1	INSTRUCTIONSCROLL	2535
1158607988858	1	INSTRUCTIONSCROLL	2538
1158607988875	1	INSTRUCTIONSCROLL	2542
1158607988892	1	INSTRUCTIONSCROLL	2545
1158607988908	1	INSTRUCTIONSCROLL	2548
1158607988925	1	INSTRUCTIONSCROLL	2552
1158607988942	1	INSTRUCTIONSCROLL	2555
1158607990541	1	INSTRUCTIONSCROLL	2554
1158607990558	1	INSTRUCTIONSCROLL	2553
1158607990574	1	INSTRUCTIONSCROLL	2550
1158607990591	1	INSTRUCTIONSCROLL	2547
1158607990608	1	INSTRUCTIONSCROLL	2544
1158607990624	1	INSTRUCTIONSCROLL	2540
1158607990641	1	INSTRUCTIONSCROLL	2535
1158607990658	1	INSTRUCTIONSCROLL	2534
1158607990674	1	INSTRUCTIONSCROLL	2530
1158607993407	1	INSTRUCTIONSCROLL	2529
1158607993424	1	INSTRUCTIONSCROLL	2527
1158607993440	1	INSTRUCTIONSCROLL	2524
1158607993457	1	INSTRUCTIONSCROLL	2520
1158607993474	1	INSTRUCTIONSCROLL	2517
1158607993490	1	INSTRUCTIONSCROLL	2514
1158607993507	1	INSTRUCTIONSCROLL	2510
1158607993707	1	INSTRUCTIONSCROLL	2509
1158607993723	1	INSTRUCTIONSCROLL	2506
1158607993740	1	INSTRUCTIONSCROLL	2503
1158607993757	1	INSTRUCTIONSCROLL	2497
1158607993907	1	INSTRUCTIONSCROLL	2496
1158607993923	1	INSTRUCTIONSCROLL	2495
1158607993940	1	INSTRUCTIONSCROLL	2492
1158607993957	1	INSTRUCTIONSCROLL	2488
1158607993973	1	INSTRUCTIONSCROLL	2485
1158607994124	1	INSTRUCTIONSCROLL	2484
1158607994141	1	INSTRUCTIONSCROLL	2481
1158607994158	1	INSTRUCTIONSCROLL	2478
1158607994306	1	INSTRUCTIONSCROLL	2477
1158607994323	1	INSTRUCTIONSCROLL	2474
1158607994340	1	INSTRUCTIONSCROLL	2470
1158607994357	1	INSTRUCTIONSCROLL	2467
1158607994661	1	INSTRUCTIONSCROLL	2468
1158607994673	1	INSTRUCTIONSCROLL	2469
1158607994690	1	INSTRUCTIONSCROLL	2471
1158607994706	1	INSTRUCTIONSCROLL	2474
1158607994723	1	INSTRUCTIONSCROLL	2477
1158607994740	1	INSTRUCTIONSCROLL	2481
1158607994756	1	INSTRUCTIONSCROLL	2484
1158607994990	1	INSTRUCTIONSCROLL	2485
1158607995007	1	INSTRUCTIONSCROLL	2488
1158607995024	1	INSTRUCTIONSCROLL	2491
1158607995041	1	INSTRUCTIONSCROLL	2494
1158607995057	1	INSTRUCTIONSCROLL	2498
1158607995356	1	INSTRUCTIONSCROLL	2499
1158607995373	1	INSTRUCTIONSCROLL	2502
1158607995389	1	INSTRUCTIONSCROLL	2505
1158607995406	1	INSTRUCTIONSCROLL	2509
1158607995423	1	INSTRUCTIONSCROLL	2512
1158607996190	1	INSTRUCTIONSCROLL	2513
1158607996207	1	INSTRUCTIONSCROLL	2514
1158607996224	1	INSTRUCTIONSCROLL	2517
1158607996240	1	INSTRUCTIONSCROLL	2520
1158607996257	1	INSTRUCTIONSCROLL	2524
1158607996273	1	INSTRUCTIONSCROLL	2527
1158607996289	1	INSTRUCTIONSCROLL	2530
1158607996606	1	INSTRUCTIONSCROLL	2531
1158607996622	1	INSTRUCTIONSCROLL	2535
1158607996639	1	INSTRUCTIONSCROLL	2538
1158607996656	1	INSTRUCTIONSCROLL	2541
1158607996672	1	INSTRUCTIONSCROLL	2545
1158607996689	1	INSTRUCTIONSCROLL	2548
1158607997073	1	INSTRUCTIONSCROLL	2549
1158607997090	1	INSTRUCTIONSCROLL	2552
1158607997107	1	INSTRUCTIONSCROLL	2555
1158607997123	1	INSTRUCTIONSCROLL	2558
1158607997140	1	INSTRUCTIONSCROLL	2562
1158607997157	1	INSTRUCTIONSCROLL	2565
1158607997173	1	INSTRUCTIONSCROLL	2568
1158607997190	1	INSTRUCTIONSCROLL	2572
1158607997207	1	INSTRUCTIONSCROLL	2575
1158607997223	1	INSTRUCTIONSCROLL	2578
1158607997240	1	INSTRUCTIONSCROLL	2582
1158607997572	1	INSTRUCTIONSCROLL	2583
1158607997589	1	INSTRUCTIONSCROLL	2584
1158607997605	1	INSTRUCTIONSCROLL	2588
1158607997622	1	INSTRUCTIONSCROLL	2591
1158607997639	1	INSTRUCTIONSCROLL	2594
1158607997655	1	INSTRUCTIONSCROLL	2598
1158607997672	1	INSTRUCTIONSCROLL	2601
1158607997689	1	INSTRUCTIONSCROLL	2605
1158607997705	1	INSTRUCTIONSCROLL	2608
1158607997722	1	INSTRUCTIONSCROLL	2611
1158607997739	1	INSTRUCTIONSCROLL	2614
1158607997755	1	INSTRUCTIONSCROLL	2618
1158608010710	1	INSTRUCTIONSCROLL	2619
1158608010718	1	INSTRUCTIONSCROLL	2620
1158608010734	1	INSTRUCTIONSCROLL	2621
1158608010751	1	INSTRUCTIONSCROLL	2624
1158608010768	1	INSTRUCTIONSCROLL	2628
1158608010784	1	INSTRUCTIONSCROLL	2631
1158608010801	1	INSTRUCTIONSCROLL	2634
1158608010818	1	INSTRUCTIONSCROLL	2637
1158608010834	1	INSTRUCTIONSCROLL	2641
1158608011002	1	INSTRUCTIONSCROLL	2642
1158608011019	1	INSTRUCTIONSCROLL	2643
1158608011035	1	INSTRUCTIONSCROLL	2646
1158608011052	1	INSTRUCTIONSCROLL	2650
1158608011069	1	INSTRUCTIONSCROLL	2653
1158608011085	1	INSTRUCTIONSCROLL	2656
1158608011102	1	INSTRUCTIONSCROLL	2660
1158608011119	1	INSTRUCTIONSCROLL	2663
1158608011135	1	INSTRUCTIONSCROLL	2666
1158608011152	1	INSTRUCTIONSCROLL	2670
1158608011169	1	INSTRUCTIONSCROLL	2673
1158608011185	1	INSTRUCTIONSCROLL	2676
1158608011202	1	INSTRUCTIONSCROLL	2680
1158608011219	1	INSTRUCTIONSCROLL	2683
1158608011235	1	INSTRUCTIONSCROLL	2686
1158608011252	1	INSTRUCTIONSCROLL	2690
1158608011268	1	INSTRUCTIONSCROLL	2693
1158608011284	1	INSTRUCTIONSCROLL	2696
1158608011301	1	INSTRUCTIONSCROLL	2700
1158608011317	1	INSTRUCTIONSCROLL	2703
1158608011334	1	INSTRUCTIONSCROLL	2706
1158608011351	1	INSTRUCTIONSCROLL	2710
1158608011368	1	INSTRUCTIONSCROLL	2715
1158608011384	1	INSTRUCTIONSCROLL	2716
1158608011401	1	INSTRUCTIONSCROLL	2720
1158608011417	1	INSTRUCTIONSCROLL	2723
1158608011434	1	INSTRUCTIONSCROLL	2726
1158608011451	1	INSTRUCTIONSCROLL	2730
1158608011467	1	INSTRUCTIONSCROLL	2733
1158608011484	1	INSTRUCTIONSCROLL	2736
1158608011501	1	INSTRUCTIONSCROLL	2740
1158608011518	1	INSTRUCTIONSCROLL	2743
1158608011534	1	INSTRUCTIONSCROLL	2746
1158608011551	1	INSTRUCTIONSCROLL	2750
1158608011567	1	INSTRUCTIONSCROLL	2753
1158608011584	1	INSTRUCTIONSCROLL	2756
1158608011601	1	INSTRUCTIONSCROLL	2760
1158608011618	1	INSTRUCTIONSCROLL	2763
1158608011634	1	INSTRUCTIONSCROLL	2766
1158608011651	1	INSTRUCTIONSCROLL	2770
1158608011667	1	INSTRUCTIONSCROLL	2773
1158608011684	1	INSTRUCTIONSCROLL	2776
1158608011701	1	INSTRUCTIONSCROLL	2780
1158608011718	1	INSTRUCTIONSCROLL	2783
1158608011734	1	INSTRUCTIONSCROLL	2786
1158608011751	1	INSTRUCTIONSCROLL	2790
1158608011768	1	INSTRUCTIONSCROLL	2793
1158608011784	1	INSTRUCTIONSCROLL	2796
1158608011801	1	INSTRUCTIONSCROLL	2800
1158608011817	1	INSTRUCTIONSCROLL	2803
1158608011834	1	INSTRUCTIONSCROLL	2806
1158608011851	1	INSTRUCTIONSCROLL	2810
1158608011867	1	INSTRUCTIONSCROLL	2813
1158608011884	1	INSTRUCTIONSCROLL	2816
1158608011901	1	INSTRUCTIONSCROLL	2820
1158608011917	1	INSTRUCTIONSCROLL	2823
1158608011934	1	INSTRUCTIONSCROLL	2826
1158608011951	1	INSTRUCTIONSCROLL	2829
1158608011967	1	INSTRUCTIONSCROLL	2833
1158608011984	1	INSTRUCTIONSCROLL	2836
1158608012002	1	INSTRUCTIONSCROLL	2840
1158608012018	1	INSTRUCTIONSCROLL	2843
1158608012035	1	INSTRUCTIONSCROLL	2846
1158608012052	1	INSTRUCTIONSCROLL	2850
1158608012068	1	INSTRUCTIONSCROLL	2853
1158608012085	1	INSTRUCTIONSCROLL	2856
1158608012102	1	INSTRUCTIONSCROLL	2860
1158608012118	1	INSTRUCTIONSCROLL	2863
1158608012135	1	INSTRUCTIONSCROLL	2866
1158608012152	1	INSTRUCTIONSCROLL	2870
1158608012168	1	INSTRUCTIONSCROLL	2873
1158608012185	1	INSTRUCTIONSCROLL	2876
1158608012202	1	INSTRUCTIONSCROLL	2880
1158608012218	1	INSTRUCTIONSCROLL	2883
1158608012235	1	INSTRUCTIONSCROLL	2886
1158608012252	1	INSTRUCTIONSCROLL	2890
1158608012267	1	INSTRUCTIONSCROLL	2893
1158608012284	1	INSTRUCTIONSCROLL	2896
1158608012301	1	INSTRUCTIONSCROLL	2900
1158608012317	1	INSTRUCTIONSCROLL	2903
1158608012334	1	INSTRUCTIONSCROLL	2906
1158608012351	1	INSTRUCTIONSCROLL	2910
1158608012367	1	INSTRUCTIONSCROLL	2913
1158608012384	1	INSTRUCTIONSCROLL	2916
1158608012401	1	INSTRUCTIONSCROLL	2919
1158608012417	1	INSTRUCTIONSCROLL	2923
1158608012435	1	INSTRUCTIONSCROLL	2929
1158608012451	1	INSTRUCTIONSCROLL	2930
1158608012467	1	INSTRUCTIONSCROLL	2933
1158608012484	1	INSTRUCTIONSCROLL	2936
1158608012501	1	INSTRUCTIONSCROLL	2940
1158608012517	1	INSTRUCTIONSCROLL	2943
1158608012534	1	INSTRUCTIONSCROLL	2946
1158608012551	1	INSTRUCTIONSCROLL	2949
1158608012567	1	INSTRUCTIONSCROLL	2953
1158608012584	1	INSTRUCTIONSCROLL	2956
1158608012601	1	INSTRUCTIONSCROLL	2960
1158608012617	1	INSTRUCTIONSCROLL	2963
1158608012634	1	INSTRUCTIONSCROLL	2966
1158608012651	1	INSTRUCTIONSCROLL	2970
1158608012667	1	INSTRUCTIONSCROLL	2973
1158608012684	1	INSTRUCTIONSCROLL	2976
1158608012700	1	INSTRUCTIONSCROLL	2979
1158608012717	1	INSTRUCTIONSCROLL	2983
1158608012734	1	INSTRUCTIONSCROLL	2986
1158608012750	1	INSTRUCTIONSCROLL	2990
1158608012767	1	INSTRUCTIONSCROLL	2993
1158608012784	1	INSTRUCTIONSCROLL	2996
1158608012800	1	INSTRUCTIONSCROLL	3000
1158608012817	1	INSTRUCTIONSCROLL	3003
1158608012834	1	INSTRUCTIONSCROLL	3006
1158608012850	1	INSTRUCTIONSCROLL	3009
1158608012867	1	INSTRUCTIONSCROLL	3013
1158608012884	1	INSTRUCTIONSCROLL	3016
1158608012900	1	INSTRUCTIONSCROLL	3020
1158608012917	1	INSTRUCTIONSCROLL	3023
1158608012934	1	INSTRUCTIONSCROLL	3026
1158608012950	1	INSTRUCTIONSCROLL	3030
1158608012967	1	INSTRUCTIONSCROLL	3033
1158608012984	1	INSTRUCTIONSCROLL	3036
1158608013001	1	INSTRUCTIONSCROLL	3039
1158608013018	1	INSTRUCTIONSCROLL	3043
1158608013035	1	INSTRUCTIONSCROLL	3046
1158608013051	1	INSTRUCTIONSCROLL	3050
1158608013068	1	INSTRUCTIONSCROLL	3053
1158608013085	1	INSTRUCTIONSCROLL	3056
1158608013101	1	INSTRUCTIONSCROLL	3060
1158608013118	1	INSTRUCTIONSCROLL	3063
1158608013135	1	INSTRUCTIONSCROLL	3066
1158608013151	1	INSTRUCTIONSCROLL	3070
1158608013168	1	INSTRUCTIONSCROLL	3073
1158608013185	1	INSTRUCTIONSCROLL	3076
1158608013201	1	INSTRUCTIONSCROLL	3080
1158608013218	1	INSTRUCTIONSCROLL	3083
1158608013235	1	INSTRUCTIONSCROLL	3086
1158608013251	1	INSTRUCTIONSCROLL	3090
1158608013267	1	INSTRUCTIONSCROLL	3093
1158608013284	1	INSTRUCTIONSCROLL	3096
1158608013300	1	INSTRUCTIONSCROLL	3099
1158608013317	1	INSTRUCTIONSCROLL	3103
1158608013334	1	INSTRUCTIONSCROLL	3106
1158608013350	1	INSTRUCTIONSCROLL	3109
1158608013367	1	INSTRUCTIONSCROLL	3113
1158608013384	1	INSTRUCTIONSCROLL	3119
1158608013400	1	INSTRUCTIONSCROLL	3120
1158608013417	1	INSTRUCTIONSCROLL	3123
1158608013433	1	INSTRUCTIONSCROLL	3126
1158608013450	1	INSTRUCTIONSCROLL	3129
1158608013467	1	INSTRUCTIONSCROLL	3133
1158608013483	1	INSTRUCTIONSCROLL	3136
1158608013500	1	INSTRUCTIONSCROLL	3139
1158608013517	1	INSTRUCTIONSCROLL	3143
1158608013534	1	INSTRUCTIONSCROLL	3146
1158608013550	1	INSTRUCTIONSCROLL	3150
1158608013567	1	INSTRUCTIONSCROLL	3153
1158608013584	1	INSTRUCTIONSCROLL	3156
1158608013600	1	INSTRUCTIONSCROLL	3159
1158608013617	1	INSTRUCTIONSCROLL	3163
1158608013633	1	INSTRUCTIONSCROLL	3166
1158608013650	1	INSTRUCTIONSCROLL	3169
1158608013667	1	INSTRUCTIONSCROLL	3173
1158608013683	1	INSTRUCTIONSCROLL	3176
1158608013700	1	INSTRUCTIONSCROLL	3179
1158608013717	1	INSTRUCTIONSCROLL	3183
1158608013733	1	INSTRUCTIONSCROLL	3186
1158608013750	1	INSTRUCTIONSCROLL	3189
1158608013767	1	INSTRUCTIONSCROLL	3193
1158608013783	1	INSTRUCTIONSCROLL	3196
1158608013800	1	INSTRUCTIONSCROLL	3200
1158608013817	1	INSTRUCTIONSCROLL	3203
1158608013833	1	INSTRUCTIONSCROLL	3206
1158608013850	1	INSTRUCTIONSCROLL	3209
1158608013867	1	INSTRUCTIONSCROLL	3213
1158608013883	1	INSTRUCTIONSCROLL	3216
1158608013900	1	INSTRUCTIONSCROLL	3219
1158608013917	1	INSTRUCTIONSCROLL	3223
1158608013933	1	INSTRUCTIONSCROLL	3226
1158608013950	1	INSTRUCTIONSCROLL	3230
1158608013967	1	INSTRUCTIONSCROLL	3233
1158608013983	1	INSTRUCTIONSCROLL	3236
1158608014000	1	INSTRUCTIONSCROLL	3240
1158608014018	1	INSTRUCTIONSCROLL	3243
1158608014034	1	INSTRUCTIONSCROLL	3246
1158608014051	1	INSTRUCTIONSCROLL	3250
1158608014068	1	INSTRUCTIONSCROLL	3253
1158608014084	1	INSTRUCTIONSCROLL	3256
1158608014101	1	INSTRUCTIONSCROLL	3260
1158608014118	1	INSTRUCTIONSCROLL	3263
1158608014134	1	INSTRUCTIONSCROLL	3266
1158608014151	1	INSTRUCTIONSCROLL	3270
1158608014168	1	INSTRUCTIONSCROLL	3273
1158608014184	1	INSTRUCTIONSCROLL	3276
1158608014201	1	INSTRUCTIONSCROLL	3280
1158608014218	1	INSTRUCTIONSCROLL	3283
1158608014234	1	INSTRUCTIONSCROLL	3286
1158608014251	1	INSTRUCTIONSCROLL	3290
1158608014267	1	INSTRUCTIONSCROLL	3293
1158608014283	1	INSTRUCTIONSCROLL	3296
1158608014300	1	INSTRUCTIONSCROLL	3299
1158608014317	1	INSTRUCTIONSCROLL	3303
1158608014333	1	INSTRUCTIONSCROLL	3306
1158608014350	1	INSTRUCTIONSCROLL	3309
1158608014367	1	INSTRUCTIONSCROLL	3313
1158608014383	1	INSTRUCTIONSCROLL	3316
1158608014400	1	INSTRUCTIONSCROLL	3319
1158608014417	1	INSTRUCTIONSCROLL	3323
1158608014433	1	INSTRUCTIONSCROLL	3326
1158608014450	1	INSTRUCTIONSCROLL	3329
1158608014483	1	INSTRUCTIONSCROLL	3335
1158608014500	1	INSTRUCTIONSCROLL	3339
1158608014516	1	INSTRUCTIONSCROLL	3343
1158608014533	1	INSTRUCTIONSCROLL	3346
1158608014550	1	INSTRUCTIONSCROLL	3349
1158608014566	1	INSTRUCTIONSCROLL	3353
1158608014583	1	INSTRUCTIONSCROLL	3356
1158608014600	1	INSTRUCTIONSCROLL	3359
1158608016144	1	INSTRUCTIONSCROLL	3360
1158608016150	1	INSTRUCTIONSCROLL	3361
1158608016167	1	INSTRUCTIONSCROLL	3362
1158608016184	1	INSTRUCTIONSCROLL	3366
1158608016200	1	INSTRUCTIONSCROLL	3369
1158608016217	1	INSTRUCTIONSCROLL	3372
1158608016234	1	INSTRUCTIONSCROLL	3376
1158608016250	1	INSTRUCTIONSCROLL	3379
1158608016266	1	INSTRUCTIONSCROLL	3384
1158608016283	1	INSTRUCTIONSCROLL	3385
1158608016299	1	INSTRUCTIONSCROLL	3389
1158608016316	1	INSTRUCTIONSCROLL	3392
1158608016849	1	INSTRUCTIONSCROLL	3393
1158608016866	1	INSTRUCTIONSCROLL	3396
1158608016882	1	INSTRUCTIONSCROLL	3399
1158608016899	1	INSTRUCTIONSCROLL	3403
1158608016916	1	INSTRUCTIONSCROLL	3406
1158608016932	1	INSTRUCTIONSCROLL	3409
1158608016949	1	INSTRUCTIONSCROLL	3413
1158608016966	1	INSTRUCTIONSCROLL	3416
1158608016982	1	INSTRUCTIONSCROLL	3419
1158608017515	1	INSTRUCTIONSCROLL	3420
1158608017532	1	INSTRUCTIONSCROLL	3422
1158608017549	1	INSTRUCTIONSCROLL	3425
1158608017565	1	INSTRUCTIONSCROLL	3429
1158608017582	1	INSTRUCTIONSCROLL	3432
1158608017599	1	INSTRUCTIONSCROLL	3435
1158608017615	1	INSTRUCTIONSCROLL	3439
1158608017632	1	INSTRUCTIONSCROLL	3442
1158608017649	1	INSTRUCTIONSCROLL	3445
1158608017665	1	INSTRUCTIONSCROLL	3449
1158608018023	1	INSTRUCTIONSCROLL	3450
1158608018033	1	INSTRUCTIONSCROLL	3451
1158608018050	1	INSTRUCTIONSCROLL	3452
1158608018066	1	INSTRUCTIONSCROLL	3456
1158608018083	1	INSTRUCTIONSCROLL	3459
1158608018100	1	INSTRUCTIONSCROLL	3462
1158608018116	1	INSTRUCTIONSCROLL	3466
1158608018133	1	INSTRUCTIONSCROLL	3469
1158608018150	1	INSTRUCTIONSCROLL	3472
1158608018166	1	INSTRUCTIONSCROLL	3476
1158608018183	1	INSTRUCTIONSCROLL	3479
1158608018200	1	INSTRUCTIONSCROLL	3482
1158608018555	1	INSTRUCTIONSCROLL	3483
1158608018565	1	INSTRUCTIONSCROLL	3484
1158608018582	1	INSTRUCTIONSCROLL	3485
1158608018599	1	INSTRUCTIONSCROLL	3489
1158608018615	1	INSTRUCTIONSCROLL	3492
1158608018632	1	INSTRUCTIONSCROLL	3495
1158608018648	1	INSTRUCTIONSCROLL	3499
1158608018665	1	INSTRUCTIONSCROLL	3504
1158608018682	1	INSTRUCTIONSCROLL	3505
1158608018699	1	INSTRUCTIONSCROLL	3509
1158608018715	1	INSTRUCTIONSCROLL	3512
1158608018732	1	INSTRUCTIONSCROLL	3515
1158608019149	1	INSTRUCTIONSCROLL	3516
1158608019166	1	INSTRUCTIONSCROLL	3518
1158608019183	1	INSTRUCTIONSCROLL	3521
1158608019199	1	INSTRUCTIONSCROLL	3525
1158608019216	1	INSTRUCTIONSCROLL	3528
1158608019233	1	INSTRUCTIONSCROLL	3531
1158608019249	1	INSTRUCTIONSCROLL	3535
1158608019265	1	INSTRUCTIONSCROLL	3538
1158608019282	1	INSTRUCTIONSCROLL	3541
1158608019715	1	INSTRUCTIONSCROLL	3542
1158608019731	1	INSTRUCTIONSCROLL	3545
1158608019748	1	INSTRUCTIONSCROLL	3549
1158608019765	1	INSTRUCTIONSCROLL	3552
1158608019781	1	INSTRUCTIONSCROLL	3555
1158608019798	1	INSTRUCTIONSCROLL	3559
1158608019815	1	INSTRUCTIONSCROLL	3562
1158608019831	1	INSTRUCTIONSCROLL	3565
1158608019848	1	INSTRUCTIONSCROLL	3569
1158608019865	1	INSTRUCTIONSCROLL	3572
1158608019881	1	INSTRUCTIONSCROLL	3575
1158608020331	1	INSTRUCTIONSCROLL	3576
1158608020348	1	INSTRUCTIONSCROLL	3578
1158608020365	1	INSTRUCTIONSCROLL	3581
1158608020381	1	INSTRUCTIONSCROLL	3585
1158608020398	1	INSTRUCTIONSCROLL	3588
1158608020415	1	INSTRUCTIONSCROLL	3591
1158608020431	1	INSTRUCTIONSCROLL	3595
1158608020448	1	INSTRUCTIONSCROLL	3598
1158608020465	1	INSTRUCTIONSCROLL	3601
1158608020481	1	INSTRUCTIONSCROLL	3605
1158608020964	1	INSTRUCTIONSCROLL	3606
1158608020981	1	INSTRUCTIONSCROLL	3608
1158608020998	1	INSTRUCTIONSCROLL	3611
1158608021015	1	INSTRUCTIONSCROLL	3614
1158608021032	1	INSTRUCTIONSCROLL	3618
1158608021049	1	INSTRUCTIONSCROLL	3621
1158608021065	1	INSTRUCTIONSCROLL	3625
1158608021082	1	INSTRUCTIONSCROLL	3628
1158608021988	1	INSTRUCTIONSCROLL	3629
1158608021997	1	INSTRUCTIONSCROLL	3630
1158608022015	1	INSTRUCTIONSCROLL	3631
1158608022032	1	INSTRUCTIONSCROLL	3635
1158608022048	1	INSTRUCTIONSCROLL	3638
1158608022065	1	INSTRUCTIONSCROLL	3641
1158608022082	1	INSTRUCTIONSCROLL	3645
1158608022098	1	INSTRUCTIONSCROLL	3648
1158608022115	1	INSTRUCTIONSCROLL	3651
1158608022132	1	INSTRUCTIONSCROLL	3655
1158608022148	1	INSTRUCTIONSCROLL	3658
1158608022165	1	INSTRUCTIONSCROLL	3661
1158608022182	1	INSTRUCTIONSCROLL	3665
1158608022198	1	INSTRUCTIONSCROLL	3668
1158608022215	1	INSTRUCTIONSCROLL	3671
1158608022232	1	INSTRUCTIONSCROLL	3675
1158608022248	1	INSTRUCTIONSCROLL	3678
1158608022264	1	INSTRUCTIONSCROLL	3681
1158608022281	1	INSTRUCTIONSCROLL	3684
1158608022297	1	INSTRUCTIONSCROLL	3688
1158608022314	1	INSTRUCTIONSCROLL	3691
1158608022331	1	INSTRUCTIONSCROLL	3694
1158608022347	1	INSTRUCTIONSCROLL	3698
1158608022364	1	INSTRUCTIONSCROLL	3701
1158608022381	1	INSTRUCTIONSCROLL	3704
1158608022397	1	INSTRUCTIONSCROLL	3708
1158608022414	1	INSTRUCTIONSCROLL	3711
1158608022431	1	INSTRUCTIONSCROLL	3714
1158608022447	1	INSTRUCTIONSCROLL	3718
1158608022464	1	INSTRUCTIONSCROLL	3721
1158608022481	1	INSTRUCTIONSCROLL	3724
1158608022497	1	INSTRUCTIONSCROLL	3728
1158608022514	1	INSTRUCTIONSCROLL	3731
1158608022531	1	INSTRUCTIONSCROLL	3735
1158608022547	1	INSTRUCTIONSCROLL	3738
1158608022564	1	INSTRUCTIONSCROLL	3741
1158608022580	1	INSTRUCTIONSCROLL	3744
1158608022597	1	INSTRUCTIONSCROLL	3748
1158608022614	1	INSTRUCTIONSCROLL	3751
1158608022631	1	INSTRUCTIONSCROLL	3755
1158608022647	1	INSTRUCTIONSCROLL	3758
1158608022664	1	INSTRUCTIONSCROLL	3761
1158608022681	1	INSTRUCTIONSCROLL	3765
1158608022697	1	INSTRUCTIONSCROLL	3768
1158608022714	1	INSTRUCTIONSCROLL	3771
1158608022730	1	INSTRUCTIONSCROLL	3774
1158608022747	1	INSTRUCTIONSCROLL	3778
1158608022764	1	INSTRUCTIONSCROLL	3781
1158608022781	1	INSTRUCTIONSCROLL	3785
1158608022797	1	INSTRUCTIONSCROLL	3788
1158608022814	1	INSTRUCTIONSCROLL	3791
1158608022832	1	INSTRUCTIONSCROLL	3797
1158608022847	1	INSTRUCTIONSCROLL	3798
1158608022864	1	INSTRUCTIONSCROLL	3801
1158608022880	1	INSTRUCTIONSCROLL	3804
1158608022897	1	INSTRUCTIONSCROLL	3808
1158608022914	1	INSTRUCTIONSCROLL	3811
1158608022930	1	INSTRUCTIONSCROLL	3814
1158608022947	1	INSTRUCTIONSCROLL	3818
1158608022964	1	INSTRUCTIONSCROLL	3821
1158608022980	1	INSTRUCTIONSCROLL	3824
1158608022997	1	INSTRUCTIONSCROLL	3828
1158608023015	1	INSTRUCTIONSCROLL	3831
1158608023031	1	INSTRUCTIONSCROLL	3834
1158608023048	1	INSTRUCTIONSCROLL	3838
1158608023065	1	INSTRUCTIONSCROLL	3841
1158608023081	1	INSTRUCTIONSCROLL	3844
1158608023098	1	INSTRUCTIONSCROLL	3848
1158608023115	1	INSTRUCTIONSCROLL	3851
1158608023131	1	INSTRUCTIONSCROLL	3854
1158608023148	1	INSTRUCTIONSCROLL	3858
1158608023165	1	INSTRUCTIONSCROLL	3861
1158608023181	1	INSTRUCTIONSCROLL	3864
1158608023198	1	INSTRUCTIONSCROLL	3868
1158608023215	1	INSTRUCTIONSCROLL	3871
1158608023231	1	INSTRUCTIONSCROLL	3875
1158608023248	1	INSTRUCTIONSCROLL	3878
1158608023264	1	INSTRUCTIONSCROLL	3881
1158608023280	1	INSTRUCTIONSCROLL	3885
1158608023297	1	INSTRUCTIONSCROLL	3888
1158608023314	1	INSTRUCTIONSCROLL	3891
1158608023330	1	INSTRUCTIONSCROLL	3894
1158608023347	1	INSTRUCTIONSCROLL	3898
1158608023364	1	INSTRUCTIONSCROLL	3901
1158608023380	1	INSTRUCTIONSCROLL	3904
1158608023397	1	INSTRUCTIONSCROLL	3908
1158608023414	1	INSTRUCTIONSCROLL	3911
1158608023430	1	INSTRUCTIONSCROLL	3914
1158608023447	1	INSTRUCTIONSCROLL	3918
1158608023464	1	INSTRUCTIONSCROLL	3921
1158608023480	1	INSTRUCTIONSCROLL	3924
1158608023497	1	INSTRUCTIONSCROLL	3928
1158608023513	1	INSTRUCTIONSCROLL	3931
1158608023530	1	INSTRUCTIONSCROLL	3934
1158608023547	1	INSTRUCTIONSCROLL	3938
1158608023564	1	INSTRUCTIONSCROLL	3941
1158608023580	1	INSTRUCTIONSCROLL	3944
1158608023597	1	INSTRUCTIONSCROLL	3948
1158608023614	1	INSTRUCTIONSCROLL	3951
1158608023630	1	INSTRUCTIONSCROLL	3954
1158608023647	1	INSTRUCTIONSCROLL	3958
1158608023664	1	INSTRUCTIONSCROLL	3961
1158608023680	1	INSTRUCTIONSCROLL	3964
1158608023697	1	INSTRUCTIONSCROLL	3967
1158608051880	1	INSTRUCTIONSTOP	Button set (OR)
1158608051943	0	E	Logging Ends
