1160513434584	0	B	Logging Begins
1160513434584	0	SETUP
1160513434597	0	RESTORESTATE
1160513434624	0	SAVESTATE
1160513434624	0	RESTORESTATE
1160513434628	0	SESSION	0
1160513557716	0	SAVESTATE
1160513563753	0	SAVESTATE
1160513569779	0	SAVESTATE
1160513575794	0	SAVESTATE
1160513581808	0	SAVESTATE
1160513587834	0	SAVESTATE
1160513593861	0	SAVESTATE
1160513599894	0	SAVESTATE
1160513609038	0	SAVESTATE
1160513615065	0	SAVESTATE
1160513621092	0	SAVESTATE
1160513627119	0	SAVESTATE
1160513633146	0	SAVESTATE
1160513639172	0	SAVESTATE
1160513645186	0	SAVESTATE
1160513651212	0	SAVESTATE
1160513660035	0	SAVESTATE
1160513666055	0	SAVESTATE
1160513672087	0	SAVESTATE
1160513678116	0	SAVESTATE
1160513684143	0	SAVESTATE
1160513690172	0	SAVESTATE
1160513696211	0	SAVESTATE
1160513702237	0	SAVESTATE
1160513710293	0	SAVESTATE
1160513716320	0	SAVESTATE
1160513722347	0	SAVESTATE
1160513728373	0	SAVESTATE
1160513734400	0	SAVESTATE
1160513740426	0	SAVESTATE
1160513746453	0	SAVESTATE
1160513752480	0	SAVESTATE
1160513761039	0	SAVESTATE
1160513767062	0	SAVESTATE
1160513773097	0	SAVESTATE
1160513779118	0	SAVESTATE
1160513785134	0	SAVESTATE
1160513791170	0	SAVESTATE
1160513797196	0	SAVESTATE
1160513803224	0	SAVESTATE
1160513811362	0	SAVESTATE
1160513817387	0	SAVESTATE
1160513823414	0	SAVESTATE
1160513829441	0	SAVESTATE
1160513835468	0	SAVESTATE
1160513841494	0	SAVESTATE
1160513847521	0	SAVESTATE
1160513853547	0	SAVESTATE
1160513863491	0	SAVESTATE
1160513869504	0	SAVESTATE
1160513875536	0	SAVESTATE
1160513881560	0	SAVESTATE
1160513887598	0	SAVESTATE
1160513893624	0	SAVESTATE
1160513899652	0	SAVESTATE
1160513905678	0	SAVESTATE
1160513913974	0	SAVESTATE
1160513920002	0	SAVESTATE
1160513926028	0	SAVESTATE
1160513932055	0	SAVESTATE
1160513938082	0	SAVESTATE
1160513944109	0	SAVESTATE
1160513950135	0	SAVESTATE
1160513956162	0	SAVESTATE
1160513965318	0	SAVESTATE
1160513971348	0	SAVESTATE
1160513977386	0	SAVESTATE
1160513983416	0	SAVESTATE
1160513989439	0	SAVESTATE
1160513995459	0	SAVESTATE
1160514001479	0	SAVESTATE
1160514007505	0	SAVESTATE
1160514014975	0	SAVESTATE
1160514021003	0	SAVESTATE
1160514027030	0	SAVESTATE
1160514033056	0	SAVESTATE
1160514039083	0	SAVESTATE
1160514045110	0	SAVESTATE
1160514051137	0	SAVESTATE
1160514057163	0	SAVESTATE
1160514065786	0	SAVESTATE
1160514071812	0	SAVESTATE
1160514077840	0	SAVESTATE
1160514083864	0	SAVESTATE
1160514089892	0	SAVESTATE
1160514095923	0	SAVESTATE
1160514101965	0	SAVESTATE
1160514107988	0	SAVESTATE
1160514116257	0	SAVESTATE
1160514122284	0	SAVESTATE
1160514128311	0	SAVESTATE
1160514134337	0	SAVESTATE
1160514140364	0	SAVESTATE
1160514146391	0	SAVESTATE
1160514152418	0	SAVESTATE
1160514158445	0	SAVESTATE
1160514166361	0	SAVESTATE
1160514172394	0	SAVESTATE
1160514178413	0	SAVESTATE
1160514184430	0	SAVESTATE
1160514190455	0	SAVESTATE
1160514196484	0	SAVESTATE
1160514202522	0	SAVESTATE
1160514208546	0	SAVESTATE
1160514217630	0	SAVESTATE
1160514223657	0	SAVESTATE
1160514229684	0	SAVESTATE
1160514235711	0	SAVESTATE
1160514241737	0	SAVESTATE
1160514247764	0	SAVESTATE
1160514253791	0	SAVESTATE
1160514259818	0	SAVESTATE
1160514267595	0	SAVESTATE
1160514273627	0	SAVESTATE
1160514279656	0	SAVESTATE
1160514285683	0	SAVESTATE
1160514291726	0	SAVESTATE
1160514297762	0	SAVESTATE
1160514303775	0	SAVESTATE
1160514309786	0	SAVESTATE
1160514317756	0	SAVESTATE
1160514323778	0	SAVESTATE
1160514329805	0	SAVESTATE
1160514335832	0	SAVESTATE
1160514341859	0	SAVESTATE
1160514347885	0	SAVESTATE
1160514353912	0	SAVESTATE
1160514359939	0	SAVESTATE
1160514368526	0	SAVESTATE
1160514374560	0	SAVESTATE
1160514380581	0	SAVESTATE
1160514386602	0	SAVESTATE
1160514392631	0	SAVESTATE
1160514398670	0	SAVESTATE
1160514404695	0	SAVESTATE
1160514410722	0	SAVESTATE
1160514418354	0	SAVESTATE
1160514424380	0	SAVESTATE
1160514430407	0	SAVESTATE
1160514436434	0	SAVESTATE
1160514442461	0	SAVESTATE
1160514448487	0	SAVESTATE
1160514454514	0	SAVESTATE
1160514460540	0	SAVESTATE
1160514468128	0	SAVESTATE
1160514474162	0	SAVESTATE
1160514480192	0	SAVESTATE
1160514486218	0	SAVESTATE
1160514492232	0	SAVESTATE
1160514498258	0	SAVESTATE
1160514504286	0	SAVESTATE
1160514510318	0	SAVESTATE
1160514517540	0	SAVESTATE
1160514523567	0	SAVESTATE
1160514529594	0	SAVESTATE
1160514535621	0	SAVESTATE
1160514541647	0	SAVESTATE
1160514547674	0	SAVESTATE
1160514553701	0	SAVESTATE
1160514559728	0	SAVESTATE
1160514615617	0	SAVESTATE
1160514621645	0	SAVESTATE
1160514627670	0	SAVESTATE
1160514633698	0	SAVESTATE
1160514639709	0	SAVESTATE
1160514645726	0	SAVESTATE
1160514651753	0	SAVESTATE
1160514657780	0	SAVESTATE
1160514667463	0	SAVESTATE
1160514673490	0	SAVESTATE
1160514679516	0	SAVESTATE
1160514685542	0	SAVESTATE
1160514691569	0	SAVESTATE
1160514697596	0	SAVESTATE
1160514703622	0	SAVESTATE
1160514709649	0	SAVESTATE
1160514718886	0	SAVESTATE
1160514724910	0	SAVESTATE
1160514730938	0	SAVESTATE
1160514736954	0	SAVESTATE
1160514742977	0	SAVESTATE
1160514749008	0	SAVESTATE
1160514755035	0	SAVESTATE
1160514761059	0	SAVESTATE
1160514769344	0	SAVESTATE
1160514775371	0	SAVESTATE
1160514781398	0	SAVESTATE
1160514787424	0	SAVESTATE
1160514793451	0	SAVESTATE
1160514799478	0	SAVESTATE
1160514805504	0	SAVESTATE
1160514811530	0	SAVESTATE
1160514820219	0	SAVESTATE
1160514826248	0	SAVESTATE
1160514832274	0	SAVESTATE
1160514838301	0	SAVESTATE
1160514844328	0	SAVESTATE
1160514850339	0	SAVESTATE
1160514856355	0	SAVESTATE
1160514862383	0	SAVESTATE
1160514871292	0	SAVESTATE
1160514877319	0	SAVESTATE
1160514883346	0	SAVESTATE
1160514889372	0	SAVESTATE
1160514895399	0	SAVESTATE
1160514901426	0	SAVESTATE
1160514907452	0	SAVESTATE
1160514913479	0	SAVESTATE
1160514922330	0	SAVESTATE
1160514928354	0	SAVESTATE
1160514934367	0	SAVESTATE
1160514940381	0	SAVESTATE
1160514946408	0	SAVESTATE
1160514952437	0	SAVESTATE
1160514958463	0	SAVESTATE
1160514964490	0	SAVESTATE
1160514972426	0	SAVESTATE
1160514978453	0	SAVESTATE
1160514984480	0	SAVESTATE
1160514990506	0	SAVESTATE
1160514996532	0	SAVESTATE
1160515002559	0	SAVESTATE
1160515008586	0	SAVESTATE
1160515014612	0	SAVESTATE
1160515022796	0	SAVESTATE
1160515028821	0	SAVESTATE
1160515034848	0	SAVESTATE
1160515040874	0	SAVESTATE
1160515046904	0	SAVESTATE
1160515052915	0	SAVESTATE
1160515058930	0	SAVESTATE
1160515064957	0	SAVESTATE
1160515072844	0	SAVESTATE
1160515078867	0	SAVESTATE
1160515084893	0	SAVESTATE
1160515090920	0	SAVESTATE
1160515096947	0	SAVESTATE
1160515102973	0	SAVESTATE
1160515109001	0	SAVESTATE
1160515115028	0	SAVESTATE
1160515123902	0	SAVESTATE
1160515129918	0	SAVESTATE
1160515135942	0	SAVESTATE
1160515141958	0	SAVESTATE
1160515147983	0	SAVESTATE
1160515154012	0	SAVESTATE
1160515160036	0	SAVESTATE
1160515166065	0	SAVESTATE
1160515173792	0	SAVESTATE
1160515179814	0	SAVESTATE
1160515185841	0	SAVESTATE
1160515191868	0	SAVESTATE
1160515197894	0	SAVESTATE
1160515203921	0	SAVESTATE
1160515209948	0	SAVESTATE
1160515215974	0	SAVESTATE
1160515224704	0	SAVESTATE
1160515230732	0	SAVESTATE
1160515236756	0	SAVESTATE
1160515242786	0	SAVESTATE
1160515248799	0	SAVESTATE
1160515254809	0	SAVESTATE
1160515260837	0	SAVESTATE
1160515266867	0	SAVESTATE
1160515274523	0	SAVESTATE
1160515280549	0	SAVESTATE
1160515286575	0	SAVESTATE
1160515292602	0	SAVESTATE
1160515298629	0	SAVESTATE
1160515304656	0	SAVESTATE
1160515310683	0	SAVESTATE
1160515316709	0	SAVESTATE
1160515324387	0	SAVESTATE
1160515330412	0	SAVESTATE
1160515336438	0	SAVESTATE
1160515342468	0	SAVESTATE
1160515348492	0	SAVESTATE
1160515354520	0	SAVESTATE
1160515360531	0	SAVESTATE
1160515366548	0	SAVESTATE
1160515373963	0	SAVESTATE
1160515379990	0	SAVESTATE
1160515386018	0	SAVESTATE
1160515392044	0	SAVESTATE
1160515398071	0	SAVESTATE
1160515404098	0	SAVESTATE
1160515410124	0	SAVESTATE
1160515416151	0	SAVESTATE
1160515423653	0	SAVESTATE
1160515429664	0	SAVESTATE
1160515435695	0	SAVESTATE
1160515441708	0	SAVESTATE
1160515447734	0	SAVESTATE
1160515453758	0	SAVESTATE
1160515459788	0	SAVESTATE
1160515465814	0	SAVESTATE
1160515473020	0	SAVESTATE
1160515479045	0	SAVESTATE
1160515485072	0	SAVESTATE
1160515491098	0	SAVESTATE
1160515497125	0	SAVESTATE
1160515503152	0	SAVESTATE
1160515509179	0	SAVESTATE
1160515515205	0	SAVESTATE
1160515522719	0	SAVESTATE
1160515528735	0	SAVESTATE
1160515534745	0	SAVESTATE
1160515540776	0	SAVESTATE
1160515546801	0	SAVESTATE
1160515552826	0	SAVESTATE
1160515558854	0	SAVESTATE
1160515564882	0	SAVESTATE
1160515572578	0	SAVESTATE
1160515578605	0	SAVESTATE
1160515584632	0	SAVESTATE
1160515590659	0	SAVESTATE
1160515596685	0	SAVESTATE
1160515602712	0	SAVESTATE
1160515608739	0	SAVESTATE
1160515614765	0	SAVESTATE
1160515623712	0	SAVESTATE
1160515623716	0	EXIT
1160515623716	0	E	Logging Ends
