1165439322509	0	B	Logging Begins
1165439322510	0	INSTRUCTIONSTART	JointRoller	/Library/Frameworks/Python.framework/Versions/2.4/lib/python2.4/site-packages/pyepl/resources/vera.ttf	64	(0, 0, 0)	'In the following experiment, your memory for associating names with faces will be tested.  The task is challenging and requires concentration, so if at any time during the experiment you feel that you need a short break, let the experimenter know.\n\nSixteen faces will be presented on the screen, consecutively, accompanied by their names.  A woman\'s voice will also speak the name when the face appears on the screen.  After five seconds, the face will disappear from the screen, a star (*) will flash on the screen for one second, and then the next face and name will appear.\n\nAfter you have seen all sixteen faces and names, you will be prompted to press any key in order to move on to a testing period.  During each trial of the testing period, you will see a face with name underneath it.  You will have to decide whether or not the face is paired with the appropriate face.  \n\nYou will respond on the keyboard, with a confidence judgment between 1 and 6.  A judgment of 1 indicates that you are near certain that the name given is incorrectly paired with the face, a judgment of 2 indicates moderate confidence, and a judgment of 3 indicates that you think the name is incorrectly paired with the face, but are quite unsure.  A judgment of 6 indicates that you are near certain that the name given is correctly paired with the face, a judgment of 5 indicates moderate confidence, and a judgment of 4 indicates that you think the name is correctly paired with the face, but are quite unsure.\n\nYou should rest your fingers on the bottom row of the keyboard.  "Z", "X", and  "C" will correspond to confidence judgments of 1, 2, and 3, respectively.  ",", ".", and "/" will correspond to confidence judgments of 4, 5, and 6, respectively.\n\nAfter five seconds the name and face will disappear from the screen, a star will flash on the screen for one second, and then the next name and face pair will appear on the screen.  You will see sixteen name-face pairs per test period.  You should try to reply as quickly and accurately as you can.\n\nThere will be ten study periods and ten test periods, alternating.  Each face will have the same name over the entire course of the study, so your task is to try and learn the faces\' names as quickly and accurately as possible.\n\nDo you have any questions?\n\nPress <ENTER> to continue.\n'
1165439322631	1	INSTRUCTIONSCROLL	0
1165439331212	1	INSTRUCTIONSCROLL	1
1165439331231	1	INSTRUCTIONSCROLL	2
1165439331247	1	INSTRUCTIONSCROLL	5
1165439331264	1	INSTRUCTIONSCROLL	8
1165439331281	1	INSTRUCTIONSCROLL	12
1165439331297	1	INSTRUCTIONSCROLL	15
1165439331314	1	INSTRUCTIONSCROLL	18
1165439331331	1	INSTRUCTIONSCROLL	22
1165439331347	1	INSTRUCTIONSCROLL	25
1165439331364	1	INSTRUCTIONSCROLL	28
1165439331679	1	INSTRUCTIONSCROLL	29
1165439331696	1	INSTRUCTIONSCROLL	31
1165439331713	1	INSTRUCTIONSCROLL	34
1165439331729	1	INSTRUCTIONSCROLL	37
1165439331746	1	INSTRUCTIONSCROLL	41
1165439331763	1	INSTRUCTIONSCROLL	44
1165439331779	1	INSTRUCTIONSCROLL	47
1165439331796	1	INSTRUCTIONSCROLL	51
1165439332097	1	INSTRUCTIONSCROLL	52
1165439332114	1	INSTRUCTIONSCROLL	55
1165439332130	1	INSTRUCTIONSCROLL	59
1165439332147	1	INSTRUCTIONSCROLL	62
1165439332164	1	INSTRUCTIONSCROLL	65
1165439332180	1	INSTRUCTIONSCROLL	69
1165439332197	1	INSTRUCTIONSCROLL	72
1165439332214	1	INSTRUCTIONSCROLL	75
1165439332430	1	INSTRUCTIONSCROLL	76
1165439332447	1	INSTRUCTIONSCROLL	77
1165439332464	1	INSTRUCTIONSCROLL	81
1165439332479	1	INSTRUCTIONSCROLL	84
1165439332496	1	INSTRUCTIONSCROLL	87
1165439332513	1	INSTRUCTIONSCROLL	91
1165439332529	1	INSTRUCTIONSCROLL	94
1165439332546	1	INSTRUCTIONSCROLL	97
1165439332563	1	INSTRUCTIONSCROLL	100
1165439332579	1	INSTRUCTIONSCROLL	104
1165439332762	1	INSTRUCTIONSCROLL	105
1165439332779	1	INSTRUCTIONSCROLL	107
1165439332796	1	INSTRUCTIONSCROLL	110
1165439332812	1	INSTRUCTIONSCROLL	114
1165439332829	1	INSTRUCTIONSCROLL	117
1165439332846	1	INSTRUCTIONSCROLL	120
1165439332862	1	INSTRUCTIONSCROLL	124
1165439332879	1	INSTRUCTIONSCROLL	127
1165439332896	1	INSTRUCTIONSCROLL	130
1165439332912	1	INSTRUCTIONSCROLL	134
1165439332929	1	INSTRUCTIONSCROLL	137
1165439332946	1	INSTRUCTIONSCROLL	140
1165439332962	1	INSTRUCTIONSCROLL	144
1165439332979	1	INSTRUCTIONSCROLL	147
1165439332996	1	INSTRUCTIONSCROLL	150
1165439333013	1	INSTRUCTIONSCROLL	154
1165439333030	1	INSTRUCTIONSCROLL	157
1165439333047	1	INSTRUCTIONSCROLL	160
1165439333063	1	INSTRUCTIONSCROLL	164
1165439333080	1	INSTRUCTIONSCROLL	167
1165439333097	1	INSTRUCTIONSCROLL	171
1165439333113	1	INSTRUCTIONSCROLL	174
1165439333130	1	INSTRUCTIONSCROLL	177
1165439333147	1	INSTRUCTIONSCROLL	181
1165439333163	1	INSTRUCTIONSCROLL	184
1165439333180	1	INSTRUCTIONSCROLL	187
1165439333197	1	INSTRUCTIONSCROLL	191
1165439333213	1	INSTRUCTIONSCROLL	194
1165439333230	1	INSTRUCTIONSCROLL	197
1165439333247	1	INSTRUCTIONSCROLL	200
1165439333263	1	INSTRUCTIONSCROLL	204
1165439333280	1	INSTRUCTIONSCROLL	207
1165439333297	1	INSTRUCTIONSCROLL	211
1165439333313	1	INSTRUCTIONSCROLL	214
1165439333330	1	INSTRUCTIONSCROLL	217
1165439333347	1	INSTRUCTIONSCROLL	221
1165439333363	1	INSTRUCTIONSCROLL	224
1165439333380	1	INSTRUCTIONSCROLL	227
1165439333397	1	INSTRUCTIONSCROLL	230
1165439333413	1	INSTRUCTIONSCROLL	234
1165439333430	1	INSTRUCTIONSCROLL	237
1165439333447	1	INSTRUCTIONSCROLL	241
1165439333463	1	INSTRUCTIONSCROLL	244
1165439333479	1	INSTRUCTIONSCROLL	247
1165439333496	1	INSTRUCTIONSCROLL	250
1165439333512	1	INSTRUCTIONSCROLL	254
1165439333529	1	INSTRUCTIONSCROLL	257
1165439333546	1	INSTRUCTIONSCROLL	260
1165439333562	1	INSTRUCTIONSCROLL	264
1165439333579	1	INSTRUCTIONSCROLL	267
1165439333596	1	INSTRUCTIONSCROLL	270
1165439333612	1	INSTRUCTIONSCROLL	274
1165439333629	1	INSTRUCTIONSCROLL	277
1165439333646	1	INSTRUCTIONSCROLL	280
1165439333662	1	INSTRUCTIONSCROLL	283
1165439333679	1	INSTRUCTIONSCROLL	287
1165439333696	1	INSTRUCTIONSCROLL	290
1165439333712	1	INSTRUCTIONSCROLL	294
1165439333729	1	INSTRUCTIONSCROLL	297
1165439333746	1	INSTRUCTIONSCROLL	300
1165439333762	1	INSTRUCTIONSCROLL	303
1165439333779	1	INSTRUCTIONSCROLL	307
1165439333796	1	INSTRUCTIONSCROLL	310
1165439333812	1	INSTRUCTIONSCROLL	313
1165439333829	1	INSTRUCTIONSCROLL	317
1165439333845	1	INSTRUCTIONSCROLL	320
1165439333862	1	INSTRUCTIONSCROLL	323
1165439333879	1	INSTRUCTIONSCROLL	327
1165439333895	1	INSTRUCTIONSCROLL	330
1165439333912	1	INSTRUCTIONSCROLL	333
1165439333929	1	INSTRUCTIONSCROLL	337
1165439333945	1	INSTRUCTIONSCROLL	340
1165439333962	1	INSTRUCTIONSCROLL	343
1165439333979	1	INSTRUCTIONSCROLL	347
1165439333995	1	INSTRUCTIONSCROLL	350
1165439334013	1	INSTRUCTIONSCROLL	353
1165439334030	1	INSTRUCTIONSCROLL	357
1165439334046	1	INSTRUCTIONSCROLL	360
1165439334063	1	INSTRUCTIONSCROLL	364
1165439334080	1	INSTRUCTIONSCROLL	367
1165439334097	1	INSTRUCTIONSCROLL	370
1165439334113	1	INSTRUCTIONSCROLL	374
1165439334130	1	INSTRUCTIONSCROLL	377
1165439334146	1	INSTRUCTIONSCROLL	380
1165439334163	1	INSTRUCTIONSCROLL	384
1165439334180	1	INSTRUCTIONSCROLL	387
1165439334196	1	INSTRUCTIONSCROLL	390
1165439334213	1	INSTRUCTIONSCROLL	394
1165439334230	1	INSTRUCTIONSCROLL	397
1165439334246	1	INSTRUCTIONSCROLL	400
1165439334263	1	INSTRUCTIONSCROLL	404
1165439334280	1	INSTRUCTIONSCROLL	407
1165439334296	1	INSTRUCTIONSCROLL	410
1165439334313	1	INSTRUCTIONSCROLL	414
1165439334330	1	INSTRUCTIONSCROLL	417
1165439334346	1	INSTRUCTIONSCROLL	420
1165439334363	1	INSTRUCTIONSCROLL	424
1165439334380	1	INSTRUCTIONSCROLL	427
1165439334396	1	INSTRUCTIONSCROLL	430
1165439334413	1	INSTRUCTIONSCROLL	434
1165439334430	1	INSTRUCTIONSCROLL	437
1165439334446	1	INSTRUCTIONSCROLL	440
1165439334463	1	INSTRUCTIONSCROLL	444
1165439334479	1	INSTRUCTIONSCROLL	447
1165439334495	1	INSTRUCTIONSCROLL	450
1165439334512	1	INSTRUCTIONSCROLL	453
1165439334529	1	INSTRUCTIONSCROLL	457
1165439334545	1	INSTRUCTIONSCROLL	460
1165439334562	1	INSTRUCTIONSCROLL	463
1165439334579	1	INSTRUCTIONSCROLL	467
1165439334595	1	INSTRUCTIONSCROLL	470
1165439334612	1	INSTRUCTIONSCROLL	473
1165439334629	1	INSTRUCTIONSCROLL	477
1165439334645	1	INSTRUCTIONSCROLL	480
1165439334662	1	INSTRUCTIONSCROLL	483
1165439334679	1	INSTRUCTIONSCROLL	487
1165439334695	1	INSTRUCTIONSCROLL	490
1165439334712	1	INSTRUCTIONSCROLL	493
1165439334729	1	INSTRUCTIONSCROLL	497
1165439334745	1	INSTRUCTIONSCROLL	500
1165439334762	1	INSTRUCTIONSCROLL	503
1165439334778	1	INSTRUCTIONSCROLL	507
1165439334795	1	INSTRUCTIONSCROLL	510
1165439334812	1	INSTRUCTIONSCROLL	513
1165439334828	1	INSTRUCTIONSCROLL	517
1165439334845	1	INSTRUCTIONSCROLL	520
1165439334862	1	INSTRUCTIONSCROLL	523
1165439334879	1	INSTRUCTIONSCROLL	527
1165439334895	1	INSTRUCTIONSCROLL	530
1165439334912	1	INSTRUCTIONSCROLL	533
1165439334928	1	INSTRUCTIONSCROLL	537
1165439334945	1	INSTRUCTIONSCROLL	540
1165439334962	1	INSTRUCTIONSCROLL	543
1165439334978	1	INSTRUCTIONSCROLL	547
1165439334995	1	INSTRUCTIONSCROLL	550
1165439335013	1	INSTRUCTIONSCROLL	553
1165439335029	1	INSTRUCTIONSCROLL	557
1165439335046	1	INSTRUCTIONSCROLL	560
1165439335063	1	INSTRUCTIONSCROLL	564
1165439335080	1	INSTRUCTIONSCROLL	567
1165439335096	1	INSTRUCTIONSCROLL	570
1165439335113	1	INSTRUCTIONSCROLL	574
1165439335129	1	INSTRUCTIONSCROLL	577
1165439335146	1	INSTRUCTIONSCROLL	580
1165439335163	1	INSTRUCTIONSCROLL	584
1165439335179	1	INSTRUCTIONSCROLL	587
1165439335196	1	INSTRUCTIONSCROLL	590
1165439335213	1	INSTRUCTIONSCROLL	594
1165439335229	1	INSTRUCTIONSCROLL	597
1165439335246	1	INSTRUCTIONSCROLL	600
1165439335263	1	INSTRUCTIONSCROLL	604
1165439335279	1	INSTRUCTIONSCROLL	607
1165439335296	1	INSTRUCTIONSCROLL	610
1165439335313	1	INSTRUCTIONSCROLL	614
1165439335329	1	INSTRUCTIONSCROLL	617
1165439335346	1	INSTRUCTIONSCROLL	620
1165439335363	1	INSTRUCTIONSCROLL	624
1165439342643	1	INSTRUCTIONSCROLL	625
1165439342659	1	INSTRUCTIONSCROLL	628
1165439342676	1	INSTRUCTIONSCROLL	632
1165439342693	1	INSTRUCTIONSCROLL	635
1165439342709	1	INSTRUCTIONSCROLL	638
1165439342726	1	INSTRUCTIONSCROLL	642
1165439342743	1	INSTRUCTIONSCROLL	645
1165439342759	1	INSTRUCTIONSCROLL	648
1165439342776	1	INSTRUCTIONSCROLL	652
1165439342793	1	INSTRUCTIONSCROLL	655
1165439342809	1	INSTRUCTIONSCROLL	658
1165439342826	1	INSTRUCTIONSCROLL	662
1165439342843	1	INSTRUCTIONSCROLL	665
1165439342859	1	INSTRUCTIONSCROLL	668
1165439342876	1	INSTRUCTIONSCROLL	672
1165439342893	1	INSTRUCTIONSCROLL	675
1165439342909	1	INSTRUCTIONSCROLL	678
1165439342926	1	INSTRUCTIONSCROLL	682
1165439342943	1	INSTRUCTIONSCROLL	685
1165439342959	1	INSTRUCTIONSCROLL	688
1165439342976	1	INSTRUCTIONSCROLL	692
1165439342993	1	INSTRUCTIONSCROLL	695
1165439343010	1	INSTRUCTIONSCROLL	698
1165439343027	1	INSTRUCTIONSCROLL	702
1165439343044	1	INSTRUCTIONSCROLL	705
1165439343060	1	INSTRUCTIONSCROLL	709
1165439343077	1	INSTRUCTIONSCROLL	712
1165439343094	1	INSTRUCTIONSCROLL	715
1165439343110	1	INSTRUCTIONSCROLL	719
1165439343127	1	INSTRUCTIONSCROLL	722
1165439343144	1	INSTRUCTIONSCROLL	725
1165439343160	1	INSTRUCTIONSCROLL	729
1165439343177	1	INSTRUCTIONSCROLL	732
1165439343194	1	INSTRUCTIONSCROLL	735
1165439343210	1	INSTRUCTIONSCROLL	739
1165439343227	1	INSTRUCTIONSCROLL	742
1165439343244	1	INSTRUCTIONSCROLL	745
1165439343260	1	INSTRUCTIONSCROLL	749
1165439343277	1	INSTRUCTIONSCROLL	752
1165439343293	1	INSTRUCTIONSCROLL	755
1165439343310	1	INSTRUCTIONSCROLL	759
1165439343327	1	INSTRUCTIONSCROLL	762
1165439343344	1	INSTRUCTIONSCROLL	765
1165439343360	1	INSTRUCTIONSCROLL	769
1165439343377	1	INSTRUCTIONSCROLL	772
1165439343393	1	INSTRUCTIONSCROLL	775
1165439343410	1	INSTRUCTIONSCROLL	779
1165439343427	1	INSTRUCTIONSCROLL	782
1165439343443	1	INSTRUCTIONSCROLL	785
1165439343460	1	INSTRUCTIONSCROLL	789
1165439343476	1	INSTRUCTIONSCROLL	792
1165439343492	1	INSTRUCTIONSCROLL	795
1165439343509	1	INSTRUCTIONSCROLL	798
1165439343526	1	INSTRUCTIONSCROLL	802
1165439343542	1	INSTRUCTIONSCROLL	805
1165439343559	1	INSTRUCTIONSCROLL	808
1165439343576	1	INSTRUCTIONSCROLL	812
1165439343592	1	INSTRUCTIONSCROLL	815
1165439343609	1	INSTRUCTIONSCROLL	818
1165439343626	1	INSTRUCTIONSCROLL	822
1165439343642	1	INSTRUCTIONSCROLL	825
1165439343659	1	INSTRUCTIONSCROLL	828
1165439343676	1	INSTRUCTIONSCROLL	832
1165439343692	1	INSTRUCTIONSCROLL	835
1165439343709	1	INSTRUCTIONSCROLL	838
1165439343726	1	INSTRUCTIONSCROLL	842
1165439343742	1	INSTRUCTIONSCROLL	845
1165439343759	1	INSTRUCTIONSCROLL	848
1165439343776	1	INSTRUCTIONSCROLL	852
1165439343792	1	INSTRUCTIONSCROLL	855
1165439343809	1	INSTRUCTIONSCROLL	858
1165439343826	1	INSTRUCTIONSCROLL	862
1165439343842	1	INSTRUCTIONSCROLL	865
1165439343859	1	INSTRUCTIONSCROLL	868
1165439343876	1	INSTRUCTIONSCROLL	872
1165439343892	1	INSTRUCTIONSCROLL	875
1165439343909	1	INSTRUCTIONSCROLL	878
1165439343926	1	INSTRUCTIONSCROLL	882
1165439343942	1	INSTRUCTIONSCROLL	885
1165439343959	1	INSTRUCTIONSCROLL	888
1165439343976	1	INSTRUCTIONSCROLL	892
1165439343992	1	INSTRUCTIONSCROLL	895
1165439348691	1	INSTRUCTIONSCROLL	896
1165439348707	1	INSTRUCTIONSCROLL	898
1165439348724	1	INSTRUCTIONSCROLL	902
1165439348741	1	INSTRUCTIONSCROLL	905
1165439348757	1	INSTRUCTIONSCROLL	908
1165439348774	1	INSTRUCTIONSCROLL	912
1165439348791	1	INSTRUCTIONSCROLL	915
1165439348807	1	INSTRUCTIONSCROLL	918
1165439348824	1	INSTRUCTIONSCROLL	922
1165439348841	1	INSTRUCTIONSCROLL	925
1165439348857	1	INSTRUCTIONSCROLL	928
1165439348874	1	INSTRUCTIONSCROLL	932
1165439348891	1	INSTRUCTIONSCROLL	935
1165439348907	1	INSTRUCTIONSCROLL	938
1165439348924	1	INSTRUCTIONSCROLL	942
1165439348941	1	INSTRUCTIONSCROLL	945
1165439348957	1	INSTRUCTIONSCROLL	948
1165439348974	1	INSTRUCTIONSCROLL	952
1165439348991	1	INSTRUCTIONSCROLL	955
1165439349008	1	INSTRUCTIONSCROLL	958
1165439349025	1	INSTRUCTIONSCROLL	962
1165439349042	1	INSTRUCTIONSCROLL	965
1165439349058	1	INSTRUCTIONSCROLL	968
1165439349075	1	INSTRUCTIONSCROLL	972
1165439349092	1	INSTRUCTIONSCROLL	975
1165439349108	1	INSTRUCTIONSCROLL	978
1165439349125	1	INSTRUCTIONSCROLL	982
1165439349142	1	INSTRUCTIONSCROLL	985
1165439349158	1	INSTRUCTIONSCROLL	989
1165439349175	1	INSTRUCTIONSCROLL	992
1165439349192	1	INSTRUCTIONSCROLL	995
1165439349208	1	INSTRUCTIONSCROLL	998
1165439349225	1	INSTRUCTIONSCROLL	1002
1165439349242	1	INSTRUCTIONSCROLL	1005
1165439349258	1	INSTRUCTIONSCROLL	1009
1165439349275	1	INSTRUCTIONSCROLL	1012
1165439349292	1	INSTRUCTIONSCROLL	1015
1165439349308	1	INSTRUCTIONSCROLL	1018
1165439349325	1	INSTRUCTIONSCROLL	1022
1165439349342	1	INSTRUCTIONSCROLL	1025
1165439349358	1	INSTRUCTIONSCROLL	1028
1165439349375	1	INSTRUCTIONSCROLL	1032
1165439349392	1	INSTRUCTIONSCROLL	1035
1165439349408	1	INSTRUCTIONSCROLL	1039
1165439349425	1	INSTRUCTIONSCROLL	1042
1165439349442	1	INSTRUCTIONSCROLL	1045
1165439349458	1	INSTRUCTIONSCROLL	1049
1165439349474	1	INSTRUCTIONSCROLL	1052
1165439349490	1	INSTRUCTIONSCROLL	1055
1165439349507	1	INSTRUCTIONSCROLL	1058
1165439349524	1	INSTRUCTIONSCROLL	1062
1165439349540	1	INSTRUCTIONSCROLL	1065
1165439349557	1	INSTRUCTIONSCROLL	1068
1165439349574	1	INSTRUCTIONSCROLL	1072
1165439349590	1	INSTRUCTIONSCROLL	1075
1165439349607	1	INSTRUCTIONSCROLL	1078
1165439349625	1	INSTRUCTIONSCROLL	1082
1165439349640	1	INSTRUCTIONSCROLL	1085
1165439349657	1	INSTRUCTIONSCROLL	1088
1165439349674	1	INSTRUCTIONSCROLL	1092
1165439349690	1	INSTRUCTIONSCROLL	1095
1165439349707	1	INSTRUCTIONSCROLL	1098
1165439349724	1	INSTRUCTIONSCROLL	1102
1165439349740	1	INSTRUCTIONSCROLL	1105
1165439357306	1	INSTRUCTIONSCROLL	1106
1165439357322	1	INSTRUCTIONSCROLL	1110
1165439357339	1	INSTRUCTIONSCROLL	1113
1165439357356	1	INSTRUCTIONSCROLL	1116
1165439357372	1	INSTRUCTIONSCROLL	1120
1165439357389	1	INSTRUCTIONSCROLL	1123
1165439357406	1	INSTRUCTIONSCROLL	1126
1165439357422	1	INSTRUCTIONSCROLL	1130
1165439357439	1	INSTRUCTIONSCROLL	1133
1165439357456	1	INSTRUCTIONSCROLL	1136
1165439357472	1	INSTRUCTIONSCROLL	1140
1165439357488	1	INSTRUCTIONSCROLL	1143
1165439357505	1	INSTRUCTIONSCROLL	1146
1165439357521	1	INSTRUCTIONSCROLL	1149
1165439357538	1	INSTRUCTIONSCROLL	1153
1165439357555	1	INSTRUCTIONSCROLL	1156
1165439357571	1	INSTRUCTIONSCROLL	1159
1165439357588	1	INSTRUCTIONSCROLL	1163
1165439357604	1	INSTRUCTIONSCROLL	1166
1165439357621	1	INSTRUCTIONSCROLL	1169
1165439357638	1	INSTRUCTIONSCROLL	1173
1165439357655	1	INSTRUCTIONSCROLL	1176
1165439357671	1	INSTRUCTIONSCROLL	1179
1165439357688	1	INSTRUCTIONSCROLL	1183
1165439357704	1	INSTRUCTIONSCROLL	1186
1165439357721	1	INSTRUCTIONSCROLL	1190
1165439357738	1	INSTRUCTIONSCROLL	1193
1165439357755	1	INSTRUCTIONSCROLL	1196
1165439357771	1	INSTRUCTIONSCROLL	1199
1165439357788	1	INSTRUCTIONSCROLL	1203
1165439357805	1	INSTRUCTIONSCROLL	1206
1165439357821	1	INSTRUCTIONSCROLL	1209
1165439357838	1	INSTRUCTIONSCROLL	1213
1165439357855	1	INSTRUCTIONSCROLL	1216
1165439357871	1	INSTRUCTIONSCROLL	1219
1165439357888	1	INSTRUCTIONSCROLL	1223
1165439357905	1	INSTRUCTIONSCROLL	1226
1165439357921	1	INSTRUCTIONSCROLL	1229
1165439357938	1	INSTRUCTIONSCROLL	1233
1165439357954	1	INSTRUCTIONSCROLL	1236
1165439357971	1	INSTRUCTIONSCROLL	1239
1165439357988	1	INSTRUCTIONSCROLL	1243
1165439358005	1	INSTRUCTIONSCROLL	1246
1165439358022	1	INSTRUCTIONSCROLL	1250
1165439358039	1	INSTRUCTIONSCROLL	1253
1165439358055	1	INSTRUCTIONSCROLL	1256
1165439358072	1	INSTRUCTIONSCROLL	1260
1165439358089	1	INSTRUCTIONSCROLL	1263
1165439358105	1	INSTRUCTIONSCROLL	1266
1165439358122	1	INSTRUCTIONSCROLL	1270
1165439358139	1	INSTRUCTIONSCROLL	1273
1165439358155	1	INSTRUCTIONSCROLL	1276
1165439358172	1	INSTRUCTIONSCROLL	1280
1165439358189	1	INSTRUCTIONSCROLL	1283
1165439358205	1	INSTRUCTIONSCROLL	1286
1165439358222	1	INSTRUCTIONSCROLL	1290
1165439358239	1	INSTRUCTIONSCROLL	1293
1165439358255	1	INSTRUCTIONSCROLL	1296
1165439358272	1	INSTRUCTIONSCROLL	1300
1165439358289	1	INSTRUCTIONSCROLL	1303
1165439358305	1	INSTRUCTIONSCROLL	1306
1165439358322	1	INSTRUCTIONSCROLL	1310
1165439358339	1	INSTRUCTIONSCROLL	1313
1165439358355	1	INSTRUCTIONSCROLL	1316
1165439358372	1	INSTRUCTIONSCROLL	1320
1165439358389	1	INSTRUCTIONSCROLL	1323
1165439358405	1	INSTRUCTIONSCROLL	1326
1165439358422	1	INSTRUCTIONSCROLL	1330
1165439358439	1	INSTRUCTIONSCROLL	1333
1165439358455	1	INSTRUCTIONSCROLL	1336
1165439358472	1	INSTRUCTIONSCROLL	1340
1165439358488	1	INSTRUCTIONSCROLL	1343
1165439358504	1	INSTRUCTIONSCROLL	1346
1165439358521	1	INSTRUCTIONSCROLL	1349
1165439358537	1	INSTRUCTIONSCROLL	1353
1165439358554	1	INSTRUCTIONSCROLL	1356
1165439358571	1	INSTRUCTIONSCROLL	1359
1165439358588	1	INSTRUCTIONSCROLL	1363
1165439358604	1	INSTRUCTIONSCROLL	1366
1165439358621	1	INSTRUCTIONSCROLL	1369
1165439358638	1	INSTRUCTIONSCROLL	1373
1165439358654	1	INSTRUCTIONSCROLL	1376
1165439358671	1	INSTRUCTIONSCROLL	1379
1165439358688	1	INSTRUCTIONSCROLL	1383
1165439358704	1	INSTRUCTIONSCROLL	1386
1165439358721	1	INSTRUCTIONSCROLL	1389
1165439358737	1	INSTRUCTIONSCROLL	1393
1165439358754	1	INSTRUCTIONSCROLL	1396
1165439358771	1	INSTRUCTIONSCROLL	1399
1165439358787	1	INSTRUCTIONSCROLL	1403
1165439358804	1	INSTRUCTIONSCROLL	1406
1165439358821	1	INSTRUCTIONSCROLL	1409
1165439358838	1	INSTRUCTIONSCROLL	1413
1165439358854	1	INSTRUCTIONSCROLL	1416
1165439358871	1	INSTRUCTIONSCROLL	1419
1165439358887	1	INSTRUCTIONSCROLL	1423
1165439358904	1	INSTRUCTIONSCROLL	1426
1165439358921	1	INSTRUCTIONSCROLL	1429
1165439358937	1	INSTRUCTIONSCROLL	1433
1165439358954	1	INSTRUCTIONSCROLL	1436
1165439358971	1	INSTRUCTIONSCROLL	1439
1165439358987	1	INSTRUCTIONSCROLL	1443
1165439359005	1	INSTRUCTIONSCROLL	1446
1165439359022	1	INSTRUCTIONSCROLL	1449
1165439359038	1	INSTRUCTIONSCROLL	1453
1165439359055	1	INSTRUCTIONSCROLL	1456
1165439359072	1	INSTRUCTIONSCROLL	1460
1165439359088	1	INSTRUCTIONSCROLL	1463
1165439359105	1	INSTRUCTIONSCROLL	1466
1165439359122	1	INSTRUCTIONSCROLL	1470
1165439359138	1	INSTRUCTIONSCROLL	1473
1165439359155	1	INSTRUCTIONSCROLL	1476
1165439359172	1	INSTRUCTIONSCROLL	1479
1165439359188	1	INSTRUCTIONSCROLL	1483
1165439359205	1	INSTRUCTIONSCROLL	1486
1165439359222	1	INSTRUCTIONSCROLL	1490
1165439359238	1	INSTRUCTIONSCROLL	1493
1165439359255	1	INSTRUCTIONSCROLL	1496
1165439359272	1	INSTRUCTIONSCROLL	1500
1165439359288	1	INSTRUCTIONSCROLL	1503
1165439359305	1	INSTRUCTIONSCROLL	1506
1165439359322	1	INSTRUCTIONSCROLL	1509
1165439359338	1	INSTRUCTIONSCROLL	1513
1165439359355	1	INSTRUCTIONSCROLL	1516
1165439359372	1	INSTRUCTIONSCROLL	1520
1165439359388	1	INSTRUCTIONSCROLL	1523
1165439359405	1	INSTRUCTIONSCROLL	1526
1165439359422	1	INSTRUCTIONSCROLL	1530
1165439359438	1	INSTRUCTIONSCROLL	1533
1165439359455	1	INSTRUCTIONSCROLL	1536
1165439359472	1	INSTRUCTIONSCROLL	1540
1165439359487	1	INSTRUCTIONSCROLL	1543
1165439359504	1	INSTRUCTIONSCROLL	1546
1165439359521	1	INSTRUCTIONSCROLL	1549
1165439359537	1	INSTRUCTIONSCROLL	1553
1165439359554	1	INSTRUCTIONSCROLL	1556
1165439359571	1	INSTRUCTIONSCROLL	1559
1165439359587	1	INSTRUCTIONSCROLL	1563
1165439359604	1	INSTRUCTIONSCROLL	1566
1165439359621	1	INSTRUCTIONSCROLL	1569
1165439359637	1	INSTRUCTIONSCROLL	1573
1165439359654	1	INSTRUCTIONSCROLL	1576
1165439359671	1	INSTRUCTIONSCROLL	1579
1165439359687	1	INSTRUCTIONSCROLL	1583
1165439359704	1	INSTRUCTIONSCROLL	1586
1165439359721	1	INSTRUCTIONSCROLL	1589
1165439359737	1	INSTRUCTIONSCROLL	1593
1165439359754	1	INSTRUCTIONSCROLL	1596
1165439367019	1	INSTRUCTIONSCROLL	1597
1165439367036	1	INSTRUCTIONSCROLL	1598
1165439367053	1	INSTRUCTIONSCROLL	1601
1165439367069	1	INSTRUCTIONSCROLL	1604
1165439367086	1	INSTRUCTIONSCROLL	1608
1165439367102	1	INSTRUCTIONSCROLL	1611
1165439367119	1	INSTRUCTIONSCROLL	1614
1165439367136	1	INSTRUCTIONSCROLL	1618
1165439367153	1	INSTRUCTIONSCROLL	1621
1165439367169	1	INSTRUCTIONSCROLL	1624
1165439367186	1	INSTRUCTIONSCROLL	1628
1165439367202	1	INSTRUCTIONSCROLL	1631
1165439367219	1	INSTRUCTIONSCROLL	1634
1165439367236	1	INSTRUCTIONSCROLL	1638
1165439367252	1	INSTRUCTIONSCROLL	1641
1165439367269	1	INSTRUCTIONSCROLL	1644
1165439367286	1	INSTRUCTIONSCROLL	1648
1165439367302	1	INSTRUCTIONSCROLL	1651
1165439367319	1	INSTRUCTIONSCROLL	1654
1165439367336	1	INSTRUCTIONSCROLL	1658
1165439367352	1	INSTRUCTIONSCROLL	1661
1165439367369	1	INSTRUCTIONSCROLL	1664
1165439367386	1	INSTRUCTIONSCROLL	1668
1165439367402	1	INSTRUCTIONSCROLL	1671
1165439367419	1	INSTRUCTIONSCROLL	1674
1165439367436	1	INSTRUCTIONSCROLL	1678
1165439367452	1	INSTRUCTIONSCROLL	1681
1165439367469	1	INSTRUCTIONSCROLL	1684
1165439367485	1	INSTRUCTIONSCROLL	1688
1165439367501	1	INSTRUCTIONSCROLL	1691
1165439367518	1	INSTRUCTIONSCROLL	1694
1165439367535	1	INSTRUCTIONSCROLL	1698
1165439367551	1	INSTRUCTIONSCROLL	1701
1165439367568	1	INSTRUCTIONSCROLL	1704
1165439367585	1	INSTRUCTIONSCROLL	1708
1165439367601	1	INSTRUCTIONSCROLL	1711
1165439367618	1	INSTRUCTIONSCROLL	1714
1165439367635	1	INSTRUCTIONSCROLL	1718
1165439367651	1	INSTRUCTIONSCROLL	1721
1165439367668	1	INSTRUCTIONSCROLL	1724
1165439367685	1	INSTRUCTIONSCROLL	1728
1165439367701	1	INSTRUCTIONSCROLL	1731
1165439367718	1	INSTRUCTIONSCROLL	1734
1165439367735	1	INSTRUCTIONSCROLL	1738
1165439367751	1	INSTRUCTIONSCROLL	1741
1165439367768	1	INSTRUCTIONSCROLL	1744
1165439367785	1	INSTRUCTIONSCROLL	1747
1165439367801	1	INSTRUCTIONSCROLL	1751
1165439367818	1	INSTRUCTIONSCROLL	1754
1165439367835	1	INSTRUCTIONSCROLL	1758
1165439367851	1	INSTRUCTIONSCROLL	1761
1165439367868	1	INSTRUCTIONSCROLL	1764
1165439367885	1	INSTRUCTIONSCROLL	1768
1165439367901	1	INSTRUCTIONSCROLL	1771
1165439367918	1	INSTRUCTIONSCROLL	1774
1165439367935	1	INSTRUCTIONSCROLL	1777
1165439367951	1	INSTRUCTIONSCROLL	1781
1165439367968	1	INSTRUCTIONSCROLL	1784
1165439367985	1	INSTRUCTIONSCROLL	1788
1165439368002	1	INSTRUCTIONSCROLL	1791
1165439368019	1	INSTRUCTIONSCROLL	1794
1165439368036	1	INSTRUCTIONSCROLL	1798
1165439368052	1	INSTRUCTIONSCROLL	1801
1165439368069	1	INSTRUCTIONSCROLL	1804
1165439368086	1	INSTRUCTIONSCROLL	1808
1165439368102	1	INSTRUCTIONSCROLL	1811
1165439368119	1	INSTRUCTIONSCROLL	1814
1165439368136	1	INSTRUCTIONSCROLL	1818
1165439368152	1	INSTRUCTIONSCROLL	1821
1165439368169	1	INSTRUCTIONSCROLL	1824
1165439368185	1	INSTRUCTIONSCROLL	1828
1165439368202	1	INSTRUCTIONSCROLL	1831
1165439368219	1	INSTRUCTIONSCROLL	1834
1165439368235	1	INSTRUCTIONSCROLL	1838
1165439368252	1	INSTRUCTIONSCROLL	1841
1165439368269	1	INSTRUCTIONSCROLL	1844
1165439368285	1	INSTRUCTIONSCROLL	1848
1165439368302	1	INSTRUCTIONSCROLL	1851
1165439368319	1	INSTRUCTIONSCROLL	1854
1165439368335	1	INSTRUCTIONSCROLL	1858
1165439368352	1	INSTRUCTIONSCROLL	1861
1165439368369	1	INSTRUCTIONSCROLL	1864
1165439368385	1	INSTRUCTIONSCROLL	1868
1165439368402	1	INSTRUCTIONSCROLL	1871
1165439368419	1	INSTRUCTIONSCROLL	1874
1165439368435	1	INSTRUCTIONSCROLL	1878
1165439368452	1	INSTRUCTIONSCROLL	1881
1165439368469	1	INSTRUCTIONSCROLL	1884
1165439368484	1	INSTRUCTIONSCROLL	1888
1165439368501	1	INSTRUCTIONSCROLL	1891
1165439368518	1	INSTRUCTIONSCROLL	1894
1165439368534	1	INSTRUCTIONSCROLL	1897
1165439368551	1	INSTRUCTIONSCROLL	1901
1165439368568	1	INSTRUCTIONSCROLL	1904
1165439368584	1	INSTRUCTIONSCROLL	1907
1165439368601	1	INSTRUCTIONSCROLL	1911
1165439368618	1	INSTRUCTIONSCROLL	1914
1165439368634	1	INSTRUCTIONSCROLL	1917
1165439368651	1	INSTRUCTIONSCROLL	1921
1165439368668	1	INSTRUCTIONSCROLL	1924
1165439368684	1	INSTRUCTIONSCROLL	1927
1165439368701	1	INSTRUCTIONSCROLL	1931
1165439368718	1	INSTRUCTIONSCROLL	1934
1165439368734	1	INSTRUCTIONSCROLL	1937
1165439368751	1	INSTRUCTIONSCROLL	1941
1165439368768	1	INSTRUCTIONSCROLL	1944
1165439368784	1	INSTRUCTIONSCROLL	1947
1165439368801	1	INSTRUCTIONSCROLL	1951
1165439368818	1	INSTRUCTIONSCROLL	1954
1165439368834	1	INSTRUCTIONSCROLL	1957
1165439368851	1	INSTRUCTIONSCROLL	1961
1165439368868	1	INSTRUCTIONSCROLL	1964
1165439368884	1	INSTRUCTIONSCROLL	1968
1165439368901	1	INSTRUCTIONSCROLL	1971
1165439368918	1	INSTRUCTIONSCROLL	1974
1165439368934	1	INSTRUCTIONSCROLL	1977
1165439368951	1	INSTRUCTIONSCROLL	1981
1165439368968	1	INSTRUCTIONSCROLL	1984
1165439368984	1	INSTRUCTIONSCROLL	1987
1165439369002	1	INSTRUCTIONSCROLL	1991
1165439369019	1	INSTRUCTIONSCROLL	1994
1165439369035	1	INSTRUCTIONSCROLL	1998
1165439369052	1	INSTRUCTIONSCROLL	2001
1165439369069	1	INSTRUCTIONSCROLL	2004
1165439369085	1	INSTRUCTIONSCROLL	2008
1165439369103	1	INSTRUCTIONSCROLL	2011
1165439369119	1	INSTRUCTIONSCROLL	2015
1165439369135	1	INSTRUCTIONSCROLL	2018
1165439369152	1	INSTRUCTIONSCROLL	2021
1165439369168	1	INSTRUCTIONSCROLL	2024
1165439369185	1	INSTRUCTIONSCROLL	2028
1165439369202	1	INSTRUCTIONSCROLL	2031
1165439369218	1	INSTRUCTIONSCROLL	2034
1165439369235	1	INSTRUCTIONSCROLL	2038
1165439369252	1	INSTRUCTIONSCROLL	2041
1165439369268	1	INSTRUCTIONSCROLL	2044
1165439369285	1	INSTRUCTIONSCROLL	2048
1165439369302	1	INSTRUCTIONSCROLL	2051
1165439369318	1	INSTRUCTIONSCROLL	2054
1165439369335	1	INSTRUCTIONSCROLL	2058
1165439369352	1	INSTRUCTIONSCROLL	2061
1165439369368	1	INSTRUCTIONSCROLL	2064
1165439369385	1	INSTRUCTIONSCROLL	2068
1165439369402	1	INSTRUCTIONSCROLL	2071
1165439369418	1	INSTRUCTIONSCROLL	2074
1165439369435	1	INSTRUCTIONSCROLL	2078
1165439369452	1	INSTRUCTIONSCROLL	2081
1165439369468	1	INSTRUCTIONSCROLL	2084
1165439369484	1	INSTRUCTIONSCROLL	2088
1165439369501	1	INSTRUCTIONSCROLL	2091
1165439369517	1	INSTRUCTIONSCROLL	2094
1165439369534	1	INSTRUCTIONSCROLL	2097
1165439369551	1	INSTRUCTIONSCROLL	2101
1165439369567	1	INSTRUCTIONSCROLL	2104
1165439369584	1	INSTRUCTIONSCROLL	2107
1165439369601	1	INSTRUCTIONSCROLL	2111
1165439369617	1	INSTRUCTIONSCROLL	2114
1165439369634	1	INSTRUCTIONSCROLL	2117
1165439369651	1	INSTRUCTIONSCROLL	2121
1165439369667	1	INSTRUCTIONSCROLL	2124
1165439369684	1	INSTRUCTIONSCROLL	2127
1165439369701	1	INSTRUCTIONSCROLL	2131
1165439369717	1	INSTRUCTIONSCROLL	2134
1165439369734	1	INSTRUCTIONSCROLL	2137
1165439369751	1	INSTRUCTIONSCROLL	2141
1165439369767	1	INSTRUCTIONSCROLL	2144
1165439369784	1	INSTRUCTIONSCROLL	2147
1165439369801	1	INSTRUCTIONSCROLL	2151
1165439369817	1	INSTRUCTIONSCROLL	2154
1165439369834	1	INSTRUCTIONSCROLL	2157
1165439369851	1	INSTRUCTIONSCROLL	2161
1165439369867	1	INSTRUCTIONSCROLL	2164
1165439369884	1	INSTRUCTIONSCROLL	2167
1165439369901	1	INSTRUCTIONSCROLL	2171
1165439369917	1	INSTRUCTIONSCROLL	2174
1165439369934	1	INSTRUCTIONSCROLL	2177
1165439369951	1	INSTRUCTIONSCROLL	2181
1165439374799	1	INSTRUCTIONSCROLL	2182
1165439374816	1	INSTRUCTIONSCROLL	2183
1165439374832	1	INSTRUCTIONSCROLL	2187
1165439374849	1	INSTRUCTIONSCROLL	2190
1165439374866	1	INSTRUCTIONSCROLL	2193
1165439374882	1	INSTRUCTIONSCROLL	2197
1165439374899	1	INSTRUCTIONSCROLL	2200
1165439374916	1	INSTRUCTIONSCROLL	2203
1165439374932	1	INSTRUCTIONSCROLL	2207
1165439374949	1	INSTRUCTIONSCROLL	2210
1165439374966	1	INSTRUCTIONSCROLL	2213
1165439374982	1	INSTRUCTIONSCROLL	2217
1165439374999	1	INSTRUCTIONSCROLL	2220
1165439375017	1	INSTRUCTIONSCROLL	2224
1165439375033	1	INSTRUCTIONSCROLL	2227
1165439375050	1	INSTRUCTIONSCROLL	2230
1165439375067	1	INSTRUCTIONSCROLL	2234
1165439375083	1	INSTRUCTIONSCROLL	2237
1165439375100	1	INSTRUCTIONSCROLL	2240
1165439375117	1	INSTRUCTIONSCROLL	2244
1165439375133	1	INSTRUCTIONSCROLL	2247
1165439375150	1	INSTRUCTIONSCROLL	2250
1165439375167	1	INSTRUCTIONSCROLL	2254
1165439375183	1	INSTRUCTIONSCROLL	2257
1165439375200	1	INSTRUCTIONSCROLL	2260
1165439375217	1	INSTRUCTIONSCROLL	2264
1165439375233	1	INSTRUCTIONSCROLL	2267
1165439375250	1	INSTRUCTIONSCROLL	2270
1165439375267	1	INSTRUCTIONSCROLL	2274
1165439375283	1	INSTRUCTIONSCROLL	2277
1165439375300	1	INSTRUCTIONSCROLL	2280
1165439375316	1	INSTRUCTIONSCROLL	2284
1165439375333	1	INSTRUCTIONSCROLL	2287
1165439375350	1	INSTRUCTIONSCROLL	2290
1165439375366	1	INSTRUCTIONSCROLL	2294
1165439375383	1	INSTRUCTIONSCROLL	2297
1165439375400	1	INSTRUCTIONSCROLL	2300
1165439375417	1	INSTRUCTIONSCROLL	2304
1165439375433	1	INSTRUCTIONSCROLL	2307
1165439375450	1	INSTRUCTIONSCROLL	2310
1165439375466	1	INSTRUCTIONSCROLL	2314
1165439375482	1	INSTRUCTIONSCROLL	2317
1165439375499	1	INSTRUCTIONSCROLL	2320
1165439375515	1	INSTRUCTIONSCROLL	2323
1165439375532	1	INSTRUCTIONSCROLL	2327
1165439375549	1	INSTRUCTIONSCROLL	2330
1165439375565	1	INSTRUCTIONSCROLL	2333
1165439375582	1	INSTRUCTIONSCROLL	2337
1165439375599	1	INSTRUCTIONSCROLL	2340
1165439375615	1	INSTRUCTIONSCROLL	2343
1165439375632	1	INSTRUCTIONSCROLL	2347
1165439375649	1	INSTRUCTIONSCROLL	2350
1165439375665	1	INSTRUCTIONSCROLL	2354
1165439375682	1	INSTRUCTIONSCROLL	2357
1165439375699	1	INSTRUCTIONSCROLL	2360
1165439375715	1	INSTRUCTIONSCROLL	2363
1165439375732	1	INSTRUCTIONSCROLL	2367
1165439375749	1	INSTRUCTIONSCROLL	2370
1165439375765	1	INSTRUCTIONSCROLL	2373
1165439375782	1	INSTRUCTIONSCROLL	2377
1165439375799	1	INSTRUCTIONSCROLL	2380
1165439375815	1	INSTRUCTIONSCROLL	2383
1165439375832	1	INSTRUCTIONSCROLL	2387
1165439375849	1	INSTRUCTIONSCROLL	2390
1165439375865	1	INSTRUCTIONSCROLL	2393
1165439375882	1	INSTRUCTIONSCROLL	2397
1165439375899	1	INSTRUCTIONSCROLL	2400
1165439375915	1	INSTRUCTIONSCROLL	2403
1165439375932	1	INSTRUCTIONSCROLL	2407
1165439375949	1	INSTRUCTIONSCROLL	2410
1165439375965	1	INSTRUCTIONSCROLL	2413
1165439375982	1	INSTRUCTIONSCROLL	2417
1165439375999	1	INSTRUCTIONSCROLL	2420
1165439376016	1	INSTRUCTIONSCROLL	2423
1165439376033	1	INSTRUCTIONSCROLL	2427
1165439376050	1	INSTRUCTIONSCROLL	2430
1165439376066	1	INSTRUCTIONSCROLL	2434
1165439376083	1	INSTRUCTIONSCROLL	2437
1165439376100	1	INSTRUCTIONSCROLL	2440
1165439376116	1	INSTRUCTIONSCROLL	2444
1165439376133	1	INSTRUCTIONSCROLL	2447
1165439376150	1	INSTRUCTIONSCROLL	2450
1165439376166	1	INSTRUCTIONSCROLL	2454
1165439376183	1	INSTRUCTIONSCROLL	2457
1165439376199	1	INSTRUCTIONSCROLL	2460
1165439376216	1	INSTRUCTIONSCROLL	2464
1165439376233	1	INSTRUCTIONSCROLL	2467
1165439376250	1	INSTRUCTIONSCROLL	2470
1165439376266	1	INSTRUCTIONSCROLL	2474
1165439376283	1	INSTRUCTIONSCROLL	2477
1165439376300	1	INSTRUCTIONSCROLL	2480
1165439376316	1	INSTRUCTIONSCROLL	2484
1165439376333	1	INSTRUCTIONSCROLL	2487
1165439376350	1	INSTRUCTIONSCROLL	2490
1165439376366	1	INSTRUCTIONSCROLL	2494
1165439376383	1	INSTRUCTIONSCROLL	2497
1165439376399	1	INSTRUCTIONSCROLL	2500
1165439376416	1	INSTRUCTIONSCROLL	2504
1165439376433	1	INSTRUCTIONSCROLL	2507
1165439376450	1	INSTRUCTIONSCROLL	2510
1165439376466	1	INSTRUCTIONSCROLL	2514
1165439376482	1	INSTRUCTIONSCROLL	2517
1165439376498	1	INSTRUCTIONSCROLL	2520
1165439376515	1	INSTRUCTIONSCROLL	2523
1165439376532	1	INSTRUCTIONSCROLL	2527
1165439376548	1	INSTRUCTIONSCROLL	2530
1165439376565	1	INSTRUCTIONSCROLL	2533
1165439376582	1	INSTRUCTIONSCROLL	2537
1165439376598	1	INSTRUCTIONSCROLL	2540
1165439376615	1	INSTRUCTIONSCROLL	2543
1165439376632	1	INSTRUCTIONSCROLL	2547
1165439376648	1	INSTRUCTIONSCROLL	2550
1165439382980	1	INSTRUCTIONSCROLL	2551
1165439382996	1	INSTRUCTIONSCROLL	2552
1165439383014	1	INSTRUCTIONSCROLL	2556
1165439383031	1	INSTRUCTIONSCROLL	2559
1165439383047	1	INSTRUCTIONSCROLL	2562
1165439383064	1	INSTRUCTIONSCROLL	2566
1165439383081	1	INSTRUCTIONSCROLL	2569
1165439383098	1	INSTRUCTIONSCROLL	2572
1165439383114	1	INSTRUCTIONSCROLL	2576
1165439383131	1	INSTRUCTIONSCROLL	2579
1165439383147	1	INSTRUCTIONSCROLL	2582
1165439383164	1	INSTRUCTIONSCROLL	2586
1165439383181	1	INSTRUCTIONSCROLL	2589
1165439383197	1	INSTRUCTIONSCROLL	2592
1165439383214	1	INSTRUCTIONSCROLL	2596
1165439383231	1	INSTRUCTIONSCROLL	2599
1165439383248	1	INSTRUCTIONSCROLL	2602
1165439383264	1	INSTRUCTIONSCROLL	2606
1165439383281	1	INSTRUCTIONSCROLL	2609
1165439383297	1	INSTRUCTIONSCROLL	2612
1165439383314	1	INSTRUCTIONSCROLL	2616
1165439383331	1	INSTRUCTIONSCROLL	2619
1165439383347	1	INSTRUCTIONSCROLL	2622
1165439383364	1	INSTRUCTIONSCROLL	2626
1165439383381	1	INSTRUCTIONSCROLL	2629
1165439383397	1	INSTRUCTIONSCROLL	2632
1165439383414	1	INSTRUCTIONSCROLL	2636
1165439383431	1	INSTRUCTIONSCROLL	2639
1165439383447	1	INSTRUCTIONSCROLL	2642
1165439383464	1	INSTRUCTIONSCROLL	2646
1165439383480	1	INSTRUCTIONSCROLL	2649
1165439383496	1	INSTRUCTIONSCROLL	2652
1165439383513	1	INSTRUCTIONSCROLL	2656
1165439383529	1	INSTRUCTIONSCROLL	2659
1165439383546	1	INSTRUCTIONSCROLL	2662
1165439383563	1	INSTRUCTIONSCROLL	2666
1165439383580	1	INSTRUCTIONSCROLL	2669
1165439383596	1	INSTRUCTIONSCROLL	2672
1165439383613	1	INSTRUCTIONSCROLL	2676
1165439383629	1	INSTRUCTIONSCROLL	2679
1165439383646	1	INSTRUCTIONSCROLL	2682
1165439383663	1	INSTRUCTIONSCROLL	2686
1165439383679	1	INSTRUCTIONSCROLL	2689
1165439393826	1	INSTRUCTIONSCROLL	2690
1165439393843	1	INSTRUCTIONSCROLL	2692
1165439393860	1	INSTRUCTIONSCROLL	2696
1165439393876	1	INSTRUCTIONSCROLL	2699
1165439393893	1	INSTRUCTIONSCROLL	2702
1165439393909	1	INSTRUCTIONSCROLL	2706
1165439393926	1	INSTRUCTIONSCROLL	2709
1165439393943	1	INSTRUCTIONSCROLL	2712
1165439393960	1	INSTRUCTIONSCROLL	2713
1165439393976	1	INSTRUCTIONSCROLL	2715
1165439393993	1	INSTRUCTIONSCROLL	2719
1165439394011	1	INSTRUCTIONSCROLL	2722
1165439394027	1	INSTRUCTIONSCROLL	2726
1165439394044	1	INSTRUCTIONSCROLL	2729
1165439394061	1	INSTRUCTIONSCROLL	2732
1165439394077	1	INSTRUCTIONSCROLL	2736
1165439394094	1	INSTRUCTIONSCROLL	2739
1165439394110	1	INSTRUCTIONSCROLL	2742
1165439394127	1	INSTRUCTIONSCROLL	2746
1165439394144	1	INSTRUCTIONSCROLL	2749
1165439394161	1	INSTRUCTIONSCROLL	2752
1165439394177	1	INSTRUCTIONSCROLL	2756
1165439394194	1	INSTRUCTIONSCROLL	2759
1165439394210	1	INSTRUCTIONSCROLL	2762
1165439394227	1	INSTRUCTIONSCROLL	2766
1165439394244	1	INSTRUCTIONSCROLL	2769
1165439394260	1	INSTRUCTIONSCROLL	2772
1165439394277	1	INSTRUCTIONSCROLL	2776
1165439394294	1	INSTRUCTIONSCROLL	2779
1165439394310	1	INSTRUCTIONSCROLL	2782
1165439394327	1	INSTRUCTIONSCROLL	2786
1165439394344	1	INSTRUCTIONSCROLL	2789
1165439394360	1	INSTRUCTIONSCROLL	2792
1165439394377	1	INSTRUCTIONSCROLL	2796
1165439394394	1	INSTRUCTIONSCROLL	2799
1165439394410	1	INSTRUCTIONSCROLL	2802
1165439394427	1	INSTRUCTIONSCROLL	2806
1165439394444	1	INSTRUCTIONSCROLL	2809
1165439394460	1	INSTRUCTIONSCROLL	2812
1165439394476	1	INSTRUCTIONSCROLL	2816
1165439394493	1	INSTRUCTIONSCROLL	2819
1165439394509	1	INSTRUCTIONSCROLL	2822
1165439394526	1	INSTRUCTIONSCROLL	2825
1165439394543	1	INSTRUCTIONSCROLL	2829
1165439394559	1	INSTRUCTIONSCROLL	2832
1165439394576	1	INSTRUCTIONSCROLL	2835
1165439394593	1	INSTRUCTIONSCROLL	2839
1165439394609	1	INSTRUCTIONSCROLL	2842
1165439394626	1	INSTRUCTIONSCROLL	2845
1165439394643	1	INSTRUCTIONSCROLL	2849
1165439394659	1	INSTRUCTIONSCROLL	2852
1165439394676	1	INSTRUCTIONSCROLL	2855
1165439394693	1	INSTRUCTIONSCROLL	2859
1165439394709	1	INSTRUCTIONSCROLL	2862
1165439394726	1	INSTRUCTIONSCROLL	2865
1165439394743	1	INSTRUCTIONSCROLL	2869
1165439394759	1	INSTRUCTIONSCROLL	2872
1165439394776	1	INSTRUCTIONSCROLL	2875
1165439394793	1	INSTRUCTIONSCROLL	2879
1165439394809	1	INSTRUCTIONSCROLL	2882
1165439394826	1	INSTRUCTIONSCROLL	2885
1165439394843	1	INSTRUCTIONSCROLL	2889
1165439394859	1	INSTRUCTIONSCROLL	2892
1165439394876	1	INSTRUCTIONSCROLL	2895
1165439394893	1	INSTRUCTIONSCROLL	2899
1165439394909	1	INSTRUCTIONSCROLL	2902
1165439394926	1	INSTRUCTIONSCROLL	2905
1165439394943	1	INSTRUCTIONSCROLL	2909
1165439394959	1	INSTRUCTIONSCROLL	2912
1165439394976	1	INSTRUCTIONSCROLL	2915
1165439394993	1	INSTRUCTIONSCROLL	2919
1165439395010	1	INSTRUCTIONSCROLL	2922
1165439395027	1	INSTRUCTIONSCROLL	2926
1165439395044	1	INSTRUCTIONSCROLL	2929
1165439395060	1	INSTRUCTIONSCROLL	2932
1165439395077	1	INSTRUCTIONSCROLL	2936
1165439395093	1	INSTRUCTIONSCROLL	2939
1165439395110	1	INSTRUCTIONSCROLL	2942
1165439395127	1	INSTRUCTIONSCROLL	2946
1165439395143	1	INSTRUCTIONSCROLL	2949
1165439395160	1	INSTRUCTIONSCROLL	2952
1165439395177	1	INSTRUCTIONSCROLL	2955
1165439395193	1	INSTRUCTIONSCROLL	2959
1165439395210	1	INSTRUCTIONSCROLL	2962
1165439395227	1	INSTRUCTIONSCROLL	2966
1165439395243	1	INSTRUCTIONSCROLL	2969
1165439395260	1	INSTRUCTIONSCROLL	2972
1165439395277	1	INSTRUCTIONSCROLL	2976
1165439395293	1	INSTRUCTIONSCROLL	2979
1165439395310	1	INSTRUCTIONSCROLL	2982
1165439395327	1	INSTRUCTIONSCROLL	2985
1165439395343	1	INSTRUCTIONSCROLL	2989
1165439395360	1	INSTRUCTIONSCROLL	2992
1165439395377	1	INSTRUCTIONSCROLL	2996
1165439395393	1	INSTRUCTIONSCROLL	2999
1165439395410	1	INSTRUCTIONSCROLL	3002
1165439395427	1	INSTRUCTIONSCROLL	3006
1165439395443	1	INSTRUCTIONSCROLL	3009
1165439395460	1	INSTRUCTIONSCROLL	3012
1165439395476	1	INSTRUCTIONSCROLL	3016
1165439395492	1	INSTRUCTIONSCROLL	3019
1165439396009	1	INSTRUCTIONSCROLL	3787
1165439400607	1	INSTRUCTIONSCROLL	3788
1165439400624	1	INSTRUCTIONSCROLL	3790
1165439400641	1	INSTRUCTIONSCROLL	3793
1165439400657	1	INSTRUCTIONSCROLL	3796
1165439400674	1	INSTRUCTIONSCROLL	3800
1165439400691	1	INSTRUCTIONSCROLL	3803
1165439400707	1	INSTRUCTIONSCROLL	3806
1165439400724	1	INSTRUCTIONSCROLL	3810
1165439400741	1	INSTRUCTIONSCROLL	3813
1165439400757	1	INSTRUCTIONSCROLL	3816
1165439400774	1	INSTRUCTIONSCROLL	3820
1165439400791	1	INSTRUCTIONSCROLL	3823
1165439400807	1	INSTRUCTIONSCROLL	3826
1165439400824	1	INSTRUCTIONSCROLL	3830
1165439400841	1	INSTRUCTIONSCROLL	3833
1165439400857	1	INSTRUCTIONSCROLL	3836
1165439400874	1	INSTRUCTIONSCROLL	3840
1165439400891	1	INSTRUCTIONSCROLL	3843
1165439400907	1	INSTRUCTIONSCROLL	3846
1165439400924	1	INSTRUCTIONSCROLL	3850
1165439400941	1	INSTRUCTIONSCROLL	3853
1165439400957	1	INSTRUCTIONSCROLL	3856
1165439400974	1	INSTRUCTIONSCROLL	3860
1165439400991	1	INSTRUCTIONSCROLL	3863
1165439401008	1	INSTRUCTIONSCROLL	3866
1165439401025	1	INSTRUCTIONSCROLL	3870
1165439401042	1	INSTRUCTIONSCROLL	3873
1165439401058	1	INSTRUCTIONSCROLL	3876
1165439401075	1	INSTRUCTIONSCROLL	3880
1165439401091	1	INSTRUCTIONSCROLL	3883
1165439401108	1	INSTRUCTIONSCROLL	3886
1165439401125	1	INSTRUCTIONSCROLL	3890
1165439401141	1	INSTRUCTIONSCROLL	3893
1165439401158	1	INSTRUCTIONSCROLL	3896
1165439401175	1	INSTRUCTIONSCROLL	3900
1165439401192	1	INSTRUCTIONSCROLL	3903
1165439401208	1	INSTRUCTIONSCROLL	3906
1165439401225	1	INSTRUCTIONSCROLL	3910
1165439401242	1	INSTRUCTIONSCROLL	3913
1165439401258	1	INSTRUCTIONSCROLL	3916
1165439401275	1	INSTRUCTIONSCROLL	3920
1165439401292	1	INSTRUCTIONSCROLL	3923
1165439401308	1	INSTRUCTIONSCROLL	3926
1165439401325	1	INSTRUCTIONSCROLL	3930
1165439401341	1	INSTRUCTIONSCROLL	3933
1165439401358	1	INSTRUCTIONSCROLL	3936
1165439401375	1	INSTRUCTIONSCROLL	3940
1165439401391	1	INSTRUCTIONSCROLL	3943
1165439401408	1	INSTRUCTIONSCROLL	3946
1165439401425	1	INSTRUCTIONSCROLL	3950
1165439401441	1	INSTRUCTIONSCROLL	3953
1165439401458	1	INSTRUCTIONSCROLL	3956
1165439401474	1	INSTRUCTIONSCROLL	3960
1165439401490	1	INSTRUCTIONSCROLL	3963
1165439401507	1	INSTRUCTIONSCROLL	3966
1165439401524	1	INSTRUCTIONSCROLL	3970
1165439401540	1	INSTRUCTIONSCROLL	3973
1165439401557	1	INSTRUCTIONSCROLL	3976
1165439401574	1	INSTRUCTIONSCROLL	3979
1165439401590	1	INSTRUCTIONSCROLL	3983
1165439401607	1	INSTRUCTIONSCROLL	3986
1165439401624	1	INSTRUCTIONSCROLL	3990
1165439401640	1	INSTRUCTIONSCROLL	3993
1165439401657	1	INSTRUCTIONSCROLL	3996
1165439401674	1	INSTRUCTIONSCROLL	3999
1165439401690	1	INSTRUCTIONSCROLL	4003
1165439401707	1	INSTRUCTIONSCROLL	4006
1165439401724	1	INSTRUCTIONSCROLL	4010
1165439401740	1	INSTRUCTIONSCROLL	4013
1165439401757	1	INSTRUCTIONSCROLL	4016
1165439401774	1	INSTRUCTIONSCROLL	4020
1165439401790	1	INSTRUCTIONSCROLL	4023
1165439401807	1	INSTRUCTIONSCROLL	4026
1165439401824	1	INSTRUCTIONSCROLL	4030
1165439401840	1	INSTRUCTIONSCROLL	4033
1165439401857	1	INSTRUCTIONSCROLL	4036
1165439401874	1	INSTRUCTIONSCROLL	4039
1165439401890	1	INSTRUCTIONSCROLL	4043
1165439401907	1	INSTRUCTIONSCROLL	4046
1165439401924	1	INSTRUCTIONSCROLL	4050
1165439401940	1	INSTRUCTIONSCROLL	4053
1165439401957	1	INSTRUCTIONSCROLL	4056
1165439401974	1	INSTRUCTIONSCROLL	4059
1165439401990	1	INSTRUCTIONSCROLL	4063
1165439402008	1	INSTRUCTIONSCROLL	4066
1165439402025	1	INSTRUCTIONSCROLL	4070
1165439402041	1	INSTRUCTIONSCROLL	4073
1165439402058	1	INSTRUCTIONSCROLL	4076
1165439402075	1	INSTRUCTIONSCROLL	4080
1165439402091	1	INSTRUCTIONSCROLL	4083
1165439402108	1	INSTRUCTIONSCROLL	4086
1165439402124	1	INSTRUCTIONSCROLL	4090
1165439402141	1	INSTRUCTIONSCROLL	4093
1165439402158	1	INSTRUCTIONSCROLL	4096
1165439402174	1	INSTRUCTIONSCROLL	4100
1165439402191	1	INSTRUCTIONSCROLL	4103
1165439402208	1	INSTRUCTIONSCROLL	4106
1165439402225	1	INSTRUCTIONSCROLL	4110
1165439402241	1	INSTRUCTIONSCROLL	4113
1165439402258	1	INSTRUCTIONSCROLL	4116
1165439402275	1	INSTRUCTIONSCROLL	4120
1165439402291	1	INSTRUCTIONSCROLL	4123
1165439402308	1	INSTRUCTIONSCROLL	4126
1165439402324	1	INSTRUCTIONSCROLL	4130
1165439402341	1	INSTRUCTIONSCROLL	4133
1165439402358	1	INSTRUCTIONSCROLL	4136
1165439402374	1	INSTRUCTIONSCROLL	4140
1165439402391	1	INSTRUCTIONSCROLL	4143
1165439402408	1	INSTRUCTIONSCROLL	4146
1165439402424	1	INSTRUCTIONSCROLL	4150
1165439402441	1	INSTRUCTIONSCROLL	4153
1165439402458	1	INSTRUCTIONSCROLL	4156
1165439402473	1	INSTRUCTIONSCROLL	4160
1165439402490	1	INSTRUCTIONSCROLL	4163
1165439402507	1	INSTRUCTIONSCROLL	4166
1165439402523	1	INSTRUCTIONSCROLL	4170
1165439402540	1	INSTRUCTIONSCROLL	4173
1165439402557	1	INSTRUCTIONSCROLL	4176
1165439402573	1	INSTRUCTIONSCROLL	4179
1165439402590	1	INSTRUCTIONSCROLL	4183
1165439402607	1	INSTRUCTIONSCROLL	4186
1165439402623	1	INSTRUCTIONSCROLL	4189
1165439402640	1	INSTRUCTIONSCROLL	4193
1165439402657	1	INSTRUCTIONSCROLL	4196
1165439402673	1	INSTRUCTIONSCROLL	4199
1165439402690	1	INSTRUCTIONSCROLL	4203
1165439402707	1	INSTRUCTIONSCROLL	4206
1165439402723	1	INSTRUCTIONSCROLL	4209
1165439402740	1	INSTRUCTIONSCROLL	4213
1165439402757	1	INSTRUCTIONSCROLL	4216
1165439402773	1	INSTRUCTIONSCROLL	4219
1165439402790	1	INSTRUCTIONSCROLL	4223
1165439402807	1	INSTRUCTIONSCROLL	4226
1165439402823	1	INSTRUCTIONSCROLL	4230
1165439402840	1	INSTRUCTIONSCROLL	4233
1165439402857	1	INSTRUCTIONSCROLL	4236
1165439402873	1	INSTRUCTIONSCROLL	4239
1165439402890	1	INSTRUCTIONSCROLL	4243
1165439402907	1	INSTRUCTIONSCROLL	4246
1165439402923	1	INSTRUCTIONSCROLL	4249
1165439402940	1	INSTRUCTIONSCROLL	4253
1165439402957	1	INSTRUCTIONSCROLL	4256
1165439402973	1	INSTRUCTIONSCROLL	4259
1165439402990	1	INSTRUCTIONSCROLL	4263
1165439403008	1	INSTRUCTIONSCROLL	4266
1165439403024	1	INSTRUCTIONSCROLL	4269
1165439403041	1	INSTRUCTIONSCROLL	4273
1165439403058	1	INSTRUCTIONSCROLL	4276
1165439403074	1	INSTRUCTIONSCROLL	4279
1165439403091	1	INSTRUCTIONSCROLL	4283
1165439403108	1	INSTRUCTIONSCROLL	4286
1165439403124	1	INSTRUCTIONSCROLL	4289
1165439403141	1	INSTRUCTIONSCROLL	4293
1165439403158	1	INSTRUCTIONSCROLL	4296
1165439403174	1	INSTRUCTIONSCROLL	4299
1165439403191	1	INSTRUCTIONSCROLL	4303
1165439403208	1	INSTRUCTIONSCROLL	4306
1165439403224	1	INSTRUCTIONSCROLL	4309
1165439403241	1	INSTRUCTIONSCROLL	4313
1165439403258	1	INSTRUCTIONSCROLL	4316
1165439403274	1	INSTRUCTIONSCROLL	4319
1165439403291	1	INSTRUCTIONSCROLL	4323
1165439403307	1	INSTRUCTIONSCROLL	4326
1165439403324	1	INSTRUCTIONSCROLL	4329
1165439403341	1	INSTRUCTIONSCROLL	4333
1165439403357	1	INSTRUCTIONSCROLL	4336
1165439403374	1	INSTRUCTIONSCROLL	4339
1165439403391	1	INSTRUCTIONSCROLL	4343
1165439403407	1	INSTRUCTIONSCROLL	4346
1165439403424	1	INSTRUCTIONSCROLL	4349
1165439403441	1	INSTRUCTIONSCROLL	4353
1165439403457	1	INSTRUCTIONSCROLL	4356
1165439403473	1	INSTRUCTIONSCROLL	4359
1165439403490	1	INSTRUCTIONSCROLL	4363
1165439403506	1	INSTRUCTIONSCROLL	4366
1165439403523	1	INSTRUCTIONSCROLL	4369
1165439403540	1	INSTRUCTIONSCROLL	4373
1165439403556	1	INSTRUCTIONSCROLL	4376
1165439403573	1	INSTRUCTIONSCROLL	4379
1165439403590	1	INSTRUCTIONSCROLL	4382
1165439403606	1	INSTRUCTIONSCROLL	4386
1165439403623	1	INSTRUCTIONSCROLL	4389
1165439403640	1	INSTRUCTIONSCROLL	4393
1165439403656	1	INSTRUCTIONSCROLL	4396
1165439403673	1	INSTRUCTIONSCROLL	4399
1165439403690	1	INSTRUCTIONSCROLL	4403
1165439403706	1	INSTRUCTIONSCROLL	4406
1165439403723	1	INSTRUCTIONSCROLL	4409
1165439403740	1	INSTRUCTIONSCROLL	4412
1165439403756	1	INSTRUCTIONSCROLL	4416
1165439403773	1	INSTRUCTIONSCROLL	4419
1165439403790	1	INSTRUCTIONSCROLL	4423
1165439403806	1	INSTRUCTIONSCROLL	4426
1165439403823	1	INSTRUCTIONSCROLL	4429
1165439403840	1	INSTRUCTIONSCROLL	4433
1165439403856	1	INSTRUCTIONSCROLL	4436
1165439403873	1	INSTRUCTIONSCROLL	4439
1165439403890	1	INSTRUCTIONSCROLL	4443
1165439403906	1	INSTRUCTIONSCROLL	4446
1165439403923	1	INSTRUCTIONSCROLL	4449
1165439403940	1	INSTRUCTIONSCROLL	4453
1165439403956	1	INSTRUCTIONSCROLL	4456
1165439403973	1	INSTRUCTIONSCROLL	4459
1165439403990	1	INSTRUCTIONSCROLL	4463
1165439404007	1	INSTRUCTIONSCROLL	4466
1165439404024	1	INSTRUCTIONSCROLL	4469
1165439404041	1	INSTRUCTIONSCROLL	4473
1165439404057	1	INSTRUCTIONSCROLL	4476
1165439404074	1	INSTRUCTIONSCROLL	4479
1165439404091	1	INSTRUCTIONSCROLL	4483
1165439404107	1	INSTRUCTIONSCROLL	4486
1165439404124	1	INSTRUCTIONSCROLL	4489
1165439404141	1	INSTRUCTIONSCROLL	4493
1165439404157	1	INSTRUCTIONSCROLL	4496
1165439404174	1	INSTRUCTIONSCROLL	4499
1165439404191	1	INSTRUCTIONSCROLL	4503
1165439404207	1	INSTRUCTIONSCROLL	4506
1165439404224	1	INSTRUCTIONSCROLL	4509
1165439404241	1	INSTRUCTIONSCROLL	4513
1165439404257	1	INSTRUCTIONSCROLL	4516
1165439404274	1	INSTRUCTIONSCROLL	4519
1165439404290	1	INSTRUCTIONSCROLL	4523
1165439404307	1	INSTRUCTIONSCROLL	4526
1165439404324	1	INSTRUCTIONSCROLL	4529
1165439404340	1	INSTRUCTIONSCROLL	4533
1165439404357	1	INSTRUCTIONSCROLL	4536
1165439404374	1	INSTRUCTIONSCROLL	4539
1165439404391	1	INSTRUCTIONSCROLL	4543
1165439404407	1	INSTRUCTIONSCROLL	4546
1165439404424	1	INSTRUCTIONSCROLL	4549
1165439404441	1	INSTRUCTIONSCROLL	4553
1165439404457	1	INSTRUCTIONSCROLL	4556
1165439404473	1	INSTRUCTIONSCROLL	4559
1165439404489	1	INSTRUCTIONSCROLL	4562
1165439404506	1	INSTRUCTIONSCROLL	4566
1165439404523	1	INSTRUCTIONSCROLL	4569
1165439404539	1	INSTRUCTIONSCROLL	4572
1165439404556	1	INSTRUCTIONSCROLL	4576
1165439404573	1	INSTRUCTIONSCROLL	4579
1165439404589	1	INSTRUCTIONSCROLL	4583
1165439404606	1	INSTRUCTIONSCROLL	4586
1165439404623	1	INSTRUCTIONSCROLL	4589
1165439404639	1	INSTRUCTIONSCROLL	4592
1165439404656	1	INSTRUCTIONSCROLL	4596
1165439404673	1	INSTRUCTIONSCROLL	4599
1165439408389	1	INSTRUCTIONSCROLL	4600
1165439408423	1	INSTRUCTIONSCROLL	4601
1165439408439	1	INSTRUCTIONSCROLL	4604
1165439408456	1	INSTRUCTIONSCROLL	4607
1165439408472	1	INSTRUCTIONSCROLL	4610
1165439408488	1	INSTRUCTIONSCROLL	4614
1165439408505	1	INSTRUCTIONSCROLL	4617
1165439408521	1	INSTRUCTIONSCROLL	4620
1165439408538	1	INSTRUCTIONSCROLL	4624
1165439408555	1	INSTRUCTIONSCROLL	4627
1165439408571	1	INSTRUCTIONSCROLL	4630
1165439408588	1	INSTRUCTIONSCROLL	4634
1165439408605	1	INSTRUCTIONSCROLL	4637
1165439408621	1	INSTRUCTIONSCROLL	4640
1165439408638	1	INSTRUCTIONSCROLL	4644
1165439408655	1	INSTRUCTIONSCROLL	4647
1165439408671	1	INSTRUCTIONSCROLL	4650
1165439408688	1	INSTRUCTIONSCROLL	4654
1165439408705	1	INSTRUCTIONSCROLL	4657
1165439408721	1	INSTRUCTIONSCROLL	4660
1165439408738	1	INSTRUCTIONSCROLL	4664
1165439408755	1	INSTRUCTIONSCROLL	4667
1165439408771	1	INSTRUCTIONSCROLL	4670
1165439408788	1	INSTRUCTIONSCROLL	4674
1165439408805	1	INSTRUCTIONSCROLL	4677
1165439408821	1	INSTRUCTIONSCROLL	4680
1165439408838	1	INSTRUCTIONSCROLL	4684
1165439408855	1	INSTRUCTIONSCROLL	4687
1165439408871	1	INSTRUCTIONSCROLL	4690
1165439408888	1	INSTRUCTIONSCROLL	4694
1165439408905	1	INSTRUCTIONSCROLL	4697
1165439408921	1	INSTRUCTIONSCROLL	4700
1165439408940	1	INSTRUCTIONSCROLL	4704
1165439408955	1	INSTRUCTIONSCROLL	4708
1165439408971	1	INSTRUCTIONSCROLL	4710
1165439408988	1	INSTRUCTIONSCROLL	4714
1165439409006	1	INSTRUCTIONSCROLL	4717
1165439409022	1	INSTRUCTIONSCROLL	4720
1165439409039	1	INSTRUCTIONSCROLL	4724
1165439409056	1	INSTRUCTIONSCROLL	4727
1165439409072	1	INSTRUCTIONSCROLL	4730
1165439409089	1	INSTRUCTIONSCROLL	4734
1165439409106	1	INSTRUCTIONSCROLL	4737
1165439409122	1	INSTRUCTIONSCROLL	4740
1165439409139	1	INSTRUCTIONSCROLL	4744
1165439409156	1	INSTRUCTIONSCROLL	4747
1165439409172	1	INSTRUCTIONSCROLL	4750
1165439409189	1	INSTRUCTIONSCROLL	4754
1165439409206	1	INSTRUCTIONSCROLL	4757
1165439409222	1	INSTRUCTIONSCROLL	4760
1165439409239	1	INSTRUCTIONSCROLL	4764
1165439409256	1	INSTRUCTIONSCROLL	4767
1165439409272	1	INSTRUCTIONSCROLL	4770
1165439409289	1	INSTRUCTIONSCROLL	4774
1165439409306	1	INSTRUCTIONSCROLL	4777
1165439409322	1	INSTRUCTIONSCROLL	4780
1165439409339	1	INSTRUCTIONSCROLL	4784
1165439409356	1	INSTRUCTIONSCROLL	4787
1165439409372	1	INSTRUCTIONSCROLL	4790
1165439409389	1	INSTRUCTIONSCROLL	4794
1165439409406	1	INSTRUCTIONSCROLL	4797
1165439409422	1	INSTRUCTIONSCROLL	4800
1165439409439	1	INSTRUCTIONSCROLL	4804
1165439409455	1	INSTRUCTIONSCROLL	4807
1165439409472	1	INSTRUCTIONSCROLL	4810
1165439409488	1	INSTRUCTIONSCROLL	4814
1165439409504	1	INSTRUCTIONSCROLL	4817
1165439409521	1	INSTRUCTIONSCROLL	4820
1165439409538	1	INSTRUCTIONSCROLL	4823
1165439409554	1	INSTRUCTIONSCROLL	4827
1165439409571	1	INSTRUCTIONSCROLL	4830
1165439409588	1	INSTRUCTIONSCROLL	4834
1165439409604	1	INSTRUCTIONSCROLL	4837
1165439409621	1	INSTRUCTIONSCROLL	4840
1165439409638	1	INSTRUCTIONSCROLL	4844
1165439409654	1	INSTRUCTIONSCROLL	4847
1165439409671	1	INSTRUCTIONSCROLL	4850
1165439409688	1	INSTRUCTIONSCROLL	4853
1165439409704	1	INSTRUCTIONSCROLL	4857
1165439409721	1	INSTRUCTIONSCROLL	4860
1165439409738	1	INSTRUCTIONSCROLL	4864
1165439409754	1	INSTRUCTIONSCROLL	4867
1165439409771	1	INSTRUCTIONSCROLL	4870
1165439409788	1	INSTRUCTIONSCROLL	4874
1165439409804	1	INSTRUCTIONSCROLL	4877
1165439409821	1	INSTRUCTIONSCROLL	4880
1165439409838	1	INSTRUCTIONSCROLL	4883
1165439409854	1	INSTRUCTIONSCROLL	4887
1165439409871	1	INSTRUCTIONSCROLL	4890
1165439409888	1	INSTRUCTIONSCROLL	4894
1165439409904	1	INSTRUCTIONSCROLL	4897
1165439409921	1	INSTRUCTIONSCROLL	4900
1165439409938	1	INSTRUCTIONSCROLL	4904
1165439409954	1	INSTRUCTIONSCROLL	4907
1165439409971	1	INSTRUCTIONSCROLL	4910
1165439409988	1	INSTRUCTIONSCROLL	4913
1165439410005	1	INSTRUCTIONSCROLL	4917
1165439410022	1	INSTRUCTIONSCROLL	4920
1165439410039	1	INSTRUCTIONSCROLL	4924
1165439410055	1	INSTRUCTIONSCROLL	4927
1165439410072	1	INSTRUCTIONSCROLL	4930
1165439410089	1	INSTRUCTIONSCROLL	4934
1165439410105	1	INSTRUCTIONSCROLL	4937
1165439410122	1	INSTRUCTIONSCROLL	4940
1165439410139	1	INSTRUCTIONSCROLL	4944
1165439410155	1	INSTRUCTIONSCROLL	4947
1165439410172	1	INSTRUCTIONSCROLL	4950
1165439410189	1	INSTRUCTIONSCROLL	4954
1165439410205	1	INSTRUCTIONSCROLL	4957
1165439410222	1	INSTRUCTIONSCROLL	4960
1165439410239	1	INSTRUCTIONSCROLL	4964
1165439410255	1	INSTRUCTIONSCROLL	4967
1165439410272	1	INSTRUCTIONSCROLL	4970
1165439410289	1	INSTRUCTIONSCROLL	4974
1165439414553	1	INSTRUCTIONSCROLL	4975
1165439414569	1	INSTRUCTIONSCROLL	4978
1165439414586	1	INSTRUCTIONSCROLL	4982
1165439414603	1	INSTRUCTIONSCROLL	4985
1165439414619	1	INSTRUCTIONSCROLL	4988
1165439414636	1	INSTRUCTIONSCROLL	4992
1165439414653	1	INSTRUCTIONSCROLL	4995
1165439414669	1	INSTRUCTIONSCROLL	4998
1165439414686	1	INSTRUCTIONSCROLL	5002
1165439414703	1	INSTRUCTIONSCROLL	5005
1165439414720	1	INSTRUCTIONSCROLL	5008
1165439414736	1	INSTRUCTIONSCROLL	5012
1165439414753	1	INSTRUCTIONSCROLL	5015
1165439414770	1	INSTRUCTIONSCROLL	5018
1165439414786	1	INSTRUCTIONSCROLL	5022
1165439414803	1	INSTRUCTIONSCROLL	5025
1165439414820	1	INSTRUCTIONSCROLL	5028
1165439414836	1	INSTRUCTIONSCROLL	5032
1165439414853	1	INSTRUCTIONSCROLL	5035
1165439414869	1	INSTRUCTIONSCROLL	5038
1165439414886	1	INSTRUCTIONSCROLL	5042
1165439414903	1	INSTRUCTIONSCROLL	5045
1165439414919	1	INSTRUCTIONSCROLL	5049
1165439414939	1	INSTRUCTIONSCROLL	5052
1165439414953	1	INSTRUCTIONSCROLL	5056
1165439414969	1	INSTRUCTIONSCROLL	5058
1165439414986	1	INSTRUCTIONSCROLL	5062
1165439415004	1	INSTRUCTIONSCROLL	5065
1165439415020	1	INSTRUCTIONSCROLL	5069
1165439415037	1	INSTRUCTIONSCROLL	5072
1165439415054	1	INSTRUCTIONSCROLL	5075
1165439415070	1	INSTRUCTIONSCROLL	5079
1165439415087	1	INSTRUCTIONSCROLL	5082
1165439415104	1	INSTRUCTIONSCROLL	5085
1165439415120	1	INSTRUCTIONSCROLL	5089
1165439415137	1	INSTRUCTIONSCROLL	5092
1165439415154	1	INSTRUCTIONSCROLL	5095
1165439415170	1	INSTRUCTIONSCROLL	5099
1165439415187	1	INSTRUCTIONSCROLL	5102
1165439415204	1	INSTRUCTIONSCROLL	5105
1165439415220	1	INSTRUCTIONSCROLL	5107
1165439417170	1	INSTRUCTIONSTOP	Button set (OR)
1165439417170	0	E	Logging Ends
