1160512745517	0	B	Logging Begins
1160512745518	0	SESS_START	0
1160512909373	0	TRIAL	1
1160512918224	1	FACE	558	PRES1_PNNN	Incorrect	LL1	PP1	Target_PNNN	0	PRACTICE
1160512922105	1	FACE	558	CUE	Incorrect	LL1	PP1	Target_PNNN	0	PRACTICE
1160512922663	0	FACE	558	RESP	Incorrect	LL1	PP1	Target_PNNN	0	PRACTICE
1160512922695	0	TRIAL	2
1160512926158	1	FACE	722	PRES1_PNNP	Correct	LL1	PP1	Target_PNNP	0	PRACTICE
1160512930051	1	FACE	722	CUE	Correct	LL1	PP1	Target_PNNP	0	PRACTICE
1160512930773	0	FACE	722	RESP	Correct	LL1	PP1	Target_PNNP	0	PRACTICE
1160512930802	0	TRIAL	3
1160512934705	1	FACE	525	PRES1_PPNP	Incorrect	LL1	PP0	Lure_PPPN	0	PRACTICE
1160512938638	1	FACE	525	CUE	Incorrect	LL1	PP0	Lure_PPPN	0	PRACTICE
1160512939163	0	FACE	525	RESP	Incorrect	LL1	PP0	Lure_PPPN	0	PRACTICE
1160512939188	0	TRIAL	4
1160512943545	1	FACE	621	PRES1_NPNP	Correct	LL1	PP1	Target_NPNP	0	PRACTICE
1160512947425	1	FACE	621	CUE	Correct	LL1	PP1	Target_NPNP	0	PRACTICE
1160512948046	1	FACE	621	RESP	Correct	LL1	PP1	Target_NPNP	0	PRACTICE
1160512948070	0	TRIAL	5
1160512950838	1	FACE	766	PRES1_NPPN	Correct	LL1	PP1	Target_NPPN	0	PRACTICE
1160512954852	1	FACE	766	CUE	Correct	LL1	PP1	Target_NPPN	0	PRACTICE
1160512955618	0	FACE	766	RESP	Correct	LL1	PP1	Target_NPPN	0	PRACTICE
1160512955642	0	TRIAL	6
1160512958398	1	FACE	986	PRES1_NNNN	Correct	LL1	PP0	Lure_PNNN	0	PRACTICE
1160512962345	1	FACE	986	CUE	Correct	LL1	PP0	Lure_PNNN	0	PRACTICE
1160512963331	0	FACE	986	RESP	Correct	LL1	PP0	Lure_PNNN	0	PRACTICE
1160512963363	0	TRIAL	7
1160512966172	1	FACE	1322	PRES1_PNPN	Correct	LL1	PP1	Target_PNPN	0	PRACTICE
1160512970198	1	FACE	1322	CUE	Correct	LL1	PP1	Target_PNPN	0	PRACTICE
1160512971520	0	FACE	1322	RESP	Correct	LL1	PP1	Target_PNPN	0	PRACTICE
1160512971549	0	TRIAL	8
1160512974305	1	FACE	750	PRES1_PPPN	Correct	LL1	PP1	Target_PPPN	0	PRACTICE
1160512978105	1	FACE	750	CUE	Correct	LL1	PP1	Target_PPPN	0	PRACTICE
1160512978855	0	FACE	750	RESP	Correct	LL1	PP1	Target_PPPN	0	PRACTICE
1160512978882	0	TRIAL	9
1160512981678	1	FACE	728	PRES1_PPNN	Correct	LL1	PP0	Lure_PNNP	0	PRACTICE
1160512985398	1	FACE	728	CUE	Correct	LL1	PP0	Lure_PNNP	0	PRACTICE
1160512986126	0	FACE	728	RESP	Correct	LL1	PP0	Lure_PNNP	0	PRACTICE
1160512986135	0	TRIAL	10
1160512988998	1	FACE	706	PRES1_NNPN	Incorrect	LL1	PP0	Lure_NNNN	0	PRACTICE
1160512992905	1	FACE	706	CUE	Incorrect	LL1	PP0	Lure_NNNN	0	PRACTICE
1160512993611	1	FACE	706	RESP	Incorrect	LL1	PP0	Lure_NNNN	0	PRACTICE
1160512993642	0	TRIAL	11
1160512996425	1	FACE	909	PRES1_NNPP	Correct	LL1	PP0	Lure_NPNN	0	PRACTICE
1160513000225	1	FACE	909	CUE	Correct	LL1	PP0	Lure_NPNN	0	PRACTICE
1160513001134	0	FACE	909	RESP	Correct	LL1	PP0	Lure_NPNN	0	PRACTICE
1160513001166	0	TRIAL	12
1160513003945	1	FACE	887	PRES1_NPNN	Correct	LL1	PP0	Lure_PPNN	0	PRACTICE
1160513007879	1	FACE	887	CUE	Correct	LL1	PP0	Lure_PPNN	0	PRACTICE
1160513008766	1	FACE	887	RESP	Correct	LL1	PP0	Lure_PPNN	0	PRACTICE
1160513008789	0	TRIAL	13
1160513011572	1	FACE	477	PRES1_NPPP	Correct	LL1	PP1	Target_NPPP	0	PRACTICE
1160513015399	1	FACE	477	CUE	Correct	LL1	PP1	Target_NPPP	0	PRACTICE
1160513015876	0	FACE	477	RESP	Correct	LL1	PP1	Target_NPPP	0	PRACTICE
1160513015909	0	TRIAL	14
1160513018652	1	FACE	585	PRES1_NNNP	Correct	LL1	PP0	Lure_PPPP	0	PRACTICE
1160513022586	1	FACE	585	CUE	Correct	LL1	PP0	Lure_PPPP	0	PRACTICE
1160513023171	0	FACE	585	RESP	Correct	LL1	PP0	Lure_PPPP	0	PRACTICE
1160513023202	0	TRIAL	15
1160513025985	1	FACE	664	PRES1_NPNP	Correct	LL1	PP0	Lure_NNPN	0	PRACTICE
1160513029972	1	FACE	664	CUE	Correct	LL1	PP0	Lure_NNPN	0	PRACTICE
1160513030636	0	FACE	664	RESP	Correct	LL1	PP0	Lure_NNPN	0	PRACTICE
1160513030656	0	TRIAL	16
1160513033492	1	FACE	1016	PRES1_PNNP	Correct	LL1	PP0	Lure_NPPP	0	PRACTICE
1160513037279	1	FACE	1016	CUE	Correct	LL1	PP0	Lure_NPPP	0	PRACTICE
1160513038295	0	FACE	1016	RESP	Correct	LL1	PP0	Lure_NPPP	0	PRACTICE
1160513038323	0	TRIAL	17
1160513041319	1	FACE	1020	PRES1_NNNP	Correct	LL1	PP1	Target_NNNP	0	PRACTICE
1160513045346	1	FACE	1020	CUE	Correct	LL1	PP1	Target_NNNP	0	PRACTICE
1160513046366	0	FACE	1020	RESP	Correct	LL1	PP1	Target_NNNP	0	PRACTICE
1160513046391	0	TRIAL	18
1160513049159	1	FACE	506	PRES1_NNPN	Correct	LL1	PP1	Target_NNPN	0	PRACTICE
1160513053053	1	FACE	506	CUE	Correct	LL1	PP1	Target_NNPN	0	PRACTICE
1160513053559	0	FACE	506	RESP	Correct	LL1	PP1	Target_NNPN	0	PRACTICE
1160513053590	0	TRIAL	19
1160513056493	1	FACE	644	PRES1_PNPN	Correct	LL1	PP0	Lure_PPNP	0	PRACTICE
1160513060413	1	FACE	644	CUE	Correct	LL1	PP0	Lure_PPNP	0	PRACTICE
1160513061057	0	FACE	644	RESP	Correct	LL1	PP0	Lure_PPNP	0	PRACTICE
1160513061083	0	TRIAL	20
1160513063773	1	FACE	655	PRES1_PPPN	Correct	LL1	PP0	Lure_PNPP	0	PRACTICE
1160513067613	1	FACE	655	CUE	Correct	LL1	PP0	Lure_PNPP	0	PRACTICE
1160513068268	0	FACE	655	RESP	Correct	LL1	PP0	Lure_PNPP	0	PRACTICE
1160513068296	0	TRIAL	21
1160513071013	1	FACE	456	PRES1_NPNN	Correct	LL1	PP1	Target_NPNN	0	PRACTICE
1160513074893	1	FACE	456	CUE	Correct	LL1	PP1	Target_NPNN	0	PRACTICE
1160513075349	0	FACE	456	RESP	Correct	LL1	PP1	Target_NPNN	0	PRACTICE
1160513075376	0	TRIAL	22
1160513078213	1	FACE	574	PRES1_NNNN	Correct	LL1	PP1	Target_NNNN	0	PRACTICE
1160513081960	1	FACE	574	CUE	Correct	LL1	PP1	Target_NNNN	0	PRACTICE
1160513082534	0	FACE	574	RESP	Correct	LL1	PP1	Target_NNNN	0	PRACTICE
1160513082564	0	TRIAL	23
1160513085240	1	FACE	729	PRES1_PPPP	Correct	LL1	PP1	Target_PPPP	0	PRACTICE
1160513089213	1	FACE	729	CUE	Correct	LL1	PP1	Target_PPPP	0	PRACTICE
1160513089942	0	FACE	729	RESP	Correct	LL1	PP1	Target_PPPP	0	PRACTICE
1160513089963	0	TRIAL	24
1160513092666	1	FACE	850	PRES1_PNPP	Incorrect	LL1	PP0	Lure_NNPP	0	PRACTICE
1160513096426	1	FACE	850	CUE	Incorrect	LL1	PP0	Lure_NNPP	0	PRACTICE
1160513097276	0	FACE	850	RESP	Incorrect	LL1	PP0	Lure_NNPP	0	PRACTICE
1160513097297	0	TRIAL	25
1160513099999	1	FACE	933	PRES1_PPNN	Correct	LL1	PP1	Target_PPNN	0	PRACTICE
1160513103960	1	FACE	933	CUE	Correct	LL1	PP1	Target_PPNN	0	PRACTICE
1160513104893	0	FACE	933	RESP	Correct	LL1	PP1	Target_PPNN	0	PRACTICE
1160513104923	0	TRIAL	26
1160513107706	1	FACE	662	PRES1_NPPN	Correct	LL1	PP0	Lure_NNNP	0	PRACTICE
1160513111506	1	FACE	662	CUE	Correct	LL1	PP0	Lure_NNNP	0	PRACTICE
1160513112168	0	FACE	662	RESP	Correct	LL1	PP0	Lure_NNNP	0	PRACTICE
1160513112190	0	TRIAL	27
1160513114960	1	FACE	603	PRES1_PPPP	Correct	LL1	PP0	Lure_PNPN	0	PRACTICE
1160513118893	1	FACE	603	CUE	Correct	LL1	PP0	Lure_PNPN	0	PRACTICE
1160513119496	0	FACE	603	RESP	Correct	LL1	PP0	Lure_PNPN	0	PRACTICE
1160513119525	0	TRIAL	28
1160513122293	1	FACE	510	PRES1_PPNP	Correct	LL1	PP1	Target_PPNP	0	PRACTICE
1160513126133	1	FACE	510	CUE	Correct	LL1	PP1	Target_PPNP	0	PRACTICE
1160513126643	0	FACE	510	RESP	Correct	LL1	PP1	Target_PPNP	0	PRACTICE
1160513126670	0	TRIAL	29
1160513129907	1	FACE	535	PRES1_NPPP	Incorrect	LL1	PP0	Lure_NPNP	0	PRACTICE
1160513133720	1	FACE	535	CUE	Incorrect	LL1	PP0	Lure_NPNP	0	PRACTICE
1160513134255	0	FACE	535	RESP	Incorrect	LL1	PP0	Lure_NPNP	0	PRACTICE
1160513134284	0	TRIAL	30
1160513137320	1	FACE	624	PRES1_NNPP	Correct	LL1	PP1	Target_NNPP	0	PRACTICE
1160513141320	1	FACE	624	CUE	Correct	LL1	PP1	Target_NNPP	0	PRACTICE
1160513141944	0	FACE	624	RESP	Correct	LL1	PP1	Target_NNPP	0	PRACTICE
1160513141976	0	TRIAL	31
1160513144707	1	FACE	665	PRES1_PNNN	Correct	LL1	PP0	Lure_NPPN	0	PRACTICE
1160513148707	1	FACE	665	CUE	Correct	LL1	PP0	Lure_NPPN	0	PRACTICE
1160513149372	0	FACE	665	RESP	Correct	LL1	PP0	Lure_NPPN	0	PRACTICE
1160513149404	0	TRIAL	32
1160513154587	1	FACE	547	PRES1_PNPP	Correct	LL1	PP1	Target_PNPP	0	PRACTICE
1160513158467	1	FACE	547	CUE	Correct	LL1	PP1	Target_PNPP	0	PRACTICE
1160513159014	0	FACE	547	RESP	Correct	LL1	PP1	Target_PNPP	0	PRACTICE
1160513168864	0	TRIAL	1
1160513172534	1	FACE	619	PRES1_PNNN	Correct	LL1	PP1	Target_PNNN	0	PRACTICE
1160513176321	1	FACE	619	CUE	Correct	LL1	PP1	Target_PNNN	0	PRACTICE
1160513176940	1	FACE	619	RESP	Correct	LL1	PP1	Target_PNNN	0	PRACTICE
1160513176964	0	TRIAL	2
1160513180041	1	FACE	665	PRES1_PNNP	Correct	LL1	PP0	Lure_NNPN	0	PRACTICE
1160513183907	1	FACE	665	CUE	Correct	LL1	PP0	Lure_NNPN	0	PRACTICE
1160513184572	0	FACE	665	RESP	Correct	LL1	PP0	Lure_NNPN	0	PRACTICE
1160513184591	0	TRIAL	3
1160513187681	1	FACE	711	PRES1_PNPN	Correct	LL1	PP1	Target_PNPN	0	PRACTICE
1160513191494	1	FACE	711	CUE	Correct	LL1	PP1	Target_PNPN	0	PRACTICE
1160513192205	1	FACE	711	RESP	Correct	LL1	PP1	Target_PNPN	0	PRACTICE
1160513192231	0	TRIAL	4
1160513194974	1	FACE	652	PRES1_NNNP	Correct	LL1	PP1	Target_NNNP	0	PRACTICE
1160513199001	1	FACE	652	CUE	Correct	LL1	PP1	Target_NNNP	0	PRACTICE
1160513199653	0	FACE	652	RESP	Correct	LL1	PP1	Target_NNNP	0	PRACTICE
1160513199684	0	TRIAL	5
1160513202441	1	FACE	760	PRES1_PPPN	Correct	LL1	PP0	Lure_NPPP	0	PRACTICE
1160513206268	1	FACE	760	CUE	Correct	LL1	PP0	Lure_NPPP	0	PRACTICE
1160513207028	0	FACE	760	RESP	Correct	LL1	PP0	Lure_NPPP	0	PRACTICE
1160513207058	0	TRIAL	6
1160513209854	1	FACE	549	PRES1_NPNN	Correct	LL1	PP1	Target_NPNN	0	PRACTICE
1160513213668	1	FACE	549	CUE	Correct	LL1	PP1	Target_NPNN	0	PRACTICE
1160513214217	0	FACE	549	RESP	Correct	LL1	PP1	Target_NPNN	0	PRACTICE
1160513214245	0	TRIAL	7
1160513217041	1	FACE	570	PRES1_NPPP	Correct	LL1	PP1	Target_NPPP	0	PRACTICE
1160513221028	1	FACE	570	CUE	Correct	LL1	PP1	Target_NPPP	0	PRACTICE
1160513221598	0	FACE	570	RESP	Correct	LL1	PP1	Target_NPPP	0	PRACTICE
1160513221618	0	TRIAL	8
1160513224361	1	FACE	618	PRES1_PPPP	Correct	LL1	PP0	Lure_NNPP	0	PRACTICE
1160513228321	1	FACE	618	CUE	Correct	LL1	PP0	Lure_NNPP	0	PRACTICE
1160513228939	1	FACE	618	RESP	Correct	LL1	PP0	Lure_NNPP	0	PRACTICE
1160513228965	0	TRIAL	9
1160513231748	1	FACE	596	PRES1_PNNN	Correct	LL1	PP0	Lure_NPNN	0	PRACTICE
1160513235774	1	FACE	596	CUE	Correct	LL1	PP0	Lure_NPNN	0	PRACTICE
1160513236370	0	FACE	596	RESP	Correct	LL1	PP0	Lure_NPNN	0	PRACTICE
1160513236391	0	TRIAL	10
1160513239321	1	FACE	694	PRES1_NPNP	Incorrect	LL1	PP1	Target_NPNP	0	PRACTICE
1160513243188	1	FACE	694	CUE	Incorrect	LL1	PP1	Target_NPNP	0	PRACTICE
1160513243882	0	FACE	694	RESP	Incorrect	LL1	PP1	Target_NPNP	0	PRACTICE
1160513243911	0	TRIAL	11
1160513246748	1	FACE	540	PRES1_PPNP	Correct	LL1	PP1	Target_PPNP	0	PRACTICE
1160513250761	1	FACE	540	CUE	Correct	LL1	PP1	Target_PPNP	0	PRACTICE
1160513251301	0	FACE	540	RESP	Correct	LL1	PP1	Target_PPNP	0	PRACTICE
1160513251325	0	TRIAL	12
1160513254188	1	FACE	645	PRES1_NPNN	Incorrect	LL1	PP0	Lure_NPPN	0	PRACTICE
1160513257908	1	FACE	645	CUE	Incorrect	LL1	PP0	Lure_NPPN	0	PRACTICE
1160513258553	0	FACE	645	RESP	Incorrect	LL1	PP0	Lure_NPPN	0	PRACTICE
1160513258578	0	TRIAL	13
1160513261508	1	FACE	601	PRES1_PNPP	Correct	LL1	PP1	Target_PNPP	0	PRACTICE
1160513265521	1	FACE	601	CUE	Correct	LL1	PP1	Target_PNPP	0	PRACTICE
1160513266122	0	FACE	601	RESP	Correct	LL1	PP1	Target_PNPP	0	PRACTICE
1160513266152	0	TRIAL	14
1160513268922	1	FACE	747	PRES1_NNPP	Correct	LL1	PP1	Target_NNPP	0	PRACTICE
1160513272828	1	FACE	747	CUE	Correct	LL1	PP1	Target_NNPP	0	PRACTICE
1160513273575	0	FACE	747	RESP	Correct	LL1	PP1	Target_NNPP	0	PRACTICE
1160513273592	0	TRIAL	15
1160513276322	1	FACE	616	PRES1_PPNN	Correct	LL1	PP0	Lure_PPPP	0	PRACTICE
1160513280162	1	FACE	616	CUE	Correct	LL1	PP0	Lure_PPPP	0	PRACTICE
1160513280778	0	FACE	616	RESP	Correct	LL1	PP0	Lure_PPPP	0	PRACTICE
1160513280805	0	TRIAL	16
1160513283602	1	FACE	603	PRES1_PPPP	Correct	LL1	PP1	Target_PPPP	0	PRACTICE
1160513287442	1	FACE	603	CUE	Correct	LL1	PP1	Target_PPPP	0	PRACTICE
1160513288045	0	FACE	603	RESP	Correct	LL1	PP1	Target_PPPP	0	PRACTICE
1160513288072	0	TRIAL	17
1160513290882	1	FACE	862	PRES1_PNNP	Correct	LL1	PP1	Target_PNNP	0	PRACTICE
1160513294762	1	FACE	862	CUE	Correct	LL1	PP1	Target_PNNP	0	PRACTICE
1160513295624	0	FACE	862	RESP	Correct	LL1	PP1	Target_PNNP	0	PRACTICE
1160513295646	0	TRIAL	18
1160513298468	1	FACE	587	PRES1_NNPN	Correct	LL1	PP1	Target_NNPN	0	PRACTICE
1160513302509	1	FACE	587	CUE	Correct	LL1	PP1	Target_NNPN	0	PRACTICE
1160513303096	0	FACE	587	RESP	Correct	LL1	PP1	Target_NNPN	0	PRACTICE
1160513303126	0	TRIAL	19
1160513306429	1	FACE	634	PRES1_NPNP	Correct	LL1	PP0	Lure_NNNP	0	PRACTICE
1160513310322	1	FACE	634	CUE	Correct	LL1	PP0	Lure_NNNP	0	PRACTICE
1160513310956	0	FACE	634	RESP	Correct	LL1	PP0	Lure_NNNP	0	PRACTICE
1160513310978	0	TRIAL	20
1160513313735	1	FACE	541	PRES1_NPPP	Correct	LL1	PP0	Lure_NNNN	0	PRACTICE
1160513317789	1	FACE	541	CUE	Correct	LL1	PP0	Lure_NNNN	0	PRACTICE
1160513318330	0	FACE	541	RESP	Correct	LL1	PP0	Lure_NNNN	0	PRACTICE
1160513318354	0	TRIAL	21
1160513321615	1	FACE	495	PRES1_NNNN	Correct	LL1	PP1	Target_NNNN	0	PRACTICE
1160513325522	1	FACE	495	CUE	Correct	LL1	PP1	Target_NNNN	0	PRACTICE
1160513326017	0	FACE	495	RESP	Correct	LL1	PP1	Target_NNNN	0	PRACTICE
1160513326046	0	TRIAL	22
1160513329002	1	FACE	579	PRES1_PNPP	Correct	LL1	PP0	Lure_PPNP	0	PRACTICE
1160513332842	1	FACE	579	CUE	Correct	LL1	PP0	Lure_PPNP	0	PRACTICE
1160513333421	0	FACE	579	RESP	Correct	LL1	PP0	Lure_PPNP	0	PRACTICE
1160513333446	0	TRIAL	23
1160513336282	1	FACE	630	PRES1_PPNN	Correct	LL1	PP1	Target_PPNN	0	PRACTICE
1160513340256	1	FACE	630	CUE	Correct	LL1	PP1	Target_PPNN	0	PRACTICE
1160513340886	0	FACE	630	RESP	Correct	LL1	PP1	Target_PPNN	0	PRACTICE
1160513340912	0	TRIAL	24
1160513343762	1	FACE	794	PRES1_NNPP	Correct	LL1	PP0	Lure_PNPN	0	PRACTICE
1160513347589	1	FACE	794	CUE	Correct	LL1	PP0	Lure_PNPN	0	PRACTICE
1160513348383	0	FACE	794	RESP	Correct	LL1	PP0	Lure_PNPN	0	PRACTICE
1160513348406	0	TRIAL	25
1160513351309	1	FACE	511	PRES1_NNNN	Correct	LL1	PP0	Lure_PPPN	0	PRACTICE
1160513355362	1	FACE	511	CUE	Correct	LL1	PP0	Lure_PPPN	0	PRACTICE
1160513355873	0	FACE	511	RESP	Correct	LL1	PP0	Lure_PPPN	0	PRACTICE
1160513355901	0	TRIAL	26
1160513359069	1	FACE	649	PRES1_NPPN	Correct	LL1	PP0	Lure_NPNP	0	PRACTICE
1160513362896	1	FACE	649	CUE	Correct	LL1	PP0	Lure_NPNP	0	PRACTICE
1160513363545	0	FACE	649	RESP	Correct	LL1	PP0	Lure_NPNP	0	PRACTICE
1160513363566	0	TRIAL	27
1160513366696	1	FACE	654	PRES1_PNPN	Correct	LL1	PP0	Lure_PNNP	0	PRACTICE
1160513370549	1	FACE	654	CUE	Correct	LL1	PP0	Lure_PNNP	0	PRACTICE
1160513371203	1	FACE	654	RESP	Correct	LL1	PP0	Lure_PNNP	0	PRACTICE
1160513371233	0	TRIAL	28
1160513374136	1	FACE	563	PRES1_PPPN	Correct	LL1	PP1	Target_PPPN	0	PRACTICE
1160513378149	1	FACE	563	CUE	Correct	LL1	PP1	Target_PPPN	0	PRACTICE
1160513378712	0	FACE	563	RESP	Correct	LL1	PP1	Target_PPPN	0	PRACTICE
1160513378740	0	TRIAL	29
1160513381696	1	FACE	684	PRES1_NNPN	Correct	LL1	PP0	Lure_PNPP	0	PRACTICE
1160513385483	1	FACE	684	CUE	Correct	LL1	PP0	Lure_PNPP	0	PRACTICE
1160513386167	0	FACE	684	RESP	Correct	LL1	PP0	Lure_PNPP	0	PRACTICE
1160513386193	0	TRIAL	30
1160513389189	1	FACE	553	PRES1_NNNP	Correct	LL1	PP0	Lure_PNNN	0	PRACTICE
1160513393163	1	FACE	553	CUE	Correct	LL1	PP0	Lure_PNNN	0	PRACTICE
1160513393716	0	FACE	553	RESP	Correct	LL1	PP0	Lure_PNNN	0	PRACTICE
1160513393741	0	TRIAL	31
1160513396710	1	FACE	545	PRES1_PPNP	Correct	LL1	PP0	Lure_PPNN	0	PRACTICE
1160513400630	1	FACE	545	CUE	Correct	LL1	PP0	Lure_PPNN	0	PRACTICE
1160513401175	1	FACE	545	RESP	Correct	LL1	PP0	Lure_PPNN	0	PRACTICE
1160513401206	0	TRIAL	32
1160513406176	1	FACE	597	PRES1_NPPN	Correct	LL1	PP1	Target_NPPN	0	PRACTICE
1160513410230	1	FACE	597	CUE	Correct	LL1	PP1	Target_NPPN	0	PRACTICE
1160513410827	1	FACE	597	RESP	Correct	LL1	PP1	Target_NPPN	0	PRACTICE
1160513421388	0	SESS_END	1
1160513421391	0	E	Logging Ends
