1158595900937	0	B	Logging Begins
1158595900938	0	INSTRUCTIONSTART	JointRoller	/Library/Frameworks/Python.framework/Versions/2.4/lib/python2.4/site-packages/pyepl/resources/vera.ttf	64	(1.000000, 1.000000, 1.000000, 1.000000)	"In the following experiment, your memory for associating names with faces will be tested.  The experiment will be divided into two halves, with each half testing you on a completely different set of names and faces.  After the first half, there will be a short break.\n\nThe procedure will be the same for each half.  Eight faces will be presented on the screen, consecutively, accompanied by their names.  A woman's voice will also speak the name when the face appears on the screen.  After five seconds, the face will disappear from the screen, a star (*) will flash on the screen for one second, and then the next face and name will appear.\n\nAfter you have seen all eight faces and names, you will be prompted to press any key in order to move on to a testing period.  During each trial of the testing period, you will see a face with a question mark (?) underneath it.  You will have to try and recall the name that goes with the face, and speak it out loud.  After five seconds the face will disappear from the screen, a star will flash on the screen for one second, and then the next face will appear with a question mark underneath it.\n\nFor each half, there will be ten study periods and ten test periods, alternating.  Each face will have the same name over the entire course of the half, so your task is to try and learn the faces' names as quickly and accurately as possible, and to be able to recall them as quickly and accurately as possible.\n\nDuring the test phase, do not worry if you make a mistake and recall the wrong name accidentally.  There is no penalty.  Also, if you are in the middle of recalling a name and the experiment moves on to the next face, do not stop yourself; continue speaking the name.  However, once the next face appears on the screen, you should give up trying to recall the last face and concentrate on the new one.\n\nDo you have any questions?\n\nPress <ENTER> to continue."
1158595900991	1	INSTRUCTIONSCROLL	0
1158595926805	0	B	Logging Begins
1158595926805	0	INSTRUCTIONSTART	JointRoller	/Library/Frameworks/Python.framework/Versions/2.4/lib/python2.4/site-packages/pyepl/resources/vera.ttf	64	(1.000000, 1.000000, 1.000000, 1.000000)	"In the following experiment, your memory for associating names with faces will be tested.  The experiment will be divided into two halves, with each half testing you on a completely different set of names and faces.  After the first half, there will be a short break.\n\nThe procedure will be the same for each half.  Eight faces will be presented on the screen, consecutively, accompanied by their names.  A woman's voice will also speak the name when the face appears on the screen.  After five seconds, the face will disappear from the screen, a star (*) will flash on the screen for one second, and then the next face and name will appear.\n\nAfter you have seen all eight faces and names, you will be prompted to press any key in order to move on to a testing period.  During each trial of the testing period, you will see a face with a question mark (?) underneath it.  You will have to try and recall the name that goes with the face, and speak it out loud.  After five seconds the face will disappear from the screen, a star will flash on the screen for one second, and then the next face will appear with a question mark underneath it.\n\nFor each half, there will be ten study periods and ten test periods, alternating.  Each face will have the same name over the entire course of the half, so your task is to try and learn the faces' names as quickly and accurately as possible, and to be able to recall them as quickly and accurately as possible.\n\nDuring the test phase, do not worry if you make a mistake and recall the wrong name accidentally.  There is no penalty.  Also, if you are in the middle of recalling a name and the experiment moves on to the next face, do not stop yourself; continue speaking the name.  However, once the next face appears on the screen, you should give up trying to recall the last face and concentrate on the new one.\n\nDo you have any questions?\n\nPress <ENTER> to continue."
1158595926869	1	INSTRUCTIONSCROLL	0
1158595942165	1	INSTRUCTIONSCROLL	1
1158595942182	1	INSTRUCTIONSCROLL	3
1158595942199	1	INSTRUCTIONSCROLL	7
1158595942215	1	INSTRUCTIONSCROLL	10
1158595942232	1	INSTRUCTIONSCROLL	13
1158595942249	1	INSTRUCTIONSCROLL	17
1158595942264	1	INSTRUCTIONSCROLL	20
1158595942581	1	INSTRUCTIONSCROLL	21
1158595942597	1	INSTRUCTIONSCROLL	24
1158595942614	1	INSTRUCTIONSCROLL	27
1158595942631	1	INSTRUCTIONSCROLL	30
1158595942647	1	INSTRUCTIONSCROLL	34
1158595942664	1	INSTRUCTIONSCROLL	37
1158595942681	1	INSTRUCTIONSCROLL	43
1158595942697	1	INSTRUCTIONSCROLL	44
1158595942714	1	INSTRUCTIONSCROLL	47
1158595942731	1	INSTRUCTIONSCROLL	50
1158595942747	1	INSTRUCTIONSCROLL	54
1158595942764	1	INSTRUCTIONSCROLL	57
1158595942781	1	INSTRUCTIONSCROLL	60
1158595942797	1	INSTRUCTIONSCROLL	64
1158595942814	1	INSTRUCTIONSCROLL	67
1158595942831	1	INSTRUCTIONSCROLL	70
1158595942847	1	INSTRUCTIONSCROLL	74
1158595942864	1	INSTRUCTIONSCROLL	77
1158595942881	1	INSTRUCTIONSCROLL	80
1158595942897	1	INSTRUCTIONSCROLL	84
1158595942914	1	INSTRUCTIONSCROLL	87
1158595942931	1	INSTRUCTIONSCROLL	90
1158595942947	1	INSTRUCTIONSCROLL	94
1158595942964	1	INSTRUCTIONSCROLL	97
1158595942981	1	INSTRUCTIONSCROLL	100
1158595942997	1	INSTRUCTIONSCROLL	104
1158595943015	1	INSTRUCTIONSCROLL	107
1158595943032	1	INSTRUCTIONSCROLL	111
1158595943048	1	INSTRUCTIONSCROLL	114
1158595943065	1	INSTRUCTIONSCROLL	117
1158595943082	1	INSTRUCTIONSCROLL	121
1158595943098	1	INSTRUCTIONSCROLL	124
1158595943115	1	INSTRUCTIONSCROLL	127
1158595943132	1	INSTRUCTIONSCROLL	131
1158595943148	1	INSTRUCTIONSCROLL	134
1158595943165	1	INSTRUCTIONSCROLL	137
1158595943182	1	INSTRUCTIONSCROLL	141
1158595943198	1	INSTRUCTIONSCROLL	144
1158595943215	1	INSTRUCTIONSCROLL	147
1158595943232	1	INSTRUCTIONSCROLL	151
1158595943248	1	INSTRUCTIONSCROLL	154
1158595943264	1	INSTRUCTIONSCROLL	157
1158595943281	1	INSTRUCTIONSCROLL	160
1158595943297	1	INSTRUCTIONSCROLL	164
1158595943314	1	INSTRUCTIONSCROLL	167
1158595943331	1	INSTRUCTIONSCROLL	171
1158595943347	1	INSTRUCTIONSCROLL	174
1158595943364	1	INSTRUCTIONSCROLL	177
1158595943381	1	INSTRUCTIONSCROLL	181
1158595943397	1	INSTRUCTIONSCROLL	184
1158595943414	1	INSTRUCTIONSCROLL	187
1158595943431	1	INSTRUCTIONSCROLL	190
1158595943447	1	INSTRUCTIONSCROLL	194
1158595943464	1	INSTRUCTIONSCROLL	197
1158595943481	1	INSTRUCTIONSCROLL	201
1158595943497	1	INSTRUCTIONSCROLL	204
1158595943514	1	INSTRUCTIONSCROLL	207
1158595943530	1	INSTRUCTIONSCROLL	211
1158595943547	1	INSTRUCTIONSCROLL	214
1158595943564	1	INSTRUCTIONSCROLL	217
1158595943581	1	INSTRUCTIONSCROLL	220
1158595943597	1	INSTRUCTIONSCROLL	224
1158595943614	1	INSTRUCTIONSCROLL	227
1158595943647	1	INSTRUCTIONSCROLL	233
1158595943664	1	INSTRUCTIONSCROLL	237
1158595943680	1	INSTRUCTIONSCROLL	241
1158595943697	1	INSTRUCTIONSCROLL	244
1158595943714	1	INSTRUCTIONSCROLL	247
1158595943730	1	INSTRUCTIONSCROLL	250
1158595943747	1	INSTRUCTIONSCROLL	254
1158595943764	1	INSTRUCTIONSCROLL	257
1158595943780	1	INSTRUCTIONSCROLL	261
1158595943797	1	INSTRUCTIONSCROLL	264
1158595943814	1	INSTRUCTIONSCROLL	267
1158595943830	1	INSTRUCTIONSCROLL	271
1158595943847	1	INSTRUCTIONSCROLL	274
1158595943864	1	INSTRUCTIONSCROLL	277
1158595943880	1	INSTRUCTIONSCROLL	280
1158595943897	1	INSTRUCTIONSCROLL	284
1158595943914	1	INSTRUCTIONSCROLL	287
1158595943930	1	INSTRUCTIONSCROLL	290
1158595943947	1	INSTRUCTIONSCROLL	294
1158595943964	1	INSTRUCTIONSCROLL	297
1158595943980	1	INSTRUCTIONSCROLL	300
1158595943997	1	INSTRUCTIONSCROLL	304
1158595944015	1	INSTRUCTIONSCROLL	307
1158595944031	1	INSTRUCTIONSCROLL	310
1158595944048	1	INSTRUCTIONSCROLL	314
1158595944065	1	INSTRUCTIONSCROLL	317
1158595944081	1	INSTRUCTIONSCROLL	321
1158595944098	1	INSTRUCTIONSCROLL	324
1158595944115	1	INSTRUCTIONSCROLL	327
1158595944131	1	INSTRUCTIONSCROLL	331
1158595944148	1	INSTRUCTIONSCROLL	334
1158595944165	1	INSTRUCTIONSCROLL	337
1158595944181	1	INSTRUCTIONSCROLL	340
1158595944198	1	INSTRUCTIONSCROLL	344
1158595944215	1	INSTRUCTIONSCROLL	347
1158595944231	1	INSTRUCTIONSCROLL	351
1158595944248	1	INSTRUCTIONSCROLL	354
1158595944264	1	INSTRUCTIONSCROLL	357
1158595944280	1	INSTRUCTIONSCROLL	360
1158595944297	1	INSTRUCTIONSCROLL	364
1158595944314	1	INSTRUCTIONSCROLL	367
1158595944330	1	INSTRUCTIONSCROLL	370
1158595944347	1	INSTRUCTIONSCROLL	374
1158595944364	1	INSTRUCTIONSCROLL	377
1158595944380	1	INSTRUCTIONSCROLL	380
1158595944397	1	INSTRUCTIONSCROLL	384
1158595944414	1	INSTRUCTIONSCROLL	387
1158595944430	1	INSTRUCTIONSCROLL	390
1158595944447	1	INSTRUCTIONSCROLL	394
1158595944464	1	INSTRUCTIONSCROLL	397
1158595944482	1	INSTRUCTIONSCROLL	403
1158595944497	1	INSTRUCTIONSCROLL	404
1158595944514	1	INSTRUCTIONSCROLL	407
1158595944530	1	INSTRUCTIONSCROLL	410
1158595944547	1	INSTRUCTIONSCROLL	414
1158595944564	1	INSTRUCTIONSCROLL	417
1158595944580	1	INSTRUCTIONSCROLL	420
1158595944597	1	INSTRUCTIONSCROLL	424
1158595944613	1	INSTRUCTIONSCROLL	427
1158595944630	1	INSTRUCTIONSCROLL	430
1158595944647	1	INSTRUCTIONSCROLL	434
1158595944663	1	INSTRUCTIONSCROLL	437
1158595944680	1	INSTRUCTIONSCROLL	440
1158595944697	1	INSTRUCTIONSCROLL	444
1158595944713	1	INSTRUCTIONSCROLL	447
1158595944730	1	INSTRUCTIONSCROLL	450
1158595944747	1	INSTRUCTIONSCROLL	454
1158595944763	1	INSTRUCTIONSCROLL	457
1158595944780	1	INSTRUCTIONSCROLL	460
1158595944797	1	INSTRUCTIONSCROLL	464
1158595944813	1	INSTRUCTIONSCROLL	467
1158595944830	1	INSTRUCTIONSCROLL	470
1158595944847	1	INSTRUCTIONSCROLL	473
1158595944863	1	INSTRUCTIONSCROLL	477
1158595944880	1	INSTRUCTIONSCROLL	480
1158595944897	1	INSTRUCTIONSCROLL	484
1158595953353	1	INSTRUCTIONSCROLL	485
1158595953361	1	INSTRUCTIONSCROLL	486
1158595953377	1	INSTRUCTIONSCROLL	487
1158595953394	1	INSTRUCTIONSCROLL	490
1158595953411	1	INSTRUCTIONSCROLL	493
1158595953427	1	INSTRUCTIONSCROLL	497
1158595953444	1	INSTRUCTIONSCROLL	500
1158595953461	1	INSTRUCTIONSCROLL	503
1158595953477	1	INSTRUCTIONSCROLL	507
1158595953494	1	INSTRUCTIONSCROLL	510
1158595953511	1	INSTRUCTIONSCROLL	513
1158595953527	1	INSTRUCTIONSCROLL	517
1158595953544	1	INSTRUCTIONSCROLL	520
1158595953560	1	INSTRUCTIONSCROLL	523
1158595953577	1	INSTRUCTIONSCROLL	527
1158595953594	1	INSTRUCTIONSCROLL	530
1158595953611	1	INSTRUCTIONSCROLL	533
1158595953627	1	INSTRUCTIONSCROLL	537
1158595953644	1	INSTRUCTIONSCROLL	540
1158595953660	1	INSTRUCTIONSCROLL	543
1158595953677	1	INSTRUCTIONSCROLL	547
1158595953694	1	INSTRUCTIONSCROLL	550
1158595953710	1	INSTRUCTIONSCROLL	553
1158595953727	1	INSTRUCTIONSCROLL	559
1158595953744	1	INSTRUCTIONSCROLL	560
1158595953760	1	INSTRUCTIONSCROLL	563
1158595953777	1	INSTRUCTIONSCROLL	567
1158595953794	1	INSTRUCTIONSCROLL	570
1158595953810	1	INSTRUCTIONSCROLL	573
1158595953827	1	INSTRUCTIONSCROLL	577
1158595953844	1	INSTRUCTIONSCROLL	580
1158595953860	1	INSTRUCTIONSCROLL	583
1158595953877	1	INSTRUCTIONSCROLL	587
1158595953894	1	INSTRUCTIONSCROLL	590
1158595953910	1	INSTRUCTIONSCROLL	593
1158595953927	1	INSTRUCTIONSCROLL	597
1158595953944	1	INSTRUCTIONSCROLL	600
1158595953960	1	INSTRUCTIONSCROLL	603
1158595953977	1	INSTRUCTIONSCROLL	607
1158595953994	1	INSTRUCTIONSCROLL	610
1158595954011	1	INSTRUCTIONSCROLL	613
1158595954028	1	INSTRUCTIONSCROLL	617
1158595954045	1	INSTRUCTIONSCROLL	620
1158595954061	1	INSTRUCTIONSCROLL	624
1158595954078	1	INSTRUCTIONSCROLL	627
1158595954095	1	INSTRUCTIONSCROLL	630
1158595954111	1	INSTRUCTIONSCROLL	634
1158595954128	1	INSTRUCTIONSCROLL	637
1158595954145	1	INSTRUCTIONSCROLL	640
1158595954161	1	INSTRUCTIONSCROLL	644
1158595954178	1	INSTRUCTIONSCROLL	647
1158595954195	1	INSTRUCTIONSCROLL	650
1158595954211	1	INSTRUCTIONSCROLL	654
1158595954228	1	INSTRUCTIONSCROLL	657
1158595954245	1	INSTRUCTIONSCROLL	660
1158595954260	1	INSTRUCTIONSCROLL	664
1158595954277	1	INSTRUCTIONSCROLL	667
1158595954294	1	INSTRUCTIONSCROLL	670
1158595954310	1	INSTRUCTIONSCROLL	673
1158595954327	1	INSTRUCTIONSCROLL	677
1158595954344	1	INSTRUCTIONSCROLL	680
1158595954360	1	INSTRUCTIONSCROLL	683
1158595954377	1	INSTRUCTIONSCROLL	687
1158595954394	1	INSTRUCTIONSCROLL	690
1158595954410	1	INSTRUCTIONSCROLL	694
1158595954427	1	INSTRUCTIONSCROLL	697
1158595959226	1	INSTRUCTIONSCROLL	698
1158595959243	1	INSTRUCTIONSCROLL	702
1158595959259	1	INSTRUCTIONSCROLL	705
1158595959275	1	INSTRUCTIONSCROLL	708
1158595959292	1	INSTRUCTIONSCROLL	712
1158595959309	1	INSTRUCTIONSCROLL	715
1158595959325	1	INSTRUCTIONSCROLL	718
1158595959342	1	INSTRUCTIONSCROLL	722
1158595959359	1	INSTRUCTIONSCROLL	725
1158595959375	1	INSTRUCTIONSCROLL	728
1158595959392	1	INSTRUCTIONSCROLL	732
1158595959409	1	INSTRUCTIONSCROLL	735
1158595959425	1	INSTRUCTIONSCROLL	738
1158595959442	1	INSTRUCTIONSCROLL	742
1158595959459	1	INSTRUCTIONSCROLL	745
1158595959475	1	INSTRUCTIONSCROLL	748
1158595959492	1	INSTRUCTIONSCROLL	752
1158595959509	1	INSTRUCTIONSCROLL	755
1158595959525	1	INSTRUCTIONSCROLL	758
1158595959542	1	INSTRUCTIONSCROLL	762
1158595959558	1	INSTRUCTIONSCROLL	765
1158595959575	1	INSTRUCTIONSCROLL	768
1158595959592	1	INSTRUCTIONSCROLL	772
1158595959608	1	INSTRUCTIONSCROLL	775
1158595959625	1	INSTRUCTIONSCROLL	778
1158595959642	1	INSTRUCTIONSCROLL	782
1158595959658	1	INSTRUCTIONSCROLL	785
1158595959675	1	INSTRUCTIONSCROLL	788
1158595959692	1	INSTRUCTIONSCROLL	791
1158595959708	1	INSTRUCTIONSCROLL	795
1158595959725	1	INSTRUCTIONSCROLL	798
1158595959742	1	INSTRUCTIONSCROLL	801
1158595959758	1	INSTRUCTIONSCROLL	805
1158595959775	1	INSTRUCTIONSCROLL	808
1158595959792	1	INSTRUCTIONSCROLL	812
1158595959808	1	INSTRUCTIONSCROLL	815
1158595959825	1	INSTRUCTIONSCROLL	818
1158595962824	1	INSTRUCTIONSCROLL	819
1158595962841	1	INSTRUCTIONSCROLL	820
1158595962857	1	INSTRUCTIONSCROLL	823
1158595962874	1	INSTRUCTIONSCROLL	826
1158595962891	1	INSTRUCTIONSCROLL	830
1158595962907	1	INSTRUCTIONSCROLL	833
1158595962924	1	INSTRUCTIONSCROLL	836
1158595962941	1	INSTRUCTIONSCROLL	840
1158595962957	1	INSTRUCTIONSCROLL	843
1158595962974	1	INSTRUCTIONSCROLL	846
1158595962991	1	INSTRUCTIONSCROLL	850
1158595963008	1	INSTRUCTIONSCROLL	853
1158595963025	1	INSTRUCTIONSCROLL	857
1158595963042	1	INSTRUCTIONSCROLL	860
1158595963058	1	INSTRUCTIONSCROLL	863
1158595963075	1	INSTRUCTIONSCROLL	867
1158595963092	1	INSTRUCTIONSCROLL	870
1158595963108	1	INSTRUCTIONSCROLL	873
1158595963125	1	INSTRUCTIONSCROLL	877
1158595963142	1	INSTRUCTIONSCROLL	880
1158595963158	1	INSTRUCTIONSCROLL	886
1158595963175	1	INSTRUCTIONSCROLL	887
1158595963192	1	INSTRUCTIONSCROLL	890
1158595963208	1	INSTRUCTIONSCROLL	893
1158595963225	1	INSTRUCTIONSCROLL	897
1158595963242	1	INSTRUCTIONSCROLL	900
1158595963257	1	INSTRUCTIONSCROLL	903
1158595963274	1	INSTRUCTIONSCROLL	906
1158595963291	1	INSTRUCTIONSCROLL	910
1158595963307	1	INSTRUCTIONSCROLL	913
1158595963324	1	INSTRUCTIONSCROLL	916
1158595963341	1	INSTRUCTIONSCROLL	920
1158595963357	1	INSTRUCTIONSCROLL	923
1158595963374	1	INSTRUCTIONSCROLL	926
1158595963391	1	INSTRUCTIONSCROLL	930
1158595963407	1	INSTRUCTIONSCROLL	933
1158595963424	1	INSTRUCTIONSCROLL	936
1158595963441	1	INSTRUCTIONSCROLL	940
1158595963457	1	INSTRUCTIONSCROLL	943
1158595963474	1	INSTRUCTIONSCROLL	946
1158595963491	1	INSTRUCTIONSCROLL	950
1158595963541	1	INSTRUCTIONSCROLL	951
1158595963557	1	INSTRUCTIONSCROLL	952
1158595963574	1	INSTRUCTIONSCROLL	956
1158595963591	1	INSTRUCTIONSCROLL	959
1158595963607	1	INSTRUCTIONSCROLL	962
1158595963624	1	INSTRUCTIONSCROLL	966
1158595963640	1	INSTRUCTIONSCROLL	969
1158595963657	1	INSTRUCTIONSCROLL	972
1158595963674	1	INSTRUCTIONSCROLL	976
1158595963690	1	INSTRUCTIONSCROLL	979
1158595963707	1	INSTRUCTIONSCROLL	982
1158595963724	1	INSTRUCTIONSCROLL	986
1158595963740	1	INSTRUCTIONSCROLL	989
1158595963757	1	INSTRUCTIONSCROLL	992
1158595963774	1	INSTRUCTIONSCROLL	996
1158595963790	1	INSTRUCTIONSCROLL	999
1158595963807	1	INSTRUCTIONSCROLL	1002
1158595963824	1	INSTRUCTIONSCROLL	1006
1158595963840	1	INSTRUCTIONSCROLL	1009
1158595963857	1	INSTRUCTIONSCROLL	1012
1158595963874	1	INSTRUCTIONSCROLL	1016
1158595963890	1	INSTRUCTIONSCROLL	1019
1158595963907	1	INSTRUCTIONSCROLL	1022
1158595963924	1	INSTRUCTIONSCROLL	1026
1158595963940	1	INSTRUCTIONSCROLL	1029
1158595963957	1	INSTRUCTIONSCROLL	1032
1158595963974	1	INSTRUCTIONSCROLL	1036
1158595963990	1	INSTRUCTIONSCROLL	1039
1158595964008	1	INSTRUCTIONSCROLL	1042
1158595964025	1	INSTRUCTIONSCROLL	1046
1158595964041	1	INSTRUCTIONSCROLL	1049
1158595964058	1	INSTRUCTIONSCROLL	1055
1158595964075	1	INSTRUCTIONSCROLL	1056
1158595964091	1	INSTRUCTIONSCROLL	1059
1158595964108	1	INSTRUCTIONSCROLL	1063
1158595964125	1	INSTRUCTIONSCROLL	1066
1158595964141	1	INSTRUCTIONSCROLL	1069
1158595964158	1	INSTRUCTIONSCROLL	1073
1158595964175	1	INSTRUCTIONSCROLL	1076
1158595964191	1	INSTRUCTIONSCROLL	1079
1158595964208	1	INSTRUCTIONSCROLL	1083
1158595964225	1	INSTRUCTIONSCROLL	1086
1158595964241	1	INSTRUCTIONSCROLL	1089
1158595964257	1	INSTRUCTIONSCROLL	1093
1158595964274	1	INSTRUCTIONSCROLL	1096
1158595964290	1	INSTRUCTIONSCROLL	1099
1158595964307	1	INSTRUCTIONSCROLL	1102
1158595964324	1	INSTRUCTIONSCROLL	1106
1158595964340	1	INSTRUCTIONSCROLL	1109
1158595964357	1	INSTRUCTIONSCROLL	1112
1158595964374	1	INSTRUCTIONSCROLL	1116
1158595964390	1	INSTRUCTIONSCROLL	1119
1158595964407	1	INSTRUCTIONSCROLL	1122
1158595964424	1	INSTRUCTIONSCROLL	1126
1158595964440	1	INSTRUCTIONSCROLL	1129
1158595964457	1	INSTRUCTIONSCROLL	1132
1158595964474	1	INSTRUCTIONSCROLL	1136
1158595964490	1	INSTRUCTIONSCROLL	1139
1158595964507	1	INSTRUCTIONSCROLL	1142
1158595964524	1	INSTRUCTIONSCROLL	1146
1158595964540	1	INSTRUCTIONSCROLL	1149
1158595964557	1	INSTRUCTIONSCROLL	1152
1158595964574	1	INSTRUCTIONSCROLL	1156
1158595964590	1	INSTRUCTIONSCROLL	1159
1158595964607	1	INSTRUCTIONSCROLL	1162
1158595964623	1	INSTRUCTIONSCROLL	1166
1158595964640	1	INSTRUCTIONSCROLL	1169
1158595964657	1	INSTRUCTIONSCROLL	1172
1158595964673	1	INSTRUCTIONSCROLL	1176
1158595964690	1	INSTRUCTIONSCROLL	1179
1158595964707	1	INSTRUCTIONSCROLL	1182
1158595964807	1	INSTRUCTIONSCROLL	1183
1158595964823	1	INSTRUCTIONSCROLL	1187
1158595964840	1	INSTRUCTIONSCROLL	1190
1158595964857	1	INSTRUCTIONSCROLL	1193
1158595964873	1	INSTRUCTIONSCROLL	1197
1158595964890	1	INSTRUCTIONSCROLL	1200
1158595964907	1	INSTRUCTIONSCROLL	1203
1158595964923	1	INSTRUCTIONSCROLL	1207
1158595964940	1	INSTRUCTIONSCROLL	1210
1158595964957	1	INSTRUCTIONSCROLL	1214
1158595964973	1	INSTRUCTIONSCROLL	1217
1158595964990	1	INSTRUCTIONSCROLL	1220
1158595965008	1	INSTRUCTIONSCROLL	1223
1158595965024	1	INSTRUCTIONSCROLL	1227
1158595965045	1	INSTRUCTIONSCROLL	1233
1158595965058	1	INSTRUCTIONSCROLL	1234
1158595965074	1	INSTRUCTIONSCROLL	1237
1158595965091	1	INSTRUCTIONSCROLL	1240
1158595965108	1	INSTRUCTIONSCROLL	1244
1158595965124	1	INSTRUCTIONSCROLL	1247
1158595965141	1	INSTRUCTIONSCROLL	1250
1158595965158	1	INSTRUCTIONSCROLL	1254
1158595965174	1	INSTRUCTIONSCROLL	1257
1158595965191	1	INSTRUCTIONSCROLL	1260
1158595965208	1	INSTRUCTIONSCROLL	1264
1158595965224	1	INSTRUCTIONSCROLL	1267
1158595965241	1	INSTRUCTIONSCROLL	1270
1158595965257	1	INSTRUCTIONSCROLL	1274
1158595965273	1	INSTRUCTIONSCROLL	1277
1158595965290	1	INSTRUCTIONSCROLL	1280
1158595965307	1	INSTRUCTIONSCROLL	1284
1158595965323	1	INSTRUCTIONSCROLL	1287
1158595965340	1	INSTRUCTIONSCROLL	1290
1158595965357	1	INSTRUCTIONSCROLL	1293
1158595965373	1	INSTRUCTIONSCROLL	1297
1158595965390	1	INSTRUCTIONSCROLL	1300
1158595965407	1	INSTRUCTIONSCROLL	1304
1158595965423	1	INSTRUCTIONSCROLL	1307
1158595965440	1	INSTRUCTIONSCROLL	1310
1158595965457	1	INSTRUCTIONSCROLL	1314
1158595965473	1	INSTRUCTIONSCROLL	1317
1158595965490	1	INSTRUCTIONSCROLL	1320
1158595965507	1	INSTRUCTIONSCROLL	1323
1158595965523	1	INSTRUCTIONSCROLL	1327
1158595965540	1	INSTRUCTIONSCROLL	1330
1158595965557	1	INSTRUCTIONSCROLL	1334
1158595965573	1	INSTRUCTIONSCROLL	1337
1158595965590	1	INSTRUCTIONSCROLL	1340
1158595965606	1	INSTRUCTIONSCROLL	1344
1158595965623	1	INSTRUCTIONSCROLL	1347
1158595965640	1	INSTRUCTIONSCROLL	1350
1158595965656	1	INSTRUCTIONSCROLL	1353
1158595965673	1	INSTRUCTIONSCROLL	1357
1158595965690	1	INSTRUCTIONSCROLL	1360
1158595965706	1	INSTRUCTIONSCROLL	1364
1158595965723	1	INSTRUCTIONSCROLL	1367
1158595965740	1	INSTRUCTIONSCROLL	1370
1158595965756	1	INSTRUCTIONSCROLL	1374
1158595965773	1	INSTRUCTIONSCROLL	1377
1158595965790	1	INSTRUCTIONSCROLL	1380
1158595965806	1	INSTRUCTIONSCROLL	1383
1158595965823	1	INSTRUCTIONSCROLL	1387
1158595965840	1	INSTRUCTIONSCROLL	1390
1158595965856	1	INSTRUCTIONSCROLL	1394
1158595965873	1	INSTRUCTIONSCROLL	1397
1158595965890	1	INSTRUCTIONSCROLL	1400
1158595965906	1	INSTRUCTIONSCROLL	1404
1158595965923	1	INSTRUCTIONSCROLL	1407
1158595965940	1	INSTRUCTIONSCROLL	1410
1158595965956	1	INSTRUCTIONSCROLL	1413
1158595965973	1	INSTRUCTIONSCROLL	1417
1158595965991	1	INSTRUCTIONSCROLL	1423
1158595966007	1	INSTRUCTIONSCROLL	1424
1158595966024	1	INSTRUCTIONSCROLL	1427
1158595966041	1	INSTRUCTIONSCROLL	1430
1158595966057	1	INSTRUCTIONSCROLL	1434
1158595966074	1	INSTRUCTIONSCROLL	1437
1158595966091	1	INSTRUCTIONSCROLL	1440
1158595966107	1	INSTRUCTIONSCROLL	1444
1158595966124	1	INSTRUCTIONSCROLL	1447
1158595966141	1	INSTRUCTIONSCROLL	1450
1158595966157	1	INSTRUCTIONSCROLL	1454
1158595966174	1	INSTRUCTIONSCROLL	1457
1158595966191	1	INSTRUCTIONSCROLL	1460
1158595966207	1	INSTRUCTIONSCROLL	1464
1158595966224	1	INSTRUCTIONSCROLL	1467
1158595966241	1	INSTRUCTIONSCROLL	1470
1158595966256	1	INSTRUCTIONSCROLL	1474
1158595966273	1	INSTRUCTIONSCROLL	1477
1158595966290	1	INSTRUCTIONSCROLL	1480
1158595966306	1	INSTRUCTIONSCROLL	1484
1158595966323	1	INSTRUCTIONSCROLL	1487
1158595966340	1	INSTRUCTIONSCROLL	1490
1158595966356	1	INSTRUCTIONSCROLL	1494
1158595966373	1	INSTRUCTIONSCROLL	1497
1158595966390	1	INSTRUCTIONSCROLL	1500
1158595966406	1	INSTRUCTIONSCROLL	1503
1158595966423	1	INSTRUCTIONSCROLL	1507
1158595966440	1	INSTRUCTIONSCROLL	1510
1158595966456	1	INSTRUCTIONSCROLL	1514
1158595973817	1	INSTRUCTIONSCROLL	1515
1158595973822	1	INSTRUCTIONSCROLL	1516
1158595973837	1	INSTRUCTIONSCROLL	1517
1158595973854	1	INSTRUCTIONSCROLL	1519
1158595973870	1	INSTRUCTIONSCROLL	1523
1158595973887	1	INSTRUCTIONSCROLL	1526
1158595973904	1	INSTRUCTIONSCROLL	1529
1158595973920	1	INSTRUCTIONSCROLL	1533
1158595973937	1	INSTRUCTIONSCROLL	1536
1158595973954	1	INSTRUCTIONSCROLL	1539
1158595973970	1	INSTRUCTIONSCROLL	1543
1158595973987	1	INSTRUCTIONSCROLL	1546
1158595974005	1	INSTRUCTIONSCROLL	1549
1158595974021	1	INSTRUCTIONSCROLL	1553
1158595974038	1	INSTRUCTIONSCROLL	1556
1158595974055	1	INSTRUCTIONSCROLL	1559
1158595974071	1	INSTRUCTIONSCROLL	1563
1158595974088	1	INSTRUCTIONSCROLL	1566
1158595974105	1	INSTRUCTIONSCROLL	1569
1158595974121	1	INSTRUCTIONSCROLL	1573
1158595974138	1	INSTRUCTIONSCROLL	1576
1158595974155	1	INSTRUCTIONSCROLL	1579
1158595974171	1	INSTRUCTIONSCROLL	1585
1158595974188	1	INSTRUCTIONSCROLL	1586
1158595974205	1	INSTRUCTIONSCROLL	1589
1158595974221	1	INSTRUCTIONSCROLL	1593
1158595974238	1	INSTRUCTIONSCROLL	1596
1158595974254	1	INSTRUCTIONSCROLL	1599
1158595974270	1	INSTRUCTIONSCROLL	1603
1158595974287	1	INSTRUCTIONSCROLL	1606
1158595974304	1	INSTRUCTIONSCROLL	1609
1158595974320	1	INSTRUCTIONSCROLL	1613
1158595974337	1	INSTRUCTIONSCROLL	1616
1158595974354	1	INSTRUCTIONSCROLL	1619
1158595974370	1	INSTRUCTIONSCROLL	1623
1158595974387	1	INSTRUCTIONSCROLL	1626
1158595974404	1	INSTRUCTIONSCROLL	1629
1158595974420	1	INSTRUCTIONSCROLL	1633
1158595974437	1	INSTRUCTIONSCROLL	1636
1158595974454	1	INSTRUCTIONSCROLL	1639
1158595974470	1	INSTRUCTIONSCROLL	1643
1158595974487	1	INSTRUCTIONSCROLL	1646
1158595974504	1	INSTRUCTIONSCROLL	1649
1158595974520	1	INSTRUCTIONSCROLL	1653
1158595974537	1	INSTRUCTIONSCROLL	1656
1158595974554	1	INSTRUCTIONSCROLL	1659
1158595974570	1	INSTRUCTIONSCROLL	1663
1158595974587	1	INSTRUCTIONSCROLL	1666
1158595974603	1	INSTRUCTIONSCROLL	1669
1158595974620	1	INSTRUCTIONSCROLL	1673
1158595974637	1	INSTRUCTIONSCROLL	1676
1158595974653	1	INSTRUCTIONSCROLL	1679
1158595974670	1	INSTRUCTIONSCROLL	1683
1158595974687	1	INSTRUCTIONSCROLL	1686
1158595974704	1	INSTRUCTIONSCROLL	1689
1158595974720	1	INSTRUCTIONSCROLL	1693
1158595974737	1	INSTRUCTIONSCROLL	1696
1158595974753	1	INSTRUCTIONSCROLL	1699
1158595974770	1	INSTRUCTIONSCROLL	1703
1158595974787	1	INSTRUCTIONSCROLL	1706
1158595974804	1	INSTRUCTIONSCROLL	1709
1158595974820	1	INSTRUCTIONSCROLL	1713
1158595974837	1	INSTRUCTIONSCROLL	1716
1158595975583	1	INSTRUCTIONSCROLL	1717
1158595975603	1	INSTRUCTIONSCROLL	1718
1158595975620	1	INSTRUCTIONSCROLL	1721
1158595975636	1	INSTRUCTIONSCROLL	1725
1158595975653	1	INSTRUCTIONSCROLL	1728
1158595975670	1	INSTRUCTIONSCROLL	1731
1158595975686	1	INSTRUCTIONSCROLL	1735
1158595975703	1	INSTRUCTIONSCROLL	1738
1158595975720	1	INSTRUCTIONSCROLL	1741
1158595975736	1	INSTRUCTIONSCROLL	1745
1158595975753	1	INSTRUCTIONSCROLL	1748
1158595975770	1	INSTRUCTIONSCROLL	1751
1158595975786	1	INSTRUCTIONSCROLL	1755
1158595975803	1	INSTRUCTIONSCROLL	1758
1158595975820	1	INSTRUCTIONSCROLL	1761
1158595975836	1	INSTRUCTIONSCROLL	1765
1158595975853	1	INSTRUCTIONSCROLL	1768
1158595975870	1	INSTRUCTIONSCROLL	1771
1158595975886	1	INSTRUCTIONSCROLL	1775
1158595975903	1	INSTRUCTIONSCROLL	1778
1158595975920	1	INSTRUCTIONSCROLL	1781
1158595975936	1	INSTRUCTIONSCROLL	1785
1158595975953	1	INSTRUCTIONSCROLL	1788
1158595975970	1	INSTRUCTIONSCROLL	1791
1158595975986	1	INSTRUCTIONSCROLL	1795
1158595976004	1	INSTRUCTIONSCROLL	1798
1158595976021	1	INSTRUCTIONSCROLL	1801
1158595976037	1	INSTRUCTIONSCROLL	1805
1158595976054	1	INSTRUCTIONSCROLL	1808
1158595976071	1	INSTRUCTIONSCROLL	1811
1158595976986	1	INSTRUCTIONSCROLL	1812
1158595977004	1	INSTRUCTIONSCROLL	1815
1158595977020	1	INSTRUCTIONSCROLL	1818
1158595977037	1	INSTRUCTIONSCROLL	1822
1158595977054	1	INSTRUCTIONSCROLL	1825
1158595977070	1	INSTRUCTIONSCROLL	1828
1158595977087	1	INSTRUCTIONSCROLL	1832
1158595977104	1	INSTRUCTIONSCROLL	1835
1158595977120	1	INSTRUCTIONSCROLL	1838
1158595977137	1	INSTRUCTIONSCROLL	1842
1158595977154	1	INSTRUCTIONSCROLL	1845
1158595977170	1	INSTRUCTIONSCROLL	1848
1158595977187	1	INSTRUCTIONSCROLL	1852
1158595977204	1	INSTRUCTIONSCROLL	1855
1158595977220	1	INSTRUCTIONSCROLL	1858
1158595977237	1	INSTRUCTIONSCROLL	1862
1158595977253	1	INSTRUCTIONSCROLL	1865
1158595977269	1	INSTRUCTIONSCROLL	1871
1158595977286	1	INSTRUCTIONSCROLL	1872
1158595977303	1	INSTRUCTIONSCROLL	1875
1158595977319	1	INSTRUCTIONSCROLL	1878
1158595977336	1	INSTRUCTIONSCROLL	1882
1158595977353	1	INSTRUCTIONSCROLL	1885
1158595977369	1	INSTRUCTIONSCROLL	1888
1158595977386	1	INSTRUCTIONSCROLL	1892
1158595977403	1	INSTRUCTIONSCROLL	1895
1158595977419	1	INSTRUCTIONSCROLL	1898
1158595977436	1	INSTRUCTIONSCROLL	1902
1158595977453	1	INSTRUCTIONSCROLL	1905
1158595977469	1	INSTRUCTIONSCROLL	1908
1158595977486	1	INSTRUCTIONSCROLL	1912
1158595977503	1	INSTRUCTIONSCROLL	1915
1158595977519	1	INSTRUCTIONSCROLL	1918
1158595977536	1	INSTRUCTIONSCROLL	1922
1158595977553	1	INSTRUCTIONSCROLL	1925
1158595984087	1	INSTRUCTIONSCROLL	1926
1158595984101	1	INSTRUCTIONSCROLL	1927
1158595984118	1	INSTRUCTIONSCROLL	1932
1158595984135	1	INSTRUCTIONSCROLL	1933
1158595984151	1	INSTRUCTIONSCROLL	1936
1158595984168	1	INSTRUCTIONSCROLL	1939
1158595984185	1	INSTRUCTIONSCROLL	1942
1158595984201	1	INSTRUCTIONSCROLL	1946
1158595984218	1	INSTRUCTIONSCROLL	1949
1158595984235	1	INSTRUCTIONSCROLL	1952
1158595984251	1	INSTRUCTIONSCROLL	1956
1158595984267	1	INSTRUCTIONSCROLL	1959
1158595984284	1	INSTRUCTIONSCROLL	1962
1158595984300	1	INSTRUCTIONSCROLL	1966
1158595984317	1	INSTRUCTIONSCROLL	1969
1158595984334	1	INSTRUCTIONSCROLL	1972
1158595984350	1	INSTRUCTIONSCROLL	1976
1158595984367	1	INSTRUCTIONSCROLL	1979
1158595984384	1	INSTRUCTIONSCROLL	1982
1158595984400	1	INSTRUCTIONSCROLL	1986
1158595984417	1	INSTRUCTIONSCROLL	1989
1158595984434	1	INSTRUCTIONSCROLL	1992
1158595984450	1	INSTRUCTIONSCROLL	1996
1158595984467	1	INSTRUCTIONSCROLL	1999
1158595984484	1	INSTRUCTIONSCROLL	2002
1158595984500	1	INSTRUCTIONSCROLL	2006
1158595984517	1	INSTRUCTIONSCROLL	2009
1158595984534	1	INSTRUCTIONSCROLL	2012
1158595984550	1	INSTRUCTIONSCROLL	2016
1158595984567	1	INSTRUCTIONSCROLL	2019
1158595984584	1	INSTRUCTIONSCROLL	2022
1158595984600	1	INSTRUCTIONSCROLL	2026
1158595984617	1	INSTRUCTIONSCROLL	2029
1158595984634	1	INSTRUCTIONSCROLL	2032
1158595984650	1	INSTRUCTIONSCROLL	2036
1158595984667	1	INSTRUCTIONSCROLL	2039
1158595984683	1	INSTRUCTIONSCROLL	2042
1158595984700	1	INSTRUCTIONSCROLL	2046
1158595984717	1	INSTRUCTIONSCROLL	2049
1158595984733	1	INSTRUCTIONSCROLL	2052
1158595984750	1	INSTRUCTIONSCROLL	2056
1158595984767	1	INSTRUCTIONSCROLL	2059
1158595984783	1	INSTRUCTIONSCROLL	2062
1158595984800	1	INSTRUCTIONSCROLL	2066
1158595984817	1	INSTRUCTIONSCROLL	2069
1158595984833	1	INSTRUCTIONSCROLL	2072
1158595984850	1	INSTRUCTIONSCROLL	2076
1158595984867	1	INSTRUCTIONSCROLL	2079
1158595984884	1	INSTRUCTIONSCROLL	2082
1158595984900	1	INSTRUCTIONSCROLL	2086
1158595984917	1	INSTRUCTIONSCROLL	2089
1158595984933	1	INSTRUCTIONSCROLL	2092
1158595984950	1	INSTRUCTIONSCROLL	2096
1158595984967	1	INSTRUCTIONSCROLL	2099
1158595984983	1	INSTRUCTIONSCROLL	2102
1158595985000	1	INSTRUCTIONSCROLL	2106
1158595985018	1	INSTRUCTIONSCROLL	2109
1158595985034	1	INSTRUCTIONSCROLL	2113
1158595985051	1	INSTRUCTIONSCROLL	2116
1158595985068	1	INSTRUCTIONSCROLL	2119
1158595985084	1	INSTRUCTIONSCROLL	2123
1158595985101	1	INSTRUCTIONSCROLL	2126
1158595985118	1	INSTRUCTIONSCROLL	2129
1158595985134	1	INSTRUCTIONSCROLL	2132
1158595985151	1	INSTRUCTIONSCROLL	2136
1158595985168	1	INSTRUCTIONSCROLL	2139
1158595985184	1	INSTRUCTIONSCROLL	2143
1158595985201	1	INSTRUCTIONSCROLL	2146
1158595985234	1	INSTRUCTIONSCROLL	2151
1158595985251	1	INSTRUCTIONSCROLL	2156
1158595985267	1	INSTRUCTIONSCROLL	2159
1158595985283	1	INSTRUCTIONSCROLL	2162
1158595985300	1	INSTRUCTIONSCROLL	2166
1158595985317	1	INSTRUCTIONSCROLL	2169
1158595985333	1	INSTRUCTIONSCROLL	2172
1158595985350	1	INSTRUCTIONSCROLL	2176
1158595985367	1	INSTRUCTIONSCROLL	2179
1158595985383	1	INSTRUCTIONSCROLL	2182
1158595985400	1	INSTRUCTIONSCROLL	2186
1158595985417	1	INSTRUCTIONSCROLL	2189
1158595985433	1	INSTRUCTIONSCROLL	2192
1158595985450	1	INSTRUCTIONSCROLL	2196
1158595985467	1	INSTRUCTIONSCROLL	2199
1158595985483	1	INSTRUCTIONSCROLL	2202
1158595985500	1	INSTRUCTIONSCROLL	2206
1158595985517	1	INSTRUCTIONSCROLL	2209
1158595985533	1	INSTRUCTIONSCROLL	2212
1158595985550	1	INSTRUCTIONSCROLL	2216
1158595985567	1	INSTRUCTIONSCROLL	2219
1158595985583	1	INSTRUCTIONSCROLL	2222
1158595985600	1	INSTRUCTIONSCROLL	2226
1158595985616	1	INSTRUCTIONSCROLL	2229
1158595985633	1	INSTRUCTIONSCROLL	2232
1158595985650	1	INSTRUCTIONSCROLL	2236
1158595985667	1	INSTRUCTIONSCROLL	2239
1158595985683	1	INSTRUCTIONSCROLL	2242
1158595985700	1	INSTRUCTIONSCROLL	2246
1158595985717	1	INSTRUCTIONSCROLL	2249
1158595985733	1	INSTRUCTIONSCROLL	2252
1158595985750	1	INSTRUCTIONSCROLL	2256
1158595985766	1	INSTRUCTIONSCROLL	2259
1158595985783	1	INSTRUCTIONSCROLL	2262
1158595985800	1	INSTRUCTIONSCROLL	2266
1158595985817	1	INSTRUCTIONSCROLL	2269
1158595985833	1	INSTRUCTIONSCROLL	2272
1158595985850	1	INSTRUCTIONSCROLL	2276
1158595985866	1	INSTRUCTIONSCROLL	2279
1158595985883	1	INSTRUCTIONSCROLL	2282
1158595985900	1	INSTRUCTIONSCROLL	2286
1158595985916	1	INSTRUCTIONSCROLL	2289
1158595985933	1	INSTRUCTIONSCROLL	2292
1158595985950	1	INSTRUCTIONSCROLL	2296
1158595985966	1	INSTRUCTIONSCROLL	2299
1158595985983	1	INSTRUCTIONSCROLL	2302
1158595986000	1	INSTRUCTIONSCROLL	2306
1158595986017	1	INSTRUCTIONSCROLL	2309
1158595986034	1	INSTRUCTIONSCROLL	2312
1158595986051	1	INSTRUCTIONSCROLL	2316
1158595986067	1	INSTRUCTIONSCROLL	2319
1158595986084	1	INSTRUCTIONSCROLL	2323
1158595986101	1	INSTRUCTIONSCROLL	2326
1158595986117	1	INSTRUCTIONSCROLL	2329
1158595986134	1	INSTRUCTIONSCROLL	2333
1158595986151	1	INSTRUCTIONSCROLL	2336
1158595986167	1	INSTRUCTIONSCROLL	2339
1158595986184	1	INSTRUCTIONSCROLL	2342
1158595986201	1	INSTRUCTIONSCROLL	2346
1158595986218	1	INSTRUCTIONSCROLL	2351
1158595986234	1	INSTRUCTIONSCROLL	2353
1158595986251	1	INSTRUCTIONSCROLL	2356
1158595986266	1	INSTRUCTIONSCROLL	2359
1158595986283	1	INSTRUCTIONSCROLL	2362
1158595986300	1	INSTRUCTIONSCROLL	2366
1158595986316	1	INSTRUCTIONSCROLL	2369
1158595986333	1	INSTRUCTIONSCROLL	2372
1158595986350	1	INSTRUCTIONSCROLL	2376
1158595986366	1	INSTRUCTIONSCROLL	2379
1158595986383	1	INSTRUCTIONSCROLL	2382
1158595986400	1	INSTRUCTIONSCROLL	2386
1158595986416	1	INSTRUCTIONSCROLL	2389
1158595986433	1	INSTRUCTIONSCROLL	2392
1158595986450	1	INSTRUCTIONSCROLL	2395
1158595986466	1	INSTRUCTIONSCROLL	2399
1158595986483	1	INSTRUCTIONSCROLL	2402
1158595986500	1	INSTRUCTIONSCROLL	2406
1158595986516	1	INSTRUCTIONSCROLL	2409
1158595986533	1	INSTRUCTIONSCROLL	2412
1158595986550	1	INSTRUCTIONSCROLL	2416
1158595986566	1	INSTRUCTIONSCROLL	2419
1158595986583	1	INSTRUCTIONSCROLL	2422
1158595986600	1	INSTRUCTIONSCROLL	2425
1158595986616	1	INSTRUCTIONSCROLL	2429
1158595986633	1	INSTRUCTIONSCROLL	2432
1158595986650	1	INSTRUCTIONSCROLL	2436
1158595986666	1	INSTRUCTIONSCROLL	2439
1158595986683	1	INSTRUCTIONSCROLL	2442
1158595986700	1	INSTRUCTIONSCROLL	2446
1158595986716	1	INSTRUCTIONSCROLL	2449
1158595986733	1	INSTRUCTIONSCROLL	2452
1158595986749	1	INSTRUCTIONSCROLL	2455
1158595986766	1	INSTRUCTIONSCROLL	2459
1158595986783	1	INSTRUCTIONSCROLL	2462
1158595986799	1	INSTRUCTIONSCROLL	2466
1158595986816	1	INSTRUCTIONSCROLL	2469
1158595986833	1	INSTRUCTIONSCROLL	2472
1158595986850	1	INSTRUCTIONSCROLL	2476
1158595986866	1	INSTRUCTIONSCROLL	2479
1158595986883	1	INSTRUCTIONSCROLL	2482
1158595986899	1	INSTRUCTIONSCROLL	2485
1158595986916	1	INSTRUCTIONSCROLL	2489
1158595986933	1	INSTRUCTIONSCROLL	2492
1158595986949	1	INSTRUCTIONSCROLL	2496
1158595986966	1	INSTRUCTIONSCROLL	2499
1158595986983	1	INSTRUCTIONSCROLL	2502
1158595986999	1	INSTRUCTIONSCROLL	2505
1158595987034	1	INSTRUCTIONSCROLL	2512
1158595987050	1	INSTRUCTIONSCROLL	2516
1158595987067	1	INSTRUCTIONSCROLL	2519
1158595987084	1	INSTRUCTIONSCROLL	2522
1158595987100	1	INSTRUCTIONSCROLL	2526
1158595987117	1	INSTRUCTIONSCROLL	2529
1158595987134	1	INSTRUCTIONSCROLL	2532
1158595987150	1	INSTRUCTIONSCROLL	2536
1158595987167	1	INSTRUCTIONSCROLL	2539
1158595987184	1	INSTRUCTIONSCROLL	2542
1158595987200	1	INSTRUCTIONSCROLL	2546
1158595987217	1	INSTRUCTIONSCROLL	2549
1158595987234	1	INSTRUCTIONSCROLL	2552
1158595987250	1	INSTRUCTIONSCROLL	2556
1158595987266	1	INSTRUCTIONSCROLL	2559
1158595987283	1	INSTRUCTIONSCROLL	2562
1158595987299	1	INSTRUCTIONSCROLL	2565
1158595987316	1	INSTRUCTIONSCROLL	2569
1158595987333	1	INSTRUCTIONSCROLL	2572
1158595987349	1	INSTRUCTIONSCROLL	2575
1158595987366	1	INSTRUCTIONSCROLL	2579
1158595987383	1	INSTRUCTIONSCROLL	2582
1158595987399	1	INSTRUCTIONSCROLL	2586
1158595987416	1	INSTRUCTIONSCROLL	2589
1158595987433	1	INSTRUCTIONSCROLL	2592
1158595987449	1	INSTRUCTIONSCROLL	2595
1158595987466	1	INSTRUCTIONSCROLL	2599
1158595987483	1	INSTRUCTIONSCROLL	2602
1158595987499	1	INSTRUCTIONSCROLL	2605
1158595987516	1	INSTRUCTIONSCROLL	2609
1158595987533	1	INSTRUCTIONSCROLL	2612
1158595987549	1	INSTRUCTIONSCROLL	2616
1158595987566	1	INSTRUCTIONSCROLL	2619
1158595987583	1	INSTRUCTIONSCROLL	2622
1158595987599	1	INSTRUCTIONSCROLL	2625
1158595987616	1	INSTRUCTIONSCROLL	2629
1158595987632	1	INSTRUCTIONSCROLL	2632
1158595987649	1	INSTRUCTIONSCROLL	2635
1158595987666	1	INSTRUCTIONSCROLL	2639
1158595987683	1	INSTRUCTIONSCROLL	2642
1158595987699	1	INSTRUCTIONSCROLL	2646
1158595987716	1	INSTRUCTIONSCROLL	2649
1158595987732	1	INSTRUCTIONSCROLL	2652
1158595987749	1	INSTRUCTIONSCROLL	2655
1158595987766	1	INSTRUCTIONSCROLL	2659
1158595987782	1	INSTRUCTIONSCROLL	2662
1158595987799	1	INSTRUCTIONSCROLL	2665
1158595987816	1	INSTRUCTIONSCROLL	2669
1158595987832	1	INSTRUCTIONSCROLL	2672
1158595995462	1	INSTRUCTIONSCROLL	2673
1158595995467	1	INSTRUCTIONSCROLL	2674
1158595995480	1	INSTRUCTIONSCROLL	2675
1158595995497	1	INSTRUCTIONSCROLL	2677
1158595995513	1	INSTRUCTIONSCROLL	2680
1158595995530	1	INSTRUCTIONSCROLL	2684
1158595995547	1	INSTRUCTIONSCROLL	2687
1158595995563	1	INSTRUCTIONSCROLL	2690
1158595995580	1	INSTRUCTIONSCROLL	2694
1158595995597	1	INSTRUCTIONSCROLL	2697
1158595995613	1	INSTRUCTIONSCROLL	2700
1158595995630	1	INSTRUCTIONSCROLL	2704
1158595995646	1	INSTRUCTIONSCROLL	2707
1158595996164	1	INSTRUCTIONSCROLL	2708
1158595996181	1	INSTRUCTIONSCROLL	2711
1158595996197	1	INSTRUCTIONSCROLL	2714
1158595996214	1	INSTRUCTIONSCROLL	2717
1158595996231	1	INSTRUCTIONSCROLL	2721
1158595996247	1	INSTRUCTIONSCROLL	2724
1158595996263	1	INSTRUCTIONSCROLL	2727
1158595996280	1	INSTRUCTIONSCROLL	2730
1158595996763	1	INSTRUCTIONSCROLL	2731
1158595996779	1	INSTRUCTIONSCROLL	2734
1158595996796	1	INSTRUCTIONSCROLL	2738
1158595996813	1	INSTRUCTIONSCROLL	2741
1158595996829	1	INSTRUCTIONSCROLL	2747
1158595996846	1	INSTRUCTIONSCROLL	2748
1158595996863	1	INSTRUCTIONSCROLL	2751
1158595996879	1	INSTRUCTIONSCROLL	2754
1158595996896	1	INSTRUCTIONSCROLL	2758
1158595996913	1	INSTRUCTIONSCROLL	2761
1158595996929	1	INSTRUCTIONSCROLL	2764
1158595996946	1	INSTRUCTIONSCROLL	2768
1158595996963	1	INSTRUCTIONSCROLL	2771
1158595996979	1	INSTRUCTIONSCROLL	2774
1158595996996	1	INSTRUCTIONSCROLL	2778
1158595997014	1	INSTRUCTIONSCROLL	2781
1158595997030	1	INSTRUCTIONSCROLL	2784
1158595997047	1	INSTRUCTIONSCROLL	2788
1158595997064	1	INSTRUCTIONSCROLL	2791
1158595997080	1	INSTRUCTIONSCROLL	2794
1158595997097	1	INSTRUCTIONSCROLL	2798
1158595997114	1	INSTRUCTIONSCROLL	2801
1158595997130	1	INSTRUCTIONSCROLL	2804
1158595997147	1	INSTRUCTIONSCROLL	2808
1158595997164	1	INSTRUCTIONSCROLL	2811
1158595997180	1	INSTRUCTIONSCROLL	2814
1158595997197	1	INSTRUCTIONSCROLL	2818
1158595997214	1	INSTRUCTIONSCROLL	2821
1158595997230	1	INSTRUCTIONSCROLL	2824
1158595997247	1	INSTRUCTIONSCROLL	2828
1158595997263	1	INSTRUCTIONSCROLL	2831
1158595997279	1	INSTRUCTIONSCROLL	2834
1158595997296	1	INSTRUCTIONSCROLL	2838
1158595997313	1	INSTRUCTIONSCROLL	2841
1158595997329	1	INSTRUCTIONSCROLL	2844
1158595997346	1	INSTRUCTIONSCROLL	2848
1158595997363	1	INSTRUCTIONSCROLL	2851
1158595997379	1	INSTRUCTIONSCROLL	2854
1158595997396	1	INSTRUCTIONSCROLL	2858
1158595997413	1	INSTRUCTIONSCROLL	2861
1158595997429	1	INSTRUCTIONSCROLL	2864
1158595997446	1	INSTRUCTIONSCROLL	2868
1158595997996	1	INSTRUCTIONSCROLL	2869
1158595998013	1	INSTRUCTIONSCROLL	2870
1158595998030	1	INSTRUCTIONSCROLL	2874
1158595998047	1	INSTRUCTIONSCROLL	2877
1158595998063	1	INSTRUCTIONSCROLL	2880
1158595998080	1	INSTRUCTIONSCROLL	2884
1158595998097	1	INSTRUCTIONSCROLL	2887
1158595998113	1	INSTRUCTIONSCROLL	2890
1158595998130	1	INSTRUCTIONSCROLL	2894
1158595998147	1	INSTRUCTIONSCROLL	2897
1158595998163	1	INSTRUCTIONSCROLL	2900
1158595998180	1	INSTRUCTIONSCROLL	2904
1158595998197	1	INSTRUCTIONSCROLL	2907
1158595998213	1	INSTRUCTIONSCROLL	2910
1158595998230	1	INSTRUCTIONSCROLL	2914
1158595998247	1	INSTRUCTIONSCROLL	2917
1158595998262	1	INSTRUCTIONSCROLL	2920
1158595998279	1	INSTRUCTIONSCROLL	2923
1158595998296	1	INSTRUCTIONSCROLL	2927
1158595998312	1	INSTRUCTIONSCROLL	2930
1158595998329	1	INSTRUCTIONSCROLL	2933
1158595998346	1	INSTRUCTIONSCROLL	2937
1158595998362	1	INSTRUCTIONSCROLL	2940
1158595998379	1	INSTRUCTIONSCROLL	2943
1158595998396	1	INSTRUCTIONSCROLL	2947
1158595998412	1	INSTRUCTIONSCROLL	2950
1158595998429	1	INSTRUCTIONSCROLL	2953
1158595998446	1	INSTRUCTIONSCROLL	2957
1158595998462	1	INSTRUCTIONSCROLL	2960
1158595998479	1	INSTRUCTIONSCROLL	2963
1158595998496	1	INSTRUCTIONSCROLL	2967
1158595998512	1	INSTRUCTIONSCROLL	2970
1158595998529	1	INSTRUCTIONSCROLL	2973
1158595998868	1	INSTRUCTIONSCROLL	2974
1158595998879	1	INSTRUCTIONSCROLL	2975
1158595998896	1	INSTRUCTIONSCROLL	2976
1158595998912	1	INSTRUCTIONSCROLL	2980
1158595998929	1	INSTRUCTIONSCROLL	2983
1158595998945	1	INSTRUCTIONSCROLL	2986
1158595998962	1	INSTRUCTIONSCROLL	2990
1158595998979	1	INSTRUCTIONSCROLL	2993
1158595998995	1	INSTRUCTIONSCROLL	2996
1158595999013	1	INSTRUCTIONSCROLL	3000
1158595999030	1	INSTRUCTIONSCROLL	3003
1158595999046	1	INSTRUCTIONSCROLL	3007
1158595999063	1	INSTRUCTIONSCROLL	3010
1158595999080	1	INSTRUCTIONSCROLL	3013
1158595999096	1	INSTRUCTIONSCROLL	3017
1158595999113	1	INSTRUCTIONSCROLL	3020
1158595999130	1	INSTRUCTIONSCROLL	3023
1158595999146	1	INSTRUCTIONSCROLL	3027
1158595999163	1	INSTRUCTIONSCROLL	3030
1158595999180	1	INSTRUCTIONSCROLL	3033
1158595999196	1	INSTRUCTIONSCROLL	3037
1158595999213	1	INSTRUCTIONSCROLL	3040
1158595999230	1	INSTRUCTIONSCROLL	3043
1158595999246	1	INSTRUCTIONSCROLL	3047
1158595999262	1	INSTRUCTIONSCROLL	3050
1158595999279	1	INSTRUCTIONSCROLL	3053
1158595999295	1	INSTRUCTIONSCROLL	3056
1158595999312	1	INSTRUCTIONSCROLL	3060
1158595999329	1	INSTRUCTIONSCROLL	3063
1158595999345	1	INSTRUCTIONSCROLL	3066
1158595999362	1	INSTRUCTIONSCROLL	3070
1158595999379	1	INSTRUCTIONSCROLL	3073
1158595999395	1	INSTRUCTIONSCROLL	3077
1158595999412	1	INSTRUCTIONSCROLL	3080
1158595999429	1	INSTRUCTIONSCROLL	3083
1158595999445	1	INSTRUCTIONSCROLL	3086
1158595999462	1	INSTRUCTIONSCROLL	3090
1158595999479	1	INSTRUCTIONSCROLL	3093
1158595999495	1	INSTRUCTIONSCROLL	3096
1158595999512	1	INSTRUCTIONSCROLL	3100
1158595999529	1	INSTRUCTIONSCROLL	3103
1158595999545	1	INSTRUCTIONSCROLL	3106
1158595999562	1	INSTRUCTIONSCROLL	3110
1158595999579	1	INSTRUCTIONSCROLL	3113
1158595999595	1	INSTRUCTIONSCROLL	3116
1158595999612	1	INSTRUCTIONSCROLL	3120
1158595999629	1	INSTRUCTIONSCROLL	3123
1158595999645	1	INSTRUCTIONSCROLL	3126
1158595999662	1	INSTRUCTIONSCROLL	3130
1158595999678	1	INSTRUCTIONSCROLL	3133
1158595999695	1	INSTRUCTIONSCROLL	3136
1158595999712	1	INSTRUCTIONSCROLL	3142
1158595999728	1	INSTRUCTIONSCROLL	3143
1158595999745	1	INSTRUCTIONSCROLL	3147
1158595999762	1	INSTRUCTIONSCROLL	3150
1158595999779	1	INSTRUCTIONSCROLL	3153
1158595999795	1	INSTRUCTIONSCROLL	3156
1158595999812	1	INSTRUCTIONSCROLL	3160
1158595999828	1	INSTRUCTIONSCROLL	3163
1158595999845	1	INSTRUCTIONSCROLL	3167
1158595999862	1	INSTRUCTIONSCROLL	3170
1158595999879	1	INSTRUCTIONSCROLL	3173
1158595999895	1	INSTRUCTIONSCROLL	3177
1158595999912	1	INSTRUCTIONSCROLL	3180
1158595999929	1	INSTRUCTIONSCROLL	3183
1158595999945	1	INSTRUCTIONSCROLL	3186
1158595999962	1	INSTRUCTIONSCROLL	3190
1158595999978	1	INSTRUCTIONSCROLL	3193
1158595999995	1	INSTRUCTIONSCROLL	3197
1158596000013	1	INSTRUCTIONSCROLL	3200
1158596000030	1	INSTRUCTIONSCROLL	3203
1158596000046	1	INSTRUCTIONSCROLL	3207
1158596000063	1	INSTRUCTIONSCROLL	3210
1158596000079	1	INSTRUCTIONSCROLL	3213
1158596000096	1	INSTRUCTIONSCROLL	3217
1158596000113	1	INSTRUCTIONSCROLL	3220
1158596000129	1	INSTRUCTIONSCROLL	3223
1158596000146	1	INSTRUCTIONSCROLL	3227
1158596000163	1	INSTRUCTIONSCROLL	3230
1158596000179	1	INSTRUCTIONSCROLL	3233
1158596000196	1	INSTRUCTIONSCROLL	3237
1158596000213	1	INSTRUCTIONSCROLL	3240
1158596000229	1	INSTRUCTIONSCROLL	3243
1158596000246	1	INSTRUCTIONSCROLL	3247
1158596000262	1	INSTRUCTIONSCROLL	3250
1158596000278	1	INSTRUCTIONSCROLL	3253
1158596000295	1	INSTRUCTIONSCROLL	3256
1158596000312	1	INSTRUCTIONSCROLL	3260
1158596000328	1	INSTRUCTIONSCROLL	3263
1158596000345	1	INSTRUCTIONSCROLL	3266
1158596000362	1	INSTRUCTIONSCROLL	3270
1158596000378	1	INSTRUCTIONSCROLL	3273
1158596000395	1	INSTRUCTIONSCROLL	3276
1158596000412	1	INSTRUCTIONSCROLL	3280
1158596000428	1	INSTRUCTIONSCROLL	3283
1158596000445	1	INSTRUCTIONSCROLL	3287
1158596000462	1	INSTRUCTIONSCROLL	3290
1158596000478	1	INSTRUCTIONSCROLL	3293
1158596000495	1	INSTRUCTIONSCROLL	3297
1158596000512	1	INSTRUCTIONSCROLL	3300
1158596000528	1	INSTRUCTIONSCROLL	3303
1158596000545	1	INSTRUCTIONSCROLL	3306
1158596000562	1	INSTRUCTIONSCROLL	3310
1158596000578	1	INSTRUCTIONSCROLL	3313
1158596000595	1	INSTRUCTIONSCROLL	3316
1158596000612	1	INSTRUCTIONSCROLL	3320
1158596000628	1	INSTRUCTIONSCROLL	3323
1158596000645	1	INSTRUCTIONSCROLL	3326
1158596000662	1	INSTRUCTIONSCROLL	3330
1158596000678	1	INSTRUCTIONSCROLL	3333
1158596000695	1	INSTRUCTIONSCROLL	3336
1158596000712	1	INSTRUCTIONSCROLL	3340
1158596000728	1	INSTRUCTIONSCROLL	3343
1158596000745	1	INSTRUCTIONSCROLL	3346
1158596000761	1	INSTRUCTIONSCROLL	3350
1158596000778	1	INSTRUCTIONSCROLL	3353
1158596000795	1	INSTRUCTIONSCROLL	3356
1158596000811	1	INSTRUCTIONSCROLL	3360
1158596000845	1	INSTRUCTIONSCROLL	3366
1158596000861	1	INSTRUCTIONSCROLL	3370
1158596000878	1	INSTRUCTIONSCROLL	3373
1158596000895	1	INSTRUCTIONSCROLL	3376
1158596000911	1	INSTRUCTIONSCROLL	3380
1158596000928	1	INSTRUCTIONSCROLL	3383
1158596000945	1	INSTRUCTIONSCROLL	3386
1158596000961	1	INSTRUCTIONSCROLL	3390
1158596000978	1	INSTRUCTIONSCROLL	3393
1158596000995	1	INSTRUCTIONSCROLL	3396
1158596001012	1	INSTRUCTIONSCROLL	3400
1158596001029	1	INSTRUCTIONSCROLL	3403
1158596001046	1	INSTRUCTIONSCROLL	3407
1158596001062	1	INSTRUCTIONSCROLL	3410
1158596001079	1	INSTRUCTIONSCROLL	3413
1158596001096	1	INSTRUCTIONSCROLL	3417
1158596001112	1	INSTRUCTIONSCROLL	3420
1158596001129	1	INSTRUCTIONSCROLL	3423
1158596001146	1	INSTRUCTIONSCROLL	3426
1158596001162	1	INSTRUCTIONSCROLL	3430
1158596001179	1	INSTRUCTIONSCROLL	3433
1158596001196	1	INSTRUCTIONSCROLL	3437
1158596001212	1	INSTRUCTIONSCROLL	3440
1158596001229	1	INSTRUCTIONSCROLL	3443
1158596001246	1	INSTRUCTIONSCROLL	3447
1158596001261	1	INSTRUCTIONSCROLL	3450
1158596001278	1	INSTRUCTIONSCROLL	3453
1158596001295	1	INSTRUCTIONSCROLL	3456
1158596001311	1	INSTRUCTIONSCROLL	3460
1158596001328	1	INSTRUCTIONSCROLL	3463
1158596001345	1	INSTRUCTIONSCROLL	3466
1158596001361	1	INSTRUCTIONSCROLL	3470
1158596001378	1	INSTRUCTIONSCROLL	3473
1158596001395	1	INSTRUCTIONSCROLL	3476
1158596001411	1	INSTRUCTIONSCROLL	3480
1158596001428	1	INSTRUCTIONSCROLL	3483
1158596001445	1	INSTRUCTIONSCROLL	3486
1158596001461	1	INSTRUCTIONSCROLL	3490
1158596001478	1	INSTRUCTIONSCROLL	3493
1158596001495	1	INSTRUCTIONSCROLL	3496
1158596001511	1	INSTRUCTIONSCROLL	3499
1158596001528	1	INSTRUCTIONSCROLL	3503
1158596001545	1	INSTRUCTIONSCROLL	3506
1158596001561	1	INSTRUCTIONSCROLL	3509
1158596001578	1	INSTRUCTIONSCROLL	3513
1158596001595	1	INSTRUCTIONSCROLL	3516
1158596001628	1	INSTRUCTIONSCROLL	3522
1158596001644	1	INSTRUCTIONSCROLL	3526
1158596001661	1	INSTRUCTIONSCROLL	3529
1158596001678	1	INSTRUCTIONSCROLL	3533
1158596001695	1	INSTRUCTIONSCROLL	3536
1158596001711	1	INSTRUCTIONSCROLL	3539
1158596001728	1	INSTRUCTIONSCROLL	3543
1158596001745	1	INSTRUCTIONSCROLL	3546
1158596005343	1	INSTRUCTIONSCROLL	3547
1158596005360	1	INSTRUCTIONSCROLL	3551
1158596005377	1	INSTRUCTIONSCROLL	3554
1158596005393	1	INSTRUCTIONSCROLL	3557
1158596005410	1	INSTRUCTIONSCROLL	3561
1158596005427	1	INSTRUCTIONSCROLL	3564
1158596005443	1	INSTRUCTIONSCROLL	3567
1158596005460	1	INSTRUCTIONSCROLL	3571
1158596005477	1	INSTRUCTIONSCROLL	3574
1158596005493	1	INSTRUCTIONSCROLL	3577
1158596005510	1	INSTRUCTIONSCROLL	3581
1158596005527	1	INSTRUCTIONSCROLL	3584
1158596005543	1	INSTRUCTIONSCROLL	3590
1158596005560	1	INSTRUCTIONSCROLL	3591
1158596005577	1	INSTRUCTIONSCROLL	3594
1158596005593	1	INSTRUCTIONSCROLL	3597
1158596005610	1	INSTRUCTIONSCROLL	3601
1158596005627	1	INSTRUCTIONSCROLL	3604
1158596005643	1	INSTRUCTIONSCROLL	3607
1158596005660	1	INSTRUCTIONSCROLL	3611
1158596005676	1	INSTRUCTIONSCROLL	3614
1158596005693	1	INSTRUCTIONSCROLL	3617
1158596005710	1	INSTRUCTIONSCROLL	3621
1158596005726	1	INSTRUCTIONSCROLL	3624
1158596005743	1	INSTRUCTIONSCROLL	3627
1158596005760	1	INSTRUCTIONSCROLL	3631
1158596005776	1	INSTRUCTIONSCROLL	3634
1158596005793	1	INSTRUCTIONSCROLL	3637
1158596005810	1	INSTRUCTIONSCROLL	3641
1158596005827	1	INSTRUCTIONSCROLL	3644
1158596005843	1	INSTRUCTIONSCROLL	3647
1158596005860	1	INSTRUCTIONSCROLL	3651
1158596005876	1	INSTRUCTIONSCROLL	3654
1158596005893	1	INSTRUCTIONSCROLL	3657
1158596005910	1	INSTRUCTIONSCROLL	3661
1158596005926	1	INSTRUCTIONSCROLL	3664
1158596005943	1	INSTRUCTIONSCROLL	3667
1158596010126	1	INSTRUCTIONSCROLL	3668
1158596010143	1	INSTRUCTIONSCROLL	3672
1158596010159	1	INSTRUCTIONSCROLL	3675
1158596010176	1	INSTRUCTIONSCROLL	3678
1158596010193	1	INSTRUCTIONSCROLL	3682
1158596010209	1	INSTRUCTIONSCROLL	3685
1158596010226	1	INSTRUCTIONSCROLL	3688
1158596010243	1	INSTRUCTIONSCROLL	3692
1158596010258	1	INSTRUCTIONSCROLL	3695
1158596010275	1	INSTRUCTIONSCROLL	3698
1158596010292	1	INSTRUCTIONSCROLL	3701
1158596010308	1	INSTRUCTIONSCROLL	3705
1158596010325	1	INSTRUCTIONSCROLL	3708
1158596010342	1	INSTRUCTIONSCROLL	3711
1158596010358	1	INSTRUCTIONSCROLL	3715
1158596010375	1	INSTRUCTIONSCROLL	3718
1158596010392	1	INSTRUCTIONSCROLL	3721
1158596010408	1	INSTRUCTIONSCROLL	3725
1158596010425	1	INSTRUCTIONSCROLL	3728
1158596010442	1	INSTRUCTIONSCROLL	3731
1158596010458	1	INSTRUCTIONSCROLL	3735
1158596010475	1	INSTRUCTIONSCROLL	3738
1158596010492	1	INSTRUCTIONSCROLL	3741
1158596010508	1	INSTRUCTIONSCROLL	3745
1158596010525	1	INSTRUCTIONSCROLL	3748
1158596010542	1	INSTRUCTIONSCROLL	3751
1158596010558	1	INSTRUCTIONSCROLL	3755
1158596010575	1	INSTRUCTIONSCROLL	3758
1158596010592	1	INSTRUCTIONSCROLL	3761
1158596010608	1	INSTRUCTIONSCROLL	3765
1158596010625	1	INSTRUCTIONSCROLL	3768
1158596010642	1	INSTRUCTIONSCROLL	3771
1158596010658	1	INSTRUCTIONSCROLL	3775
1158596010675	1	INSTRUCTIONSCROLL	3778
1158596010692	1	INSTRUCTIONSCROLL	3782
1158596010708	1	INSTRUCTIONSCROLL	3785
1158596010725	1	INSTRUCTIONSCROLL	3788
1158596010742	1	INSTRUCTIONSCROLL	3792
1158596010758	1	INSTRUCTIONSCROLL	3795
1158596010775	1	INSTRUCTIONSCROLL	3798
1158596010792	1	INSTRUCTIONSCROLL	3802
1158596010808	1	INSTRUCTIONSCROLL	3805
1158596010825	1	INSTRUCTIONSCROLL	3808
1158596010842	1	INSTRUCTIONSCROLL	3812
1158596010858	1	INSTRUCTIONSCROLL	3815
1158596010875	1	INSTRUCTIONSCROLL	3818
1158596010892	1	INSTRUCTIONSCROLL	3822
1158596010908	1	INSTRUCTIONSCROLL	3825
1158596010927	1	INSTRUCTIONSCROLL	3831
1158596010942	1	INSTRUCTIONSCROLL	3832
1158596010958	1	INSTRUCTIONSCROLL	3835
1158596010975	1	INSTRUCTIONSCROLL	3838
1158596010991	1	INSTRUCTIONSCROLL	3842
1158596011009	1	INSTRUCTIONSCROLL	3845
1158596011026	1	INSTRUCTIONSCROLL	3848
1158596011042	1	INSTRUCTIONSCROLL	3852
1158596011059	1	INSTRUCTIONSCROLL	3855
1158596011076	1	INSTRUCTIONSCROLL	3858
1158596011092	1	INSTRUCTIONSCROLL	3862
1158596011109	1	INSTRUCTIONSCROLL	3865
1158596011126	1	INSTRUCTIONSCROLL	3868
1158596011142	1	INSTRUCTIONSCROLL	3872
1158596011159	1	INSTRUCTIONSCROLL	3875
1158596011176	1	INSTRUCTIONSCROLL	3878
1158596011192	1	INSTRUCTIONSCROLL	3882
1158596011209	1	INSTRUCTIONSCROLL	3885
1158596011226	1	INSTRUCTIONSCROLL	3888
1158596011242	1	INSTRUCTIONSCROLL	3892
1158596011258	1	INSTRUCTIONSCROLL	3895
1158596011275	1	INSTRUCTIONSCROLL	3898
1158596011291	1	INSTRUCTIONSCROLL	3902
1158596011308	1	INSTRUCTIONSCROLL	3905
1158596011325	1	INSTRUCTIONSCROLL	3908
1158596011341	1	INSTRUCTIONSCROLL	3912
1158596011358	1	INSTRUCTIONSCROLL	3915
1158596011375	1	INSTRUCTIONSCROLL	3918
1158596011391	1	INSTRUCTIONSCROLL	3921
1158596011408	1	INSTRUCTIONSCROLL	3925
1158596011425	1	INSTRUCTIONSCROLL	3928
1158596011441	1	INSTRUCTIONSCROLL	3932
1158596011458	1	INSTRUCTIONSCROLL	3935
1158596011475	1	INSTRUCTIONSCROLL	3938
1158596011491	1	INSTRUCTIONSCROLL	3942
1158596011508	1	INSTRUCTIONSCROLL	3945
1158596011525	1	INSTRUCTIONSCROLL	3948
1158596011541	1	INSTRUCTIONSCROLL	3951
1158596011558	1	INSTRUCTIONSCROLL	3955
1158596011575	1	INSTRUCTIONSCROLL	3958
1158596011591	1	INSTRUCTIONSCROLL	3962
1158596011608	1	INSTRUCTIONSCROLL	3965
1158596011625	1	INSTRUCTIONSCROLL	3967
1158596018806	1	INSTRUCTIONSTOP	Button set (OR)
1158596018871	0	E	Logging Ends
