1158607901472	0	B	Logging Begins
1158607901472	0	SETUP
1158607901497	0	RESTORESTATE
1158607901525	0	SAVESTATE
1158607901525	0	RESTORESTATE
1158607901831	0	SESSION	0
1158608081942	0	SAVESTATE
1158608087975	0	SAVESTATE
1158608094005	0	SAVESTATE
1158608100034	0	SAVESTATE
1158608106068	0	SAVESTATE
1158608112100	0	SAVESTATE
1158608118266	0	SAVESTATE
1158608124162	0	SAVESTATE
1158608133865	0	SAVESTATE
1158608139896	0	SAVESTATE
1158608145928	0	SAVESTATE
1158608151959	0	SAVESTATE
1158608157990	0	SAVESTATE
1158608164023	0	SAVESTATE
1158608170054	0	SAVESTATE
1158608176085	0	SAVESTATE
1158608184656	0	SAVESTATE
1158608190688	0	SAVESTATE
1158608196720	0	SAVESTATE
1158608202752	0	SAVESTATE
1158608208781	0	SAVESTATE
1158608214817	0	SAVESTATE
1158608220845	0	SAVESTATE
1158608226877	0	SAVESTATE
1158608235581	0	SAVESTATE
1158608241613	0	SAVESTATE
1158608247644	0	SAVESTATE
1158608253675	0	SAVESTATE
1158608259707	0	SAVESTATE
1158608265738	0	SAVESTATE
1158608271769	0	SAVESTATE
1158608277800	0	SAVESTATE
1158608286490	0	SAVESTATE
1158608292525	0	SAVESTATE
1158608298555	0	SAVESTATE
1158608304584	0	SAVESTATE
1158608310615	0	SAVESTATE
1158608316647	0	SAVESTATE
1158608322679	0	SAVESTATE
1158608328708	0	SAVESTATE
1158608337449	0	SAVESTATE
1158608343479	0	SAVESTATE
1158608349510	0	SAVESTATE
1158608355542	0	SAVESTATE
1158608361573	0	SAVESTATE
1158608367604	0	SAVESTATE
1158608373636	0	SAVESTATE
1158608379667	0	SAVESTATE
1158608388274	0	SAVESTATE
1158608394305	0	SAVESTATE
1158608400335	0	SAVESTATE
1158608406369	0	SAVESTATE
1158608412396	0	SAVESTATE
1158608418430	0	SAVESTATE
1158608424460	0	SAVESTATE
1158608430492	0	SAVESTATE
1158608437748	0	SAVESTATE
1158608443763	0	SAVESTATE
1158608449793	0	SAVESTATE
1158608455825	0	SAVESTATE
1158608461856	0	SAVESTATE
1158608467987	0	SAVESTATE
1158608474020	0	SAVESTATE
1158608480051	0	SAVESTATE
1158608488422	0	SAVESTATE
1158608494454	0	SAVESTATE
1158608500485	0	SAVESTATE
1158608506517	0	SAVESTATE
1158608512549	0	SAVESTATE
1158608518582	0	SAVESTATE
1158608524611	0	SAVESTATE
1158608530714	0	SAVESTATE
1158608538314	0	SAVESTATE
1158608544345	0	SAVESTATE
1158608550377	0	SAVESTATE
1158608556408	0	SAVESTATE
1158608562440	0	SAVESTATE
1158608568471	0	SAVESTATE
1158608574502	0	SAVESTATE
1158608580533	0	SAVESTATE
1158608588393	0	SAVESTATE
1158608594423	0	SAVESTATE
1158608600452	0	SAVESTATE
1158608606483	0	SAVESTATE
1158608612515	0	SAVESTATE
1158608618549	0	SAVESTATE
1158608624678	0	SAVESTATE
1158608630609	0	SAVESTATE
1158608638248	0	SAVESTATE
1158608644279	0	SAVESTATE
1158608650310	0	SAVESTATE
1158608656341	0	SAVESTATE
1158608662373	0	SAVESTATE
1158608668404	0	SAVESTATE
1158608674436	0	SAVESTATE
1158608680467	0	SAVESTATE
1158608688577	0	SAVESTATE
1158608694605	0	SAVESTATE
1158608700637	0	SAVESTATE
1158608706669	0	SAVESTATE
1158608712698	0	SAVESTATE
1158608718729	0	SAVESTATE
1158608724762	0	SAVESTATE
1158608730792	0	SAVESTATE
1158608739182	0	SAVESTATE
1158608745213	0	SAVESTATE
1158608751244	0	SAVESTATE
1158608757275	0	SAVESTATE
1158608763306	0	SAVESTATE
1158608769338	0	SAVESTATE
1158608775369	0	SAVESTATE
1158608781400	0	SAVESTATE
1158608789457	0	SAVESTATE
1158608795489	0	SAVESTATE
1158608801518	0	SAVESTATE
1158608807551	0	SAVESTATE
1158608813581	0	SAVESTATE
1158608819612	0	SAVESTATE
1158608825645	0	SAVESTATE
1158608831678	0	SAVESTATE
1158608839364	0	SAVESTATE
1158608845396	0	SAVESTATE
1158608851427	0	SAVESTATE
1158608857458	0	SAVESTATE
1158608863490	0	SAVESTATE
1158608869521	0	SAVESTATE
1158608875552	0	SAVESTATE
1158608881584	0	SAVESTATE
1158608889275	0	SAVESTATE
1158608895306	0	SAVESTATE
1158608901336	0	SAVESTATE
1158608907369	0	SAVESTATE
1158608913399	0	SAVESTATE
1158608919429	0	SAVESTATE
1158608925462	0	SAVESTATE
1158608931491	0	SAVESTATE
1158608939381	0	SAVESTATE
1158608945412	0	SAVESTATE
1158608951444	0	SAVESTATE
1158608957475	0	SAVESTATE
1158608963506	0	SAVESTATE
1158608969771	0	SAVESTATE
1158608975802	0	SAVESTATE
1158608981834	0	SAVESTATE
1158608989688	0	SAVESTATE
1158608995720	0	SAVESTATE
1158609001754	0	SAVESTATE
1158609007784	0	SAVESTATE
1158609013816	0	SAVESTATE
1158609019849	0	SAVESTATE
1158609025880	0	SAVESTATE
1158609032061	0	SAVESTATE
1158609038848	0	SAVESTATE
1158609044879	0	SAVESTATE
1158609050911	0	SAVESTATE
1158609056942	0	SAVESTATE
1158609062974	0	SAVESTATE
1158609069006	0	SAVESTATE
1158609075037	0	SAVESTATE
1158609081069	0	SAVESTATE
1158609248205	0	SAVESTATE
1158609254235	0	SAVESTATE
1158609260271	0	SAVESTATE
1158609266301	0	SAVESTATE
1158609272329	0	SAVESTATE
1158609278446	0	SAVESTATE
1158609284398	0	SAVESTATE
1158609290440	0	SAVESTATE
1158609298312	0	SAVESTATE
1158609304343	0	SAVESTATE
1158609310375	0	SAVESTATE
1158609316406	0	SAVESTATE
1158609322437	0	SAVESTATE
1158609328469	0	SAVESTATE
1158609334500	0	SAVESTATE
1158609340531	0	SAVESTATE
1158609348774	0	SAVESTATE
1158609354800	0	SAVESTATE
1158609360837	0	SAVESTATE
1158609366866	0	SAVESTATE
1158609372896	0	SAVESTATE
1158609378928	0	SAVESTATE
1158609384958	0	SAVESTATE
1158609390996	0	SAVESTATE
1158609397962	0	SAVESTATE
1158609404161	0	SAVESTATE
1158609410192	0	SAVESTATE
1158609416224	0	SAVESTATE
1158609422255	0	SAVESTATE
1158609428285	0	SAVESTATE
1158609434317	0	SAVESTATE
1158609440349	0	SAVESTATE
1158609448205	0	SAVESTATE
1158609454224	0	SAVESTATE
1158609460251	0	SAVESTATE
1158609466285	0	SAVESTATE
1158609472313	0	SAVESTATE
1158609478350	0	SAVESTATE
1158609484391	0	SAVESTATE
1158609490424	0	SAVESTATE
1158609498146	0	SAVESTATE
1158609504178	0	SAVESTATE
1158609510209	0	SAVESTATE
1158609516240	0	SAVESTATE
1158609522271	0	SAVESTATE
1158609528302	0	SAVESTATE
1158609534333	0	SAVESTATE
1158609540365	0	SAVESTATE
1158609548254	0	SAVESTATE
1158609554289	0	SAVESTATE
1158609560317	0	SAVESTATE
1158609566349	0	SAVESTATE
1158609572386	0	SAVESTATE
1158609578428	0	SAVESTATE
1158609584462	0	SAVESTATE
1158609590580	0	SAVESTATE
1158609597264	0	SAVESTATE
1158609603294	0	SAVESTATE
1158609609325	0	SAVESTATE
1158609615356	0	SAVESTATE
1158609621388	0	SAVESTATE
1158609627420	0	SAVESTATE
1158609633451	0	SAVESTATE
1158609639482	0	SAVESTATE
1158609647338	0	SAVESTATE
1158609653373	0	SAVESTATE
1158609659399	0	SAVESTATE
1158609665432	0	SAVESTATE
1158609671468	0	SAVESTATE
1158609677495	0	SAVESTATE
1158609683644	0	SAVESTATE
1158609689563	0	SAVESTATE
1158609696347	0	SAVESTATE
1158609702378	0	SAVESTATE
1158609708409	0	SAVESTATE
1158609714441	0	SAVESTATE
1158609720472	0	SAVESTATE
1158609726503	0	SAVESTATE
1158609732534	0	SAVESTATE
1158609738566	0	SAVESTATE
1158609745506	0	SAVESTATE
1158609751544	0	SAVESTATE
1158609757584	0	SAVESTATE
1158609763615	0	SAVESTATE
1158609769649	0	SAVESTATE
1158609775679	0	SAVESTATE
1158609781816	0	SAVESTATE
1158609787743	0	SAVESTATE
1158609794897	0	SAVESTATE
1158609800928	0	SAVESTATE
1158609806960	0	SAVESTATE
1158609812991	0	SAVESTATE
1158609819023	0	SAVESTATE
1158609825055	0	SAVESTATE
1158609831086	0	SAVESTATE
1158609837117	0	SAVESTATE
1158609844092	0	SAVESTATE
1158609850126	0	SAVESTATE
1158609856153	0	SAVESTATE
1158609862188	0	SAVESTATE
1158609868215	0	SAVESTATE
1158609874254	0	SAVESTATE
1158609880295	0	SAVESTATE
1158609886325	0	SAVESTATE
1158609893964	0	SAVESTATE
1158609899996	0	SAVESTATE
1158609906028	0	SAVESTATE
1158609912059	0	SAVESTATE
1158609918090	0	SAVESTATE
1158609924122	0	SAVESTATE
1158609930153	0	SAVESTATE
1158609936184	0	SAVESTATE
1158609944007	0	SAVESTATE
1158609950039	0	SAVESTATE
1158609956070	0	SAVESTATE
1158609962103	0	SAVESTATE
1158609968131	0	SAVESTATE
1158609974164	0	SAVESTATE
1158609980199	0	SAVESTATE
1158609986232	0	SAVESTATE
1158609993881	0	SAVESTATE
1158609999912	0	SAVESTATE
1158610005944	0	SAVESTATE
1158610011976	0	SAVESTATE
1158610018007	0	SAVESTATE
1158610024039	0	SAVESTATE
1158610030070	0	SAVESTATE
1158610036101	0	SAVESTATE
1158610043824	0	SAVESTATE
1158610049861	0	SAVESTATE
1158610055902	0	SAVESTATE
1158610061935	0	SAVESTATE
1158610067968	0	SAVESTATE
1158610073997	0	SAVESTATE
1158610080033	0	SAVESTATE
1158610086060	0	SAVESTATE
1158610093416	0	SAVESTATE
1158610099447	0	SAVESTATE
1158610105477	0	SAVESTATE
1158610111509	0	SAVESTATE
1158610117540	0	SAVESTATE
1158610123622	0	SAVESTATE
1158610129652	0	SAVESTATE
1158610135684	0	SAVESTATE
1158610143458	0	SAVESTATE
1158610149488	0	SAVESTATE
1158610155523	0	SAVESTATE
1158610161558	0	SAVESTATE
1158610167598	0	SAVESTATE
1158610173614	0	SAVESTATE
1158610179644	0	SAVESTATE
1158610185774	0	SAVESTATE
1158610193221	0	SAVESTATE
1158610199247	0	SAVESTATE
1158610205277	0	SAVESTATE
1158610211309	0	SAVESTATE
1158610217340	0	SAVESTATE
1158610223371	0	SAVESTATE
1158610229403	0	SAVESTATE
1158610235434	0	SAVESTATE
1158610250231	0	SAVESTATE
1158610250257	0	EXIT
1158610250257	0	E	Logging Ends
