1192222744768	0	B	Logging Begins
1192222744768	0	INSTRUCTIONSTART	JointRoller	/Library/Frameworks/Python.framework/Versions/2.4/lib/python2.4/site-packages/pyepl/resources/vera.ttf	75	(0, 0, 0)	'In the following experiment, your memory for associating names with faces will be tested.  The task is difficult and requires concentration, so if you need a break at any time let the experimenter know.\n\nSixteen faces will be presented on the screen, consecutively, accompanied by their names.  A woman\'s voice will also speak the name when the face appears on the screen.  After five seconds, the face will disappear from the screen, a star (*) will flash on the screen for one second, and then the next face and name will appear.\n\nAfter you have seen all sixteen faces and names, you will be prompted to press any key in order to move on to a testing period.  During each trial of the testing period, you will see a face with name underneath it.  You will have to decide whether or not the name is paired with the appropriate face.  \n\nYou will respond on the keyboard, with a confidence judgment between 1 and 6.  A judgment of 1 indicates that you are near certain that the name given is incorrectly paired with the face, a judgment of 2 indicates moderate confidence, and a judgment of 3 indicates that you think the name is incorrectly paired with the face, but are quite unsure.  A judgment of 6 indicates that you are near certain that the name given is correctly paired with the face, a judgment of 5 indicates moderate confidence, and a judgment of 4 indicates that you think the name is correctly paired with the face, but are quite unsure.\n\nYou should rest your fingers on the bottom row of the keyboard.  "Z", "X", and  "C" will correspond to confidence judgments of 1, 2, and 3, respectively.  ",", ".", and "/" will correspond to confidence judgments of 4, 5, and 6, respectively.\n\nAfter five seconds the name and face will disappear from the screen, a star will flash on the screen for one second, and then the next name and face pair will appear on the screen.  You will see sixteen name-face pairs per test period.  You should try to reply as quickly and accurately as you can.\n\nThere will be ten study periods and ten test periods, alternating.  Each face will have the same name over the entire course of the experiment, so your task is to try and learn the faces\' names as quickly and accurately as possible.\n\nDo you have any questions?\n\nPress <ENTER> to continue.\n'
1192222744876	1	INSTRUCTIONSCROLL	0
1192222746292	1	INSTRUCTIONSCROLL	3
1192222746326	1	INSTRUCTIONSCROLL	10
1192222746359	1	INSTRUCTIONSCROLL	16
1192222746392	1	INSTRUCTIONSCROLL	23
1192222746426	1	INSTRUCTIONSCROLL	30
1192222746459	1	INSTRUCTIONSCROLL	36
1192222746492	1	INSTRUCTIONSCROLL	43
1192222746526	1	INSTRUCTIONSCROLL	50
1192222746559	1	INSTRUCTIONSCROLL	56
1192222746592	1	INSTRUCTIONSCROLL	63
1192222746626	1	INSTRUCTIONSCROLL	70
1192222746659	1	INSTRUCTIONSCROLL	76
1192222746692	1	INSTRUCTIONSCROLL	83
1192222746726	1	INSTRUCTIONSCROLL	90
1192222746759	1	INSTRUCTIONSCROLL	96
1192222746792	1	INSTRUCTIONSCROLL	103
1192222746826	1	INSTRUCTIONSCROLL	110
1192222746859	1	INSTRUCTIONSCROLL	116
1192222746891	1	INSTRUCTIONSCROLL	123
1192222746925	1	INSTRUCTIONSCROLL	129
1192222746958	1	INSTRUCTIONSCROLL	136
1192222746991	1	INSTRUCTIONSCROLL	143
1192222747026	1	INSTRUCTIONSCROLL	150
1192222747192	1	INSTRUCTIONSCROLL	146
1192222747226	1	INSTRUCTIONSCROLL	140
1192222747259	1	INSTRUCTIONSCROLL	133
1192222747292	1	INSTRUCTIONSCROLL	126
1192222747326	1	INSTRUCTIONSCROLL	120
1192222747359	1	INSTRUCTIONSCROLL	113
1192222747392	1	INSTRUCTIONSCROLL	106
1192222747426	1	INSTRUCTIONSCROLL	100
1192222747459	1	INSTRUCTIONSCROLL	93
1192222747492	1	INSTRUCTIONSCROLL	86
1192222747526	1	INSTRUCTIONSCROLL	80
1192222747559	1	INSTRUCTIONSCROLL	73
1192222747592	1	INSTRUCTIONSCROLL	66
1192222747626	1	INSTRUCTIONSCROLL	60
1192222747659	1	INSTRUCTIONSCROLL	53
1192222747692	1	INSTRUCTIONSCROLL	46
1192222747726	1	INSTRUCTIONSCROLL	40
1192222747759	1	INSTRUCTIONSCROLL	33
1192222747792	1	INSTRUCTIONSCROLL	26
1192222747826	1	INSTRUCTIONSCROLL	20
1192222747859	1	INSTRUCTIONSCROLL	13
1192222747891	1	INSTRUCTIONSCROLL	6
1192222747925	1	INSTRUCTIONSCROLL	0
1192222767343	1	INSTRUCTIONSCROLL	3
1192222767376	1	INSTRUCTIONSCROLL	10
1192222767409	1	INSTRUCTIONSCROLL	16
1192222767443	1	INSTRUCTIONSCROLL	23
1192222767693	1	INSTRUCTIONSCROLL	27
1192222767726	1	INSTRUCTIONSCROLL	33
1192222767759	1	INSTRUCTIONSCROLL	40
1192222767793	1	INSTRUCTIONSCROLL	46
1192222772243	1	INSTRUCTIONSCROLL	50
1192222772276	1	INSTRUCTIONSCROLL	56
1192222772309	1	INSTRUCTIONSCROLL	63
1192222772343	1	INSTRUCTIONSCROLL	70
1192222772593	1	INSTRUCTIONSCROLL	73
1192222772626	1	INSTRUCTIONSCROLL	80
1192222772659	1	INSTRUCTIONSCROLL	86
1192222773109	1	INSTRUCTIONSCROLL	90
1192222773143	1	INSTRUCTIONSCROLL	96
1192222774276	1	INSTRUCTIONSCROLL	100
1192222774309	1	INSTRUCTIONSCROLL	106
1192222774343	1	INSTRUCTIONSCROLL	113
1192222774376	1	INSTRUCTIONSCROLL	120
1192222774743	1	INSTRUCTIONSCROLL	123
1192222774776	1	INSTRUCTIONSCROLL	129
1192222774809	1	INSTRUCTIONSCROLL	136
1192222774843	1	INSTRUCTIONSCROLL	143
1192222775109	1	INSTRUCTIONSCROLL	146
1192222775143	1	INSTRUCTIONSCROLL	153
1192222775176	1	INSTRUCTIONSCROLL	159
1192222775209	1	INSTRUCTIONSCROLL	166
1192222775243	1	INSTRUCTIONSCROLL	173
1192222775276	1	INSTRUCTIONSCROLL	179
1192222775309	1	INSTRUCTIONSCROLL	186
1192222775343	1	INSTRUCTIONSCROLL	193
1192222775376	1	INSTRUCTIONSCROLL	200
1192222775409	1	INSTRUCTIONSCROLL	206
1192222775443	1	INSTRUCTIONSCROLL	213
1192222775476	1	INSTRUCTIONSCROLL	220
1192222775509	1	INSTRUCTIONSCROLL	226
1192222775543	1	INSTRUCTIONSCROLL	233
1192222775576	1	INSTRUCTIONSCROLL	240
1192222775609	1	INSTRUCTIONSCROLL	246
1192222776892	1	INSTRUCTIONSCROLL	250
1192222776925	1	INSTRUCTIONSCROLL	256
1192222776958	1	INSTRUCTIONSCROLL	263
1192222776992	1	INSTRUCTIONSCROLL	269
1192222777026	1	INSTRUCTIONSCROLL	276
1192222777059	1	INSTRUCTIONSCROLL	283
1192222777093	1	INSTRUCTIONSCROLL	290
1192222777126	1	INSTRUCTIONSCROLL	296
1192222777159	1	INSTRUCTIONSCROLL	303
1192222777193	1	INSTRUCTIONSCROLL	310
1192222777226	1	INSTRUCTIONSCROLL	316
1192222777259	1	INSTRUCTIONSCROLL	323
1192222777293	1	INSTRUCTIONSCROLL	330
1192222777326	1	INSTRUCTIONSCROLL	336
1192222777359	1	INSTRUCTIONSCROLL	343
1192222777393	1	INSTRUCTIONSCROLL	350
1192222779826	1	INSTRUCTIONSCROLL	353
1192222779859	1	INSTRUCTIONSCROLL	360
1192222779892	1	INSTRUCTIONSCROLL	366
1192222779925	1	INSTRUCTIONSCROLL	373
1192222779958	1	INSTRUCTIONSCROLL	380
1192222779992	1	INSTRUCTIONSCROLL	386
1192222780026	1	INSTRUCTIONSCROLL	393
1192222780059	1	INSTRUCTIONSCROLL	400
1192222780093	1	INSTRUCTIONSCROLL	406
1192222780126	1	INSTRUCTIONSCROLL	413
1192222780159	1	INSTRUCTIONSCROLL	420
1192222780193	1	INSTRUCTIONSCROLL	426
1192222780226	1	INSTRUCTIONSCROLL	433
1192222780259	1	INSTRUCTIONSCROLL	440
1192222780293	1	INSTRUCTIONSCROLL	447
1192222780326	1	INSTRUCTIONSCROLL	453
1192222780359	1	INSTRUCTIONSCROLL	460
1192222781059	1	INSTRUCTIONSCROLL	463
1192222781093	1	INSTRUCTIONSCROLL	470
1192222781126	1	INSTRUCTIONSCROLL	476
1192222781159	1	INSTRUCTIONSCROLL	483
1192222781193	1	INSTRUCTIONSCROLL	490
1192222781226	1	INSTRUCTIONSCROLL	497
1192222781259	1	INSTRUCTIONSCROLL	503
1192222781293	1	INSTRUCTIONSCROLL	510
1192222781326	1	INSTRUCTIONSCROLL	517
1192222781359	1	INSTRUCTIONSCROLL	523
1192222781393	1	INSTRUCTIONSCROLL	530
1192222781426	1	INSTRUCTIONSCROLL	537
1192222781459	1	INSTRUCTIONSCROLL	543
1192222781493	1	INSTRUCTIONSCROLL	550
1192222781526	1	INSTRUCTIONSCROLL	557
1192222781559	1	INSTRUCTIONSCROLL	563
1192222781593	1	INSTRUCTIONSCROLL	570
1192222781626	1	INSTRUCTIONSCROLL	577
1192222781659	1	INSTRUCTIONSCROLL	583
1192222781693	1	INSTRUCTIONSCROLL	590
1192222782259	1	INSTRUCTIONSCROLL	593
1192222782293	1	INSTRUCTIONSCROLL	600
1192222782326	1	INSTRUCTIONSCROLL	607
1192222782359	1	INSTRUCTIONSCROLL	613
1192222782393	1	INSTRUCTIONSCROLL	620
1192222782426	1	INSTRUCTIONSCROLL	627
1192222782459	1	INSTRUCTIONSCROLL	633
1192222782493	1	INSTRUCTIONSCROLL	640
1192222782526	1	INSTRUCTIONSCROLL	647
1192222782559	1	INSTRUCTIONSCROLL	653
1192222782593	1	INSTRUCTIONSCROLL	660
1192222782626	1	INSTRUCTIONSCROLL	667
1192222782659	1	INSTRUCTIONSCROLL	673
1192222783459	1	INSTRUCTIONSCROLL	677
1192222783493	1	INSTRUCTIONSCROLL	683
1192222783526	1	INSTRUCTIONSCROLL	690
1192222783559	1	INSTRUCTIONSCROLL	697
1192222783593	1	INSTRUCTIONSCROLL	703
1192222783626	1	INSTRUCTIONSCROLL	710
1192222783659	1	INSTRUCTIONSCROLL	717
1192222783693	1	INSTRUCTIONSCROLL	723
1192222783726	1	INSTRUCTIONSCROLL	730
1192222783759	1	INSTRUCTIONSCROLL	737
1192222783793	1	INSTRUCTIONSCROLL	743
1192222783826	1	INSTRUCTIONSCROLL	750
1192222783859	1	INSTRUCTIONSCROLL	757
1192222783892	1	INSTRUCTIONSCROLL	764
1192222783925	1	INSTRUCTIONSCROLL	770
1192222783958	1	INSTRUCTIONSCROLL	777
1192222783992	1	INSTRUCTIONSCROLL	783
1192222784026	1	INSTRUCTIONSCROLL	790
1192222784059	1	INSTRUCTIONSCROLL	797
1192222784093	1	INSTRUCTIONSCROLL	804
1192222784126	1	INSTRUCTIONSCROLL	810
1192222784159	1	INSTRUCTIONSCROLL	817
1192222784193	1	INSTRUCTIONSCROLL	824
1192222784226	1	INSTRUCTIONSCROLL	830
1192222784259	1	INSTRUCTIONSCROLL	837
1192222785609	1	INSTRUCTIONSCROLL	840
1192222785643	1	INSTRUCTIONSCROLL	847
1192222785676	1	INSTRUCTIONSCROLL	854
1192222785709	1	INSTRUCTIONSCROLL	860
1192222785743	1	INSTRUCTIONSCROLL	867
1192222785776	1	INSTRUCTIONSCROLL	874
1192222785809	1	INSTRUCTIONSCROLL	880
1192222785843	1	INSTRUCTIONSCROLL	887
1192222785876	1	INSTRUCTIONSCROLL	894
1192222785908	1	INSTRUCTIONSCROLL	900
1192222785942	1	INSTRUCTIONSCROLL	907
1192222785975	1	INSTRUCTIONSCROLL	913
1192222786009	1	INSTRUCTIONSCROLL	920
1192222786043	1	INSTRUCTIONSCROLL	927
1192222786076	1	INSTRUCTIONSCROLL	934
1192222786109	1	INSTRUCTIONSCROLL	940
1192222786143	1	INSTRUCTIONSCROLL	947
1192222786176	1	INSTRUCTIONSCROLL	954
1192222786209	1	INSTRUCTIONSCROLL	960
1192222788908	1	INSTRUCTIONSCROLL	964
1192222788942	1	INSTRUCTIONSCROLL	970
1192222788975	1	INSTRUCTIONSCROLL	977
1192222789009	1	INSTRUCTIONSCROLL	983
1192222789043	1	INSTRUCTIONSCROLL	990
1192222789076	1	INSTRUCTIONSCROLL	997
1192222789109	1	INSTRUCTIONSCROLL	1004
1192222789143	1	INSTRUCTIONSCROLL	1010
1192222789176	1	INSTRUCTIONSCROLL	1017
1192222789209	1	INSTRUCTIONSCROLL	1024
1192222789243	1	INSTRUCTIONSCROLL	1030
1192222789276	1	INSTRUCTIONSCROLL	1037
1192222789309	1	INSTRUCTIONSCROLL	1044
1192222789343	1	INSTRUCTIONSCROLL	1050
1192222790143	1	INSTRUCTIONSCROLL	1054
1192222790176	1	INSTRUCTIONSCROLL	1060
1192222790209	1	INSTRUCTIONSCROLL	1067
1192222790243	1	INSTRUCTIONSCROLL	1073
1192222790276	1	INSTRUCTIONSCROLL	1080
1192222790309	1	INSTRUCTIONSCROLL	1087
1192222790343	1	INSTRUCTIONSCROLL	1093
1192222790376	1	INSTRUCTIONSCROLL	1100
1192222790409	1	INSTRUCTIONSCROLL	1107
1192222790443	1	INSTRUCTIONSCROLL	1113
1192222790476	1	INSTRUCTIONSCROLL	1120
1192222790509	1	INSTRUCTIONSCROLL	1127
1192222790543	1	INSTRUCTIONSCROLL	1133
1192222790576	1	INSTRUCTIONSCROLL	1140
1192222790609	1	INSTRUCTIONSCROLL	1147
1192222790643	1	INSTRUCTIONSCROLL	1154
1192222790676	1	INSTRUCTIONSCROLL	1160
1192222790709	1	INSTRUCTIONSCROLL	1167
1192222790743	1	INSTRUCTIONSCROLL	1174
1192222790776	1	INSTRUCTIONSCROLL	1180
1192222790809	1	INSTRUCTIONSCROLL	1187
1192222790843	1	INSTRUCTIONSCROLL	1193
1192222790876	1	INSTRUCTIONSCROLL	1200
1192222790908	1	INSTRUCTIONSCROLL	1207
1192222790942	1	INSTRUCTIONSCROLL	1213
1192222790975	1	INSTRUCTIONSCROLL	1220
1192222791009	1	INSTRUCTIONSCROLL	1227
1192222791043	1	INSTRUCTIONSCROLL	1234
1192222791076	1	INSTRUCTIONSCROLL	1240
1192222791826	1	INSTRUCTIONSCROLL	1244
1192222791859	1	INSTRUCTIONSCROLL	1250
1192222791892	1	INSTRUCTIONSCROLL	1257
1192222791925	1	INSTRUCTIONSCROLL	1263
1192222791958	1	INSTRUCTIONSCROLL	1270
1192222791992	1	INSTRUCTIONSCROLL	1277
1192222792026	1	INSTRUCTIONSCROLL	1284
1192222792059	1	INSTRUCTIONSCROLL	1290
1192222792093	1	INSTRUCTIONSCROLL	1297
1192222792126	1	INSTRUCTIONSCROLL	1304
1192222792159	1	INSTRUCTIONSCROLL	1310
1192222792193	1	INSTRUCTIONSCROLL	1317
1192222792226	1	INSTRUCTIONSCROLL	1324
1192222792259	1	INSTRUCTIONSCROLL	1330
1192222792293	1	INSTRUCTIONSCROLL	1337
1192222792326	1	INSTRUCTIONSCROLL	1344
1192222792359	1	INSTRUCTIONSCROLL	1350
1192222792393	1	INSTRUCTIONSCROLL	1357
1192222792426	1	INSTRUCTIONSCROLL	1364
1192222792459	1	INSTRUCTIONSCROLL	1370
1192222792493	1	INSTRUCTIONSCROLL	1377
1192222792526	1	INSTRUCTIONSCROLL	1384
1192222793576	1	INSTRUCTIONSCROLL	1387
1192222793609	1	INSTRUCTIONSCROLL	1394
1192222793643	1	INSTRUCTIONSCROLL	1400
1192222793676	1	INSTRUCTIONSCROLL	1407
1192222793709	1	INSTRUCTIONSCROLL	1414
1192222793743	1	INSTRUCTIONSCROLL	1420
1192222793776	1	INSTRUCTIONSCROLL	1427
1192222793809	1	INSTRUCTIONSCROLL	1434
1192222793843	1	INSTRUCTIONSCROLL	1440
1192222793876	1	INSTRUCTIONSCROLL	1447
1192222793908	1	INSTRUCTIONSCROLL	1453
1192222793942	1	INSTRUCTIONSCROLL	1460
1192222793975	1	INSTRUCTIONSCROLL	1467
1192222794010	1	INSTRUCTIONSCROLL	1473
1192222794043	1	INSTRUCTIONSCROLL	1480
1192222794076	1	INSTRUCTIONSCROLL	1487
1192222794109	1	INSTRUCTIONSCROLL	1494
1192222794143	1	INSTRUCTIONSCROLL	1500
1192222794176	1	INSTRUCTIONSCROLL	1507
1192222794209	1	INSTRUCTIONSCROLL	1514
1192222794243	1	INSTRUCTIONSCROLL	1520
1192222795359	1	INSTRUCTIONSCROLL	1524
1192222795393	1	INSTRUCTIONSCROLL	1530
1192222795426	1	INSTRUCTIONSCROLL	1537
1192222795459	1	INSTRUCTIONSCROLL	1544
1192222795493	1	INSTRUCTIONSCROLL	1550
1192222795526	1	INSTRUCTIONSCROLL	1557
1192222795559	1	INSTRUCTIONSCROLL	1564
1192222795593	1	INSTRUCTIONSCROLL	1570
1192222795626	1	INSTRUCTIONSCROLL	1577
1192222795659	1	INSTRUCTIONSCROLL	1584
1192222795693	1	INSTRUCTIONSCROLL	1590
1192222795726	1	INSTRUCTIONSCROLL	1597
1192222795759	1	INSTRUCTIONSCROLL	1604
1192222795793	1	INSTRUCTIONSCROLL	1611
1192222795826	1	INSTRUCTIONSCROLL	1617
1192222795859	1	INSTRUCTIONSCROLL	1624
1192222795892	1	INSTRUCTIONSCROLL	1631
1192222795925	1	INSTRUCTIONSCROLL	1637
1192222795958	1	INSTRUCTIONSCROLL	1644
1192222795992	1	INSTRUCTIONSCROLL	1650
1192222796026	1	INSTRUCTIONSCROLL	1657
1192222796059	1	INSTRUCTIONSCROLL	1664
1192222796093	1	INSTRUCTIONSCROLL	1671
1192222796126	1	INSTRUCTIONSCROLL	1677
1192222796159	1	INSTRUCTIONSCROLL	1684
1192222796193	1	INSTRUCTIONSCROLL	1691
1192222796226	1	INSTRUCTIONSCROLL	1697
1192222798176	1	INSTRUCTIONSCROLL	1701
1192222798210	1	INSTRUCTIONSCROLL	1707
1192222798243	1	INSTRUCTIONSCROLL	1714
1192222798276	1	INSTRUCTIONSCROLL	1721
1192222798309	1	INSTRUCTIONSCROLL	1727
1192222798343	1	INSTRUCTIONSCROLL	1734
1192222798376	1	INSTRUCTIONSCROLL	1741
1192222798410	1	INSTRUCTIONSCROLL	1747
1192222798443	1	INSTRUCTIONSCROLL	1754
1192222798476	1	INSTRUCTIONSCROLL	1761
1192222798509	1	INSTRUCTIONSCROLL	1767
1192222798543	1	INSTRUCTIONSCROLL	1774
1192222798576	1	INSTRUCTIONSCROLL	1781
1192222798609	1	INSTRUCTIONSCROLL	1787
1192222798643	1	INSTRUCTIONSCROLL	1794
1192222798676	1	INSTRUCTIONSCROLL	1801
1192222798709	1	INSTRUCTIONSCROLL	1807
1192222798743	1	INSTRUCTIONSCROLL	1814
1192222798776	1	INSTRUCTIONSCROLL	1821
1192222798810	1	INSTRUCTIONSCROLL	1827
1192222798843	1	INSTRUCTIONSCROLL	1834
1192222799876	1	INSTRUCTIONSCROLL	1837
1192222799908	1	INSTRUCTIONSCROLL	1844
1192222799942	1	INSTRUCTIONSCROLL	1850
1192222799975	1	INSTRUCTIONSCROLL	1857
1192222800010	1	INSTRUCTIONSCROLL	1864
1192222800043	1	INSTRUCTIONSCROLL	1870
1192222800076	1	INSTRUCTIONSCROLL	1877
1192222800109	1	INSTRUCTIONSCROLL	1884
1192222800143	1	INSTRUCTIONSCROLL	1890
1192222800176	1	INSTRUCTIONSCROLL	1897
1192222800209	1	INSTRUCTIONSCROLL	1904
1192222800243	1	INSTRUCTIONSCROLL	1911
1192222800276	1	INSTRUCTIONSCROLL	1917
1192222800310	1	INSTRUCTIONSCROLL	1924
1192222800343	1	INSTRUCTIONSCROLL	1930
1192222800376	1	INSTRUCTIONSCROLL	1937
1192222800410	1	INSTRUCTIONSCROLL	1944
1192222800443	1	INSTRUCTIONSCROLL	1950
1192222800476	1	INSTRUCTIONSCROLL	1957
1192222800510	1	INSTRUCTIONSCROLL	1964
1192222800543	1	INSTRUCTIONSCROLL	1971
1192222800576	1	INSTRUCTIONSCROLL	1977
1192222800609	1	INSTRUCTIONSCROLL	1984
1192222800643	1	INSTRUCTIONSCROLL	1990
1192222800676	1	INSTRUCTIONSCROLL	1997
1192222800710	1	INSTRUCTIONSCROLL	2004
1192222802343	1	INSTRUCTIONSCROLL	2007
1192222802376	1	INSTRUCTIONSCROLL	2014
1192222802410	1	INSTRUCTIONSCROLL	2020
1192222802443	1	INSTRUCTIONSCROLL	2027
1192222802476	1	INSTRUCTIONSCROLL	2034
1192222802510	1	INSTRUCTIONSCROLL	2040
1192222802543	1	INSTRUCTIONSCROLL	2047
1192222802576	1	INSTRUCTIONSCROLL	2054
1192222802609	1	INSTRUCTIONSCROLL	2060
1192222802643	1	INSTRUCTIONSCROLL	2067
1192222802676	1	INSTRUCTIONSCROLL	2074
1192222802710	1	INSTRUCTIONSCROLL	2080
1192222802743	1	INSTRUCTIONSCROLL	2087
1192222802776	1	INSTRUCTIONSCROLL	2094
1192222802809	1	INSTRUCTIONSCROLL	2100
1192222802843	1	INSTRUCTIONSCROLL	2107
1192222802876	1	INSTRUCTIONSCROLL	2114
1192222802909	1	INSTRUCTIONSCROLL	2120
1192222802942	1	INSTRUCTIONSCROLL	2127
1192222802975	1	INSTRUCTIONSCROLL	2134
1192222804210	1	INSTRUCTIONSCROLL	2137
1192222804243	1	INSTRUCTIONSCROLL	2144
1192222804276	1	INSTRUCTIONSCROLL	2150
1192222804310	1	INSTRUCTIONSCROLL	2157
1192222804343	1	INSTRUCTIONSCROLL	2164
1192222804376	1	INSTRUCTIONSCROLL	2170
1192222804410	1	INSTRUCTIONSCROLL	2177
1192222804443	1	INSTRUCTIONSCROLL	2184
1192222804476	1	INSTRUCTIONSCROLL	2190
1192222804510	1	INSTRUCTIONSCROLL	2197
1192222804543	1	INSTRUCTIONSCROLL	2204
1192222804576	1	INSTRUCTIONSCROLL	2210
1192222804610	1	INSTRUCTIONSCROLL	2217
1192222804643	1	INSTRUCTIONSCROLL	2224
1192222804676	1	INSTRUCTIONSCROLL	2230
1192222804710	1	INSTRUCTIONSCROLL	2237
1192222804743	1	INSTRUCTIONSCROLL	2244
1192222804776	1	INSTRUCTIONSCROLL	2250
1192222804810	1	INSTRUCTIONSCROLL	2257
1192222804843	1	INSTRUCTIONSCROLL	2264
1192222804876	1	INSTRUCTIONSCROLL	2270
1192222804909	1	INSTRUCTIONSCROLL	2277
1192222804942	1	INSTRUCTIONSCROLL	2284
1192222804975	1	INSTRUCTIONSCROLL	2290
1192222808726	1	INSTRUCTIONSCROLL	2294
1192222808760	1	INSTRUCTIONSCROLL	2300
1192222808793	1	INSTRUCTIONSCROLL	2307
1192222808826	1	INSTRUCTIONSCROLL	2314
1192222808860	1	INSTRUCTIONSCROLL	2320
1192222808892	1	INSTRUCTIONSCROLL	2327
1192222808925	1	INSTRUCTIONSCROLL	2333
1192222808959	1	INSTRUCTIONSCROLL	2340
1192222808992	1	INSTRUCTIONSCROLL	2347
1192222809026	1	INSTRUCTIONSCROLL	2354
1192222809909	1	INSTRUCTIONSCROLL	2357
1192222809942	1	INSTRUCTIONSCROLL	2363
1192222809975	1	INSTRUCTIONSCROLL	2370
1192222810010	1	INSTRUCTIONSCROLL	2377
1192222810043	1	INSTRUCTIONSCROLL	2384
1192222810076	1	INSTRUCTIONSCROLL	2390
1192222810110	1	INSTRUCTIONSCROLL	2397
1192222810143	1	INSTRUCTIONSCROLL	2404
1192222810176	1	INSTRUCTIONSCROLL	2410
1192222810210	1	INSTRUCTIONSCROLL	2417
1192222810243	1	INSTRUCTIONSCROLL	2424
1192222810276	1	INSTRUCTIONSCROLL	2430
1192222810310	1	INSTRUCTIONSCROLL	2437
1192222810343	1	INSTRUCTIONSCROLL	2444
1192222810376	1	INSTRUCTIONSCROLL	2450
1192222810410	1	INSTRUCTIONSCROLL	2457
1192222810443	1	INSTRUCTIONSCROLL	2464
1192222811660	1	INSTRUCTIONSCROLL	2467
1192222811693	1	INSTRUCTIONSCROLL	2474
1192222811726	1	INSTRUCTIONSCROLL	2480
1192222811760	1	INSTRUCTIONSCROLL	2487
1192222811793	1	INSTRUCTIONSCROLL	2494
1192222811826	1	INSTRUCTIONSCROLL	2500
1192222811860	1	INSTRUCTIONSCROLL	2507
1192222811892	1	INSTRUCTIONSCROLL	2514
1192222811925	1	INSTRUCTIONSCROLL	2520
1192222811959	1	INSTRUCTIONSCROLL	2527
1192222811992	1	INSTRUCTIONSCROLL	2534
1192222812026	1	INSTRUCTIONSCROLL	2540
1192222812060	1	INSTRUCTIONSCROLL	2547
1192222812093	1	INSTRUCTIONSCROLL	2554
1192222812126	1	INSTRUCTIONSCROLL	2560
1192222812160	1	INSTRUCTIONSCROLL	2567
1192222812193	1	INSTRUCTIONSCROLL	2574
1192222812226	1	INSTRUCTIONSCROLL	2580
1192222812676	1	INSTRUCTIONSCROLL	2584
1192222812710	1	INSTRUCTIONSCROLL	2590
1192222812743	1	INSTRUCTIONSCROLL	2597
1192222812776	1	INSTRUCTIONSCROLL	2604
1192222812810	1	INSTRUCTIONSCROLL	2610
1192222812843	1	INSTRUCTIONSCROLL	2617
1192222812876	1	INSTRUCTIONSCROLL	2624
1192222812909	1	INSTRUCTIONSCROLL	2630
1192222812942	1	INSTRUCTIONSCROLL	2637
1192222812975	1	INSTRUCTIONSCROLL	2644
1192222813010	1	INSTRUCTIONSCROLL	2650
1192222813043	1	INSTRUCTIONSCROLL	2657
1192222813610	1	INSTRUCTIONSCROLL	2661
1192222813643	1	INSTRUCTIONSCROLL	2667
1192222813676	1	INSTRUCTIONSCROLL	2674
1192222813710	1	INSTRUCTIONSCROLL	2680
1192222813743	1	INSTRUCTIONSCROLL	2687
1192222813776	1	INSTRUCTIONSCROLL	2694
1192222813810	1	INSTRUCTIONSCROLL	2700
1192222813843	1	INSTRUCTIONSCROLL	2707
1192222813876	1	INSTRUCTIONSCROLL	2714
1192222813909	1	INSTRUCTIONSCROLL	2720
1192222813942	1	INSTRUCTIONSCROLL	2727
1192222813975	1	INSTRUCTIONSCROLL	2734
1192222814010	1	INSTRUCTIONSCROLL	2740
1192222814043	1	INSTRUCTIONSCROLL	2747
1192222814076	1	INSTRUCTIONSCROLL	2754
1192222814110	1	INSTRUCTIONSCROLL	2760
1192222814143	1	INSTRUCTIONSCROLL	2767
1192222814176	1	INSTRUCTIONSCROLL	2774
1192222814210	1	INSTRUCTIONSCROLL	2780
1192222814243	1	INSTRUCTIONSCROLL	2787
1192222814276	1	INSTRUCTIONSCROLL	2794
1192222814310	1	INSTRUCTIONSCROLL	2801
1192222814343	1	INSTRUCTIONSCROLL	2807
1192222814376	1	INSTRUCTIONSCROLL	2814
1192222814410	1	INSTRUCTIONSCROLL	2820
1192222814443	1	INSTRUCTIONSCROLL	2827
1192222814476	1	INSTRUCTIONSCROLL	2834
1192222814510	1	INSTRUCTIONSCROLL	2840
1192222814543	1	INSTRUCTIONSCROLL	2847
1192222814576	1	INSTRUCTIONSCROLL	2854
1192222814610	1	INSTRUCTIONSCROLL	2860
1192222814643	1	INSTRUCTIONSCROLL	2867
1192222814676	1	INSTRUCTIONSCROLL	2874
1192222814710	1	INSTRUCTIONSCROLL	2880
1192222814743	1	INSTRUCTIONSCROLL	2887
1192222814776	1	INSTRUCTIONSCROLL	2894
1192222814810	1	INSTRUCTIONSCROLL	2900
1192222814843	1	INSTRUCTIONSCROLL	2907
1192222814876	1	INSTRUCTIONSCROLL	2914
1192222814909	1	INSTRUCTIONSCROLL	2920
1192222814942	1	INSTRUCTIONSCROLL	2927
1192222814975	1	INSTRUCTIONSCROLL	2934
1192222815010	1	INSTRUCTIONSCROLL	2940
1192222815043	1	INSTRUCTIONSCROLL	2947
1192222815076	1	INSTRUCTIONSCROLL	2954
1192222815110	1	INSTRUCTIONSCROLL	2960
1192222815143	1	INSTRUCTIONSCROLL	2967
1192222815176	1	INSTRUCTIONSCROLL	2974
1192222815210	1	INSTRUCTIONSCROLL	2981
1192222815243	1	INSTRUCTIONSCROLL	2987
1192222815276	1	INSTRUCTIONSCROLL	2994
1192222815310	1	INSTRUCTIONSCROLL	3000
1192222815343	1	INSTRUCTIONSCROLL	3007
1192222815376	1	INSTRUCTIONSCROLL	3014
1192222815410	1	INSTRUCTIONSCROLL	3020
1192222815443	1	INSTRUCTIONSCROLL	3027
1192222815476	1	INSTRUCTIONSCROLL	3034
1192222815510	1	INSTRUCTIONSCROLL	3041
1192222815543	1	INSTRUCTIONSCROLL	3047
1192222815576	1	INSTRUCTIONSCROLL	3054
1192222815610	1	INSTRUCTIONSCROLL	3060
1192222815643	1	INSTRUCTIONSCROLL	3067
1192222815676	1	INSTRUCTIONSCROLL	3074
1192222815710	1	INSTRUCTIONSCROLL	3080
1192222815743	1	INSTRUCTIONSCROLL	3087
1192222815776	1	INSTRUCTIONSCROLL	3094
1192222815810	1	INSTRUCTIONSCROLL	3101
1192222815843	1	INSTRUCTIONSCROLL	3107
1192222815876	1	INSTRUCTIONSCROLL	3114
1192222815909	1	INSTRUCTIONSCROLL	3120
1192222815942	1	INSTRUCTIONSCROLL	3127
1192222815975	1	INSTRUCTIONSCROLL	3134
1192222816010	1	INSTRUCTIONSCROLL	3140
1192222816043	1	INSTRUCTIONSCROLL	3147
1192222816076	1	INSTRUCTIONSCROLL	3154
1192222816110	1	INSTRUCTIONSCROLL	3161
1192222816143	1	INSTRUCTIONSCROLL	3167
1192222816176	1	INSTRUCTIONSCROLL	3174
1192222816210	1	INSTRUCTIONSCROLL	3180
1192222816243	1	INSTRUCTIONSCROLL	3187
1192222816277	1	INSTRUCTIONSCROLL	3194
1192222816310	1	INSTRUCTIONSCROLL	3200
1192222816343	1	INSTRUCTIONSCROLL	3207
1192222816376	1	INSTRUCTIONSCROLL	3214
1192222816410	1	INSTRUCTIONSCROLL	3221
1192222816443	1	INSTRUCTIONSCROLL	3227
1192222816476	1	INSTRUCTIONSCROLL	3234
1192222816510	1	INSTRUCTIONSCROLL	3241
1192222816543	1	INSTRUCTIONSCROLL	3247
1192222816576	1	INSTRUCTIONSCROLL	3254
1192222816610	1	INSTRUCTIONSCROLL	3260
1192222816643	1	INSTRUCTIONSCROLL	3267
1192222816676	1	INSTRUCTIONSCROLL	3274
1192222816710	1	INSTRUCTIONSCROLL	3280
1192222816743	1	INSTRUCTIONSCROLL	3287
1192222816776	1	INSTRUCTIONSCROLL	3294
1192222816810	1	INSTRUCTIONSCROLL	3300
1192222816843	1	INSTRUCTIONSCROLL	3307
1192222816876	1	INSTRUCTIONSCROLL	3314
1192222816909	1	INSTRUCTIONSCROLL	3320
1192222816942	1	INSTRUCTIONSCROLL	3327
1192222816975	1	INSTRUCTIONSCROLL	3334
1192222817010	1	INSTRUCTIONSCROLL	3340
1192222817043	1	INSTRUCTIONSCROLL	3347
1192222817076	1	INSTRUCTIONSCROLL	3354
1192222817110	1	INSTRUCTIONSCROLL	3361
1192222817143	1	INSTRUCTIONSCROLL	3367
1192222817176	1	INSTRUCTIONSCROLL	3374
1192222817210	1	INSTRUCTIONSCROLL	3380
1192222817243	1	INSTRUCTIONSCROLL	3387
1192222817276	1	INSTRUCTIONSCROLL	3394
1192222817310	1	INSTRUCTIONSCROLL	3401
1192222817343	1	INSTRUCTIONSCROLL	3407
1192222817376	1	INSTRUCTIONSCROLL	3414
1192222817410	1	INSTRUCTIONSCROLL	3421
1192222817443	1	INSTRUCTIONSCROLL	3427
1192222817476	1	INSTRUCTIONSCROLL	3434
1192222817510	1	INSTRUCTIONSCROLL	3440
1192222817543	1	INSTRUCTIONSCROLL	3447
1192222817576	1	INSTRUCTIONSCROLL	3454
1192222817610	1	INSTRUCTIONSCROLL	3461
1192222817643	1	INSTRUCTIONSCROLL	3467
1192222817676	1	INSTRUCTIONSCROLL	3474
1192222817710	1	INSTRUCTIONSCROLL	3481
1192222817743	1	INSTRUCTIONSCROLL	3487
1192222817776	1	INSTRUCTIONSCROLL	3494
1192222817810	1	INSTRUCTIONSCROLL	3500
1192222817843	1	INSTRUCTIONSCROLL	3507
1192222817876	1	INSTRUCTIONSCROLL	3514
1192222817909	1	INSTRUCTIONSCROLL	3520
1192222817942	1	INSTRUCTIONSCROLL	3527
1192222817975	1	INSTRUCTIONSCROLL	3534
1192222818010	1	INSTRUCTIONSCROLL	3540
1192222818043	1	INSTRUCTIONSCROLL	3547
1192222818076	1	INSTRUCTIONSCROLL	3554
1192222818110	1	INSTRUCTIONSCROLL	3560
1192222818143	1	INSTRUCTIONSCROLL	3567
1192222818176	1	INSTRUCTIONSCROLL	3574
1192222818210	1	INSTRUCTIONSCROLL	3581
1192222818243	1	INSTRUCTIONSCROLL	3587
1192222818276	1	INSTRUCTIONSCROLL	3594
1192222818310	1	INSTRUCTIONSCROLL	3601
1192222818343	1	INSTRUCTIONSCROLL	3607
1192222818376	1	INSTRUCTIONSCROLL	3614
1192222818410	1	INSTRUCTIONSCROLL	3620
1192222818443	1	INSTRUCTIONSCROLL	3627
1192222818476	1	INSTRUCTIONSCROLL	3634
1192222818510	1	INSTRUCTIONSCROLL	3641
1192222818543	1	INSTRUCTIONSCROLL	3647
1192222818576	1	INSTRUCTIONSCROLL	3654
1192222818610	1	INSTRUCTIONSCROLL	3661
1192222818643	1	INSTRUCTIONSCROLL	3667
1192222818676	1	INSTRUCTIONSCROLL	3674
1192222818710	1	INSTRUCTIONSCROLL	3680
1192222818743	1	INSTRUCTIONSCROLL	3687
1192222818776	1	INSTRUCTIONSCROLL	3694
1192222818810	1	INSTRUCTIONSCROLL	3701
1192222818843	1	INSTRUCTIONSCROLL	3707
1192222818876	1	INSTRUCTIONSCROLL	3714
1192222818909	1	INSTRUCTIONSCROLL	3720
1192222818942	1	INSTRUCTIONSCROLL	3727
1192222818975	1	INSTRUCTIONSCROLL	3734
1192222819010	1	INSTRUCTIONSCROLL	3740
1192222819043	1	INSTRUCTIONSCROLL	3747
1192222819076	1	INSTRUCTIONSCROLL	3754
1192222819110	1	INSTRUCTIONSCROLL	3761
1192222819143	1	INSTRUCTIONSCROLL	3767
1192222819176	1	INSTRUCTIONSCROLL	3774
1192222819210	1	INSTRUCTIONSCROLL	3781
1192222819243	1	INSTRUCTIONSCROLL	3787
1192222819276	1	INSTRUCTIONSCROLL	3794
1192222819310	1	INSTRUCTIONSCROLL	3800
1192222819343	1	INSTRUCTIONSCROLL	3807
1192222819376	1	INSTRUCTIONSCROLL	3814
1192222819410	1	INSTRUCTIONSCROLL	3821
1192222819443	1	INSTRUCTIONSCROLL	3827
1192222819476	1	INSTRUCTIONSCROLL	3834
1192222819510	1	INSTRUCTIONSCROLL	3841
1192222819543	1	INSTRUCTIONSCROLL	3847
1192222819576	1	INSTRUCTIONSCROLL	3854
1192222819610	1	INSTRUCTIONSCROLL	3860
1192222819643	1	INSTRUCTIONSCROLL	3867
1192222819676	1	INSTRUCTIONSCROLL	3874
1192222819710	1	INSTRUCTIONSCROLL	3881
1192222819743	1	INSTRUCTIONSCROLL	3887
1192222819776	1	INSTRUCTIONSCROLL	3894
1192222819810	1	INSTRUCTIONSCROLL	3901
1192222819843	1	INSTRUCTIONSCROLL	3907
1192222819876	1	INSTRUCTIONSCROLL	3914
1192222819909	1	INSTRUCTIONSCROLL	3920
1192222819942	1	INSTRUCTIONSCROLL	3927
1192222819975	1	INSTRUCTIONSCROLL	3934
1192222820010	1	INSTRUCTIONSCROLL	3940
1192222820043	1	INSTRUCTIONSCROLL	3947
1192222820076	1	INSTRUCTIONSCROLL	3954
1192222820110	1	INSTRUCTIONSCROLL	3961
1192222820143	1	INSTRUCTIONSCROLL	3967
1192222820176	1	INSTRUCTIONSCROLL	3974
1192222820210	1	INSTRUCTIONSCROLL	3980
1192222820243	1	INSTRUCTIONSCROLL	3987
1192222820276	1	INSTRUCTIONSCROLL	3994
1192222820310	1	INSTRUCTIONSCROLL	4001
1192222820343	1	INSTRUCTIONSCROLL	4007
1192222820376	1	INSTRUCTIONSCROLL	4014
1192222820410	1	INSTRUCTIONSCROLL	4021
1192222820443	1	INSTRUCTIONSCROLL	4027
1192222820476	1	INSTRUCTIONSCROLL	4034
1192222820510	1	INSTRUCTIONSCROLL	4040
1192222820543	1	INSTRUCTIONSCROLL	4047
1192222820576	1	INSTRUCTIONSCROLL	4054
1192222820610	1	INSTRUCTIONSCROLL	4061
1192222820643	1	INSTRUCTIONSCROLL	4067
1192222820676	1	INSTRUCTIONSCROLL	4074
1192222820710	1	INSTRUCTIONSCROLL	4081
1192222820743	1	INSTRUCTIONSCROLL	4087
1192222820776	1	INSTRUCTIONSCROLL	4094
1192222820810	1	INSTRUCTIONSCROLL	4100
1192222820843	1	INSTRUCTIONSCROLL	4107
1192222820876	1	INSTRUCTIONSCROLL	4114
1192222820909	1	INSTRUCTIONSCROLL	4120
1192222820942	1	INSTRUCTIONSCROLL	4127
1192222820975	1	INSTRUCTIONSCROLL	4134
1192222821010	1	INSTRUCTIONSCROLL	4140
1192222821043	1	INSTRUCTIONSCROLL	4147
1192222821076	1	INSTRUCTIONSCROLL	4154
1192222821110	1	INSTRUCTIONSCROLL	4160
1192222821143	1	INSTRUCTIONSCROLL	4167
1192222821176	1	INSTRUCTIONSCROLL	4174
1192222821210	1	INSTRUCTIONSCROLL	4181
1192222821243	1	INSTRUCTIONSCROLL	4187
1192222821276	1	INSTRUCTIONSCROLL	4194
1192222829593	1	INSTRUCTIONSCROLL	4197
1192222829626	1	INSTRUCTIONSCROLL	4204
1192222829660	1	INSTRUCTIONSCROLL	4210
1192222829693	1	INSTRUCTIONSCROLL	4217
1192222829726	1	INSTRUCTIONSCROLL	4224
1192222829760	1	INSTRUCTIONSCROLL	4230
1192222829793	1	INSTRUCTIONSCROLL	4237
1192222829826	1	INSTRUCTIONSCROLL	4244
1192222829860	1	INSTRUCTIONSCROLL	4251
1192222829892	1	INSTRUCTIONSCROLL	4257
1192222829925	1	INSTRUCTIONSCROLL	4264
1192222829959	1	INSTRUCTIONSCROLL	4270
1192222829992	1	INSTRUCTIONSCROLL	4277
1192222830026	1	INSTRUCTIONSCROLL	4284
1192222830410	1	INSTRUCTIONSCROLL	4287
1192222830443	1	INSTRUCTIONSCROLL	4294
1192222830476	1	INSTRUCTIONSCROLL	4301
1192222830510	1	INSTRUCTIONSCROLL	4307
1192222830543	1	INSTRUCTIONSCROLL	4314
1192222830576	1	INSTRUCTIONSCROLL	4321
1192222830610	1	INSTRUCTIONSCROLL	4327
1192222830643	1	INSTRUCTIONSCROLL	4334
1192222830676	1	INSTRUCTIONSCROLL	4341
1192222830710	1	INSTRUCTIONSCROLL	4347
1192222830743	1	INSTRUCTIONSCROLL	4354
1192222830776	1	INSTRUCTIONSCROLL	4361
1192222830810	1	INSTRUCTIONSCROLL	4367
1192222830843	1	INSTRUCTIONSCROLL	4374
1192222830876	1	INSTRUCTIONSCROLL	4381
1192222830909	1	INSTRUCTIONSCROLL	4387
1192222830942	1	INSTRUCTIONSCROLL	4394
1192222830975	1	INSTRUCTIONSCROLL	4400
1192222831010	1	INSTRUCTIONSCROLL	4407
1192222831043	1	INSTRUCTIONSCROLL	4414
1192222831076	1	INSTRUCTIONSCROLL	4421
1192222831110	1	INSTRUCTIONSCROLL	4427
1192222831143	1	INSTRUCTIONSCROLL	4434
1192222831176	1	INSTRUCTIONSCROLL	4441
1192222831210	1	INSTRUCTIONSCROLL	4447
1192222831243	1	INSTRUCTIONSCROLL	4454
1192222831276	1	INSTRUCTIONSCROLL	4461
1192222831310	1	INSTRUCTIONSCROLL	4467
1192222831343	1	INSTRUCTIONSCROLL	4474
1192222831376	1	INSTRUCTIONSCROLL	4481
1192222831410	1	INSTRUCTIONSCROLL	4487
1192222831443	1	INSTRUCTIONSCROLL	4494
1192222831476	1	INSTRUCTIONSCROLL	4501
1192222831510	1	INSTRUCTIONSCROLL	4507
1192222831543	1	INSTRUCTIONSCROLL	4514
1192222831576	1	INSTRUCTIONSCROLL	4521
1192222831610	1	INSTRUCTIONSCROLL	4527
1192222831643	1	INSTRUCTIONSCROLL	4534
1192222831676	1	INSTRUCTIONSCROLL	4541
1192222831710	1	INSTRUCTIONSCROLL	4547
1192222831743	1	INSTRUCTIONSCROLL	4554
1192222831776	1	INSTRUCTIONSCROLL	4561
1192222831810	1	INSTRUCTIONSCROLL	4567
1192222831843	1	INSTRUCTIONSCROLL	4574
1192222831876	1	INSTRUCTIONSCROLL	4581
1192222831909	1	INSTRUCTIONSCROLL	4587
1192222831942	1	INSTRUCTIONSCROLL	4594
1192222831975	1	INSTRUCTIONSCROLL	4600
1192222832010	1	INSTRUCTIONSCROLL	4607
1192222832043	1	INSTRUCTIONSCROLL	4614
1192222832076	1	INSTRUCTIONSCROLL	4621
1192222832110	1	INSTRUCTIONSCROLL	4627
1192222832143	1	INSTRUCTIONSCROLL	4634
1192222832176	1	INSTRUCTIONSCROLL	4641
1192222832210	1	INSTRUCTIONSCROLL	4647
1192222832243	1	INSTRUCTIONSCROLL	4654
1192222832276	1	INSTRUCTIONSCROLL	4661
1192222832310	1	INSTRUCTIONSCROLL	4667
1192222832343	1	INSTRUCTIONSCROLL	4674
1192222832376	1	INSTRUCTIONSCROLL	4681
1192222832410	1	INSTRUCTIONSCROLL	4687
1192222832443	1	INSTRUCTIONSCROLL	4694
1192222832476	1	INSTRUCTIONSCROLL	4701
1192222833126	1	INSTRUCTIONSCROLL	4704
1192222833160	1	INSTRUCTIONSCROLL	4711
1192222833193	1	INSTRUCTIONSCROLL	4717
1192222833226	1	INSTRUCTIONSCROLL	4724
1192222833260	1	INSTRUCTIONSCROLL	4731
1192222833293	1	INSTRUCTIONSCROLL	4737
1192222833326	1	INSTRUCTIONSCROLL	4744
1192222833360	1	INSTRUCTIONSCROLL	4751
1192222833393	1	INSTRUCTIONSCROLL	4757
1192222833426	1	INSTRUCTIONSCROLL	4764
1192222833460	1	INSTRUCTIONSCROLL	4771
1192222833493	1	INSTRUCTIONSCROLL	4777
1192222833527	1	INSTRUCTIONSCROLL	4784
1192222833560	1	INSTRUCTIONSCROLL	4791
1192222833593	1	INSTRUCTIONSCROLL	4797
1192222833626	1	INSTRUCTIONSCROLL	4804
1192222833660	1	INSTRUCTIONSCROLL	4811
1192222833693	1	INSTRUCTIONSCROLL	4817
1192222833726	1	INSTRUCTIONSCROLL	4824
1192222833760	1	INSTRUCTIONSCROLL	4831
1192222833793	1	INSTRUCTIONSCROLL	4837
1192222833826	1	INSTRUCTIONSCROLL	4844
1192222833876	1	INSTRUCTIONSCROLL	4852
1192222833909	1	INSTRUCTIONSCROLL	4860
1192222833942	1	INSTRUCTIONSCROLL	4867
1192222833975	1	INSTRUCTIONSCROLL	4874
1192222834010	1	INSTRUCTIONSCROLL	4881
1192222834043	1	INSTRUCTIONSCROLL	4887
1192222843527	1	INSTRUCTIONSCROLL	4891
1192222843560	1	INSTRUCTIONSCROLL	4897
1192222843593	1	INSTRUCTIONSCROLL	4904
1192222843626	1	INSTRUCTIONSCROLL	4911
1192222843660	1	INSTRUCTIONSCROLL	4917
1192222843693	1	INSTRUCTIONSCROLL	4924
1192222843726	1	INSTRUCTIONSCROLL	4931
1192222843760	1	INSTRUCTIONSCROLL	4937
1192222843793	1	INSTRUCTIONSCROLL	4944
1192222843826	1	INSTRUCTIONSCROLL	4951
1192222843860	1	INSTRUCTIONSCROLL	4957
1192222843892	1	INSTRUCTIONSCROLL	4964
1192222843926	1	INSTRUCTIONSCROLL	4971
1192222843959	1	INSTRUCTIONSCROLL	4977
1192222843992	1	INSTRUCTIONSCROLL	4984
1192222844027	1	INSTRUCTIONSCROLL	4991
1192222844060	1	INSTRUCTIONSCROLL	4997
1192222844093	1	INSTRUCTIONSCROLL	5004
1192222844127	1	INSTRUCTIONSCROLL	5011
1192222844160	1	INSTRUCTIONSCROLL	5017
1192222844193	1	INSTRUCTIONSCROLL	5024
1192222844227	1	INSTRUCTIONSCROLL	5031
1192222844260	1	INSTRUCTIONSCROLL	5038
1192222844293	1	INSTRUCTIONSCROLL	5044
1192222844327	1	INSTRUCTIONSCROLL	5051
1192222844360	1	INSTRUCTIONSCROLL	5057
1192222844393	1	INSTRUCTIONSCROLL	5064
1192222844427	1	INSTRUCTIONSCROLL	5071
1192222844460	1	INSTRUCTIONSCROLL	5077
1192222844493	1	INSTRUCTIONSCROLL	5084
1192222871110	1	INSTRUCTIONSCROLL	5088
1192222871143	1	INSTRUCTIONSCROLL	5094
1192222871177	1	INSTRUCTIONSCROLL	5101
1192222871210	1	INSTRUCTIONSCROLL	5108
1192222871243	1	INSTRUCTIONSCROLL	5114
1192222871277	1	INSTRUCTIONSCROLL	5121
1192222871310	1	INSTRUCTIONSCROLL	5128
1192222871343	1	INSTRUCTIONSCROLL	5134
1192222890510	1	INSTRUCTIONSCROLL	5138
1192222890544	1	INSTRUCTIONSCROLL	5144
1192222890577	1	INSTRUCTIONSCROLL	5151
1192222890660	1	INSTRUCTIONSCROLL	5154
1192222890694	1	INSTRUCTIONSCROLL	5161
1192222890727	1	INSTRUCTIONSCROLL	5167
1192222892260	1	INSTRUCTIONSCROLL	5171
1192222892294	1	INSTRUCTIONSCROLL	5177
1192222892327	1	INSTRUCTIONSCROLL	5184
1192222892360	1	INSTRUCTIONSCROLL	5191
1192222892394	1	INSTRUCTIONSCROLL	5196
1192222893077	1	INSTRUCTIONSTOP	Button set (OR)
1192222893078	0	E	Logging Ends
1192223733214	0	B	Logging Begins
1192223733214	0	INSTRUCTIONSTART	JointRoller	/Library/Frameworks/Python.framework/Versions/2.4/lib/python2.4/site-packages/pyepl/resources/vera.ttf	75	(0, 0, 0)	'In the following experiment, your memory for associating names with faces will be tested.  The task is difficult and requires concentration, so if you need a break at any time let the experimenter know.\n\nSixteen faces will be presented on the screen, consecutively, accompanied by their names.  A woman\'s voice will also speak the name when the face appears on the screen.  After five seconds, the face will disappear from the screen, a star (*) will flash on the screen for one second, and then the next face and name will appear.\n\nAfter you have seen all sixteen faces and names, you will be prompted to press any key in order to move on to a testing period.  During each trial of the testing period, you will see a face with name underneath it.  You will have to decide whether or not the name is paired with the appropriate face.  \n\nYou will respond on the keyboard, with a confidence judgment between 1 and 6.  A judgment of 1 indicates that you are near certain that the name given is incorrectly paired with the face, a judgment of 2 indicates moderate confidence, and a judgment of 3 indicates that you think the name is incorrectly paired with the face, but are quite unsure.  A judgment of 6 indicates that you are near certain that the name given is correctly paired with the face, a judgment of 5 indicates moderate confidence, and a judgment of 4 indicates that you think the name is correctly paired with the face, but are quite unsure.\n\nYou should rest your fingers on the bottom row of the keyboard.  "Z", "X", and  "C" will correspond to confidence judgments of 1, 2, and 3, respectively.  ",", ".", and "/" will correspond to confidence judgments of 4, 5, and 6, respectively.\n\nAfter five seconds the name and face will disappear from the screen, a star will flash on the screen for one second, and then the next name and face pair will appear on the screen.  You will see sixteen name-face pairs per test period.  You should try to reply as quickly and accurately as you can.\n\nThere will be ten study periods and ten test periods, alternating.  Each face will have the same name over the entire course of the experiment, so your task is to try and learn the faces\' names as quickly and accurately as possible.\n\nDo you have any questions?\n\nPress <ENTER> to continue.\n'
1192223733317	1	INSTRUCTIONSCROLL	0
1192223734549	1	INSTRUCTIONSCROLL	3
1192223734582	1	INSTRUCTIONSCROLL	10
1192223734616	1	INSTRUCTIONSCROLL	16
1192223734649	1	INSTRUCTIONSCROLL	23
1192223734682	1	INSTRUCTIONSCROLL	30
1192223734716	1	INSTRUCTIONSCROLL	36
1192223734749	1	INSTRUCTIONSCROLL	43
1192223734782	1	INSTRUCTIONSCROLL	50
1192223734816	1	INSTRUCTIONSCROLL	56
1192223734849	1	INSTRUCTIONSCROLL	63
1192223734882	1	INSTRUCTIONSCROLL	70
1192223734916	1	INSTRUCTIONSCROLL	76
1192223734949	1	INSTRUCTIONSCROLL	83
1192223734982	1	INSTRUCTIONSCROLL	89
1192223735017	1	INSTRUCTIONSCROLL	96
1192223735050	1	INSTRUCTIONSCROLL	103
1192223735083	1	INSTRUCTIONSCROLL	110
1192223735117	1	INSTRUCTIONSCROLL	116
1192223735150	1	INSTRUCTIONSCROLL	123
1192223735183	1	INSTRUCTIONSCROLL	130
1192223735217	1	INSTRUCTIONSCROLL	136
1192223735250	1	INSTRUCTIONSCROLL	143
1192223735283	1	INSTRUCTIONSCROLL	150
1192223735317	1	INSTRUCTIONSCROLL	156
1192223735350	1	INSTRUCTIONSCROLL	163
1192223735382	1	INSTRUCTIONSCROLL	170
1192223735416	1	INSTRUCTIONSCROLL	176
1192223735449	1	INSTRUCTIONSCROLL	183
1192223735482	1	INSTRUCTIONSCROLL	189
1192223735516	1	INSTRUCTIONSCROLL	196
1192223735549	1	INSTRUCTIONSCROLL	203
1192223735582	1	INSTRUCTIONSCROLL	209
1192223735616	1	INSTRUCTIONSCROLL	216
1192223735649	1	INSTRUCTIONSCROLL	223
1192223737649	1	INSTRUCTIONSCROLL	1123
1192223737982	1	INSTRUCTIONSCROLL	2023
1192223738117	1	INSTRUCTIONSCROLL	2923
1192223738317	1	INSTRUCTIONSCROLL	3823
1192223738532	1	INSTRUCTIONSCROLL	4723
1192223738666	1	INSTRUCTIONSCROLL	5196
1192223739283	1	INSTRUCTIONSTOP	Button set (OR)
1192223739284	0	E	Logging Ends
