1169665293868	0	B	Logging Begins
1169665293868	0	INSTRUCTIONSTART	JointRoller	/Library/Frameworks/Python.framework/Versions/2.4/lib/python2.4/site-packages/pyepl/resources/vera.ttf	64	(0, 0, 0)	'In the following experiment, your memory for associating names with faces will be tested.  The task is difficult and requires concentration, so if you need a break at any time let the experimenter know.\n\nSixteen faces will be presented on the screen, consecutively, accompanied by their names.  A woman\'s voice will also speak the name when the face appears on the screen.  After five seconds, the face will disappear from the screen, a star (*) will flash on the screen for one second, and then the next face and name will appear.\n\nAfter you have seen all sixteen faces and names, you will be prompted to press any key in order to move on to a testing period.  During each trial of the testing period, you will see a face with name underneath it.  You will have to decide whether or not the name is paired with the appropriate face.  \n\nYou will respond on the keyboard, with a confidence judgment between 1 and 6.  A judgment of 1 indicates that you are near certain that the name given is incorrectly paired with the face, a judgment of 2 indicates moderate confidence, and a judgment of 3 indicates that you think the name is incorrectly paired with the face, but are quite unsure.  A judgment of 6 indicates that you are near certain that the name given is correctly paired with the face, a judgment of 5 indicates moderate confidence, and a judgment of 4 indicates that you think the name is correctly paired with the face, but are quite unsure.\n\nYou should rest your fingers on the bottom row of the keyboard.  "Z", "X", and  "C" will correspond to confidence judgments of 1, 2, and 3, respectively.  ",", ".", and "/" will correspond to confidence judgments of 4, 5, and 6, respectively.\n\nAfter five seconds the name and face will disappear from the screen, a star will flash on the screen for one second, and then the next name and face pair will appear on the screen.  You will see sixteen name-face pairs per test period.  You should try to reply as quickly and accurately as you can.\n\nThere will be ten study periods and ten test periods, alternating.  Each face will have the same name over the entire course of the experiment, so your task is to try and learn the faces\' names as quickly and accurately as possible.\n\nDo you have any questions?\n\nPress <ENTER> to continue.\n'
1169665293946	1	INSTRUCTIONSCROLL	0
1169665311705	1	INSTRUCTIONSCROLL	1
1169665311722	1	INSTRUCTIONSCROLL	5
1169665311738	1	INSTRUCTIONSCROLL	8
1169665311755	1	INSTRUCTIONSCROLL	11
1169665311772	1	INSTRUCTIONSCROLL	15
1169665311788	1	INSTRUCTIONSCROLL	18
1169665311805	1	INSTRUCTIONSCROLL	21
1169665311822	1	INSTRUCTIONSCROLL	24
1169665312139	1	INSTRUCTIONSCROLL	25
1169665312156	1	INSTRUCTIONSCROLL	27
1169665312173	1	INSTRUCTIONSCROLL	30
1169665312189	1	INSTRUCTIONSCROLL	33
1169665312206	1	INSTRUCTIONSCROLL	37
1169665312223	1	INSTRUCTIONSCROLL	40
1169665312406	1	INSTRUCTIONSCROLL	41
1169665312423	1	INSTRUCTIONSCROLL	44
1169665312439	1	INSTRUCTIONSCROLL	48
1169665312456	1	INSTRUCTIONSCROLL	51
1169665312655	1	INSTRUCTIONSCROLL	52
1169665312672	1	INSTRUCTIONSCROLL	53
1169665312688	1	INSTRUCTIONSCROLL	56
1169665312705	1	INSTRUCTIONSCROLL	59
1169665312871	1	INSTRUCTIONSCROLL	60
1169665312888	1	INSTRUCTIONSCROLL	62
1169665312905	1	INSTRUCTIONSCROLL	65
1169665312921	1	INSTRUCTIONSCROLL	69
1169665313072	1	INSTRUCTIONSCROLL	70
1169665313089	1	INSTRUCTIONSCROLL	74
1169665313106	1	INSTRUCTIONSCROLL	77
1169665313122	1	INSTRUCTIONSCROLL	80
1169665313139	1	INSTRUCTIONSCROLL	84
1169665313156	1	INSTRUCTIONSCROLL	87
1169665313172	1	INSTRUCTIONSCROLL	90
1169665313189	1	INSTRUCTIONSCROLL	94
1169665313206	1	INSTRUCTIONSCROLL	97
1169665313222	1	INSTRUCTIONSCROLL	100
1169665313239	1	INSTRUCTIONSCROLL	104
1169665313256	1	INSTRUCTIONSCROLL	107
1169665313272	1	INSTRUCTIONSCROLL	110
1169665313289	1	INSTRUCTIONSCROLL	114
1169665313306	1	INSTRUCTIONSCROLL	117
1169665313322	1	INSTRUCTIONSCROLL	120
1169665313339	1	INSTRUCTIONSCROLL	124
1169665313356	1	INSTRUCTIONSCROLL	127
1169665313372	1	INSTRUCTIONSCROLL	130
1169665313389	1	INSTRUCTIONSCROLL	134
1169665313406	1	INSTRUCTIONSCROLL	137
1169665313422	1	INSTRUCTIONSCROLL	140
1169665313439	1	INSTRUCTIONSCROLL	143
1169665313456	1	INSTRUCTIONSCROLL	147
1169665313472	1	INSTRUCTIONSCROLL	150
1169665313489	1	INSTRUCTIONSCROLL	154
1169665313506	1	INSTRUCTIONSCROLL	157
1169665313521	1	INSTRUCTIONSCROLL	160
1169665313538	1	INSTRUCTIONSCROLL	163
1169665313555	1	INSTRUCTIONSCROLL	167
1169665313571	1	INSTRUCTIONSCROLL	170
1169665313588	1	INSTRUCTIONSCROLL	173
1169665313605	1	INSTRUCTIONSCROLL	177
1169665313621	1	INSTRUCTIONSCROLL	180
1169665313638	1	INSTRUCTIONSCROLL	183
1169665313655	1	INSTRUCTIONSCROLL	187
1169665313671	1	INSTRUCTIONSCROLL	190
1169665313688	1	INSTRUCTIONSCROLL	193
1169665313705	1	INSTRUCTIONSCROLL	197
1169665313721	1	INSTRUCTIONSCROLL	200
1169665313738	1	INSTRUCTIONSCROLL	203
1169665313755	1	INSTRUCTIONSCROLL	207
1169665313771	1	INSTRUCTIONSCROLL	210
1169665313788	1	INSTRUCTIONSCROLL	213
1169665313805	1	INSTRUCTIONSCROLL	217
1169665313821	1	INSTRUCTIONSCROLL	220
1169665313838	1	INSTRUCTIONSCROLL	223
1169665313855	1	INSTRUCTIONSCROLL	227
1169665313871	1	INSTRUCTIONSCROLL	230
1169665313888	1	INSTRUCTIONSCROLL	233
1169665313905	1	INSTRUCTIONSCROLL	237
1169665313921	1	INSTRUCTIONSCROLL	240
1169665313938	1	INSTRUCTIONSCROLL	243
1169665313955	1	INSTRUCTIONSCROLL	247
1169665313971	1	INSTRUCTIONSCROLL	250
1169665313988	1	INSTRUCTIONSCROLL	253
1169665314005	1	INSTRUCTIONSCROLL	257
1169665314022	1	INSTRUCTIONSCROLL	260
1169665314039	1	INSTRUCTIONSCROLL	263
1169665314055	1	INSTRUCTIONSCROLL	267
1169665314072	1	INSTRUCTIONSCROLL	270
1169665314089	1	INSTRUCTIONSCROLL	273
1169665314105	1	INSTRUCTIONSCROLL	277
1169665314122	1	INSTRUCTIONSCROLL	280
1169665314139	1	INSTRUCTIONSCROLL	284
1169665314155	1	INSTRUCTIONSCROLL	287
1169665314172	1	INSTRUCTIONSCROLL	290
1169665314189	1	INSTRUCTIONSCROLL	293
1169665314205	1	INSTRUCTIONSCROLL	297
1169665314222	1	INSTRUCTIONSCROLL	300
1169665314239	1	INSTRUCTIONSCROLL	303
1169665314255	1	INSTRUCTIONSCROLL	307
1169665314272	1	INSTRUCTIONSCROLL	310
1169665314289	1	INSTRUCTIONSCROLL	313
1169665314305	1	INSTRUCTIONSCROLL	317
1169665314322	1	INSTRUCTIONSCROLL	320
1169665314339	1	INSTRUCTIONSCROLL	323
1169665314355	1	INSTRUCTIONSCROLL	327
1169665314372	1	INSTRUCTIONSCROLL	330
1169665314389	1	INSTRUCTIONSCROLL	333
1169665314405	1	INSTRUCTIONSCROLL	337
1169665314422	1	INSTRUCTIONSCROLL	340
1169665314439	1	INSTRUCTIONSCROLL	343
1169665314455	1	INSTRUCTIONSCROLL	347
1169665314472	1	INSTRUCTIONSCROLL	350
1169665314489	1	INSTRUCTIONSCROLL	353
1169665314505	1	INSTRUCTIONSCROLL	357
1169665314521	1	INSTRUCTIONSCROLL	360
1169665314538	1	INSTRUCTIONSCROLL	363
1169665314554	1	INSTRUCTIONSCROLL	366
1169665314571	1	INSTRUCTIONSCROLL	370
1169665314588	1	INSTRUCTIONSCROLL	373
1169665314604	1	INSTRUCTIONSCROLL	376
1169665314621	1	INSTRUCTIONSCROLL	380
1169665314638	1	INSTRUCTIONSCROLL	383
1169665314654	1	INSTRUCTIONSCROLL	386
1169665314671	1	INSTRUCTIONSCROLL	390
1169665314688	1	INSTRUCTIONSCROLL	393
1169665314704	1	INSTRUCTIONSCROLL	396
1169665314721	1	INSTRUCTIONSCROLL	400
1169665314738	1	INSTRUCTIONSCROLL	403
1169665314754	1	INSTRUCTIONSCROLL	406
1169665314771	1	INSTRUCTIONSCROLL	410
1169665314788	1	INSTRUCTIONSCROLL	413
1169665314804	1	INSTRUCTIONSCROLL	416
1169665314821	1	INSTRUCTIONSCROLL	420
1169665314838	1	INSTRUCTIONSCROLL	423
1169665314854	1	INSTRUCTIONSCROLL	426
1169665314871	1	INSTRUCTIONSCROLL	430
1169665314888	1	INSTRUCTIONSCROLL	433
1169665314904	1	INSTRUCTIONSCROLL	436
1169665314921	1	INSTRUCTIONSCROLL	440
1169665314938	1	INSTRUCTIONSCROLL	443
1169665314954	1	INSTRUCTIONSCROLL	446
1169665314971	1	INSTRUCTIONSCROLL	450
1169665314988	1	INSTRUCTIONSCROLL	453
1169665315005	1	INSTRUCTIONSCROLL	456
1169665315022	1	INSTRUCTIONSCROLL	460
1169665315039	1	INSTRUCTIONSCROLL	463
1169665315055	1	INSTRUCTIONSCROLL	467
1169665315072	1	INSTRUCTIONSCROLL	470
1169665315089	1	INSTRUCTIONSCROLL	473
1169665315105	1	INSTRUCTIONSCROLL	477
1169665315122	1	INSTRUCTIONSCROLL	480
1169665315139	1	INSTRUCTIONSCROLL	483
1169665315155	1	INSTRUCTIONSCROLL	487
1169665315172	1	INSTRUCTIONSCROLL	490
1169665315189	1	INSTRUCTIONSCROLL	493
1169665315205	1	INSTRUCTIONSCROLL	497
1169665315222	1	INSTRUCTIONSCROLL	500
1169665315238	1	INSTRUCTIONSCROLL	503
1169665315255	1	INSTRUCTIONSCROLL	507
1169665315272	1	INSTRUCTIONSCROLL	510
1169665315288	1	INSTRUCTIONSCROLL	513
1169665315305	1	INSTRUCTIONSCROLL	517
1169665315322	1	INSTRUCTIONSCROLL	520
1169665315338	1	INSTRUCTIONSCROLL	523
1169665315355	1	INSTRUCTIONSCROLL	527
1169665315372	1	INSTRUCTIONSCROLL	530
1169665315388	1	INSTRUCTIONSCROLL	533
1169665315405	1	INSTRUCTIONSCROLL	537
1169665315422	1	INSTRUCTIONSCROLL	540
1169665315438	1	INSTRUCTIONSCROLL	543
1169665315455	1	INSTRUCTIONSCROLL	547
1169665315472	1	INSTRUCTIONSCROLL	550
1169665315488	1	INSTRUCTIONSCROLL	553
1169665315505	1	INSTRUCTIONSCROLL	557
1169665315521	1	INSTRUCTIONSCROLL	560
1169665315537	1	INSTRUCTIONSCROLL	563
1169665315554	1	INSTRUCTIONSCROLL	566
1169665315571	1	INSTRUCTIONSCROLL	570
1169665315587	1	INSTRUCTIONSCROLL	573
1169665315604	1	INSTRUCTIONSCROLL	576
1169665315621	1	INSTRUCTIONSCROLL	580
1169665315637	1	INSTRUCTIONSCROLL	583
1169665315654	1	INSTRUCTIONSCROLL	586
1169665315671	1	INSTRUCTIONSCROLL	590
1169665315687	1	INSTRUCTIONSCROLL	593
1169665315704	1	INSTRUCTIONSCROLL	596
1169665315721	1	INSTRUCTIONSCROLL	600
1169665315737	1	INSTRUCTIONSCROLL	603
1169665315754	1	INSTRUCTIONSCROLL	606
1169665315771	1	INSTRUCTIONSCROLL	610
1169665315787	1	INSTRUCTIONSCROLL	613
1169665315804	1	INSTRUCTIONSCROLL	616
1169665315821	1	INSTRUCTIONSCROLL	620
1169665315837	1	INSTRUCTIONSCROLL	623
1169665315854	1	INSTRUCTIONSCROLL	626
1169665315871	1	INSTRUCTIONSCROLL	630
1169665315887	1	INSTRUCTIONSCROLL	633
1169665315904	1	INSTRUCTIONSCROLL	636
1169665315921	1	INSTRUCTIONSCROLL	640
1169665315937	1	INSTRUCTIONSCROLL	643
1169665315954	1	INSTRUCTIONSCROLL	646
1169665315971	1	INSTRUCTIONSCROLL	650
1169665315987	1	INSTRUCTIONSCROLL	653
1169665316005	1	INSTRUCTIONSCROLL	656
1169665316022	1	INSTRUCTIONSCROLL	660
1169665316038	1	INSTRUCTIONSCROLL	663
1169665316055	1	INSTRUCTIONSCROLL	667
1169665316072	1	INSTRUCTIONSCROLL	670
1169665316088	1	INSTRUCTIONSCROLL	673
1169665316105	1	INSTRUCTIONSCROLL	677
1169665316122	1	INSTRUCTIONSCROLL	680
1169665316138	1	INSTRUCTIONSCROLL	683
1169665316155	1	INSTRUCTIONSCROLL	687
1169665316172	1	INSTRUCTIONSCROLL	690
1169665316188	1	INSTRUCTIONSCROLL	693
1169665316205	1	INSTRUCTIONSCROLL	697
1169665316222	1	INSTRUCTIONSCROLL	700
1169665316238	1	INSTRUCTIONSCROLL	703
1169665316255	1	INSTRUCTIONSCROLL	707
1169665316272	1	INSTRUCTIONSCROLL	710
1169665316288	1	INSTRUCTIONSCROLL	713
1169665316305	1	INSTRUCTIONSCROLL	717
1169665316322	1	INSTRUCTIONSCROLL	720
1169665316338	1	INSTRUCTIONSCROLL	723
1169665316355	1	INSTRUCTIONSCROLL	727
1169665316371	1	INSTRUCTIONSCROLL	730
1169665316388	1	INSTRUCTIONSCROLL	733
1169665316405	1	INSTRUCTIONSCROLL	736
1169665316421	1	INSTRUCTIONSCROLL	740
1169665316438	1	INSTRUCTIONSCROLL	743
1169665316455	1	INSTRUCTIONSCROLL	747
1169665316471	1	INSTRUCTIONSCROLL	750
1169665316488	1	INSTRUCTIONSCROLL	753
1169665316505	1	INSTRUCTIONSCROLL	757
1169665316520	1	INSTRUCTIONSCROLL	760
1169665316537	1	INSTRUCTIONSCROLL	763
1169665316554	1	INSTRUCTIONSCROLL	766
1169665317338	1	INSTRUCTIONSCROLL	767
1169665317355	1	INSTRUCTIONSCROLL	768
1169665317371	1	INSTRUCTIONSCROLL	771
1169665317388	1	INSTRUCTIONSCROLL	775
1169665317404	1	INSTRUCTIONSCROLL	778
1169665317421	1	INSTRUCTIONSCROLL	781
1169665317438	1	INSTRUCTIONSCROLL	785
1169665317454	1	INSTRUCTIONSCROLL	788
1169665317471	1	INSTRUCTIONSCROLL	791
1169665317488	1	INSTRUCTIONSCROLL	795
1169665317504	1	INSTRUCTIONSCROLL	798
1169665317520	1	INSTRUCTIONSCROLL	801
1169665317537	1	INSTRUCTIONSCROLL	804
1169665317553	1	INSTRUCTIONSCROLL	808
1169665317570	1	INSTRUCTIONSCROLL	811
1169665317587	1	INSTRUCTIONSCROLL	814
1169665317603	1	INSTRUCTIONSCROLL	818
1169665317620	1	INSTRUCTIONSCROLL	821
1169665317637	1	INSTRUCTIONSCROLL	824
1169665317653	1	INSTRUCTIONSCROLL	828
1169665317670	1	INSTRUCTIONSCROLL	831
1169665317687	1	INSTRUCTIONSCROLL	834
1169665317703	1	INSTRUCTIONSCROLL	838
1169665317720	1	INSTRUCTIONSCROLL	841
1169665317737	1	INSTRUCTIONSCROLL	844
1169665317753	1	INSTRUCTIONSCROLL	848
1169665317770	1	INSTRUCTIONSCROLL	851
1169665317787	1	INSTRUCTIONSCROLL	855
1169665317803	1	INSTRUCTIONSCROLL	858
1169665317820	1	INSTRUCTIONSCROLL	861
1169665317837	1	INSTRUCTIONSCROLL	864
1169665317853	1	INSTRUCTIONSCROLL	868
1169665317870	1	INSTRUCTIONSCROLL	871
1169665317887	1	INSTRUCTIONSCROLL	874
1169665317903	1	INSTRUCTIONSCROLL	878
1169665317920	1	INSTRUCTIONSCROLL	881
1169665317937	1	INSTRUCTIONSCROLL	885
1169665317953	1	INSTRUCTIONSCROLL	888
1169665317970	1	INSTRUCTIONSCROLL	891
1169665317987	1	INSTRUCTIONSCROLL	894
1169665318004	1	INSTRUCTIONSCROLL	898
1169665318021	1	INSTRUCTIONSCROLL	901
1169665318038	1	INSTRUCTIONSCROLL	905
1169665318054	1	INSTRUCTIONSCROLL	908
1169665318073	1	INSTRUCTIONSCROLL	911
1169665318088	1	INSTRUCTIONSCROLL	915
1169665318104	1	INSTRUCTIONSCROLL	918
1169665318121	1	INSTRUCTIONSCROLL	921
1169665318138	1	INSTRUCTIONSCROLL	925
1169665318154	1	INSTRUCTIONSCROLL	928
1169665318171	1	INSTRUCTIONSCROLL	931
1169665318188	1	INSTRUCTIONSCROLL	935
1169665318204	1	INSTRUCTIONSCROLL	938
1169665318221	1	INSTRUCTIONSCROLL	941
1169665318238	1	INSTRUCTIONSCROLL	945
1169665318254	1	INSTRUCTIONSCROLL	948
1169665318271	1	INSTRUCTIONSCROLL	951
1169665318288	1	INSTRUCTIONSCROLL	955
1169665318304	1	INSTRUCTIONSCROLL	958
1169665318321	1	INSTRUCTIONSCROLL	961
1169665318338	1	INSTRUCTIONSCROLL	965
1169665318354	1	INSTRUCTIONSCROLL	968
1169665318371	1	INSTRUCTIONSCROLL	971
1169665318388	1	INSTRUCTIONSCROLL	975
1169665318404	1	INSTRUCTIONSCROLL	978
1169665318421	1	INSTRUCTIONSCROLL	981
1169665318438	1	INSTRUCTIONSCROLL	985
1169665318454	1	INSTRUCTIONSCROLL	988
1169665318471	1	INSTRUCTIONSCROLL	991
1169665318488	1	INSTRUCTIONSCROLL	995
1169665318504	1	INSTRUCTIONSCROLL	998
1169665318520	1	INSTRUCTIONSCROLL	1001
1169665318537	1	INSTRUCTIONSCROLL	1005
1169665318553	1	INSTRUCTIONSCROLL	1008
1169665318570	1	INSTRUCTIONSCROLL	1011
1169665318587	1	INSTRUCTIONSCROLL	1014
1169665318603	1	INSTRUCTIONSCROLL	1018
1169665318620	1	INSTRUCTIONSCROLL	1021
1169665318637	1	INSTRUCTIONSCROLL	1025
1169665318653	1	INSTRUCTIONSCROLL	1028
1169665318671	1	INSTRUCTIONSCROLL	1031
1169665318687	1	INSTRUCTIONSCROLL	1035
1169665318703	1	INSTRUCTIONSCROLL	1038
1169665318720	1	INSTRUCTIONSCROLL	1041
1169665318737	1	INSTRUCTIONSCROLL	1044
1169665318753	1	INSTRUCTIONSCROLL	1048
1169665318770	1	INSTRUCTIONSCROLL	1051
1169665318786	1	INSTRUCTIONSCROLL	1055
1169665318803	1	INSTRUCTIONSCROLL	1058
1169665318820	1	INSTRUCTIONSCROLL	1061
1169665318836	1	INSTRUCTIONSCROLL	1065
1169665318853	1	INSTRUCTIONSCROLL	1068
1169665318870	1	INSTRUCTIONSCROLL	1071
1169665318887	1	INSTRUCTIONSCROLL	1075
1169665318903	1	INSTRUCTIONSCROLL	1078
1169665318920	1	INSTRUCTIONSCROLL	1081
1169665318936	1	INSTRUCTIONSCROLL	1085
1169665318953	1	INSTRUCTIONSCROLL	1088
1169665318970	1	INSTRUCTIONSCROLL	1091
1169665318986	1	INSTRUCTIONSCROLL	1095
1169665319004	1	INSTRUCTIONSCROLL	1098
1169665319021	1	INSTRUCTIONSCROLL	1102
1169665319037	1	INSTRUCTIONSCROLL	1105
1169665319054	1	INSTRUCTIONSCROLL	1108
1169665319071	1	INSTRUCTIONSCROLL	1111
1169665319087	1	INSTRUCTIONSCROLL	1115
1169665319104	1	INSTRUCTIONSCROLL	1118
1169665319121	1	INSTRUCTIONSCROLL	1121
1169665319137	1	INSTRUCTIONSCROLL	1125
1169665319154	1	INSTRUCTIONSCROLL	1128
1169665319171	1	INSTRUCTIONSCROLL	1132
1169665319187	1	INSTRUCTIONSCROLL	1135
1169665319204	1	INSTRUCTIONSCROLL	1138
1169665319221	1	INSTRUCTIONSCROLL	1141
1169665319237	1	INSTRUCTIONSCROLL	1145
1169665319254	1	INSTRUCTIONSCROLL	1148
1169665319271	1	INSTRUCTIONSCROLL	1151
1169665319287	1	INSTRUCTIONSCROLL	1155
1169665319304	1	INSTRUCTIONSCROLL	1158
1169665319321	1	INSTRUCTIONSCROLL	1162
1169665319337	1	INSTRUCTIONSCROLL	1165
1169665319354	1	INSTRUCTIONSCROLL	1168
1169665319371	1	INSTRUCTIONSCROLL	1172
1169665319387	1	INSTRUCTIONSCROLL	1175
1169665319404	1	INSTRUCTIONSCROLL	1178
1169665319421	1	INSTRUCTIONSCROLL	1181
1169665319437	1	INSTRUCTIONSCROLL	1185
1169665319454	1	INSTRUCTIONSCROLL	1188
1169665319471	1	INSTRUCTIONSCROLL	1192
1169665319487	1	INSTRUCTIONSCROLL	1195
1169665329817	1	INSTRUCTIONSCROLL	1196
1169665329833	1	INSTRUCTIONSCROLL	1198
1169665329850	1	INSTRUCTIONSCROLL	1202
1169665329867	1	INSTRUCTIONSCROLL	1205
1169665329883	1	INSTRUCTIONSCROLL	1208
1169665329900	1	INSTRUCTIONSCROLL	1212
1169665329917	1	INSTRUCTIONSCROLL	1215
1169665329933	1	INSTRUCTIONSCROLL	1218
1169665329950	1	INSTRUCTIONSCROLL	1222
1169665329967	1	INSTRUCTIONSCROLL	1225
1169665329983	1	INSTRUCTIONSCROLL	1228
1169665330001	1	INSTRUCTIONSCROLL	1232
1169665330018	1	INSTRUCTIONSCROLL	1235
1169665330034	1	INSTRUCTIONSCROLL	1239
1169665330051	1	INSTRUCTIONSCROLL	1242
1169665330068	1	INSTRUCTIONSCROLL	1245
1169665330084	1	INSTRUCTIONSCROLL	1249
1169665330101	1	INSTRUCTIONSCROLL	1252
1169665330118	1	INSTRUCTIONSCROLL	1255
1169665330134	1	INSTRUCTIONSCROLL	1259
1169665330151	1	INSTRUCTIONSCROLL	1262
1169665330168	1	INSTRUCTIONSCROLL	1265
1169665330184	1	INSTRUCTIONSCROLL	1269
1169665330201	1	INSTRUCTIONSCROLL	1272
1169665330218	1	INSTRUCTIONSCROLL	1275
1169665330234	1	INSTRUCTIONSCROLL	1279
1169665330251	1	INSTRUCTIONSCROLL	1282
1169665330268	1	INSTRUCTIONSCROLL	1285
1169665330284	1	INSTRUCTIONSCROLL	1289
1169665330301	1	INSTRUCTIONSCROLL	1292
1169665330318	1	INSTRUCTIONSCROLL	1295
1169665330334	1	INSTRUCTIONSCROLL	1299
1169665330351	1	INSTRUCTIONSCROLL	1302
1169665330368	1	INSTRUCTIONSCROLL	1305
1169665330384	1	INSTRUCTIONSCROLL	1309
1169665330401	1	INSTRUCTIONSCROLL	1312
1169665330418	1	INSTRUCTIONSCROLL	1315
1169665330434	1	INSTRUCTIONSCROLL	1319
1169665330451	1	INSTRUCTIONSCROLL	1322
1169665330468	1	INSTRUCTIONSCROLL	1325
1169665330484	1	INSTRUCTIONSCROLL	1329
1169665330501	1	INSTRUCTIONSCROLL	1332
1169665330517	1	INSTRUCTIONSCROLL	1335
1169665330533	1	INSTRUCTIONSCROLL	1338
1169665330550	1	INSTRUCTIONSCROLL	1342
1169665330567	1	INSTRUCTIONSCROLL	1345
1169665330583	1	INSTRUCTIONSCROLL	1348
1169665330600	1	INSTRUCTIONSCROLL	1352
1169665330617	1	INSTRUCTIONSCROLL	1355
1169665330633	1	INSTRUCTIONSCROLL	1358
1169665330650	1	INSTRUCTIONSCROLL	1362
1169665330667	1	INSTRUCTIONSCROLL	1365
1169665330683	1	INSTRUCTIONSCROLL	1368
1169665330700	1	INSTRUCTIONSCROLL	1372
1169665330717	1	INSTRUCTIONSCROLL	1375
1169665330733	1	INSTRUCTIONSCROLL	1378
1169665330750	1	INSTRUCTIONSCROLL	1382
1169665330767	1	INSTRUCTIONSCROLL	1385
1169665330783	1	INSTRUCTIONSCROLL	1388
1169665330800	1	INSTRUCTIONSCROLL	1392
1169665330816	1	INSTRUCTIONSCROLL	1395
1169665330833	1	INSTRUCTIONSCROLL	1398
1169665330850	1	INSTRUCTIONSCROLL	1402
1169665330867	1	INSTRUCTIONSCROLL	1405
1169665330883	1	INSTRUCTIONSCROLL	1408
1169665330900	1	INSTRUCTIONSCROLL	1412
1169665330916	1	INSTRUCTIONSCROLL	1415
1169665330933	1	INSTRUCTIONSCROLL	1418
1169665330950	1	INSTRUCTIONSCROLL	1422
1169665330967	1	INSTRUCTIONSCROLL	1425
1169665330983	1	INSTRUCTIONSCROLL	1428
1169665331001	1	INSTRUCTIONSCROLL	1432
1169665331017	1	INSTRUCTIONSCROLL	1435
1169665331034	1	INSTRUCTIONSCROLL	1439
1169665331051	1	INSTRUCTIONSCROLL	1442
1169665331067	1	INSTRUCTIONSCROLL	1445
1169665331084	1	INSTRUCTIONSCROLL	1449
1169665331101	1	INSTRUCTIONSCROLL	1452
1169665331117	1	INSTRUCTIONSCROLL	1455
1169665331134	1	INSTRUCTIONSCROLL	1459
1169665331151	1	INSTRUCTIONSCROLL	1462
1169665331167	1	INSTRUCTIONSCROLL	1465
1169665331184	1	INSTRUCTIONSCROLL	1469
1169665331201	1	INSTRUCTIONSCROLL	1472
1169665331217	1	INSTRUCTIONSCROLL	1475
1169665331234	1	INSTRUCTIONSCROLL	1479
1169665331251	1	INSTRUCTIONSCROLL	1482
1169665331267	1	INSTRUCTIONSCROLL	1485
1169665331284	1	INSTRUCTIONSCROLL	1489
1169665331301	1	INSTRUCTIONSCROLL	1492
1169665331317	1	INSTRUCTIONSCROLL	1495
1169665331334	1	INSTRUCTIONSCROLL	1499
1169665331351	1	INSTRUCTIONSCROLL	1502
1169665331367	1	INSTRUCTIONSCROLL	1505
1169665331384	1	INSTRUCTIONSCROLL	1509
1169665331401	1	INSTRUCTIONSCROLL	1512
1169665331417	1	INSTRUCTIONSCROLL	1515
1169665331434	1	INSTRUCTIONSCROLL	1519
1169665331451	1	INSTRUCTIONSCROLL	1522
1169665331467	1	INSTRUCTIONSCROLL	1525
1169665331484	1	INSTRUCTIONSCROLL	1529
1169665331501	1	INSTRUCTIONSCROLL	1532
1169665331516	1	INSTRUCTIONSCROLL	1535
1169665331533	1	INSTRUCTIONSCROLL	1538
1169665331550	1	INSTRUCTIONSCROLL	1542
1169665331566	1	INSTRUCTIONSCROLL	1545
1169665331583	1	INSTRUCTIONSCROLL	1548
1169665331600	1	INSTRUCTIONSCROLL	1552
1169665331616	1	INSTRUCTIONSCROLL	1555
1169665331633	1	INSTRUCTIONSCROLL	1558
1169665331650	1	INSTRUCTIONSCROLL	1562
1169665331666	1	INSTRUCTIONSCROLL	1565
1169665331683	1	INSTRUCTIONSCROLL	1568
1169665331700	1	INSTRUCTIONSCROLL	1572
1169665331716	1	INSTRUCTIONSCROLL	1575
1169665331733	1	INSTRUCTIONSCROLL	1578
1169665331750	1	INSTRUCTIONSCROLL	1582
1169665331766	1	INSTRUCTIONSCROLL	1585
1169665331783	1	INSTRUCTIONSCROLL	1588
1169665331800	1	INSTRUCTIONSCROLL	1592
1169665331816	1	INSTRUCTIONSCROLL	1595
1169665331833	1	INSTRUCTIONSCROLL	1598
1169665331850	1	INSTRUCTIONSCROLL	1602
1169665331866	1	INSTRUCTIONSCROLL	1605
1169665331883	1	INSTRUCTIONSCROLL	1608
1169665331900	1	INSTRUCTIONSCROLL	1612
1169665331916	1	INSTRUCTIONSCROLL	1615
1169665331933	1	INSTRUCTIONSCROLL	1618
1169665331950	1	INSTRUCTIONSCROLL	1622
1169665331966	1	INSTRUCTIONSCROLL	1625
1169665331983	1	INSTRUCTIONSCROLL	1628
1169665332001	1	INSTRUCTIONSCROLL	1632
1169665332017	1	INSTRUCTIONSCROLL	1635
1169665332034	1	INSTRUCTIONSCROLL	1639
1169665332051	1	INSTRUCTIONSCROLL	1642
1169665332067	1	INSTRUCTIONSCROLL	1645
1169665332084	1	INSTRUCTIONSCROLL	1648
1169665332101	1	INSTRUCTIONSCROLL	1652
1169665332117	1	INSTRUCTIONSCROLL	1655
1169665332134	1	INSTRUCTIONSCROLL	1659
1169665332150	1	INSTRUCTIONSCROLL	1662
1169665332167	1	INSTRUCTIONSCROLL	1665
1169665332184	1	INSTRUCTIONSCROLL	1669
1169665332201	1	INSTRUCTIONSCROLL	1672
1169665332217	1	INSTRUCTIONSCROLL	1675
1169665332234	1	INSTRUCTIONSCROLL	1679
1169665332250	1	INSTRUCTIONSCROLL	1682
1169665332267	1	INSTRUCTIONSCROLL	1685
1169665332284	1	INSTRUCTIONSCROLL	1688
1169665332301	1	INSTRUCTIONSCROLL	1692
1169665332317	1	INSTRUCTIONSCROLL	1695
1169665332334	1	INSTRUCTIONSCROLL	1699
1169665332350	1	INSTRUCTIONSCROLL	1702
1169665332367	1	INSTRUCTIONSCROLL	1705
1169665332384	1	INSTRUCTIONSCROLL	1708
1169665332400	1	INSTRUCTIONSCROLL	1712
1169665332417	1	INSTRUCTIONSCROLL	1715
1169665332434	1	INSTRUCTIONSCROLL	1718
1169665332450	1	INSTRUCTIONSCROLL	1722
1169665332467	1	INSTRUCTIONSCROLL	1725
1169665332484	1	INSTRUCTIONSCROLL	1729
1169665332500	1	INSTRUCTIONSCROLL	1732
1169665332516	1	INSTRUCTIONSCROLL	1735
1169665332533	1	INSTRUCTIONSCROLL	1738
1169665332549	1	INSTRUCTIONSCROLL	1742
1169665332566	1	INSTRUCTIONSCROLL	1745
1169665332583	1	INSTRUCTIONSCROLL	1748
1169665332599	1	INSTRUCTIONSCROLL	1752
1169665332616	1	INSTRUCTIONSCROLL	1755
1169665332633	1	INSTRUCTIONSCROLL	1758
1169665332649	1	INSTRUCTIONSCROLL	1762
1169665332667	1	INSTRUCTIONSCROLL	1765
1169665332683	1	INSTRUCTIONSCROLL	1768
1169665332699	1	INSTRUCTIONSCROLL	1772
1169665336499	1	INSTRUCTIONSCROLL	1773
1169665336515	1	INSTRUCTIONSCROLL	1775
1169665336532	1	INSTRUCTIONSCROLL	1778
1169665336548	1	INSTRUCTIONSCROLL	1782
1169665336565	1	INSTRUCTIONSCROLL	1785
1169665336582	1	INSTRUCTIONSCROLL	1788
1169665336598	1	INSTRUCTIONSCROLL	1792
1169665336615	1	INSTRUCTIONSCROLL	1795
1169665336632	1	INSTRUCTIONSCROLL	1798
1169665336648	1	INSTRUCTIONSCROLL	1802
1169665336665	1	INSTRUCTIONSCROLL	1805
1169665336682	1	INSTRUCTIONSCROLL	1808
1169665336698	1	INSTRUCTIONSCROLL	1812
1169665336715	1	INSTRUCTIONSCROLL	1815
1169665336732	1	INSTRUCTIONSCROLL	1818
1169665336748	1	INSTRUCTIONSCROLL	1822
1169665336765	1	INSTRUCTIONSCROLL	1825
1169665336781	1	INSTRUCTIONSCROLL	1828
1169665336798	1	INSTRUCTIONSCROLL	1832
1169665336815	1	INSTRUCTIONSCROLL	1835
1169665336831	1	INSTRUCTIONSCROLL	1838
1169665336848	1	INSTRUCTIONSCROLL	1842
1169665336865	1	INSTRUCTIONSCROLL	1845
1169665336881	1	INSTRUCTIONSCROLL	1849
1169665336898	1	INSTRUCTIONSCROLL	1852
1169665336915	1	INSTRUCTIONSCROLL	1855
1169665336932	1	INSTRUCTIONSCROLL	1858
1169665336948	1	INSTRUCTIONSCROLL	1862
1169665336965	1	INSTRUCTIONSCROLL	1865
1169665336982	1	INSTRUCTIONSCROLL	1868
1169665336998	1	INSTRUCTIONSCROLL	1872
1169665337016	1	INSTRUCTIONSCROLL	1875
1169665337032	1	INSTRUCTIONSCROLL	1879
1169665337049	1	INSTRUCTIONSCROLL	1882
1169665337066	1	INSTRUCTIONSCROLL	1885
1169665337082	1	INSTRUCTIONSCROLL	1889
1169665337099	1	INSTRUCTIONSCROLL	1892
1169665337116	1	INSTRUCTIONSCROLL	1895
1169665337133	1	INSTRUCTIONSCROLL	1899
1169665337149	1	INSTRUCTIONSCROLL	1902
1169665337166	1	INSTRUCTIONSCROLL	1905
1169665337182	1	INSTRUCTIONSCROLL	1909
1169665337199	1	INSTRUCTIONSCROLL	1912
1169665337216	1	INSTRUCTIONSCROLL	1915
1169665337232	1	INSTRUCTIONSCROLL	1919
1169665337249	1	INSTRUCTIONSCROLL	1922
1169665337266	1	INSTRUCTIONSCROLL	1925
1169665337282	1	INSTRUCTIONSCROLL	1929
1169665337299	1	INSTRUCTIONSCROLL	1932
1169665337316	1	INSTRUCTIONSCROLL	1935
1169665337332	1	INSTRUCTIONSCROLL	1939
1169665337349	1	INSTRUCTIONSCROLL	1942
1169665337366	1	INSTRUCTIONSCROLL	1945
1169665337382	1	INSTRUCTIONSCROLL	1949
1169665337399	1	INSTRUCTIONSCROLL	1952
1169665337416	1	INSTRUCTIONSCROLL	1955
1169665337432	1	INSTRUCTIONSCROLL	1959
1169665337449	1	INSTRUCTIONSCROLL	1962
1169665337466	1	INSTRUCTIONSCROLL	1965
1169665337482	1	INSTRUCTIONSCROLL	1969
1169665337499	1	INSTRUCTIONSCROLL	1972
1169665337515	1	INSTRUCTIONSCROLL	1975
1169665337531	1	INSTRUCTIONSCROLL	1978
1169665337548	1	INSTRUCTIONSCROLL	1982
1169665337565	1	INSTRUCTIONSCROLL	1985
1169665337581	1	INSTRUCTIONSCROLL	1988
1169665337598	1	INSTRUCTIONSCROLL	1992
1169665337615	1	INSTRUCTIONSCROLL	1995
1169665337631	1	INSTRUCTIONSCROLL	1998
1169665337648	1	INSTRUCTIONSCROLL	2002
1169665337665	1	INSTRUCTIONSCROLL	2005
1169665337681	1	INSTRUCTIONSCROLL	2008
1169665337698	1	INSTRUCTIONSCROLL	2012
1169665337715	1	INSTRUCTIONSCROLL	2015
1169665337731	1	INSTRUCTIONSCROLL	2018
1169665337748	1	INSTRUCTIONSCROLL	2022
1169665337765	1	INSTRUCTIONSCROLL	2025
1169665337781	1	INSTRUCTIONSCROLL	2028
1169665337798	1	INSTRUCTIONSCROLL	2032
1169665337815	1	INSTRUCTIONSCROLL	2035
1169665337831	1	INSTRUCTIONSCROLL	2038
1169665337848	1	INSTRUCTIONSCROLL	2042
1169665337865	1	INSTRUCTIONSCROLL	2045
1169665337881	1	INSTRUCTIONSCROLL	2048
1169665337898	1	INSTRUCTIONSCROLL	2052
1169665337915	1	INSTRUCTIONSCROLL	2055
1169665337931	1	INSTRUCTIONSCROLL	2058
1169665337948	1	INSTRUCTIONSCROLL	2062
1169665337965	1	INSTRUCTIONSCROLL	2065
1169665337981	1	INSTRUCTIONSCROLL	2068
1169665337998	1	INSTRUCTIONSCROLL	2072
1169665338016	1	INSTRUCTIONSCROLL	2075
1169665338032	1	INSTRUCTIONSCROLL	2079
1169665338049	1	INSTRUCTIONSCROLL	2082
1169665338066	1	INSTRUCTIONSCROLL	2085
1169665338082	1	INSTRUCTIONSCROLL	2089
1169665338099	1	INSTRUCTIONSCROLL	2092
1169665338116	1	INSTRUCTIONSCROLL	2095
1169665338132	1	INSTRUCTIONSCROLL	2099
1169665338149	1	INSTRUCTIONSCROLL	2102
1169665338165	1	INSTRUCTIONSCROLL	2105
1169665338182	1	INSTRUCTIONSCROLL	2109
1169665338199	1	INSTRUCTIONSCROLL	2112
1169665338215	1	INSTRUCTIONSCROLL	2115
1169665338232	1	INSTRUCTIONSCROLL	2119
1169665338249	1	INSTRUCTIONSCROLL	2122
1169665338265	1	INSTRUCTIONSCROLL	2125
1169665338282	1	INSTRUCTIONSCROLL	2129
1169665338299	1	INSTRUCTIONSCROLL	2132
1169665338315	1	INSTRUCTIONSCROLL	2135
1169665338332	1	INSTRUCTIONSCROLL	2139
1169665338349	1	INSTRUCTIONSCROLL	2142
1169665338365	1	INSTRUCTIONSCROLL	2145
1169665338382	1	INSTRUCTIONSCROLL	2149
1169665338399	1	INSTRUCTIONSCROLL	2152
1169665338415	1	INSTRUCTIONSCROLL	2155
1169665338432	1	INSTRUCTIONSCROLL	2159
1169665338449	1	INSTRUCTIONSCROLL	2162
1169665338465	1	INSTRUCTIONSCROLL	2165
1169665338482	1	INSTRUCTIONSCROLL	2169
1169665338499	1	INSTRUCTIONSCROLL	2172
1169665338514	1	INSTRUCTIONSCROLL	2175
1169665338531	1	INSTRUCTIONSCROLL	2178
1169665338548	1	INSTRUCTIONSCROLL	2182
1169665338564	1	INSTRUCTIONSCROLL	2185
1169665338581	1	INSTRUCTIONSCROLL	2188
1169665338598	1	INSTRUCTIONSCROLL	2192
1169665338614	1	INSTRUCTIONSCROLL	2195
1169665338631	1	INSTRUCTIONSCROLL	2198
1169665338648	1	INSTRUCTIONSCROLL	2202
1169665338664	1	INSTRUCTIONSCROLL	2205
1169665338681	1	INSTRUCTIONSCROLL	2208
1169665338698	1	INSTRUCTIONSCROLL	2212
1169665338714	1	INSTRUCTIONSCROLL	2215
1169665338731	1	INSTRUCTIONSCROLL	2218
1169665338748	1	INSTRUCTIONSCROLL	2222
1169665338764	1	INSTRUCTIONSCROLL	2225
1169665338781	1	INSTRUCTIONSCROLL	2228
1169665338798	1	INSTRUCTIONSCROLL	2232
1169665338814	1	INSTRUCTIONSCROLL	2235
1169665338831	1	INSTRUCTIONSCROLL	2238
1169665338848	1	INSTRUCTIONSCROLL	2242
1169665338864	1	INSTRUCTIONSCROLL	2245
1169665338881	1	INSTRUCTIONSCROLL	2248
1169665338898	1	INSTRUCTIONSCROLL	2252
1169665338914	1	INSTRUCTIONSCROLL	2255
1169665338931	1	INSTRUCTIONSCROLL	2258
1169665338948	1	INSTRUCTIONSCROLL	2262
1169665338964	1	INSTRUCTIONSCROLL	2265
1169665338981	1	INSTRUCTIONSCROLL	2268
1169665338998	1	INSTRUCTIONSCROLL	2272
1169665339015	1	INSTRUCTIONSCROLL	2275
1169665339032	1	INSTRUCTIONSCROLL	2279
1169665339049	1	INSTRUCTIONSCROLL	2282
1169665339065	1	INSTRUCTIONSCROLL	2285
1169665339082	1	INSTRUCTIONSCROLL	2289
1169665339099	1	INSTRUCTIONSCROLL	2292
1169665339115	1	INSTRUCTIONSCROLL	2295
1169665339132	1	INSTRUCTIONSCROLL	2299
1169665339149	1	INSTRUCTIONSCROLL	2302
1169665339165	1	INSTRUCTIONSCROLL	2305
1169665339182	1	INSTRUCTIONSCROLL	2309
1169665339199	1	INSTRUCTIONSCROLL	2312
1169665339215	1	INSTRUCTIONSCROLL	2315
1169665339232	1	INSTRUCTIONSCROLL	2319
1169665339249	1	INSTRUCTIONSCROLL	2322
1169665339265	1	INSTRUCTIONSCROLL	2325
1169665339282	1	INSTRUCTIONSCROLL	2329
1169665339299	1	INSTRUCTIONSCROLL	2332
1169665339315	1	INSTRUCTIONSCROLL	2335
1169665339332	1	INSTRUCTIONSCROLL	2339
1169665339349	1	INSTRUCTIONSCROLL	2342
1169665339365	1	INSTRUCTIONSCROLL	2345
1169665339382	1	INSTRUCTIONSCROLL	2349
1169665339399	1	INSTRUCTIONSCROLL	2352
1169665339415	1	INSTRUCTIONSCROLL	2355
1169665339432	1	INSTRUCTIONSCROLL	2359
1169665339449	1	INSTRUCTIONSCROLL	2362
1169665339465	1	INSTRUCTIONSCROLL	2365
1169665339482	1	INSTRUCTIONSCROLL	2369
1169665339498	1	INSTRUCTIONSCROLL	2372
1169665339514	1	INSTRUCTIONSCROLL	2375
1169665339531	1	INSTRUCTIONSCROLL	2378
1169665339547	1	INSTRUCTIONSCROLL	2382
1169665339564	1	INSTRUCTIONSCROLL	2385
1169665339581	1	INSTRUCTIONSCROLL	2388
1169665339597	1	INSTRUCTIONSCROLL	2392
1169665339614	1	INSTRUCTIONSCROLL	2395
1169665339631	1	INSTRUCTIONSCROLL	2398
1169665339648	1	INSTRUCTIONSCROLL	2402
1169665339665	1	INSTRUCTIONSCROLL	2405
1169665339681	1	INSTRUCTIONSCROLL	2409
1169665339697	1	INSTRUCTIONSCROLL	2412
1169665339714	1	INSTRUCTIONSCROLL	2415
1169665339731	1	INSTRUCTIONSCROLL	2418
1169665339747	1	INSTRUCTIONSCROLL	2422
1169665339764	1	INSTRUCTIONSCROLL	2425
1169665339781	1	INSTRUCTIONSCROLL	2428
1169665339797	1	INSTRUCTIONSCROLL	2432
1169665339814	1	INSTRUCTIONSCROLL	2435
1169665339831	1	INSTRUCTIONSCROLL	2438
1169665339847	1	INSTRUCTIONSCROLL	2442
1169665339864	1	INSTRUCTIONSCROLL	2445
1169665339881	1	INSTRUCTIONSCROLL	2448
1169665339897	1	INSTRUCTIONSCROLL	2452
1169665339914	1	INSTRUCTIONSCROLL	2455
1169665339931	1	INSTRUCTIONSCROLL	2458
1169665339947	1	INSTRUCTIONSCROLL	2462
1169665339964	1	INSTRUCTIONSCROLL	2465
1169665339981	1	INSTRUCTIONSCROLL	2468
1169665339997	1	INSTRUCTIONSCROLL	2472
1169665340015	1	INSTRUCTIONSCROLL	2475
1169665340032	1	INSTRUCTIONSCROLL	2479
1169665340048	1	INSTRUCTIONSCROLL	2482
1169665340065	1	INSTRUCTIONSCROLL	2485
1169665340082	1	INSTRUCTIONSCROLL	2488
1169665340098	1	INSTRUCTIONSCROLL	2492
1169665340115	1	INSTRUCTIONSCROLL	2495
1169665340132	1	INSTRUCTIONSCROLL	2499
1169665340148	1	INSTRUCTIONSCROLL	2502
1169665340165	1	INSTRUCTIONSCROLL	2505
1169665340182	1	INSTRUCTIONSCROLL	2509
1169665340198	1	INSTRUCTIONSCROLL	2512
1169665340215	1	INSTRUCTIONSCROLL	2515
1169665340232	1	INSTRUCTIONSCROLL	2518
1169665340248	1	INSTRUCTIONSCROLL	2522
1169665340265	1	INSTRUCTIONSCROLL	2525
1169665340282	1	INSTRUCTIONSCROLL	2529
1169665340298	1	INSTRUCTIONSCROLL	2532
1169665340315	1	INSTRUCTIONSCROLL	2535
1169665340332	1	INSTRUCTIONSCROLL	2539
1169665340348	1	INSTRUCTIONSCROLL	2542
1169665340365	1	INSTRUCTIONSCROLL	2545
1169665340382	1	INSTRUCTIONSCROLL	2548
1169665340398	1	INSTRUCTIONSCROLL	2552
1169665340415	1	INSTRUCTIONSCROLL	2555
1169665340432	1	INSTRUCTIONSCROLL	2559
1169665340448	1	INSTRUCTIONSCROLL	2562
1169665340465	1	INSTRUCTIONSCROLL	2565
1169665340482	1	INSTRUCTIONSCROLL	2569
1169665340498	1	INSTRUCTIONSCROLL	2572
1169665340514	1	INSTRUCTIONSCROLL	2575
1169665340531	1	INSTRUCTIONSCROLL	2578
1169665340547	1	INSTRUCTIONSCROLL	2582
1169665340564	1	INSTRUCTIONSCROLL	2585
1169665340581	1	INSTRUCTIONSCROLL	2588
1169665340597	1	INSTRUCTIONSCROLL	2592
1169665340614	1	INSTRUCTIONSCROLL	2595
1169665340630	1	INSTRUCTIONSCROLL	2598
1169665340647	1	INSTRUCTIONSCROLL	2602
1169665340664	1	INSTRUCTIONSCROLL	2605
1169665340681	1	INSTRUCTIONSCROLL	2608
1169665340697	1	INSTRUCTIONSCROLL	2612
1169665340714	1	INSTRUCTIONSCROLL	2615
1169665340730	1	INSTRUCTIONSCROLL	2618
1169665340747	1	INSTRUCTIONSCROLL	2622
1169665340764	1	INSTRUCTIONSCROLL	2625
1169665340780	1	INSTRUCTIONSCROLL	2628
1169665340797	1	INSTRUCTIONSCROLL	2632
1169665340814	1	INSTRUCTIONSCROLL	2635
1169665340830	1	INSTRUCTIONSCROLL	2638
1169665340847	1	INSTRUCTIONSCROLL	2642
1169665344280	1	INSTRUCTIONSCROLL	2643
1169665344297	1	INSTRUCTIONSCROLL	2646
1169665344314	1	INSTRUCTIONSCROLL	2650
1169665344330	1	INSTRUCTIONSCROLL	2653
1169665344347	1	INSTRUCTIONSCROLL	2656
1169665344364	1	INSTRUCTIONSCROLL	2660
1169665344380	1	INSTRUCTIONSCROLL	2663
1169665344397	1	INSTRUCTIONSCROLL	2666
1169665344414	1	INSTRUCTIONSCROLL	2670
1169665344430	1	INSTRUCTIONSCROLL	2673
1169665344447	1	INSTRUCTIONSCROLL	2676
1169665344464	1	INSTRUCTIONSCROLL	2680
1169665344480	1	INSTRUCTIONSCROLL	2683
1169665344497	1	INSTRUCTIONSCROLL	2686
1169665344513	1	INSTRUCTIONSCROLL	2690
1169665344529	1	INSTRUCTIONSCROLL	2693
1169665344546	1	INSTRUCTIONSCROLL	2696
1169665344563	1	INSTRUCTIONSCROLL	2699
1169665344579	1	INSTRUCTIONSCROLL	2703
1169665344596	1	INSTRUCTIONSCROLL	2706
1169665344613	1	INSTRUCTIONSCROLL	2709
1169665344629	1	INSTRUCTIONSCROLL	2713
1169665344646	1	INSTRUCTIONSCROLL	2716
1169665344663	1	INSTRUCTIONSCROLL	2720
1169665344679	1	INSTRUCTIONSCROLL	2723
1169665344696	1	INSTRUCTIONSCROLL	2726
1169665344713	1	INSTRUCTIONSCROLL	2730
1169665344729	1	INSTRUCTIONSCROLL	2733
1169665344746	1	INSTRUCTIONSCROLL	2736
1169665344763	1	INSTRUCTIONSCROLL	2739
1169665344779	1	INSTRUCTIONSCROLL	2743
1169665344796	1	INSTRUCTIONSCROLL	2746
1169665344813	1	INSTRUCTIONSCROLL	2750
1169665344829	1	INSTRUCTIONSCROLL	2753
1169665344846	1	INSTRUCTIONSCROLL	2756
1169665344863	1	INSTRUCTIONSCROLL	2760
1169665344879	1	INSTRUCTIONSCROLL	2763
1169665344896	1	INSTRUCTIONSCROLL	2766
1169665344913	1	INSTRUCTIONSCROLL	2769
1169665344929	1	INSTRUCTIONSCROLL	2773
1169665344946	1	INSTRUCTIONSCROLL	2776
1169665344963	1	INSTRUCTIONSCROLL	2780
1169665344979	1	INSTRUCTIONSCROLL	2783
1169665344996	1	INSTRUCTIONSCROLL	2786
1169665345014	1	INSTRUCTIONSCROLL	2790
1169665345030	1	INSTRUCTIONSCROLL	2793
1169665345047	1	INSTRUCTIONSCROLL	2796
1169665345064	1	INSTRUCTIONSCROLL	2800
1169665345080	1	INSTRUCTIONSCROLL	2803
1169665345097	1	INSTRUCTIONSCROLL	2806
1169665345114	1	INSTRUCTIONSCROLL	2810
1169665345130	1	INSTRUCTIONSCROLL	2813
1169665345147	1	INSTRUCTIONSCROLL	2816
1169665345164	1	INSTRUCTIONSCROLL	2820
1169665345180	1	INSTRUCTIONSCROLL	2823
1169665345197	1	INSTRUCTIONSCROLL	2826
1169665345214	1	INSTRUCTIONSCROLL	2830
1169665345230	1	INSTRUCTIONSCROLL	2833
1169665345247	1	INSTRUCTIONSCROLL	2836
1169665345264	1	INSTRUCTIONSCROLL	2840
1169665345280	1	INSTRUCTIONSCROLL	2843
1169665345297	1	INSTRUCTIONSCROLL	2846
1169665345314	1	INSTRUCTIONSCROLL	2850
1169665345330	1	INSTRUCTIONSCROLL	2853
1169665345347	1	INSTRUCTIONSCROLL	2856
1169665345364	1	INSTRUCTIONSCROLL	2860
1169665345380	1	INSTRUCTIONSCROLL	2863
1169665345397	1	INSTRUCTIONSCROLL	2866
1169665345414	1	INSTRUCTIONSCROLL	2870
1169665345430	1	INSTRUCTIONSCROLL	2873
1169665345447	1	INSTRUCTIONSCROLL	2876
1169665345464	1	INSTRUCTIONSCROLL	2880
1169665345480	1	INSTRUCTIONSCROLL	2883
1169665345497	1	INSTRUCTIONSCROLL	2886
1169665345513	1	INSTRUCTIONSCROLL	2890
1169665345529	1	INSTRUCTIONSCROLL	2893
1169665345546	1	INSTRUCTIONSCROLL	2896
1169665345563	1	INSTRUCTIONSCROLL	2900
1169665345579	1	INSTRUCTIONSCROLL	2903
1169665345596	1	INSTRUCTIONSCROLL	2906
1169665345612	1	INSTRUCTIONSCROLL	2910
1169665345629	1	INSTRUCTIONSCROLL	2913
1169665345646	1	INSTRUCTIONSCROLL	2916
1169665345662	1	INSTRUCTIONSCROLL	2919
1169665345679	1	INSTRUCTIONSCROLL	2923
1169665345696	1	INSTRUCTIONSCROLL	2926
1169665345712	1	INSTRUCTIONSCROLL	2930
1169665345729	1	INSTRUCTIONSCROLL	2933
1169665345746	1	INSTRUCTIONSCROLL	2936
1169665345762	1	INSTRUCTIONSCROLL	2940
1169665345779	1	INSTRUCTIONSCROLL	2943
1169665345796	1	INSTRUCTIONSCROLL	2946
1169665345812	1	INSTRUCTIONSCROLL	2949
1169665345829	1	INSTRUCTIONSCROLL	2953
1169665345846	1	INSTRUCTIONSCROLL	2956
1169665345862	1	INSTRUCTIONSCROLL	2959
1169665345879	1	INSTRUCTIONSCROLL	2963
1169665345896	1	INSTRUCTIONSCROLL	2966
1169665345912	1	INSTRUCTIONSCROLL	2970
1169665345929	1	INSTRUCTIONSCROLL	2973
1169665345946	1	INSTRUCTIONSCROLL	2976
1169665345962	1	INSTRUCTIONSCROLL	2979
1169665345979	1	INSTRUCTIONSCROLL	2983
1169665345996	1	INSTRUCTIONSCROLL	2986
1169665346013	1	INSTRUCTIONSCROLL	2989
1169665346030	1	INSTRUCTIONSCROLL	2993
1169665346047	1	INSTRUCTIONSCROLL	2996
1169665346063	1	INSTRUCTIONSCROLL	3000
1169665346080	1	INSTRUCTIONSCROLL	3003
1169665346097	1	INSTRUCTIONSCROLL	3006
1169665346113	1	INSTRUCTIONSCROLL	3010
1169665346130	1	INSTRUCTIONSCROLL	3013
1169665346147	1	INSTRUCTIONSCROLL	3016
1169665346163	1	INSTRUCTIONSCROLL	3020
1169665346180	1	INSTRUCTIONSCROLL	3023
1169665346197	1	INSTRUCTIONSCROLL	3026
1169665346213	1	INSTRUCTIONSCROLL	3030
1169665346230	1	INSTRUCTIONSCROLL	3033
1169665346247	1	INSTRUCTIONSCROLL	3036
1169665346263	1	INSTRUCTIONSCROLL	3040
1169665346280	1	INSTRUCTIONSCROLL	3043
1169665346297	1	INSTRUCTIONSCROLL	3046
1169665346313	1	INSTRUCTIONSCROLL	3050
1169665346330	1	INSTRUCTIONSCROLL	3053
1169665346347	1	INSTRUCTIONSCROLL	3056
1169665346363	1	INSTRUCTIONSCROLL	3060
1169665346380	1	INSTRUCTIONSCROLL	3063
1169665346397	1	INSTRUCTIONSCROLL	3066
1169665346413	1	INSTRUCTIONSCROLL	3070
1169665346430	1	INSTRUCTIONSCROLL	3073
1169665346447	1	INSTRUCTIONSCROLL	3076
1169665346463	1	INSTRUCTIONSCROLL	3080
1169665346480	1	INSTRUCTIONSCROLL	3083
1169665346497	1	INSTRUCTIONSCROLL	3086
1169665346512	1	INSTRUCTIONSCROLL	3090
1169665346529	1	INSTRUCTIONSCROLL	3093
1169665346546	1	INSTRUCTIONSCROLL	3096
1169665346562	1	INSTRUCTIONSCROLL	3099
1169665346579	1	INSTRUCTIONSCROLL	3103
1169665346596	1	INSTRUCTIONSCROLL	3106
1169665346612	1	INSTRUCTIONSCROLL	3109
1169665346629	1	INSTRUCTIONSCROLL	3113
1169665346646	1	INSTRUCTIONSCROLL	3116
1169665346663	1	INSTRUCTIONSCROLL	3119
1169665346679	1	INSTRUCTIONSCROLL	3123
1169665346695	1	INSTRUCTIONSCROLL	3126
1169665346712	1	INSTRUCTIONSCROLL	3129
1169665346729	1	INSTRUCTIONSCROLL	3133
1169665346746	1	INSTRUCTIONSCROLL	3136
1169665346762	1	INSTRUCTIONSCROLL	3139
1169665346779	1	INSTRUCTIONSCROLL	3143
1169665346795	1	INSTRUCTIONSCROLL	3146
1169665346812	1	INSTRUCTIONSCROLL	3149
1169665346829	1	INSTRUCTIONSCROLL	3153
1169665346845	1	INSTRUCTIONSCROLL	3156
1169665346862	1	INSTRUCTIONSCROLL	3159
1169665346879	1	INSTRUCTIONSCROLL	3163
1169665346895	1	INSTRUCTIONSCROLL	3166
1169665346912	1	INSTRUCTIONSCROLL	3169
1169665346929	1	INSTRUCTIONSCROLL	3173
1169665346945	1	INSTRUCTIONSCROLL	3176
1169665346962	1	INSTRUCTIONSCROLL	3179
1169665346979	1	INSTRUCTIONSCROLL	3183
1169665346995	1	INSTRUCTIONSCROLL	3186
1169665347013	1	INSTRUCTIONSCROLL	3189
1169665347030	1	INSTRUCTIONSCROLL	3193
1169665347046	1	INSTRUCTIONSCROLL	3196
1169665347063	1	INSTRUCTIONSCROLL	3200
1169665347080	1	INSTRUCTIONSCROLL	3203
1169665347096	1	INSTRUCTIONSCROLL	3206
1169665347113	1	INSTRUCTIONSCROLL	3210
1169665347130	1	INSTRUCTIONSCROLL	3213
1169665347146	1	INSTRUCTIONSCROLL	3216
1169665347163	1	INSTRUCTIONSCROLL	3220
1169665347180	1	INSTRUCTIONSCROLL	3223
1169665347196	1	INSTRUCTIONSCROLL	3226
1169665347213	1	INSTRUCTIONSCROLL	3230
1169665347230	1	INSTRUCTIONSCROLL	3233
1169665347246	1	INSTRUCTIONSCROLL	3236
1169665347263	1	INSTRUCTIONSCROLL	3240
1169665347280	1	INSTRUCTIONSCROLL	3243
1169665347296	1	INSTRUCTIONSCROLL	3246
1169665347313	1	INSTRUCTIONSCROLL	3250
1169665347330	1	INSTRUCTIONSCROLL	3253
1169665347346	1	INSTRUCTIONSCROLL	3256
1169665347363	1	INSTRUCTIONSCROLL	3260
1169665347380	1	INSTRUCTIONSCROLL	3263
1169665347396	1	INSTRUCTIONSCROLL	3266
1169665347413	1	INSTRUCTIONSCROLL	3270
1169665347430	1	INSTRUCTIONSCROLL	3273
1169665347446	1	INSTRUCTIONSCROLL	3276
1169665347463	1	INSTRUCTIONSCROLL	3280
1169665347480	1	INSTRUCTIONSCROLL	3283
1169665347496	1	INSTRUCTIONSCROLL	3286
1169665347512	1	INSTRUCTIONSCROLL	3290
1169665347529	1	INSTRUCTIONSCROLL	3293
1169665347545	1	INSTRUCTIONSCROLL	3296
1169665347562	1	INSTRUCTIONSCROLL	3299
1169665347579	1	INSTRUCTIONSCROLL	3303
1169665347595	1	INSTRUCTIONSCROLL	3306
1169665347612	1	INSTRUCTIONSCROLL	3309
1169665347629	1	INSTRUCTIONSCROLL	3313
1169665347645	1	INSTRUCTIONSCROLL	3316
1169665347662	1	INSTRUCTIONSCROLL	3319
1169665347679	1	INSTRUCTIONSCROLL	3323
1169665347695	1	INSTRUCTIONSCROLL	3326
1169665347712	1	INSTRUCTIONSCROLL	3329
1169665347729	1	INSTRUCTIONSCROLL	3333
1169665347745	1	INSTRUCTIONSCROLL	3336
1169665347762	1	INSTRUCTIONSCROLL	3339
1169665347779	1	INSTRUCTIONSCROLL	3343
1169665347795	1	INSTRUCTIONSCROLL	3346
1169665347812	1	INSTRUCTIONSCROLL	3349
1169665347829	1	INSTRUCTIONSCROLL	3353
1169665347845	1	INSTRUCTIONSCROLL	3356
1169665347862	1	INSTRUCTIONSCROLL	3359
1169665347879	1	INSTRUCTIONSCROLL	3363
1169665347895	1	INSTRUCTIONSCROLL	3366
1169665347912	1	INSTRUCTIONSCROLL	3369
1169665347928	1	INSTRUCTIONSCROLL	3373
1169665347945	1	INSTRUCTIONSCROLL	3376
1169665350246	1	INSTRUCTIONSCROLL	3377
1169665350262	1	INSTRUCTIONSCROLL	3380
1169665350279	1	INSTRUCTIONSCROLL	3383
1169665350295	1	INSTRUCTIONSCROLL	3387
1169665350312	1	INSTRUCTIONSCROLL	3390
1169665350329	1	INSTRUCTIONSCROLL	3393
1169665350345	1	INSTRUCTIONSCROLL	3397
1169665350362	1	INSTRUCTIONSCROLL	3400
1169665350379	1	INSTRUCTIONSCROLL	3403
1169665350395	1	INSTRUCTIONSCROLL	3407
1169665350412	1	INSTRUCTIONSCROLL	3410
1169665350429	1	INSTRUCTIONSCROLL	3413
1169665350445	1	INSTRUCTIONSCROLL	3417
1169665350462	1	INSTRUCTIONSCROLL	3420
1169665350479	1	INSTRUCTIONSCROLL	3423
1169665350495	1	INSTRUCTIONSCROLL	3427
1169665350511	1	INSTRUCTIONSCROLL	3430
1169665350528	1	INSTRUCTIONSCROLL	3433
1169665350544	1	INSTRUCTIONSCROLL	3436
1169665350561	1	INSTRUCTIONSCROLL	3440
1169665350578	1	INSTRUCTIONSCROLL	3443
1169665350594	1	INSTRUCTIONSCROLL	3446
1169665350611	1	INSTRUCTIONSCROLL	3450
1169665350628	1	INSTRUCTIONSCROLL	3453
1169665350644	1	INSTRUCTIONSCROLL	3456
1169665350661	1	INSTRUCTIONSCROLL	3460
1169665350678	1	INSTRUCTIONSCROLL	3463
1169665350694	1	INSTRUCTIONSCROLL	3466
1169665350711	1	INSTRUCTIONSCROLL	3470
1169665350728	1	INSTRUCTIONSCROLL	3473
1169665350744	1	INSTRUCTIONSCROLL	3476
1169665350761	1	INSTRUCTIONSCROLL	3480
1169665350778	1	INSTRUCTIONSCROLL	3483
1169665350794	1	INSTRUCTIONSCROLL	3486
1169665350811	1	INSTRUCTIONSCROLL	3490
1169665350828	1	INSTRUCTIONSCROLL	3493
1169665350844	1	INSTRUCTIONSCROLL	3496
1169665350861	1	INSTRUCTIONSCROLL	3500
1169665350878	1	INSTRUCTIONSCROLL	3503
1169665350894	1	INSTRUCTIONSCROLL	3506
1169665350911	1	INSTRUCTIONSCROLL	3510
1169665350928	1	INSTRUCTIONSCROLL	3513
1169665350944	1	INSTRUCTIONSCROLL	3516
1169665350961	1	INSTRUCTIONSCROLL	3520
1169665350978	1	INSTRUCTIONSCROLL	3523
1169665350994	1	INSTRUCTIONSCROLL	3526
1169665351012	1	INSTRUCTIONSCROLL	3530
1169665351029	1	INSTRUCTIONSCROLL	3533
1169665351045	1	INSTRUCTIONSCROLL	3537
1169665351062	1	INSTRUCTIONSCROLL	3540
1169665351079	1	INSTRUCTIONSCROLL	3543
1169665351095	1	INSTRUCTIONSCROLL	3547
1169665351112	1	INSTRUCTIONSCROLL	3550
1169665351129	1	INSTRUCTIONSCROLL	3553
1169665351145	1	INSTRUCTIONSCROLL	3557
1169665351162	1	INSTRUCTIONSCROLL	3560
1169665351179	1	INSTRUCTIONSCROLL	3563
1169665351195	1	INSTRUCTIONSCROLL	3567
1169665351212	1	INSTRUCTIONSCROLL	3570
1169665351229	1	INSTRUCTIONSCROLL	3573
1169665351245	1	INSTRUCTIONSCROLL	3577
1169665351262	1	INSTRUCTIONSCROLL	3580
1169665351279	1	INSTRUCTIONSCROLL	3583
1169665351295	1	INSTRUCTIONSCROLL	3587
1169665351312	1	INSTRUCTIONSCROLL	3590
1169665351329	1	INSTRUCTIONSCROLL	3593
1169665351345	1	INSTRUCTIONSCROLL	3597
1169665351362	1	INSTRUCTIONSCROLL	3600
1169665351379	1	INSTRUCTIONSCROLL	3603
1169665351395	1	INSTRUCTIONSCROLL	3607
1169665351412	1	INSTRUCTIONSCROLL	3610
1169665351429	1	INSTRUCTIONSCROLL	3613
1169665351445	1	INSTRUCTIONSCROLL	3617
1169665351462	1	INSTRUCTIONSCROLL	3620
1169665351479	1	INSTRUCTIONSCROLL	3623
1169665351495	1	INSTRUCTIONSCROLL	3627
1169665351511	1	INSTRUCTIONSCROLL	3630
1169665351528	1	INSTRUCTIONSCROLL	3633
1169665351544	1	INSTRUCTIONSCROLL	3637
1169665351561	1	INSTRUCTIONSCROLL	3640
1169665351578	1	INSTRUCTIONSCROLL	3643
1169665351594	1	INSTRUCTIONSCROLL	3646
1169665351611	1	INSTRUCTIONSCROLL	3650
1169665351627	1	INSTRUCTIONSCROLL	3653
1169665351644	1	INSTRUCTIONSCROLL	3656
1169665351661	1	INSTRUCTIONSCROLL	3660
1169665351677	1	INSTRUCTIONSCROLL	3663
1169665351694	1	INSTRUCTIONSCROLL	3666
1169665351711	1	INSTRUCTIONSCROLL	3670
1169665351727	1	INSTRUCTIONSCROLL	3673
1169665351744	1	INSTRUCTIONSCROLL	3676
1169665351761	1	INSTRUCTIONSCROLL	3680
1169665351777	1	INSTRUCTIONSCROLL	3683
1169665351794	1	INSTRUCTIONSCROLL	3686
1169665351811	1	INSTRUCTIONSCROLL	3690
1169665351827	1	INSTRUCTIONSCROLL	3693
1169665351844	1	INSTRUCTIONSCROLL	3696
1169665351861	1	INSTRUCTIONSCROLL	3700
1169665351877	1	INSTRUCTIONSCROLL	3703
1169665351894	1	INSTRUCTIONSCROLL	3706
1169665351911	1	INSTRUCTIONSCROLL	3710
1169665351927	1	INSTRUCTIONSCROLL	3713
1169665351944	1	INSTRUCTIONSCROLL	3716
1169665351961	1	INSTRUCTIONSCROLL	3720
1169665351977	1	INSTRUCTIONSCROLL	3723
1169665351994	1	INSTRUCTIONSCROLL	3726
1169665352012	1	INSTRUCTIONSCROLL	3730
1169665352028	1	INSTRUCTIONSCROLL	3733
1169665352045	1	INSTRUCTIONSCROLL	3737
1169665352062	1	INSTRUCTIONSCROLL	3740
1169665352078	1	INSTRUCTIONSCROLL	3743
1169665352095	1	INSTRUCTIONSCROLL	3747
1169665352112	1	INSTRUCTIONSCROLL	3750
1169665352128	1	INSTRUCTIONSCROLL	3753
1169665352145	1	INSTRUCTIONSCROLL	3757
1169665352162	1	INSTRUCTIONSCROLL	3760
1169665352178	1	INSTRUCTIONSCROLL	3763
1169665352195	1	INSTRUCTIONSCROLL	3767
1169665352212	1	INSTRUCTIONSCROLL	3770
1169665352228	1	INSTRUCTIONSCROLL	3773
1169665352245	1	INSTRUCTIONSCROLL	3777
1169665352262	1	INSTRUCTIONSCROLL	3780
1169665352278	1	INSTRUCTIONSCROLL	3783
1169665352295	1	INSTRUCTIONSCROLL	3787
1169665352312	1	INSTRUCTIONSCROLL	3790
1169665352328	1	INSTRUCTIONSCROLL	3793
1169665352345	1	INSTRUCTIONSCROLL	3797
1169665352362	1	INSTRUCTIONSCROLL	3800
1169665352378	1	INSTRUCTIONSCROLL	3803
1169665352395	1	INSTRUCTIONSCROLL	3807
1169665352412	1	INSTRUCTIONSCROLL	3810
1169665352428	1	INSTRUCTIONSCROLL	3813
1169665352445	1	INSTRUCTIONSCROLL	3817
1169665352462	1	INSTRUCTIONSCROLL	3820
1169665352478	1	INSTRUCTIONSCROLL	3823
1169665352495	1	INSTRUCTIONSCROLL	3827
1169665352511	1	INSTRUCTIONSCROLL	3830
1169665352527	1	INSTRUCTIONSCROLL	3833
1169665352544	1	INSTRUCTIONSCROLL	3836
1169665352561	1	INSTRUCTIONSCROLL	3840
1169665352577	1	INSTRUCTIONSCROLL	3843
1169665352594	1	INSTRUCTIONSCROLL	3846
1169665352611	1	INSTRUCTIONSCROLL	3850
1169665352627	1	INSTRUCTIONSCROLL	3853
1169665352644	1	INSTRUCTIONSCROLL	3856
1169665352660	1	INSTRUCTIONSCROLL	3860
1169665352677	1	INSTRUCTIONSCROLL	3863
1169665352694	1	INSTRUCTIONSCROLL	3866
1169665352711	1	INSTRUCTIONSCROLL	3870
1169665352727	1	INSTRUCTIONSCROLL	3873
1169665352744	1	INSTRUCTIONSCROLL	3876
1169665352761	1	INSTRUCTIONSCROLL	3880
1169665352777	1	INSTRUCTIONSCROLL	3883
1169665352794	1	INSTRUCTIONSCROLL	3886
1169665352811	1	INSTRUCTIONSCROLL	3890
1169665352827	1	INSTRUCTIONSCROLL	3893
1169665352844	1	INSTRUCTIONSCROLL	3896
1169665352860	1	INSTRUCTIONSCROLL	3900
1169665352877	1	INSTRUCTIONSCROLL	3903
1169665352894	1	INSTRUCTIONSCROLL	3906
1169665352910	1	INSTRUCTIONSCROLL	3910
1169665352927	1	INSTRUCTIONSCROLL	3913
1169665352944	1	INSTRUCTIONSCROLL	3916
1169665352960	1	INSTRUCTIONSCROLL	3920
1169665352977	1	INSTRUCTIONSCROLL	3923
1169665352994	1	INSTRUCTIONSCROLL	3926
1169665353011	1	INSTRUCTIONSCROLL	3930
1169665353028	1	INSTRUCTIONSCROLL	3933
1169665353045	1	INSTRUCTIONSCROLL	3936
1169665353061	1	INSTRUCTIONSCROLL	3940
1169665353078	1	INSTRUCTIONSCROLL	3943
1169665353095	1	INSTRUCTIONSCROLL	3947
1169665353111	1	INSTRUCTIONSCROLL	3950
1169665353128	1	INSTRUCTIONSCROLL	3953
1169665353145	1	INSTRUCTIONSCROLL	3957
1169665353161	1	INSTRUCTIONSCROLL	3960
1169665353178	1	INSTRUCTIONSCROLL	3963
1169665353195	1	INSTRUCTIONSCROLL	3966
1169665353211	1	INSTRUCTIONSCROLL	3970
1169665353228	1	INSTRUCTIONSCROLL	3973
1169665353245	1	INSTRUCTIONSCROLL	3977
1169665353261	1	INSTRUCTIONSCROLL	3980
1169665353278	1	INSTRUCTIONSCROLL	3983
1169665353295	1	INSTRUCTIONSCROLL	3987
1169665353311	1	INSTRUCTIONSCROLL	3990
1169665353328	1	INSTRUCTIONSCROLL	3993
1169665353345	1	INSTRUCTIONSCROLL	3996
1169665353361	1	INSTRUCTIONSCROLL	4000
1169665353378	1	INSTRUCTIONSCROLL	4003
1169665353395	1	INSTRUCTIONSCROLL	4007
1169665353411	1	INSTRUCTIONSCROLL	4010
1169665353428	1	INSTRUCTIONSCROLL	4013
1169665353445	1	INSTRUCTIONSCROLL	4017
1169665353461	1	INSTRUCTIONSCROLL	4020
1169665353478	1	INSTRUCTIONSCROLL	4023
1169665353495	1	INSTRUCTIONSCROLL	4026
1169665353510	1	INSTRUCTIONSCROLL	4030
1169665353527	1	INSTRUCTIONSCROLL	4033
1169665353544	1	INSTRUCTIONSCROLL	4036
1169665353560	1	INSTRUCTIONSCROLL	4040
1169665353577	1	INSTRUCTIONSCROLL	4043
1169665353594	1	INSTRUCTIONSCROLL	4046
1169665353610	1	INSTRUCTIONSCROLL	4050
1169665353627	1	INSTRUCTIONSCROLL	4053
1169665353644	1	INSTRUCTIONSCROLL	4056
1169665353661	1	INSTRUCTIONSCROLL	4060
1169665353677	1	INSTRUCTIONSCROLL	4063
1169665353694	1	INSTRUCTIONSCROLL	4066
1169665353710	1	INSTRUCTIONSCROLL	4070
1169665353727	1	INSTRUCTIONSCROLL	4073
1169665353744	1	INSTRUCTIONSCROLL	4076
1169665353760	1	INSTRUCTIONSCROLL	4080
1169665353777	1	INSTRUCTIONSCROLL	4083
1169665353794	1	INSTRUCTIONSCROLL	4086
1169665353810	1	INSTRUCTIONSCROLL	4090
1169665363009	1	INSTRUCTIONSCROLL	4091
1169665363025	1	INSTRUCTIONSCROLL	4094
1169665363042	1	INSTRUCTIONSCROLL	4098
1169665363059	1	INSTRUCTIONSCROLL	4101
1169665363075	1	INSTRUCTIONSCROLL	4104
1169665363092	1	INSTRUCTIONSCROLL	4108
1169665363109	1	INSTRUCTIONSCROLL	4111
1169665363125	1	INSTRUCTIONSCROLL	4114
1169665363142	1	INSTRUCTIONSCROLL	4118
1169665363159	1	INSTRUCTIONSCROLL	4121
1169665363175	1	INSTRUCTIONSCROLL	4124
1169665363192	1	INSTRUCTIONSCROLL	4128
1169665363209	1	INSTRUCTIONSCROLL	4131
1169665363225	1	INSTRUCTIONSCROLL	4134
1169665363242	1	INSTRUCTIONSCROLL	4138
1169665363259	1	INSTRUCTIONSCROLL	4141
1169665363275	1	INSTRUCTIONSCROLL	4144
1169665363292	1	INSTRUCTIONSCROLL	4148
1169665363309	1	INSTRUCTIONSCROLL	4151
1169665363325	1	INSTRUCTIONSCROLL	4154
1169665363342	1	INSTRUCTIONSCROLL	4158
1169665363359	1	INSTRUCTIONSCROLL	4161
1169665363375	1	INSTRUCTIONSCROLL	4164
1169665363392	1	INSTRUCTIONSCROLL	4168
1169665363409	1	INSTRUCTIONSCROLL	4171
1169665363425	1	INSTRUCTIONSCROLL	4174
1169665363442	1	INSTRUCTIONSCROLL	4178
1169665363459	1	INSTRUCTIONSCROLL	4181
1169665363475	1	INSTRUCTIONSCROLL	4184
1169665363492	1	INSTRUCTIONSCROLL	4188
1169665363509	1	INSTRUCTIONSCROLL	4191
1169665363524	1	INSTRUCTIONSCROLL	4194
1169665363541	1	INSTRUCTIONSCROLL	4198
1169665363558	1	INSTRUCTIONSCROLL	4201
1169665363574	1	INSTRUCTIONSCROLL	4204
1169665363591	1	INSTRUCTIONSCROLL	4208
1169665363608	1	INSTRUCTIONSCROLL	4211
1169665363624	1	INSTRUCTIONSCROLL	4214
1169665363641	1	INSTRUCTIONSCROLL	4217
1169665363657	1	INSTRUCTIONSCROLL	4221
1169665363674	1	INSTRUCTIONSCROLL	4224
1169665363691	1	INSTRUCTIONSCROLL	4227
1169665363707	1	INSTRUCTIONSCROLL	4231
1169665363724	1	INSTRUCTIONSCROLL	4234
1169665363741	1	INSTRUCTIONSCROLL	4237
1169665363757	1	INSTRUCTIONSCROLL	4241
1169665363774	1	INSTRUCTIONSCROLL	4244
1169665363791	1	INSTRUCTIONSCROLL	4247
1169665363808	1	INSTRUCTIONSCROLL	4251
1169665363824	1	INSTRUCTIONSCROLL	4254
1169665363841	1	INSTRUCTIONSCROLL	4257
1169665363857	1	INSTRUCTIONSCROLL	4261
1169665363874	1	INSTRUCTIONSCROLL	4264
1169665363891	1	INSTRUCTIONSCROLL	4267
1169665363907	1	INSTRUCTIONSCROLL	4271
1169665363924	1	INSTRUCTIONSCROLL	4274
1169665363941	1	INSTRUCTIONSCROLL	4277
1169665363957	1	INSTRUCTIONSCROLL	4281
1169665363974	1	INSTRUCTIONSCROLL	4284
1169665363991	1	INSTRUCTIONSCROLL	4287
1169665364008	1	INSTRUCTIONSCROLL	4291
1169665364025	1	INSTRUCTIONSCROLL	4294
1169665364042	1	INSTRUCTIONSCROLL	4298
1169665364058	1	INSTRUCTIONSCROLL	4301
1169665364075	1	INSTRUCTIONSCROLL	4304
1169665364092	1	INSTRUCTIONSCROLL	4307
1169665364108	1	INSTRUCTIONSCROLL	4311
1169665364125	1	INSTRUCTIONSCROLL	4314
1169665364142	1	INSTRUCTIONSCROLL	4318
1169665364158	1	INSTRUCTIONSCROLL	4321
1169665364175	1	INSTRUCTIONSCROLL	4324
1169665364192	1	INSTRUCTIONSCROLL	4328
1169665364208	1	INSTRUCTIONSCROLL	4331
1169665364225	1	INSTRUCTIONSCROLL	4334
1169665364242	1	INSTRUCTIONSCROLL	4337
1169665364258	1	INSTRUCTIONSCROLL	4341
1169665364275	1	INSTRUCTIONSCROLL	4344
1169665364292	1	INSTRUCTIONSCROLL	4348
1169665364308	1	INSTRUCTIONSCROLL	4351
1169665364325	1	INSTRUCTIONSCROLL	4354
1169665364342	1	INSTRUCTIONSCROLL	4358
1169665364358	1	INSTRUCTIONSCROLL	4361
1169665364375	1	INSTRUCTIONSCROLL	4364
1169665364392	1	INSTRUCTIONSCROLL	4367
1169665364408	1	INSTRUCTIONSCROLL	4371
1169665364425	1	INSTRUCTIONSCROLL	4374
1169665364442	1	INSTRUCTIONSCROLL	4378
1169665364458	1	INSTRUCTIONSCROLL	4381
1169665364475	1	INSTRUCTIONSCROLL	4384
1169665364492	1	INSTRUCTIONSCROLL	4388
1169665364508	1	INSTRUCTIONSCROLL	4391
1169665364524	1	INSTRUCTIONSCROLL	4394
1169665364541	1	INSTRUCTIONSCROLL	4397
1169665364557	1	INSTRUCTIONSCROLL	4401
1169665364574	1	INSTRUCTIONSCROLL	4404
1169665364591	1	INSTRUCTIONSCROLL	4407
1169665364607	1	INSTRUCTIONSCROLL	4411
1169665364624	1	INSTRUCTIONSCROLL	4414
1169665364641	1	INSTRUCTIONSCROLL	4417
1169665364657	1	INSTRUCTIONSCROLL	4421
1169665364674	1	INSTRUCTIONSCROLL	4424
1169665364691	1	INSTRUCTIONSCROLL	4427
1169665364707	1	INSTRUCTIONSCROLL	4431
1169665364724	1	INSTRUCTIONSCROLL	4434
1169665364741	1	INSTRUCTIONSCROLL	4437
1169665364757	1	INSTRUCTIONSCROLL	4441
1169665364774	1	INSTRUCTIONSCROLL	4444
1169665364791	1	INSTRUCTIONSCROLL	4447
1169665364807	1	INSTRUCTIONSCROLL	4451
1169665364824	1	INSTRUCTIONSCROLL	4454
1169665364841	1	INSTRUCTIONSCROLL	4457
1169665364857	1	INSTRUCTIONSCROLL	4461
1169665364874	1	INSTRUCTIONSCROLL	4464
1169665364890	1	INSTRUCTIONSCROLL	4467
1169665364907	1	INSTRUCTIONSCROLL	4471
1169665364924	1	INSTRUCTIONSCROLL	4474
1169665364940	1	INSTRUCTIONSCROLL	4477
1169665364957	1	INSTRUCTIONSCROLL	4481
1169665364974	1	INSTRUCTIONSCROLL	4484
1169665364990	1	INSTRUCTIONSCROLL	4487
1169665365008	1	INSTRUCTIONSCROLL	4491
1169665365025	1	INSTRUCTIONSCROLL	4494
1169665365041	1	INSTRUCTIONSCROLL	4498
1169665365058	1	INSTRUCTIONSCROLL	4501
1169665365075	1	INSTRUCTIONSCROLL	4504
1169665365091	1	INSTRUCTIONSCROLL	4508
1169665365108	1	INSTRUCTIONSCROLL	4511
1169665365125	1	INSTRUCTIONSCROLL	4514
1169665365141	1	INSTRUCTIONSCROLL	4517
1169665365158	1	INSTRUCTIONSCROLL	4521
1169665365175	1	INSTRUCTIONSCROLL	4524
1169665365191	1	INSTRUCTIONSCROLL	4528
1169665365208	1	INSTRUCTIONSCROLL	4531
1169665365225	1	INSTRUCTIONSCROLL	4534
1169665365241	1	INSTRUCTIONSCROLL	4538
1169665365258	1	INSTRUCTIONSCROLL	4541
1169665365275	1	INSTRUCTIONSCROLL	4544
1169665365291	1	INSTRUCTIONSCROLL	4547
1169665365308	1	INSTRUCTIONSCROLL	4551
1169665365325	1	INSTRUCTIONSCROLL	4554
1169665365341	1	INSTRUCTIONSCROLL	4557
1169665365358	1	INSTRUCTIONSCROLL	4561
1169665365375	1	INSTRUCTIONSCROLL	4564
1169665365391	1	INSTRUCTIONSCROLL	4567
1169665365408	1	INSTRUCTIONSCROLL	4571
1169665365425	1	INSTRUCTIONSCROLL	4574
1169665365441	1	INSTRUCTIONSCROLL	4577
1169665365458	1	INSTRUCTIONSCROLL	4581
1169665365475	1	INSTRUCTIONSCROLL	4584
1169665365491	1	INSTRUCTIONSCROLL	4587
1169665365508	1	INSTRUCTIONSCROLL	4591
1169665365524	1	INSTRUCTIONSCROLL	4594
1169665365540	1	INSTRUCTIONSCROLL	4597
1169665365557	1	INSTRUCTIONSCROLL	4601
1169665365574	1	INSTRUCTIONSCROLL	4604
1169665365590	1	INSTRUCTIONSCROLL	4607
1169665365607	1	INSTRUCTIONSCROLL	4611
1169665365624	1	INSTRUCTIONSCROLL	4614
1169665365640	1	INSTRUCTIONSCROLL	4617
1169665365657	1	INSTRUCTIONSCROLL	4621
1169665365674	1	INSTRUCTIONSCROLL	4624
1169665365690	1	INSTRUCTIONSCROLL	4627
1169665365707	1	INSTRUCTIONSCROLL	4631
1169665365724	1	INSTRUCTIONSCROLL	4634
1169665365740	1	INSTRUCTIONSCROLL	4637
1169665365757	1	INSTRUCTIONSCROLL	4641
1169665365774	1	INSTRUCTIONSCROLL	4644
1169665365790	1	INSTRUCTIONSCROLL	4647
1169665365807	1	INSTRUCTIONSCROLL	4651
1169665365824	1	INSTRUCTIONSCROLL	4654
1169665365840	1	INSTRUCTIONSCROLL	4657
1169665365857	1	INSTRUCTIONSCROLL	4661
1169665365874	1	INSTRUCTIONSCROLL	4664
1169665365890	1	INSTRUCTIONSCROLL	4667
1169665365907	1	INSTRUCTIONSCROLL	4671
1169665365924	1	INSTRUCTIONSCROLL	4674
1169665365940	1	INSTRUCTIONSCROLL	4677
1169665365957	1	INSTRUCTIONSCROLL	4681
1169665365974	1	INSTRUCTIONSCROLL	4684
1169665365990	1	INSTRUCTIONSCROLL	4687
1169665366008	1	INSTRUCTIONSCROLL	4691
1169665366025	1	INSTRUCTIONSCROLL	4694
1169665366041	1	INSTRUCTIONSCROLL	4697
1169665366058	1	INSTRUCTIONSCROLL	4701
1169665366075	1	INSTRUCTIONSCROLL	4704
1169665366091	1	INSTRUCTIONSCROLL	4707
1169665366108	1	INSTRUCTIONSCROLL	4711
1169665366125	1	INSTRUCTIONSCROLL	4714
1169665366141	1	INSTRUCTIONSCROLL	4717
1169665366158	1	INSTRUCTIONSCROLL	4721
1169665366174	1	INSTRUCTIONSCROLL	4724
1169665366191	1	INSTRUCTIONSCROLL	4727
1169665366208	1	INSTRUCTIONSCROLL	4731
1169665366224	1	INSTRUCTIONSCROLL	4734
1169665366241	1	INSTRUCTIONSCROLL	4737
1169665366258	1	INSTRUCTIONSCROLL	4741
1169665366274	1	INSTRUCTIONSCROLL	4744
1169665366291	1	INSTRUCTIONSCROLL	4747
1169665366308	1	INSTRUCTIONSCROLL	4751
1169665366324	1	INSTRUCTIONSCROLL	4754
1169665366341	1	INSTRUCTIONSCROLL	4757
1169665366358	1	INSTRUCTIONSCROLL	4761
1169665366374	1	INSTRUCTIONSCROLL	4764
1169665366391	1	INSTRUCTIONSCROLL	4767
1169665366408	1	INSTRUCTIONSCROLL	4771
1169665366424	1	INSTRUCTIONSCROLL	4774
1169665366441	1	INSTRUCTIONSCROLL	4777
1169665366458	1	INSTRUCTIONSCROLL	4781
1169665366474	1	INSTRUCTIONSCROLL	4784
1169665366491	1	INSTRUCTIONSCROLL	4787
1169665366508	1	INSTRUCTIONSCROLL	4791
1169665366523	1	INSTRUCTIONSCROLL	4794
1169665366540	1	INSTRUCTIONSCROLL	4797
1169665366557	1	INSTRUCTIONSCROLL	4800
1169665366573	1	INSTRUCTIONSCROLL	4804
1169665366590	1	INSTRUCTIONSCROLL	4807
1169665366607	1	INSTRUCTIONSCROLL	4810
1169665366623	1	INSTRUCTIONSCROLL	4814
1169665366640	1	INSTRUCTIONSCROLL	4817
1169665366657	1	INSTRUCTIONSCROLL	4821
1169665366673	1	INSTRUCTIONSCROLL	4824
1169665366690	1	INSTRUCTIONSCROLL	4827
1169665366707	1	INSTRUCTIONSCROLL	4830
1169665366723	1	INSTRUCTIONSCROLL	4834
1169665366740	1	INSTRUCTIONSCROLL	4837
1169665366757	1	INSTRUCTIONSCROLL	4840
1169665366773	1	INSTRUCTIONSCROLL	4844
1169665366790	1	INSTRUCTIONSCROLL	4847
1169665366807	1	INSTRUCTIONSCROLL	4851
1169665366823	1	INSTRUCTIONSCROLL	4854
1169665366840	1	INSTRUCTIONSCROLL	4857
1169665366857	1	INSTRUCTIONSCROLL	4860
1169665366873	1	INSTRUCTIONSCROLL	4864
1169665366890	1	INSTRUCTIONSCROLL	4867
1169665366907	1	INSTRUCTIONSCROLL	4870
1169665366923	1	INSTRUCTIONSCROLL	4874
1169665366940	1	INSTRUCTIONSCROLL	4877
1169665366957	1	INSTRUCTIONSCROLL	4881
1169665366973	1	INSTRUCTIONSCROLL	4884
1169665366990	1	INSTRUCTIONSCROLL	4887
1169665415361	1	INSTRUCTIONSCROLL	4888
1169665415378	1	INSTRUCTIONSCROLL	4889
1169665415394	1	INSTRUCTIONSCROLL	4892
1169665415411	1	INSTRUCTIONSCROLL	4895
1169665415527	1	INSTRUCTIONSCROLL	4896
1169665415543	1	INSTRUCTIONSCROLL	4898
1169665415560	1	INSTRUCTIONSCROLL	4902
1169665415577	1	INSTRUCTIONSCROLL	4905
1169665415593	1	INSTRUCTIONSCROLL	4908
1169665415743	1	INSTRUCTIONSCROLL	4909
1169665415760	1	INSTRUCTIONSCROLL	4913
1169665415777	1	INSTRUCTIONSCROLL	4916
1169665415793	1	INSTRUCTIONSCROLL	4919
1169665415810	1	INSTRUCTIONSCROLL	4923
1169665415827	1	INSTRUCTIONSCROLL	4926
1169665415843	1	INSTRUCTIONSCROLL	4929
1169665416710	1	INSTRUCTIONSCROLL	4930
1169665416726	1	INSTRUCTIONSCROLL	4932
1169665416743	1	INSTRUCTIONSCROLL	4935
1169665416760	1	INSTRUCTIONSCROLL	4939
1169665416776	1	INSTRUCTIONSCROLL	4942
1169665416793	1	INSTRUCTIONSCROLL	4945
1169665416810	1	INSTRUCTIONSCROLL	4949
1169665416826	1	INSTRUCTIONSCROLL	4952
1169665416843	1	INSTRUCTIONSCROLL	4955
1169665417726	1	INSTRUCTIONSTOP	Button set (OR)
1169665417727	0	E	Logging Ends
