1159995811051	0	B	Logging Begins
1159995811052	0	SESS_START	0
1159997453321	0	TRIAL	1
1159997459066	1	FACE	572	PRES1_NPPN	Correct	LL1	PP1	Target_NPPN	0	PRACTICE
1159997462985	1	FACE	572	CUE	Correct	LL1	PP1	Target_NPPN	0	PRACTICE
1159997463557	0	FACE	572	RESP	Correct	LL1	PP1	Target_NPPN	0	PRACTICE
1159997463576	0	TRIAL	2
1159997468012	1	FACE	517	PRES1_PPNN	Correct	LL1	PP1	Target_PPNN	0	PRACTICE
1159997471772	1	FACE	517	CUE	Correct	LL1	PP1	Target_PPNN	0	PRACTICE
1159997472289	0	FACE	517	RESP	Correct	LL1	PP1	Target_PPNN	0	PRACTICE
1159997472311	0	TRIAL	3
1159997475785	1	FACE	527	PRES1_NPNN	Correct	LL1	PP1	Target_NPNN	0	PRACTICE
1159997479679	1	FACE	527	CUE	Correct	LL1	PP1	Target_NPNN	0	PRACTICE
1159997480206	0	FACE	527	RESP	Correct	LL1	PP1	Target_NPNN	0	PRACTICE
1159997480230	0	TRIAL	4
1159997483199	1	FACE	562	PRES1_PPPP	Incorrect	LL1	PP1	Target_PPPP	0	PRACTICE
1159997486972	1	FACE	562	CUE	Incorrect	LL1	PP1	Target_PPPP	0	PRACTICE
1159997487534	0	FACE	562	RESP	Incorrect	LL1	PP1	Target_PPPP	0	PRACTICE
1159997487564	0	TRIAL	5
1159997490732	1	FACE	627	PRES1_NPNP	Correct	LL1	PP0	Lure_NNPP	0	PRACTICE
1159997494706	1	FACE	627	CUE	Correct	LL1	PP0	Lure_NNPP	0	PRACTICE
1159997495333	0	FACE	627	RESP	Correct	LL1	PP0	Lure_NNPP	0	PRACTICE
1159997495363	0	TRIAL	6
1159997498493	1	FACE	605	PRES1_PNNN	Correct	LL1	PP0	Lure_NNNP	0	PRACTICE
1159997502440	1	FACE	605	CUE	Correct	LL1	PP0	Lure_NNNP	0	PRACTICE
1159997503045	0	FACE	605	RESP	Correct	LL1	PP0	Lure_NNNP	0	PRACTICE
1159997503071	0	TRIAL	7
1159997505972	1	FACE	572	PRES1_NPPN	Correct	LL1	PP0	Lure_PPNN	0	PRACTICE
1159997509785	1	FACE	572	CUE	Correct	LL1	PP0	Lure_PPNN	0	PRACTICE
1159997510357	1	FACE	572	RESP	Correct	LL1	PP0	Lure_PPNN	0	PRACTICE
1159997510390	0	TRIAL	8
1159997513146	1	FACE	577	PRES1_PPNP	Correct	LL1	PP0	Lure_NPPP	0	PRACTICE
1159997516945	1	FACE	577	CUE	Correct	LL1	PP0	Lure_NPPP	0	PRACTICE
1159997517522	0	FACE	577	RESP	Correct	LL1	PP0	Lure_NPPP	0	PRACTICE
1159997517550	0	TRIAL	9
1159997520280	1	FACE	588	PRES1_NPPP	Correct	LL1	PP0	Lure_NNPN	0	PRACTICE
1159997524013	1	FACE	588	CUE	Correct	LL1	PP0	Lure_NNPN	0	PRACTICE
1159997524601	0	FACE	588	RESP	Correct	LL1	PP0	Lure_NNPN	0	PRACTICE
1159997524630	0	TRIAL	10
1159997527360	1	FACE	472	PRES1_PNNP	Correct	LL1	PP0	Lure_NPNN	0	PRACTICE
1159997531120	1	FACE	472	CUE	Correct	LL1	PP0	Lure_NPNN	0	PRACTICE
1159997531592	0	FACE	472	RESP	Correct	LL1	PP0	Lure_NPNN	0	PRACTICE
1159997531617	0	TRIAL	11
1159997534320	1	FACE	564	PRES1_PNPP	Correct	LL1	PP1	Target_PNPP	0	PRACTICE
1159997538173	1	FACE	564	CUE	Correct	LL1	PP1	Target_PNPP	0	PRACTICE
1159997538737	0	FACE	564	RESP	Correct	LL1	PP1	Target_PNPP	0	PRACTICE
1159997538767	0	TRIAL	12
1159997541533	1	FACE	535	PRES1_NNPP	Correct	LL1	PP0	Lure_NNNN	0	PRACTICE
1159997545560	1	FACE	535	CUE	Correct	LL1	PP0	Lure_NNNN	0	PRACTICE
1159997546095	0	FACE	535	RESP	Correct	LL1	PP0	Lure_NNNN	0	PRACTICE
1159997546124	0	TRIAL	13
1159997548866	1	FACE	475	PRES1_NPPP	Correct	LL1	PP1	Target_NPPP	0	PRACTICE
1159997552839	1	FACE	475	CUE	Correct	LL1	PP1	Target_NPPP	0	PRACTICE
1159997553314	0	FACE	475	RESP	Correct	LL1	PP1	Target_NPPP	0	PRACTICE
1159997553337	0	TRIAL	14
1159997556027	1	FACE	447	PRES1_PNNN	Incorrect	LL1	PP1	Target_PNNN	0	PRACTICE
1159997559946	1	FACE	447	CUE	Incorrect	LL1	PP1	Target_PNNN	0	PRACTICE
1159997560393	0	FACE	447	RESP	Incorrect	LL1	PP1	Target_PNNN	0	PRACTICE
1159997560417	0	TRIAL	15
1159997563653	1	FACE	517	PRES1_PNPP	Correct	LL1	PP0	Lure_PPNP	0	PRACTICE
1159997567454	1	FACE	517	CUE	Correct	LL1	PP0	Lure_PPNP	0	PRACTICE
1159997567971	1	FACE	517	RESP	Correct	LL1	PP0	Lure_PPNP	0	PRACTICE
1159997568004	0	TRIAL	16
1159997570786	1	FACE	588	PRES1_PPPN	Correct	LL1	PP1	Target_PPPN	0	PRACTICE
1159997574587	1	FACE	588	CUE	Correct	LL1	PP1	Target_PPPN	0	PRACTICE
1159997575175	0	FACE	588	RESP	Correct	LL1	PP1	Target_PPPN	0	PRACTICE
1159997575204	0	TRIAL	17
1159997577866	1	FACE	509	PRES1_PNNP	Correct	LL1	PP1	Target_PNNP	0	PRACTICE
1159997581680	1	FACE	509	CUE	Correct	LL1	PP1	Target_PNNP	0	PRACTICE
1159997582189	0	FACE	509	RESP	Correct	LL1	PP1	Target_PNNP	0	PRACTICE
1159997582218	0	TRIAL	18
1159997584919	1	FACE	467	PRES1_PPNP	Correct	LL1	PP1	Target_PPNP	0	PRACTICE
1159997588973	1	FACE	467	CUE	Correct	LL1	PP1	Target_PPNP	0	PRACTICE
1159997589440	0	FACE	467	RESP	Correct	LL1	PP1	Target_PPNP	0	PRACTICE
1159997589471	0	TRIAL	19
1159997592214	1	FACE	522	PRES1_NNNN	Correct	LL1	PP0	Lure_NPNP	0	PRACTICE
1159997596160	1	FACE	522	CUE	Correct	LL1	PP0	Lure_NPNP	0	PRACTICE
1159997596682	0	FACE	522	RESP	Correct	LL1	PP0	Lure_NPNP	0	PRACTICE
1159997596710	0	TRIAL	20
1159997599387	1	FACE	524	PRES1_NNPP	Correct	LL1	PP1	Target_NNPP	0	PRACTICE
1159997603427	1	FACE	524	CUE	Correct	LL1	PP1	Target_NNPP	0	PRACTICE
1159997603951	0	FACE	524	RESP	Correct	LL1	PP1	Target_NNPP	0	PRACTICE
1159997603977	0	TRIAL	21
1159997606826	1	FACE	476	PRES1_PPNN	Correct	LL1	PP0	Lure_PPPN	0	PRACTICE
1159997610813	1	FACE	476	CUE	Correct	LL1	PP0	Lure_PPPN	0	PRACTICE
1159997611289	0	FACE	476	RESP	Correct	LL1	PP0	Lure_PPPN	0	PRACTICE
1159997611311	0	TRIAL	22
1159997614374	1	FACE	540	PRES1_NNPN	Correct	LL1	PP0	Lure_PNNP	0	PRACTICE
1159997618201	1	FACE	540	CUE	Correct	LL1	PP0	Lure_PNNP	0	PRACTICE
1159997618741	0	FACE	540	RESP	Correct	LL1	PP0	Lure_PNNP	0	PRACTICE
1159997618764	0	TRIAL	23
1159997621587	1	FACE	534	PRES1_NNNN	Correct	LL1	PP1	Target_NNNN	0	PRACTICE
1159997625414	1	FACE	534	CUE	Correct	LL1	PP1	Target_NNNN	0	PRACTICE
1159997625948	0	FACE	534	RESP	Correct	LL1	PP1	Target_NNNN	0	PRACTICE
1159997625977	0	TRIAL	24
1159997629494	1	FACE	545	PRES1_NNNP	Correct	LL1	PP0	Lure_NPPN	0	PRACTICE
1159997633268	1	FACE	545	CUE	Correct	LL1	PP0	Lure_NPPN	0	PRACTICE
1159997633813	0	FACE	545	RESP	Correct	LL1	PP0	Lure_NPPN	0	PRACTICE
1159997633844	0	TRIAL	25
1159997636561	1	FACE	597	PRES1_NPNN	Correct	LL1	PP0	Lure_PNNN	0	PRACTICE
1159997640428	1	FACE	597	CUE	Correct	LL1	PP0	Lure_PNNN	0	PRACTICE
1159997641025	0	FACE	597	RESP	Correct	LL1	PP0	Lure_PNNN	0	PRACTICE
1159997641045	0	TRIAL	26
1159997643747	1	FACE	622	PRES1_PPPP	Correct	LL1	PP0	Lure_PNPN	0	PRACTICE
1159997647601	1	FACE	622	CUE	Correct	LL1	PP0	Lure_PNPN	0	PRACTICE
1159997648223	0	FACE	622	RESP	Correct	LL1	PP0	Lure_PNPN	0	PRACTICE
1159997648245	0	TRIAL	27
1159997651028	1	FACE	520	PRES1_NPNP	Correct	LL1	PP1	Target_NPNP	0	PRACTICE
1159997655014	1	FACE	520	CUE	Correct	LL1	PP1	Target_NPNP	0	PRACTICE
1159997655534	0	FACE	520	RESP	Correct	LL1	PP1	Target_NPNP	0	PRACTICE
1159997655566	0	TRIAL	28
1159997658294	1	FACE	629	PRES1_PNPN	Correct	LL1	PP1	Target_PNPN	0	PRACTICE
1159997662161	1	FACE	629	CUE	Correct	LL1	PP1	Target_PNPN	0	PRACTICE
1159997662790	0	FACE	629	RESP	Correct	LL1	PP1	Target_PNPN	0	PRACTICE
1159997662817	0	TRIAL	29
1159997665561	1	FACE	561	PRES1_PPPN	Correct	LL1	PP0	Lure_PPPP	0	PRACTICE
1159997669575	1	FACE	561	CUE	Correct	LL1	PP0	Lure_PPPP	0	PRACTICE
1159997670136	0	FACE	561	RESP	Correct	LL1	PP0	Lure_PPPP	0	PRACTICE
1159997670165	0	TRIAL	30
1159997673041	1	FACE	554	PRES1_NNPN	Correct	LL1	PP1	Target_NNPN	0	PRACTICE
1159997676947	1	FACE	554	CUE	Correct	LL1	PP1	Target_NNPN	0	PRACTICE
1159997677501	0	FACE	554	RESP	Correct	LL1	PP1	Target_NNPN	0	PRACTICE
1159997677512	0	TRIAL	31
1159997680481	1	FACE	484	PRES1_NNNP	Correct	LL1	PP1	Target_NNNP	0	PRACTICE
1159997684335	1	FACE	484	CUE	Correct	LL1	PP1	Target_NNNP	0	PRACTICE
1159997684819	0	FACE	484	RESP	Correct	LL1	PP1	Target_NNNP	0	PRACTICE
1159997684844	0	TRIAL	32
1159997687695	1	FACE	697	PRES1_PNPN	Correct	LL1	PP0	Lure_PNPP	0	PRACTICE
1159997691720	1	FACE	697	CUE	Correct	LL1	PP0	Lure_PNPP	0	PRACTICE
1159997692417	1	FACE	697	RESP	Correct	LL1	PP0	Lure_PNPP	0	PRACTICE
1159997699082	0	TRIAL	1
1159997707881	1	FACE	942	PRES1_PNPN	Correct	LL1	PP0	Lure_PPNN	0	PRACTICE
1159997711708	1	FACE	942	CUE	Correct	LL1	PP0	Lure_PPNN	0	PRACTICE
1159997712650	0	FACE	942	RESP	Correct	LL1	PP0	Lure_PPNN	0	PRACTICE
1159997712672	0	TRIAL	2
1159997716162	1	FACE	479	PRES1_NNPP	Correct	LL1	PP1	Target_NNPP	0	PRACTICE
1159997720002	1	FACE	479	CUE	Correct	LL1	PP1	Target_NNPP	0	PRACTICE
1159997720481	0	FACE	479	RESP	Correct	LL1	PP1	Target_NNPP	0	PRACTICE
1159997720512	0	TRIAL	3
1159997723389	1	FACE	840	PRES1_NPNN	Correct	LL1	PP1	Target_NPNN	0	PRACTICE
1159997727429	1	FACE	840	CUE	Correct	LL1	PP1	Target_NPNN	0	PRACTICE
1159997728269	0	FACE	840	RESP	Correct	LL1	PP1	Target_NPNN	0	PRACTICE
1159997728299	0	TRIAL	4
1159997731269	1	FACE	505	PRES1_NNNP	Correct	LL1	PP1	Target_NNNP	0	PRACTICE
1159997735149	1	FACE	505	CUE	Correct	LL1	PP1	Target_NNNP	0	PRACTICE
1159997735654	0	FACE	505	RESP	Correct	LL1	PP1	Target_NNNP	0	PRACTICE
1159997735686	0	TRIAL	5
1159997738402	1	FACE	543	PRES1_PPNP	Correct	LL1	PP0	Lure_NNPN	0	PRACTICE
1159997742389	1	FACE	543	CUE	Correct	LL1	PP0	Lure_NNPN	0	PRACTICE
1159997742932	0	FACE	543	RESP	Correct	LL1	PP0	Lure_NNPN	0	PRACTICE
1159997742951	0	TRIAL	6
1159997745801	1	FACE	408	PRES1_PNPP	Correct	LL1	PP1	Target_PNPP	0	PRACTICE
1159997749575	1	FACE	408	CUE	Correct	LL1	PP1	Target_PNPP	0	PRACTICE
1159997749983	0	FACE	408	RESP	Correct	LL1	PP1	Target_PNPP	0	PRACTICE
1159997750006	0	TRIAL	7
1159997752788	1	FACE	514	PRES1_NPPN	Correct	LL1	PP0	Lure_NNNN	0	PRACTICE
1159997756682	1	FACE	514	CUE	Correct	LL1	PP0	Lure_NNNN	0	PRACTICE
1159997757196	0	FACE	514	RESP	Correct	LL1	PP0	Lure_NNNN	0	PRACTICE
1159997757219	0	TRIAL	8
1159997760016	1	FACE	556	PRES1_NNPP	Correct	LL1	PP0	Lure_PNNN	0	PRACTICE
1159997763895	1	FACE	556	CUE	Correct	LL1	PP0	Lure_PNNN	0	PRACTICE
1159997764451	0	FACE	556	RESP	Correct	LL1	PP0	Lure_PNNN	0	PRACTICE
1159997764472	0	TRIAL	9
1159997767282	1	FACE	491	PRES1_PNNP	Correct	LL1	PP0	Lure_PPPP	0	PRACTICE
1159997771162	1	FACE	491	CUE	Correct	LL1	PP0	Lure_PPPP	0	PRACTICE
1159997771653	0	FACE	491	RESP	Correct	LL1	PP0	Lure_PPPP	0	PRACTICE
1159997771673	0	TRIAL	10
1159997774482	1	FACE	446	PRES1_PPNN	Correct	LL1	PP1	Target_PPNN	0	PRACTICE
1159997778269	1	FACE	446	CUE	Correct	LL1	PP1	Target_PPNN	0	PRACTICE
1159997778715	0	FACE	446	RESP	Correct	LL1	PP1	Target_PPNN	0	PRACTICE
1159997778738	0	TRIAL	11
1159997781748	1	FACE	603	PRES1_PNPP	Correct	LL1	PP0	Lure_NPNP	0	PRACTICE
1159997785642	1	FACE	603	CUE	Correct	LL1	PP0	Lure_NPNP	0	PRACTICE
1159997786245	0	FACE	603	RESP	Correct	LL1	PP0	Lure_NPNP	0	PRACTICE
1159997786273	0	TRIAL	12
1159997789163	1	FACE	525	PRES1_PNNN	Correct	LL1	PP1	Target_PNNN	0	PRACTICE
1159997793216	1	FACE	525	CUE	Correct	LL1	PP1	Target_PNNN	0	PRACTICE
1159997793741	0	FACE	525	RESP	Correct	LL1	PP1	Target_PNNN	0	PRACTICE
1159997793765	0	TRIAL	13
1159997796815	1	FACE	419	PRES1_PNNP	Correct	LL1	PP1	Target_PNNP	0	PRACTICE
1159997800643	1	FACE	419	CUE	Correct	LL1	PP1	Target_PNNP	0	PRACTICE
1159997801062	0	FACE	419	RESP	Correct	LL1	PP1	Target_PNNP	0	PRACTICE
1159997801086	0	TRIAL	14
1159997803828	1	FACE	424	PRES1_NNPN	Incorrect	LL1	PP0	Lure_PPPN	0	PRACTICE
1159997807563	1	FACE	424	CUE	Incorrect	LL1	PP0	Lure_PPPN	0	PRACTICE
1159997807987	0	FACE	424	RESP	Incorrect	LL1	PP0	Lure_PPPN	0	PRACTICE
1159997808020	0	TRIAL	15
1159997810922	1	FACE	615	PRES1_PPNP	Correct	LL1	PP1	Target_PPNP	0	PRACTICE
1159997814962	1	FACE	615	CUE	Correct	LL1	PP1	Target_PPNP	0	PRACTICE
1159997815577	0	FACE	615	RESP	Correct	LL1	PP1	Target_PPNP	0	PRACTICE
1159997815606	0	TRIAL	16
1159997818416	1	FACE	487	PRES1_NPPN	Correct	LL1	PP1	Target_NPPN	0	PRACTICE
1159997822190	1	FACE	487	CUE	Correct	LL1	PP1	Target_NPPN	0	PRACTICE
1159997822677	1	FACE	487	RESP	Correct	LL1	PP1	Target_NPPN	0	PRACTICE
1159997822700	0	TRIAL	17
1159997825456	1	FACE	509	PRES1_NNNN	Correct	LL1	PP0	Lure_NPPP	0	PRACTICE
1159997829310	1	FACE	509	CUE	Correct	LL1	PP0	Lure_NPPP	0	PRACTICE
1159997829819	1	FACE	509	RESP	Correct	LL1	PP0	Lure_NPPP	0	PRACTICE
1159997829846	0	TRIAL	18
1159997832696	1	FACE	429	PRES1_NPPP	Correct	LL1	PP1	Target_NPPP	0	PRACTICE
1159997836735	1	FACE	429	CUE	Correct	LL1	PP1	Target_NPPP	0	PRACTICE
1159997837164	0	FACE	429	RESP	Correct	LL1	PP1	Target_NPPP	0	PRACTICE
1159997837193	0	TRIAL	19
1159997840110	1	FACE	506	PRES1_NPNP	Correct	LL1	PP0	Lure_NPNN	0	PRACTICE
1159997844150	1	FACE	506	CUE	Correct	LL1	PP0	Lure_NPNN	0	PRACTICE
1159997844656	0	FACE	506	RESP	Correct	LL1	PP0	Lure_NPNN	0	PRACTICE
1159997844687	0	TRIAL	20
1159997847855	1	FACE	634	PRES1_PNNN	Correct	LL1	PP0	Lure_PPNP	0	PRACTICE
1159997851697	1	FACE	634	CUE	Correct	LL1	PP0	Lure_PPNP	0	PRACTICE
1159997852331	0	FACE	634	RESP	Correct	LL1	PP0	Lure_PPNP	0	PRACTICE
1159997852355	0	TRIAL	21
1159997855123	1	FACE	473	PRES1_PPNN	Correct	LL1	PP0	Lure_PNNP	0	PRACTICE
1159997859057	1	FACE	473	CUE	Correct	LL1	PP0	Lure_PNNP	0	PRACTICE
1159997859530	0	FACE	473	RESP	Correct	LL1	PP0	Lure_PNNP	0	PRACTICE
1159997859554	0	TRIAL	22
1159997862310	1	FACE	530	PRES1_NPPP	Correct	LL1	PP0	Lure_NNNP	0	PRACTICE
1159997866337	1	FACE	530	CUE	Correct	LL1	PP0	Lure_NNNP	0	PRACTICE
1159997866867	0	FACE	530	RESP	Correct	LL1	PP0	Lure_NNNP	0	PRACTICE
1159997866899	0	TRIAL	23
1159997869590	1	FACE	529	PRES1_NPNP	Correct	LL1	PP1	Target_NPNP	0	PRACTICE
1159997873603	1	FACE	529	CUE	Correct	LL1	PP1	Target_NPNP	0	PRACTICE
1159997874132	0	FACE	529	RESP	Correct	LL1	PP1	Target_NPNP	0	PRACTICE
1159997874154	0	TRIAL	24
1159997876949	1	FACE	574	PRES1_NNNP	Incorrect	LL1	PP0	Lure_NNPP	0	PRACTICE
1159997880816	1	FACE	574	CUE	Incorrect	LL1	PP0	Lure_NNPP	0	PRACTICE
1159997881390	0	FACE	574	RESP	Incorrect	LL1	PP0	Lure_NNPP	0	PRACTICE
1159997881420	0	TRIAL	25
1159997884230	1	FACE	753	PRES1_PPPN	Correct	LL1	PP0	Lure_PNPP	0	PRACTICE
1159997887989	1	FACE	753	CUE	Correct	LL1	PP0	Lure_PNPP	0	PRACTICE
1159997888742	0	FACE	753	RESP	Correct	LL1	PP0	Lure_PNPP	0	PRACTICE
1159997888767	0	TRIAL	26
1159997891524	1	FACE	579	PRES1_NNNN	Correct	LL1	PP1	Target_NNNN	0	PRACTICE
1159997895310	1	FACE	579	CUE	Correct	LL1	PP1	Target_NNNN	0	PRACTICE
1159997895889	0	FACE	579	RESP	Correct	LL1	PP1	Target_NNNN	0	PRACTICE
1159997895913	0	TRIAL	27
1159997898644	1	FACE	564	PRES1_PNPN	Correct	LL1	PP1	Target_PNPN	0	PRACTICE
1159997902404	1	FACE	564	CUE	Correct	LL1	PP1	Target_PNPN	0	PRACTICE
1159997902968	1	FACE	564	RESP	Correct	LL1	PP1	Target_PNPN	0	PRACTICE
1159997902993	0	TRIAL	28
1159997905697	1	FACE	485	PRES1_PPPP	Correct	LL1	PP1	Target_PPPP	0	PRACTICE
1159997909670	1	FACE	485	CUE	Correct	LL1	PP1	Target_PPPP	0	PRACTICE
1159997910155	1	FACE	485	RESP	Correct	LL1	PP1	Target_PPPP	0	PRACTICE
1159997910181	0	TRIAL	29
1159997912936	1	FACE	410	PRES1_PPPN	Correct	LL1	PP1	Target_PPPN	0	PRACTICE
1159997916790	1	FACE	410	CUE	Correct	LL1	PP1	Target_PPPN	0	PRACTICE
1159997917200	0	FACE	410	RESP	Correct	LL1	PP1	Target_PPPN	0	PRACTICE
1159997917221	0	TRIAL	30
1159997920057	1	FACE	449	PRES1_NNPN	Correct	LL1	PP1	Target_NNPN	0	PRACTICE
1159997923816	1	FACE	449	CUE	Correct	LL1	PP1	Target_NNPN	0	PRACTICE
1159997924265	1	FACE	449	RESP	Correct	LL1	PP1	Target_NNPN	0	PRACTICE
1159997924289	0	TRIAL	31
1159997927684	1	FACE	531	PRES1_PPPP	Correct	LL1	PP0	Lure_PNPN	0	PRACTICE
1159997931631	1	FACE	531	CUE	Correct	LL1	PP0	Lure_PNPN	0	PRACTICE
1159997932162	0	FACE	531	RESP	Correct	LL1	PP0	Lure_PNPN	0	PRACTICE
1159997932194	0	TRIAL	32
1159997935044	1	FACE	514	PRES1_NPNN	Incorrect	LL1	PP0	Lure_NPPN	0	PRACTICE
1159997938950	1	FACE	514	CUE	Incorrect	LL1	PP0	Lure_NPPN	0	PRACTICE
1159997939464	0	FACE	514	RESP	Incorrect	LL1	PP0	Lure_NPPN	0	PRACTICE
1159997949483	0	SESS_END	1
1159997949487	0	E	Logging Ends
