1171052543360	0	B	Logging Begins
1171052543360	0	INSTRUCTIONSTART	JointRoller	/Library/Frameworks/Python.framework/Versions/2.4/lib/python2.4/site-packages/pyepl/resources/vera.ttf	64	(0, 0, 0)	'In the following experiment, your memory for associating names with faces will be tested.  The task is difficult and requires concentration, so if you need a break at any time let the experimenter know.\n\nSixteen faces will be presented on the screen, consecutively, accompanied by their names.  A woman\'s voice will also speak the name when the face appears on the screen.  After five seconds, the face will disappear from the screen, a star (*) will flash on the screen for one second, and then the next face and name will appear.\n\nAfter you have seen all sixteen faces and names, you will be prompted to press any key in order to move on to a testing period.  During each trial of the testing period, you will see a face with name underneath it.  You will have to decide whether or not the name is paired with the appropriate face.  \n\nYou will respond on the keyboard, with a confidence judgment between 1 and 6.  A judgment of 1 indicates that you are near certain that the name given is incorrectly paired with the face, a judgment of 2 indicates moderate confidence, and a judgment of 3 indicates that you think the name is incorrectly paired with the face, but are quite unsure.  A judgment of 6 indicates that you are near certain that the name given is correctly paired with the face, a judgment of 5 indicates moderate confidence, and a judgment of 4 indicates that you think the name is correctly paired with the face, but are quite unsure.\n\nYou should rest your fingers on the bottom row of the keyboard.  "Z", "X", and  "C" will correspond to confidence judgments of 1, 2, and 3, respectively.  ",", ".", and "/" will correspond to confidence judgments of 4, 5, and 6, respectively.\n\nAfter five seconds the name and face will disappear from the screen, a star will flash on the screen for one second, and then the next name and face pair will appear on the screen.  You will see sixteen name-face pairs per test period.  You should try to reply as quickly and accurately as you can.\n\nThere will be ten study periods and ten test periods, alternating.  Each face will have the same name over the entire course of the experiment, so your task is to try and learn the faces\' names as quickly and accurately as possible.\n\nDo you have any questions?\n\nPress <ENTER> to continue.\n'
1171052543473	1	INSTRUCTIONSCROLL	0
1171052551097	1	INSTRUCTIONSCROLL	1
1171052551114	1	INSTRUCTIONSCROLL	4
1171052551131	1	INSTRUCTIONSCROLL	7
1171052551147	1	INSTRUCTIONSCROLL	10
1171052551164	1	INSTRUCTIONSCROLL	14
1171052551181	1	INSTRUCTIONSCROLL	17
1171052551197	1	INSTRUCTIONSCROLL	20
1171052551530	1	INSTRUCTIONSCROLL	21
1171052551547	1	INSTRUCTIONSCROLL	25
1171052551564	1	INSTRUCTIONSCROLL	28
1171052551580	1	INSTRUCTIONSCROLL	31
1171052551597	1	INSTRUCTIONSCROLL	35
1171052551614	1	INSTRUCTIONSCROLL	38
1171052551946	1	INSTRUCTIONSCROLL	39
1171052551963	1	INSTRUCTIONSCROLL	41
1171052551979	1	INSTRUCTIONSCROLL	44
1171052551996	1	INSTRUCTIONSCROLL	48
1171052552014	1	INSTRUCTIONSCROLL	51
1171052552030	1	INSTRUCTIONSCROLL	55
1171052552047	1	INSTRUCTIONSCROLL	58
1171052552064	1	INSTRUCTIONSCROLL	61
1171052552230	1	INSTRUCTIONSCROLL	62
1171052552247	1	INSTRUCTIONSCROLL	65
1171052552264	1	INSTRUCTIONSCROLL	68
1171052552280	1	INSTRUCTIONSCROLL	71
1171052552297	1	INSTRUCTIONSCROLL	75
1171052552313	1	INSTRUCTIONSCROLL	78
1171052552330	1	INSTRUCTIONSCROLL	81
1171052552347	1	INSTRUCTIONSCROLL	85
1171052552364	1	INSTRUCTIONSCROLL	88
1171052552380	1	INSTRUCTIONSCROLL	91
1171052552397	1	INSTRUCTIONSCROLL	95
1171052552413	1	INSTRUCTIONSCROLL	98
1171052552430	1	INSTRUCTIONSCROLL	101
1171052552447	1	INSTRUCTIONSCROLL	105
1171052552463	1	INSTRUCTIONSCROLL	108
1171052552480	1	INSTRUCTIONSCROLL	111
1171052552497	1	INSTRUCTIONSCROLL	115
1171052552513	1	INSTRUCTIONSCROLL	118
1171052552530	1	INSTRUCTIONSCROLL	121
1171052552547	1	INSTRUCTIONSCROLL	125
1171052552563	1	INSTRUCTIONSCROLL	128
1171052552580	1	INSTRUCTIONSCROLL	131
1171052552597	1	INSTRUCTIONSCROLL	135
1171052552613	1	INSTRUCTIONSCROLL	138
1171052552996	1	INSTRUCTIONSCROLL	139
1171052553013	1	INSTRUCTIONSCROLL	141
1171052553030	1	INSTRUCTIONSCROLL	145
1171052553047	1	INSTRUCTIONSCROLL	148
1171052553063	1	INSTRUCTIONSCROLL	152
1171052553080	1	INSTRUCTIONSCROLL	155
1171052553097	1	INSTRUCTIONSCROLL	158
1171052553113	1	INSTRUCTIONSCROLL	162
1171052553130	1	INSTRUCTIONSCROLL	165
1171052553147	1	INSTRUCTIONSCROLL	168
1171052553163	1	INSTRUCTIONSCROLL	172
1171052553180	1	INSTRUCTIONSCROLL	175
1171052553197	1	INSTRUCTIONSCROLL	178
1171052553213	1	INSTRUCTIONSCROLL	182
1171052553230	1	INSTRUCTIONSCROLL	185
1171052553247	1	INSTRUCTIONSCROLL	188
1171052553263	1	INSTRUCTIONSCROLL	192
1171052553280	1	INSTRUCTIONSCROLL	195
1171052553646	1	INSTRUCTIONSCROLL	196
1171052553663	1	INSTRUCTIONSCROLL	197
1171052553680	1	INSTRUCTIONSCROLL	200
1171052553696	1	INSTRUCTIONSCROLL	204
1171052553713	1	INSTRUCTIONSCROLL	207
1171052553730	1	INSTRUCTIONSCROLL	210
1171052553746	1	INSTRUCTIONSCROLL	214
1171052553763	1	INSTRUCTIONSCROLL	217
1171052553780	1	INSTRUCTIONSCROLL	220
1171052553795	1	INSTRUCTIONSCROLL	224
1171052553812	1	INSTRUCTIONSCROLL	227
1171052553829	1	INSTRUCTIONSCROLL	230
1171052553845	1	INSTRUCTIONSCROLL	233
1171052553862	1	INSTRUCTIONSCROLL	237
1171052553879	1	INSTRUCTIONSCROLL	240
1171052553895	1	INSTRUCTIONSCROLL	243
1171052553912	1	INSTRUCTIONSCROLL	247
1171052553929	1	INSTRUCTIONSCROLL	250
1171052553945	1	INSTRUCTIONSCROLL	253
1171052553962	1	INSTRUCTIONSCROLL	257
1171052553979	1	INSTRUCTIONSCROLL	260
1171052553995	1	INSTRUCTIONSCROLL	263
1171052554013	1	INSTRUCTIONSCROLL	267
1171052554413	1	INSTRUCTIONSCROLL	268
1171052554429	1	INSTRUCTIONSCROLL	271
1171052554446	1	INSTRUCTIONSCROLL	275
1171052554463	1	INSTRUCTIONSCROLL	278
1171052554480	1	INSTRUCTIONSCROLL	281
1171052554496	1	INSTRUCTIONSCROLL	285
1171052554613	1	INSTRUCTIONSCROLL	286
1171052554629	1	INSTRUCTIONSCROLL	287
1171052554646	1	INSTRUCTIONSCROLL	290
1171052554663	1	INSTRUCTIONSCROLL	293
1171052554679	1	INSTRUCTIONSCROLL	296
1171052554696	1	INSTRUCTIONSCROLL	300
1171052554713	1	INSTRUCTIONSCROLL	303
1171052554878	1	INSTRUCTIONSCROLL	304
1171052554895	1	INSTRUCTIONSCROLL	307
1171052554912	1	INSTRUCTIONSCROLL	310
1171052554928	1	INSTRUCTIONSCROLL	313
1171052555079	1	INSTRUCTIONSCROLL	314
1171052555096	1	INSTRUCTIONSCROLL	317
1171052555113	1	INSTRUCTIONSCROLL	320
1171052555129	1	INSTRUCTIONSCROLL	324
1171052555279	1	INSTRUCTIONSCROLL	325
1171052555296	1	INSTRUCTIONSCROLL	326
1171052555313	1	INSTRUCTIONSCROLL	329
1171052555329	1	INSTRUCTIONSCROLL	333
1171052555346	1	INSTRUCTIONSCROLL	336
1171052555513	1	INSTRUCTIONSCROLL	337
1171052555529	1	INSTRUCTIONSCROLL	340
1171052555546	1	INSTRUCTIONSCROLL	343
1171052555562	1	INSTRUCTIONSCROLL	347
1171052555579	1	INSTRUCTIONSCROLL	350
1171052555596	1	INSTRUCTIONSCROLL	353
1171052555612	1	INSTRUCTIONSCROLL	357
1171052555629	1	INSTRUCTIONSCROLL	360
1171052555646	1	INSTRUCTIONSCROLL	363
1171052555662	1	INSTRUCTIONSCROLL	367
1171052555679	1	INSTRUCTIONSCROLL	370
1171052555696	1	INSTRUCTIONSCROLL	373
1171052555712	1	INSTRUCTIONSCROLL	377
1171052555729	1	INSTRUCTIONSCROLL	380
1171052555746	1	INSTRUCTIONSCROLL	383
1171052555762	1	INSTRUCTIONSCROLL	387
1171052555779	1	INSTRUCTIONSCROLL	390
1171052555795	1	INSTRUCTIONSCROLL	393
1171052555811	1	INSTRUCTIONSCROLL	396
1171052555828	1	INSTRUCTIONSCROLL	400
1171052555845	1	INSTRUCTIONSCROLL	403
1171052555861	1	INSTRUCTIONSCROLL	406
1171052555878	1	INSTRUCTIONSCROLL	410
1171052555895	1	INSTRUCTIONSCROLL	413
1171052555911	1	INSTRUCTIONSCROLL	416
1171052555928	1	INSTRUCTIONSCROLL	420
1171052555945	1	INSTRUCTIONSCROLL	423
1171052555961	1	INSTRUCTIONSCROLL	426
1171052555978	1	INSTRUCTIONSCROLL	430
1171052555995	1	INSTRUCTIONSCROLL	433
1171052556012	1	INSTRUCTIONSCROLL	436
1171052556029	1	INSTRUCTIONSCROLL	440
1171052556046	1	INSTRUCTIONSCROLL	443
1171052556062	1	INSTRUCTIONSCROLL	447
1171052556079	1	INSTRUCTIONSCROLL	450
1171052556096	1	INSTRUCTIONSCROLL	453
1171052556112	1	INSTRUCTIONSCROLL	457
1171052556129	1	INSTRUCTIONSCROLL	460
1171052556146	1	INSTRUCTIONSCROLL	463
1171052556162	1	INSTRUCTIONSCROLL	467
1171052556179	1	INSTRUCTIONSCROLL	470
1171052556196	1	INSTRUCTIONSCROLL	473
1171052556212	1	INSTRUCTIONSCROLL	477
1171052556229	1	INSTRUCTIONSCROLL	480
1171052556246	1	INSTRUCTIONSCROLL	483
1171052556262	1	INSTRUCTIONSCROLL	487
1171052556279	1	INSTRUCTIONSCROLL	490
1171052556296	1	INSTRUCTIONSCROLL	493
1171052556312	1	INSTRUCTIONSCROLL	497
1171052556329	1	INSTRUCTIONSCROLL	500
1171052556346	1	INSTRUCTIONSCROLL	503
1171052556362	1	INSTRUCTIONSCROLL	507
1171052556379	1	INSTRUCTIONSCROLL	510
1171052556396	1	INSTRUCTIONSCROLL	513
1171052556412	1	INSTRUCTIONSCROLL	517
1171052556429	1	INSTRUCTIONSCROLL	520
1171052556446	1	INSTRUCTIONSCROLL	523
1171052556462	1	INSTRUCTIONSCROLL	527
1171052556479	1	INSTRUCTIONSCROLL	530
1171052556496	1	INSTRUCTIONSCROLL	533
1171052556512	1	INSTRUCTIONSCROLL	537
1171052556529	1	INSTRUCTIONSCROLL	540
1171052556546	1	INSTRUCTIONSCROLL	543
1171052556562	1	INSTRUCTIONSCROLL	547
1171052556579	1	INSTRUCTIONSCROLL	550
1171052556595	1	INSTRUCTIONSCROLL	553
1171052556612	1	INSTRUCTIONSCROLL	557
1171052556629	1	INSTRUCTIONSCROLL	560
1171052556646	1	INSTRUCTIONSCROLL	563
1171052556662	1	INSTRUCTIONSCROLL	567
1171052556679	1	INSTRUCTIONSCROLL	570
1171052556695	1	INSTRUCTIONSCROLL	573
1171052556712	1	INSTRUCTIONSCROLL	577
1171052556729	1	INSTRUCTIONSCROLL	580
1171052556745	1	INSTRUCTIONSCROLL	583
1171052556762	1	INSTRUCTIONSCROLL	587
1171052556779	1	INSTRUCTIONSCROLL	590
1171052556794	1	INSTRUCTIONSCROLL	593
1171052556811	1	INSTRUCTIONSCROLL	596
1171052556828	1	INSTRUCTIONSCROLL	600
1171052556844	1	INSTRUCTIONSCROLL	603
1171052556861	1	INSTRUCTIONSCROLL	606
1171052556878	1	INSTRUCTIONSCROLL	610
1171052556894	1	INSTRUCTIONSCROLL	613
1171052556911	1	INSTRUCTIONSCROLL	616
1171052556928	1	INSTRUCTIONSCROLL	620
1171052556944	1	INSTRUCTIONSCROLL	623
1171052556961	1	INSTRUCTIONSCROLL	626
1171052556978	1	INSTRUCTIONSCROLL	630
1171052556994	1	INSTRUCTIONSCROLL	633
1171052557012	1	INSTRUCTIONSCROLL	636
1171052557029	1	INSTRUCTIONSCROLL	640
1171052557045	1	INSTRUCTIONSCROLL	643
1171052557062	1	INSTRUCTIONSCROLL	647
1171052557079	1	INSTRUCTIONSCROLL	650
1171052557095	1	INSTRUCTIONSCROLL	653
1171052557113	1	INSTRUCTIONSCROLL	657
1171052557129	1	INSTRUCTIONSCROLL	660
1171052557145	1	INSTRUCTIONSCROLL	663
1171052557528	1	INSTRUCTIONSCROLL	664
1171052557545	1	INSTRUCTIONSCROLL	667
1171052557562	1	INSTRUCTIONSCROLL	670
1171052557578	1	INSTRUCTIONSCROLL	674
1171052557595	1	INSTRUCTIONSCROLL	677
1171052557612	1	INSTRUCTIONSCROLL	681
1171052557628	1	INSTRUCTIONSCROLL	684
1171052557645	1	INSTRUCTIONSCROLL	687
1171052557662	1	INSTRUCTIONSCROLL	690
1171052557678	1	INSTRUCTIONSCROLL	694
1171052557844	1	INSTRUCTIONSCROLL	695
1171052557861	1	INSTRUCTIONSCROLL	699
1171052557877	1	INSTRUCTIONSCROLL	702
1171052557894	1	INSTRUCTIONSCROLL	705
1171052557911	1	INSTRUCTIONSCROLL	709
1171052557927	1	INSTRUCTIONSCROLL	712
1171052558045	1	INSTRUCTIONSCROLL	713
1171052558062	1	INSTRUCTIONSCROLL	715
1171052558078	1	INSTRUCTIONSCROLL	719
1171052558095	1	INSTRUCTIONSCROLL	722
1171052558112	1	INSTRUCTIONSCROLL	725
1171052558128	1	INSTRUCTIONSCROLL	729
1171052558145	1	INSTRUCTIONSCROLL	732
1171052558162	1	INSTRUCTIONSCROLL	735
1171052558312	1	INSTRUCTIONSCROLL	736
1171052558328	1	INSTRUCTIONSCROLL	737
1171052558345	1	INSTRUCTIONSCROLL	741
1171052558362	1	INSTRUCTIONSCROLL	744
1171052558378	1	INSTRUCTIONSCROLL	747
1171052558395	1	INSTRUCTIONSCROLL	751
1171052558412	1	INSTRUCTIONSCROLL	754
1171052558428	1	INSTRUCTIONSCROLL	757
1171052558445	1	INSTRUCTIONSCROLL	761
1171052558462	1	INSTRUCTIONSCROLL	764
1171052558478	1	INSTRUCTIONSCROLL	767
1171052558495	1	INSTRUCTIONSCROLL	771
1171052558512	1	INSTRUCTIONSCROLL	774
1171052558528	1	INSTRUCTIONSCROLL	777
1171052558711	1	INSTRUCTIONSCROLL	778
1171052558728	1	INSTRUCTIONSCROLL	781
1171052558745	1	INSTRUCTIONSCROLL	784
1171052558761	1	INSTRUCTIONSCROLL	788
1171052558778	1	INSTRUCTIONSCROLL	791
1171052558794	1	INSTRUCTIONSCROLL	794
1171052558960	1	INSTRUCTIONSCROLL	795
1171052558977	1	INSTRUCTIONSCROLL	797
1171052558994	1	INSTRUCTIONSCROLL	800
1171052559011	1	INSTRUCTIONSCROLL	804
1171052559028	1	INSTRUCTIONSCROLL	807
1171052559045	1	INSTRUCTIONSCROLL	810
1171052559061	1	INSTRUCTIONSCROLL	814
1171052559095	1	INSTRUCTIONSCROLL	815
1171052559111	1	INSTRUCTIONSCROLL	816
1171052559128	1	INSTRUCTIONSCROLL	819
1171052559145	1	INSTRUCTIONSCROLL	822
1171052559161	1	INSTRUCTIONSCROLL	826
1171052559178	1	INSTRUCTIONSCROLL	829
1171052559195	1	INSTRUCTIONSCROLL	832
1171052559211	1	INSTRUCTIONSCROLL	836
1171052559228	1	INSTRUCTIONSCROLL	839
1171052559245	1	INSTRUCTIONSCROLL	842
1171052559611	1	INSTRUCTIONSCROLL	843
1171052559628	1	INSTRUCTIONSCROLL	844
1171052559644	1	INSTRUCTIONSCROLL	847
1171052559661	1	INSTRUCTIONSCROLL	850
1171052559678	1	INSTRUCTIONSCROLL	854
1171052559694	1	INSTRUCTIONSCROLL	857
1171052559711	1	INSTRUCTIONSCROLL	860
1171052559728	1	INSTRUCTIONSCROLL	864
1171052560161	1	INSTRUCTIONSCROLL	865
1171052560178	1	INSTRUCTIONSCROLL	866
1171052560194	1	INSTRUCTIONSCROLL	870
1171052560211	1	INSTRUCTIONSCROLL	873
1171052560228	1	INSTRUCTIONSCROLL	876
1171052560244	1	INSTRUCTIONSCROLL	880
1171052560661	1	INSTRUCTIONSCROLL	881
1171052560677	1	INSTRUCTIONSCROLL	883
1171052560694	1	INSTRUCTIONSCROLL	886
1171052560711	1	INSTRUCTIONSCROLL	890
1171052560727	1	INSTRUCTIONSCROLL	893
1171052560744	1	INSTRUCTIONSCROLL	896
1171052560761	1	INSTRUCTIONSCROLL	899
1171052560777	1	INSTRUCTIONSCROLL	903
1171052561061	1	INSTRUCTIONSCROLL	904
1171052561077	1	INSTRUCTIONSCROLL	906
1171052561094	1	INSTRUCTIONSCROLL	909
1171052561111	1	INSTRUCTIONSCROLL	913
1171052561127	1	INSTRUCTIONSCROLL	916
1171052561144	1	INSTRUCTIONSCROLL	919
1171052561461	1	INSTRUCTIONSCROLL	920
1171052561477	1	INSTRUCTIONSCROLL	921
1171052561494	1	INSTRUCTIONSCROLL	924
1171052561511	1	INSTRUCTIONSCROLL	928
1171052561527	1	INSTRUCTIONSCROLL	931
1171052561793	1	INSTRUCTIONSCROLL	932
1171052561809	1	INSTRUCTIONSCROLL	933
1171052561826	1	INSTRUCTIONSCROLL	937
1171052561843	1	INSTRUCTIONSCROLL	940
1171052561859	1	INSTRUCTIONSCROLL	943
1171052561876	1	INSTRUCTIONSCROLL	947
1171052562110	1	INSTRUCTIONSCROLL	948
1171052562127	1	INSTRUCTIONSCROLL	950
1171052562144	1	INSTRUCTIONSCROLL	954
1171052562327	1	INSTRUCTIONSCROLL	955
1171052562344	1	INSTRUCTIONSCROLL	957
1171052562360	1	INSTRUCTIONSCROLL	961
1171052562377	1	INSTRUCTIONSCROLL	964
1171052562394	1	INSTRUCTIONSCROLL	967
1171052562594	1	INSTRUCTIONSCROLL	968
1171052562610	1	INSTRUCTIONSCROLL	970
1171052562942	1	INSTRUCTIONSCROLL	971
1171052562959	1	INSTRUCTIONSCROLL	972
1171052562976	1	INSTRUCTIONSCROLL	975
1171052562992	1	INSTRUCTIONSCROLL	979
1171052563010	1	INSTRUCTIONSCROLL	982
1171052563177	1	INSTRUCTIONSCROLL	983
1171052563193	1	INSTRUCTIONSCROLL	986
1171052563210	1	INSTRUCTIONSCROLL	989
1171052563227	1	INSTRUCTIONSCROLL	993
1171052563243	1	INSTRUCTIONSCROLL	996
1171052563460	1	INSTRUCTIONSCROLL	997
1171052563477	1	INSTRUCTIONSCROLL	1001
1171052563493	1	INSTRUCTIONSCROLL	1004
1171052563510	1	INSTRUCTIONSCROLL	1007
1171052563660	1	INSTRUCTIONSCROLL	1008
1171052563677	1	INSTRUCTIONSCROLL	1009
1171052563693	1	INSTRUCTIONSCROLL	1012
1171052563710	1	INSTRUCTIONSCROLL	1016
1171052563726	1	INSTRUCTIONSCROLL	1019
1171052563743	1	INSTRUCTIONSCROLL	1022
1171052563875	1	INSTRUCTIONSCROLL	1023
1171052563892	1	INSTRUCTIONSCROLL	1025
1171052563909	1	INSTRUCTIONSCROLL	1029
1171052563925	1	INSTRUCTIONSCROLL	1032
1171052563942	1	INSTRUCTIONSCROLL	1035
1171052563959	1	INSTRUCTIONSCROLL	1039
1171052563975	1	INSTRUCTIONSCROLL	1042
1171052563992	1	INSTRUCTIONSCROLL	1045
1171052564010	1	INSTRUCTIONSCROLL	1049
1171052564026	1	INSTRUCTIONSCROLL	1052
1171052564043	1	INSTRUCTIONSCROLL	1056
1171052564060	1	INSTRUCTIONSCROLL	1059
1171052564076	1	INSTRUCTIONSCROLL	1062
1171052564093	1	INSTRUCTIONSCROLL	1066
1171052564111	1	INSTRUCTIONSCROLL	1069
1171052564126	1	INSTRUCTIONSCROLL	1072
1171052564143	1	INSTRUCTIONSCROLL	1076
1171052564160	1	INSTRUCTIONSCROLL	1079
1171052564176	1	INSTRUCTIONSCROLL	1082
1171052564193	1	INSTRUCTIONSCROLL	1086
1171052564210	1	INSTRUCTIONSCROLL	1089
1171052564226	1	INSTRUCTIONSCROLL	1092
1171052564243	1	INSTRUCTIONSCROLL	1096
1171052564260	1	INSTRUCTIONSCROLL	1099
1171052564276	1	INSTRUCTIONSCROLL	1102
1171052564293	1	INSTRUCTIONSCROLL	1106
1171052564310	1	INSTRUCTIONSCROLL	1109
1171052564326	1	INSTRUCTIONSCROLL	1112
1171052564343	1	INSTRUCTIONSCROLL	1116
1171052564360	1	INSTRUCTIONSCROLL	1119
1171052564376	1	INSTRUCTIONSCROLL	1122
1171052564593	1	INSTRUCTIONSCROLL	1123
1171052564610	1	INSTRUCTIONSCROLL	1126
1171052564626	1	INSTRUCTIONSCROLL	1130
1171052564643	1	INSTRUCTIONSCROLL	1133
1171052564660	1	INSTRUCTIONSCROLL	1136
1171052564676	1	INSTRUCTIONSCROLL	1140
1171052564693	1	INSTRUCTIONSCROLL	1143
1171052564709	1	INSTRUCTIONSCROLL	1146
1171052564726	1	INSTRUCTIONSCROLL	1150
1171052564743	1	INSTRUCTIONSCROLL	1153
1171052564759	1	INSTRUCTIONSCROLL	1156
1171052564776	1	INSTRUCTIONSCROLL	1160
1171052564792	1	INSTRUCTIONSCROLL	1163
1171052564808	1	INSTRUCTIONSCROLL	1166
1171052564825	1	INSTRUCTIONSCROLL	1169
1171052564842	1	INSTRUCTIONSCROLL	1173
1171052564858	1	INSTRUCTIONSCROLL	1176
1171052564875	1	INSTRUCTIONSCROLL	1179
1171052564892	1	INSTRUCTIONSCROLL	1183
1171052564908	1	INSTRUCTIONSCROLL	1186
1171052564925	1	INSTRUCTIONSCROLL	1189
1171052564942	1	INSTRUCTIONSCROLL	1193
1171052564958	1	INSTRUCTIONSCROLL	1196
1171052564975	1	INSTRUCTIONSCROLL	1199
1171052564992	1	INSTRUCTIONSCROLL	1203
1171052565009	1	INSTRUCTIONSCROLL	1206
1171052565026	1	INSTRUCTIONSCROLL	1210
1171052565043	1	INSTRUCTIONSCROLL	1213
1171052565060	1	INSTRUCTIONSCROLL	1216
1171052565076	1	INSTRUCTIONSCROLL	1220
1171052565093	1	INSTRUCTIONSCROLL	1223
1171052565109	1	INSTRUCTIONSCROLL	1226
1171052565126	1	INSTRUCTIONSCROLL	1230
1171052565143	1	INSTRUCTIONSCROLL	1233
1171052565159	1	INSTRUCTIONSCROLL	1236
1171052565176	1	INSTRUCTIONSCROLL	1240
1171052565193	1	INSTRUCTIONSCROLL	1243
1171052565209	1	INSTRUCTIONSCROLL	1246
1171052565226	1	INSTRUCTIONSCROLL	1250
1171052565243	1	INSTRUCTIONSCROLL	1253
1171052565259	1	INSTRUCTIONSCROLL	1256
1171052565276	1	INSTRUCTIONSCROLL	1260
1171052565293	1	INSTRUCTIONSCROLL	1263
1171052565309	1	INSTRUCTIONSCROLL	1266
1171052565326	1	INSTRUCTIONSCROLL	1270
1171052565343	1	INSTRUCTIONSCROLL	1273
1171052565359	1	INSTRUCTIONSCROLL	1276
1171052565376	1	INSTRUCTIONSCROLL	1280
1171052565393	1	INSTRUCTIONSCROLL	1283
1171052565409	1	INSTRUCTIONSCROLL	1286
1171052565426	1	INSTRUCTIONSCROLL	1290
1171052565443	1	INSTRUCTIONSCROLL	1293
1171052565459	1	INSTRUCTIONSCROLL	1296
1171052565476	1	INSTRUCTIONSCROLL	1300
1171052565493	1	INSTRUCTIONSCROLL	1303
1171052565509	1	INSTRUCTIONSCROLL	1306
1171052565526	1	INSTRUCTIONSCROLL	1310
1171052565543	1	INSTRUCTIONSCROLL	1313
1171052565559	1	INSTRUCTIONSCROLL	1316
1171052565576	1	INSTRUCTIONSCROLL	1320
1171052565593	1	INSTRUCTIONSCROLL	1323
1171052565609	1	INSTRUCTIONSCROLL	1326
1171052565626	1	INSTRUCTIONSCROLL	1330
1171052565643	1	INSTRUCTIONSCROLL	1333
1171052565659	1	INSTRUCTIONSCROLL	1336
1171052565676	1	INSTRUCTIONSCROLL	1340
1171052565693	1	INSTRUCTIONSCROLL	1343
1171052565709	1	INSTRUCTIONSCROLL	1346
1171052565726	1	INSTRUCTIONSCROLL	1350
1171052565742	1	INSTRUCTIONSCROLL	1353
1171052565759	1	INSTRUCTIONSCROLL	1356
1171052565776	1	INSTRUCTIONSCROLL	1360
1171052565791	1	INSTRUCTIONSCROLL	1363
1171052565808	1	INSTRUCTIONSCROLL	1366
1171052565825	1	INSTRUCTIONSCROLL	1369
1171052565841	1	INSTRUCTIONSCROLL	1373
1171052565858	1	INSTRUCTIONSCROLL	1376
1171052565875	1	INSTRUCTIONSCROLL	1379
1171052565891	1	INSTRUCTIONSCROLL	1383
1171052565908	1	INSTRUCTIONSCROLL	1386
1171052565925	1	INSTRUCTIONSCROLL	1389
1171052565941	1	INSTRUCTIONSCROLL	1393
1171052565958	1	INSTRUCTIONSCROLL	1396
1171052565975	1	INSTRUCTIONSCROLL	1399
1171052565991	1	INSTRUCTIONSCROLL	1403
1171052566009	1	INSTRUCTIONSCROLL	1406
1171052566026	1	INSTRUCTIONSCROLL	1410
1171052566043	1	INSTRUCTIONSCROLL	1413
1171052566059	1	INSTRUCTIONSCROLL	1416
1171052566076	1	INSTRUCTIONSCROLL	1420
1171052566092	1	INSTRUCTIONSCROLL	1423
1171052566109	1	INSTRUCTIONSCROLL	1426
1171052566126	1	INSTRUCTIONSCROLL	1429
1171052566142	1	INSTRUCTIONSCROLL	1433
1171052566159	1	INSTRUCTIONSCROLL	1436
1171052566176	1	INSTRUCTIONSCROLL	1440
1171052566192	1	INSTRUCTIONSCROLL	1443
1171052566209	1	INSTRUCTIONSCROLL	1446
1171052566226	1	INSTRUCTIONSCROLL	1450
1171052566242	1	INSTRUCTIONSCROLL	1453
1171052566259	1	INSTRUCTIONSCROLL	1456
1171052566276	1	INSTRUCTIONSCROLL	1459
1171052566292	1	INSTRUCTIONSCROLL	1463
1171052566309	1	INSTRUCTIONSCROLL	1466
1171052566326	1	INSTRUCTIONSCROLL	1470
1171052566342	1	INSTRUCTIONSCROLL	1473
1171052566359	1	INSTRUCTIONSCROLL	1476
1171052566376	1	INSTRUCTIONSCROLL	1480
1171052566392	1	INSTRUCTIONSCROLL	1483
1171052566409	1	INSTRUCTIONSCROLL	1486
1171052566426	1	INSTRUCTIONSCROLL	1489
1171052566442	1	INSTRUCTIONSCROLL	1493
1171052566459	1	INSTRUCTIONSCROLL	1496
1171052566476	1	INSTRUCTIONSCROLL	1500
1171052566492	1	INSTRUCTIONSCROLL	1503
1171052566509	1	INSTRUCTIONSCROLL	1506
1171052566526	1	INSTRUCTIONSCROLL	1510
1171052566542	1	INSTRUCTIONSCROLL	1513
1171052566559	1	INSTRUCTIONSCROLL	1516
1171052566576	1	INSTRUCTIONSCROLL	1519
1171052566592	1	INSTRUCTIONSCROLL	1523
1171052566609	1	INSTRUCTIONSCROLL	1526
1171052566626	1	INSTRUCTIONSCROLL	1530
1171052566642	1	INSTRUCTIONSCROLL	1533
1171052566659	1	INSTRUCTIONSCROLL	1536
1171052566676	1	INSTRUCTIONSCROLL	1539
1171052566692	1	INSTRUCTIONSCROLL	1543
1171052566709	1	INSTRUCTIONSCROLL	1546
1171052566726	1	INSTRUCTIONSCROLL	1549
1171052566742	1	INSTRUCTIONSCROLL	1553
1171052566759	1	INSTRUCTIONSCROLL	1556
1171052566776	1	INSTRUCTIONSCROLL	1560
1171052566791	1	INSTRUCTIONSCROLL	1563
1171052566808	1	INSTRUCTIONSCROLL	1566
1171052566824	1	INSTRUCTIONSCROLL	1569
1171052566841	1	INSTRUCTIONSCROLL	1573
1171052566858	1	INSTRUCTIONSCROLL	1576
1171052566875	1	INSTRUCTIONSCROLL	1579
1171052566891	1	INSTRUCTIONSCROLL	1583
1171052566908	1	INSTRUCTIONSCROLL	1586
1171052566924	1	INSTRUCTIONSCROLL	1589
1171052566941	1	INSTRUCTIONSCROLL	1593
1171052566958	1	INSTRUCTIONSCROLL	1596
1171052566974	1	INSTRUCTIONSCROLL	1599
1171052566991	1	INSTRUCTIONSCROLL	1603
1171052567009	1	INSTRUCTIONSCROLL	1606
1171052567025	1	INSTRUCTIONSCROLL	1609
1171052567042	1	INSTRUCTIONSCROLL	1613
1171052567059	1	INSTRUCTIONSCROLL	1616
1171052567075	1	INSTRUCTIONSCROLL	1620
1171052567092	1	INSTRUCTIONSCROLL	1623
1171052567109	1	INSTRUCTIONSCROLL	1626
1171052567125	1	INSTRUCTIONSCROLL	1629
1171052567142	1	INSTRUCTIONSCROLL	1633
1171052567159	1	INSTRUCTIONSCROLL	1636
1171052567175	1	INSTRUCTIONSCROLL	1639
1171052567192	1	INSTRUCTIONSCROLL	1643
1171052567209	1	INSTRUCTIONSCROLL	1646
1171052567225	1	INSTRUCTIONSCROLL	1650
1171052567242	1	INSTRUCTIONSCROLL	1653
1171052567259	1	INSTRUCTIONSCROLL	1656
1171052567275	1	INSTRUCTIONSCROLL	1659
1171052567292	1	INSTRUCTIONSCROLL	1663
1171052567309	1	INSTRUCTIONSCROLL	1666
1171052567325	1	INSTRUCTIONSCROLL	1669
1171052567342	1	INSTRUCTIONSCROLL	1673
1171052567359	1	INSTRUCTIONSCROLL	1676
1171052567375	1	INSTRUCTIONSCROLL	1679
1171052567392	1	INSTRUCTIONSCROLL	1683
1171052567409	1	INSTRUCTIONSCROLL	1686
1171052567425	1	INSTRUCTIONSCROLL	1689
1171052567442	1	INSTRUCTIONSCROLL	1693
1171052567459	1	INSTRUCTIONSCROLL	1696
1171052567475	1	INSTRUCTIONSCROLL	1699
1171052567492	1	INSTRUCTIONSCROLL	1703
1171052567509	1	INSTRUCTIONSCROLL	1706
1171052567525	1	INSTRUCTIONSCROLL	1709
1171052567542	1	INSTRUCTIONSCROLL	1713
1171052567559	1	INSTRUCTIONSCROLL	1716
1171052567575	1	INSTRUCTIONSCROLL	1719
1171052567592	1	INSTRUCTIONSCROLL	1723
1171052567609	1	INSTRUCTIONSCROLL	1726
1171052567625	1	INSTRUCTIONSCROLL	1729
1171052567642	1	INSTRUCTIONSCROLL	1733
1171052567659	1	INSTRUCTIONSCROLL	1736
1171052567675	1	INSTRUCTIONSCROLL	1740
1171052567692	1	INSTRUCTIONSCROLL	1743
1171052567709	1	INSTRUCTIONSCROLL	1746
1171052567725	1	INSTRUCTIONSCROLL	1749
1171052567742	1	INSTRUCTIONSCROLL	1753
1171052567758	1	INSTRUCTIONSCROLL	1756
1171052567775	1	INSTRUCTIONSCROLL	1759
1171052567791	1	INSTRUCTIONSCROLL	1763
1171052567807	1	INSTRUCTIONSCROLL	1766
1171052567824	1	INSTRUCTIONSCROLL	1769
1171052567841	1	INSTRUCTIONSCROLL	1772
1171052567857	1	INSTRUCTIONSCROLL	1776
1171052567874	1	INSTRUCTIONSCROLL	1779
1171052567891	1	INSTRUCTIONSCROLL	1783
1171052567907	1	INSTRUCTIONSCROLL	1786
1171052567924	1	INSTRUCTIONSCROLL	1789
1171052567941	1	INSTRUCTIONSCROLL	1793
1171052567957	1	INSTRUCTIONSCROLL	1796
1171052567974	1	INSTRUCTIONSCROLL	1799
1171052567991	1	INSTRUCTIONSCROLL	1803
1171052568008	1	INSTRUCTIONSCROLL	1806
1171052568025	1	INSTRUCTIONSCROLL	1809
1171052568042	1	INSTRUCTIONSCROLL	1813
1171052568058	1	INSTRUCTIONSCROLL	1816
1171052568075	1	INSTRUCTIONSCROLL	1819
1171052568092	1	INSTRUCTIONSCROLL	1823
1171052568108	1	INSTRUCTIONSCROLL	1826
1171052568125	1	INSTRUCTIONSCROLL	1829
1171052568142	1	INSTRUCTIONSCROLL	1833
1171052568158	1	INSTRUCTIONSCROLL	1836
1171052568175	1	INSTRUCTIONSCROLL	1839
1171052568192	1	INSTRUCTIONSCROLL	1843
1171052568208	1	INSTRUCTIONSCROLL	1846
1171052568225	1	INSTRUCTIONSCROLL	1849
1171052568242	1	INSTRUCTIONSCROLL	1853
1171052568258	1	INSTRUCTIONSCROLL	1856
1171052568275	1	INSTRUCTIONSCROLL	1859
1171052568292	1	INSTRUCTIONSCROLL	1863
1171052568308	1	INSTRUCTIONSCROLL	1866
1171052568325	1	INSTRUCTIONSCROLL	1869
1171052568342	1	INSTRUCTIONSCROLL	1873
1171052568358	1	INSTRUCTIONSCROLL	1876
1171052568375	1	INSTRUCTIONSCROLL	1879
1171052568392	1	INSTRUCTIONSCROLL	1883
1171052568408	1	INSTRUCTIONSCROLL	1886
1171052568425	1	INSTRUCTIONSCROLL	1889
1171052568442	1	INSTRUCTIONSCROLL	1893
1171052568458	1	INSTRUCTIONSCROLL	1896
1171052568475	1	INSTRUCTIONSCROLL	1899
1171052568492	1	INSTRUCTIONSCROLL	1903
1171052568508	1	INSTRUCTIONSCROLL	1906
1171052568525	1	INSTRUCTIONSCROLL	1909
1171052568542	1	INSTRUCTIONSCROLL	1913
1171052568558	1	INSTRUCTIONSCROLL	1916
1171052568575	1	INSTRUCTIONSCROLL	1919
1171052568592	1	INSTRUCTIONSCROLL	1923
1171052568608	1	INSTRUCTIONSCROLL	1926
1171052568625	1	INSTRUCTIONSCROLL	1929
1171052568642	1	INSTRUCTIONSCROLL	1933
1171052568658	1	INSTRUCTIONSCROLL	1936
1171052568675	1	INSTRUCTIONSCROLL	1939
1171052568692	1	INSTRUCTIONSCROLL	1943
1171052568708	1	INSTRUCTIONSCROLL	1946
1171052568725	1	INSTRUCTIONSCROLL	1949
1171052568742	1	INSTRUCTIONSCROLL	1953
1171052568758	1	INSTRUCTIONSCROLL	1956
1171052568775	1	INSTRUCTIONSCROLL	1959
1171052568791	1	INSTRUCTIONSCROLL	1963
1171052568807	1	INSTRUCTIONSCROLL	1966
1171052568824	1	INSTRUCTIONSCROLL	1969
1171052568841	1	INSTRUCTIONSCROLL	1973
1171052568857	1	INSTRUCTIONSCROLL	1976
1171052568874	1	INSTRUCTIONSCROLL	1979
1171052568891	1	INSTRUCTIONSCROLL	1982
1171052568907	1	INSTRUCTIONSCROLL	1986
1171052568924	1	INSTRUCTIONSCROLL	1989
1171052568940	1	INSTRUCTIONSCROLL	1993
1171052568957	1	INSTRUCTIONSCROLL	1996
1171052568974	1	INSTRUCTIONSCROLL	1999
1171052568990	1	INSTRUCTIONSCROLL	2003
1171052569008	1	INSTRUCTIONSCROLL	2006
1171052569025	1	INSTRUCTIONSCROLL	2009
1171052569041	1	INSTRUCTIONSCROLL	2013
1171052569058	1	INSTRUCTIONSCROLL	2016
1171052569075	1	INSTRUCTIONSCROLL	2019
1171052569091	1	INSTRUCTIONSCROLL	2023
1171052569108	1	INSTRUCTIONSCROLL	2026
1171052569125	1	INSTRUCTIONSCROLL	2029
1171052569141	1	INSTRUCTIONSCROLL	2033
1171052569158	1	INSTRUCTIONSCROLL	2036
1171052569175	1	INSTRUCTIONSCROLL	2039
1171052569191	1	INSTRUCTIONSCROLL	2043
1171052569208	1	INSTRUCTIONSCROLL	2046
1171052569225	1	INSTRUCTIONSCROLL	2049
1171052569241	1	INSTRUCTIONSCROLL	2053
1171052569258	1	INSTRUCTIONSCROLL	2056
1171052569275	1	INSTRUCTIONSCROLL	2059
1171052569291	1	INSTRUCTIONSCROLL	2063
1171052569308	1	INSTRUCTIONSCROLL	2066
1171052569325	1	INSTRUCTIONSCROLL	2069
1171052569341	1	INSTRUCTIONSCROLL	2073
1171052569358	1	INSTRUCTIONSCROLL	2076
1171052569375	1	INSTRUCTIONSCROLL	2079
1171052569391	1	INSTRUCTIONSCROLL	2083
1171052569408	1	INSTRUCTIONSCROLL	2086
1171052569425	1	INSTRUCTIONSCROLL	2089
1171052569441	1	INSTRUCTIONSCROLL	2093
1171052569458	1	INSTRUCTIONSCROLL	2096
1171052569475	1	INSTRUCTIONSCROLL	2099
1171052569491	1	INSTRUCTIONSCROLL	2103
1171052569508	1	INSTRUCTIONSCROLL	2106
1171052569525	1	INSTRUCTIONSCROLL	2109
1171052569541	1	INSTRUCTIONSCROLL	2113
1171052569558	1	INSTRUCTIONSCROLL	2116
1171052569575	1	INSTRUCTIONSCROLL	2119
1171052569591	1	INSTRUCTIONSCROLL	2123
1171052569608	1	INSTRUCTIONSCROLL	2126
1171052569625	1	INSTRUCTIONSCROLL	2129
1171052569641	1	INSTRUCTIONSCROLL	2133
1171052569658	1	INSTRUCTIONSCROLL	2136
1171052569675	1	INSTRUCTIONSCROLL	2139
1171052569691	1	INSTRUCTIONSCROLL	2143
1171052569708	1	INSTRUCTIONSCROLL	2146
1171052569725	1	INSTRUCTIONSCROLL	2149
1171052569741	1	INSTRUCTIONSCROLL	2153
1171052569758	1	INSTRUCTIONSCROLL	2156
1171052569775	1	INSTRUCTIONSCROLL	2159
1171052569790	1	INSTRUCTIONSCROLL	2163
1171052569807	1	INSTRUCTIONSCROLL	2166
1171052569824	1	INSTRUCTIONSCROLL	2169
1171052569840	1	INSTRUCTIONSCROLL	2172
1171052569857	1	INSTRUCTIONSCROLL	2176
1171052569873	1	INSTRUCTIONSCROLL	2179
1171052569890	1	INSTRUCTIONSCROLL	2182
1171052569907	1	INSTRUCTIONSCROLL	2186
1171052569923	1	INSTRUCTIONSCROLL	2189
1171052569940	1	INSTRUCTIONSCROLL	2192
1171052569957	1	INSTRUCTIONSCROLL	2196
1171052569973	1	INSTRUCTIONSCROLL	2199
1171052569990	1	INSTRUCTIONSCROLL	2202
1171052570008	1	INSTRUCTIONSCROLL	2206
1171052570024	1	INSTRUCTIONSCROLL	2209
1171052570041	1	INSTRUCTIONSCROLL	2213
1171052570058	1	INSTRUCTIONSCROLL	2216
1171052570074	1	INSTRUCTIONSCROLL	2219
1171052570091	1	INSTRUCTIONSCROLL	2223
1171052570108	1	INSTRUCTIONSCROLL	2226
1171052570124	1	INSTRUCTIONSCROLL	2229
1171052570141	1	INSTRUCTIONSCROLL	2233
1171052570158	1	INSTRUCTIONSCROLL	2236
1171052570174	1	INSTRUCTIONSCROLL	2239
1171052570191	1	INSTRUCTIONSCROLL	2243
1171052570208	1	INSTRUCTIONSCROLL	2246
1171052570224	1	INSTRUCTIONSCROLL	2249
1171052570241	1	INSTRUCTIONSCROLL	2253
1171052570258	1	INSTRUCTIONSCROLL	2256
1171052570274	1	INSTRUCTIONSCROLL	2259
1171052570291	1	INSTRUCTIONSCROLL	2263
1171052570308	1	INSTRUCTIONSCROLL	2266
1171052570324	1	INSTRUCTIONSCROLL	2269
1171052570341	1	INSTRUCTIONSCROLL	2273
1171052570358	1	INSTRUCTIONSCROLL	2276
1171052570374	1	INSTRUCTIONSCROLL	2279
1171052570391	1	INSTRUCTIONSCROLL	2283
1171052570408	1	INSTRUCTIONSCROLL	2286
1171052570424	1	INSTRUCTIONSCROLL	2289
1171052570441	1	INSTRUCTIONSCROLL	2293
1171052570458	1	INSTRUCTIONSCROLL	2296
1171052570474	1	INSTRUCTIONSCROLL	2299
1171052570491	1	INSTRUCTIONSCROLL	2303
1171052570508	1	INSTRUCTIONSCROLL	2306
1171052570524	1	INSTRUCTIONSCROLL	2309
1171052570541	1	INSTRUCTIONSCROLL	2313
1171052570558	1	INSTRUCTIONSCROLL	2316
1171052570574	1	INSTRUCTIONSCROLL	2319
1171052570591	1	INSTRUCTIONSCROLL	2323
1171052570608	1	INSTRUCTIONSCROLL	2326
1171052570624	1	INSTRUCTIONSCROLL	2329
1171052570641	1	INSTRUCTIONSCROLL	2333
1171052570658	1	INSTRUCTIONSCROLL	2336
1171052570674	1	INSTRUCTIONSCROLL	2339
1171052570691	1	INSTRUCTIONSCROLL	2343
1171052570708	1	INSTRUCTIONSCROLL	2346
1171052570724	1	INSTRUCTIONSCROLL	2349
1171052570741	1	INSTRUCTIONSCROLL	2353
1171052570758	1	INSTRUCTIONSCROLL	2356
1171052570774	1	INSTRUCTIONSCROLL	2359
1171052570790	1	INSTRUCTIONSCROLL	2363
1171052570807	1	INSTRUCTIONSCROLL	2366
1171052570823	1	INSTRUCTIONSCROLL	2369
1171052570840	1	INSTRUCTIONSCROLL	2372
1171052570857	1	INSTRUCTIONSCROLL	2376
1171052570873	1	INSTRUCTIONSCROLL	2379
1171052570890	1	INSTRUCTIONSCROLL	2382
1171052570907	1	INSTRUCTIONSCROLL	2386
1171052570923	1	INSTRUCTIONSCROLL	2389
1171052570940	1	INSTRUCTIONSCROLL	2392
1171052570956	1	INSTRUCTIONSCROLL	2396
1171052570973	1	INSTRUCTIONSCROLL	2399
1171052570990	1	INSTRUCTIONSCROLL	2402
1171052571007	1	INSTRUCTIONSCROLL	2406
1171052571024	1	INSTRUCTIONSCROLL	2409
1171052571041	1	INSTRUCTIONSCROLL	2413
1171052571057	1	INSTRUCTIONSCROLL	2416
1171052571374	1	INSTRUCTIONSCROLL	2417
1171052571391	1	INSTRUCTIONSCROLL	2418
1171052571407	1	INSTRUCTIONSCROLL	2421
1171052571424	1	INSTRUCTIONSCROLL	2424
1171052571441	1	INSTRUCTIONSCROLL	2428
1171052571457	1	INSTRUCTIONSCROLL	2431
1171052571474	1	INSTRUCTIONSCROLL	2434
1171052571491	1	INSTRUCTIONSCROLL	2438
1171052571507	1	INSTRUCTIONSCROLL	2441
1171052571524	1	INSTRUCTIONSCROLL	2444
1171052571541	1	INSTRUCTIONSCROLL	2448
1171052571557	1	INSTRUCTIONSCROLL	2451
1171052571574	1	INSTRUCTIONSCROLL	2454
1171052571591	1	INSTRUCTIONSCROLL	2458
1171052571607	1	INSTRUCTIONSCROLL	2461
1171052571624	1	INSTRUCTIONSCROLL	2464
1171052571641	1	INSTRUCTIONSCROLL	2468
1171052571657	1	INSTRUCTIONSCROLL	2471
1171052571674	1	INSTRUCTIONSCROLL	2474
1171052571691	1	INSTRUCTIONSCROLL	2478
1171052571707	1	INSTRUCTIONSCROLL	2481
1171052571724	1	INSTRUCTIONSCROLL	2484
1171052571741	1	INSTRUCTIONSCROLL	2488
1171052571757	1	INSTRUCTIONSCROLL	2491
1171052571774	1	INSTRUCTIONSCROLL	2494
1171052571790	1	INSTRUCTIONSCROLL	2498
1171052571806	1	INSTRUCTIONSCROLL	2501
1171052571823	1	INSTRUCTIONSCROLL	2504
1171052571840	1	INSTRUCTIONSCROLL	2507
1171052571856	1	INSTRUCTIONSCROLL	2511
1171052571873	1	INSTRUCTIONSCROLL	2514
1171052571889	1	INSTRUCTIONSCROLL	2518
1171052571906	1	INSTRUCTIONSCROLL	2521
1171052571923	1	INSTRUCTIONSCROLL	2524
1171052572124	1	INSTRUCTIONSCROLL	2525
1171052572140	1	INSTRUCTIONSCROLL	2526
1171052572157	1	INSTRUCTIONSCROLL	2529
1171052572174	1	INSTRUCTIONSCROLL	2532
1171052572190	1	INSTRUCTIONSCROLL	2535
1171052572207	1	INSTRUCTIONSCROLL	2539
1171052572224	1	INSTRUCTIONSCROLL	2542
1171052572240	1	INSTRUCTIONSCROLL	2545
1171052572257	1	INSTRUCTIONSCROLL	2549
1171052572274	1	INSTRUCTIONSCROLL	2552
1171052572290	1	INSTRUCTIONSCROLL	2555
1171052572307	1	INSTRUCTIONSCROLL	2559
1171052572324	1	INSTRUCTIONSCROLL	2562
1171052572340	1	INSTRUCTIONSCROLL	2565
1171052572357	1	INSTRUCTIONSCROLL	2569
1171052572374	1	INSTRUCTIONSCROLL	2572
1171052572390	1	INSTRUCTIONSCROLL	2575
1171052572407	1	INSTRUCTIONSCROLL	2579
1171052572424	1	INSTRUCTIONSCROLL	2582
1171052572440	1	INSTRUCTIONSCROLL	2585
1171052572457	1	INSTRUCTIONSCROLL	2589
1171052572474	1	INSTRUCTIONSCROLL	2592
1171052572490	1	INSTRUCTIONSCROLL	2595
1171052572507	1	INSTRUCTIONSCROLL	2599
1171052572524	1	INSTRUCTIONSCROLL	2602
1171052572540	1	INSTRUCTIONSCROLL	2606
1171052572557	1	INSTRUCTIONSCROLL	2609
1171052572574	1	INSTRUCTIONSCROLL	2612
1171052572590	1	INSTRUCTIONSCROLL	2615
1171052572607	1	INSTRUCTIONSCROLL	2619
1171052572624	1	INSTRUCTIONSCROLL	2622
1171052572640	1	INSTRUCTIONSCROLL	2625
1171052572657	1	INSTRUCTIONSCROLL	2629
1171052572674	1	INSTRUCTIONSCROLL	2632
1171052572690	1	INSTRUCTIONSCROLL	2635
1171052573123	1	INSTRUCTIONSCROLL	2636
1171052573140	1	INSTRUCTIONSCROLL	2637
1171052573157	1	INSTRUCTIONSCROLL	2640
1171052573173	1	INSTRUCTIONSCROLL	2643
1171052573190	1	INSTRUCTIONSCROLL	2647
1171052573207	1	INSTRUCTIONSCROLL	2650
1171052573223	1	INSTRUCTIONSCROLL	2653
1171052573240	1	INSTRUCTIONSCROLL	2657
1171052573257	1	INSTRUCTIONSCROLL	2660
1171052573273	1	INSTRUCTIONSCROLL	2663
1171052573290	1	INSTRUCTIONSCROLL	2667
1171052573573	1	INSTRUCTIONSCROLL	2668
1171052573590	1	INSTRUCTIONSCROLL	2672
1171052573607	1	INSTRUCTIONSCROLL	2675
1171052573623	1	INSTRUCTIONSCROLL	2678
1171052573640	1	INSTRUCTIONSCROLL	2682
1171052573657	1	INSTRUCTIONSCROLL	2685
1171052573673	1	INSTRUCTIONSCROLL	2688
1171052573690	1	INSTRUCTIONSCROLL	2692
1171052573707	1	INSTRUCTIONSCROLL	2695
1171052573723	1	INSTRUCTIONSCROLL	2698
1171052573906	1	INSTRUCTIONSCROLL	2699
1171052573922	1	INSTRUCTIONSCROLL	2700
1171052573939	1	INSTRUCTIONSCROLL	2703
1171052573955	1	INSTRUCTIONSCROLL	2706
1171052573972	1	INSTRUCTIONSCROLL	2710
1171052573989	1	INSTRUCTIONSCROLL	2713
1171052574006	1	INSTRUCTIONSCROLL	2716
1171052574023	1	INSTRUCTIONSCROLL	2720
1171052574040	1	INSTRUCTIONSCROLL	2723
1171052574056	1	INSTRUCTIONSCROLL	2727
1171052574073	1	INSTRUCTIONSCROLL	2730
1171052574090	1	INSTRUCTIONSCROLL	2733
1171052574106	1	INSTRUCTIONSCROLL	2737
1171052574123	1	INSTRUCTIONSCROLL	2740
1171052574140	1	INSTRUCTIONSCROLL	2743
1171052574156	1	INSTRUCTIONSCROLL	2747
1171052574173	1	INSTRUCTIONSCROLL	2750
1171052574190	1	INSTRUCTIONSCROLL	2753
1171052574206	1	INSTRUCTIONSCROLL	2757
1171052574223	1	INSTRUCTIONSCROLL	2760
1171052574240	1	INSTRUCTIONSCROLL	2763
1171052574256	1	INSTRUCTIONSCROLL	2767
1171052574273	1	INSTRUCTIONSCROLL	2770
1171052574290	1	INSTRUCTIONSCROLL	2773
1171052574306	1	INSTRUCTIONSCROLL	2777
1171052574323	1	INSTRUCTIONSCROLL	2780
1171052574340	1	INSTRUCTIONSCROLL	2783
1171052574356	1	INSTRUCTIONSCROLL	2787
1171052574373	1	INSTRUCTIONSCROLL	2790
1171052574390	1	INSTRUCTIONSCROLL	2793
1171052574406	1	INSTRUCTIONSCROLL	2797
1171052574423	1	INSTRUCTIONSCROLL	2800
1171052574440	1	INSTRUCTIONSCROLL	2803
1171052574456	1	INSTRUCTIONSCROLL	2807
1171052574473	1	INSTRUCTIONSCROLL	2810
1171052574490	1	INSTRUCTIONSCROLL	2813
1171052574506	1	INSTRUCTIONSCROLL	2817
1171052574523	1	INSTRUCTIONSCROLL	2820
1171052574540	1	INSTRUCTIONSCROLL	2823
1171052574556	1	INSTRUCTIONSCROLL	2827
1171052574573	1	INSTRUCTIONSCROLL	2830
1171052574590	1	INSTRUCTIONSCROLL	2833
1171052574606	1	INSTRUCTIONSCROLL	2837
1171052574623	1	INSTRUCTIONSCROLL	2840
1171052574889	1	INSTRUCTIONSCROLL	2841
1171052574905	1	INSTRUCTIONSCROLL	2844
1171052574922	1	INSTRUCTIONSCROLL	2848
1171052574939	1	INSTRUCTIONSCROLL	2851
1171052574955	1	INSTRUCTIONSCROLL	2854
1171052574972	1	INSTRUCTIONSCROLL	2858
1171052574989	1	INSTRUCTIONSCROLL	2861
1171052575006	1	INSTRUCTIONSCROLL	2864
1171052575023	1	INSTRUCTIONSCROLL	2868
1171052575039	1	INSTRUCTIONSCROLL	2871
1171052575056	1	INSTRUCTIONSCROLL	2875
1171052575073	1	INSTRUCTIONSCROLL	2878
1171052575089	1	INSTRUCTIONSCROLL	2881
1171052575106	1	INSTRUCTIONSCROLL	2885
1171052575123	1	INSTRUCTIONSCROLL	2888
1171052575139	1	INSTRUCTIONSCROLL	2891
1171052575156	1	INSTRUCTIONSCROLL	2895
1171052575173	1	INSTRUCTIONSCROLL	2898
1171052575189	1	INSTRUCTIONSCROLL	2901
1171052575206	1	INSTRUCTIONSCROLL	2905
1171052575223	1	INSTRUCTIONSCROLL	2908
1171052575239	1	INSTRUCTIONSCROLL	2911
1171052575256	1	INSTRUCTIONSCROLL	2915
1171052575273	1	INSTRUCTIONSCROLL	2918
1171052575289	1	INSTRUCTIONSCROLL	2921
1171052575306	1	INSTRUCTIONSCROLL	2925
1171052575323	1	INSTRUCTIONSCROLL	2928
1171052575339	1	INSTRUCTIONSCROLL	2931
1171052575356	1	INSTRUCTIONSCROLL	2935
1171052575373	1	INSTRUCTIONSCROLL	2938
1171052575389	1	INSTRUCTIONSCROLL	2941
1171052575406	1	INSTRUCTIONSCROLL	2945
1171052575423	1	INSTRUCTIONSCROLL	2948
1171052575439	1	INSTRUCTIONSCROLL	2951
1171052575456	1	INSTRUCTIONSCROLL	2955
1171052575473	1	INSTRUCTIONSCROLL	2958
1171052575489	1	INSTRUCTIONSCROLL	2961
1171052575506	1	INSTRUCTIONSCROLL	2965
1171052575523	1	INSTRUCTIONSCROLL	2968
1171052575539	1	INSTRUCTIONSCROLL	2971
1171052575556	1	INSTRUCTIONSCROLL	2975
1171052575573	1	INSTRUCTIONSCROLL	2978
1171052575589	1	INSTRUCTIONSCROLL	2981
1171052575606	1	INSTRUCTIONSCROLL	2985
1171052575623	1	INSTRUCTIONSCROLL	2988
1171052575639	1	INSTRUCTIONSCROLL	2991
1171052575656	1	INSTRUCTIONSCROLL	2995
1171052575673	1	INSTRUCTIONSCROLL	2998
1171052575689	1	INSTRUCTIONSCROLL	3001
1171052575706	1	INSTRUCTIONSCROLL	3005
1171052575723	1	INSTRUCTIONSCROLL	3008
1171052575739	1	INSTRUCTIONSCROLL	3011
1171052575756	1	INSTRUCTIONSCROLL	3015
1171052575773	1	INSTRUCTIONSCROLL	3018
1171052575788	1	INSTRUCTIONSCROLL	3021
1171052575805	1	INSTRUCTIONSCROLL	3024
1171052575822	1	INSTRUCTIONSCROLL	3028
1171052575838	1	INSTRUCTIONSCROLL	3031
1171052575855	1	INSTRUCTIONSCROLL	3034
1171052575872	1	INSTRUCTIONSCROLL	3038
1171052575888	1	INSTRUCTIONSCROLL	3041
1171052575905	1	INSTRUCTIONSCROLL	3044
1171052575922	1	INSTRUCTIONSCROLL	3048
1171052575938	1	INSTRUCTIONSCROLL	3051
1171052575955	1	INSTRUCTIONSCROLL	3054
1171052575972	1	INSTRUCTIONSCROLL	3058
1171052575988	1	INSTRUCTIONSCROLL	3061
1171052576006	1	INSTRUCTIONSCROLL	3064
1171052576022	1	INSTRUCTIONSCROLL	3068
1171052576039	1	INSTRUCTIONSCROLL	3071
1171052576056	1	INSTRUCTIONSCROLL	3075
1171052576073	1	INSTRUCTIONSCROLL	3078
1171052576089	1	INSTRUCTIONSCROLL	3081
1171052576106	1	INSTRUCTIONSCROLL	3085
1171052576123	1	INSTRUCTIONSCROLL	3088
1171052576139	1	INSTRUCTIONSCROLL	3091
1171052576156	1	INSTRUCTIONSCROLL	3095
1171052576173	1	INSTRUCTIONSCROLL	3098
1171052576189	1	INSTRUCTIONSCROLL	3101
1171052576206	1	INSTRUCTIONSCROLL	3105
1171052576223	1	INSTRUCTIONSCROLL	3108
1171052576239	1	INSTRUCTIONSCROLL	3111
1171052576256	1	INSTRUCTIONSCROLL	3115
1171052576273	1	INSTRUCTIONSCROLL	3118
1171052576289	1	INSTRUCTIONSCROLL	3121
1171052576306	1	INSTRUCTIONSCROLL	3125
1171052576322	1	INSTRUCTIONSCROLL	3128
1171052576339	1	INSTRUCTIONSCROLL	3131
1171052576356	1	INSTRUCTIONSCROLL	3135
1171052576372	1	INSTRUCTIONSCROLL	3138
1171052576389	1	INSTRUCTIONSCROLL	3141
1171052576406	1	INSTRUCTIONSCROLL	3145
1171052576422	1	INSTRUCTIONSCROLL	3148
1171052576439	1	INSTRUCTIONSCROLL	3151
1171052576456	1	INSTRUCTIONSCROLL	3155
1171052576472	1	INSTRUCTIONSCROLL	3158
1171052576489	1	INSTRUCTIONSCROLL	3161
1171052576506	1	INSTRUCTIONSCROLL	3165
1171052576522	1	INSTRUCTIONSCROLL	3168
1171052576539	1	INSTRUCTIONSCROLL	3171
1171052576556	1	INSTRUCTIONSCROLL	3175
1171052576572	1	INSTRUCTIONSCROLL	3178
1171052576589	1	INSTRUCTIONSCROLL	3181
1171052576606	1	INSTRUCTIONSCROLL	3184
1171052576622	1	INSTRUCTIONSCROLL	3188
1171052576639	1	INSTRUCTIONSCROLL	3191
1171052576656	1	INSTRUCTIONSCROLL	3195
1171052576672	1	INSTRUCTIONSCROLL	3198
1171052576689	1	INSTRUCTIONSCROLL	3201
1171052576706	1	INSTRUCTIONSCROLL	3205
1171052576722	1	INSTRUCTIONSCROLL	3208
1171052576739	1	INSTRUCTIONSCROLL	3211
1171052576756	1	INSTRUCTIONSCROLL	3214
1171052576772	1	INSTRUCTIONSCROLL	3218
1171052576788	1	INSTRUCTIONSCROLL	3221
1171052576805	1	INSTRUCTIONSCROLL	3224
1171052576821	1	INSTRUCTIONSCROLL	3228
1171052576838	1	INSTRUCTIONSCROLL	3231
1171052576855	1	INSTRUCTIONSCROLL	3234
1171052576871	1	INSTRUCTIONSCROLL	3238
1171052576888	1	INSTRUCTIONSCROLL	3241
1171052576905	1	INSTRUCTIONSCROLL	3244
1171052576921	1	INSTRUCTIONSCROLL	3248
1171052576938	1	INSTRUCTIONSCROLL	3251
1171052576955	1	INSTRUCTIONSCROLL	3254
1171052576971	1	INSTRUCTIONSCROLL	3258
1171052576988	1	INSTRUCTIONSCROLL	3261
1171052577006	1	INSTRUCTIONSCROLL	3264
1171052577022	1	INSTRUCTIONSCROLL	3268
1171052577039	1	INSTRUCTIONSCROLL	3271
1171052577056	1	INSTRUCTIONSCROLL	3274
1171052577072	1	INSTRUCTIONSCROLL	3278
1171052577089	1	INSTRUCTIONSCROLL	3281
1171052577106	1	INSTRUCTIONSCROLL	3285
1171052577122	1	INSTRUCTIONSCROLL	3288
1171052577139	1	INSTRUCTIONSCROLL	3291
1171052577155	1	INSTRUCTIONSCROLL	3295
1171052577172	1	INSTRUCTIONSCROLL	3298
1171052577189	1	INSTRUCTIONSCROLL	3301
1171052577205	1	INSTRUCTIONSCROLL	3304
1171052577222	1	INSTRUCTIONSCROLL	3308
1171052577239	1	INSTRUCTIONSCROLL	3311
1171052577256	1	INSTRUCTIONSCROLL	3315
1171052577272	1	INSTRUCTIONSCROLL	3318
1171052577289	1	INSTRUCTIONSCROLL	3321
1171052577305	1	INSTRUCTIONSCROLL	3325
1171052577322	1	INSTRUCTIONSCROLL	3328
1171052577339	1	INSTRUCTIONSCROLL	3331
1171052577355	1	INSTRUCTIONSCROLL	3334
1171052577372	1	INSTRUCTIONSCROLL	3338
1171052577389	1	INSTRUCTIONSCROLL	3341
1171052577405	1	INSTRUCTIONSCROLL	3345
1171052577422	1	INSTRUCTIONSCROLL	3348
1171052577439	1	INSTRUCTIONSCROLL	3351
1171052577455	1	INSTRUCTIONSCROLL	3355
1171052577472	1	INSTRUCTIONSCROLL	3358
1171052577489	1	INSTRUCTIONSCROLL	3361
1171052577505	1	INSTRUCTIONSCROLL	3364
1171052577522	1	INSTRUCTIONSCROLL	3368
1171052577539	1	INSTRUCTIONSCROLL	3371
1171052577555	1	INSTRUCTIONSCROLL	3375
1171052577572	1	INSTRUCTIONSCROLL	3378
1171052577589	1	INSTRUCTIONSCROLL	3381
1171052577605	1	INSTRUCTIONSCROLL	3385
1171052577622	1	INSTRUCTIONSCROLL	3388
1171052577639	1	INSTRUCTIONSCROLL	3391
1171052577655	1	INSTRUCTIONSCROLL	3394
1171052577672	1	INSTRUCTIONSCROLL	3398
1171052577689	1	INSTRUCTIONSCROLL	3401
1171052577705	1	INSTRUCTIONSCROLL	3405
1171052577722	1	INSTRUCTIONSCROLL	3408
1171052577739	1	INSTRUCTIONSCROLL	3411
1171052577755	1	INSTRUCTIONSCROLL	3414
1171052577772	1	INSTRUCTIONSCROLL	3418
1171052577788	1	INSTRUCTIONSCROLL	3421
1171052577804	1	INSTRUCTIONSCROLL	3424
1171052577821	1	INSTRUCTIONSCROLL	3428
1171052577838	1	INSTRUCTIONSCROLL	3431
1171052577854	1	INSTRUCTIONSCROLL	3434
1171052577871	1	INSTRUCTIONSCROLL	3438
1171052577888	1	INSTRUCTIONSCROLL	3441
1171052577904	1	INSTRUCTIONSCROLL	3444
1171052577921	1	INSTRUCTIONSCROLL	3448
1171052577938	1	INSTRUCTIONSCROLL	3451
1171052577954	1	INSTRUCTIONSCROLL	3454
1171052577971	1	INSTRUCTIONSCROLL	3458
1171052577988	1	INSTRUCTIONSCROLL	3461
1171052578005	1	INSTRUCTIONSCROLL	3464
1171052578022	1	INSTRUCTIONSCROLL	3468
1171052578039	1	INSTRUCTIONSCROLL	3471
1171052578055	1	INSTRUCTIONSCROLL	3474
1171052578072	1	INSTRUCTIONSCROLL	3478
1171052578089	1	INSTRUCTIONSCROLL	3481
1171052578105	1	INSTRUCTIONSCROLL	3484
1171052578123	1	INSTRUCTIONSCROLL	3488
1171052578139	1	INSTRUCTIONSCROLL	3491
1171052578155	1	INSTRUCTIONSCROLL	3495
1171052578172	1	INSTRUCTIONSCROLL	3498
1171052578189	1	INSTRUCTIONSCROLL	3501
1171052578205	1	INSTRUCTIONSCROLL	3505
1171052578222	1	INSTRUCTIONSCROLL	3508
1171052578239	1	INSTRUCTIONSCROLL	3511
1171052578255	1	INSTRUCTIONSCROLL	3514
1171052578272	1	INSTRUCTIONSCROLL	3518
1171052578289	1	INSTRUCTIONSCROLL	3521
1171052578305	1	INSTRUCTIONSCROLL	3524
1171052578322	1	INSTRUCTIONSCROLL	3528
1171052578338	1	INSTRUCTIONSCROLL	3531
1171052578355	1	INSTRUCTIONSCROLL	3534
1171052578372	1	INSTRUCTIONSCROLL	3538
1171052578388	1	INSTRUCTIONSCROLL	3541
1171052578405	1	INSTRUCTIONSCROLL	3544
1171052578422	1	INSTRUCTIONSCROLL	3548
1171052578438	1	INSTRUCTIONSCROLL	3551
1171052578455	1	INSTRUCTIONSCROLL	3554
1171052578472	1	INSTRUCTIONSCROLL	3558
1171052578488	1	INSTRUCTIONSCROLL	3561
1171052578505	1	INSTRUCTIONSCROLL	3564
1171052578522	1	INSTRUCTIONSCROLL	3568
1171052578538	1	INSTRUCTIONSCROLL	3571
1171052578555	1	INSTRUCTIONSCROLL	3574
1171052578572	1	INSTRUCTIONSCROLL	3578
1171052578588	1	INSTRUCTIONSCROLL	3581
1171052578605	1	INSTRUCTIONSCROLL	3584
1171052578622	1	INSTRUCTIONSCROLL	3588
1171052578638	1	INSTRUCTIONSCROLL	3591
1171052578655	1	INSTRUCTIONSCROLL	3594
1171052578672	1	INSTRUCTIONSCROLL	3598
1171052578688	1	INSTRUCTIONSCROLL	3601
1171052578705	1	INSTRUCTIONSCROLL	3604
1171052578722	1	INSTRUCTIONSCROLL	3608
1171052578738	1	INSTRUCTIONSCROLL	3611
1171052578755	1	INSTRUCTIONSCROLL	3614
1171052578772	1	INSTRUCTIONSCROLL	3618
1171052578787	1	INSTRUCTIONSCROLL	3621
1171052578804	1	INSTRUCTIONSCROLL	3624
1171052578821	1	INSTRUCTIONSCROLL	3627
1171052578837	1	INSTRUCTIONSCROLL	3631
1171052578854	1	INSTRUCTIONSCROLL	3634
1171052578871	1	INSTRUCTIONSCROLL	3638
1171052578887	1	INSTRUCTIONSCROLL	3641
1171052578904	1	INSTRUCTIONSCROLL	3644
1171052578921	1	INSTRUCTIONSCROLL	3647
1171052578937	1	INSTRUCTIONSCROLL	3651
1171052578954	1	INSTRUCTIONSCROLL	3654
1171052578971	1	INSTRUCTIONSCROLL	3657
1171052578987	1	INSTRUCTIONSCROLL	3661
1171052579005	1	INSTRUCTIONSCROLL	3664
1171052579022	1	INSTRUCTIONSCROLL	3668
1171052579038	1	INSTRUCTIONSCROLL	3671
1171052579055	1	INSTRUCTIONSCROLL	3674
1171052579072	1	INSTRUCTIONSCROLL	3678
1171052579088	1	INSTRUCTIONSCROLL	3681
1171052579105	1	INSTRUCTIONSCROLL	3684
1171052579122	1	INSTRUCTIONSCROLL	3688
1171052579138	1	INSTRUCTIONSCROLL	3691
1171052579155	1	INSTRUCTIONSCROLL	3694
1171052579172	1	INSTRUCTIONSCROLL	3698
1171052579188	1	INSTRUCTIONSCROLL	3701
1171052579205	1	INSTRUCTIONSCROLL	3704
1171052579222	1	INSTRUCTIONSCROLL	3708
1171052579238	1	INSTRUCTIONSCROLL	3711
1171052579255	1	INSTRUCTIONSCROLL	3714
1171052579272	1	INSTRUCTIONSCROLL	3718
1171052579288	1	INSTRUCTIONSCROLL	3721
1171052579305	1	INSTRUCTIONSCROLL	3724
1171052579322	1	INSTRUCTIONSCROLL	3728
1171052579338	1	INSTRUCTIONSCROLL	3731
1171052579355	1	INSTRUCTIONSCROLL	3734
1171052579372	1	INSTRUCTIONSCROLL	3738
1171052579388	1	INSTRUCTIONSCROLL	3741
1171052579405	1	INSTRUCTIONSCROLL	3744
1171052579421	1	INSTRUCTIONSCROLL	3748
1171052579438	1	INSTRUCTIONSCROLL	3751
1171052579455	1	INSTRUCTIONSCROLL	3754
1171052579471	1	INSTRUCTIONSCROLL	3758
1171052579488	1	INSTRUCTIONSCROLL	3761
1171052579505	1	INSTRUCTIONSCROLL	3764
1171052579521	1	INSTRUCTIONSCROLL	3768
1171052579538	1	INSTRUCTIONSCROLL	3771
1171052579555	1	INSTRUCTIONSCROLL	3774
1171052579571	1	INSTRUCTIONSCROLL	3778
1171052579588	1	INSTRUCTIONSCROLL	3781
1171052579605	1	INSTRUCTIONSCROLL	3784
1171052579621	1	INSTRUCTIONSCROLL	3788
1171052579638	1	INSTRUCTIONSCROLL	3791
1171052579655	1	INSTRUCTIONSCROLL	3794
1171052579671	1	INSTRUCTIONSCROLL	3798
1171052579688	1	INSTRUCTIONSCROLL	3801
1171052579705	1	INSTRUCTIONSCROLL	3804
1171052579721	1	INSTRUCTIONSCROLL	3808
1171052579738	1	INSTRUCTIONSCROLL	3811
1171052579755	1	INSTRUCTIONSCROLL	3814
1171052579771	1	INSTRUCTIONSCROLL	3818
1171052579787	1	INSTRUCTIONSCROLL	3821
1171052579804	1	INSTRUCTIONSCROLL	3824
1171052579820	1	INSTRUCTIONSCROLL	3827
1171052579837	1	INSTRUCTIONSCROLL	3831
1171052579854	1	INSTRUCTIONSCROLL	3834
1171052579870	1	INSTRUCTIONSCROLL	3837
1171052579887	1	INSTRUCTIONSCROLL	3841
1171052579904	1	INSTRUCTIONSCROLL	3844
1171052579920	1	INSTRUCTIONSCROLL	3847
1171052579937	1	INSTRUCTIONSCROLL	3851
1171052579954	1	INSTRUCTIONSCROLL	3854
1171052579970	1	INSTRUCTIONSCROLL	3857
1171052579987	1	INSTRUCTIONSCROLL	3861
1171052580005	1	INSTRUCTIONSCROLL	3864
1171052580021	1	INSTRUCTIONSCROLL	3868
1171052580038	1	INSTRUCTIONSCROLL	3871
1171052580055	1	INSTRUCTIONSCROLL	3874
1171052580071	1	INSTRUCTIONSCROLL	3878
1171052580088	1	INSTRUCTIONSCROLL	3881
1171052580105	1	INSTRUCTIONSCROLL	3884
1171052580121	1	INSTRUCTIONSCROLL	3888
1171052580138	1	INSTRUCTIONSCROLL	3891
1171052580155	1	INSTRUCTIONSCROLL	3894
1171052580171	1	INSTRUCTIONSCROLL	3898
1171052580188	1	INSTRUCTIONSCROLL	3901
1171052580205	1	INSTRUCTIONSCROLL	3904
1171052580221	1	INSTRUCTIONSCROLL	3908
1171052580238	1	INSTRUCTIONSCROLL	3911
1171052580255	1	INSTRUCTIONSCROLL	3914
1171052580271	1	INSTRUCTIONSCROLL	3918
1171052580288	1	INSTRUCTIONSCROLL	3921
1171052580304	1	INSTRUCTIONSCROLL	3924
1171052580321	1	INSTRUCTIONSCROLL	3928
1171052580338	1	INSTRUCTIONSCROLL	3931
1171052580354	1	INSTRUCTIONSCROLL	3934
1171052580371	1	INSTRUCTIONSCROLL	3938
1171052580388	1	INSTRUCTIONSCROLL	3941
1171052580405	1	INSTRUCTIONSCROLL	3944
1171052580421	1	INSTRUCTIONSCROLL	3948
1171052580438	1	INSTRUCTIONSCROLL	3951
1171052580454	1	INSTRUCTIONSCROLL	3954
1171052580471	1	INSTRUCTIONSCROLL	3958
1171052580488	1	INSTRUCTIONSCROLL	3961
1171052580504	1	INSTRUCTIONSCROLL	3964
1171052580521	1	INSTRUCTIONSCROLL	3968
1171052580538	1	INSTRUCTIONSCROLL	3971
1171052580554	1	INSTRUCTIONSCROLL	3974
1171052580571	1	INSTRUCTIONSCROLL	3978
1171052580588	1	INSTRUCTIONSCROLL	3981
1171052580604	1	INSTRUCTIONSCROLL	3984
1171052580621	1	INSTRUCTIONSCROLL	3988
1171052580638	1	INSTRUCTIONSCROLL	3991
1171052580654	1	INSTRUCTIONSCROLL	3994
1171052580671	1	INSTRUCTIONSCROLL	3998
1171052580688	1	INSTRUCTIONSCROLL	4001
1171052580704	1	INSTRUCTIONSCROLL	4004
1171052580721	1	INSTRUCTIONSCROLL	4008
1171052580738	1	INSTRUCTIONSCROLL	4011
1171052580754	1	INSTRUCTIONSCROLL	4014
1171052581204	1	INSTRUCTIONSCROLL	4015
1171052581221	1	INSTRUCTIONSCROLL	4018
1171052581237	1	INSTRUCTIONSCROLL	4021
1171052581254	1	INSTRUCTIONSCROLL	4024
1171052581271	1	INSTRUCTIONSCROLL	4028
1171052581288	1	INSTRUCTIONSCROLL	4031
1171052581304	1	INSTRUCTIONSCROLL	4034
1171052581321	1	INSTRUCTIONSCROLL	4038
1171052581337	1	INSTRUCTIONSCROLL	4041
1171052581354	1	INSTRUCTIONSCROLL	4044
1171052581371	1	INSTRUCTIONSCROLL	4048
1171052581387	1	INSTRUCTIONSCROLL	4051
1171052581404	1	INSTRUCTIONSCROLL	4054
1171052581421	1	INSTRUCTIONSCROLL	4058
1171052581437	1	INSTRUCTIONSCROLL	4061
1171052581454	1	INSTRUCTIONSCROLL	4064
1171052581471	1	INSTRUCTIONSCROLL	4067
1171052581487	1	INSTRUCTIONSCROLL	4071
1171052581504	1	INSTRUCTIONSCROLL	4074
1171052581521	1	INSTRUCTIONSCROLL	4077
1171052581537	1	INSTRUCTIONSCROLL	4081
1171052581554	1	INSTRUCTIONSCROLL	4084
1171052581571	1	INSTRUCTIONSCROLL	4088
1171052581587	1	INSTRUCTIONSCROLL	4091
1171052581604	1	INSTRUCTIONSCROLL	4094
1171052582004	1	INSTRUCTIONSCROLL	4095
1171052582021	1	INSTRUCTIONSCROLL	4096
1171052582037	1	INSTRUCTIONSCROLL	4099
1171052582054	1	INSTRUCTIONSCROLL	4103
1171052582071	1	INSTRUCTIONSCROLL	4106
1171052582087	1	INSTRUCTIONSCROLL	4109
1171052582104	1	INSTRUCTIONSCROLL	4113
1171052582121	1	INSTRUCTIONSCROLL	4116
1171052582137	1	INSTRUCTIONSCROLL	4119
1171052582319	1	INSTRUCTIONSCROLL	4120
1171052582337	1	INSTRUCTIONSCROLL	4122
1171052582354	1	INSTRUCTIONSCROLL	4125
1171052582370	1	INSTRUCTIONSCROLL	4129
1171052582387	1	INSTRUCTIONSCROLL	4132
1171052582404	1	INSTRUCTIONSCROLL	4135
1171052582421	1	INSTRUCTIONSCROLL	4139
1171052582554	1	INSTRUCTIONSCROLL	4140
1171052582570	1	INSTRUCTIONSCROLL	4143
1171052582587	1	INSTRUCTIONSCROLL	4146
1171052582604	1	INSTRUCTIONSCROLL	4149
1171052582620	1	INSTRUCTIONSCROLL	4153
1171052582637	1	INSTRUCTIONSCROLL	4156
1171052582754	1	INSTRUCTIONSCROLL	4157
1171052582770	1	INSTRUCTIONSCROLL	4161
1171052582786	1	INSTRUCTIONSCROLL	4164
1171052582803	1	INSTRUCTIONSCROLL	4167
1171052582819	1	INSTRUCTIONSCROLL	4170
1171052582836	1	INSTRUCTIONSCROLL	4174
1171052582853	1	INSTRUCTIONSCROLL	4177
1171052582869	1	INSTRUCTIONSCROLL	4180
1171052582886	1	INSTRUCTIONSCROLL	4184
1171052582903	1	INSTRUCTIONSCROLL	4187
1171052582919	1	INSTRUCTIONSCROLL	4190
1171052582936	1	INSTRUCTIONSCROLL	4194
1171052582953	1	INSTRUCTIONSCROLL	4197
1171052582969	1	INSTRUCTIONSCROLL	4200
1171052582986	1	INSTRUCTIONSCROLL	4204
1171052583004	1	INSTRUCTIONSCROLL	4207
1171052583020	1	INSTRUCTIONSCROLL	4211
1171052583037	1	INSTRUCTIONSCROLL	4214
1171052583054	1	INSTRUCTIONSCROLL	4217
1171052583070	1	INSTRUCTIONSCROLL	4221
1171052583087	1	INSTRUCTIONSCROLL	4224
1171052583104	1	INSTRUCTIONSCROLL	4227
1171052583120	1	INSTRUCTIONSCROLL	4231
1171052583137	1	INSTRUCTIONSCROLL	4234
1171052583154	1	INSTRUCTIONSCROLL	4237
1171052583170	1	INSTRUCTIONSCROLL	4241
1171052583187	1	INSTRUCTIONSCROLL	4244
1171052583205	1	INSTRUCTIONSCROLL	4247
1171052583220	1	INSTRUCTIONSCROLL	4251
1171052583237	1	INSTRUCTIONSCROLL	4254
1171052583254	1	INSTRUCTIONSCROLL	4257
1171052583270	1	INSTRUCTIONSCROLL	4261
1171052583287	1	INSTRUCTIONSCROLL	4264
1171052583303	1	INSTRUCTIONSCROLL	4267
1171052583320	1	INSTRUCTIONSCROLL	4271
1171052583547	1	INSTRUCTIONSCROLL	4272
1171052583553	1	INSTRUCTIONSCROLL	4274
1171052583570	1	INSTRUCTIONSCROLL	4275
1171052583587	1	INSTRUCTIONSCROLL	4278
1171052583603	1	INSTRUCTIONSCROLL	4282
1171052583620	1	INSTRUCTIONSCROLL	4285
1171052583637	1	INSTRUCTIONSCROLL	4288
1171052583653	1	INSTRUCTIONSCROLL	4292
1171052583670	1	INSTRUCTIONSCROLL	4295
1171052583687	1	INSTRUCTIONSCROLL	4298
1171052583703	1	INSTRUCTIONSCROLL	4302
1171052583720	1	INSTRUCTIONSCROLL	4305
1171052583737	1	INSTRUCTIONSCROLL	4308
1171052583753	1	INSTRUCTIONSCROLL	4312
1171052583770	1	INSTRUCTIONSCROLL	4315
1171052583786	1	INSTRUCTIONSCROLL	4318
1171052583802	1	INSTRUCTIONSCROLL	4321
1171052583819	1	INSTRUCTIONSCROLL	4325
1171052583836	1	INSTRUCTIONSCROLL	4328
1171052583852	1	INSTRUCTIONSCROLL	4331
1171052583869	1	INSTRUCTIONSCROLL	4335
1171052583886	1	INSTRUCTIONSCROLL	4338
1171052583902	1	INSTRUCTIONSCROLL	4341
1171052583919	1	INSTRUCTIONSCROLL	4345
1171052583936	1	INSTRUCTIONSCROLL	4348
1171052583952	1	INSTRUCTIONSCROLL	4351
1171052583969	1	INSTRUCTIONSCROLL	4355
1171052583986	1	INSTRUCTIONSCROLL	4358
1171052584003	1	INSTRUCTIONSCROLL	4361
1171052584020	1	INSTRUCTIONSCROLL	4365
1171052584037	1	INSTRUCTIONSCROLL	4368
1171052584053	1	INSTRUCTIONSCROLL	4372
1171052584070	1	INSTRUCTIONSCROLL	4375
1171052584087	1	INSTRUCTIONSCROLL	4378
1171052584103	1	INSTRUCTIONSCROLL	4382
1171052584120	1	INSTRUCTIONSCROLL	4385
1171052584137	1	INSTRUCTIONSCROLL	4388
1171052584403	1	INSTRUCTIONSCROLL	4389
1171052584420	1	INSTRUCTIONSCROLL	4390
1171052584436	1	INSTRUCTIONSCROLL	4393
1171052584453	1	INSTRUCTIONSCROLL	4397
1171052584470	1	INSTRUCTIONSCROLL	4400
1171052584486	1	INSTRUCTIONSCROLL	4403
1171052584503	1	INSTRUCTIONSCROLL	4407
1171052584520	1	INSTRUCTIONSCROLL	4410
1171052584536	1	INSTRUCTIONSCROLL	4413
1171052584553	1	INSTRUCTIONSCROLL	4417
1171052584570	1	INSTRUCTIONSCROLL	4420
1171052584586	1	INSTRUCTIONSCROLL	4423
1171052584603	1	INSTRUCTIONSCROLL	4427
1171052584620	1	INSTRUCTIONSCROLL	4430
1171052584636	1	INSTRUCTIONSCROLL	4433
1171052584653	1	INSTRUCTIONSCROLL	4437
1171052584670	1	INSTRUCTIONSCROLL	4440
1171052584686	1	INSTRUCTIONSCROLL	4443
1171052584703	1	INSTRUCTIONSCROLL	4447
1171052584720	1	INSTRUCTIONSCROLL	4450
1171052584736	1	INSTRUCTIONSCROLL	4453
1171052584753	1	INSTRUCTIONSCROLL	4457
1171052585036	1	INSTRUCTIONSCROLL	4458
1171052585053	1	INSTRUCTIONSCROLL	4460
1171052585070	1	INSTRUCTIONSCROLL	4463
1171052585086	1	INSTRUCTIONSCROLL	4467
1171052585103	1	INSTRUCTIONSCROLL	4470
1171052585120	1	INSTRUCTIONSCROLL	4473
1171052585136	1	INSTRUCTIONSCROLL	4477
1171052585153	1	INSTRUCTIONSCROLL	4480
1171052585170	1	INSTRUCTIONSCROLL	4483
1171052585186	1	INSTRUCTIONSCROLL	4487
1171052585205	1	INSTRUCTIONSCROLL	4490
1171052585220	1	INSTRUCTIONSCROLL	4494
1171052585236	1	INSTRUCTIONSCROLL	4497
1171052585253	1	INSTRUCTIONSCROLL	4500
1171052585270	1	INSTRUCTIONSCROLL	4503
1171052585286	1	INSTRUCTIONSCROLL	4507
1171052585303	1	INSTRUCTIONSCROLL	4510
1171052585320	1	INSTRUCTIONSCROLL	4513
1171052585336	1	INSTRUCTIONSCROLL	4517
1171052585353	1	INSTRUCTIONSCROLL	4520
1171052585370	1	INSTRUCTIONSCROLL	4523
1171052585785	1	INSTRUCTIONSCROLL	4524
1171052585802	1	INSTRUCTIONSCROLL	4527
1171052585818	1	INSTRUCTIONSCROLL	4531
1171052585835	1	INSTRUCTIONSCROLL	4534
1171052586053	1	INSTRUCTIONSCROLL	4535
1171052586069	1	INSTRUCTIONSCROLL	4538
1171052586086	1	INSTRUCTIONSCROLL	4541
1171052586103	1	INSTRUCTIONSCROLL	4544
1171052586269	1	INSTRUCTIONSCROLL	4545
1171052586286	1	INSTRUCTIONSCROLL	4546
1171052586303	1	INSTRUCTIONSCROLL	4549
1171052586319	1	INSTRUCTIONSCROLL	4553
1171052586336	1	INSTRUCTIONSCROLL	4556
1171052586353	1	INSTRUCTIONSCROLL	4559
1171052586369	1	INSTRUCTIONSCROLL	4563
1171052586386	1	INSTRUCTIONSCROLL	4566
1171052586536	1	INSTRUCTIONSCROLL	4567
1171052586552	1	INSTRUCTIONSCROLL	4570
1171052586569	1	INSTRUCTIONSCROLL	4574
1171052586586	1	INSTRUCTIONSCROLL	4577
1171052586602	1	INSTRUCTIONSCROLL	4580
1171052586818	1	INSTRUCTIONSCROLL	4581
1171052586835	1	INSTRUCTIONSCROLL	4583
1171052586851	1	INSTRUCTIONSCROLL	4587
1171052586868	1	INSTRUCTIONSCROLL	4590
1171052586885	1	INSTRUCTIONSCROLL	4593
1171052586901	1	INSTRUCTIONSCROLL	4597
1171052587419	1	INSTRUCTIONSCROLL	4598
1171052587436	1	INSTRUCTIONSCROLL	4600
1171052587452	1	INSTRUCTIONSCROLL	4603
1171052587469	1	INSTRUCTIONSCROLL	4606
1171052587818	1	INSTRUCTIONSCROLL	4607
1171052587834	1	INSTRUCTIONSCROLL	4609
1171052587851	1	INSTRUCTIONSCROLL	4613
1171052587868	1	INSTRUCTIONSCROLL	4616
1171052588119	1	INSTRUCTIONSCROLL	4617
1171052588135	1	INSTRUCTIONSCROLL	4620
1171052588152	1	INSTRUCTIONSCROLL	4623
1171052588169	1	INSTRUCTIONSCROLL	4626
1171052588185	1	INSTRUCTIONSCROLL	4630
1171052588419	1	INSTRUCTIONSCROLL	4631
1171052588435	1	INSTRUCTIONSCROLL	4633
1171052588452	1	INSTRUCTIONSCROLL	4636
1171052588469	1	INSTRUCTIONSCROLL	4639
1171052588485	1	INSTRUCTIONSCROLL	4643
1171052588685	1	INSTRUCTIONSCROLL	4644
1171052588702	1	INSTRUCTIONSCROLL	4646
1171052588718	1	INSTRUCTIONSCROLL	4649
1171052588735	1	INSTRUCTIONSCROLL	4653
1171052588752	1	INSTRUCTIONSCROLL	4656
1171052588951	1	INSTRUCTIONSCROLL	4657
1171052588967	1	INSTRUCTIONSCROLL	4658
1171052588984	1	INSTRUCTIONSCROLL	4662
1171052589002	1	INSTRUCTIONSCROLL	4665
1171052589018	1	INSTRUCTIONSCROLL	4669
1171052589035	1	INSTRUCTIONSCROLL	4672
1171052589218	1	INSTRUCTIONSCROLL	4673
1171052589235	1	INSTRUCTIONSCROLL	4677
1171052589252	1	INSTRUCTIONSCROLL	4680
1171052589268	1	INSTRUCTIONSCROLL	4683
1171052589285	1	INSTRUCTIONSCROLL	4687
1171052589302	1	INSTRUCTIONSCROLL	4690
1171052589318	1	INSTRUCTIONSCROLL	4693
1171052589335	1	INSTRUCTIONSCROLL	4697
1171052589352	1	INSTRUCTIONSCROLL	4700
1171052589368	1	INSTRUCTIONSCROLL	4703
1171052589385	1	INSTRUCTIONSCROLL	4707
1171052589402	1	INSTRUCTIONSCROLL	4710
1171052589418	1	INSTRUCTIONSCROLL	4713
1171052589435	1	INSTRUCTIONSCROLL	4716
1171052589452	1	INSTRUCTIONSCROLL	4720
1171052589468	1	INSTRUCTIONSCROLL	4723
1171052589485	1	INSTRUCTIONSCROLL	4727
1171052589502	1	INSTRUCTIONSCROLL	4730
1171052589518	1	INSTRUCTIONSCROLL	4733
1171052589535	1	INSTRUCTIONSCROLL	4736
1171052589551	1	INSTRUCTIONSCROLL	4740
1171052589568	1	INSTRUCTIONSCROLL	4743
1171052589585	1	INSTRUCTIONSCROLL	4747
1171052589601	1	INSTRUCTIONSCROLL	4750
1171052589618	1	INSTRUCTIONSCROLL	4753
1171052589635	1	INSTRUCTIONSCROLL	4756
1171052589651	1	INSTRUCTIONSCROLL	4760
1171052589668	1	INSTRUCTIONSCROLL	4763
1171052589685	1	INSTRUCTIONSCROLL	4767
1171052589701	1	INSTRUCTIONSCROLL	4770
1171052589984	1	INSTRUCTIONSCROLL	4771
1171052590001	1	INSTRUCTIONSCROLL	4774
1171052590018	1	INSTRUCTIONSCROLL	4778
1171052590035	1	INSTRUCTIONSCROLL	4781
1171052590051	1	INSTRUCTIONSCROLL	4784
1171052590068	1	INSTRUCTIONSCROLL	4788
1171052590085	1	INSTRUCTIONSCROLL	4791
1171052590101	1	INSTRUCTIONSCROLL	4794
1171052590118	1	INSTRUCTIONSCROLL	4798
1171052590135	1	INSTRUCTIONSCROLL	4801
1171052590151	1	INSTRUCTIONSCROLL	4804
1171052590168	1	INSTRUCTIONSCROLL	4808
1171052590185	1	INSTRUCTIONSCROLL	4811
1171052590201	1	INSTRUCTIONSCROLL	4814
1171052590218	1	INSTRUCTIONSCROLL	4818
1171052590235	1	INSTRUCTIONSCROLL	4821
1171052590251	1	INSTRUCTIONSCROLL	4824
1171052590268	1	INSTRUCTIONSCROLL	4828
1171052590285	1	INSTRUCTIONSCROLL	4831
1171052590301	1	INSTRUCTIONSCROLL	4834
1171052590318	1	INSTRUCTIONSCROLL	4838
1171052590335	1	INSTRUCTIONSCROLL	4841
1171052590351	1	INSTRUCTIONSCROLL	4844
1171052590368	1	INSTRUCTIONSCROLL	4848
1171052590385	1	INSTRUCTIONSCROLL	4851
1171052590401	1	INSTRUCTIONSCROLL	4854
1171052590418	1	INSTRUCTIONSCROLL	4858
1171052590435	1	INSTRUCTIONSCROLL	4861
1171052590451	1	INSTRUCTIONSCROLL	4864
1171052590468	1	INSTRUCTIONSCROLL	4868
1171052590485	1	INSTRUCTIONSCROLL	4871
1171052590501	1	INSTRUCTIONSCROLL	4874
1171052590518	1	INSTRUCTIONSCROLL	4878
1171052590535	1	INSTRUCTIONSCROLL	4881
1171052590551	1	INSTRUCTIONSCROLL	4884
1171052590568	1	INSTRUCTIONSCROLL	4888
1171052590585	1	INSTRUCTIONSCROLL	4891
1171052590601	1	INSTRUCTIONSCROLL	4894
1171052590618	1	INSTRUCTIONSCROLL	4898
1171052590635	1	INSTRUCTIONSCROLL	4901
1171052590651	1	INSTRUCTIONSCROLL	4904
1171052590668	1	INSTRUCTIONSCROLL	4908
1171052590685	1	INSTRUCTIONSCROLL	4911
1171052590701	1	INSTRUCTIONSCROLL	4914
1171052590718	1	INSTRUCTIONSCROLL	4918
1171052590734	1	INSTRUCTIONSCROLL	4921
1171052590751	1	INSTRUCTIONSCROLL	4924
1171052590768	1	INSTRUCTIONSCROLL	4927
1171052590783	1	INSTRUCTIONSCROLL	4931
1171052590800	1	INSTRUCTIONSCROLL	4934
1171052590817	1	INSTRUCTIONSCROLL	4937
1171052590833	1	INSTRUCTIONSCROLL	4941
1171052590850	1	INSTRUCTIONSCROLL	4944
1171052590867	1	INSTRUCTIONSCROLL	4947
1171052590883	1	INSTRUCTIONSCROLL	4951
1171052590900	1	INSTRUCTIONSCROLL	4954
1171052590917	1	INSTRUCTIONSCROLL	4955
1171052592617	1	INSTRUCTIONSTOP	Button set (OR)
1171052592618	0	E	Logging Ends
