1155584494920	0	B	Logging Begins
1155584494920	0	INSTRUCTIONSTART	JointRoller	/Library/Frameworks/Python.framework/Versions/2.4/lib/python2.4/site-packages/pyepl/resources/vera.ttf	64	(1.000000, 1.000000, 1.000000, 1.000000)	"In the following experiment, your memory for associating names with faces will be tested.  The experiment will be divided into two halves, with each half testing you on a completely different set of names and faces.  After the first half, there will be a short break.\n\nThe procedure will be the same for each half.  Eight faces will be presented on the screen, consecutively, accompanied by their names.  A woman's voice will also speak the name when the face appears on the screen.  After five seconds, the face will disappear from the screen, a star (*) will flash on the screen for one second, and then the next face and name will appear.\n\nAfter you have seen all eight faces and names, you will be prompted to press any key in order to move on to a testing period.  During each trial of the testing period, you will see a face with a question mark (?) underneath it.  You will have to try and recall the name that goes with the face, and speak it out loud.  After five seconds the face will disappear from the screen, a star will flash on the screen for one second, and then the next face will appear with a question mark underneath it.\n\nFor each half, there will be ten study periods and ten test periods, alternating.  Each face will have the same name over the entire course of the half, so your task is to try and learn the faces' names as quickly and accurately as possible, and to be able to recall them as quickly and accurately as possible.\n\nDuring the test phase, do not worry if you make a mistake and recall the wrong name accidentally.  There is no penalty.  Also, if you are in the middle of recalling a name and the experiment moves on to the next face, do not stop yourself; continue speaking the name.  However, once the next face appears on the screen, you should give up trying to recall the last face and concentrate on the new one.\n\nDo you have any questions?\n\nPress <ENTER> to continue."
1155584494978	1	INSTRUCTIONSCROLL	0
1155584511738	1	INSTRUCTIONSCROLL	1
1155584511755	1	INSTRUCTIONSCROLL	3
1155584511771	1	INSTRUCTIONSCROLL	7
1155584511788	1	INSTRUCTIONSCROLL	10
1155584511805	1	INSTRUCTIONSCROLL	13
1155584511821	1	INSTRUCTIONSCROLL	17
1155584511838	1	INSTRUCTIONSCROLL	20
1155584511855	1	INSTRUCTIONSCROLL	23
1155584511871	1	INSTRUCTIONSCROLL	26
1155584511888	1	INSTRUCTIONSCROLL	32
1155584511905	1	INSTRUCTIONSCROLL	33
1155584511921	1	INSTRUCTIONSCROLL	36
1155584511938	1	INSTRUCTIONSCROLL	40
1155584511955	1	INSTRUCTIONSCROLL	43
1155584511971	1	INSTRUCTIONSCROLL	46
1155584511988	1	INSTRUCTIONSCROLL	50
1155584512006	1	INSTRUCTIONSCROLL	53
1155584512022	1	INSTRUCTIONSCROLL	57
1155584512039	1	INSTRUCTIONSCROLL	60
1155584512056	1	INSTRUCTIONSCROLL	63
1155584512072	1	INSTRUCTIONSCROLL	67
1155584512089	1	INSTRUCTIONSCROLL	70
1155584512106	1	INSTRUCTIONSCROLL	73
1155584512122	1	INSTRUCTIONSCROLL	77
1155584512139	1	INSTRUCTIONSCROLL	80
1155584512156	1	INSTRUCTIONSCROLL	83
1155584512172	1	INSTRUCTIONSCROLL	87
1155584512189	1	INSTRUCTIONSCROLL	90
1155584512206	1	INSTRUCTIONSCROLL	93
1155584512222	1	INSTRUCTIONSCROLL	97
1155584512239	1	INSTRUCTIONSCROLL	100
1155584512256	1	INSTRUCTIONSCROLL	103
1155584512272	1	INSTRUCTIONSCROLL	107
1155584512289	1	INSTRUCTIONSCROLL	110
1155584512306	1	INSTRUCTIONSCROLL	114
1155584512322	1	INSTRUCTIONSCROLL	117
1155584512339	1	INSTRUCTIONSCROLL	120
1155584512356	1	INSTRUCTIONSCROLL	123
1155584512372	1	INSTRUCTIONSCROLL	127
1155584512389	1	INSTRUCTIONSCROLL	130
1155584512406	1	INSTRUCTIONSCROLL	133
1155584512422	1	INSTRUCTIONSCROLL	137
1155584512439	1	INSTRUCTIONSCROLL	140
1155584512456	1	INSTRUCTIONSCROLL	144
1155584512472	1	INSTRUCTIONSCROLL	147
1155584512489	1	INSTRUCTIONSCROLL	150
1155584512506	1	INSTRUCTIONSCROLL	153
1155584512522	1	INSTRUCTIONSCROLL	157
1155584512539	1	INSTRUCTIONSCROLL	160
1155584512556	1	INSTRUCTIONSCROLL	163
1155584512572	1	INSTRUCTIONSCROLL	167
1155584512589	1	INSTRUCTIONSCROLL	170
1155584512606	1	INSTRUCTIONSCROLL	174
1155584512622	1	INSTRUCTIONSCROLL	177
1155584512639	1	INSTRUCTIONSCROLL	180
1155584512656	1	INSTRUCTIONSCROLL	183
1155584512672	1	INSTRUCTIONSCROLL	187
1155584512689	1	INSTRUCTIONSCROLL	190
1155584512706	1	INSTRUCTIONSCROLL	193
1155584512722	1	INSTRUCTIONSCROLL	197
1155584512738	1	INSTRUCTIONSCROLL	200
1155584512755	1	INSTRUCTIONSCROLL	203
1155584512771	1	INSTRUCTIONSCROLL	207
1155584512788	1	INSTRUCTIONSCROLL	212
1155584512805	1	INSTRUCTIONSCROLL	213
1155584512821	1	INSTRUCTIONSCROLL	217
1155584512838	1	INSTRUCTIONSCROLL	220
1155584512855	1	INSTRUCTIONSCROLL	223
1155584512871	1	INSTRUCTIONSCROLL	227
1155584512888	1	INSTRUCTIONSCROLL	230
1155584512904	1	INSTRUCTIONSCROLL	233
1155584512921	1	INSTRUCTIONSCROLL	237
1155584512938	1	INSTRUCTIONSCROLL	240
1155584512954	1	INSTRUCTIONSCROLL	243
1155584512971	1	INSTRUCTIONSCROLL	247
1155584512988	1	INSTRUCTIONSCROLL	250
1155584513006	1	INSTRUCTIONSCROLL	253
1155584513022	1	INSTRUCTIONSCROLL	257
1155584513039	1	INSTRUCTIONSCROLL	260
1155584513055	1	INSTRUCTIONSCROLL	263
1155584513072	1	INSTRUCTIONSCROLL	267
1155584513089	1	INSTRUCTIONSCROLL	270
1155584513106	1	INSTRUCTIONSCROLL	273
1155584513122	1	INSTRUCTIONSCROLL	277
1155584513139	1	INSTRUCTIONSCROLL	280
1155584513156	1	INSTRUCTIONSCROLL	283
1155584513172	1	INSTRUCTIONSCROLL	287
1155584513189	1	INSTRUCTIONSCROLL	290
1155584513205	1	INSTRUCTIONSCROLL	293
1155584513222	1	INSTRUCTIONSCROLL	297
1155584513239	1	INSTRUCTIONSCROLL	300
1155584513255	1	INSTRUCTIONSCROLL	303
1155584513272	1	INSTRUCTIONSCROLL	307
1155584513289	1	INSTRUCTIONSCROLL	310
1155584513305	1	INSTRUCTIONSCROLL	313
1155584513322	1	INSTRUCTIONSCROLL	317
1155584513339	1	INSTRUCTIONSCROLL	320
1155584513355	1	INSTRUCTIONSCROLL	323
1155584513372	1	INSTRUCTIONSCROLL	327
1155584513389	1	INSTRUCTIONSCROLL	330
1155584513405	1	INSTRUCTIONSCROLL	333
1155584513422	1	INSTRUCTIONSCROLL	337
1155584513439	1	INSTRUCTIONSCROLL	340
1155584513455	1	INSTRUCTIONSCROLL	343
1155584513472	1	INSTRUCTIONSCROLL	347
1155584513489	1	INSTRUCTIONSCROLL	350
1155584513505	1	INSTRUCTIONSCROLL	353
1155584513522	1	INSTRUCTIONSCROLL	357
1155584513539	1	INSTRUCTIONSCROLL	360
1155584513555	1	INSTRUCTIONSCROLL	363
1155584513572	1	INSTRUCTIONSCROLL	367
1155584513589	1	INSTRUCTIONSCROLL	370
1155584513605	1	INSTRUCTIONSCROLL	373
1155584513622	1	INSTRUCTIONSCROLL	377
1155584513639	1	INSTRUCTIONSCROLL	380
1155584513655	1	INSTRUCTIONSCROLL	383
1155584513672	1	INSTRUCTIONSCROLL	387
1155584513689	1	INSTRUCTIONSCROLL	390
1155584513705	1	INSTRUCTIONSCROLL	393
1155584513722	1	INSTRUCTIONSCROLL	397
1155584513738	1	INSTRUCTIONSCROLL	400
1155584513754	1	INSTRUCTIONSCROLL	403
1155584513771	1	INSTRUCTIONSCROLL	406
1155584513788	1	INSTRUCTIONSCROLL	410
1155584513804	1	INSTRUCTIONSCROLL	413
1155584513821	1	INSTRUCTIONSCROLL	416
1155584513838	1	INSTRUCTIONSCROLL	420
1155584513854	1	INSTRUCTIONSCROLL	423
1155584513871	1	INSTRUCTIONSCROLL	426
1155584513888	1	INSTRUCTIONSCROLL	432
1155584513904	1	INSTRUCTIONSCROLL	433
1155584513921	1	INSTRUCTIONSCROLL	436
1155584513938	1	INSTRUCTIONSCROLL	440
1155584513954	1	INSTRUCTIONSCROLL	443
1155584513971	1	INSTRUCTIONSCROLL	446
1155584513988	1	INSTRUCTIONSCROLL	450
1155584514005	1	INSTRUCTIONSCROLL	453
1155584514022	1	INSTRUCTIONSCROLL	457
1155584514039	1	INSTRUCTIONSCROLL	460
1155584514055	1	INSTRUCTIONSCROLL	463
1155584514072	1	INSTRUCTIONSCROLL	467
1155584514089	1	INSTRUCTIONSCROLL	470
1155584514105	1	INSTRUCTIONSCROLL	473
1155584514122	1	INSTRUCTIONSCROLL	477
1155584514139	1	INSTRUCTIONSCROLL	480
1155584514155	1	INSTRUCTIONSCROLL	483
1155584514172	1	INSTRUCTIONSCROLL	487
1155584514188	1	INSTRUCTIONSCROLL	490
1155584514205	1	INSTRUCTIONSCROLL	493
1155584514222	1	INSTRUCTIONSCROLL	497
1155584514239	1	INSTRUCTIONSCROLL	500
1155584514255	1	INSTRUCTIONSCROLL	503
1155584514272	1	INSTRUCTIONSCROLL	507
1155584514289	1	INSTRUCTIONSCROLL	510
1155584514305	1	INSTRUCTIONSCROLL	513
1155584514322	1	INSTRUCTIONSCROLL	517
1155584514338	1	INSTRUCTIONSCROLL	520
1155584514355	1	INSTRUCTIONSCROLL	523
1155584514372	1	INSTRUCTIONSCROLL	527
1155584514388	1	INSTRUCTIONSCROLL	530
1155584514405	1	INSTRUCTIONSCROLL	533
1155584514422	1	INSTRUCTIONSCROLL	537
1155584514438	1	INSTRUCTIONSCROLL	540
1155584514455	1	INSTRUCTIONSCROLL	543
1155584514472	1	INSTRUCTIONSCROLL	547
1155584514488	1	INSTRUCTIONSCROLL	550
1155584514505	1	INSTRUCTIONSCROLL	553
1155584514522	1	INSTRUCTIONSCROLL	557
1155584514538	1	INSTRUCTIONSCROLL	560
1155584514555	1	INSTRUCTIONSCROLL	563
1155584514572	1	INSTRUCTIONSCROLL	567
1155584514588	1	INSTRUCTIONSCROLL	570
1155584514605	1	INSTRUCTIONSCROLL	573
1155584514622	1	INSTRUCTIONSCROLL	577
1155584514638	1	INSTRUCTIONSCROLL	580
1155584514655	1	INSTRUCTIONSCROLL	583
1155584514672	1	INSTRUCTIONSCROLL	587
1155584514688	1	INSTRUCTIONSCROLL	590
1155584514705	1	INSTRUCTIONSCROLL	593
1155584522153	1	INSTRUCTIONSCROLL	594
1155584522170	1	INSTRUCTIONSCROLL	597
1155584522186	1	INSTRUCTIONSCROLL	600
1155584522203	1	INSTRUCTIONSCROLL	603
1155584522220	1	INSTRUCTIONSCROLL	607
1155584522236	1	INSTRUCTIONSCROLL	610
1155584522253	1	INSTRUCTIONSCROLL	613
1155584522270	1	INSTRUCTIONSCROLL	617
1155584522286	1	INSTRUCTIONSCROLL	620
1155584522303	1	INSTRUCTIONSCROLL	623
1155584522320	1	INSTRUCTIONSCROLL	627
1155584522336	1	INSTRUCTIONSCROLL	630
1155584522353	1	INSTRUCTIONSCROLL	633
1155584522370	1	INSTRUCTIONSCROLL	637
1155584522620	1	INSTRUCTIONSCROLL	638
1155584522636	1	INSTRUCTIONSCROLL	641
1155584522653	1	INSTRUCTIONSCROLL	644
1155584522670	1	INSTRUCTIONSCROLL	647
1155584522686	1	INSTRUCTIONSCROLL	651
1155584522703	1	INSTRUCTIONSCROLL	654
1155584522720	1	INSTRUCTIONSCROLL	657
1155584522735	1	INSTRUCTIONSCROLL	661
1155584522752	1	INSTRUCTIONSCROLL	664
1155584522768	1	INSTRUCTIONSCROLL	670
1155584522785	1	INSTRUCTIONSCROLL	671
1155584522802	1	INSTRUCTIONSCROLL	674
1155584522818	1	INSTRUCTIONSCROLL	677
1155584522835	1	INSTRUCTIONSCROLL	680
1155584522852	1	INSTRUCTIONSCROLL	684
1155584522869	1	INSTRUCTIONSCROLL	687
1155584522885	1	INSTRUCTIONSCROLL	690
1155584522902	1	INSTRUCTIONSCROLL	694
1155584522918	1	INSTRUCTIONSCROLL	697
1155584522935	1	INSTRUCTIONSCROLL	700
1155584522952	1	INSTRUCTIONSCROLL	704
1155584522968	1	INSTRUCTIONSCROLL	707
1155584522985	1	INSTRUCTIONSCROLL	710
1155584523003	1	INSTRUCTIONSCROLL	714
1155584523019	1	INSTRUCTIONSCROLL	717
1155584523036	1	INSTRUCTIONSCROLL	721
1155584523053	1	INSTRUCTIONSCROLL	724
1155584523069	1	INSTRUCTIONSCROLL	727
1155584523086	1	INSTRUCTIONSCROLL	731
1155584523103	1	INSTRUCTIONSCROLL	734
1155584523119	1	INSTRUCTIONSCROLL	737
1155584523136	1	INSTRUCTIONSCROLL	741
1155584523153	1	INSTRUCTIONSCROLL	744
1155584523169	1	INSTRUCTIONSCROLL	747
1155584523186	1	INSTRUCTIONSCROLL	751
1155584523203	1	INSTRUCTIONSCROLL	754
1155584523219	1	INSTRUCTIONSCROLL	757
1155584523236	1	INSTRUCTIONSCROLL	761
1155584523253	1	INSTRUCTIONSCROLL	764
1155584523269	1	INSTRUCTIONSCROLL	767
1155584523286	1	INSTRUCTIONSCROLL	771
1155584523303	1	INSTRUCTIONSCROLL	774
1155584523319	1	INSTRUCTIONSCROLL	777
1155584523336	1	INSTRUCTIONSCROLL	781
1155584523353	1	INSTRUCTIONSCROLL	784
1155584523369	1	INSTRUCTIONSCROLL	788
1155584523386	1	INSTRUCTIONSCROLL	791
1155584523403	1	INSTRUCTIONSCROLL	794
1155584523419	1	INSTRUCTIONSCROLL	798
1155584523436	1	INSTRUCTIONSCROLL	801
1155584523453	1	INSTRUCTIONSCROLL	804
1155584523469	1	INSTRUCTIONSCROLL	807
1155584523486	1	INSTRUCTIONSCROLL	811
1155584523503	1	INSTRUCTIONSCROLL	814
1155584523519	1	INSTRUCTIONSCROLL	818
1155584523536	1	INSTRUCTIONSCROLL	821
1155584523553	1	INSTRUCTIONSCROLL	824
1155584523569	1	INSTRUCTIONSCROLL	828
1155584523586	1	INSTRUCTIONSCROLL	831
1155584523603	1	INSTRUCTIONSCROLL	834
1155584523619	1	INSTRUCTIONSCROLL	837
1155584523636	1	INSTRUCTIONSCROLL	841
1155584523653	1	INSTRUCTIONSCROLL	844
1155584523669	1	INSTRUCTIONSCROLL	848
1155584523686	1	INSTRUCTIONSCROLL	851
1155584523710	1	INSTRUCTIONSCROLL	857
1155584523719	1	INSTRUCTIONSCROLL	859
1155584523735	1	INSTRUCTIONSCROLL	861
1155584523752	1	INSTRUCTIONSCROLL	864
1155584523768	1	INSTRUCTIONSCROLL	867
1155584523785	1	INSTRUCTIONSCROLL	871
1155584523802	1	INSTRUCTIONSCROLL	874
1155584523818	1	INSTRUCTIONSCROLL	877
1155584523835	1	INSTRUCTIONSCROLL	881
1155584523852	1	INSTRUCTIONSCROLL	884
1155584523868	1	INSTRUCTIONSCROLL	887
1155584523885	1	INSTRUCTIONSCROLL	891
1155584523902	1	INSTRUCTIONSCROLL	894
1155584523918	1	INSTRUCTIONSCROLL	897
1155584523935	1	INSTRUCTIONSCROLL	901
1155584523952	1	INSTRUCTIONSCROLL	904
1155584523968	1	INSTRUCTIONSCROLL	907
1155584523985	1	INSTRUCTIONSCROLL	911
1155584524003	1	INSTRUCTIONSCROLL	914
1155584524019	1	INSTRUCTIONSCROLL	918
1155584524036	1	INSTRUCTIONSCROLL	921
1155584524053	1	INSTRUCTIONSCROLL	924
1155584524069	1	INSTRUCTIONSCROLL	927
1155584524086	1	INSTRUCTIONSCROLL	931
1155584524103	1	INSTRUCTIONSCROLL	934
1155584524119	1	INSTRUCTIONSCROLL	938
1155584524136	1	INSTRUCTIONSCROLL	941
1155584524152	1	INSTRUCTIONSCROLL	944
1155584524169	1	INSTRUCTIONSCROLL	948
1155584524186	1	INSTRUCTIONSCROLL	951
1155584524202	1	INSTRUCTIONSCROLL	954
1155584524219	1	INSTRUCTIONSCROLL	957
1155584524236	1	INSTRUCTIONSCROLL	961
1155584524253	1	INSTRUCTIONSCROLL	964
1155584524269	1	INSTRUCTIONSCROLL	968
1155584524286	1	INSTRUCTIONSCROLL	971
1155584524303	1	INSTRUCTIONSCROLL	974
1155584524319	1	INSTRUCTIONSCROLL	978
1155584524336	1	INSTRUCTIONSCROLL	981
1155584524352	1	INSTRUCTIONSCROLL	984
1155584524369	1	INSTRUCTIONSCROLL	987
1155584524386	1	INSTRUCTIONSCROLL	991
1155584524402	1	INSTRUCTIONSCROLL	994
1155584524419	1	INSTRUCTIONSCROLL	998
1155584524436	1	INSTRUCTIONSCROLL	1001
1155584524452	1	INSTRUCTIONSCROLL	1004
1155584524469	1	INSTRUCTIONSCROLL	1008
1155584524486	1	INSTRUCTIONSCROLL	1011
1155584524502	1	INSTRUCTIONSCROLL	1014
1155584524519	1	INSTRUCTIONSCROLL	1017
1155584524536	1	INSTRUCTIONSCROLL	1021
1155584524552	1	INSTRUCTIONSCROLL	1024
1155584524569	1	INSTRUCTIONSCROLL	1028
1155584524586	1	INSTRUCTIONSCROLL	1031
1155584524602	1	INSTRUCTIONSCROLL	1034
1155584524619	1	INSTRUCTIONSCROLL	1037
1155584524652	1	INSTRUCTIONSCROLL	1043
1155584524669	1	INSTRUCTIONSCROLL	1048
1155584524686	1	INSTRUCTIONSCROLL	1051
1155584524702	1	INSTRUCTIONSCROLL	1054
1155584524719	1	INSTRUCTIONSCROLL	1057
1155584524735	1	INSTRUCTIONSCROLL	1061
1155584524751	1	INSTRUCTIONSCROLL	1064
1155584524768	1	INSTRUCTIONSCROLL	1067
1155584524785	1	INSTRUCTIONSCROLL	1070
1155584524801	1	INSTRUCTIONSCROLL	1074
1155584524818	1	INSTRUCTIONSCROLL	1077
1155584524835	1	INSTRUCTIONSCROLL	1081
1155584524851	1	INSTRUCTIONSCROLL	1084
1155584524868	1	INSTRUCTIONSCROLL	1087
1155584524885	1	INSTRUCTIONSCROLL	1090
1155584524901	1	INSTRUCTIONSCROLL	1094
1155584524918	1	INSTRUCTIONSCROLL	1097
1155584524935	1	INSTRUCTIONSCROLL	1100
1155584524951	1	INSTRUCTIONSCROLL	1104
1155584524968	1	INSTRUCTIONSCROLL	1107
1155584524985	1	INSTRUCTIONSCROLL	1111
1155584525002	1	INSTRUCTIONSCROLL	1114
1155584525019	1	INSTRUCTIONSCROLL	1117
1155584525036	1	INSTRUCTIONSCROLL	1121
1155584525052	1	INSTRUCTIONSCROLL	1124
1155584525069	1	INSTRUCTIONSCROLL	1127
1155584525086	1	INSTRUCTIONSCROLL	1131
1155584525102	1	INSTRUCTIONSCROLL	1134
1155584525119	1	INSTRUCTIONSCROLL	1137
1155584525136	1	INSTRUCTIONSCROLL	1141
1155584525152	1	INSTRUCTIONSCROLL	1144
1155584525169	1	INSTRUCTIONSCROLL	1147
1155584525186	1	INSTRUCTIONSCROLL	1151
1155584525202	1	INSTRUCTIONSCROLL	1154
1155584525219	1	INSTRUCTIONSCROLL	1157
1155584525236	1	INSTRUCTIONSCROLL	1161
1155584525252	1	INSTRUCTIONSCROLL	1164
1155584525269	1	INSTRUCTIONSCROLL	1167
1155584525286	1	INSTRUCTIONSCROLL	1171
1155584525302	1	INSTRUCTIONSCROLL	1174
1155584525319	1	INSTRUCTIONSCROLL	1177
1155584525335	1	INSTRUCTIONSCROLL	1181
1155584525352	1	INSTRUCTIONSCROLL	1184
1155584525369	1	INSTRUCTIONSCROLL	1187
1155584525385	1	INSTRUCTIONSCROLL	1191
1155584525402	1	INSTRUCTIONSCROLL	1194
1155584525419	1	INSTRUCTIONSCROLL	1197
1155584525436	1	INSTRUCTIONSCROLL	1201
1155584525452	1	INSTRUCTIONSCROLL	1204
1155584525469	1	INSTRUCTIONSCROLL	1207
1155584525486	1	INSTRUCTIONSCROLL	1211
1155584525502	1	INSTRUCTIONSCROLL	1214
1155584525519	1	INSTRUCTIONSCROLL	1217
1155584525536	1	INSTRUCTIONSCROLL	1221
1155584525552	1	INSTRUCTIONSCROLL	1224
1155584525569	1	INSTRUCTIONSCROLL	1227
1155584525585	1	INSTRUCTIONSCROLL	1231
1155584525602	1	INSTRUCTIONSCROLL	1234
1155584525619	1	INSTRUCTIONSCROLL	1237
1155584525635	1	INSTRUCTIONSCROLL	1241
1155584525652	1	INSTRUCTIONSCROLL	1244
1155584525669	1	INSTRUCTIONSCROLL	1250
1155584525685	1	INSTRUCTIONSCROLL	1251
1155584525702	1	INSTRUCTIONSCROLL	1254
1155584525719	1	INSTRUCTIONSCROLL	1257
1155584525734	1	INSTRUCTIONSCROLL	1261
1155584525751	1	INSTRUCTIONSCROLL	1264
1155584525768	1	INSTRUCTIONSCROLL	1267
1155584525784	1	INSTRUCTIONSCROLL	1270
1155584525801	1	INSTRUCTIONSCROLL	1274
1155584525818	1	INSTRUCTIONSCROLL	1277
1155584525834	1	INSTRUCTIONSCROLL	1281
1155584525851	1	INSTRUCTIONSCROLL	1284
1155584525868	1	INSTRUCTIONSCROLL	1287
1155584525884	1	INSTRUCTIONSCROLL	1291
1155584525901	1	INSTRUCTIONSCROLL	1294
1155584525918	1	INSTRUCTIONSCROLL	1297
1155584525934	1	INSTRUCTIONSCROLL	1300
1155584532184	1	INSTRUCTIONSCROLL	1301
1155584532200	1	INSTRUCTIONSCROLL	1304
1155584532217	1	INSTRUCTIONSCROLL	1307
1155584532234	1	INSTRUCTIONSCROLL	1310
1155584532250	1	INSTRUCTIONSCROLL	1314
1155584532267	1	INSTRUCTIONSCROLL	1317
1155584532284	1	INSTRUCTIONSCROLL	1320
1155584532300	1	INSTRUCTIONSCROLL	1324
1155584532317	1	INSTRUCTIONSCROLL	1327
1155584532334	1	INSTRUCTIONSCROLL	1330
1155584532350	1	INSTRUCTIONSCROLL	1334
1155584532367	1	INSTRUCTIONSCROLL	1337
1155584532384	1	INSTRUCTIONSCROLL	1340
1155584532400	1	INSTRUCTIONSCROLL	1344
1155584532417	1	INSTRUCTIONSCROLL	1347
1155584532434	1	INSTRUCTIONSCROLL	1350
1155584532450	1	INSTRUCTIONSCROLL	1354
1155584532467	1	INSTRUCTIONSCROLL	1357
1155584532484	1	INSTRUCTIONSCROLL	1360
1155584532500	1	INSTRUCTIONSCROLL	1364
1155584532517	1	INSTRUCTIONSCROLL	1367
1155584532534	1	INSTRUCTIONSCROLL	1370
1155584532550	1	INSTRUCTIONSCROLL	1374
1155584532567	1	INSTRUCTIONSCROLL	1377
1155584532584	1	INSTRUCTIONSCROLL	1380
1155584532600	1	INSTRUCTIONSCROLL	1384
1155584532617	1	INSTRUCTIONSCROLL	1387
1155584532634	1	INSTRUCTIONSCROLL	1390
1155584532650	1	INSTRUCTIONSCROLL	1394
1155584532667	1	INSTRUCTIONSCROLL	1397
1155584532684	1	INSTRUCTIONSCROLL	1400
1155584532700	1	INSTRUCTIONSCROLL	1404
1155584532717	1	INSTRUCTIONSCROLL	1407
1155584532733	1	INSTRUCTIONSCROLL	1410
1155584532749	1	INSTRUCTIONSCROLL	1414
1155584532766	1	INSTRUCTIONSCROLL	1417
1155584532782	1	INSTRUCTIONSCROLL	1420
1155584532799	1	INSTRUCTIONSCROLL	1423
1155584532816	1	INSTRUCTIONSCROLL	1427
1155584532833	1	INSTRUCTIONSCROLL	1430
1155584532849	1	INSTRUCTIONSCROLL	1434
1155584532866	1	INSTRUCTIONSCROLL	1437
1155584532882	1	INSTRUCTIONSCROLL	1440
1155584532899	1	INSTRUCTIONSCROLL	1444
1155584532916	1	INSTRUCTIONSCROLL	1447
1155584532932	1	INSTRUCTIONSCROLL	1450
1155584532949	1	INSTRUCTIONSCROLL	1453
1155584532966	1	INSTRUCTIONSCROLL	1457
1155584532982	1	INSTRUCTIONSCROLL	1460
1155584532999	1	INSTRUCTIONSCROLL	1464
1155584533017	1	INSTRUCTIONSCROLL	1467
1155584533033	1	INSTRUCTIONSCROLL	1470
1155584533050	1	INSTRUCTIONSCROLL	1474
1155584533068	1	INSTRUCTIONSCROLL	1479
1155584533083	1	INSTRUCTIONSCROLL	1481
1155584533100	1	INSTRUCTIONSCROLL	1484
1155584533117	1	INSTRUCTIONSCROLL	1487
1155584533133	1	INSTRUCTIONSCROLL	1490
1155584533150	1	INSTRUCTIONSCROLL	1494
1155584533167	1	INSTRUCTIONSCROLL	1497
1155584533183	1	INSTRUCTIONSCROLL	1500
1155584533200	1	INSTRUCTIONSCROLL	1504
1155584533217	1	INSTRUCTIONSCROLL	1507
1155584533233	1	INSTRUCTIONSCROLL	1510
1155584533250	1	INSTRUCTIONSCROLL	1514
1155584533267	1	INSTRUCTIONSCROLL	1517
1155584533283	1	INSTRUCTIONSCROLL	1520
1155584533300	1	INSTRUCTIONSCROLL	1524
1155584533317	1	INSTRUCTIONSCROLL	1527
1155584533333	1	INSTRUCTIONSCROLL	1530
1155584533350	1	INSTRUCTIONSCROLL	1534
1155584533367	1	INSTRUCTIONSCROLL	1537
1155584533383	1	INSTRUCTIONSCROLL	1540
1155584533400	1	INSTRUCTIONSCROLL	1544
1155584533417	1	INSTRUCTIONSCROLL	1547
1155584533433	1	INSTRUCTIONSCROLL	1550
1155584533450	1	INSTRUCTIONSCROLL	1554
1155584533467	1	INSTRUCTIONSCROLL	1557
1155584533483	1	INSTRUCTIONSCROLL	1560
1155584533500	1	INSTRUCTIONSCROLL	1564
1155584533517	1	INSTRUCTIONSCROLL	1567
1155584533533	1	INSTRUCTIONSCROLL	1570
1155584533550	1	INSTRUCTIONSCROLL	1574
1155584533567	1	INSTRUCTIONSCROLL	1577
1155584533583	1	INSTRUCTIONSCROLL	1580
1155584533600	1	INSTRUCTIONSCROLL	1584
1155584533617	1	INSTRUCTIONSCROLL	1587
1155584533633	1	INSTRUCTIONSCROLL	1590
1155584533650	1	INSTRUCTIONSCROLL	1594
1155584533667	1	INSTRUCTIONSCROLL	1597
1155584533683	1	INSTRUCTIONSCROLL	1600
1155584533700	1	INSTRUCTIONSCROLL	1604
1155584533717	1	INSTRUCTIONSCROLL	1607
1155584533733	1	INSTRUCTIONSCROLL	1610
1155584533749	1	INSTRUCTIONSCROLL	1614
1155584533766	1	INSTRUCTIONSCROLL	1617
1155584533782	1	INSTRUCTIONSCROLL	1620
1155584533799	1	INSTRUCTIONSCROLL	1623
1155584533816	1	INSTRUCTIONSCROLL	1627
1155584533832	1	INSTRUCTIONSCROLL	1630
1155584533849	1	INSTRUCTIONSCROLL	1633
1155584533866	1	INSTRUCTIONSCROLL	1637
1155584533882	1	INSTRUCTIONSCROLL	1640
1155584533899	1	INSTRUCTIONSCROLL	1643
1155584533916	1	INSTRUCTIONSCROLL	1647
1155584533932	1	INSTRUCTIONSCROLL	1650
1155584533949	1	INSTRUCTIONSCROLL	1653
1155584533966	1	INSTRUCTIONSCROLL	1657
1155584533982	1	INSTRUCTIONSCROLL	1660
1155584533999	1	INSTRUCTIONSCROLL	1663
1155584534017	1	INSTRUCTIONSCROLL	1667
1155584534033	1	INSTRUCTIONSCROLL	1670
1155584534050	1	INSTRUCTIONSCROLL	1674
1155584534067	1	INSTRUCTIONSCROLL	1677
1155584534083	1	INSTRUCTIONSCROLL	1680
1155584534100	1	INSTRUCTIONSCROLL	1684
1155584534116	1	INSTRUCTIONSCROLL	1687
1155584534133	1	INSTRUCTIONSCROLL	1690
1155584534150	1	INSTRUCTIONSCROLL	1694
1155584534166	1	INSTRUCTIONSCROLL	1697
1155584534183	1	INSTRUCTIONSCROLL	1700
1155584534200	1	INSTRUCTIONSCROLL	1704
1155584534233	1	INSTRUCTIONSCROLL	1709
1155584534250	1	INSTRUCTIONSCROLL	1714
1155584534266	1	INSTRUCTIONSCROLL	1717
1155584534283	1	INSTRUCTIONSCROLL	1720
1155584534300	1	INSTRUCTIONSCROLL	1724
1155584534316	1	INSTRUCTIONSCROLL	1727
1155584534333	1	INSTRUCTIONSCROLL	1730
1155584534350	1	INSTRUCTIONSCROLL	1734
1155584534366	1	INSTRUCTIONSCROLL	1737
1155584534383	1	INSTRUCTIONSCROLL	1740
1155584534400	1	INSTRUCTIONSCROLL	1744
1155584534416	1	INSTRUCTIONSCROLL	1747
1155584534433	1	INSTRUCTIONSCROLL	1750
1155584534450	1	INSTRUCTIONSCROLL	1754
1155584534466	1	INSTRUCTIONSCROLL	1757
1155584534483	1	INSTRUCTIONSCROLL	1760
1155584534500	1	INSTRUCTIONSCROLL	1764
1155584534516	1	INSTRUCTIONSCROLL	1767
1155584534533	1	INSTRUCTIONSCROLL	1770
1155584534550	1	INSTRUCTIONSCROLL	1774
1155584534566	1	INSTRUCTIONSCROLL	1777
1155584534583	1	INSTRUCTIONSCROLL	1780
1155584534600	1	INSTRUCTIONSCROLL	1784
1155584534616	1	INSTRUCTIONSCROLL	1787
1155584534633	1	INSTRUCTIONSCROLL	1790
1155584534650	1	INSTRUCTIONSCROLL	1794
1155584534666	1	INSTRUCTIONSCROLL	1797
1155584534683	1	INSTRUCTIONSCROLL	1800
1155584534700	1	INSTRUCTIONSCROLL	1804
1155584534716	1	INSTRUCTIONSCROLL	1807
1155584534733	1	INSTRUCTIONSCROLL	1810
1155584534749	1	INSTRUCTIONSCROLL	1813
1155584534765	1	INSTRUCTIONSCROLL	1817
1155584534782	1	INSTRUCTIONSCROLL	1820
1155584534799	1	INSTRUCTIONSCROLL	1823
1155584534815	1	INSTRUCTIONSCROLL	1827
1155584534832	1	INSTRUCTIONSCROLL	1830
1155584534849	1	INSTRUCTIONSCROLL	1833
1155584534865	1	INSTRUCTIONSCROLL	1837
1155584534882	1	INSTRUCTIONSCROLL	1840
1155584534899	1	INSTRUCTIONSCROLL	1843
1155584534915	1	INSTRUCTIONSCROLL	1847
1155584534932	1	INSTRUCTIONSCROLL	1850
1155584534949	1	INSTRUCTIONSCROLL	1853
1155584534965	1	INSTRUCTIONSCROLL	1857
1155584534982	1	INSTRUCTIONSCROLL	1860
1155584534999	1	INSTRUCTIONSCROLL	1863
1155584535016	1	INSTRUCTIONSCROLL	1867
1155584535033	1	INSTRUCTIONSCROLL	1870
1155584535050	1	INSTRUCTIONSCROLL	1873
1155584535066	1	INSTRUCTIONSCROLL	1877
1155584535083	1	INSTRUCTIONSCROLL	1880
1155584535100	1	INSTRUCTIONSCROLL	1884
1155584535116	1	INSTRUCTIONSCROLL	1887
1155584535133	1	INSTRUCTIONSCROLL	1890
1155584535150	1	INSTRUCTIONSCROLL	1894
1155584535166	1	INSTRUCTIONSCROLL	1897
1155584535183	1	INSTRUCTIONSCROLL	1900
1155584535199	1	INSTRUCTIONSCROLL	1903
1155584535216	1	INSTRUCTIONSCROLL	1907
1155584535233	1	INSTRUCTIONSCROLL	1910
1155584535249	1	INSTRUCTIONSCROLL	1914
1155584535266	1	INSTRUCTIONSCROLL	1917
1155584535283	1	INSTRUCTIONSCROLL	1920
1155584535299	1	INSTRUCTIONSCROLL	1924
1155584535316	1	INSTRUCTIONSCROLL	1927
1155584535333	1	INSTRUCTIONSCROLL	1930
1155584535350	1	INSTRUCTIONSCROLL	1933
1155584535366	1	INSTRUCTIONSCROLL	1937
1155584535383	1	INSTRUCTIONSCROLL	1940
1155584535399	1	INSTRUCTIONSCROLL	1944
1155584535416	1	INSTRUCTIONSCROLL	1947
1155584535433	1	INSTRUCTIONSCROLL	1950
1155584535466	1	INSTRUCTIONSCROLL	1956
1155584535483	1	INSTRUCTIONSCROLL	1960
1155584535499	1	INSTRUCTIONSCROLL	1963
1155584535516	1	INSTRUCTIONSCROLL	1967
1155584535533	1	INSTRUCTIONSCROLL	1970
1155584535549	1	INSTRUCTIONSCROLL	1974
1155584535566	1	INSTRUCTIONSCROLL	1977
1155584535583	1	INSTRUCTIONSCROLL	1980
1155584535599	1	INSTRUCTIONSCROLL	1984
1155584535616	1	INSTRUCTIONSCROLL	1987
1155584535633	1	INSTRUCTIONSCROLL	1990
1155584535649	1	INSTRUCTIONSCROLL	1993
1155584535666	1	INSTRUCTIONSCROLL	1997
1155584535683	1	INSTRUCTIONSCROLL	2000
1155584535699	1	INSTRUCTIONSCROLL	2004
1155584535716	1	INSTRUCTIONSCROLL	2007
1155584535733	1	INSTRUCTIONSCROLL	2010
1155584535748	1	INSTRUCTIONSCROLL	2014
1155584535765	1	INSTRUCTIONSCROLL	2017
1155584535782	1	INSTRUCTIONSCROLL	2020
1155584535798	1	INSTRUCTIONSCROLL	2023
1155584535815	1	INSTRUCTIONSCROLL	2027
1155584535832	1	INSTRUCTIONSCROLL	2030
1155584535848	1	INSTRUCTIONSCROLL	2033
1155584535865	1	INSTRUCTIONSCROLL	2037
1155584535882	1	INSTRUCTIONSCROLL	2040
1155584535898	1	INSTRUCTIONSCROLL	2043
1155584535915	1	INSTRUCTIONSCROLL	2047
1155584535932	1	INSTRUCTIONSCROLL	2050
1155584535948	1	INSTRUCTIONSCROLL	2053
1155584535965	1	INSTRUCTIONSCROLL	2057
1155584535982	1	INSTRUCTIONSCROLL	2060
1155584535998	1	INSTRUCTIONSCROLL	2063
1155584536016	1	INSTRUCTIONSCROLL	2067
1155584536033	1	INSTRUCTIONSCROLL	2070
1155584536049	1	INSTRUCTIONSCROLL	2074
1155584536066	1	INSTRUCTIONSCROLL	2077
1155584536083	1	INSTRUCTIONSCROLL	2080
1155584536099	1	INSTRUCTIONSCROLL	2083
1155584536116	1	INSTRUCTIONSCROLL	2087
1155584536133	1	INSTRUCTIONSCROLL	2090
1155584536149	1	INSTRUCTIONSCROLL	2094
1155584536166	1	INSTRUCTIONSCROLL	2097
1155584536183	1	INSTRUCTIONSCROLL	2100
1155584536199	1	INSTRUCTIONSCROLL	2104
1155584536216	1	INSTRUCTIONSCROLL	2107
1155584536233	1	INSTRUCTIONSCROLL	2110
1155584536249	1	INSTRUCTIONSCROLL	2113
1155584536266	1	INSTRUCTIONSCROLL	2117
1155584536283	1	INSTRUCTIONSCROLL	2120
1155584536299	1	INSTRUCTIONSCROLL	2124
1155584536316	1	INSTRUCTIONSCROLL	2127
1155584536333	1	INSTRUCTIONSCROLL	2130
1155584536349	1	INSTRUCTIONSCROLL	2133
1155584536366	1	INSTRUCTIONSCROLL	2137
1155584536383	1	INSTRUCTIONSCROLL	2140
1155584536399	1	INSTRUCTIONSCROLL	2143
1155584536416	1	INSTRUCTIONSCROLL	2147
1155584536433	1	INSTRUCTIONSCROLL	2150
1155584536449	1	INSTRUCTIONSCROLL	2154
1155584536466	1	INSTRUCTIONSCROLL	2157
1155584536483	1	INSTRUCTIONSCROLL	2160
1155584536499	1	INSTRUCTIONSCROLL	2163
1155584536516	1	INSTRUCTIONSCROLL	2167
1155584536532	1	INSTRUCTIONSCROLL	2170
1155584536549	1	INSTRUCTIONSCROLL	2173
1155584536566	1	INSTRUCTIONSCROLL	2177
1155584536582	1	INSTRUCTIONSCROLL	2180
1155584536599	1	INSTRUCTIONSCROLL	2184
1155584536616	1	INSTRUCTIONSCROLL	2187
1155584536649	1	INSTRUCTIONSCROLL	2193
1155584536666	1	INSTRUCTIONSCROLL	2197
1155584536682	1	INSTRUCTIONSCROLL	2200
1155584536699	1	INSTRUCTIONSCROLL	2203
1155584536716	1	INSTRUCTIONSCROLL	2207
1155584536732	1	INSTRUCTIONSCROLL	2210
1155584536748	1	INSTRUCTIONSCROLL	2213
1155584536765	1	INSTRUCTIONSCROLL	2216
1155584536781	1	INSTRUCTIONSCROLL	2220
1155584536798	1	INSTRUCTIONSCROLL	2223
1155584536815	1	INSTRUCTIONSCROLL	2227
1155584536831	1	INSTRUCTIONSCROLL	2230
1155584536848	1	INSTRUCTIONSCROLL	2233
1155584536865	1	INSTRUCTIONSCROLL	2237
1155584536881	1	INSTRUCTIONSCROLL	2240
1155584536898	1	INSTRUCTIONSCROLL	2243
1155584536915	1	INSTRUCTIONSCROLL	2246
1155584536931	1	INSTRUCTIONSCROLL	2250
1155584536948	1	INSTRUCTIONSCROLL	2253
1155584536965	1	INSTRUCTIONSCROLL	2257
1155584536981	1	INSTRUCTIONSCROLL	2260
1155584536998	1	INSTRUCTIONSCROLL	2263
1155584537016	1	INSTRUCTIONSCROLL	2267
1155584537032	1	INSTRUCTIONSCROLL	2270
1155584537049	1	INSTRUCTIONSCROLL	2273
1155584537066	1	INSTRUCTIONSCROLL	2277
1155584537082	1	INSTRUCTIONSCROLL	2280
1155584537099	1	INSTRUCTIONSCROLL	2283
1155584537116	1	INSTRUCTIONSCROLL	2287
1155584537132	1	INSTRUCTIONSCROLL	2290
1155584537149	1	INSTRUCTIONSCROLL	2293
1155584537166	1	INSTRUCTIONSCROLL	2297
1155584538781	1	INSTRUCTIONSCROLL	2298
1155584538798	1	INSTRUCTIONSCROLL	2300
1155584538814	1	INSTRUCTIONSCROLL	2303
1155584538831	1	INSTRUCTIONSCROLL	2306
1155584538847	1	INSTRUCTIONSCROLL	2310
1155584538864	1	INSTRUCTIONSCROLL	2313
1155584538881	1	INSTRUCTIONSCROLL	2316
1155584538898	1	INSTRUCTIONSCROLL	2320
1155584538914	1	INSTRUCTIONSCROLL	2323
1155584538931	1	INSTRUCTIONSCROLL	2326
1155584538947	1	INSTRUCTIONSCROLL	2330
1155584538964	1	INSTRUCTIONSCROLL	2333
1155584538981	1	INSTRUCTIONSCROLL	2336
1155584538997	1	INSTRUCTIONSCROLL	2340
1155584539015	1	INSTRUCTIONSCROLL	2343
1155584539032	1	INSTRUCTIONSCROLL	2347
1155584539048	1	INSTRUCTIONSCROLL	2350
1155584539065	1	INSTRUCTIONSCROLL	2353
1155584539082	1	INSTRUCTIONSCROLL	2356
1155584539098	1	INSTRUCTIONSCROLL	2360
1155584539115	1	INSTRUCTIONSCROLL	2363
1155584539132	1	INSTRUCTIONSCROLL	2366
1155584539148	1	INSTRUCTIONSCROLL	2370
1155584539165	1	INSTRUCTIONSCROLL	2373
1155584539182	1	INSTRUCTIONSCROLL	2377
1155584539198	1	INSTRUCTIONSCROLL	2380
1155584539215	1	INSTRUCTIONSCROLL	2383
1155584539232	1	INSTRUCTIONSCROLL	2386
1155584539248	1	INSTRUCTIONSCROLL	2390
1155584539265	1	INSTRUCTIONSCROLL	2393
1155584539282	1	INSTRUCTIONSCROLL	2396
1155584539298	1	INSTRUCTIONSCROLL	2400
1155584539315	1	INSTRUCTIONSCROLL	2403
1155584539332	1	INSTRUCTIONSCROLL	2406
1155584539348	1	INSTRUCTIONSCROLL	2410
1155584539365	1	INSTRUCTIONSCROLL	2413
1155584539382	1	INSTRUCTIONSCROLL	2417
1155584539398	1	INSTRUCTIONSCROLL	2420
1155584539415	1	INSTRUCTIONSCROLL	2423
1155584539432	1	INSTRUCTIONSCROLL	2427
1155584539448	1	INSTRUCTIONSCROLL	2430
1155584539465	1	INSTRUCTIONSCROLL	2433
1155584539482	1	INSTRUCTIONSCROLL	2437
1155584539498	1	INSTRUCTIONSCROLL	2440
1155584539515	1	INSTRUCTIONSCROLL	2443
1155584539532	1	INSTRUCTIONSCROLL	2447
1155584539548	1	INSTRUCTIONSCROLL	2450
1155584539565	1	INSTRUCTIONSCROLL	2453
1155584539582	1	INSTRUCTIONSCROLL	2457
1155584539598	1	INSTRUCTIONSCROLL	2460
1155584539615	1	INSTRUCTIONSCROLL	2463
1155584539632	1	INSTRUCTIONSCROLL	2467
1155584539648	1	INSTRUCTIONSCROLL	2470
1155584539665	1	INSTRUCTIONSCROLL	2473
1155584539682	1	INSTRUCTIONSCROLL	2477
1155584539698	1	INSTRUCTIONSCROLL	2480
1155584539715	1	INSTRUCTIONSCROLL	2483
1155584539732	1	INSTRUCTIONSCROLL	2487
1155584539764	1	INSTRUCTIONSCROLL	2492
1155584539781	1	INSTRUCTIONSCROLL	2496
1155584539797	1	INSTRUCTIONSCROLL	2500
1155584539814	1	INSTRUCTIONSCROLL	2503
1155584539831	1	INSTRUCTIONSCROLL	2506
1155584539847	1	INSTRUCTIONSCROLL	2510
1155584539864	1	INSTRUCTIONSCROLL	2513
1155584539881	1	INSTRUCTIONSCROLL	2516
1155584539897	1	INSTRUCTIONSCROLL	2520
1155584539914	1	INSTRUCTIONSCROLL	2523
1155584539931	1	INSTRUCTIONSCROLL	2526
1155584539947	1	INSTRUCTIONSCROLL	2530
1155584539964	1	INSTRUCTIONSCROLL	2533
1155584539981	1	INSTRUCTIONSCROLL	2536
1155584547646	1	INSTRUCTIONSCROLL	2537
1155584547663	1	INSTRUCTIONSCROLL	2541
1155584547679	1	INSTRUCTIONSCROLL	2544
1155584547696	1	INSTRUCTIONSCROLL	2548
1155584547713	1	INSTRUCTIONSCROLL	2551
1155584547729	1	INSTRUCTIONSCROLL	2554
1155584547745	1	INSTRUCTIONSCROLL	2558
1155584547762	1	INSTRUCTIONSCROLL	2561
1155584547778	1	INSTRUCTIONSCROLL	2564
1155584547795	1	INSTRUCTIONSCROLL	2567
1155584547812	1	INSTRUCTIONSCROLL	2571
1155584547828	1	INSTRUCTIONSCROLL	2574
1155584547845	1	INSTRUCTIONSCROLL	2577
1155584547862	1	INSTRUCTIONSCROLL	2581
1155584547878	1	INSTRUCTIONSCROLL	2584
1155584547895	1	INSTRUCTIONSCROLL	2587
1155584547912	1	INSTRUCTIONSCROLL	2591
1155584547928	1	INSTRUCTIONSCROLL	2594
1155584547945	1	INSTRUCTIONSCROLL	2597
1155584547962	1	INSTRUCTIONSCROLL	2601
1155584547978	1	INSTRUCTIONSCROLL	2604
1155584547995	1	INSTRUCTIONSCROLL	2607
1155584548013	1	INSTRUCTIONSCROLL	2611
1155584548029	1	INSTRUCTIONSCROLL	2614
1155584548046	1	INSTRUCTIONSCROLL	2618
1155584548063	1	INSTRUCTIONSCROLL	2623
1155584548079	1	INSTRUCTIONSCROLL	2624
1155584548096	1	INSTRUCTIONSCROLL	2628
1155584548113	1	INSTRUCTIONSCROLL	2631
1155584548129	1	INSTRUCTIONSCROLL	2634
1155584548146	1	INSTRUCTIONSCROLL	2638
1155584548163	1	INSTRUCTIONSCROLL	2641
1155584548179	1	INSTRUCTIONSCROLL	2644
1155584548196	1	INSTRUCTIONSCROLL	2648
1155584548213	1	INSTRUCTIONSCROLL	2651
1155584548229	1	INSTRUCTIONSCROLL	2654
1155584548246	1	INSTRUCTIONSCROLL	2658
1155584548263	1	INSTRUCTIONSCROLL	2661
1155584548279	1	INSTRUCTIONSCROLL	2664
1155584548296	1	INSTRUCTIONSCROLL	2668
1155584548313	1	INSTRUCTIONSCROLL	2671
1155584548329	1	INSTRUCTIONSCROLL	2674
1155584548346	1	INSTRUCTIONSCROLL	2678
1155584548363	1	INSTRUCTIONSCROLL	2681
1155584548379	1	INSTRUCTIONSCROLL	2684
1155584548396	1	INSTRUCTIONSCROLL	2688
1155584548413	1	INSTRUCTIONSCROLL	2691
1155584548429	1	INSTRUCTIONSCROLL	2694
1155584548446	1	INSTRUCTIONSCROLL	2698
1155584548463	1	INSTRUCTIONSCROLL	2701
1155584548479	1	INSTRUCTIONSCROLL	2704
1155584548496	1	INSTRUCTIONSCROLL	2708
1155584548513	1	INSTRUCTIONSCROLL	2711
1155584548529	1	INSTRUCTIONSCROLL	2714
1155584548546	1	INSTRUCTIONSCROLL	2718
1155584548563	1	INSTRUCTIONSCROLL	2721
1155584549046	1	INSTRUCTIONSCROLL	2722
1155584549062	1	INSTRUCTIONSCROLL	2724
1155584549079	1	INSTRUCTIONSCROLL	2727
1155584549096	1	INSTRUCTIONSCROLL	2730
1155584549112	1	INSTRUCTIONSCROLL	2734
1155584549229	1	INSTRUCTIONSCROLL	2735
1155584549246	1	INSTRUCTIONSCROLL	2736
1155584549262	1	INSTRUCTIONSCROLL	2739
1155584549279	1	INSTRUCTIONSCROLL	2743
1155584549296	1	INSTRUCTIONSCROLL	2746
1155584549312	1	INSTRUCTIONSCROLL	2749
1155584549329	1	INSTRUCTIONSCROLL	2753
1155584549346	1	INSTRUCTIONSCROLL	2756
1155584549362	1	INSTRUCTIONSCROLL	2759
1155584549379	1	INSTRUCTIONSCROLL	2763
1155584549396	1	INSTRUCTIONSCROLL	2766
1155584549412	1	INSTRUCTIONSCROLL	2769
1155584549429	1	INSTRUCTIONSCROLL	2773
1155584549446	1	INSTRUCTIONSCROLL	2776
1155584549462	1	INSTRUCTIONSCROLL	2779
1155584549479	1	INSTRUCTIONSCROLL	2783
1155584549496	1	INSTRUCTIONSCROLL	2786
1155584549512	1	INSTRUCTIONSCROLL	2789
1155584549529	1	INSTRUCTIONSCROLL	2793
1155584549546	1	INSTRUCTIONSCROLL	2796
1155584549562	1	INSTRUCTIONSCROLL	2799
1155584549579	1	INSTRUCTIONSCROLL	2803
1155584549596	1	INSTRUCTIONSCROLL	2806
1155584549612	1	INSTRUCTIONSCROLL	2809
1155584549629	1	INSTRUCTIONSCROLL	2813
1155584549646	1	INSTRUCTIONSCROLL	2816
1155584549662	1	INSTRUCTIONSCROLL	2819
1155584549679	1	INSTRUCTIONSCROLL	2823
1155584549696	1	INSTRUCTIONSCROLL	2826
1155584549712	1	INSTRUCTIONSCROLL	2829
1155584549729	1	INSTRUCTIONSCROLL	2833
1155584549745	1	INSTRUCTIONSCROLL	2836
1155584549761	1	INSTRUCTIONSCROLL	2839
1155584549778	1	INSTRUCTIONSCROLL	2843
1155584549795	1	INSTRUCTIONSCROLL	2846
1155584549811	1	INSTRUCTIONSCROLL	2849
1155584549828	1	INSTRUCTIONSCROLL	2853
1155584549845	1	INSTRUCTIONSCROLL	2856
1155584549861	1	INSTRUCTIONSCROLL	2859
1155584549878	1	INSTRUCTIONSCROLL	2863
1155584549895	1	INSTRUCTIONSCROLL	2866
1155584549911	1	INSTRUCTIONSCROLL	2872
1155584549928	1	INSTRUCTIONSCROLL	2873
1155584549944	1	INSTRUCTIONSCROLL	2876
1155584549961	1	INSTRUCTIONSCROLL	2879
1155584549978	1	INSTRUCTIONSCROLL	2883
1155584549995	1	INSTRUCTIONSCROLL	2886
1155584550012	1	INSTRUCTIONSCROLL	2889
1155584550029	1	INSTRUCTIONSCROLL	2893
1155584550046	1	INSTRUCTIONSCROLL	2896
1155584550062	1	INSTRUCTIONSCROLL	2899
1155584550079	1	INSTRUCTIONSCROLL	2903
1155584550096	1	INSTRUCTIONSCROLL	2906
1155584550112	1	INSTRUCTIONSCROLL	2909
1155584550129	1	INSTRUCTIONSCROLL	2913
1155584550145	1	INSTRUCTIONSCROLL	2916
1155584550162	1	INSTRUCTIONSCROLL	2920
1155584550179	1	INSTRUCTIONSCROLL	2923
1155584550195	1	INSTRUCTIONSCROLL	2926
1155584550212	1	INSTRUCTIONSCROLL	2929
1155584550229	1	INSTRUCTIONSCROLL	2933
1155584550245	1	INSTRUCTIONSCROLL	2936
1155584550262	1	INSTRUCTIONSCROLL	2939
1155584550279	1	INSTRUCTIONSCROLL	2943
1155584550295	1	INSTRUCTIONSCROLL	2946
1155584550312	1	INSTRUCTIONSCROLL	2950
1155584550329	1	INSTRUCTIONSCROLL	2953
1155584550345	1	INSTRUCTIONSCROLL	2956
1155584550362	1	INSTRUCTIONSCROLL	2959
1155584550379	1	INSTRUCTIONSCROLL	2963
1155584550395	1	INSTRUCTIONSCROLL	2966
1155584550412	1	INSTRUCTIONSCROLL	2969
1155584550429	1	INSTRUCTIONSCROLL	2973
1155584550445	1	INSTRUCTIONSCROLL	2976
1155584550462	1	INSTRUCTIONSCROLL	2980
1155584550479	1	INSTRUCTIONSCROLL	2983
1155584550495	1	INSTRUCTIONSCROLL	2986
1155584550512	1	INSTRUCTIONSCROLL	2989
1155584550529	1	INSTRUCTIONSCROLL	2993
1155584550545	1	INSTRUCTIONSCROLL	2996
1155584550562	1	INSTRUCTIONSCROLL	2999
1155584550579	1	INSTRUCTIONSCROLL	3003
1155584550595	1	INSTRUCTIONSCROLL	3006
1155584550612	1	INSTRUCTIONSCROLL	3009
1155584550629	1	INSTRUCTIONSCROLL	3013
1155584550645	1	INSTRUCTIONSCROLL	3016
1155584550662	1	INSTRUCTIONSCROLL	3019
1155584550679	1	INSTRUCTIONSCROLL	3023
1155584550695	1	INSTRUCTIONSCROLL	3026
1155584550712	1	INSTRUCTIONSCROLL	3029
1155584550729	1	INSTRUCTIONSCROLL	3033
1155584550744	1	INSTRUCTIONSCROLL	3036
1155584550761	1	INSTRUCTIONSCROLL	3039
1155584550778	1	INSTRUCTIONSCROLL	3043
1155584550794	1	INSTRUCTIONSCROLL	3046
1155584550811	1	INSTRUCTIONSCROLL	3049
1155584550828	1	INSTRUCTIONSCROLL	3053
1155584550844	1	INSTRUCTIONSCROLL	3056
1155584550861	1	INSTRUCTIONSCROLL	3059
1155584550878	1	INSTRUCTIONSCROLL	3063
1155584550894	1	INSTRUCTIONSCROLL	3066
1155584550911	1	INSTRUCTIONSCROLL	3069
1155584550944	1	INSTRUCTIONSCROLL	3075
1155584550961	1	INSTRUCTIONSCROLL	3079
1155584550978	1	INSTRUCTIONSCROLL	3083
1155584550994	1	INSTRUCTIONSCROLL	3086
1155584551012	1	INSTRUCTIONSCROLL	3089
1155584551029	1	INSTRUCTIONSCROLL	3093
1155584551045	1	INSTRUCTIONSCROLL	3096
1155584551062	1	INSTRUCTIONSCROLL	3099
1155584551079	1	INSTRUCTIONSCROLL	3103
1155584551095	1	INSTRUCTIONSCROLL	3106
1155584559576	1	INSTRUCTIONSCROLL	3107
1155584559593	1	INSTRUCTIONSCROLL	3109
1155584559610	1	INSTRUCTIONSCROLL	3113
1155584559626	1	INSTRUCTIONSCROLL	3116
1155584559643	1	INSTRUCTIONSCROLL	3119
1155584559660	1	INSTRUCTIONSCROLL	3123
1155584559676	1	INSTRUCTIONSCROLL	3126
1155584559693	1	INSTRUCTIONSCROLL	3129
1155584559710	1	INSTRUCTIONSCROLL	3133
1155584559726	1	INSTRUCTIONSCROLL	3136
1155584559742	1	INSTRUCTIONSCROLL	3139
1155584559759	1	INSTRUCTIONSCROLL	3142
1155584559775	1	INSTRUCTIONSCROLL	3146
1155584559792	1	INSTRUCTIONSCROLL	3149
1155584559809	1	INSTRUCTIONSCROLL	3152
1155584559825	1	INSTRUCTIONSCROLL	3156
1155584559842	1	INSTRUCTIONSCROLL	3159
1155584559859	1	INSTRUCTIONSCROLL	3162
1155584559875	1	INSTRUCTIONSCROLL	3166
1155584559892	1	INSTRUCTIONSCROLL	3169
1155584559909	1	INSTRUCTIONSCROLL	3172
1155584559925	1	INSTRUCTIONSCROLL	3176
1155584559942	1	INSTRUCTIONSCROLL	3179
1155584559958	1	INSTRUCTIONSCROLL	3182
1155584559975	1	INSTRUCTIONSCROLL	3186
1155584559992	1	INSTRUCTIONSCROLL	3189
1155584560009	1	INSTRUCTIONSCROLL	3192
1155584560026	1	INSTRUCTIONSCROLL	3196
1155584560043	1	INSTRUCTIONSCROLL	3199
1155584560059	1	INSTRUCTIONSCROLL	3203
1155584560076	1	INSTRUCTIONSCROLL	3206
1155584560093	1	INSTRUCTIONSCROLL	3209
1155584560109	1	INSTRUCTIONSCROLL	3213
1155584560126	1	INSTRUCTIONSCROLL	3216
1155584560143	1	INSTRUCTIONSCROLL	3219
1155584560159	1	INSTRUCTIONSCROLL	3223
1155584560176	1	INSTRUCTIONSCROLL	3226
1155584560193	1	INSTRUCTIONSCROLL	3229
1155584560209	1	INSTRUCTIONSCROLL	3233
1155584560226	1	INSTRUCTIONSCROLL	3236
1155584560243	1	INSTRUCTIONSCROLL	3239
1155584560259	1	INSTRUCTIONSCROLL	3243
1155584560276	1	INSTRUCTIONSCROLL	3246
1155584560293	1	INSTRUCTIONSCROLL	3249
1155584560309	1	INSTRUCTIONSCROLL	3253
1155584560326	1	INSTRUCTIONSCROLL	3256
1155584560343	1	INSTRUCTIONSCROLL	3259
1155584560359	1	INSTRUCTIONSCROLL	3263
1155584560376	1	INSTRUCTIONSCROLL	3266
1155584562063	1	INSTRUCTIONSCROLL	3267
1155584562076	1	INSTRUCTIONSCROLL	3268
1155584562092	1	INSTRUCTIONSCROLL	3270
1155584562109	1	INSTRUCTIONSCROLL	3273
1155584562126	1	INSTRUCTIONSCROLL	3276
1155584562142	1	INSTRUCTIONSCROLL	3280
1155584562159	1	INSTRUCTIONSCROLL	3283
1155584562176	1	INSTRUCTIONSCROLL	3287
1155584562192	1	INSTRUCTIONSCROLL	3290
1155584562209	1	INSTRUCTIONSCROLL	3293
1155584562225	1	INSTRUCTIONSCROLL	3296
1155584562242	1	INSTRUCTIONSCROLL	3300
1155584562259	1	INSTRUCTIONSCROLL	3303
1155584562276	1	INSTRUCTIONSCROLL	3306
1155584562292	1	INSTRUCTIONSCROLL	3310
1155584562309	1	INSTRUCTIONSCROLL	3313
1155584562325	1	INSTRUCTIONSCROLL	3316
1155584562342	1	INSTRUCTIONSCROLL	3320
1155584562359	1	INSTRUCTIONSCROLL	3323
1155584562376	1	INSTRUCTIONSCROLL	3326
1155584562392	1	INSTRUCTIONSCROLL	3330
1155584562409	1	INSTRUCTIONSCROLL	3333
1155584562425	1	INSTRUCTIONSCROLL	3336
1155584562442	1	INSTRUCTIONSCROLL	3340
1155584562459	1	INSTRUCTIONSCROLL	3343
1155584562475	1	INSTRUCTIONSCROLL	3346
1155584562492	1	INSTRUCTIONSCROLL	3350
1155584562509	1	INSTRUCTIONSCROLL	3353
1155584562525	1	INSTRUCTIONSCROLL	3356
1155584562542	1	INSTRUCTIONSCROLL	3360
1155584562559	1	INSTRUCTIONSCROLL	3363
1155584562575	1	INSTRUCTIONSCROLL	3367
1155584562592	1	INSTRUCTIONSCROLL	3370
1155584562609	1	INSTRUCTIONSCROLL	3373
1155584562625	1	INSTRUCTIONSCROLL	3376
1155584562642	1	INSTRUCTIONSCROLL	3380
1155584562659	1	INSTRUCTIONSCROLL	3383
1155584562675	1	INSTRUCTIONSCROLL	3387
1155584562692	1	INSTRUCTIONSCROLL	3390
1155584562709	1	INSTRUCTIONSCROLL	3393
1155584562725	1	INSTRUCTIONSCROLL	3397
1155584562741	1	INSTRUCTIONSCROLL	3400
1155584562758	1	INSTRUCTIONSCROLL	3403
1155584562774	1	INSTRUCTIONSCROLL	3406
1155584562791	1	INSTRUCTIONSCROLL	3410
1155584562808	1	INSTRUCTIONSCROLL	3413
1155584562841	1	INSTRUCTIONSCROLL	3419
1155584562858	1	INSTRUCTIONSCROLL	3423
1155584562874	1	INSTRUCTIONSCROLL	3426
1155584562891	1	INSTRUCTIONSCROLL	3430
1155584562908	1	INSTRUCTIONSCROLL	3433
1155584562924	1	INSTRUCTIONSCROLL	3436
1155584562941	1	INSTRUCTIONSCROLL	3440
1155584562958	1	INSTRUCTIONSCROLL	3443
1155584562974	1	INSTRUCTIONSCROLL	3446
1155584562991	1	INSTRUCTIONSCROLL	3450
1155584563009	1	INSTRUCTIONSCROLL	3453
1155584563025	1	INSTRUCTIONSCROLL	3457
1155584563042	1	INSTRUCTIONSCROLL	3460
1155584563059	1	INSTRUCTIONSCROLL	3463
1155584563075	1	INSTRUCTIONSCROLL	3466
1155584563092	1	INSTRUCTIONSCROLL	3470
1155584563109	1	INSTRUCTIONSCROLL	3473
1155584563125	1	INSTRUCTIONSCROLL	3477
1155584563142	1	INSTRUCTIONSCROLL	3480
1155584564525	1	INSTRUCTIONSCROLL	3481
1155584564542	1	INSTRUCTIONSCROLL	3484
1155584564558	1	INSTRUCTIONSCROLL	3487
1155584564575	1	INSTRUCTIONSCROLL	3491
1155584564592	1	INSTRUCTIONSCROLL	3494
1155584564608	1	INSTRUCTIONSCROLL	3497
1155584564625	1	INSTRUCTIONSCROLL	3501
1155584564642	1	INSTRUCTIONSCROLL	3504
1155584564658	1	INSTRUCTIONSCROLL	3507
1155584564675	1	INSTRUCTIONSCROLL	3511
1155584564692	1	INSTRUCTIONSCROLL	3514
1155584564708	1	INSTRUCTIONSCROLL	3517
1155584564725	1	INSTRUCTIONSCROLL	3523
1155584564741	1	INSTRUCTIONSCROLL	3524
1155584564757	1	INSTRUCTIONSCROLL	3527
1155584564774	1	INSTRUCTIONSCROLL	3530
1155584564790	1	INSTRUCTIONSCROLL	3534
1155584564807	1	INSTRUCTIONSCROLL	3537
1155584564824	1	INSTRUCTIONSCROLL	3540
1155584564840	1	INSTRUCTIONSCROLL	3544
1155584564857	1	INSTRUCTIONSCROLL	3547
1155584564874	1	INSTRUCTIONSCROLL	3550
1155584564891	1	INSTRUCTIONSCROLL	3554
1155584564907	1	INSTRUCTIONSCROLL	3557
1155584564924	1	INSTRUCTIONSCROLL	3560
1155584564940	1	INSTRUCTIONSCROLL	3564
1155584564957	1	INSTRUCTIONSCROLL	3567
1155584564974	1	INSTRUCTIONSCROLL	3570
1155584564990	1	INSTRUCTIONSCROLL	3574
1155584565008	1	INSTRUCTIONSCROLL	3577
1155584565025	1	INSTRUCTIONSCROLL	3581
1155584565041	1	INSTRUCTIONSCROLL	3584
1155584565058	1	INSTRUCTIONSCROLL	3587
1155584565075	1	INSTRUCTIONSCROLL	3590
1155584565092	1	INSTRUCTIONSCROLL	3594
1155584565108	1	INSTRUCTIONSCROLL	3597
1155584565125	1	INSTRUCTIONSCROLL	3601
1155584565141	1	INSTRUCTIONSCROLL	3604
1155584565158	1	INSTRUCTIONSCROLL	3607
1155584565175	1	INSTRUCTIONSCROLL	3611
1155584565192	1	INSTRUCTIONSCROLL	3614
1155584565208	1	INSTRUCTIONSCROLL	3618
1155584565225	1	INSTRUCTIONSCROLL	3621
1155584565241	1	INSTRUCTIONSCROLL	3624
1155584565258	1	INSTRUCTIONSCROLL	3627
1155584565275	1	INSTRUCTIONSCROLL	3631
1155584565291	1	INSTRUCTIONSCROLL	3634
1155584565308	1	INSTRUCTIONSCROLL	3637
1155584565325	1	INSTRUCTIONSCROLL	3641
1155584565341	1	INSTRUCTIONSCROLL	3644
1155584565358	1	INSTRUCTIONSCROLL	3647
1155584565375	1	INSTRUCTIONSCROLL	3651
1155584565391	1	INSTRUCTIONSCROLL	3654
1155584565408	1	INSTRUCTIONSCROLL	3657
1155584565425	1	INSTRUCTIONSCROLL	3661
1155584565441	1	INSTRUCTIONSCROLL	3664
1155584565458	1	INSTRUCTIONSCROLL	3667
1155584566989	1	INSTRUCTIONSCROLL	3668
1155584567008	1	INSTRUCTIONSCROLL	3669
1155584567024	1	INSTRUCTIONSCROLL	3672
1155584567041	1	INSTRUCTIONSCROLL	3675
1155584567058	1	INSTRUCTIONSCROLL	3679
1155584567074	1	INSTRUCTIONSCROLL	3682
1155584567091	1	INSTRUCTIONSCROLL	3685
1155584567108	1	INSTRUCTIONSCROLL	3689
1155584567124	1	INSTRUCTIONSCROLL	3692
1155584567141	1	INSTRUCTIONSCROLL	3695
1155584567158	1	INSTRUCTIONSCROLL	3699
1155584567174	1	INSTRUCTIONSCROLL	3702
1155584567191	1	INSTRUCTIONSCROLL	3705
1155584567208	1	INSTRUCTIONSCROLL	3709
1155584567224	1	INSTRUCTIONSCROLL	3712
1155584567241	1	INSTRUCTIONSCROLL	3715
1155584567258	1	INSTRUCTIONSCROLL	3719
1155584567274	1	INSTRUCTIONSCROLL	3722
1155584567291	1	INSTRUCTIONSCROLL	3725
1155584567307	1	INSTRUCTIONSCROLL	3729
1155584567324	1	INSTRUCTIONSCROLL	3732
1155584567341	1	INSTRUCTIONSCROLL	3735
1155584567357	1	INSTRUCTIONSCROLL	3739
1155584567374	1	INSTRUCTIONSCROLL	3742
1155584567391	1	INSTRUCTIONSCROLL	3745
1155584567408	1	INSTRUCTIONSCROLL	3749
1155584567424	1	INSTRUCTIONSCROLL	3752
1155584567441	1	INSTRUCTIONSCROLL	3755
1155584567458	1	INSTRUCTIONSCROLL	3759
1155584567474	1	INSTRUCTIONSCROLL	3762
1155584567491	1	INSTRUCTIONSCROLL	3765
1155584567507	1	INSTRUCTIONSCROLL	3769
1155584567524	1	INSTRUCTIONSCROLL	3772
1155584567541	1	INSTRUCTIONSCROLL	3775
1155584567557	1	INSTRUCTIONSCROLL	3779
1155584567574	1	INSTRUCTIONSCROLL	3782
1155584567591	1	INSTRUCTIONSCROLL	3785
1155584567607	1	INSTRUCTIONSCROLL	3789
1155584567624	1	INSTRUCTIONSCROLL	3792
1155584567641	1	INSTRUCTIONSCROLL	3795
1155584567658	1	INSTRUCTIONSCROLL	3799
1155584567674	1	INSTRUCTIONSCROLL	3802
1155584567691	1	INSTRUCTIONSCROLL	3805
1155584567707	1	INSTRUCTIONSCROLL	3809
1155584567724	1	INSTRUCTIONSCROLL	3812
1155584567740	1	INSTRUCTIONSCROLL	3815
1155584567756	1	INSTRUCTIONSCROLL	3819
1155584567773	1	INSTRUCTIONSCROLL	3822
1155584567790	1	INSTRUCTIONSCROLL	3825
1155584567806	1	INSTRUCTIONSCROLL	3829
1155584567823	1	INSTRUCTIONSCROLL	3832
1155584567856	1	INSTRUCTIONSCROLL	3838
1155584567873	1	INSTRUCTIONSCROLL	3842
1155584567890	1	INSTRUCTIONSCROLL	3845
1155584567906	1	INSTRUCTIONSCROLL	3849
1155584567923	1	INSTRUCTIONSCROLL	3852
1155584567940	1	INSTRUCTIONSCROLL	3855
1155584567956	1	INSTRUCTIONSCROLL	3859
1155584567973	1	INSTRUCTIONSCROLL	3862
1155584567990	1	INSTRUCTIONSCROLL	3865
1155584568007	1	INSTRUCTIONSCROLL	3868
1155584568024	1	INSTRUCTIONSCROLL	3872
1155584568041	1	INSTRUCTIONSCROLL	3875
1155584568057	1	INSTRUCTIONSCROLL	3879
1155584568074	1	INSTRUCTIONSCROLL	3882
1155584568091	1	INSTRUCTIONSCROLL	3885
1155584568107	1	INSTRUCTIONSCROLL	3889
1155584568124	1	INSTRUCTIONSCROLL	3892
1155584568141	1	INSTRUCTIONSCROLL	3895
1155584568157	1	INSTRUCTIONSCROLL	3899
1155584568174	1	INSTRUCTIONSCROLL	3902
1155584568191	1	INSTRUCTIONSCROLL	3905
1155584568207	1	INSTRUCTIONSCROLL	3909
1155584568224	1	INSTRUCTIONSCROLL	3912
1155584568241	1	INSTRUCTIONSCROLL	3915
1155584568257	1	INSTRUCTIONSCROLL	3919
1155584568274	1	INSTRUCTIONSCROLL	3922
1155584568291	1	INSTRUCTIONSCROLL	3925
1155584568307	1	INSTRUCTIONSCROLL	3928
1155584568324	1	INSTRUCTIONSCROLL	3932
1155584568341	1	INSTRUCTIONSCROLL	3935
1155584568357	1	INSTRUCTIONSCROLL	3939
1155584568374	1	INSTRUCTIONSCROLL	3942
1155584568391	1	INSTRUCTIONSCROLL	3945
1155584568407	1	INSTRUCTIONSCROLL	3949
1155584568424	1	INSTRUCTIONSCROLL	3952
1155584568441	1	INSTRUCTIONSCROLL	3955
1155584568457	1	INSTRUCTIONSCROLL	3958
1155584568474	1	INSTRUCTIONSCROLL	3962
1155584568491	1	INSTRUCTIONSCROLL	3965
1155584568507	1	INSTRUCTIONSCROLL	3967
1155584570006	1	INSTRUCTIONSCROLL	3966
1155584570023	1	INSTRUCTIONSCROLL	3965
1155584570040	1	INSTRUCTIONSCROLL	3962
1155584570057	1	INSTRUCTIONSCROLL	3959
1155584570073	1	INSTRUCTIONSCROLL	3956
1155584570090	1	INSTRUCTIONSCROLL	3952
1155584570107	1	INSTRUCTIONSCROLL	3949
1155584570123	1	INSTRUCTIONSCROLL	3946
1155584570140	1	INSTRUCTIONSCROLL	3942
1155584570157	1	INSTRUCTIONSCROLL	3939
1155584570173	1	INSTRUCTIONSCROLL	3936
1155584570190	1	INSTRUCTIONSCROLL	3932
1155584570207	1	INSTRUCTIONSCROLL	3929
1155584570223	1	INSTRUCTIONSCROLL	3926
1155584570240	1	INSTRUCTIONSCROLL	3922
1155584570257	1	INSTRUCTIONSCROLL	3919
1155584570273	1	INSTRUCTIONSCROLL	3916
1155584570872	1	INSTRUCTIONSCROLL	3917
1155584570889	1	INSTRUCTIONSCROLL	3918
1155584570906	1	INSTRUCTIONSCROLL	3920
1155584570922	1	INSTRUCTIONSCROLL	3924
1155584570939	1	INSTRUCTIONSCROLL	3927
1155584570956	1	INSTRUCTIONSCROLL	3930
1155584570972	1	INSTRUCTIONSCROLL	3934
1155584570989	1	INSTRUCTIONSCROLL	3937
1155584571007	1	INSTRUCTIONSCROLL	3940
1155584571023	1	INSTRUCTIONSCROLL	3944
1155584571040	1	INSTRUCTIONSCROLL	3947
1155584571056	1	INSTRUCTIONSCROLL	3951
1155584571073	1	INSTRUCTIONSCROLL	3954
1155584571090	1	INSTRUCTIONSCROLL	3957
1155584571107	1	INSTRUCTIONSCROLL	3961
1155584571123	1	INSTRUCTIONSCROLL	3964
1155584571140	1	INSTRUCTIONSCROLL	3967
1155584572822	1	INSTRUCTIONSCROLL	3966
1155584572838	1	INSTRUCTIONSCROLL	3964
1155584572855	1	INSTRUCTIONSCROLL	3961
1155584572872	1	INSTRUCTIONSCROLL	3957
1155584572888	1	INSTRUCTIONSCROLL	3954
1155584572905	1	INSTRUCTIONSCROLL	3951
1155584572922	1	INSTRUCTIONSCROLL	3947
1155584572938	1	INSTRUCTIONSCROLL	3944
1155584572955	1	INSTRUCTIONSCROLL	3938
1155584572972	1	INSTRUCTIONSCROLL	3937
1155584572988	1	INSTRUCTIONSCROLL	3934
1155584573006	1	INSTRUCTIONSCROLL	3930
1155584573023	1	INSTRUCTIONSCROLL	3927
1155584573039	1	INSTRUCTIONSCROLL	3924
1155584573056	1	INSTRUCTIONSCROLL	3920
1155584573073	1	INSTRUCTIONSCROLL	3917
1155584573089	1	INSTRUCTIONSCROLL	3914
1155584573106	1	INSTRUCTIONSCROLL	3910
1155584573123	1	INSTRUCTIONSCROLL	3907
1155584573139	1	INSTRUCTIONSCROLL	3904
1155584573156	1	INSTRUCTIONSCROLL	3900
1155584577361	1	INSTRUCTIONSCROLL	3899
1155584577371	1	INSTRUCTIONSCROLL	3898
1155584577388	1	INSTRUCTIONSCROLL	3897
1155584577405	1	INSTRUCTIONSCROLL	3893
1155584577422	1	INSTRUCTIONSCROLL	3890
1155584577438	1	INSTRUCTIONSCROLL	3887
1155584577455	1	INSTRUCTIONSCROLL	3883
1155584577471	1	INSTRUCTIONSCROLL	3880
1155584577488	1	INSTRUCTIONSCROLL	3877
1155584577505	1	INSTRUCTIONSCROLL	3873
1155584577521	1	INSTRUCTIONSCROLL	3870
1155584577538	1	INSTRUCTIONSCROLL	3867
1155584577555	1	INSTRUCTIONSCROLL	3863
1155584577571	1	INSTRUCTIONSCROLL	3860
1155584577588	1	INSTRUCTIONSCROLL	3857
1155584577605	1	INSTRUCTIONSCROLL	3853
1155584577621	1	INSTRUCTIONSCROLL	3850
1155584577638	1	INSTRUCTIONSCROLL	3847
1155584577655	1	INSTRUCTIONSCROLL	3843
1155584577671	1	INSTRUCTIONSCROLL	3840
1155584577688	1	INSTRUCTIONSCROLL	3837
1155584577705	1	INSTRUCTIONSCROLL	3833
1155584577721	1	INSTRUCTIONSCROLL	3830
1155584577737	1	INSTRUCTIONSCROLL	3827
1155584577754	1	INSTRUCTIONSCROLL	3824
1155584577770	1	INSTRUCTIONSCROLL	3820
1155584577787	1	INSTRUCTIONSCROLL	3817
1155584577804	1	INSTRUCTIONSCROLL	3814
1155584577820	1	INSTRUCTIONSCROLL	3810
1155584577837	1	INSTRUCTIONSCROLL	3807
1155584577854	1	INSTRUCTIONSCROLL	3804
1155584577870	1	INSTRUCTIONSCROLL	3800
1155584577887	1	INSTRUCTIONSCROLL	3797
1155584577904	1	INSTRUCTIONSCROLL	3793
1155584577920	1	INSTRUCTIONSCROLL	3790
1155584577937	1	INSTRUCTIONSCROLL	3787
1155584577954	1	INSTRUCTIONSCROLL	3784
1155584577970	1	INSTRUCTIONSCROLL	3780
1155584577987	1	INSTRUCTIONSCROLL	3777
1155584578005	1	INSTRUCTIONSCROLL	3773
1155584578021	1	INSTRUCTIONSCROLL	3770
1155584578038	1	INSTRUCTIONSCROLL	3767
1155584578055	1	INSTRUCTIONSCROLL	3763
1155584578071	1	INSTRUCTIONSCROLL	3760
1155584578088	1	INSTRUCTIONSCROLL	3757
1155584578105	1	INSTRUCTIONSCROLL	3753
1155584578121	1	INSTRUCTIONSCROLL	3750
1155584578138	1	INSTRUCTIONSCROLL	3747
1155584578155	1	INSTRUCTIONSCROLL	3743
1155584578171	1	INSTRUCTIONSCROLL	3740
1155584578188	1	INSTRUCTIONSCROLL	3737
1155584578205	1	INSTRUCTIONSCROLL	3733
1155584578221	1	INSTRUCTIONSCROLL	3730
1155584578238	1	INSTRUCTIONSCROLL	3727
1155584578255	1	INSTRUCTIONSCROLL	3723
1155584578271	1	INSTRUCTIONSCROLL	3720
1155584578288	1	INSTRUCTIONSCROLL	3717
1155584578305	1	INSTRUCTIONSCROLL	3713
1155584578321	1	INSTRUCTIONSCROLL	3710
1155584578338	1	INSTRUCTIONSCROLL	3707
1155584578355	1	INSTRUCTIONSCROLL	3703
1155584578371	1	INSTRUCTIONSCROLL	3700
1155584578388	1	INSTRUCTIONSCROLL	3697
1155584578404	1	INSTRUCTIONSCROLL	3693
1155584578421	1	INSTRUCTIONSCROLL	3688
1155584578438	1	INSTRUCTIONSCROLL	3687
1155584578455	1	INSTRUCTIONSCROLL	3683
1155584578471	1	INSTRUCTIONSCROLL	3680
1155584578488	1	INSTRUCTIONSCROLL	3677
1155584578505	1	INSTRUCTIONSCROLL	3673
1155584578521	1	INSTRUCTIONSCROLL	3670
1155584578538	1	INSTRUCTIONSCROLL	3667
1155584578554	1	INSTRUCTIONSCROLL	3663
1155584578571	1	INSTRUCTIONSCROLL	3660
1155584578588	1	INSTRUCTIONSCROLL	3657
1155584578605	1	INSTRUCTIONSCROLL	3653
1155584578621	1	INSTRUCTIONSCROLL	3650
1155584578638	1	INSTRUCTIONSCROLL	3647
1155584578654	1	INSTRUCTIONSCROLL	3643
1155584578671	1	INSTRUCTIONSCROLL	3640
1155584578688	1	INSTRUCTIONSCROLL	3637
1155584578704	1	INSTRUCTIONSCROLL	3633
1155584578721	1	INSTRUCTIONSCROLL	3630
1155584578737	1	INSTRUCTIONSCROLL	3627
1155584578753	1	INSTRUCTIONSCROLL	3623
1155584578770	1	INSTRUCTIONSCROLL	3620
1155584578787	1	INSTRUCTIONSCROLL	3617
1155584578803	1	INSTRUCTIONSCROLL	3613
1155584578820	1	INSTRUCTIONSCROLL	3610
1155584578837	1	INSTRUCTIONSCROLL	3607
1155584578853	1	INSTRUCTIONSCROLL	3604
1155584578870	1	INSTRUCTIONSCROLL	3600
1155584578887	1	INSTRUCTIONSCROLL	3597
1155584578903	1	INSTRUCTIONSCROLL	3593
1155584578920	1	INSTRUCTIONSCROLL	3590
1155584578937	1	INSTRUCTIONSCROLL	3587
1155584579221	1	INSTRUCTIONSCROLL	3588
1155584579238	1	INSTRUCTIONSCROLL	3589
1155584579254	1	INSTRUCTIONSCROLL	3593
1155584579271	1	INSTRUCTIONSCROLL	3596
1155584579288	1	INSTRUCTIONSCROLL	3599
1155584579304	1	INSTRUCTIONSCROLL	3603
1155584579321	1	INSTRUCTIONSCROLL	3606
1155584579338	1	INSTRUCTIONSCROLL	3609
1155584579354	1	INSTRUCTIONSCROLL	3613
1155584579371	1	INSTRUCTIONSCROLL	3616
1155584579388	1	INSTRUCTIONSCROLL	3619
1155584579404	1	INSTRUCTIONSCROLL	3625
1155584579421	1	INSTRUCTIONSCROLL	3626
1155584579438	1	INSTRUCTIONSCROLL	3629
1155584579454	1	INSTRUCTIONSCROLL	3633
1155584579471	1	INSTRUCTIONSCROLL	3636
1155584579488	1	INSTRUCTIONSCROLL	3639
1155584579504	1	INSTRUCTIONSCROLL	3643
1155584579521	1	INSTRUCTIONSCROLL	3646
1155584579538	1	INSTRUCTIONSCROLL	3649
1155584579554	1	INSTRUCTIONSCROLL	3653
1155584579571	1	INSTRUCTIONSCROLL	3656
1155584579588	1	INSTRUCTIONSCROLL	3659
1155584579604	1	INSTRUCTIONSCROLL	3663
1155584579886	1	INSTRUCTIONSCROLL	3662
1155584579903	1	INSTRUCTIONSCROLL	3661
1155584579920	1	INSTRUCTIONSCROLL	3658
1155584579936	1	INSTRUCTIONSCROLL	3655
1155584579953	1	INSTRUCTIONSCROLL	3651
1155584579970	1	INSTRUCTIONSCROLL	3648
1155584579986	1	INSTRUCTIONSCROLL	3645
1155584580004	1	INSTRUCTIONSCROLL	3641
1155584580021	1	INSTRUCTIONSCROLL	3638
1155584580037	1	INSTRUCTIONSCROLL	3635
1155584580054	1	INSTRUCTIONSCROLL	3631
1155584580071	1	INSTRUCTIONSCROLL	3628
1155584580087	1	INSTRUCTIONSCROLL	3625
1155584580104	1	INSTRUCTIONSCROLL	3621
1155584580121	1	INSTRUCTIONSCROLL	3618
1155584580137	1	INSTRUCTIONSCROLL	3615
1155584580154	1	INSTRUCTIONSCROLL	3611
1155584580171	1	INSTRUCTIONSCROLL	3608
1155584580935	1	INSTRUCTIONSCROLL	3609
1155584580940	1	INSTRUCTIONSCROLL	3610
1155584580953	1	INSTRUCTIONSCROLL	3611
1155584580969	1	INSTRUCTIONSCROLL	3613
1155584580986	1	INSTRUCTIONSCROLL	3616
1155584581004	1	INSTRUCTIONSCROLL	3620
1155584581020	1	INSTRUCTIONSCROLL	3623
1155584581037	1	INSTRUCTIONSCROLL	3626
1155584581054	1	INSTRUCTIONSCROLL	3630
1155584581070	1	INSTRUCTIONSCROLL	3633
1155584581087	1	INSTRUCTIONSCROLL	3636
1155584581104	1	INSTRUCTIONSCROLL	3640
1155584581120	1	INSTRUCTIONSCROLL	3643
1155584581137	1	INSTRUCTIONSCROLL	3646
1155584581154	1	INSTRUCTIONSCROLL	3650
1155584581170	1	INSTRUCTIONSCROLL	3653
1155584581187	1	INSTRUCTIONSCROLL	3656
1155584581204	1	INSTRUCTIONSCROLL	3660
1155584581220	1	INSTRUCTIONSCROLL	3663
1155584581237	1	INSTRUCTIONSCROLL	3666
1155584581254	1	INSTRUCTIONSCROLL	3670
1155584581270	1	INSTRUCTIONSCROLL	3673
1155584581287	1	INSTRUCTIONSCROLL	3676
1155584581304	1	INSTRUCTIONSCROLL	3680
1155584581320	1	INSTRUCTIONSCROLL	3683
1155584581337	1	INSTRUCTIONSCROLL	3686
1155584581354	1	INSTRUCTIONSCROLL	3690
1155584581370	1	INSTRUCTIONSCROLL	3693
1155584581387	1	INSTRUCTIONSCROLL	3696
1155584581404	1	INSTRUCTIONSCROLL	3700
1155584581420	1	INSTRUCTIONSCROLL	3703
1155584581437	1	INSTRUCTIONSCROLL	3706
1155584581454	1	INSTRUCTIONSCROLL	3712
1155584581470	1	INSTRUCTIONSCROLL	3713
1155584581487	1	INSTRUCTIONSCROLL	3716
1155584581504	1	INSTRUCTIONSCROLL	3720
1155584581520	1	INSTRUCTIONSCROLL	3723
1155584581537	1	INSTRUCTIONSCROLL	3726
1155584581554	1	INSTRUCTIONSCROLL	3730
1155584581570	1	INSTRUCTIONSCROLL	3733
1155584581587	1	INSTRUCTIONSCROLL	3736
1155584581604	1	INSTRUCTIONSCROLL	3740
1155584581620	1	INSTRUCTIONSCROLL	3743
1155584581637	1	INSTRUCTIONSCROLL	3746
1155584581654	1	INSTRUCTIONSCROLL	3750
1155584581670	1	INSTRUCTIONSCROLL	3753
1155584581687	1	INSTRUCTIONSCROLL	3756
1155584581704	1	INSTRUCTIONSCROLL	3760
1155584581720	1	INSTRUCTIONSCROLL	3763
1155584581736	1	INSTRUCTIONSCROLL	3766
1155584581753	1	INSTRUCTIONSCROLL	3770
1155584581769	1	INSTRUCTIONSCROLL	3773
1155584581786	1	INSTRUCTIONSCROLL	3776
1155584581803	1	INSTRUCTIONSCROLL	3779
1155584581819	1	INSTRUCTIONSCROLL	3783
1155584581836	1	INSTRUCTIONSCROLL	3786
1155584581853	1	INSTRUCTIONSCROLL	3790
1155584581869	1	INSTRUCTIONSCROLL	3793
1155584581886	1	INSTRUCTIONSCROLL	3796
1155584581903	1	INSTRUCTIONSCROLL	3800
1155584581919	1	INSTRUCTIONSCROLL	3803
1155584581936	1	INSTRUCTIONSCROLL	3806
1155584581953	1	INSTRUCTIONSCROLL	3809
1155584581969	1	INSTRUCTIONSCROLL	3813
1155584581986	1	INSTRUCTIONSCROLL	3816
1155584582004	1	INSTRUCTIONSCROLL	3819
1155584582020	1	INSTRUCTIONSCROLL	3823
1155584582037	1	INSTRUCTIONSCROLL	3826
1155584582054	1	INSTRUCTIONSCROLL	3830
1155584582070	1	INSTRUCTIONSCROLL	3833
1155584582087	1	INSTRUCTIONSCROLL	3836
1155584582104	1	INSTRUCTIONSCROLL	3840
1155584582120	1	INSTRUCTIONSCROLL	3843
1155584582137	1	INSTRUCTIONSCROLL	3846
1155584582154	1	INSTRUCTIONSCROLL	3849
1155584582170	1	INSTRUCTIONSCROLL	3853
1155584582187	1	INSTRUCTIONSCROLL	3856
1155584582204	1	INSTRUCTIONSCROLL	3860
1155584582220	1	INSTRUCTIONSCROLL	3863
1155584582237	1	INSTRUCTIONSCROLL	3866
1155584582254	1	INSTRUCTIONSCROLL	3869
1155584582270	1	INSTRUCTIONSCROLL	3873
1155584582287	1	INSTRUCTIONSCROLL	3876
1155584582304	1	INSTRUCTIONSCROLL	3879
1155584582320	1	INSTRUCTIONSCROLL	3883
1155584582337	1	INSTRUCTIONSCROLL	3886
1155584582353	1	INSTRUCTIONSCROLL	3890
1155584582370	1	INSTRUCTIONSCROLL	3893
1155584582387	1	INSTRUCTIONSCROLL	3896
1155584582403	1	INSTRUCTIONSCROLL	3899
1155584582437	1	INSTRUCTIONSCROLL	3905
1155584582453	1	INSTRUCTIONSCROLL	3910
1155584582470	1	INSTRUCTIONSCROLL	3913
1155584582487	1	INSTRUCTIONSCROLL	3916
1155584582503	1	INSTRUCTIONSCROLL	3920
1155584582520	1	INSTRUCTIONSCROLL	3923
1155584582537	1	INSTRUCTIONSCROLL	3926
1155584582553	1	INSTRUCTIONSCROLL	3929
1155584582570	1	INSTRUCTIONSCROLL	3933
1155584582587	1	INSTRUCTIONSCROLL	3936
1155584582603	1	INSTRUCTIONSCROLL	3940
1155584582620	1	INSTRUCTIONSCROLL	3943
1155584582637	1	INSTRUCTIONSCROLL	3946
1155584582653	1	INSTRUCTIONSCROLL	3950
1155584582670	1	INSTRUCTIONSCROLL	3953
1155584582687	1	INSTRUCTIONSCROLL	3956
1155584582703	1	INSTRUCTIONSCROLL	3959
1155584582720	1	INSTRUCTIONSCROLL	3963
1155584582736	1	INSTRUCTIONSCROLL	3966
1155584582752	1	INSTRUCTIONSCROLL	3967
1155584598955	1	INSTRUCTIONSTOP	Button set (OR)
1155584599016	0	E	Logging Ends
