1170706718631	0	B	Logging Begins
1170706718632	0	SESS_START	0
1170706844646	0	TRIAL	1
1170706853616	1	FACE	13104	PRES1_NNPP	Correct	LL1	PP0	Lure_PPPP	1	0	PRACTICE
1170706857655	1	FACE	13104	CUE	Correct	LL1	PP0	Lure_PPPP	1	0	PRACTICE
1170706870759	0	FACE	13104	RESP	Correct	LL1	PP0	Lure_PPPP	1	0	PRACTICE
1170706870791	0	TRIAL	2
1170706878553	1	FACE	2080	PRES1_NNNN	Correct	LL1	PP1	Target_NNNN	5	0	PRACTICE
1170706882287	1	FACE	2080	CUE	Correct	LL1	PP1	Target_NNNN	5	0	PRACTICE
1170706884367	0	FACE	2080	RESP	Correct	LL1	PP1	Target_NNNN	5	0	PRACTICE
1170706884405	0	TRIAL	3
1170706888767	1	FACE	2121	PRES1_PNNP	Incorrect	LL1	PP1	Target_PNNP	1	0	PRACTICE
1170706892549	1	FACE	2121	CUE	Incorrect	LL1	PP1	Target_PNNP	1	0	PRACTICE
1170706894670	0	FACE	2121	RESP	Incorrect	LL1	PP1	Target_PNNP	1	0	PRACTICE
1170706894700	0	TRIAL	4
1170706906522	1	FACE	1254	PRES1_NPNN	Correct	LL1	PP0	Lure_NNNP	1	0	PRACTICE
1170706910528	1	FACE	1254	CUE	Correct	LL1	PP0	Lure_NNNP	1	0	PRACTICE
1170706911782	0	FACE	1254	RESP	Correct	LL1	PP0	Lure_NNNP	1	0	PRACTICE
1170706911812	0	TRIAL	5
1170706917510	1	FACE	1103	PRES1_PPPP	Correct	LL1	PP0	Lure_PNNN	1	0	PRACTICE
1170706921278	1	FACE	1103	CUE	Correct	LL1	PP0	Lure_PNNN	1	0	PRACTICE
1170706922381	0	FACE	1103	RESP	Correct	LL1	PP0	Lure_PNNN	1	0	PRACTICE
1170706922408	0	TRIAL	6
1170706925827	1	FACE	1734	PRES1_PPNP	Incorrect	LL1	PP0	Lure_NPPN	6	0	PRACTICE
1170706929663	1	FACE	1734	CUE	Incorrect	LL1	PP0	Lure_NPPN	6	0	PRACTICE
1170706931397	0	FACE	1734	RESP	Incorrect	LL1	PP0	Lure_NPPN	6	0	PRACTICE
1170706931422	0	TRIAL	7
1170706934835	1	FACE	1062	PRES1_NPNP	Incorrect	LL1	PP1	Target_NPNP	1	0	PRACTICE
1170706938871	1	FACE	1062	CUE	Incorrect	LL1	PP1	Target_NPNP	1	0	PRACTICE
1170706939933	0	FACE	1062	RESP	Incorrect	LL1	PP1	Target_NPNP	1	0	PRACTICE
1170706939969	0	TRIAL	8
1170706943412	1	FACE	2168	PRES1_PPNN	Correct	LL1	PP1	Target_PPNN	5	0	PRACTICE
1170706947412	1	FACE	2168	CUE	Correct	LL1	PP1	Target_PPNN	5	0	PRACTICE
1170706949580	0	FACE	2168	RESP	Correct	LL1	PP1	Target_PPNN	5	0	PRACTICE
1170706949616	0	TRIAL	9
1170706952901	1	FACE	1598	PRES1_PNPP	Incorrect	LL1	PP1	Target_PNPP	2	0	PRACTICE
1170706956918	1	FACE	1598	CUE	Incorrect	LL1	PP1	Target_PNPP	2	0	PRACTICE
1170706958516	0	FACE	1598	RESP	Incorrect	LL1	PP1	Target_PNPP	2	0	PRACTICE
1170706958549	0	TRIAL	10
1170706961790	1	FACE	2075	PRES1_PPNP	Correct	LL1	PP1	Target_PPNP	5	0	PRACTICE
1170706965705	1	FACE	2075	CUE	Correct	LL1	PP1	Target_PPNP	5	0	PRACTICE
1170706967780	0	FACE	2075	RESP	Correct	LL1	PP1	Target_PPNP	5	0	PRACTICE
1170706967810	0	TRIAL	11
1170706970898	1	FACE	1824	PRES1_PPNN	Correct	LL1	PP0	Lure_PNPN	1	0	PRACTICE
1170706974787	1	FACE	1824	CUE	Correct	LL1	PP0	Lure_PNPN	1	0	PRACTICE
1170706976611	0	FACE	1824	RESP	Correct	LL1	PP0	Lure_PNPN	1	0	PRACTICE
1170706976642	0	TRIAL	12
1170706979859	1	FACE	1138	PRES1_NNPN	Correct	LL1	PP0	Lure_NNPP	1	0	PRACTICE
1170706983906	1	FACE	1138	CUE	Correct	LL1	PP0	Lure_NNPP	1	0	PRACTICE
1170706985044	0	FACE	1138	RESP	Correct	LL1	PP0	Lure_NNPP	1	0	PRACTICE
1170706985072	0	TRIAL	13
1170706987800	1	FACE	1505	PRES1_NPPP	Correct	LL1	PP0	Lure_NNNN	2	0	PRACTICE
1170706991826	1	FACE	1505	CUE	Correct	LL1	PP0	Lure_NNNN	2	0	PRACTICE
1170706993331	0	FACE	1505	RESP	Correct	LL1	PP0	Lure_NNNN	2	0	PRACTICE
1170706993370	0	TRIAL	14
1170706996637	1	FACE	957	PRES1_PNPN	Correct	LL1	PP1	Target_PNPN	6	0	PRACTICE
1170707000590	1	FACE	957	CUE	Correct	LL1	PP1	Target_PNPN	6	0	PRACTICE
1170707001547	0	FACE	957	RESP	Correct	LL1	PP1	Target_PNPN	6	0	PRACTICE
1170707001584	0	TRIAL	15
1170707004543	1	FACE	1596	PRES1_NNNN	Incorrect	LL1	PP0	Lure_PNPP	5	0	PRACTICE
1170707008423	1	FACE	1596	CUE	Incorrect	LL1	PP0	Lure_PNPP	5	0	PRACTICE
1170707010019	0	FACE	1596	RESP	Incorrect	LL1	PP0	Lure_PNPP	5	0	PRACTICE
1170707010049	0	TRIAL	16
1170707012929	1	FACE	3554	PRES1_NPPN	Incorrect	LL1	PP1	Target_NPPN	3	0	PRACTICE
1170707016856	1	FACE	3554	CUE	Incorrect	LL1	PP1	Target_NPPN	3	0	PRACTICE
1170707020410	0	FACE	3554	RESP	Incorrect	LL1	PP1	Target_NPPN	3	0	PRACTICE
1170707020443	0	TRIAL	17
1170707023406	1	FACE	2309	PRES1_NNNP	Correct	LL1	PP1	Target_NNNP	5	0	PRACTICE
1170707027325	1	FACE	2309	CUE	Correct	LL1	PP1	Target_NNNP	5	0	PRACTICE
1170707029634	0	FACE	2309	RESP	Correct	LL1	PP1	Target_NNNP	5	0	PRACTICE
1170707029675	0	TRIAL	18
1170707032749	1	FACE	1719	PRES1_NPNN	Correct	LL1	PP1	Target_NPNN	6	0	PRACTICE
1170707036714	1	FACE	1719	CUE	Correct	LL1	PP1	Target_NPNN	6	0	PRACTICE
1170707038433	0	FACE	1719	RESP	Correct	LL1	PP1	Target_NPNN	6	0	PRACTICE
1170707038471	0	TRIAL	19
1170707042216	1	FACE	1517	PRES1_PNNN	Correct	LL1	PP0	Lure_PNNP	1	0	PRACTICE
1170707046212	1	FACE	1517	CUE	Correct	LL1	PP0	Lure_PNNP	1	0	PRACTICE
1170707047729	0	FACE	1517	RESP	Correct	LL1	PP0	Lure_PNNP	1	0	PRACTICE
1170707047769	0	TRIAL	20
1170707050719	1	FACE	1076	PRES1_NNNP	Correct	LL1	PP0	Lure_NPPP	1	0	PRACTICE
1170707054565	1	FACE	1076	CUE	Correct	LL1	PP0	Lure_NPPP	1	0	PRACTICE
1170707055641	0	FACE	1076	RESP	Correct	LL1	PP0	Lure_NPPP	1	0	PRACTICE
1170707055665	0	TRIAL	21
1170707058629	1	FACE	923	PRES1_PPPP	Incorrect	LL1	PP1	Target_PPPP	1	0	PRACTICE
1170707062397	1	FACE	923	CUE	Incorrect	LL1	PP1	Target_PPPP	1	0	PRACTICE
1170707063320	1	FACE	923	RESP	Incorrect	LL1	PP1	Target_PPPP	1	0	PRACTICE
1170707063370	0	TRIAL	22
1170707066318	1	FACE	2323	PRES1_PNNP	Correct	LL1	PP0	Lure_PPPN	2	0	PRACTICE
1170707070397	1	FACE	2323	CUE	Correct	LL1	PP0	Lure_PPPN	2	0	PRACTICE
1170707072720	0	FACE	2323	RESP	Correct	LL1	PP0	Lure_PPPN	2	0	PRACTICE
1170707072759	0	TRIAL	23
1170707075727	1	FACE	1344	PRES1_NPPN	Correct	LL1	PP0	Lure_PPNP	1	0	PRACTICE
1170707079681	1	FACE	1344	CUE	Correct	LL1	PP0	Lure_PPNP	1	0	PRACTICE
1170707081025	0	FACE	1344	RESP	Correct	LL1	PP0	Lure_PPNP	1	0	PRACTICE
1170707081058	0	TRIAL	24
1170707083960	1	FACE	1302	PRES1_PPPN	Correct	LL1	PP1	Target_PPPN	5	0	PRACTICE
1170707087803	1	FACE	1302	CUE	Correct	LL1	PP1	Target_PPPN	5	0	PRACTICE
1170707089105	0	FACE	1302	RESP	Correct	LL1	PP1	Target_PPPN	5	0	PRACTICE
1170707089140	0	TRIAL	25
1170707092074	1	FACE	1053	PRES1_PNNN	Correct	LL1	PP1	Target_PNNN	6	0	PRACTICE
1170707096027	1	FACE	1053	CUE	Correct	LL1	PP1	Target_PNNN	6	0	PRACTICE
1170707097080	0	FACE	1053	RESP	Correct	LL1	PP1	Target_PNNN	6	0	PRACTICE
1170707097121	0	TRIAL	26
1170707100020	1	FACE	963	PRES1_PNPN	Correct	LL1	PP0	Lure_NPNP	1	0	PRACTICE
1170707103940	1	FACE	963	CUE	Correct	LL1	PP0	Lure_NPNP	1	0	PRACTICE
1170707104903	0	FACE	963	RESP	Correct	LL1	PP0	Lure_NPNP	1	0	PRACTICE
1170707104933	0	TRIAL	27
1170707107771	1	FACE	1892	PRES1_NNPP	Correct	LL1	PP1	Target_NNPP	6	0	PRACTICE
1170707111747	1	FACE	1892	CUE	Correct	LL1	PP1	Target_NNPP	6	0	PRACTICE
1170707113639	0	FACE	1892	RESP	Correct	LL1	PP1	Target_NNPP	6	0	PRACTICE
1170707113663	0	TRIAL	28
1170707116836	1	FACE	2489	PRES1_PPPN	Correct	LL1	PP0	Lure_NNPN	2	0	PRACTICE
1170707120654	1	FACE	2489	CUE	Correct	LL1	PP0	Lure_NNPN	2	0	PRACTICE
1170707123143	1	FACE	2489	RESP	Correct	LL1	PP0	Lure_NNPN	2	0	PRACTICE
1170707123178	0	TRIAL	29
1170707126138	1	FACE	2428	PRES1_NNPN	Correct	LL1	PP1	Target_NNPN	5	0	PRACTICE
1170707130042	1	FACE	2428	CUE	Correct	LL1	PP1	Target_NNPN	5	0	PRACTICE
1170707132470	0	FACE	2428	RESP	Correct	LL1	PP1	Target_NNPN	5	0	PRACTICE
1170707132511	0	TRIAL	30
1170707135445	1	FACE	2730	PRES1_PNPP	Correct	LL1	PP0	Lure_NPNN	1	0	PRACTICE
1170707139477	1	FACE	2730	CUE	Correct	LL1	PP0	Lure_NPNN	1	0	PRACTICE
1170707142207	0	FACE	2730	RESP	Correct	LL1	PP0	Lure_NPNN	1	0	PRACTICE
1170707142238	0	TRIAL	31
1170707145063	1	FACE	1835	PRES1_NPNP	Correct	LL1	PP0	Lure_PPNN	1	0	PRACTICE
1170707149034	1	FACE	1835	CUE	Correct	LL1	PP0	Lure_PPNN	1	0	PRACTICE
1170707150869	0	FACE	1835	RESP	Correct	LL1	PP0	Lure_PPNN	1	0	PRACTICE
1170707150901	0	TRIAL	32
1170707153762	1	FACE	2871	PRES1_NPPP	Correct	LL1	PP1	Target_NPPP	5	0	PRACTICE
1170707157710	1	FACE	2871	CUE	Correct	LL1	PP1	Target_NPPP	5	0	PRACTICE
1170707160581	0	FACE	2871	RESP	Correct	LL1	PP1	Target_NPPP	5	0	PRACTICE
1170707167239	0	TRIAL	1
1170707171621	1	FACE	1177	PRES1_NNPP	Correct	LL1	PP0	Lure_PNNN	1	0	PRACTICE
1170707175476	1	FACE	1177	CUE	Correct	LL1	PP0	Lure_PNNN	1	0	PRACTICE
1170707176653	0	FACE	1177	RESP	Correct	LL1	PP0	Lure_PNNN	1	0	PRACTICE
1170707176676	0	TRIAL	2
1170707180174	1	FACE	5166	PRES1_NNNN	Correct	LL1	PP1	Target_NNNN	6	0	PRACTICE
1170707184103	1	FACE	5166	CUE	Correct	LL1	PP1	Target_NNNN	6	0	PRACTICE
1170707189269	0	FACE	5166	RESP	Correct	LL1	PP1	Target_NNNN	6	0	PRACTICE
1170707189307	0	TRIAL	3
1170707197840	1	FACE	1103	PRES1_PPNP	Incorrect	LL1	PP0	Lure_PPNN	6	0	PRACTICE
1170707201605	1	FACE	1103	CUE	Incorrect	LL1	PP0	Lure_PPNN	6	0	PRACTICE
1170707202708	0	FACE	1103	RESP	Incorrect	LL1	PP0	Lure_PPNN	6	0	PRACTICE
1170707202734	0	TRIAL	4
1170707205839	1	FACE	961	PRES1_PPPN	Correct	LL1	PP1	Target_PPPN	5	0	PRACTICE
1170707209602	1	FACE	961	CUE	Correct	LL1	PP1	Target_PPPN	5	0	PRACTICE
1170707210563	0	FACE	961	RESP	Correct	LL1	PP1	Target_PPPN	5	0	PRACTICE
1170707210599	0	TRIAL	5
1170707214097	1	FACE	1922	PRES1_PNPN	Correct	LL1	PP0	Lure_PNPP	2	0	PRACTICE
1170707218114	1	FACE	1922	CUE	Correct	LL1	PP0	Lure_PNPP	2	0	PRACTICE
1170707220036	0	FACE	1922	RESP	Correct	LL1	PP0	Lure_PNPP	2	0	PRACTICE
1170707220064	0	TRIAL	6
1170707223283	1	FACE	1520	PRES1_NNNP	Correct	LL1	PP1	Target_NNNP	5	0	PRACTICE
1170707227171	1	FACE	1520	CUE	Correct	LL1	PP1	Target_NNNP	5	0	PRACTICE
1170707228691	0	FACE	1520	RESP	Correct	LL1	PP1	Target_NNNP	5	0	PRACTICE
1170707228726	0	TRIAL	7
1170707231698	1	FACE	1565	PRES1_NPPN	Correct	LL1	PP1	Target_NPPN	5	0	PRACTICE
1170707235583	1	FACE	1565	CUE	Correct	LL1	PP1	Target_NPPN	5	0	PRACTICE
1170707237148	0	FACE	1565	RESP	Correct	LL1	PP1	Target_NPPN	5	0	PRACTICE
1170707237174	0	TRIAL	8
1170707240063	1	FACE	968	PRES1_NPNN	Correct	LL1	PP1	Target_NPNN	6	0	PRACTICE
1170707243994	1	FACE	968	CUE	Correct	LL1	PP1	Target_NPNN	6	0	PRACTICE
1170707244962	0	FACE	968	RESP	Correct	LL1	PP1	Target_NPNN	6	0	PRACTICE
1170707244988	0	TRIAL	9
1170707248084	1	FACE	1144	PRES1_NNPN	Correct	LL1	PP1	Target_NNPN	6	0	PRACTICE
1170707251915	1	FACE	1144	CUE	Correct	LL1	PP1	Target_NNPN	6	0	PRACTICE
1170707253059	0	FACE	1144	RESP	Correct	LL1	PP1	Target_NNPN	6	0	PRACTICE
1170707253086	0	TRIAL	10
1170707255942	1	FACE	2256	PRES1_NPNP	Correct	LL1	PP0	Lure_PPPP	2	0	PRACTICE
1170707259891	1	FACE	2256	CUE	Correct	LL1	PP0	Lure_PPPP	2	0	PRACTICE
1170707262147	0	FACE	2256	RESP	Correct	LL1	PP0	Lure_PPPP	2	0	PRACTICE
1170707262184	0	TRIAL	11
1170707265021	1	FACE	2305	PRES1_PPPN	Correct	LL1	PP0	Lure_PNNP	1	0	PRACTICE
1170707268825	1	FACE	2305	CUE	Correct	LL1	PP0	Lure_PNNP	1	0	PRACTICE
1170707271130	0	FACE	2305	RESP	Correct	LL1	PP0	Lure_PNNP	1	0	PRACTICE
1170707271163	0	TRIAL	12
1170707273974	1	FACE	1157	PRES1_NPPP	Correct	LL1	PP0	Lure_NNNP	1	0	PRACTICE
1170707277757	1	FACE	1157	CUE	Correct	LL1	PP0	Lure_NNNP	1	0	PRACTICE
1170707278914	0	FACE	1157	RESP	Correct	LL1	PP0	Lure_NNNP	1	0	PRACTICE
1170707278943	0	TRIAL	13
1170707281528	1	FACE	2506	PRES1_PPNN	Correct	LL1	PP0	Lure_NPNP	2	0	PRACTICE
1170707285415	1	FACE	2506	CUE	Correct	LL1	PP0	Lure_NPNP	2	0	PRACTICE
1170707287921	0	FACE	2506	RESP	Correct	LL1	PP0	Lure_NPNP	2	0	PRACTICE
1170707287957	0	TRIAL	14
1170707290832	1	FACE	1735	PRES1_PNNP	Correct	LL1	PP1	Target_PNNP	6	0	PRACTICE
1170707294641	1	FACE	1735	CUE	Correct	LL1	PP1	Target_PNNP	6	0	PRACTICE
1170707296376	0	FACE	1735	RESP	Correct	LL1	PP1	Target_PNNP	6	0	PRACTICE
1170707296405	0	TRIAL	15
1170707299583	1	FACE	966	PRES1_PNPP	Correct	LL1	PP0	Lure_NNPN	1	0	PRACTICE
1170707303586	1	FACE	966	CUE	Correct	LL1	PP0	Lure_NNPN	1	0	PRACTICE
1170707304552	0	FACE	966	RESP	Correct	LL1	PP0	Lure_NNPN	1	0	PRACTICE
1170707304824	0	TRIAL	16
1170707307784	1	FACE	1368	PRES1_PNPN	Correct	LL1	PP1	Target_PNPN	6	0	PRACTICE
1170707311641	1	FACE	1368	CUE	Correct	LL1	PP1	Target_PNPN	6	0	PRACTICE
1170707313009	0	FACE	1368	RESP	Correct	LL1	PP1	Target_PNPN	6	0	PRACTICE
1170707313033	0	TRIAL	17
1170707315877	1	FACE	2450	PRES1_PPPP	Correct	LL1	PP1	Target_PPPP	5	0	PRACTICE
1170707319694	1	FACE	2450	CUE	Correct	LL1	PP1	Target_PPPP	5	0	PRACTICE
1170707322144	1	FACE	2450	RESP	Correct	LL1	PP1	Target_PPPP	5	0	PRACTICE
1170707322180	0	TRIAL	18
1170707325118	1	FACE	893	PRES1_NNPP	Correct	LL1	PP1	Target_NNPP	6	0	PRACTICE
1170707328922	1	FACE	893	CUE	Correct	LL1	PP1	Target_NNPP	6	0	PRACTICE
1170707329815	0	FACE	893	RESP	Correct	LL1	PP1	Target_NNPP	6	0	PRACTICE
1170707329843	0	TRIAL	19
1170707332919	1	FACE	820	PRES1_NPPP	Correct	LL1	PP1	Target_NPPP	6	0	PRACTICE
1170707336707	1	FACE	820	CUE	Correct	LL1	PP1	Target_NPPP	6	0	PRACTICE
1170707337527	0	FACE	820	RESP	Correct	LL1	PP1	Target_NPPP	6	0	PRACTICE
1170707337560	0	TRIAL	20
1170707340408	1	FACE	2266	PRES1_NNPN	Incorrect	LL1	PP0	Lure_NNNN	5	0	PRACTICE
1170707344357	1	FACE	2266	CUE	Incorrect	LL1	PP0	Lure_NNNN	5	0	PRACTICE
1170707346623	0	FACE	2266	RESP	Incorrect	LL1	PP0	Lure_NNNN	5	0	PRACTICE
1170707346655	0	TRIAL	21
1170707349454	1	FACE	1593	PRES1_PPNP	Correct	LL1	PP1	Target_PPNP	5	0	PRACTICE
1170707353373	1	FACE	1593	CUE	Correct	LL1	PP1	Target_PPNP	5	0	PRACTICE
1170707354966	0	FACE	1593	RESP	Correct	LL1	PP1	Target_PPNP	5	0	PRACTICE
1170707355003	0	TRIAL	22
1170707357919	1	FACE	1720	PRES1_PPNN	Correct	LL1	PP1	Target_PPNN	5	0	PRACTICE
1170707361934	1	FACE	1720	CUE	Correct	LL1	PP1	Target_PPNN	5	0	PRACTICE
1170707363654	0	FACE	1720	RESP	Correct	LL1	PP1	Target_PPNN	5	0	PRACTICE
1170707363682	0	TRIAL	23
1170707366471	1	FACE	1437	PRES1_PNPP	Correct	LL1	PP1	Target_PNPP	5	0	PRACTICE
1170707370369	1	FACE	1437	CUE	Correct	LL1	PP1	Target_PNPP	5	0	PRACTICE
1170707371806	0	FACE	1437	RESP	Correct	LL1	PP1	Target_PNPP	5	0	PRACTICE
1170707371831	0	TRIAL	24
1170707374853	1	FACE	1257	PRES1_NNNN	Correct	LL1	PP0	Lure_NPPN	1	0	PRACTICE
1170707378653	1	FACE	1257	CUE	Correct	LL1	PP0	Lure_NPPN	1	0	PRACTICE
1170707379910	0	FACE	1257	RESP	Correct	LL1	PP0	Lure_NPPN	1	0	PRACTICE
1170707379945	0	TRIAL	25
1170707382891	1	FACE	1549	PRES1_PNNN	Correct	LL1	PP1	Target_PNNN	5	0	PRACTICE
1170707386848	1	FACE	1549	CUE	Correct	LL1	PP1	Target_PNNN	5	0	PRACTICE
1170707388397	0	FACE	1549	RESP	Correct	LL1	PP1	Target_PNNN	5	0	PRACTICE
1170707388424	0	TRIAL	26
1170707391269	1	FACE	929	PRES1_NPNN	Correct	LL1	PP0	Lure_PPPN	1	0	PRACTICE
1170707395020	1	FACE	929	CUE	Correct	LL1	PP0	Lure_PPPN	1	0	PRACTICE
1170707395949	0	FACE	929	RESP	Correct	LL1	PP0	Lure_PPPN	1	0	PRACTICE
1170707395990	0	TRIAL	27
1170707398748	1	FACE	788	PRES1_PNNP	Correct	LL1	PP0	Lure_PNPN	1	0	PRACTICE
1170707402569	1	FACE	788	CUE	Correct	LL1	PP0	Lure_PNPN	1	0	PRACTICE
1170707403357	0	FACE	788	RESP	Correct	LL1	PP0	Lure_PNPN	1	0	PRACTICE
1170707403387	0	TRIAL	28
1170707406359	1	FACE	1182	PRES1_PPPP	Incorrect	LL1	PP0	Lure_PPNP	5	0	PRACTICE
1170707410110	1	FACE	1182	CUE	Incorrect	LL1	PP0	Lure_PPNP	5	0	PRACTICE
1170707411292	0	FACE	1182	RESP	Incorrect	LL1	PP0	Lure_PPNP	5	0	PRACTICE
1170707411317	0	TRIAL	29
1170707414291	1	FACE	2042	PRES1_NNNP	Correct	LL1	PP0	Lure_NNPP	2	0	PRACTICE
1170707418139	1	FACE	2042	CUE	Correct	LL1	PP0	Lure_NNPP	2	0	PRACTICE
1170707420181	0	FACE	2042	RESP	Correct	LL1	PP0	Lure_NNPP	2	0	PRACTICE
1170707420219	0	TRIAL	30
1170707423034	1	FACE	2908	PRES1_NPNP	Incorrect	LL1	PP1	Target_NPNP	2	0	PRACTICE
1170707427056	1	FACE	2908	CUE	Incorrect	LL1	PP1	Target_NPNP	2	0	PRACTICE
1170707429964	0	FACE	2908	RESP	Incorrect	LL1	PP1	Target_NPNP	2	0	PRACTICE
1170707429995	0	TRIAL	31
1170707433277	1	FACE	987	PRES1_PNNN	Correct	LL1	PP0	Lure_NPPP	1	0	PRACTICE
1170707437226	1	FACE	987	CUE	Correct	LL1	PP0	Lure_NPPP	1	0	PRACTICE
1170707438213	0	FACE	987	RESP	Correct	LL1	PP0	Lure_NPPP	1	0	PRACTICE
1170707438244	0	TRIAL	32
1170707441264	1	FACE	1409	PRES1_NPPN	Incorrect	LL1	PP0	Lure_NPNN	5	0	PRACTICE
1170707444970	1	FACE	1409	CUE	Incorrect	LL1	PP0	Lure_NPNN	5	0	PRACTICE
1170707446379	0	FACE	1409	RESP	Incorrect	LL1	PP0	Lure_NPNN	5	0	PRACTICE
1170707456244	0	SESS_END	1
1170707456251	0	E	Logging Ends
