1177678360298	0	B	Logging Begins
1177678360298	0	SETUP
1177678360523	0	RESTORESTATE
1177678360523	0	RESTORESTATE
1177678360525	0	SESSION	0
1177678360528	0	SESSION	1
1177678360532	0	SAVESTATE
1177678360533	0	RESTORESTATE
1177678360537	0	SESSION	0
1177679246943	0	SAVESTATE
1177679258697	0	SAVESTATE
1177679267396	0	SAVESTATE
1177679276045	0	SAVESTATE
1177679284391	0	SAVESTATE
1177679292455	0	SAVESTATE
1177679300270	0	SAVESTATE
1177679308633	0	SAVESTATE
1177679316732	0	SAVESTATE
1177679324711	0	SAVESTATE
1177679333143	0	SAVESTATE
1177679342341	0	SAVESTATE
1177679350355	0	SAVESTATE
1177679357885	0	SAVESTATE
1177679365633	0	SAVESTATE
1177679373629	0	SAVESTATE
1177679381209	0	SAVESTATE
1177679389223	0	SAVESTATE
1177679397373	0	SAVESTATE
1177679405317	0	SAVESTATE
1177679413248	0	SAVESTATE
1177679420761	0	SAVESTATE
1177679428208	0	SAVESTATE
1177679435837	0	SAVESTATE
1177679443467	0	SAVESTATE
1177679450863	0	SAVESTATE
1177679459162	0	SAVESTATE
1177679467091	0	SAVESTATE
1177679475208	0	SAVESTATE
1177679483253	0	SAVESTATE
1177679492019	0	SAVESTATE
1177679499814	0	SAVESTATE
1177679517995	0	SAVESTATE
1177679525926	0	SAVESTATE
1177679533607	0	SAVESTATE
1177679541504	0	SAVESTATE
1177679549135	0	SAVESTATE
1177679556813	0	SAVESTATE
1177679564427	0	SAVESTATE
1177679573125	0	SAVESTATE
1177679581106	0	SAVESTATE
1177679589108	0	SAVESTATE
1177679596982	0	SAVESTATE
1177679606000	0	SAVESTATE
1177679613945	0	SAVESTATE
1177679621445	0	SAVESTATE
1177679630375	0	SAVESTATE
1177679638340	0	SAVESTATE
1177679646336	0	SAVESTATE
1177679654000	0	SAVESTATE
1177679661329	0	SAVESTATE
1177679668842	0	SAVESTATE
1177679676571	0	SAVESTATE
1177679684304	0	SAVESTATE
1177679691897	0	SAVESTATE
1177679699162	0	SAVESTATE
1177679706507	0	SAVESTATE
1177679714036	0	SAVESTATE
1177679721949	0	SAVESTATE
1177679729047	0	SAVESTATE
1177679736563	0	SAVESTATE
1177679744389	0	SAVESTATE
1177679751485	0	SAVESTATE
1177679759132	0	SAVESTATE
1177679770413	0	BREAK
1177679770413	0	E	Logging Ends
