1159549900878	0	B	Logging Begins
1159549900879	0	SESS_START	0
1159549983647	0	TRIAL	1
1159549990206	1	FACE	5413	PRES1_PNPN	Incorrect	LL1	PP0	Lure_PPPP	0	PRACTICE
1159549994046	1	FACE	5413	CUE	Incorrect	LL1	PP0	Lure_PPPP	0	PRACTICE
1159549999459	0	FACE	5413	RESP	Incorrect	LL1	PP0	Lure_PPPP	0	PRACTICE
1159549999489	0	TRIAL	2
1159550004099	1	FACE	23818	PRES1_PPPN	Correct	LL1	PP0	Lure_PNPP	0	PRACTICE
1159550008046	1	FACE	23818	CUE	Correct	LL1	PP0	Lure_PNPP	0	PRACTICE
1159550031864	0	FACE	23818	RESP	Correct	LL1	PP0	Lure_PNPP	0	PRACTICE
1159550031890	0	TRIAL	3
1159550043140	1	FACE	1024	PRES1_NPNP	Correct	LL1	PP1	Target_NPNP	0	PRACTICE
1159550046965	1	FACE	1024	CUE	Correct	LL1	PP1	Target_NPNP	0	PRACTICE
1159550047989	1	FACE	1024	RESP	Correct	LL1	PP1	Target_NPNP	0	PRACTICE
1159550048010	0	TRIAL	4
1159550052846	1	FACE	714	PRES1_PPNP	Correct	LL1	PP0	Lure_NNPN	0	PRACTICE
1159550056832	1	FACE	714	CUE	Correct	LL1	PP0	Lure_NNPN	0	PRACTICE
1159550057546	0	FACE	714	RESP	Correct	LL1	PP0	Lure_NNPN	0	PRACTICE
1159550057570	0	TRIAL	5
1159550060779	1	FACE	908	PRES1_NNNN	Correct	LL1	PP1	Target_NNNN	0	PRACTICE
1159550064832	1	FACE	908	CUE	Correct	LL1	PP1	Target_NNNN	0	PRACTICE
1159550065740	0	FACE	908	RESP	Correct	LL1	PP1	Target_NNNN	0	PRACTICE
1159550065769	0	TRIAL	6
1159550069060	1	FACE	915	PRES1_PPPN	Correct	LL1	PP1	Target_PPPN	0	PRACTICE
1159550073073	1	FACE	915	CUE	Correct	LL1	PP1	Target_PPPN	0	PRACTICE
1159550073988	0	FACE	915	RESP	Correct	LL1	PP1	Target_PPPN	0	PRACTICE
1159550074011	0	TRIAL	7
1159550077180	1	FACE	1110	PRES1_NPNN	Correct	LL1	PP1	Target_NPNN	0	PRACTICE
1159550081127	1	FACE	1110	CUE	Correct	LL1	PP1	Target_NPNN	0	PRACTICE
1159550082237	0	FACE	1110	RESP	Correct	LL1	PP1	Target_NPNN	0	PRACTICE
1159550082264	0	TRIAL	8
1159550085566	1	FACE	793	PRES1_NPNP	Correct	LL1	PP0	Lure_NNNP	0	PRACTICE
1159550089352	1	FACE	793	CUE	Correct	LL1	PP0	Lure_NNNP	0	PRACTICE
1159550090145	0	FACE	793	RESP	Correct	LL1	PP0	Lure_NNNP	0	PRACTICE
1159550090170	0	TRIAL	9
1159550092913	1	FACE	995	PRES1_PPNN	Correct	LL1	PP1	Target_PPNN	0	PRACTICE
1159550096819	1	FACE	995	CUE	Correct	LL1	PP1	Target_PPNN	0	PRACTICE
1159550097814	0	FACE	995	RESP	Correct	LL1	PP1	Target_PPNN	0	PRACTICE
1159550097836	0	TRIAL	10
1159550101247	1	FACE	1647	PRES1_NNPN	Incorrect	LL1	PP1	Target_NNPN	0	PRACTICE
1159550105074	1	FACE	1647	CUE	Incorrect	LL1	PP1	Target_NNPN	0	PRACTICE
1159550106721	0	FACE	1647	RESP	Incorrect	LL1	PP1	Target_NNPN	0	PRACTICE
1159550106743	0	TRIAL	11
1159550109606	1	FACE	1129	PRES1_NNPP	Correct	LL1	PP1	Target_NNPP	0	PRACTICE
1159550113526	1	FACE	1129	CUE	Correct	LL1	PP1	Target_NNPP	0	PRACTICE
1159550114655	0	FACE	1129	RESP	Correct	LL1	PP1	Target_NNPP	0	PRACTICE
1159550114681	0	TRIAL	12
1159550117779	1	FACE	968	PRES1_PPPP	Incorrect	LL1	PP0	Lure_NPPP	0	PRACTICE
1159550121713	1	FACE	968	CUE	Incorrect	LL1	PP0	Lure_NPPP	0	PRACTICE
1159550122681	0	FACE	968	RESP	Incorrect	LL1	PP0	Lure_NPPP	0	PRACTICE
1159550122703	0	TRIAL	13
1159550125793	1	FACE	1977	PRES1_NPPP	Correct	LL1	PP0	Lure_NNNN	0	PRACTICE
1159550129686	1	FACE	1977	CUE	Correct	LL1	PP0	Lure_NNNN	0	PRACTICE
1159550131663	0	FACE	1977	RESP	Correct	LL1	PP0	Lure_NNNN	0	PRACTICE
1159550131690	0	TRIAL	14
1159550134820	1	FACE	1050	PRES1_NNPN	Correct	LL1	PP0	Lure_NPNP	0	PRACTICE
1159550138633	1	FACE	1050	CUE	Correct	LL1	PP0	Lure_NPNP	0	PRACTICE
1159550139683	0	FACE	1050	RESP	Correct	LL1	PP0	Lure_NPNP	0	PRACTICE
1159550139703	0	TRIAL	15
1159550142886	1	FACE	798	PRES1_PNNP	Correct	LL1	PP0	Lure_PPNN	0	PRACTICE
1159550146700	1	FACE	798	CUE	Correct	LL1	PP0	Lure_PPNN	0	PRACTICE
1159550147498	1	FACE	798	RESP	Correct	LL1	PP0	Lure_PPNN	0	PRACTICE
1159550147530	0	TRIAL	16
1159550150540	1	FACE	1189	PRES1_PNPP	Incorrect	LL1	PP1	Target_PNPP	0	PRACTICE
1159550154353	1	FACE	1189	CUE	Incorrect	LL1	PP1	Target_PNPP	0	PRACTICE
1159550155542	0	FACE	1189	RESP	Incorrect	LL1	PP1	Target_PNPP	0	PRACTICE
1159550155570	0	TRIAL	17
1159550158406	1	FACE	796	PRES1_NPPP	Correct	LL1	PP1	Target_NPPP	0	PRACTICE
1159550162313	1	FACE	796	CUE	Correct	LL1	PP1	Target_NPPP	0	PRACTICE
1159550163109	0	FACE	796	RESP	Correct	LL1	PP1	Target_NPPP	0	PRACTICE
1159550163132	0	TRIAL	18
1159550166114	1	FACE	699	PRES1_NPNN	Correct	LL1	PP0	Lure_PNPN	0	PRACTICE
1159550169953	1	FACE	699	CUE	Correct	LL1	PP0	Lure_PNPN	0	PRACTICE
1159550170652	0	FACE	699	RESP	Correct	LL1	PP0	Lure_PNPN	0	PRACTICE
1159550170677	0	TRIAL	19
1159550173700	1	FACE	745	PRES1_NPPN	Correct	LL1	PP0	Lure_NNPP	0	PRACTICE
1159550177687	1	FACE	745	CUE	Correct	LL1	PP0	Lure_NNPP	0	PRACTICE
1159550178432	0	FACE	745	RESP	Correct	LL1	PP0	Lure_NNPP	0	PRACTICE
1159550178464	0	TRIAL	20
1159550181873	1	FACE	838	PRES1_NNNP	Correct	LL1	PP0	Lure_PNNN	0	PRACTICE
1159550185647	1	FACE	838	CUE	Correct	LL1	PP0	Lure_PNNN	0	PRACTICE
1159550186485	0	FACE	838	RESP	Correct	LL1	PP0	Lure_PNNN	0	PRACTICE
1159550186517	0	TRIAL	21
1159550189620	1	FACE	773	PRES1_PNNN	Correct	LL1	PP0	Lure_PPNP	0	PRACTICE
1159550193500	1	FACE	773	CUE	Correct	LL1	PP0	Lure_PPNP	0	PRACTICE
1159550194273	0	FACE	773	RESP	Correct	LL1	PP0	Lure_PPNP	0	PRACTICE
1159550194304	0	TRIAL	22
1159550197367	1	FACE	847	PRES1_PNPP	Correct	LL1	PP0	Lure_NPPN	0	PRACTICE
1159550201314	1	FACE	847	CUE	Correct	LL1	PP0	Lure_NPPN	0	PRACTICE
1159550202161	0	FACE	847	RESP	Correct	LL1	PP0	Lure_NPPN	0	PRACTICE
1159550202186	0	TRIAL	23
1159550205035	1	FACE	869	PRES1_NNNP	Correct	LL1	PP1	Target_NNNP	0	PRACTICE
1159550209048	1	FACE	869	CUE	Correct	LL1	PP1	Target_NNNP	0	PRACTICE
1159550209917	0	FACE	869	RESP	Correct	LL1	PP1	Target_NNNP	0	PRACTICE
1159550209931	0	TRIAL	24
1159550212927	1	FACE	810	PRES1_PPPP	Correct	LL1	PP1	Target_PPPP	0	PRACTICE
1159550216714	1	FACE	810	CUE	Correct	LL1	PP1	Target_PPPP	0	PRACTICE
1159550217524	0	FACE	810	RESP	Correct	LL1	PP1	Target_PPPP	0	PRACTICE
1159550217544	0	TRIAL	25
1159550220607	1	FACE	762	PRES1_PPNN	Correct	LL1	PP0	Lure_PNNP	0	PRACTICE
1159550224514	1	FACE	762	CUE	Correct	LL1	PP0	Lure_PNNP	0	PRACTICE
1159550225276	0	FACE	762	RESP	Correct	LL1	PP0	Lure_PNNP	0	PRACTICE
1159550225304	0	TRIAL	26
1159550228367	1	FACE	616	PRES1_PNNN	Correct	LL1	PP1	Target_PNNN	0	PRACTICE
1159550232301	1	FACE	616	CUE	Correct	LL1	PP1	Target_PNNN	0	PRACTICE
1159550232917	1	FACE	616	RESP	Correct	LL1	PP1	Target_PNNN	0	PRACTICE
1159550232944	0	TRIAL	27
1159550235994	1	FACE	624	PRES1_PNPN	Correct	LL1	PP1	Target_PNPN	0	PRACTICE
1159550239941	1	FACE	624	CUE	Correct	LL1	PP1	Target_PNPN	0	PRACTICE
1159550240565	0	FACE	624	RESP	Correct	LL1	PP1	Target_PNPN	0	PRACTICE
1159550240585	0	TRIAL	28
1159550243674	1	FACE	1038	PRES1_NNPP	Correct	LL1	PP0	Lure_PPPN	0	PRACTICE
1159550247621	1	FACE	1038	CUE	Correct	LL1	PP0	Lure_PPPN	0	PRACTICE
1159550248659	0	FACE	1038	RESP	Correct	LL1	PP0	Lure_PPPN	0	PRACTICE
1159550248691	0	TRIAL	29
1159550251554	1	FACE	784	PRES1_NPPN	Correct	LL1	PP1	Target_NPPN	0	PRACTICE
1159550255514	1	FACE	784	CUE	Correct	LL1	PP1	Target_NPPN	0	PRACTICE
1159550256298	0	FACE	784	RESP	Correct	LL1	PP1	Target_NPPN	0	PRACTICE
1159550256318	0	TRIAL	30
1159550259182	1	FACE	710	PRES1_PPNP	Correct	LL1	PP1	Target_PPNP	0	PRACTICE
1159550263142	1	FACE	710	CUE	Correct	LL1	PP1	Target_PPNP	0	PRACTICE
1159550263852	0	FACE	710	RESP	Correct	LL1	PP1	Target_PPNP	0	PRACTICE
1159550263878	0	TRIAL	31
1159550266741	1	FACE	641	PRES1_PNNP	Correct	LL1	PP1	Target_PNNP	0	PRACTICE
1159550270754	1	FACE	641	CUE	Correct	LL1	PP1	Target_PNNP	0	PRACTICE
1159550271395	0	FACE	641	RESP	Correct	LL1	PP1	Target_PNNP	0	PRACTICE
1159550271425	0	TRIAL	32
1159550274381	1	FACE	715	PRES1_NNNN	Correct	LL1	PP0	Lure_NPNN	0	PRACTICE
1159550278209	1	FACE	715	CUE	Correct	LL1	PP0	Lure_NPNN	0	PRACTICE
1159550278924	0	FACE	715	RESP	Correct	LL1	PP0	Lure_NPNN	0	PRACTICE
1159550285417	0	TRIAL	1
1159550290075	1	FACE	694	PRES1_NNPP	Correct	LL1	PP0	Lure_PNNN	0	PRACTICE
1159550293861	1	FACE	694	CUE	Correct	LL1	PP0	Lure_PNNN	0	PRACTICE
1159550294555	0	FACE	694	RESP	Correct	LL1	PP0	Lure_PNNN	0	PRACTICE
1159550294585	0	TRIAL	2
1159550297941	1	FACE	941	PRES1_PNPP	Correct	LL1	PP0	Lure_NNNN	0	PRACTICE
1159550301728	1	FACE	941	CUE	Correct	LL1	PP0	Lure_NNNN	0	PRACTICE
1159550302669	0	FACE	941	RESP	Correct	LL1	PP0	Lure_NNNN	0	PRACTICE
1159550302692	0	TRIAL	3
1159550305555	1	FACE	678	PRES1_NPPN	Correct	LL1	PP1	Target_NPPN	0	PRACTICE
1159550309435	1	FACE	678	CUE	Correct	LL1	PP1	Target_NPPN	0	PRACTICE
1159550310113	0	FACE	678	RESP	Correct	LL1	PP1	Target_NPPN	0	PRACTICE
1159550310133	0	TRIAL	4
1159550313009	1	FACE	855	PRES1_NNNP	Correct	LL1	PP0	Lure_PPPN	0	PRACTICE
1159550316928	1	FACE	855	CUE	Correct	LL1	PP0	Lure_PPPN	0	PRACTICE
1159550317783	0	FACE	855	RESP	Correct	LL1	PP0	Lure_PPPN	0	PRACTICE
1159550317812	0	TRIAL	5
1159550320821	1	FACE	722	PRES1_NNPN	Correct	LL1	PP1	Target_NNPN	0	PRACTICE
1159550324715	1	FACE	722	CUE	Correct	LL1	PP1	Target_NNPN	0	PRACTICE
1159550325437	0	FACE	722	RESP	Correct	LL1	PP1	Target_NNPN	0	PRACTICE
1159550325465	0	TRIAL	6
1159550328448	1	FACE	619	PRES1_PPPP	Correct	LL1	PP1	Target_PPPP	0	PRACTICE
1159550332422	1	FACE	619	CUE	Correct	LL1	PP1	Target_PPPP	0	PRACTICE
1159550333041	0	FACE	619	RESP	Correct	LL1	PP1	Target_PPPP	0	PRACTICE
1159550333066	0	TRIAL	7
1159550335888	1	FACE	624	PRES1_PNNP	Correct	LL1	PP1	Target_PNNP	0	PRACTICE
1159550339928	1	FACE	624	CUE	Correct	LL1	PP1	Target_PNNP	0	PRACTICE
1159550340552	0	FACE	624	RESP	Correct	LL1	PP1	Target_PNNP	0	PRACTICE
1159550340572	0	TRIAL	8
1159550343422	1	FACE	808	PRES1_NPNN	Correct	LL1	PP0	Lure_PPNP	0	PRACTICE
1159550347422	1	FACE	808	CUE	Correct	LL1	PP0	Lure_PPNP	0	PRACTICE
1159550348230	0	FACE	808	RESP	Correct	LL1	PP0	Lure_PPNP	0	PRACTICE
1159550348253	0	TRIAL	9
1159550351289	1	FACE	808	PRES1_PNPP	Correct	LL1	PP1	Target_PNPP	0	PRACTICE
1159550355156	1	FACE	808	CUE	Correct	LL1	PP1	Target_PNPP	0	PRACTICE
1159550355964	0	FACE	808	RESP	Correct	LL1	PP1	Target_PNPP	0	PRACTICE
1159550355985	0	TRIAL	10
1159550359076	1	FACE	847	PRES1_PPPN	Correct	LL1	PP0	Lure_PNNP	0	PRACTICE
1159550363089	1	FACE	847	CUE	Correct	LL1	PP0	Lure_PNNP	0	PRACTICE
1159550363936	0	FACE	847	RESP	Correct	LL1	PP0	Lure_PNNP	0	PRACTICE
1159550363959	0	TRIAL	11
1159550367010	1	FACE	773	PRES1_NNNP	Correct	LL1	PP1	Target_NNNP	0	PRACTICE
1159550370849	1	FACE	773	CUE	Correct	LL1	PP1	Target_NNNP	0	PRACTICE
1159550371622	0	FACE	773	RESP	Correct	LL1	PP1	Target_NNNP	0	PRACTICE
1159550371652	0	TRIAL	12
1159550374609	1	FACE	881	PRES1_PPNN	Correct	LL1	PP0	Lure_NPNN	0	PRACTICE
1159550378515	1	FACE	881	CUE	Correct	LL1	PP0	Lure_NPNN	0	PRACTICE
1159550379396	0	FACE	881	RESP	Correct	LL1	PP0	Lure_NPNN	0	PRACTICE
1159550379426	0	TRIAL	13
1159550382515	1	FACE	663	PRES1_NPPP	Correct	LL1	PP1	Target_NPPP	0	PRACTICE
1159550386302	1	FACE	663	CUE	Correct	LL1	PP1	Target_NPPP	0	PRACTICE
1159550386965	0	FACE	663	RESP	Correct	LL1	PP1	Target_NPPP	0	PRACTICE
1159550386986	0	TRIAL	14
1159550390010	1	FACE	1226	PRES1_PNNN	Incorrect	LL1	PP1	Target_PNNN	0	PRACTICE
1159550393902	1	FACE	1226	CUE	Incorrect	LL1	PP1	Target_PNNN	0	PRACTICE
1159550395128	0	FACE	1226	RESP	Incorrect	LL1	PP1	Target_PNNN	0	PRACTICE
1159550395160	0	TRIAL	15
1159550398409	1	FACE	901	PRES1_PNNP	Incorrect	LL1	PP0	Lure_PNPP	0	PRACTICE
1159550402382	1	FACE	901	CUE	Incorrect	LL1	PP0	Lure_PNPP	0	PRACTICE
1159550403283	0	FACE	901	RESP	Incorrect	LL1	PP0	Lure_PNPP	0	PRACTICE
1159550403294	0	TRIAL	16
1159550406023	1	FACE	990	PRES1_NNPP	Correct	LL1	PP1	Target_NNPP	0	PRACTICE
1159550409929	1	FACE	990	CUE	Correct	LL1	PP1	Target_NNPP	0	PRACTICE
1159550410919	0	FACE	990	RESP	Correct	LL1	PP1	Target_NNPP	0	PRACTICE
1159550410946	0	TRIAL	17
1159550413889	1	FACE	873	PRES1_PPPP	Correct	LL1	PP0	Lure_NNPN	0	PRACTICE
1159550417929	1	FACE	873	CUE	Correct	LL1	PP0	Lure_NNPN	0	PRACTICE
1159550418802	0	FACE	873	RESP	Correct	LL1	PP0	Lure_NNPN	0	PRACTICE
1159550418826	0	TRIAL	18
1159550421716	1	FACE	657	PRES1_PPNP	Incorrect	LL1	PP0	Lure_NPNP	0	PRACTICE
1159550425582	1	FACE	657	CUE	Incorrect	LL1	PP0	Lure_NPNP	0	PRACTICE
1159550426239	0	FACE	657	RESP	Incorrect	LL1	PP0	Lure_NPNP	0	PRACTICE
1159550426267	0	TRIAL	19
1159550429104	1	FACE	807	PRES1_PNPN	Correct	LL1	PP1	Target_PNPN	0	PRACTICE
1159550432916	1	FACE	807	CUE	Correct	LL1	PP1	Target_PNPN	0	PRACTICE
1159550433723	1	FACE	807	RESP	Correct	LL1	PP1	Target_PNPN	0	PRACTICE
1159550433733	0	TRIAL	20
1159550436889	1	FACE	1026	PRES1_NPNP	Correct	LL1	PP0	Lure_NPPP	0	PRACTICE
1159550440783	1	FACE	1026	CUE	Correct	LL1	PP0	Lure_NPPP	0	PRACTICE
1159550441809	0	FACE	1026	RESP	Correct	LL1	PP0	Lure_NPPP	0	PRACTICE
1159550441841	0	TRIAL	21
1159550444836	1	FACE	937	PRES1_PPNP	Correct	LL1	PP1	Target_PPNP	0	PRACTICE
1159550448583	1	FACE	937	CUE	Correct	LL1	PP1	Target_PPNP	0	PRACTICE
1159550449520	0	FACE	937	RESP	Correct	LL1	PP1	Target_PPNP	0	PRACTICE
1159550449546	0	TRIAL	22
1159550452476	1	FACE	622	PRES1_NPNN	Correct	LL1	PP1	Target_NPNN	0	PRACTICE
1159550456449	1	FACE	622	CUE	Correct	LL1	PP1	Target_NPNN	0	PRACTICE
1159550457071	0	FACE	622	RESP	Correct	LL1	PP1	Target_NPNN	0	PRACTICE
1159550457094	0	TRIAL	23
1159550460037	1	FACE	764	PRES1_NNNN	Correct	LL1	PP0	Lure_NNNP	0	PRACTICE
1159550463930	1	FACE	764	CUE	Correct	LL1	PP0	Lure_NNNP	0	PRACTICE
1159550464694	0	FACE	764	RESP	Correct	LL1	PP0	Lure_NNNP	0	PRACTICE
1159550464720	0	TRIAL	24
1159550467570	1	FACE	1140	PRES1_NPNP	Correct	LL1	PP1	Target_NPNP	0	PRACTICE
1159550471423	1	FACE	1140	CUE	Correct	LL1	PP1	Target_NPNP	0	PRACTICE
1159550472563	0	FACE	1140	RESP	Correct	LL1	PP1	Target_NPNP	0	PRACTICE
1159550472587	0	TRIAL	25
1159550475436	1	FACE	1097	PRES1_PPNN	Incorrect	LL1	PP1	Target_PPNN	0	PRACTICE
1159550479251	1	FACE	1097	CUE	Incorrect	LL1	PP1	Target_PPNN	0	PRACTICE
1159550480348	0	FACE	1097	RESP	Incorrect	LL1	PP1	Target_PPNN	0	PRACTICE
1159550480375	0	TRIAL	26
1159550483316	1	FACE	689	PRES1_NPPP	Correct	LL1	PP0	Lure_NPPN	0	PRACTICE
1159550487224	1	FACE	689	CUE	Correct	LL1	PP0	Lure_NPPN	0	PRACTICE
1159550487913	0	FACE	689	RESP	Correct	LL1	PP0	Lure_NPPN	0	PRACTICE
1159550487934	0	TRIAL	27
1159550490970	1	FACE	1624	PRES1_NNPN	Incorrect	LL1	PP0	Lure_PPPP	0	PRACTICE
1159550494850	1	FACE	1624	CUE	Incorrect	LL1	PP0	Lure_PPPP	0	PRACTICE
1159550496474	0	FACE	1624	RESP	Incorrect	LL1	PP0	Lure_PPPP	0	PRACTICE
1159550496493	0	TRIAL	28
1159550500650	1	FACE	1285	PRES1_PNNN	Correct	LL1	PP0	Lure_NNPP	0	PRACTICE
1159550504410	1	FACE	1285	CUE	Correct	LL1	PP0	Lure_NNPP	0	PRACTICE
1159550505695	0	FACE	1285	RESP	Correct	LL1	PP0	Lure_NNPP	0	PRACTICE
1159550505720	0	TRIAL	29
1159550508730	1	FACE	1136	PRES1_PNPN	Correct	LL1	PP0	Lure_PPNN	0	PRACTICE
1159550512770	1	FACE	1136	CUE	Correct	LL1	PP0	Lure_PPNN	0	PRACTICE
1159550513906	0	FACE	1136	RESP	Correct	LL1	PP0	Lure_PPNN	0	PRACTICE
1159550513934	0	TRIAL	30
1159550517238	1	FACE	1379	PRES1_PPPN	Correct	LL1	PP1	Target_PPPN	0	PRACTICE
1159550521158	1	FACE	1379	CUE	Correct	LL1	PP1	Target_PPPN	0	PRACTICE
1159550522537	0	FACE	1379	RESP	Correct	LL1	PP1	Target_PPPN	0	PRACTICE
1159550522562	0	TRIAL	31
1159550526637	1	FACE	815	PRES1_NNNN	Correct	LL1	PP1	Target_NNNN	0	PRACTICE
1159550530637	1	FACE	815	CUE	Correct	LL1	PP1	Target_NNNN	0	PRACTICE
1159550531452	0	FACE	815	RESP	Correct	LL1	PP1	Target_NNNN	0	PRACTICE
1159550531480	0	TRIAL	32
1159550535105	1	FACE	1356	PRES1_NPPN	Incorrect	LL1	PP0	Lure_PNPN	0	PRACTICE
1159550538957	1	FACE	1356	CUE	Incorrect	LL1	PP0	Lure_PNPN	0	PRACTICE
1159550540313	1	FACE	1356	RESP	Incorrect	LL1	PP0	Lure_PNPN	0	PRACTICE
1159550553747	0	SESS_END	1
1159550553751	0	E	Logging Ends
