1159997987421	0	B	Logging Begins
1159997987422	0	INSTRUCTIONSTART	JointRoller	/usr/lib/python2.4/site-packages/pyepl/resources/vera.ttf	30	(1.000000, 1.000000, 1.000000, 1.000000)	"In the following experiment, your memory for associating names with faces will be tested.  The experiment will be divided into two halves, with each half testing you on a completely different set of names and faces.  After the first half, there will be a short break.\n\nThe procedure will be the same for each half.  Eight faces will be presented on the screen, consecutively, accompanied by their names.  A woman's voice will also speak the name when the face appears on the screen.  After five seconds, the face will disappear from the screen, a star (*) will flash on the screen for one second, and then the next face and name will appear.\n\nAfter you have seen all eight faces and names, you will be prompted to press any key in order to move on to a testing period.  During each trial of the testing period, you will see a face with a question mark (?) underneath it.  You will have to try and recall the name that goes with the face, and speak it out loud.  After five seconds the face will disappear from the screen, a star will flash on the screen for one second, and then the next face will appear with a question mark underneath it.\n\nFor each half, there will be ten study periods and ten test periods, alternating.  Each face will have the same name over the entire course of the half, so your task is to try and learn the faces' names as quickly and accurately as possible, and to be able to recall them as quickly and accurately as possible.\n\nDuring the test phase, do not worry if you make a mistake and recall the wrong name accidentally.  There is no penalty.  Also, if you are in the middle of recalling a name and the experiment moves on to the next face, do not stop yourself; continue speaking the name.  However, once the next face appears on the screen, you should give up trying to recall the last face and concentrate on the new one.\n\nDo you have any questions?\n\nPress <ENTER> to continue."
1159997987436	1	INSTRUCTIONSCROLL	0
1159997998116	1	INSTRUCTIONSCROLL	1
1159997998129	1	INSTRUCTIONSCROLL	3
1159997998143	1	INSTRUCTIONSCROLL	6
1159997998156	1	INSTRUCTIONSCROLL	9
1159997998169	1	INSTRUCTIONSCROLL	11
1159997998183	1	INSTRUCTIONSCROLL	14
1159997998196	1	INSTRUCTIONSCROLL	17
1159997998209	1	INSTRUCTIONSCROLL	19
1159997998223	1	INSTRUCTIONSCROLL	22
1159997998236	1	INSTRUCTIONSCROLL	25
1159997998249	1	INSTRUCTIONSCROLL	27
1159997998263	1	INSTRUCTIONSCROLL	30
1159997998276	1	INSTRUCTIONSCROLL	33
1159997998583	1	INSTRUCTIONSCROLL	34
1159997998596	1	INSTRUCTIONSCROLL	35
1159997998609	1	INSTRUCTIONSCROLL	37
1159997998623	1	INSTRUCTIONSCROLL	40
1159997998636	1	INSTRUCTIONSCROLL	43
1159997998649	1	INSTRUCTIONSCROLL	45
1159997998663	1	INSTRUCTIONSCROLL	48
1159997998676	1	INSTRUCTIONSCROLL	51
1159997998689	1	INSTRUCTIONSCROLL	53
1159997998703	1	INSTRUCTIONSCROLL	56
1159997998716	1	INSTRUCTIONSCROLL	59
1159997998955	1	INSTRUCTIONSCROLL	60
1159997998968	1	INSTRUCTIONSCROLL	63
1159997998982	1	INSTRUCTIONSCROLL	65
1159997998995	1	INSTRUCTIONSCROLL	68
1159997999009	1	INSTRUCTIONSCROLL	71
1159997999023	1	INSTRUCTIONSCROLL	74
1159997999036	1	INSTRUCTIONSCROLL	76
1159997999049	1	INSTRUCTIONSCROLL	79
1159997999063	1	INSTRUCTIONSCROLL	82
1159997999076	1	INSTRUCTIONSCROLL	84
1159997999089	1	INSTRUCTIONSCROLL	87
1159997999103	1	INSTRUCTIONSCROLL	90
1159997999116	1	INSTRUCTIONSCROLL	92
1159998000249	1	INSTRUCTIONSCROLL	93
1159998000263	1	INSTRUCTIONSCROLL	94
1159998000276	1	INSTRUCTIONSCROLL	97
1159998000289	1	INSTRUCTIONSCROLL	99
1159998000303	1	INSTRUCTIONSCROLL	102
1159998000316	1	INSTRUCTIONSCROLL	104
1159998000329	1	INSTRUCTIONSCROLL	107
1159998000343	1	INSTRUCTIONSCROLL	110
1159998000357	1	INSTRUCTIONSCROLL	112
1159998000369	1	INSTRUCTIONSCROLL	115
1159998000383	1	INSTRUCTIONSCROLL	118
1159998000396	1	INSTRUCTIONSCROLL	120
1159998000409	1	INSTRUCTIONSCROLL	123
1159998000423	1	INSTRUCTIONSCROLL	126
1159998000529	1	INSTRUCTIONSCROLL	127
1159998000543	1	INSTRUCTIONSCROLL	128
1159998000556	1	INSTRUCTIONSCROLL	131
1159998000569	1	INSTRUCTIONSCROLL	133
1159998000583	1	INSTRUCTIONSCROLL	136
1159998004703	1	INSTRUCTIONSCROLL	137
1159998004716	1	INSTRUCTIONSCROLL	138
1159998004730	1	INSTRUCTIONSCROLL	140
1159998004743	1	INSTRUCTIONSCROLL	143
1159998004756	1	INSTRUCTIONSCROLL	146
1159998004770	1	INSTRUCTIONSCROLL	148
1159998004783	1	INSTRUCTIONSCROLL	151
1159998004796	1	INSTRUCTIONSCROLL	154
1159998004810	1	INSTRUCTIONSCROLL	156
1159998004823	1	INSTRUCTIONSCROLL	159
1159998004836	1	INSTRUCTIONSCROLL	162
1159998004850	1	INSTRUCTIONSCROLL	164
1159998004862	1	INSTRUCTIONSCROLL	167
1159998004875	1	INSTRUCTIONSCROLL	170
1159998005089	1	INSTRUCTIONSCROLL	171
1159998005103	1	INSTRUCTIONSCROLL	172
1159998005116	1	INSTRUCTIONSCROLL	174
1159998005130	1	INSTRUCTIONSCROLL	177
1159998005143	1	INSTRUCTIONSCROLL	180
1159998005156	1	INSTRUCTIONSCROLL	182
1159998005170	1	INSTRUCTIONSCROLL	185
1159998005183	1	INSTRUCTIONSCROLL	188
1159998005196	1	INSTRUCTIONSCROLL	190
1159998005210	1	INSTRUCTIONSCROLL	193
1159998005223	1	INSTRUCTIONSCROLL	196
1159998005236	1	INSTRUCTIONSCROLL	198
1159998005396	1	INSTRUCTIONSCROLL	199
1159998005410	1	INSTRUCTIONSCROLL	201
1159998005423	1	INSTRUCTIONSCROLL	204
1159998005436	1	INSTRUCTIONSCROLL	207
1159998005450	1	INSTRUCTIONSCROLL	209
1159998005463	1	INSTRUCTIONSCROLL	212
1159998005476	1	INSTRUCTIONSCROLL	215
1159998005490	1	INSTRUCTIONSCROLL	217
1159998005503	1	INSTRUCTIONSCROLL	220
1159998005636	1	INSTRUCTIONSCROLL	221
1159998005650	1	INSTRUCTIONSCROLL	223
1159998005663	1	INSTRUCTIONSCROLL	226
1159998005676	1	INSTRUCTIONSCROLL	229
1159998005690	1	INSTRUCTIONSCROLL	231
1159998005703	1	INSTRUCTIONSCROLL	234
1159998005716	1	INSTRUCTIONSCROLL	237
1159998005730	1	INSTRUCTIONSCROLL	239
1159998005743	1	INSTRUCTIONSCROLL	242
1159998005756	1	INSTRUCTIONSCROLL	245
1159998006076	1	INSTRUCTIONSCROLL	246
1159998006090	1	INSTRUCTIONSCROLL	248
1159998006103	1	INSTRUCTIONSCROLL	251
1159998006116	1	INSTRUCTIONSCROLL	254
1159998006130	1	INSTRUCTIONSCROLL	256
1159998006143	1	INSTRUCTIONSCROLL	259
1159998006156	1	INSTRUCTIONSCROLL	262
1159998006170	1	INSTRUCTIONSCROLL	264
1159998006183	1	INSTRUCTIONSCROLL	267
1159998006196	1	INSTRUCTIONSCROLL	270
1159998006210	1	INSTRUCTIONSCROLL	272
1159998006370	1	INSTRUCTIONSCROLL	273
1159998006383	1	INSTRUCTIONSCROLL	276
1159998006396	1	INSTRUCTIONSCROLL	279
1159998006410	1	INSTRUCTIONSCROLL	282
1159998006423	1	INSTRUCTIONSCROLL	284
1159998006436	1	INSTRUCTIONSCROLL	287
1159998006450	1	INSTRUCTIONSCROLL	290
1159998006463	1	INSTRUCTIONSCROLL	292
1159998006476	1	INSTRUCTIONSCROLL	295
1159998006490	1	INSTRUCTIONSCROLL	298
1159998006503	1	INSTRUCTIONSCROLL	300
1159998012330	1	INSTRUCTIONSCROLL	301
1159998012343	1	INSTRUCTIONSCROLL	304
1159998012356	1	INSTRUCTIONSCROLL	307
1159998012370	1	INSTRUCTIONSCROLL	309
1159998012383	1	INSTRUCTIONSCROLL	312
1159998012396	1	INSTRUCTIONSCROLL	315
1159998012410	1	INSTRUCTIONSCROLL	317
1159998012423	1	INSTRUCTIONSCROLL	320
1159998012436	1	INSTRUCTIONSCROLL	323
1159998012450	1	INSTRUCTIONSCROLL	325
1159998012463	1	INSTRUCTIONSCROLL	328
1159998012476	1	INSTRUCTIONSCROLL	331
1159998012490	1	INSTRUCTIONSCROLL	333
1159998012650	1	INSTRUCTIONSCROLL	334
1159998012663	1	INSTRUCTIONSCROLL	336
1159998012676	1	INSTRUCTIONSCROLL	339
1159998012690	1	INSTRUCTIONSCROLL	342
1159998012703	1	INSTRUCTIONSCROLL	344
1159998012716	1	INSTRUCTIONSCROLL	347
1159998012730	1	INSTRUCTIONSCROLL	350
1159998012743	1	INSTRUCTIONSCROLL	352
1159998012756	1	INSTRUCTIONSCROLL	355
1159998012770	1	INSTRUCTIONSCROLL	358
1159998012915	1	INSTRUCTIONSCROLL	359
1159998012929	1	INSTRUCTIONSCROLL	362
1159998012942	1	INSTRUCTIONSCROLL	364
1159998012955	1	INSTRUCTIONSCROLL	367
1159998012969	1	INSTRUCTIONSCROLL	370
1159998012982	1	INSTRUCTIONSCROLL	372
1159998012995	1	INSTRUCTIONSCROLL	375
1159998013010	1	INSTRUCTIONSCROLL	378
1159998013023	1	INSTRUCTIONSCROLL	381
1159998013036	1	INSTRUCTIONSCROLL	383
1159998013050	1	INSTRUCTIONSCROLL	386
1159998013183	1	INSTRUCTIONSCROLL	387
1159998013196	1	INSTRUCTIONSCROLL	388
1159998013210	1	INSTRUCTIONSCROLL	390
1159998013223	1	INSTRUCTIONSCROLL	393
1159998013236	1	INSTRUCTIONSCROLL	396
1159998013250	1	INSTRUCTIONSCROLL	399
1159998013263	1	INSTRUCTIONSCROLL	401
1159998013276	1	INSTRUCTIONSCROLL	404
1159998013290	1	INSTRUCTIONSCROLL	406
1159998013303	1	INSTRUCTIONSCROLL	409
1159998013316	1	INSTRUCTIONSCROLL	412
1159998013330	1	INSTRUCTIONSCROLL	414
1159998013343	1	INSTRUCTIONSCROLL	417
1159998013583	1	INSTRUCTIONSCROLL	418
1159998013596	1	INSTRUCTIONSCROLL	421
1159998013610	1	INSTRUCTIONSCROLL	423
1159998013623	1	INSTRUCTIONSCROLL	426
1159998013636	1	INSTRUCTIONSCROLL	429
1159998013650	1	INSTRUCTIONSCROLL	431
1159998013663	1	INSTRUCTIONSCROLL	434
1159998013676	1	INSTRUCTIONSCROLL	437
1159998013690	1	INSTRUCTIONSCROLL	439
1159998013703	1	INSTRUCTIONSCROLL	442
1159998013716	1	INSTRUCTIONSCROLL	445
1159998013850	1	INSTRUCTIONSCROLL	446
1159998013862	1	INSTRUCTIONSCROLL	447
1159998013875	1	INSTRUCTIONSCROLL	450
1159998013889	1	INSTRUCTIONSCROLL	452
1159998013902	1	INSTRUCTIONSCROLL	455
1159998013915	1	INSTRUCTIONSCROLL	458
1159998013929	1	INSTRUCTIONSCROLL	460
1159998013942	1	INSTRUCTIONSCROLL	463
1159998013955	1	INSTRUCTIONSCROLL	466
1159998013969	1	INSTRUCTIONSCROLL	468
1159998013982	1	INSTRUCTIONSCROLL	471
1159998013995	1	INSTRUCTIONSCROLL	474
1159998014010	1	INSTRUCTIONSCROLL	476
1159998014023	1	INSTRUCTIONSCROLL	479
1159998014076	1	INSTRUCTIONSCROLL	480
1159998014090	1	INSTRUCTIONSCROLL	482
1159998014103	1	INSTRUCTIONSCROLL	485
1159998014116	1	INSTRUCTIONSCROLL	487
1159998014130	1	INSTRUCTIONSCROLL	490
1159998014143	1	INSTRUCTIONSCROLL	493
1159998014156	1	INSTRUCTIONSCROLL	495
1159998014170	1	INSTRUCTIONSCROLL	498
1159998014183	1	INSTRUCTIONSCROLL	501
1159998014196	1	INSTRUCTIONSCROLL	503
1159998014210	1	INSTRUCTIONSCROLL	506
1159998014223	1	INSTRUCTIONSCROLL	509
1159998014236	1	INSTRUCTIONSCROLL	511
1159998014250	1	INSTRUCTIONSCROLL	514
1159998014263	1	INSTRUCTIONSCROLL	517
1159998014503	1	INSTRUCTIONSCROLL	518
1159998014516	1	INSTRUCTIONSCROLL	520
1159998014530	1	INSTRUCTIONSCROLL	522
1159998014543	1	INSTRUCTIONSCROLL	525
1159998014556	1	INSTRUCTIONSCROLL	528
1159998014570	1	INSTRUCTIONSCROLL	530
1159998014583	1	INSTRUCTIONSCROLL	533
1159998014596	1	INSTRUCTIONSCROLL	536
1159998014610	1	INSTRUCTIONSCROLL	538
1159998014623	1	INSTRUCTIONSCROLL	541
1159998014636	1	INSTRUCTIONSCROLL	544
1159998014783	1	INSTRUCTIONSCROLL	545
1159998014796	1	INSTRUCTIONSCROLL	548
1159998014810	1	INSTRUCTIONSCROLL	551
1159998014823	1	INSTRUCTIONSCROLL	553
1159998014836	1	INSTRUCTIONSCROLL	556
1159998014850	1	INSTRUCTIONSCROLL	559
1159998014862	1	INSTRUCTIONSCROLL	561
1159998014875	1	INSTRUCTIONSCROLL	564
1159998014889	1	INSTRUCTIONSCROLL	566
1159998014902	1	INSTRUCTIONSCROLL	569
1159998014915	1	INSTRUCTIONSCROLL	572
1159998014929	1	INSTRUCTIONSCROLL	574
1159998014942	1	INSTRUCTIONSCROLL	577
1159998014955	1	INSTRUCTIONSCROLL	580
1159998014969	1	INSTRUCTIONSCROLL	582
1159998014982	1	INSTRUCTIONSCROLL	585
1159998014995	1	INSTRUCTIONSCROLL	588
1159998015010	1	INSTRUCTIONSCROLL	591
1159998015023	1	INSTRUCTIONSCROLL	593
1159998015036	1	INSTRUCTIONSCROLL	596
1159998015050	1	INSTRUCTIONSCROLL	599
1159998015063	1	INSTRUCTIONSCROLL	601
1159998015076	1	INSTRUCTIONSCROLL	604
1159998015090	1	INSTRUCTIONSCROLL	607
1159998015103	1	INSTRUCTIONSCROLL	609
1159998015116	1	INSTRUCTIONSCROLL	612
1159998015130	1	INSTRUCTIONSCROLL	615
1159998015143	1	INSTRUCTIONSCROLL	617
1159998015156	1	INSTRUCTIONSCROLL	620
1159998015170	1	INSTRUCTIONSCROLL	623
1159998015183	1	INSTRUCTIONSCROLL	625
1159998015196	1	INSTRUCTIONSCROLL	628
1159998015210	1	INSTRUCTIONSCROLL	631
1159998015223	1	INSTRUCTIONSCROLL	633
1159998015236	1	INSTRUCTIONSCROLL	636
1159998015250	1	INSTRUCTIONSCROLL	639
1159998017786	1	INSTRUCTIONSCROLL	640
1159998017796	1	INSTRUCTIONSCROLL	641
1159998017810	1	INSTRUCTIONSCROLL	642
1159998017823	1	INSTRUCTIONSCROLL	645
1159998017836	1	INSTRUCTIONSCROLL	648
1159998017850	1	INSTRUCTIONSCROLL	650
1159998017862	1	INSTRUCTIONSCROLL	653
1159998017875	1	INSTRUCTIONSCROLL	655
1159998017889	1	INSTRUCTIONSCROLL	658
1159998017902	1	INSTRUCTIONSCROLL	661
1159998017915	1	INSTRUCTIONSCROLL	663
1159998017929	1	INSTRUCTIONSCROLL	666
1159998017942	1	INSTRUCTIONSCROLL	669
1159998018116	1	INSTRUCTIONSCROLL	670
1159998018130	1	INSTRUCTIONSCROLL	673
1159998018143	1	INSTRUCTIONSCROLL	676
1159998018156	1	INSTRUCTIONSCROLL	678
1159998018170	1	INSTRUCTIONSCROLL	681
1159998018183	1	INSTRUCTIONSCROLL	684
1159998018196	1	INSTRUCTIONSCROLL	686
1159998018210	1	INSTRUCTIONSCROLL	689
1159998018223	1	INSTRUCTIONSCROLL	692
1159998018236	1	INSTRUCTIONSCROLL	694
1159998018250	1	INSTRUCTIONSCROLL	697
1159998018410	1	INSTRUCTIONSCROLL	698
1159998018423	1	INSTRUCTIONSCROLL	699
1159998018436	1	INSTRUCTIONSCROLL	701
1159998018450	1	INSTRUCTIONSCROLL	704
1159998018463	1	INSTRUCTIONSCROLL	707
1159998018476	1	INSTRUCTIONSCROLL	709
1159998018490	1	INSTRUCTIONSCROLL	712
1159998018503	1	INSTRUCTIONSCROLL	715
1159998018516	1	INSTRUCTIONSCROLL	717
1159998018530	1	INSTRUCTIONSCROLL	720
1159998018543	1	INSTRUCTIONSCROLL	723
1159998018556	1	INSTRUCTIONSCROLL	725
1159998018570	1	INSTRUCTIONSCROLL	728
1159998018583	1	INSTRUCTIONSCROLL	731
1159998022570	1	INSTRUCTIONSCROLL	732
1159998022583	1	INSTRUCTIONSCROLL	734
1159998022596	1	INSTRUCTIONSCROLL	736
1159998022610	1	INSTRUCTIONSCROLL	739
1159998022623	1	INSTRUCTIONSCROLL	742
1159998022636	1	INSTRUCTIONSCROLL	744
1159998022650	1	INSTRUCTIONSCROLL	747
1159998022663	1	INSTRUCTIONSCROLL	750
1159998022676	1	INSTRUCTIONSCROLL	752
1159998022690	1	INSTRUCTIONSCROLL	755
1159998022703	1	INSTRUCTIONSCROLL	758
1159998022716	1	INSTRUCTIONSCROLL	760
1159998022915	1	INSTRUCTIONSCROLL	761
1159998022929	1	INSTRUCTIONSCROLL	762
1159998022942	1	INSTRUCTIONSCROLL	764
1159998022955	1	INSTRUCTIONSCROLL	767
1159998022969	1	INSTRUCTIONSCROLL	770
1159998022982	1	INSTRUCTIONSCROLL	772
1159998022995	1	INSTRUCTIONSCROLL	775
1159998023010	1	INSTRUCTIONSCROLL	778
1159998023023	1	INSTRUCTIONSCROLL	781
1159998023223	1	INSTRUCTIONSCROLL	782
1159998023236	1	INSTRUCTIONSCROLL	785
1159998023250	1	INSTRUCTIONSCROLL	787
1159998023263	1	INSTRUCTIONSCROLL	790
1159998023276	1	INSTRUCTIONSCROLL	793
1159998023290	1	INSTRUCTIONSCROLL	795
1159998023303	1	INSTRUCTIONSCROLL	798
1159998023316	1	INSTRUCTIONSCROLL	801
1159998023330	1	INSTRUCTIONSCROLL	803
1159998023343	1	INSTRUCTIONSCROLL	806
1159998023490	1	INSTRUCTIONSCROLL	807
1159998023503	1	INSTRUCTIONSCROLL	808
1159998023516	1	INSTRUCTIONSCROLL	811
1159998023530	1	INSTRUCTIONSCROLL	814
1159998023543	1	INSTRUCTIONSCROLL	816
1159998023556	1	INSTRUCTIONSCROLL	819
1159998023570	1	INSTRUCTIONSCROLL	822
1159998023583	1	INSTRUCTIONSCROLL	824
1159998023596	1	INSTRUCTIONSCROLL	827
1159998023610	1	INSTRUCTIONSCROLL	830
1159998023623	1	INSTRUCTIONSCROLL	832
1159998023636	1	INSTRUCTIONSCROLL	835
1159998023650	1	INSTRUCTIONSCROLL	838
1159998023836	1	INSTRUCTIONSCROLL	839
1159998023850	1	INSTRUCTIONSCROLL	840
1159998023862	1	INSTRUCTIONSCROLL	842
1159998023875	1	INSTRUCTIONSCROLL	845
1159998023889	1	INSTRUCTIONSCROLL	848
1159998023902	1	INSTRUCTIONSCROLL	850
1159998023915	1	INSTRUCTIONSCROLL	853
1159998023929	1	INSTRUCTIONSCROLL	856
1159998023942	1	INSTRUCTIONSCROLL	858
1159998023955	1	INSTRUCTIONSCROLL	861
1159998023969	1	INSTRUCTIONSCROLL	864
1159998023983	1	INSTRUCTIONSCROLL	866
1159998024303	1	INSTRUCTIONSCROLL	867
1159998024316	1	INSTRUCTIONSCROLL	868
1159998024330	1	INSTRUCTIONSCROLL	871
1159998024343	1	INSTRUCTIONSCROLL	874
1159998024356	1	INSTRUCTIONSCROLL	876
1159998024370	1	INSTRUCTIONSCROLL	879
1159998024383	1	INSTRUCTIONSCROLL	882
1159998024396	1	INSTRUCTIONSCROLL	884
1159998024410	1	INSTRUCTIONSCROLL	887
1159998024423	1	INSTRUCTIONSCROLL	890
1159998024436	1	INSTRUCTIONSCROLL	892
1159998025343	1	INSTRUCTIONSCROLL	893
1159998025356	1	INSTRUCTIONSCROLL	896
1159998025370	1	INSTRUCTIONSCROLL	899
1159998025383	1	INSTRUCTIONSCROLL	901
1159998025396	1	INSTRUCTIONSCROLL	904
1159998025410	1	INSTRUCTIONSCROLL	907
1159998025423	1	INSTRUCTIONSCROLL	909
1159998025436	1	INSTRUCTIONSCROLL	912
1159998025450	1	INSTRUCTIONSCROLL	915
1159998025463	1	INSTRUCTIONSCROLL	917
1159998025476	1	INSTRUCTIONSCROLL	920
1159998025716	1	INSTRUCTIONSCROLL	921
1159998025730	1	INSTRUCTIONSCROLL	922
1159998025743	1	INSTRUCTIONSCROLL	925
1159998025756	1	INSTRUCTIONSCROLL	928
1159998025770	1	INSTRUCTIONSCROLL	930
1159998025783	1	INSTRUCTIONSCROLL	933
1159998025796	1	INSTRUCTIONSCROLL	936
1159998025810	1	INSTRUCTIONSCROLL	938
1159998025823	1	INSTRUCTIONSCROLL	941
1159998025836	1	INSTRUCTIONSCROLL	944
1159998025850	1	INSTRUCTIONSCROLL	946
1159998025862	1	INSTRUCTIONSCROLL	949
1159998025875	1	INSTRUCTIONSCROLL	951
1159998029690	1	INSTRUCTIONSCROLL	952
1159998029703	1	INSTRUCTIONSCROLL	954
1159998029716	1	INSTRUCTIONSCROLL	957
1159998029730	1	INSTRUCTIONSCROLL	960
1159998029743	1	INSTRUCTIONSCROLL	962
1159998029757	1	INSTRUCTIONSCROLL	965
1159998029770	1	INSTRUCTIONSCROLL	968
1159998029783	1	INSTRUCTIONSCROLL	970
1159998029797	1	INSTRUCTIONSCROLL	973
1159998029810	1	INSTRUCTIONSCROLL	976
1159998029823	1	INSTRUCTIONSCROLL	978
1159998029836	1	INSTRUCTIONSCROLL	981
1159998030023	1	INSTRUCTIONSCROLL	982
1159998030036	1	INSTRUCTIONSCROLL	984
1159998030050	1	INSTRUCTIONSCROLL	987
1159998030063	1	INSTRUCTIONSCROLL	990
1159998030076	1	INSTRUCTIONSCROLL	992
1159998030090	1	INSTRUCTIONSCROLL	995
1159998030103	1	INSTRUCTIONSCROLL	998
1159998030116	1	INSTRUCTIONSCROLL	1000
1159998030130	1	INSTRUCTIONSCROLL	1003
1159998030143	1	INSTRUCTIONSCROLL	1006
1159998030156	1	INSTRUCTIONSCROLL	1008
1159998030476	1	INSTRUCTIONSCROLL	1009
1159998030490	1	INSTRUCTIONSCROLL	1010
1159998030503	1	INSTRUCTIONSCROLL	1013
1159998030516	1	INSTRUCTIONSCROLL	1015
1159998030530	1	INSTRUCTIONSCROLL	1018
1159998030543	1	INSTRUCTIONSCROLL	1021
1159998030556	1	INSTRUCTIONSCROLL	1023
1159998030570	1	INSTRUCTIONSCROLL	1026
1159998030583	1	INSTRUCTIONSCROLL	1029
1159998030597	1	INSTRUCTIONSCROLL	1031
1159998030610	1	INSTRUCTIONSCROLL	1034
1159998034716	1	INSTRUCTIONSCROLL	1035
1159998034730	1	INSTRUCTIONSCROLL	1036
1159998034743	1	INSTRUCTIONSCROLL	1039
1159998034757	1	INSTRUCTIONSCROLL	1041
1159998034770	1	INSTRUCTIONSCROLL	1044
1159998034783	1	INSTRUCTIONSCROLL	1047
1159998034797	1	INSTRUCTIONSCROLL	1049
1159998034810	1	INSTRUCTIONSCROLL	1052
1159998034823	1	INSTRUCTIONSCROLL	1055
1159998034837	1	INSTRUCTIONSCROLL	1057
1159998034850	1	INSTRUCTIONSCROLL	1060
1159998035010	1	INSTRUCTIONSCROLL	1061
1159998035023	1	INSTRUCTIONSCROLL	1064
1159998035037	1	INSTRUCTIONSCROLL	1067
1159998035050	1	INSTRUCTIONSCROLL	1070
1159998035063	1	INSTRUCTIONSCROLL	1072
1159998035077	1	INSTRUCTIONSCROLL	1075
1159998035090	1	INSTRUCTIONSCROLL	1078
1159998035103	1	INSTRUCTIONSCROLL	1080
1159998035117	1	INSTRUCTIONSCROLL	1083
1159998035130	1	INSTRUCTIONSCROLL	1086
1159998035330	1	INSTRUCTIONSCROLL	1087
1159998035343	1	INSTRUCTIONSCROLL	1090
1159998035357	1	INSTRUCTIONSCROLL	1092
1159998035370	1	INSTRUCTIONSCROLL	1095
1159998035383	1	INSTRUCTIONSCROLL	1098
1159998035397	1	INSTRUCTIONSCROLL	1100
1159998035410	1	INSTRUCTIONSCROLL	1103
1159998035423	1	INSTRUCTIONSCROLL	1106
1159998035437	1	INSTRUCTIONSCROLL	1108
1159998035450	1	INSTRUCTIONSCROLL	1111
1159998036183	1	INSTRUCTIONSCROLL	1112
1159998036197	1	INSTRUCTIONSCROLL	1113
1159998036210	1	INSTRUCTIONSCROLL	1116
1159998036223	1	INSTRUCTIONSCROLL	1119
1159998036237	1	INSTRUCTIONSCROLL	1121
1159998036250	1	INSTRUCTIONSCROLL	1124
1159998036263	1	INSTRUCTIONSCROLL	1127
1159998036277	1	INSTRUCTIONSCROLL	1129
1159998036290	1	INSTRUCTIONSCROLL	1132
1159998036303	1	INSTRUCTIONSCROLL	1135
1159998036317	1	INSTRUCTIONSCROLL	1137
1159998038862	1	INSTRUCTIONSCROLL	1138
1159998038876	1	INSTRUCTIONSCROLL	1139
1159998038889	1	INSTRUCTIONSCROLL	1141
1159998038902	1	INSTRUCTIONSCROLL	1144
1159998038916	1	INSTRUCTIONSCROLL	1147
1159998038929	1	INSTRUCTIONSCROLL	1149
1159998038942	1	INSTRUCTIONSCROLL	1152
1159998038956	1	INSTRUCTIONSCROLL	1155
1159998038969	1	INSTRUCTIONSCROLL	1157
1159998038982	1	INSTRUCTIONSCROLL	1160
1159998038996	1	INSTRUCTIONSCROLL	1163
1159998039010	1	INSTRUCTIONSCROLL	1165
1159998039023	1	INSTRUCTIONSCROLL	1168
1159998039223	1	INSTRUCTIONSCROLL	1169
1159998039237	1	INSTRUCTIONSCROLL	1171
1159998039250	1	INSTRUCTIONSCROLL	1173
1159998039263	1	INSTRUCTIONSCROLL	1176
1159998039277	1	INSTRUCTIONSCROLL	1179
1159998039290	1	INSTRUCTIONSCROLL	1181
1159998039303	1	INSTRUCTIONSCROLL	1184
1159998039317	1	INSTRUCTIONSCROLL	1186
1159998039330	1	INSTRUCTIONSCROLL	1189
1159998039343	1	INSTRUCTIONSCROLL	1192
1159998039357	1	INSTRUCTIONSCROLL	1194
1159998039370	1	INSTRUCTIONSCROLL	1197
1159998042263	1	INSTRUCTIONSCROLL	1198
1159998042277	1	INSTRUCTIONSCROLL	1199
1159998042290	1	INSTRUCTIONSCROLL	1202
1159998042303	1	INSTRUCTIONSCROLL	1205
1159998042317	1	INSTRUCTIONSCROLL	1207
1159998042330	1	INSTRUCTIONSCROLL	1210
1159998042343	1	INSTRUCTIONSCROLL	1213
1159998042357	1	INSTRUCTIONSCROLL	1215
1159998042370	1	INSTRUCTIONSCROLL	1218
1159998042383	1	INSTRUCTIONSCROLL	1221
1159998042397	1	INSTRUCTIONSCROLL	1223
1159998042410	1	INSTRUCTIONSCROLL	1226
1159998042423	1	INSTRUCTIONSCROLL	1229
1159998042437	1	INSTRUCTIONSCROLL	1231
1159998042450	1	INSTRUCTIONSCROLL	1234
1159998042464	1	INSTRUCTIONSCROLL	1237
1159998042477	1	INSTRUCTIONSCROLL	1239
1159998042490	1	INSTRUCTIONSCROLL	1242
1159998042503	1	INSTRUCTIONSCROLL	1245
1159998042517	1	INSTRUCTIONSCROLL	1247
1159998042530	1	INSTRUCTIONSCROLL	1250
1159998042543	1	INSTRUCTIONSCROLL	1253
1159998042557	1	INSTRUCTIONSCROLL	1255
1159998042570	1	INSTRUCTIONSCROLL	1258
1159998042583	1	INSTRUCTIONSCROLL	1261
1159998042597	1	INSTRUCTIONSCROLL	1263
1159998042610	1	INSTRUCTIONSCROLL	1266
1159998042623	1	INSTRUCTIONSCROLL	1269
1159998042637	1	INSTRUCTIONSCROLL	1271
1159998042650	1	INSTRUCTIONSCROLL	1274
1159998042663	1	INSTRUCTIONSCROLL	1277
1159998042677	1	INSTRUCTIONSCROLL	1279
1159998042690	1	INSTRUCTIONSCROLL	1282
1159998042703	1	INSTRUCTIONSCROLL	1285
1159998042717	1	INSTRUCTIONSCROLL	1287
1159998042929	1	INSTRUCTIONSCROLL	1288
1159998042942	1	INSTRUCTIONSCROLL	1289
1159998042956	1	INSTRUCTIONSCROLL	1292
1159998042969	1	INSTRUCTIONSCROLL	1295
1159998042982	1	INSTRUCTIONSCROLL	1297
1159998042996	1	INSTRUCTIONSCROLL	1300
1159998043010	1	INSTRUCTIONSCROLL	1303
1159998043023	1	INSTRUCTIONSCROLL	1305
1159998043037	1	INSTRUCTIONSCROLL	1308
1159998043050	1	INSTRUCTIONSCROLL	1311
1159998043063	1	INSTRUCTIONSCROLL	1313
1159998043197	1	INSTRUCTIONSCROLL	1314
1159998043210	1	INSTRUCTIONSCROLL	1317
1159998043223	1	INSTRUCTIONSCROLL	1320
1159998043237	1	INSTRUCTIONSCROLL	1322
1159998043250	1	INSTRUCTIONSCROLL	1325
1159998043263	1	INSTRUCTIONSCROLL	1328
1159998043277	1	INSTRUCTIONSCROLL	1330
1159998043290	1	INSTRUCTIONSCROLL	1333
1159998043303	1	INSTRUCTIONSCROLL	1336
1159998043317	1	INSTRUCTIONSCROLL	1338
1159998043330	1	INSTRUCTIONSCROLL	1341
1159998043343	1	INSTRUCTIONSCROLL	1344
1159998043357	1	INSTRUCTIONSCROLL	1346
1159998043370	1	INSTRUCTIONSCROLL	1349
1159998043383	1	INSTRUCTIONSCROLL	1352
1159998043397	1	INSTRUCTIONSCROLL	1354
1159998043410	1	INSTRUCTIONSCROLL	1357
1159998043423	1	INSTRUCTIONSCROLL	1360
1159998043437	1	INSTRUCTIONSCROLL	1362
1159998043450	1	INSTRUCTIONSCROLL	1365
1159998043463	1	INSTRUCTIONSCROLL	1368
1159998043477	1	INSTRUCTIONSCROLL	1370
1159998043490	1	INSTRUCTIONSCROLL	1373
1159998043503	1	INSTRUCTIONSCROLL	1376
1159998043517	1	INSTRUCTIONSCROLL	1378
1159998043530	1	INSTRUCTIONSCROLL	1381
1159998043543	1	INSTRUCTIONSCROLL	1384
1159998043557	1	INSTRUCTIONSCROLL	1386
1159998043570	1	INSTRUCTIONSCROLL	1389
1159998043583	1	INSTRUCTIONSCROLL	1392
1159998043597	1	INSTRUCTIONSCROLL	1394
1159998043610	1	INSTRUCTIONSCROLL	1397
1159998043623	1	INSTRUCTIONSCROLL	1400
1159998043637	1	INSTRUCTIONSCROLL	1402
1159998043650	1	INSTRUCTIONSCROLL	1405
1159998043663	1	INSTRUCTIONSCROLL	1408
1159998043677	1	INSTRUCTIONSCROLL	1410
1159998043690	1	INSTRUCTIONSCROLL	1413
1159998043703	1	INSTRUCTIONSCROLL	1416
1159998043717	1	INSTRUCTIONSCROLL	1418
1159998043730	1	INSTRUCTIONSCROLL	1421
1159998043743	1	INSTRUCTIONSCROLL	1424
1159998043757	1	INSTRUCTIONSCROLL	1426
1159998043770	1	INSTRUCTIONSCROLL	1429
1159998043783	1	INSTRUCTIONSCROLL	1432
1159998043797	1	INSTRUCTIONSCROLL	1434
1159998043810	1	INSTRUCTIONSCROLL	1437
1159998043823	1	INSTRUCTIONSCROLL	1440
1159998043837	1	INSTRUCTIONSCROLL	1442
1159998043850	1	INSTRUCTIONSCROLL	1445
1159998043862	1	INSTRUCTIONSCROLL	1448
1159998043876	1	INSTRUCTIONSCROLL	1450
1159998043889	1	INSTRUCTIONSCROLL	1453
1159998043902	1	INSTRUCTIONSCROLL	1455
1159998043916	1	INSTRUCTIONSCROLL	1458
1159998043929	1	INSTRUCTIONSCROLL	1461
1159998043942	1	INSTRUCTIONSCROLL	1463
1159998043956	1	INSTRUCTIONSCROLL	1466
1159998043969	1	INSTRUCTIONSCROLL	1469
1159998043982	1	INSTRUCTIONSCROLL	1471
1159998043996	1	INSTRUCTIONSCROLL	1474
1159998044010	1	INSTRUCTIONSCROLL	1477
1159998044023	1	INSTRUCTIONSCROLL	1480
1159998044037	1	INSTRUCTIONSCROLL	1482
1159998044050	1	INSTRUCTIONSCROLL	1485
1159998044063	1	INSTRUCTIONSCROLL	1488
1159998044077	1	INSTRUCTIONSCROLL	1490
1159998044090	1	INSTRUCTIONSCROLL	1493
1159998044103	1	INSTRUCTIONSCROLL	1496
1159998044117	1	INSTRUCTIONSCROLL	1498
1159998044130	1	INSTRUCTIONSCROLL	1501
1159998044143	1	INSTRUCTIONSCROLL	1504
1159998044157	1	INSTRUCTIONSCROLL	1506
1159998044170	1	INSTRUCTIONSCROLL	1509
1159998044183	1	INSTRUCTIONSCROLL	1512
1159998044197	1	INSTRUCTIONSCROLL	1514
1159998044210	1	INSTRUCTIONSCROLL	1517
1159998044223	1	INSTRUCTIONSCROLL	1520
1159998044237	1	INSTRUCTIONSCROLL	1522
1159998048797	1	INSTRUCTIONSCROLL	1523
1159998048810	1	INSTRUCTIONSCROLL	1526
1159998048823	1	INSTRUCTIONSCROLL	1528
1159998048837	1	INSTRUCTIONSCROLL	1531
1159998048850	1	INSTRUCTIONSCROLL	1534
1159998048862	1	INSTRUCTIONSCROLL	1536
1159998048876	1	INSTRUCTIONSCROLL	1539
1159998048889	1	INSTRUCTIONSCROLL	1542
1159998048902	1	INSTRUCTIONSCROLL	1544
1159998048916	1	INSTRUCTIONSCROLL	1547
1159998048929	1	INSTRUCTIONSCROLL	1550
1159998048942	1	INSTRUCTIONSCROLL	1552
1159998048956	1	INSTRUCTIONSCROLL	1555
1159998048969	1	INSTRUCTIONSCROLL	1558
1159998048982	1	INSTRUCTIONSCROLL	1560
1159998048996	1	INSTRUCTIONSCROLL	1563
1159998049010	1	INSTRUCTIONSCROLL	1566
1159998049023	1	INSTRUCTIONSCROLL	1568
1159998049037	1	INSTRUCTIONSCROLL	1571
1159998049050	1	INSTRUCTIONSCROLL	1574
1159998049063	1	INSTRUCTIONSCROLL	1576
1159998049077	1	INSTRUCTIONSCROLL	1579
1159998049090	1	INSTRUCTIONSCROLL	1582
1159998049103	1	INSTRUCTIONSCROLL	1584
1159998049117	1	INSTRUCTIONSCROLL	1587
1159998049130	1	INSTRUCTIONSCROLL	1590
1159998049143	1	INSTRUCTIONSCROLL	1592
1159998049157	1	INSTRUCTIONSCROLL	1595
1159998049170	1	INSTRUCTIONSCROLL	1598
1159998049183	1	INSTRUCTIONSCROLL	1600
1159998049197	1	INSTRUCTIONSCROLL	1603
1159998049210	1	INSTRUCTIONSCROLL	1606
1159998049223	1	INSTRUCTIONSCROLL	1608
1159998053130	1	INSTRUCTIONSCROLL	1609
1159998053143	1	INSTRUCTIONSCROLL	1610
1159998053157	1	INSTRUCTIONSCROLL	1612
1159998053170	1	INSTRUCTIONSCROLL	1615
1159998053183	1	INSTRUCTIONSCROLL	1618
1159998053197	1	INSTRUCTIONSCROLL	1620
1159998053210	1	INSTRUCTIONSCROLL	1623
1159998053223	1	INSTRUCTIONSCROLL	1626
1159998053237	1	INSTRUCTIONSCROLL	1628
1159998053250	1	INSTRUCTIONSCROLL	1631
1159998053263	1	INSTRUCTIONSCROLL	1634
1159998053277	1	INSTRUCTIONSCROLL	1636
1159998053290	1	INSTRUCTIONSCROLL	1639
1159998053303	1	INSTRUCTIONSCROLL	1642
1159998053317	1	INSTRUCTIONSCROLL	1644
1159998053330	1	INSTRUCTIONSCROLL	1647
1159998053343	1	INSTRUCTIONSCROLL	1650
1159998053357	1	INSTRUCTIONSCROLL	1652
1159998053370	1	INSTRUCTIONSCROLL	1655
1159998053383	1	INSTRUCTIONSCROLL	1658
1159998053397	1	INSTRUCTIONSCROLL	1660
1159998053410	1	INSTRUCTIONSCROLL	1663
1159998053423	1	INSTRUCTIONSCROLL	1666
1159998053437	1	INSTRUCTIONSCROLL	1668
1159998053450	1	INSTRUCTIONSCROLL	1671
1159998053463	1	INSTRUCTIONSCROLL	1674
1159998053477	1	INSTRUCTIONSCROLL	1676
1159998053490	1	INSTRUCTIONSCROLL	1679
1159998053503	1	INSTRUCTIONSCROLL	1682
1159998055210	1	INSTRUCTIONSCROLL	1683
1159998055223	1	INSTRUCTIONSCROLL	1685
1159998055237	1	INSTRUCTIONSCROLL	1688
1159998055250	1	INSTRUCTIONSCROLL	1690
1159998055263	1	INSTRUCTIONSCROLL	1693
1159998055277	1	INSTRUCTIONSCROLL	1696
1159998055290	1	INSTRUCTIONSCROLL	1698
1159998055303	1	INSTRUCTIONSCROLL	1701
1159998055317	1	INSTRUCTIONSCROLL	1704
1159998055330	1	INSTRUCTIONSCROLL	1706
1159998055343	1	INSTRUCTIONSCROLL	1709
1159998055357	1	INSTRUCTIONSCROLL	1712
1159998055370	1	INSTRUCTIONSCROLL	1714
1159998055383	1	INSTRUCTIONSCROLL	1717
1159998055397	1	INSTRUCTIONSCROLL	1720
1159998055410	1	INSTRUCTIONSCROLL	1722
1159998055423	1	INSTRUCTIONSCROLL	1725
1159998055437	1	INSTRUCTIONSCROLL	1728
1159998055450	1	INSTRUCTIONSCROLL	1730
1159998055463	1	INSTRUCTIONSCROLL	1733
1159998055477	1	INSTRUCTIONSCROLL	1736
1159998055490	1	INSTRUCTIONSCROLL	1738
1159998055503	1	INSTRUCTIONSCROLL	1740
1159998084464	1	INSTRUCTIONSTOP	Button set (OR)
1159998084468	0	E	Logging Ends
