1165528100571	0	B	Logging Begins
1165528100571	0	SETUP
1165528100579	0	RESTORESTATE
1165528100610	0	SAVESTATE
1165528100610	0	RESTORESTATE
1165528100620	0	SESSION	0
1165528384453	0	SAVESTATE
1165528390472	0	SAVESTATE
1165528396485	0	SAVESTATE
1165528402503	0	SAVESTATE
1165528408522	0	SAVESTATE
1165528414540	0	SAVESTATE
1165528420554	0	SAVESTATE
1165528426567	0	SAVESTATE
1165528432585	0	SAVESTATE
1165528438810	0	SAVESTATE
1165528444667	0	SAVESTATE
1165528450684	0	SAVESTATE
1165528456708	0	SAVESTATE
1165528462722	0	SAVESTATE
1165528468732	0	SAVESTATE
1165528474746	0	SAVESTATE
1165528490890	0	SAVESTATE
1165528494211	0	SAVESTATE
1165528500842	0	SAVESTATE
1165528509062	0	SAVESTATE
1165528513154	0	SAVESTATE
1165528517969	0	SAVESTATE
1165528525075	0	SAVESTATE
1165528530073	0	SAVESTATE
1165528537737	0	SAVESTATE
1165528543034	0	SAVESTATE
1165528547592	0	SAVESTATE
1165528553706	0	SAVESTATE
1165528561106	0	SAVESTATE
1165528567912	0	SAVESTATE
1165528573617	0	SAVESTATE
1165528579342	0	SAVESTATE
1165528585137	0	SAVESTATE
1165528591149	0	SAVESTATE
1165528597151	0	SAVESTATE
1165528603152	0	SAVESTATE
1165528609153	0	SAVESTATE
1165528615156	0	SAVESTATE
1165528621155	0	SAVESTATE
1165528627157	0	SAVESTATE
1165528633158	0	SAVESTATE
1165528639445	0	SAVESTATE
1165528645174	0	SAVESTATE
1165528651176	0	SAVESTATE
1165528657175	0	SAVESTATE
1165528663177	0	SAVESTATE
1165528669179	0	SAVESTATE
1165528675195	0	SAVESTATE
1165528685635	0	SAVESTATE
1165528693716	0	SAVESTATE
1165528698747	0	SAVESTATE
1165528704196	0	SAVESTATE
1165528711164	0	SAVESTATE
1165528717003	0	SAVESTATE
1165528724456	0	SAVESTATE
1165528727507	0	SAVESTATE
1165528736664	0	SAVESTATE
1165528739706	0	SAVESTATE
1165528745667	0	SAVESTATE
1165528751105	0	SAVESTATE
1165528757361	0	SAVESTATE
1165528763081	0	SAVESTATE
1165528770826	0	SAVESTATE
1165528776498	0	SAVESTATE
1165528781578	0	SAVESTATE
1165528787580	0	SAVESTATE
1165528793597	0	SAVESTATE
1165528799599	0	SAVESTATE
1165528805598	0	SAVESTATE
1165528811601	0	SAVESTATE
1165528817600	0	SAVESTATE
1165528823610	0	SAVESTATE
1165528829614	0	SAVESTATE
1165528835615	0	SAVESTATE
1165528841817	0	SAVESTATE
1165528847617	0	SAVESTATE
1165528853617	0	SAVESTATE
1165528859619	0	SAVESTATE
1165528865634	0	SAVESTATE
1165528871646	0	SAVESTATE
1165528882261	0	SAVESTATE
1165528888052	0	SAVESTATE
1165528892829	0	SAVESTATE
1165528900421	0	SAVESTATE
1165528905219	0	SAVESTATE
1165528911964	0	SAVESTATE
1165528917204	0	SAVESTATE
1165528923403	0	SAVESTATE
1165528931338	0	SAVESTATE
1165528937923	0	SAVESTATE
1165528941611	0	SAVESTATE
1165528948004	0	SAVESTATE
1165528955251	0	SAVESTATE
1165528961330	0	SAVESTATE
1165528965463	0	SAVESTATE
1165528971058	0	SAVESTATE
1165528976916	0	SAVESTATE
1165528982929	0	SAVESTATE
1165528988930	0	SAVESTATE
1165528994932	0	SAVESTATE
1165529000949	0	SAVESTATE
1165529006951	0	SAVESTATE
1165529013216	0	SAVESTATE
1165529018953	0	SAVESTATE
1165529024954	0	SAVESTATE
1165529030956	0	SAVESTATE
1165529036971	0	SAVESTATE
1165529042970	0	SAVESTATE
1165529048971	0	SAVESTATE
1165529054985	0	SAVESTATE
1165529060986	0	SAVESTATE
1165529066988	0	SAVESTATE
1165529078214	0	SAVESTATE
1165529082351	0	SAVESTATE
1165529089085	0	SAVESTATE
1165529094049	0	SAVESTATE
1165529103039	0	SAVESTATE
1165529106613	0	SAVESTATE
1165529112044	0	SAVESTATE
1165529118974	0	SAVESTATE
1165529125924	0	SAVESTATE
1165529129853	0	SAVESTATE
1165529135813	0	SAVESTATE
1165529144346	0	SAVESTATE
1165529150589	0	SAVESTATE
1165529154283	0	SAVESTATE
1165529161685	0	SAVESTATE
1165529166161	0	SAVESTATE
1165529174252	0	SAVESTATE
1165529180268	0	SAVESTATE
1165529186283	0	SAVESTATE
1165529192284	0	SAVESTATE
1165529198297	0	SAVESTATE
1165529204297	0	SAVESTATE
1165529210300	0	SAVESTATE
1165529216638	0	SAVESTATE
1165529222303	0	SAVESTATE
1165529228303	0	SAVESTATE
1165529234321	0	SAVESTATE
1165529240323	0	SAVESTATE
1165529246325	0	SAVESTATE
1165529252325	0	SAVESTATE
1165529258325	0	SAVESTATE
1165529264328	0	SAVESTATE
1165529275950	0	SAVESTATE
1165529279495	0	SAVESTATE
1165529284830	0	SAVESTATE
1165529293166	0	SAVESTATE
1165529297062	0	SAVESTATE
1165529304749	0	SAVESTATE
1165529312535	0	SAVESTATE
1165529315191	0	SAVESTATE
1165529323150	0	SAVESTATE
1165529327365	0	SAVESTATE
1165529333565	0	SAVESTATE
1165529339318	0	SAVESTATE
1165529347227	0	SAVESTATE
1165529352845	0	SAVESTATE
1165529357516	0	SAVESTATE
1165529363613	0	SAVESTATE
1165529370435	0	SAVESTATE
1165529376449	0	SAVESTATE
1165529382452	0	SAVESTATE
1165529388468	0	SAVESTATE
1165529394470	0	SAVESTATE
1165529400472	0	SAVESTATE
1165529406470	0	SAVESTATE
1165529412827	0	SAVESTATE
1165529418474	0	SAVESTATE
1165529424486	0	SAVESTATE
1165529430487	0	SAVESTATE
1165529436489	0	SAVESTATE
1165529442491	0	SAVESTATE
1165529448493	0	SAVESTATE
1165529454493	0	SAVESTATE
1165529460496	0	SAVESTATE
1165529471360	0	SAVESTATE
1165529476656	0	SAVESTATE
1165529483305	0	SAVESTATE
1165529490134	0	SAVESTATE
1165529495024	0	SAVESTATE
1165529501327	0	SAVESTATE
1165529508958	0	SAVESTATE
1165529511663	0	SAVESTATE
1165529518097	0	SAVESTATE
1165529523479	0	SAVESTATE
1165529530094	0	SAVESTATE
1165529535847	0	SAVESTATE
1165529541662	0	SAVESTATE
1165529550056	0	SAVESTATE
1165529555190	0	SAVESTATE
1165529561789	0	SAVESTATE
1165529566298	0	SAVESTATE
1165529572300	0	SAVESTATE
1165529578300	0	SAVESTATE
1165529584303	0	SAVESTATE
1165529590302	0	SAVESTATE
1165529596303	0	SAVESTATE
1165529602324	0	SAVESTATE
1165529608338	0	SAVESTATE
1165529614657	0	SAVESTATE
1165529620378	0	SAVESTATE
1165529626379	0	SAVESTATE
1165529632381	0	SAVESTATE
1165529638396	0	SAVESTATE
1165529644398	0	SAVESTATE
1165529650400	0	SAVESTATE
1165529656401	0	SAVESTATE
1165529667569	0	SAVESTATE
1165529672402	0	SAVESTATE
1165529677162	0	SAVESTATE
1165529684699	0	SAVESTATE
1165529690760	0	SAVESTATE
1165529695177	0	SAVESTATE
1165529701802	0	SAVESTATE
1165529708345	0	SAVESTATE
1165529713070	0	SAVESTATE
1165529719150	0	SAVESTATE
1165529726545	0	SAVESTATE
1165529731729	0	SAVESTATE
1165529738615	0	SAVESTATE
1165529743326	0	SAVESTATE
1165529749441	0	SAVESTATE
1165529756471	0	SAVESTATE
1165529761258	0	SAVESTATE
1165529767259	0	SAVESTATE
1165529773261	0	SAVESTATE
1165529779261	0	SAVESTATE
1165529785264	0	SAVESTATE
1165529791282	0	SAVESTATE
1165529797282	0	SAVESTATE
1165529803284	0	SAVESTATE
1165529809285	0	SAVESTATE
1165529815579	0	SAVESTATE
1165529821299	0	SAVESTATE
1165529827312	0	SAVESTATE
1165529833313	0	SAVESTATE
1165529839325	0	SAVESTATE
1165529845328	0	SAVESTATE
1165529851330	0	SAVESTATE
1165529867112	0	SAVESTATE
1165529872091	0	SAVESTATE
1165529876922	0	SAVESTATE
1165529884284	0	SAVESTATE
1165529889898	0	SAVESTATE
1165529895731	0	SAVESTATE
1165529900530	0	SAVESTATE
1165529907576	0	SAVESTATE
1165529912593	0	SAVESTATE
1165529918480	0	SAVESTATE
1165529924433	0	SAVESTATE
1165529930401	0	SAVESTATE
1165529938848	0	SAVESTATE
1165529942882	0	SAVESTATE
1165529949881	0	SAVESTATE
1165529954854	0	SAVESTATE
1165529960693	0	SAVESTATE
1165529966709	0	SAVESTATE
1165529972712	0	SAVESTATE
1165529978710	0	SAVESTATE
1165529984730	0	SAVESTATE
1165529990730	0	SAVESTATE
1165529996733	0	SAVESTATE
1165530002736	0	SAVESTATE
1165530008749	0	SAVESTATE
1165530015078	0	SAVESTATE
1165530020753	0	SAVESTATE
1165530026754	0	SAVESTATE
1165530032755	0	SAVESTATE
1165530038756	0	SAVESTATE
1165530044759	0	SAVESTATE
1165530050760	0	SAVESTATE
1165530061846	0	SAVESTATE
1165530068891	0	SAVESTATE
1165530075043	0	SAVESTATE
1165530080162	0	SAVESTATE
1165530085075	0	SAVESTATE
1165530090817	0	SAVESTATE
1165530097194	0	SAVESTATE
1165530102795	0	SAVESTATE
1165530110867	0	SAVESTATE
1165530114723	0	SAVESTATE
1165530121515	0	SAVESTATE
1165530127202	0	SAVESTATE
1165530134152	0	SAVESTATE
1165530141993	0	SAVESTATE
1165530145321	0	SAVESTATE
1165530154920	0	SAVESTATE
1165530158194	0	SAVESTATE
1165530164197	0	SAVESTATE
1165530170200	0	SAVESTATE
1165530176201	0	SAVESTATE
1165530182220	0	SAVESTATE
1165530188221	0	SAVESTATE
1165530194222	0	SAVESTATE
1165530200221	0	SAVESTATE
1165530206235	0	SAVESTATE
1165530212236	0	SAVESTATE
1165530218615	0	SAVESTATE
1165530224253	0	SAVESTATE
1165530230254	0	SAVESTATE
1165530236267	0	SAVESTATE
1165530242270	0	SAVESTATE
1165530248271	0	SAVESTATE
1165530258893	0	SAVESTATE
1165530264900	0	SAVESTATE
1165530270740	0	SAVESTATE
1165530275950	0	SAVESTATE
1165530281988	0	SAVESTATE
1165530288747	0	SAVESTATE
1165530294333	0	SAVESTATE
1165530301915	0	SAVESTATE
1165530309324	0	SAVESTATE
1165530312604	0	SAVESTATE
1165530318011	0	SAVESTATE
1165530324067	0	SAVESTATE
1165530330458	0	SAVESTATE
1165530336491	0	SAVESTATE
1165530343466	0	SAVESTATE
1165530347627	0	SAVESTATE
1165530450424	0	BREAK
1165530450424	0	E	Logging Ends
1165530460955	0	B	Logging Begins
1165530460955	0	SETUP
1165530460964	0	RESTORESTATE
1165530460978	0	RESTORESTATE
1165530460993	0	SESSION	0
1165530520169	0	SAVESTATE
1165530526199	0	SAVESTATE
1165530532219	0	SAVESTATE
1165530538229	0	SAVESTATE
1165530544250	0	SAVESTATE
1165530550262	0	SAVESTATE
1165530556273	0	SAVESTATE
1165530562292	0	SAVESTATE
1165530568307	0	SAVESTATE
1165530574318	0	SAVESTATE
1165530580596	0	SAVESTATE
1165530586492	0	SAVESTATE
1165530592514	0	SAVESTATE
1165530598530	0	SAVESTATE
1165530604543	0	SAVESTATE
1165530610555	0	SAVESTATE
1165530615713	0	BREAK
1165530615714	0	E	Logging Ends
