1177679829439	0	B	Logging Begins
1177679829439	0	INSTRUCTIONSTART	JointRoller	/Library/Frameworks/Python.framework/Versions/2.4/lib/python2.4/site-packages/pyepl/resources/vera.ttf	62	(0, 0, 0)	'In the following experiment, your memory for associating names with faces will be tested.  The task is difficult and requires concentration, so if you need a break at any time let the experimenter know.\n\nSixteen faces will be presented on the screen, consecutively, accompanied by their names.  A woman\'s voice will also speak the name when the face appears on the screen.  After five seconds, the face will disappear from the screen, a star (*) will flash on the screen for one second, and then the next face and name will appear.\n\nAfter you have seen all sixteen faces and names, you will be prompted to press any key in order to move on to a testing period.  During each trial of the testing period, you will see a face with name underneath it.  You will have to decide whether or not the name is paired with the appropriate face.  \n\nYou will respond on the keyboard, with a confidence judgment between 1 and 6.  A judgment of 1 indicates that you are near certain that the name given is incorrectly paired with the face, a judgment of 2 indicates moderate confidence, and a judgment of 3 indicates that you think the name is incorrectly paired with the face, but are quite unsure.  A judgment of 6 indicates that you are near certain that the name given is correctly paired with the face, a judgment of 5 indicates moderate confidence, and a judgment of 4 indicates that you think the name is correctly paired with the face, but are quite unsure.\n\nYou should rest your fingers on the bottom row of the keyboard.  "Z", "X", and  "C" will correspond to confidence judgments of 1, 2, and 3, respectively.  ",", ".", and "/" will correspond to confidence judgments of 4, 5, and 6, respectively.\n\nAfter five seconds the name and face will disappear from the screen, a star will flash on the screen for one second, and then the next name and face pair will appear on the screen.  You will see sixteen name-face pairs per test period.  You should try to reply as quickly and accurately as you can.\n\nThere will be ten study periods and ten test periods, alternating.  Each face will have the same name over the entire course of the experiment, so your task is to try and learn the faces\' names as quickly and accurately as possible.\n\nDo you have any questions?\n\nPress <ENTER> to continue.\n'
1177679829536	1	INSTRUCTIONSCROLL	0
1177679843973	1	INSTRUCTIONSCROLL	1
1177679843990	1	INSTRUCTIONSCROLL	4
1177679844008	1	INSTRUCTIONSCROLL	7
1177679844025	1	INSTRUCTIONSCROLL	11
1177679844041	1	INSTRUCTIONSCROLL	14
1177679844058	1	INSTRUCTIONSCROLL	18
1177679844075	1	INSTRUCTIONSCROLL	21
1177679844091	1	INSTRUCTIONSCROLL	24
1177679844475	1	INSTRUCTIONSCROLL	25
1177679844492	1	INSTRUCTIONSCROLL	26
1177679844509	1	INSTRUCTIONSCROLL	30
1177679844525	1	INSTRUCTIONSCROLL	33
1177679844542	1	INSTRUCTIONSCROLL	36
1177679844559	1	INSTRUCTIONSCROLL	40
1177679844842	1	INSTRUCTIONSCROLL	41
1177679844858	1	INSTRUCTIONSCROLL	42
1177679844875	1	INSTRUCTIONSCROLL	45
1177679844892	1	INSTRUCTIONSCROLL	48
1177679844908	1	INSTRUCTIONSCROLL	52
1177679844925	1	INSTRUCTIONSCROLL	55
1177679844942	1	INSTRUCTIONSCROLL	58
1177679844959	1	INSTRUCTIONSCROLL	62
1177679845160	1	INSTRUCTIONSCROLL	63
1177679845177	1	INSTRUCTIONSCROLL	66
1177679845193	1	INSTRUCTIONSCROLL	70
1177679845394	1	INSTRUCTIONSCROLL	71
1177679845410	1	INSTRUCTIONSCROLL	73
1177679845427	1	INSTRUCTIONSCROLL	77
1177679845444	1	INSTRUCTIONSCROLL	80
1177679845594	1	INSTRUCTIONSCROLL	81
1177679845610	1	INSTRUCTIONSCROLL	83
1177679845626	1	INSTRUCTIONSCROLL	86
1177679845643	1	INSTRUCTIONSCROLL	90
1177679845660	1	INSTRUCTIONSCROLL	93
1177679845676	1	INSTRUCTIONSCROLL	96
1177679845843	1	INSTRUCTIONSCROLL	97
1177679845860	1	INSTRUCTIONSCROLL	99
1177679845877	1	INSTRUCTIONSCROLL	102
1177679845894	1	INSTRUCTIONSCROLL	105
1177679845910	1	INSTRUCTIONSCROLL	109
1177679845927	1	INSTRUCTIONSCROLL	112
1177679845944	1	INSTRUCTIONSCROLL	115
1177679846078	1	INSTRUCTIONSCROLL	116
1177679846095	1	INSTRUCTIONSCROLL	118
1177679846112	1	INSTRUCTIONSCROLL	121
1177679846128	1	INSTRUCTIONSCROLL	125
1177679846145	1	INSTRUCTIONSCROLL	128
1177679846162	1	INSTRUCTIONSCROLL	131
1177679846178	1	INSTRUCTIONSCROLL	135
1177679846195	1	INSTRUCTIONSCROLL	138
1177679846212	1	INSTRUCTIONSCROLL	141
1177679846228	1	INSTRUCTIONSCROLL	145
1177679846245	1	INSTRUCTIONSCROLL	148
1177679846262	1	INSTRUCTIONSCROLL	151
1177679846278	1	INSTRUCTIONSCROLL	155
1177679846295	1	INSTRUCTIONSCROLL	158
1177679846312	1	INSTRUCTIONSCROLL	161
1177679846329	1	INSTRUCTIONSCROLL	165
1177679846345	1	INSTRUCTIONSCROLL	168
1177679846362	1	INSTRUCTIONSCROLL	171
1177679846379	1	INSTRUCTIONSCROLL	175
1177679846395	1	INSTRUCTIONSCROLL	178
1177679846412	1	INSTRUCTIONSCROLL	181
1177679846429	1	INSTRUCTIONSCROLL	185
1177679846445	1	INSTRUCTIONSCROLL	188
1177679846462	1	INSTRUCTIONSCROLL	192
1177679846479	1	INSTRUCTIONSCROLL	195
1177679846495	1	INSTRUCTIONSCROLL	198
1177679846512	1	INSTRUCTIONSCROLL	201
1177679846529	1	INSTRUCTIONSCROLL	205
1177679846546	1	INSTRUCTIONSCROLL	208
1177679846562	1	INSTRUCTIONSCROLL	211
1177679846579	1	INSTRUCTIONSCROLL	215
1177679846596	1	INSTRUCTIONSCROLL	218
1177679846611	1	INSTRUCTIONSCROLL	221
1177679846628	1	INSTRUCTIONSCROLL	225
1177679846645	1	INSTRUCTIONSCROLL	228
1177679846661	1	INSTRUCTIONSCROLL	231
1177679846678	1	INSTRUCTIONSCROLL	235
1177679846695	1	INSTRUCTIONSCROLL	238
1177679846712	1	INSTRUCTIONSCROLL	241
1177679846728	1	INSTRUCTIONSCROLL	245
1177679846745	1	INSTRUCTIONSCROLL	248
1177679846762	1	INSTRUCTIONSCROLL	251
1177679846778	1	INSTRUCTIONSCROLL	255
1177679846795	1	INSTRUCTIONSCROLL	258
1177679846812	1	INSTRUCTIONSCROLL	261
1177679846828	1	INSTRUCTIONSCROLL	265
1177679846845	1	INSTRUCTIONSCROLL	268
1177679846862	1	INSTRUCTIONSCROLL	271
1177679846879	1	INSTRUCTIONSCROLL	275
1177679846895	1	INSTRUCTIONSCROLL	278
1177679846912	1	INSTRUCTIONSCROLL	281
1177679846929	1	INSTRUCTIONSCROLL	285
1177679846945	1	INSTRUCTIONSCROLL	288
1177679846962	1	INSTRUCTIONSCROLL	291
1177679846979	1	INSTRUCTIONSCROLL	295
1177679846995	1	INSTRUCTIONSCROLL	298
1177679847013	1	INSTRUCTIONSCROLL	301
1177679847030	1	INSTRUCTIONSCROLL	305
1177679847046	1	INSTRUCTIONSCROLL	308
1177679847063	1	INSTRUCTIONSCROLL	311
1177679847080	1	INSTRUCTIONSCROLL	315
1177679847097	1	INSTRUCTIONSCROLL	318
1177679847113	1	INSTRUCTIONSCROLL	321
1177679847130	1	INSTRUCTIONSCROLL	325
1177679847147	1	INSTRUCTIONSCROLL	328
1177679847163	1	INSTRUCTIONSCROLL	332
1177679847180	1	INSTRUCTIONSCROLL	335
1177679847197	1	INSTRUCTIONSCROLL	338
1177679847213	1	INSTRUCTIONSCROLL	342
1177679847230	1	INSTRUCTIONSCROLL	345
1177679847247	1	INSTRUCTIONSCROLL	348
1177679847264	1	INSTRUCTIONSCROLL	351
1177679847280	1	INSTRUCTIONSCROLL	355
1177679847297	1	INSTRUCTIONSCROLL	358
1177679847314	1	INSTRUCTIONSCROLL	362
1177679847330	1	INSTRUCTIONSCROLL	365
1177679847347	1	INSTRUCTIONSCROLL	368
1177679847364	1	INSTRUCTIONSCROLL	372
1177679847380	1	INSTRUCTIONSCROLL	375
1177679847397	1	INSTRUCTIONSCROLL	378
1177679847414	1	INSTRUCTIONSCROLL	381
1177679847430	1	INSTRUCTIONSCROLL	385
1177679847447	1	INSTRUCTIONSCROLL	388
1177679847464	1	INSTRUCTIONSCROLL	392
1177679847481	1	INSTRUCTIONSCROLL	395
1177679847497	1	INSTRUCTIONSCROLL	398
1177679847514	1	INSTRUCTIONSCROLL	402
1177679847531	1	INSTRUCTIONSCROLL	405
1177679847547	1	INSTRUCTIONSCROLL	408
1177679847564	1	INSTRUCTIONSCROLL	412
1177679847581	1	INSTRUCTIONSCROLL	415
1177679847597	1	INSTRUCTIONSCROLL	418
1177679847613	1	INSTRUCTIONSCROLL	422
1177679847630	1	INSTRUCTIONSCROLL	425
1177679847647	1	INSTRUCTIONSCROLL	428
1177679847663	1	INSTRUCTIONSCROLL	431
1177679847680	1	INSTRUCTIONSCROLL	435
1177679847697	1	INSTRUCTIONSCROLL	438
1177679847713	1	INSTRUCTIONSCROLL	441
1177679847730	1	INSTRUCTIONSCROLL	445
1177679847747	1	INSTRUCTIONSCROLL	448
1177679847763	1	INSTRUCTIONSCROLL	452
1177679847780	1	INSTRUCTIONSCROLL	455
1177679847797	1	INSTRUCTIONSCROLL	458
1177679847813	1	INSTRUCTIONSCROLL	462
1177679847830	1	INSTRUCTIONSCROLL	465
1177679847847	1	INSTRUCTIONSCROLL	468
1177679847864	1	INSTRUCTIONSCROLL	471
1177679847880	1	INSTRUCTIONSCROLL	475
1177679847897	1	INSTRUCTIONSCROLL	478
1177679847914	1	INSTRUCTIONSCROLL	482
1177679847930	1	INSTRUCTIONSCROLL	485
1177679847947	1	INSTRUCTIONSCROLL	488
1177679847964	1	INSTRUCTIONSCROLL	492
1177679847980	1	INSTRUCTIONSCROLL	495
1177679847997	1	INSTRUCTIONSCROLL	498
1177679848015	1	INSTRUCTIONSCROLL	502
1177679848032	1	INSTRUCTIONSCROLL	505
1177679848048	1	INSTRUCTIONSCROLL	508
1177679851337	1	INSTRUCTIONSCROLL	509
1177679851354	1	INSTRUCTIONSCROLL	510
1177679851371	1	INSTRUCTIONSCROLL	513
1177679851387	1	INSTRUCTIONSCROLL	517
1177679851404	1	INSTRUCTIONSCROLL	520
1177679851421	1	INSTRUCTIONSCROLL	523
1177679851437	1	INSTRUCTIONSCROLL	527
1177679851454	1	INSTRUCTIONSCROLL	530
1177679851471	1	INSTRUCTIONSCROLL	533
1177679851487	1	INSTRUCTIONSCROLL	537
1177679851504	1	INSTRUCTIONSCROLL	540
1177679851521	1	INSTRUCTIONSCROLL	544
1177679851538	1	INSTRUCTIONSCROLL	547
1177679851554	1	INSTRUCTIONSCROLL	550
1177679851571	1	INSTRUCTIONSCROLL	554
1177679851588	1	INSTRUCTIONSCROLL	557
1177679852255	1	INSTRUCTIONSCROLL	558
1177679852272	1	INSTRUCTIONSCROLL	561
1177679852289	1	INSTRUCTIONSCROLL	565
1177679852306	1	INSTRUCTIONSCROLL	568
1177679852322	1	INSTRUCTIONSCROLL	571
1177679852339	1	INSTRUCTIONSCROLL	575
1177679852356	1	INSTRUCTIONSCROLL	578
1177679852372	1	INSTRUCTIONSCROLL	581
1177679852389	1	INSTRUCTIONSCROLL	585
1177679852406	1	INSTRUCTIONSCROLL	588
1177679852422	1	INSTRUCTIONSCROLL	591
1177679852439	1	INSTRUCTIONSCROLL	595
1177679852456	1	INSTRUCTIONSCROLL	598
1177679852473	1	INSTRUCTIONSCROLL	601
1177679852489	1	INSTRUCTIONSCROLL	605
1177679852506	1	INSTRUCTIONSCROLL	608
1177679852523	1	INSTRUCTIONSCROLL	611
1177679855277	1	INSTRUCTIONSCROLL	612
1177679855294	1	INSTRUCTIONSCROLL	614
1177679855311	1	INSTRUCTIONSCROLL	617
1177679855327	1	INSTRUCTIONSCROLL	621
1177679855344	1	INSTRUCTIONSCROLL	624
1177679855361	1	INSTRUCTIONSCROLL	627
1177679855378	1	INSTRUCTIONSCROLL	631
1177679855394	1	INSTRUCTIONSCROLL	634
1177679855411	1	INSTRUCTIONSCROLL	637
1177679855428	1	INSTRUCTIONSCROLL	641
1177679855444	1	INSTRUCTIONSCROLL	644
1177679855461	1	INSTRUCTIONSCROLL	647
1177679857181	1	INSTRUCTIONSCROLL	648
1177679857197	1	INSTRUCTIONSCROLL	650
1177679857214	1	INSTRUCTIONSCROLL	653
1177679857231	1	INSTRUCTIONSCROLL	656
1177679857247	1	INSTRUCTIONSCROLL	660
1177679857264	1	INSTRUCTIONSCROLL	663
1177679857281	1	INSTRUCTIONSCROLL	667
1177679857298	1	INSTRUCTIONSCROLL	670
1177679857314	1	INSTRUCTIONSCROLL	673
1177679857331	1	INSTRUCTIONSCROLL	677
1177679857348	1	INSTRUCTIONSCROLL	680
1177679857364	1	INSTRUCTIONSCROLL	683
1177679857381	1	INSTRUCTIONSCROLL	687
1177679857398	1	INSTRUCTIONSCROLL	690
1177679857414	1	INSTRUCTIONSCROLL	693
1177679857431	1	INSTRUCTIONSCROLL	697
1177679857448	1	INSTRUCTIONSCROLL	700
1177679857465	1	INSTRUCTIONSCROLL	703
1177679857481	1	INSTRUCTIONSCROLL	707
1177679857498	1	INSTRUCTIONSCROLL	710
1177679857798	1	INSTRUCTIONSCROLL	711
1177679857814	1	INSTRUCTIONSCROLL	713
1177679857831	1	INSTRUCTIONSCROLL	716
1177679857848	1	INSTRUCTIONSCROLL	719
1177679857864	1	INSTRUCTIONSCROLL	723
1177679857881	1	INSTRUCTIONSCROLL	726
1177679857898	1	INSTRUCTIONSCROLL	729
1177679857914	1	INSTRUCTIONSCROLL	733
1177679857931	1	INSTRUCTIONSCROLL	736
1177679857948	1	INSTRUCTIONSCROLL	739
1177679857964	1	INSTRUCTIONSCROLL	743
1177679857981	1	INSTRUCTIONSCROLL	746
1177679857998	1	INSTRUCTIONSCROLL	750
1177679858016	1	INSTRUCTIONSCROLL	753
1177679858032	1	INSTRUCTIONSCROLL	756
1177679858049	1	INSTRUCTIONSCROLL	760
1177679858066	1	INSTRUCTIONSCROLL	763
1177679858082	1	INSTRUCTIONSCROLL	766
1177679858099	1	INSTRUCTIONSCROLL	770
1177679858116	1	INSTRUCTIONSCROLL	773
1177679858132	1	INSTRUCTIONSCROLL	776
1177679858149	1	INSTRUCTIONSCROLL	780
1177679858166	1	INSTRUCTIONSCROLL	783
1177679858183	1	INSTRUCTIONSCROLL	786
1177679858199	1	INSTRUCTIONSCROLL	790
1177679858216	1	INSTRUCTIONSCROLL	793
1177679858233	1	INSTRUCTIONSCROLL	796
1177679858249	1	INSTRUCTIONSCROLL	800
1177679858266	1	INSTRUCTIONSCROLL	803
1177679858283	1	INSTRUCTIONSCROLL	807
1177679858299	1	INSTRUCTIONSCROLL	810
1177679858316	1	INSTRUCTIONSCROLL	813
1177679858333	1	INSTRUCTIONSCROLL	817
1177679858349	1	INSTRUCTIONSCROLL	820
1177679858366	1	INSTRUCTIONSCROLL	823
1177679858383	1	INSTRUCTIONSCROLL	826
1177679858399	1	INSTRUCTIONSCROLL	830
1177679858416	1	INSTRUCTIONSCROLL	833
1177679858433	1	INSTRUCTIONSCROLL	837
1177679858450	1	INSTRUCTIONSCROLL	840
1177679858466	1	INSTRUCTIONSCROLL	843
1177679858483	1	INSTRUCTIONSCROLL	847
1177679858500	1	INSTRUCTIONSCROLL	850
1177679858516	1	INSTRUCTIONSCROLL	853
1177679858533	1	INSTRUCTIONSCROLL	857
1177679858550	1	INSTRUCTIONSCROLL	860
1177679858566	1	INSTRUCTIONSCROLL	863
1177679858583	1	INSTRUCTIONSCROLL	867
1177679858600	1	INSTRUCTIONSCROLL	870
1177679858616	1	INSTRUCTIONSCROLL	873
1177679858632	1	INSTRUCTIONSCROLL	876
1177679858649	1	INSTRUCTIONSCROLL	880
1177679858666	1	INSTRUCTIONSCROLL	883
1177679858682	1	INSTRUCTIONSCROLL	886
1177679858699	1	INSTRUCTIONSCROLL	890
1177679858716	1	INSTRUCTIONSCROLL	893
1177679858732	1	INSTRUCTIONSCROLL	897
1177679858749	1	INSTRUCTIONSCROLL	900
1177679858766	1	INSTRUCTIONSCROLL	903
1177679858783	1	INSTRUCTIONSCROLL	907
1177679858799	1	INSTRUCTIONSCROLL	910
1177679858816	1	INSTRUCTIONSCROLL	913
1177679858833	1	INSTRUCTIONSCROLL	916
1177679858849	1	INSTRUCTIONSCROLL	920
1177679858866	1	INSTRUCTIONSCROLL	923
1177679858883	1	INSTRUCTIONSCROLL	926
1177679858899	1	INSTRUCTIONSCROLL	930
1177679858916	1	INSTRUCTIONSCROLL	933
1177679858933	1	INSTRUCTIONSCROLL	937
1177679858949	1	INSTRUCTIONSCROLL	940
1177679858966	1	INSTRUCTIONSCROLL	943
1177679858983	1	INSTRUCTIONSCROLL	947
1177679859001	1	INSTRUCTIONSCROLL	950
1177679859017	1	INSTRUCTIONSCROLL	954
1177679859034	1	INSTRUCTIONSCROLL	957
1177679859051	1	INSTRUCTIONSCROLL	960
1177679859067	1	INSTRUCTIONSCROLL	963
1177679859084	1	INSTRUCTIONSCROLL	967
1177679859101	1	INSTRUCTIONSCROLL	970
1177679859117	1	INSTRUCTIONSCROLL	974
1177679859134	1	INSTRUCTIONSCROLL	977
1177679859151	1	INSTRUCTIONSCROLL	980
1177679859168	1	INSTRUCTIONSCROLL	984
1177679859184	1	INSTRUCTIONSCROLL	987
1177679859201	1	INSTRUCTIONSCROLL	990
1177679859218	1	INSTRUCTIONSCROLL	993
1177679859234	1	INSTRUCTIONSCROLL	997
1177679859251	1	INSTRUCTIONSCROLL	1000
1177679859551	1	INSTRUCTIONSCROLL	1001
1177679859568	1	INSTRUCTIONSCROLL	1003
1177679859585	1	INSTRUCTIONSCROLL	1007
1177679859602	1	INSTRUCTIONSCROLL	1010
1177679859617	1	INSTRUCTIONSCROLL	1013
1177679859634	1	INSTRUCTIONSCROLL	1016
1177679859651	1	INSTRUCTIONSCROLL	1020
1177679859667	1	INSTRUCTIONSCROLL	1023
1177679859684	1	INSTRUCTIONSCROLL	1027
1177679859701	1	INSTRUCTIONSCROLL	1030
1177679859717	1	INSTRUCTIONSCROLL	1033
1177679859734	1	INSTRUCTIONSCROLL	1037
1177679859751	1	INSTRUCTIONSCROLL	1040
1177679859768	1	INSTRUCTIONSCROLL	1043
1177679859784	1	INSTRUCTIONSCROLL	1047
1177679859801	1	INSTRUCTIONSCROLL	1050
1177679859818	1	INSTRUCTIONSCROLL	1053
1177679859834	1	INSTRUCTIONSCROLL	1057
1177679859851	1	INSTRUCTIONSCROLL	1060
1177679859868	1	INSTRUCTIONSCROLL	1063
1177679859884	1	INSTRUCTIONSCROLL	1067
1177679859901	1	INSTRUCTIONSCROLL	1070
1177679859918	1	INSTRUCTIONSCROLL	1073
1177679859935	1	INSTRUCTIONSCROLL	1077
1177679859951	1	INSTRUCTIONSCROLL	1080
1177679859968	1	INSTRUCTIONSCROLL	1083
1177679859985	1	INSTRUCTIONSCROLL	1087
1177679860002	1	INSTRUCTIONSCROLL	1090
1177679860019	1	INSTRUCTIONSCROLL	1094
1177679860036	1	INSTRUCTIONSCROLL	1097
1177679860052	1	INSTRUCTIONSCROLL	1100
1177679860069	1	INSTRUCTIONSCROLL	1104
1177679861471	1	INSTRUCTIONSCROLL	1105
1177679861488	1	INSTRUCTIONSCROLL	1108
1177679861505	1	INSTRUCTIONSCROLL	1112
1177679861522	1	INSTRUCTIONSCROLL	1115
1177679861538	1	INSTRUCTIONSCROLL	1118
1177679861555	1	INSTRUCTIONSCROLL	1122
1177679861572	1	INSTRUCTIONSCROLL	1125
1177679861588	1	INSTRUCTIONSCROLL	1128
1177679861605	1	INSTRUCTIONSCROLL	1132
1177679861621	1	INSTRUCTIONSCROLL	1135
1177679861637	1	INSTRUCTIONSCROLL	1138
1177679861654	1	INSTRUCTIONSCROLL	1141
1177679861671	1	INSTRUCTIONSCROLL	1145
1177679861688	1	INSTRUCTIONSCROLL	1148
1177679861704	1	INSTRUCTIONSCROLL	1151
1177679861721	1	INSTRUCTIONSCROLL	1155
1177679861738	1	INSTRUCTIONSCROLL	1158
1177679861754	1	INSTRUCTIONSCROLL	1161
1177679861771	1	INSTRUCTIONSCROLL	1165
1177679861788	1	INSTRUCTIONSCROLL	1168
1177679861804	1	INSTRUCTIONSCROLL	1171
1177679861821	1	INSTRUCTIONSCROLL	1175
1177679861838	1	INSTRUCTIONSCROLL	1178
1177679861855	1	INSTRUCTIONSCROLL	1181
1177679861871	1	INSTRUCTIONSCROLL	1185
1177679861888	1	INSTRUCTIONSCROLL	1188
1177679861905	1	INSTRUCTIONSCROLL	1192
1177679861921	1	INSTRUCTIONSCROLL	1195
1177679861938	1	INSTRUCTIONSCROLL	1198
1177679861955	1	INSTRUCTIONSCROLL	1201
1177679861971	1	INSTRUCTIONSCROLL	1205
1177679861988	1	INSTRUCTIONSCROLL	1208
1177679862006	1	INSTRUCTIONSCROLL	1212
1177679862023	1	INSTRUCTIONSCROLL	1215
1177679862039	1	INSTRUCTIONSCROLL	1218
1177679862056	1	INSTRUCTIONSCROLL	1222
1177679862073	1	INSTRUCTIONSCROLL	1225
1177679862089	1	INSTRUCTIONSCROLL	1228
1177679862106	1	INSTRUCTIONSCROLL	1232
1177679862123	1	INSTRUCTIONSCROLL	1235
1177679862139	1	INSTRUCTIONSCROLL	1238
1177679862156	1	INSTRUCTIONSCROLL	1242
1177679862173	1	INSTRUCTIONSCROLL	1245
1177679862189	1	INSTRUCTIONSCROLL	1248
1177679862206	1	INSTRUCTIONSCROLL	1252
1177679862223	1	INSTRUCTIONSCROLL	1255
1177679862239	1	INSTRUCTIONSCROLL	1259
1177679862256	1	INSTRUCTIONSCROLL	1262
1177679862273	1	INSTRUCTIONSCROLL	1265
1177679862290	1	INSTRUCTIONSCROLL	1268
1177679862306	1	INSTRUCTIONSCROLL	1272
1177679862323	1	INSTRUCTIONSCROLL	1275
1177679862340	1	INSTRUCTIONSCROLL	1278
1177679862356	1	INSTRUCTIONSCROLL	1282
1177679862373	1	INSTRUCTIONSCROLL	1285
1177679862390	1	INSTRUCTIONSCROLL	1289
1177679862406	1	INSTRUCTIONSCROLL	1292
1177679862423	1	INSTRUCTIONSCROLL	1295
1177679862440	1	INSTRUCTIONSCROLL	1299
1177679862457	1	INSTRUCTIONSCROLL	1302
1177679862473	1	INSTRUCTIONSCROLL	1305
1177679862490	1	INSTRUCTIONSCROLL	1309
1177679862507	1	INSTRUCTIONSCROLL	1312
1177679862523	1	INSTRUCTIONSCROLL	1315
1177679862540	1	INSTRUCTIONSCROLL	1319
1177679862557	1	INSTRUCTIONSCROLL	1322
1177679862573	1	INSTRUCTIONSCROLL	1325
1177679862590	1	INSTRUCTIONSCROLL	1329
1177679862607	1	INSTRUCTIONSCROLL	1332
1177679862622	1	INSTRUCTIONSCROLL	1335
1177679862639	1	INSTRUCTIONSCROLL	1338
1177679862656	1	INSTRUCTIONSCROLL	1342
1177679862673	1	INSTRUCTIONSCROLL	1345
1177679862689	1	INSTRUCTIONSCROLL	1348
1177679862706	1	INSTRUCTIONSCROLL	1352
1177679862723	1	INSTRUCTIONSCROLL	1355
1177679862739	1	INSTRUCTIONSCROLL	1358
1177679862756	1	INSTRUCTIONSCROLL	1362
1177679862773	1	INSTRUCTIONSCROLL	1365
1177679862789	1	INSTRUCTIONSCROLL	1368
1177679862806	1	INSTRUCTIONSCROLL	1372
1177679862823	1	INSTRUCTIONSCROLL	1375
1177679862840	1	INSTRUCTIONSCROLL	1379
1177679862856	1	INSTRUCTIONSCROLL	1382
1177679862873	1	INSTRUCTIONSCROLL	1385
1177679862890	1	INSTRUCTIONSCROLL	1388
1177679862906	1	INSTRUCTIONSCROLL	1392
1177679862923	1	INSTRUCTIONSCROLL	1395
1177679862940	1	INSTRUCTIONSCROLL	1398
1177679862956	1	INSTRUCTIONSCROLL	1402
1177679862973	1	INSTRUCTIONSCROLL	1405
1177679862990	1	INSTRUCTIONSCROLL	1409
1177679863008	1	INSTRUCTIONSCROLL	1412
1177679863024	1	INSTRUCTIONSCROLL	1415
1177679863041	1	INSTRUCTIONSCROLL	1419
1177679863058	1	INSTRUCTIONSCROLL	1422
1177679863074	1	INSTRUCTIONSCROLL	1425
1177679863091	1	INSTRUCTIONSCROLL	1429
1177679863108	1	INSTRUCTIONSCROLL	1432
1177679863124	1	INSTRUCTIONSCROLL	1435
1177679863141	1	INSTRUCTIONSCROLL	1439
1177679863158	1	INSTRUCTIONSCROLL	1442
1177679863174	1	INSTRUCTIONSCROLL	1446
1177679863191	1	INSTRUCTIONSCROLL	1449
1177679863208	1	INSTRUCTIONSCROLL	1452
1177679863225	1	INSTRUCTIONSCROLL	1456
1177679863241	1	INSTRUCTIONSCROLL	1459
1177679863258	1	INSTRUCTIONSCROLL	1462
1177679863275	1	INSTRUCTIONSCROLL	1465
1177679863291	1	INSTRUCTIONSCROLL	1469
1177679863308	1	INSTRUCTIONSCROLL	1472
1177679863325	1	INSTRUCTIONSCROLL	1476
1177679863341	1	INSTRUCTIONSCROLL	1479
1177679863358	1	INSTRUCTIONSCROLL	1482
1177679863375	1	INSTRUCTIONSCROLL	1486
1177679863392	1	INSTRUCTIONSCROLL	1489
1177679863408	1	INSTRUCTIONSCROLL	1492
1177679863426	1	INSTRUCTIONSCROLL	1496
1177679863442	1	INSTRUCTIONSCROLL	1499
1177679863458	1	INSTRUCTIONSCROLL	1502
1177679864293	1	INSTRUCTIONSCROLL	1503
1177679864310	1	INSTRUCTIONSCROLL	1505
1177679864326	1	INSTRUCTIONSCROLL	1508
1177679864343	1	INSTRUCTIONSCROLL	1511
1177679864360	1	INSTRUCTIONSCROLL	1515
1177679864376	1	INSTRUCTIONSCROLL	1518
1177679864393	1	INSTRUCTIONSCROLL	1521
1177679864410	1	INSTRUCTIONSCROLL	1525
1177679864427	1	INSTRUCTIONSCROLL	1528
1177679864443	1	INSTRUCTIONSCROLL	1531
1177679864460	1	INSTRUCTIONSCROLL	1535
1177679864477	1	INSTRUCTIONSCROLL	1538
1177679864493	1	INSTRUCTIONSCROLL	1541
1177679864510	1	INSTRUCTIONSCROLL	1545
1177679864527	1	INSTRUCTIONSCROLL	1548
1177679864543	1	INSTRUCTIONSCROLL	1551
1177679864560	1	INSTRUCTIONSCROLL	1555
1177679864577	1	INSTRUCTIONSCROLL	1558
1177679864594	1	INSTRUCTIONSCROLL	1561
1177679864610	1	INSTRUCTIONSCROLL	1565
1177679864626	1	INSTRUCTIONSCROLL	1568
1177679864643	1	INSTRUCTIONSCROLL	1571
1177679864659	1	INSTRUCTIONSCROLL	1575
1177679864676	1	INSTRUCTIONSCROLL	1578
1177679864693	1	INSTRUCTIONSCROLL	1581
1177679864709	1	INSTRUCTIONSCROLL	1585
1177679864726	1	INSTRUCTIONSCROLL	1588
1177679864743	1	INSTRUCTIONSCROLL	1591
1177679864760	1	INSTRUCTIONSCROLL	1595
1177679864776	1	INSTRUCTIONSCROLL	1598
1177679864793	1	INSTRUCTIONSCROLL	1601
1177679864810	1	INSTRUCTIONSCROLL	1605
1177679864826	1	INSTRUCTIONSCROLL	1608
1177679864843	1	INSTRUCTIONSCROLL	1611
1177679864860	1	INSTRUCTIONSCROLL	1615
1177679864876	1	INSTRUCTIONSCROLL	1618
1177679864893	1	INSTRUCTIONSCROLL	1621
1177679864910	1	INSTRUCTIONSCROLL	1625
1177679864927	1	INSTRUCTIONSCROLL	1628
1177679864943	1	INSTRUCTIONSCROLL	1631
1177679864960	1	INSTRUCTIONSCROLL	1635
1177679864977	1	INSTRUCTIONSCROLL	1638
1177679864993	1	INSTRUCTIONSCROLL	1641
1177679865011	1	INSTRUCTIONSCROLL	1645
1177679865028	1	INSTRUCTIONSCROLL	1648
1177679865044	1	INSTRUCTIONSCROLL	1652
1177679865061	1	INSTRUCTIONSCROLL	1655
1177679865078	1	INSTRUCTIONSCROLL	1658
1177679865094	1	INSTRUCTIONSCROLL	1662
1177679865111	1	INSTRUCTIONSCROLL	1665
1177679865128	1	INSTRUCTIONSCROLL	1668
1177679865145	1	INSTRUCTIONSCROLL	1672
1177679865161	1	INSTRUCTIONSCROLL	1675
1177679865178	1	INSTRUCTIONSCROLL	1678
1177679865195	1	INSTRUCTIONSCROLL	1682
1177679865211	1	INSTRUCTIONSCROLL	1685
1177679865228	1	INSTRUCTIONSCROLL	1688
1177679865245	1	INSTRUCTIONSCROLL	1692
1177679865261	1	INSTRUCTIONSCROLL	1695
1177679865278	1	INSTRUCTIONSCROLL	1698
1177679865295	1	INSTRUCTIONSCROLL	1702
1177679865311	1	INSTRUCTIONSCROLL	1705
1177679865328	1	INSTRUCTIONSCROLL	1708
1177679865345	1	INSTRUCTIONSCROLL	1712
1177679865362	1	INSTRUCTIONSCROLL	1715
1177679865378	1	INSTRUCTIONSCROLL	1718
1177679865395	1	INSTRUCTIONSCROLL	1722
1177679865412	1	INSTRUCTIONSCROLL	1725
1177679865428	1	INSTRUCTIONSCROLL	1729
1177679865445	1	INSTRUCTIONSCROLL	1732
1177679865462	1	INSTRUCTIONSCROLL	1735
1177679865478	1	INSTRUCTIONSCROLL	1738
1177679865495	1	INSTRUCTIONSCROLL	1742
1177679865512	1	INSTRUCTIONSCROLL	1745
1177679865529	1	INSTRUCTIONSCROLL	1749
1177679865545	1	INSTRUCTIONSCROLL	1752
1177679865562	1	INSTRUCTIONSCROLL	1755
1177679865579	1	INSTRUCTIONSCROLL	1759
1177679865595	1	INSTRUCTIONSCROLL	1762
1177679865611	1	INSTRUCTIONSCROLL	1765
1177679865628	1	INSTRUCTIONSCROLL	1768
1177679865644	1	INSTRUCTIONSCROLL	1772
1177679865661	1	INSTRUCTIONSCROLL	1775
1177679865678	1	INSTRUCTIONSCROLL	1778
1177679865695	1	INSTRUCTIONSCROLL	1782
1177679865711	1	INSTRUCTIONSCROLL	1785
1177679865728	1	INSTRUCTIONSCROLL	1788
1177679865745	1	INSTRUCTIONSCROLL	1792
1177679865761	1	INSTRUCTIONSCROLL	1795
1177679865778	1	INSTRUCTIONSCROLL	1798
1177679865795	1	INSTRUCTIONSCROLL	1802
1177679865811	1	INSTRUCTIONSCROLL	1805
1177679865828	1	INSTRUCTIONSCROLL	1808
1177679865845	1	INSTRUCTIONSCROLL	1812
1177679865861	1	INSTRUCTIONSCROLL	1815
1177679865878	1	INSTRUCTIONSCROLL	1818
1177679865895	1	INSTRUCTIONSCROLL	1822
1177679865912	1	INSTRUCTIONSCROLL	1825
1177679865928	1	INSTRUCTIONSCROLL	1828
1177679865945	1	INSTRUCTIONSCROLL	1832
1177679865962	1	INSTRUCTIONSCROLL	1835
1177679865978	1	INSTRUCTIONSCROLL	1838
1177679865995	1	INSTRUCTIONSCROLL	1842
1177679866013	1	INSTRUCTIONSCROLL	1845
1177679866029	1	INSTRUCTIONSCROLL	1849
1177679866046	1	INSTRUCTIONSCROLL	1852
1177679866063	1	INSTRUCTIONSCROLL	1855
1177679866080	1	INSTRUCTIONSCROLL	1859
1177679866096	1	INSTRUCTIONSCROLL	1862
1177679866113	1	INSTRUCTIONSCROLL	1865
1177679866130	1	INSTRUCTIONSCROLL	1869
1177679866146	1	INSTRUCTIONSCROLL	1872
1177679866163	1	INSTRUCTIONSCROLL	1875
1177679866180	1	INSTRUCTIONSCROLL	1879
1177679866196	1	INSTRUCTIONSCROLL	1882
1177679866213	1	INSTRUCTIONSCROLL	1885
1177679866230	1	INSTRUCTIONSCROLL	1889
1177679866246	1	INSTRUCTIONSCROLL	1892
1177679866263	1	INSTRUCTIONSCROLL	1895
1177679866280	1	INSTRUCTIONSCROLL	1899
1177679866297	1	INSTRUCTIONSCROLL	1902
1177679866313	1	INSTRUCTIONSCROLL	1905
1177679866330	1	INSTRUCTIONSCROLL	1909
1177679866347	1	INSTRUCTIONSCROLL	1912
1177679866363	1	INSTRUCTIONSCROLL	1915
1177679866380	1	INSTRUCTIONSCROLL	1919
1177679866397	1	INSTRUCTIONSCROLL	1922
1177679866413	1	INSTRUCTIONSCROLL	1925
1177679866430	1	INSTRUCTIONSCROLL	1929
1177679866447	1	INSTRUCTIONSCROLL	1932
1177679866464	1	INSTRUCTIONSCROLL	1935
1177679866480	1	INSTRUCTIONSCROLL	1939
1177679866497	1	INSTRUCTIONSCROLL	1942
1177679866514	1	INSTRUCTIONSCROLL	1946
1177679866530	1	INSTRUCTIONSCROLL	1949
1177679866547	1	INSTRUCTIONSCROLL	1952
1177679866564	1	INSTRUCTIONSCROLL	1955
1177679866580	1	INSTRUCTIONSCROLL	1959
1177679866597	1	INSTRUCTIONSCROLL	1962
1177679866613	1	INSTRUCTIONSCROLL	1965
1177679866629	1	INSTRUCTIONSCROLL	1969
1177679866646	1	INSTRUCTIONSCROLL	1972
1177679866663	1	INSTRUCTIONSCROLL	1975
1177679866680	1	INSTRUCTIONSCROLL	1979
1177679866696	1	INSTRUCTIONSCROLL	1982
1177679866713	1	INSTRUCTIONSCROLL	1985
1177679866730	1	INSTRUCTIONSCROLL	1989
1177679866746	1	INSTRUCTIONSCROLL	1992
1177679866763	1	INSTRUCTIONSCROLL	1995
1177679866780	1	INSTRUCTIONSCROLL	1999
1177679866796	1	INSTRUCTIONSCROLL	2002
1177679866813	1	INSTRUCTIONSCROLL	2005
1177679866830	1	INSTRUCTIONSCROLL	2009
1177679866847	1	INSTRUCTIONSCROLL	2012
1177679866863	1	INSTRUCTIONSCROLL	2015
1177679866880	1	INSTRUCTIONSCROLL	2019
1177679866897	1	INSTRUCTIONSCROLL	2022
1177679866913	1	INSTRUCTIONSCROLL	2025
1177679866930	1	INSTRUCTIONSCROLL	2029
1177679866947	1	INSTRUCTIONSCROLL	2032
1177679866963	1	INSTRUCTIONSCROLL	2036
1177679866980	1	INSTRUCTIONSCROLL	2039
1177679866997	1	INSTRUCTIONSCROLL	2042
1177679867015	1	INSTRUCTIONSCROLL	2045
1177679867031	1	INSTRUCTIONSCROLL	2049
1177679867048	1	INSTRUCTIONSCROLL	2052
1177679867065	1	INSTRUCTIONSCROLL	2056
1177679867081	1	INSTRUCTIONSCROLL	2059
1177679867098	1	INSTRUCTIONSCROLL	2062
1177679867115	1	INSTRUCTIONSCROLL	2066
1177679867131	1	INSTRUCTIONSCROLL	2069
1177679867148	1	INSTRUCTIONSCROLL	2072
1177679867165	1	INSTRUCTIONSCROLL	2076
1177679867181	1	INSTRUCTIONSCROLL	2079
1177679867198	1	INSTRUCTIONSCROLL	2082
1177679867215	1	INSTRUCTIONSCROLL	2086
1177679867232	1	INSTRUCTIONSCROLL	2089
1177679867248	1	INSTRUCTIONSCROLL	2092
1177679867265	1	INSTRUCTIONSCROLL	2096
1177679867282	1	INSTRUCTIONSCROLL	2099
1177679867298	1	INSTRUCTIONSCROLL	2102
1177679867315	1	INSTRUCTIONSCROLL	2106
1177679867332	1	INSTRUCTIONSCROLL	2109
1177679867348	1	INSTRUCTIONSCROLL	2112
1177679867365	1	INSTRUCTIONSCROLL	2116
1177679867382	1	INSTRUCTIONSCROLL	2119
1177679867398	1	INSTRUCTIONSCROLL	2122
1177679867415	1	INSTRUCTIONSCROLL	2126
1177679867432	1	INSTRUCTIONSCROLL	2129
1177679867449	1	INSTRUCTIONSCROLL	2133
1177679867465	1	INSTRUCTIONSCROLL	2136
1177679867482	1	INSTRUCTIONSCROLL	2139
1177679867499	1	INSTRUCTIONSCROLL	2143
1177679867515	1	INSTRUCTIONSCROLL	2146
1177679867532	1	INSTRUCTIONSCROLL	2149
1177679867549	1	INSTRUCTIONSCROLL	2152
1177679867565	1	INSTRUCTIONSCROLL	2156
1177679867582	1	INSTRUCTIONSCROLL	2159
1177679867599	1	INSTRUCTIONSCROLL	2163
1177679867615	1	INSTRUCTIONSCROLL	2166
1177679867631	1	INSTRUCTIONSCROLL	2169
1177679867648	1	INSTRUCTIONSCROLL	2172
1177679867665	1	INSTRUCTIONSCROLL	2176
1177679867681	1	INSTRUCTIONSCROLL	2179
1177679867698	1	INSTRUCTIONSCROLL	2182
1177679867715	1	INSTRUCTIONSCROLL	2186
1177679867731	1	INSTRUCTIONSCROLL	2189
1177679867748	1	INSTRUCTIONSCROLL	2192
1177679867765	1	INSTRUCTIONSCROLL	2196
1177679867784	1	INSTRUCTIONSCROLL	2199
1177679867798	1	INSTRUCTIONSCROLL	2203
1177679867815	1	INSTRUCTIONSCROLL	2206
1177679867832	1	INSTRUCTIONSCROLL	2209
1177679867848	1	INSTRUCTIONSCROLL	2212
1177679867865	1	INSTRUCTIONSCROLL	2216
1177679867882	1	INSTRUCTIONSCROLL	2219
1177679867898	1	INSTRUCTIONSCROLL	2222
1177679867915	1	INSTRUCTIONSCROLL	2226
1177679867932	1	INSTRUCTIONSCROLL	2229
1177679867948	1	INSTRUCTIONSCROLL	2233
1177679867965	1	INSTRUCTIONSCROLL	2236
1177679867982	1	INSTRUCTIONSCROLL	2239
1177679868000	1	INSTRUCTIONSCROLL	2242
1177679868016	1	INSTRUCTIONSCROLL	2246
1177679868033	1	INSTRUCTIONSCROLL	2249
1177679868050	1	INSTRUCTIONSCROLL	2253
1177679868066	1	INSTRUCTIONSCROLL	2256
1177679868083	1	INSTRUCTIONSCROLL	2259
1177679868100	1	INSTRUCTIONSCROLL	2263
1177679868116	1	INSTRUCTIONSCROLL	2266
1177679868133	1	INSTRUCTIONSCROLL	2269
1177679868150	1	INSTRUCTIONSCROLL	2273
1177679868167	1	INSTRUCTIONSCROLL	2276
1177679868183	1	INSTRUCTIONSCROLL	2279
1177679868200	1	INSTRUCTIONSCROLL	2283
1177679868217	1	INSTRUCTIONSCROLL	2286
1177679868233	1	INSTRUCTIONSCROLL	2289
1177679868250	1	INSTRUCTIONSCROLL	2293
1177679868267	1	INSTRUCTIONSCROLL	2296
1177679868283	1	INSTRUCTIONSCROLL	2299
1177679868300	1	INSTRUCTIONSCROLL	2303
1177679868317	1	INSTRUCTIONSCROLL	2306
1177679868333	1	INSTRUCTIONSCROLL	2309
1177679868350	1	INSTRUCTIONSCROLL	2313
1177679868367	1	INSTRUCTIONSCROLL	2316
1177679868384	1	INSTRUCTIONSCROLL	2319
1177679868400	1	INSTRUCTIONSCROLL	2323
1177679868417	1	INSTRUCTIONSCROLL	2326
1177679868434	1	INSTRUCTIONSCROLL	2330
1177679868450	1	INSTRUCTIONSCROLL	2333
1177679868467	1	INSTRUCTIONSCROLL	2336
1177679868484	1	INSTRUCTIONSCROLL	2340
1177679868500	1	INSTRUCTIONSCROLL	2343
1177679868517	1	INSTRUCTIONSCROLL	2346
1177679868534	1	INSTRUCTIONSCROLL	2349
1177679868551	1	INSTRUCTIONSCROLL	2353
1177679868567	1	INSTRUCTIONSCROLL	2356
1177679868584	1	INSTRUCTIONSCROLL	2360
1177679868601	1	INSTRUCTIONSCROLL	2363
1177679868616	1	INSTRUCTIONSCROLL	2366
1177679868633	1	INSTRUCTIONSCROLL	2369
1177679868650	1	INSTRUCTIONSCROLL	2373
1177679868666	1	INSTRUCTIONSCROLL	2376
1177679868683	1	INSTRUCTIONSCROLL	2379
1177679868700	1	INSTRUCTIONSCROLL	2383
1177679868717	1	INSTRUCTIONSCROLL	2386
1177679868733	1	INSTRUCTIONSCROLL	2389
1177679868750	1	INSTRUCTIONSCROLL	2393
1177679868767	1	INSTRUCTIONSCROLL	2396
1177679868783	1	INSTRUCTIONSCROLL	2399
1177679868800	1	INSTRUCTIONSCROLL	2403
1177679868817	1	INSTRUCTIONSCROLL	2406
1177679868833	1	INSTRUCTIONSCROLL	2409
1177679868850	1	INSTRUCTIONSCROLL	2413
1177679868867	1	INSTRUCTIONSCROLL	2416
1177679868883	1	INSTRUCTIONSCROLL	2420
1177679868900	1	INSTRUCTIONSCROLL	2423
1177679868917	1	INSTRUCTIONSCROLL	2426
1177679868933	1	INSTRUCTIONSCROLL	2429
1177679868950	1	INSTRUCTIONSCROLL	2433
1177679868967	1	INSTRUCTIONSCROLL	2436
1177679868984	1	INSTRUCTIONSCROLL	2439
1177679869001	1	INSTRUCTIONSCROLL	2443
1177679869018	1	INSTRUCTIONSCROLL	2446
1177679869035	1	INSTRUCTIONSCROLL	2450
1177679869051	1	INSTRUCTIONSCROLL	2453
1177679869068	1	INSTRUCTIONSCROLL	2456
1177679869085	1	INSTRUCTIONSCROLL	2460
1177679869101	1	INSTRUCTIONSCROLL	2463
1177679869118	1	INSTRUCTIONSCROLL	2466
1177679869135	1	INSTRUCTIONSCROLL	2470
1177679869152	1	INSTRUCTIONSCROLL	2473
1177679869168	1	INSTRUCTIONSCROLL	2476
1177679869185	1	INSTRUCTIONSCROLL	2480
1177679869202	1	INSTRUCTIONSCROLL	2483
1177679869218	1	INSTRUCTIONSCROLL	2487
1177679869235	1	INSTRUCTIONSCROLL	2490
1177679869252	1	INSTRUCTIONSCROLL	2493
1177679869268	1	INSTRUCTIONSCROLL	2496
1177679869285	1	INSTRUCTIONSCROLL	2500
1177679869302	1	INSTRUCTIONSCROLL	2503
1177679869318	1	INSTRUCTIONSCROLL	2506
1177679869335	1	INSTRUCTIONSCROLL	2510
1177679869352	1	INSTRUCTIONSCROLL	2513
1177679869369	1	INSTRUCTIONSCROLL	2517
1177679869385	1	INSTRUCTIONSCROLL	2520
1177679869402	1	INSTRUCTIONSCROLL	2523
1177679869419	1	INSTRUCTIONSCROLL	2527
1177679869435	1	INSTRUCTIONSCROLL	2530
1177679869452	1	INSTRUCTIONSCROLL	2533
1177679869469	1	INSTRUCTIONSCROLL	2536
1177679869485	1	INSTRUCTIONSCROLL	2540
1177679869502	1	INSTRUCTIONSCROLL	2543
1177679869519	1	INSTRUCTIONSCROLL	2547
1177679869952	1	INSTRUCTIONSCROLL	2548
1177679869969	1	INSTRUCTIONSCROLL	2551
1177679869985	1	INSTRUCTIONSCROLL	2555
1177679870003	1	INSTRUCTIONSCROLL	2558
1177679870020	1	INSTRUCTIONSCROLL	2562
1177679870187	1	INSTRUCTIONSCROLL	2563
1177679870203	1	INSTRUCTIONSCROLL	2564
1177679870220	1	INSTRUCTIONSCROLL	2567
1177679870237	1	INSTRUCTIONSCROLL	2570
1177679870253	1	INSTRUCTIONSCROLL	2574
1177679870370	1	INSTRUCTIONSCROLL	2575
1177679870387	1	INSTRUCTIONSCROLL	2577
1177679870404	1	INSTRUCTIONSCROLL	2580
1177679870421	1	INSTRUCTIONSCROLL	2584
1177679870437	1	INSTRUCTIONSCROLL	2587
1177679870454	1	INSTRUCTIONSCROLL	2590
1177679870470	1	INSTRUCTIONSCROLL	2594
1177679870487	1	INSTRUCTIONSCROLL	2597
1177679870504	1	INSTRUCTIONSCROLL	2601
1177679870521	1	INSTRUCTIONSCROLL	2604
1177679870537	1	INSTRUCTIONSCROLL	2607
1177679870554	1	INSTRUCTIONSCROLL	2611
1177679870571	1	INSTRUCTIONSCROLL	2614
1177679870587	1	INSTRUCTIONSCROLL	2617
1177679870604	1	INSTRUCTIONSCROLL	2621
1177679870620	1	INSTRUCTIONSCROLL	2624
1177679870636	1	INSTRUCTIONSCROLL	2627
1177679870653	1	INSTRUCTIONSCROLL	2630
1177679870670	1	INSTRUCTIONSCROLL	2634
1177679870687	1	INSTRUCTIONSCROLL	2637
1177679870703	1	INSTRUCTIONSCROLL	2640
1177679870720	1	INSTRUCTIONSCROLL	2644
1177679870737	1	INSTRUCTIONSCROLL	2647
1177679870753	1	INSTRUCTIONSCROLL	2650
1177679870770	1	INSTRUCTIONSCROLL	2654
1177679870787	1	INSTRUCTIONSCROLL	2657
1177679870803	1	INSTRUCTIONSCROLL	2660
1177679870820	1	INSTRUCTIONSCROLL	2664
1177679870837	1	INSTRUCTIONSCROLL	2667
1177679870853	1	INSTRUCTIONSCROLL	2670
1177679870870	1	INSTRUCTIONSCROLL	2674
1177679870887	1	INSTRUCTIONSCROLL	2677
1177679870904	1	INSTRUCTIONSCROLL	2681
1177679870920	1	INSTRUCTIONSCROLL	2684
1177679870937	1	INSTRUCTIONSCROLL	2687
1177679870954	1	INSTRUCTIONSCROLL	2691
1177679870970	1	INSTRUCTIONSCROLL	2694
1177679870987	1	INSTRUCTIONSCROLL	2697
1177679871005	1	INSTRUCTIONSCROLL	2700
1177679871022	1	INSTRUCTIONSCROLL	2704
1177679871038	1	INSTRUCTIONSCROLL	2707
1177679871055	1	INSTRUCTIONSCROLL	2711
1177679871072	1	INSTRUCTIONSCROLL	2714
1177679871088	1	INSTRUCTIONSCROLL	2717
1177679871105	1	INSTRUCTIONSCROLL	2721
1177679871122	1	INSTRUCTIONSCROLL	2724
1177679871138	1	INSTRUCTIONSCROLL	2728
1177679871155	1	INSTRUCTIONSCROLL	2731
1177679871172	1	INSTRUCTIONSCROLL	2734
1177679871188	1	INSTRUCTIONSCROLL	2737
1177679871205	1	INSTRUCTIONSCROLL	2741
1177679873142	1	INSTRUCTIONSCROLL	2742
1177679873158	1	INSTRUCTIONSCROLL	2743
1177679873175	1	INSTRUCTIONSCROLL	2747
1177679873192	1	INSTRUCTIONSCROLL	2750
1177679873209	1	INSTRUCTIONSCROLL	2753
1177679873225	1	INSTRUCTIONSCROLL	2757
1177679873242	1	INSTRUCTIONSCROLL	2760
1177679873593	1	INSTRUCTIONSCROLL	2761
1177679873609	1	INSTRUCTIONSCROLL	2763
1177679873625	1	INSTRUCTIONSCROLL	2767
1177679873642	1	INSTRUCTIONSCROLL	2770
1177679873658	1	INSTRUCTIONSCROLL	2773
1177679873675	1	INSTRUCTIONSCROLL	2777
1177679873692	1	INSTRUCTIONSCROLL	2780
1177679875579	1	INSTRUCTIONSCROLL	2781
1177679875596	1	INSTRUCTIONSCROLL	2782
1177679875612	1	INSTRUCTIONSCROLL	2785
1177679875628	1	INSTRUCTIONSCROLL	2789
1177679875645	1	INSTRUCTIONSCROLL	2792
1177679875662	1	INSTRUCTIONSCROLL	2795
1177679875678	1	INSTRUCTIONSCROLL	2799
1177679875695	1	INSTRUCTIONSCROLL	2802
1177679875712	1	INSTRUCTIONSCROLL	2805
1177679875729	1	INSTRUCTIONSCROLL	2809
1177679875745	1	INSTRUCTIONSCROLL	2812
1177679876464	1	INSTRUCTIONSCROLL	2813
1177679876481	1	INSTRUCTIONSCROLL	2814
1177679876498	1	INSTRUCTIONSCROLL	2817
1177679876514	1	INSTRUCTIONSCROLL	2820
1177679876531	1	INSTRUCTIONSCROLL	2824
1177679876548	1	INSTRUCTIONSCROLL	2827
1177679876564	1	INSTRUCTIONSCROLL	2830
1177679876581	1	INSTRUCTIONSCROLL	2834
1177679876598	1	INSTRUCTIONSCROLL	2837
1177679876613	1	INSTRUCTIONSCROLL	2840
1177679876630	1	INSTRUCTIONSCROLL	2844
1177679876647	1	INSTRUCTIONSCROLL	2847
1177679876663	1	INSTRUCTIONSCROLL	2850
1177679876680	1	INSTRUCTIONSCROLL	2854
1177679876697	1	INSTRUCTIONSCROLL	2857
1177679877049	1	INSTRUCTIONSCROLL	2858
1177679877065	1	INSTRUCTIONSCROLL	2859
1177679877082	1	INSTRUCTIONSCROLL	2862
1177679877099	1	INSTRUCTIONSCROLL	2865
1177679877115	1	INSTRUCTIONSCROLL	2869
1177679877132	1	INSTRUCTIONSCROLL	2872
1177679877149	1	INSTRUCTIONSCROLL	2875
1177679877165	1	INSTRUCTIONSCROLL	2879
1177679877182	1	INSTRUCTIONSCROLL	2882
1177679877199	1	INSTRUCTIONSCROLL	2885
1177679877216	1	INSTRUCTIONSCROLL	2889
1177679877483	1	INSTRUCTIONSCROLL	2890
1177679877499	1	INSTRUCTIONSCROLL	2891
1177679877516	1	INSTRUCTIONSCROLL	2895
1177679877533	1	INSTRUCTIONSCROLL	2898
1177679877549	1	INSTRUCTIONSCROLL	2901
1177679877566	1	INSTRUCTIONSCROLL	2905
1177679877583	1	INSTRUCTIONSCROLL	2908
1177679877599	1	INSTRUCTIONSCROLL	2911
1177679877615	1	INSTRUCTIONSCROLL	2915
1177679877632	1	INSTRUCTIONSCROLL	2918
1177679878017	1	INSTRUCTIONSCROLL	2919
1177679878034	1	INSTRUCTIONSCROLL	2923
1177679878050	1	INSTRUCTIONSCROLL	2926
1177679878067	1	INSTRUCTIONSCROLL	2930
1177679878084	1	INSTRUCTIONSCROLL	2933
1177679878100	1	INSTRUCTIONSCROLL	2936
1177679878317	1	INSTRUCTIONSCROLL	2937
1177679878334	1	INSTRUCTIONSCROLL	2941
1177679878351	1	INSTRUCTIONSCROLL	2944
1177679878367	1	INSTRUCTIONSCROLL	2947
1177679878384	1	INSTRUCTIONSCROLL	2951
1177679878401	1	INSTRUCTIONSCROLL	2954
1177679878418	1	INSTRUCTIONSCROLL	2957
1177679878534	1	INSTRUCTIONSCROLL	2958
1177679878551	1	INSTRUCTIONSCROLL	2960
1177679878568	1	INSTRUCTIONSCROLL	2963
1177679878585	1	INSTRUCTIONSCROLL	2967
1177679878601	1	INSTRUCTIONSCROLL	2970
1177679878617	1	INSTRUCTIONSCROLL	2974
1177679878634	1	INSTRUCTIONSCROLL	2977
1177679878650	1	INSTRUCTIONSCROLL	2980
1177679878667	1	INSTRUCTIONSCROLL	2983
1177679878684	1	INSTRUCTIONSCROLL	2987
1177679878700	1	INSTRUCTIONSCROLL	2990
1177679879069	1	INSTRUCTIONSCROLL	2991
1177679879085	1	INSTRUCTIONSCROLL	2994
1177679879102	1	INSTRUCTIONSCROLL	2998
1177679879119	1	INSTRUCTIONSCROLL	3001
1177679879135	1	INSTRUCTIONSCROLL	3004
1177679879152	1	INSTRUCTIONSCROLL	3008
1177679879169	1	INSTRUCTIONSCROLL	3011
1177679879186	1	INSTRUCTIONSCROLL	3014
1177679879202	1	INSTRUCTIONSCROLL	3018
1177679879219	1	INSTRUCTIONSCROLL	3021
1177679879570	1	INSTRUCTIONSCROLL	3022
1177679879586	1	INSTRUCTIONSCROLL	3025
1177679879603	1	INSTRUCTIONSCROLL	3028
1177679879619	1	INSTRUCTIONSCROLL	3031
1177679879635	1	INSTRUCTIONSCROLL	3034
1177679879652	1	INSTRUCTIONSCROLL	3038
1177679879669	1	INSTRUCTIONSCROLL	3041
1177679879685	1	INSTRUCTIONSCROLL	3044
1177679879702	1	INSTRUCTIONSCROLL	3048
1177679879719	1	INSTRUCTIONSCROLL	3051
1177679879852	1	INSTRUCTIONSCROLL	3052
1177679879869	1	INSTRUCTIONSCROLL	3055
1177679879886	1	INSTRUCTIONSCROLL	3059
1177679879902	1	INSTRUCTIONSCROLL	3062
1177679879919	1	INSTRUCTIONSCROLL	3065
1177679879936	1	INSTRUCTIONSCROLL	3069
1177679879953	1	INSTRUCTIONSCROLL	3072
1177679879969	1	INSTRUCTIONSCROLL	3075
1177679879986	1	INSTRUCTIONSCROLL	3079
1177679880004	1	INSTRUCTIONSCROLL	3082
1177679880020	1	INSTRUCTIONSCROLL	3086
1177679880037	1	INSTRUCTIONSCROLL	3089
1177679880054	1	INSTRUCTIONSCROLL	3092
1177679880070	1	INSTRUCTIONSCROLL	3096
1177679880087	1	INSTRUCTIONSCROLL	3099
1177679880104	1	INSTRUCTIONSCROLL	3102
1177679880121	1	INSTRUCTIONSCROLL	3106
1177679880137	1	INSTRUCTIONSCROLL	3109
1177679880154	1	INSTRUCTIONSCROLL	3112
1177679880171	1	INSTRUCTIONSCROLL	3116
1177679880187	1	INSTRUCTIONSCROLL	3119
1177679880204	1	INSTRUCTIONSCROLL	3122
1177679880221	1	INSTRUCTIONSCROLL	3126
1177679880237	1	INSTRUCTIONSCROLL	3129
1177679880254	1	INSTRUCTIONSCROLL	3132
1177679880271	1	INSTRUCTIONSCROLL	3136
1177679880288	1	INSTRUCTIONSCROLL	3139
1177679880304	1	INSTRUCTIONSCROLL	3142
1177679880605	1	INSTRUCTIONSCROLL	3143
1177679880620	1	INSTRUCTIONSCROLL	3145
1177679880637	1	INSTRUCTIONSCROLL	3148
1177679880654	1	INSTRUCTIONSCROLL	3151
1177679880670	1	INSTRUCTIONSCROLL	3155
1177679880687	1	INSTRUCTIONSCROLL	3158
1177679880704	1	INSTRUCTIONSCROLL	3162
1177679880721	1	INSTRUCTIONSCROLL	3165
1177679880737	1	INSTRUCTIONSCROLL	3168
1177679881022	1	INSTRUCTIONSCROLL	3169
1177679881039	1	INSTRUCTIONSCROLL	3171
1177679881056	1	INSTRUCTIONSCROLL	3174
1177679881072	1	INSTRUCTIONSCROLL	3178
1177679881089	1	INSTRUCTIONSCROLL	3181
1177679881106	1	INSTRUCTIONSCROLL	3184
1177679881122	1	INSTRUCTIONSCROLL	3188
1177679881439	1	INSTRUCTIONSCROLL	3189
1177679881456	1	INSTRUCTIONSCROLL	3193
1177679881473	1	INSTRUCTIONSCROLL	3196
1177679881490	1	INSTRUCTIONSCROLL	3199
1177679881506	1	INSTRUCTIONSCROLL	3203
1177679881523	1	INSTRUCTIONSCROLL	3206
1177679881540	1	INSTRUCTIONSCROLL	3209
1177679881556	1	INSTRUCTIONSCROLL	3213
1177679881573	1	INSTRUCTIONSCROLL	3216
1177679881873	1	INSTRUCTIONSCROLL	3217
1177679881889	1	INSTRUCTIONSCROLL	3220
1177679881906	1	INSTRUCTIONSCROLL	3223
1177679881923	1	INSTRUCTIONSCROLL	3226
1177679881939	1	INSTRUCTIONSCROLL	3230
1177679881956	1	INSTRUCTIONSCROLL	3233
1177679881973	1	INSTRUCTIONSCROLL	3236
1177679881989	1	INSTRUCTIONSCROLL	3240
1177679882007	1	INSTRUCTIONSCROLL	3243
1177679882024	1	INSTRUCTIONSCROLL	3247
1177679884395	1	INSTRUCTIONSCROLL	3248
1177679884411	1	INSTRUCTIONSCROLL	3249
1177679884429	1	INSTRUCTIONSCROLL	3252
1177679884445	1	INSTRUCTIONSCROLL	3256
1177679884461	1	INSTRUCTIONSCROLL	3259
1177679884478	1	INSTRUCTIONSCROLL	3262
1177679885346	1	INSTRUCTIONSCROLL	3263
1177679885363	1	INSTRUCTIONSCROLL	3264
1177679885380	1	INSTRUCTIONSCROLL	3268
1177679885396	1	INSTRUCTIONSCROLL	3271
1177679886131	1	INSTRUCTIONSCROLL	3272
1177679886148	1	INSTRUCTIONSCROLL	3275
1177679886164	1	INSTRUCTIONSCROLL	3278
1177679886181	1	INSTRUCTIONSCROLL	3282
1177679886198	1	INSTRUCTIONSCROLL	3285
1177679886214	1	INSTRUCTIONSCROLL	3288
1177679886231	1	INSTRUCTIONSCROLL	3292
1177679886248	1	INSTRUCTIONSCROLL	3295
1177679886498	1	INSTRUCTIONSCROLL	3296
1177679886515	1	INSTRUCTIONSCROLL	3297
1177679886532	1	INSTRUCTIONSCROLL	3300
1177679886548	1	INSTRUCTIONSCROLL	3304
1177679886565	1	INSTRUCTIONSCROLL	3307
1177679886582	1	INSTRUCTIONSCROLL	3310
1177679886598	1	INSTRUCTIONSCROLL	3314
1177679886614	1	INSTRUCTIONSCROLL	3317
1177679886631	1	INSTRUCTIONSCROLL	3320
1177679886648	1	INSTRUCTIONSCROLL	3323
1177679886664	1	INSTRUCTIONSCROLL	3327
1177679886848	1	INSTRUCTIONSCROLL	3328
1177679886865	1	INSTRUCTIONSCROLL	3329
1177679886881	1	INSTRUCTIONSCROLL	3332
1177679886898	1	INSTRUCTIONSCROLL	3335
1177679886915	1	INSTRUCTIONSCROLL	3339
1177679886931	1	INSTRUCTIONSCROLL	3342
1177679886948	1	INSTRUCTIONSCROLL	3345
1177679886965	1	INSTRUCTIONSCROLL	3349
1177679886981	1	INSTRUCTIONSCROLL	3352
1177679886998	1	INSTRUCTIONSCROLL	3355
1177679887016	1	INSTRUCTIONSCROLL	3359
1177679887166	1	INSTRUCTIONSCROLL	3360
1177679887183	1	INSTRUCTIONSCROLL	3363
1177679887199	1	INSTRUCTIONSCROLL	3366
1177679887216	1	INSTRUCTIONSCROLL	3370
1177679887233	1	INSTRUCTIONSCROLL	3373
1177679887250	1	INSTRUCTIONSCROLL	3376
1177679887266	1	INSTRUCTIONSCROLL	3380
1177679887283	1	INSTRUCTIONSCROLL	3383
1177679887300	1	INSTRUCTIONSCROLL	3386
1177679887316	1	INSTRUCTIONSCROLL	3390
1177679887333	1	INSTRUCTIONSCROLL	3393
1177679887433	1	INSTRUCTIONSCROLL	3394
1177679887450	1	INSTRUCTIONSCROLL	3397
1177679887467	1	INSTRUCTIONSCROLL	3400
1177679887483	1	INSTRUCTIONSCROLL	3403
1177679887500	1	INSTRUCTIONSCROLL	3407
1177679887517	1	INSTRUCTIONSCROLL	3410
1177679887533	1	INSTRUCTIONSCROLL	3413
1177679887550	1	INSTRUCTIONSCROLL	3417
1177679887567	1	INSTRUCTIONSCROLL	3420
1177679887583	1	INSTRUCTIONSCROLL	3423
1177679887716	1	INSTRUCTIONSCROLL	3424
1177679887733	1	INSTRUCTIONSCROLL	3428
1177679887749	1	INSTRUCTIONSCROLL	3431
1177679887766	1	INSTRUCTIONSCROLL	3434
1177679887783	1	INSTRUCTIONSCROLL	3438
1177679887800	1	INSTRUCTIONSCROLL	3441
1177679887816	1	INSTRUCTIONSCROLL	3444
1177679887833	1	INSTRUCTIONSCROLL	3448
1177679887850	1	INSTRUCTIONSCROLL	3451
1177679887866	1	INSTRUCTIONSCROLL	3454
1177679887883	1	INSTRUCTIONSCROLL	3458
1177679887966	1	INSTRUCTIONSCROLL	3459
1177679887983	1	INSTRUCTIONSCROLL	3463
1177679888001	1	INSTRUCTIONSCROLL	3466
1177679888018	1	INSTRUCTIONSCROLL	3469
1177679888034	1	INSTRUCTIONSCROLL	3473
1177679888051	1	INSTRUCTIONSCROLL	3476
1177679888068	1	INSTRUCTIONSCROLL	3479
1177679888084	1	INSTRUCTIONSCROLL	3483
1177679888101	1	INSTRUCTIONSCROLL	3486
1177679888118	1	INSTRUCTIONSCROLL	3489
1177679888134	1	INSTRUCTIONSCROLL	3493
1177679888151	1	INSTRUCTIONSCROLL	3496
1177679888168	1	INSTRUCTIONSCROLL	3499
1177679888185	1	INSTRUCTIONSCROLL	3503
1177679888201	1	INSTRUCTIONSCROLL	3506
1177679888218	1	INSTRUCTIONSCROLL	3510
1177679888235	1	INSTRUCTIONSCROLL	3513
1177679888251	1	INSTRUCTIONSCROLL	3516
1177679888268	1	INSTRUCTIONSCROLL	3520
1177679888285	1	INSTRUCTIONSCROLL	3523
1177679888301	1	INSTRUCTIONSCROLL	3526
1177679888318	1	INSTRUCTIONSCROLL	3530
1177679888335	1	INSTRUCTIONSCROLL	3533
1177679888351	1	INSTRUCTIONSCROLL	3536
1177679888368	1	INSTRUCTIONSCROLL	3540
1177679888385	1	INSTRUCTIONSCROLL	3543
1177679888402	1	INSTRUCTIONSCROLL	3546
1177679888418	1	INSTRUCTIONSCROLL	3550
1177679888435	1	INSTRUCTIONSCROLL	3553
1177679888452	1	INSTRUCTIONSCROLL	3556
1177679888468	1	INSTRUCTIONSCROLL	3560
1177679888485	1	INSTRUCTIONSCROLL	3563
1177679888502	1	INSTRUCTIONSCROLL	3566
1177679888518	1	INSTRUCTIONSCROLL	3570
1177679888535	1	INSTRUCTIONSCROLL	3573
1177679888552	1	INSTRUCTIONSCROLL	3576
1177679888569	1	INSTRUCTIONSCROLL	3580
1177679888585	1	INSTRUCTIONSCROLL	3583
1177679888602	1	INSTRUCTIONSCROLL	3586
1177679888618	1	INSTRUCTIONSCROLL	3590
1177679888634	1	INSTRUCTIONSCROLL	3593
1177679888651	1	INSTRUCTIONSCROLL	3596
1177679888668	1	INSTRUCTIONSCROLL	3600
1177679888684	1	INSTRUCTIONSCROLL	3603
1177679888701	1	INSTRUCTIONSCROLL	3606
1177679888718	1	INSTRUCTIONSCROLL	3610
1177679888735	1	INSTRUCTIONSCROLL	3613
1177679888751	1	INSTRUCTIONSCROLL	3616
1177679888768	1	INSTRUCTIONSCROLL	3620
1177679888785	1	INSTRUCTIONSCROLL	3623
1177679888801	1	INSTRUCTIONSCROLL	3626
1177679888818	1	INSTRUCTIONSCROLL	3630
1177679888835	1	INSTRUCTIONSCROLL	3633
1177679888851	1	INSTRUCTIONSCROLL	3636
1177679888868	1	INSTRUCTIONSCROLL	3640
1177679888885	1	INSTRUCTIONSCROLL	3643
1177679888901	1	INSTRUCTIONSCROLL	3646
1177679888918	1	INSTRUCTIONSCROLL	3650
1177679888935	1	INSTRUCTIONSCROLL	3653
1177679888952	1	INSTRUCTIONSCROLL	3656
1177679888968	1	INSTRUCTIONSCROLL	3660
1177679888985	1	INSTRUCTIONSCROLL	3663
1177679889003	1	INSTRUCTIONSCROLL	3666
1177679889019	1	INSTRUCTIONSCROLL	3670
1177679889036	1	INSTRUCTIONSCROLL	3673
1177679889053	1	INSTRUCTIONSCROLL	3676
1177679889069	1	INSTRUCTIONSCROLL	3680
1177679889086	1	INSTRUCTIONSCROLL	3683
1177679889103	1	INSTRUCTIONSCROLL	3686
1177679889120	1	INSTRUCTIONSCROLL	3690
1177679889136	1	INSTRUCTIONSCROLL	3693
1177679889153	1	INSTRUCTIONSCROLL	3696
1177679889170	1	INSTRUCTIONSCROLL	3700
1177679889186	1	INSTRUCTIONSCROLL	3703
1177679889203	1	INSTRUCTIONSCROLL	3706
1177679889220	1	INSTRUCTIONSCROLL	3710
1177679889236	1	INSTRUCTIONSCROLL	3713
1177679889253	1	INSTRUCTIONSCROLL	3716
1177679889270	1	INSTRUCTIONSCROLL	3720
1177679889286	1	INSTRUCTIONSCROLL	3722
1177679893343	1	INSTRUCTIONSTOP	Button set (OR)
1177679893344	0	E	Logging Ends
