1169829924690	0	B	Logging Begins
1169829924690	0	SESS_START	0
1169831985871	0	TRIAL	1
1169831993265	1	FACE	2726	PRES1_NNPP	Incorrect	LL1	PP0	Lure_PPPP	4	0	PRACTICE
1169831997070	1	FACE	2726	CUE	Incorrect	LL1	PP0	Lure_PPPP	4	0	PRACTICE
1169831999796	0	FACE	2726	RESP	Incorrect	LL1	PP0	Lure_PPPP	4	0	PRACTICE
1169831999820	0	TRIAL	2
1169832004505	1	FACE	1606	PRES1_NNNN	Correct	LL1	PP1	Target_NNNN	5	0	PRACTICE
1169832008511	1	FACE	1606	CUE	Correct	LL1	PP1	Target_NNNN	5	0	PRACTICE
1169832010117	0	FACE	1606	RESP	Correct	LL1	PP1	Target_NNNN	5	0	PRACTICE
1169832010152	0	TRIAL	3
1169832013291	1	FACE	1234	PRES1_PNNP	Correct	LL1	PP1	Target_PNNP	5	0	PRACTICE
1169832017178	1	FACE	1234	CUE	Correct	LL1	PP1	Target_PNNP	5	0	PRACTICE
1169832018412	0	FACE	1234	RESP	Correct	LL1	PP1	Target_PNNP	5	0	PRACTICE
1169832018449	0	TRIAL	4
1169832021336	1	FACE	1014	PRES1_NPNN	Correct	LL1	PP0	Lure_NNNP	1	0	PRACTICE
1169832025285	1	FACE	1014	CUE	Correct	LL1	PP0	Lure_NNNP	1	0	PRACTICE
1169832026299	1	FACE	1014	RESP	Correct	LL1	PP0	Lure_NNNP	1	0	PRACTICE
1169832026330	0	TRIAL	5
1169832029425	1	FACE	1048	PRES1_PPPP	Correct	LL1	PP0	Lure_PNNN	1	0	PRACTICE
1169832033443	1	FACE	1048	CUE	Correct	LL1	PP0	Lure_PNNN	1	0	PRACTICE
1169832034491	0	FACE	1048	RESP	Correct	LL1	PP0	Lure_PNNN	1	0	PRACTICE
1169832034526	0	TRIAL	6
1169832037325	1	FACE	1001	PRES1_PPNP	Correct	LL1	PP0	Lure_NPPN	1	0	PRACTICE
1169832041354	1	FACE	1001	CUE	Correct	LL1	PP0	Lure_NPPN	1	0	PRACTICE
1169832042355	0	FACE	1001	RESP	Correct	LL1	PP0	Lure_NPPN	1	0	PRACTICE
1169832042390	0	TRIAL	7
1169832045156	1	FACE	1286	PRES1_NPNP	Correct	LL1	PP1	Target_NPNP	5	0	PRACTICE
1169832049157	1	FACE	1286	CUE	Correct	LL1	PP1	Target_NPNP	5	0	PRACTICE
1169832050443	0	FACE	1286	RESP	Correct	LL1	PP1	Target_NPNP	5	0	PRACTICE
1169832050471	0	TRIAL	8
1169832053304	1	FACE	1106	PRES1_PPNN	Correct	LL1	PP1	Target_PPNN	6	0	PRACTICE
1169832057160	1	FACE	1106	CUE	Correct	LL1	PP1	Target_PPNN	6	0	PRACTICE
1169832058266	0	FACE	1106	RESP	Correct	LL1	PP1	Target_PPNN	6	0	PRACTICE
1169832058301	0	TRIAL	9
1169832061072	1	FACE	1334	PRES1_PNPP	Correct	LL1	PP1	Target_PNPP	4	0	PRACTICE
1169832064948	1	FACE	1334	CUE	Correct	LL1	PP1	Target_PNPP	4	0	PRACTICE
1169832066282	0	FACE	1334	RESP	Correct	LL1	PP1	Target_PNPP	4	0	PRACTICE
1169832066319	0	TRIAL	10
1169832069092	1	FACE	1252	PRES1_PPNP	Correct	LL1	PP1	Target_PPNP	4	0	PRACTICE
1169832072895	1	FACE	1252	CUE	Correct	LL1	PP1	Target_PPNP	4	0	PRACTICE
1169832074147	0	FACE	1252	RESP	Correct	LL1	PP1	Target_PPNP	4	0	PRACTICE
1169832074181	0	TRIAL	11
1169832076869	1	FACE	906	PRES1_PPNN	Correct	LL1	PP0	Lure_PNPN	1	0	PRACTICE
1169832080720	1	FACE	906	CUE	Correct	LL1	PP0	Lure_PNPN	1	0	PRACTICE
1169832081626	0	FACE	906	RESP	Correct	LL1	PP0	Lure_PNPN	1	0	PRACTICE
1169832081662	0	TRIAL	12
1169832084484	1	FACE	1226	PRES1_NNPN	Correct	LL1	PP0	Lure_NNPP	1	0	PRACTICE
1169832088327	1	FACE	1226	CUE	Correct	LL1	PP0	Lure_NNPP	1	0	PRACTICE
1169832089553	0	FACE	1226	RESP	Correct	LL1	PP0	Lure_NNPP	1	0	PRACTICE
1169832089592	0	TRIAL	13
1169832092416	1	FACE	1289	PRES1_NPPP	Correct	LL1	PP0	Lure_NNNN	1	0	PRACTICE
1169832096224	1	FACE	1289	CUE	Correct	LL1	PP0	Lure_NNNN	1	0	PRACTICE
1169832097513	0	FACE	1289	RESP	Correct	LL1	PP0	Lure_NNNN	1	0	PRACTICE
1169832097539	0	TRIAL	14
1169832100402	1	FACE	1110	PRES1_PNPN	Correct	LL1	PP1	Target_PNPN	4	0	PRACTICE
1169832104403	1	FACE	1110	CUE	Correct	LL1	PP1	Target_PNPN	4	0	PRACTICE
1169832105513	0	FACE	1110	RESP	Correct	LL1	PP1	Target_PNPN	4	0	PRACTICE
1169832105569	0	TRIAL	15
1169832108321	1	FACE	1614	PRES1_NNNN	Correct	LL1	PP0	Lure_PNPP	2	0	PRACTICE
1169832112082	1	FACE	1614	CUE	Correct	LL1	PP0	Lure_PNPP	2	0	PRACTICE
1169832113696	0	FACE	1614	RESP	Correct	LL1	PP0	Lure_PNPP	2	0	PRACTICE
1169832113735	0	TRIAL	16
1169832116508	1	FACE	2378	PRES1_NPPN	Incorrect	LL1	PP1	Target_NPPN	3	0	PRACTICE
1169832120470	1	FACE	2378	CUE	Incorrect	LL1	PP1	Target_NPPN	3	0	PRACTICE
1169832122848	0	FACE	2378	RESP	Incorrect	LL1	PP1	Target_NPPN	3	0	PRACTICE
1169832122881	0	TRIAL	17
1169832125669	1	FACE	1556	PRES1_NNNP	Correct	LL1	PP1	Target_NNNP	4	0	PRACTICE
1169832129645	1	FACE	1556	CUE	Correct	LL1	PP1	Target_NNNP	4	0	PRACTICE
1169832131201	0	FACE	1556	RESP	Correct	LL1	PP1	Target_NNNP	4	0	PRACTICE
1169832131229	0	TRIAL	18
1169832133935	1	FACE	2460	PRES1_NPNN	Incorrect	LL1	PP1	Target_NPNN	3	0	PRACTICE
1169832137947	1	FACE	2460	CUE	Incorrect	LL1	PP1	Target_NPNN	3	0	PRACTICE
1169832140407	1	FACE	2460	RESP	Incorrect	LL1	PP1	Target_NPNN	3	0	PRACTICE
1169832140443	0	TRIAL	19
1169832143214	1	FACE	1874	PRES1_PNNN	Correct	LL1	PP0	Lure_PNNP	3	0	PRACTICE
1169832147005	1	FACE	1874	CUE	Correct	LL1	PP0	Lure_PNNP	3	0	PRACTICE
1169832148879	0	FACE	1874	RESP	Correct	LL1	PP0	Lure_PNNP	3	0	PRACTICE
1169832148906	0	TRIAL	20
1169832151771	1	FACE	1793	PRES1_NNNP	Correct	LL1	PP0	Lure_NPPP	2	0	PRACTICE
1169832155534	1	FACE	1793	CUE	Correct	LL1	PP0	Lure_NPPP	2	0	PRACTICE
1169832157327	0	FACE	1793	RESP	Correct	LL1	PP0	Lure_NPPP	2	0	PRACTICE
1169832157354	0	TRIAL	21
1169832159954	1	FACE	1310	PRES1_PPPP	Correct	LL1	PP1	Target_PPPP	4	0	PRACTICE
1169832163914	1	FACE	1310	CUE	Correct	LL1	PP1	Target_PPPP	4	0	PRACTICE
1169832165224	0	FACE	1310	RESP	Correct	LL1	PP1	Target_PPPP	4	0	PRACTICE
1169832165251	0	TRIAL	22
1169832167953	1	FACE	1498	PRES1_PNNP	Correct	LL1	PP0	Lure_PPPN	2	0	PRACTICE
1169832171924	1	FACE	1498	CUE	Correct	LL1	PP0	Lure_PPPN	2	0	PRACTICE
1169832173422	0	FACE	1498	RESP	Correct	LL1	PP0	Lure_PPPN	2	0	PRACTICE
1169832173448	0	TRIAL	23
1169832176092	1	FACE	1621	PRES1_NPPN	Correct	LL1	PP0	Lure_PPNP	2	0	PRACTICE
1169832179969	1	FACE	1621	CUE	Correct	LL1	PP0	Lure_PPNP	2	0	PRACTICE
1169832181590	0	FACE	1621	RESP	Correct	LL1	PP0	Lure_PPNP	2	0	PRACTICE
1169832181628	0	TRIAL	24
1169832184236	1	FACE	1345	PRES1_PPPN	Correct	LL1	PP1	Target_PPPN	4	0	PRACTICE
1169832188205	1	FACE	1345	CUE	Correct	LL1	PP1	Target_PPPN	4	0	PRACTICE
1169832189550	0	FACE	1345	RESP	Correct	LL1	PP1	Target_PPPN	4	0	PRACTICE
1169832189576	0	TRIAL	25
1169832192230	1	FACE	1486	PRES1_PNNN	Correct	LL1	PP1	Target_PNNN	5	0	PRACTICE
1169832196087	1	FACE	1486	CUE	Correct	LL1	PP1	Target_PNNN	5	0	PRACTICE
1169832197573	0	FACE	1486	RESP	Correct	LL1	PP1	Target_PNNN	5	0	PRACTICE
1169832197609	0	TRIAL	26
1169832200462	1	FACE	1799	PRES1_PNPN	Correct	LL1	PP0	Lure_NPNP	1	0	PRACTICE
1169832204351	1	FACE	1799	CUE	Correct	LL1	PP0	Lure_NPNP	1	0	PRACTICE
1169832206150	0	FACE	1799	RESP	Correct	LL1	PP0	Lure_NPNP	1	0	PRACTICE
1169832206188	0	TRIAL	27
1169832209099	1	FACE	1885	PRES1_NNPP	Correct	LL1	PP1	Target_NNPP	4	0	PRACTICE
1169832213104	1	FACE	1885	CUE	Correct	LL1	PP1	Target_NNPP	4	0	PRACTICE
1169832214989	0	FACE	1885	RESP	Correct	LL1	PP1	Target_NNPP	4	0	PRACTICE
1169832215019	0	TRIAL	28
1169832218060	1	FACE	1264	PRES1_PPPN	Correct	LL1	PP0	Lure_NNPN	1	0	PRACTICE
1169832222021	1	FACE	1264	CUE	Correct	LL1	PP0	Lure_NNPN	1	0	PRACTICE
1169832223285	0	FACE	1264	RESP	Correct	LL1	PP0	Lure_NNPN	1	0	PRACTICE
1169832223315	0	TRIAL	29
1169832226219	1	FACE	1820	PRES1_NNPN	Correct	LL1	PP1	Target_NNPN	6	0	PRACTICE
1169832229968	1	FACE	1820	CUE	Correct	LL1	PP1	Target_NNPN	6	0	PRACTICE
1169832231788	0	FACE	1820	RESP	Correct	LL1	PP1	Target_NNPN	6	0	PRACTICE
1169832231813	0	TRIAL	30
1169832235671	1	FACE	576	PRES1_PNPP	Correct	LL1	PP0	Lure_NPNN	1	0	PRACTICE
1169832239412	1	FACE	576	CUE	Correct	LL1	PP0	Lure_NPNN	1	0	PRACTICE
1169832239988	0	FACE	576	RESP	Correct	LL1	PP0	Lure_NPNN	1	0	PRACTICE
1169832240028	0	TRIAL	31
1169832250221	1	FACE	1432	PRES1_NPNP	Correct	LL1	PP0	Lure_PPNN	1	0	PRACTICE
1169832254219	1	FACE	1432	CUE	Correct	LL1	PP0	Lure_PPNN	1	0	PRACTICE
1169832255651	0	FACE	1432	RESP	Correct	LL1	PP0	Lure_PPNN	1	0	PRACTICE
1169832255688	0	TRIAL	32
1169832258605	1	FACE	1934	PRES1_NPPP	Correct	LL1	PP1	Target_NPPP	4	0	PRACTICE
1169832262533	1	FACE	1934	CUE	Correct	LL1	PP1	Target_NPPP	4	0	PRACTICE
1169832264467	0	FACE	1934	RESP	Correct	LL1	PP1	Target_NPPP	4	0	PRACTICE
1169832319235	0	TRIAL	1
1169832323261	1	FACE	1395	PRES1_NNPP	Correct	LL1	PP0	Lure_PNNN	2	0	PRACTICE
1169832327254	1	FACE	1395	CUE	Correct	LL1	PP0	Lure_PNNN	2	0	PRACTICE
1169832328649	0	FACE	1395	RESP	Correct	LL1	PP0	Lure_PNNN	2	0	PRACTICE
1169832328681	0	TRIAL	2
1169832332017	1	FACE	1887	PRES1_NNNN	Correct	LL1	PP1	Target_NNNN	5	0	PRACTICE
1169832335833	1	FACE	1887	CUE	Correct	LL1	PP1	Target_NNNN	5	0	PRACTICE
1169832337720	1	FACE	1887	RESP	Correct	LL1	PP1	Target_NNNN	5	0	PRACTICE
1169832337745	0	TRIAL	3
1169832340539	1	FACE	1160	PRES1_PPNP	Incorrect	LL1	PP0	Lure_PPNN	4	0	PRACTICE
1169832344536	1	FACE	1160	CUE	Incorrect	LL1	PP0	Lure_PPNN	4	0	PRACTICE
1169832345696	0	FACE	1160	RESP	Incorrect	LL1	PP0	Lure_PPNN	4	0	PRACTICE
1169832345725	0	TRIAL	4
1169832349110	1	FACE	1473	PRES1_PPPN	Correct	LL1	PP1	Target_PPPN	5	0	PRACTICE
1169832352887	1	FACE	1473	CUE	Correct	LL1	PP1	Target_PPPN	5	0	PRACTICE
1169832354360	0	FACE	1473	RESP	Correct	LL1	PP1	Target_PPPN	5	0	PRACTICE
1169832354389	0	TRIAL	5
1169832357156	1	FACE	1806	PRES1_PNPN	Correct	LL1	PP0	Lure_PNPP	3	0	PRACTICE
1169832361082	1	FACE	1806	CUE	Correct	LL1	PP0	Lure_PNPP	3	0	PRACTICE
1169832362888	0	FACE	1806	RESP	Correct	LL1	PP0	Lure_PNPP	3	0	PRACTICE
1169832362921	0	TRIAL	6
1169832365866	1	FACE	1577	PRES1_NNNP	Correct	LL1	PP1	Target_NNNP	6	0	PRACTICE
1169832369631	1	FACE	1577	CUE	Correct	LL1	PP1	Target_NNNP	6	0	PRACTICE
1169832371208	0	FACE	1577	RESP	Correct	LL1	PP1	Target_NNNP	6	0	PRACTICE
1169832371235	0	TRIAL	7
1169832374347	1	FACE	1941	PRES1_NPPN	Correct	LL1	PP1	Target_NPPN	5	0	PRACTICE
1169832378259	1	FACE	1941	CUE	Correct	LL1	PP1	Target_NPPN	5	0	PRACTICE
1169832380200	0	FACE	1941	RESP	Correct	LL1	PP1	Target_NPPN	5	0	PRACTICE
1169832380233	0	TRIAL	8
1169832382966	1	FACE	1912	PRES1_NPNN	Correct	LL1	PP1	Target_NPNN	4	0	PRACTICE
1169832386807	1	FACE	1912	CUE	Correct	LL1	PP1	Target_NPNN	4	0	PRACTICE
1169832388719	0	FACE	1912	RESP	Correct	LL1	PP1	Target_NPNN	4	0	PRACTICE
1169832388745	0	TRIAL	9
1169832391513	1	FACE	1777	PRES1_NNPN	Correct	LL1	PP1	Target_NNPN	5	0	PRACTICE
1169832395398	1	FACE	1777	CUE	Correct	LL1	PP1	Target_NNPN	5	0	PRACTICE
1169832397175	0	FACE	1777	RESP	Correct	LL1	PP1	Target_NNPN	5	0	PRACTICE
1169832397211	0	TRIAL	10
1169832400138	1	FACE	1683	PRES1_NPNP	Correct	LL1	PP0	Lure_PPPP	1	0	PRACTICE
1169832403939	1	FACE	1683	CUE	Correct	LL1	PP0	Lure_PPPP	1	0	PRACTICE
1169832405622	0	FACE	1683	RESP	Correct	LL1	PP0	Lure_PPPP	1	0	PRACTICE
1169832405656	0	TRIAL	11
1169832408355	1	FACE	1337	PRES1_PPPN	Correct	LL1	PP0	Lure_PNNP	2	0	PRACTICE
1169832412197	1	FACE	1337	CUE	Correct	LL1	PP0	Lure_PNNP	2	0	PRACTICE
1169832413534	0	FACE	1337	RESP	Correct	LL1	PP0	Lure_PNNP	2	0	PRACTICE
1169832413570	0	TRIAL	12
1169832416275	1	FACE	1314	PRES1_NPPP	Correct	LL1	PP0	Lure_NNNP	1	0	PRACTICE
1169832420259	1	FACE	1314	CUE	Correct	LL1	PP0	Lure_NNNP	1	0	PRACTICE
1169832421573	1	FACE	1314	RESP	Correct	LL1	PP0	Lure_NNNP	1	0	PRACTICE
1169832421601	0	TRIAL	13
1169832424370	1	FACE	1653	PRES1_PPNN	Correct	LL1	PP0	Lure_NPNP	2	0	PRACTICE
1169832428361	1	FACE	1653	CUE	Correct	LL1	PP0	Lure_NPNP	2	0	PRACTICE
1169832430014	0	FACE	1653	RESP	Correct	LL1	PP0	Lure_NPNP	2	0	PRACTICE
1169832430050	0	TRIAL	14
1169832432789	1	FACE	1684	PRES1_PNNP	Incorrect	LL1	PP1	Target_PNNP	3	0	PRACTICE
1169832436498	1	FACE	1684	CUE	Incorrect	LL1	PP1	Target_PNNP	3	0	PRACTICE
1169832438182	0	FACE	1684	RESP	Incorrect	LL1	PP1	Target_PNNP	3	0	PRACTICE
1169832438214	0	TRIAL	15
1169832441202	1	FACE	1269	PRES1_PNPP	Correct	LL1	PP0	Lure_NNPN	1	0	PRACTICE
1169832445168	1	FACE	1269	CUE	Correct	LL1	PP0	Lure_NNPN	1	0	PRACTICE
1169832446437	0	FACE	1269	RESP	Correct	LL1	PP0	Lure_NNPN	1	0	PRACTICE
1169832446476	0	TRIAL	16
1169832449159	1	FACE	1236	PRES1_PNPN	Correct	LL1	PP1	Target_PNPN	4	0	PRACTICE
1169832453048	1	FACE	1236	CUE	Correct	LL1	PP1	Target_PNPN	4	0	PRACTICE
1169832454284	0	FACE	1236	RESP	Correct	LL1	PP1	Target_PNPN	4	0	PRACTICE
1169832454324	0	TRIAL	17
1169832460193	1	FACE	1509	PRES1_PPPP	Incorrect	LL1	PP1	Target_PPPP	2	0	PRACTICE
1169832464159	1	FACE	1509	CUE	Incorrect	LL1	PP1	Target_PPPP	2	0	PRACTICE
1169832465668	0	FACE	1509	RESP	Incorrect	LL1	PP1	Target_PPPP	2	0	PRACTICE
1169832465704	0	TRIAL	18
1169832468624	1	FACE	1284	PRES1_NNPP	Correct	LL1	PP1	Target_NNPP	5	0	PRACTICE
1169832472640	1	FACE	1284	CUE	Correct	LL1	PP1	Target_NNPP	5	0	PRACTICE
1169832473924	0	FACE	1284	RESP	Correct	LL1	PP1	Target_NNPP	5	0	PRACTICE
1169832473953	0	TRIAL	19
1169832476668	1	FACE	1807	PRES1_NPPP	Correct	LL1	PP1	Target_NPPP	5	0	PRACTICE
1169832480652	1	FACE	1807	CUE	Correct	LL1	PP1	Target_NPPP	5	0	PRACTICE
1169832482459	0	FACE	1807	RESP	Correct	LL1	PP1	Target_NPPP	5	0	PRACTICE
1169832482498	0	TRIAL	20
1169832485435	1	FACE	1537	PRES1_NNPN	Incorrect	LL1	PP0	Lure_NNNN	5	0	PRACTICE
1169832489234	1	FACE	1537	CUE	Incorrect	LL1	PP0	Lure_NNNN	5	0	PRACTICE
1169832490771	0	FACE	1537	RESP	Incorrect	LL1	PP0	Lure_NNNN	5	0	PRACTICE
1169832490795	0	TRIAL	21
1169832493637	1	FACE	1274	PRES1_PPNP	Correct	LL1	PP1	Target_PPNP	5	0	PRACTICE
1169832497505	1	FACE	1274	CUE	Correct	LL1	PP1	Target_PPNP	5	0	PRACTICE
1169832498779	0	FACE	1274	RESP	Correct	LL1	PP1	Target_PPNP	5	0	PRACTICE
1169832498810	0	TRIAL	22
1169832501353	1	FACE	1446	PRES1_PPNN	Correct	LL1	PP1	Target_PPNN	6	0	PRACTICE
1169832505156	1	FACE	1446	CUE	Correct	LL1	PP1	Target_PPNN	6	0	PRACTICE
1169832506602	1	FACE	1446	RESP	Correct	LL1	PP1	Target_PPNN	6	0	PRACTICE
1169832506640	0	TRIAL	23
1169832509514	1	FACE	1273	PRES1_PNPP	Correct	LL1	PP1	Target_PNPP	6	0	PRACTICE
1169832513281	1	FACE	1273	CUE	Correct	LL1	PP1	Target_PNPP	6	0	PRACTICE
1169832514554	0	FACE	1273	RESP	Correct	LL1	PP1	Target_PNPP	6	0	PRACTICE
1169832514589	0	TRIAL	24
1169832517441	1	FACE	1593	PRES1_NNNN	Correct	LL1	PP0	Lure_NPPN	2	0	PRACTICE
1169832521345	1	FACE	1593	CUE	Correct	LL1	PP0	Lure_NPPN	2	0	PRACTICE
1169832522938	0	FACE	1593	RESP	Correct	LL1	PP0	Lure_NPPN	2	0	PRACTICE
1169832522968	0	TRIAL	25
1169832525593	1	FACE	2190	PRES1_PNNN	Correct	LL1	PP1	Target_PNNN	5	0	PRACTICE
1169832529412	1	FACE	2190	CUE	Correct	LL1	PP1	Target_PNNN	5	0	PRACTICE
1169832531602	0	FACE	2190	RESP	Correct	LL1	PP1	Target_PNNN	5	0	PRACTICE
1169832531633	0	TRIAL	26
1169832534291	1	FACE	1974	PRES1_NPNN	Incorrect	LL1	PP0	Lure_PPPN	4	0	PRACTICE
1169832538276	1	FACE	1974	CUE	Incorrect	LL1	PP0	Lure_PPPN	4	0	PRACTICE
1169832540250	0	FACE	1974	RESP	Incorrect	LL1	PP0	Lure_PPPN	4	0	PRACTICE
1169832540279	0	TRIAL	27
1169832543490	1	FACE	1456	PRES1_PNNP	Correct	LL1	PP0	Lure_PNPN	1	0	PRACTICE
1169832547457	1	FACE	1456	CUE	Correct	LL1	PP0	Lure_PNPN	1	0	PRACTICE
1169832548913	0	FACE	1456	RESP	Correct	LL1	PP0	Lure_PNPN	1	0	PRACTICE
1169832548943	0	TRIAL	28
1169832551730	1	FACE	2144	PRES1_PPPP	Correct	LL1	PP0	Lure_PPNP	3	0	PRACTICE
1169832555609	1	FACE	2144	CUE	Correct	LL1	PP0	Lure_PPNP	3	0	PRACTICE
1169832557753	0	FACE	2144	RESP	Correct	LL1	PP0	Lure_PPNP	3	0	PRACTICE
1169832557793	0	TRIAL	29
1169832560481	1	FACE	1555	PRES1_NNNP	Incorrect	LL1	PP0	Lure_NNPP	5	0	PRACTICE
1169832564349	1	FACE	1555	CUE	Incorrect	LL1	PP0	Lure_NNPP	5	0	PRACTICE
1169832565904	1	FACE	1555	RESP	Incorrect	LL1	PP0	Lure_NNPP	5	0	PRACTICE
1169832565938	0	TRIAL	30
1169832569042	1	FACE	1219	PRES1_NPNP	Correct	LL1	PP1	Target_NPNP	4	0	PRACTICE
1169832572958	1	FACE	1219	CUE	Correct	LL1	PP1	Target_NPNP	4	0	PRACTICE
1169832574177	0	FACE	1219	RESP	Correct	LL1	PP1	Target_NPNP	4	0	PRACTICE
1169832574203	0	TRIAL	31
1169832577024	1	FACE	1090	PRES1_PNNN	Correct	LL1	PP0	Lure_NPPP	1	0	PRACTICE
1169832580750	1	FACE	1090	CUE	Correct	LL1	PP0	Lure_NPPP	1	0	PRACTICE
1169832581840	0	FACE	1090	RESP	Correct	LL1	PP0	Lure_NPPP	1	0	PRACTICE
1169832581866	0	TRIAL	32
1169832584574	1	FACE	1346	PRES1_NPPN	Correct	LL1	PP0	Lure_NPNN	2	0	PRACTICE
1169832588558	1	FACE	1346	CUE	Correct	LL1	PP0	Lure_NPNN	2	0	PRACTICE
1169832589904	0	FACE	1346	RESP	Correct	LL1	PP0	Lure_NPNN	2	0	PRACTICE
1169832606184	0	SESS_END	1
1169832606191	0	E	Logging Ends
