1158949722360	0	B	Logging Begins
1158949722360	0	INSTRUCTIONSTART	JointRoller	/usr/lib/python2.4/site-packages/pyepl/resources/vera.ttf	30	(1.000000, 1.000000, 1.000000, 1.000000)	"In the following experiment, your memory for associating names with faces will be tested.  The experiment will be divided into two halves, with each half testing you on a completely different set of names and faces.  After the first half, there will be a short break.\n\nThe procedure will be the same for each half.  Eight faces will be presented on the screen, consecutively, accompanied by their names.  A woman's voice will also speak the name when the face appears on the screen.  After five seconds, the face will disappear from the screen, a star (*) will flash on the screen for one second, and then the next face and name will appear.\n\nAfter you have seen all eight faces and names, you will be prompted to press any key in order to move on to a testing period.  During each trial of the testing period, you will see a face with a question mark (?) underneath it.  You will have to try and recall the name that goes with the face, and speak it out loud.  After five seconds the face will disappear from the screen, a star will flash on the screen for one second, and then the next face will appear with a question mark underneath it.\n\nFor each half, there will be ten study periods and ten test periods, alternating.  Each face will have the same name over the entire course of the half, so your task is to try and learn the faces' names as quickly and accurately as possible, and to be able to recall them as quickly and accurately as possible.\n\nDuring the test phase, do not worry if you make a mistake and recall the wrong name accidentally.  There is no penalty.  Also, if you are in the middle of recalling a name and the experiment moves on to the next face, do not stop yourself; continue speaking the name.  However, once the next face appears on the screen, you should give up trying to recall the last face and concentrate on the new one.\n\nDo you have any questions?\n\nPress <ENTER> to continue."
1158949722374	1	INSTRUCTIONSCROLL	0
1158949723028	1	INSTRUCTIONSCROLL	1
1158949723042	1	INSTRUCTIONSCROLL	3
1158949723055	1	INSTRUCTIONSCROLL	6
1158949723068	1	INSTRUCTIONSCROLL	8
1158949723082	1	INSTRUCTIONSCROLL	11
1158949723095	1	INSTRUCTIONSCROLL	14
1158949723108	1	INSTRUCTIONSCROLL	16
1158949723122	1	INSTRUCTIONSCROLL	19
1158949723135	1	INSTRUCTIONSCROLL	22
1158949723148	1	INSTRUCTIONSCROLL	24
1158949723162	1	INSTRUCTIONSCROLL	27
1158949723175	1	INSTRUCTIONSCROLL	30
1158949723188	1	INSTRUCTIONSCROLL	32
1158949723202	1	INSTRUCTIONSCROLL	35
1158949723215	1	INSTRUCTIONSCROLL	38
1158949723228	1	INSTRUCTIONSCROLL	40
1158949723242	1	INSTRUCTIONSCROLL	43
1158949723255	1	INSTRUCTIONSCROLL	46
1158949723268	1	INSTRUCTIONSCROLL	48
1158949723282	1	INSTRUCTIONSCROLL	51
1158949723295	1	INSTRUCTIONSCROLL	54
1158949723308	1	INSTRUCTIONSCROLL	56
1158949723322	1	INSTRUCTIONSCROLL	59
1158949723335	1	INSTRUCTIONSCROLL	62
1158949723348	1	INSTRUCTIONSCROLL	64
1158949723361	1	INSTRUCTIONSCROLL	67
1158949723374	1	INSTRUCTIONSCROLL	69
1158949723387	1	INSTRUCTIONSCROLL	72
1158949723401	1	INSTRUCTIONSCROLL	75
1158949723414	1	INSTRUCTIONSCROLL	77
1158949723427	1	INSTRUCTIONSCROLL	80
1158949723441	1	INSTRUCTIONSCROLL	83
1158949723454	1	INSTRUCTIONSCROLL	85
1158949723467	1	INSTRUCTIONSCROLL	88
1158949723481	1	INSTRUCTIONSCROLL	91
1158949723494	1	INSTRUCTIONSCROLL	93
1158949723507	1	INSTRUCTIONSCROLL	96
1158949723521	1	INSTRUCTIONSCROLL	99
1158949723534	1	INSTRUCTIONSCROLL	101
1158949723547	1	INSTRUCTIONSCROLL	104
1158949723561	1	INSTRUCTIONSCROLL	107
1158949723574	1	INSTRUCTIONSCROLL	109
1158949723587	1	INSTRUCTIONSCROLL	112
1158949723601	1	INSTRUCTIONSCROLL	115
1158949723614	1	INSTRUCTIONSCROLL	117
1158949723627	1	INSTRUCTIONSCROLL	120
1158949723641	1	INSTRUCTIONSCROLL	123
1158949723654	1	INSTRUCTIONSCROLL	125
1158949723667	1	INSTRUCTIONSCROLL	128
1158949723681	1	INSTRUCTIONSCROLL	131
1158949723694	1	INSTRUCTIONSCROLL	133
1158949723707	1	INSTRUCTIONSCROLL	136
1158949723721	1	INSTRUCTIONSCROLL	139
1158949723734	1	INSTRUCTIONSCROLL	141
1158949723747	1	INSTRUCTIONSCROLL	144
1158949723761	1	INSTRUCTIONSCROLL	147
1158949723774	1	INSTRUCTIONSCROLL	149
1158949723787	1	INSTRUCTIONSCROLL	152
1158949723801	1	INSTRUCTIONSCROLL	155
1158949723814	1	INSTRUCTIONSCROLL	157
1158949723827	1	INSTRUCTIONSCROLL	160
1158949723841	1	INSTRUCTIONSCROLL	163
1158949723854	1	INSTRUCTIONSCROLL	165
1158949723867	1	INSTRUCTIONSCROLL	168
1158949723881	1	INSTRUCTIONSCROLL	171
1158949723894	1	INSTRUCTIONSCROLL	173
1158949723907	1	INSTRUCTIONSCROLL	176
1158949723921	1	INSTRUCTIONSCROLL	179
1158949723934	1	INSTRUCTIONSCROLL	181
1158949723947	1	INSTRUCTIONSCROLL	184
1158949723961	1	INSTRUCTIONSCROLL	187
1158949723974	1	INSTRUCTIONSCROLL	189
1158949723987	1	INSTRUCTIONSCROLL	192
1158949724001	1	INSTRUCTIONSCROLL	195
1158949724015	1	INSTRUCTIONSCROLL	198
1158949724028	1	INSTRUCTIONSCROLL	200
1158949724042	1	INSTRUCTIONSCROLL	203
1158949724055	1	INSTRUCTIONSCROLL	206
1158949724068	1	INSTRUCTIONSCROLL	208
1158949724082	1	INSTRUCTIONSCROLL	211
1158949724095	1	INSTRUCTIONSCROLL	214
1158949724108	1	INSTRUCTIONSCROLL	216
1158949724122	1	INSTRUCTIONSCROLL	219
1158949724135	1	INSTRUCTIONSCROLL	222
1158949724148	1	INSTRUCTIONSCROLL	224
1158949724162	1	INSTRUCTIONSCROLL	227
1158949724175	1	INSTRUCTIONSCROLL	230
1158949724188	1	INSTRUCTIONSCROLL	232
1158949724202	1	INSTRUCTIONSCROLL	235
1158949724215	1	INSTRUCTIONSCROLL	238
1158949724228	1	INSTRUCTIONSCROLL	240
1158949724242	1	INSTRUCTIONSCROLL	243
1158949724255	1	INSTRUCTIONSCROLL	246
1158949724268	1	INSTRUCTIONSCROLL	248
1158949724282	1	INSTRUCTIONSCROLL	251
1158949724295	1	INSTRUCTIONSCROLL	254
1158949724308	1	INSTRUCTIONSCROLL	256
1158949724322	1	INSTRUCTIONSCROLL	259
1158949724335	1	INSTRUCTIONSCROLL	262
1158949724348	1	INSTRUCTIONSCROLL	264
1158949724361	1	INSTRUCTIONSCROLL	267
1158949724374	1	INSTRUCTIONSCROLL	270
1158949724387	1	INSTRUCTIONSCROLL	272
1158949724401	1	INSTRUCTIONSCROLL	275
1158949724414	1	INSTRUCTIONSCROLL	278
1158949724427	1	INSTRUCTIONSCROLL	280
1158949724441	1	INSTRUCTIONSCROLL	283
1158949724454	1	INSTRUCTIONSCROLL	286
1158949724467	1	INSTRUCTIONSCROLL	288
1158949724481	1	INSTRUCTIONSCROLL	291
1158949724494	1	INSTRUCTIONSCROLL	294
1158949724507	1	INSTRUCTIONSCROLL	296
1158949724521	1	INSTRUCTIONSCROLL	299
1158949724534	1	INSTRUCTIONSCROLL	302
1158949724547	1	INSTRUCTIONSCROLL	304
1158949724561	1	INSTRUCTIONSCROLL	307
1158949724574	1	INSTRUCTIONSCROLL	310
1158949724587	1	INSTRUCTIONSCROLL	312
1158949724601	1	INSTRUCTIONSCROLL	315
1158949724614	1	INSTRUCTIONSCROLL	318
1158949724627	1	INSTRUCTIONSCROLL	320
1158949724641	1	INSTRUCTIONSCROLL	323
1158949724654	1	INSTRUCTIONSCROLL	326
1158949724667	1	INSTRUCTIONSCROLL	328
1158949724681	1	INSTRUCTIONSCROLL	331
1158949724694	1	INSTRUCTIONSCROLL	334
1158949724707	1	INSTRUCTIONSCROLL	336
1158949724721	1	INSTRUCTIONSCROLL	339
1158949724734	1	INSTRUCTIONSCROLL	342
1158949724747	1	INSTRUCTIONSCROLL	344
1158949724761	1	INSTRUCTIONSCROLL	347
1158949724774	1	INSTRUCTIONSCROLL	350
1158949724787	1	INSTRUCTIONSCROLL	352
1158949724801	1	INSTRUCTIONSCROLL	355
1158949724814	1	INSTRUCTIONSCROLL	358
1158949724827	1	INSTRUCTIONSCROLL	360
1158949724841	1	INSTRUCTIONSCROLL	363
1158949724854	1	INSTRUCTIONSCROLL	366
1158949724867	1	INSTRUCTIONSCROLL	368
1158949724881	1	INSTRUCTIONSCROLL	371
1158949724894	1	INSTRUCTIONSCROLL	374
1158949724907	1	INSTRUCTIONSCROLL	376
1158949724921	1	INSTRUCTIONSCROLL	379
1158949724934	1	INSTRUCTIONSCROLL	382
1158949724947	1	INSTRUCTIONSCROLL	384
1158949724961	1	INSTRUCTIONSCROLL	387
1158949724974	1	INSTRUCTIONSCROLL	390
1158949724987	1	INSTRUCTIONSCROLL	392
1158949725001	1	INSTRUCTIONSCROLL	395
1158949725015	1	INSTRUCTIONSCROLL	398
1158949725028	1	INSTRUCTIONSCROLL	400
1158949725042	1	INSTRUCTIONSCROLL	403
1158949725055	1	INSTRUCTIONSCROLL	406
1158949725068	1	INSTRUCTIONSCROLL	408
1158949725082	1	INSTRUCTIONSCROLL	411
1158949725095	1	INSTRUCTIONSCROLL	414
1158949725108	1	INSTRUCTIONSCROLL	416
1158949725122	1	INSTRUCTIONSCROLL	419
1158949725135	1	INSTRUCTIONSCROLL	422
1158949725148	1	INSTRUCTIONSCROLL	424
1158949725162	1	INSTRUCTIONSCROLL	427
1158949725175	1	INSTRUCTIONSCROLL	430
1158949725188	1	INSTRUCTIONSCROLL	432
1158949725202	1	INSTRUCTIONSCROLL	435
1158949725215	1	INSTRUCTIONSCROLL	438
1158949725228	1	INSTRUCTIONSCROLL	440
1158949725242	1	INSTRUCTIONSCROLL	443
1158949725255	1	INSTRUCTIONSCROLL	446
1158949725268	1	INSTRUCTIONSCROLL	448
1158949725282	1	INSTRUCTIONSCROLL	451
1158949725295	1	INSTRUCTIONSCROLL	454
1158949725308	1	INSTRUCTIONSCROLL	456
1158949725322	1	INSTRUCTIONSCROLL	459
1158949725335	1	INSTRUCTIONSCROLL	462
1158949725348	1	INSTRUCTIONSCROLL	464
1158949725361	1	INSTRUCTIONSCROLL	467
1158949725374	1	INSTRUCTIONSCROLL	470
1158949725387	1	INSTRUCTIONSCROLL	472
1158949725401	1	INSTRUCTIONSCROLL	475
1158949725414	1	INSTRUCTIONSCROLL	478
1158949725427	1	INSTRUCTIONSCROLL	480
1158949725441	1	INSTRUCTIONSCROLL	483
1158949725454	1	INSTRUCTIONSCROLL	486
1158949725467	1	INSTRUCTIONSCROLL	488
1158949725481	1	INSTRUCTIONSCROLL	491
1158949725494	1	INSTRUCTIONSCROLL	494
1158949725507	1	INSTRUCTIONSCROLL	496
1158949725521	1	INSTRUCTIONSCROLL	499
1158949725534	1	INSTRUCTIONSCROLL	502
1158949725547	1	INSTRUCTIONSCROLL	504
1158949725561	1	INSTRUCTIONSCROLL	507
1158949725574	1	INSTRUCTIONSCROLL	510
1158949725587	1	INSTRUCTIONSCROLL	512
1158949725601	1	INSTRUCTIONSCROLL	515
1158949725614	1	INSTRUCTIONSCROLL	518
1158949725627	1	INSTRUCTIONSCROLL	520
1158949725641	1	INSTRUCTIONSCROLL	523
1158949725654	1	INSTRUCTIONSCROLL	526
1158949725667	1	INSTRUCTIONSCROLL	528
1158949725681	1	INSTRUCTIONSCROLL	531
1158949725694	1	INSTRUCTIONSCROLL	534
1158949725707	1	INSTRUCTIONSCROLL	536
1158949725721	1	INSTRUCTIONSCROLL	539
1158949725734	1	INSTRUCTIONSCROLL	542
1158949725747	1	INSTRUCTIONSCROLL	544
1158949725761	1	INSTRUCTIONSCROLL	547
1158949725774	1	INSTRUCTIONSCROLL	550
1158949725787	1	INSTRUCTIONSCROLL	552
1158949725801	1	INSTRUCTIONSCROLL	555
1158949725814	1	INSTRUCTIONSCROLL	558
1158949725827	1	INSTRUCTIONSCROLL	560
1158949725841	1	INSTRUCTIONSCROLL	563
1158949725854	1	INSTRUCTIONSCROLL	566
1158949725867	1	INSTRUCTIONSCROLL	568
1158949725881	1	INSTRUCTIONSCROLL	571
1158949725894	1	INSTRUCTIONSCROLL	574
1158949725907	1	INSTRUCTIONSCROLL	576
1158949725921	1	INSTRUCTIONSCROLL	579
1158949725934	1	INSTRUCTIONSCROLL	582
1158949725947	1	INSTRUCTIONSCROLL	584
1158949725961	1	INSTRUCTIONSCROLL	587
1158949725974	1	INSTRUCTIONSCROLL	590
1158949725987	1	INSTRUCTIONSCROLL	592
1158949726001	1	INSTRUCTIONSCROLL	595
1158949726015	1	INSTRUCTIONSCROLL	598
1158949726028	1	INSTRUCTIONSCROLL	600
1158949726042	1	INSTRUCTIONSCROLL	603
1158949726055	1	INSTRUCTIONSCROLL	606
1158949726068	1	INSTRUCTIONSCROLL	608
1158949726082	1	INSTRUCTIONSCROLL	611
1158949726095	1	INSTRUCTIONSCROLL	614
1158949726108	1	INSTRUCTIONSCROLL	616
1158949726122	1	INSTRUCTIONSCROLL	619
1158949726135	1	INSTRUCTIONSCROLL	622
1158949726148	1	INSTRUCTIONSCROLL	624
1158949726162	1	INSTRUCTIONSCROLL	627
1158949726175	1	INSTRUCTIONSCROLL	630
1158949726188	1	INSTRUCTIONSCROLL	632
1158949726202	1	INSTRUCTIONSCROLL	635
1158949726215	1	INSTRUCTIONSCROLL	638
1158949726228	1	INSTRUCTIONSCROLL	640
1158949726242	1	INSTRUCTIONSCROLL	643
1158949726255	1	INSTRUCTIONSCROLL	646
1158949726268	1	INSTRUCTIONSCROLL	648
1158949726282	1	INSTRUCTIONSCROLL	651
1158949726295	1	INSTRUCTIONSCROLL	654
1158949726308	1	INSTRUCTIONSCROLL	656
1158949726322	1	INSTRUCTIONSCROLL	659
1158949726335	1	INSTRUCTIONSCROLL	662
1158949726348	1	INSTRUCTIONSCROLL	664
1158949726361	1	INSTRUCTIONSCROLL	667
1158949726374	1	INSTRUCTIONSCROLL	670
1158949726387	1	INSTRUCTIONSCROLL	672
1158949726401	1	INSTRUCTIONSCROLL	675
1158949726414	1	INSTRUCTIONSCROLL	678
1158949726427	1	INSTRUCTIONSCROLL	680
1158949726441	1	INSTRUCTIONSCROLL	683
1158949726454	1	INSTRUCTIONSCROLL	686
1158949726467	1	INSTRUCTIONSCROLL	688
1158949726481	1	INSTRUCTIONSCROLL	691
1158949726494	1	INSTRUCTIONSCROLL	694
1158949726507	1	INSTRUCTIONSCROLL	696
1158949726521	1	INSTRUCTIONSCROLL	699
1158949726534	1	INSTRUCTIONSCROLL	702
1158949726547	1	INSTRUCTIONSCROLL	704
1158949726561	1	INSTRUCTIONSCROLL	707
1158949726574	1	INSTRUCTIONSCROLL	710
1158949726587	1	INSTRUCTIONSCROLL	712
1158949726601	1	INSTRUCTIONSCROLL	715
1158949726614	1	INSTRUCTIONSCROLL	718
1158949726627	1	INSTRUCTIONSCROLL	720
1158949726641	1	INSTRUCTIONSCROLL	723
1158949726654	1	INSTRUCTIONSCROLL	726
1158949726667	1	INSTRUCTIONSCROLL	728
1158949726681	1	INSTRUCTIONSCROLL	731
1158949726694	1	INSTRUCTIONSCROLL	734
1158949726707	1	INSTRUCTIONSCROLL	736
1158949726721	1	INSTRUCTIONSCROLL	739
1158949726734	1	INSTRUCTIONSCROLL	742
1158949726747	1	INSTRUCTIONSCROLL	744
1158949726761	1	INSTRUCTIONSCROLL	747
1158949726774	1	INSTRUCTIONSCROLL	750
1158949726787	1	INSTRUCTIONSCROLL	752
1158949726801	1	INSTRUCTIONSCROLL	755
1158949726814	1	INSTRUCTIONSCROLL	758
1158949726827	1	INSTRUCTIONSCROLL	760
1158949726841	1	INSTRUCTIONSCROLL	763
1158949726854	1	INSTRUCTIONSCROLL	766
1158949726867	1	INSTRUCTIONSCROLL	768
1158949726881	1	INSTRUCTIONSCROLL	771
1158949726894	1	INSTRUCTIONSCROLL	774
1158949726907	1	INSTRUCTIONSCROLL	776
1158949726921	1	INSTRUCTIONSCROLL	779
1158949726934	1	INSTRUCTIONSCROLL	782
1158949726947	1	INSTRUCTIONSCROLL	784
1158949726961	1	INSTRUCTIONSCROLL	787
1158949726974	1	INSTRUCTIONSCROLL	790
1158949726987	1	INSTRUCTIONSCROLL	792
1158949727001	1	INSTRUCTIONSCROLL	795
1158949727015	1	INSTRUCTIONSCROLL	798
1158949727028	1	INSTRUCTIONSCROLL	800
1158949727042	1	INSTRUCTIONSCROLL	803
1158949727055	1	INSTRUCTIONSCROLL	806
1158949727068	1	INSTRUCTIONSCROLL	808
1158949727082	1	INSTRUCTIONSCROLL	811
1158949727095	1	INSTRUCTIONSCROLL	814
1158949727108	1	INSTRUCTIONSCROLL	816
1158949727122	1	INSTRUCTIONSCROLL	819
1158949727135	1	INSTRUCTIONSCROLL	822
1158949727148	1	INSTRUCTIONSCROLL	824
1158949727162	1	INSTRUCTIONSCROLL	827
1158949727175	1	INSTRUCTIONSCROLL	830
1158949727188	1	INSTRUCTIONSCROLL	832
1158949727202	1	INSTRUCTIONSCROLL	835
1158949727215	1	INSTRUCTIONSCROLL	838
1158949727228	1	INSTRUCTIONSCROLL	840
1158949727242	1	INSTRUCTIONSCROLL	843
1158949727255	1	INSTRUCTIONSCROLL	846
1158949727268	1	INSTRUCTIONSCROLL	848
1158949727282	1	INSTRUCTIONSCROLL	851
1158949727295	1	INSTRUCTIONSCROLL	854
1158949727308	1	INSTRUCTIONSCROLL	856
1158949727322	1	INSTRUCTIONSCROLL	859
1158949727335	1	INSTRUCTIONSCROLL	862
1158949727348	1	INSTRUCTIONSCROLL	864
1158949727361	1	INSTRUCTIONSCROLL	867
1158949727374	1	INSTRUCTIONSCROLL	870
1158949727387	1	INSTRUCTIONSCROLL	872
1158949727401	1	INSTRUCTIONSCROLL	875
1158949727414	1	INSTRUCTIONSCROLL	878
1158949727427	1	INSTRUCTIONSCROLL	880
1158949727441	1	INSTRUCTIONSCROLL	883
1158949727454	1	INSTRUCTIONSCROLL	886
1158949727467	1	INSTRUCTIONSCROLL	888
1158949727481	1	INSTRUCTIONSCROLL	891
1158949727494	1	INSTRUCTIONSCROLL	894
1158949727507	1	INSTRUCTIONSCROLL	896
1158949727521	1	INSTRUCTIONSCROLL	899
1158949727534	1	INSTRUCTIONSCROLL	902
1158949727547	1	INSTRUCTIONSCROLL	904
1158949727561	1	INSTRUCTIONSCROLL	907
1158949727574	1	INSTRUCTIONSCROLL	910
1158949727587	1	INSTRUCTIONSCROLL	912
1158949727601	1	INSTRUCTIONSCROLL	915
1158949727614	1	INSTRUCTIONSCROLL	918
1158949727627	1	INSTRUCTIONSCROLL	920
1158949727641	1	INSTRUCTIONSCROLL	923
1158949727654	1	INSTRUCTIONSCROLL	926
1158949727667	1	INSTRUCTIONSCROLL	928
1158949727681	1	INSTRUCTIONSCROLL	931
1158949727694	1	INSTRUCTIONSCROLL	934
1158949727707	1	INSTRUCTIONSCROLL	936
1158949727721	1	INSTRUCTIONSCROLL	939
1158949727734	1	INSTRUCTIONSCROLL	942
1158949727747	1	INSTRUCTIONSCROLL	944
1158949727761	1	INSTRUCTIONSCROLL	947
1158949727774	1	INSTRUCTIONSCROLL	950
1158949727787	1	INSTRUCTIONSCROLL	952
1158949727801	1	INSTRUCTIONSCROLL	955
1158949727814	1	INSTRUCTIONSCROLL	958
1158949727827	1	INSTRUCTIONSCROLL	960
1158949727841	1	INSTRUCTIONSCROLL	963
1158949727854	1	INSTRUCTIONSCROLL	966
1158949727867	1	INSTRUCTIONSCROLL	968
1158949727881	1	INSTRUCTIONSCROLL	971
1158949727894	1	INSTRUCTIONSCROLL	974
1158949727907	1	INSTRUCTIONSCROLL	976
1158949727921	1	INSTRUCTIONSCROLL	979
1158949727934	1	INSTRUCTIONSCROLL	982
1158949727947	1	INSTRUCTIONSCROLL	984
1158949727961	1	INSTRUCTIONSCROLL	987
1158949727974	1	INSTRUCTIONSCROLL	990
1158949727987	1	INSTRUCTIONSCROLL	992
1158949728001	1	INSTRUCTIONSCROLL	995
1158949728015	1	INSTRUCTIONSCROLL	998
1158949728028	1	INSTRUCTIONSCROLL	1000
1158949728042	1	INSTRUCTIONSCROLL	1003
1158949728055	1	INSTRUCTIONSCROLL	1006
1158949728068	1	INSTRUCTIONSCROLL	1008
1158949728082	1	INSTRUCTIONSCROLL	1011
1158949728095	1	INSTRUCTIONSCROLL	1014
1158949728108	1	INSTRUCTIONSCROLL	1016
1158949728122	1	INSTRUCTIONSCROLL	1019
1158949728135	1	INSTRUCTIONSCROLL	1022
1158949728148	1	INSTRUCTIONSCROLL	1024
1158949728162	1	INSTRUCTIONSCROLL	1027
1158949728175	1	INSTRUCTIONSCROLL	1030
1158949728188	1	INSTRUCTIONSCROLL	1032
1158949728202	1	INSTRUCTIONSCROLL	1035
1158949728215	1	INSTRUCTIONSCROLL	1038
1158949728228	1	INSTRUCTIONSCROLL	1040
1158949728242	1	INSTRUCTIONSCROLL	1043
1158949728255	1	INSTRUCTIONSCROLL	1046
1158949728268	1	INSTRUCTIONSCROLL	1048
1158949728282	1	INSTRUCTIONSCROLL	1051
1158949728295	1	INSTRUCTIONSCROLL	1054
1158949728308	1	INSTRUCTIONSCROLL	1056
1158949728322	1	INSTRUCTIONSCROLL	1059
1158949728335	1	INSTRUCTIONSCROLL	1062
1158949728348	1	INSTRUCTIONSCROLL	1064
1158949728361	1	INSTRUCTIONSCROLL	1067
1158949728374	1	INSTRUCTIONSCROLL	1070
1158949728387	1	INSTRUCTIONSCROLL	1072
1158949728401	1	INSTRUCTIONSCROLL	1075
1158949728414	1	INSTRUCTIONSCROLL	1078
1158949728427	1	INSTRUCTIONSCROLL	1080
1158949728441	1	INSTRUCTIONSCROLL	1083
1158949728454	1	INSTRUCTIONSCROLL	1086
1158949728467	1	INSTRUCTIONSCROLL	1088
1158949728481	1	INSTRUCTIONSCROLL	1091
1158949728494	1	INSTRUCTIONSCROLL	1094
1158949728507	1	INSTRUCTIONSCROLL	1096
1158949728521	1	INSTRUCTIONSCROLL	1099
1158949728534	1	INSTRUCTIONSCROLL	1101
1158949728547	1	INSTRUCTIONSCROLL	1104
1158949728561	1	INSTRUCTIONSCROLL	1107
1158949728574	1	INSTRUCTIONSCROLL	1109
1158949728587	1	INSTRUCTIONSCROLL	1112
1158949728601	1	INSTRUCTIONSCROLL	1115
1158949728614	1	INSTRUCTIONSCROLL	1117
1158949728627	1	INSTRUCTIONSCROLL	1120
1158949728641	1	INSTRUCTIONSCROLL	1123
1158949728654	1	INSTRUCTIONSCROLL	1125
1158949728667	1	INSTRUCTIONSCROLL	1128
1158949728681	1	INSTRUCTIONSCROLL	1131
1158949728694	1	INSTRUCTIONSCROLL	1133
1158949728707	1	INSTRUCTIONSCROLL	1136
1158949728721	1	INSTRUCTIONSCROLL	1139
1158949728734	1	INSTRUCTIONSCROLL	1141
1158949728747	1	INSTRUCTIONSCROLL	1144
1158949728761	1	INSTRUCTIONSCROLL	1147
1158949728774	1	INSTRUCTIONSCROLL	1149
1158949728787	1	INSTRUCTIONSCROLL	1152
1158949728801	1	INSTRUCTIONSCROLL	1155
1158949728814	1	INSTRUCTIONSCROLL	1157
1158949728827	1	INSTRUCTIONSCROLL	1160
1158949728841	1	INSTRUCTIONSCROLL	1163
1158949728854	1	INSTRUCTIONSCROLL	1165
1158949728867	1	INSTRUCTIONSCROLL	1168
1158949728881	1	INSTRUCTIONSCROLL	1171
1158949728894	1	INSTRUCTIONSCROLL	1173
1158949728907	1	INSTRUCTIONSCROLL	1176
1158949728921	1	INSTRUCTIONSCROLL	1179
1158949728934	1	INSTRUCTIONSCROLL	1181
1158949728947	1	INSTRUCTIONSCROLL	1184
1158949728961	1	INSTRUCTIONSCROLL	1187
1158949728974	1	INSTRUCTIONSCROLL	1189
1158949728987	1	INSTRUCTIONSCROLL	1192
1158949729001	1	INSTRUCTIONSCROLL	1195
1158949729015	1	INSTRUCTIONSCROLL	1198
1158949729028	1	INSTRUCTIONSCROLL	1200
1158949729042	1	INSTRUCTIONSCROLL	1203
1158949729055	1	INSTRUCTIONSCROLL	1206
1158949729068	1	INSTRUCTIONSCROLL	1208
1158949729082	1	INSTRUCTIONSCROLL	1211
1158949729095	1	INSTRUCTIONSCROLL	1214
1158949729108	1	INSTRUCTIONSCROLL	1216
1158949729122	1	INSTRUCTIONSCROLL	1219
1158949729135	1	INSTRUCTIONSCROLL	1222
1158949729148	1	INSTRUCTIONSCROLL	1224
1158949729162	1	INSTRUCTIONSCROLL	1227
1158949729175	1	INSTRUCTIONSCROLL	1230
1158949729188	1	INSTRUCTIONSCROLL	1232
1158949729202	1	INSTRUCTIONSCROLL	1235
1158949729215	1	INSTRUCTIONSCROLL	1238
1158949729228	1	INSTRUCTIONSCROLL	1240
1158949729242	1	INSTRUCTIONSCROLL	1243
1158949729255	1	INSTRUCTIONSCROLL	1246
1158949729268	1	INSTRUCTIONSCROLL	1248
1158949729282	1	INSTRUCTIONSCROLL	1251
1158949729295	1	INSTRUCTIONSCROLL	1254
1158949729308	1	INSTRUCTIONSCROLL	1256
1158949729322	1	INSTRUCTIONSCROLL	1259
1158949729335	1	INSTRUCTIONSCROLL	1262
1158949729348	1	INSTRUCTIONSCROLL	1264
1158949729361	1	INSTRUCTIONSCROLL	1267
1158949729374	1	INSTRUCTIONSCROLL	1269
1158949729387	1	INSTRUCTIONSCROLL	1272
1158949729401	1	INSTRUCTIONSCROLL	1275
1158949729414	1	INSTRUCTIONSCROLL	1277
1158949729427	1	INSTRUCTIONSCROLL	1280
1158949729441	1	INSTRUCTIONSCROLL	1283
1158949729454	1	INSTRUCTIONSCROLL	1285
1158949729467	1	INSTRUCTIONSCROLL	1288
1158949729481	1	INSTRUCTIONSCROLL	1291
1158949729494	1	INSTRUCTIONSCROLL	1293
1158949729507	1	INSTRUCTIONSCROLL	1296
1158949729521	1	INSTRUCTIONSCROLL	1299
1158949729534	1	INSTRUCTIONSCROLL	1301
1158949729547	1	INSTRUCTIONSCROLL	1304
1158949729561	1	INSTRUCTIONSCROLL	1307
1158949729574	1	INSTRUCTIONSCROLL	1309
1158949729587	1	INSTRUCTIONSCROLL	1312
1158949729601	1	INSTRUCTIONSCROLL	1315
1158949729614	1	INSTRUCTIONSCROLL	1317
1158949729627	1	INSTRUCTIONSCROLL	1320
1158949729641	1	INSTRUCTIONSCROLL	1323
1158949729654	1	INSTRUCTIONSCROLL	1325
1158949729667	1	INSTRUCTIONSCROLL	1328
1158949729681	1	INSTRUCTIONSCROLL	1331
1158949729694	1	INSTRUCTIONSCROLL	1333
1158949729707	1	INSTRUCTIONSCROLL	1336
1158949729721	1	INSTRUCTIONSCROLL	1339
1158949729734	1	INSTRUCTIONSCROLL	1341
1158949729747	1	INSTRUCTIONSCROLL	1344
1158949729761	1	INSTRUCTIONSCROLL	1347
1158949729774	1	INSTRUCTIONSCROLL	1349
1158949729787	1	INSTRUCTIONSCROLL	1352
1158949729801	1	INSTRUCTIONSCROLL	1355
1158949729814	1	INSTRUCTIONSCROLL	1357
1158949729827	1	INSTRUCTIONSCROLL	1360
1158949729841	1	INSTRUCTIONSCROLL	1363
1158949729854	1	INSTRUCTIONSCROLL	1365
1158949729867	1	INSTRUCTIONSCROLL	1368
1158949729881	1	INSTRUCTIONSCROLL	1371
1158949729894	1	INSTRUCTIONSCROLL	1373
1158949729907	1	INSTRUCTIONSCROLL	1376
1158949729921	1	INSTRUCTIONSCROLL	1379
1158949729934	1	INSTRUCTIONSCROLL	1381
1158949729947	1	INSTRUCTIONSCROLL	1384
1158949729961	1	INSTRUCTIONSCROLL	1387
1158949729974	1	INSTRUCTIONSCROLL	1389
1158949729987	1	INSTRUCTIONSCROLL	1392
1158949730001	1	INSTRUCTIONSCROLL	1395
1158949730015	1	INSTRUCTIONSCROLL	1398
1158949730028	1	INSTRUCTIONSCROLL	1400
1158949730042	1	INSTRUCTIONSCROLL	1403
1158949730055	1	INSTRUCTIONSCROLL	1406
1158949730068	1	INSTRUCTIONSCROLL	1408
1158949730082	1	INSTRUCTIONSCROLL	1411
1158949730095	1	INSTRUCTIONSCROLL	1414
1158949730108	1	INSTRUCTIONSCROLL	1416
1158949730122	1	INSTRUCTIONSCROLL	1419
1158949730135	1	INSTRUCTIONSCROLL	1422
1158949730148	1	INSTRUCTIONSCROLL	1424
1158949730162	1	INSTRUCTIONSCROLL	1427
1158949730175	1	INSTRUCTIONSCROLL	1430
1158949730188	1	INSTRUCTIONSCROLL	1432
1158949730202	1	INSTRUCTIONSCROLL	1435
1158949730215	1	INSTRUCTIONSCROLL	1438
1158949730228	1	INSTRUCTIONSCROLL	1440
1158949730242	1	INSTRUCTIONSCROLL	1443
1158949730255	1	INSTRUCTIONSCROLL	1446
1158949730268	1	INSTRUCTIONSCROLL	1448
1158949730282	1	INSTRUCTIONSCROLL	1451
1158949730295	1	INSTRUCTIONSCROLL	1454
1158949730308	1	INSTRUCTIONSCROLL	1456
1158949730322	1	INSTRUCTIONSCROLL	1459
1158949730335	1	INSTRUCTIONSCROLL	1462
1158949730348	1	INSTRUCTIONSCROLL	1464
1158949730361	1	INSTRUCTIONSCROLL	1467
1158949730374	1	INSTRUCTIONSCROLL	1469
1158949730387	1	INSTRUCTIONSCROLL	1472
1158949730401	1	INSTRUCTIONSCROLL	1475
1158949730414	1	INSTRUCTIONSCROLL	1477
1158949730427	1	INSTRUCTIONSCROLL	1480
1158949730441	1	INSTRUCTIONSCROLL	1483
1158949730454	1	INSTRUCTIONSCROLL	1485
1158949730467	1	INSTRUCTIONSCROLL	1488
1158949730481	1	INSTRUCTIONSCROLL	1491
1158949730494	1	INSTRUCTIONSCROLL	1493
1158949730507	1	INSTRUCTIONSCROLL	1496
1158949730521	1	INSTRUCTIONSCROLL	1499
1158949730534	1	INSTRUCTIONSCROLL	1501
1158949730547	1	INSTRUCTIONSCROLL	1504
1158949730561	1	INSTRUCTIONSCROLL	1507
1158949730574	1	INSTRUCTIONSCROLL	1509
1158949730587	1	INSTRUCTIONSCROLL	1512
1158949730601	1	INSTRUCTIONSCROLL	1515
1158949730614	1	INSTRUCTIONSCROLL	1517
1158949730627	1	INSTRUCTIONSCROLL	1520
1158949730641	1	INSTRUCTIONSCROLL	1523
1158949730654	1	INSTRUCTIONSCROLL	1525
1158949730667	1	INSTRUCTIONSCROLL	1528
1158949730681	1	INSTRUCTIONSCROLL	1531
1158949730694	1	INSTRUCTIONSCROLL	1533
1158949730707	1	INSTRUCTIONSCROLL	1536
1158949730721	1	INSTRUCTIONSCROLL	1539
1158949730734	1	INSTRUCTIONSCROLL	1541
1158949730747	1	INSTRUCTIONSCROLL	1544
1158949730761	1	INSTRUCTIONSCROLL	1547
1158949730774	1	INSTRUCTIONSCROLL	1549
1158949730787	1	INSTRUCTIONSCROLL	1552
1158949730801	1	INSTRUCTIONSCROLL	1555
1158949730814	1	INSTRUCTIONSCROLL	1557
1158949730827	1	INSTRUCTIONSCROLL	1560
1158949730841	1	INSTRUCTIONSCROLL	1563
1158949730854	1	INSTRUCTIONSCROLL	1565
1158949730867	1	INSTRUCTIONSCROLL	1568
1158949730881	1	INSTRUCTIONSCROLL	1571
1158949730894	1	INSTRUCTIONSCROLL	1573
1158949730907	1	INSTRUCTIONSCROLL	1576
1158949730921	1	INSTRUCTIONSCROLL	1579
1158949730934	1	INSTRUCTIONSCROLL	1581
1158949730947	1	INSTRUCTIONSCROLL	1584
1158949730961	1	INSTRUCTIONSCROLL	1587
1158949730974	1	INSTRUCTIONSCROLL	1589
1158949730987	1	INSTRUCTIONSCROLL	1592
1158949731001	1	INSTRUCTIONSCROLL	1595
1158949731015	1	INSTRUCTIONSCROLL	1598
1158949731028	1	INSTRUCTIONSCROLL	1600
1158949731042	1	INSTRUCTIONSCROLL	1603
1158949731055	1	INSTRUCTIONSCROLL	1606
1158949731068	1	INSTRUCTIONSCROLL	1608
1158949731082	1	INSTRUCTIONSCROLL	1611
1158949731095	1	INSTRUCTIONSCROLL	1614
1158949731108	1	INSTRUCTIONSCROLL	1616
1158949731122	1	INSTRUCTIONSCROLL	1619
1158949731135	1	INSTRUCTIONSCROLL	1622
1158949731148	1	INSTRUCTIONSCROLL	1624
1158949731162	1	INSTRUCTIONSCROLL	1627
1158949731175	1	INSTRUCTIONSCROLL	1630
1158949731188	1	INSTRUCTIONSCROLL	1632
1158949731202	1	INSTRUCTIONSCROLL	1635
1158949731215	1	INSTRUCTIONSCROLL	1638
1158949731228	1	INSTRUCTIONSCROLL	1640
1158949731242	1	INSTRUCTIONSCROLL	1643
1158949731255	1	INSTRUCTIONSCROLL	1646
1158949731268	1	INSTRUCTIONSCROLL	1648
1158949731282	1	INSTRUCTIONSCROLL	1651
1158949731295	1	INSTRUCTIONSCROLL	1654
1158949731308	1	INSTRUCTIONSCROLL	1656
1158949731322	1	INSTRUCTIONSCROLL	1659
1158949731335	1	INSTRUCTIONSCROLL	1662
1158949731348	1	INSTRUCTIONSCROLL	1664
1158949731361	1	INSTRUCTIONSCROLL	1667
1158949731374	1	INSTRUCTIONSCROLL	1669
1158949731387	1	INSTRUCTIONSCROLL	1672
1158949731401	1	INSTRUCTIONSCROLL	1675
1158949731414	1	INSTRUCTIONSCROLL	1677
1158949731427	1	INSTRUCTIONSCROLL	1680
1158949731441	1	INSTRUCTIONSCROLL	1683
1158949731454	1	INSTRUCTIONSCROLL	1685
1158949731467	1	INSTRUCTIONSCROLL	1688
1158949731481	1	INSTRUCTIONSCROLL	1691
1158949731494	1	INSTRUCTIONSCROLL	1693
1158949731507	1	INSTRUCTIONSCROLL	1696
1158949731521	1	INSTRUCTIONSCROLL	1699
1158949731534	1	INSTRUCTIONSCROLL	1701
1158949731547	1	INSTRUCTIONSCROLL	1704
1158949731561	1	INSTRUCTIONSCROLL	1707
1158949731574	1	INSTRUCTIONSCROLL	1709
1158949731587	1	INSTRUCTIONSCROLL	1712
1158949731601	1	INSTRUCTIONSCROLL	1715
1158949731614	1	INSTRUCTIONSCROLL	1717
1158949731627	1	INSTRUCTIONSCROLL	1720
1158949731641	1	INSTRUCTIONSCROLL	1723
1158949731654	1	INSTRUCTIONSCROLL	1725
1158949731667	1	INSTRUCTIONSCROLL	1728
1158949731681	1	INSTRUCTIONSCROLL	1731
1158949731694	1	INSTRUCTIONSCROLL	1733
1158949731707	1	INSTRUCTIONSCROLL	1736
1158949731721	1	INSTRUCTIONSCROLL	1739
1158949731734	1	INSTRUCTIONSCROLL	1740
1158949732761	1	INSTRUCTIONSTOP	Button set (OR)
1158949732765	0	E	Logging Ends
