1170450469404	0	B	Logging Begins
1170450469404	0	SESS_START	0
1170450555581	0	TRIAL	1
1170450569633	1	FACE	1839	PRES1_NNNN	Correct	LL1	PP1	Target_NNNN	6	0	PRACTICE
1170450573623	1	FACE	1839	CUE	Correct	LL1	PP1	Target_NNNN	6	0	PRACTICE
1170450575462	0	FACE	1839	RESP	Correct	LL1	PP1	Target_NNNN	6	0	PRACTICE
1170450575495	0	TRIAL	2
1170450579245	1	FACE	2589	PRES1_PNNP	Incorrect	LL1	PP1	Target_PNNP	3	0	PRACTICE
1170450582985	1	FACE	2589	CUE	Incorrect	LL1	PP1	Target_PNNP	3	0	PRACTICE
1170450585574	0	FACE	2589	RESP	Incorrect	LL1	PP1	Target_PNNP	3	0	PRACTICE
1170450585737	0	TRIAL	3
1170450588975	1	FACE	1741	PRES1_PPPN	Correct	LL1	PP0	Lure_PPPP	1	0	PRACTICE
1170450592897	1	FACE	1741	CUE	Correct	LL1	PP0	Lure_PPPP	1	0	PRACTICE
1170450594638	0	FACE	1741	RESP	Correct	LL1	PP0	Lure_PPPP	1	0	PRACTICE
1170450594672	0	TRIAL	4
1170450598144	1	FACE	954	PRES1_NPPP	Correct	LL1	PP0	Lure_NPNN	1	0	PRACTICE
1170450601995	1	FACE	954	CUE	Correct	LL1	PP0	Lure_NPNN	1	0	PRACTICE
1170450602949	0	FACE	954	RESP	Correct	LL1	PP0	Lure_NPNN	1	0	PRACTICE
1170450602987	0	TRIAL	5
1170450607087	1	FACE	992	PRES1_PNPN	Incorrect	LL1	PP0	Lure_PPNP	6	0	PRACTICE
1170450611030	1	FACE	992	CUE	Incorrect	LL1	PP0	Lure_PPNP	6	0	PRACTICE
1170450612022	0	FACE	992	RESP	Incorrect	LL1	PP0	Lure_PPNP	6	0	PRACTICE
1170450612050	0	TRIAL	6
1170450616132	1	FACE	1252	PRES1_PPNP	Correct	LL1	PP1	Target_PPNP	6	0	PRACTICE
1170450620050	1	FACE	1252	CUE	Correct	LL1	PP1	Target_PPNP	6	0	PRACTICE
1170450621302	0	FACE	1252	RESP	Correct	LL1	PP1	Target_PPNP	6	0	PRACTICE
1170450621331	0	TRIAL	7
1170450624519	1	FACE	987	PRES1_PNNP	Correct	LL1	PP0	Lure_NPNP	1	0	PRACTICE
1170450628345	1	FACE	987	CUE	Correct	LL1	PP0	Lure_NPNP	1	0	PRACTICE
1170450629332	1	FACE	987	RESP	Correct	LL1	PP0	Lure_NPNP	1	0	PRACTICE
1170450629361	0	TRIAL	8
1170450632405	1	FACE	1322	PRES1_NNNP	Correct	LL1	PP0	Lure_PPNN	1	0	PRACTICE
1170450636242	1	FACE	1322	CUE	Correct	LL1	PP0	Lure_PPNN	1	0	PRACTICE
1170450637564	0	FACE	1322	RESP	Correct	LL1	PP0	Lure_PPNN	1	0	PRACTICE
1170450637591	0	TRIAL	9
1170450640845	1	FACE	848	PRES1_PNPP	Correct	LL1	PP0	Lure_PNPN	1	0	PRACTICE
1170450644820	1	FACE	848	CUE	Correct	LL1	PP0	Lure_PNPN	1	0	PRACTICE
1170450645668	0	FACE	848	RESP	Correct	LL1	PP0	Lure_PNPN	1	0	PRACTICE
1170450645707	0	TRIAL	10
1170450649601	1	FACE	3200	PRES1_PNNN	Incorrect	LL1	PP0	Lure_NNPN	5	0	PRACTICE
1170450653619	1	FACE	3200	CUE	Incorrect	LL1	PP0	Lure_NNPN	5	0	PRACTICE
1170450656819	1	FACE	3200	RESP	Incorrect	LL1	PP0	Lure_NNPN	5	0	PRACTICE
1170450656853	0	TRIAL	11
1170450659971	1	FACE	1564	PRES1_NNPN	Correct	LL1	PP1	Target_NNPN	6	0	PRACTICE
1170450663704	1	FACE	1564	CUE	Correct	LL1	PP1	Target_NNPN	6	0	PRACTICE
1170450665268	0	FACE	1564	RESP	Correct	LL1	PP1	Target_NNPN	6	0	PRACTICE
1170450665300	0	TRIAL	12
1170450668534	1	FACE	1807	PRES1_NPPP	Correct	LL1	PP1	Target_NPPP	6	0	PRACTICE
1170450672357	1	FACE	1807	CUE	Correct	LL1	PP1	Target_NPPP	6	0	PRACTICE
1170450674164	0	FACE	1807	RESP	Correct	LL1	PP1	Target_NPPP	6	0	PRACTICE
1170450674197	0	TRIAL	13
1170450677034	1	FACE	886	PRES1_PPPP	Correct	LL1	PP0	Lure_PNNP	1	0	PRACTICE
1170450681037	1	FACE	886	CUE	Correct	LL1	PP0	Lure_PNNP	1	0	PRACTICE
1170450681923	0	FACE	886	RESP	Correct	LL1	PP0	Lure_PNNP	1	0	PRACTICE
1170450681961	0	TRIAL	14
1170450685384	1	FACE	773	PRES1_NPNP	Correct	LL1	PP1	Target_NPNP	6	0	PRACTICE
1170450689302	1	FACE	773	CUE	Correct	LL1	PP1	Target_NPNP	6	0	PRACTICE
1170450690075	0	FACE	773	RESP	Correct	LL1	PP1	Target_NPNP	6	0	PRACTICE
1170450690111	0	TRIAL	15
1170450693209	1	FACE	1271	PRES1_NNPP	Correct	LL1	PP0	Lure_PNPP	1	0	PRACTICE
1170450697028	1	FACE	1271	CUE	Correct	LL1	PP0	Lure_PNPP	1	0	PRACTICE
1170450698299	0	FACE	1271	RESP	Correct	LL1	PP0	Lure_PNPP	1	0	PRACTICE
1170450698322	0	TRIAL	16
1170450701593	1	FACE	1190	PRES1_NPPN	Correct	LL1	PP1	Target_NPPN	5	0	PRACTICE
1170450705380	1	FACE	1190	CUE	Correct	LL1	PP1	Target_NPPN	5	0	PRACTICE
1170450706570	0	FACE	1190	RESP	Correct	LL1	PP1	Target_NPPN	5	0	PRACTICE
1170450706603	0	TRIAL	17
1170450709732	1	FACE	892	PRES1_PPPP	Correct	LL1	PP1	Target_PPPP	5	0	PRACTICE
1170450713574	1	FACE	892	CUE	Correct	LL1	PP1	Target_PPPP	5	0	PRACTICE
1170450714466	0	FACE	892	RESP	Correct	LL1	PP1	Target_PPPP	5	0	PRACTICE
1170450714501	0	TRIAL	18
1170450717583	1	FACE	781	PRES1_PPPN	Correct	LL1	PP1	Target_PPPN	5	0	PRACTICE
1170450721445	1	FACE	781	CUE	Correct	LL1	PP1	Target_PPPN	5	0	PRACTICE
1170450722226	0	FACE	781	RESP	Correct	LL1	PP1	Target_PPPN	5	0	PRACTICE
1170450722265	0	TRIAL	19
1170450725406	1	FACE	1084	PRES1_PNNN	Correct	LL1	PP1	Target_PNNN	5	0	PRACTICE
1170450729277	1	FACE	1084	CUE	Correct	LL1	PP1	Target_PNNN	5	0	PRACTICE
1170450730361	0	FACE	1084	RESP	Correct	LL1	PP1	Target_PNNN	5	0	PRACTICE
1170450730396	0	TRIAL	20
1170450733331	1	FACE	1104	PRES1_NNNN	Correct	LL1	PP0	Lure_NNPP	1	0	PRACTICE
1170450737154	1	FACE	1104	CUE	Correct	LL1	PP0	Lure_NNPP	1	0	PRACTICE
1170450738258	0	FACE	1104	RESP	Correct	LL1	PP0	Lure_NNPP	1	0	PRACTICE
1170450738294	0	TRIAL	21
1170450741692	1	FACE	1131	PRES1_PPNP	Correct	LL1	PP0	Lure_NPPN	1	0	PRACTICE
1170450745509	1	FACE	1131	CUE	Correct	LL1	PP0	Lure_NPPN	1	0	PRACTICE
1170450746640	1	FACE	1131	RESP	Correct	LL1	PP0	Lure_NPPN	1	0	PRACTICE
1170450746673	0	TRIAL	22
1170450749851	1	FACE	808	PRES1_NPNN	Incorrect	LL1	PP0	Lure_NNNP	6	0	PRACTICE
1170450753696	1	FACE	808	CUE	Incorrect	LL1	PP0	Lure_NNNP	6	0	PRACTICE
1170450754504	0	FACE	808	RESP	Incorrect	LL1	PP0	Lure_NNNP	6	0	PRACTICE
1170450754538	0	TRIAL	23
1170450757706	1	FACE	1908	PRES1_NPNP	Correct	LL1	PP0	Lure_PPPN	1	0	PRACTICE
1170450761708	1	FACE	1908	CUE	Correct	LL1	PP0	Lure_PPPN	1	0	PRACTICE
1170450763616	0	FACE	1908	RESP	Correct	LL1	PP0	Lure_PPPN	1	0	PRACTICE
1170450763651	0	TRIAL	24
1170450766678	1	FACE	1099	PRES1_PNPP	Correct	LL1	PP1	Target_PNPP	6	0	PRACTICE
1170450770677	1	FACE	1099	CUE	Correct	LL1	PP1	Target_PNPP	6	0	PRACTICE
1170450771776	0	FACE	1099	RESP	Correct	LL1	PP1	Target_PNPP	6	0	PRACTICE
1170450771817	0	TRIAL	25
1170450775306	1	FACE	1386	PRES1_NNPN	Incorrect	LL1	PP0	Lure_NNNN	6	0	PRACTICE
1170450779117	1	FACE	1386	CUE	Incorrect	LL1	PP0	Lure_NNNN	6	0	PRACTICE
1170450780503	0	FACE	1386	RESP	Incorrect	LL1	PP0	Lure_NNNN	6	0	PRACTICE
1170450780529	0	TRIAL	26
1170450785602	1	FACE	981	PRES1_NNPP	Correct	LL1	PP1	Target_NNPP	5	0	PRACTICE
1170450789538	1	FACE	981	CUE	Correct	LL1	PP1	Target_NNPP	5	0	PRACTICE
1170450790519	0	FACE	981	RESP	Correct	LL1	PP1	Target_NNPP	5	0	PRACTICE
1170450790560	0	TRIAL	27
1170450793840	1	FACE	1094	PRES1_PPNN	Correct	LL1	PP1	Target_PPNN	5	0	PRACTICE
1170450797649	1	FACE	1094	CUE	Correct	LL1	PP1	Target_PPNN	5	0	PRACTICE
1170450798743	0	FACE	1094	RESP	Correct	LL1	PP1	Target_PPNN	5	0	PRACTICE
1170450798774	0	TRIAL	28
1170450801899	1	FACE	844	PRES1_NPNN	Correct	LL1	PP1	Target_NPNN	5	0	PRACTICE
1170450805906	1	FACE	844	CUE	Correct	LL1	PP1	Target_NPNN	5	0	PRACTICE
1170450806750	0	FACE	844	RESP	Correct	LL1	PP1	Target_NPNN	5	0	PRACTICE
1170450806787	0	TRIAL	29
1170450810147	1	FACE	1185	PRES1_PNPN	Correct	LL1	PP1	Target_PNPN	5	0	PRACTICE
1170450814046	1	FACE	1185	CUE	Correct	LL1	PP1	Target_PNPN	5	0	PRACTICE
1170450815231	0	FACE	1185	RESP	Correct	LL1	PP1	Target_PNPN	5	0	PRACTICE
1170450815272	0	TRIAL	30
1170450818516	1	FACE	1205	PRES1_NNNP	Correct	LL1	PP1	Target_NNNP	6	0	PRACTICE
1170450822521	1	FACE	1205	CUE	Correct	LL1	PP1	Target_NNNP	6	0	PRACTICE
1170450823726	0	FACE	1205	RESP	Correct	LL1	PP1	Target_NNNP	6	0	PRACTICE
1170450823766	0	TRIAL	31
1170450826976	1	FACE	912	PRES1_NPPN	Correct	LL1	PP0	Lure_NPPP	1	0	PRACTICE
1170450830958	1	FACE	912	CUE	Correct	LL1	PP0	Lure_NPPP	1	0	PRACTICE
1170450831870	0	FACE	912	RESP	Correct	LL1	PP0	Lure_NPPP	1	0	PRACTICE
1170450831896	0	TRIAL	32
1170450835285	1	FACE	1070	PRES1_PPNN	Correct	LL1	PP0	Lure_PNNN	1	0	PRACTICE
1170450839160	1	FACE	1070	CUE	Correct	LL1	PP0	Lure_PNNN	1	0	PRACTICE
1170450840230	0	FACE	1070	RESP	Correct	LL1	PP0	Lure_PNNN	1	0	PRACTICE
1170450843903	0	TRIAL	1
1170450847925	1	FACE	1492	PRES1_PNPP	Correct	LL1	PP0	Lure_NPNN	1	0	PRACTICE
1170450851810	1	FACE	1492	CUE	Correct	LL1	PP0	Lure_NPNN	1	0	PRACTICE
1170450853302	0	FACE	1492	RESP	Correct	LL1	PP0	Lure_NPNN	1	0	PRACTICE
1170450853338	0	TRIAL	2
1170450856473	1	FACE	1172	PRES1_NNPP	Correct	LL1	PP1	Target_NNPP	5	0	PRACTICE
1170450860409	1	FACE	1172	CUE	Correct	LL1	PP1	Target_NNPP	5	0	PRACTICE
1170450861581	0	FACE	1172	RESP	Correct	LL1	PP1	Target_NNPP	5	0	PRACTICE
1170450861620	0	TRIAL	3
1170450864734	1	FACE	1671	PRES1_PPPN	Incorrect	LL1	PP1	Target_PPPN	1	0	PRACTICE
1170450868550	1	FACE	1671	CUE	Incorrect	LL1	PP1	Target_PPPN	1	0	PRACTICE
1170450870221	0	FACE	1671	RESP	Incorrect	LL1	PP1	Target_PPPN	1	0	PRACTICE
1170450870251	0	TRIAL	4
1170450873207	1	FACE	938	PRES1_NNNN	Correct	LL1	PP0	Lure_NPPP	1	0	PRACTICE
1170450876946	1	FACE	938	CUE	Correct	LL1	PP0	Lure_NPPP	1	0	PRACTICE
1170450877884	0	FACE	938	RESP	Correct	LL1	PP0	Lure_NPPP	1	0	PRACTICE
1170450877914	0	TRIAL	5
1170450880958	1	FACE	1822	PRES1_PNPN	Correct	LL1	PP0	Lure_NPNP	1	0	PRACTICE
1170450884678	1	FACE	1822	CUE	Correct	LL1	PP0	Lure_NPNP	1	0	PRACTICE
1170450886500	0	FACE	1822	RESP	Correct	LL1	PP0	Lure_NPNP	1	0	PRACTICE
1170450886528	0	TRIAL	6
1170450890027	1	FACE	1068	PRES1_PPNN	Correct	LL1	PP1	Target_PPNN	6	0	PRACTICE
1170450893895	1	FACE	1068	CUE	Correct	LL1	PP1	Target_PPNN	6	0	PRACTICE
1170450894963	0	FACE	1068	RESP	Correct	LL1	PP1	Target_PPNN	6	0	PRACTICE
1170450894992	0	TRIAL	7
1170450898137	1	FACE	805	PRES1_NPPP	Correct	LL1	PP1	Target_NPPP	6	0	PRACTICE
1170450902022	1	FACE	805	CUE	Correct	LL1	PP1	Target_NPPP	6	0	PRACTICE
1170450902827	0	FACE	805	RESP	Correct	LL1	PP1	Target_NPPP	6	0	PRACTICE
1170450902856	0	TRIAL	8
1170450905911	1	FACE	784	PRES1_NNPP	Correct	LL1	PP0	Lure_PPNP	1	0	PRACTICE
1170450909675	1	FACE	784	CUE	Correct	LL1	PP0	Lure_PPNP	1	0	PRACTICE
1170450910459	0	FACE	784	RESP	Correct	LL1	PP0	Lure_PPNP	1	0	PRACTICE
1170450910487	0	TRIAL	9
1170450914027	1	FACE	3200	PRES1_NPPN	Correct	LL1	PP0	Lure_PNNP	3	0	PRACTICE
1170450918052	1	FACE	3200	CUE	Correct	LL1	PP0	Lure_PNNP	3	0	PRACTICE
1170450921252	0	FACE	3200	RESP	Correct	LL1	PP0	Lure_PNNP	3	0	PRACTICE
1170450921285	0	TRIAL	10
1170450924481	1	FACE	916	PRES1_PPNP	Correct	LL1	PP1	Target_PPNP	6	0	PRACTICE
1170450928438	1	FACE	916	CUE	Correct	LL1	PP1	Target_PPNP	6	0	PRACTICE
1170450929354	0	FACE	916	RESP	Correct	LL1	PP1	Target_PPNP	6	0	PRACTICE
1170450929382	0	TRIAL	11
1170450932984	1	FACE	879	PRES1_PNPP	Correct	LL1	PP1	Target_PNPP	6	0	PRACTICE
1170450936971	1	FACE	879	CUE	Correct	LL1	PP1	Target_PNPP	6	0	PRACTICE
1170450937850	0	FACE	879	RESP	Correct	LL1	PP1	Target_PNPP	6	0	PRACTICE
1170450937878	0	TRIAL	12
1170450941160	1	FACE	817	PRES1_NPNN	Correct	LL1	PP1	Target_NPNN	6	0	PRACTICE
1170450944985	1	FACE	817	CUE	Correct	LL1	PP1	Target_NPNN	6	0	PRACTICE
1170450945802	0	FACE	817	RESP	Correct	LL1	PP1	Target_NPNN	6	0	PRACTICE
1170450945842	0	TRIAL	13
1170450949041	1	FACE	1046	PRES1_PNNN	Correct	LL1	PP1	Target_PNNN	6	0	PRACTICE
1170450953004	1	FACE	1046	CUE	Correct	LL1	PP1	Target_PNNN	6	0	PRACTICE
1170450954050	0	FACE	1046	RESP	Correct	LL1	PP1	Target_PNNN	6	0	PRACTICE
1170450954090	0	TRIAL	14
1170450957502	1	FACE	574	PRES1_NPNP	Correct	LL1	PP0	Lure_NNPN	1	0	PRACTICE
1170450961452	1	FACE	574	CUE	Correct	LL1	PP0	Lure_NNPN	1	0	PRACTICE
1170450962026	0	FACE	574	RESP	Correct	LL1	PP0	Lure_NNPN	1	0	PRACTICE
1170450962057	0	TRIAL	15
1170450965336	1	FACE	502	PRES1_PPPP	Correct	LL1	PP1	Target_PPPP	6	0	PRACTICE
1170450969291	1	FACE	502	CUE	Correct	LL1	PP1	Target_PPPP	6	0	PRACTICE
1170450969793	0	FACE	502	RESP	Correct	LL1	PP1	Target_PPPP	6	0	PRACTICE
1170450969818	0	TRIAL	16
1170450973402	1	FACE	524	PRES1_NPPN	Correct	LL1	PP1	Target_NPPN	6	0	PRACTICE
1170450977149	1	FACE	524	CUE	Correct	LL1	PP1	Target_NPPN	6	0	PRACTICE
1170450977673	0	FACE	524	RESP	Correct	LL1	PP1	Target_NPPN	6	0	PRACTICE
1170450977699	0	TRIAL	17
1170450980894	1	FACE	1553	PRES1_NNPN	Correct	LL1	PP0	Lure_PNNN	3	0	PRACTICE
1170450984879	1	FACE	1553	CUE	Correct	LL1	PP0	Lure_PNNN	3	0	PRACTICE
1170450986432	1	FACE	1553	RESP	Correct	LL1	PP0	Lure_PNNN	3	0	PRACTICE
1170450986463	0	TRIAL	18
1170450989755	1	FACE	1034	PRES1_NPNN	Correct	LL1	PP0	Lure_NNNP	1	0	PRACTICE
1170450993542	1	FACE	1034	CUE	Correct	LL1	PP0	Lure_NNNP	1	0	PRACTICE
1170450994576	0	FACE	1034	RESP	Correct	LL1	PP0	Lure_NNNP	1	0	PRACTICE
1170450994611	0	TRIAL	19
1170451001504	1	FACE	2316	PRES1_PNPN	Correct	LL1	PP1	Target_PNPN	6	0	PRACTICE
1170451005348	1	FACE	2316	CUE	Correct	LL1	PP1	Target_PNPN	6	0	PRACTICE
1170451007664	0	FACE	2316	RESP	Correct	LL1	PP1	Target_PNPN	6	0	PRACTICE
1170451007690	0	TRIAL	20
1170451010864	1	FACE	836	PRES1_NNNP	Correct	LL1	PP0	Lure_NPPN	1	0	PRACTICE
1170451014635	1	FACE	836	CUE	Correct	LL1	PP0	Lure_NPPN	1	0	PRACTICE
1170451015471	1	FACE	836	RESP	Correct	LL1	PP0	Lure_NPPN	1	0	PRACTICE
1170451015503	0	TRIAL	21
1170451018916	1	FACE	890	PRES1_PPPN	Correct	LL1	PP0	Lure_NNNN	1	0	PRACTICE
1170451022837	1	FACE	890	CUE	Correct	LL1	PP0	Lure_NNNN	1	0	PRACTICE
1170451023727	0	FACE	890	RESP	Correct	LL1	PP0	Lure_NNNN	1	0	PRACTICE
1170451023767	0	TRIAL	22
1170451027005	1	FACE	1012	PRES1_PNNN	Correct	LL1	PP0	Lure_PPNN	1	0	PRACTICE
1170451030915	1	FACE	1012	CUE	Correct	LL1	PP0	Lure_PPNN	1	0	PRACTICE
1170451031927	0	FACE	1012	RESP	Correct	LL1	PP0	Lure_PPNN	1	0	PRACTICE
1170451031964	0	TRIAL	23
1170451035304	1	FACE	974	PRES1_PPNP	Correct	LL1	PP0	Lure_NNPP	1	0	PRACTICE
1170451039162	1	FACE	974	CUE	Correct	LL1	PP0	Lure_NNPP	1	0	PRACTICE
1170451040136	0	FACE	974	RESP	Correct	LL1	PP0	Lure_NNPP	1	0	PRACTICE
1170451040164	0	TRIAL	24
1170451043338	1	FACE	825	PRES1_NNPN	Incorrect	LL1	PP1	Target_NNPN	1	0	PRACTICE
1170451047294	1	FACE	825	CUE	Incorrect	LL1	PP1	Target_NNPN	1	0	PRACTICE
1170451048119	0	FACE	825	RESP	Incorrect	LL1	PP1	Target_NNPN	1	0	PRACTICE
1170451048144	0	TRIAL	25
1170451051453	1	FACE	1678	PRES1_PNNP	Correct	LL1	PP0	Lure_PNPN	1	0	PRACTICE
1170451055200	1	FACE	1678	CUE	Correct	LL1	PP0	Lure_PNPN	1	0	PRACTICE
1170451056878	0	FACE	1678	RESP	Correct	LL1	PP0	Lure_PNPN	1	0	PRACTICE
1170451056906	0	TRIAL	26
1170451060264	1	FACE	1383	PRES1_PPNN	Correct	LL1	PP0	Lure_PPPP	1	0	PRACTICE
1170451064071	1	FACE	1383	CUE	Correct	LL1	PP0	Lure_PPPP	1	0	PRACTICE
1170451065454	0	FACE	1383	RESP	Correct	LL1	PP0	Lure_PPPP	1	0	PRACTICE
1170451065488	0	TRIAL	27
1170451068718	1	FACE	762	PRES1_NPPP	Correct	LL1	PP0	Lure_PNPP	1	0	PRACTICE
1170451072739	1	FACE	762	CUE	Correct	LL1	PP0	Lure_PNPP	1	0	PRACTICE
1170451073501	1	FACE	762	RESP	Correct	LL1	PP0	Lure_PNPP	1	0	PRACTICE
1170451073534	0	TRIAL	28
1170451076652	1	FACE	1389	PRES1_NPNP	Correct	LL1	PP1	Target_NPNP	6	0	PRACTICE
1170451080512	1	FACE	1389	CUE	Correct	LL1	PP1	Target_NPNP	6	0	PRACTICE
1170451081901	0	FACE	1389	RESP	Correct	LL1	PP1	Target_NPNP	6	0	PRACTICE
1170451081931	0	TRIAL	29
1170451084916	1	FACE	634	PRES1_NNNP	Correct	LL1	PP1	Target_NNNP	6	0	PRACTICE
1170451088883	1	FACE	634	CUE	Correct	LL1	PP1	Target_NNNP	6	0	PRACTICE
1170451089517	0	FACE	634	RESP	Correct	LL1	PP1	Target_NNNP	6	0	PRACTICE
1170451089550	0	TRIAL	30
1170451092707	1	FACE	617	PRES1_PNNP	Correct	LL1	PP1	Target_PNNP	6	0	PRACTICE
1170451096693	1	FACE	617	CUE	Correct	LL1	PP1	Target_PNNP	6	0	PRACTICE
1170451097310	0	FACE	617	RESP	Correct	LL1	PP1	Target_PNNP	6	0	PRACTICE
1170451097344	0	TRIAL	31
1170451100709	1	FACE	828	PRES1_NNNN	Correct	LL1	PP1	Target_NNNN	6	0	PRACTICE
1170451104552	1	FACE	828	CUE	Correct	LL1	PP1	Target_NNNN	6	0	PRACTICE
1170451105380	0	FACE	828	RESP	Correct	LL1	PP1	Target_NNNN	6	0	PRACTICE
1170451105408	0	TRIAL	32
1170451108683	1	FACE	1100	PRES1_PPPP	Correct	LL1	PP0	Lure_PPPN	1	0	PRACTICE
1170451112600	1	FACE	1100	CUE	Correct	LL1	PP0	Lure_PPPN	1	0	PRACTICE
1170451113700	1	FACE	1100	RESP	Correct	LL1	PP0	Lure_PPPN	1	0	PRACTICE
1170451121348	0	SESS_END	1
1170451121354	0	E	Logging Ends
