1168971631296	0	B	Logging Begins
1168971631296	0	SESS_START	1
1168972894948	0	TRIAL	1
1168972901020	1	FACE	1125	PRES1_NNNN	Correct	LL1	PP1	Target_NNNN	5	0	PRACTICE
1168972904855	1	FACE	1125	CUE	Correct	LL1	PP1	Target_NNNN	5	0	PRACTICE
1168972905980	0	FACE	1125	RESP	Correct	LL1	PP1	Target_NNNN	5	0	PRACTICE
1168972906017	0	TRIAL	2
1168972910351	1	FACE	1295	PRES1_PNNP	Correct	LL1	PP1	Target_PNNP	6	0	PRACTICE
1168972914126	1	FACE	1295	CUE	Correct	LL1	PP1	Target_PNNP	6	0	PRACTICE
1168972915421	0	FACE	1295	RESP	Correct	LL1	PP1	Target_PNNP	6	0	PRACTICE
1168972915448	0	TRIAL	3
1168972918862	1	FACE	1297	PRES1_PPPN	Correct	LL1	PP0	Lure_PPPP	1	0	PRACTICE
1168972922756	1	FACE	1297	CUE	Correct	LL1	PP0	Lure_PPPP	1	0	PRACTICE
1168972924053	0	FACE	1297	RESP	Correct	LL1	PP0	Lure_PPPP	1	0	PRACTICE
1168972924079	0	TRIAL	4
1168972927067	1	FACE	1001	PRES1_NPPP	Correct	LL1	PP0	Lure_NPNN	1	0	PRACTICE
1168972930947	1	FACE	1001	CUE	Correct	LL1	PP0	Lure_NPNN	1	0	PRACTICE
1168972931948	0	FACE	1001	RESP	Correct	LL1	PP0	Lure_NPNN	1	0	PRACTICE
1168972931976	0	TRIAL	5
1168972934635	1	FACE	1153	PRES1_PNPN	Correct	LL1	PP0	Lure_PPNP	1	0	PRACTICE
1168972938628	1	FACE	1153	CUE	Correct	LL1	PP0	Lure_PPNP	1	0	PRACTICE
1168972939781	0	FACE	1153	RESP	Correct	LL1	PP0	Lure_PPNP	1	0	PRACTICE
1168972939806	0	TRIAL	6
1168972942561	1	FACE	722	PRES1_PPNP	Correct	LL1	PP1	Target_PPNP	6	0	PRACTICE
1168972946299	1	FACE	722	CUE	Correct	LL1	PP1	Target_PPNP	6	0	PRACTICE
1168972947021	0	FACE	722	RESP	Correct	LL1	PP1	Target_PPNP	6	0	PRACTICE
1168972947055	0	TRIAL	7
1168972949779	1	FACE	793	PRES1_PNNP	Correct	LL1	PP0	Lure_NPNP	1	0	PRACTICE
1168972953845	1	FACE	793	CUE	Correct	LL1	PP0	Lure_NPNP	1	0	PRACTICE
1168972954638	0	FACE	793	RESP	Correct	LL1	PP0	Lure_NPNP	1	0	PRACTICE
1168972954671	0	TRIAL	8
1168972957497	1	FACE	834	PRES1_NNNP	Correct	LL1	PP0	Lure_PPNN	1	0	PRACTICE
1168972961236	1	FACE	834	CUE	Correct	LL1	PP0	Lure_PPNN	1	0	PRACTICE
1168972962070	0	FACE	834	RESP	Correct	LL1	PP0	Lure_PPNN	1	0	PRACTICE
1168972962262	0	TRIAL	9
1168972964823	1	FACE	931	PRES1_PNPP	Correct	LL1	PP0	Lure_PNPN	1	0	PRACTICE
1168972968866	1	FACE	931	CUE	Correct	LL1	PP0	Lure_PNPN	1	0	PRACTICE
1168972969797	0	FACE	931	RESP	Correct	LL1	PP0	Lure_PNPN	1	0	PRACTICE
1168972969832	0	TRIAL	10
1168972972442	1	FACE	1247	PRES1_PNNN	Correct	LL1	PP0	Lure_NNPN	1	0	PRACTICE
1168972976463	1	FACE	1247	CUE	Correct	LL1	PP0	Lure_NNPN	1	0	PRACTICE
1168972977710	0	FACE	1247	RESP	Correct	LL1	PP0	Lure_NNPN	1	0	PRACTICE
1168972977747	0	TRIAL	11
1168972980593	1	FACE	1080	PRES1_NNPN	Correct	LL1	PP1	Target_NNPN	6	0	PRACTICE
1168972984382	1	FACE	1080	CUE	Correct	LL1	PP1	Target_NNPN	6	0	PRACTICE
1168972985462	0	FACE	1080	RESP	Correct	LL1	PP1	Target_NNPN	6	0	PRACTICE
1168972985496	0	TRIAL	12
1168972988384	1	FACE	957	PRES1_NPPP	Correct	LL1	PP1	Target_NPPP	6	0	PRACTICE
1168972992361	1	FACE	957	CUE	Correct	LL1	PP1	Target_NPPP	6	0	PRACTICE
1168972993318	0	FACE	957	RESP	Correct	LL1	PP1	Target_NPPP	6	0	PRACTICE
1168972993343	0	TRIAL	13
1168972996213	1	FACE	806	PRES1_PPPP	Correct	LL1	PP0	Lure_PNNP	1	0	PRACTICE
1168973000232	1	FACE	806	CUE	Correct	LL1	PP0	Lure_PNNP	1	0	PRACTICE
1168973001038	0	FACE	806	RESP	Correct	LL1	PP0	Lure_PNNP	1	0	PRACTICE
1168973001074	0	TRIAL	14
1168973003918	1	FACE	885	PRES1_NPNP	Correct	LL1	PP1	Target_NPNP	6	0	PRACTICE
1168973007889	1	FACE	885	CUE	Correct	LL1	PP1	Target_NPNP	6	0	PRACTICE
1168973008774	0	FACE	885	RESP	Correct	LL1	PP1	Target_NPNP	6	0	PRACTICE
1168973008805	0	TRIAL	15
1168973011610	1	FACE	610	PRES1_NNPP	Correct	LL1	PP0	Lure_PNPP	1	0	PRACTICE
1168973015588	1	FACE	610	CUE	Correct	LL1	PP0	Lure_PNPP	1	0	PRACTICE
1168973016198	0	FACE	610	RESP	Correct	LL1	PP0	Lure_PNPP	1	0	PRACTICE
1168973016237	0	TRIAL	16
1168973019224	1	FACE	779	PRES1_NPPN	Correct	LL1	PP1	Target_NPPN	6	0	PRACTICE
1168973023003	1	FACE	779	CUE	Correct	LL1	PP1	Target_NPPN	6	0	PRACTICE
1168973023782	0	FACE	779	RESP	Correct	LL1	PP1	Target_NPPN	6	0	PRACTICE
1168973023817	0	TRIAL	17
1168973027554	1	FACE	783	PRES1_PPPP	Correct	LL1	PP1	Target_PPPP	6	0	PRACTICE
1168973031360	1	FACE	783	CUE	Correct	LL1	PP1	Target_PPPP	6	0	PRACTICE
1168973032143	0	FACE	783	RESP	Correct	LL1	PP1	Target_PPPP	6	0	PRACTICE
1168973032182	0	TRIAL	18
1168973035610	1	FACE	1249	PRES1_PPPN	Incorrect	LL1	PP1	Target_PPPN	1	0	PRACTICE
1168973039462	1	FACE	1249	CUE	Incorrect	LL1	PP1	Target_PPPN	1	0	PRACTICE
1168973040711	0	FACE	1249	RESP	Incorrect	LL1	PP1	Target_PPPN	1	0	PRACTICE
1168973040746	0	TRIAL	19
1168973044840	1	FACE	1105	PRES1_PNNN	Correct	LL1	PP1	Target_PNNN	5	0	PRACTICE
1168973048717	1	FACE	1105	CUE	Correct	LL1	PP1	Target_PNNN	5	0	PRACTICE
1168973049822	0	FACE	1105	RESP	Correct	LL1	PP1	Target_PNNN	5	0	PRACTICE
1168973049862	0	TRIAL	20
1168973053742	1	FACE	979	PRES1_NNNN	Correct	LL1	PP0	Lure_NNPP	1	0	PRACTICE
1168973057612	1	FACE	979	CUE	Correct	LL1	PP0	Lure_NNPP	1	0	PRACTICE
1168973058591	0	FACE	979	RESP	Correct	LL1	PP0	Lure_NNPP	1	0	PRACTICE
1168973058625	0	TRIAL	21
1168973061498	1	FACE	938	PRES1_PPNP	Correct	LL1	PP0	Lure_NPPN	1	0	PRACTICE
1168973065285	1	FACE	938	CUE	Correct	LL1	PP0	Lure_NPPN	1	0	PRACTICE
1168973066223	0	FACE	938	RESP	Correct	LL1	PP0	Lure_NPPN	1	0	PRACTICE
1168973066256	0	TRIAL	22
1168973069410	1	FACE	806	PRES1_NPNN	Correct	LL1	PP0	Lure_NNNP	1	0	PRACTICE
1168973073265	1	FACE	806	CUE	Correct	LL1	PP0	Lure_NNNP	1	0	PRACTICE
1168973074071	0	FACE	806	RESP	Correct	LL1	PP0	Lure_NNNP	1	0	PRACTICE
1168973074105	0	TRIAL	23
1168973076934	1	FACE	681	PRES1_NPNP	Correct	LL1	PP0	Lure_PPPN	1	0	PRACTICE
1168973080894	1	FACE	681	CUE	Correct	LL1	PP0	Lure_PPPN	1	0	PRACTICE
1168973081575	0	FACE	681	RESP	Correct	LL1	PP0	Lure_PPPN	1	0	PRACTICE
1168973081602	0	TRIAL	24
1168973084427	1	FACE	1381	PRES1_PNPP	Correct	LL1	PP1	Target_PNPP	5	0	PRACTICE
1168973088338	1	FACE	1381	CUE	Correct	LL1	PP1	Target_PNPP	5	0	PRACTICE
1168973089719	0	FACE	1381	RESP	Correct	LL1	PP1	Target_PNPP	5	0	PRACTICE
1168973089751	0	TRIAL	25
1168973092756	1	FACE	798	PRES1_NNPN	Incorrect	LL1	PP0	Lure_NNNN	6	0	PRACTICE
1168973096785	1	FACE	798	CUE	Incorrect	LL1	PP0	Lure_NNNN	6	0	PRACTICE
1168973097583	0	FACE	798	RESP	Incorrect	LL1	PP0	Lure_NNNN	6	0	PRACTICE
1168973097614	0	TRIAL	26
1168973100580	1	FACE	1109	PRES1_NNPP	Correct	LL1	PP1	Target_NNPP	5	0	PRACTICE
1168973104571	1	FACE	1109	CUE	Correct	LL1	PP1	Target_NNPP	5	0	PRACTICE
1168973105680	0	FACE	1109	RESP	Correct	LL1	PP1	Target_NNPP	5	0	PRACTICE
1168973105713	0	TRIAL	27
1168973109225	1	FACE	1032	PRES1_PPNN	Correct	LL1	PP1	Target_PPNN	6	0	PRACTICE
1168973113096	1	FACE	1032	CUE	Correct	LL1	PP1	Target_PPNN	6	0	PRACTICE
1168973114128	0	FACE	1032	RESP	Correct	LL1	PP1	Target_PPNN	6	0	PRACTICE
1168973114159	0	TRIAL	28
1168973117026	1	FACE	707	PRES1_NPNN	Correct	LL1	PP1	Target_NPNN	6	0	PRACTICE
1168973120789	1	FACE	707	CUE	Correct	LL1	PP1	Target_NPNN	6	0	PRACTICE
1168973121496	0	FACE	707	RESP	Correct	LL1	PP1	Target_NPNN	6	0	PRACTICE
1168973121525	0	TRIAL	29
1168973124281	1	FACE	4722	PRES1_PNPN	Correct	LL1	PP1	Target_PNPN	5	0	PRACTICE
1168973128310	1	FACE	4722	CUE	Correct	LL1	PP1	Target_PNPN	5	0	PRACTICE
1168973133032	0	FACE	4722	RESP	Correct	LL1	PP1	Target_PNPN	5	0	PRACTICE
1168973133075	0	TRIAL	30
1168973137802	1	FACE	976	PRES1_NNNP	Correct	LL1	PP1	Target_NNNP	6	0	PRACTICE
1168973141616	1	FACE	976	CUE	Correct	LL1	PP1	Target_NNNP	6	0	PRACTICE
1168973142592	0	FACE	976	RESP	Correct	LL1	PP1	Target_NNNP	6	0	PRACTICE
1168973142618	0	TRIAL	31
1168973145362	1	FACE	779	PRES1_NPPN	Correct	LL1	PP0	Lure_NPPP	1	0	PRACTICE
1168973149317	1	FACE	779	CUE	Correct	LL1	PP0	Lure_NPPP	1	0	PRACTICE
1168973150096	0	FACE	779	RESP	Correct	LL1	PP0	Lure_NPPP	1	0	PRACTICE
1168973150133	0	TRIAL	32
1168973152870	1	FACE	903	PRES1_PPNN	Correct	LL1	PP0	Lure_PNNN	1	0	PRACTICE
1168973156721	1	FACE	903	CUE	Correct	LL1	PP0	Lure_PNNN	1	0	PRACTICE
1168973157624	0	FACE	903	RESP	Correct	LL1	PP0	Lure_PNNN	1	0	PRACTICE
1168973170913	0	TRIAL	1
1168973176276	1	FACE	965	PRES1_PNPP	Correct	LL1	PP0	Lure_NPNN	1	0	PRACTICE
1168973180228	1	FACE	965	CUE	Correct	LL1	PP0	Lure_NPNN	1	0	PRACTICE
1168973181193	0	FACE	965	RESP	Correct	LL1	PP0	Lure_NPNN	1	0	PRACTICE
1168973181224	0	TRIAL	2
1168973183817	1	FACE	1377	PRES1_NNPP	Correct	LL1	PP1	Target_NNPP	5	0	PRACTICE
1168973187800	1	FACE	1377	CUE	Correct	LL1	PP1	Target_NNPP	5	0	PRACTICE
1168973189177	0	FACE	1377	RESP	Correct	LL1	PP1	Target_NNPP	5	0	PRACTICE
1168973189206	0	TRIAL	3
1168973194803	1	FACE	794	PRES1_PPPN	Correct	LL1	PP1	Target_PPPN	6	0	PRACTICE
1168973198799	1	FACE	794	CUE	Correct	LL1	PP1	Target_PPPN	6	0	PRACTICE
1168973199593	0	FACE	794	RESP	Correct	LL1	PP1	Target_PPPN	6	0	PRACTICE
1168973199620	0	TRIAL	4
1168973203351	1	FACE	816	PRES1_NNNN	Correct	LL1	PP0	Lure_NPPP	1	0	PRACTICE
1168973207273	1	FACE	816	CUE	Correct	LL1	PP0	Lure_NPPP	1	0	PRACTICE
1168973208089	0	FACE	816	RESP	Correct	LL1	PP0	Lure_NPPP	1	0	PRACTICE
1168973208117	0	TRIAL	5
1168973212773	1	FACE	719	PRES1_PNPN	Correct	LL1	PP0	Lure_NPNP	1	0	PRACTICE
1168973216658	1	FACE	719	CUE	Correct	LL1	PP0	Lure_NPNP	1	0	PRACTICE
1168973217377	0	FACE	719	RESP	Correct	LL1	PP0	Lure_NPNP	1	0	PRACTICE
1168973217414	0	TRIAL	6
1168973220906	1	FACE	1506	PRES1_PPNN	Correct	LL1	PP1	Target_PPNN	5	0	PRACTICE
1168973224663	1	FACE	1506	CUE	Correct	LL1	PP1	Target_PPNN	5	0	PRACTICE
1168973226169	0	FACE	1506	RESP	Correct	LL1	PP1	Target_PPNN	5	0	PRACTICE
1168973226195	0	TRIAL	7
1168973228824	1	FACE	895	PRES1_NPPP	Correct	LL1	PP1	Target_NPPP	5	0	PRACTICE
1168973232818	1	FACE	895	CUE	Correct	LL1	PP1	Target_NPPP	5	0	PRACTICE
1168973233713	0	FACE	895	RESP	Correct	LL1	PP1	Target_NPPP	5	0	PRACTICE
1168973233743	0	TRIAL	8
1168973237063	1	FACE	643	PRES1_NNPP	Correct	LL1	PP0	Lure_PPNP	1	0	PRACTICE
1168973240966	1	FACE	643	CUE	Correct	LL1	PP0	Lure_PPNP	1	0	PRACTICE
1168973241609	0	FACE	643	RESP	Correct	LL1	PP0	Lure_PPNP	1	0	PRACTICE
1168973241641	0	TRIAL	9
1168973244200	1	FACE	632	PRES1_NPPN	Correct	LL1	PP0	Lure_PNNP	1	0	PRACTICE
1168973248232	1	FACE	632	CUE	Correct	LL1	PP0	Lure_PNNP	1	0	PRACTICE
1168973248864	1	FACE	632	RESP	Correct	LL1	PP0	Lure_PNNP	1	0	PRACTICE
1168973248905	0	TRIAL	10
1168973251842	1	FACE	422	PRES1_PPNP	Correct	LL1	PP1	Target_PPNP	6	0	PRACTICE
1168973255796	1	FACE	422	CUE	Correct	LL1	PP1	Target_PPNP	6	0	PRACTICE
1168973256218	0	FACE	422	RESP	Correct	LL1	PP1	Target_PPNP	6	0	PRACTICE
1168973256426	0	TRIAL	11
1168973259348	1	FACE	589	PRES1_PNPP	Correct	LL1	PP1	Target_PNPP	6	0	PRACTICE
1168973263228	1	FACE	589	CUE	Correct	LL1	PP1	Target_PNPP	6	0	PRACTICE
1168973263817	0	FACE	589	RESP	Correct	LL1	PP1	Target_PNPP	6	0	PRACTICE
1168973263851	0	TRIAL	12
1168973266505	1	FACE	755	PRES1_NPNN	Incorrect	LL1	PP1	Target_NPNN	1	0	PRACTICE
1168973270463	1	FACE	755	CUE	Incorrect	LL1	PP1	Target_NPNN	1	0	PRACTICE
1168973271218	0	FACE	755	RESP	Incorrect	LL1	PP1	Target_NPNN	1	0	PRACTICE
1168973271250	0	TRIAL	13
1168973273980	1	FACE	1006	PRES1_PNNN	Correct	LL1	PP1	Target_PNNN	5	0	PRACTICE
1168973277803	1	FACE	1006	CUE	Correct	LL1	PP1	Target_PNNN	5	0	PRACTICE
1168973278809	0	FACE	1006	RESP	Correct	LL1	PP1	Target_PNNN	5	0	PRACTICE
1168973278847	0	TRIAL	14
1168973281801	1	FACE	604	PRES1_NPNP	Correct	LL1	PP0	Lure_NNPN	1	0	PRACTICE
1168973285582	1	FACE	604	CUE	Correct	LL1	PP0	Lure_NNPN	1	0	PRACTICE
1168973286186	0	FACE	604	RESP	Correct	LL1	PP0	Lure_NNPN	1	0	PRACTICE
1168973286214	0	TRIAL	15
1168973288946	1	FACE	798	PRES1_PPPP	Correct	LL1	PP1	Target_PPPP	5	0	PRACTICE
1168973292964	1	FACE	798	CUE	Correct	LL1	PP1	Target_PPPP	5	0	PRACTICE
1168973293762	0	FACE	798	RESP	Correct	LL1	PP1	Target_PPPP	5	0	PRACTICE
1168973293793	0	TRIAL	16
1168973296566	1	FACE	891	PRES1_NPPN	Incorrect	LL1	PP1	Target_NPPN	1	0	PRACTICE
1168973300479	1	FACE	891	CUE	Incorrect	LL1	PP1	Target_NPPN	1	0	PRACTICE
1168973301370	0	FACE	891	RESP	Incorrect	LL1	PP1	Target_NPPN	1	0	PRACTICE
1168973301408	0	TRIAL	17
1168973304278	1	FACE	993	PRES1_NNPN	Correct	LL1	PP0	Lure_PNNN	1	0	PRACTICE
1168973308289	1	FACE	993	CUE	Correct	LL1	PP0	Lure_PNNN	1	0	PRACTICE
1168973309282	0	FACE	993	RESP	Correct	LL1	PP0	Lure_PNNN	1	0	PRACTICE
1168973309322	0	TRIAL	18
1168973312295	1	FACE	839	PRES1_NPNN	Correct	LL1	PP0	Lure_NNNP	1	0	PRACTICE
1168973316171	1	FACE	839	CUE	Correct	LL1	PP0	Lure_NNNP	1	0	PRACTICE
1168973317010	1	FACE	839	RESP	Correct	LL1	PP0	Lure_NNNP	1	0	PRACTICE
1168973317037	0	TRIAL	19
1168973319739	1	FACE	609	PRES1_PNPN	Correct	LL1	PP1	Target_PNPN	6	0	PRACTICE
1168973323610	1	FACE	609	CUE	Correct	LL1	PP1	Target_PNPN	6	0	PRACTICE
1168973324219	0	FACE	609	RESP	Correct	LL1	PP1	Target_PNPN	6	0	PRACTICE
1168973324254	0	TRIAL	20
1168973326757	1	FACE	646	PRES1_NNNP	Correct	LL1	PP0	Lure_NPPN	1	0	PRACTICE
1168973330757	1	FACE	646	CUE	Correct	LL1	PP0	Lure_NPPN	1	0	PRACTICE
1168973331403	0	FACE	646	RESP	Correct	LL1	PP0	Lure_NPPN	1	0	PRACTICE
1168973331433	0	TRIAL	21
1168973334143	1	FACE	746	PRES1_PPPN	Correct	LL1	PP0	Lure_NNNN	1	0	PRACTICE
1168973338136	1	FACE	746	CUE	Correct	LL1	PP0	Lure_NNNN	1	0	PRACTICE
1168973338882	0	FACE	746	RESP	Correct	LL1	PP0	Lure_NNNN	1	0	PRACTICE
1168973338913	0	TRIAL	22
1168973341613	1	FACE	642	PRES1_PNNN	Correct	LL1	PP0	Lure_PPNN	1	0	PRACTICE
1168973345577	1	FACE	642	CUE	Correct	LL1	PP0	Lure_PPNN	1	0	PRACTICE
1168973346219	0	FACE	642	RESP	Correct	LL1	PP0	Lure_PPNN	1	0	PRACTICE
1168973346246	0	TRIAL	23
1168973348950	1	FACE	677	PRES1_PPNP	Correct	LL1	PP0	Lure_NNPP	1	0	PRACTICE
1168973352958	1	FACE	677	CUE	Correct	LL1	PP0	Lure_NNPP	1	0	PRACTICE
1168973353635	0	FACE	677	RESP	Correct	LL1	PP0	Lure_NNPP	1	0	PRACTICE
1168973353660	0	TRIAL	24
1168973356502	1	FACE	971	PRES1_NNPN	Correct	LL1	PP1	Target_NNPN	6	0	PRACTICE
1168973360344	1	FACE	971	CUE	Correct	LL1	PP1	Target_NNPN	6	0	PRACTICE
1168973361315	0	FACE	971	RESP	Correct	LL1	PP1	Target_NNPN	6	0	PRACTICE
1168973361343	0	TRIAL	25
1168973364141	1	FACE	704	PRES1_PNNP	Correct	LL1	PP0	Lure_PNPN	1	0	PRACTICE
1168973367931	1	FACE	704	CUE	Correct	LL1	PP0	Lure_PNPN	1	0	PRACTICE
1168973368635	0	FACE	704	RESP	Correct	LL1	PP0	Lure_PNPN	1	0	PRACTICE
1168973368673	0	TRIAL	26
1168973371643	1	FACE	639	PRES1_PPNN	Correct	LL1	PP0	Lure_PPPP	1	0	PRACTICE
1168973375404	1	FACE	639	CUE	Correct	LL1	PP0	Lure_PPPP	1	0	PRACTICE
1168973376043	0	FACE	639	RESP	Correct	LL1	PP0	Lure_PPPP	1	0	PRACTICE
1168973376072	0	TRIAL	27
1168973378839	1	FACE	653	PRES1_NPPP	Correct	LL1	PP0	Lure_PNPP	1	0	PRACTICE
1168973382678	1	FACE	653	CUE	Correct	LL1	PP0	Lure_PNPP	1	0	PRACTICE
1168973383331	0	FACE	653	RESP	Correct	LL1	PP0	Lure_PNPP	1	0	PRACTICE
1168973383369	0	TRIAL	28
1168973386266	1	FACE	848	PRES1_NPNP	Correct	LL1	PP1	Target_NPNP	6	0	PRACTICE
1168973390155	1	FACE	848	CUE	Correct	LL1	PP1	Target_NPNP	6	0	PRACTICE
1168973391003	1	FACE	848	RESP	Correct	LL1	PP1	Target_NPNP	6	0	PRACTICE
1168973391033	0	TRIAL	29
1168973393775	1	FACE	602	PRES1_NNNP	Correct	LL1	PP1	Target_NNNP	6	0	PRACTICE
1168973397770	1	FACE	602	CUE	Correct	LL1	PP1	Target_NNNP	6	0	PRACTICE
1168973398372	0	FACE	602	RESP	Correct	LL1	PP1	Target_NNNP	6	0	PRACTICE
1168973398403	0	TRIAL	30
1168973401227	1	FACE	678	PRES1_PNNP	Correct	LL1	PP1	Target_PNNP	6	0	PRACTICE
1168973405173	1	FACE	678	CUE	Correct	LL1	PP1	Target_PNNP	6	0	PRACTICE
1168973405851	0	FACE	678	RESP	Correct	LL1	PP1	Target_PNNP	6	0	PRACTICE
1168973405879	0	TRIAL	31
1168973408648	1	FACE	705	PRES1_NNNN	Correct	LL1	PP1	Target_NNNN	6	0	PRACTICE
1168973412651	1	FACE	705	CUE	Correct	LL1	PP1	Target_NNNN	6	0	PRACTICE
1168973413356	0	FACE	705	RESP	Correct	LL1	PP1	Target_NNNN	6	0	PRACTICE
1168973413394	0	TRIAL	32
1168973416139	1	FACE	668	PRES1_PPPP	Correct	LL1	PP0	Lure_PPPN	1	0	PRACTICE
1168973420151	1	FACE	668	CUE	Correct	LL1	PP0	Lure_PPPN	1	0	PRACTICE
1168973420819	0	FACE	668	RESP	Correct	LL1	PP0	Lure_PPPN	1	0	PRACTICE
1168973429652	0	SESS_END	2
1168973429659	0	E	Logging Ends
