1192205096338	0	B	Logging Begins
1192205096339	0	SESS_START	0
1192205157313	0	TRIAL	1
1192205161861	1	FACE	23651	PRES1_NPNP	Incorrect	LL1	PP0	Lure_PNPN	4	0	PRACTICE
1192205165843	1	FACE	23651	CUE	Incorrect	LL1	PP0	Lure_PNPN	4	0	PRACTICE
1192205189494	0	FACE	23651	RESP	Incorrect	LL1	PP0	Lure_PNPN	4	0	PRACTICE
1192205189524	0	TRIAL	2
1192205206096	1	FACE	1616	PRES1_PNPN	Correct	LL1	PP0	Lure_NPPP	1	0	PRACTICE
1192205210045	1	FACE	1616	CUE	Correct	LL1	PP0	Lure_NPPP	1	0	PRACTICE
1192205211661	0	FACE	1616	RESP	Correct	LL1	PP0	Lure_NPPP	1	0	PRACTICE
1192205211700	0	TRIAL	3
1192205215510	1	FACE	1159	PRES1_PPNP	Correct	LL1	PP0	Lure_NNNN	1	0	PRACTICE
1192205219326	1	FACE	1159	CUE	Correct	LL1	PP0	Lure_NNNN	1	0	PRACTICE
1192205220485	0	FACE	1159	RESP	Correct	LL1	PP0	Lure_NNNN	1	0	PRACTICE
1192205220514	0	TRIAL	4
1192205224224	1	FACE	1519	PRES1_PNPP	Incorrect	LL1	PP0	Lure_NNPN	4	0	PRACTICE
1192205228006	1	FACE	1519	CUE	Incorrect	LL1	PP0	Lure_NNPN	4	0	PRACTICE
1192205229525	0	FACE	1519	RESP	Incorrect	LL1	PP0	Lure_NNPN	4	0	PRACTICE
1192205229562	0	TRIAL	5
1192205232970	1	FACE	1493	PRES1_NPNP	Correct	LL1	PP1	Target_NPNP	4	0	PRACTICE
1192205236920	1	FACE	1493	CUE	Correct	LL1	PP1	Target_NPNP	4	0	PRACTICE
1192205238413	0	FACE	1493	RESP	Correct	LL1	PP1	Target_NPNP	4	0	PRACTICE
1192205238440	0	TRIAL	6
1192205241735	1	FACE	1333	PRES1_NPNN	Correct	LL1	PP0	Lure_PPNN	1	0	PRACTICE
1192205245567	1	FACE	1333	CUE	Correct	LL1	PP0	Lure_PPNN	1	0	PRACTICE
1192205246900	0	FACE	1333	RESP	Correct	LL1	PP0	Lure_PPNN	1	0	PRACTICE
1192205246937	0	TRIAL	7
1192205251399	1	FACE	1615	PRES1_PNNN	Correct	LL1	PP1	Target_PNNN	4	0	PRACTICE
1192205255197	1	FACE	1615	CUE	Correct	LL1	PP1	Target_PNNN	4	0	PRACTICE
1192205256812	0	FACE	1615	RESP	Correct	LL1	PP1	Target_PNNN	4	0	PRACTICE
1192205256852	0	TRIAL	8
1192205259896	1	FACE	1693	PRES1_NNNN	Correct	LL1	PP1	Target_NNNN	4	0	PRACTICE
1192205263695	1	FACE	1693	CUE	Correct	LL1	PP1	Target_NNNN	4	0	PRACTICE
1192205265388	0	FACE	1693	RESP	Correct	LL1	PP1	Target_NNNN	4	0	PRACTICE
1192205265415	0	TRIAL	9
1192205268427	1	FACE	773	PRES1_NNNP	Correct	LL1	PP0	Lure_PPPN	1	0	PRACTICE
1192205272342	1	FACE	773	CUE	Correct	LL1	PP0	Lure_PPPN	1	0	PRACTICE
1192205273115	0	FACE	773	RESP	Correct	LL1	PP0	Lure_PPPN	1	0	PRACTICE
1192205273150	0	TRIAL	10
1192205276574	1	FACE	973	PRES1_PPNN	Incorrect	LL1	PP0	Lure_PNPP	6	0	PRACTICE
1192205280406	1	FACE	973	CUE	Incorrect	LL1	PP0	Lure_PNPP	6	0	PRACTICE
1192205281379	0	FACE	973	RESP	Incorrect	LL1	PP0	Lure_PNPP	6	0	PRACTICE
1192205281410	0	TRIAL	11
1192205284638	1	FACE	878	PRES1_NNPP	Incorrect	LL1	PP0	Lure_PNNN	6	0	PRACTICE
1192205288653	1	FACE	878	CUE	Incorrect	LL1	PP0	Lure_PNNN	6	0	PRACTICE
1192205289531	0	FACE	878	RESP	Incorrect	LL1	PP0	Lure_PNNN	6	0	PRACTICE
1192205289558	0	TRIAL	12
1192205293452	1	FACE	1238	PRES1_NNPN	Correct	LL1	PP0	Lure_PNNP	2	0	PRACTICE
1192205297284	1	FACE	1238	CUE	Correct	LL1	PP0	Lure_PNNP	2	0	PRACTICE
1192205298522	1	FACE	1238	RESP	Correct	LL1	PP0	Lure_PNNP	2	0	PRACTICE
1192205298555	0	TRIAL	13
1192205301616	1	FACE	1489	PRES1_PPPP	Correct	LL1	PP1	Target_PPPP	6	0	PRACTICE
1192205305448	1	FACE	1489	CUE	Correct	LL1	PP1	Target_PPPP	6	0	PRACTICE
1192205306937	0	FACE	1489	RESP	Correct	LL1	PP1	Target_PPPP	6	0	PRACTICE
1192205306967	0	TRIAL	14
1192205310013	1	FACE	3461	PRES1_NNNP	Incorrect	LL1	PP1	Target_NNNP	3	0	PRACTICE
1192205313829	1	FACE	3461	CUE	Incorrect	LL1	PP1	Target_NNNP	3	0	PRACTICE
1192205317290	0	FACE	3461	RESP	Incorrect	LL1	PP1	Target_NNNP	3	0	PRACTICE
1192205317315	0	TRIAL	15
1192205320227	1	FACE	1941	PRES1_PNPN	Correct	LL1	PP1	Target_PNPN	5	0	PRACTICE
1192205324109	1	FACE	1941	CUE	Correct	LL1	PP1	Target_PNPN	5	0	PRACTICE
1192205326050	0	FACE	1941	RESP	Correct	LL1	PP1	Target_PNPN	5	0	PRACTICE
1192205326080	0	TRIAL	16
1192205329157	1	FACE	1481	PRES1_NNPN	Correct	LL1	PP1	Target_NNPN	4	0	PRACTICE
1192205333072	1	FACE	1481	CUE	Correct	LL1	PP1	Target_NNPN	4	0	PRACTICE
1192205334553	0	FACE	1481	RESP	Correct	LL1	PP1	Target_NNPN	4	0	PRACTICE
1192205334593	0	TRIAL	17
1192205337621	1	FACE	1568	PRES1_NPPN	Correct	LL1	PP0	Lure_PPPP	1	0	PRACTICE
1192205341553	1	FACE	1568	CUE	Correct	LL1	PP0	Lure_PPPP	1	0	PRACTICE
1192205343121	0	FACE	1568	RESP	Correct	LL1	PP0	Lure_PPPP	1	0	PRACTICE
1192205343157	0	TRIAL	18
1192205346318	1	FACE	1321	PRES1_PNNN	Incorrect	LL1	PP0	Lure_NPNP	6	0	PRACTICE
1192205350184	1	FACE	1321	CUE	Incorrect	LL1	PP0	Lure_NPNP	6	0	PRACTICE
1192205351505	0	FACE	1321	RESP	Incorrect	LL1	PP0	Lure_NPNP	6	0	PRACTICE
1192205351539	0	TRIAL	19
1192205355199	1	FACE	2159	PRES1_PPPP	Correct	LL1	PP0	Lure_NPNN	2	0	PRACTICE
1192205359097	1	FACE	2159	CUE	Correct	LL1	PP0	Lure_NPNN	2	0	PRACTICE
1192205361256	1	FACE	2159	RESP	Correct	LL1	PP0	Lure_NPNN	2	0	PRACTICE
1192205361285	0	TRIAL	20
1192205364362	1	FACE	1869	PRES1_PNPP	Incorrect	LL1	PP1	Target_PNPP	3	0	PRACTICE
1192205368411	1	FACE	1869	CUE	Incorrect	LL1	PP1	Target_PNPP	3	0	PRACTICE
1192205370280	0	FACE	1869	RESP	Incorrect	LL1	PP1	Target_PNPP	3	0	PRACTICE
1192205370316	0	TRIAL	21
1192205373410	1	FACE	2226	PRES1_NPNN	Correct	LL1	PP1	Target_NPNN	4	0	PRACTICE
1192205377342	1	FACE	2226	CUE	Correct	LL1	PP1	Target_NPNN	4	0	PRACTICE
1192205379568	0	FACE	2226	RESP	Correct	LL1	PP1	Target_NPNN	4	0	PRACTICE
1192205379596	0	TRIAL	22
1192205382507	1	FACE	1252	PRES1_NPPP	Correct	LL1	PP1	Target_NPPP	6	0	PRACTICE
1192205386539	1	FACE	1252	CUE	Correct	LL1	PP1	Target_NPPP	6	0	PRACTICE
1192205387791	0	FACE	1252	RESP	Correct	LL1	PP1	Target_NPPP	6	0	PRACTICE
1192205387826	0	TRIAL	23
1192205390787	1	FACE	1287	PRES1_PPPN	Correct	LL1	PP0	Lure_NNPP	1	0	PRACTICE
1192205394703	1	FACE	1287	CUE	Correct	LL1	PP0	Lure_NNPP	1	0	PRACTICE
1192205395990	0	FACE	1287	RESP	Correct	LL1	PP0	Lure_NNPP	1	0	PRACTICE
1192205396023	0	TRIAL	24
1192205399001	1	FACE	2254	PRES1_PNNP	Incorrect	LL1	PP0	Lure_NNNP	6	0	PRACTICE
1192205403033	1	FACE	2254	CUE	Incorrect	LL1	PP0	Lure_NNNP	6	0	PRACTICE
1192205405287	0	FACE	2254	RESP	Incorrect	LL1	PP0	Lure_NNNP	6	0	PRACTICE
1192205405320	0	TRIAL	25
1192205408482	1	FACE	1477	PRES1_NNNN	Correct	LL1	PP0	Lure_NPPN	1	0	PRACTICE
1192205412530	1	FACE	1477	CUE	Correct	LL1	PP0	Lure_NPPN	1	0	PRACTICE
1192205414007	0	FACE	1477	RESP	Correct	LL1	PP0	Lure_NPPN	1	0	PRACTICE
1192205414036	0	TRIAL	26
1192205416896	1	FACE	1339	PRES1_PPPN	Correct	LL1	PP1	Target_PPPN	6	0	PRACTICE
1192205420811	1	FACE	1339	CUE	Correct	LL1	PP1	Target_PPPN	6	0	PRACTICE
1192205422150	0	FACE	1339	RESP	Correct	LL1	PP1	Target_PPPN	6	0	PRACTICE
1192205422181	0	TRIAL	27
1192205425293	1	FACE	1275	PRES1_PPNN	Correct	LL1	PP1	Target_PPNN	6	0	PRACTICE
1192205429075	1	FACE	1275	CUE	Correct	LL1	PP1	Target_PPNN	6	0	PRACTICE
1192205430350	0	FACE	1275	RESP	Correct	LL1	PP1	Target_PPNN	6	0	PRACTICE
1192205430380	0	TRIAL	28
1192205436656	1	FACE	1325	PRES1_PNNP	Correct	LL1	PP1	Target_PNNP	4	0	PRACTICE
1192205440705	1	FACE	1325	CUE	Correct	LL1	PP1	Target_PNNP	4	0	PRACTICE
1192205442030	0	FACE	1325	RESP	Correct	LL1	PP1	Target_PNNP	4	0	PRACTICE
1192205442060	0	TRIAL	29
1192205445003	1	FACE	992	PRES1_NNPP	Correct	LL1	PP1	Target_NNPP	6	0	PRACTICE
1192205449069	1	FACE	992	CUE	Correct	LL1	PP1	Target_NNPP	6	0	PRACTICE
1192205450061	0	FACE	992	RESP	Correct	LL1	PP1	Target_NNPP	6	0	PRACTICE
1192205450089	0	TRIAL	30
1192205452901	1	FACE	1225	PRES1_NPPP	Correct	LL1	PP0	Lure_PPNP	1	0	PRACTICE
1192205456916	1	FACE	1225	CUE	Correct	LL1	PP0	Lure_PPNP	1	0	PRACTICE
1192205458141	0	FACE	1225	RESP	Correct	LL1	PP0	Lure_PPNP	1	0	PRACTICE
1192205458171	0	TRIAL	31
1192205462298	1	FACE	1542	PRES1_PPNP	Correct	LL1	PP1	Target_PPNP	6	0	PRACTICE
1192205466063	1	FACE	1542	CUE	Correct	LL1	PP1	Target_PPNP	6	0	PRACTICE
1192205467605	0	FACE	1542	RESP	Correct	LL1	PP1	Target_PPNP	6	0	PRACTICE
1192205467633	0	TRIAL	32
1192205470628	1	FACE	2346	PRES1_NPPN	Correct	LL1	PP1	Target_NPPN	5	0	PRACTICE
1192205474394	1	FACE	2346	CUE	Correct	LL1	PP1	Target_NPPN	5	0	PRACTICE
1192205476740	0	FACE	2346	RESP	Correct	LL1	PP1	Target_NPPN	5	0	PRACTICE
1192205482046	0	TRIAL	1
1192205487306	1	FACE	1633	PRES1_NPPP	Correct	LL1	PP0	Lure_NNNN	1	0	PRACTICE
1192205491338	1	FACE	1633	CUE	Correct	LL1	PP0	Lure_NNNN	1	0	PRACTICE
1192205492971	0	FACE	1633	RESP	Correct	LL1	PP0	Lure_NNNN	1	0	PRACTICE
1192205493009	0	TRIAL	2
1192205495986	1	FACE	1572	PRES1_PNPN	Correct	LL1	PP1	Target_PNPN	6	0	PRACTICE
1192205499919	1	FACE	1572	CUE	Correct	LL1	PP1	Target_PNPN	6	0	PRACTICE
1192205501491	0	FACE	1572	RESP	Correct	LL1	PP1	Target_PNPN	6	0	PRACTICE
1192205501524	0	TRIAL	3
1192205504401	1	FACE	2585	PRES1_PNNN	Correct	LL1	PP0	Lure_PPPN	3	0	PRACTICE
1192205508266	1	FACE	2585	CUE	Correct	LL1	PP0	Lure_PPPN	3	0	PRACTICE
1192205510851	0	FACE	2585	RESP	Correct	LL1	PP0	Lure_PPPN	3	0	PRACTICE
1192205510886	0	TRIAL	4
1192205513931	1	FACE	2219	PRES1_NNPN	Correct	LL1	PP0	Lure_NPPP	1	0	PRACTICE
1192205517680	1	FACE	2219	CUE	Correct	LL1	PP0	Lure_NPPP	1	0	PRACTICE
1192205519899	0	FACE	2219	RESP	Correct	LL1	PP0	Lure_NPPP	1	0	PRACTICE
1192205519932	0	TRIAL	5
1192205524244	1	FACE	3542	PRES1_NPPP	Correct	LL1	PP1	Target_NPPP	4	0	PRACTICE
1192205528060	1	FACE	3542	CUE	Correct	LL1	PP1	Target_NPPP	4	0	PRACTICE
1192205531602	1	FACE	3542	RESP	Correct	LL1	PP1	Target_NPPP	4	0	PRACTICE
1192205531795	0	TRIAL	6
1192205534508	1	FACE	2183	PRES1_NPPN	Correct	LL1	PP1	Target_NPPN	4	0	PRACTICE
1192205538307	1	FACE	2183	CUE	Correct	LL1	PP1	Target_NPPN	4	0	PRACTICE
1192205540490	0	FACE	2183	RESP	Correct	LL1	PP1	Target_NPPN	4	0	PRACTICE
1192205540527	0	TRIAL	7
1192205543572	1	FACE	1344	PRES1_NPNN	Correct	LL1	PP0	Lure_NNNP	1	0	PRACTICE
1192205547554	1	FACE	1344	CUE	Correct	LL1	PP0	Lure_NNNP	1	0	PRACTICE
1192205548898	0	FACE	1344	RESP	Correct	LL1	PP0	Lure_NNNP	1	0	PRACTICE
1192205548924	0	TRIAL	8
1192205551869	1	FACE	1423	PRES1_PNNP	Correct	LL1	PP1	Target_PNNP	4	0	PRACTICE
1192205555851	1	FACE	1423	CUE	Correct	LL1	PP1	Target_PNNP	4	0	PRACTICE
1192205557274	0	FACE	1423	RESP	Correct	LL1	PP1	Target_PNNP	4	0	PRACTICE
1192205557305	0	TRIAL	9
1192205560166	1	FACE	1382	PRES1_PNPP	Correct	LL1	PP0	Lure_PNNN	2	0	PRACTICE
1192205563947	1	FACE	1382	CUE	Correct	LL1	PP0	Lure_PNNN	2	0	PRACTICE
1192205565329	0	FACE	1382	RESP	Correct	LL1	PP0	Lure_PNNN	2	0	PRACTICE
1192205565370	0	TRIAL	10
1192205568264	1	FACE	1865	PRES1_PPNP	Correct	LL1	PP0	Lure_NPNP	3	0	PRACTICE
1192205572079	1	FACE	1865	CUE	Correct	LL1	PP0	Lure_NPNP	3	0	PRACTICE
1192205573944	0	FACE	1865	RESP	Correct	LL1	PP0	Lure_NPNP	3	0	PRACTICE
1192205573982	0	TRIAL	11
1192205576728	1	FACE	1587	PRES1_NPNP	Correct	LL1	PP1	Target_NPNP	4	0	PRACTICE
1192205580710	1	FACE	1587	CUE	Correct	LL1	PP1	Target_NPNP	4	0	PRACTICE
1192205582297	0	FACE	1587	RESP	Correct	LL1	PP1	Target_NPNP	4	0	PRACTICE
1192205582330	0	TRIAL	12
1192205585225	1	FACE	1172	PRES1_NNNP	Correct	LL1	PP0	Lure_NNPN	1	0	PRACTICE
1192205589157	1	FACE	1172	CUE	Correct	LL1	PP0	Lure_NNPN	1	0	PRACTICE
1192205590329	0	FACE	1172	RESP	Correct	LL1	PP0	Lure_NNPN	1	0	PRACTICE
1192205590362	0	TRIAL	13
1192205593272	1	FACE	1251	PRES1_NNPP	Correct	LL1	PP0	Lure_PNPN	1	0	PRACTICE
1192205597221	1	FACE	1251	CUE	Correct	LL1	PP0	Lure_PNPN	1	0	PRACTICE
1192205598472	0	FACE	1251	RESP	Correct	LL1	PP0	Lure_PNPN	1	0	PRACTICE
1192205598509	0	TRIAL	14
1192205601770	1	FACE	1238	PRES1_NNNN	Correct	LL1	PP0	Lure_PNNP	1	0	PRACTICE
1192205605802	1	FACE	1238	CUE	Correct	LL1	PP0	Lure_PNNP	1	0	PRACTICE
1192205607040	0	FACE	1238	RESP	Correct	LL1	PP0	Lure_PNNP	1	0	PRACTICE
1192205607072	0	TRIAL	15
1192205610267	1	FACE	1374	PRES1_PPNN	Correct	LL1	PP0	Lure_PNPP	1	0	PRACTICE
1192205614066	1	FACE	1374	CUE	Correct	LL1	PP0	Lure_PNPP	1	0	PRACTICE
1192205615440	0	FACE	1374	RESP	Correct	LL1	PP0	Lure_PNPP	1	0	PRACTICE
1192205615469	0	TRIAL	16
1192205618697	1	FACE	1783	PRES1_NPPN	Incorrect	LL1	PP0	Lure_PPPP	4	0	PRACTICE
1192205622696	1	FACE	1783	CUE	Incorrect	LL1	PP0	Lure_PPPP	4	0	PRACTICE
1192205624479	0	FACE	1783	RESP	Incorrect	LL1	PP0	Lure_PPPP	4	0	PRACTICE
1192205624516	0	TRIAL	17
1192205627595	1	FACE	1525	PRES1_PNPN	Correct	LL1	PP0	Lure_NNPP	1	0	PRACTICE
1192205631610	1	FACE	1525	CUE	Correct	LL1	PP0	Lure_NNPP	1	0	PRACTICE
1192205633135	0	FACE	1525	RESP	Correct	LL1	PP0	Lure_NNPP	1	0	PRACTICE
1192205633165	0	TRIAL	18
1192205636258	1	FACE	1856	PRES1_PPPP	Correct	LL1	PP1	Target_PPPP	5	0	PRACTICE
1192205640191	1	FACE	1856	CUE	Correct	LL1	PP1	Target_PPPP	5	0	PRACTICE
1192205642047	0	FACE	1856	RESP	Correct	LL1	PP1	Target_PPPP	5	0	PRACTICE
1192205642079	0	TRIAL	19
1192205645422	1	FACE	2726	PRES1_PPPN	Correct	LL1	PP0	Lure_PPNN	3	0	PRACTICE
1192205649271	1	FACE	2726	CUE	Correct	LL1	PP0	Lure_PPNN	3	0	PRACTICE
1192205651997	0	FACE	2726	RESP	Correct	LL1	PP0	Lure_PPNN	3	0	PRACTICE
1192205652025	0	TRIAL	20
1192205655286	1	FACE	1424	PRES1_NPNP	Correct	LL1	PP0	Lure_NPNN	2	0	PRACTICE
1192205659334	1	FACE	1424	CUE	Correct	LL1	PP0	Lure_NPNN	2	0	PRACTICE
1192205660758	0	FACE	1424	RESP	Correct	LL1	PP0	Lure_NPNN	2	0	PRACTICE
1192205660788	0	TRIAL	21
1192205664316	1	FACE	6482	PRES1_NNPN	Incorrect	LL1	PP1	Target_NNPN	3	0	PRACTICE
1192205668132	1	FACE	6482	CUE	Incorrect	LL1	PP1	Target_NNPN	3	0	PRACTICE
1192205674614	0	FACE	6482	RESP	Incorrect	LL1	PP1	Target_NNPN	3	0	PRACTICE
1192205674652	0	TRIAL	22
1192205677944	1	FACE	1013	PRES1_PNNP	Correct	LL1	PP0	Lure_PPNP	1	0	PRACTICE
1192205681959	1	FACE	1013	CUE	Correct	LL1	PP0	Lure_PPNP	1	0	PRACTICE
1192205682972	0	FACE	1013	RESP	Correct	LL1	PP0	Lure_PPNP	1	0	PRACTICE
1192205682998	0	TRIAL	23
1192205686342	1	FACE	1477	PRES1_NNNP	Correct	LL1	PP1	Target_NNNP	6	0	PRACTICE
1192205690424	1	FACE	1477	CUE	Correct	LL1	PP1	Target_NNNP	6	0	PRACTICE
1192205691901	0	FACE	1477	RESP	Correct	LL1	PP1	Target_NNNP	6	0	PRACTICE
1192205691929	0	TRIAL	24
1192205695523	1	FACE	1231	PRES1_PNPP	Correct	LL1	PP1	Target_PNPP	6	0	PRACTICE
1192205699438	1	FACE	1231	CUE	Correct	LL1	PP1	Target_PNPP	6	0	PRACTICE
1192205700669	0	FACE	1231	RESP	Correct	LL1	PP1	Target_PNPP	6	0	PRACTICE
1192205700709	0	TRIAL	25
1192205703803	1	FACE	1866	PRES1_NNNN	Incorrect	LL1	PP1	Target_NNNN	3	0	PRACTICE
1192205707586	1	FACE	1866	CUE	Incorrect	LL1	PP1	Target_NNNN	3	0	PRACTICE
1192205709452	0	FACE	1866	RESP	Incorrect	LL1	PP1	Target_NNNN	3	0	PRACTICE
1192205709490	0	TRIAL	26
1192205712949	1	FACE	1003	PRES1_PPNN	Correct	LL1	PP1	Target_PPNN	6	0	PRACTICE
1192205717033	1	FACE	1003	CUE	Correct	LL1	PP1	Target_PPNN	6	0	PRACTICE
1192205718036	0	FACE	1003	RESP	Correct	LL1	PP1	Target_PPNN	6	0	PRACTICE
1192205718070	0	TRIAL	27
1192205721098	1	FACE	1267	PRES1_PPPP	Correct	LL1	PP0	Lure_NPPN	1	0	PRACTICE
1192205724913	1	FACE	1267	CUE	Correct	LL1	PP0	Lure_NPPN	1	0	PRACTICE
1192205726180	0	FACE	1267	RESP	Correct	LL1	PP0	Lure_NPPN	1	0	PRACTICE
1192205726217	0	TRIAL	28
1192205729179	1	FACE	2000	PRES1_PPNP	Correct	LL1	PP1	Target_PPNP	5	0	PRACTICE
1192205733027	1	FACE	2000	CUE	Correct	LL1	PP1	Target_PPNP	5	0	PRACTICE
1192205735027	1	FACE	2000	RESP	Correct	LL1	PP1	Target_PPNP	5	0	PRACTICE
1192205735065	0	TRIAL	29
1192205737909	1	FACE	1199	PRES1_PNNN	Correct	LL1	PP1	Target_PNNN	6	0	PRACTICE
1192205741708	1	FACE	1199	CUE	Correct	LL1	PP1	Target_PNNN	6	0	PRACTICE
1192205742907	0	FACE	1199	RESP	Correct	LL1	PP1	Target_PNNN	6	0	PRACTICE
1192205742944	0	TRIAL	30
1192205745939	1	FACE	1494	PRES1_NPNN	Correct	LL1	PP1	Target_NPNN	4	0	PRACTICE
1192205749789	1	FACE	1494	CUE	Correct	LL1	PP1	Target_NPNN	4	0	PRACTICE
1192205751283	0	FACE	1494	RESP	Correct	LL1	PP1	Target_NPNN	4	0	PRACTICE
1192205751310	0	TRIAL	31
1192205754537	1	FACE	1169	PRES1_NNPP	Correct	LL1	PP1	Target_NNPP	6	0	PRACTICE
1192205758586	1	FACE	1169	CUE	Correct	LL1	PP1	Target_NNPP	6	0	PRACTICE
1192205759755	0	FACE	1169	RESP	Correct	LL1	PP1	Target_NNPP	6	0	PRACTICE
1192205759790	0	TRIAL	32
1192205762918	1	FACE	1072	PRES1_PPPN	Correct	LL1	PP1	Target_PPPN	6	0	PRACTICE
1192205766850	1	FACE	1072	CUE	Correct	LL1	PP1	Target_PPPN	6	0	PRACTICE
1192205767922	0	FACE	1072	RESP	Correct	LL1	PP1	Target_PPPN	6	0	PRACTICE
1192205093932	0	E	Logging Ends
