1171473337522	0	1	study	1	1	12	BILL	-2	-2	-2	-2	-2
1171473343532	0	2	study	1	1	8	ROB	-2	-2	-2	-2	-2
1171473349550	0	3	study	1	1	11	MARK	-2	-2	-2	-2	-2
1171473355560	0	4	study	1	1	15	DAN	-2	-2	-2	-2	-2
1171473361570	0	5	study	1	1	2	JOE	-2	-2	-2	-2	-2
1171473367585	0	6	study	1	1	4	DAVE	-2	-2	-2	-2	-2
1171473373599	0	7	study	1	1	1	TOM	-2	-2	-2	-2	-2
1171473379626	0	8	study	1	1	0	RICH	-2	-2	-2	-2	-2
1171473385635	0	9	study	1	1	7	CHARLES	-2	-2	-2	-2	-2
1171473391650	0	10	study	1	1	10	PAUL	-2	-2	-2	-2	-2
1171473397803	0	11	study	1	1	3	JOHN	-2	-2	-2	-2	-2
1171473403813	0	12	study	1	1	6	KEN	-2	-2	-2	-2	-2
1171473409829	0	13	study	1	1	13	JIM	-2	-2	-2	-2	-2
1171473415837	0	14	study	1	1	14	GEORGE	-2	-2	-2	-2	-2
1171473421864	0	15	study	1	1	5	CHRIS	-2	-2	-2	-2	-2
1171473427887	0	16	study	1	1	9	MIKE	-2	-2	-2	-2	-2
1171473437678	0	1	test	1	1	7	CHARLES	7	1	-2	-2	-2
1171473442678	0	1	resp	1	1	7	CHARLES	7	1	0	0	5000
1171473443696	0	2	test	1	1	3	JOHN	3	1	-2	-2	-2
1171473447685	0	2	resp	1	1	3	JOHN	3	1	5	1	3989
1171473449701	0	3	test	1	1	13	MARK	11	0	-2	-2	-2
1171473452581	0	3	resp	1	1	13	MARK	11	0	4	0	2880
1171473455706	0	4	test	1	1	2	JOE	2	1	-2	-2	-2
1171473457717	0	4	resp	1	1	2	JOE	2	1	2	0	2011
1171473461711	0	5	test	1	1	9	MIKE	9	1	-2	-2	-2
1171473464221	0	5	resp	1	1	9	MIKE	9	1	3	0	2510
1171473467716	0	6	test	1	1	4	JIM	13	0	-2	-2	-2
1171473469725	0	6	resp	1	1	4	JIM	13	0	4	0	2009
1171473473720	0	7	test	1	1	8	KEN	6	0	-2	-2	-2
1171473476605	0	7	resp	1	1	8	KEN	6	0	4	0	2885
1171473479724	0	8	test	1	1	11	CHRIS	5	0	-2	-2	-2
1171473482188	0	8	resp	1	1	11	CHRIS	5	0	5	0	2464
1171473485729	0	9	test	1	1	0	RICH	0	1	-2	-2	-2
1171473488780	0	9	resp	1	1	0	RICH	0	1	5	1	3051
1171473491733	0	10	test	1	1	10	PAUL	10	1	-2	-2	-2
1171473494812	0	10	resp	1	1	10	PAUL	10	1	3	0	3079
1171473497740	0	11	test	1	1	6	DAN	15	0	-2	-2	-2
1171473500796	0	11	resp	1	1	6	DAN	15	0	3	1	3056
1171473503744	0	12	test	1	1	5	GEORGE	14	0	-2	-2	-2
1171473507140	0	12	resp	1	1	5	GEORGE	14	0	4	0	3396
1171473509748	0	13	test	1	1	12	BILL	12	1	-2	-2	-2
1171473513515	0	13	resp	1	1	12	BILL	12	1	4	1	3767
1171473515753	0	14	test	1	1	14	ROB	8	0	-2	-2	-2
1171473518627	0	14	resp	1	1	14	ROB	8	0	3	1	2874
1171473521758	0	15	test	1	1	1	TOM	1	1	-2	-2	-2
1171473524283	0	15	resp	1	1	1	TOM	1	1	4	1	2525
1171473527762	0	16	test	1	1	15	DAVE	4	0	-2	-2	-2
1171473530395	0	16	resp	1	1	15	DAVE	4	0	5	0	2633
1171473538491	0	1	study	1	2	6	KEN	-2	-2	-2	-2	-2
1171473544492	0	2	study	1	2	1	TOM	-2	-2	-2	-2	-2
1171473550502	0	3	study	1	2	14	GEORGE	-2	-2	-2	-2	-2
1171473556514	0	4	study	1	2	9	MIKE	-2	-2	-2	-2	-2
1171473562515	0	5	study	1	2	11	MARK	-2	-2	-2	-2	-2
1171473568516	0	6	study	1	2	8	ROB	-2	-2	-2	-2	-2
1171473574517	0	7	study	1	2	15	DAN	-2	-2	-2	-2	-2
1171473580518	0	8	study	1	2	0	RICH	-2	-2	-2	-2	-2
1171473586519	0	9	study	1	2	2	JOE	-2	-2	-2	-2	-2
1171473592520	0	10	study	1	2	7	CHARLES	-2	-2	-2	-2	-2
1171473598534	0	11	study	1	2	10	PAUL	-2	-2	-2	-2	-2
1171473604535	0	12	study	1	2	4	DAVE	-2	-2	-2	-2	-2
1171473610536	0	13	study	1	2	3	JOHN	-2	-2	-2	-2	-2
1171473616537	0	14	study	1	2	13	JIM	-2	-2	-2	-2	-2
1171473622538	0	15	study	1	2	12	BILL	-2	-2	-2	-2	-2
1171473628539	0	16	study	1	2	5	CHRIS	-2	-2	-2	-2	-2
1171473636705	0	1	test	1	2	6	KEN	6	1	-2	-2	-2
1171473639143	0	1	resp	1	2	6	KEN	6	1	4	1	2438
1171473642709	0	2	test	1	2	9	MIKE	9	1	-2	-2	-2
1171473644895	0	2	resp	1	2	9	MIKE	9	1	4	1	2186
1171473648713	0	3	test	1	2	14	CHARLES	7	0	-2	-2	-2
1171473651367	0	3	resp	1	2	14	CHARLES	7	0	4	0	2654
1171473654717	0	4	test	1	2	3	GEORGE	14	0	-2	-2	-2
1171473659717	0	4	resp	1	2	3	GEORGE	14	0	0	0	5000
1171473660738	0	5	test	1	2	7	DAN	15	0	-2	-2	-2
1171473663398	0	5	resp	1	2	7	DAN	15	0	5	0	2660
1171473666742	0	6	test	1	2	15	TOM	1	0	-2	-2	-2
1171473668558	0	6	resp	1	2	15	TOM	1	0	3	1	1816
1171473672746	0	7	test	1	2	1	ROB	8	0	-2	-2	-2
1171473675598	0	7	resp	1	2	1	ROB	8	0	5	0	2852
1171473678750	0	8	test	1	2	0	JOHN	3	0	-2	-2	-2
1171473681982	0	8	resp	1	2	0	JOHN	3	0	4	0	3232
1171473684754	0	9	test	1	2	5	CHRIS	5	1	-2	-2	-2
1171473688237	0	9	resp	1	2	5	CHRIS	5	1	4	1	3483
1171473690759	0	10	test	1	2	8	PAUL	10	0	-2	-2	-2
1171473693581	0	10	resp	1	2	8	PAUL	10	0	5	0	2822
1171473696763	0	11	test	1	2	12	BILL	12	1	-2	-2	-2
1171473701763	0	11	resp	1	2	12	BILL	12	1	0	0	5000
1171473702780	0	12	test	1	2	13	JIM	13	1	-2	-2	-2
1171473705725	0	12	resp	1	2	13	JIM	13	1	5	1	2945
1171473708784	0	13	test	1	2	2	JOE	2	1	-2	-2	-2
1171473710269	0	13	resp	1	2	2	JOE	2	1	2	0	1485
1171473714788	0	14	test	1	2	10	RICH	0	0	-2	-2	-2
1171473716828	0	14	resp	1	2	10	RICH	0	0	3	1	2040
1171473720792	0	15	test	1	2	4	DAVE	4	1	-2	-2	-2
1171473724164	0	15	resp	1	2	4	DAVE	4	1	4	1	3372
1171473726796	0	16	test	1	2	11	MARK	11	1	-2	-2	-2
1171473729820	0	16	resp	1	2	11	MARK	11	1	5	1	3024
1171473736621	0	1	study	1	3	14	GEORGE	-2	-2	-2	-2	-2
1171473742633	0	2	study	1	3	9	MIKE	-2	-2	-2	-2	-2
1171473748634	0	3	study	1	3	10	PAUL	-2	-2	-2	-2	-2
1171473754635	0	4	study	1	3	2	JOE	-2	-2	-2	-2	-2
1171473760636	0	5	study	1	3	1	TOM	-2	-2	-2	-2	-2
1171473766646	0	6	study	1	3	12	BILL	-2	-2	-2	-2	-2
1171473772647	0	7	study	1	3	4	DAVE	-2	-2	-2	-2	-2
1171473778648	0	8	study	1	3	13	JIM	-2	-2	-2	-2	-2
1171473784649	0	9	study	1	3	11	MARK	-2	-2	-2	-2	-2
1171473790650	0	10	study	1	3	0	RICH	-2	-2	-2	-2	-2
1171473796651	0	11	study	1	3	8	ROB	-2	-2	-2	-2	-2
1171473802652	0	12	study	1	3	7	CHARLES	-2	-2	-2	-2	-2
1171473808666	0	13	study	1	3	3	JOHN	-2	-2	-2	-2	-2
1171473814667	0	14	study	1	3	5	CHRIS	-2	-2	-2	-2	-2
1171473820677	0	15	study	1	3	6	KEN	-2	-2	-2	-2	-2
1171473826678	0	16	study	1	3	15	DAN	-2	-2	-2	-2	-2
1171473835281	0	1	test	1	3	8	ROB	8	1	-2	-2	-2
1171473838208	0	1	resp	1	3	8	ROB	8	1	4	1	2927
1171473841285	0	2	test	1	3	2	KEN	6	0	-2	-2	-2
1171473844256	0	2	resp	1	3	2	KEN	6	0	3	1	2971
1171473847289	0	3	test	1	3	14	GEORGE	14	1	-2	-2	-2
1171473850049	0	3	resp	1	3	14	GEORGE	14	1	5	1	2760
1171473853293	0	4	test	1	3	6	MIKE	9	0	-2	-2	-2
1171473856264	0	4	resp	1	3	6	MIKE	9	0	5	0	2971
1171473859297	0	5	test	1	3	3	DAVE	4	0	-2	-2	-2
1171473862687	0	5	resp	1	3	3	DAVE	4	0	3	1	3390
1171473865302	0	6	test	1	3	4	MARK	11	0	-2	-2	-2
1171473867431	0	6	resp	1	3	4	MARK	11	0	4	0	2129
1171473871307	0	7	test	1	3	0	RICH	0	1	-2	-2	-2
1171473874223	0	7	resp	1	3	0	RICH	0	1	3	0	2916
1171473877311	0	8	test	1	3	15	JOHN	3	0	-2	-2	-2
1171473879511	0	8	resp	1	3	15	JOHN	3	0	3	1	2200
1171473883315	0	9	test	1	3	11	CHARLES	7	0	-2	-2	-2
1171473885671	0	9	resp	1	3	11	CHARLES	7	0	2	1	2356
1171473889319	0	10	test	1	3	10	PAUL	10	1	-2	-2	-2
1171473892342	0	10	resp	1	3	10	PAUL	10	1	4	1	3023
1171473895324	0	11	test	1	3	9	DAN	15	0	-2	-2	-2
1171473899023	0	11	resp	1	3	9	DAN	15	0	3	1	3699
1171473901329	0	12	test	1	3	7	JOE	2	0	-2	-2	-2
1171473904246	0	12	resp	1	3	7	JOE	2	0	2	1	2917
1171473907333	0	13	test	1	3	5	CHRIS	5	1	-2	-2	-2
1171473909326	0	13	resp	1	3	5	CHRIS	5	1	4	1	1993
1171473913337	0	14	test	1	3	12	BILL	12	1	-2	-2	-2
1171473915822	0	14	resp	1	3	12	BILL	12	1	5	1	2485
1171473919341	0	15	test	1	3	1	TOM	1	1	-2	-2	-2
1171473922461	0	15	resp	1	3	1	TOM	1	1	6	1	3120
1171473925346	0	16	test	1	3	13	JIM	13	1	-2	-2	-2
1171473928461	0	16	resp	1	3	13	JIM	13	1	3	0	3115
1171473933567	0	1	study	1	4	11	MARK	-2	-2	-2	-2	-2
1171473939568	0	2	study	1	4	0	RICH	-2	-2	-2	-2	-2
1171473945569	0	3	study	1	4	2	JOE	-2	-2	-2	-2	-2
1171473951570	0	4	study	1	4	8	ROB	-2	-2	-2	-2	-2
1171473957571	0	5	study	1	4	5	CHRIS	-2	-2	-2	-2	-2
1171473963582	0	6	study	1	4	14	GEORGE	-2	-2	-2	-2	-2
1171473969593	0	7	study	1	4	13	JIM	-2	-2	-2	-2	-2
1171473975594	0	8	study	1	4	7	CHARLES	-2	-2	-2	-2	-2
1171473981608	0	9	study	1	4	4	DAVE	-2	-2	-2	-2	-2
1171473987609	0	10	study	1	4	9	MIKE	-2	-2	-2	-2	-2
1171473993610	0	11	study	1	4	6	KEN	-2	-2	-2	-2	-2
1171473999611	0	12	study	1	4	1	TOM	-2	-2	-2	-2	-2
1171474005621	0	13	study	1	4	3	JOHN	-2	-2	-2	-2	-2
1171474011622	0	14	study	1	4	15	DAN	-2	-2	-2	-2	-2
1171474017623	0	15	study	1	4	10	PAUL	-2	-2	-2	-2	-2
1171474023624	0	16	study	1	4	12	BILL	-2	-2	-2	-2	-2
1171474032291	0	1	test	1	4	15	DAN	15	1	-2	-2	-2
1171474035194	0	1	resp	1	4	15	DAN	15	1	4	1	2903
1171474038295	0	2	test	1	4	13	BILL	12	0	-2	-2	-2
1171474040713	0	2	resp	1	4	13	BILL	12	0	3	1	2418
1171474044300	0	3	test	1	4	7	MARK	11	0	-2	-2	-2
1171474047074	0	3	resp	1	4	7	MARK	11	0	3	1	2774
1171474050305	0	4	test	1	4	0	RICH	0	1	-2	-2	-2
1171474053633	0	4	resp	1	4	0	RICH	0	1	5	1	3328
1171474056310	0	5	test	1	4	9	MIKE	9	1	-2	-2	-2
1171474059377	0	5	resp	1	4	9	MIKE	9	1	4	1	3067
1171474062314	0	6	test	1	4	1	JOHN	3	0	-2	-2	-2
1171474066784	0	6	resp	1	4	1	JOHN	3	0	3	1	4470
1171474068319	0	7	test	1	4	10	PAUL	10	1	-2	-2	-2
1171474070545	0	7	resp	1	4	10	PAUL	10	1	5	1	2226
1171474074323	0	8	test	1	4	2	JOE	2	1	-2	-2	-2
1171474077688	0	8	resp	1	4	2	JOE	2	1	5	1	3365
1171474080328	0	9	test	1	4	5	CHRIS	5	1	-2	-2	-2
1171474082960	0	9	resp	1	4	5	CHRIS	5	1	4	1	2632
1171474086332	0	10	test	1	4	4	DAVE	4	1	-2	-2	-2
1171474089392	0	10	resp	1	4	4	DAVE	4	1	3	0	3060
1171474092336	0	11	test	1	4	6	KEN	6	1	-2	-2	-2
1171474095864	0	11	resp	1	4	6	KEN	6	1	2	0	3528
1171474098340	0	12	test	1	4	3	CHARLES	7	0	-2	-2	-2
1171474100199	0	12	resp	1	4	3	CHARLES	7	0	5	0	1859
1171474104345	0	13	test	1	4	12	ROB	8	0	-2	-2	-2
1171474106439	0	13	resp	1	4	12	ROB	8	0	4	0	2094
1171474110350	0	14	test	1	4	11	GEORGE	14	0	-2	-2	-2
1171474113527	0	14	resp	1	4	11	GEORGE	14	0	4	0	3177
1171474116355	0	15	test	1	4	8	TOM	1	0	-2	-2	-2
1171474120080	0	15	resp	1	4	8	TOM	1	0	3	1	3725
1171474122359	0	16	test	1	4	14	JIM	13	0	-2	-2	-2
1171474125527	0	16	resp	1	4	14	JIM	13	0	4	0	3168
1171474138655	0	1	study	1	5	5	CHRIS	-2	-2	-2	-2	-2
1171474144665	0	2	study	1	5	12	BILL	-2	-2	-2	-2	-2
1171474150666	0	3	study	1	5	10	PAUL	-2	-2	-2	-2	-2
1171474156667	0	4	study	1	5	4	DAVE	-2	-2	-2	-2	-2
1171474162668	0	5	study	1	5	13	JIM	-2	-2	-2	-2	-2
1171474168669	0	6	study	1	5	7	CHARLES	-2	-2	-2	-2	-2
1171474174683	0	7	study	1	5	1	TOM	-2	-2	-2	-2	-2
1171474180693	0	8	study	1	5	6	KEN	-2	-2	-2	-2	-2
1171474186694	0	9	study	1	5	15	DAN	-2	-2	-2	-2	-2
1171474192695	0	10	study	1	5	0	RICH	-2	-2	-2	-2	-2
1171474198696	0	11	study	1	5	14	GEORGE	-2	-2	-2	-2	-2
1171474204708	0	12	study	1	5	2	JOE	-2	-2	-2	-2	-2
1171474210709	0	13	study	1	5	8	ROB	-2	-2	-2	-2	-2
1171474216710	0	14	study	1	5	11	MARK	-2	-2	-2	-2	-2
1171474222711	0	15	study	1	5	3	JOHN	-2	-2	-2	-2	-2
1171474228712	0	16	study	1	5	9	MIKE	-2	-2	-2	-2	-2
1171474237827	0	1	test	1	5	7	CHARLES	7	1	-2	-2	-2
1171474239779	0	1	resp	1	5	7	CHARLES	7	1	5	1	1952
1171474243831	0	2	test	1	5	1	JOE	2	0	-2	-2	-2
1171474245811	0	2	resp	1	5	1	JOE	2	0	4	0	1980
1171474249835	0	3	test	1	5	3	TOM	1	0	-2	-2	-2
1171474253099	0	3	resp	1	5	3	TOM	1	0	3	1	3264
1171474255840	0	4	test	1	5	12	BILL	12	1	-2	-2	-2
1171474257706	0	4	resp	1	5	12	BILL	12	1	5	1	1866
1171474261844	0	5	test	1	5	14	JOHN	3	0	-2	-2	-2
1171474265131	0	5	resp	1	5	14	JOHN	3	0	3	1	3287
1171474267847	0	6	test	1	5	0	ROB	8	0	-2	-2	-2
1171474269914	0	6	resp	1	5	0	ROB	8	0	2	1	2067
1171474273851	0	7	test	1	5	9	MIKE	9	1	-2	-2	-2
1171474275906	0	7	resp	1	5	9	MIKE	9	1	4	1	2055
1171474279855	0	8	test	1	5	8	GEORGE	14	0	-2	-2	-2
1171474282297	0	8	resp	1	5	8	GEORGE	14	0	4	0	2442
1171474285860	0	9	test	1	5	5	CHRIS	5	1	-2	-2	-2
1171474289697	0	9	resp	1	5	5	CHRIS	5	1	3	0	3837
1171474291865	0	10	test	1	5	11	MARK	11	1	-2	-2	-2
1171474295201	0	10	resp	1	5	11	MARK	11	1	4	1	3336
1171474297869	0	11	test	1	5	2	DAN	15	0	-2	-2	-2
1171474301745	0	11	resp	1	5	2	DAN	15	0	4	0	3876
1171474303873	0	12	test	1	5	4	RICH	0	0	-2	-2	-2
1171474307081	0	12	resp	1	5	4	RICH	0	0	4	0	3208
1171474309878	0	13	test	1	5	13	JIM	13	1	-2	-2	-2
1171474312744	0	13	resp	1	5	13	JIM	13	1	5	1	2866
1171474315882	0	14	test	1	5	15	DAVE	4	0	-2	-2	-2
1171474318456	0	14	resp	1	5	15	DAVE	4	0	2	1	2574
1171474321886	0	15	test	1	5	6	KEN	6	1	-2	-2	-2
1171474325160	0	15	resp	1	5	6	KEN	6	1	3	0	3274
1171474327890	0	16	test	1	5	10	PAUL	10	1	-2	-2	-2
1171474330025	0	16	resp	1	5	10	PAUL	10	1	4	1	2135
1171474338625	0	1	study	1	6	10	PAUL	-2	-2	-2	-2	-2
1171474344626	0	2	study	1	6	14	GEORGE	-2	-2	-2	-2	-2
1171474350637	0	3	study	1	6	12	BILL	-2	-2	-2	-2	-2
1171474356638	0	4	study	1	6	2	JOE	-2	-2	-2	-2	-2
1171474362639	0	5	study	1	6	15	DAN	-2	-2	-2	-2	-2
1171474368640	0	6	study	1	6	7	CHARLES	-2	-2	-2	-2	-2
1171474374654	0	7	study	1	6	11	MARK	-2	-2	-2	-2	-2
1171474380655	0	8	study	1	6	8	ROB	-2	-2	-2	-2	-2
1171474386656	0	9	study	1	6	1	TOM	-2	-2	-2	-2	-2
1171474392666	0	10	study	1	6	13	JIM	-2	-2	-2	-2	-2
1171474398667	0	11	study	1	6	4	DAVE	-2	-2	-2	-2	-2
1171474404668	0	12	study	1	6	3	JOHN	-2	-2	-2	-2	-2
1171474410669	0	13	study	1	6	0	RICH	-2	-2	-2	-2	-2
1171474416670	0	14	study	1	6	5	CHRIS	-2	-2	-2	-2	-2
1171474422681	0	15	study	1	6	9	MIKE	-2	-2	-2	-2	-2
1171474428682	0	16	study	1	6	6	KEN	-2	-2	-2	-2	-2
1171474437110	0	1	test	1	6	10	TOM	1	0	-2	-2	-2
1171474439724	0	1	resp	1	6	10	TOM	1	0	4	0	2614
1171474443114	0	2	test	1	6	13	JIM	13	1	-2	-2	-2
1171474445812	0	2	resp	1	6	13	JIM	13	1	3	0	2698
1171474449118	0	3	test	1	6	14	GEORGE	14	1	-2	-2	-2
1171474452013	0	3	resp	1	6	14	GEORGE	14	1	4	1	2895
1171474455122	0	4	test	1	6	15	MIKE	9	0	-2	-2	-2
1171474457500	0	4	resp	1	6	15	MIKE	9	0	5	0	2378
1171474461126	0	5	test	1	6	4	CHRIS	5	0	-2	-2	-2
1171474464147	0	5	resp	1	6	4	CHRIS	5	0	4	0	3021
1171474467131	0	6	test	1	6	2	JOE	2	1	-2	-2	-2
1171474470411	0	6	resp	1	6	2	JOE	2	1	5	1	3280
1171474473135	0	7	test	1	6	7	CHARLES	7	1	-2	-2	-2
1171474474907	0	7	resp	1	6	7	CHARLES	7	1	6	1	1772
1171474479139	0	8	test	1	6	9	DAVE	4	0	-2	-2	-2
1171474481747	0	8	resp	1	6	9	DAVE	4	0	2	1	2608
1171474485143	0	9	test	1	6	1	KEN	6	0	-2	-2	-2
1171474487978	0	9	resp	1	6	1	KEN	6	0	3	1	2835
1171474491148	0	10	test	1	6	3	JOHN	3	1	-2	-2	-2
1171474493786	0	10	resp	1	6	3	JOHN	3	1	3	0	2638
1171474497153	0	11	test	1	6	11	MARK	11	1	-2	-2	-2
1171474500402	0	11	resp	1	6	11	MARK	11	1	4	1	3249
1171474503157	0	12	test	1	6	12	BILL	12	1	-2	-2	-2
1171474505810	0	12	resp	1	6	12	BILL	12	1	5	1	2653
1171474509161	0	13	test	1	6	0	DAN	15	0	-2	-2	-2
1171474512842	0	13	resp	1	6	0	DAN	15	0	3	1	3681
1171474515165	0	14	test	1	6	6	RICH	0	0	-2	-2	-2
1171474517241	0	14	resp	1	6	6	RICH	0	0	4	0	2076
1171474521170	0	15	test	1	6	5	PAUL	10	0	-2	-2	-2
1171474523265	0	15	resp	1	6	5	PAUL	10	0	2	1	2095
1171474527175	0	16	test	1	6	8	ROB	8	1	-2	-2	-2
1171474529074	0	16	resp	1	6	8	ROB	8	1	5	1	1899
1171474541961	0	1	study	1	7	9	MIKE	-2	-2	-2	-2	-2
1171474547962	0	2	study	1	7	13	JIM	-2	-2	-2	-2	-2
1171474553963	0	3	study	1	7	11	MARK	-2	-2	-2	-2	-2
1171474559964	0	4	study	1	7	2	JOE	-2	-2	-2	-2	-2
1171474565965	0	5	study	1	7	14	GEORGE	-2	-2	-2	-2	-2
1171474571976	0	6	study	1	7	4	DAVE	-2	-2	-2	-2	-2
1171474577977	0	7	study	1	7	3	JOHN	-2	-2	-2	-2	-2
1171474583978	0	8	study	1	7	8	ROB	-2	-2	-2	-2	-2
1171474589979	0	9	study	1	7	0	RICH	-2	-2	-2	-2	-2
1171474595980	0	10	study	1	7	7	CHARLES	-2	-2	-2	-2	-2
1171474601993	0	11	study	1	7	15	DAN	-2	-2	-2	-2	-2
1171474607994	0	12	study	1	7	5	CHRIS	-2	-2	-2	-2	-2
1171474614006	0	13	study	1	7	12	BILL	-2	-2	-2	-2	-2
1171474620007	0	14	study	1	7	6	KEN	-2	-2	-2	-2	-2
1171474626008	0	15	study	1	7	1	TOM	-2	-2	-2	-2	-2
1171474632017	0	16	study	1	7	10	PAUL	-2	-2	-2	-2	-2
1171474641079	0	1	test	1	7	9	MIKE	9	1	-2	-2	-2
1171474643741	0	1	resp	1	7	9	MIKE	9	1	4	1	2662
1171474647084	0	2	test	1	7	11	TOM	1	0	-2	-2	-2
1171474650445	0	2	resp	1	7	11	TOM	1	0	3	1	3361
1171474653088	0	3	test	1	7	13	JIM	13	1	-2	-2	-2
1171474656429	0	3	resp	1	7	13	JIM	13	1	4	1	3341
1171474659092	0	4	test	1	7	4	JOHN	3	0	-2	-2	-2
1171474662181	0	4	resp	1	7	4	JOHN	3	0	4	0	3089
1171474665096	0	5	test	1	7	14	DAVE	4	0	-2	-2	-2
1171474668109	0	5	resp	1	7	14	DAVE	4	0	3	1	3013
1171474671101	0	6	test	1	7	1	RICH	0	0	-2	-2	-2
1171474674972	0	6	resp	1	7	1	RICH	0	0	4	0	3871
1171474677106	0	7	test	1	7	3	BILL	12	0	-2	-2	-2
1171474680117	0	7	resp	1	7	3	BILL	12	0	2	1	3011
1171474683110	0	8	test	1	7	8	MARK	11	0	-2	-2	-2
1171474685332	0	8	resp	1	7	8	MARK	11	0	4	0	2222
1171474689114	0	9	test	1	7	5	CHRIS	5	1	-2	-2	-2
1171474692548	0	9	resp	1	7	5	CHRIS	5	1	5	1	3434
1171474695118	0	10	test	1	7	6	KEN	6	1	-2	-2	-2
1171474698819	0	10	resp	1	7	6	KEN	6	1	3	0	3701
1171474701123	0	11	test	1	7	15	DAN	15	1	-2	-2	-2
1171474704619	0	11	resp	1	7	15	DAN	15	1	4	1	3496
1171474707127	0	12	test	1	7	7	CHARLES	7	1	-2	-2	-2
1171474709052	0	12	resp	1	7	7	CHARLES	7	1	6	1	1925
1171474713131	0	13	test	1	7	0	GEORGE	14	0	-2	-2	-2
1171474716100	0	13	resp	1	7	0	GEORGE	14	0	4	0	2969
1171474719135	0	14	test	1	7	2	JOE	2	1	-2	-2	-2
1171474721779	0	14	resp	1	7	2	JOE	2	1	5	1	2644
1171474725139	0	15	test	1	7	10	PAUL	10	1	-2	-2	-2
1171474728274	0	15	resp	1	7	10	PAUL	10	1	3	0	3135
1171474731144	0	16	test	1	7	12	ROB	8	0	-2	-2	-2
1171474733522	0	16	resp	1	7	12	ROB	8	0	5	0	2378
1171474744603	0	1	study	1	8	10	PAUL	-2	-2	-2	-2	-2
1171474750604	0	2	study	1	8	3	JOHN	-2	-2	-2	-2	-2
1171474756605	0	3	study	1	8	13	JIM	-2	-2	-2	-2	-2
1171474762606	0	4	study	1	8	12	BILL	-2	-2	-2	-2	-2
1171474768607	0	5	study	1	8	15	DAN	-2	-2	-2	-2	-2
1171474774608	0	6	study	1	8	9	MIKE	-2	-2	-2	-2	-2
1171474780609	0	7	study	1	8	11	MARK	-2	-2	-2	-2	-2
1171474786610	0	8	study	1	8	6	KEN	-2	-2	-2	-2	-2
1171474792611	0	9	study	1	8	7	CHARLES	-2	-2	-2	-2	-2
1171474798625	0	10	study	1	8	2	JOE	-2	-2	-2	-2	-2
1171474804626	0	11	study	1	8	4	DAVE	-2	-2	-2	-2	-2
1171474810627	0	12	study	1	8	0	RICH	-2	-2	-2	-2	-2
1171474816628	0	13	study	1	8	1	TOM	-2	-2	-2	-2	-2
1171474822638	0	14	study	1	8	14	GEORGE	-2	-2	-2	-2	-2
1171474828650	0	15	study	1	8	8	ROB	-2	-2	-2	-2	-2
1171474834651	0	16	study	1	8	5	CHRIS	-2	-2	-2	-2	-2
1171474842231	0	1	test	1	8	11	PAUL	10	0	-2	-2	-2
1171474845263	0	1	resp	1	8	11	PAUL	10	0	3	1	3032
1171474848235	0	2	test	1	8	5	CHRIS	5	1	-2	-2	-2
1171474850254	0	2	resp	1	8	5	CHRIS	5	1	5	1	2019
1171474854240	0	3	test	1	8	2	CHARLES	7	0	-2	-2	-2
1171474856646	0	3	resp	1	8	2	CHARLES	7	0	2	1	2406
1171474860245	0	4	test	1	8	4	ROB	8	0	-2	-2	-2
1171474863310	0	4	resp	1	8	4	ROB	8	0	3	1	3065
1171474866249	0	5	test	1	8	8	DAN	15	0	-2	-2	-2
1171474869079	0	5	resp	1	8	8	DAN	15	0	5	0	2830
1171474872253	0	6	test	1	8	6	KEN	6	1	-2	-2	-2
1171474875710	0	6	resp	1	8	6	KEN	6	1	4	1	3457
1171474878257	0	7	test	1	8	15	MARK	11	0	-2	-2	-2
1171474881006	0	7	resp	1	8	15	MARK	11	0	3	1	2749
1171474884262	0	8	test	1	8	10	JOHN	3	0	-2	-2	-2
1171474887533	0	8	resp	1	8	10	JOHN	3	0	5	0	3271
1171474890267	0	9	test	1	8	14	GEORGE	14	1	-2	-2	-2
1171474893477	0	9	resp	1	8	14	GEORGE	14	1	3	0	3210
1171474896271	0	10	test	1	8	9	MIKE	9	1	-2	-2	-2
1171474898869	0	10	resp	1	8	9	MIKE	9	1	4	1	2598
1171474902275	0	11	test	1	8	3	JOE	2	0	-2	-2	-2
1171474905573	0	11	resp	1	8	3	JOE	2	0	3	1	3298
1171474908279	0	12	test	1	8	13	JIM	13	1	-2	-2	-2
1171474911140	0	12	resp	1	8	13	JIM	13	1	4	1	2861
1171474914284	0	13	test	1	8	7	DAVE	4	0	-2	-2	-2
1171474917276	0	13	resp	1	8	7	DAVE	4	0	2	1	2992
1171474920288	0	14	test	1	8	12	BILL	12	1	-2	-2	-2
1171474922772	0	14	resp	1	8	12	BILL	12	1	5	1	2484
1171474926292	0	15	test	1	8	1	TOM	1	1	-2	-2	-2
1171474929708	0	15	resp	1	8	1	TOM	1	1	5	1	3416
1171474932296	0	16	test	1	8	0	RICH	0	1	-2	-2	-2
1171474935604	0	16	resp	1	8	0	RICH	0	1	4	1	3308
1171474944196	0	1	study	1	9	5	CHRIS	-2	-2	-2	-2	-2
1171474950207	0	2	study	1	9	12	BILL	-2	-2	-2	-2	-2
1171474956208	0	3	study	1	9	2	JOE	-2	-2	-2	-2	-2
1171474962209	0	4	study	1	9	10	PAUL	-2	-2	-2	-2	-2
1171474968210	0	5	study	1	9	8	ROB	-2	-2	-2	-2	-2
1171474974211	0	6	study	1	9	1	TOM	-2	-2	-2	-2	-2
1171474980221	0	7	study	1	9	7	CHARLES	-2	-2	-2	-2	-2
1171474986234	0	8	study	1	9	4	DAVE	-2	-2	-2	-2	-2
1171474992235	0	9	study	1	9	0	RICH	-2	-2	-2	-2	-2
1171474998236	0	10	study	1	9	11	MARK	-2	-2	-2	-2	-2
1171475004237	0	11	study	1	9	3	JOHN	-2	-2	-2	-2	-2
1171475010238	0	12	study	1	9	6	KEN	-2	-2	-2	-2	-2
1171475016239	0	13	study	1	9	14	GEORGE	-2	-2	-2	-2	-2
1171475022250	0	14	study	1	9	15	DAN	-2	-2	-2	-2	-2
1171475028251	0	15	study	1	9	13	JIM	-2	-2	-2	-2	-2
1171475034252	0	16	study	1	9	9	MIKE	-2	-2	-2	-2	-2
1171475045265	0	1	test	1	9	6	KEN	6	1	-2	-2	-2
1171475048688	0	1	resp	1	9	6	KEN	6	1	3	0	3423
1171475051269	0	2	test	1	9	15	DAN	15	1	-2	-2	-2
1171475053888	0	2	resp	1	9	15	DAN	15	1	5	1	2619
1171475057273	0	3	test	1	9	1	TOM	1	1	-2	-2	-2
1171475059552	0	3	resp	1	9	1	TOM	1	1	5	1	2279
1171475063277	0	4	test	1	9	5	CHRIS	5	1	-2	-2	-2
1171475066135	0	4	resp	1	9	5	CHRIS	5	1	3	0	2858
1171475069281	0	5	test	1	9	13	MIKE	9	0	-2	-2	-2
1171475073072	0	5	resp	1	9	13	MIKE	9	0	2	1	3791
1171475075285	0	6	test	1	9	12	BILL	12	1	-2	-2	-2
1171475077463	0	6	resp	1	9	12	BILL	12	1	4	1	2178
1171475081289	0	7	test	1	9	9	GEORGE	14	0	-2	-2	-2
1171475085279	0	7	resp	1	9	9	GEORGE	14	0	5	0	3990
1171475087293	0	8	test	1	9	4	JOHN	3	0	-2	-2	-2
1171475089503	0	8	resp	1	9	4	JOHN	3	0	2	1	2210
1171475093297	0	9	test	1	9	3	MARK	11	0	-2	-2	-2
1171475096766	0	9	resp	1	9	3	MARK	11	0	2	1	3469
1171475099302	0	10	test	1	9	0	DAVE	4	0	-2	-2	-2
1171475102055	0	10	resp	1	9	0	DAVE	4	0	5	0	2753
1171475105306	0	11	test	1	9	11	JIM	13	0	-2	-2	-2
1171475108302	0	11	resp	1	9	11	JIM	13	0	3	1	2996
1171475111310	0	12	test	1	9	2	JOE	2	1	-2	-2	-2
1171475113758	0	12	resp	1	9	2	JOE	2	1	5	1	2448
1171475117314	0	13	test	1	9	14	ROB	8	0	-2	-2	-2
1171475120926	0	13	resp	1	9	14	ROB	8	0	3	1	3612
1171475123318	0	14	test	1	9	10	PAUL	10	1	-2	-2	-2
1171475126381	0	14	resp	1	9	10	PAUL	10	1	4	1	3063
1171475129323	0	15	test	1	9	8	RICH	0	0	-2	-2	-2
1171475133301	0	15	resp	1	9	8	RICH	0	0	4	0	3978
1171475135328	0	16	test	1	9	7	CHARLES	7	1	-2	-2	-2
1171475136789	0	16	resp	1	9	7	CHARLES	7	1	6	1	1461
1171475146813	0	1	study	1	10	6	KEN	-2	-2	-2	-2	-2
1171475152814	0	2	study	1	10	5	CHRIS	-2	-2	-2	-2	-2
1171475158824	0	3	study	1	10	2	JOE	-2	-2	-2	-2	-2
1171475164825	0	4	study	1	10	12	BILL	-2	-2	-2	-2	-2
1171475170826	0	5	study	1	10	9	MIKE	-2	-2	-2	-2	-2
1171475176827	0	6	study	1	10	1	TOM	-2	-2	-2	-2	-2
1171475182837	0	7	study	1	10	0	RICH	-2	-2	-2	-2	-2
1171475188838	0	8	study	1	10	3	JOHN	-2	-2	-2	-2	-2
1171475194839	0	9	study	1	10	13	JIM	-2	-2	-2	-2	-2
1171475200840	0	10	study	1	10	7	CHARLES	-2	-2	-2	-2	-2
1171475206854	0	11	study	1	10	8	ROB	-2	-2	-2	-2	-2
1171475212855	0	12	study	1	10	11	MARK	-2	-2	-2	-2	-2
1171475218856	0	13	study	1	10	14	GEORGE	-2	-2	-2	-2	-2
1171475224867	0	14	study	1	10	10	PAUL	-2	-2	-2	-2	-2
1171475230868	0	15	study	1	10	4	DAVE	-2	-2	-2	-2	-2
1171475236869	0	16	study	1	10	15	DAN	-2	-2	-2	-2	-2
1171475244715	0	1	test	1	10	6	KEN	6	1	-2	-2	-2
1171475246617	0	1	resp	1	10	6	KEN	6	1	2	0	1902
1171475250720	0	2	test	1	10	12	BILL	12	1	-2	-2	-2
1171475253018	0	2	resp	1	10	12	BILL	12	1	4	1	2298
1171475256725	0	3	test	1	10	11	MIKE	9	0	-2	-2	-2
1171475259545	0	3	resp	1	10	11	MIKE	9	0	2	1	2820
1171475262729	0	4	test	1	10	3	CHARLES	7	0	-2	-2	-2
1171475265569	0	4	resp	1	10	3	CHARLES	7	0	5	0	2840
1171475268733	0	5	test	1	10	9	TOM	1	0	-2	-2	-2
1171475271368	0	5	resp	1	10	9	TOM	1	0	3	1	2635
1171475274738	0	6	test	1	10	7	JOE	2	0	-2	-2	-2
1171475276600	0	6	resp	1	10	7	JOE	2	0	3	1	1862
1171475280743	0	7	test	1	10	8	ROB	8	1	-2	-2	-2
1171475282848	0	7	resp	1	10	8	ROB	8	1	4	1	2105
1171475286747	0	8	test	1	10	14	GEORGE	14	1	-2	-2	-2
1171475289968	0	8	resp	1	10	14	GEORGE	14	1	3	0	3221
1171475292751	0	9	test	1	10	4	DAVE	4	1	-2	-2	-2
1171475296424	0	9	resp	1	10	4	DAVE	4	1	4	1	3673
1171475298755	0	10	test	1	10	15	DAN	15	1	-2	-2	-2
1171475301232	0	10	resp	1	10	15	DAN	15	1	2	0	2477
1171475304759	0	11	test	1	10	13	MARK	11	0	-2	-2	-2
1171475308431	0	11	resp	1	10	13	MARK	11	0	3	1	3672
1171475310764	0	12	test	1	10	2	CHRIS	5	0	-2	-2	-2
1171475314527	0	12	resp	1	10	2	CHRIS	5	0	4	0	3763
1171475316769	0	13	test	1	10	10	PAUL	10	1	-2	-2	-2
1171475318871	0	13	resp	1	10	10	PAUL	10	1	5	1	2102
1171475322773	0	14	test	1	10	5	JIM	13	0	-2	-2	-2
1171475325919	0	14	resp	1	10	5	JIM	13	0	5	0	3146
1171475328777	0	15	test	1	10	0	RICH	0	1	-2	-2	-2
1171475332647	0	15	resp	1	10	0	RICH	0	1	3	0	3870
1171475334781	0	16	test	1	10	1	JOHN	3	0	-2	-2	-2
1171475338662	0	16	resp	1	10	1	JOHN	3	0	5	0	3881
1171475358855	0	0	record	3	11	-2	record	-2	-2	-2	-2	-2
1171475359891	0	1	cue	3	11	4	DAVE	-2	-2	-2	-2	-2
1171475365891	0	2	cue	3	11	5	CHRIS	-2	-2	-2	-2	-2
1171475371891	0	3	cue	3	11	13	JIM	-2	-2	-2	-2	-2
1171475377891	0	4	cue	3	11	9	MIKE	-2	-2	-2	-2	-2
1171475383891	0	5	cue	3	11	14	GEORGE	-2	-2	-2	-2	-2
1171475389891	0	6	cue	3	11	3	JOHN	-2	-2	-2	-2	-2
1171475395891	0	7	cue	3	11	11	MARK	-2	-2	-2	-2	-2
1171475401891	0	8	cue	3	11	1	TOM	-2	-2	-2	-2	-2
1171475407891	0	9	cue	3	11	8	ROB	-2	-2	-2	-2	-2
1171475413891	0	10	cue	3	11	0	RICH	-2	-2	-2	-2	-2
1171475419891	0	11	cue	3	11	2	JOE	-2	-2	-2	-2	-2
1171475425891	0	12	cue	3	11	6	KEN	-2	-2	-2	-2	-2
1171475431891	0	13	cue	3	11	7	CHARLES	-2	-2	-2	-2	-2
1171475437891	0	14	cue	3	11	10	PAUL	-2	-2	-2	-2	-2
1171475443891	0	15	cue	3	11	15	DAN	-2	-2	-2	-2	-2
1171475449910	0	16	cue	3	11	12	BILL	-2	-2	-2	-2	-2
