1159556822788	0	B	Logging Begins
1159556822789	0	SESS_START	0
1159556863362	0	TRIAL	1
1159556867971	1	FACE	8090	PRES1_PNPP	Incorrect	LL1	PP1	Target_PNPP	0	PRACTICE
1159556871803	1	FACE	8090	CUE	Incorrect	LL1	PP1	Target_PNPP	0	PRACTICE
1159556879893	0	FACE	8090	RESP	Incorrect	LL1	PP1	Target_PNPP	0	PRACTICE
1159556879926	0	TRIAL	2
1159556883417	1	FACE	1330	PRES1_PNNN	Incorrect	LL1	PP1	Target_PNNN	0	PRACTICE
1159556887283	1	FACE	1330	CUE	Incorrect	LL1	PP1	Target_PNNN	0	PRACTICE
1159556888613	0	FACE	1330	RESP	Incorrect	LL1	PP1	Target_PNNN	0	PRACTICE
1159556888636	0	TRIAL	3
1159556891847	1	FACE	2030	PRES1_NPPP	Correct	LL1	PP0	Lure_NPPN	0	PRACTICE
1159556895879	1	FACE	2030	CUE	Correct	LL1	PP0	Lure_NPPN	0	PRACTICE
1159556897909	0	FACE	2030	RESP	Correct	LL1	PP0	Lure_NPPN	0	PRACTICE
1159556897923	0	TRIAL	4
1159556904194	1	FACE	1489	PRES1_NPNP	Incorrect	LL1	PP0	Lure_NPNN	0	PRACTICE
1159556908043	1	FACE	1489	CUE	Incorrect	LL1	PP0	Lure_NPNN	0	PRACTICE
1159556909532	0	FACE	1489	RESP	Incorrect	LL1	PP0	Lure_NPNN	0	PRACTICE
1159556909563	0	TRIAL	5
1159556912923	1	FACE	2497	PRES1_PNNP	Incorrect	LL1	PP0	Lure_PPNN	0	PRACTICE
1159556916972	1	FACE	2497	CUE	Incorrect	LL1	PP0	Lure_PPNN	0	PRACTICE
1159556919469	0	FACE	2497	RESP	Incorrect	LL1	PP0	Lure_PPNN	0	PRACTICE
1159556919495	0	TRIAL	6
1159556923736	1	FACE	1044	PRES1_NPPN	Incorrect	LL1	PP1	Target_NPPN	0	PRACTICE
1159556927768	1	FACE	1044	CUE	Incorrect	LL1	PP1	Target_NPPN	0	PRACTICE
1159556928812	0	FACE	1044	RESP	Incorrect	LL1	PP1	Target_NPPN	0	PRACTICE
1159556928824	0	TRIAL	7
1159556931900	1	FACE	731	PRES1_PPPP	Correct	LL1	PP1	Target_PPPP	0	PRACTICE
1159556935832	1	FACE	731	CUE	Correct	LL1	PP1	Target_PPPP	0	PRACTICE
1159556936563	0	FACE	731	RESP	Correct	LL1	PP1	Target_PPPP	0	PRACTICE
1159556936588	0	TRIAL	8
1159556939232	1	FACE	1704	PRES1_PPNN	Correct	LL1	PP0	Lure_PNPP	0	PRACTICE
1159556943131	1	FACE	1704	CUE	Correct	LL1	PP0	Lure_PNPP	0	PRACTICE
1159556944835	0	FACE	1704	RESP	Correct	LL1	PP0	Lure_PNPP	0	PRACTICE
1159556944868	0	TRIAL	9
1159556947928	1	FACE	1990	PRES1_PNPP	Correct	LL1	PP0	Lure_PNPN	0	PRACTICE
1159556951877	1	FACE	1990	CUE	Correct	LL1	PP0	Lure_PNPN	0	PRACTICE
1159556953867	0	FACE	1990	RESP	Correct	LL1	PP0	Lure_PNPN	0	PRACTICE
1159556953898	0	TRIAL	10
1159556956875	1	FACE	1602	PRES1_NNPP	Correct	LL1	PP1	Target_NNPP	0	PRACTICE
1159556960807	1	FACE	1602	CUE	Correct	LL1	PP1	Target_NNPP	0	PRACTICE
1159556962409	13	FACE	1602	RESP	Correct	LL1	PP1	Target_NNPP	0	PRACTICE
1159556962449	0	TRIAL	11
1159556965523	1	FACE	1873	PRES1_NNNP	Correct	LL1	PP0	Lure_PPPN	0	PRACTICE
1159556969306	1	FACE	1873	CUE	Correct	LL1	PP0	Lure_PPPN	0	PRACTICE
1159556971179	0	FACE	1873	RESP	Correct	LL1	PP0	Lure_PPPN	0	PRACTICE
1159556971210	0	TRIAL	12
1159556974137	1	FACE	1331	PRES1_PPPN	Correct	LL1	PP0	Lure_NPPP	0	PRACTICE
1159556977968	1	FACE	1331	CUE	Correct	LL1	PP0	Lure_NPPP	0	PRACTICE
1159556979299	0	FACE	1331	RESP	Correct	LL1	PP0	Lure_NPPP	0	PRACTICE
1159556979324	0	TRIAL	13
1159556982235	1	FACE	1098	PRES1_NNPN	Correct	LL1	PP0	Lure_PPPP	0	PRACTICE
1159556986033	1	FACE	1098	CUE	Correct	LL1	PP0	Lure_PPPP	0	PRACTICE
1159556987131	0	FACE	1098	RESP	Correct	LL1	PP0	Lure_PPPP	0	PRACTICE
1159556987155	0	TRIAL	14
1159556990032	1	FACE	2156	PRES1_PNPN	Correct	LL1	PP0	Lure_NPNP	0	PRACTICE
1159556994031	1	FACE	2156	CUE	Correct	LL1	PP0	Lure_NPNP	0	PRACTICE
1159556996187	0	FACE	2156	RESP	Correct	LL1	PP0	Lure_NPNP	0	PRACTICE
1159556996219	0	TRIAL	15
1159556999362	1	FACE	940	PRES1_NPPN	Correct	LL1	PP0	Lure_PPNP	0	PRACTICE
1159557003278	1	FACE	940	CUE	Correct	LL1	PP0	Lure_PPNP	0	PRACTICE
1159557004218	0	FACE	940	RESP	Correct	LL1	PP0	Lure_PPNP	0	PRACTICE
1159557004250	0	TRIAL	16
1159557007210	1	FACE	960	PRES1_NNNN	Correct	LL1	PP0	Lure_NNNP	0	PRACTICE
1159557011258	1	FACE	960	CUE	Correct	LL1	PP0	Lure_NNNP	0	PRACTICE
1159557012218	0	FACE	960	RESP	Correct	LL1	PP0	Lure_NNNP	0	PRACTICE
1159557012247	0	TRIAL	17
1159557015424	1	FACE	980	PRES1_PPNP	Correct	LL1	PP0	Lure_NNPP	0	PRACTICE
1159557019206	1	FACE	980	CUE	Correct	LL1	PP0	Lure_NNPP	0	PRACTICE
1159557020186	0	FACE	980	RESP	Correct	LL1	PP0	Lure_NNPP	0	PRACTICE
1159557020215	0	TRIAL	18
1159557023221	1	FACE	1587	PRES1_PPNN	Incorrect	LL1	PP1	Target_PPNN	0	PRACTICE
1159557027053	1	FACE	1587	CUE	Incorrect	LL1	PP1	Target_PPNN	0	PRACTICE
1159557028640	1	FACE	1587	RESP	Incorrect	LL1	PP1	Target_PPNN	0	PRACTICE
1159557028673	0	TRIAL	19
1159557031617	1	FACE	811	PRES1_NNPN	Correct	LL1	PP1	Target_NNPN	0	PRACTICE
1159557035467	1	FACE	811	CUE	Correct	LL1	PP1	Target_NNPN	0	PRACTICE
1159557036278	13	FACE	811	RESP	Correct	LL1	PP1	Target_NNPN	0	PRACTICE
1159557036322	0	TRIAL	20
1159557039216	1	FACE	868	PRES1_PPPP	Correct	LL1	PP0	Lure_NNNN	0	PRACTICE
1159557043181	1	FACE	868	CUE	Correct	LL1	PP0	Lure_NNNN	0	PRACTICE
1159557044049	0	FACE	868	RESP	Correct	LL1	PP0	Lure_NNNN	0	PRACTICE
1159557044086	0	TRIAL	21
1159557047662	1	FACE	1291	PRES1_PNNN	Correct	LL1	PP0	Lure_PNNP	0	PRACTICE
1159557051677	1	FACE	1291	CUE	Correct	LL1	PP0	Lure_PNNP	0	PRACTICE
1159557052968	0	FACE	1291	RESP	Correct	LL1	PP0	Lure_PNNP	0	PRACTICE
1159557052999	0	TRIAL	22
1159557056060	1	FACE	1147	PRES1_NNNN	Incorrect	LL1	PP1	Target_NNNN	0	PRACTICE
1159557060109	1	FACE	1147	CUE	Incorrect	LL1	PP1	Target_NNNN	0	PRACTICE
1159557061256	0	FACE	1147	RESP	Incorrect	LL1	PP1	Target_NNNN	0	PRACTICE
1159557061283	0	TRIAL	23
1159557066639	1	FACE	1456	PRES1_PPNP	Incorrect	LL1	PP1	Target_PPNP	0	PRACTICE
1159557070455	1	FACE	1456	CUE	Incorrect	LL1	PP1	Target_PPNP	0	PRACTICE
1159557071911	0	FACE	1456	RESP	Incorrect	LL1	PP1	Target_PPNP	0	PRACTICE
1159557071942	0	TRIAL	24
1159557076237	1	FACE	4954	PRES1_PPPN	Incorrect	LL1	PP1	Target_PPPN	0	PRACTICE
1159557080302	1	FACE	4954	CUE	Incorrect	LL1	PP1	Target_PPPN	0	PRACTICE
1159557085256	0	FACE	4954	RESP	Incorrect	LL1	PP1	Target_PPPN	0	PRACTICE
1159557085273	0	TRIAL	25
1159557088033	1	FACE	1336	PRES1_PNPN	Correct	LL1	PP1	Target_PNPN	0	PRACTICE
1159557091847	1	FACE	1336	CUE	Correct	LL1	PP1	Target_PNPN	0	PRACTICE
1159557093183	1	FACE	1336	RESP	Correct	LL1	PP1	Target_PNPN	0	PRACTICE
1159557093204	0	TRIAL	26
1159557096164	1	FACE	1358	PRES1_NPNN	Incorrect	LL1	PP0	Lure_NNPN	0	PRACTICE
1159557100129	1	FACE	1358	CUE	Incorrect	LL1	PP0	Lure_NNPN	0	PRACTICE
1159557101487	0	FACE	1358	RESP	Incorrect	LL1	PP0	Lure_NNPN	0	PRACTICE
1159557101516	0	TRIAL	27
1159557104128	1	FACE	979	PRES1_NNPP	Incorrect	LL1	PP0	Lure_PNNN	0	PRACTICE
1159557108076	1	FACE	979	CUE	Incorrect	LL1	PP0	Lure_PNNN	0	PRACTICE
1159557109055	0	FACE	979	RESP	Incorrect	LL1	PP0	Lure_PNNN	0	PRACTICE
1159557109086	0	TRIAL	28
1159557111707	1	FACE	1922	PRES1_NNNP	Correct	LL1	PP1	Target_NNNP	0	PRACTICE
1159557115756	1	FACE	1922	CUE	Correct	LL1	PP1	Target_NNNP	0	PRACTICE
1159557117678	0	FACE	1922	RESP	Correct	LL1	PP1	Target_NNNP	0	PRACTICE
1159557117695	0	TRIAL	29
1159557120605	1	FACE	1213	PRES1_NPNN	Correct	LL1	PP1	Target_NPNN	0	PRACTICE
1159557124520	1	FACE	1213	CUE	Correct	LL1	PP1	Target_NPNN	0	PRACTICE
1159557125733	0	FACE	1213	RESP	Correct	LL1	PP1	Target_NPNN	0	PRACTICE
1159557125759	0	TRIAL	30
1159557128768	1	FACE	1134	PRES1_PNNP	Incorrect	LL1	PP1	Target_PNNP	0	PRACTICE
1159557132551	1	FACE	1134	CUE	Incorrect	LL1	PP1	Target_PNNP	0	PRACTICE
1159557133685	0	FACE	1134	RESP	Incorrect	LL1	PP1	Target_PNNP	0	PRACTICE
1159557133722	0	TRIAL	31
1159557136782	1	FACE	1001	PRES1_NPPP	Correct	LL1	PP1	Target_NPPP	0	PRACTICE
1159557140748	1	FACE	1001	CUE	Correct	LL1	PP1	Target_NPPP	0	PRACTICE
1159557141749	0	FACE	1001	RESP	Correct	LL1	PP1	Target_NPPP	0	PRACTICE
1159557141786	0	TRIAL	32
1159557145131	1	FACE	1758	PRES1_NPNP	Correct	LL1	PP1	Target_NPNP	0	PRACTICE
1159557149079	1	FACE	1758	CUE	Correct	LL1	PP1	Target_NPNP	0	PRACTICE
1159557150837	0	FACE	1758	RESP	Correct	LL1	PP1	Target_NPNP	0	PRACTICE
1159557158303	0	TRIAL	1
1159557162624	1	FACE	1391	PRES1_PPPN	Incorrect	LL1	PP1	Target_PPPN	0	PRACTICE
1159557166573	1	FACE	1391	CUE	Incorrect	LL1	PP1	Target_PPPN	0	PRACTICE
1159557167964	0	FACE	1391	RESP	Incorrect	LL1	PP1	Target_PPPN	0	PRACTICE
1159557167994	0	TRIAL	2
1159557171089	1	FACE	861	PRES1_PNPP	Correct	LL1	PP0	Lure_NPNP	0	PRACTICE
1159557175038	1	FACE	861	CUE	Correct	LL1	PP0	Lure_NPNP	0	PRACTICE
1159557175899	1	FACE	861	RESP	Correct	LL1	PP0	Lure_NPNP	0	PRACTICE
1159557175926	0	TRIAL	3
1159557179103	1	FACE	1189	PRES1_NPNP	Correct	LL1	PP1	Target_NPNP	0	PRACTICE
1159557183135	1	FACE	1189	CUE	Correct	LL1	PP1	Target_NPNP	0	PRACTICE
1159557184324	0	FACE	1189	RESP	Correct	LL1	PP1	Target_NPNP	0	PRACTICE
1159557184356	0	TRIAL	4
1159557187350	1	FACE	1056	PRES1_PPPP	Correct	LL1	PP0	Lure_NNPP	0	PRACTICE
1159557191132	1	FACE	1056	CUE	Correct	LL1	PP0	Lure_NNPP	0	PRACTICE
1159557192188	0	FACE	1056	RESP	Correct	LL1	PP0	Lure_NNPP	0	PRACTICE
1159557192220	0	TRIAL	5
1159557195481	1	FACE	1900	PRES1_PNNN	Correct	LL1	PP0	Lure_PPPN	0	PRACTICE
1159557199512	1	FACE	1900	CUE	Correct	LL1	PP0	Lure_PPPN	0	PRACTICE
1159557201412	0	FACE	1900	RESP	Correct	LL1	PP0	Lure_PPPN	0	PRACTICE
1159557201452	0	TRIAL	6
1159557203994	1	FACE	1245	PRES1_PPNP	Correct	LL1	PP0	Lure_NNNN	0	PRACTICE
1159557207759	1	FACE	1245	CUE	Correct	LL1	PP0	Lure_NNNN	0	PRACTICE
1159557209004	0	FACE	1245	RESP	Correct	LL1	PP0	Lure_NNNN	0	PRACTICE
1159557209031	0	TRIAL	7
1159557212209	1	FACE	1080	PRES1_PPPP	Correct	LL1	PP1	Target_PPPP	0	PRACTICE
1159557216107	1	FACE	1080	CUE	Correct	LL1	PP1	Target_PPPP	0	PRACTICE
1159557217187	1	FACE	1080	RESP	Correct	LL1	PP1	Target_PPPP	0	PRACTICE
1159557217200	0	TRIAL	8
1159557219905	1	FACE	2627	PRES1_NNNP	Correct	LL1	PP1	Target_NNNP	0	PRACTICE
1159557223887	1	FACE	2627	CUE	Correct	LL1	PP1	Target_NNNP	0	PRACTICE
1159557226514	0	FACE	2627	RESP	Correct	LL1	PP1	Target_NNNP	0	PRACTICE
1159557226541	0	TRIAL	9
1159557229453	1	FACE	1224	PRES1_NPPP	Correct	LL1	PP0	Lure_PPNN	0	PRACTICE
1159557233235	1	FACE	1224	CUE	Correct	LL1	PP0	Lure_PPNN	0	PRACTICE
1159557234459	0	FACE	1224	RESP	Correct	LL1	PP0	Lure_PPNN	0	PRACTICE
1159557234491	0	TRIAL	10
1159557237500	1	FACE	1294	PRES1_PPNN	Correct	LL1	PP0	Lure_PNPN	0	PRACTICE
1159557241332	1	FACE	1294	CUE	Correct	LL1	PP0	Lure_PNPN	0	PRACTICE
1159557242626	0	FACE	1294	RESP	Correct	LL1	PP0	Lure_PNPN	0	PRACTICE
1159557242655	0	TRIAL	11
1159557245630	1	FACE	1191	PRES1_NNPN	Incorrect	LL1	PP1	Target_NNPN	0	PRACTICE
1159557249578	1	FACE	1191	CUE	Incorrect	LL1	PP1	Target_NNPN	0	PRACTICE
1159557250769	0	FACE	1191	RESP	Incorrect	LL1	PP1	Target_NNPN	0	PRACTICE
1159557250800	0	TRIAL	12
1159557253927	1	FACE	1363	PRES1_NNNP	Correct	LL1	PP0	Lure_PPNP	0	PRACTICE
1159557257959	1	FACE	1363	CUE	Correct	LL1	PP0	Lure_PPNP	0	PRACTICE
1159557259322	0	FACE	1363	RESP	Correct	LL1	PP0	Lure_PPNP	0	PRACTICE
1159557259348	0	TRIAL	13
1159557262292	1	FACE	1093	PRES1_PPNN	Correct	LL1	PP1	Target_PPNN	0	PRACTICE
1159557266141	1	FACE	1093	CUE	Correct	LL1	PP1	Target_PPNN	0	PRACTICE
1159557267234	0	FACE	1093	RESP	Correct	LL1	PP1	Target_PPNN	0	PRACTICE
1159557267263	0	TRIAL	14
1159557270223	1	FACE	1300	PRES1_NNPP	Incorrect	LL1	PP0	Lure_NNPN	0	PRACTICE
1159557274021	1	FACE	1300	CUE	Incorrect	LL1	PP0	Lure_NNPN	0	PRACTICE
1159557275321	1	FACE	1300	RESP	Incorrect	LL1	PP0	Lure_NNPN	0	PRACTICE
1159557275343	0	TRIAL	15
1159557278253	1	FACE	1140	PRES1_PNNP	Correct	LL1	PP0	Lure_PNNN	0	PRACTICE
1159557282285	1	FACE	1140	CUE	Correct	LL1	PP0	Lure_PNNN	0	PRACTICE
1159557283425	0	FACE	1140	RESP	Correct	LL1	PP0	Lure_PNNN	0	PRACTICE
1159557283458	0	TRIAL	16
1159557286167	1	FACE	2074	PRES1_NPPN	Correct	LL1	PP0	Lure_NNNP	0	PRACTICE
1159557290199	1	FACE	2074	CUE	Correct	LL1	PP0	Lure_NNNP	0	PRACTICE
1159557292273	0	FACE	2074	RESP	Correct	LL1	PP0	Lure_NNNP	0	PRACTICE
1159557292304	0	TRIAL	17
1159557295314	1	FACE	1130	PRES1_NPPP	Correct	LL1	PP1	Target_NPPP	0	PRACTICE
1159557299263	1	FACE	1130	CUE	Correct	LL1	PP1	Target_NPPP	0	PRACTICE
1159557300393	0	FACE	1130	RESP	Correct	LL1	PP1	Target_NPPP	0	PRACTICE
1159557300419	0	TRIAL	18
1159557303511	1	FACE	1800	PRES1_NNPN	Incorrect	LL1	PP0	Lure_NPNN	0	PRACTICE
1159557307360	1	FACE	1800	CUE	Incorrect	LL1	PP0	Lure_NPNN	0	PRACTICE
1159557309160	1	FACE	1800	RESP	Incorrect	LL1	PP0	Lure_NPNN	0	PRACTICE
1159557309198	0	TRIAL	19
1159557312176	1	FACE	1514	PRES1_PNNN	Incorrect	LL1	PP1	Target_PNNN	0	PRACTICE
1159557316141	1	FACE	1514	CUE	Incorrect	LL1	PP1	Target_PNNN	0	PRACTICE
1159557317655	0	FACE	1514	RESP	Incorrect	LL1	PP1	Target_PNNN	0	PRACTICE
1159557317694	0	TRIAL	20
1159557320456	1	FACE	907	PRES1_PNPN	Correct	LL1	PP0	Lure_PNPP	0	PRACTICE
1159557324405	1	FACE	907	CUE	Correct	LL1	PP0	Lure_PNPP	0	PRACTICE
1159557325312	0	FACE	907	RESP	Correct	LL1	PP0	Lure_PNPP	0	PRACTICE
1159557325348	0	TRIAL	21
1159557328437	1	FACE	879	PRES1_NPPN	Correct	LL1	PP1	Target_NPPN	0	PRACTICE
1159557332369	1	FACE	879	CUE	Correct	LL1	PP1	Target_NPPN	0	PRACTICE
1159557333248	0	FACE	879	RESP	Correct	LL1	PP1	Target_NPPN	0	PRACTICE
1159557333260	0	TRIAL	22
1159557336234	1	FACE	2976	PRES1_NNPP	Correct	LL1	PP1	Target_NNPP	0	PRACTICE
1159557340183	1	FACE	2976	CUE	Correct	LL1	PP1	Target_NNPP	0	PRACTICE
1159557343159	0	FACE	2976	RESP	Correct	LL1	PP1	Target_NNPP	0	PRACTICE
1159557343187	0	TRIAL	23
1159557346198	1	FACE	727	PRES1_PPNP	Correct	LL1	PP1	Target_PPNP	0	PRACTICE
1159557350263	1	FACE	727	CUE	Correct	LL1	PP1	Target_PPNP	0	PRACTICE
1159557350990	0	FACE	727	RESP	Correct	LL1	PP1	Target_PPNP	0	PRACTICE
1159557351018	0	TRIAL	24
1159557353894	1	FACE	3583	PRES1_NNNN	Correct	LL1	PP1	Target_NNNN	0	PRACTICE
1159557357776	1	FACE	3583	CUE	Correct	LL1	PP1	Target_NNNN	0	PRACTICE
1159557361359	0	FACE	3583	RESP	Correct	LL1	PP1	Target_NNNN	0	PRACTICE
1159557361381	0	TRIAL	25
1159557364341	1	FACE	1043	PRES1_NPNN	Correct	LL1	PP1	Target_NPNN	0	PRACTICE
1159557368323	1	FACE	1043	CUE	Correct	LL1	PP1	Target_NPNN	0	PRACTICE
1159557369366	1	FACE	1043	RESP	Correct	LL1	PP1	Target_NPNN	0	PRACTICE
1159557369396	0	TRIAL	26
1159557372289	1	FACE	1527	PRES1_PPPN	Correct	LL1	PP0	Lure_PPPP	0	PRACTICE
1159557376038	1	FACE	1527	CUE	Correct	LL1	PP0	Lure_PPPP	0	PRACTICE
1159557377565	0	FACE	1527	RESP	Correct	LL1	PP0	Lure_PPPP	0	PRACTICE
1159557377591	0	TRIAL	27
1159557380685	1	FACE	1242	PRES1_NPNP	Correct	LL1	PP0	Lure_PNNP	0	PRACTICE
1159557384435	1	FACE	1242	CUE	Correct	LL1	PP0	Lure_PNNP	0	PRACTICE
1159557385677	0	FACE	1242	RESP	Correct	LL1	PP0	Lure_PNNP	0	PRACTICE
1159557385706	0	TRIAL	28
1159557388666	1	FACE	1544	PRES1_PNNP	Correct	LL1	PP1	Target_PNNP	0	PRACTICE
1159557392598	1	FACE	1544	CUE	Correct	LL1	PP1	Target_PNNP	0	PRACTICE
1159557394142	0	FACE	1544	RESP	Correct	LL1	PP1	Target_PNNP	0	PRACTICE
1159557394170	0	TRIAL	29
1159557397264	1	FACE	1318	PRES1_PNPP	Correct	LL1	PP1	Target_PNPP	0	PRACTICE
1159557401246	1	FACE	1318	CUE	Correct	LL1	PP1	Target_PNPP	0	PRACTICE
1159557402564	0	FACE	1318	RESP	Correct	LL1	PP1	Target_PNPP	0	PRACTICE
1159557402600	0	TRIAL	30
1159557405195	1	FACE	658	PRES1_NNNN	Correct	LL1	PP0	Lure_NPPP	0	PRACTICE
1159557409210	1	FACE	658	CUE	Correct	LL1	PP0	Lure_NPPP	0	PRACTICE
1159557409868	0	FACE	658	RESP	Correct	LL1	PP0	Lure_NPPP	0	PRACTICE
1159557409897	0	TRIAL	31
1159557413425	1	FACE	1814	PRES1_PNPN	Correct	LL1	PP1	Target_PNPN	0	PRACTICE
1159557417407	1	FACE	1814	CUE	Correct	LL1	PP1	Target_PNPN	0	PRACTICE
1159557419221	0	FACE	1814	RESP	Correct	LL1	PP1	Target_PNPN	0	PRACTICE
1159557419246	0	TRIAL	32
1159557422372	1	FACE	1153	PRES1_NPNN	Incorrect	LL1	PP0	Lure_NPPN	0	PRACTICE
1159557426171	1	FACE	1153	CUE	Incorrect	LL1	PP0	Lure_NPPN	0	PRACTICE
1159557427324	1	FACE	1153	RESP	Incorrect	LL1	PP0	Lure_NPPN	0	PRACTICE
1159557435723	0	SESS_END	1
1159557435732	0	E	Logging Ends
