1159392705776	0	B	Logging Begins
1159392705776	0	INSTRUCTIONSTART	JointRoller	/Library/Frameworks/Python.framework/Versions/2.4/lib/python2.4/site-packages/pyepl/resources/vera.ttf	64	(1.000000, 1.000000, 1.000000, 1.000000)	"In the following experiment, your memory for associating names with faces will be tested.  The experiment will be divided into two halves, with each half testing you on a completely different set of names and faces.  After the first half, there will be a short break.\n\nThe procedure will be the same for each half.  Eight faces will be presented on the screen, consecutively, accompanied by their names.  A woman's voice will also speak the name when the face appears on the screen.  After five seconds, the face will disappear from the screen, a star (*) will flash on the screen for one second, and then the next face and name will appear.\n\nAfter you have seen all eight faces and names, you will be prompted to press any key in order to move on to a testing period.  During each trial of the testing period, you will see a face with a question mark (?) underneath it.  You will have to try and recall the name that goes with the face, and speak it out loud.  After five seconds the face will disappear from the screen, a star will flash on the screen for one second, and then the next face will appear with a question mark underneath it.\n\nFor each half, there will be ten study periods and ten test periods, alternating.  Each face will have the same name over the entire course of the half, so your task is to try and learn the faces' names as quickly and accurately as possible, and to be able to recall them as quickly and accurately as possible.\n\nDuring the test phase, do not worry if you make a mistake and recall the wrong name accidentally.  There is no penalty.  Also, if you are in the middle of recalling a name and the experiment moves on to the next face, do not stop yourself; continue speaking the name.  However, once the next face appears on the screen, you should give up trying to recall the last face and concentrate on the new one.\n\nDo you have any questions?\n\nPress <ENTER> to continue."
1159392705842	1	INSTRUCTIONSCROLL	0
1159392719228	1	INSTRUCTIONSCROLL	1
1159392719245	1	INSTRUCTIONSCROLL	2
1159392719262	1	INSTRUCTIONSCROLL	5
1159392719278	1	INSTRUCTIONSCROLL	9
1159392719295	1	INSTRUCTIONSCROLL	12
1159392719312	1	INSTRUCTIONSCROLL	15
1159392719328	1	INSTRUCTIONSCROLL	19
1159392719345	1	INSTRUCTIONSCROLL	22
1159392719362	1	INSTRUCTIONSCROLL	25
1159392719378	1	INSTRUCTIONSCROLL	29
1159392719395	1	INSTRUCTIONSCROLL	32
1159392719412	1	INSTRUCTIONSCROLL	35
1159392719428	1	INSTRUCTIONSCROLL	39
1159392719445	1	INSTRUCTIONSCROLL	42
1159392719462	1	INSTRUCTIONSCROLL	45
1159392719478	1	INSTRUCTIONSCROLL	49
1159392719495	1	INSTRUCTIONSCROLL	52
1159392719512	1	INSTRUCTIONSCROLL	55
1159392719528	1	INSTRUCTIONSCROLL	59
1159392719545	1	INSTRUCTIONSCROLL	62
1159392719562	1	INSTRUCTIONSCROLL	65
1159392719578	1	INSTRUCTIONSCROLL	69
1159392719595	1	INSTRUCTIONSCROLL	72
1159392719612	1	INSTRUCTIONSCROLL	75
1159392719628	1	INSTRUCTIONSCROLL	79
1159392719645	1	INSTRUCTIONSCROLL	82
1159392719662	1	INSTRUCTIONSCROLL	85
1159392719678	1	INSTRUCTIONSCROLL	89
1159392719695	1	INSTRUCTIONSCROLL	92
1159392719711	1	INSTRUCTIONSCROLL	95
1159392719728	1	INSTRUCTIONSCROLL	99
1159392719745	1	INSTRUCTIONSCROLL	102
1159392719762	1	INSTRUCTIONSCROLL	105
1159392719778	1	INSTRUCTIONSCROLL	109
1159392719795	1	INSTRUCTIONSCROLL	112
1159392719812	1	INSTRUCTIONSCROLL	115
1159392719828	1	INSTRUCTIONSCROLL	119
1159392719845	1	INSTRUCTIONSCROLL	122
1159392719862	1	INSTRUCTIONSCROLL	125
1159392719878	1	INSTRUCTIONSCROLL	129
1159392719895	1	INSTRUCTIONSCROLL	132
1159392719911	1	INSTRUCTIONSCROLL	135
1159392719928	1	INSTRUCTIONSCROLL	139
1159392719944	1	INSTRUCTIONSCROLL	142
1159392719960	1	INSTRUCTIONSCROLL	145
1159392719977	1	INSTRUCTIONSCROLL	148
1159392719994	1	INSTRUCTIONSCROLL	152
1159392720011	1	INSTRUCTIONSCROLL	155
1159392720028	1	INSTRUCTIONSCROLL	159
1159392720045	1	INSTRUCTIONSCROLL	162
1159392720061	1	INSTRUCTIONSCROLL	165
1159392720086	1	INSTRUCTIONSCROLL	171
1159392720095	1	INSTRUCTIONSCROLL	174
1159392720111	1	INSTRUCTIONSCROLL	176
1159392720128	1	INSTRUCTIONSCROLL	179
1159392720145	1	INSTRUCTIONSCROLL	182
1159392720161	1	INSTRUCTIONSCROLL	185
1159392720178	1	INSTRUCTIONSCROLL	189
1159392720195	1	INSTRUCTIONSCROLL	192
1159392720211	1	INSTRUCTIONSCROLL	195
1159392720228	1	INSTRUCTIONSCROLL	199
1159392720245	1	INSTRUCTIONSCROLL	202
1159392720261	1	INSTRUCTIONSCROLL	205
1159392720278	1	INSTRUCTIONSCROLL	209
1159392720295	1	INSTRUCTIONSCROLL	212
1159392720311	1	INSTRUCTIONSCROLL	215
1159392720328	1	INSTRUCTIONSCROLL	219
1159392720345	1	INSTRUCTIONSCROLL	222
1159392720361	1	INSTRUCTIONSCROLL	225
1159392720378	1	INSTRUCTIONSCROLL	229
1159392720395	1	INSTRUCTIONSCROLL	232
1159392720411	1	INSTRUCTIONSCROLL	235
1159392720428	1	INSTRUCTIONSCROLL	239
1159392720445	1	INSTRUCTIONSCROLL	242
1159392720461	1	INSTRUCTIONSCROLL	245
1159392720478	1	INSTRUCTIONSCROLL	249
1159392720495	1	INSTRUCTIONSCROLL	252
1159392720511	1	INSTRUCTIONSCROLL	255
1159392720528	1	INSTRUCTIONSCROLL	259
1159392720545	1	INSTRUCTIONSCROLL	262
1159392720561	1	INSTRUCTIONSCROLL	265
1159392720578	1	INSTRUCTIONSCROLL	268
1159392720595	1	INSTRUCTIONSCROLL	272
1159392720611	1	INSTRUCTIONSCROLL	275
1159392720628	1	INSTRUCTIONSCROLL	278
1159392720645	1	INSTRUCTIONSCROLL	282
1159392720661	1	INSTRUCTIONSCROLL	285
1159392720678	1	INSTRUCTIONSCROLL	288
1159392720695	1	INSTRUCTIONSCROLL	292
1159392720711	1	INSTRUCTIONSCROLL	295
1159392720728	1	INSTRUCTIONSCROLL	298
1159392720745	1	INSTRUCTIONSCROLL	302
1159392720761	1	INSTRUCTIONSCROLL	305
1159392720778	1	INSTRUCTIONSCROLL	308
1159392720795	1	INSTRUCTIONSCROLL	312
1159392720811	1	INSTRUCTIONSCROLL	315
1159392720828	1	INSTRUCTIONSCROLL	318
1159392720845	1	INSTRUCTIONSCROLL	322
1159392720861	1	INSTRUCTIONSCROLL	325
1159392720878	1	INSTRUCTIONSCROLL	328
1159392720895	1	INSTRUCTIONSCROLL	332
1159392720911	1	INSTRUCTIONSCROLL	335
1159392720928	1	INSTRUCTIONSCROLL	338
1159392720943	1	INSTRUCTIONSCROLL	342
1159392720960	1	INSTRUCTIONSCROLL	345
1159392720977	1	INSTRUCTIONSCROLL	348
1159392721011	1	INSTRUCTIONSCROLL	354
1159392721028	1	INSTRUCTIONSCROLL	358
1159392721044	1	INSTRUCTIONSCROLL	362
1159392721061	1	INSTRUCTIONSCROLL	365
1159392721078	1	INSTRUCTIONSCROLL	368
1159392721094	1	INSTRUCTIONSCROLL	372
1159392721111	1	INSTRUCTIONSCROLL	375
1159392721128	1	INSTRUCTIONSCROLL	378
1159392721144	1	INSTRUCTIONSCROLL	382
1159392721161	1	INSTRUCTIONSCROLL	385
1159392721178	1	INSTRUCTIONSCROLL	388
1159392721194	1	INSTRUCTIONSCROLL	392
1159392721211	1	INSTRUCTIONSCROLL	395
1159392721228	1	INSTRUCTIONSCROLL	398
1159392721244	1	INSTRUCTIONSCROLL	402
1159392721261	1	INSTRUCTIONSCROLL	405
1159392721278	1	INSTRUCTIONSCROLL	408
1159392721294	1	INSTRUCTIONSCROLL	412
1159392721311	1	INSTRUCTIONSCROLL	415
1159392721328	1	INSTRUCTIONSCROLL	418
1159392721344	1	INSTRUCTIONSCROLL	422
1159392721361	1	INSTRUCTIONSCROLL	425
1159392721378	1	INSTRUCTIONSCROLL	428
1159392721394	1	INSTRUCTIONSCROLL	432
1159392721411	1	INSTRUCTIONSCROLL	435
1159392721428	1	INSTRUCTIONSCROLL	438
1159392721444	1	INSTRUCTIONSCROLL	442
1159392721461	1	INSTRUCTIONSCROLL	445
1159392721478	1	INSTRUCTIONSCROLL	448
1159392721494	1	INSTRUCTIONSCROLL	452
1159392721511	1	INSTRUCTIONSCROLL	455
1159392721528	1	INSTRUCTIONSCROLL	458
1159392724027	1	INSTRUCTIONSCROLL	459
1159392724043	1	INSTRUCTIONSCROLL	462
1159392724060	1	INSTRUCTIONSCROLL	466
1159392724077	1	INSTRUCTIONSCROLL	469
1159392724093	1	INSTRUCTIONSCROLL	472
1159392724110	1	INSTRUCTIONSCROLL	476
1159392724127	1	INSTRUCTIONSCROLL	479
1159392724143	1	INSTRUCTIONSCROLL	482
1159392724160	1	INSTRUCTIONSCROLL	486
1159392724177	1	INSTRUCTIONSCROLL	489
1159392724193	1	INSTRUCTIONSCROLL	492
1159392724210	1	INSTRUCTIONSCROLL	496
1159392724227	1	INSTRUCTIONSCROLL	499
1159392724243	1	INSTRUCTIONSCROLL	502
1159392724260	1	INSTRUCTIONSCROLL	506
1159392724277	1	INSTRUCTIONSCROLL	509
1159392724293	1	INSTRUCTIONSCROLL	512
1159392724310	1	INSTRUCTIONSCROLL	516
1159392724327	1	INSTRUCTIONSCROLL	519
1159392724343	1	INSTRUCTIONSCROLL	522
1159392724360	1	INSTRUCTIONSCROLL	526
1159392724377	1	INSTRUCTIONSCROLL	529
1159392724393	1	INSTRUCTIONSCROLL	532
1159392724410	1	INSTRUCTIONSCROLL	536
1159392724427	1	INSTRUCTIONSCROLL	539
1159392724443	1	INSTRUCTIONSCROLL	542
1159392724460	1	INSTRUCTIONSCROLL	546
1159392724477	1	INSTRUCTIONSCROLL	549
1159392724493	1	INSTRUCTIONSCROLL	552
1159392724510	1	INSTRUCTIONSCROLL	556
1159392724527	1	INSTRUCTIONSCROLL	559
1159392724543	1	INSTRUCTIONSCROLL	562
1159392724560	1	INSTRUCTIONSCROLL	566
1159392724577	1	INSTRUCTIONSCROLL	569
1159392724593	1	INSTRUCTIONSCROLL	572
1159392724610	1	INSTRUCTIONSCROLL	576
1159392724627	1	INSTRUCTIONSCROLL	579
1159392724643	1	INSTRUCTIONSCROLL	582
1159392724660	1	INSTRUCTIONSCROLL	586
1159392724677	1	INSTRUCTIONSCROLL	589
1159392724693	1	INSTRUCTIONSCROLL	592
1159392724710	1	INSTRUCTIONSCROLL	596
1159392724727	1	INSTRUCTIONSCROLL	599
1159392724743	1	INSTRUCTIONSCROLL	602
1159392724761	1	INSTRUCTIONSCROLL	608
1159392724777	1	INSTRUCTIONSCROLL	609
1159392724793	1	INSTRUCTIONSCROLL	612
1159392724810	1	INSTRUCTIONSCROLL	616
1159392724827	1	INSTRUCTIONSCROLL	619
1159392724843	1	INSTRUCTIONSCROLL	622
1159392724860	1	INSTRUCTIONSCROLL	626
1159392724876	1	INSTRUCTIONSCROLL	629
1159392724893	1	INSTRUCTIONSCROLL	632
1159392724910	1	INSTRUCTIONSCROLL	636
1159392724927	1	INSTRUCTIONSCROLL	639
1159392724942	1	INSTRUCTIONSCROLL	642
1159392724959	1	INSTRUCTIONSCROLL	645
1159392724975	1	INSTRUCTIONSCROLL	649
1159392724992	1	INSTRUCTIONSCROLL	652
1159392725010	1	INSTRUCTIONSCROLL	655
1159392725026	1	INSTRUCTIONSCROLL	659
1159392725043	1	INSTRUCTIONSCROLL	662
1159392725060	1	INSTRUCTIONSCROLL	666
1159392725077	1	INSTRUCTIONSCROLL	669
1159392725093	1	INSTRUCTIONSCROLL	672
1159392725110	1	INSTRUCTIONSCROLL	676
1159392725126	1	INSTRUCTIONSCROLL	679
1159392725143	1	INSTRUCTIONSCROLL	682
1159392725160	1	INSTRUCTIONSCROLL	686
1159392725176	1	INSTRUCTIONSCROLL	689
1159392725193	1	INSTRUCTIONSCROLL	692
1159392725210	1	INSTRUCTIONSCROLL	696
1159392725226	1	INSTRUCTIONSCROLL	699
1159392725243	1	INSTRUCTIONSCROLL	702
1159392725260	1	INSTRUCTIONSCROLL	706
1159392725276	1	INSTRUCTIONSCROLL	709
1159392725293	1	INSTRUCTIONSCROLL	712
1159392725310	1	INSTRUCTIONSCROLL	716
1159392725326	1	INSTRUCTIONSCROLL	719
1159392725343	1	INSTRUCTIONSCROLL	722
1159392725360	1	INSTRUCTIONSCROLL	726
1159392728240	1	INSTRUCTIONSCROLL	727
1159392728245	1	INSTRUCTIONSCROLL	728
1159392728259	1	INSTRUCTIONSCROLL	729
1159392728275	1	INSTRUCTIONSCROLL	731
1159392728292	1	INSTRUCTIONSCROLL	735
1159392728309	1	INSTRUCTIONSCROLL	738
1159392728325	1	INSTRUCTIONSCROLL	741
1159392728342	1	INSTRUCTIONSCROLL	745
1159392728359	1	INSTRUCTIONSCROLL	748
1159392728375	1	INSTRUCTIONSCROLL	751
1159392728392	1	INSTRUCTIONSCROLL	755
1159392728409	1	INSTRUCTIONSCROLL	758
1159392728425	1	INSTRUCTIONSCROLL	761
1159392728442	1	INSTRUCTIONSCROLL	765
1159392728459	1	INSTRUCTIONSCROLL	768
1159392728475	1	INSTRUCTIONSCROLL	771
1159392728492	1	INSTRUCTIONSCROLL	775
1159392728509	1	INSTRUCTIONSCROLL	778
1159392728525	1	INSTRUCTIONSCROLL	781
1159392728542	1	INSTRUCTIONSCROLL	785
1159392728559	1	INSTRUCTIONSCROLL	788
1159392728575	1	INSTRUCTIONSCROLL	791
1159392728592	1	INSTRUCTIONSCROLL	795
1159392728609	1	INSTRUCTIONSCROLL	798
1159392728625	1	INSTRUCTIONSCROLL	801
1159392728642	1	INSTRUCTIONSCROLL	805
1159392729242	1	INSTRUCTIONSCROLL	806
1159392729258	1	INSTRUCTIONSCROLL	810
1159392729275	1	INSTRUCTIONSCROLL	813
1159392729292	1	INSTRUCTIONSCROLL	816
1159392729308	1	INSTRUCTIONSCROLL	820
1159392729325	1	INSTRUCTIONSCROLL	823
1159392729342	1	INSTRUCTIONSCROLL	826
1159392729358	1	INSTRUCTIONSCROLL	830
1159392729375	1	INSTRUCTIONSCROLL	833
1159392729392	1	INSTRUCTIONSCROLL	836
1159392729408	1	INSTRUCTIONSCROLL	840
1159392729425	1	INSTRUCTIONSCROLL	843
1159392729442	1	INSTRUCTIONSCROLL	846
1159392729458	1	INSTRUCTIONSCROLL	850
1159392729475	1	INSTRUCTIONSCROLL	853
1159392729492	1	INSTRUCTIONSCROLL	856
1159392729508	1	INSTRUCTIONSCROLL	860
1159392729525	1	INSTRUCTIONSCROLL	863
1159392729542	1	INSTRUCTIONSCROLL	866
1159392729558	1	INSTRUCTIONSCROLL	870
1159392729575	1	INSTRUCTIONSCROLL	873
1159392729592	1	INSTRUCTIONSCROLL	876
1159392729608	1	INSTRUCTIONSCROLL	880
1159392729625	1	INSTRUCTIONSCROLL	883
1159392729642	1	INSTRUCTIONSCROLL	886
1159392729658	1	INSTRUCTIONSCROLL	890
1159392729675	1	INSTRUCTIONSCROLL	893
1159392729692	1	INSTRUCTIONSCROLL	896
1159392729708	1	INSTRUCTIONSCROLL	900
1159392729725	1	INSTRUCTIONSCROLL	903
1159392729742	1	INSTRUCTIONSCROLL	907
1159392729758	1	INSTRUCTIONSCROLL	910
1159392729775	1	INSTRUCTIONSCROLL	913
1159392729792	1	INSTRUCTIONSCROLL	916
1159392729808	1	INSTRUCTIONSCROLL	920
1159392729825	1	INSTRUCTIONSCROLL	923
1159392729842	1	INSTRUCTIONSCROLL	926
1159392729858	1	INSTRUCTIONSCROLL	930
1159392729875	1	INSTRUCTIONSCROLL	933
1159392729892	1	INSTRUCTIONSCROLL	937
1159392729908	1	INSTRUCTIONSCROLL	940
1159392729925	1	INSTRUCTIONSCROLL	943
1159392729957	1	INSTRUCTIONSCROLL	949
1159392729974	1	INSTRUCTIONSCROLL	953
1159392729990	1	INSTRUCTIONSCROLL	956
1159392730008	1	INSTRUCTIONSCROLL	960
1159392730025	1	INSTRUCTIONSCROLL	963
1159392730041	1	INSTRUCTIONSCROLL	967
1159392730058	1	INSTRUCTIONSCROLL	970
1159392730075	1	INSTRUCTIONSCROLL	973
1159392730091	1	INSTRUCTIONSCROLL	976
1159392730108	1	INSTRUCTIONSCROLL	980
1159392730125	1	INSTRUCTIONSCROLL	983
1159392730141	1	INSTRUCTIONSCROLL	986
1159392730158	1	INSTRUCTIONSCROLL	990
1159392730175	1	INSTRUCTIONSCROLL	993
1159392730192	1	INSTRUCTIONSCROLL	997
1159392730208	1	INSTRUCTIONSCROLL	1000
1159392730225	1	INSTRUCTIONSCROLL	1003
1159392730241	1	INSTRUCTIONSCROLL	1006
1159392730258	1	INSTRUCTIONSCROLL	1010
1159392730275	1	INSTRUCTIONSCROLL	1013
1159392730291	1	INSTRUCTIONSCROLL	1016
1159392730308	1	INSTRUCTIONSCROLL	1020
1159392730325	1	INSTRUCTIONSCROLL	1023
1159392730341	1	INSTRUCTIONSCROLL	1027
1159392730358	1	INSTRUCTIONSCROLL	1030
1159392730375	1	INSTRUCTIONSCROLL	1033
1159392730391	1	INSTRUCTIONSCROLL	1036
1159392730408	1	INSTRUCTIONSCROLL	1040
1159392730425	1	INSTRUCTIONSCROLL	1043
1159392730441	1	INSTRUCTIONSCROLL	1046
1159392730458	1	INSTRUCTIONSCROLL	1050
1159392730475	1	INSTRUCTIONSCROLL	1053
1159392730491	1	INSTRUCTIONSCROLL	1057
1159392730508	1	INSTRUCTIONSCROLL	1060
1159392730525	1	INSTRUCTIONSCROLL	1063
1159392730541	1	INSTRUCTIONSCROLL	1066
1159392730558	1	INSTRUCTIONSCROLL	1070
1159392730575	1	INSTRUCTIONSCROLL	1073
1159392730591	1	INSTRUCTIONSCROLL	1076
1159392730608	1	INSTRUCTIONSCROLL	1080
1159392730625	1	INSTRUCTIONSCROLL	1083
1159392730641	1	INSTRUCTIONSCROLL	1087
1159392730658	1	INSTRUCTIONSCROLL	1090
1159392730675	1	INSTRUCTIONSCROLL	1093
1159392730691	1	INSTRUCTIONSCROLL	1096
1159392730708	1	INSTRUCTIONSCROLL	1100
1159392730741	1	INSTRUCTIONSCROLL	1106
1159392730758	1	INSTRUCTIONSCROLL	1110
1159392730775	1	INSTRUCTIONSCROLL	1113
1159392730791	1	INSTRUCTIONSCROLL	1117
1159392730808	1	INSTRUCTIONSCROLL	1120
1159392730825	1	INSTRUCTIONSCROLL	1123
1159392730841	1	INSTRUCTIONSCROLL	1126
1159392730858	1	INSTRUCTIONSCROLL	1130
1159392730875	1	INSTRUCTIONSCROLL	1133
1159392730891	1	INSTRUCTIONSCROLL	1136
1159392730908	1	INSTRUCTIONSCROLL	1140
1159392730925	1	INSTRUCTIONSCROLL	1143
1159392730940	1	INSTRUCTIONSCROLL	1147
1159392730957	1	INSTRUCTIONSCROLL	1150
1159392730974	1	INSTRUCTIONSCROLL	1153
1159392730990	1	INSTRUCTIONSCROLL	1156
1159392731008	1	INSTRUCTIONSCROLL	1160
1159392731024	1	INSTRUCTIONSCROLL	1163
1159392731041	1	INSTRUCTIONSCROLL	1166
1159392731058	1	INSTRUCTIONSCROLL	1170
1159392731074	1	INSTRUCTIONSCROLL	1173
1159392731091	1	INSTRUCTIONSCROLL	1176
1159392731108	1	INSTRUCTIONSCROLL	1180
1159392731124	1	INSTRUCTIONSCROLL	1183
1159392731141	1	INSTRUCTIONSCROLL	1186
1159392731158	1	INSTRUCTIONSCROLL	1190
1159392731175	1	INSTRUCTIONSCROLL	1193
1159392731191	1	INSTRUCTIONSCROLL	1197
1159392731208	1	INSTRUCTIONSCROLL	1200
1159392731224	1	INSTRUCTIONSCROLL	1203
1159392731241	1	INSTRUCTIONSCROLL	1207
1159392731258	1	INSTRUCTIONSCROLL	1210
1159392731274	1	INSTRUCTIONSCROLL	1213
1159392731291	1	INSTRUCTIONSCROLL	1216
1159392731308	1	INSTRUCTIONSCROLL	1220
1159392731324	1	INSTRUCTIONSCROLL	1223
1159392731341	1	INSTRUCTIONSCROLL	1226
1159392731358	1	INSTRUCTIONSCROLL	1230
1159392731374	1	INSTRUCTIONSCROLL	1233
1159392731391	1	INSTRUCTIONSCROLL	1237
1159392731408	1	INSTRUCTIONSCROLL	1240
1159392731424	1	INSTRUCTIONSCROLL	1243
1159392731441	1	INSTRUCTIONSCROLL	1246
1159392731458	1	INSTRUCTIONSCROLL	1250
1159392731474	1	INSTRUCTIONSCROLL	1253
1159392731491	1	INSTRUCTIONSCROLL	1256
1159392731508	1	INSTRUCTIONSCROLL	1260
1159392731541	1	INSTRUCTIONSCROLL	1265
1159392731558	1	INSTRUCTIONSCROLL	1270
1159392731574	1	INSTRUCTIONSCROLL	1273
1159392731591	1	INSTRUCTIONSCROLL	1276
1159392731608	1	INSTRUCTIONSCROLL	1280
1159392731624	1	INSTRUCTIONSCROLL	1283
1159392731641	1	INSTRUCTIONSCROLL	1286
1159392731658	1	INSTRUCTIONSCROLL	1290
1159392731674	1	INSTRUCTIONSCROLL	1293
1159392731691	1	INSTRUCTIONSCROLL	1296
1159392731708	1	INSTRUCTIONSCROLL	1300
1159392731724	1	INSTRUCTIONSCROLL	1303
1159392731741	1	INSTRUCTIONSCROLL	1306
1159392731758	1	INSTRUCTIONSCROLL	1310
1159392731774	1	INSTRUCTIONSCROLL	1313
1159392731791	1	INSTRUCTIONSCROLL	1316
1159392731808	1	INSTRUCTIONSCROLL	1320
1159392731824	1	INSTRUCTIONSCROLL	1323
1159392731841	1	INSTRUCTIONSCROLL	1326
1159392731858	1	INSTRUCTIONSCROLL	1330
1159392731874	1	INSTRUCTIONSCROLL	1333
1159392731891	1	INSTRUCTIONSCROLL	1336
1159392731908	1	INSTRUCTIONSCROLL	1340
1159392731924	1	INSTRUCTIONSCROLL	1343
1159392731940	1	INSTRUCTIONSCROLL	1346
1159392731957	1	INSTRUCTIONSCROLL	1350
1159392731973	1	INSTRUCTIONSCROLL	1353
1159392731990	1	INSTRUCTIONSCROLL	1356
1159392732007	1	INSTRUCTIONSCROLL	1359
1159392732024	1	INSTRUCTIONSCROLL	1363
1159392732041	1	INSTRUCTIONSCROLL	1366
1159392732058	1	INSTRUCTIONSCROLL	1370
1159392732074	1	INSTRUCTIONSCROLL	1373
1159392732091	1	INSTRUCTIONSCROLL	1376
1159392732107	1	INSTRUCTIONSCROLL	1380
1159392732124	1	INSTRUCTIONSCROLL	1383
1159392732141	1	INSTRUCTIONSCROLL	1386
1159392732158	1	INSTRUCTIONSCROLL	1390
1159392732174	1	INSTRUCTIONSCROLL	1393
1159392732191	1	INSTRUCTIONSCROLL	1396
1159392732207	1	INSTRUCTIONSCROLL	1400
1159392732224	1	INSTRUCTIONSCROLL	1403
1159392732241	1	INSTRUCTIONSCROLL	1406
1159392732257	1	INSTRUCTIONSCROLL	1410
1159392732274	1	INSTRUCTIONSCROLL	1413
1159392732291	1	INSTRUCTIONSCROLL	1416
1159392732307	1	INSTRUCTIONSCROLL	1420
1159392732324	1	INSTRUCTIONSCROLL	1423
1159392732341	1	INSTRUCTIONSCROLL	1426
1159392732357	1	INSTRUCTIONSCROLL	1430
1159392732374	1	INSTRUCTIONSCROLL	1433
1159392732391	1	INSTRUCTIONSCROLL	1436
1159392732407	1	INSTRUCTIONSCROLL	1440
1159392732424	1	INSTRUCTIONSCROLL	1443
1159392732441	1	INSTRUCTIONSCROLL	1446
1159392732457	1	INSTRUCTIONSCROLL	1450
1159392732474	1	INSTRUCTIONSCROLL	1453
1159392732491	1	INSTRUCTIONSCROLL	1456
1159392732507	1	INSTRUCTIONSCROLL	1460
1159392732524	1	INSTRUCTIONSCROLL	1463
1159392732541	1	INSTRUCTIONSCROLL	1466
1159392732557	1	INSTRUCTIONSCROLL	1470
1159392732574	1	INSTRUCTIONSCROLL	1473
1159392732591	1	INSTRUCTIONSCROLL	1476
1159392736773	1	INSTRUCTIONSCROLL	1477
1159392736789	1	INSTRUCTIONSCROLL	1479
1159392736806	1	INSTRUCTIONSCROLL	1482
1159392736823	1	INSTRUCTIONSCROLL	1486
1159392736839	1	INSTRUCTIONSCROLL	1489
1159392736856	1	INSTRUCTIONSCROLL	1492
1159392736872	1	INSTRUCTIONSCROLL	1496
1159392736889	1	INSTRUCTIONSCROLL	1499
1159392736906	1	INSTRUCTIONSCROLL	1502
1159392736923	1	INSTRUCTIONSCROLL	1506
1159392736939	1	INSTRUCTIONSCROLL	1509
1159392736955	1	INSTRUCTIONSCROLL	1512
1159392736971	1	INSTRUCTIONSCROLL	1515
1159392736988	1	INSTRUCTIONSCROLL	1519
1159392737006	1	INSTRUCTIONSCROLL	1522
1159392737022	1	INSTRUCTIONSCROLL	1526
1159392737039	1	INSTRUCTIONSCROLL	1529
1159392737056	1	INSTRUCTIONSCROLL	1532
1159392737072	1	INSTRUCTIONSCROLL	1536
1159392737089	1	INSTRUCTIONSCROLL	1539
1159392737106	1	INSTRUCTIONSCROLL	1542
1159392737122	1	INSTRUCTIONSCROLL	1546
1159392737139	1	INSTRUCTIONSCROLL	1549
1159392737156	1	INSTRUCTIONSCROLL	1552
1159392737172	1	INSTRUCTIONSCROLL	1556
1159392737189	1	INSTRUCTIONSCROLL	1559
1159392737206	1	INSTRUCTIONSCROLL	1562
1159392737222	1	INSTRUCTIONSCROLL	1566
1159392737239	1	INSTRUCTIONSCROLL	1569
1159392737256	1	INSTRUCTIONSCROLL	1572
1159392737272	1	INSTRUCTIONSCROLL	1576
1159392737289	1	INSTRUCTIONSCROLL	1579
1159392737306	1	INSTRUCTIONSCROLL	1582
1159392737322	1	INSTRUCTIONSCROLL	1586
1159392737339	1	INSTRUCTIONSCROLL	1589
1159392737356	1	INSTRUCTIONSCROLL	1592
1159392737372	1	INSTRUCTIONSCROLL	1596
1159392737389	1	INSTRUCTIONSCROLL	1599
1159392737406	1	INSTRUCTIONSCROLL	1602
1159392737422	1	INSTRUCTIONSCROLL	1606
1159392737439	1	INSTRUCTIONSCROLL	1609
1159392737456	1	INSTRUCTIONSCROLL	1612
1159392737472	1	INSTRUCTIONSCROLL	1616
1159392737489	1	INSTRUCTIONSCROLL	1619
1159392737506	1	INSTRUCTIONSCROLL	1622
1159392737522	1	INSTRUCTIONSCROLL	1626
1159392737539	1	INSTRUCTIONSCROLL	1629
1159392737556	1	INSTRUCTIONSCROLL	1632
1159392737572	1	INSTRUCTIONSCROLL	1636
1159392737589	1	INSTRUCTIONSCROLL	1639
1159392737606	1	INSTRUCTIONSCROLL	1642
1159392737622	1	INSTRUCTIONSCROLL	1646
1159392737639	1	INSTRUCTIONSCROLL	1649
1159392737656	1	INSTRUCTIONSCROLL	1652
1159392737672	1	INSTRUCTIONSCROLL	1656
1159392737689	1	INSTRUCTIONSCROLL	1659
1159392737706	1	INSTRUCTIONSCROLL	1662
1159392737722	1	INSTRUCTIONSCROLL	1666
1159392737739	1	INSTRUCTIONSCROLL	1669
1159392737772	1	INSTRUCTIONSCROLL	1675
1159392737789	1	INSTRUCTIONSCROLL	1679
1159392737806	1	INSTRUCTIONSCROLL	1682
1159392737822	1	INSTRUCTIONSCROLL	1686
1159392737839	1	INSTRUCTIONSCROLL	1689
1159392737856	1	INSTRUCTIONSCROLL	1692
1159392737872	1	INSTRUCTIONSCROLL	1696
1159392737889	1	INSTRUCTIONSCROLL	1699
1159392737906	1	INSTRUCTIONSCROLL	1702
1159392737922	1	INSTRUCTIONSCROLL	1706
1159392737939	1	INSTRUCTIONSCROLL	1709
1159392737955	1	INSTRUCTIONSCROLL	1712
1159392737971	1	INSTRUCTIONSCROLL	1716
1159392737988	1	INSTRUCTIONSCROLL	1719
1159392738005	1	INSTRUCTIONSCROLL	1722
1159392738022	1	INSTRUCTIONSCROLL	1726
1159392738039	1	INSTRUCTIONSCROLL	1729
1159392738055	1	INSTRUCTIONSCROLL	1732
1159392738072	1	INSTRUCTIONSCROLL	1736
1159392738089	1	INSTRUCTIONSCROLL	1739
1159392738105	1	INSTRUCTIONSCROLL	1742
1159392738122	1	INSTRUCTIONSCROLL	1746
1159392738139	1	INSTRUCTIONSCROLL	1749
1159392738155	1	INSTRUCTIONSCROLL	1752
1159392738172	1	INSTRUCTIONSCROLL	1756
1159392738189	1	INSTRUCTIONSCROLL	1759
1159392738206	1	INSTRUCTIONSCROLL	1762
1159392738222	1	INSTRUCTIONSCROLL	1766
1159392738239	1	INSTRUCTIONSCROLL	1769
1159392738255	1	INSTRUCTIONSCROLL	1772
1159392738272	1	INSTRUCTIONSCROLL	1776
1159392738289	1	INSTRUCTIONSCROLL	1779
1159392738305	1	INSTRUCTIONSCROLL	1782
1159392738322	1	INSTRUCTIONSCROLL	1786
1159392738339	1	INSTRUCTIONSCROLL	1789
1159392738355	1	INSTRUCTIONSCROLL	1792
1159392738372	1	INSTRUCTIONSCROLL	1796
1159392738389	1	INSTRUCTIONSCROLL	1799
1159392738405	1	INSTRUCTIONSCROLL	1802
1159392738422	1	INSTRUCTIONSCROLL	1806
1159392738439	1	INSTRUCTIONSCROLL	1809
1159392738455	1	INSTRUCTIONSCROLL	1812
1159392738472	1	INSTRUCTIONSCROLL	1816
1159392738489	1	INSTRUCTIONSCROLL	1819
1159392738505	1	INSTRUCTIONSCROLL	1822
1159392738522	1	INSTRUCTIONSCROLL	1826
1159392738539	1	INSTRUCTIONSCROLL	1829
1159392738555	1	INSTRUCTIONSCROLL	1832
1159392738572	1	INSTRUCTIONSCROLL	1836
1159392738589	1	INSTRUCTIONSCROLL	1839
1159392738622	1	INSTRUCTIONSCROLL	1845
1159392738639	1	INSTRUCTIONSCROLL	1849
1159392738655	1	INSTRUCTIONSCROLL	1852
1159392738672	1	INSTRUCTIONSCROLL	1856
1159392738689	1	INSTRUCTIONSCROLL	1859
1159392738705	1	INSTRUCTIONSCROLL	1862
1159392738722	1	INSTRUCTIONSCROLL	1866
1159392738739	1	INSTRUCTIONSCROLL	1869
1159392738755	1	INSTRUCTIONSCROLL	1872
1159392738772	1	INSTRUCTIONSCROLL	1876
1159392738789	1	INSTRUCTIONSCROLL	1879
1159392738805	1	INSTRUCTIONSCROLL	1882
1159392738822	1	INSTRUCTIONSCROLL	1886
1159392738839	1	INSTRUCTIONSCROLL	1889
1159392738855	1	INSTRUCTIONSCROLL	1892
1159392738872	1	INSTRUCTIONSCROLL	1896
1159392738889	1	INSTRUCTIONSCROLL	1899
1159392738905	1	INSTRUCTIONSCROLL	1902
1159392738922	1	INSTRUCTIONSCROLL	1906
1159392738939	1	INSTRUCTIONSCROLL	1909
1159392738954	1	INSTRUCTIONSCROLL	1912
1159392738971	1	INSTRUCTIONSCROLL	1915
1159392738988	1	INSTRUCTIONSCROLL	1919
1159392739005	1	INSTRUCTIONSCROLL	1922
1159392739022	1	INSTRUCTIONSCROLL	1926
1159392739038	1	INSTRUCTIONSCROLL	1929
1159392739055	1	INSTRUCTIONSCROLL	1932
1159392739072	1	INSTRUCTIONSCROLL	1936
1159392739088	1	INSTRUCTIONSCROLL	1939
1159392739105	1	INSTRUCTIONSCROLL	1942
1159392739122	1	INSTRUCTIONSCROLL	1946
1159392739138	1	INSTRUCTIONSCROLL	1949
1159392739155	1	INSTRUCTIONSCROLL	1952
1159392739172	1	INSTRUCTIONSCROLL	1956
1159392739188	1	INSTRUCTIONSCROLL	1959
1159392739205	1	INSTRUCTIONSCROLL	1962
1159392739222	1	INSTRUCTIONSCROLL	1966
1159392739238	1	INSTRUCTIONSCROLL	1969
1159392746186	1	INSTRUCTIONSCROLL	1970
1159392746203	1	INSTRUCTIONSCROLL	1973
1159392746219	1	INSTRUCTIONSCROLL	1976
1159392746236	1	INSTRUCTIONSCROLL	1979
1159392746253	1	INSTRUCTIONSCROLL	1983
1159392746269	1	INSTRUCTIONSCROLL	1986
1159392746286	1	INSTRUCTIONSCROLL	1989
1159392746303	1	INSTRUCTIONSCROLL	1993
1159392746319	1	INSTRUCTIONSCROLL	1996
1159392746336	1	INSTRUCTIONSCROLL	1999
1159392746353	1	INSTRUCTIONSCROLL	2003
1159392746369	1	INSTRUCTIONSCROLL	2006
1159392746386	1	INSTRUCTIONSCROLL	2009
1159392746403	1	INSTRUCTIONSCROLL	2013
1159392746419	1	INSTRUCTIONSCROLL	2016
1159392746436	1	INSTRUCTIONSCROLL	2019
1159392746453	1	INSTRUCTIONSCROLL	2023
1159392746469	1	INSTRUCTIONSCROLL	2026
1159392746486	1	INSTRUCTIONSCROLL	2029
1159392746503	1	INSTRUCTIONSCROLL	2033
1159392746519	1	INSTRUCTIONSCROLL	2036
1159392746536	1	INSTRUCTIONSCROLL	2039
1159392746553	1	INSTRUCTIONSCROLL	2043
1159392746569	1	INSTRUCTIONSCROLL	2046
1159392746586	1	INSTRUCTIONSCROLL	2049
1159392746603	1	INSTRUCTIONSCROLL	2053
1159392746619	1	INSTRUCTIONSCROLL	2056
1159392746636	1	INSTRUCTIONSCROLL	2059
1159392746653	1	INSTRUCTIONSCROLL	2063
1159392746669	1	INSTRUCTIONSCROLL	2066
1159392746686	1	INSTRUCTIONSCROLL	2069
1159392746703	1	INSTRUCTIONSCROLL	2073
1159392746719	1	INSTRUCTIONSCROLL	2076
1159392746736	1	INSTRUCTIONSCROLL	2079
1159392746753	1	INSTRUCTIONSCROLL	2083
1159392746769	1	INSTRUCTIONSCROLL	2086
1159392746786	1	INSTRUCTIONSCROLL	2089
1159392746803	1	INSTRUCTIONSCROLL	2093
1159392746819	1	INSTRUCTIONSCROLL	2096
1159392746836	1	INSTRUCTIONSCROLL	2099
1159392746853	1	INSTRUCTIONSCROLL	2103
1159392746869	1	INSTRUCTIONSCROLL	2106
1159392746886	1	INSTRUCTIONSCROLL	2109
1159392746903	1	INSTRUCTIONSCROLL	2113
1159392746919	1	INSTRUCTIONSCROLL	2116
1159392746936	1	INSTRUCTIONSCROLL	2119
1159392746952	1	INSTRUCTIONSCROLL	2123
1159392746968	1	INSTRUCTIONSCROLL	2126
1159392746985	1	INSTRUCTIONSCROLL	2129
1159392747003	1	INSTRUCTIONSCROLL	2132
1159392747019	1	INSTRUCTIONSCROLL	2136
1159392747036	1	INSTRUCTIONSCROLL	2139
1159392747053	1	INSTRUCTIONSCROLL	2143
1159392747069	1	INSTRUCTIONSCROLL	2146
1159392747086	1	INSTRUCTIONSCROLL	2149
1159392747103	1	INSTRUCTIONSCROLL	2153
1159392747119	1	INSTRUCTIONSCROLL	2156
1159392747136	1	INSTRUCTIONSCROLL	2159
1159392747153	1	INSTRUCTIONSCROLL	2163
1159392747169	1	INSTRUCTIONSCROLL	2166
1159392747186	1	INSTRUCTIONSCROLL	2169
1159392747202	1	INSTRUCTIONSCROLL	2173
1159392747219	1	INSTRUCTIONSCROLL	2176
1159392747236	1	INSTRUCTIONSCROLL	2179
1159392747252	1	INSTRUCTIONSCROLL	2183
1159392747269	1	INSTRUCTIONSCROLL	2186
1159392747286	1	INSTRUCTIONSCROLL	2189
1159392747304	1	INSTRUCTIONSCROLL	2195
1159392747319	1	INSTRUCTIONSCROLL	2196
1159392747336	1	INSTRUCTIONSCROLL	2199
1159392747352	1	INSTRUCTIONSCROLL	2203
1159392747369	1	INSTRUCTIONSCROLL	2206
1159392747386	1	INSTRUCTIONSCROLL	2209
1159392747402	1	INSTRUCTIONSCROLL	2213
1159392747419	1	INSTRUCTIONSCROLL	2216
1159392747436	1	INSTRUCTIONSCROLL	2219
1159392747452	1	INSTRUCTIONSCROLL	2223
1159392747469	1	INSTRUCTIONSCROLL	2226
1159392747486	1	INSTRUCTIONSCROLL	2229
1159392747502	1	INSTRUCTIONSCROLL	2233
1159392747519	1	INSTRUCTIONSCROLL	2236
1159392747536	1	INSTRUCTIONSCROLL	2239
1159392747552	1	INSTRUCTIONSCROLL	2243
1159392747569	1	INSTRUCTIONSCROLL	2246
1159392747586	1	INSTRUCTIONSCROLL	2249
1159392747602	1	INSTRUCTIONSCROLL	2253
1159392747619	1	INSTRUCTIONSCROLL	2256
1159392747636	1	INSTRUCTIONSCROLL	2259
1159392747652	1	INSTRUCTIONSCROLL	2263
1159392747669	1	INSTRUCTIONSCROLL	2266
1159392747686	1	INSTRUCTIONSCROLL	2269
1159392747702	1	INSTRUCTIONSCROLL	2273
1159392747719	1	INSTRUCTIONSCROLL	2276
1159392747736	1	INSTRUCTIONSCROLL	2279
1159392747752	1	INSTRUCTIONSCROLL	2283
1159392747769	1	INSTRUCTIONSCROLL	2286
1159392747786	1	INSTRUCTIONSCROLL	2289
1159392747802	1	INSTRUCTIONSCROLL	2293
1159392747819	1	INSTRUCTIONSCROLL	2296
1159392747836	1	INSTRUCTIONSCROLL	2299
1159392747852	1	INSTRUCTIONSCROLL	2303
1159392747869	1	INSTRUCTIONSCROLL	2306
1159392747886	1	INSTRUCTIONSCROLL	2309
1159392747902	1	INSTRUCTIONSCROLL	2313
1159392747919	1	INSTRUCTIONSCROLL	2316
1159392747936	1	INSTRUCTIONSCROLL	2319
1159392747951	1	INSTRUCTIONSCROLL	2323
1159392747968	1	INSTRUCTIONSCROLL	2326
1159392747985	1	INSTRUCTIONSCROLL	2329
1159392748002	1	INSTRUCTIONSCROLL	2332
1159392748019	1	INSTRUCTIONSCROLL	2336
1159392748036	1	INSTRUCTIONSCROLL	2339
1159392748052	1	INSTRUCTIONSCROLL	2343
1159392748069	1	INSTRUCTIONSCROLL	2346
1159392748086	1	INSTRUCTIONSCROLL	2349
1159392748102	1	INSTRUCTIONSCROLL	2353
1159392748119	1	INSTRUCTIONSCROLL	2356
1159392748136	1	INSTRUCTIONSCROLL	2359
1159392748152	1	INSTRUCTIONSCROLL	2363
1159392748169	1	INSTRUCTIONSCROLL	2366
1159392748185	1	INSTRUCTIONSCROLL	2369
1159392748202	1	INSTRUCTIONSCROLL	2373
1159392748219	1	INSTRUCTIONSCROLL	2376
1159392748235	1	INSTRUCTIONSCROLL	2379
1159392748252	1	INSTRUCTIONSCROLL	2383
1159392748269	1	INSTRUCTIONSCROLL	2386
1159392748285	1	INSTRUCTIONSCROLL	2389
1159392748302	1	INSTRUCTIONSCROLL	2393
1159392748319	1	INSTRUCTIONSCROLL	2396
1159392748335	1	INSTRUCTIONSCROLL	2399
1159392748352	1	INSTRUCTIONSCROLL	2403
1159392748369	1	INSTRUCTIONSCROLL	2406
1159392748385	1	INSTRUCTIONSCROLL	2409
1159392748402	1	INSTRUCTIONSCROLL	2413
1159392748419	1	INSTRUCTIONSCROLL	2416
1159392748452	1	INSTRUCTIONSCROLL	2422
1159392748469	1	INSTRUCTIONSCROLL	2426
1159392748485	1	INSTRUCTIONSCROLL	2429
1159392748502	1	INSTRUCTIONSCROLL	2433
1159392748519	1	INSTRUCTIONSCROLL	2436
1159392748535	1	INSTRUCTIONSCROLL	2439
1159392748552	1	INSTRUCTIONSCROLL	2443
1159392748569	1	INSTRUCTIONSCROLL	2446
1159392748585	1	INSTRUCTIONSCROLL	2449
1159392748602	1	INSTRUCTIONSCROLL	2453
1159392748619	1	INSTRUCTIONSCROLL	2456
1159392748635	1	INSTRUCTIONSCROLL	2459
1159392748652	1	INSTRUCTIONSCROLL	2463
1159392748669	1	INSTRUCTIONSCROLL	2466
1159392748685	1	INSTRUCTIONSCROLL	2469
1159392748702	1	INSTRUCTIONSCROLL	2473
1159392748719	1	INSTRUCTIONSCROLL	2476
1159392748735	1	INSTRUCTIONSCROLL	2479
1159392748752	1	INSTRUCTIONSCROLL	2483
1159392748769	1	INSTRUCTIONSCROLL	2486
1159392748785	1	INSTRUCTIONSCROLL	2489
1159392748802	1	INSTRUCTIONSCROLL	2493
1159392748819	1	INSTRUCTIONSCROLL	2496
1159392748835	1	INSTRUCTIONSCROLL	2499
1159392748852	1	INSTRUCTIONSCROLL	2503
1159392748869	1	INSTRUCTIONSCROLL	2506
1159392748885	1	INSTRUCTIONSCROLL	2509
1159392748902	1	INSTRUCTIONSCROLL	2513
1159392748919	1	INSTRUCTIONSCROLL	2516
1159392748935	1	INSTRUCTIONSCROLL	2519
1159392748951	1	INSTRUCTIONSCROLL	2523
1159392748968	1	INSTRUCTIONSCROLL	2526
1159392748984	1	INSTRUCTIONSCROLL	2529
1159392749002	1	INSTRUCTIONSCROLL	2532
1159392749019	1	INSTRUCTIONSCROLL	2536
1159392749035	1	INSTRUCTIONSCROLL	2539
1159392749052	1	INSTRUCTIONSCROLL	2543
1159392749069	1	INSTRUCTIONSCROLL	2546
1159392749085	1	INSTRUCTIONSCROLL	2549
1159392749102	1	INSTRUCTIONSCROLL	2553
1159392749119	1	INSTRUCTIONSCROLL	2556
1159392749135	1	INSTRUCTIONSCROLL	2559
1159392749152	1	INSTRUCTIONSCROLL	2563
1159392749168	1	INSTRUCTIONSCROLL	2566
1159392749185	1	INSTRUCTIONSCROLL	2569
1159392749202	1	INSTRUCTIONSCROLL	2573
1159392749218	1	INSTRUCTIONSCROLL	2576
1159392749235	1	INSTRUCTIONSCROLL	2579
1159392749252	1	INSTRUCTIONSCROLL	2583
1159392749269	1	INSTRUCTIONSCROLL	2586
1159392749285	1	INSTRUCTIONSCROLL	2589
1159392749302	1	INSTRUCTIONSCROLL	2593
1159392749318	1	INSTRUCTIONSCROLL	2596
1159392749335	1	INSTRUCTIONSCROLL	2599
1159392749352	1	INSTRUCTIONSCROLL	2603
1159392749368	1	INSTRUCTIONSCROLL	2606
1159392749385	1	INSTRUCTIONSCROLL	2609
1159392749402	1	INSTRUCTIONSCROLL	2613
1159392749418	1	INSTRUCTIONSCROLL	2616
1159392749435	1	INSTRUCTIONSCROLL	2619
1159392749468	1	INSTRUCTIONSCROLL	2625
1159392749485	1	INSTRUCTIONSCROLL	2629
1159392749502	1	INSTRUCTIONSCROLL	2633
1159392749518	1	INSTRUCTIONSCROLL	2636
1159392749535	1	INSTRUCTIONSCROLL	2639
1159392749552	1	INSTRUCTIONSCROLL	2643
1159392749568	1	INSTRUCTIONSCROLL	2646
1159392749585	1	INSTRUCTIONSCROLL	2649
1159392749602	1	INSTRUCTIONSCROLL	2653
1159392749618	1	INSTRUCTIONSCROLL	2656
1159392749635	1	INSTRUCTIONSCROLL	2659
1159392749652	1	INSTRUCTIONSCROLL	2662
1159392749668	1	INSTRUCTIONSCROLL	2666
1159392749685	1	INSTRUCTIONSCROLL	2669
1159392749702	1	INSTRUCTIONSCROLL	2673
1159392749718	1	INSTRUCTIONSCROLL	2676
1159392749735	1	INSTRUCTIONSCROLL	2679
1159392749752	1	INSTRUCTIONSCROLL	2683
1159392749768	1	INSTRUCTIONSCROLL	2686
1159392749785	1	INSTRUCTIONSCROLL	2689
1159392749802	1	INSTRUCTIONSCROLL	2692
1159392749818	1	INSTRUCTIONSCROLL	2696
1159392749835	1	INSTRUCTIONSCROLL	2699
1159392749852	1	INSTRUCTIONSCROLL	2703
1159392749868	1	INSTRUCTIONSCROLL	2706
1159392749885	1	INSTRUCTIONSCROLL	2709
1159392756849	1	INSTRUCTIONSCROLL	2710
1159392756866	1	INSTRUCTIONSCROLL	2711
1159392756883	1	INSTRUCTIONSCROLL	2715
1159392756899	1	INSTRUCTIONSCROLL	2718
1159392756916	1	INSTRUCTIONSCROLL	2721
1159392756933	1	INSTRUCTIONSCROLL	2725
1159392756948	1	INSTRUCTIONSCROLL	2728
1159392756965	1	INSTRUCTIONSCROLL	2731
1159392756982	1	INSTRUCTIONSCROLL	2734
1159392756998	1	INSTRUCTIONSCROLL	2738
1159392757016	1	INSTRUCTIONSCROLL	2744
1159392757033	1	INSTRUCTIONSCROLL	2745
1159392757049	1	INSTRUCTIONSCROLL	2748
1159392757066	1	INSTRUCTIONSCROLL	2751
1159392757083	1	INSTRUCTIONSCROLL	2755
1159392757099	1	INSTRUCTIONSCROLL	2758
1159392757116	1	INSTRUCTIONSCROLL	2761
1159392757132	1	INSTRUCTIONSCROLL	2765
1159392757149	1	INSTRUCTIONSCROLL	2768
1159392757166	1	INSTRUCTIONSCROLL	2771
1159392757182	1	INSTRUCTIONSCROLL	2775
1159392757199	1	INSTRUCTIONSCROLL	2778
1159392757216	1	INSTRUCTIONSCROLL	2781
1159392757232	1	INSTRUCTIONSCROLL	2785
1159392757249	1	INSTRUCTIONSCROLL	2788
1159392757266	1	INSTRUCTIONSCROLL	2791
1159392757282	1	INSTRUCTIONSCROLL	2795
1159392757299	1	INSTRUCTIONSCROLL	2798
1159392757316	1	INSTRUCTIONSCROLL	2801
1159392757332	1	INSTRUCTIONSCROLL	2805
1159392757349	1	INSTRUCTIONSCROLL	2808
1159392757366	1	INSTRUCTIONSCROLL	2811
1159392757382	1	INSTRUCTIONSCROLL	2815
1159392757399	1	INSTRUCTIONSCROLL	2818
1159392757416	1	INSTRUCTIONSCROLL	2821
1159392757432	1	INSTRUCTIONSCROLL	2825
1159392757449	1	INSTRUCTIONSCROLL	2828
1159392757466	1	INSTRUCTIONSCROLL	2831
1159392757482	1	INSTRUCTIONSCROLL	2835
1159392757499	1	INSTRUCTIONSCROLL	2838
1159392757516	1	INSTRUCTIONSCROLL	2841
1159392757532	1	INSTRUCTIONSCROLL	2845
1159392757549	1	INSTRUCTIONSCROLL	2848
1159392757566	1	INSTRUCTIONSCROLL	2851
1159392757582	1	INSTRUCTIONSCROLL	2855
1159392757599	1	INSTRUCTIONSCROLL	2858
1159392757616	1	INSTRUCTIONSCROLL	2861
1159392757632	1	INSTRUCTIONSCROLL	2865
1159392757649	1	INSTRUCTIONSCROLL	2868
1159392757666	1	INSTRUCTIONSCROLL	2871
1159392757682	1	INSTRUCTIONSCROLL	2875
1159392757699	1	INSTRUCTIONSCROLL	2878
1159392757716	1	INSTRUCTIONSCROLL	2881
1159392757732	1	INSTRUCTIONSCROLL	2885
1159392757749	1	INSTRUCTIONSCROLL	2888
1159392757766	1	INSTRUCTIONSCROLL	2891
1159392757782	1	INSTRUCTIONSCROLL	2895
1159392757799	1	INSTRUCTIONSCROLL	2898
1159392757816	1	INSTRUCTIONSCROLL	2901
1159392757832	1	INSTRUCTIONSCROLL	2905
1159392757849	1	INSTRUCTIONSCROLL	2908
1159392757866	1	INSTRUCTIONSCROLL	2911
1159392757882	1	INSTRUCTIONSCROLL	2915
1159392757899	1	INSTRUCTIONSCROLL	2918
1159392757916	1	INSTRUCTIONSCROLL	2921
1159392757932	1	INSTRUCTIONSCROLL	2925
1159392757948	1	INSTRUCTIONSCROLL	2928
1159392757965	1	INSTRUCTIONSCROLL	2931
1159392757981	1	INSTRUCTIONSCROLL	2934
1159392757998	1	INSTRUCTIONSCROLL	2938
1159392758016	1	INSTRUCTIONSCROLL	2941
1159392758032	1	INSTRUCTIONSCROLL	2945
1159392758049	1	INSTRUCTIONSCROLL	2948
1159392758082	1	INSTRUCTIONSCROLL	2954
1159392758099	1	INSTRUCTIONSCROLL	2958
1159392758116	1	INSTRUCTIONSCROLL	2961
1159392758132	1	INSTRUCTIONSCROLL	2965
1159392758149	1	INSTRUCTIONSCROLL	2968
1159392758166	1	INSTRUCTIONSCROLL	2971
1159392758182	1	INSTRUCTIONSCROLL	2975
1159392758199	1	INSTRUCTIONSCROLL	2978
1159392758216	1	INSTRUCTIONSCROLL	2981
1159392758232	1	INSTRUCTIONSCROLL	2985
1159392758249	1	INSTRUCTIONSCROLL	2988
1159392758266	1	INSTRUCTIONSCROLL	2991
1159392758282	1	INSTRUCTIONSCROLL	2995
1159392758299	1	INSTRUCTIONSCROLL	2998
1159392758315	1	INSTRUCTIONSCROLL	3001
1159392758332	1	INSTRUCTIONSCROLL	3005
1159392758349	1	INSTRUCTIONSCROLL	3008
1159392758365	1	INSTRUCTIONSCROLL	3011
1159392758382	1	INSTRUCTIONSCROLL	3015
1159392758399	1	INSTRUCTIONSCROLL	3018
1159392758415	1	INSTRUCTIONSCROLL	3021
1159392758432	1	INSTRUCTIONSCROLL	3025
1159392758449	1	INSTRUCTIONSCROLL	3028
1159392758465	1	INSTRUCTIONSCROLL	3031
1159392758482	1	INSTRUCTIONSCROLL	3035
1159392758499	1	INSTRUCTIONSCROLL	3038
1159392758515	1	INSTRUCTIONSCROLL	3041
1159392758532	1	INSTRUCTIONSCROLL	3045
1159392758549	1	INSTRUCTIONSCROLL	3048
1159392758565	1	INSTRUCTIONSCROLL	3051
1159392758582	1	INSTRUCTIONSCROLL	3055
1159392758599	1	INSTRUCTIONSCROLL	3058
1159392758615	1	INSTRUCTIONSCROLL	3061
1159392758632	1	INSTRUCTIONSCROLL	3065
1159392758649	1	INSTRUCTIONSCROLL	3068
1159392758665	1	INSTRUCTIONSCROLL	3071
1159392758682	1	INSTRUCTIONSCROLL	3075
1159392758699	1	INSTRUCTIONSCROLL	3078
1159392758715	1	INSTRUCTIONSCROLL	3081
1159392758732	1	INSTRUCTIONSCROLL	3085
1159392758749	1	INSTRUCTIONSCROLL	3088
1159392758765	1	INSTRUCTIONSCROLL	3091
1159392758782	1	INSTRUCTIONSCROLL	3095
1159392758799	1	INSTRUCTIONSCROLL	3098
1159392758815	1	INSTRUCTIONSCROLL	3101
1159392758832	1	INSTRUCTIONSCROLL	3105
1159392758849	1	INSTRUCTIONSCROLL	3108
1159392758865	1	INSTRUCTIONSCROLL	3111
1159392758882	1	INSTRUCTIONSCROLL	3115
1159392758899	1	INSTRUCTIONSCROLL	3118
1159392758915	1	INSTRUCTIONSCROLL	3121
1159392758932	1	INSTRUCTIONSCROLL	3125
1159392758948	1	INSTRUCTIONSCROLL	3128
1159392758971	1	INSTRUCTIONSCROLL	3134
1159392758981	1	INSTRUCTIONSCROLL	3136
1159392758998	1	INSTRUCTIONSCROLL	3138
1159392759015	1	INSTRUCTIONSCROLL	3141
1159392759032	1	INSTRUCTIONSCROLL	3145
1159392759048	1	INSTRUCTIONSCROLL	3148
1159392759065	1	INSTRUCTIONSCROLL	3151
1159392759082	1	INSTRUCTIONSCROLL	3155
1159392759099	1	INSTRUCTIONSCROLL	3158
1159392759115	1	INSTRUCTIONSCROLL	3161
1159392759132	1	INSTRUCTIONSCROLL	3165
1159392759149	1	INSTRUCTIONSCROLL	3168
1159392759165	1	INSTRUCTIONSCROLL	3171
1159392759182	1	INSTRUCTIONSCROLL	3175
1159392759199	1	INSTRUCTIONSCROLL	3178
1159392759215	1	INSTRUCTIONSCROLL	3181
1159392759232	1	INSTRUCTIONSCROLL	3185
1159392759248	1	INSTRUCTIONSCROLL	3188
1159392759265	1	INSTRUCTIONSCROLL	3191
1159392759282	1	INSTRUCTIONSCROLL	3195
1159392759298	1	INSTRUCTIONSCROLL	3198
1159392759315	1	INSTRUCTIONSCROLL	3201
1159392759332	1	INSTRUCTIONSCROLL	3205
1159392759348	1	INSTRUCTIONSCROLL	3208
1159392759365	1	INSTRUCTIONSCROLL	3211
1159392759382	1	INSTRUCTIONSCROLL	3215
1159392759398	1	INSTRUCTIONSCROLL	3218
1159392759415	1	INSTRUCTIONSCROLL	3221
1159392759432	1	INSTRUCTIONSCROLL	3225
1159392759448	1	INSTRUCTIONSCROLL	3228
1159392759465	1	INSTRUCTIONSCROLL	3231
1159392759482	1	INSTRUCTIONSCROLL	3235
1159392759498	1	INSTRUCTIONSCROLL	3238
1159392759515	1	INSTRUCTIONSCROLL	3241
1159392759532	1	INSTRUCTIONSCROLL	3245
1159392759548	1	INSTRUCTIONSCROLL	3248
1159392759565	1	INSTRUCTIONSCROLL	3251
1159392759582	1	INSTRUCTIONSCROLL	3255
1159392759598	1	INSTRUCTIONSCROLL	3258
1159392759615	1	INSTRUCTIONSCROLL	3261
1159392759632	1	INSTRUCTIONSCROLL	3264
1159392759648	1	INSTRUCTIONSCROLL	3268
1159392759665	1	INSTRUCTIONSCROLL	3271
1159392759682	1	INSTRUCTIONSCROLL	3275
1159392759698	1	INSTRUCTIONSCROLL	3278
1159392759715	1	INSTRUCTIONSCROLL	3281
1159392759732	1	INSTRUCTIONSCROLL	3285
1159392759748	1	INSTRUCTIONSCROLL	3288
1159392759765	1	INSTRUCTIONSCROLL	3291
1159392759782	1	INSTRUCTIONSCROLL	3294
1159392759798	1	INSTRUCTIONSCROLL	3298
1159392759815	1	INSTRUCTIONSCROLL	3301
1159392759832	1	INSTRUCTIONSCROLL	3305
1159392759848	1	INSTRUCTIONSCROLL	3308
1159392759865	1	INSTRUCTIONSCROLL	3311
1159392759882	1	INSTRUCTIONSCROLL	3315
1159392759898	1	INSTRUCTIONSCROLL	3318
1159392759915	1	INSTRUCTIONSCROLL	3321
1159392759932	1	INSTRUCTIONSCROLL	3324
1159392759947	1	INSTRUCTIONSCROLL	3328
1159392759966	1	INSTRUCTIONSCROLL	3334
1159392759981	1	INSTRUCTIONSCROLL	3335
1159392759997	1	INSTRUCTIONSCROLL	3338
1159392760015	1	INSTRUCTIONSCROLL	3341
1159392760032	1	INSTRUCTIONSCROLL	3345
1159392760048	1	INSTRUCTIONSCROLL	3348
1159392760065	1	INSTRUCTIONSCROLL	3351
1159392760081	1	INSTRUCTIONSCROLL	3354
1159392760098	1	INSTRUCTIONSCROLL	3358
1159392760115	1	INSTRUCTIONSCROLL	3361
1159392760131	1	INSTRUCTIONSCROLL	3365
1159392760148	1	INSTRUCTIONSCROLL	3368
1159392760165	1	INSTRUCTIONSCROLL	3371
1159392760182	1	INSTRUCTIONSCROLL	3375
1159392760198	1	INSTRUCTIONSCROLL	3378
1159392760215	1	INSTRUCTIONSCROLL	3381
1159392760231	1	INSTRUCTIONSCROLL	3384
1159392760248	1	INSTRUCTIONSCROLL	3388
1159392760265	1	INSTRUCTIONSCROLL	3391
1159392760281	1	INSTRUCTIONSCROLL	3395
1159392760298	1	INSTRUCTIONSCROLL	3398
1159392760315	1	INSTRUCTIONSCROLL	3401
1159392760331	1	INSTRUCTIONSCROLL	3405
1159392760348	1	INSTRUCTIONSCROLL	3408
1159392760365	1	INSTRUCTIONSCROLL	3411
1159392760381	1	INSTRUCTIONSCROLL	3414
1159392760398	1	INSTRUCTIONSCROLL	3418
1159392760415	1	INSTRUCTIONSCROLL	3421
1159392760431	1	INSTRUCTIONSCROLL	3425
1159392760448	1	INSTRUCTIONSCROLL	3428
1159392760465	1	INSTRUCTIONSCROLL	3431
1159392760481	1	INSTRUCTIONSCROLL	3435
1159392760498	1	INSTRUCTIONSCROLL	3438
1159392760515	1	INSTRUCTIONSCROLL	3441
1159392760531	1	INSTRUCTIONSCROLL	3444
1159392760548	1	INSTRUCTIONSCROLL	3448
1159392760565	1	INSTRUCTIONSCROLL	3451
1159392760581	1	INSTRUCTIONSCROLL	3454
1159392760598	1	INSTRUCTIONSCROLL	3458
1159392760615	1	INSTRUCTIONSCROLL	3461
1159392760631	1	INSTRUCTIONSCROLL	3464
1159392760648	1	INSTRUCTIONSCROLL	3468
1159392760665	1	INSTRUCTIONSCROLL	3471
1159392760681	1	INSTRUCTIONSCROLL	3474
1159392760698	1	INSTRUCTIONSCROLL	3478
1159392760715	1	INSTRUCTIONSCROLL	3481
1159392760731	1	INSTRUCTIONSCROLL	3484
1159392760748	1	INSTRUCTIONSCROLL	3488
1159392760765	1	INSTRUCTIONSCROLL	3491
1159392760781	1	INSTRUCTIONSCROLL	3495
1159392760798	1	INSTRUCTIONSCROLL	3498
1159392760815	1	INSTRUCTIONSCROLL	3501
1159392760831	1	INSTRUCTIONSCROLL	3504
1159392760848	1	INSTRUCTIONSCROLL	3508
1159392760865	1	INSTRUCTIONSCROLL	3511
1159392760881	1	INSTRUCTIONSCROLL	3515
1159392760898	1	INSTRUCTIONSCROLL	3518
1159392760915	1	INSTRUCTIONSCROLL	3521
1159392760931	1	INSTRUCTIONSCROLL	3525
1159392760947	1	INSTRUCTIONSCROLL	3528
1159392760964	1	INSTRUCTIONSCROLL	3531
1159392760980	1	INSTRUCTIONSCROLL	3534
1159392760997	1	INSTRUCTIONSCROLL	3538
1159392761015	1	INSTRUCTIONSCROLL	3541
1159392761031	1	INSTRUCTIONSCROLL	3545
1159392769612	1	INSTRUCTIONSCROLL	3546
1159392769628	1	INSTRUCTIONSCROLL	3549
1159392769645	1	INSTRUCTIONSCROLL	3552
1159392769662	1	INSTRUCTIONSCROLL	3555
1159392769678	1	INSTRUCTIONSCROLL	3559
1159392769695	1	INSTRUCTIONSCROLL	3562
1159392769712	1	INSTRUCTIONSCROLL	3568
1159392769728	1	INSTRUCTIONSCROLL	3569
1159392769745	1	INSTRUCTIONSCROLL	3572
1159392769762	1	INSTRUCTIONSCROLL	3575
1159392769778	1	INSTRUCTIONSCROLL	3579
1159392769795	1	INSTRUCTIONSCROLL	3582
1159392769812	1	INSTRUCTIONSCROLL	3585
1159392769828	1	INSTRUCTIONSCROLL	3589
1159392769845	1	INSTRUCTIONSCROLL	3592
1159392769862	1	INSTRUCTIONSCROLL	3595
1159392769878	1	INSTRUCTIONSCROLL	3599
1159392769895	1	INSTRUCTIONSCROLL	3602
1159392769912	1	INSTRUCTIONSCROLL	3605
1159392769928	1	INSTRUCTIONSCROLL	3609
1159392769944	1	INSTRUCTIONSCROLL	3612
1159392769961	1	INSTRUCTIONSCROLL	3615
1159392769977	1	INSTRUCTIONSCROLL	3619
1159392769994	1	INSTRUCTIONSCROLL	3622
1159392770012	1	INSTRUCTIONSCROLL	3625
1159392770028	1	INSTRUCTIONSCROLL	3629
1159392770045	1	INSTRUCTIONSCROLL	3632
1159392770062	1	INSTRUCTIONSCROLL	3635
1159392770078	1	INSTRUCTIONSCROLL	3639
1159392770095	1	INSTRUCTIONSCROLL	3642
1159392770111	1	INSTRUCTIONSCROLL	3646
1159392770128	1	INSTRUCTIONSCROLL	3649
1159392770145	1	INSTRUCTIONSCROLL	3652
1159392770161	1	INSTRUCTIONSCROLL	3655
1159392770178	1	INSTRUCTIONSCROLL	3659
1159392770195	1	INSTRUCTIONSCROLL	3662
1159392770211	1	INSTRUCTIONSCROLL	3666
1159392770228	1	INSTRUCTIONSCROLL	3669
1159392770245	1	INSTRUCTIONSCROLL	3672
1159392770262	1	INSTRUCTIONSCROLL	3676
1159392770278	1	INSTRUCTIONSCROLL	3679
1159392770295	1	INSTRUCTIONSCROLL	3682
1159392770311	1	INSTRUCTIONSCROLL	3685
1159392770328	1	INSTRUCTIONSCROLL	3689
1159392770345	1	INSTRUCTIONSCROLL	3692
1159392770362	1	INSTRUCTIONSCROLL	3696
1159392770378	1	INSTRUCTIONSCROLL	3699
1159392770395	1	INSTRUCTIONSCROLL	3702
1159392770411	1	INSTRUCTIONSCROLL	3706
1159392770428	1	INSTRUCTIONSCROLL	3709
1159392770445	1	INSTRUCTIONSCROLL	3712
1159392770461	1	INSTRUCTIONSCROLL	3715
1159392770478	1	INSTRUCTIONSCROLL	3719
1159392770495	1	INSTRUCTIONSCROLL	3722
1159392770511	1	INSTRUCTIONSCROLL	3726
1159392770528	1	INSTRUCTIONSCROLL	3729
1159392770545	1	INSTRUCTIONSCROLL	3732
1159392770561	1	INSTRUCTIONSCROLL	3736
1159392770578	1	INSTRUCTIONSCROLL	3739
1159392770595	1	INSTRUCTIONSCROLL	3742
1159392770611	1	INSTRUCTIONSCROLL	3745
1159392770628	1	INSTRUCTIONSCROLL	3749
1159392770661	1	INSTRUCTIONSCROLL	3755
1159392770678	1	INSTRUCTIONSCROLL	3759
1159392770695	1	INSTRUCTIONSCROLL	3762
1159392770711	1	INSTRUCTIONSCROLL	3765
1159392770728	1	INSTRUCTIONSCROLL	3769
1159392772943	1	INSTRUCTIONSCROLL	3770
1159392772960	1	INSTRUCTIONSCROLL	3772
1159392772976	1	INSTRUCTIONSCROLL	3775
1159392772993	1	INSTRUCTIONSCROLL	3779
1159392773011	1	INSTRUCTIONSCROLL	3782
1159392773027	1	INSTRUCTIONSCROLL	3785
1159392773044	1	INSTRUCTIONSCROLL	3789
1159392773061	1	INSTRUCTIONSCROLL	3792
1159392773077	1	INSTRUCTIONSCROLL	3795
1159392773094	1	INSTRUCTIONSCROLL	3799
1159392773111	1	INSTRUCTIONSCROLL	3802
1159392773127	1	INSTRUCTIONSCROLL	3805
1159392773144	1	INSTRUCTIONSCROLL	3809
1159392773161	1	INSTRUCTIONSCROLL	3812
1159392773177	1	INSTRUCTIONSCROLL	3815
1159392773194	1	INSTRUCTIONSCROLL	3819
1159392773210	1	INSTRUCTIONSCROLL	3822
1159392773227	1	INSTRUCTIONSCROLL	3825
1159392773244	1	INSTRUCTIONSCROLL	3829
1159392773260	1	INSTRUCTIONSCROLL	3832
1159392773277	1	INSTRUCTIONSCROLL	3835
1159392773294	1	INSTRUCTIONSCROLL	3839
1159392773311	1	INSTRUCTIONSCROLL	3842
1159392773327	1	INSTRUCTIONSCROLL	3845
1159392773344	1	INSTRUCTIONSCROLL	3849
1159392773360	1	INSTRUCTIONSCROLL	3852
1159392773377	1	INSTRUCTIONSCROLL	3855
1159392773394	1	INSTRUCTIONSCROLL	3859
1159392773410	1	INSTRUCTIONSCROLL	3862
1159392773427	1	INSTRUCTIONSCROLL	3865
1159392773444	1	INSTRUCTIONSCROLL	3869
1159392773460	1	INSTRUCTIONSCROLL	3872
1159392773477	1	INSTRUCTIONSCROLL	3875
1159392773494	1	INSTRUCTIONSCROLL	3879
1159392773510	1	INSTRUCTIONSCROLL	3882
1159392773527	1	INSTRUCTIONSCROLL	3885
1159392773544	1	INSTRUCTIONSCROLL	3889
1159392773560	1	INSTRUCTIONSCROLL	3892
1159392773577	1	INSTRUCTIONSCROLL	3895
1159392773594	1	INSTRUCTIONSCROLL	3899
1159392773610	1	INSTRUCTIONSCROLL	3902
1159392773644	1	INSTRUCTIONSCROLL	3908
1159392773660	1	INSTRUCTIONSCROLL	3912
1159392773677	1	INSTRUCTIONSCROLL	3915
1159392773694	1	INSTRUCTIONSCROLL	3919
1159392773710	1	INSTRUCTIONSCROLL	3922
1159392773727	1	INSTRUCTIONSCROLL	3925
1159392773744	1	INSTRUCTIONSCROLL	3929
1159392773760	1	INSTRUCTIONSCROLL	3932
1159392773777	1	INSTRUCTIONSCROLL	3935
1159392773794	1	INSTRUCTIONSCROLL	3939
1159392773810	1	INSTRUCTIONSCROLL	3942
1159392773827	1	INSTRUCTIONSCROLL	3945
1159392773844	1	INSTRUCTIONSCROLL	3949
1159392773860	1	INSTRUCTIONSCROLL	3952
1159392773877	1	INSTRUCTIONSCROLL	3955
1159392773894	1	INSTRUCTIONSCROLL	3959
1159392773910	1	INSTRUCTIONSCROLL	3962
1159392773927	1	INSTRUCTIONSCROLL	3965
1159392773943	1	INSTRUCTIONSCROLL	3967
1159392774684	1	INSTRUCTIONSCROLL	3966
1159392774700	1	INSTRUCTIONSCROLL	3963
1159392774710	1	INSTRUCTIONSCROLL	3962
1159392774727	1	INSTRUCTIONSCROLL	3961
1159392774743	1	INSTRUCTIONSCROLL	3957
1159392774760	1	INSTRUCTIONSCROLL	3954
1159392774777	1	INSTRUCTIONSCROLL	3951
1159392774793	1	INSTRUCTIONSCROLL	3947
1159392774810	1	INSTRUCTIONSCROLL	3944
1159392774827	1	INSTRUCTIONSCROLL	3941
1159392774843	1	INSTRUCTIONSCROLL	3937
1159392774860	1	INSTRUCTIONSCROLL	3934
1159392774877	1	INSTRUCTIONSCROLL	3931
1159392774893	1	INSTRUCTIONSCROLL	3927
1159392774910	1	INSTRUCTIONSCROLL	3924
1159392774927	1	INSTRUCTIONSCROLL	3921
1159392774942	1	INSTRUCTIONSCROLL	3917
1159392774959	1	INSTRUCTIONSCROLL	3914
1159392774976	1	INSTRUCTIONSCROLL	3911
1159392774992	1	INSTRUCTIONSCROLL	3907
1159392775010	1	INSTRUCTIONSCROLL	3904
1159392775027	1	INSTRUCTIONSCROLL	3901
1159392775043	1	INSTRUCTIONSCROLL	3897
1159392775060	1	INSTRUCTIONSCROLL	3894
1159392775077	1	INSTRUCTIONSCROLL	3891
1159392775093	1	INSTRUCTIONSCROLL	3887
1159392775110	1	INSTRUCTIONSCROLL	3884
1159392775126	1	INSTRUCTIONSCROLL	3881
1159392775143	1	INSTRUCTIONSCROLL	3877
1159392775160	1	INSTRUCTIONSCROLL	3874
1159392775177	1	INSTRUCTIONSCROLL	3871
1159392775193	1	INSTRUCTIONSCROLL	3867
1159392775210	1	INSTRUCTIONSCROLL	3864
1159392775226	1	INSTRUCTIONSCROLL	3860
1159392775243	1	INSTRUCTIONSCROLL	3857
1159392775260	1	INSTRUCTIONSCROLL	3854
1159392775277	1	INSTRUCTIONSCROLL	3851
1159392775293	1	INSTRUCTIONSCROLL	3847
1159392775310	1	INSTRUCTIONSCROLL	3844
1159392775326	1	INSTRUCTIONSCROLL	3840
1159392775343	1	INSTRUCTIONSCROLL	3837
1159392775360	1	INSTRUCTIONSCROLL	3834
1159392775377	1	INSTRUCTIONSCROLL	3830
1159392775393	1	INSTRUCTIONSCROLL	3827
1159392775410	1	INSTRUCTIONSCROLL	3824
1159392775426	1	INSTRUCTIONSCROLL	3821
1159392775443	1	INSTRUCTIONSCROLL	3817
1159392775460	1	INSTRUCTIONSCROLL	3814
1159392775476	1	INSTRUCTIONSCROLL	3810
1159392775493	1	INSTRUCTIONSCROLL	3807
1159392775510	1	INSTRUCTIONSCROLL	3804
1159392775526	1	INSTRUCTIONSCROLL	3800
1159392775543	1	INSTRUCTIONSCROLL	3797
1159392775560	1	INSTRUCTIONSCROLL	3794
1159392775576	1	INSTRUCTIONSCROLL	3791
1159392775593	1	INSTRUCTIONSCROLL	3787
1159392775975	1	INSTRUCTIONSCROLL	3788
1159392775992	1	INSTRUCTIONSCROLL	3789
1159392776010	1	INSTRUCTIONSCROLL	3792
1159392776026	1	INSTRUCTIONSCROLL	3796
1159392776043	1	INSTRUCTIONSCROLL	3799
1159392776060	1	INSTRUCTIONSCROLL	3803
1159392776076	1	INSTRUCTIONSCROLL	3806
1159392776093	1	INSTRUCTIONSCROLL	3809
1159392776110	1	INSTRUCTIONSCROLL	3813
1159392776126	1	INSTRUCTIONSCROLL	3816
1159392776143	1	INSTRUCTIONSCROLL	3819
1159392776160	1	INSTRUCTIONSCROLL	3823
1159392776176	1	INSTRUCTIONSCROLL	3826
1159392776193	1	INSTRUCTIONSCROLL	3829
1159392776210	1	INSTRUCTIONSCROLL	3833
1159392776226	1	INSTRUCTIONSCROLL	3836
1159392776243	1	INSTRUCTIONSCROLL	3839
1159392776259	1	INSTRUCTIONSCROLL	3843
1159392776276	1	INSTRUCTIONSCROLL	3846
1159392776293	1	INSTRUCTIONSCROLL	3849
1159392776309	1	INSTRUCTIONSCROLL	3853
1159392776326	1	INSTRUCTIONSCROLL	3856
1159392776343	1	INSTRUCTIONSCROLL	3859
1159392776359	1	INSTRUCTIONSCROLL	3863
1159392776376	1	INSTRUCTIONSCROLL	3866
1159392776393	1	INSTRUCTIONSCROLL	3869
1159392776409	1	INSTRUCTIONSCROLL	3873
1159392776426	1	INSTRUCTIONSCROLL	3876
1159392776443	1	INSTRUCTIONSCROLL	3879
1159392776459	1	INSTRUCTIONSCROLL	3883
1159392776476	1	INSTRUCTIONSCROLL	3886
1159392776493	1	INSTRUCTIONSCROLL	3889
1159392776509	1	INSTRUCTIONSCROLL	3893
1159392776526	1	INSTRUCTIONSCROLL	3896
1159392776543	1	INSTRUCTIONSCROLL	3899
1159392776559	1	INSTRUCTIONSCROLL	3903
1159392776576	1	INSTRUCTIONSCROLL	3906
1159392776593	1	INSTRUCTIONSCROLL	3909
1159392776609	1	INSTRUCTIONSCROLL	3913
1159392776626	1	INSTRUCTIONSCROLL	3916
1159392776643	1	INSTRUCTIONSCROLL	3919
1159392776659	1	INSTRUCTIONSCROLL	3922
1159392776676	1	INSTRUCTIONSCROLL	3926
1159392776693	1	INSTRUCTIONSCROLL	3929
1159392776709	1	INSTRUCTIONSCROLL	3932
1159392776726	1	INSTRUCTIONSCROLL	3936
1159392776743	1	INSTRUCTIONSCROLL	3939
1159392776759	1	INSTRUCTIONSCROLL	3943
1159392776776	1	INSTRUCTIONSCROLL	3946
1159392776793	1	INSTRUCTIONSCROLL	3949
1159392776809	1	INSTRUCTIONSCROLL	3952
1159392776828	1	INSTRUCTIONSCROLL	3958
1159392776843	1	INSTRUCTIONSCROLL	3960
1159392776859	1	INSTRUCTIONSCROLL	3962
1159392776876	1	INSTRUCTIONSCROLL	3966
1159392776893	1	INSTRUCTIONSCROLL	3967
1159392785556	1	INSTRUCTIONSTOP	Button set (OR)
1159392785616	0	E	Logging Ends
