1165947627543	0	B	Logging Begins
1165947627543	0	SESS_START	0
1165947690129	0	TRIAL	1
1165947697983	1	FACE	3718	PRES1_NPNP	Correct	LL1	PP0	Lure_PNPN	1	0	PRACTICE
1165947701929	1	FACE	3718	CUE	Correct	LL1	PP0	Lure_PNPN	1	0	PRACTICE
1165947705647	1	FACE	3718	RESP	Correct	LL1	PP0	Lure_PNPN	1	0	PRACTICE
1165947705679	0	TRIAL	2
1165947712266	1	FACE	1856	PRES1_PNPN	Correct	LL1	PP0	Lure_NPPP	1	0	PRACTICE
1165947716208	1	FACE	1856	CUE	Correct	LL1	PP0	Lure_NPPP	1	0	PRACTICE
1165947718064	0	FACE	1856	RESP	Correct	LL1	PP0	Lure_NPPP	1	0	PRACTICE
1165947718092	0	TRIAL	3
1165947721795	1	FACE	1320	PRES1_PPNP	Correct	LL1	PP0	Lure_NNNN	1	0	PRACTICE
1165947725704	1	FACE	1320	CUE	Correct	LL1	PP0	Lure_NNNN	1	0	PRACTICE
1165947727024	0	FACE	1320	RESP	Correct	LL1	PP0	Lure_NNNN	1	0	PRACTICE
1165947727055	0	TRIAL	4
1165947730668	1	FACE	994	PRES1_PNPP	Incorrect	LL1	PP0	Lure_NNPN	6	0	PRACTICE
1165947734548	1	FACE	994	CUE	Incorrect	LL1	PP0	Lure_NNPN	6	0	PRACTICE
1165947735542	0	FACE	994	RESP	Incorrect	LL1	PP0	Lure_NNPN	6	0	PRACTICE
1165947735569	0	TRIAL	5
1165947740410	1	FACE	1527	PRES1_NPNP	Incorrect	LL1	PP1	Target_NPNP	1	0	PRACTICE
1165947744423	1	FACE	1527	CUE	Incorrect	LL1	PP1	Target_NPNP	1	0	PRACTICE
1165947745950	0	FACE	1527	RESP	Incorrect	LL1	PP1	Target_NPNP	1	0	PRACTICE
1165947745982	0	TRIAL	6
1165947750724	1	FACE	1254	PRES1_NPNN	Correct	LL1	PP0	Lure_PPNN	1	0	PRACTICE
1165947754584	1	FACE	1254	CUE	Correct	LL1	PP0	Lure_PPNN	1	0	PRACTICE
1165947755838	0	FACE	1254	RESP	Correct	LL1	PP0	Lure_PPNN	1	0	PRACTICE
1165947755862	0	TRIAL	7
1165947759001	1	FACE	534	PRES1_PNNN	Correct	LL1	PP1	Target_PNNN	6	0	PRACTICE
1165947762999	1	FACE	534	CUE	Correct	LL1	PP1	Target_PNNN	6	0	PRACTICE
1165947763533	0	FACE	534	RESP	Correct	LL1	PP1	Target_PNNN	6	0	PRACTICE
1165947763559	0	TRIAL	8
1165947767722	1	FACE	651	PRES1_NNNN	Correct	LL1	PP1	Target_NNNN	6	0	PRACTICE
1165947771506	1	FACE	651	CUE	Correct	LL1	PP1	Target_NNNN	6	0	PRACTICE
1165947772157	0	FACE	651	RESP	Correct	LL1	PP1	Target_NNNN	6	0	PRACTICE
1165947772190	0	TRIAL	9
1165947775265	1	FACE	641	PRES1_NNNP	Correct	LL1	PP0	Lure_PPPN	1	0	PRACTICE
1165947779084	1	FACE	641	CUE	Correct	LL1	PP0	Lure_PPPN	1	0	PRACTICE
1165947779725	0	FACE	641	RESP	Correct	LL1	PP0	Lure_PPPN	1	0	PRACTICE
1165947779755	0	TRIAL	10
1165947783592	1	FACE	809	PRES1_PPNN	Correct	LL1	PP0	Lure_PNPP	1	0	PRACTICE
1165947787564	1	FACE	809	CUE	Correct	LL1	PP0	Lure_PNPP	1	0	PRACTICE
1165947788373	0	FACE	809	RESP	Correct	LL1	PP0	Lure_PNPP	1	0	PRACTICE
1165947788401	0	TRIAL	11
1165947791861	1	FACE	894	PRES1_NNPP	Incorrect	LL1	PP0	Lure_PNNN	6	0	PRACTICE
1165947795678	1	FACE	894	CUE	Incorrect	LL1	PP0	Lure_PNNN	6	0	PRACTICE
1165947796572	0	FACE	894	RESP	Incorrect	LL1	PP0	Lure_PNNN	6	0	PRACTICE
1165947796600	0	TRIAL	12
1165947801163	1	FACE	833	PRES1_NNPN	Incorrect	LL1	PP0	Lure_PNNP	6	0	PRACTICE
1165947805067	1	FACE	833	CUE	Incorrect	LL1	PP0	Lure_PNNP	6	0	PRACTICE
1165947805900	0	FACE	833	RESP	Incorrect	LL1	PP0	Lure_PNNP	6	0	PRACTICE
1165947805929	0	TRIAL	13
1165947809386	1	FACE	1055	PRES1_PPPP	Correct	LL1	PP1	Target_PPPP	6	0	PRACTICE
1165947813133	1	FACE	1055	CUE	Correct	LL1	PP1	Target_PPPP	6	0	PRACTICE
1165947814188	0	FACE	1055	RESP	Correct	LL1	PP1	Target_PPPP	6	0	PRACTICE
1165947814226	0	TRIAL	14
1165947817252	1	FACE	719	PRES1_NNNP	Correct	LL1	PP1	Target_NNNP	6	0	PRACTICE
1165947821164	1	FACE	719	CUE	Correct	LL1	PP1	Target_NNNP	6	0	PRACTICE
1165947821883	0	FACE	719	RESP	Correct	LL1	PP1	Target_NNNP	6	0	PRACTICE
1165947821926	0	TRIAL	15
1165947825191	1	FACE	699	PRES1_PNPN	Incorrect	LL1	PP1	Target_PNPN	1	0	PRACTICE
1165947828920	1	FACE	699	CUE	Incorrect	LL1	PP1	Target_PNPN	1	0	PRACTICE
1165947829619	0	FACE	699	RESP	Incorrect	LL1	PP1	Target_PNPN	1	0	PRACTICE
1165947829656	0	TRIAL	16
1165947832607	1	FACE	703	PRES1_NNPN	Correct	LL1	PP1	Target_NNPN	6	0	PRACTICE
1165947836660	1	FACE	703	CUE	Correct	LL1	PP1	Target_NNPN	6	0	PRACTICE
1165947837363	0	FACE	703	RESP	Correct	LL1	PP1	Target_NNPN	6	0	PRACTICE
1165947837402	0	TRIAL	17
1165947840336	1	FACE	749	PRES1_NPPN	Incorrect	LL1	PP0	Lure_PPPP	6	0	PRACTICE
1165947844174	1	FACE	749	CUE	Incorrect	LL1	PP0	Lure_PPPP	6	0	PRACTICE
1165947844923	0	FACE	749	RESP	Incorrect	LL1	PP0	Lure_PPPP	6	0	PRACTICE
1165947844950	0	TRIAL	18
1165947847867	1	FACE	821	PRES1_PNNN	Incorrect	LL1	PP0	Lure_NPNP	6	0	PRACTICE
1165947851605	1	FACE	821	CUE	Incorrect	LL1	PP0	Lure_NPNP	6	0	PRACTICE
1165947852426	0	FACE	821	RESP	Incorrect	LL1	PP0	Lure_NPNP	6	0	PRACTICE
1165947852487	0	TRIAL	19
1165947855478	1	FACE	787	PRES1_PPPP	Incorrect	LL1	PP0	Lure_NPNN	6	0	PRACTICE
1165947859328	1	FACE	787	CUE	Incorrect	LL1	PP0	Lure_NPNN	6	0	PRACTICE
1165947860115	0	FACE	787	RESP	Incorrect	LL1	PP0	Lure_NPNN	6	0	PRACTICE
1165947860147	0	TRIAL	20
1165947863174	1	FACE	908	PRES1_PNPP	Correct	LL1	PP1	Target_PNPP	6	0	PRACTICE
1165947867159	1	FACE	908	CUE	Correct	LL1	PP1	Target_PNPP	6	0	PRACTICE
1165947868067	0	FACE	908	RESP	Correct	LL1	PP1	Target_PNPP	6	0	PRACTICE
1165947868093	0	TRIAL	21
1165947872351	1	FACE	1071	PRES1_NPNN	Incorrect	LL1	PP1	Target_NPNN	1	0	PRACTICE
1165947876370	1	FACE	1071	CUE	Incorrect	LL1	PP1	Target_NPNN	1	0	PRACTICE
1165947877441	1	FACE	1071	RESP	Incorrect	LL1	PP1	Target_NPNN	1	0	PRACTICE
1165947877476	0	TRIAL	22
1165947880571	1	FACE	815	PRES1_NPPP	Correct	LL1	PP1	Target_NPPP	6	0	PRACTICE
1165947884610	1	FACE	815	CUE	Correct	LL1	PP1	Target_NPPP	6	0	PRACTICE
1165947885425	0	FACE	815	RESP	Correct	LL1	PP1	Target_NPPP	6	0	PRACTICE
1165947885454	0	TRIAL	23
1165947888523	1	FACE	810	PRES1_PPPN	Correct	LL1	PP0	Lure_NNPP	1	0	PRACTICE
1165947892319	1	FACE	810	CUE	Correct	LL1	PP0	Lure_NNPP	1	0	PRACTICE
1165947893129	0	FACE	810	RESP	Correct	LL1	PP0	Lure_NNPP	1	0	PRACTICE
1165947893167	0	TRIAL	24
1165947896898	1	FACE	952	PRES1_PNNP	Correct	LL1	PP0	Lure_NNNP	1	0	PRACTICE
1165947900801	1	FACE	952	CUE	Correct	LL1	PP0	Lure_NNNP	1	0	PRACTICE
1165947901753	0	FACE	952	RESP	Correct	LL1	PP0	Lure_NNNP	1	0	PRACTICE
1165947901782	0	TRIAL	25
1165947905200	1	FACE	1791	PRES1_NNNN	Correct	LL1	PP0	Lure_NPPN	1	0	PRACTICE
1165947909161	1	FACE	1791	CUE	Correct	LL1	PP0	Lure_NPPN	1	0	PRACTICE
1165947910952	0	FACE	1791	RESP	Correct	LL1	PP0	Lure_NPPN	1	0	PRACTICE
1165947910978	0	TRIAL	26
1165947914672	1	FACE	769	PRES1_PPPN	Correct	LL1	PP1	Target_PPPN	6	0	PRACTICE
1165947918519	1	FACE	769	CUE	Correct	LL1	PP1	Target_PPPN	6	0	PRACTICE
1165947919288	0	FACE	769	RESP	Correct	LL1	PP1	Target_PPPN	6	0	PRACTICE
1165947919326	0	TRIAL	27
1165947923149	1	FACE	729	PRES1_PPNN	Correct	LL1	PP1	Target_PPNN	6	0	PRACTICE
1165947926879	1	FACE	729	CUE	Correct	LL1	PP1	Target_PPNN	6	0	PRACTICE
1165947927608	0	FACE	729	RESP	Correct	LL1	PP1	Target_PPNN	6	0	PRACTICE
1165947927641	0	TRIAL	28
1165947930690	1	FACE	573	PRES1_PNNP	Correct	LL1	PP1	Target_PNNP	6	0	PRACTICE
1165947934451	1	FACE	573	CUE	Correct	LL1	PP1	Target_PNNP	6	0	PRACTICE
1165947935024	0	FACE	573	RESP	Correct	LL1	PP1	Target_PNNP	6	0	PRACTICE
1165947935055	0	TRIAL	29
1165947938643	1	FACE	697	PRES1_NNPP	Correct	LL1	PP1	Target_NNPP	6	0	PRACTICE
1165947942590	1	FACE	697	CUE	Correct	LL1	PP1	Target_NNPP	6	0	PRACTICE
1165947943287	0	FACE	697	RESP	Correct	LL1	PP1	Target_NNPP	6	0	PRACTICE
1165947943322	0	TRIAL	30
1165947946660	1	FACE	656	PRES1_NPPP	Correct	LL1	PP0	Lure_PPNP	1	0	PRACTICE
1165947950487	1	FACE	656	CUE	Correct	LL1	PP0	Lure_PPNP	1	0	PRACTICE
1165947951143	0	FACE	656	RESP	Correct	LL1	PP0	Lure_PPNP	1	0	PRACTICE
1165947951183	0	TRIAL	31
1165947954065	1	FACE	574	PRES1_PPNP	Correct	LL1	PP1	Target_PPNP	6	0	PRACTICE
1165947958089	1	FACE	574	CUE	Correct	LL1	PP1	Target_PPNP	6	0	PRACTICE
1165947958663	0	FACE	574	RESP	Correct	LL1	PP1	Target_PPNP	6	0	PRACTICE
1165947958698	0	TRIAL	32
1165947961660	1	FACE	640	PRES1_NPPN	Correct	LL1	PP1	Target_NPPN	6	0	PRACTICE
1165947965566	1	FACE	640	CUE	Correct	LL1	PP1	Target_NPPN	6	0	PRACTICE
1165947966206	0	FACE	640	RESP	Correct	LL1	PP1	Target_NPPN	6	0	PRACTICE
1165947973119	0	TRIAL	1
1165947980101	1	FACE	1252	PRES1_NPPP	Correct	LL1	PP0	Lure_NNNN	1	0	PRACTICE
1165947984090	1	FACE	1252	CUE	Correct	LL1	PP0	Lure_NNNN	1	0	PRACTICE
1165947985342	0	FACE	1252	RESP	Correct	LL1	PP0	Lure_NNNN	1	0	PRACTICE
1165947985371	0	TRIAL	2
1165947989533	1	FACE	666	PRES1_PNPN	Correct	LL1	PP1	Target_PNPN	6	0	PRACTICE
1165947993555	1	FACE	666	CUE	Correct	LL1	PP1	Target_PNPN	6	0	PRACTICE
1165947994221	1	FACE	666	RESP	Correct	LL1	PP1	Target_PNPN	6	0	PRACTICE
1165947994253	0	TRIAL	3
1165947997218	1	FACE	906	PRES1_PNNN	Correct	LL1	PP0	Lure_PPPN	1	0	PRACTICE
1165948001204	1	FACE	906	CUE	Correct	LL1	PP0	Lure_PPPN	1	0	PRACTICE
1165948002110	0	FACE	906	RESP	Correct	LL1	PP0	Lure_PPPN	1	0	PRACTICE
1165948002149	0	TRIAL	4
1165948005229	1	FACE	1112	PRES1_NNPN	Correct	LL1	PP0	Lure_NPPP	1	0	PRACTICE
1165948009037	1	FACE	1112	CUE	Correct	LL1	PP0	Lure_NPPP	1	0	PRACTICE
1165948010149	0	FACE	1112	RESP	Correct	LL1	PP0	Lure_NPPP	1	0	PRACTICE
1165948010180	0	TRIAL	5
1165948013207	1	FACE	665	PRES1_NPPP	Correct	LL1	PP1	Target_NPPP	6	0	PRACTICE
1165948017052	1	FACE	665	CUE	Correct	LL1	PP1	Target_NPPP	6	0	PRACTICE
1165948017717	0	FACE	665	RESP	Correct	LL1	PP1	Target_NPPP	6	0	PRACTICE
1165948017744	0	TRIAL	6
1165948020795	1	FACE	791	PRES1_NPPN	Incorrect	LL1	PP1	Target_NPPN	1	0	PRACTICE
1165948024573	1	FACE	791	CUE	Incorrect	LL1	PP1	Target_NPPN	1	0	PRACTICE
1165948025364	0	FACE	791	RESP	Incorrect	LL1	PP1	Target_NPPN	1	0	PRACTICE
1165948025391	0	TRIAL	7
1165948028811	1	FACE	1090	PRES1_NPNN	Correct	LL1	PP0	Lure_NNNP	1	0	PRACTICE
1165948032674	1	FACE	1090	CUE	Correct	LL1	PP0	Lure_NNNP	1	0	PRACTICE
1165948033764	0	FACE	1090	RESP	Correct	LL1	PP0	Lure_NNNP	1	0	PRACTICE
1165948033790	0	TRIAL	8
1165948036676	1	FACE	846	PRES1_PNNP	Correct	LL1	PP1	Target_PNNP	6	0	PRACTICE
1165948040550	1	FACE	846	CUE	Correct	LL1	PP1	Target_PNNP	6	0	PRACTICE
1165948041396	0	FACE	846	RESP	Correct	LL1	PP1	Target_PNNP	6	0	PRACTICE
1165948041420	0	TRIAL	9
1165948044937	1	FACE	836	PRES1_PNPP	Correct	LL1	PP0	Lure_PNNN	1	0	PRACTICE
1165948048847	1	FACE	836	CUE	Correct	LL1	PP0	Lure_PNNN	1	0	PRACTICE
1165948049683	1	FACE	836	RESP	Correct	LL1	PP0	Lure_PNNN	1	0	PRACTICE
1165948049717	0	TRIAL	10
1165948052640	1	FACE	1272	PRES1_PPNP	Incorrect	LL1	PP0	Lure_NPNP	6	0	PRACTICE
1165948056363	1	FACE	1272	CUE	Incorrect	LL1	PP0	Lure_NPNP	6	0	PRACTICE
1165948057635	0	FACE	1272	RESP	Incorrect	LL1	PP0	Lure_NPNP	6	0	PRACTICE
1165948057666	0	TRIAL	11
1165948060594	1	FACE	769	PRES1_NPNP	Correct	LL1	PP1	Target_NPNP	6	0	PRACTICE
1165948064570	1	FACE	769	CUE	Correct	LL1	PP1	Target_NPNP	6	0	PRACTICE
1165948065339	0	FACE	769	RESP	Correct	LL1	PP1	Target_NPNP	6	0	PRACTICE
1165948065380	0	TRIAL	12
1165948068389	1	FACE	1073	PRES1_NNNP	Correct	LL1	PP0	Lure_NNPN	1	0	PRACTICE
1165948072194	1	FACE	1073	CUE	Correct	LL1	PP0	Lure_NNPN	1	0	PRACTICE
1165948073267	0	FACE	1073	RESP	Correct	LL1	PP0	Lure_NNPN	1	0	PRACTICE
1165948073293	0	TRIAL	13
1165948076225	1	FACE	1082	PRES1_NNPP	Correct	LL1	PP0	Lure_PNPN	1	0	PRACTICE
1165948080144	1	FACE	1082	CUE	Correct	LL1	PP0	Lure_PNPN	1	0	PRACTICE
1165948081226	0	FACE	1082	RESP	Correct	LL1	PP0	Lure_PNPN	1	0	PRACTICE
1165948081257	0	TRIAL	14
1165948084169	1	FACE	1127	PRES1_NNNN	Incorrect	LL1	PP0	Lure_PNNP	6	0	PRACTICE
1165948088099	1	FACE	1127	CUE	Incorrect	LL1	PP0	Lure_PNNP	6	0	PRACTICE
1165948089226	0	FACE	1127	RESP	Incorrect	LL1	PP0	Lure_PNNP	6	0	PRACTICE
1165948089257	0	TRIAL	15
1165948092097	1	FACE	959	PRES1_PPNN	Correct	LL1	PP0	Lure_PNPP	1	0	PRACTICE
1165948096027	1	FACE	959	CUE	Correct	LL1	PP0	Lure_PNPP	1	0	PRACTICE
1165948096986	0	FACE	959	RESP	Correct	LL1	PP0	Lure_PNPP	1	0	PRACTICE
1165948097021	0	TRIAL	16
1165948099979	1	FACE	605	PRES1_NPPN	Incorrect	LL1	PP0	Lure_PPPP	6	0	PRACTICE
1165948103964	1	FACE	605	CUE	Incorrect	LL1	PP0	Lure_PPPP	6	0	PRACTICE
1165948104569	1	FACE	605	RESP	Incorrect	LL1	PP0	Lure_PPPP	6	0	PRACTICE
1165948104599	0	TRIAL	17
1165948107215	1	FACE	846	PRES1_PNPN	Correct	LL1	PP0	Lure_NNPP	1	0	PRACTICE
1165948111156	1	FACE	846	CUE	Correct	LL1	PP0	Lure_NNPP	1	0	PRACTICE
1165948112002	0	FACE	846	RESP	Correct	LL1	PP0	Lure_NNPP	1	0	PRACTICE
1165948112031	0	TRIAL	18
1165948115048	1	FACE	714	PRES1_PPPP	Correct	LL1	PP1	Target_PPPP	6	0	PRACTICE
1165948118863	1	FACE	714	CUE	Correct	LL1	PP1	Target_PPPP	6	0	PRACTICE
1165948119577	0	FACE	714	RESP	Correct	LL1	PP1	Target_PPPP	6	0	PRACTICE
1165948119612	0	TRIAL	19
1165948122407	1	FACE	777	PRES1_PPPN	Incorrect	LL1	PP0	Lure_PPNN	6	0	PRACTICE
1165948126152	1	FACE	777	CUE	Incorrect	LL1	PP0	Lure_PPNN	6	0	PRACTICE
1165948126929	0	FACE	777	RESP	Incorrect	LL1	PP0	Lure_PPNN	6	0	PRACTICE
1165948126961	0	TRIAL	20
1165948129761	1	FACE	748	PRES1_NPNP	Incorrect	LL1	PP0	Lure_NPNN	6	0	PRACTICE
1165948133660	1	FACE	748	CUE	Incorrect	LL1	PP0	Lure_NPNN	6	0	PRACTICE
1165948134408	0	FACE	748	RESP	Incorrect	LL1	PP0	Lure_NPNN	6	0	PRACTICE
1165948134440	0	TRIAL	21
1165948137582	1	FACE	497	PRES1_NNPN	Correct	LL1	PP1	Target_NNPN	6	0	PRACTICE
1165948141431	1	FACE	497	CUE	Correct	LL1	PP1	Target_NNPN	6	0	PRACTICE
1165948141928	0	FACE	497	RESP	Correct	LL1	PP1	Target_NNPN	6	0	PRACTICE
1165948141954	0	TRIAL	22
1165948144878	1	FACE	782	PRES1_PNNP	Correct	LL1	PP0	Lure_PPNP	1	0	PRACTICE
1165948148786	1	FACE	782	CUE	Correct	LL1	PP0	Lure_PPNP	1	0	PRACTICE
1165948149568	0	FACE	782	RESP	Correct	LL1	PP0	Lure_PPNP	1	0	PRACTICE
1165948149601	0	TRIAL	23
1165948152485	1	FACE	615	PRES1_NNNP	Correct	LL1	PP1	Target_NNNP	6	0	PRACTICE
1165948156329	1	FACE	615	CUE	Correct	LL1	PP1	Target_NNNP	6	0	PRACTICE
1165948156944	0	FACE	615	RESP	Correct	LL1	PP1	Target_NNNP	6	0	PRACTICE
1165948156984	0	TRIAL	24
1165948160113	1	FACE	572	PRES1_PNPP	Correct	LL1	PP1	Target_PNPP	6	0	PRACTICE
1165948164003	1	FACE	572	CUE	Correct	LL1	PP1	Target_PNPP	6	0	PRACTICE
1165948164575	0	FACE	572	RESP	Correct	LL1	PP1	Target_PNPP	6	0	PRACTICE
1165948164614	0	TRIAL	25
1165948167498	1	FACE	664	PRES1_NNNN	Incorrect	LL1	PP1	Target_NNNN	1	0	PRACTICE
1165948171471	1	FACE	664	CUE	Incorrect	LL1	PP1	Target_NNNN	1	0	PRACTICE
1165948172135	0	FACE	664	RESP	Incorrect	LL1	PP1	Target_NNNN	1	0	PRACTICE
1165948172161	0	TRIAL	26
1165948175139	1	FACE	612	PRES1_PPNN	Correct	LL1	PP1	Target_PPNN	6	0	PRACTICE
1165948178939	1	FACE	612	CUE	Correct	LL1	PP1	Target_PPNN	6	0	PRACTICE
1165948179551	0	FACE	612	RESP	Correct	LL1	PP1	Target_PPNN	6	0	PRACTICE
1165948179575	0	TRIAL	27
1165948182544	1	FACE	745	PRES1_PPPP	Correct	LL1	PP0	Lure_NPPN	1	0	PRACTICE
1165948186359	1	FACE	745	CUE	Correct	LL1	PP0	Lure_NPPN	1	0	PRACTICE
1165948187104	0	FACE	745	RESP	Correct	LL1	PP0	Lure_NPPN	1	0	PRACTICE
1165948187241	0	TRIAL	28
1165948190064	1	FACE	508	PRES1_PPNP	Correct	LL1	PP1	Target_PPNP	6	0	PRACTICE
1165948194082	1	FACE	508	CUE	Correct	LL1	PP1	Target_PPNP	6	0	PRACTICE
1165948194590	0	FACE	508	RESP	Correct	LL1	PP1	Target_PPNP	6	0	PRACTICE
1165948194620	0	TRIAL	29
1165948197547	1	FACE	526	PRES1_PNNN	Correct	LL1	PP1	Target_PNNN	6	0	PRACTICE
1165948201553	1	FACE	526	CUE	Correct	LL1	PP1	Target_PNNN	6	0	PRACTICE
1165948202079	0	FACE	526	RESP	Correct	LL1	PP1	Target_PNNN	6	0	PRACTICE
1165948202122	0	TRIAL	30
1165948205174	1	FACE	539	PRES1_NPNN	Correct	LL1	PP1	Target_NPNN	6	0	PRACTICE
1165948208947	1	FACE	539	CUE	Correct	LL1	PP1	Target_NPNN	6	0	PRACTICE
1165948209486	0	FACE	539	RESP	Correct	LL1	PP1	Target_NPNN	6	0	PRACTICE
1165948209515	0	TRIAL	31
1165948212483	1	FACE	703	PRES1_NNPP	Correct	LL1	PP1	Target_NNPP	6	0	PRACTICE
1165948216294	1	FACE	703	CUE	Correct	LL1	PP1	Target_NNPP	6	0	PRACTICE
1165948216997	1	FACE	703	RESP	Correct	LL1	PP1	Target_NNPP	6	0	PRACTICE
1165948217032	0	TRIAL	32
1165948219990	1	FACE	549	PRES1_PPPN	Correct	LL1	PP1	Target_PPPN	6	0	PRACTICE
1165948223752	1	FACE	549	CUE	Correct	LL1	PP1	Target_PPPN	6	0	PRACTICE
1165948224301	0	FACE	549	RESP	Correct	LL1	PP1	Target_PPPN	6	0	PRACTICE
1165947625119	0	E	Logging Ends
