1169832673762	0	B	Logging Begins
1169832673763	0	INSTRUCTIONSTART	JointRoller	/Library/Frameworks/Python.framework/Versions/2.4/lib/python2.4/site-packages/pyepl/resources/vera.ttf	64	(0, 0, 0)	'In the following experiment, your memory for associating names with faces will be tested.  The task is difficult and requires concentration, so if you need a break at any time let the experimenter know.\n\nSixteen faces will be presented on the screen, consecutively, accompanied by their names.  A woman\'s voice will also speak the name when the face appears on the screen.  After five seconds, the face will disappear from the screen, a star (*) will flash on the screen for one second, and then the next face and name will appear.\n\nAfter you have seen all sixteen faces and names, you will be prompted to press any key in order to move on to a testing period.  During each trial of the testing period, you will see a face with name underneath it.  You will have to decide whether or not the name is paired with the appropriate face.  \n\nYou will respond on the keyboard, with a confidence judgment between 1 and 6.  A judgment of 1 indicates that you are near certain that the name given is incorrectly paired with the face, a judgment of 2 indicates moderate confidence, and a judgment of 3 indicates that you think the name is incorrectly paired with the face, but are quite unsure.  A judgment of 6 indicates that you are near certain that the name given is correctly paired with the face, a judgment of 5 indicates moderate confidence, and a judgment of 4 indicates that you think the name is correctly paired with the face, but are quite unsure.\n\nYou should rest your fingers on the bottom row of the keyboard.  "Z", "X", and  "C" will correspond to confidence judgments of 1, 2, and 3, respectively.  ",", ".", and "/" will correspond to confidence judgments of 4, 5, and 6, respectively.\n\nAfter five seconds the name and face will disappear from the screen, a star will flash on the screen for one second, and then the next name and face pair will appear on the screen.  You will see sixteen name-face pairs per test period.  You should try to reply as quickly and accurately as you can.\n\nThere will be ten study periods and ten test periods, alternating.  Each face will have the same name over the entire course of the experiment, so your task is to try and learn the faces\' names as quickly and accurately as possible.\n\nDo you have any questions?\n\nPress <ENTER> to continue.\n'
1169832673842	1	INSTRUCTIONSCROLL	0
1169832686450	1	INSTRUCTIONSCROLL	1
1169832686467	1	INSTRUCTIONSCROLL	4
1169832686484	1	INSTRUCTIONSCROLL	7
1169832686617	1	INSTRUCTIONSCROLL	8
1169832686633	1	INSTRUCTIONSCROLL	10
1169832686650	1	INSTRUCTIONSCROLL	13
1169832686766	1	INSTRUCTIONSCROLL	14
1169832686782	1	INSTRUCTIONSCROLL	15
1169832686799	1	INSTRUCTIONSCROLL	18
1169832686916	1	INSTRUCTIONSCROLL	19
1169832686932	1	INSTRUCTIONSCROLL	21
1169832686949	1	INSTRUCTIONSCROLL	25
1169832687067	1	INSTRUCTIONSCROLL	26
1169832687083	1	INSTRUCTIONSCROLL	29
1169832687100	1	INSTRUCTIONSCROLL	33
1169832687200	1	INSTRUCTIONSCROLL	34
1169832687217	1	INSTRUCTIONSCROLL	35
1169832687233	1	INSTRUCTIONSCROLL	38
1169832687250	1	INSTRUCTIONSCROLL	42
1169832687267	1	INSTRUCTIONSCROLL	45
1169832687350	1	INSTRUCTIONSCROLL	46
1169832687367	1	INSTRUCTIONSCROLL	48
1169832687383	1	INSTRUCTIONSCROLL	52
1169832687400	1	INSTRUCTIONSCROLL	55
1169832687417	1	INSTRUCTIONSCROLL	58
1169832687483	1	INSTRUCTIONSCROLL	59
1169832687500	1	INSTRUCTIONSCROLL	61
1169832687516	1	INSTRUCTIONSCROLL	65
1169832687533	1	INSTRUCTIONSCROLL	68
1169832687550	1	INSTRUCTIONSCROLL	71
1169832687617	1	INSTRUCTIONSCROLL	72
1169832687633	1	INSTRUCTIONSCROLL	74
1169832687650	1	INSTRUCTIONSCROLL	77
1169832687666	1	INSTRUCTIONSCROLL	80
1169832687682	1	INSTRUCTIONSCROLL	84
1169832687699	1	INSTRUCTIONSCROLL	87
1169832687799	1	INSTRUCTIONSCROLL	88
1169832687815	1	INSTRUCTIONSCROLL	89
1169832687832	1	INSTRUCTIONSCROLL	92
1169832687849	1	INSTRUCTIONSCROLL	96
1169832687982	1	INSTRUCTIONSCROLL	97
1169832687999	1	INSTRUCTIONSCROLL	100
1169832688016	1	INSTRUCTIONSCROLL	104
1169832688133	1	INSTRUCTIONSCROLL	105
1169832688150	1	INSTRUCTIONSCROLL	106
1169832688166	1	INSTRUCTIONSCROLL	109
1169832688183	1	INSTRUCTIONSCROLL	112
1169832688300	1	INSTRUCTIONSCROLL	113
1169832688316	1	INSTRUCTIONSCROLL	115
1169832688333	1	INSTRUCTIONSCROLL	119
1169832688350	1	INSTRUCTIONSCROLL	122
1169832688483	1	INSTRUCTIONSCROLL	123
1169832688500	1	INSTRUCTIONSCROLL	126
1169832688516	1	INSTRUCTIONSCROLL	130
1169832688633	1	INSTRUCTIONSCROLL	131
1169832688650	1	INSTRUCTIONSCROLL	134
1169832688666	1	INSTRUCTIONSCROLL	137
1169832688682	1	INSTRUCTIONSCROLL	140
1169832688815	1	INSTRUCTIONSCROLL	141
1169832688832	1	INSTRUCTIONSCROLL	143
1169832688848	1	INSTRUCTIONSCROLL	146
1169832688865	1	INSTRUCTIONSCROLL	149
1169832688982	1	INSTRUCTIONSCROLL	150
1169832688998	1	INSTRUCTIONSCROLL	153
1169832689016	1	INSTRUCTIONSCROLL	156
1169832689033	1	INSTRUCTIONSCROLL	160
1169832689149	1	INSTRUCTIONSCROLL	161
1169832689166	1	INSTRUCTIONSCROLL	162
1169832689183	1	INSTRUCTIONSCROLL	165
1169832689199	1	INSTRUCTIONSCROLL	168
1169832689333	1	INSTRUCTIONSCROLL	169
1169832689349	1	INSTRUCTIONSCROLL	171
1169832689366	1	INSTRUCTIONSCROLL	175
1169832689533	1	INSTRUCTIONSCROLL	176
1169832689682	1	INSTRUCTIONSCROLL	177
1169832689698	1	INSTRUCTIONSCROLL	180
1169832689715	1	INSTRUCTIONSCROLL	183
1169832689731	1	INSTRUCTIONSCROLL	186
1169832689848	1	INSTRUCTIONSCROLL	187
1169832689865	1	INSTRUCTIONSCROLL	190
1169832689881	1	INSTRUCTIONSCROLL	194
1169832689898	1	INSTRUCTIONSCROLL	197
1169832689998	1	INSTRUCTIONSCROLL	198
1169832690016	1	INSTRUCTIONSCROLL	199
1169832690032	1	INSTRUCTIONSCROLL	203
1169832690049	1	INSTRUCTIONSCROLL	206
1169832690066	1	INSTRUCTIONSCROLL	209
1169832690182	1	INSTRUCTIONSCROLL	210
1169832690199	1	INSTRUCTIONSCROLL	213
1169832690216	1	INSTRUCTIONSCROLL	216
1169832690499	1	INSTRUCTIONSCROLL	217
1169832690516	1	INSTRUCTIONSCROLL	218
1169832690532	1	INSTRUCTIONSCROLL	221
1169832690549	1	INSTRUCTIONSCROLL	224
1169832690682	1	INSTRUCTIONSCROLL	225
1169832690698	1	INSTRUCTIONSCROLL	228
1169832690715	1	INSTRUCTIONSCROLL	232
1169832690731	1	INSTRUCTIONSCROLL	235
1169832701479	1	INSTRUCTIONSCROLL	236
1169832701495	1	INSTRUCTIONSCROLL	237
1169832701512	1	INSTRUCTIONSCROLL	240
1169832701529	1	INSTRUCTIONSCROLL	244
1169832701545	1	INSTRUCTIONSCROLL	247
1169832701562	1	INSTRUCTIONSCROLL	250
1169832701579	1	INSTRUCTIONSCROLL	254
1169832701595	1	INSTRUCTIONSCROLL	257
1169832701612	1	INSTRUCTIONSCROLL	260
1169832701828	1	INSTRUCTIONSCROLL	261
1169832701844	1	INSTRUCTIONSCROLL	264
1169832701861	1	INSTRUCTIONSCROLL	267
1169832701878	1	INSTRUCTIONSCROLL	270
1169832702079	1	INSTRUCTIONSCROLL	271
1169832702095	1	INSTRUCTIONSCROLL	272
1169832702112	1	INSTRUCTIONSCROLL	275
1169832702129	1	INSTRUCTIONSCROLL	279
1169832702145	1	INSTRUCTIONSCROLL	282
1169832702312	1	INSTRUCTIONSCROLL	283
1169832702328	1	INSTRUCTIONSCROLL	284
1169832702345	1	INSTRUCTIONSCROLL	288
1169832702562	1	INSTRUCTIONSCROLL	289
1169832702578	1	INSTRUCTIONSCROLL	290
1169832702595	1	INSTRUCTIONSCROLL	294
1169832702612	1	INSTRUCTIONSCROLL	297
1169832702827	1	INSTRUCTIONSCROLL	298
1169832702844	1	INSTRUCTIONSCROLL	299
1169832702861	1	INSTRUCTIONSCROLL	302
1169832702877	1	INSTRUCTIONSCROLL	305
1169832703078	1	INSTRUCTIONSCROLL	306
1169832703095	1	INSTRUCTIONSCROLL	309
1169832703561	1	INSTRUCTIONSCROLL	310
1169832703578	1	INSTRUCTIONSCROLL	311
1169832703595	1	INSTRUCTIONSCROLL	315
1169832703611	1	INSTRUCTIONSCROLL	318
1169832703960	1	INSTRUCTIONSCROLL	319
1169832703977	1	INSTRUCTIONSCROLL	322
1169832704128	1	INSTRUCTIONSCROLL	323
1169832704145	1	INSTRUCTIONSCROLL	326
1169832704294	1	INSTRUCTIONSCROLL	327
1169832704311	1	INSTRUCTIONSCROLL	328
1169832704328	1	INSTRUCTIONSCROLL	331
1169832704461	1	INSTRUCTIONSCROLL	332
1169832704478	1	INSTRUCTIONSCROLL	335
1169832704494	1	INSTRUCTIONSCROLL	338
1169832704511	1	INSTRUCTIONSCROLL	341
1169832704628	1	INSTRUCTIONSCROLL	342
1169832704644	1	INSTRUCTIONSCROLL	343
1169832704661	1	INSTRUCTIONSCROLL	346
1169832704678	1	INSTRUCTIONSCROLL	349
1169832704793	1	INSTRUCTIONSCROLL	350
1169832704810	1	INSTRUCTIONSCROLL	352
1169832704827	1	INSTRUCTIONSCROLL	355
1169832704843	1	INSTRUCTIONSCROLL	359
1169832704860	1	INSTRUCTIONSCROLL	362
1169832704977	1	INSTRUCTIONSCROLL	363
1169832704993	1	INSTRUCTIONSCROLL	366
1169832705011	1	INSTRUCTIONSCROLL	370
1169832705028	1	INSTRUCTIONSCROLL	373
1169832705178	1	INSTRUCTIONSCROLL	374
1169832705194	1	INSTRUCTIONSCROLL	377
1169832705211	1	INSTRUCTIONSCROLL	381
1169832718739	1	INSTRUCTIONSCROLL	382
1169832718755	1	INSTRUCTIONSCROLL	385
1169832718772	1	INSTRUCTIONSCROLL	389
1169832718789	1	INSTRUCTIONSCROLL	392
1169832718805	1	INSTRUCTIONSCROLL	395
1169832718962	1	INSTRUCTIONSCROLL	396
1169832718972	1	INSTRUCTIONSCROLL	397
1169832718989	1	INSTRUCTIONSCROLL	399
1169832719006	1	INSTRUCTIONSCROLL	402
1169832719123	1	INSTRUCTIONSCROLL	403
1169832719140	1	INSTRUCTIONSCROLL	405
1169832719156	1	INSTRUCTIONSCROLL	409
1169832719173	1	INSTRUCTIONSCROLL	412
1169832719190	1	INSTRUCTIONSCROLL	415
1169832719273	1	INSTRUCTIONSCROLL	416
1169832719290	1	INSTRUCTIONSCROLL	418
1169832719306	1	INSTRUCTIONSCROLL	421
1169832719323	1	INSTRUCTIONSCROLL	425
1169832719340	1	INSTRUCTIONSCROLL	428
1169832719440	1	INSTRUCTIONSCROLL	429
1169832719456	1	INSTRUCTIONSCROLL	432
1169832719473	1	INSTRUCTIONSCROLL	435
1169832719490	1	INSTRUCTIONSCROLL	438
1169832719506	1	INSTRUCTIONSCROLL	442
1169832719523	1	INSTRUCTIONSCROLL	445
1169832719540	1	INSTRUCTIONSCROLL	448
1169832719556	1	INSTRUCTIONSCROLL	452
1169832719573	1	INSTRUCTIONSCROLL	455
1169832719590	1	INSTRUCTIONSCROLL	458
1169832719606	1	INSTRUCTIONSCROLL	462
1169832719623	1	INSTRUCTIONSCROLL	465
1169832719639	1	INSTRUCTIONSCROLL	468
1169832719656	1	INSTRUCTIONSCROLL	472
1169832719673	1	INSTRUCTIONSCROLL	475
1169832719688	1	INSTRUCTIONSCROLL	478
1169832719705	1	INSTRUCTIONSCROLL	482
1169832719722	1	INSTRUCTIONSCROLL	485
1169832719738	1	INSTRUCTIONSCROLL	488
1169832719755	1	INSTRUCTIONSCROLL	492
1169832719772	1	INSTRUCTIONSCROLL	495
1169832719788	1	INSTRUCTIONSCROLL	498
1169832719805	1	INSTRUCTIONSCROLL	502
1169832719822	1	INSTRUCTIONSCROLL	505
1169832719838	1	INSTRUCTIONSCROLL	508
1169832719855	1	INSTRUCTIONSCROLL	512
1169832719872	1	INSTRUCTIONSCROLL	515
1169832719888	1	INSTRUCTIONSCROLL	518
1169832719905	1	INSTRUCTIONSCROLL	522
1169832719922	1	INSTRUCTIONSCROLL	525
1169832719938	1	INSTRUCTIONSCROLL	528
1169832719957	1	INSTRUCTIONSCROLL	532
1169832719972	1	INSTRUCTIONSCROLL	535
1169832719988	1	INSTRUCTIONSCROLL	538
1169832720006	1	INSTRUCTIONSCROLL	542
1169832720023	1	INSTRUCTIONSCROLL	545
1169832720039	1	INSTRUCTIONSCROLL	548
1169832720056	1	INSTRUCTIONSCROLL	552
1169832720073	1	INSTRUCTIONSCROLL	555
1169832720089	1	INSTRUCTIONSCROLL	559
1169832720106	1	INSTRUCTIONSCROLL	562
1169832720123	1	INSTRUCTIONSCROLL	565
1169832720139	1	INSTRUCTIONSCROLL	568
1169832720156	1	INSTRUCTIONSCROLL	572
1169832720173	1	INSTRUCTIONSCROLL	575
1169832720189	1	INSTRUCTIONSCROLL	578
1169832720206	1	INSTRUCTIONSCROLL	582
1169832720223	1	INSTRUCTIONSCROLL	585
1169832720239	1	INSTRUCTIONSCROLL	588
1169832720256	1	INSTRUCTIONSCROLL	592
1169832720273	1	INSTRUCTIONSCROLL	595
1169832720289	1	INSTRUCTIONSCROLL	598
1169832720306	1	INSTRUCTIONSCROLL	602
1169832720323	1	INSTRUCTIONSCROLL	605
1169832720339	1	INSTRUCTIONSCROLL	608
1169832720356	1	INSTRUCTIONSCROLL	612
1169832720373	1	INSTRUCTIONSCROLL	615
1169832720389	1	INSTRUCTIONSCROLL	618
1169832720406	1	INSTRUCTIONSCROLL	622
1169832720423	1	INSTRUCTIONSCROLL	625
1169832720439	1	INSTRUCTIONSCROLL	628
1169832720456	1	INSTRUCTIONSCROLL	632
1169832720473	1	INSTRUCTIONSCROLL	635
1169832720489	1	INSTRUCTIONSCROLL	638
1169832720506	1	INSTRUCTIONSCROLL	642
1169832720523	1	INSTRUCTIONSCROLL	645
1169832720539	1	INSTRUCTIONSCROLL	648
1169832720556	1	INSTRUCTIONSCROLL	652
1169832720573	1	INSTRUCTIONSCROLL	655
1169832720589	1	INSTRUCTIONSCROLL	658
1169832720606	1	INSTRUCTIONSCROLL	662
1169832720623	1	INSTRUCTIONSCROLL	665
1169832720639	1	INSTRUCTIONSCROLL	668
1169832720656	1	INSTRUCTIONSCROLL	672
1169832720673	1	INSTRUCTIONSCROLL	675
1169832720688	1	INSTRUCTIONSCROLL	678
1169832720705	1	INSTRUCTIONSCROLL	682
1169832720722	1	INSTRUCTIONSCROLL	685
1169832720738	1	INSTRUCTIONSCROLL	688
1169832720755	1	INSTRUCTIONSCROLL	692
1169832720772	1	INSTRUCTIONSCROLL	695
1169832720788	1	INSTRUCTIONSCROLL	698
1169832720805	1	INSTRUCTIONSCROLL	702
1169832720821	1	INSTRUCTIONSCROLL	705
1169832720838	1	INSTRUCTIONSCROLL	708
1169832720856	1	INSTRUCTIONSCROLL	712
1169832720871	1	INSTRUCTIONSCROLL	715
1169832720888	1	INSTRUCTIONSCROLL	718
1169832720905	1	INSTRUCTIONSCROLL	722
1169832720922	1	INSTRUCTIONSCROLL	725
1169832720938	1	INSTRUCTIONSCROLL	728
1169832720955	1	INSTRUCTIONSCROLL	732
1169832720971	1	INSTRUCTIONSCROLL	735
1169832720988	1	INSTRUCTIONSCROLL	738
1169832721006	1	INSTRUCTIONSCROLL	741
1169832721022	1	INSTRUCTIONSCROLL	745
1169832721039	1	INSTRUCTIONSCROLL	748
1169832721056	1	INSTRUCTIONSCROLL	752
1169832721072	1	INSTRUCTIONSCROLL	755
1169832721089	1	INSTRUCTIONSCROLL	758
1169832721106	1	INSTRUCTIONSCROLL	762
1169832721122	1	INSTRUCTIONSCROLL	765
1169832721139	1	INSTRUCTIONSCROLL	768
1169832721156	1	INSTRUCTIONSCROLL	772
1169832721172	1	INSTRUCTIONSCROLL	775
1169832721189	1	INSTRUCTIONSCROLL	778
1169832721206	1	INSTRUCTIONSCROLL	782
1169832721222	1	INSTRUCTIONSCROLL	785
1169832721239	1	INSTRUCTIONSCROLL	788
1169832721256	1	INSTRUCTIONSCROLL	792
1169832721272	1	INSTRUCTIONSCROLL	795
1169832721289	1	INSTRUCTIONSCROLL	798
1169832721306	1	INSTRUCTIONSCROLL	802
1169832721322	1	INSTRUCTIONSCROLL	805
1169832721339	1	INSTRUCTIONSCROLL	808
1169832721356	1	INSTRUCTIONSCROLL	812
1169832721372	1	INSTRUCTIONSCROLL	815
1169832721389	1	INSTRUCTIONSCROLL	818
1169832721406	1	INSTRUCTIONSCROLL	822
1169832721422	1	INSTRUCTIONSCROLL	825
1169832721439	1	INSTRUCTIONSCROLL	828
1169832721456	1	INSTRUCTIONSCROLL	832
1169832721472	1	INSTRUCTIONSCROLL	835
1169832721489	1	INSTRUCTIONSCROLL	838
1169832721506	1	INSTRUCTIONSCROLL	842
1169832721522	1	INSTRUCTIONSCROLL	845
1169832721539	1	INSTRUCTIONSCROLL	848
1169832721556	1	INSTRUCTIONSCROLL	852
1169832721572	1	INSTRUCTIONSCROLL	855
1169832721589	1	INSTRUCTIONSCROLL	858
1169832721606	1	INSTRUCTIONSCROLL	862
1169832721622	1	INSTRUCTIONSCROLL	865
1169832721639	1	INSTRUCTIONSCROLL	868
1169832721656	1	INSTRUCTIONSCROLL	872
1169832721672	1	INSTRUCTIONSCROLL	875
1169832721688	1	INSTRUCTIONSCROLL	878
1169832721705	1	INSTRUCTIONSCROLL	882
1169832721721	1	INSTRUCTIONSCROLL	885
1169832721738	1	INSTRUCTIONSCROLL	888
1169832721755	1	INSTRUCTIONSCROLL	891
1169832721771	1	INSTRUCTIONSCROLL	895
1169832721788	1	INSTRUCTIONSCROLL	898
1169832721805	1	INSTRUCTIONSCROLL	902
1169832721821	1	INSTRUCTIONSCROLL	905
1169832721838	1	INSTRUCTIONSCROLL	908
1169832721854	1	INSTRUCTIONSCROLL	912
1169832721871	1	INSTRUCTIONSCROLL	915
1169832721888	1	INSTRUCTIONSCROLL	918
1169832721904	1	INSTRUCTIONSCROLL	921
1169832721921	1	INSTRUCTIONSCROLL	925
1169832721938	1	INSTRUCTIONSCROLL	928
1169832721954	1	INSTRUCTIONSCROLL	932
1169832721971	1	INSTRUCTIONSCROLL	935
1169832721988	1	INSTRUCTIONSCROLL	938
1169832722005	1	INSTRUCTIONSCROLL	942
1169832722022	1	INSTRUCTIONSCROLL	945
1169832722039	1	INSTRUCTIONSCROLL	948
1169832722055	1	INSTRUCTIONSCROLL	952
1169832722072	1	INSTRUCTIONSCROLL	955
1169832722089	1	INSTRUCTIONSCROLL	958
1169832722105	1	INSTRUCTIONSCROLL	962
1169832722122	1	INSTRUCTIONSCROLL	965
1169832722139	1	INSTRUCTIONSCROLL	968
1169832722155	1	INSTRUCTIONSCROLL	972
1169832722172	1	INSTRUCTIONSCROLL	975
1169832722189	1	INSTRUCTIONSCROLL	978
1169832722205	1	INSTRUCTIONSCROLL	982
1169832722222	1	INSTRUCTIONSCROLL	985
1169832722239	1	INSTRUCTIONSCROLL	988
1169832722255	1	INSTRUCTIONSCROLL	992
1169832722272	1	INSTRUCTIONSCROLL	995
1169832722289	1	INSTRUCTIONSCROLL	998
1169832722305	1	INSTRUCTIONSCROLL	1002
1169832722322	1	INSTRUCTIONSCROLL	1005
1169832722339	1	INSTRUCTIONSCROLL	1008
1169832722355	1	INSTRUCTIONSCROLL	1012
1169832722372	1	INSTRUCTIONSCROLL	1015
1169832722389	1	INSTRUCTIONSCROLL	1018
1169832722405	1	INSTRUCTIONSCROLL	1022
1169832722422	1	INSTRUCTIONSCROLL	1025
1169832722439	1	INSTRUCTIONSCROLL	1028
1169832722455	1	INSTRUCTIONSCROLL	1032
1169832722472	1	INSTRUCTIONSCROLL	1035
1169832722489	1	INSTRUCTIONSCROLL	1038
1169832722505	1	INSTRUCTIONSCROLL	1042
1169832722522	1	INSTRUCTIONSCROLL	1045
1169832722539	1	INSTRUCTIONSCROLL	1048
1169832722555	1	INSTRUCTIONSCROLL	1052
1169832722572	1	INSTRUCTIONSCROLL	1055
1169832722589	1	INSTRUCTIONSCROLL	1058
1169832722605	1	INSTRUCTIONSCROLL	1062
1169832722622	1	INSTRUCTIONSCROLL	1065
1169832722639	1	INSTRUCTIONSCROLL	1068
1169832722655	1	INSTRUCTIONSCROLL	1072
1169832722672	1	INSTRUCTIONSCROLL	1075
1169832722688	1	INSTRUCTIONSCROLL	1078
1169832722704	1	INSTRUCTIONSCROLL	1081
1169832722721	1	INSTRUCTIONSCROLL	1085
1169832722738	1	INSTRUCTIONSCROLL	1088
1169832722754	1	INSTRUCTIONSCROLL	1092
1169832722771	1	INSTRUCTIONSCROLL	1095
1169832722788	1	INSTRUCTIONSCROLL	1098
1169832722804	1	INSTRUCTIONSCROLL	1102
1169832722821	1	INSTRUCTIONSCROLL	1105
1169832722838	1	INSTRUCTIONSCROLL	1108
1169832722854	1	INSTRUCTIONSCROLL	1112
1169832722871	1	INSTRUCTIONSCROLL	1115
1169832722888	1	INSTRUCTIONSCROLL	1118
1169832722904	1	INSTRUCTIONSCROLL	1122
1169832722921	1	INSTRUCTIONSCROLL	1125
1169832722937	1	INSTRUCTIONSCROLL	1128
1169832722954	1	INSTRUCTIONSCROLL	1132
1169832722971	1	INSTRUCTIONSCROLL	1135
1169832730119	1	INSTRUCTIONSCROLL	1136
1169832730136	1	INSTRUCTIONSCROLL	1139
1169832730153	1	INSTRUCTIONSCROLL	1142
1169832730169	1	INSTRUCTIONSCROLL	1146
1169832730186	1	INSTRUCTIONSCROLL	1149
1169832730203	1	INSTRUCTIONSCROLL	1152
1169832730220	1	INSTRUCTIONSCROLL	1156
1169832730236	1	INSTRUCTIONSCROLL	1159
1169832730253	1	INSTRUCTIONSCROLL	1162
1169832730269	1	INSTRUCTIONSCROLL	1166
1169832730286	1	INSTRUCTIONSCROLL	1169
1169832730303	1	INSTRUCTIONSCROLL	1172
1169832730319	1	INSTRUCTIONSCROLL	1176
1169832730336	1	INSTRUCTIONSCROLL	1179
1169832730353	1	INSTRUCTIONSCROLL	1182
1169832730369	1	INSTRUCTIONSCROLL	1186
1169832730386	1	INSTRUCTIONSCROLL	1189
1169832730403	1	INSTRUCTIONSCROLL	1192
1169832730419	1	INSTRUCTIONSCROLL	1196
1169832730436	1	INSTRUCTIONSCROLL	1199
1169832730453	1	INSTRUCTIONSCROLL	1202
1169832730469	1	INSTRUCTIONSCROLL	1206
1169832730486	1	INSTRUCTIONSCROLL	1209
1169832730503	1	INSTRUCTIONSCROLL	1212
1169832730519	1	INSTRUCTIONSCROLL	1216
1169832730536	1	INSTRUCTIONSCROLL	1219
1169832730553	1	INSTRUCTIONSCROLL	1222
1169832730569	1	INSTRUCTIONSCROLL	1226
1169832730586	1	INSTRUCTIONSCROLL	1229
1169832730603	1	INSTRUCTIONSCROLL	1232
1169832730619	1	INSTRUCTIONSCROLL	1236
1169832730636	1	INSTRUCTIONSCROLL	1239
1169832730653	1	INSTRUCTIONSCROLL	1242
1169832730669	1	INSTRUCTIONSCROLL	1246
1169832730685	1	INSTRUCTIONSCROLL	1249
1169832730702	1	INSTRUCTIONSCROLL	1252
1169832730718	1	INSTRUCTIONSCROLL	1255
1169832730735	1	INSTRUCTIONSCROLL	1259
1169832730752	1	INSTRUCTIONSCROLL	1262
1169832730768	1	INSTRUCTIONSCROLL	1265
1169832730785	1	INSTRUCTIONSCROLL	1269
1169832730802	1	INSTRUCTIONSCROLL	1272
1169832730818	1	INSTRUCTIONSCROLL	1275
1169832730835	1	INSTRUCTIONSCROLL	1279
1169832730852	1	INSTRUCTIONSCROLL	1282
1169832730868	1	INSTRUCTIONSCROLL	1285
1169832730885	1	INSTRUCTIONSCROLL	1289
1169832730902	1	INSTRUCTIONSCROLL	1292
1169832730918	1	INSTRUCTIONSCROLL	1295
1169832730935	1	INSTRUCTIONSCROLL	1299
1169832730952	1	INSTRUCTIONSCROLL	1302
1169832730968	1	INSTRUCTIONSCROLL	1305
1169832730985	1	INSTRUCTIONSCROLL	1309
1169832731003	1	INSTRUCTIONSCROLL	1312
1169832731019	1	INSTRUCTIONSCROLL	1316
1169832731036	1	INSTRUCTIONSCROLL	1319
1169832731053	1	INSTRUCTIONSCROLL	1322
1169832731069	1	INSTRUCTIONSCROLL	1326
1169832731086	1	INSTRUCTIONSCROLL	1329
1169832731103	1	INSTRUCTIONSCROLL	1332
1169832731119	1	INSTRUCTIONSCROLL	1336
1169832731136	1	INSTRUCTIONSCROLL	1339
1169832731152	1	INSTRUCTIONSCROLL	1342
1169832731169	1	INSTRUCTIONSCROLL	1346
1169832731186	1	INSTRUCTIONSCROLL	1349
1169832731202	1	INSTRUCTIONSCROLL	1352
1169832731219	1	INSTRUCTIONSCROLL	1356
1169832731236	1	INSTRUCTIONSCROLL	1359
1169832731252	1	INSTRUCTIONSCROLL	1362
1169832731269	1	INSTRUCTIONSCROLL	1366
1169832731286	1	INSTRUCTIONSCROLL	1369
1169832731302	1	INSTRUCTIONSCROLL	1372
1169832731319	1	INSTRUCTIONSCROLL	1376
1169832731336	1	INSTRUCTIONSCROLL	1379
1169832731352	1	INSTRUCTIONSCROLL	1382
1169832731369	1	INSTRUCTIONSCROLL	1386
1169832731386	1	INSTRUCTIONSCROLL	1389
1169832731402	1	INSTRUCTIONSCROLL	1392
1169832731419	1	INSTRUCTIONSCROLL	1396
1169832731436	1	INSTRUCTIONSCROLL	1399
1169832731452	1	INSTRUCTIONSCROLL	1402
1169832731469	1	INSTRUCTIONSCROLL	1406
1169832731486	1	INSTRUCTIONSCROLL	1409
1169832731502	1	INSTRUCTIONSCROLL	1412
1169832731519	1	INSTRUCTIONSCROLL	1416
1169832731536	1	INSTRUCTIONSCROLL	1419
1169832731552	1	INSTRUCTIONSCROLL	1422
1169832731569	1	INSTRUCTIONSCROLL	1426
1169832731586	1	INSTRUCTIONSCROLL	1429
1169832731602	1	INSTRUCTIONSCROLL	1432
1169832731619	1	INSTRUCTIONSCROLL	1436
1169832731636	1	INSTRUCTIONSCROLL	1439
1169832731652	1	INSTRUCTIONSCROLL	1442
1169832731669	1	INSTRUCTIONSCROLL	1446
1169832731685	1	INSTRUCTIONSCROLL	1449
1169832731701	1	INSTRUCTIONSCROLL	1452
1169832731718	1	INSTRUCTIONSCROLL	1455
1169832731735	1	INSTRUCTIONSCROLL	1459
1169832731751	1	INSTRUCTIONSCROLL	1462
1169832731768	1	INSTRUCTIONSCROLL	1465
1169832731785	1	INSTRUCTIONSCROLL	1469
1169832731801	1	INSTRUCTIONSCROLL	1472
1169832731818	1	INSTRUCTIONSCROLL	1475
1169832731835	1	INSTRUCTIONSCROLL	1479
1169832731851	1	INSTRUCTIONSCROLL	1482
1169832731868	1	INSTRUCTIONSCROLL	1485
1169832731885	1	INSTRUCTIONSCROLL	1489
1169832731901	1	INSTRUCTIONSCROLL	1492
1169832731918	1	INSTRUCTIONSCROLL	1495
1169832731935	1	INSTRUCTIONSCROLL	1499
1169832731951	1	INSTRUCTIONSCROLL	1502
1169832731968	1	INSTRUCTIONSCROLL	1505
1169832731985	1	INSTRUCTIONSCROLL	1509
1169832732002	1	INSTRUCTIONSCROLL	1512
1169832732019	1	INSTRUCTIONSCROLL	1516
1169832732036	1	INSTRUCTIONSCROLL	1519
1169832732052	1	INSTRUCTIONSCROLL	1522
1169832732069	1	INSTRUCTIONSCROLL	1526
1169832732086	1	INSTRUCTIONSCROLL	1529
1169832732102	1	INSTRUCTIONSCROLL	1532
1169832732119	1	INSTRUCTIONSCROLL	1536
1169832732136	1	INSTRUCTIONSCROLL	1539
1169832732152	1	INSTRUCTIONSCROLL	1542
1169832732169	1	INSTRUCTIONSCROLL	1546
1169832732186	1	INSTRUCTIONSCROLL	1549
1169832732202	1	INSTRUCTIONSCROLL	1552
1169832732219	1	INSTRUCTIONSCROLL	1556
1169832732235	1	INSTRUCTIONSCROLL	1559
1169832732252	1	INSTRUCTIONSCROLL	1562
1169832732269	1	INSTRUCTIONSCROLL	1566
1169832732286	1	INSTRUCTIONSCROLL	1569
1169832732302	1	INSTRUCTIONSCROLL	1572
1169832732319	1	INSTRUCTIONSCROLL	1575
1169832732335	1	INSTRUCTIONSCROLL	1579
1169832732352	1	INSTRUCTIONSCROLL	1582
1169832732369	1	INSTRUCTIONSCROLL	1586
1169832732385	1	INSTRUCTIONSCROLL	1589
1169832732402	1	INSTRUCTIONSCROLL	1592
1169832732419	1	INSTRUCTIONSCROLL	1596
1169832732435	1	INSTRUCTIONSCROLL	1599
1169832732452	1	INSTRUCTIONSCROLL	1602
1169832732469	1	INSTRUCTIONSCROLL	1605
1169832732485	1	INSTRUCTIONSCROLL	1609
1169832732502	1	INSTRUCTIONSCROLL	1612
1169832732519	1	INSTRUCTIONSCROLL	1616
1169832732535	1	INSTRUCTIONSCROLL	1619
1169832732552	1	INSTRUCTIONSCROLL	1622
1169832732569	1	INSTRUCTIONSCROLL	1626
1169832732585	1	INSTRUCTIONSCROLL	1629
1169832732602	1	INSTRUCTIONSCROLL	1632
1169832732619	1	INSTRUCTIONSCROLL	1636
1169832732635	1	INSTRUCTIONSCROLL	1639
1169832732652	1	INSTRUCTIONSCROLL	1642
1169832732669	1	INSTRUCTIONSCROLL	1646
1169832732684	1	INSTRUCTIONSCROLL	1649
1169832732701	1	INSTRUCTIONSCROLL	1652
1169832732718	1	INSTRUCTIONSCROLL	1655
1169832732734	1	INSTRUCTIONSCROLL	1659
1169832732751	1	INSTRUCTIONSCROLL	1662
1169832732768	1	INSTRUCTIONSCROLL	1665
1169832732784	1	INSTRUCTIONSCROLL	1669
1169832732801	1	INSTRUCTIONSCROLL	1672
1169832732818	1	INSTRUCTIONSCROLL	1675
1169832732834	1	INSTRUCTIONSCROLL	1679
1169832732851	1	INSTRUCTIONSCROLL	1682
1169832732868	1	INSTRUCTIONSCROLL	1685
1169832732884	1	INSTRUCTIONSCROLL	1689
1169832732901	1	INSTRUCTIONSCROLL	1692
1169832732918	1	INSTRUCTIONSCROLL	1695
1169832732934	1	INSTRUCTIONSCROLL	1699
1169832732951	1	INSTRUCTIONSCROLL	1702
1169832732968	1	INSTRUCTIONSCROLL	1705
1169832732984	1	INSTRUCTIONSCROLL	1709
1169832733002	1	INSTRUCTIONSCROLL	1712
1169832733019	1	INSTRUCTIONSCROLL	1716
1169832733035	1	INSTRUCTIONSCROLL	1719
1169832733052	1	INSTRUCTIONSCROLL	1722
1169832733069	1	INSTRUCTIONSCROLL	1725
1169832733085	1	INSTRUCTIONSCROLL	1729
1169832733102	1	INSTRUCTIONSCROLL	1732
1169832733119	1	INSTRUCTIONSCROLL	1736
1169832733135	1	INSTRUCTIONSCROLL	1739
1169832733152	1	INSTRUCTIONSCROLL	1742
1169832733169	1	INSTRUCTIONSCROLL	1746
1169832733185	1	INSTRUCTIONSCROLL	1749
1169832733202	1	INSTRUCTIONSCROLL	1752
1169832733219	1	INSTRUCTIONSCROLL	1755
1169832733235	1	INSTRUCTIONSCROLL	1759
1169832733252	1	INSTRUCTIONSCROLL	1762
1169832733269	1	INSTRUCTIONSCROLL	1766
1169832733285	1	INSTRUCTIONSCROLL	1769
1169832733302	1	INSTRUCTIONSCROLL	1772
1169832733319	1	INSTRUCTIONSCROLL	1776
1169832733335	1	INSTRUCTIONSCROLL	1779
1169832733352	1	INSTRUCTIONSCROLL	1782
1169832733368	1	INSTRUCTIONSCROLL	1785
1169832733385	1	INSTRUCTIONSCROLL	1789
1169832733402	1	INSTRUCTIONSCROLL	1792
1169832733418	1	INSTRUCTIONSCROLL	1795
1169832733435	1	INSTRUCTIONSCROLL	1799
1169832733452	1	INSTRUCTIONSCROLL	1802
1169832733468	1	INSTRUCTIONSCROLL	1805
1169832733485	1	INSTRUCTIONSCROLL	1809
1169832733502	1	INSTRUCTIONSCROLL	1812
1169832733518	1	INSTRUCTIONSCROLL	1815
1169832733535	1	INSTRUCTIONSCROLL	1819
1169832733552	1	INSTRUCTIONSCROLL	1822
1169832733568	1	INSTRUCTIONSCROLL	1825
1169832733585	1	INSTRUCTIONSCROLL	1829
1169832733602	1	INSTRUCTIONSCROLL	1832
1169832733618	1	INSTRUCTIONSCROLL	1835
1169832733635	1	INSTRUCTIONSCROLL	1839
1169832733652	1	INSTRUCTIONSCROLL	1842
1169832733668	1	INSTRUCTIONSCROLL	1845
1169832733684	1	INSTRUCTIONSCROLL	1849
1169832733701	1	INSTRUCTIONSCROLL	1852
1169832733717	1	INSTRUCTIONSCROLL	1855
1169832733734	1	INSTRUCTIONSCROLL	1859
1169832733751	1	INSTRUCTIONSCROLL	1862
1169832733767	1	INSTRUCTIONSCROLL	1865
1169832733784	1	INSTRUCTIONSCROLL	1869
1169832733801	1	INSTRUCTIONSCROLL	1872
1169832733817	1	INSTRUCTIONSCROLL	1875
1169832733834	1	INSTRUCTIONSCROLL	1879
1169832733851	1	INSTRUCTIONSCROLL	1882
1169832733867	1	INSTRUCTIONSCROLL	1885
1169832733884	1	INSTRUCTIONSCROLL	1889
1169832733901	1	INSTRUCTIONSCROLL	1892
1169832733917	1	INSTRUCTIONSCROLL	1895
1169832733934	1	INSTRUCTIONSCROLL	1899
1169832733951	1	INSTRUCTIONSCROLL	1902
1169832733967	1	INSTRUCTIONSCROLL	1905
1169832733984	1	INSTRUCTIONSCROLL	1909
1169832734002	1	INSTRUCTIONSCROLL	1912
1169832734018	1	INSTRUCTIONSCROLL	1915
1169832734035	1	INSTRUCTIONSCROLL	1919
1169832734052	1	INSTRUCTIONSCROLL	1922
1169832734068	1	INSTRUCTIONSCROLL	1925
1169832734085	1	INSTRUCTIONSCROLL	1929
1169832734102	1	INSTRUCTIONSCROLL	1932
1169832734118	1	INSTRUCTIONSCROLL	1935
1169832734135	1	INSTRUCTIONSCROLL	1939
1169832734152	1	INSTRUCTIONSCROLL	1942
1169832734168	1	INSTRUCTIONSCROLL	1945
1169832734185	1	INSTRUCTIONSCROLL	1949
1169832734202	1	INSTRUCTIONSCROLL	1952
1169832734218	1	INSTRUCTIONSCROLL	1955
1169832734235	1	INSTRUCTIONSCROLL	1959
1169832734252	1	INSTRUCTIONSCROLL	1962
1169832734268	1	INSTRUCTIONSCROLL	1965
1169832734285	1	INSTRUCTIONSCROLL	1969
1169832734301	1	INSTRUCTIONSCROLL	1972
1169832734318	1	INSTRUCTIONSCROLL	1975
1169832734335	1	INSTRUCTIONSCROLL	1979
1169832734351	1	INSTRUCTIONSCROLL	1982
1169832734368	1	INSTRUCTIONSCROLL	1985
1169832734385	1	INSTRUCTIONSCROLL	1989
1169832734401	1	INSTRUCTIONSCROLL	1992
1169832734418	1	INSTRUCTIONSCROLL	1995
1169832734435	1	INSTRUCTIONSCROLL	1999
1169832734451	1	INSTRUCTIONSCROLL	2002
1169832734468	1	INSTRUCTIONSCROLL	2005
1169832734485	1	INSTRUCTIONSCROLL	2009
1169832734501	1	INSTRUCTIONSCROLL	2012
1169832734518	1	INSTRUCTIONSCROLL	2015
1169832734535	1	INSTRUCTIONSCROLL	2019
1169832734551	1	INSTRUCTIONSCROLL	2022
1169832734568	1	INSTRUCTIONSCROLL	2025
1169832734585	1	INSTRUCTIONSCROLL	2029
1169832734601	1	INSTRUCTIONSCROLL	2032
1169832734618	1	INSTRUCTIONSCROLL	2035
1169832734635	1	INSTRUCTIONSCROLL	2039
1169832734651	1	INSTRUCTIONSCROLL	2042
1169832734668	1	INSTRUCTIONSCROLL	2045
1169832734684	1	INSTRUCTIONSCROLL	2049
1169832734700	1	INSTRUCTIONSCROLL	2052
1169832734717	1	INSTRUCTIONSCROLL	2055
1169832734734	1	INSTRUCTIONSCROLL	2059
1169832734750	1	INSTRUCTIONSCROLL	2062
1169832734767	1	INSTRUCTIONSCROLL	2065
1169832734784	1	INSTRUCTIONSCROLL	2068
1169832734800	1	INSTRUCTIONSCROLL	2072
1169832734817	1	INSTRUCTIONSCROLL	2075
1169832734834	1	INSTRUCTIONSCROLL	2078
1169832734850	1	INSTRUCTIONSCROLL	2082
1169832734868	1	INSTRUCTIONSCROLL	2085
1169832734884	1	INSTRUCTIONSCROLL	2089
1169832734900	1	INSTRUCTIONSCROLL	2092
1169832734917	1	INSTRUCTIONSCROLL	2095
1169832734934	1	INSTRUCTIONSCROLL	2098
1169832734950	1	INSTRUCTIONSCROLL	2102
1169832734967	1	INSTRUCTIONSCROLL	2105
1169832734984	1	INSTRUCTIONSCROLL	2108
1169832735001	1	INSTRUCTIONSCROLL	2112
1169832735018	1	INSTRUCTIONSCROLL	2115
1169832735035	1	INSTRUCTIONSCROLL	2119
1169832735051	1	INSTRUCTIONSCROLL	2122
1169832735068	1	INSTRUCTIONSCROLL	2125
1169832735085	1	INSTRUCTIONSCROLL	2129
1169832735101	1	INSTRUCTIONSCROLL	2132
1169832735118	1	INSTRUCTIONSCROLL	2135
1169832735135	1	INSTRUCTIONSCROLL	2139
1169832735151	1	INSTRUCTIONSCROLL	2142
1169832735168	1	INSTRUCTIONSCROLL	2145
1169832735185	1	INSTRUCTIONSCROLL	2149
1169832735201	1	INSTRUCTIONSCROLL	2152
1169832735218	1	INSTRUCTIONSCROLL	2155
1169832735235	1	INSTRUCTIONSCROLL	2159
1169832735251	1	INSTRUCTIONSCROLL	2162
1169832735268	1	INSTRUCTIONSCROLL	2165
1169832735285	1	INSTRUCTIONSCROLL	2169
1169832735301	1	INSTRUCTIONSCROLL	2172
1169832735318	1	INSTRUCTIONSCROLL	2175
1169832735334	1	INSTRUCTIONSCROLL	2179
1169832735351	1	INSTRUCTIONSCROLL	2182
1169832735368	1	INSTRUCTIONSCROLL	2185
1169832735385	1	INSTRUCTIONSCROLL	2189
1169832735401	1	INSTRUCTIONSCROLL	2192
1169832735418	1	INSTRUCTIONSCROLL	2195
1169832735434	1	INSTRUCTIONSCROLL	2199
1169832735451	1	INSTRUCTIONSCROLL	2202
1169832735468	1	INSTRUCTIONSCROLL	2205
1169832735484	1	INSTRUCTIONSCROLL	2209
1169832735501	1	INSTRUCTIONSCROLL	2212
1169832735518	1	INSTRUCTIONSCROLL	2215
1169832735534	1	INSTRUCTIONSCROLL	2219
1169832735551	1	INSTRUCTIONSCROLL	2222
1169832735568	1	INSTRUCTIONSCROLL	2225
1169832735584	1	INSTRUCTIONSCROLL	2229
1169832735601	1	INSTRUCTIONSCROLL	2232
1169832735618	1	INSTRUCTIONSCROLL	2235
1169832735634	1	INSTRUCTIONSCROLL	2239
1169832735651	1	INSTRUCTIONSCROLL	2242
1169832735668	1	INSTRUCTIONSCROLL	2245
1169832735683	1	INSTRUCTIONSCROLL	2249
1169832735700	1	INSTRUCTIONSCROLL	2252
1169832735717	1	INSTRUCTIONSCROLL	2255
1169832735733	1	INSTRUCTIONSCROLL	2258
1169832735750	1	INSTRUCTIONSCROLL	2262
1169832735767	1	INSTRUCTIONSCROLL	2265
1169832735783	1	INSTRUCTIONSCROLL	2268
1169832737184	1	INSTRUCTIONSCROLL	2269
1169832737201	1	INSTRUCTIONSCROLL	2273
1169832737217	1	INSTRUCTIONSCROLL	2276
1169832737234	1	INSTRUCTIONSCROLL	2279
1169832737250	1	INSTRUCTIONSCROLL	2283
1169832737267	1	INSTRUCTIONSCROLL	2286
1169832737284	1	INSTRUCTIONSCROLL	2289
1169832737300	1	INSTRUCTIONSCROLL	2293
1169832737317	1	INSTRUCTIONSCROLL	2296
1169832737334	1	INSTRUCTIONSCROLL	2299
1169832737350	1	INSTRUCTIONSCROLL	2303
1169832737367	1	INSTRUCTIONSCROLL	2306
1169832737384	1	INSTRUCTIONSCROLL	2309
1169832737400	1	INSTRUCTIONSCROLL	2313
1169832737417	1	INSTRUCTIONSCROLL	2316
1169832737434	1	INSTRUCTIONSCROLL	2319
1169832737450	1	INSTRUCTIONSCROLL	2323
1169832737467	1	INSTRUCTIONSCROLL	2326
1169832737484	1	INSTRUCTIONSCROLL	2329
1169832737500	1	INSTRUCTIONSCROLL	2333
1169832737517	1	INSTRUCTIONSCROLL	2336
1169832737534	1	INSTRUCTIONSCROLL	2339
1169832737550	1	INSTRUCTIONSCROLL	2343
1169832737567	1	INSTRUCTIONSCROLL	2346
1169832737584	1	INSTRUCTIONSCROLL	2349
1169832737600	1	INSTRUCTIONSCROLL	2353
1169832737617	1	INSTRUCTIONSCROLL	2356
1169832737634	1	INSTRUCTIONSCROLL	2359
1169832737650	1	INSTRUCTIONSCROLL	2363
1169832737667	1	INSTRUCTIONSCROLL	2366
1169832737683	1	INSTRUCTIONSCROLL	2369
1169832737699	1	INSTRUCTIONSCROLL	2372
1169832737716	1	INSTRUCTIONSCROLL	2376
1169832737733	1	INSTRUCTIONSCROLL	2379
1169832737749	1	INSTRUCTIONSCROLL	2382
1169832737766	1	INSTRUCTIONSCROLL	2386
1169832737783	1	INSTRUCTIONSCROLL	2389
1169832737799	1	INSTRUCTIONSCROLL	2392
1169832737816	1	INSTRUCTIONSCROLL	2396
1169832737833	1	INSTRUCTIONSCROLL	2399
1169832737849	1	INSTRUCTIONSCROLL	2402
1169832737866	1	INSTRUCTIONSCROLL	2406
1169832737883	1	INSTRUCTIONSCROLL	2409
1169832737899	1	INSTRUCTIONSCROLL	2412
1169832737916	1	INSTRUCTIONSCROLL	2416
1169832737933	1	INSTRUCTIONSCROLL	2419
1169832737949	1	INSTRUCTIONSCROLL	2422
1169832737966	1	INSTRUCTIONSCROLL	2426
1169832737983	1	INSTRUCTIONSCROLL	2429
1169832738000	1	INSTRUCTIONSCROLL	2432
1169832738017	1	INSTRUCTIONSCROLL	2436
1169832738034	1	INSTRUCTIONSCROLL	2439
1169832738050	1	INSTRUCTIONSCROLL	2443
1169832738067	1	INSTRUCTIONSCROLL	2446
1169832738084	1	INSTRUCTIONSCROLL	2449
1169832738100	1	INSTRUCTIONSCROLL	2453
1169832738117	1	INSTRUCTIONSCROLL	2456
1169832738134	1	INSTRUCTIONSCROLL	2459
1169832738150	1	INSTRUCTIONSCROLL	2463
1169832738167	1	INSTRUCTIONSCROLL	2466
1169832738184	1	INSTRUCTIONSCROLL	2469
1169832738200	1	INSTRUCTIONSCROLL	2473
1169832738217	1	INSTRUCTIONSCROLL	2476
1169832738234	1	INSTRUCTIONSCROLL	2479
1169832738250	1	INSTRUCTIONSCROLL	2483
1169832738267	1	INSTRUCTIONSCROLL	2486
1169832738284	1	INSTRUCTIONSCROLL	2489
1169832738300	1	INSTRUCTIONSCROLL	2493
1169832738317	1	INSTRUCTIONSCROLL	2496
1169832738334	1	INSTRUCTIONSCROLL	2499
1169832738350	1	INSTRUCTIONSCROLL	2503
1169832738367	1	INSTRUCTIONSCROLL	2506
1169832738384	1	INSTRUCTIONSCROLL	2509
1169832738400	1	INSTRUCTIONSCROLL	2513
1169832738417	1	INSTRUCTIONSCROLL	2516
1169832738433	1	INSTRUCTIONSCROLL	2519
1169832738450	1	INSTRUCTIONSCROLL	2523
1169832738467	1	INSTRUCTIONSCROLL	2526
1169832738483	1	INSTRUCTIONSCROLL	2529
1169832738500	1	INSTRUCTIONSCROLL	2533
1169832738517	1	INSTRUCTIONSCROLL	2536
1169832738533	1	INSTRUCTIONSCROLL	2539
1169832738550	1	INSTRUCTIONSCROLL	2543
1169832738567	1	INSTRUCTIONSCROLL	2546
1169832738583	1	INSTRUCTIONSCROLL	2549
1169832738600	1	INSTRUCTIONSCROLL	2553
1169832738617	1	INSTRUCTIONSCROLL	2556
1169832738633	1	INSTRUCTIONSCROLL	2559
1169832738650	1	INSTRUCTIONSCROLL	2563
1169832738667	1	INSTRUCTIONSCROLL	2566
1169832738682	1	INSTRUCTIONSCROLL	2569
1169832738699	1	INSTRUCTIONSCROLL	2572
1169832738716	1	INSTRUCTIONSCROLL	2576
1169832738732	1	INSTRUCTIONSCROLL	2579
1169832738749	1	INSTRUCTIONSCROLL	2582
1169832738766	1	INSTRUCTIONSCROLL	2586
1169832738782	1	INSTRUCTIONSCROLL	2589
1169832738799	1	INSTRUCTIONSCROLL	2592
1169832738816	1	INSTRUCTIONSCROLL	2596
1169832738832	1	INSTRUCTIONSCROLL	2599
1169832738849	1	INSTRUCTIONSCROLL	2602
1169832738866	1	INSTRUCTIONSCROLL	2606
1169832738882	1	INSTRUCTIONSCROLL	2609
1169832739999	1	INSTRUCTIONSCROLL	2610
1169832740016	1	INSTRUCTIONSCROLL	2613
1169832740033	1	INSTRUCTIONSCROLL	2617
1169832740050	1	INSTRUCTIONSCROLL	2620
1169832740066	1	INSTRUCTIONSCROLL	2623
1169832740083	1	INSTRUCTIONSCROLL	2627
1169832740100	1	INSTRUCTIONSCROLL	2630
1169832740116	1	INSTRUCTIONSCROLL	2633
1169832740133	1	INSTRUCTIONSCROLL	2637
1169832740150	1	INSTRUCTIONSCROLL	2640
1169832740166	1	INSTRUCTIONSCROLL	2643
1169832740183	1	INSTRUCTIONSCROLL	2647
1169832740200	1	INSTRUCTIONSCROLL	2650
1169832740216	1	INSTRUCTIONSCROLL	2653
1169832740233	1	INSTRUCTIONSCROLL	2657
1169832740250	1	INSTRUCTIONSCROLL	2660
1169832740266	1	INSTRUCTIONSCROLL	2663
1169832740283	1	INSTRUCTIONSCROLL	2667
1169832740300	1	INSTRUCTIONSCROLL	2670
1169832740316	1	INSTRUCTIONSCROLL	2673
1169832740333	1	INSTRUCTIONSCROLL	2677
1169832740350	1	INSTRUCTIONSCROLL	2680
1169832740366	1	INSTRUCTIONSCROLL	2683
1169832740383	1	INSTRUCTIONSCROLL	2687
1169832740400	1	INSTRUCTIONSCROLL	2690
1169832740416	1	INSTRUCTIONSCROLL	2693
1169832740433	1	INSTRUCTIONSCROLL	2697
1169832740449	1	INSTRUCTIONSCROLL	2700
1169832740466	1	INSTRUCTIONSCROLL	2703
1169832740483	1	INSTRUCTIONSCROLL	2707
1169832740500	1	INSTRUCTIONSCROLL	2710
1169832740516	1	INSTRUCTIONSCROLL	2713
1169832740533	1	INSTRUCTIONSCROLL	2717
1169832740549	1	INSTRUCTIONSCROLL	2720
1169832740566	1	INSTRUCTIONSCROLL	2723
1169832740583	1	INSTRUCTIONSCROLL	2727
1169832740599	1	INSTRUCTIONSCROLL	2730
1169832740616	1	INSTRUCTIONSCROLL	2733
1169832740633	1	INSTRUCTIONSCROLL	2737
1169832740649	1	INSTRUCTIONSCROLL	2740
1169832740666	1	INSTRUCTIONSCROLL	2743
1169832740682	1	INSTRUCTIONSCROLL	2747
1169832740698	1	INSTRUCTIONSCROLL	2750
1169832740715	1	INSTRUCTIONSCROLL	2753
1169832740732	1	INSTRUCTIONSCROLL	2757
1169832740748	1	INSTRUCTIONSCROLL	2760
1169832740765	1	INSTRUCTIONSCROLL	2763
1169832740782	1	INSTRUCTIONSCROLL	2767
1169832740798	1	INSTRUCTIONSCROLL	2770
1169832740815	1	INSTRUCTIONSCROLL	2773
1169832740832	1	INSTRUCTIONSCROLL	2777
1169832740848	1	INSTRUCTIONSCROLL	2780
1169832740865	1	INSTRUCTIONSCROLL	2783
1169832740882	1	INSTRUCTIONSCROLL	2787
1169832740898	1	INSTRUCTIONSCROLL	2790
1169832740915	1	INSTRUCTIONSCROLL	2793
1169832740932	1	INSTRUCTIONSCROLL	2797
1169832740948	1	INSTRUCTIONSCROLL	2800
1169832740965	1	INSTRUCTIONSCROLL	2803
1169832740982	1	INSTRUCTIONSCROLL	2807
1169832740998	1	INSTRUCTIONSCROLL	2810
1169832741016	1	INSTRUCTIONSCROLL	2813
1169832741033	1	INSTRUCTIONSCROLL	2817
1169832741049	1	INSTRUCTIONSCROLL	2820
1169832741066	1	INSTRUCTIONSCROLL	2823
1169832741083	1	INSTRUCTIONSCROLL	2827
1169832741099	1	INSTRUCTIONSCROLL	2830
1169832741116	1	INSTRUCTIONSCROLL	2833
1169832741133	1	INSTRUCTIONSCROLL	2837
1169832741149	1	INSTRUCTIONSCROLL	2840
1169832741166	1	INSTRUCTIONSCROLL	2843
1169832741183	1	INSTRUCTIONSCROLL	2847
1169832741199	1	INSTRUCTIONSCROLL	2850
1169832741216	1	INSTRUCTIONSCROLL	2853
1169832741233	1	INSTRUCTIONSCROLL	2857
1169832741249	1	INSTRUCTIONSCROLL	2860
1169832741266	1	INSTRUCTIONSCROLL	2863
1169832741283	1	INSTRUCTIONSCROLL	2867
1169832741299	1	INSTRUCTIONSCROLL	2870
1169832741316	1	INSTRUCTIONSCROLL	2873
1169832741333	1	INSTRUCTIONSCROLL	2877
1169832741349	1	INSTRUCTIONSCROLL	2880
1169832741366	1	INSTRUCTIONSCROLL	2883
1169832741383	1	INSTRUCTIONSCROLL	2887
1169832741399	1	INSTRUCTIONSCROLL	2890
1169832741416	1	INSTRUCTIONSCROLL	2893
1169832741432	1	INSTRUCTIONSCROLL	2897
1169832741449	1	INSTRUCTIONSCROLL	2900
1169832741466	1	INSTRUCTIONSCROLL	2903
1169832741482	1	INSTRUCTIONSCROLL	2907
1169832741499	1	INSTRUCTIONSCROLL	2910
1169832741516	1	INSTRUCTIONSCROLL	2913
1169832741532	1	INSTRUCTIONSCROLL	2917
1169832741549	1	INSTRUCTIONSCROLL	2920
1169832741566	1	INSTRUCTIONSCROLL	2923
1169832741582	1	INSTRUCTIONSCROLL	2927
1169832741599	1	INSTRUCTIONSCROLL	2930
1169832741616	1	INSTRUCTIONSCROLL	2933
1169832741632	1	INSTRUCTIONSCROLL	2937
1169832741649	1	INSTRUCTIONSCROLL	2940
1169832741666	1	INSTRUCTIONSCROLL	2943
1169832741682	1	INSTRUCTIONSCROLL	2947
1169832741698	1	INSTRUCTIONSCROLL	2950
1169832741715	1	INSTRUCTIONSCROLL	2953
1169832741731	1	INSTRUCTIONSCROLL	2956
1169832741748	1	INSTRUCTIONSCROLL	2960
1169832741765	1	INSTRUCTIONSCROLL	2963
1169832741781	1	INSTRUCTIONSCROLL	2966
1169832741798	1	INSTRUCTIONSCROLL	2970
1169832741815	1	INSTRUCTIONSCROLL	2973
1169832741831	1	INSTRUCTIONSCROLL	2976
1169832741848	1	INSTRUCTIONSCROLL	2980
1169832741866	1	INSTRUCTIONSCROLL	2983
1169832741881	1	INSTRUCTIONSCROLL	2987
1169832741898	1	INSTRUCTIONSCROLL	2990
1169832741915	1	INSTRUCTIONSCROLL	2993
1169832741931	1	INSTRUCTIONSCROLL	2996
1169832741948	1	INSTRUCTIONSCROLL	3000
1169832741965	1	INSTRUCTIONSCROLL	3003
1169832741981	1	INSTRUCTIONSCROLL	3006
1169832741998	1	INSTRUCTIONSCROLL	3010
1169832742016	1	INSTRUCTIONSCROLL	3013
1169832742032	1	INSTRUCTIONSCROLL	3017
1169832742049	1	INSTRUCTIONSCROLL	3020
1169832742066	1	INSTRUCTIONSCROLL	3023
1169832742082	1	INSTRUCTIONSCROLL	3027
1169832742099	1	INSTRUCTIONSCROLL	3030
1169832742116	1	INSTRUCTIONSCROLL	3033
1169832742132	1	INSTRUCTIONSCROLL	3037
1169832742149	1	INSTRUCTIONSCROLL	3040
1169832742166	1	INSTRUCTIONSCROLL	3043
1169832742182	1	INSTRUCTIONSCROLL	3047
1169832742199	1	INSTRUCTIONSCROLL	3050
1169832742216	1	INSTRUCTIONSCROLL	3053
1169832742232	1	INSTRUCTIONSCROLL	3057
1169832742249	1	INSTRUCTIONSCROLL	3060
1169832742266	1	INSTRUCTIONSCROLL	3063
1169832742282	1	INSTRUCTIONSCROLL	3067
1169832742299	1	INSTRUCTIONSCROLL	3070
1169832742316	1	INSTRUCTIONSCROLL	3073
1169832742332	1	INSTRUCTIONSCROLL	3077
1169832742349	1	INSTRUCTIONSCROLL	3080
1169832742366	1	INSTRUCTIONSCROLL	3083
1169832742382	1	INSTRUCTIONSCROLL	3087
1169832742399	1	INSTRUCTIONSCROLL	3090
1169832742416	1	INSTRUCTIONSCROLL	3093
1169832742432	1	INSTRUCTIONSCROLL	3097
1169832742449	1	INSTRUCTIONSCROLL	3100
1169832742466	1	INSTRUCTIONSCROLL	3103
1169832742482	1	INSTRUCTIONSCROLL	3107
1169832742499	1	INSTRUCTIONSCROLL	3110
1169832742516	1	INSTRUCTIONSCROLL	3113
1169832742532	1	INSTRUCTIONSCROLL	3117
1169832742549	1	INSTRUCTIONSCROLL	3120
1169832742565	1	INSTRUCTIONSCROLL	3123
1169832742582	1	INSTRUCTIONSCROLL	3127
1169832742599	1	INSTRUCTIONSCROLL	3130
1169832742615	1	INSTRUCTIONSCROLL	3133
1169832742632	1	INSTRUCTIONSCROLL	3137
1169832742649	1	INSTRUCTIONSCROLL	3140
1169832742665	1	INSTRUCTIONSCROLL	3143
1169832742682	1	INSTRUCTIONSCROLL	3147
1169832742698	1	INSTRUCTIONSCROLL	3150
1169832742714	1	INSTRUCTIONSCROLL	3153
1169832742731	1	INSTRUCTIONSCROLL	3156
1169832742748	1	INSTRUCTIONSCROLL	3160
1169832742764	1	INSTRUCTIONSCROLL	3163
1169832742781	1	INSTRUCTIONSCROLL	3166
1169832742798	1	INSTRUCTIONSCROLL	3170
1169832742814	1	INSTRUCTIONSCROLL	3173
1169832742831	1	INSTRUCTIONSCROLL	3176
1169832742848	1	INSTRUCTIONSCROLL	3180
1169832742864	1	INSTRUCTIONSCROLL	3183
1169832742881	1	INSTRUCTIONSCROLL	3186
1169832742898	1	INSTRUCTIONSCROLL	3190
1169832742914	1	INSTRUCTIONSCROLL	3193
1169832742931	1	INSTRUCTIONSCROLL	3196
1169832742948	1	INSTRUCTIONSCROLL	3200
1169832742964	1	INSTRUCTIONSCROLL	3203
1169832742981	1	INSTRUCTIONSCROLL	3206
1169832742998	1	INSTRUCTIONSCROLL	3210
1169832743015	1	INSTRUCTIONSCROLL	3213
1169832743032	1	INSTRUCTIONSCROLL	3217
1169832743049	1	INSTRUCTIONSCROLL	3220
1169832743065	1	INSTRUCTIONSCROLL	3223
1169832743082	1	INSTRUCTIONSCROLL	3227
1169832743099	1	INSTRUCTIONSCROLL	3230
1169832743115	1	INSTRUCTIONSCROLL	3233
1169832743132	1	INSTRUCTIONSCROLL	3237
1169832743149	1	INSTRUCTIONSCROLL	3240
1169832743165	1	INSTRUCTIONSCROLL	3243
1169832743182	1	INSTRUCTIONSCROLL	3247
1169832743199	1	INSTRUCTIONSCROLL	3250
1169832743215	1	INSTRUCTIONSCROLL	3253
1169832743232	1	INSTRUCTIONSCROLL	3257
1169832743249	1	INSTRUCTIONSCROLL	3260
1169832743265	1	INSTRUCTIONSCROLL	3263
1169832743282	1	INSTRUCTIONSCROLL	3267
1169832743299	1	INSTRUCTIONSCROLL	3270
1169832743315	1	INSTRUCTIONSCROLL	3273
1169832743332	1	INSTRUCTIONSCROLL	3277
1169832743349	1	INSTRUCTIONSCROLL	3280
1169832743365	1	INSTRUCTIONSCROLL	3283
1169832743382	1	INSTRUCTIONSCROLL	3287
1169832743399	1	INSTRUCTIONSCROLL	3290
1169832743415	1	INSTRUCTIONSCROLL	3293
1169832743432	1	INSTRUCTIONSCROLL	3297
1169832743449	1	INSTRUCTIONSCROLL	3300
1169832743465	1	INSTRUCTIONSCROLL	3303
1169832743482	1	INSTRUCTIONSCROLL	3307
1169832743498	1	INSTRUCTIONSCROLL	3310
1169832743515	1	INSTRUCTIONSCROLL	3313
1169832743532	1	INSTRUCTIONSCROLL	3317
1169832743549	1	INSTRUCTIONSCROLL	3320
1169832743565	1	INSTRUCTIONSCROLL	3323
1169832743582	1	INSTRUCTIONSCROLL	3327
1169832743598	1	INSTRUCTIONSCROLL	3330
1169832743615	1	INSTRUCTIONSCROLL	3333
1169832743632	1	INSTRUCTIONSCROLL	3337
1169832743648	1	INSTRUCTIONSCROLL	3340
1169832743665	1	INSTRUCTIONSCROLL	3343
1169832743682	1	INSTRUCTIONSCROLL	3347
1169832743697	1	INSTRUCTIONSCROLL	3350
1169832743714	1	INSTRUCTIONSCROLL	3353
1169832743731	1	INSTRUCTIONSCROLL	3356
1169832743747	1	INSTRUCTIONSCROLL	3360
1169832743764	1	INSTRUCTIONSCROLL	3363
1169832743781	1	INSTRUCTIONSCROLL	3366
1169832743797	1	INSTRUCTIONSCROLL	3370
1169832743814	1	INSTRUCTIONSCROLL	3373
1169832743831	1	INSTRUCTIONSCROLL	3376
1169832743847	1	INSTRUCTIONSCROLL	3380
1169832743864	1	INSTRUCTIONSCROLL	3383
1169832743881	1	INSTRUCTIONSCROLL	3386
1169832743897	1	INSTRUCTIONSCROLL	3390
1169832743914	1	INSTRUCTIONSCROLL	3393
1169832743931	1	INSTRUCTIONSCROLL	3396
1169832743947	1	INSTRUCTIONSCROLL	3400
1169832743964	1	INSTRUCTIONSCROLL	3403
1169832743981	1	INSTRUCTIONSCROLL	3406
1169832743997	1	INSTRUCTIONSCROLL	3410
1169832744015	1	INSTRUCTIONSCROLL	3413
1169832744032	1	INSTRUCTIONSCROLL	3416
1169832744048	1	INSTRUCTIONSCROLL	3420
1169832744065	1	INSTRUCTIONSCROLL	3423
1169832744082	1	INSTRUCTIONSCROLL	3426
1169832744098	1	INSTRUCTIONSCROLL	3430
1169832744115	1	INSTRUCTIONSCROLL	3433
1169832744132	1	INSTRUCTIONSCROLL	3437
1169832744148	1	INSTRUCTIONSCROLL	3440
1169832744165	1	INSTRUCTIONSCROLL	3443
1169832744182	1	INSTRUCTIONSCROLL	3446
1169832744198	1	INSTRUCTIONSCROLL	3450
1169832744215	1	INSTRUCTIONSCROLL	3453
1169832744232	1	INSTRUCTIONSCROLL	3456
1169832744248	1	INSTRUCTIONSCROLL	3460
1169832744265	1	INSTRUCTIONSCROLL	3463
1169832744282	1	INSTRUCTIONSCROLL	3467
1169832744298	1	INSTRUCTIONSCROLL	3470
1169832744315	1	INSTRUCTIONSCROLL	3473
1169832744332	1	INSTRUCTIONSCROLL	3476
1169832744348	1	INSTRUCTIONSCROLL	3480
1169832744365	1	INSTRUCTIONSCROLL	3483
1169832744382	1	INSTRUCTIONSCROLL	3486
1169832744398	1	INSTRUCTIONSCROLL	3490
1169832744415	1	INSTRUCTIONSCROLL	3493
1169832744432	1	INSTRUCTIONSCROLL	3497
1169832744448	1	INSTRUCTIONSCROLL	3500
1169832744465	1	INSTRUCTIONSCROLL	3503
1169832744482	1	INSTRUCTIONSCROLL	3506
1169832744498	1	INSTRUCTIONSCROLL	3510
1169832744515	1	INSTRUCTIONSCROLL	3513
1169832744532	1	INSTRUCTIONSCROLL	3517
1169832744548	1	INSTRUCTIONSCROLL	3520
1169832744565	1	INSTRUCTIONSCROLL	3523
1169832744582	1	INSTRUCTIONSCROLL	3527
1169832744598	1	INSTRUCTIONSCROLL	3530
1169832744615	1	INSTRUCTIONSCROLL	3533
1169832744632	1	INSTRUCTIONSCROLL	3536
1169832744648	1	INSTRUCTIONSCROLL	3540
1169832744665	1	INSTRUCTIONSCROLL	3543
1169832744681	1	INSTRUCTIONSCROLL	3546
1169832744697	1	INSTRUCTIONSCROLL	3550
1169832744714	1	INSTRUCTIONSCROLL	3553
1169832744730	1	INSTRUCTIONSCROLL	3556
1169832744747	1	INSTRUCTIONSCROLL	3560
1169832744764	1	INSTRUCTIONSCROLL	3563
1169832744781	1	INSTRUCTIONSCROLL	3566
1169832744797	1	INSTRUCTIONSCROLL	3570
1169832744814	1	INSTRUCTIONSCROLL	3573
1169832744830	1	INSTRUCTIONSCROLL	3576
1169832744847	1	INSTRUCTIONSCROLL	3580
1169832744864	1	INSTRUCTIONSCROLL	3583
1169832744880	1	INSTRUCTIONSCROLL	3586
1169832744897	1	INSTRUCTIONSCROLL	3590
1169832744914	1	INSTRUCTIONSCROLL	3593
1169832744930	1	INSTRUCTIONSCROLL	3596
1169832744947	1	INSTRUCTIONSCROLL	3600
1169832744964	1	INSTRUCTIONSCROLL	3603
1169832744980	1	INSTRUCTIONSCROLL	3606
1169832744997	1	INSTRUCTIONSCROLL	3610
1169832745015	1	INSTRUCTIONSCROLL	3613
1169832745031	1	INSTRUCTIONSCROLL	3616
1169832745048	1	INSTRUCTIONSCROLL	3620
1169832745065	1	INSTRUCTIONSCROLL	3623
1169832745081	1	INSTRUCTIONSCROLL	3626
1169832745098	1	INSTRUCTIONSCROLL	3630
1169832745115	1	INSTRUCTIONSCROLL	3633
1169832745131	1	INSTRUCTIONSCROLL	3637
1169832745148	1	INSTRUCTIONSCROLL	3640
1169832745165	1	INSTRUCTIONSCROLL	3643
1169832745181	1	INSTRUCTIONSCROLL	3646
1169832745198	1	INSTRUCTIONSCROLL	3650
1169832745215	1	INSTRUCTIONSCROLL	3653
1169832745231	1	INSTRUCTIONSCROLL	3656
1169832745248	1	INSTRUCTIONSCROLL	3660
1169832745265	1	INSTRUCTIONSCROLL	3663
1169832745281	1	INSTRUCTIONSCROLL	3666
1169832745298	1	INSTRUCTIONSCROLL	3670
1169832745315	1	INSTRUCTIONSCROLL	3673
1169832745331	1	INSTRUCTIONSCROLL	3676
1169832745348	1	INSTRUCTIONSCROLL	3680
1169832745365	1	INSTRUCTIONSCROLL	3683
1169832745381	1	INSTRUCTIONSCROLL	3686
1169832745398	1	INSTRUCTIONSCROLL	3690
1169832745415	1	INSTRUCTIONSCROLL	3693
1169832745431	1	INSTRUCTIONSCROLL	3696
1169832745448	1	INSTRUCTIONSCROLL	3700
1169832745465	1	INSTRUCTIONSCROLL	3703
1169832745481	1	INSTRUCTIONSCROLL	3706
1169832745498	1	INSTRUCTIONSCROLL	3710
1169832745515	1	INSTRUCTIONSCROLL	3713
1169832745531	1	INSTRUCTIONSCROLL	3716
1169832745548	1	INSTRUCTIONSCROLL	3720
1169832745565	1	INSTRUCTIONSCROLL	3723
1169832745581	1	INSTRUCTIONSCROLL	3726
1169832745598	1	INSTRUCTIONSCROLL	3730
1169832745614	1	INSTRUCTIONSCROLL	3733
1169832745631	1	INSTRUCTIONSCROLL	3736
1169832745648	1	INSTRUCTIONSCROLL	3740
1169832745665	1	INSTRUCTIONSCROLL	3743
1169832745681	1	INSTRUCTIONSCROLL	3746
1169832745697	1	INSTRUCTIONSCROLL	3750
1169832745713	1	INSTRUCTIONSCROLL	3753
1169832745730	1	INSTRUCTIONSCROLL	3756
1169832745747	1	INSTRUCTIONSCROLL	3760
1169832745763	1	INSTRUCTIONSCROLL	3763
1169832745780	1	INSTRUCTIONSCROLL	3766
1169832745797	1	INSTRUCTIONSCROLL	3770
1169832745813	1	INSTRUCTIONSCROLL	3773
1169832745830	1	INSTRUCTIONSCROLL	3776
1169832745847	1	INSTRUCTIONSCROLL	3780
1169832745863	1	INSTRUCTIONSCROLL	3783
1169832745880	1	INSTRUCTIONSCROLL	3786
1169832745897	1	INSTRUCTIONSCROLL	3790
1169832745913	1	INSTRUCTIONSCROLL	3793
1169832745930	1	INSTRUCTIONSCROLL	3796
1169832745947	1	INSTRUCTIONSCROLL	3800
1169832745963	1	INSTRUCTIONSCROLL	3803
1169832745980	1	INSTRUCTIONSCROLL	3806
1169832745997	1	INSTRUCTIONSCROLL	3810
1169832746014	1	INSTRUCTIONSCROLL	3813
1169832746031	1	INSTRUCTIONSCROLL	3816
1169832746048	1	INSTRUCTIONSCROLL	3820
1169832746064	1	INSTRUCTIONSCROLL	3823
1169832746081	1	INSTRUCTIONSCROLL	3826
1169832746098	1	INSTRUCTIONSCROLL	3830
1169832746114	1	INSTRUCTIONSCROLL	3833
1169832746131	1	INSTRUCTIONSCROLL	3836
1169832746148	1	INSTRUCTIONSCROLL	3840
1169832746164	1	INSTRUCTIONSCROLL	3843
1169832746181	1	INSTRUCTIONSCROLL	3846
1169832746198	1	INSTRUCTIONSCROLL	3850
1169832746214	1	INSTRUCTIONSCROLL	3853
1169832746231	1	INSTRUCTIONSCROLL	3856
1169832746248	1	INSTRUCTIONSCROLL	3860
1169832746264	1	INSTRUCTIONSCROLL	3863
1169832746281	1	INSTRUCTIONSCROLL	3866
1169832746298	1	INSTRUCTIONSCROLL	3870
1169832746314	1	INSTRUCTIONSCROLL	3873
1169832746331	1	INSTRUCTIONSCROLL	3876
1169832746348	1	INSTRUCTIONSCROLL	3880
1169832746364	1	INSTRUCTIONSCROLL	3883
1169832746381	1	INSTRUCTIONSCROLL	3886
1169832746398	1	INSTRUCTIONSCROLL	3890
1169832746414	1	INSTRUCTIONSCROLL	3893
1169832746431	1	INSTRUCTIONSCROLL	3896
1169832746448	1	INSTRUCTIONSCROLL	3900
1169832746464	1	INSTRUCTIONSCROLL	3903
1169832746481	1	INSTRUCTIONSCROLL	3906
1169832746498	1	INSTRUCTIONSCROLL	3910
1169832746514	1	INSTRUCTIONSCROLL	3913
1169832746531	1	INSTRUCTIONSCROLL	3916
1169832746547	1	INSTRUCTIONSCROLL	3920
1169832746564	1	INSTRUCTIONSCROLL	3923
1169832746581	1	INSTRUCTIONSCROLL	3926
1169832746598	1	INSTRUCTIONSCROLL	3930
1169832746614	1	INSTRUCTIONSCROLL	3933
1169832746631	1	INSTRUCTIONSCROLL	3936
1169832746647	1	INSTRUCTIONSCROLL	3940
1169832746664	1	INSTRUCTIONSCROLL	3943
1169832746681	1	INSTRUCTIONSCROLL	3946
1169832746696	1	INSTRUCTIONSCROLL	3950
1169832746713	1	INSTRUCTIONSCROLL	3953
1169832746730	1	INSTRUCTIONSCROLL	3956
1169832746746	1	INSTRUCTIONSCROLL	3960
1169832746763	1	INSTRUCTIONSCROLL	3963
1169832746780	1	INSTRUCTIONSCROLL	3966
1169832746796	1	INSTRUCTIONSCROLL	3969
1169832746813	1	INSTRUCTIONSCROLL	3973
1169832746830	1	INSTRUCTIONSCROLL	3976
1169832746846	1	INSTRUCTIONSCROLL	3979
1169832746863	1	INSTRUCTIONSCROLL	3983
1169832746880	1	INSTRUCTIONSCROLL	3986
1169832746896	1	INSTRUCTIONSCROLL	3990
1169832746913	1	INSTRUCTIONSCROLL	3993
1169832746930	1	INSTRUCTIONSCROLL	3996
1169832746946	1	INSTRUCTIONSCROLL	3999
1169832746963	1	INSTRUCTIONSCROLL	4003
1169832746980	1	INSTRUCTIONSCROLL	4006
1169832746996	1	INSTRUCTIONSCROLL	4009
1169832747014	1	INSTRUCTIONSCROLL	4013
1169832747031	1	INSTRUCTIONSCROLL	4016
1169832747047	1	INSTRUCTIONSCROLL	4020
1169832747064	1	INSTRUCTIONSCROLL	4023
1169832747081	1	INSTRUCTIONSCROLL	4026
1169832747097	1	INSTRUCTIONSCROLL	4030
1169832747114	1	INSTRUCTIONSCROLL	4033
1169832747131	1	INSTRUCTIONSCROLL	4036
1169832747147	1	INSTRUCTIONSCROLL	4040
1169832747164	1	INSTRUCTIONSCROLL	4043
1169832747181	1	INSTRUCTIONSCROLL	4046
1169832747197	1	INSTRUCTIONSCROLL	4050
1169832747214	1	INSTRUCTIONSCROLL	4053
1169832747231	1	INSTRUCTIONSCROLL	4056
1169832747247	1	INSTRUCTIONSCROLL	4060
1169832747264	1	INSTRUCTIONSCROLL	4063
1169832747281	1	INSTRUCTIONSCROLL	4066
1169832747297	1	INSTRUCTIONSCROLL	4070
1169832747314	1	INSTRUCTIONSCROLL	4073
1169832747331	1	INSTRUCTIONSCROLL	4076
1169832747347	1	INSTRUCTIONSCROLL	4080
1169832747364	1	INSTRUCTIONSCROLL	4083
1169832747381	1	INSTRUCTIONSCROLL	4086
1169832747397	1	INSTRUCTIONSCROLL	4090
1169832747414	1	INSTRUCTIONSCROLL	4093
1169832747431	1	INSTRUCTIONSCROLL	4096
1169832747447	1	INSTRUCTIONSCROLL	4100
1169832747464	1	INSTRUCTIONSCROLL	4103
1169832747481	1	INSTRUCTIONSCROLL	4106
1169832747497	1	INSTRUCTIONSCROLL	4110
1169832747514	1	INSTRUCTIONSCROLL	4113
1169832747531	1	INSTRUCTIONSCROLL	4116
1169832747547	1	INSTRUCTIONSCROLL	4120
1169832747564	1	INSTRUCTIONSCROLL	4123
1169832747581	1	INSTRUCTIONSCROLL	4126
1169832747597	1	INSTRUCTIONSCROLL	4130
1169832747614	1	INSTRUCTIONSCROLL	4133
1169832747631	1	INSTRUCTIONSCROLL	4136
1169832747647	1	INSTRUCTIONSCROLL	4140
1169832747664	1	INSTRUCTIONSCROLL	4143
1169832747680	1	INSTRUCTIONSCROLL	4146
1169832747696	1	INSTRUCTIONSCROLL	4150
1169832747713	1	INSTRUCTIONSCROLL	4153
1169832747730	1	INSTRUCTIONSCROLL	4156
1169832747746	1	INSTRUCTIONSCROLL	4159
1169832747763	1	INSTRUCTIONSCROLL	4163
1169832747779	1	INSTRUCTIONSCROLL	4166
1169832747796	1	INSTRUCTIONSCROLL	4169
1169832747813	1	INSTRUCTIONSCROLL	4173
1169832747829	1	INSTRUCTIONSCROLL	4176
1169832747846	1	INSTRUCTIONSCROLL	4179
1169832747863	1	INSTRUCTIONSCROLL	4183
1169832747879	1	INSTRUCTIONSCROLL	4186
1169832747896	1	INSTRUCTIONSCROLL	4189
1169832747913	1	INSTRUCTIONSCROLL	4193
1169832747929	1	INSTRUCTIONSCROLL	4196
1169832747946	1	INSTRUCTIONSCROLL	4199
1169832747963	1	INSTRUCTIONSCROLL	4203
1169832747979	1	INSTRUCTIONSCROLL	4206
1169832747996	1	INSTRUCTIONSCROLL	4209
1169832748014	1	INSTRUCTIONSCROLL	4213
1169832748030	1	INSTRUCTIONSCROLL	4216
1169832748047	1	INSTRUCTIONSCROLL	4219
1169832748064	1	INSTRUCTIONSCROLL	4223
1169832748080	1	INSTRUCTIONSCROLL	4226
1169832748097	1	INSTRUCTIONSCROLL	4229
1169832748114	1	INSTRUCTIONSCROLL	4233
1169832748130	1	INSTRUCTIONSCROLL	4236
1169832748147	1	INSTRUCTIONSCROLL	4239
1169832748164	1	INSTRUCTIONSCROLL	4243
1169832748180	1	INSTRUCTIONSCROLL	4246
1169832748197	1	INSTRUCTIONSCROLL	4249
1169832748214	1	INSTRUCTIONSCROLL	4253
1169832748230	1	INSTRUCTIONSCROLL	4256
1169832748247	1	INSTRUCTIONSCROLL	4259
1169832748264	1	INSTRUCTIONSCROLL	4263
1169832748280	1	INSTRUCTIONSCROLL	4266
1169832748297	1	INSTRUCTIONSCROLL	4269
1169832748314	1	INSTRUCTIONSCROLL	4273
1169832748330	1	INSTRUCTIONSCROLL	4276
1169832748347	1	INSTRUCTIONSCROLL	4279
1169832748364	1	INSTRUCTIONSCROLL	4283
1169832748380	1	INSTRUCTIONSCROLL	4286
1169832748397	1	INSTRUCTIONSCROLL	4289
1169832748414	1	INSTRUCTIONSCROLL	4293
1169832748430	1	INSTRUCTIONSCROLL	4296
1169832748447	1	INSTRUCTIONSCROLL	4299
1169832748464	1	INSTRUCTIONSCROLL	4303
1169832748480	1	INSTRUCTIONSCROLL	4306
1169832748497	1	INSTRUCTIONSCROLL	4309
1169832748514	1	INSTRUCTIONSCROLL	4313
1169832748530	1	INSTRUCTIONSCROLL	4316
1169832748547	1	INSTRUCTIONSCROLL	4319
1169832748564	1	INSTRUCTIONSCROLL	4323
1169832748580	1	INSTRUCTIONSCROLL	4326
1169832748597	1	INSTRUCTIONSCROLL	4329
1169832748614	1	INSTRUCTIONSCROLL	4333
1169832748630	1	INSTRUCTIONSCROLL	4336
1169832748647	1	INSTRUCTIONSCROLL	4339
1169832748664	1	INSTRUCTIONSCROLL	4343
1169832748680	1	INSTRUCTIONSCROLL	4346
1169832748696	1	INSTRUCTIONSCROLL	4349
1169832748712	1	INSTRUCTIONSCROLL	4352
1169832748729	1	INSTRUCTIONSCROLL	4356
1169832748746	1	INSTRUCTIONSCROLL	4359
1169832748762	1	INSTRUCTIONSCROLL	4363
1169832748779	1	INSTRUCTIONSCROLL	4366
1169832748796	1	INSTRUCTIONSCROLL	4369
1169832748812	1	INSTRUCTIONSCROLL	4373
1169832748829	1	INSTRUCTIONSCROLL	4376
1169832748846	1	INSTRUCTIONSCROLL	4379
1169832748863	1	INSTRUCTIONSCROLL	4382
1169832748879	1	INSTRUCTIONSCROLL	4386
1169832748896	1	INSTRUCTIONSCROLL	4389
1169832748913	1	INSTRUCTIONSCROLL	4393
1169832748929	1	INSTRUCTIONSCROLL	4396
1169832748946	1	INSTRUCTIONSCROLL	4399
1169832748962	1	INSTRUCTIONSCROLL	4403
1169832748979	1	INSTRUCTIONSCROLL	4406
1169832748996	1	INSTRUCTIONSCROLL	4409
1169832749013	1	INSTRUCTIONSCROLL	4412
1169832749030	1	INSTRUCTIONSCROLL	4416
1169832749047	1	INSTRUCTIONSCROLL	4419
1169832749063	1	INSTRUCTIONSCROLL	4423
1169832749080	1	INSTRUCTIONSCROLL	4426
1169832749097	1	INSTRUCTIONSCROLL	4429
1169832749113	1	INSTRUCTIONSCROLL	4433
1169832749130	1	INSTRUCTIONSCROLL	4436
1169832749147	1	INSTRUCTIONSCROLL	4439
1169832749163	1	INSTRUCTIONSCROLL	4443
1169832749180	1	INSTRUCTIONSCROLL	4446
1169832749197	1	INSTRUCTIONSCROLL	4449
1169832749213	1	INSTRUCTIONSCROLL	4453
1169832749230	1	INSTRUCTIONSCROLL	4456
1169832749247	1	INSTRUCTIONSCROLL	4459
1169832749263	1	INSTRUCTIONSCROLL	4463
1169832749280	1	INSTRUCTIONSCROLL	4466
1169832749297	1	INSTRUCTIONSCROLL	4469
1169832749313	1	INSTRUCTIONSCROLL	4473
1169832749330	1	INSTRUCTIONSCROLL	4476
1169832749347	1	INSTRUCTIONSCROLL	4479
1169832749363	1	INSTRUCTIONSCROLL	4483
1169832749380	1	INSTRUCTIONSCROLL	4486
1169832749397	1	INSTRUCTIONSCROLL	4489
1169832749413	1	INSTRUCTIONSCROLL	4493
1169832749430	1	INSTRUCTIONSCROLL	4496
1169832749447	1	INSTRUCTIONSCROLL	4499
1169832749463	1	INSTRUCTIONSCROLL	4503
1169832749480	1	INSTRUCTIONSCROLL	4506
1169832749497	1	INSTRUCTIONSCROLL	4509
1169832749513	1	INSTRUCTIONSCROLL	4513
1169832749530	1	INSTRUCTIONSCROLL	4516
1169832749547	1	INSTRUCTIONSCROLL	4519
1169832749563	1	INSTRUCTIONSCROLL	4523
1169832749580	1	INSTRUCTIONSCROLL	4526
1169832749597	1	INSTRUCTIONSCROLL	4529
1169832749613	1	INSTRUCTIONSCROLL	4533
1169832749630	1	INSTRUCTIONSCROLL	4536
1169832749646	1	INSTRUCTIONSCROLL	4539
1169832749663	1	INSTRUCTIONSCROLL	4543
1169832749680	1	INSTRUCTIONSCROLL	4546
1169832749696	1	INSTRUCTIONSCROLL	4549
1169832749712	1	INSTRUCTIONSCROLL	4552
1169832749729	1	INSTRUCTIONSCROLL	4556
1169832749745	1	INSTRUCTIONSCROLL	4559
1169832749762	1	INSTRUCTIONSCROLL	4562
1169832749779	1	INSTRUCTIONSCROLL	4566
1169832749796	1	INSTRUCTIONSCROLL	4569
1169832749812	1	INSTRUCTIONSCROLL	4572
1169832749829	1	INSTRUCTIONSCROLL	4576
1169832749845	1	INSTRUCTIONSCROLL	4579
1169832749862	1	INSTRUCTIONSCROLL	4582
1169832749879	1	INSTRUCTIONSCROLL	4586
1169832749895	1	INSTRUCTIONSCROLL	4589
1169832749912	1	INSTRUCTIONSCROLL	4592
1169832749929	1	INSTRUCTIONSCROLL	4596
1169832749945	1	INSTRUCTIONSCROLL	4599
1169832749962	1	INSTRUCTIONSCROLL	4602
1169832749979	1	INSTRUCTIONSCROLL	4606
1169832749995	1	INSTRUCTIONSCROLL	4609
1169832750013	1	INSTRUCTIONSCROLL	4612
1169832750030	1	INSTRUCTIONSCROLL	4616
1169832750046	1	INSTRUCTIONSCROLL	4619
1169832750063	1	INSTRUCTIONSCROLL	4623
1169832750080	1	INSTRUCTIONSCROLL	4626
1169832750096	1	INSTRUCTIONSCROLL	4629
1169832750113	1	INSTRUCTIONSCROLL	4633
1169832750130	1	INSTRUCTIONSCROLL	4636
1169832750146	1	INSTRUCTIONSCROLL	4639
1169832750163	1	INSTRUCTIONSCROLL	4643
1169832750180	1	INSTRUCTIONSCROLL	4646
1169832750196	1	INSTRUCTIONSCROLL	4649
1169832750213	1	INSTRUCTIONSCROLL	4653
1169832750230	1	INSTRUCTIONSCROLL	4656
1169832750246	1	INSTRUCTIONSCROLL	4659
1169832750263	1	INSTRUCTIONSCROLL	4663
1169832750280	1	INSTRUCTIONSCROLL	4666
1169832750296	1	INSTRUCTIONSCROLL	4669
1169832750313	1	INSTRUCTIONSCROLL	4673
1169832750330	1	INSTRUCTIONSCROLL	4676
1169832750346	1	INSTRUCTIONSCROLL	4679
1169832750363	1	INSTRUCTIONSCROLL	4683
1169832755178	1	INSTRUCTIONSCROLL	4684
1169832755195	1	INSTRUCTIONSCROLL	4687
1169832755211	1	INSTRUCTIONSCROLL	4691
1169832755228	1	INSTRUCTIONSCROLL	4694
1169832755245	1	INSTRUCTIONSCROLL	4697
1169832755261	1	INSTRUCTIONSCROLL	4701
1169832755278	1	INSTRUCTIONSCROLL	4704
1169832755295	1	INSTRUCTIONSCROLL	4707
1169832755311	1	INSTRUCTIONSCROLL	4711
1169832755328	1	INSTRUCTIONSCROLL	4714
1169832755345	1	INSTRUCTIONSCROLL	4717
1169832755361	1	INSTRUCTIONSCROLL	4721
1169832755378	1	INSTRUCTIONSCROLL	4724
1169832755395	1	INSTRUCTIONSCROLL	4727
1169832755411	1	INSTRUCTIONSCROLL	4731
1169832755428	1	INSTRUCTIONSCROLL	4734
1169832755445	1	INSTRUCTIONSCROLL	4737
1169832755461	1	INSTRUCTIONSCROLL	4741
1169832755478	1	INSTRUCTIONSCROLL	4744
1169832755495	1	INSTRUCTIONSCROLL	4747
1169832755511	1	INSTRUCTIONSCROLL	4751
1169832755528	1	INSTRUCTIONSCROLL	4754
1169832755545	1	INSTRUCTIONSCROLL	4757
1169832755561	1	INSTRUCTIONSCROLL	4761
1169832755578	1	INSTRUCTIONSCROLL	4764
1169832755595	1	INSTRUCTIONSCROLL	4767
1169832755611	1	INSTRUCTIONSCROLL	4771
1169832755628	1	INSTRUCTIONSCROLL	4774
1169832755645	1	INSTRUCTIONSCROLL	4777
1169832755661	1	INSTRUCTIONSCROLL	4781
1169832755678	1	INSTRUCTIONSCROLL	4784
1169832755694	1	INSTRUCTIONSCROLL	4787
1169832755710	1	INSTRUCTIONSCROLL	4790
1169832755727	1	INSTRUCTIONSCROLL	4794
1169832755744	1	INSTRUCTIONSCROLL	4797
1169832755760	1	INSTRUCTIONSCROLL	4800
1169832755777	1	INSTRUCTIONSCROLL	4804
1169832755794	1	INSTRUCTIONSCROLL	4807
1169832755810	1	INSTRUCTIONSCROLL	4810
1169832755827	1	INSTRUCTIONSCROLL	4814
1169832755844	1	INSTRUCTIONSCROLL	4817
1169832755861	1	INSTRUCTIONSCROLL	4820
1169832755877	1	INSTRUCTIONSCROLL	4824
1169832755894	1	INSTRUCTIONSCROLL	4827
1169832755910	1	INSTRUCTIONSCROLL	4830
1169832755927	1	INSTRUCTIONSCROLL	4834
1169832755943	1	INSTRUCTIONSCROLL	4837
1169832755960	1	INSTRUCTIONSCROLL	4840
1169832755977	1	INSTRUCTIONSCROLL	4844
1169832755993	1	INSTRUCTIONSCROLL	4847
1169832756011	1	INSTRUCTIONSCROLL	4850
1169832756028	1	INSTRUCTIONSCROLL	4854
1169832756044	1	INSTRUCTIONSCROLL	4857
1169832756061	1	INSTRUCTIONSCROLL	4861
1169832756078	1	INSTRUCTIONSCROLL	4864
1169832756094	1	INSTRUCTIONSCROLL	4867
1169832756111	1	INSTRUCTIONSCROLL	4871
1169832756128	1	INSTRUCTIONSCROLL	4874
1169832756144	1	INSTRUCTIONSCROLL	4877
1169832756161	1	INSTRUCTIONSCROLL	4881
1169832756178	1	INSTRUCTIONSCROLL	4884
1169832756194	1	INSTRUCTIONSCROLL	4887
1169832756211	1	INSTRUCTIONSCROLL	4891
1169832756228	1	INSTRUCTIONSCROLL	4894
1169832756244	1	INSTRUCTIONSCROLL	4897
1169832756261	1	INSTRUCTIONSCROLL	4901
1169832756278	1	INSTRUCTIONSCROLL	4904
1169832756294	1	INSTRUCTIONSCROLL	4907
1169832756311	1	INSTRUCTIONSCROLL	4911
1169832756328	1	INSTRUCTIONSCROLL	4914
1169832756344	1	INSTRUCTIONSCROLL	4917
1169832756361	1	INSTRUCTIONSCROLL	4921
1169832756378	1	INSTRUCTIONSCROLL	4924
1169832756394	1	INSTRUCTIONSCROLL	4927
1169832756411	1	INSTRUCTIONSCROLL	4931
1169832756428	1	INSTRUCTIONSCROLL	4934
1169832756444	1	INSTRUCTIONSCROLL	4937
1169832756461	1	INSTRUCTIONSCROLL	4941
1169832756478	1	INSTRUCTIONSCROLL	4944
1169832756494	1	INSTRUCTIONSCROLL	4947
1169832756511	1	INSTRUCTIONSCROLL	4951
1169832756528	1	INSTRUCTIONSCROLL	4954
1169832756544	1	INSTRUCTIONSCROLL	4955
1169832802812	1	INSTRUCTIONSTOP	Button set (OR)
1169832802812	0	E	Logging Ends
