1159910161092	0	B	Logging Begins
1159910161092	0	INSTRUCTIONSTART	JointRoller	/usr/lib/python2.4/site-packages/pyepl/resources/vera.ttf	30	(1.000000, 1.000000, 1.000000, 1.000000)	"In the following experiment, your memory for associating names with faces will be tested.  The experiment will be divided into two halves, with each half testing you on a completely different set of names and faces.  After the first half, there will be a short break.\n\nThe procedure will be the same for each half.  Eight faces will be presented on the screen, consecutively, accompanied by their names.  A woman's voice will also speak the name when the face appears on the screen.  After five seconds, the face will disappear from the screen, a star (*) will flash on the screen for one second, and then the next face and name will appear.\n\nAfter you have seen all eight faces and names, you will be prompted to press any key in order to move on to a testing period.  During each trial of the testing period, you will see a face with a question mark (?) underneath it.  You will have to try and recall the name that goes with the face, and speak it out loud.  After five seconds the face will disappear from the screen, a star will flash on the screen for one second, and then the next face will appear with a question mark underneath it.\n\nFor each half, there will be ten study periods and ten test periods, alternating.  Each face will have the same name over the entire course of the half, so your task is to try and learn the faces' names as quickly and accurately as possible, and to be able to recall them as quickly and accurately as possible.\n\nDuring the test phase, do not worry if you make a mistake and recall the wrong name accidentally.  There is no penalty.  Also, if you are in the middle of recalling a name and the experiment moves on to the next face, do not stop yourself; continue speaking the name.  However, once the next face appears on the screen, you should give up trying to recall the last face and concentrate on the new one.\n\nDo you have any questions?\n\nPress <ENTER> to continue."
1159910161108	1	INSTRUCTIONSCROLL	0
1159910176242	1	INSTRUCTIONSCROLL	1
1159910176255	1	INSTRUCTIONSCROLL	2
1159910176269	1	INSTRUCTIONSCROLL	4
1159910176282	1	INSTRUCTIONSCROLL	7
1159910176295	1	INSTRUCTIONSCROLL	10
1159910176309	1	INSTRUCTIONSCROLL	12
1159910176322	1	INSTRUCTIONSCROLL	15
1159910176335	1	INSTRUCTIONSCROLL	18
1159910176349	1	INSTRUCTIONSCROLL	20
1159910176362	1	INSTRUCTIONSCROLL	23
1159910176495	1	INSTRUCTIONSCROLL	24
1159910176509	1	INSTRUCTIONSCROLL	25
1159910176522	1	INSTRUCTIONSCROLL	28
1159910176535	1	INSTRUCTIONSCROLL	30
1159910176549	1	INSTRUCTIONSCROLL	33
1159910176562	1	INSTRUCTIONSCROLL	36
1159910176575	1	INSTRUCTIONSCROLL	38
1159910176589	1	INSTRUCTIONSCROLL	41
1159910176602	1	INSTRUCTIONSCROLL	44
1159910176722	1	INSTRUCTIONSCROLL	45
1159910176735	1	INSTRUCTIONSCROLL	47
1159910176749	1	INSTRUCTIONSCROLL	49
1159910176762	1	INSTRUCTIONSCROLL	52
1159910176775	1	INSTRUCTIONSCROLL	55
1159910176789	1	INSTRUCTIONSCROLL	57
1159910176802	1	INSTRUCTIONSCROLL	60
1159910176815	1	INSTRUCTIONSCROLL	63
1159910176934	1	INSTRUCTIONSCROLL	64
1159910176948	1	INSTRUCTIONSCROLL	65
1159910176961	1	INSTRUCTIONSCROLL	68
1159910176974	1	INSTRUCTIONSCROLL	71
1159910176988	1	INSTRUCTIONSCROLL	73
1159910177002	1	INSTRUCTIONSCROLL	76
1159910177015	1	INSTRUCTIONSCROLL	79
1159910177135	1	INSTRUCTIONSCROLL	80
1159910177149	1	INSTRUCTIONSCROLL	82
1159910177162	1	INSTRUCTIONSCROLL	84
1159910177175	1	INSTRUCTIONSCROLL	87
1159910177189	1	INSTRUCTIONSCROLL	90
1159910177202	1	INSTRUCTIONSCROLL	92
1159910177215	1	INSTRUCTIONSCROLL	95
1159910177229	1	INSTRUCTIONSCROLL	97
1159910177295	1	INSTRUCTIONSCROLL	98
1159910177309	1	INSTRUCTIONSCROLL	99
1159910177322	1	INSTRUCTIONSCROLL	101
1159910177335	1	INSTRUCTIONSCROLL	104
1159910177349	1	INSTRUCTIONSCROLL	107
1159910177362	1	INSTRUCTIONSCROLL	109
1159910177375	1	INSTRUCTIONSCROLL	112
1159910177389	1	INSTRUCTIONSCROLL	115
1159910177402	1	INSTRUCTIONSCROLL	117
1159910177415	1	INSTRUCTIONSCROLL	120
1159910177428	1	INSTRUCTIONSCROLL	123
1159910177442	1	INSTRUCTIONSCROLL	125
1159910177455	1	INSTRUCTIONSCROLL	128
1159910177469	1	INSTRUCTIONSCROLL	131
1159910177482	1	INSTRUCTIONSCROLL	133
1159910177495	1	INSTRUCTIONSCROLL	136
1159910177509	1	INSTRUCTIONSCROLL	139
1159910177522	1	INSTRUCTIONSCROLL	141
1159910177535	1	INSTRUCTIONSCROLL	144
1159910177549	1	INSTRUCTIONSCROLL	147
1159910177562	1	INSTRUCTIONSCROLL	149
1159910177575	1	INSTRUCTIONSCROLL	152
1159910177589	1	INSTRUCTIONSCROLL	155
1159910177602	1	INSTRUCTIONSCROLL	157
1159910177615	1	INSTRUCTIONSCROLL	160
1159910177629	1	INSTRUCTIONSCROLL	163
1159910177642	1	INSTRUCTIONSCROLL	165
1159910177655	1	INSTRUCTIONSCROLL	168
1159910177669	1	INSTRUCTIONSCROLL	171
1159910177682	1	INSTRUCTIONSCROLL	173
1159910177695	1	INSTRUCTIONSCROLL	176
1159910177709	1	INSTRUCTIONSCROLL	179
1159910177722	1	INSTRUCTIONSCROLL	181
1159910177735	1	INSTRUCTIONSCROLL	184
1159910177749	1	INSTRUCTIONSCROLL	187
1159910177762	1	INSTRUCTIONSCROLL	189
1159910177775	1	INSTRUCTIONSCROLL	192
1159910177789	1	INSTRUCTIONSCROLL	195
1159910177802	1	INSTRUCTIONSCROLL	197
1159910177815	1	INSTRUCTIONSCROLL	200
1159910177829	1	INSTRUCTIONSCROLL	203
1159910177842	1	INSTRUCTIONSCROLL	205
1159910177855	1	INSTRUCTIONSCROLL	208
1159910177869	1	INSTRUCTIONSCROLL	211
1159910177882	1	INSTRUCTIONSCROLL	213
1159910177895	1	INSTRUCTIONSCROLL	216
1159910177909	1	INSTRUCTIONSCROLL	219
1159910177922	1	INSTRUCTIONSCROLL	221
1159910177934	1	INSTRUCTIONSCROLL	224
1159910177948	1	INSTRUCTIONSCROLL	226
1159910177961	1	INSTRUCTIONSCROLL	229
1159910177974	1	INSTRUCTIONSCROLL	232
1159910177988	1	INSTRUCTIONSCROLL	234
1159910178002	1	INSTRUCTIONSCROLL	237
1159910178015	1	INSTRUCTIONSCROLL	240
1159910178322	1	INSTRUCTIONSCROLL	241
1159910178335	1	INSTRUCTIONSCROLL	242
1159910178349	1	INSTRUCTIONSCROLL	245
1159910178362	1	INSTRUCTIONSCROLL	248
1159910178375	1	INSTRUCTIONSCROLL	250
1159910178389	1	INSTRUCTIONSCROLL	253
1159910178402	1	INSTRUCTIONSCROLL	256
1159910178575	1	INSTRUCTIONSCROLL	257
1159910178589	1	INSTRUCTIONSCROLL	259
1159910178602	1	INSTRUCTIONSCROLL	262
1159910178615	1	INSTRUCTIONSCROLL	265
1159910178629	1	INSTRUCTIONSCROLL	267
1159910178642	1	INSTRUCTIONSCROLL	270
1159910178655	1	INSTRUCTIONSCROLL	273
1159910178669	1	INSTRUCTIONSCROLL	275
1159910178842	1	INSTRUCTIONSCROLL	276
1159910178855	1	INSTRUCTIONSCROLL	277
1159910178869	1	INSTRUCTIONSCROLL	279
1159910178882	1	INSTRUCTIONSCROLL	282
1159910178895	1	INSTRUCTIONSCROLL	285
1159910178909	1	INSTRUCTIONSCROLL	287
1159910178922	1	INSTRUCTIONSCROLL	290
1159910178934	1	INSTRUCTIONSCROLL	293
1159910181589	1	INSTRUCTIONSCROLL	294
1159910181602	1	INSTRUCTIONSCROLL	297
1159910181615	1	INSTRUCTIONSCROLL	300
1159910181629	1	INSTRUCTIONSCROLL	302
1159910181642	1	INSTRUCTIONSCROLL	305
1159910185655	1	INSTRUCTIONSCROLL	306
1159910185669	1	INSTRUCTIONSCROLL	308
1159910185682	1	INSTRUCTIONSCROLL	311
1159910185695	1	INSTRUCTIONSCROLL	314
1159910185709	1	INSTRUCTIONSCROLL	316
1159910185722	1	INSTRUCTIONSCROLL	319
1159910185909	1	INSTRUCTIONSCROLL	320
1159910185922	1	INSTRUCTIONSCROLL	321
1159910185934	1	INSTRUCTIONSCROLL	324
1159910185948	1	INSTRUCTIONSCROLL	326
1159910185961	1	INSTRUCTIONSCROLL	329
1159910185974	1	INSTRUCTIONSCROLL	332
1159910185988	1	INSTRUCTIONSCROLL	334
1159910186002	1	INSTRUCTIONSCROLL	337
1159910186015	1	INSTRUCTIONSCROLL	340
1159910186029	1	INSTRUCTIONSCROLL	343
1159910186042	1	INSTRUCTIONSCROLL	345
1159910186055	1	INSTRUCTIONSCROLL	348
1159910186069	1	INSTRUCTIONSCROLL	351
1159910186082	1	INSTRUCTIONSCROLL	353
1159910186095	1	INSTRUCTIONSCROLL	356
1159910186109	1	INSTRUCTIONSCROLL	359
1159910186122	1	INSTRUCTIONSCROLL	361
1159910186135	1	INSTRUCTIONSCROLL	364
1159910186149	1	INSTRUCTIONSCROLL	367
1159910186162	1	INSTRUCTIONSCROLL	369
1159910186175	1	INSTRUCTIONSCROLL	372
1159910186189	1	INSTRUCTIONSCROLL	375
1159910186202	1	INSTRUCTIONSCROLL	377
1159910186215	1	INSTRUCTIONSCROLL	380
1159910186229	1	INSTRUCTIONSCROLL	383
1159910186242	1	INSTRUCTIONSCROLL	385
1159910186255	1	INSTRUCTIONSCROLL	388
1159910186269	1	INSTRUCTIONSCROLL	391
1159910186282	1	INSTRUCTIONSCROLL	393
1159910186295	1	INSTRUCTIONSCROLL	396
1159910186309	1	INSTRUCTIONSCROLL	399
1159910186322	1	INSTRUCTIONSCROLL	401
1159910186335	1	INSTRUCTIONSCROLL	404
1159910186349	1	INSTRUCTIONSCROLL	407
1159910186362	1	INSTRUCTIONSCROLL	409
1159910186375	1	INSTRUCTIONSCROLL	412
1159910186389	1	INSTRUCTIONSCROLL	415
1159910186402	1	INSTRUCTIONSCROLL	417
1159910186415	1	INSTRUCTIONSCROLL	420
1159910186429	1	INSTRUCTIONSCROLL	423
1159910186442	1	INSTRUCTIONSCROLL	425
1159910186455	1	INSTRUCTIONSCROLL	428
1159910186469	1	INSTRUCTIONSCROLL	431
1159910186482	1	INSTRUCTIONSCROLL	433
1159910186495	1	INSTRUCTIONSCROLL	436
1159910186509	1	INSTRUCTIONSCROLL	439
1159910186522	1	INSTRUCTIONSCROLL	441
1159910186535	1	INSTRUCTIONSCROLL	444
1159910186549	1	INSTRUCTIONSCROLL	447
1159910186562	1	INSTRUCTIONSCROLL	449
1159910186575	1	INSTRUCTIONSCROLL	452
1159910186589	1	INSTRUCTIONSCROLL	455
1159910186602	1	INSTRUCTIONSCROLL	457
1159910186615	1	INSTRUCTIONSCROLL	460
1159910186629	1	INSTRUCTIONSCROLL	463
1159910186642	1	INSTRUCTIONSCROLL	465
1159910186655	1	INSTRUCTIONSCROLL	468
1159910186669	1	INSTRUCTIONSCROLL	471
1159910186682	1	INSTRUCTIONSCROLL	473
1159910186695	1	INSTRUCTIONSCROLL	476
1159910186709	1	INSTRUCTIONSCROLL	479
1159910186722	1	INSTRUCTIONSCROLL	481
1159910186735	1	INSTRUCTIONSCROLL	484
1159910186749	1	INSTRUCTIONSCROLL	487
1159910186762	1	INSTRUCTIONSCROLL	489
1159910186775	1	INSTRUCTIONSCROLL	492
1159910186789	1	INSTRUCTIONSCROLL	495
1159910186802	1	INSTRUCTIONSCROLL	497
1159910186815	1	INSTRUCTIONSCROLL	500
1159910186829	1	INSTRUCTIONSCROLL	503
1159910186842	1	INSTRUCTIONSCROLL	505
1159910186855	1	INSTRUCTIONSCROLL	508
1159910186869	1	INSTRUCTIONSCROLL	511
1159910186882	1	INSTRUCTIONSCROLL	513
1159910186895	1	INSTRUCTIONSCROLL	516
1159910186909	1	INSTRUCTIONSCROLL	519
1159910186922	1	INSTRUCTIONSCROLL	521
1159910186934	1	INSTRUCTIONSCROLL	524
1159910186948	1	INSTRUCTIONSCROLL	526
1159910186961	1	INSTRUCTIONSCROLL	529
1159910186974	1	INSTRUCTIONSCROLL	532
1159910186988	1	INSTRUCTIONSCROLL	534
1159910187002	1	INSTRUCTIONSCROLL	537
1159910187015	1	INSTRUCTIONSCROLL	540
1159910187029	1	INSTRUCTIONSCROLL	543
1159910187042	1	INSTRUCTIONSCROLL	545
1159910187055	1	INSTRUCTIONSCROLL	548
1159910187069	1	INSTRUCTIONSCROLL	551
1159910187082	1	INSTRUCTIONSCROLL	553
1159910187095	1	INSTRUCTIONSCROLL	556
1159910187109	1	INSTRUCTIONSCROLL	559
1159910187122	1	INSTRUCTIONSCROLL	561
1159910187135	1	INSTRUCTIONSCROLL	564
1159910187149	1	INSTRUCTIONSCROLL	567
1159910187162	1	INSTRUCTIONSCROLL	569
1159910187175	1	INSTRUCTIONSCROLL	572
1159910187189	1	INSTRUCTIONSCROLL	575
1159910187202	1	INSTRUCTIONSCROLL	577
1159910187215	1	INSTRUCTIONSCROLL	580
1159910187229	1	INSTRUCTIONSCROLL	583
1159910187242	1	INSTRUCTIONSCROLL	585
1159910187255	1	INSTRUCTIONSCROLL	588
1159910187269	1	INSTRUCTIONSCROLL	591
1159910187282	1	INSTRUCTIONSCROLL	593
1159910187295	1	INSTRUCTIONSCROLL	596
1159910187309	1	INSTRUCTIONSCROLL	599
1159910187322	1	INSTRUCTIONSCROLL	601
1159910187335	1	INSTRUCTIONSCROLL	604
1159910187349	1	INSTRUCTIONSCROLL	607
1159910187362	1	INSTRUCTIONSCROLL	609
1159910187375	1	INSTRUCTIONSCROLL	612
1159910187389	1	INSTRUCTIONSCROLL	615
1159910187402	1	INSTRUCTIONSCROLL	617
1159910187415	1	INSTRUCTIONSCROLL	620
1159910187429	1	INSTRUCTIONSCROLL	623
1159910187442	1	INSTRUCTIONSCROLL	625
1159910187455	1	INSTRUCTIONSCROLL	628
1159910187469	1	INSTRUCTIONSCROLL	631
1159910187482	1	INSTRUCTIONSCROLL	633
1159910187495	1	INSTRUCTIONSCROLL	636
1159910187509	1	INSTRUCTIONSCROLL	639
1159910187522	1	INSTRUCTIONSCROLL	641
1159910187535	1	INSTRUCTIONSCROLL	644
1159910187549	1	INSTRUCTIONSCROLL	647
1159910187562	1	INSTRUCTIONSCROLL	649
1159910187575	1	INSTRUCTIONSCROLL	652
1159910187589	1	INSTRUCTIONSCROLL	655
1159910187602	1	INSTRUCTIONSCROLL	657
1159910187615	1	INSTRUCTIONSCROLL	660
1159910187629	1	INSTRUCTIONSCROLL	663
1159910187642	1	INSTRUCTIONSCROLL	665
1159910187655	1	INSTRUCTIONSCROLL	668
1159910187669	1	INSTRUCTIONSCROLL	671
1159910187682	1	INSTRUCTIONSCROLL	673
1159910187695	1	INSTRUCTIONSCROLL	676
1159910187709	1	INSTRUCTIONSCROLL	679
1159910187722	1	INSTRUCTIONSCROLL	681
1159910187735	1	INSTRUCTIONSCROLL	684
1159910187749	1	INSTRUCTIONSCROLL	687
1159910187762	1	INSTRUCTIONSCROLL	689
1159910187775	1	INSTRUCTIONSCROLL	692
1159910187789	1	INSTRUCTIONSCROLL	695
1159910193122	1	INSTRUCTIONSCROLL	696
1159910193135	1	INSTRUCTIONSCROLL	699
1159910193149	1	INSTRUCTIONSCROLL	702
1159910193162	1	INSTRUCTIONSCROLL	704
1159910193175	1	INSTRUCTIONSCROLL	707
1159910193189	1	INSTRUCTIONSCROLL	710
1159910193202	1	INSTRUCTIONSCROLL	712
1159910193215	1	INSTRUCTIONSCROLL	715
1159910193229	1	INSTRUCTIONSCROLL	718
1159910193242	1	INSTRUCTIONSCROLL	720
1159910193255	1	INSTRUCTIONSCROLL	723
1159910193269	1	INSTRUCTIONSCROLL	726
1159910193282	1	INSTRUCTIONSCROLL	728
1159910193295	1	INSTRUCTIONSCROLL	731
1159910193309	1	INSTRUCTIONSCROLL	734
1159910193322	1	INSTRUCTIONSCROLL	736
1159910193335	1	INSTRUCTIONSCROLL	739
1159910193349	1	INSTRUCTIONSCROLL	742
1159910193362	1	INSTRUCTIONSCROLL	744
1159910193375	1	INSTRUCTIONSCROLL	747
1159910193389	1	INSTRUCTIONSCROLL	750
1159910193402	1	INSTRUCTIONSCROLL	752
1159910193415	1	INSTRUCTIONSCROLL	755
1159910193429	1	INSTRUCTIONSCROLL	758
1159910193789	1	INSTRUCTIONSCROLL	759
1159910193802	1	INSTRUCTIONSCROLL	762
1159910193815	1	INSTRUCTIONSCROLL	764
1159910193829	1	INSTRUCTIONSCROLL	767
1159910193842	1	INSTRUCTIONSCROLL	770
1159910193855	1	INSTRUCTIONSCROLL	772
1159910193869	1	INSTRUCTIONSCROLL	775
1159910193882	1	INSTRUCTIONSCROLL	778
1159910193895	1	INSTRUCTIONSCROLL	780
1159910193909	1	INSTRUCTIONSCROLL	783
1159910193922	1	INSTRUCTIONSCROLL	786
1159910193934	1	INSTRUCTIONSCROLL	788
1159910195242	1	INSTRUCTIONSCROLL	789
1159910195255	1	INSTRUCTIONSCROLL	790
1159910195269	1	INSTRUCTIONSCROLL	793
1159910195282	1	INSTRUCTIONSCROLL	795
1159910195295	1	INSTRUCTIONSCROLL	798
1159910195309	1	INSTRUCTIONSCROLL	801
1159910195322	1	INSTRUCTIONSCROLL	803
1159910195335	1	INSTRUCTIONSCROLL	806
1159910195349	1	INSTRUCTIONSCROLL	809
1159910207122	1	INSTRUCTIONSCROLL	810
1159910207136	1	INSTRUCTIONSCROLL	813
1159910207149	1	INSTRUCTIONSCROLL	816
1159910207162	1	INSTRUCTIONSCROLL	818
1159910207175	1	INSTRUCTIONSCROLL	821
1159910207189	1	INSTRUCTIONSCROLL	824
1159910207202	1	INSTRUCTIONSCROLL	826
1159910207216	1	INSTRUCTIONSCROLL	829
1159910207229	1	INSTRUCTIONSCROLL	832
1159910207242	1	INSTRUCTIONSCROLL	834
1159910207255	1	INSTRUCTIONSCROLL	837
1159910207269	1	INSTRUCTIONSCROLL	840
1159910207282	1	INSTRUCTIONSCROLL	842
1159910207296	1	INSTRUCTIONSCROLL	845
1159910207309	1	INSTRUCTIONSCROLL	848
1159910207322	1	INSTRUCTIONSCROLL	850
1159910207335	1	INSTRUCTIONSCROLL	853
1159910207349	1	INSTRUCTIONSCROLL	856
1159910207362	1	INSTRUCTIONSCROLL	858
1159910207376	1	INSTRUCTIONSCROLL	861
1159910207389	1	INSTRUCTIONSCROLL	864
1159910207402	1	INSTRUCTIONSCROLL	866
1159910207416	1	INSTRUCTIONSCROLL	869
1159910207429	1	INSTRUCTIONSCROLL	872
1159910207442	1	INSTRUCTIONSCROLL	874
1159910207456	1	INSTRUCTIONSCROLL	877
1159910207469	1	INSTRUCTIONSCROLL	880
1159910207482	1	INSTRUCTIONSCROLL	882
1159910207496	1	INSTRUCTIONSCROLL	885
1159910207509	1	INSTRUCTIONSCROLL	888
1159910207522	1	INSTRUCTIONSCROLL	890
1159910207536	1	INSTRUCTIONSCROLL	893
1159910207549	1	INSTRUCTIONSCROLL	896
1159910207562	1	INSTRUCTIONSCROLL	898
1159910207576	1	INSTRUCTIONSCROLL	901
1159910207589	1	INSTRUCTIONSCROLL	904
1159910207602	1	INSTRUCTIONSCROLL	906
1159910207616	1	INSTRUCTIONSCROLL	909
1159910207629	1	INSTRUCTIONSCROLL	912
1159910207642	1	INSTRUCTIONSCROLL	914
1159910207656	1	INSTRUCTIONSCROLL	917
1159910207669	1	INSTRUCTIONSCROLL	920
1159910207682	1	INSTRUCTIONSCROLL	922
1159910207696	1	INSTRUCTIONSCROLL	925
1159910207709	1	INSTRUCTIONSCROLL	928
1159910207722	1	INSTRUCTIONSCROLL	930
1159910207736	1	INSTRUCTIONSCROLL	933
1159910207749	1	INSTRUCTIONSCROLL	936
1159910207762	1	INSTRUCTIONSCROLL	938
1159910207776	1	INSTRUCTIONSCROLL	941
1159910207789	1	INSTRUCTIONSCROLL	944
1159910207802	1	INSTRUCTIONSCROLL	946
1159910207816	1	INSTRUCTIONSCROLL	949
1159910207829	1	INSTRUCTIONSCROLL	952
1159910207842	1	INSTRUCTIONSCROLL	954
1159910207856	1	INSTRUCTIONSCROLL	957
1159910207869	1	INSTRUCTIONSCROLL	960
1159910207882	1	INSTRUCTIONSCROLL	962
1159910207896	1	INSTRUCTIONSCROLL	965
1159910207909	1	INSTRUCTIONSCROLL	968
1159910207922	1	INSTRUCTIONSCROLL	970
1159910207935	1	INSTRUCTIONSCROLL	973
1159910207948	1	INSTRUCTIONSCROLL	975
1159910207961	1	INSTRUCTIONSCROLL	978
1159910207975	1	INSTRUCTIONSCROLL	981
1159910207988	1	INSTRUCTIONSCROLL	983
1159910208002	1	INSTRUCTIONSCROLL	986
1159910208016	1	INSTRUCTIONSCROLL	989
1159910208029	1	INSTRUCTIONSCROLL	992
1159910208042	1	INSTRUCTIONSCROLL	994
1159910208056	1	INSTRUCTIONSCROLL	997
1159910208069	1	INSTRUCTIONSCROLL	1000
1159910208082	1	INSTRUCTIONSCROLL	1002
1159910208096	1	INSTRUCTIONSCROLL	1005
1159910208109	1	INSTRUCTIONSCROLL	1008
1159910208122	1	INSTRUCTIONSCROLL	1010
1159910208136	1	INSTRUCTIONSCROLL	1013
1159910208149	1	INSTRUCTIONSCROLL	1016
1159910208162	1	INSTRUCTIONSCROLL	1018
1159910208176	1	INSTRUCTIONSCROLL	1021
1159910208189	1	INSTRUCTIONSCROLL	1024
1159910208202	1	INSTRUCTIONSCROLL	1026
1159910208216	1	INSTRUCTIONSCROLL	1029
1159910208229	1	INSTRUCTIONSCROLL	1032
1159910208242	1	INSTRUCTIONSCROLL	1034
1159910208256	1	INSTRUCTIONSCROLL	1037
1159910208269	1	INSTRUCTIONSCROLL	1040
1159910208282	1	INSTRUCTIONSCROLL	1042
1159910208296	1	INSTRUCTIONSCROLL	1045
1159910208309	1	INSTRUCTIONSCROLL	1048
1159910208322	1	INSTRUCTIONSCROLL	1050
1159910208336	1	INSTRUCTIONSCROLL	1053
1159910208349	1	INSTRUCTIONSCROLL	1056
1159910208362	1	INSTRUCTIONSCROLL	1058
1159910208376	1	INSTRUCTIONSCROLL	1061
1159910208389	1	INSTRUCTIONSCROLL	1064
1159910208402	1	INSTRUCTIONSCROLL	1066
1159910208416	1	INSTRUCTIONSCROLL	1069
1159910208429	1	INSTRUCTIONSCROLL	1072
1159910208442	1	INSTRUCTIONSCROLL	1074
1159910208456	1	INSTRUCTIONSCROLL	1077
1159910208469	1	INSTRUCTIONSCROLL	1080
1159910208482	1	INSTRUCTIONSCROLL	1082
1159910208496	1	INSTRUCTIONSCROLL	1085
1159910208509	1	INSTRUCTIONSCROLL	1088
1159910208522	1	INSTRUCTIONSCROLL	1090
1159910208536	1	INSTRUCTIONSCROLL	1093
1159910208549	1	INSTRUCTIONSCROLL	1096
1159910208562	1	INSTRUCTIONSCROLL	1098
1159910208576	1	INSTRUCTIONSCROLL	1101
1159910208589	1	INSTRUCTIONSCROLL	1103
1159910208602	1	INSTRUCTIONSCROLL	1106
1159910208616	1	INSTRUCTIONSCROLL	1109
1159910208629	1	INSTRUCTIONSCROLL	1111
1159910208642	1	INSTRUCTIONSCROLL	1114
1159910208656	1	INSTRUCTIONSCROLL	1117
1159910208669	1	INSTRUCTIONSCROLL	1119
1159910208682	1	INSTRUCTIONSCROLL	1122
1159910208696	1	INSTRUCTIONSCROLL	1125
1159910208709	1	INSTRUCTIONSCROLL	1127
1159910208722	1	INSTRUCTIONSCROLL	1130
1159910208736	1	INSTRUCTIONSCROLL	1133
1159910208749	1	INSTRUCTIONSCROLL	1135
1159910208762	1	INSTRUCTIONSCROLL	1138
1159910208776	1	INSTRUCTIONSCROLL	1141
1159910208789	1	INSTRUCTIONSCROLL	1143
1159910208802	1	INSTRUCTIONSCROLL	1146
1159910208816	1	INSTRUCTIONSCROLL	1149
1159910208829	1	INSTRUCTIONSCROLL	1151
1159910208842	1	INSTRUCTIONSCROLL	1154
1159910208856	1	INSTRUCTIONSCROLL	1157
1159910208869	1	INSTRUCTIONSCROLL	1159
1159910208882	1	INSTRUCTIONSCROLL	1162
1159910208896	1	INSTRUCTIONSCROLL	1165
1159910208909	1	INSTRUCTIONSCROLL	1167
1159910208922	1	INSTRUCTIONSCROLL	1170
1159910208935	1	INSTRUCTIONSCROLL	1173
1159910208948	1	INSTRUCTIONSCROLL	1175
1159910208961	1	INSTRUCTIONSCROLL	1178
1159910208975	1	INSTRUCTIONSCROLL	1180
1159910208988	1	INSTRUCTIONSCROLL	1183
1159910209002	1	INSTRUCTIONSCROLL	1186
1159910209016	1	INSTRUCTIONSCROLL	1189
1159910209029	1	INSTRUCTIONSCROLL	1191
1159910209042	1	INSTRUCTIONSCROLL	1194
1159910209056	1	INSTRUCTIONSCROLL	1197
1159910209069	1	INSTRUCTIONSCROLL	1199
1159910209082	1	INSTRUCTIONSCROLL	1202
1159910209096	1	INSTRUCTIONSCROLL	1205
1159910225522	1	INSTRUCTIONSCROLL	1206
1159910225536	1	INSTRUCTIONSCROLL	1209
1159910225549	1	INSTRUCTIONSCROLL	1211
1159910225562	1	INSTRUCTIONSCROLL	1214
1159910225576	1	INSTRUCTIONSCROLL	1217
1159910225589	1	INSTRUCTIONSCROLL	1219
1159910225602	1	INSTRUCTIONSCROLL	1222
1159910225616	1	INSTRUCTIONSCROLL	1225
1159910225629	1	INSTRUCTIONSCROLL	1227
1159910225642	1	INSTRUCTIONSCROLL	1230
1159910225656	1	INSTRUCTIONSCROLL	1233
1159910225669	1	INSTRUCTIONSCROLL	1235
1159910225682	1	INSTRUCTIONSCROLL	1238
1159910225696	1	INSTRUCTIONSCROLL	1240
1159910225709	1	INSTRUCTIONSCROLL	1243
1159910225722	1	INSTRUCTIONSCROLL	1246
1159910225736	1	INSTRUCTIONSCROLL	1249
1159910225749	1	INSTRUCTIONSCROLL	1251
1159910225762	1	INSTRUCTIONSCROLL	1254
1159910225776	1	INSTRUCTIONSCROLL	1257
1159910225789	1	INSTRUCTIONSCROLL	1259
1159910225802	1	INSTRUCTIONSCROLL	1262
1159910225816	1	INSTRUCTIONSCROLL	1265
1159910225829	1	INSTRUCTIONSCROLL	1267
1159910225842	1	INSTRUCTIONSCROLL	1270
1159910225856	1	INSTRUCTIONSCROLL	1273
1159910225869	1	INSTRUCTIONSCROLL	1275
1159910225882	1	INSTRUCTIONSCROLL	1278
1159910225896	1	INSTRUCTIONSCROLL	1281
1159910225909	1	INSTRUCTIONSCROLL	1283
1159910225922	1	INSTRUCTIONSCROLL	1286
1159910225935	1	INSTRUCTIONSCROLL	1289
1159910225948	1	INSTRUCTIONSCROLL	1291
1159910225961	1	INSTRUCTIONSCROLL	1294
1159910225975	1	INSTRUCTIONSCROLL	1296
1159910225988	1	INSTRUCTIONSCROLL	1299
1159910226002	1	INSTRUCTIONSCROLL	1302
1159910226016	1	INSTRUCTIONSCROLL	1305
1159910226029	1	INSTRUCTIONSCROLL	1307
1159910226042	1	INSTRUCTIONSCROLL	1310
1159910226056	1	INSTRUCTIONSCROLL	1313
1159910226069	1	INSTRUCTIONSCROLL	1315
1159910226082	1	INSTRUCTIONSCROLL	1318
1159910226416	1	INSTRUCTIONSCROLL	1319
1159910226429	1	INSTRUCTIONSCROLL	1321
1159910226442	1	INSTRUCTIONSCROLL	1323
1159910226456	1	INSTRUCTIONSCROLL	1326
1159910226469	1	INSTRUCTIONSCROLL	1329
1159910226482	1	INSTRUCTIONSCROLL	1331
1159910226496	1	INSTRUCTIONSCROLL	1334
1159910226509	1	INSTRUCTIONSCROLL	1337
1159910226522	1	INSTRUCTIONSCROLL	1339
1159910226536	1	INSTRUCTIONSCROLL	1342
1159910226549	1	INSTRUCTIONSCROLL	1345
1159910226562	1	INSTRUCTIONSCROLL	1347
1159910226842	1	INSTRUCTIONSCROLL	1348
1159910226856	1	INSTRUCTIONSCROLL	1350
1159910226869	1	INSTRUCTIONSCROLL	1352
1159910226882	1	INSTRUCTIONSCROLL	1355
1159910226896	1	INSTRUCTIONSCROLL	1358
1159910226909	1	INSTRUCTIONSCROLL	1360
1159910227202	1	INSTRUCTIONSCROLL	1361
1159910227216	1	INSTRUCTIONSCROLL	1364
1159910227229	1	INSTRUCTIONSCROLL	1366
1159910227242	1	INSTRUCTIONSCROLL	1369
1159910227256	1	INSTRUCTIONSCROLL	1372
1159910227269	1	INSTRUCTIONSCROLL	1374
1159910227562	1	INSTRUCTIONSCROLL	1375
1159910227576	1	INSTRUCTIONSCROLL	1377
1159910227589	1	INSTRUCTIONSCROLL	1380
1159910227602	1	INSTRUCTIONSCROLL	1383
1159910227616	1	INSTRUCTIONSCROLL	1385
1159910227629	1	INSTRUCTIONSCROLL	1388
1159910227922	1	INSTRUCTIONSCROLL	1389
1159910227935	1	INSTRUCTIONSCROLL	1391
1159910227948	1	INSTRUCTIONSCROLL	1394
1159910227961	1	INSTRUCTIONSCROLL	1396
1159910227975	1	INSTRUCTIONSCROLL	1399
1159910227988	1	INSTRUCTIONSCROLL	1402
1159910228002	1	INSTRUCTIONSCROLL	1404
1159910228042	1	INSTRUCTIONSCROLL	1405
1159910228056	1	INSTRUCTIONSCROLL	1407
1159910228069	1	INSTRUCTIONSCROLL	1410
1159910228082	1	INSTRUCTIONSCROLL	1412
1159910228096	1	INSTRUCTIONSCROLL	1415
1159910228109	1	INSTRUCTIONSCROLL	1418
1159910228122	1	INSTRUCTIONSCROLL	1420
1159910228136	1	INSTRUCTIONSCROLL	1423
1159910228149	1	INSTRUCTIONSCROLL	1426
1159910228162	1	INSTRUCTIONSCROLL	1428
1159910228176	1	INSTRUCTIONSCROLL	1431
1159910228189	1	INSTRUCTIONSCROLL	1434
1159910228202	1	INSTRUCTIONSCROLL	1436
1159910228216	1	INSTRUCTIONSCROLL	1439
1159910228722	1	INSTRUCTIONSCROLL	1440
1159910228736	1	INSTRUCTIONSCROLL	1442
1159910228749	1	INSTRUCTIONSCROLL	1444
1159910228762	1	INSTRUCTIONSCROLL	1447
1159910228776	1	INSTRUCTIONSCROLL	1450
1159910228789	1	INSTRUCTIONSCROLL	1452
1159910228802	1	INSTRUCTIONSCROLL	1455
1159910228816	1	INSTRUCTIONSCROLL	1458
1159910228829	1	INSTRUCTIONSCROLL	1460
1159910228842	1	INSTRUCTIONSCROLL	1463
1159910228856	1	INSTRUCTIONSCROLL	1466
1159910228869	1	INSTRUCTIONSCROLL	1468
1159910228882	1	INSTRUCTIONSCROLL	1471
1159910228896	1	INSTRUCTIONSCROLL	1474
1159910228909	1	INSTRUCTIONSCROLL	1476
1159910228922	1	INSTRUCTIONSCROLL	1479
1159910228935	1	INSTRUCTIONSCROLL	1482
1159910228948	1	INSTRUCTIONSCROLL	1484
1159910228961	1	INSTRUCTIONSCROLL	1487
1159910228975	1	INSTRUCTIONSCROLL	1490
1159910228988	1	INSTRUCTIONSCROLL	1492
1159910229002	1	INSTRUCTIONSCROLL	1495
1159910229016	1	INSTRUCTIONSCROLL	1498
1159910229336	1	INSTRUCTIONSCROLL	1499
1159910229349	1	INSTRUCTIONSCROLL	1502
1159910229362	1	INSTRUCTIONSCROLL	1504
1159910229376	1	INSTRUCTIONSCROLL	1507
1159910229389	1	INSTRUCTIONSCROLL	1510
1159910229402	1	INSTRUCTIONSCROLL	1512
1159910229416	1	INSTRUCTIONSCROLL	1515
1159910230056	1	INSTRUCTIONSCROLL	1516
1159910230069	1	INSTRUCTIONSCROLL	1519
1159910230082	1	INSTRUCTIONSCROLL	1521
1159910230096	1	INSTRUCTIONSCROLL	1524
1159910230109	1	INSTRUCTIONSCROLL	1527
1159910230122	1	INSTRUCTIONSCROLL	1529
1159910230136	1	INSTRUCTIONSCROLL	1532
1159910230149	1	INSTRUCTIONSCROLL	1535
1159910230162	1	INSTRUCTIONSCROLL	1537
1159910230176	1	INSTRUCTIONSCROLL	1540
1159910230189	1	INSTRUCTIONSCROLL	1543
1159910230202	1	INSTRUCTIONSCROLL	1545
1159910230216	1	INSTRUCTIONSCROLL	1548
1159910230229	1	INSTRUCTIONSCROLL	1551
1159910230242	1	INSTRUCTIONSCROLL	1553
1159910230256	1	INSTRUCTIONSCROLL	1556
1159910230269	1	INSTRUCTIONSCROLL	1559
1159910230282	1	INSTRUCTIONSCROLL	1561
1159910230296	1	INSTRUCTIONSCROLL	1564
1159910230309	1	INSTRUCTIONSCROLL	1567
1159910230322	1	INSTRUCTIONSCROLL	1569
1159910230336	1	INSTRUCTIONSCROLL	1572
1159910230349	1	INSTRUCTIONSCROLL	1575
1159910230362	1	INSTRUCTIONSCROLL	1577
1159910230376	1	INSTRUCTIONSCROLL	1580
1159910230389	1	INSTRUCTIONSCROLL	1583
1159910230402	1	INSTRUCTIONSCROLL	1585
1159910230416	1	INSTRUCTIONSCROLL	1588
1159910230429	1	INSTRUCTIONSCROLL	1591
1159910230442	1	INSTRUCTIONSCROLL	1593
1159910230456	1	INSTRUCTIONSCROLL	1596
1159910230469	1	INSTRUCTIONSCROLL	1599
1159910230482	1	INSTRUCTIONSCROLL	1601
1159910230496	1	INSTRUCTIONSCROLL	1604
1159910230509	1	INSTRUCTIONSCROLL	1607
1159910230522	1	INSTRUCTIONSCROLL	1609
1159910230536	1	INSTRUCTIONSCROLL	1612
1159910230549	1	INSTRUCTIONSCROLL	1615
1159910230562	1	INSTRUCTIONSCROLL	1617
1159910230576	1	INSTRUCTIONSCROLL	1620
1159910230589	1	INSTRUCTIONSCROLL	1623
1159910230602	1	INSTRUCTIONSCROLL	1625
1159910230616	1	INSTRUCTIONSCROLL	1628
1159910230629	1	INSTRUCTIONSCROLL	1631
1159910230642	1	INSTRUCTIONSCROLL	1633
1159910230656	1	INSTRUCTIONSCROLL	1636
1159910230669	1	INSTRUCTIONSCROLL	1639
1159910230682	1	INSTRUCTIONSCROLL	1641
1159910230696	1	INSTRUCTIONSCROLL	1644
1159910230709	1	INSTRUCTIONSCROLL	1647
1159910230722	1	INSTRUCTIONSCROLL	1649
1159910230736	1	INSTRUCTIONSCROLL	1652
1159910230749	1	INSTRUCTIONSCROLL	1655
1159910230762	1	INSTRUCTIONSCROLL	1657
1159910230776	1	INSTRUCTIONSCROLL	1660
1159910231109	1	INSTRUCTIONSCROLL	1661
1159910231122	1	INSTRUCTIONSCROLL	1663
1159910231136	1	INSTRUCTIONSCROLL	1666
1159910231149	1	INSTRUCTIONSCROLL	1668
1159910231162	1	INSTRUCTIONSCROLL	1671
1159910231176	1	INSTRUCTIONSCROLL	1674
1159910231189	1	INSTRUCTIONSCROLL	1676
1159910231202	1	INSTRUCTIONSCROLL	1679
1159910231216	1	INSTRUCTIONSCROLL	1682
1159910231229	1	INSTRUCTIONSCROLL	1684
1159910231242	1	INSTRUCTIONSCROLL	1687
1159910231256	1	INSTRUCTIONSCROLL	1690
1159910231269	1	INSTRUCTIONSCROLL	1692
1159910231282	1	INSTRUCTIONSCROLL	1695
1159910231296	1	INSTRUCTIONSCROLL	1698
1159910231309	1	INSTRUCTIONSCROLL	1700
1159910231322	1	INSTRUCTIONSCROLL	1703
1159910231336	1	INSTRUCTIONSCROLL	1706
1159910231349	1	INSTRUCTIONSCROLL	1708
1159910231362	1	INSTRUCTIONSCROLL	1711
1159910231376	1	INSTRUCTIONSCROLL	1714
1159910231389	1	INSTRUCTIONSCROLL	1716
1159910231402	1	INSTRUCTIONSCROLL	1719
1159910231416	1	INSTRUCTIONSCROLL	1722
1159910231429	1	INSTRUCTIONSCROLL	1724
1159910231442	1	INSTRUCTIONSCROLL	1727
1159910240349	1	INSTRUCTIONSCROLL	1728
1159910240363	1	INSTRUCTIONSCROLL	1729
1159910240376	1	INSTRUCTIONSCROLL	1732
1159910240389	1	INSTRUCTIONSCROLL	1735
1159910240403	1	INSTRUCTIONSCROLL	1737
1159910240416	1	INSTRUCTIONSCROLL	1740
1159910242269	1	INSTRUCTIONSTOP	Button set (OR)
1159910242273	0	E	Logging Ends
