1160417340509	0	B	Logging Begins
1160417340510	0	SESS_START	0
1160417432134	0	TRIAL	1
1160417438612	1	FACE	1995	PRES1_NNNP	Correct	LL1	PP0	Lure_PPPP	0	PRACTICE
1160417442559	1	FACE	1995	CUE	Correct	LL1	PP0	Lure_PPPP	0	PRACTICE
1160417444554	0	FACE	1995	RESP	Correct	LL1	PP0	Lure_PPPP	0	PRACTICE
1160417444576	0	TRIAL	2
1160417449252	1	FACE	1664	PRES1_PPNN	Correct	LL1	PP0	Lure_PNNP	0	PRACTICE
1160417453159	1	FACE	1664	CUE	Correct	LL1	PP0	Lure_PNNP	0	PRACTICE
1160417454823	0	FACE	1664	RESP	Correct	LL1	PP0	Lure_PNNP	0	PRACTICE
1160417454855	0	TRIAL	3
1160417465918	1	FACE	1310	PRES1_NNNN	Incorrect	LL1	PP0	Lure_PNPN	0	PRACTICE
1160417469824	1	FACE	1310	CUE	Incorrect	LL1	PP0	Lure_PNPN	0	PRACTICE
1160417471134	0	FACE	1310	RESP	Incorrect	LL1	PP0	Lure_PNPN	0	PRACTICE
1160417471162	0	TRIAL	4
1160417474572	1	FACE	1487	PRES1_PPPN	Correct	LL1	PP1	Target_PPPN	0	PRACTICE
1160417478572	1	FACE	1487	CUE	Correct	LL1	PP1	Target_PPPN	0	PRACTICE
1160417480059	0	FACE	1487	RESP	Correct	LL1	PP1	Target_PPPN	0	PRACTICE
1160417480084	0	TRIAL	5
1160417483012	1	FACE	1285	PRES1_PNNN	Incorrect	LL1	PP1	Target_PNNN	0	PRACTICE
1160417486798	1	FACE	1285	CUE	Incorrect	LL1	PP1	Target_PNNN	0	PRACTICE
1160417488083	0	FACE	1285	RESP	Incorrect	LL1	PP1	Target_PNNN	0	PRACTICE
1160417488109	0	TRIAL	6
1160417491252	1	FACE	1061	PRES1_NNPP	Correct	LL1	PP0	Lure_PPNP	0	PRACTICE
1160417495239	1	FACE	1061	CUE	Correct	LL1	PP0	Lure_PPNP	0	PRACTICE
1160417496300	0	FACE	1061	RESP	Correct	LL1	PP0	Lure_PPNP	0	PRACTICE
1160417496324	0	TRIAL	7
1160417499785	1	FACE	1493	PRES1_NPNP	Incorrect	LL1	PP1	Target_NPNP	0	PRACTICE
1160417503612	1	FACE	1493	CUE	Incorrect	LL1	PP1	Target_NPNP	0	PRACTICE
1160417505105	0	FACE	1493	RESP	Incorrect	LL1	PP1	Target_NPNP	0	PRACTICE
1160417505136	0	TRIAL	8
1160417508132	1	FACE	1136	PRES1_PPNN	Incorrect	LL1	PP1	Target_PPNN	0	PRACTICE
1160417512092	1	FACE	1136	CUE	Incorrect	LL1	PP1	Target_PPNN	0	PRACTICE
1160417513228	0	FACE	1136	RESP	Incorrect	LL1	PP1	Target_PPNN	0	PRACTICE
1160417513256	0	TRIAL	9
1160417516186	1	FACE	903	PRES1_NPPN	Correct	LL1	PP0	Lure_PPPN	0	PRACTICE
1160417520013	1	FACE	903	CUE	Correct	LL1	PP0	Lure_PPPN	0	PRACTICE
1160417520916	0	FACE	903	RESP	Correct	LL1	PP0	Lure_PPPN	0	PRACTICE
1160417520948	0	TRIAL	10
1160417523985	1	FACE	1132	PRES1_PNNN	Correct	LL1	PP0	Lure_NPPP	0	PRACTICE
1160417527905	1	FACE	1132	CUE	Correct	LL1	PP0	Lure_NPPP	0	PRACTICE
1160417529037	0	FACE	1132	RESP	Correct	LL1	PP0	Lure_NPPP	0	PRACTICE
1160417529056	0	TRIAL	11
1160417532039	1	FACE	1016	PRES1_PNNP	Incorrect	LL1	PP1	Target_PNNP	0	PRACTICE
1160417535958	1	FACE	1016	CUE	Incorrect	LL1	PP1	Target_PNNP	0	PRACTICE
1160417536974	0	FACE	1016	RESP	Incorrect	LL1	PP1	Target_PNNP	0	PRACTICE
1160417537007	0	TRIAL	12
1160417540613	1	FACE	1269	PRES1_PPPP	Correct	LL1	PP1	Target_PPPP	0	PRACTICE
1160417544453	1	FACE	1269	CUE	Correct	LL1	PP1	Target_PPPP	0	PRACTICE
1160417545722	0	FACE	1269	RESP	Correct	LL1	PP1	Target_PPPP	0	PRACTICE
1160417545749	0	TRIAL	13
1160417548985	1	FACE	1048	PRES1_NPNN	Correct	LL1	PP1	Target_NPNN	0	PRACTICE
1160417553066	1	FACE	1048	CUE	Correct	LL1	PP1	Target_NPNN	0	PRACTICE
1160417554114	1	FACE	1048	RESP	Correct	LL1	PP1	Target_NPNN	0	PRACTICE
1160417554137	0	TRIAL	14
1160417556799	1	FACE	1060	PRES1_NNPN	Correct	LL1	PP0	Lure_NNPP	0	PRACTICE
1160417560613	1	FACE	1060	CUE	Correct	LL1	PP0	Lure_NNPP	0	PRACTICE
1160417561673	0	FACE	1060	RESP	Correct	LL1	PP0	Lure_NNPP	0	PRACTICE
1160417561696	0	TRIAL	15
1160417565373	1	FACE	1442	PRES1_PNPN	Correct	LL1	PP0	Lure_NNNP	0	PRACTICE
1160417569200	1	FACE	1442	CUE	Correct	LL1	PP0	Lure_NNNP	0	PRACTICE
1160417570642	0	FACE	1442	RESP	Correct	LL1	PP0	Lure_NNNP	0	PRACTICE
1160417570670	0	TRIAL	16
1160417574053	1	FACE	1069	PRES1_PPNP	Correct	LL1	PP0	Lure_NPNN	0	PRACTICE
1160417577839	1	FACE	1069	CUE	Correct	LL1	PP0	Lure_NPNN	0	PRACTICE
1160417578908	0	FACE	1069	RESP	Correct	LL1	PP0	Lure_NPNN	0	PRACTICE
1160417578936	0	TRIAL	17
1160417582120	1	FACE	923	PRES1_PNNP	Correct	LL1	PP0	Lure_NPNP	0	PRACTICE
1160417586133	1	FACE	923	CUE	Correct	LL1	PP0	Lure_NPNP	0	PRACTICE
1160417587056	0	FACE	923	RESP	Correct	LL1	PP0	Lure_NPNP	0	PRACTICE
1160417587085	0	TRIAL	18
1160417590067	1	FACE	959	PRES1_NNNN	Incorrect	LL1	PP1	Target_NNNN	0	PRACTICE
1160417593932	1	FACE	959	CUE	Incorrect	LL1	PP1	Target_NNNN	0	PRACTICE
1160417594891	0	FACE	959	RESP	Incorrect	LL1	PP1	Target_NNNN	0	PRACTICE
1160417594923	0	TRIAL	19
1160417597879	1	FACE	967	PRES1_PPNP	Incorrect	LL1	PP1	Target_PPNP	0	PRACTICE
1160417601679	1	FACE	967	CUE	Incorrect	LL1	PP1	Target_PPNP	0	PRACTICE
1160417602646	0	FACE	967	RESP	Incorrect	LL1	PP1	Target_PPNP	0	PRACTICE
1160417602670	0	TRIAL	20
1160417606959	1	FACE	1504	PRES1_NPPN	Incorrect	LL1	PP1	Target_NPPN	0	PRACTICE
1160417610932	1	FACE	1504	CUE	Incorrect	LL1	PP1	Target_NPPN	0	PRACTICE
1160417612436	0	FACE	1504	RESP	Incorrect	LL1	PP1	Target_NPPN	0	PRACTICE
1160417612457	0	TRIAL	21
1160417615653	1	FACE	1078	PRES1_PNPP	Incorrect	LL1	PP1	Target_PNPP	0	PRACTICE
1160417619560	1	FACE	1078	CUE	Incorrect	LL1	PP1	Target_PNPP	0	PRACTICE
1160417620638	0	FACE	1078	RESP	Incorrect	LL1	PP1	Target_PNPP	0	PRACTICE
1160417620670	0	TRIAL	22
1160417623919	1	FACE	954	PRES1_NNNP	Correct	LL1	PP1	Target_NNNP	0	PRACTICE
1160417627839	1	FACE	954	CUE	Correct	LL1	PP1	Target_NNNP	0	PRACTICE
1160417628793	0	FACE	954	RESP	Correct	LL1	PP1	Target_NNNP	0	PRACTICE
1160417628804	0	TRIAL	23
1160417631400	1	FACE	752	PRES1_NPPP	Correct	LL1	PP0	Lure_NNPN	0	PRACTICE
1160417635320	1	FACE	752	CUE	Correct	LL1	PP0	Lure_NNPN	0	PRACTICE
1160417636072	0	FACE	752	RESP	Correct	LL1	PP0	Lure_NNPN	0	PRACTICE
1160417636097	0	TRIAL	24
1160417639400	1	FACE	1036	PRES1_NPNP	Correct	LL1	PP0	Lure_PNPP	0	PRACTICE
1160417643374	1	FACE	1036	CUE	Correct	LL1	PP0	Lure_PNPP	0	PRACTICE
1160417644410	0	FACE	1036	RESP	Correct	LL1	PP0	Lure_PNPP	0	PRACTICE
1160417644431	0	TRIAL	25
1160417647853	1	FACE	1203	PRES1_PPPP	Correct	LL1	PP0	Lure_PPNN	0	PRACTICE
1160417651693	1	FACE	1203	CUE	Correct	LL1	PP0	Lure_PPNN	0	PRACTICE
1160417652896	0	FACE	1203	RESP	Correct	LL1	PP0	Lure_PPNN	0	PRACTICE
1160417652923	0	TRIAL	26
1160417657720	1	FACE	1521	PRES1_NNPP	Correct	LL1	PP1	Target_NNPP	0	PRACTICE
1160417661654	1	FACE	1521	CUE	Correct	LL1	PP1	Target_NNPP	0	PRACTICE
1160417663175	1	FACE	1521	RESP	Correct	LL1	PP1	Target_NNPP	0	PRACTICE
1160417663204	0	TRIAL	27
1160417669427	1	FACE	1001	PRES1_NPNN	Correct	LL1	PP0	Lure_NNNN	0	PRACTICE
1160417673201	1	FACE	1001	CUE	Correct	LL1	PP0	Lure_NNNN	0	PRACTICE
1160417674202	0	FACE	1001	RESP	Correct	LL1	PP0	Lure_NNNN	0	PRACTICE
1160417674232	0	TRIAL	28
1160417677654	1	FACE	1496	PRES1_NPPP	Correct	LL1	PP1	Target_NPPP	0	PRACTICE
1160417681601	1	FACE	1496	CUE	Correct	LL1	PP1	Target_NPPP	0	PRACTICE
1160417683097	0	FACE	1496	RESP	Correct	LL1	PP1	Target_NPPP	0	PRACTICE
1160417683124	0	TRIAL	29
1160417686614	1	FACE	1089	PRES1_PNPP	Incorrect	LL1	PP0	Lure_NPPN	0	PRACTICE
1160417690468	1	FACE	1089	CUE	Incorrect	LL1	PP0	Lure_NPPN	0	PRACTICE
1160417691557	0	FACE	1089	RESP	Incorrect	LL1	PP0	Lure_NPPN	0	PRACTICE
1160417691578	0	TRIAL	30
1160417694281	1	FACE	1803	PRES1_PNPN	Incorrect	LL1	PP1	Target_PNPN	0	PRACTICE
1160417698054	1	FACE	1803	CUE	Incorrect	LL1	PP1	Target_PNPN	0	PRACTICE
1160417699857	0	FACE	1803	RESP	Incorrect	LL1	PP1	Target_PNPN	0	PRACTICE
1160417699884	0	TRIAL	31
1160417703041	1	FACE	670	PRES1_NNPN	Correct	LL1	PP1	Target_NNPN	0	PRACTICE
1160417707054	1	FACE	670	CUE	Correct	LL1	PP1	Target_NNPN	0	PRACTICE
1160417707724	0	FACE	670	RESP	Correct	LL1	PP1	Target_NNPN	0	PRACTICE
1160417707750	0	TRIAL	32
1160417710720	1	FACE	1544	PRES1_PPPN	Correct	LL1	PP0	Lure_PNNN	0	PRACTICE
1160417714614	1	FACE	1544	CUE	Correct	LL1	PP0	Lure_PNNN	0	PRACTICE
1160417716158	0	FACE	1544	RESP	Correct	LL1	PP0	Lure_PNNN	0	PRACTICE
1160417721476	0	TRIAL	1
1160417727348	1	FACE	872	PRES1_NNNN	Correct	LL1	PP1	Target_NNNN	0	PRACTICE
1160417731361	1	FACE	872	CUE	Correct	LL1	PP1	Target_NNNN	0	PRACTICE
1160417732233	0	FACE	872	RESP	Correct	LL1	PP1	Target_NNNN	0	PRACTICE
1160417732258	0	TRIAL	2
1160417735508	1	FACE	1368	PRES1_PPNP	Incorrect	LL1	PP1	Target_PPNP	0	PRACTICE
1160417739375	1	FACE	1368	CUE	Incorrect	LL1	PP1	Target_PPNP	0	PRACTICE
1160417740743	0	FACE	1368	RESP	Incorrect	LL1	PP1	Target_PPNP	0	PRACTICE
1160417740764	0	TRIAL	3
1160417743840	1	FACE	1287	PRES1_NNNP	Correct	LL1	PP0	Lure_PNPP	0	PRACTICE
1160417747747	1	FACE	1287	CUE	Correct	LL1	PP0	Lure_PNPP	0	PRACTICE
1160417749034	1	FACE	1287	RESP	Correct	LL1	PP0	Lure_PNPP	0	PRACTICE
1160417749058	0	TRIAL	4
1160417752348	1	FACE	988	PRES1_NPPN	Incorrect	LL1	PP0	Lure_NNPP	0	PRACTICE
1160417756268	1	FACE	988	CUE	Incorrect	LL1	PP0	Lure_NNPP	0	PRACTICE
1160417757256	0	FACE	988	RESP	Incorrect	LL1	PP0	Lure_NNPP	0	PRACTICE
1160417757285	0	TRIAL	5
1160417760774	1	FACE	1543	PRES1_PPNP	Correct	LL1	PP0	Lure_NPPP	0	PRACTICE
1160417764615	1	FACE	1543	CUE	Correct	LL1	PP0	Lure_NPPP	0	PRACTICE
1160417766158	0	FACE	1543	RESP	Correct	LL1	PP0	Lure_NPPP	0	PRACTICE
1160417766179	0	TRIAL	6
1160417769228	1	FACE	1194	PRES1_PNPP	Correct	LL1	PP1	Target_PNPP	0	PRACTICE
1160417773255	1	FACE	1194	CUE	Correct	LL1	PP1	Target_PNPP	0	PRACTICE
1160417774449	0	FACE	1194	RESP	Correct	LL1	PP1	Target_PNPP	0	PRACTICE
1160417774459	0	TRIAL	7
1160417777668	1	FACE	2410	PRES1_PPPN	Incorrect	LL1	PP0	Lure_NNNN	0	PRACTICE
1160417781707	1	FACE	2410	CUE	Incorrect	LL1	PP0	Lure_NNNN	0	PRACTICE
1160417784117	0	FACE	2410	RESP	Incorrect	LL1	PP0	Lure_NNNN	0	PRACTICE
1160417784139	0	TRIAL	8
1160417786988	1	FACE	1594	PRES1_NPNP	Correct	LL1	PP0	Lure_PPNP	0	PRACTICE
1160417790948	1	FACE	1594	CUE	Correct	LL1	PP0	Lure_PPNP	0	PRACTICE
1160417792542	0	FACE	1594	RESP	Correct	LL1	PP0	Lure_PPNP	0	PRACTICE
1160417792566	0	TRIAL	9
1160417796015	1	FACE	2234	PRES1_PNNP	Correct	LL1	PP1	Target_PNNP	0	PRACTICE
1160417799814	1	FACE	2234	CUE	Correct	LL1	PP1	Target_PNNP	0	PRACTICE
1160417802048	0	FACE	2234	RESP	Correct	LL1	PP1	Target_PNNP	0	PRACTICE
1160417802072	0	TRIAL	10
1160417805055	1	FACE	4397	PRES1_NNPN	Correct	LL1	PP0	Lure_PPPP	0	PRACTICE
1160417808828	1	FACE	4397	CUE	Correct	LL1	PP0	Lure_PPPP	0	PRACTICE
1160417813225	0	FACE	4397	RESP	Correct	LL1	PP0	Lure_PPPP	0	PRACTICE
1160417813246	0	TRIAL	11
1160417816562	1	FACE	1487	PRES1_PNNN	Correct	LL1	PP1	Target_PNNN	0	PRACTICE
1160417820362	1	FACE	1487	CUE	Correct	LL1	PP1	Target_PNNN	0	PRACTICE
1160417821849	0	FACE	1487	RESP	Correct	LL1	PP1	Target_PNNN	0	PRACTICE
1160417821872	0	TRIAL	12
1160417825469	1	FACE	1934	PRES1_NPPP	Correct	LL1	PP0	Lure_PPPN	0	PRACTICE
1160417829429	1	FACE	1934	CUE	Correct	LL1	PP0	Lure_PPPN	0	PRACTICE
1160417831363	0	FACE	1934	RESP	Correct	LL1	PP0	Lure_PPPN	0	PRACTICE
1160417831393	0	TRIAL	13
1160417835149	1	FACE	1614	PRES1_NNPP	Correct	LL1	PP1	Target_NNPP	0	PRACTICE
1160417838988	1	FACE	1614	CUE	Correct	LL1	PP1	Target_NNPP	0	PRACTICE
1160417840602	0	FACE	1614	RESP	Correct	LL1	PP1	Target_NNPP	0	PRACTICE
1160417840633	0	TRIAL	14
1160417843921	1	FACE	2058	PRES1_NNNN	Incorrect	LL1	PP0	Lure_PNNN	0	PRACTICE
1160417847828	1	FACE	2058	CUE	Incorrect	LL1	PP0	Lure_PNNN	0	PRACTICE
1160417849886	0	FACE	2058	RESP	Incorrect	LL1	PP0	Lure_PNNN	0	PRACTICE
1160417849912	0	TRIAL	15
1160417852589	1	FACE	2981	PRES1_PPNN	Correct	LL1	PP0	Lure_PNNP	0	PRACTICE
1160417856443	1	FACE	2981	CUE	Correct	LL1	PP0	Lure_PNNP	0	PRACTICE
1160417859424	1	FACE	2981	RESP	Correct	LL1	PP0	Lure_PNNP	0	PRACTICE
1160417859447	0	TRIAL	16
1160417862483	1	FACE	2105	PRES1_NPNN	Correct	LL1	PP1	Target_NPNN	0	PRACTICE
1160417866269	1	FACE	2105	CUE	Correct	LL1	PP1	Target_NPNN	0	PRACTICE
1160417868374	0	FACE	2105	RESP	Correct	LL1	PP1	Target_NPNN	0	PRACTICE
1160417868393	0	TRIAL	17
1160417871549	1	FACE	1567	PRES1_NPNP	Correct	LL1	PP1	Target_NPNP	0	PRACTICE
1160417875536	1	FACE	1567	CUE	Correct	LL1	PP1	Target_NPNP	0	PRACTICE
1160417877103	0	FACE	1567	RESP	Correct	LL1	PP1	Target_NPNP	0	PRACTICE
1160417877127	0	TRIAL	18
1160417880389	1	FACE	1320	PRES1_PNNP	Correct	LL1	PP0	Lure_PPNN	0	PRACTICE
1160417884176	1	FACE	1320	CUE	Correct	LL1	PP0	Lure_PPNN	0	PRACTICE
1160417885496	0	FACE	1320	RESP	Correct	LL1	PP0	Lure_PPNN	0	PRACTICE
1160417885526	0	TRIAL	19
1160417888630	1	FACE	1464	PRES1_PPPP	Correct	LL1	PP0	Lure_NNPN	0	PRACTICE
1160417892470	1	FACE	1464	CUE	Correct	LL1	PP0	Lure_NNPN	0	PRACTICE
1160417893934	0	FACE	1464	RESP	Correct	LL1	PP0	Lure_NNPN	0	PRACTICE
1160417893965	0	TRIAL	20
1160417897016	1	FACE	1274	PRES1_PNPP	Correct	LL1	PP0	Lure_NPNP	0	PRACTICE
1160417900842	1	FACE	1274	CUE	Correct	LL1	PP0	Lure_NPNP	0	PRACTICE
1160417902116	0	FACE	1274	RESP	Correct	LL1	PP0	Lure_NPNP	0	PRACTICE
1160417902141	0	TRIAL	21
1160417905363	1	FACE	2485	PRES1_PNNN	Correct	LL1	PP0	Lure_NPPN	0	PRACTICE
1160417909243	1	FACE	2485	CUE	Correct	LL1	PP0	Lure_NPPN	0	PRACTICE
1160417911728	0	FACE	2485	RESP	Correct	LL1	PP0	Lure_NPPN	0	PRACTICE
1160417911753	0	TRIAL	22
1160417915590	1	FACE	1181	PRES1_NNPN	Correct	LL1	PP1	Target_NNPN	0	PRACTICE
1160417919350	1	FACE	1181	CUE	Correct	LL1	PP1	Target_NNPN	0	PRACTICE
1160417920531	0	FACE	1181	RESP	Correct	LL1	PP1	Target_NNPN	0	PRACTICE
1160417920554	0	TRIAL	23
1160417923816	1	FACE	3028	PRES1_PNPN	Correct	LL1	PP1	Target_PNPN	0	PRACTICE
1160417927603	1	FACE	3028	CUE	Correct	LL1	PP1	Target_PNPN	0	PRACTICE
1160417930631	0	FACE	3028	RESP	Correct	LL1	PP1	Target_PNPN	0	PRACTICE
1160417930660	0	TRIAL	24
1160417933936	1	FACE	1284	PRES1_PPPN	Correct	LL1	PP1	Target_PPPN	0	PRACTICE
1160417937949	1	FACE	1284	CUE	Correct	LL1	PP1	Target_PPPN	0	PRACTICE
1160417939233	1	FACE	1284	RESP	Correct	LL1	PP1	Target_PPPN	0	PRACTICE
1160417939260	0	TRIAL	25
1160417942217	1	FACE	1240	PRES1_NNNP	Correct	LL1	PP1	Target_NNNP	0	PRACTICE
1160417946017	1	FACE	1240	CUE	Correct	LL1	PP1	Target_NNNP	0	PRACTICE
1160417947257	0	FACE	1240	RESP	Correct	LL1	PP1	Target_NNNP	0	PRACTICE
1160417947288	0	TRIAL	26
1160417950577	1	FACE	1268	PRES1_NPNN	Correct	LL1	PP0	Lure_PNPN	0	PRACTICE
1160417954430	1	FACE	1268	CUE	Correct	LL1	PP0	Lure_PNPN	0	PRACTICE
1160417955698	0	FACE	1268	RESP	Correct	LL1	PP0	Lure_PNPN	0	PRACTICE
1160417955726	0	TRIAL	27
1160417959137	1	FACE	1568	PRES1_PPPP	Correct	LL1	PP1	Target_PPPP	0	PRACTICE
1160417963124	1	FACE	1568	CUE	Correct	LL1	PP1	Target_PPPP	0	PRACTICE
1160417964692	0	FACE	1568	RESP	Correct	LL1	PP1	Target_PPPP	0	PRACTICE
1160417964713	0	TRIAL	28
1160417967843	1	FACE	1203	PRES1_NPPP	Correct	LL1	PP1	Target_NPPP	0	PRACTICE
1160417971630	1	FACE	1203	CUE	Correct	LL1	PP1	Target_NPPP	0	PRACTICE
1160417972833	0	FACE	1203	RESP	Correct	LL1	PP1	Target_NPPP	0	PRACTICE
1160417972860	0	TRIAL	29
1160417976084	1	FACE	3301	PRES1_PNPN	Correct	LL1	PP0	Lure_NPNN	0	PRACTICE
1160417980097	1	FACE	3301	CUE	Correct	LL1	PP0	Lure_NPNN	0	PRACTICE
1160417983398	0	FACE	3301	RESP	Correct	LL1	PP0	Lure_NPNN	0	PRACTICE
1160417983421	0	TRIAL	30
1160417986657	1	FACE	3311	PRES1_PPNN	Incorrect	LL1	PP1	Target_PPNN	0	PRACTICE
1160417990471	1	FACE	3311	CUE	Incorrect	LL1	PP1	Target_PPNN	0	PRACTICE
1160417993782	0	FACE	3311	RESP	Incorrect	LL1	PP1	Target_PPNN	0	PRACTICE
1160417993808	0	TRIAL	31
1160417996990	1	FACE	1648	PRES1_NPPN	Correct	LL1	PP1	Target_NPPN	0	PRACTICE
1160418000963	1	FACE	1648	CUE	Correct	LL1	PP1	Target_NPPN	0	PRACTICE
1160418002611	0	FACE	1648	RESP	Correct	LL1	PP1	Target_NPPN	0	PRACTICE
1160418002634	0	TRIAL	32
1160418005750	1	FACE	1101	PRES1_NNPP	Incorrect	LL1	PP0	Lure_NNNP	0	PRACTICE
1160418009736	1	FACE	1101	CUE	Incorrect	LL1	PP0	Lure_NNNP	0	PRACTICE
1160418010837	0	FACE	1101	RESP	Incorrect	LL1	PP0	Lure_NNNP	0	PRACTICE
1160418026995	0	SESS_END	1
1160418026999	0	E	Logging Ends
