1159361983672	0	B	Logging Begins
1159361983672	0	SETUP
1159361983690	0	RESTORESTATE
1159361983718	0	SAVESTATE
1159361983718	0	RESTORESTATE
1159361983999	0	SESSION	0
1159361993898	0	BREAK
1159361993898	0	E	Logging Ends
1159362003252	0	B	Logging Begins
1159362003252	0	SETUP
1159362003259	0	RESTORESTATE
1159362003263	0	RESTORESTATE
1159362003527	0	SESSION	0
1159362164469	0	SAVESTATE
1159362170500	0	SAVESTATE
1159362176531	0	SAVESTATE
1159362182565	0	SAVESTATE
1159362188596	0	SAVESTATE
1159362194698	0	SAVESTATE
1159362200659	0	SAVESTATE
1159362206687	0	SAVESTATE
1159362215461	0	SAVESTATE
1159362221492	0	SAVESTATE
1159362227524	0	SAVESTATE
1159362233555	0	SAVESTATE
1159362239586	0	SAVESTATE
1159362245617	0	SAVESTATE
1159362251648	0	SAVESTATE
1159362257679	0	SAVESTATE
1159362265602	0	SAVESTATE
1159362271633	0	SAVESTATE
1159362277664	0	SAVESTATE
1159362283698	0	SAVESTATE
1159362289728	0	SAVESTATE
1159362295759	0	SAVESTATE
1159362301790	0	SAVESTATE
1159362307822	0	SAVESTATE
1159362317909	0	SAVESTATE
1159362323941	0	SAVESTATE
1159362329972	0	SAVESTATE
1159362336004	0	SAVESTATE
1159362342019	0	SAVESTATE
1159362348050	0	SAVESTATE
1159362354082	0	SAVESTATE
1159362360113	0	SAVESTATE
1159362367654	0	SAVESTATE
1159362373681	0	SAVESTATE
1159362379713	0	SAVESTATE
1159362385745	0	SAVESTATE
1159362391777	0	SAVESTATE
1159362397810	0	SAVESTATE
1159362403839	0	SAVESTATE
1159362409871	0	SAVESTATE
1159362416928	0	SAVESTATE
1159362422959	0	SAVESTATE
1159362428989	0	SAVESTATE
1159362435022	0	SAVESTATE
1159362441053	0	SAVESTATE
1159362447084	0	SAVESTATE
1159362453117	0	SAVESTATE
1159362459147	0	SAVESTATE
1159362466221	0	SAVESTATE
1159362472250	0	SAVESTATE
1159362478286	0	SAVESTATE
1159362484315	0	SAVESTATE
1159362490344	0	SAVESTATE
1159362496375	0	SAVESTATE
1159362502408	0	SAVESTATE
1159362508497	0	SAVESTATE
1159362515628	0	SAVESTATE
1159362521658	0	SAVESTATE
1159362527690	0	SAVESTATE
1159362533721	0	SAVESTATE
1159362539753	0	SAVESTATE
1159362545784	0	SAVESTATE
1159362551815	0	SAVESTATE
1159362557846	0	SAVESTATE
1159362565037	0	SAVESTATE
1159362571070	0	SAVESTATE
1159362577102	0	SAVESTATE
1159362583131	0	SAVESTATE
1159362589162	0	SAVESTATE
1159362595196	0	SAVESTATE
1159362601302	0	SAVESTATE
1159362607257	0	SAVESTATE
1159362614345	0	SAVESTATE
1159362620377	0	SAVESTATE
1159362626408	0	SAVESTATE
1159362632440	0	SAVESTATE
1159362638471	0	SAVESTATE
1159362644503	0	SAVESTATE
1159362650533	0	SAVESTATE
1159362656565	0	SAVESTATE
1159362665671	0	SAVESTATE
1159362671700	0	SAVESTATE
1159362677732	0	SAVESTATE
1159362683762	0	SAVESTATE
1159362689796	0	SAVESTATE
1159362695829	0	SAVESTATE
1159362701860	0	SAVESTATE
1159362707888	0	SAVESTATE
1159362714313	0	SAVESTATE
1159362720343	0	SAVESTATE
1159362726375	0	SAVESTATE
1159362732406	0	SAVESTATE
1159362738438	0	SAVESTATE
1159362744469	0	SAVESTATE
1159362750500	0	SAVESTATE
1159362756532	0	SAVESTATE
1159362764721	0	SAVESTATE
1159362770752	0	SAVESTATE
1159362776783	0	SAVESTATE
1159362782813	0	SAVESTATE
1159362788845	0	SAVESTATE
1159362794877	0	SAVESTATE
1159362800910	0	SAVESTATE
1159362806938	0	SAVESTATE
1159362814413	0	SAVESTATE
1159362820444	0	SAVESTATE
1159362826475	0	SAVESTATE
1159362832507	0	SAVESTATE
1159362838538	0	SAVESTATE
1159362844569	0	SAVESTATE
1159362850601	0	SAVESTATE
1159362856632	0	SAVESTATE
1159362864322	0	SAVESTATE
1159362870354	0	SAVESTATE
1159362876384	0	SAVESTATE
1159362882415	0	SAVESTATE
1159362888446	0	SAVESTATE
1159362894477	0	SAVESTATE
1159362900510	0	SAVESTATE
1159362906543	0	SAVESTATE
1159362913962	0	SAVESTATE
1159362919993	0	SAVESTATE
1159362926026	0	SAVESTATE
1159362932057	0	SAVESTATE
1159362938088	0	SAVESTATE
1159362944186	0	SAVESTATE
1159362950218	0	SAVESTATE
1159362956250	0	SAVESTATE
1159362964188	0	SAVESTATE
1159362970219	0	SAVESTATE
1159362976252	0	SAVESTATE
1159362982283	0	SAVESTATE
1159362988313	0	SAVESTATE
1159362994345	0	SAVESTATE
1159363000380	0	SAVESTATE
1159363006498	0	SAVESTATE
1159363014030	0	SAVESTATE
1159363020061	0	SAVESTATE
1159363026092	0	SAVESTATE
1159363032124	0	SAVESTATE
1159363038155	0	SAVESTATE
1159363044187	0	SAVESTATE
1159363050218	0	SAVESTATE
1159363056249	0	SAVESTATE
1159363065754	0	SAVESTATE
1159363071785	0	SAVESTATE
1159363077815	0	SAVESTATE
1159363083847	0	SAVESTATE
1159363089879	0	SAVESTATE
1159363095913	0	SAVESTATE
1159363101988	0	SAVESTATE
1159363107974	0	SAVESTATE
1159363115679	0	SAVESTATE
1159363121710	0	SAVESTATE
1159363127741	0	SAVESTATE
1159363133772	0	SAVESTATE
1159363139804	0	SAVESTATE
1159363145835	0	SAVESTATE
1159363151866	0	SAVESTATE
1159363157898	0	SAVESTATE
1159363438222	0	SAVESTATE
1159363444263	0	SAVESTATE
1159363450297	0	SAVESTATE
1159363456326	0	SAVESTATE
1159363462361	0	SAVESTATE
1159363468516	0	SAVESTATE
1159363474421	0	SAVESTATE
1159363480452	0	SAVESTATE
1159363487955	0	SAVESTATE
1159363493987	0	SAVESTATE
1159363500019	0	SAVESTATE
1159363506050	0	SAVESTATE
1159363512082	0	SAVESTATE
1159363518113	0	SAVESTATE
1159363524144	0	SAVESTATE
1159363530177	0	SAVESTATE
1159363537668	0	SAVESTATE
1159363543697	0	SAVESTATE
1159363549726	0	SAVESTATE
1159363555763	0	SAVESTATE
1159363561791	0	SAVESTATE
1159363567822	0	SAVESTATE
1159363573854	0	SAVESTATE
1159363579890	0	SAVESTATE
1159363586922	0	SAVESTATE
1159363593205	0	SAVESTATE
1159363599236	0	SAVESTATE
1159363605267	0	SAVESTATE
1159363611299	0	SAVESTATE
1159363617330	0	SAVESTATE
1159363623362	0	SAVESTATE
1159363629393	0	SAVESTATE
1159363636997	0	SAVESTATE
1159363643038	0	SAVESTATE
1159363649082	0	SAVESTATE
1159363655111	0	SAVESTATE
1159363661143	0	SAVESTATE
1159363667174	0	SAVESTATE
1159363673206	0	SAVESTATE
1159363679236	0	SAVESTATE
1159363686756	0	SAVESTATE
1159363692787	0	SAVESTATE
1159363698819	0	SAVESTATE
1159363704851	0	SAVESTATE
1159363710881	0	SAVESTATE
1159363716996	0	SAVESTATE
1159363723029	0	SAVESTATE
1159363729060	0	SAVESTATE
1159363736384	0	SAVESTATE
1159363742415	0	SAVESTATE
1159363748446	0	SAVESTATE
1159363754478	0	SAVESTATE
1159363760515	0	SAVESTATE
1159363766559	0	SAVESTATE
1159363772588	0	SAVESTATE
1159363778705	0	SAVESTATE
1159363785825	0	SAVESTATE
1159363791855	0	SAVESTATE
1159363797886	0	SAVESTATE
1159363803917	0	SAVESTATE
1159363809949	0	SAVESTATE
1159363815980	0	SAVESTATE
1159363822013	0	SAVESTATE
1159363828044	0	SAVESTATE
1159363835149	0	SAVESTATE
1159363841185	0	SAVESTATE
1159363847214	0	SAVESTATE
1159363853251	0	SAVESTATE
1159363859292	0	SAVESTATE
1159363865327	0	SAVESTATE
1159363871444	0	SAVESTATE
1159363877387	0	SAVESTATE
1159363885058	0	SAVESTATE
1159363891089	0	SAVESTATE
1159363897121	0	SAVESTATE
1159363903152	0	SAVESTATE
1159363909183	0	SAVESTATE
1159363915215	0	SAVESTATE
1159363921247	0	SAVESTATE
1159363927277	0	SAVESTATE
1159363934604	0	SAVESTATE
1159363940633	0	SAVESTATE
1159363946663	0	SAVESTATE
1159363952700	0	SAVESTATE
1159363958745	0	SAVESTATE
1159363964775	0	SAVESTATE
1159363970805	0	SAVESTATE
1159363976835	0	SAVESTATE
1159363984092	0	SAVESTATE
1159363990124	0	SAVESTATE
1159363996155	0	SAVESTATE
1159364002186	0	SAVESTATE
1159364008217	0	SAVESTATE
1159364014249	0	SAVESTATE
1159364020280	0	SAVESTATE
1159364026311	0	SAVESTATE
1159364033885	0	SAVESTATE
1159364039918	0	SAVESTATE
1159364045947	0	SAVESTATE
1159364051980	0	SAVESTATE
1159364058014	0	SAVESTATE
1159364064041	0	SAVESTATE
1159364070072	0	SAVESTATE
1159364076110	0	SAVESTATE
1159364083526	0	SAVESTATE
1159364089557	0	SAVESTATE
1159364095588	0	SAVESTATE
1159364101620	0	SAVESTATE
1159364107650	0	SAVESTATE
1159364113681	0	SAVESTATE
1159364119713	0	SAVESTATE
1159364125744	0	SAVESTATE
1159364133336	0	SAVESTATE
1159364139369	0	SAVESTATE
1159364145405	0	SAVESTATE
1159364151447	0	SAVESTATE
1159364157479	0	SAVESTATE
1159364163508	0	SAVESTATE
1159364169541	0	SAVESTATE
1159364175570	0	SAVESTATE
1159364182825	0	SAVESTATE
1159364188856	0	SAVESTATE
1159364194888	0	SAVESTATE
1159364200919	0	SAVESTATE
1159364206951	0	SAVESTATE
1159364213199	0	SAVESTATE
1159364219231	0	SAVESTATE
1159364225262	0	SAVESTATE
1159364232835	0	SAVESTATE
1159364238866	0	SAVESTATE
1159364244901	0	SAVESTATE
1159364250935	0	SAVESTATE
1159364256979	0	SAVESTATE
1159364263009	0	SAVESTATE
1159364269040	0	SAVESTATE
1159364275190	0	SAVESTATE
1159364283444	0	SAVESTATE
1159364289474	0	SAVESTATE
1159364295506	0	SAVESTATE
1159364301537	0	SAVESTATE
1159364307568	0	SAVESTATE
1159364313600	0	SAVESTATE
1159364319631	0	SAVESTATE
1159364325661	0	SAVESTATE
1159364333105	0	SAVESTATE
1159364339134	0	SAVESTATE
1159364345168	0	SAVESTATE
1159364351196	0	SAVESTATE
1159364357235	0	SAVESTATE
1159364363279	0	SAVESTATE
1159364369308	0	SAVESTATE
1159364375338	0	SAVESTATE
1159364383160	0	SAVESTATE
1159364389191	0	SAVESTATE
1159364395222	0	SAVESTATE
1159364401254	0	SAVESTATE
1159364407285	0	SAVESTATE
1159364413316	0	SAVESTATE
1159364419348	0	SAVESTATE
1159364425379	0	SAVESTATE
1159364437824	0	SAVESTATE
1159364437850	0	EXIT
1159364437850	0	E	Logging Ends
