1169069704372	0	B	Logging Begins
1169069704373	0	SESS_START	0
1169071738225	0	TRIAL	1
1169071743649	1	FACE	1708	PRES1_NNPP	Incorrect	LL1	PP0	Lure_PPPP	4	0	PRACTICE
1169071747542	1	FACE	1708	CUE	Incorrect	LL1	PP0	Lure_PPPP	4	0	PRACTICE
1169071749250	0	FACE	1708	RESP	Incorrect	LL1	PP0	Lure_PPPP	4	0	PRACTICE
1169071749275	0	TRIAL	2
1169071755189	1	FACE	1246	PRES1_NNNN	Correct	LL1	PP1	Target_NNNN	6	0	PRACTICE
1169071759075	1	FACE	1246	CUE	Correct	LL1	PP1	Target_NNNN	6	0	PRACTICE
1169071760321	0	FACE	1246	RESP	Correct	LL1	PP1	Target_NNNN	6	0	PRACTICE
1169071760355	0	TRIAL	3
1169071764657	1	FACE	818	PRES1_PNNP	Correct	LL1	PP1	Target_PNNP	5	0	PRACTICE
1169071768663	1	FACE	818	CUE	Correct	LL1	PP1	Target_PNNP	5	0	PRACTICE
1169071769481	0	FACE	818	RESP	Correct	LL1	PP1	Target_PNNP	5	0	PRACTICE
1169071769519	0	TRIAL	4
1169071773467	1	FACE	693	PRES1_NPNN	Incorrect	LL1	PP0	Lure_NNNP	6	0	PRACTICE
1169071777509	1	FACE	693	CUE	Incorrect	LL1	PP0	Lure_NNNP	6	0	PRACTICE
1169071778202	0	FACE	693	RESP	Incorrect	LL1	PP0	Lure_NNNP	6	0	PRACTICE
1169071778233	0	TRIAL	5
1169071781616	1	FACE	614	PRES1_PPPP	Correct	LL1	PP0	Lure_PNNN	1	0	PRACTICE
1169071785579	1	FACE	614	CUE	Correct	LL1	PP0	Lure_PNNN	1	0	PRACTICE
1169071786193	0	FACE	614	RESP	Correct	LL1	PP0	Lure_PNNN	1	0	PRACTICE
1169071786230	0	TRIAL	6
1169071789424	1	FACE	623	PRES1_PPNP	Correct	LL1	PP0	Lure_NPPN	1	0	PRACTICE
1169071793217	1	FACE	623	CUE	Correct	LL1	PP0	Lure_NPPN	1	0	PRACTICE
1169071793840	0	FACE	623	RESP	Correct	LL1	PP0	Lure_NPPN	1	0	PRACTICE
1169071793878	0	TRIAL	7
1169071797153	1	FACE	475	PRES1_NPNP	Correct	LL1	PP1	Target_NPNP	6	0	PRACTICE
1169071801061	1	FACE	475	CUE	Correct	LL1	PP1	Target_NPNP	6	0	PRACTICE
1169071801536	0	FACE	475	RESP	Correct	LL1	PP1	Target_NPNP	6	0	PRACTICE
1169071801575	0	TRIAL	8
1169071804461	1	FACE	474	PRES1_PPNN	Incorrect	LL1	PP1	Target_PPNN	1	0	PRACTICE
1169071808294	1	FACE	474	CUE	Incorrect	LL1	PP1	Target_PPNN	1	0	PRACTICE
1169071808768	0	FACE	474	RESP	Incorrect	LL1	PP1	Target_PPNN	1	0	PRACTICE
1169071808806	0	TRIAL	9
1169071812255	1	FACE	622	PRES1_PNPP	Correct	LL1	PP1	Target_PNPP	6	0	PRACTICE
1169071816201	1	FACE	622	CUE	Correct	LL1	PP1	Target_PNPP	6	0	PRACTICE
1169071816823	0	FACE	622	RESP	Correct	LL1	PP1	Target_PNPP	6	0	PRACTICE
1169071816854	0	TRIAL	10
1169071819983	1	FACE	533	PRES1_PPNP	Correct	LL1	PP1	Target_PPNP	5	0	PRACTICE
1169071823746	1	FACE	533	CUE	Correct	LL1	PP1	Target_PPNP	5	0	PRACTICE
1169071824279	0	FACE	533	RESP	Correct	LL1	PP1	Target_PPNP	5	0	PRACTICE
1169071824318	0	TRIAL	11
1169071829227	1	FACE	416	PRES1_PPNN	Correct	LL1	PP0	Lure_PNPN	2	0	PRACTICE
1169071833039	1	FACE	416	CUE	Correct	LL1	PP0	Lure_PNPN	2	0	PRACTICE
1169071833455	0	FACE	416	RESP	Correct	LL1	PP0	Lure_PNPN	2	0	PRACTICE
1169071833482	0	TRIAL	12
1169071836518	1	FACE	472	PRES1_NNPN	Correct	LL1	PP0	Lure_NNPP	1	0	PRACTICE
1169071840583	1	FACE	472	CUE	Correct	LL1	PP0	Lure_NNPP	1	0	PRACTICE
1169071841055	0	FACE	472	RESP	Correct	LL1	PP0	Lure_NNPP	1	0	PRACTICE
1169071841079	0	TRIAL	13
1169071845526	1	FACE	518	PRES1_NPPP	Incorrect	LL1	PP0	Lure_NNNN	6	0	PRACTICE
1169071849545	1	FACE	518	CUE	Incorrect	LL1	PP0	Lure_NNNN	6	0	PRACTICE
1169071850063	0	FACE	518	RESP	Incorrect	LL1	PP0	Lure_NNNN	6	0	PRACTICE
1169071850093	0	TRIAL	14
1169071853944	1	FACE	500	PRES1_PNPN	Incorrect	LL1	PP1	Target_PNPN	1	0	PRACTICE
1169071858002	1	FACE	500	CUE	Incorrect	LL1	PP1	Target_PNPN	1	0	PRACTICE
1169071858502	0	FACE	500	RESP	Incorrect	LL1	PP1	Target_PNPN	1	0	PRACTICE
1169071858542	0	TRIAL	15
1169071861433	1	FACE	601	PRES1_NNNN	Incorrect	LL1	PP0	Lure_PNPP	6	0	PRACTICE
1169071865229	1	FACE	601	CUE	Incorrect	LL1	PP0	Lure_PNPP	6	0	PRACTICE
1169071865830	0	FACE	601	RESP	Incorrect	LL1	PP0	Lure_PNPP	6	0	PRACTICE
1169071865855	0	TRIAL	16
1169071868934	1	FACE	577	PRES1_NPPN	Correct	LL1	PP1	Target_NPPN	6	0	PRACTICE
1169071872668	1	FACE	577	CUE	Correct	LL1	PP1	Target_NPPN	6	0	PRACTICE
1169071873245	0	FACE	577	RESP	Correct	LL1	PP1	Target_NPPN	6	0	PRACTICE
1169071873285	0	TRIAL	17
1169071876048	1	FACE	509	PRES1_NNNP	Correct	LL1	PP1	Target_NNNP	6	0	PRACTICE
1169071879848	1	FACE	509	CUE	Correct	LL1	PP1	Target_NNNP	6	0	PRACTICE
1169071880357	0	FACE	509	RESP	Correct	LL1	PP1	Target_NNNP	6	0	PRACTICE
1169071880383	0	TRIAL	18
1169071883409	1	FACE	510	PRES1_NPNN	Correct	LL1	PP1	Target_NPNN	6	0	PRACTICE
1169071887239	1	FACE	510	CUE	Correct	LL1	PP1	Target_NPNN	6	0	PRACTICE
1169071887749	0	FACE	510	RESP	Correct	LL1	PP1	Target_NPNN	6	0	PRACTICE
1169071887780	0	TRIAL	19
1169071890585	1	FACE	528	PRES1_PNNN	Incorrect	LL1	PP0	Lure_PNNP	6	0	PRACTICE
1169071894486	1	FACE	528	CUE	Incorrect	LL1	PP0	Lure_PNNP	6	0	PRACTICE
1169071895014	0	FACE	528	RESP	Incorrect	LL1	PP0	Lure_PNNP	6	0	PRACTICE
1169071895047	0	TRIAL	20
1169071897852	1	FACE	466	PRES1_NNNP	Correct	LL1	PP0	Lure_NPPP	1	0	PRACTICE
1169071901770	1	FACE	466	CUE	Correct	LL1	PP0	Lure_NPPP	1	0	PRACTICE
1169071902236	0	FACE	466	RESP	Correct	LL1	PP0	Lure_NPPP	1	0	PRACTICE
1169071902276	0	TRIAL	21
1169071904814	1	FACE	433	PRES1_PPPP	Incorrect	LL1	PP1	Target_PPPP	1	0	PRACTICE
1169071908724	1	FACE	433	CUE	Incorrect	LL1	PP1	Target_PPPP	1	0	PRACTICE
1169071909157	0	FACE	433	RESP	Incorrect	LL1	PP1	Target_PPPP	1	0	PRACTICE
1169071909191	0	TRIAL	22
1169071912406	1	FACE	658	PRES1_PNNP	Correct	LL1	PP0	Lure_PPPN	1	0	PRACTICE
1169071916427	1	FACE	658	CUE	Correct	LL1	PP0	Lure_PPPN	1	0	PRACTICE
1169071917085	0	FACE	658	RESP	Correct	LL1	PP0	Lure_PPPN	1	0	PRACTICE
1169071917122	0	TRIAL	23
1169071920121	1	FACE	742	PRES1_NPPN	Incorrect	LL1	PP0	Lure_PPNP	6	0	PRACTICE
1169071923934	1	FACE	742	CUE	Incorrect	LL1	PP0	Lure_PPNP	6	0	PRACTICE
1169071924676	0	FACE	742	RESP	Incorrect	LL1	PP0	Lure_PPNP	6	0	PRACTICE
1169071924702	0	TRIAL	24
1169071929314	1	FACE	659	PRES1_PPPN	Incorrect	LL1	PP1	Target_PPPN	1	0	PRACTICE
1169071933280	1	FACE	659	CUE	Incorrect	LL1	PP1	Target_PPPN	1	0	PRACTICE
1169071933939	0	FACE	659	RESP	Incorrect	LL1	PP1	Target_PPPN	1	0	PRACTICE
1169071933967	0	TRIAL	25
1169071937777	1	FACE	468	PRES1_PNNN	Correct	LL1	PP1	Target_PNNN	6	0	PRACTICE
1169071941632	1	FACE	468	CUE	Correct	LL1	PP1	Target_PNNN	6	0	PRACTICE
1169071942100	0	FACE	468	RESP	Correct	LL1	PP1	Target_PNNN	6	0	PRACTICE
1169071942131	0	TRIAL	26
1169071945994	1	FACE	576	PRES1_PNPN	Incorrect	LL1	PP0	Lure_NPNP	5	0	PRACTICE
1169071949859	1	FACE	576	CUE	Incorrect	LL1	PP0	Lure_NPNP	5	0	PRACTICE
1169071950435	0	FACE	576	RESP	Incorrect	LL1	PP0	Lure_NPNP	5	0	PRACTICE
1169071950460	0	TRIAL	27
1169071956106	1	FACE	760	PRES1_NNPP	Correct	LL1	PP1	Target_NNPP	6	0	PRACTICE
1169071959874	1	FACE	760	CUE	Correct	LL1	PP1	Target_NNPP	6	0	PRACTICE
1169071960634	0	FACE	760	RESP	Correct	LL1	PP1	Target_NNPP	6	0	PRACTICE
1169071960673	0	TRIAL	28
1169071963840	1	FACE	657	PRES1_PPPN	Incorrect	LL1	PP0	Lure_NNPN	5	0	PRACTICE
1169071967705	1	FACE	657	CUE	Incorrect	LL1	PP0	Lure_NNPN	5	0	PRACTICE
1169071968362	0	FACE	657	RESP	Incorrect	LL1	PP0	Lure_NNPN	5	0	PRACTICE
1169071968389	0	TRIAL	29
1169071970922	1	FACE	1327	PRES1_NNPN	Correct	LL1	PP1	Target_NNPN	5	0	PRACTICE
1169071974667	1	FACE	1327	CUE	Correct	LL1	PP1	Target_NNPN	5	0	PRACTICE
1169071975994	0	FACE	1327	RESP	Correct	LL1	PP1	Target_NNPN	5	0	PRACTICE
1169071976023	0	TRIAL	30
1169071979286	1	FACE	664	PRES1_PNPP	Correct	LL1	PP0	Lure_NPNN	1	0	PRACTICE
1169071983226	1	FACE	664	CUE	Correct	LL1	PP0	Lure_NPNN	1	0	PRACTICE
1169071983890	0	FACE	664	RESP	Correct	LL1	PP0	Lure_NPNN	1	0	PRACTICE
1169071983916	0	TRIAL	31
1169071987634	1	FACE	1069	PRES1_NPNP	Correct	LL1	PP0	Lure_PPNN	1	0	PRACTICE
1169071991372	1	FACE	1069	CUE	Correct	LL1	PP0	Lure_PPNN	1	0	PRACTICE
1169071992441	0	FACE	1069	RESP	Correct	LL1	PP0	Lure_PPNN	1	0	PRACTICE
1169071992480	0	TRIAL	32
1169071997221	1	FACE	1042	PRES1_NPPP	Correct	LL1	PP1	Target_NPPP	6	0	PRACTICE
1169072000976	1	FACE	1042	CUE	Correct	LL1	PP1	Target_NPPP	6	0	PRACTICE
1169072002018	0	FACE	1042	RESP	Correct	LL1	PP1	Target_NPPP	6	0	PRACTICE
1169072010139	0	TRIAL	1
1169072016195	1	FACE	1189	PRES1_NNPP	Correct	LL1	PP0	Lure_PNNN	1	0	PRACTICE
1169072020147	1	FACE	1189	CUE	Correct	LL1	PP0	Lure_PNNN	1	0	PRACTICE
1169072021336	0	FACE	1189	RESP	Correct	LL1	PP0	Lure_PNNN	1	0	PRACTICE
1169072021371	0	TRIAL	2
1169072025770	1	FACE	1114	PRES1_NNNN	Correct	LL1	PP1	Target_NNNN	6	0	PRACTICE
1169072029646	1	FACE	1114	CUE	Correct	LL1	PP1	Target_NNNN	6	0	PRACTICE
1169072030760	0	FACE	1114	RESP	Correct	LL1	PP1	Target_NNNN	6	0	PRACTICE
1169072030784	0	TRIAL	3
1169072035168	1	FACE	1310	PRES1_PPNP	Correct	LL1	PP0	Lure_PPNN	1	0	PRACTICE
1169072038938	1	FACE	1310	CUE	Correct	LL1	PP0	Lure_PPNN	1	0	PRACTICE
1169072040248	0	FACE	1310	RESP	Correct	LL1	PP0	Lure_PPNN	1	0	PRACTICE
1169072040282	0	TRIAL	4
1169072044855	1	FACE	1115	PRES1_PPPN	Correct	LL1	PP1	Target_PPPN	5	0	PRACTICE
1169072048884	1	FACE	1115	CUE	Correct	LL1	PP1	Target_PPPN	5	0	PRACTICE
1169072049999	0	FACE	1115	RESP	Correct	LL1	PP1	Target_PPPN	5	0	PRACTICE
1169072050029	0	TRIAL	5
1169072054141	1	FACE	1056	PRES1_PNPN	Correct	LL1	PP0	Lure_PNPP	1	0	PRACTICE
1169072058128	1	FACE	1056	CUE	Correct	LL1	PP0	Lure_PNPP	1	0	PRACTICE
1169072059184	0	FACE	1056	RESP	Correct	LL1	PP0	Lure_PNPP	1	0	PRACTICE
1169072059208	0	TRIAL	6
1169072062407	1	FACE	1294	PRES1_NNNP	Correct	LL1	PP1	Target_NNNP	5	0	PRACTICE
1169072066121	1	FACE	1294	CUE	Correct	LL1	PP1	Target_NNNP	5	0	PRACTICE
1169072067415	0	FACE	1294	RESP	Correct	LL1	PP1	Target_NNNP	5	0	PRACTICE
1169072067439	0	TRIAL	7
1169072070921	1	FACE	876	PRES1_NPPN	Correct	LL1	PP1	Target_NPPN	6	0	PRACTICE
1169072074746	1	FACE	876	CUE	Correct	LL1	PP1	Target_NPPN	6	0	PRACTICE
1169072075622	1	FACE	876	RESP	Correct	LL1	PP1	Target_NPPN	6	0	PRACTICE
1169072075654	0	TRIAL	8
1169072078896	1	FACE	1115	PRES1_NPNN	Correct	LL1	PP1	Target_NPNN	6	0	PRACTICE
1169072082619	1	FACE	1115	CUE	Correct	LL1	PP1	Target_NPNN	6	0	PRACTICE
1169072083734	0	FACE	1115	RESP	Correct	LL1	PP1	Target_NPNN	6	0	PRACTICE
1169072083767	0	TRIAL	9
1169072086814	1	FACE	826	PRES1_NNPN	Correct	LL1	PP1	Target_NNPN	5	0	PRACTICE
1169072090748	1	FACE	826	CUE	Correct	LL1	PP1	Target_NNPN	5	0	PRACTICE
1169072091574	0	FACE	826	RESP	Correct	LL1	PP1	Target_NNPN	5	0	PRACTICE
1169072091598	0	TRIAL	10
1169072094904	1	FACE	826	PRES1_NPNP	Correct	LL1	PP0	Lure_PPPP	1	0	PRACTICE
1169072098804	1	FACE	826	CUE	Correct	LL1	PP0	Lure_PPPP	1	0	PRACTICE
1169072099630	0	FACE	826	RESP	Correct	LL1	PP0	Lure_PPPP	1	0	PRACTICE
1169072099662	0	TRIAL	11
1169072102899	1	FACE	727	PRES1_PPPN	Incorrect	LL1	PP0	Lure_PNNP	6	0	PRACTICE
1169072106614	1	FACE	727	CUE	Incorrect	LL1	PP0	Lure_PNNP	6	0	PRACTICE
1169072107341	0	FACE	727	RESP	Incorrect	LL1	PP0	Lure_PNNP	6	0	PRACTICE
1169072107377	0	TRIAL	12
1169072110810	1	FACE	1056	PRES1_NPPP	Correct	LL1	PP0	Lure_NNNP	1	0	PRACTICE
1169072114853	1	FACE	1056	CUE	Correct	LL1	PP0	Lure_NNNP	1	0	PRACTICE
1169072115909	0	FACE	1056	RESP	Correct	LL1	PP0	Lure_NNNP	1	0	PRACTICE
1169072115940	0	TRIAL	13
1169072119250	1	FACE	1143	PRES1_PPNN	Correct	LL1	PP0	Lure_NPNP	1	0	PRACTICE
1169072123039	1	FACE	1143	CUE	Correct	LL1	PP0	Lure_NPNP	1	0	PRACTICE
1169072124182	0	FACE	1143	RESP	Correct	LL1	PP0	Lure_NPNP	1	0	PRACTICE
1169072124222	0	TRIAL	14
1169072128838	1	FACE	1589	PRES1_PNNP	Incorrect	LL1	PP1	Target_PNNP	1	0	PRACTICE
1169072132631	1	FACE	1589	CUE	Incorrect	LL1	PP1	Target_PNNP	1	0	PRACTICE
1169072134220	1	FACE	1589	RESP	Incorrect	LL1	PP1	Target_PNNP	1	0	PRACTICE
1169072134252	0	TRIAL	15
1169072137347	1	FACE	1266	PRES1_PNPP	Correct	LL1	PP0	Lure_NNPN	1	0	PRACTICE
1169072141178	1	FACE	1266	CUE	Correct	LL1	PP0	Lure_NNPN	1	0	PRACTICE
1169072142444	0	FACE	1266	RESP	Correct	LL1	PP0	Lure_NNPN	1	0	PRACTICE
1169072142482	0	TRIAL	16
1169072148184	1	FACE	788	PRES1_PNPN	Correct	LL1	PP1	Target_PNPN	6	0	PRACTICE
1169072152104	1	FACE	788	CUE	Correct	LL1	PP1	Target_PNPN	6	0	PRACTICE
1169072152892	0	FACE	788	RESP	Correct	LL1	PP1	Target_PNPN	6	0	PRACTICE
1169072152930	0	TRIAL	17
1169072156029	1	FACE	747	PRES1_PPPP	Correct	LL1	PP1	Target_PPPP	6	0	PRACTICE
1169072160105	1	FACE	747	CUE	Correct	LL1	PP1	Target_PPPP	6	0	PRACTICE
1169072160852	0	FACE	747	RESP	Correct	LL1	PP1	Target_PPPP	6	0	PRACTICE
1169072160876	0	TRIAL	18
1169072164062	1	FACE	1221	PRES1_NNPP	Correct	LL1	PP1	Target_NNPP	5	0	PRACTICE
1169072167998	1	FACE	1221	CUE	Correct	LL1	PP1	Target_NNPP	5	0	PRACTICE
1169072169219	0	FACE	1221	RESP	Correct	LL1	PP1	Target_NNPP	5	0	PRACTICE
1169072169256	0	TRIAL	19
1169072172389	1	FACE	944	PRES1_NPPP	Correct	LL1	PP1	Target_NPPP	6	0	PRACTICE
1169072176435	1	FACE	944	CUE	Correct	LL1	PP1	Target_NPPP	6	0	PRACTICE
1169072177379	0	FACE	944	RESP	Correct	LL1	PP1	Target_NPPP	6	0	PRACTICE
1169072177406	0	TRIAL	20
1169072180443	1	FACE	902	PRES1_NNPN	Incorrect	LL1	PP0	Lure_NNNN	5	0	PRACTICE
1169072184469	1	FACE	902	CUE	Incorrect	LL1	PP0	Lure_NNNN	5	0	PRACTICE
1169072185371	0	FACE	902	RESP	Incorrect	LL1	PP0	Lure_NNNN	5	0	PRACTICE
1169072185402	0	TRIAL	21
1169072189267	1	FACE	1589	PRES1_PPNP	Correct	LL1	PP1	Target_PPNP	6	0	PRACTICE
1169072193005	1	FACE	1589	CUE	Correct	LL1	PP1	Target_PPNP	6	0	PRACTICE
1169072194594	0	FACE	1589	RESP	Correct	LL1	PP1	Target_PPNP	6	0	PRACTICE
1169072194632	0	TRIAL	22
1169072197633	1	FACE	971	PRES1_PPNN	Correct	LL1	PP1	Target_PPNN	6	0	PRACTICE
1169072201615	1	FACE	971	CUE	Correct	LL1	PP1	Target_PPNN	6	0	PRACTICE
1169072202586	0	FACE	971	RESP	Correct	LL1	PP1	Target_PPNN	6	0	PRACTICE
1169072202612	0	TRIAL	23
1169072205713	1	FACE	623	PRES1_PNPP	Incorrect	LL1	PP1	Target_PNPP	1	0	PRACTICE
1169072209731	1	FACE	623	CUE	Incorrect	LL1	PP1	Target_PNPP	1	0	PRACTICE
1169072210354	0	FACE	623	RESP	Incorrect	LL1	PP1	Target_PNPP	1	0	PRACTICE
1169072210394	0	TRIAL	24
1169072213554	1	FACE	622	PRES1_NNNN	Correct	LL1	PP0	Lure_NPPN	1	0	PRACTICE
1169072217557	1	FACE	622	CUE	Correct	LL1	PP0	Lure_NPPN	1	0	PRACTICE
1169072218179	0	FACE	622	RESP	Correct	LL1	PP0	Lure_NPPN	1	0	PRACTICE
1169072218208	0	TRIAL	25
1169072221298	1	FACE	530	PRES1_PNNN	Correct	LL1	PP1	Target_PNNN	6	0	PRACTICE
1169072225047	1	FACE	530	CUE	Correct	LL1	PP1	Target_PNNN	6	0	PRACTICE
1169072225577	0	FACE	530	RESP	Correct	LL1	PP1	Target_PNNN	6	0	PRACTICE
1169072225605	0	TRIAL	26
1169072228610	1	FACE	730	PRES1_NPNN	Correct	LL1	PP0	Lure_PPPN	1	0	PRACTICE
1169072232456	1	FACE	730	CUE	Correct	LL1	PP0	Lure_PPPN	1	0	PRACTICE
1169072233186	0	FACE	730	RESP	Correct	LL1	PP0	Lure_PPPN	1	0	PRACTICE
1169072233219	0	TRIAL	27
1169072236047	1	FACE	1159	PRES1_PNNP	Correct	LL1	PP0	Lure_PNPN	1	0	PRACTICE
1169072239899	1	FACE	1159	CUE	Correct	LL1	PP0	Lure_PNPN	1	0	PRACTICE
1169072241058	0	FACE	1159	RESP	Correct	LL1	PP0	Lure_PNPN	1	0	PRACTICE
1169072241085	0	TRIAL	28
1169072244070	1	FACE	1978	PRES1_PPPP	Correct	LL1	PP0	Lure_PPNP	1	0	PRACTICE
1169072247846	1	FACE	1978	CUE	Correct	LL1	PP0	Lure_PPNP	1	0	PRACTICE
1169072249824	1	FACE	1978	RESP	Correct	LL1	PP0	Lure_PPNP	1	0	PRACTICE
1169072249864	0	TRIAL	29
1169072253166	1	FACE	913	PRES1_NNNP	Correct	LL1	PP0	Lure_NNPP	1	0	PRACTICE
1169072257177	1	FACE	913	CUE	Correct	LL1	PP0	Lure_NNPP	1	0	PRACTICE
1169072258090	0	FACE	913	RESP	Correct	LL1	PP0	Lure_NNPP	1	0	PRACTICE
1169072258133	0	TRIAL	30
1169072261529	1	FACE	866	PRES1_NPNP	Correct	LL1	PP1	Target_NPNP	6	0	PRACTICE
1169072265550	1	FACE	866	CUE	Correct	LL1	PP1	Target_NPNP	6	0	PRACTICE
1169072266416	0	FACE	866	RESP	Correct	LL1	PP1	Target_NPNP	6	0	PRACTICE
1169072266442	0	TRIAL	31
1169072269250	1	FACE	736	PRES1_PNNN	Correct	LL1	PP0	Lure_NPPP	1	0	PRACTICE
1169072273040	1	FACE	736	CUE	Correct	LL1	PP0	Lure_NPPP	1	0	PRACTICE
1169072273776	0	FACE	736	RESP	Correct	LL1	PP0	Lure_NPPP	1	0	PRACTICE
1169072273807	0	TRIAL	32
1169072277073	1	FACE	1315	PRES1_NPPN	Incorrect	LL1	PP0	Lure_NPNN	6	0	PRACTICE
1169072281028	1	FACE	1315	CUE	Incorrect	LL1	PP0	Lure_NPNN	6	0	PRACTICE
1169072282343	0	FACE	1315	RESP	Incorrect	LL1	PP0	Lure_NPNN	6	0	PRACTICE
1169072307863	0	SESS_END	1
1169072307869	0	E	Logging Ends
