1177683827253	0	B	Logging Begins
1177683827254	0	SESS_START	0
1177684368912	0	TRIAL	1
1177684378107	1	FACE	2189	PRES1_NPPN	Correct	LL1	PP1	Target_NPPN	5	0	PRACTICE
1177684382134	1	FACE	2189	CUE	Correct	LL1	PP1	Target_NPPN	5	0	PRACTICE
1177684384323	0	FACE	2189	RESP	Correct	LL1	PP1	Target_NPPN	5	0	PRACTICE
1177684384359	0	TRIAL	2
1177684389455	1	FACE	9273	PRES1_PPNN	Incorrect	LL1	PP1	Target_PPNN	3	0	PRACTICE
1177684393314	1	FACE	9273	CUE	Incorrect	LL1	PP1	Target_PPNN	3	0	PRACTICE
1177684402587	0	FACE	9273	RESP	Incorrect	LL1	PP1	Target_PPNN	3	0	PRACTICE
1177684402626	0	TRIAL	3
1177684407262	1	FACE	2400	PRES1_NPNN	Correct	LL1	PP1	Target_NPNN	4	0	PRACTICE
1177684411002	1	FACE	2400	CUE	Correct	LL1	PP1	Target_NPNN	4	0	PRACTICE
1177684413402	0	FACE	2400	RESP	Correct	LL1	PP1	Target_NPNN	4	0	PRACTICE
1177684413444	0	TRIAL	4
1177684422303	1	FACE	1469	PRES1_PPPP	Incorrect	LL1	PP1	Target_PPPP	2	0	PRACTICE
1177684426325	1	FACE	1469	CUE	Incorrect	LL1	PP1	Target_PPPP	2	0	PRACTICE
1177684427794	0	FACE	1469	RESP	Incorrect	LL1	PP1	Target_PPPP	2	0	PRACTICE
1177684427837	0	TRIAL	5
1177684431816	1	FACE	1648	PRES1_NPNP	Correct	LL1	PP0	Lure_NNPP	2	0	PRACTICE
1177684435698	1	FACE	1648	CUE	Correct	LL1	PP0	Lure_NNPP	2	0	PRACTICE
1177684437346	0	FACE	1648	RESP	Correct	LL1	PP0	Lure_NNPP	2	0	PRACTICE
1177684437386	0	TRIAL	6
1177684440931	1	FACE	1494	PRES1_PNNN	Correct	LL1	PP0	Lure_NNNP	1	0	PRACTICE
1177684444723	1	FACE	1494	CUE	Correct	LL1	PP0	Lure_NNNP	1	0	PRACTICE
1177684446217	0	FACE	1494	RESP	Correct	LL1	PP0	Lure_NNNP	1	0	PRACTICE
1177684446250	0	TRIAL	7
1177684450353	1	FACE	2947	PRES1_NPPN	Incorrect	LL1	PP0	Lure_PPNN	4	0	PRACTICE
1177684454110	1	FACE	2947	CUE	Incorrect	LL1	PP0	Lure_PPNN	4	0	PRACTICE
1177684457057	0	FACE	2947	RESP	Incorrect	LL1	PP0	Lure_PPNN	4	0	PRACTICE
1177684457086	0	TRIAL	8
1177684460285	1	FACE	2243	PRES1_PPNP	Correct	LL1	PP0	Lure_NPPP	3	0	PRACTICE
1177684464294	1	FACE	2243	CUE	Correct	LL1	PP0	Lure_NPPP	3	0	PRACTICE
1177684466537	0	FACE	2243	RESP	Correct	LL1	PP0	Lure_NPPP	3	0	PRACTICE
1177684466568	0	TRIAL	9
1177684470013	1	FACE	1585	PRES1_NPPP	Correct	LL1	PP0	Lure_NNPN	1	0	PRACTICE
1177684474007	1	FACE	1585	CUE	Correct	LL1	PP0	Lure_NNPN	1	0	PRACTICE
1177684475592	0	FACE	1585	RESP	Correct	LL1	PP0	Lure_NNPN	1	0	PRACTICE
1177684475619	0	TRIAL	10
1177684479653	1	FACE	1853	PRES1_PNNP	Incorrect	LL1	PP0	Lure_NPNN	4	0	PRACTICE
1177684483667	1	FACE	1853	CUE	Incorrect	LL1	PP0	Lure_NPNN	4	0	PRACTICE
1177684485520	0	FACE	1853	RESP	Incorrect	LL1	PP0	Lure_NPNN	4	0	PRACTICE
1177684485551	0	TRIAL	11
1177684489151	1	FACE	2107	PRES1_PNPP	Correct	LL1	PP1	Target_PNPP	4	0	PRACTICE
1177684493085	1	FACE	2107	CUE	Correct	LL1	PP1	Target_PNPP	4	0	PRACTICE
1177684495192	0	FACE	2107	RESP	Correct	LL1	PP1	Target_PNPP	4	0	PRACTICE
1177684495218	0	TRIAL	12
1177684500509	1	FACE	1363	PRES1_NNPP	Correct	LL1	PP0	Lure_NNNN	1	0	PRACTICE
1177684504500	1	FACE	1363	CUE	Correct	LL1	PP0	Lure_NNNN	1	0	PRACTICE
1177684505863	0	FACE	1363	RESP	Correct	LL1	PP0	Lure_NNNN	1	0	PRACTICE
1177684505905	0	TRIAL	13
1177684510109	1	FACE	1287	PRES1_NPPP	Correct	LL1	PP1	Target_NPPP	4	0	PRACTICE
1177684514080	1	FACE	1287	CUE	Correct	LL1	PP1	Target_NPPP	4	0	PRACTICE
1177684515367	0	FACE	1287	RESP	Correct	LL1	PP1	Target_NPPP	4	0	PRACTICE
1177684515403	0	TRIAL	14
1177684519207	1	FACE	1876	PRES1_PNNN	Correct	LL1	PP1	Target_PNNN	5	0	PRACTICE
1177684522963	1	FACE	1876	CUE	Correct	LL1	PP1	Target_PNNN	5	0	PRACTICE
1177684524839	0	FACE	1876	RESP	Correct	LL1	PP1	Target_PNNN	5	0	PRACTICE
1177684524872	0	TRIAL	15
1177684528442	1	FACE	1302	PRES1_PNPP	Incorrect	LL1	PP0	Lure_PPNP	4	0	PRACTICE
1177684532400	1	FACE	1302	CUE	Incorrect	LL1	PP0	Lure_PPNP	4	0	PRACTICE
1177684533702	0	FACE	1302	RESP	Incorrect	LL1	PP0	Lure_PPNP	4	0	PRACTICE
1177684533735	0	TRIAL	16
1177684537462	1	FACE	1310	PRES1_PPPN	Correct	LL1	PP1	Target_PPPN	4	0	PRACTICE
1177684541400	1	FACE	1310	CUE	Correct	LL1	PP1	Target_PPPN	4	0	PRACTICE
1177684542710	0	FACE	1310	RESP	Correct	LL1	PP1	Target_PPPN	4	0	PRACTICE
1177684542751	0	TRIAL	17
1177684546230	1	FACE	1039	PRES1_PNNP	Correct	LL1	PP1	Target_PNNP	4	0	PRACTICE
1177684550119	1	FACE	1039	CUE	Correct	LL1	PP1	Target_PNNP	4	0	PRACTICE
1177684551158	0	FACE	1039	RESP	Correct	LL1	PP1	Target_PNNP	4	0	PRACTICE
1177684551183	0	TRIAL	18
1177684557125	1	FACE	876	PRES1_PPNP	Correct	LL1	PP1	Target_PPNP	4	0	PRACTICE
1177684561120	1	FACE	876	CUE	Correct	LL1	PP1	Target_PPNP	4	0	PRACTICE
1177684561996	0	FACE	876	RESP	Correct	LL1	PP1	Target_PPNP	4	0	PRACTICE
1177684562034	0	TRIAL	19
1177684565657	1	FACE	1308	PRES1_NNNN	Correct	LL1	PP0	Lure_NPNP	2	0	PRACTICE
1177684569688	1	FACE	1308	CUE	Correct	LL1	PP0	Lure_NPNP	2	0	PRACTICE
1177684570996	0	FACE	1308	RESP	Correct	LL1	PP0	Lure_NPNP	2	0	PRACTICE
1177684571034	0	TRIAL	20
1177684574735	1	FACE	1156	PRES1_NNPP	Correct	LL1	PP1	Target_NNPP	4	0	PRACTICE
1177684578649	1	FACE	1156	CUE	Correct	LL1	PP1	Target_NNPP	4	0	PRACTICE
1177684579805	0	FACE	1156	RESP	Correct	LL1	PP1	Target_NNPP	4	0	PRACTICE
1177684579833	0	TRIAL	21
1177684583466	1	FACE	1777	PRES1_PPNN	Correct	LL1	PP0	Lure_PPPN	3	0	PRACTICE
1177684587315	1	FACE	1777	CUE	Correct	LL1	PP0	Lure_PPPN	3	0	PRACTICE
1177684589092	0	FACE	1777	RESP	Correct	LL1	PP0	Lure_PPPN	3	0	PRACTICE
1177684589131	0	TRIAL	22
1177684593300	1	FACE	1389	PRES1_NNPN	Correct	LL1	PP0	Lure_PNNP	3	0	PRACTICE
1177684597151	1	FACE	1389	CUE	Correct	LL1	PP0	Lure_PNNP	3	0	PRACTICE
1177684598540	0	FACE	1389	RESP	Correct	LL1	PP0	Lure_PNNP	3	0	PRACTICE
1177684598564	0	TRIAL	23
1177684602318	1	FACE	934	PRES1_NNNN	Correct	LL1	PP1	Target_NNNN	4	0	PRACTICE
1177684606134	1	FACE	934	CUE	Correct	LL1	PP1	Target_NNNN	4	0	PRACTICE
1177684607068	0	FACE	934	RESP	Correct	LL1	PP1	Target_NNNN	4	0	PRACTICE
1177684607096	0	TRIAL	24
1177684610616	1	FACE	1263	PRES1_NNNP	Correct	LL1	PP0	Lure_NPPN	1	0	PRACTICE
1177684614429	1	FACE	1263	CUE	Correct	LL1	PP0	Lure_NPPN	1	0	PRACTICE
1177684615692	0	FACE	1263	RESP	Correct	LL1	PP0	Lure_NPPN	1	0	PRACTICE
1177684615730	0	TRIAL	25
1177684619318	1	FACE	1162	PRES1_NPNN	Correct	LL1	PP0	Lure_PNNN	1	0	PRACTICE
1177684623329	1	FACE	1162	CUE	Correct	LL1	PP0	Lure_PNNN	1	0	PRACTICE
1177684624491	0	FACE	1162	RESP	Correct	LL1	PP0	Lure_PNNN	1	0	PRACTICE
1177684624526	0	TRIAL	26
1177684628085	1	FACE	846	PRES1_PPPP	Correct	LL1	PP0	Lure_PNPN	1	0	PRACTICE
1177684631949	1	FACE	846	CUE	Correct	LL1	PP0	Lure_PNPN	1	0	PRACTICE
1177684632795	0	FACE	846	RESP	Correct	LL1	PP0	Lure_PNPN	1	0	PRACTICE
1177684632824	0	TRIAL	27
1177684636162	1	FACE	1044	PRES1_NPNP	Correct	LL1	PP1	Target_NPNP	5	0	PRACTICE
1177684640095	1	FACE	1044	CUE	Correct	LL1	PP1	Target_NPNP	5	0	PRACTICE
1177684641139	0	FACE	1044	RESP	Correct	LL1	PP1	Target_NPNP	5	0	PRACTICE
1177684641173	0	TRIAL	28
1177684644708	1	FACE	932	PRES1_PNPN	Correct	LL1	PP1	Target_PNPN	5	0	PRACTICE
1177684648542	1	FACE	932	CUE	Correct	LL1	PP1	Target_PNPN	5	0	PRACTICE
1177684649474	0	FACE	932	RESP	Correct	LL1	PP1	Target_PNPN	5	0	PRACTICE
1177684649504	0	TRIAL	29
1177684655286	1	FACE	1035	PRES1_PPPN	Correct	LL1	PP0	Lure_PPPP	1	0	PRACTICE
1177684659183	1	FACE	1035	CUE	Correct	LL1	PP0	Lure_PPPP	1	0	PRACTICE
1177684660218	0	FACE	1035	RESP	Correct	LL1	PP0	Lure_PPPP	1	0	PRACTICE
1177684660258	0	TRIAL	30
1177684664599	1	FACE	1224	PRES1_NNPN	Correct	LL1	PP1	Target_NNPN	4	0	PRACTICE
1177684668602	1	FACE	1224	CUE	Correct	LL1	PP1	Target_NNPN	4	0	PRACTICE
1177684669826	0	FACE	1224	RESP	Correct	LL1	PP1	Target_NNPN	4	0	PRACTICE
1177684669856	0	TRIAL	31
1177684673793	1	FACE	674	PRES1_NNNP	Correct	LL1	PP1	Target_NNNP	6	0	PRACTICE
1177684677679	1	FACE	674	CUE	Correct	LL1	PP1	Target_NNNP	6	0	PRACTICE
1177684678353	0	FACE	674	RESP	Correct	LL1	PP1	Target_NNNP	6	0	PRACTICE
1177684678386	0	TRIAL	32
1177684683758	1	FACE	1950	PRES1_PNPN	Correct	LL1	PP0	Lure_PNPP	3	0	PRACTICE
1177684687715	1	FACE	1950	CUE	Correct	LL1	PP0	Lure_PNPP	3	0	PRACTICE
1177684689665	0	FACE	1950	RESP	Correct	LL1	PP0	Lure_PNPP	3	0	PRACTICE
1177684695442	0	TRIAL	1
1177684701834	1	FACE	2770	PRES1_PNPN	Correct	LL1	PP0	Lure_PPNN	3	0	PRACTICE
1177684705718	1	FACE	2770	CUE	Correct	LL1	PP0	Lure_PPNN	3	0	PRACTICE
1177684708488	1	FACE	2770	RESP	Correct	LL1	PP0	Lure_PPNN	3	0	PRACTICE
1177684708522	0	TRIAL	2
1177684712345	1	FACE	897	PRES1_NNPP	Correct	LL1	PP1	Target_NNPP	6	0	PRACTICE
1177684716199	1	FACE	897	CUE	Correct	LL1	PP1	Target_NNPP	6	0	PRACTICE
1177684717096	0	FACE	897	RESP	Correct	LL1	PP1	Target_NNPP	6	0	PRACTICE
1177684717137	0	TRIAL	3
1177684720145	1	FACE	1498	PRES1_NPNN	Incorrect	LL1	PP1	Target_NPNN	3	0	PRACTICE
1177684724054	1	FACE	1498	CUE	Incorrect	LL1	PP1	Target_NPNN	3	0	PRACTICE
1177684725552	0	FACE	1498	RESP	Incorrect	LL1	PP1	Target_NPNN	3	0	PRACTICE
1177684725586	0	TRIAL	4
1177684728856	1	FACE	955	PRES1_NNNP	Correct	LL1	PP1	Target_NNNP	6	0	PRACTICE
1177684732773	1	FACE	955	CUE	Correct	LL1	PP1	Target_NNNP	6	0	PRACTICE
1177684733728	0	FACE	955	RESP	Correct	LL1	PP1	Target_NNNP	6	0	PRACTICE
1177684733767	0	TRIAL	5
1177684736910	1	FACE	966	PRES1_PPNP	Correct	LL1	PP0	Lure_NNPN	1	0	PRACTICE
1177684740945	1	FACE	966	CUE	Correct	LL1	PP0	Lure_NNPN	1	0	PRACTICE
1177684741911	0	FACE	966	RESP	Correct	LL1	PP0	Lure_NNPN	1	0	PRACTICE
1177684741945	0	TRIAL	6
1177684745023	1	FACE	982	PRES1_PNPP	Correct	LL1	PP1	Target_PNPP	4	0	PRACTICE
1177684748897	1	FACE	982	CUE	Correct	LL1	PP1	Target_PNPP	4	0	PRACTICE
1177684749879	0	FACE	982	RESP	Correct	LL1	PP1	Target_PNPP	4	0	PRACTICE
1177684749910	0	TRIAL	7
1177684752932	1	FACE	1387	PRES1_NPPN	Correct	LL1	PP0	Lure_NNNN	1	0	PRACTICE
1177684756892	1	FACE	1387	CUE	Correct	LL1	PP0	Lure_NNNN	1	0	PRACTICE
1177684758279	0	FACE	1387	RESP	Correct	LL1	PP0	Lure_NNNN	1	0	PRACTICE
1177684758309	0	TRIAL	8
1177684761577	1	FACE	461	PRES1_NNPP	Correct	LL1	PP0	Lure_PNNN	1	0	PRACTICE
1177684765488	1	FACE	461	CUE	Correct	LL1	PP0	Lure_PNNN	1	0	PRACTICE
1177684765949	1	FACE	461	RESP	Correct	LL1	PP0	Lure_PNNN	1	0	PRACTICE
1177684765987	0	TRIAL	9
1177684768973	1	FACE	1049	PRES1_PNNP	Correct	LL1	PP0	Lure_PPPP	1	0	PRACTICE
1177684772733	1	FACE	1049	CUE	Correct	LL1	PP0	Lure_PPPP	1	0	PRACTICE
1177684773782	0	FACE	1049	RESP	Correct	LL1	PP0	Lure_PPPP	1	0	PRACTICE
1177684773818	0	TRIAL	10
1177684777013	1	FACE	1470	PRES1_PPNN	Incorrect	LL1	PP1	Target_PPNN	3	0	PRACTICE
1177684780808	1	FACE	1470	CUE	Incorrect	LL1	PP1	Target_PPNN	3	0	PRACTICE
1177684782278	0	FACE	1470	RESP	Incorrect	LL1	PP1	Target_PPNN	3	0	PRACTICE
1177684782316	0	TRIAL	11
1177684785589	1	FACE	955	PRES1_PNPP	Correct	LL1	PP0	Lure_NPNP	1	0	PRACTICE
1177684789531	1	FACE	955	CUE	Correct	LL1	PP0	Lure_NPNP	1	0	PRACTICE
1177684790486	0	FACE	955	RESP	Correct	LL1	PP0	Lure_NPNP	1	0	PRACTICE
1177684790516	0	TRIAL	12
1177684793799	1	FACE	1413	PRES1_PNNN	Correct	LL1	PP1	Target_PNNN	5	0	PRACTICE
1177684797624	1	FACE	1413	CUE	Correct	LL1	PP1	Target_PNNN	5	0	PRACTICE
1177684799037	0	FACE	1413	RESP	Correct	LL1	PP1	Target_PNNN	5	0	PRACTICE
1177684799062	0	TRIAL	13
1177684802400	1	FACE	1222	PRES1_PNNP	Correct	LL1	PP1	Target_PNNP	5	0	PRACTICE
1177684806255	1	FACE	1222	CUE	Correct	LL1	PP1	Target_PNNP	5	0	PRACTICE
1177684807477	0	FACE	1222	RESP	Correct	LL1	PP1	Target_PNNP	5	0	PRACTICE
1177684807510	0	TRIAL	14
1177684811941	1	FACE	767	PRES1_NNPN	Correct	LL1	PP0	Lure_PPPN	1	0	PRACTICE
1177684815926	1	FACE	767	CUE	Correct	LL1	PP0	Lure_PPPN	1	0	PRACTICE
1177684816693	0	FACE	767	RESP	Correct	LL1	PP0	Lure_PPPN	1	0	PRACTICE
1177684816727	0	TRIAL	15
1177684819858	1	FACE	2041	PRES1_PPNP	Correct	LL1	PP1	Target_PPNP	4	0	PRACTICE
1177684823659	1	FACE	2041	CUE	Correct	LL1	PP1	Target_PPNP	4	0	PRACTICE
1177684825700	0	FACE	2041	RESP	Correct	LL1	PP1	Target_PPNP	4	0	PRACTICE
1177684825726	0	TRIAL	16
1177684829082	1	FACE	1217	PRES1_NPPN	Correct	LL1	PP1	Target_NPPN	5	0	PRACTICE
1177684832915	1	FACE	1217	CUE	Correct	LL1	PP1	Target_NPPN	5	0	PRACTICE
1177684834132	0	FACE	1217	RESP	Correct	LL1	PP1	Target_NPPN	5	0	PRACTICE
1177684834157	0	TRIAL	17
1177684837424	1	FACE	918	PRES1_NNNN	Correct	LL1	PP0	Lure_NPPP	2	0	PRACTICE
1177684841198	1	FACE	918	CUE	Correct	LL1	PP0	Lure_NPPP	2	0	PRACTICE
1177684842116	0	FACE	918	RESP	Correct	LL1	PP0	Lure_NPPP	2	0	PRACTICE
1177684842154	0	TRIAL	18
1177684845621	1	FACE	1477	PRES1_NPPP	Correct	LL1	PP1	Target_NPPP	6	0	PRACTICE
1177684849383	1	FACE	1477	CUE	Correct	LL1	PP1	Target_NPPP	6	0	PRACTICE
1177684850860	0	FACE	1477	RESP	Correct	LL1	PP1	Target_NPPP	6	0	PRACTICE
1177684850887	0	TRIAL	19
1177684854323	1	FACE	1357	PRES1_NPNP	Correct	LL1	PP0	Lure_NPNN	3	0	PRACTICE
1177684858110	1	FACE	1357	CUE	Correct	LL1	PP0	Lure_NPNN	3	0	PRACTICE
1177684859467	0	FACE	1357	RESP	Correct	LL1	PP0	Lure_NPNN	3	0	PRACTICE
1177684859503	0	TRIAL	20
1177684862813	1	FACE	993	PRES1_PNNN	Correct	LL1	PP0	Lure_PPNP	1	0	PRACTICE
1177684866826	1	FACE	993	CUE	Correct	LL1	PP0	Lure_PPNP	1	0	PRACTICE
1177684867819	0	FACE	993	RESP	Correct	LL1	PP0	Lure_PPNP	1	0	PRACTICE
1177684867848	0	TRIAL	21
1177684871114	1	FACE	941	PRES1_PPNN	Correct	LL1	PP0	Lure_PNNP	1	0	PRACTICE
1177684874926	1	FACE	941	CUE	Correct	LL1	PP0	Lure_PNNP	1	0	PRACTICE
1177684875867	0	FACE	941	RESP	Correct	LL1	PP0	Lure_PNNP	1	0	PRACTICE
1177684875895	0	TRIAL	22
1177684879069	1	FACE	1513	PRES1_NPPP	Correct	LL1	PP0	Lure_NNNP	3	0	PRACTICE
1177684882881	1	FACE	1513	CUE	Correct	LL1	PP0	Lure_NNNP	3	0	PRACTICE
1177684884394	0	FACE	1513	RESP	Correct	LL1	PP0	Lure_NNNP	3	0	PRACTICE
1177684884427	0	TRIAL	23
1177684887629	1	FACE	567	PRES1_NPNP	Correct	LL1	PP1	Target_NPNP	6	0	PRACTICE
1177684891418	1	FACE	567	CUE	Correct	LL1	PP1	Target_NPNP	6	0	PRACTICE
1177684891985	0	FACE	567	RESP	Correct	LL1	PP1	Target_NPNP	6	0	PRACTICE
1177684892025	0	TRIAL	24
1177684894985	1	FACE	1056	PRES1_NNNP	Incorrect	LL1	PP0	Lure_NNPP	5	0	PRACTICE
1177684899010	1	FACE	1056	CUE	Incorrect	LL1	PP0	Lure_NNPP	5	0	PRACTICE
1177684900066	0	FACE	1056	RESP	Incorrect	LL1	PP0	Lure_NNPP	5	0	PRACTICE
1177684900105	0	TRIAL	25
1177684903414	1	FACE	939	PRES1_PPPN	Correct	LL1	PP0	Lure_PNPP	1	0	PRACTICE
1177684907287	1	FACE	939	CUE	Correct	LL1	PP0	Lure_PNPP	1	0	PRACTICE
1177684908226	0	FACE	939	RESP	Correct	LL1	PP0	Lure_PNPP	1	0	PRACTICE
1177684908252	0	TRIAL	26
1177684911366	1	FACE	1565	PRES1_NNNN	Correct	LL1	PP1	Target_NNNN	4	0	PRACTICE
1177684915252	1	FACE	1565	CUE	Correct	LL1	PP1	Target_NNNN	4	0	PRACTICE
1177684916817	0	FACE	1565	RESP	Correct	LL1	PP1	Target_NNNN	4	0	PRACTICE
1177684916851	0	TRIAL	27
1177684921220	1	FACE	851	PRES1_PNPN	Correct	LL1	PP1	Target_PNPN	6	0	PRACTICE
1177684924982	1	FACE	851	CUE	Correct	LL1	PP1	Target_PNPN	6	0	PRACTICE
1177684925833	0	FACE	851	RESP	Correct	LL1	PP1	Target_PNPN	6	0	PRACTICE
1177684925867	0	TRIAL	28
1177684929206	1	FACE	1805	PRES1_PPPP	Correct	LL1	PP1	Target_PPPP	4	0	PRACTICE
1177684933108	1	FACE	1805	CUE	Correct	LL1	PP1	Target_PPPP	4	0	PRACTICE
1177684934913	0	FACE	1805	RESP	Correct	LL1	PP1	Target_PPPP	4	0	PRACTICE
1177684934947	0	TRIAL	29
1177684938213	1	FACE	919	PRES1_PPPN	Correct	LL1	PP1	Target_PPPN	6	0	PRACTICE
1177684942177	1	FACE	919	CUE	Correct	LL1	PP1	Target_PPPN	6	0	PRACTICE
1177684943096	0	FACE	919	RESP	Correct	LL1	PP1	Target_PPPN	6	0	PRACTICE
1177684943133	0	TRIAL	30
1177684946303	1	FACE	1108	PRES1_NNPN	Correct	LL1	PP1	Target_NNPN	6	0	PRACTICE
1177684950316	1	FACE	1108	CUE	Correct	LL1	PP1	Target_NNPN	6	0	PRACTICE
1177684951424	0	FACE	1108	RESP	Correct	LL1	PP1	Target_NNPN	6	0	PRACTICE
1177684951460	0	TRIAL	31
1177684954831	1	FACE	739	PRES1_PPPP	Correct	LL1	PP0	Lure_PNPN	1	0	PRACTICE
1177684958765	1	FACE	739	CUE	Correct	LL1	PP0	Lure_PNPN	1	0	PRACTICE
1177684959504	0	FACE	739	RESP	Correct	LL1	PP0	Lure_PNPN	1	0	PRACTICE
1177684959542	0	TRIAL	32
1177684962852	1	FACE	1572	PRES1_NPNN	Correct	LL1	PP0	Lure_NPPN	3	0	PRACTICE
1177684966772	1	FACE	1572	CUE	Correct	LL1	PP0	Lure_NPPN	3	0	PRACTICE
1177684968344	0	FACE	1572	RESP	Correct	LL1	PP0	Lure_NPPN	3	0	PRACTICE
1177683824940	0	E	Logging Ends
