1170431755115	0	B	Logging Begins
1170431755115	0	INSTRUCTIONSTART	JointRoller	/Library/Frameworks/Python.framework/Versions/2.4/lib/python2.4/site-packages/pyepl/resources/vera.ttf	64	(0, 0, 0)	'In the following experiment, your memory for associating names with faces will be tested.  The task is difficult and requires concentration, so if you need a break at any time let the experimenter know.\n\nSixteen faces will be presented on the screen, consecutively, accompanied by their names.  A woman\'s voice will also speak the name when the face appears on the screen.  After five seconds, the face will disappear from the screen, a star (*) will flash on the screen for one second, and then the next face and name will appear.\n\nAfter you have seen all sixteen faces and names, you will be prompted to press any key in order to move on to a testing period.  During each trial of the testing period, you will see a face with name underneath it.  You will have to decide whether or not the name is paired with the appropriate face.  \n\nYou will respond on the keyboard, with a confidence judgment between 1 and 6.  A judgment of 1 indicates that you are near certain that the name given is incorrectly paired with the face, a judgment of 2 indicates moderate confidence, and a judgment of 3 indicates that you think the name is incorrectly paired with the face, but are quite unsure.  A judgment of 6 indicates that you are near certain that the name given is correctly paired with the face, a judgment of 5 indicates moderate confidence, and a judgment of 4 indicates that you think the name is correctly paired with the face, but are quite unsure.\n\nYou should rest your fingers on the bottom row of the keyboard.  "Z", "X", and  "C" will correspond to confidence judgments of 1, 2, and 3, respectively.  ",", ".", and "/" will correspond to confidence judgments of 4, 5, and 6, respectively.\n\nAfter five seconds the name and face will disappear from the screen, a star will flash on the screen for one second, and then the next name and face pair will appear on the screen.  You will see sixteen name-face pairs per test period.  You should try to reply as quickly and accurately as you can.\n\nThere will be ten study periods and ten test periods, alternating.  Each face will have the same name over the entire course of the experiment, so your task is to try and learn the faces\' names as quickly and accurately as possible.\n\nDo you have any questions?\n\nPress <ENTER> to continue.\n'
1170431755192	1	INSTRUCTIONSCROLL	0
1170431760376	1	INSTRUCTIONSCROLL	1
1170431760393	1	INSTRUCTIONSCROLL	2
1170431760410	1	INSTRUCTIONSCROLL	6
1170431760426	1	INSTRUCTIONSCROLL	9
1170431760443	1	INSTRUCTIONSCROLL	12
1170431760460	1	INSTRUCTIONSCROLL	16
1170431768241	1	INSTRUCTIONSCROLL	17
1170431768257	1	INSTRUCTIONSCROLL	20
1170431768274	1	INSTRUCTIONSCROLL	23
1170431768291	1	INSTRUCTIONSCROLL	26
1170431768307	1	INSTRUCTIONSCROLL	30
1170431768324	1	INSTRUCTIONSCROLL	33
1170431768340	1	INSTRUCTIONSCROLL	37
1170431768357	1	INSTRUCTIONSCROLL	40
1170431768374	1	INSTRUCTIONSCROLL	43
1170431768390	1	INSTRUCTIONSCROLL	47
1170431768407	1	INSTRUCTIONSCROLL	50
1170431768424	1	INSTRUCTIONSCROLL	53
1170431768440	1	INSTRUCTIONSCROLL	57
1170431768457	1	INSTRUCTIONSCROLL	60
1170431768474	1	INSTRUCTIONSCROLL	63
1170431768490	1	INSTRUCTIONSCROLL	67
1170431768507	1	INSTRUCTIONSCROLL	70
1170431768524	1	INSTRUCTIONSCROLL	73
1170431768540	1	INSTRUCTIONSCROLL	77
1170431768557	1	INSTRUCTIONSCROLL	80
1170431768574	1	INSTRUCTIONSCROLL	83
1170431768590	1	INSTRUCTIONSCROLL	87
1170431768607	1	INSTRUCTIONSCROLL	90
1170431768624	1	INSTRUCTIONSCROLL	93
1170431768640	1	INSTRUCTIONSCROLL	97
1170431768657	1	INSTRUCTIONSCROLL	100
1170431768674	1	INSTRUCTIONSCROLL	103
1170431768690	1	INSTRUCTIONSCROLL	107
1170431768707	1	INSTRUCTIONSCROLL	110
1170431768724	1	INSTRUCTIONSCROLL	113
1170431768740	1	INSTRUCTIONSCROLL	117
1170431768757	1	INSTRUCTIONSCROLL	120
1170431768774	1	INSTRUCTIONSCROLL	123
1170431768790	1	INSTRUCTIONSCROLL	127
1170431768807	1	INSTRUCTIONSCROLL	130
1170431768824	1	INSTRUCTIONSCROLL	133
1170431768840	1	INSTRUCTIONSCROLL	137
1170431768857	1	INSTRUCTIONSCROLL	140
1170431768874	1	INSTRUCTIONSCROLL	143
1170431768890	1	INSTRUCTIONSCROLL	147
1170431768907	1	INSTRUCTIONSCROLL	150
1170431768924	1	INSTRUCTIONSCROLL	153
1170431768940	1	INSTRUCTIONSCROLL	157
1170431768957	1	INSTRUCTIONSCROLL	160
1170431768974	1	INSTRUCTIONSCROLL	163
1170431768990	1	INSTRUCTIONSCROLL	167
1170431769008	1	INSTRUCTIONSCROLL	170
1170431769025	1	INSTRUCTIONSCROLL	173
1170431769041	1	INSTRUCTIONSCROLL	177
1170431769058	1	INSTRUCTIONSCROLL	180
1170431769075	1	INSTRUCTIONSCROLL	184
1170431769090	1	INSTRUCTIONSCROLL	187
1170431769107	1	INSTRUCTIONSCROLL	190
1170431769124	1	INSTRUCTIONSCROLL	193
1170431769140	1	INSTRUCTIONSCROLL	197
1170431769157	1	INSTRUCTIONSCROLL	200
1170431769173	1	INSTRUCTIONSCROLL	203
1170431769190	1	INSTRUCTIONSCROLL	207
1170431769207	1	INSTRUCTIONSCROLL	210
1170431769224	1	INSTRUCTIONSCROLL	213
1170431769240	1	INSTRUCTIONSCROLL	217
1170431769257	1	INSTRUCTIONSCROLL	220
1170431769273	1	INSTRUCTIONSCROLL	223
1170431769290	1	INSTRUCTIONSCROLL	227
1170431769307	1	INSTRUCTIONSCROLL	230
1170431769323	1	INSTRUCTIONSCROLL	233
1170431769340	1	INSTRUCTIONSCROLL	237
1170431769357	1	INSTRUCTIONSCROLL	240
1170431769373	1	INSTRUCTIONSCROLL	243
1170431769390	1	INSTRUCTIONSCROLL	247
1170431769407	1	INSTRUCTIONSCROLL	250
1170431769857	1	INSTRUCTIONSCROLL	251
1170431769873	1	INSTRUCTIONSCROLL	254
1170431769890	1	INSTRUCTIONSCROLL	258
1170431769907	1	INSTRUCTIONSCROLL	261
1170431769923	1	INSTRUCTIONSCROLL	264
1170431769940	1	INSTRUCTIONSCROLL	268
1170431769957	1	INSTRUCTIONSCROLL	271
1170431769973	1	INSTRUCTIONSCROLL	274
1170431769990	1	INSTRUCTIONSCROLL	278
1170431770008	1	INSTRUCTIONSCROLL	281
1170431770024	1	INSTRUCTIONSCROLL	284
1170431770041	1	INSTRUCTIONSCROLL	288
1170431770058	1	INSTRUCTIONSCROLL	291
1170431770074	1	INSTRUCTIONSCROLL	294
1170431770090	1	INSTRUCTIONSCROLL	298
1170431770107	1	INSTRUCTIONSCROLL	301
1170431770123	1	INSTRUCTIONSCROLL	304
1170431770140	1	INSTRUCTIONSCROLL	308
1170431770156	1	INSTRUCTIONSCROLL	311
1170431770173	1	INSTRUCTIONSCROLL	314
1170431770190	1	INSTRUCTIONSCROLL	317
1170431770206	1	INSTRUCTIONSCROLL	321
1170431770223	1	INSTRUCTIONSCROLL	324
1170431770240	1	INSTRUCTIONSCROLL	328
1170431770257	1	INSTRUCTIONSCROLL	331
1170431770273	1	INSTRUCTIONSCROLL	334
1170431770290	1	INSTRUCTIONSCROLL	338
1170431770306	1	INSTRUCTIONSCROLL	341
1170431770323	1	INSTRUCTIONSCROLL	344
1170431770340	1	INSTRUCTIONSCROLL	347
1170431770356	1	INSTRUCTIONSCROLL	351
1170431770373	1	INSTRUCTIONSCROLL	354
1170431770390	1	INSTRUCTIONSCROLL	358
1170431770406	1	INSTRUCTIONSCROLL	361
1170431770423	1	INSTRUCTIONSCROLL	364
1170431770440	1	INSTRUCTIONSCROLL	368
1170431770456	1	INSTRUCTIONSCROLL	371
1170431770473	1	INSTRUCTIONSCROLL	374
1170431770490	1	INSTRUCTIONSCROLL	378
1170431770507	1	INSTRUCTIONSCROLL	381
1170431770523	1	INSTRUCTIONSCROLL	384
1170431770540	1	INSTRUCTIONSCROLL	388
1170431770556	1	INSTRUCTIONSCROLL	391
1170431770573	1	INSTRUCTIONSCROLL	394
1170431770590	1	INSTRUCTIONSCROLL	398
1170431770606	1	INSTRUCTIONSCROLL	401
1170431770623	1	INSTRUCTIONSCROLL	404
1170431770640	1	INSTRUCTIONSCROLL	407
1170431770656	1	INSTRUCTIONSCROLL	411
1170431770673	1	INSTRUCTIONSCROLL	414
1170431770690	1	INSTRUCTIONSCROLL	418
1170431770706	1	INSTRUCTIONSCROLL	421
1170431770723	1	INSTRUCTIONSCROLL	424
1170431770740	1	INSTRUCTIONSCROLL	428
1170431770756	1	INSTRUCTIONSCROLL	431
1170431770773	1	INSTRUCTIONSCROLL	434
1170431770790	1	INSTRUCTIONSCROLL	437
1170431770806	1	INSTRUCTIONSCROLL	441
1170431770823	1	INSTRUCTIONSCROLL	444
1170431770840	1	INSTRUCTIONSCROLL	448
1170431770856	1	INSTRUCTIONSCROLL	451
1170431770873	1	INSTRUCTIONSCROLL	454
1170431780620	1	INSTRUCTIONSCROLL	455
1170431780636	1	INSTRUCTIONSCROLL	456
1170431780653	1	INSTRUCTIONSCROLL	460
1170431780670	1	INSTRUCTIONSCROLL	463
1170431780686	1	INSTRUCTIONSCROLL	466
1170431780703	1	INSTRUCTIONSCROLL	470
1170431780720	1	INSTRUCTIONSCROLL	473
1170431780736	1	INSTRUCTIONSCROLL	476
1170431780753	1	INSTRUCTIONSCROLL	480
1170431780770	1	INSTRUCTIONSCROLL	483
1170431780786	1	INSTRUCTIONSCROLL	486
1170431780803	1	INSTRUCTIONSCROLL	490
1170431780820	1	INSTRUCTIONSCROLL	493
1170431780836	1	INSTRUCTIONSCROLL	496
1170431780853	1	INSTRUCTIONSCROLL	500
1170431780870	1	INSTRUCTIONSCROLL	503
1170431780886	1	INSTRUCTIONSCROLL	506
1170431780903	1	INSTRUCTIONSCROLL	510
1170431780920	1	INSTRUCTIONSCROLL	513
1170431780936	1	INSTRUCTIONSCROLL	516
1170431780953	1	INSTRUCTIONSCROLL	520
1170431780970	1	INSTRUCTIONSCROLL	523
1170431780986	1	INSTRUCTIONSCROLL	526
1170431781004	1	INSTRUCTIONSCROLL	530
1170431781021	1	INSTRUCTIONSCROLL	533
1170431781037	1	INSTRUCTIONSCROLL	536
1170431781054	1	INSTRUCTIONSCROLL	540
1170431781071	1	INSTRUCTIONSCROLL	543
1170431781087	1	INSTRUCTIONSCROLL	546
1170431781103	1	INSTRUCTIONSCROLL	550
1170431781120	1	INSTRUCTIONSCROLL	553
1170431781136	1	INSTRUCTIONSCROLL	556
1170431781153	1	INSTRUCTIONSCROLL	560
1170431781170	1	INSTRUCTIONSCROLL	563
1170431781186	1	INSTRUCTIONSCROLL	566
1170431781203	1	INSTRUCTIONSCROLL	570
1170431781220	1	INSTRUCTIONSCROLL	573
1170431781236	1	INSTRUCTIONSCROLL	576
1170431781253	1	INSTRUCTIONSCROLL	580
1170431781270	1	INSTRUCTIONSCROLL	583
1170431781286	1	INSTRUCTIONSCROLL	586
1170431781303	1	INSTRUCTIONSCROLL	590
1170431781320	1	INSTRUCTIONSCROLL	593
1170431781336	1	INSTRUCTIONSCROLL	596
1170431781353	1	INSTRUCTIONSCROLL	600
1170431781370	1	INSTRUCTIONSCROLL	603
1170431781386	1	INSTRUCTIONSCROLL	606
1170431781403	1	INSTRUCTIONSCROLL	610
1170431781420	1	INSTRUCTIONSCROLL	613
1170431781436	1	INSTRUCTIONSCROLL	616
1170431781453	1	INSTRUCTIONSCROLL	620
1170431781470	1	INSTRUCTIONSCROLL	623
1170431781486	1	INSTRUCTIONSCROLL	626
1170431781503	1	INSTRUCTIONSCROLL	630
1170431781520	1	INSTRUCTIONSCROLL	633
1170431781536	1	INSTRUCTIONSCROLL	636
1170431781553	1	INSTRUCTIONSCROLL	640
1170431781570	1	INSTRUCTIONSCROLL	643
1170431781586	1	INSTRUCTIONSCROLL	646
1170431781603	1	INSTRUCTIONSCROLL	650
1170431781620	1	INSTRUCTIONSCROLL	653
1170431781636	1	INSTRUCTIONSCROLL	656
1170431781653	1	INSTRUCTIONSCROLL	660
1170431781669	1	INSTRUCTIONSCROLL	663
1170431781686	1	INSTRUCTIONSCROLL	666
1170431781703	1	INSTRUCTIONSCROLL	670
1170431781719	1	INSTRUCTIONSCROLL	673
1170431781736	1	INSTRUCTIONSCROLL	676
1170431781753	1	INSTRUCTIONSCROLL	680
1170431781769	1	INSTRUCTIONSCROLL	683
1170431781786	1	INSTRUCTIONSCROLL	686
1170431781803	1	INSTRUCTIONSCROLL	690
1170431781819	1	INSTRUCTIONSCROLL	693
1170431781836	1	INSTRUCTIONSCROLL	696
1170431781853	1	INSTRUCTIONSCROLL	700
1170431781869	1	INSTRUCTIONSCROLL	703
1170431781886	1	INSTRUCTIONSCROLL	706
1170431781903	1	INSTRUCTIONSCROLL	710
1170431781919	1	INSTRUCTIONSCROLL	713
1170431781936	1	INSTRUCTIONSCROLL	716
1170431781953	1	INSTRUCTIONSCROLL	719
1170431781969	1	INSTRUCTIONSCROLL	723
1170431781986	1	INSTRUCTIONSCROLL	726
1170431782004	1	INSTRUCTIONSCROLL	730
1170431782020	1	INSTRUCTIONSCROLL	733
1170431782037	1	INSTRUCTIONSCROLL	736
1170431782054	1	INSTRUCTIONSCROLL	740
1170431782070	1	INSTRUCTIONSCROLL	743
1170431782087	1	INSTRUCTIONSCROLL	746
1170431782103	1	INSTRUCTIONSCROLL	750
1170431782119	1	INSTRUCTIONSCROLL	753
1170431782136	1	INSTRUCTIONSCROLL	756
1170431782153	1	INSTRUCTIONSCROLL	760
1170431782169	1	INSTRUCTIONSCROLL	763
1170431782186	1	INSTRUCTIONSCROLL	766
1170431782203	1	INSTRUCTIONSCROLL	769
1170431782219	1	INSTRUCTIONSCROLL	773
1170431782236	1	INSTRUCTIONSCROLL	776
1170431782253	1	INSTRUCTIONSCROLL	779
1170431782269	1	INSTRUCTIONSCROLL	783
1170431782286	1	INSTRUCTIONSCROLL	786
1170431782303	1	INSTRUCTIONSCROLL	790
1170431782319	1	INSTRUCTIONSCROLL	793
1170431782336	1	INSTRUCTIONSCROLL	796
1170431782353	1	INSTRUCTIONSCROLL	799
1170431782369	1	INSTRUCTIONSCROLL	803
1170431782386	1	INSTRUCTIONSCROLL	806
1170431782403	1	INSTRUCTIONSCROLL	809
1170431782419	1	INSTRUCTIONSCROLL	813
1170431782436	1	INSTRUCTIONSCROLL	816
1170431782453	1	INSTRUCTIONSCROLL	820
1170431782469	1	INSTRUCTIONSCROLL	823
1170431782486	1	INSTRUCTIONSCROLL	826
1170431782503	1	INSTRUCTIONSCROLL	829
1170431782519	1	INSTRUCTIONSCROLL	833
1170431782536	1	INSTRUCTIONSCROLL	836
1170431782553	1	INSTRUCTIONSCROLL	839
1170431782569	1	INSTRUCTIONSCROLL	843
1170431782586	1	INSTRUCTIONSCROLL	846
1170431782603	1	INSTRUCTIONSCROLL	850
1170431782619	1	INSTRUCTIONSCROLL	853
1170431782636	1	INSTRUCTIONSCROLL	856
1170431782653	1	INSTRUCTIONSCROLL	859
1170431782669	1	INSTRUCTIONSCROLL	863
1170431782686	1	INSTRUCTIONSCROLL	866
1170431782702	1	INSTRUCTIONSCROLL	869
1170431782719	1	INSTRUCTIONSCROLL	873
1170431782736	1	INSTRUCTIONSCROLL	876
1170431782753	1	INSTRUCTIONSCROLL	880
1170431782769	1	INSTRUCTIONSCROLL	883
1170431782786	1	INSTRUCTIONSCROLL	886
1170431782803	1	INSTRUCTIONSCROLL	889
1170431782819	1	INSTRUCTIONSCROLL	893
1170431782836	1	INSTRUCTIONSCROLL	896
1170431782852	1	INSTRUCTIONSCROLL	899
1170431782869	1	INSTRUCTIONSCROLL	903
1170431782886	1	INSTRUCTIONSCROLL	906
1170431782902	1	INSTRUCTIONSCROLL	910
1170431782919	1	INSTRUCTIONSCROLL	913
1170431782936	1	INSTRUCTIONSCROLL	916
1170431782952	1	INSTRUCTIONSCROLL	919
1170431782969	1	INSTRUCTIONSCROLL	923
1170431782986	1	INSTRUCTIONSCROLL	926
1170431783003	1	INSTRUCTIONSCROLL	929
1170431783020	1	INSTRUCTIONSCROLL	933
1170431783037	1	INSTRUCTIONSCROLL	936
1170431783053	1	INSTRUCTIONSCROLL	940
1170431783070	1	INSTRUCTIONSCROLL	943
1170431783087	1	INSTRUCTIONSCROLL	946
1170431783102	1	INSTRUCTIONSCROLL	950
1170431783119	1	INSTRUCTIONSCROLL	953
1170431783136	1	INSTRUCTIONSCROLL	956
1170431783152	1	INSTRUCTIONSCROLL	959
1170431783169	1	INSTRUCTIONSCROLL	963
1170431783186	1	INSTRUCTIONSCROLL	966
1170431783202	1	INSTRUCTIONSCROLL	970
1170431783219	1	INSTRUCTIONSCROLL	973
1170431783236	1	INSTRUCTIONSCROLL	976
1170431783252	1	INSTRUCTIONSCROLL	979
1170431783270	1	INSTRUCTIONSCROLL	983
1170431783286	1	INSTRUCTIONSCROLL	986
1170431783302	1	INSTRUCTIONSCROLL	989
1170431783319	1	INSTRUCTIONSCROLL	993
1170431783336	1	INSTRUCTIONSCROLL	996
1170431783352	1	INSTRUCTIONSCROLL	1000
1170431783369	1	INSTRUCTIONSCROLL	1003
1170431783386	1	INSTRUCTIONSCROLL	1006
1170431783402	1	INSTRUCTIONSCROLL	1009
1170431783419	1	INSTRUCTIONSCROLL	1013
1170431783436	1	INSTRUCTIONSCROLL	1016
1170431783452	1	INSTRUCTIONSCROLL	1019
1170431783469	1	INSTRUCTIONSCROLL	1023
1170431783486	1	INSTRUCTIONSCROLL	1026
1170431783502	1	INSTRUCTIONSCROLL	1030
1170431783519	1	INSTRUCTIONSCROLL	1033
1170431783536	1	INSTRUCTIONSCROLL	1036
1170431783552	1	INSTRUCTIONSCROLL	1039
1170431783569	1	INSTRUCTIONSCROLL	1043
1170431783586	1	INSTRUCTIONSCROLL	1046
1170431783602	1	INSTRUCTIONSCROLL	1049
1170431783619	1	INSTRUCTIONSCROLL	1053
1170431783636	1	INSTRUCTIONSCROLL	1056
1170431783652	1	INSTRUCTIONSCROLL	1060
1170431783669	1	INSTRUCTIONSCROLL	1063
1170431783686	1	INSTRUCTIONSCROLL	1066
1170431783702	1	INSTRUCTIONSCROLL	1070
1170431783719	1	INSTRUCTIONSCROLL	1073
1170431783736	1	INSTRUCTIONSCROLL	1076
1170431783752	1	INSTRUCTIONSCROLL	1080
1170431783769	1	INSTRUCTIONSCROLL	1083
1170431783785	1	INSTRUCTIONSCROLL	1086
1170431783802	1	INSTRUCTIONSCROLL	1090
1170431783819	1	INSTRUCTIONSCROLL	1093
1170431783835	1	INSTRUCTIONSCROLL	1096
1170431783852	1	INSTRUCTIONSCROLL	1100
1170431783869	1	INSTRUCTIONSCROLL	1103
1170431783885	1	INSTRUCTIONSCROLL	1106
1170431783902	1	INSTRUCTIONSCROLL	1110
1170431783919	1	INSTRUCTIONSCROLL	1113
1170431783935	1	INSTRUCTIONSCROLL	1116
1170431783952	1	INSTRUCTIONSCROLL	1120
1170431783969	1	INSTRUCTIONSCROLL	1123
1170431783985	1	INSTRUCTIONSCROLL	1126
1170431784003	1	INSTRUCTIONSCROLL	1130
1170431784020	1	INSTRUCTIONSCROLL	1133
1170431784036	1	INSTRUCTIONSCROLL	1136
1170431784053	1	INSTRUCTIONSCROLL	1140
1170431784070	1	INSTRUCTIONSCROLL	1143
1170431784086	1	INSTRUCTIONSCROLL	1146
1170431784102	1	INSTRUCTIONSCROLL	1150
1170431784119	1	INSTRUCTIONSCROLL	1153
1170431784135	1	INSTRUCTIONSCROLL	1156
1170431784152	1	INSTRUCTIONSCROLL	1160
1170431789400	1	INSTRUCTIONSCROLL	1161
1170431789417	1	INSTRUCTIONSCROLL	1163
1170431789434	1	INSTRUCTIONSCROLL	1166
1170431789450	1	INSTRUCTIONSCROLL	1169
1170431789467	1	INSTRUCTIONSCROLL	1173
1170431789484	1	INSTRUCTIONSCROLL	1176
1170431789500	1	INSTRUCTIONSCROLL	1179
1170431789517	1	INSTRUCTIONSCROLL	1183
1170431789534	1	INSTRUCTIONSCROLL	1186
1170431789550	1	INSTRUCTIONSCROLL	1189
1170431789567	1	INSTRUCTIONSCROLL	1193
1170431789584	1	INSTRUCTIONSCROLL	1196
1170431789600	1	INSTRUCTIONSCROLL	1199
1170431789617	1	INSTRUCTIONSCROLL	1203
1170431789634	1	INSTRUCTIONSCROLL	1206
1170431789650	1	INSTRUCTIONSCROLL	1209
1170431789667	1	INSTRUCTIONSCROLL	1213
1170431789684	1	INSTRUCTIONSCROLL	1216
1170431789700	1	INSTRUCTIONSCROLL	1219
1170431789717	1	INSTRUCTIONSCROLL	1223
1170431789733	1	INSTRUCTIONSCROLL	1226
1170431789750	1	INSTRUCTIONSCROLL	1229
1170431789767	1	INSTRUCTIONSCROLL	1233
1170431789783	1	INSTRUCTIONSCROLL	1236
1170431789800	1	INSTRUCTIONSCROLL	1239
1170431789817	1	INSTRUCTIONSCROLL	1243
1170431789833	1	INSTRUCTIONSCROLL	1246
1170431789850	1	INSTRUCTIONSCROLL	1249
1170431789867	1	INSTRUCTIONSCROLL	1253
1170431789883	1	INSTRUCTIONSCROLL	1256
1170431789900	1	INSTRUCTIONSCROLL	1259
1170431789917	1	INSTRUCTIONSCROLL	1262
1170431789933	1	INSTRUCTIONSCROLL	1266
1170431789950	1	INSTRUCTIONSCROLL	1269
1170431789967	1	INSTRUCTIONSCROLL	1273
1170431789983	1	INSTRUCTIONSCROLL	1276
1170431790000	1	INSTRUCTIONSCROLL	1279
1170431790018	1	INSTRUCTIONSCROLL	1282
1170431790034	1	INSTRUCTIONSCROLL	1286
1170431790051	1	INSTRUCTIONSCROLL	1289
1170431790068	1	INSTRUCTIONSCROLL	1293
1170431790084	1	INSTRUCTIONSCROLL	1296
1170431790100	1	INSTRUCTIONSCROLL	1299
1170431790117	1	INSTRUCTIONSCROLL	1303
1170431790133	1	INSTRUCTIONSCROLL	1306
1170431790150	1	INSTRUCTIONSCROLL	1309
1170431790167	1	INSTRUCTIONSCROLL	1313
1170431790183	1	INSTRUCTIONSCROLL	1316
1170431790200	1	INSTRUCTIONSCROLL	1319
1170431790217	1	INSTRUCTIONSCROLL	1322
1170431790233	1	INSTRUCTIONSCROLL	1326
1170431790250	1	INSTRUCTIONSCROLL	1329
1170431790267	1	INSTRUCTIONSCROLL	1333
1170431790283	1	INSTRUCTIONSCROLL	1336
1170431790300	1	INSTRUCTIONSCROLL	1339
1170431790317	1	INSTRUCTIONSCROLL	1342
1170431790333	1	INSTRUCTIONSCROLL	1346
1170431790350	1	INSTRUCTIONSCROLL	1349
1170431790367	1	INSTRUCTIONSCROLL	1352
1170431790383	1	INSTRUCTIONSCROLL	1356
1170431790400	1	INSTRUCTIONSCROLL	1359
1170431790417	1	INSTRUCTIONSCROLL	1363
1170431790433	1	INSTRUCTIONSCROLL	1366
1170431790450	1	INSTRUCTIONSCROLL	1369
1170431790467	1	INSTRUCTIONSCROLL	1372
1170431790483	1	INSTRUCTIONSCROLL	1376
1170431790500	1	INSTRUCTIONSCROLL	1379
1170431790517	1	INSTRUCTIONSCROLL	1382
1170431790533	1	INSTRUCTIONSCROLL	1386
1170431790550	1	INSTRUCTIONSCROLL	1389
1170431790567	1	INSTRUCTIONSCROLL	1393
1170431790583	1	INSTRUCTIONSCROLL	1396
1170431790600	1	INSTRUCTIONSCROLL	1399
1170431790617	1	INSTRUCTIONSCROLL	1403
1170431790633	1	INSTRUCTIONSCROLL	1406
1170431790650	1	INSTRUCTIONSCROLL	1409
1170431790667	1	INSTRUCTIONSCROLL	1412
1170431790683	1	INSTRUCTIONSCROLL	1416
1170431790700	1	INSTRUCTIONSCROLL	1419
1170431790717	1	INSTRUCTIONSCROLL	1423
1170431790733	1	INSTRUCTIONSCROLL	1426
1170431790750	1	INSTRUCTIONSCROLL	1429
1170431790766	1	INSTRUCTIONSCROLL	1432
1170431790783	1	INSTRUCTIONSCROLL	1436
1170431790800	1	INSTRUCTIONSCROLL	1439
1170431790816	1	INSTRUCTIONSCROLL	1442
1170431790833	1	INSTRUCTIONSCROLL	1446
1170431790850	1	INSTRUCTIONSCROLL	1449
1170431790866	1	INSTRUCTIONSCROLL	1453
1170431790883	1	INSTRUCTIONSCROLL	1456
1170431790900	1	INSTRUCTIONSCROLL	1459
1170431790916	1	INSTRUCTIONSCROLL	1462
1170431790933	1	INSTRUCTIONSCROLL	1466
1170431790950	1	INSTRUCTIONSCROLL	1469
1170431790966	1	INSTRUCTIONSCROLL	1472
1170431790983	1	INSTRUCTIONSCROLL	1476
1170431791000	1	INSTRUCTIONSCROLL	1479
1170431791017	1	INSTRUCTIONSCROLL	1483
1170431791034	1	INSTRUCTIONSCROLL	1486
1170431791051	1	INSTRUCTIONSCROLL	1489
1170431791067	1	INSTRUCTIONSCROLL	1493
1170431791084	1	INSTRUCTIONSCROLL	1496
1170431791100	1	INSTRUCTIONSCROLL	1499
1170431791116	1	INSTRUCTIONSCROLL	1502
1170431791133	1	INSTRUCTIONSCROLL	1506
1170431791150	1	INSTRUCTIONSCROLL	1509
1170431791166	1	INSTRUCTIONSCROLL	1513
1170431791183	1	INSTRUCTIONSCROLL	1516
1170431791200	1	INSTRUCTIONSCROLL	1519
1170431791216	1	INSTRUCTIONSCROLL	1522
1170431791233	1	INSTRUCTIONSCROLL	1526
1170431791250	1	INSTRUCTIONSCROLL	1529
1170431791266	1	INSTRUCTIONSCROLL	1532
1170431791283	1	INSTRUCTIONSCROLL	1536
1170431791300	1	INSTRUCTIONSCROLL	1539
1170431791316	1	INSTRUCTIONSCROLL	1543
1170431791333	1	INSTRUCTIONSCROLL	1546
1170431791350	1	INSTRUCTIONSCROLL	1549
1170431791366	1	INSTRUCTIONSCROLL	1553
1170431791383	1	INSTRUCTIONSCROLL	1556
1170431791400	1	INSTRUCTIONSCROLL	1559
1170431791416	1	INSTRUCTIONSCROLL	1562
1170431791433	1	INSTRUCTIONSCROLL	1566
1170431791450	1	INSTRUCTIONSCROLL	1569
1170431791466	1	INSTRUCTIONSCROLL	1573
1170431791483	1	INSTRUCTIONSCROLL	1576
1170431791500	1	INSTRUCTIONSCROLL	1579
1170431791516	1	INSTRUCTIONSCROLL	1582
1170431791533	1	INSTRUCTIONSCROLL	1586
1170431791550	1	INSTRUCTIONSCROLL	1589
1170431791566	1	INSTRUCTIONSCROLL	1592
1170431791583	1	INSTRUCTIONSCROLL	1596
1170431791600	1	INSTRUCTIONSCROLL	1599
1170431791616	1	INSTRUCTIONSCROLL	1602
1170431791633	1	INSTRUCTIONSCROLL	1606
1170431791650	1	INSTRUCTIONSCROLL	1609
1170431791666	1	INSTRUCTIONSCROLL	1612
1170431791683	1	INSTRUCTIONSCROLL	1616
1170431791700	1	INSTRUCTIONSCROLL	1619
1170431791716	1	INSTRUCTIONSCROLL	1622
1170431791733	1	INSTRUCTIONSCROLL	1626
1170431791750	1	INSTRUCTIONSCROLL	1629
1170431791766	1	INSTRUCTIONSCROLL	1632
1170431791783	1	INSTRUCTIONSCROLL	1636
1170431791800	1	INSTRUCTIONSCROLL	1639
1170431791816	1	INSTRUCTIONSCROLL	1642
1170431791833	1	INSTRUCTIONSCROLL	1646
1170431791850	1	INSTRUCTIONSCROLL	1649
1170431791866	1	INSTRUCTIONSCROLL	1652
1170431791883	1	INSTRUCTIONSCROLL	1656
1170431791899	1	INSTRUCTIONSCROLL	1659
1170431791916	1	INSTRUCTIONSCROLL	1662
1170431791933	1	INSTRUCTIONSCROLL	1666
1170431791949	1	INSTRUCTIONSCROLL	1669
1170431791966	1	INSTRUCTIONSCROLL	1672
1170431791983	1	INSTRUCTIONSCROLL	1676
1170431791999	1	INSTRUCTIONSCROLL	1679
1170431792017	1	INSTRUCTIONSCROLL	1682
1170431792034	1	INSTRUCTIONSCROLL	1686
1170431792050	1	INSTRUCTIONSCROLL	1689
1170431792067	1	INSTRUCTIONSCROLL	1693
1170431792084	1	INSTRUCTIONSCROLL	1696
1170431792099	1	INSTRUCTIONSCROLL	1699
1170431792116	1	INSTRUCTIONSCROLL	1702
1170431792133	1	INSTRUCTIONSCROLL	1706
1170431792150	1	INSTRUCTIONSCROLL	1709
1170431792166	1	INSTRUCTIONSCROLL	1712
1170431792183	1	INSTRUCTIONSCROLL	1716
1170431792199	1	INSTRUCTIONSCROLL	1719
1170431792216	1	INSTRUCTIONSCROLL	1722
1170431792233	1	INSTRUCTIONSCROLL	1726
1170431799714	1	INSTRUCTIONSCROLL	1727
1170431799730	1	INSTRUCTIONSCROLL	1729
1170431799747	1	INSTRUCTIONSCROLL	1732
1170431799764	1	INSTRUCTIONSCROLL	1735
1170431799780	1	INSTRUCTIONSCROLL	1739
1170431799797	1	INSTRUCTIONSCROLL	1742
1170431799814	1	INSTRUCTIONSCROLL	1745
1170431799830	1	INSTRUCTIONSCROLL	1749
1170431799847	1	INSTRUCTIONSCROLL	1752
1170431799864	1	INSTRUCTIONSCROLL	1755
1170431799880	1	INSTRUCTIONSCROLL	1759
1170431799897	1	INSTRUCTIONSCROLL	1762
1170431799914	1	INSTRUCTIONSCROLL	1765
1170431799930	1	INSTRUCTIONSCROLL	1769
1170431799947	1	INSTRUCTIONSCROLL	1772
1170431799964	1	INSTRUCTIONSCROLL	1775
1170431799980	1	INSTRUCTIONSCROLL	1779
1170431799997	1	INSTRUCTIONSCROLL	1782
1170431800015	1	INSTRUCTIONSCROLL	1785
1170431800031	1	INSTRUCTIONSCROLL	1789
1170431800048	1	INSTRUCTIONSCROLL	1792
1170431800065	1	INSTRUCTIONSCROLL	1796
1170431800081	1	INSTRUCTIONSCROLL	1799
1170431800097	1	INSTRUCTIONSCROLL	1802
1170431800114	1	INSTRUCTIONSCROLL	1805
1170431800130	1	INSTRUCTIONSCROLL	1809
1170431800147	1	INSTRUCTIONSCROLL	1812
1170431800163	1	INSTRUCTIONSCROLL	1816
1170431800180	1	INSTRUCTIONSCROLL	1819
1170431800197	1	INSTRUCTIONSCROLL	1822
1170431800213	1	INSTRUCTIONSCROLL	1826
1170431800230	1	INSTRUCTIONSCROLL	1829
1170431800247	1	INSTRUCTIONSCROLL	1832
1170431800263	1	INSTRUCTIONSCROLL	1835
1170431800280	1	INSTRUCTIONSCROLL	1839
1170431800297	1	INSTRUCTIONSCROLL	1842
1170431800313	1	INSTRUCTIONSCROLL	1846
1170431800330	1	INSTRUCTIONSCROLL	1849
1170431800347	1	INSTRUCTIONSCROLL	1852
1170431800363	1	INSTRUCTIONSCROLL	1856
1170431800381	1	INSTRUCTIONSCROLL	1859
1170431800397	1	INSTRUCTIONSCROLL	1862
1170431800413	1	INSTRUCTIONSCROLL	1865
1170431800430	1	INSTRUCTIONSCROLL	1869
1170431800447	1	INSTRUCTIONSCROLL	1872
1170431800463	1	INSTRUCTIONSCROLL	1876
1170431800480	1	INSTRUCTIONSCROLL	1879
1170431800497	1	INSTRUCTIONSCROLL	1882
1170431800513	1	INSTRUCTIONSCROLL	1886
1170431800530	1	INSTRUCTIONSCROLL	1889
1170431800547	1	INSTRUCTIONSCROLL	1892
1170431800563	1	INSTRUCTIONSCROLL	1895
1170431800580	1	INSTRUCTIONSCROLL	1899
1170431800597	1	INSTRUCTIONSCROLL	1902
1170431800613	1	INSTRUCTIONSCROLL	1906
1170431800630	1	INSTRUCTIONSCROLL	1909
1170431800647	1	INSTRUCTIONSCROLL	1912
1170431800663	1	INSTRUCTIONSCROLL	1915
1170431800680	1	INSTRUCTIONSCROLL	1919
1170431800697	1	INSTRUCTIONSCROLL	1922
1170431800713	1	INSTRUCTIONSCROLL	1925
1170431800730	1	INSTRUCTIONSCROLL	1929
1170431800747	1	INSTRUCTIONSCROLL	1932
1170431800763	1	INSTRUCTIONSCROLL	1936
1170431800780	1	INSTRUCTIONSCROLL	1939
1170431800797	1	INSTRUCTIONSCROLL	1942
1170431800813	1	INSTRUCTIONSCROLL	1945
1170431800830	1	INSTRUCTIONSCROLL	1949
1170431800847	1	INSTRUCTIONSCROLL	1952
1170431800863	1	INSTRUCTIONSCROLL	1955
1170431800880	1	INSTRUCTIONSCROLL	1959
1170431800897	1	INSTRUCTIONSCROLL	1962
1170431800913	1	INSTRUCTIONSCROLL	1965
1170431800930	1	INSTRUCTIONSCROLL	1969
1170431800947	1	INSTRUCTIONSCROLL	1972
1170431800963	1	INSTRUCTIONSCROLL	1975
1170431800980	1	INSTRUCTIONSCROLL	1979
1170431800997	1	INSTRUCTIONSCROLL	1982
1170431801014	1	INSTRUCTIONSCROLL	1985
1170431801031	1	INSTRUCTIONSCROLL	1989
1170431801048	1	INSTRUCTIONSCROLL	1992
1170431801064	1	INSTRUCTIONSCROLL	1996
1170431801081	1	INSTRUCTIONSCROLL	1999
1170431801097	1	INSTRUCTIONSCROLL	2002
1170431801113	1	INSTRUCTIONSCROLL	2005
1170431801130	1	INSTRUCTIONSCROLL	2009
1170431801147	1	INSTRUCTIONSCROLL	2012
1170431801163	1	INSTRUCTIONSCROLL	2015
1170431801180	1	INSTRUCTIONSCROLL	2019
1170431801197	1	INSTRUCTIONSCROLL	2022
1170431801213	1	INSTRUCTIONSCROLL	2025
1170431801230	1	INSTRUCTIONSCROLL	2029
1170431801247	1	INSTRUCTIONSCROLL	2032
1170431801263	1	INSTRUCTIONSCROLL	2035
1170431801280	1	INSTRUCTIONSCROLL	2039
1170431801296	1	INSTRUCTIONSCROLL	2042
1170431801313	1	INSTRUCTIONSCROLL	2045
1170431801330	1	INSTRUCTIONSCROLL	2049
1170431801346	1	INSTRUCTIONSCROLL	2052
1170431801363	1	INSTRUCTIONSCROLL	2055
1170431801380	1	INSTRUCTIONSCROLL	2059
1170431801396	1	INSTRUCTIONSCROLL	2062
1170431801413	1	INSTRUCTIONSCROLL	2065
1170431801430	1	INSTRUCTIONSCROLL	2069
1170431801446	1	INSTRUCTIONSCROLL	2072
1170431801463	1	INSTRUCTIONSCROLL	2075
1170431801480	1	INSTRUCTIONSCROLL	2079
1170431801496	1	INSTRUCTIONSCROLL	2082
1170431801513	1	INSTRUCTIONSCROLL	2085
1170431801530	1	INSTRUCTIONSCROLL	2089
1170431801546	1	INSTRUCTIONSCROLL	2092
1170431801563	1	INSTRUCTIONSCROLL	2095
1170431801580	1	INSTRUCTIONSCROLL	2099
1170431801596	1	INSTRUCTIONSCROLL	2102
1170431801613	1	INSTRUCTIONSCROLL	2105
1170431801630	1	INSTRUCTIONSCROLL	2109
1170431801646	1	INSTRUCTIONSCROLL	2112
1170431801663	1	INSTRUCTIONSCROLL	2115
1170431801680	1	INSTRUCTIONSCROLL	2119
1170431801696	1	INSTRUCTIONSCROLL	2122
1170431801713	1	INSTRUCTIONSCROLL	2125
1170431801730	1	INSTRUCTIONSCROLL	2129
1170431801746	1	INSTRUCTIONSCROLL	2132
1170431801763	1	INSTRUCTIONSCROLL	2135
1170431801780	1	INSTRUCTIONSCROLL	2139
1170431801796	1	INSTRUCTIONSCROLL	2142
1170431801813	1	INSTRUCTIONSCROLL	2145
1170431801830	1	INSTRUCTIONSCROLL	2149
1170431801846	1	INSTRUCTIONSCROLL	2152
1170431801863	1	INSTRUCTIONSCROLL	2155
1170431801880	1	INSTRUCTIONSCROLL	2159
1170431801896	1	INSTRUCTIONSCROLL	2162
1170431801913	1	INSTRUCTIONSCROLL	2165
1170431801930	1	INSTRUCTIONSCROLL	2169
1170431801946	1	INSTRUCTIONSCROLL	2172
1170431801963	1	INSTRUCTIONSCROLL	2175
1170431801980	1	INSTRUCTIONSCROLL	2179
1170431801996	1	INSTRUCTIONSCROLL	2182
1170431802014	1	INSTRUCTIONSCROLL	2185
1170431802031	1	INSTRUCTIONSCROLL	2189
1170431802047	1	INSTRUCTIONSCROLL	2192
1170431802064	1	INSTRUCTIONSCROLL	2196
1170431802081	1	INSTRUCTIONSCROLL	2199
1170431802096	1	INSTRUCTIONSCROLL	2202
1170431802113	1	INSTRUCTIONSCROLL	2205
1170431802130	1	INSTRUCTIONSCROLL	2209
1170431802146	1	INSTRUCTIONSCROLL	2212
1170431802163	1	INSTRUCTIONSCROLL	2215
1170431802180	1	INSTRUCTIONSCROLL	2219
1170431802196	1	INSTRUCTIONSCROLL	2222
1170431802213	1	INSTRUCTIONSCROLL	2225
1170431802230	1	INSTRUCTIONSCROLL	2229
1170431802246	1	INSTRUCTIONSCROLL	2232
1170431802263	1	INSTRUCTIONSCROLL	2235
1170431824322	1	INSTRUCTIONSCROLL	2236
1170431824339	1	INSTRUCTIONSCROLL	2239
1170431824356	1	INSTRUCTIONSCROLL	2242
1170431824372	1	INSTRUCTIONSCROLL	2246
1170431824389	1	INSTRUCTIONSCROLL	2249
1170431824406	1	INSTRUCTIONSCROLL	2252
1170431824422	1	INSTRUCTIONSCROLL	2256
1170431824439	1	INSTRUCTIONSCROLL	2259
1170431824456	1	INSTRUCTIONSCROLL	2262
1170431824472	1	INSTRUCTIONSCROLL	2266
1170431824489	1	INSTRUCTIONSCROLL	2269
1170431824506	1	INSTRUCTIONSCROLL	2272
1170431824522	1	INSTRUCTIONSCROLL	2276
1170431824539	1	INSTRUCTIONSCROLL	2279
1170431824556	1	INSTRUCTIONSCROLL	2282
1170431824572	1	INSTRUCTIONSCROLL	2286
1170431824589	1	INSTRUCTIONSCROLL	2289
1170431824606	1	INSTRUCTIONSCROLL	2292
1170431824622	1	INSTRUCTIONSCROLL	2296
1170431824639	1	INSTRUCTIONSCROLL	2299
1170431824656	1	INSTRUCTIONSCROLL	2302
1170431824672	1	INSTRUCTIONSCROLL	2306
1170431824689	1	INSTRUCTIONSCROLL	2309
1170431824706	1	INSTRUCTIONSCROLL	2312
1170431824722	1	INSTRUCTIONSCROLL	2316
1170431824739	1	INSTRUCTIONSCROLL	2319
1170431824756	1	INSTRUCTIONSCROLL	2322
1170431824772	1	INSTRUCTIONSCROLL	2326
1170431824789	1	INSTRUCTIONSCROLL	2329
1170431824806	1	INSTRUCTIONSCROLL	2332
1170431824822	1	INSTRUCTIONSCROLL	2336
1170431824839	1	INSTRUCTIONSCROLL	2339
1170431824855	1	INSTRUCTIONSCROLL	2342
1170431824872	1	INSTRUCTIONSCROLL	2346
1170431824889	1	INSTRUCTIONSCROLL	2349
1170431824906	1	INSTRUCTIONSCROLL	2352
1170431824922	1	INSTRUCTIONSCROLL	2356
1170431824939	1	INSTRUCTIONSCROLL	2359
1170431824956	1	INSTRUCTIONSCROLL	2362
1170431824972	1	INSTRUCTIONSCROLL	2366
1170431824989	1	INSTRUCTIONSCROLL	2369
1170431825006	1	INSTRUCTIONSCROLL	2372
1170431825023	1	INSTRUCTIONSCROLL	2376
1170431825189	1	INSTRUCTIONSCROLL	2377
1170431825205	1	INSTRUCTIONSCROLL	2380
1170431825222	1	INSTRUCTIONSCROLL	2383
1170431825239	1	INSTRUCTIONSCROLL	2386
1170431825255	1	INSTRUCTIONSCROLL	2390
1170431825272	1	INSTRUCTIONSCROLL	2393
1170431825291	1	INSTRUCTIONSCROLL	2396
1170431825305	1	INSTRUCTIONSCROLL	2400
1170431825322	1	INSTRUCTIONSCROLL	2403
1170431825339	1	INSTRUCTIONSCROLL	2406
1170431825355	1	INSTRUCTIONSCROLL	2410
1170431825372	1	INSTRUCTIONSCROLL	2413
1170431825389	1	INSTRUCTIONSCROLL	2416
1170431825405	1	INSTRUCTIONSCROLL	2420
1170431825422	1	INSTRUCTIONSCROLL	2423
1170431825439	1	INSTRUCTIONSCROLL	2426
1170431825455	1	INSTRUCTIONSCROLL	2430
1170431825472	1	INSTRUCTIONSCROLL	2433
1170431825489	1	INSTRUCTIONSCROLL	2436
1170431825505	1	INSTRUCTIONSCROLL	2440
1170431825522	1	INSTRUCTIONSCROLL	2443
1170431825539	1	INSTRUCTIONSCROLL	2446
1170431825555	1	INSTRUCTIONSCROLL	2450
1170431825572	1	INSTRUCTIONSCROLL	2453
1170431825589	1	INSTRUCTIONSCROLL	2456
1170431825605	1	INSTRUCTIONSCROLL	2460
1170431825622	1	INSTRUCTIONSCROLL	2463
1170431825639	1	INSTRUCTIONSCROLL	2466
1170431825655	1	INSTRUCTIONSCROLL	2470
1170431825672	1	INSTRUCTIONSCROLL	2473
1170431825689	1	INSTRUCTIONSCROLL	2477
1170431825705	1	INSTRUCTIONSCROLL	2480
1170431825722	1	INSTRUCTIONSCROLL	2483
1170431825739	1	INSTRUCTIONSCROLL	2486
1170431825755	1	INSTRUCTIONSCROLL	2490
1170431825772	1	INSTRUCTIONSCROLL	2493
1170431825789	1	INSTRUCTIONSCROLL	2496
1170431825805	1	INSTRUCTIONSCROLL	2500
1170431825822	1	INSTRUCTIONSCROLL	2503
1170431825839	1	INSTRUCTIONSCROLL	2507
1170431825855	1	INSTRUCTIONSCROLL	2510
1170431825872	1	INSTRUCTIONSCROLL	2513
1170431825889	1	INSTRUCTIONSCROLL	2516
1170431825905	1	INSTRUCTIONSCROLL	2520
1170431825922	1	INSTRUCTIONSCROLL	2523
1170431825939	1	INSTRUCTIONSCROLL	2526
1170431825955	1	INSTRUCTIONSCROLL	2530
1170431825972	1	INSTRUCTIONSCROLL	2533
1170431825989	1	INSTRUCTIONSCROLL	2537
1170431826006	1	INSTRUCTIONSCROLL	2540
1170431826023	1	INSTRUCTIONSCROLL	2543
1170431826039	1	INSTRUCTIONSCROLL	2547
1170431826056	1	INSTRUCTIONSCROLL	2550
1170431826073	1	INSTRUCTIONSCROLL	2553
1170431826088	1	INSTRUCTIONSCROLL	2557
1170431826105	1	INSTRUCTIONSCROLL	2560
1170431826122	1	INSTRUCTIONSCROLL	2563
1170431826138	1	INSTRUCTIONSCROLL	2567
1170431826155	1	INSTRUCTIONSCROLL	2570
1170431826172	1	INSTRUCTIONSCROLL	2573
1170431826188	1	INSTRUCTIONSCROLL	2576
1170431826205	1	INSTRUCTIONSCROLL	2580
1170431826222	1	INSTRUCTIONSCROLL	2583
1170431826238	1	INSTRUCTIONSCROLL	2586
1170431826255	1	INSTRUCTIONSCROLL	2590
1170431826272	1	INSTRUCTIONSCROLL	2593
1170431826288	1	INSTRUCTIONSCROLL	2597
1170431826305	1	INSTRUCTIONSCROLL	2600
1170431826322	1	INSTRUCTIONSCROLL	2603
1170431826338	1	INSTRUCTIONSCROLL	2606
1170431826355	1	INSTRUCTIONSCROLL	2610
1170431826372	1	INSTRUCTIONSCROLL	2613
1170431826388	1	INSTRUCTIONSCROLL	2616
1170431826405	1	INSTRUCTIONSCROLL	2620
1170431826422	1	INSTRUCTIONSCROLL	2623
1170431826438	1	INSTRUCTIONSCROLL	2626
1170431826455	1	INSTRUCTIONSCROLL	2630
1170431826472	1	INSTRUCTIONSCROLL	2633
1170431826488	1	INSTRUCTIONSCROLL	2636
1170431826505	1	INSTRUCTIONSCROLL	2640
1170431826522	1	INSTRUCTIONSCROLL	2643
1170431826538	1	INSTRUCTIONSCROLL	2646
1170431826555	1	INSTRUCTIONSCROLL	2650
1170431826572	1	INSTRUCTIONSCROLL	2653
1170431826588	1	INSTRUCTIONSCROLL	2657
1170431826605	1	INSTRUCTIONSCROLL	2660
1170431826622	1	INSTRUCTIONSCROLL	2663
1170431826638	1	INSTRUCTIONSCROLL	2666
1170431826655	1	INSTRUCTIONSCROLL	2670
1170431826672	1	INSTRUCTIONSCROLL	2673
1170431826688	1	INSTRUCTIONSCROLL	2676
1170431826705	1	INSTRUCTIONSCROLL	2680
1170431826722	1	INSTRUCTIONSCROLL	2683
1170431826738	1	INSTRUCTIONSCROLL	2686
1170431826755	1	INSTRUCTIONSCROLL	2690
1170431826772	1	INSTRUCTIONSCROLL	2693
1170431826788	1	INSTRUCTIONSCROLL	2696
1170431826805	1	INSTRUCTIONSCROLL	2700
1170431826822	1	INSTRUCTIONSCROLL	2703
1170431826838	1	INSTRUCTIONSCROLL	2706
1170431826855	1	INSTRUCTIONSCROLL	2710
1170431826872	1	INSTRUCTIONSCROLL	2713
1170431826888	1	INSTRUCTIONSCROLL	2716
1170431826905	1	INSTRUCTIONSCROLL	2720
1170431826922	1	INSTRUCTIONSCROLL	2723
1170431826938	1	INSTRUCTIONSCROLL	2726
1170431826955	1	INSTRUCTIONSCROLL	2730
1170431826972	1	INSTRUCTIONSCROLL	2733
1170431826988	1	INSTRUCTIONSCROLL	2736
1170431827006	1	INSTRUCTIONSCROLL	2740
1170431827022	1	INSTRUCTIONSCROLL	2743
1170431827039	1	INSTRUCTIONSCROLL	2747
1170431827056	1	INSTRUCTIONSCROLL	2750
1170431827073	1	INSTRUCTIONSCROLL	2753
1170431827088	1	INSTRUCTIONSCROLL	2757
1170431827105	1	INSTRUCTIONSCROLL	2760
1170431827121	1	INSTRUCTIONSCROLL	2763
1170431827138	1	INSTRUCTIONSCROLL	2766
1170431827155	1	INSTRUCTIONSCROLL	2770
1170431827171	1	INSTRUCTIONSCROLL	2773
1170431827188	1	INSTRUCTIONSCROLL	2776
1170431827205	1	INSTRUCTIONSCROLL	2780
1170431827221	1	INSTRUCTIONSCROLL	2783
1170431827238	1	INSTRUCTIONSCROLL	2786
1170431827255	1	INSTRUCTIONSCROLL	2790
1170431827271	1	INSTRUCTIONSCROLL	2793
1170431827288	1	INSTRUCTIONSCROLL	2796
1170431827305	1	INSTRUCTIONSCROLL	2800
1170431827321	1	INSTRUCTIONSCROLL	2803
1170431827338	1	INSTRUCTIONSCROLL	2806
1170431827355	1	INSTRUCTIONSCROLL	2810
1170431827371	1	INSTRUCTIONSCROLL	2813
1170431827388	1	INSTRUCTIONSCROLL	2816
1170431827405	1	INSTRUCTIONSCROLL	2820
1170431827421	1	INSTRUCTIONSCROLL	2823
1170431827438	1	INSTRUCTIONSCROLL	2826
1170431827455	1	INSTRUCTIONSCROLL	2830
1170431827471	1	INSTRUCTIONSCROLL	2833
1170431827488	1	INSTRUCTIONSCROLL	2836
1170431827505	1	INSTRUCTIONSCROLL	2840
1170431827521	1	INSTRUCTIONSCROLL	2843
1170431827538	1	INSTRUCTIONSCROLL	2846
1170431827555	1	INSTRUCTIONSCROLL	2850
1170431827571	1	INSTRUCTIONSCROLL	2853
1170431827588	1	INSTRUCTIONSCROLL	2856
1170431827605	1	INSTRUCTIONSCROLL	2860
1170431827621	1	INSTRUCTIONSCROLL	2863
1170431827638	1	INSTRUCTIONSCROLL	2866
1170431827655	1	INSTRUCTIONSCROLL	2870
1170431827671	1	INSTRUCTIONSCROLL	2873
1170431827688	1	INSTRUCTIONSCROLL	2876
1170431827705	1	INSTRUCTIONSCROLL	2880
1170431827721	1	INSTRUCTIONSCROLL	2883
1170431827738	1	INSTRUCTIONSCROLL	2886
1170431827755	1	INSTRUCTIONSCROLL	2890
1170431827771	1	INSTRUCTIONSCROLL	2893
1170431827788	1	INSTRUCTIONSCROLL	2896
1170431827805	1	INSTRUCTIONSCROLL	2900
1170431827821	1	INSTRUCTIONSCROLL	2903
1170431827838	1	INSTRUCTIONSCROLL	2906
1170431827855	1	INSTRUCTIONSCROLL	2910
1170431827871	1	INSTRUCTIONSCROLL	2913
1170431827888	1	INSTRUCTIONSCROLL	2916
1170431827905	1	INSTRUCTIONSCROLL	2920
1170431827921	1	INSTRUCTIONSCROLL	2923
1170431827938	1	INSTRUCTIONSCROLL	2926
1170431827955	1	INSTRUCTIONSCROLL	2930
1170431827971	1	INSTRUCTIONSCROLL	2933
1170431827988	1	INSTRUCTIONSCROLL	2936
1170431828006	1	INSTRUCTIONSCROLL	2940
1170431828022	1	INSTRUCTIONSCROLL	2943
1170431828039	1	INSTRUCTIONSCROLL	2947
1170431828056	1	INSTRUCTIONSCROLL	2950
1170431828072	1	INSTRUCTIONSCROLL	2953
1170431828088	1	INSTRUCTIONSCROLL	2957
1170431828105	1	INSTRUCTIONSCROLL	2960
1170431828121	1	INSTRUCTIONSCROLL	2963
1170431828138	1	INSTRUCTIONSCROLL	2966
1170431828154	1	INSTRUCTIONSCROLL	2970
1170431828171	1	INSTRUCTIONSCROLL	2973
1170431828188	1	INSTRUCTIONSCROLL	2976
1170431828204	1	INSTRUCTIONSCROLL	2980
1170431828221	1	INSTRUCTIONSCROLL	2983
1170431828238	1	INSTRUCTIONSCROLL	2986
1170431828254	1	INSTRUCTIONSCROLL	2990
1170431828271	1	INSTRUCTIONSCROLL	2993
1170431828288	1	INSTRUCTIONSCROLL	2996
1170431828304	1	INSTRUCTIONSCROLL	3000
1170431828321	1	INSTRUCTIONSCROLL	3003
1170431828338	1	INSTRUCTIONSCROLL	3006
1170431828354	1	INSTRUCTIONSCROLL	3010
1170431828372	1	INSTRUCTIONSCROLL	3013
1170431828388	1	INSTRUCTIONSCROLL	3017
1170431828404	1	INSTRUCTIONSCROLL	3020
1170431828421	1	INSTRUCTIONSCROLL	3023
1170431828438	1	INSTRUCTIONSCROLL	3026
1170431828454	1	INSTRUCTIONSCROLL	3030
1170431828471	1	INSTRUCTIONSCROLL	3033
1170431828488	1	INSTRUCTIONSCROLL	3036
1170431828504	1	INSTRUCTIONSCROLL	3040
1170431828521	1	INSTRUCTIONSCROLL	3043
1170431828538	1	INSTRUCTIONSCROLL	3046
1170431828554	1	INSTRUCTIONSCROLL	3050
1170431828571	1	INSTRUCTIONSCROLL	3053
1170431828588	1	INSTRUCTIONSCROLL	3056
1170431828604	1	INSTRUCTIONSCROLL	3060
1170431828621	1	INSTRUCTIONSCROLL	3063
1170431828638	1	INSTRUCTIONSCROLL	3066
1170431828654	1	INSTRUCTIONSCROLL	3070
1170431828671	1	INSTRUCTIONSCROLL	3073
1170431828688	1	INSTRUCTIONSCROLL	3076
1170431828704	1	INSTRUCTIONSCROLL	3080
1170431828721	1	INSTRUCTIONSCROLL	3083
1170431828738	1	INSTRUCTIONSCROLL	3086
1170431828754	1	INSTRUCTIONSCROLL	3090
1170431828771	1	INSTRUCTIONSCROLL	3093
1170431828788	1	INSTRUCTIONSCROLL	3096
1170431828804	1	INSTRUCTIONSCROLL	3100
1170431828821	1	INSTRUCTIONSCROLL	3103
1170431828838	1	INSTRUCTIONSCROLL	3106
1170431828854	1	INSTRUCTIONSCROLL	3110
1170431828871	1	INSTRUCTIONSCROLL	3113
1170431828888	1	INSTRUCTIONSCROLL	3116
1170431828904	1	INSTRUCTIONSCROLL	3120
1170431828921	1	INSTRUCTIONSCROLL	3123
1170431828938	1	INSTRUCTIONSCROLL	3126
1170431828954	1	INSTRUCTIONSCROLL	3130
1170431828971	1	INSTRUCTIONSCROLL	3133
1170431828988	1	INSTRUCTIONSCROLL	3136
1170431829005	1	INSTRUCTIONSCROLL	3140
1170431829022	1	INSTRUCTIONSCROLL	3143
1170431829039	1	INSTRUCTIONSCROLL	3146
1170431829055	1	INSTRUCTIONSCROLL	3150
1170431829072	1	INSTRUCTIONSCROLL	3153
1170431829088	1	INSTRUCTIONSCROLL	3157
1170431829104	1	INSTRUCTIONSCROLL	3160
1170431829121	1	INSTRUCTIONSCROLL	3163
1170431829138	1	INSTRUCTIONSCROLL	3166
1170431829154	1	INSTRUCTIONSCROLL	3170
1170431829171	1	INSTRUCTIONSCROLL	3173
1170431829187	1	INSTRUCTIONSCROLL	3176
1170431829204	1	INSTRUCTIONSCROLL	3180
1170431829221	1	INSTRUCTIONSCROLL	3183
1170431829237	1	INSTRUCTIONSCROLL	3186
1170431829254	1	INSTRUCTIONSCROLL	3190
1170431829271	1	INSTRUCTIONSCROLL	3193
1170431829287	1	INSTRUCTIONSCROLL	3196
1170431829304	1	INSTRUCTIONSCROLL	3200
1170431829321	1	INSTRUCTIONSCROLL	3203
1170431829338	1	INSTRUCTIONSCROLL	3206
1170431829354	1	INSTRUCTIONSCROLL	3210
1170431829371	1	INSTRUCTIONSCROLL	3213
1170431829387	1	INSTRUCTIONSCROLL	3216
1170431829404	1	INSTRUCTIONSCROLL	3220
1170431829421	1	INSTRUCTIONSCROLL	3223
1170431829437	1	INSTRUCTIONSCROLL	3226
1170431829454	1	INSTRUCTIONSCROLL	3230
1170431829471	1	INSTRUCTIONSCROLL	3233
1170431829487	1	INSTRUCTIONSCROLL	3236
1170431829504	1	INSTRUCTIONSCROLL	3240
1170431830987	1	INSTRUCTIONSCROLL	3241
1170431831005	1	INSTRUCTIONSCROLL	3243
1170431831021	1	INSTRUCTIONSCROLL	3247
1170431831038	1	INSTRUCTIONSCROLL	3250
1170431831055	1	INSTRUCTIONSCROLL	3253
1170431831071	1	INSTRUCTIONSCROLL	3257
1170431831088	1	INSTRUCTIONSCROLL	3260
1170431831104	1	INSTRUCTIONSCROLL	3263
1170431831120	1	INSTRUCTIONSCROLL	3267
1170431831137	1	INSTRUCTIONSCROLL	3270
1170431831153	1	INSTRUCTIONSCROLL	3273
1170431831170	1	INSTRUCTIONSCROLL	3277
1170431831187	1	INSTRUCTIONSCROLL	3280
1170431831203	1	INSTRUCTIONSCROLL	3283
1170431831220	1	INSTRUCTIONSCROLL	3287
1170431831237	1	INSTRUCTIONSCROLL	3290
1170431831253	1	INSTRUCTIONSCROLL	3293
1170431831270	1	INSTRUCTIONSCROLL	3297
1170431831287	1	INSTRUCTIONSCROLL	3300
1170431831303	1	INSTRUCTIONSCROLL	3303
1170431831320	1	INSTRUCTIONSCROLL	3307
1170431831337	1	INSTRUCTIONSCROLL	3310
1170431831353	1	INSTRUCTIONSCROLL	3313
1170431831370	1	INSTRUCTIONSCROLL	3317
1170431831387	1	INSTRUCTIONSCROLL	3320
1170431831403	1	INSTRUCTIONSCROLL	3323
1170431831420	1	INSTRUCTIONSCROLL	3327
1170431831437	1	INSTRUCTIONSCROLL	3330
1170431831453	1	INSTRUCTIONSCROLL	3333
1170431831470	1	INSTRUCTIONSCROLL	3337
1170431831487	1	INSTRUCTIONSCROLL	3340
1170431831503	1	INSTRUCTIONSCROLL	3343
1170431831520	1	INSTRUCTIONSCROLL	3347
1170431831537	1	INSTRUCTIONSCROLL	3350
1170431831553	1	INSTRUCTIONSCROLL	3353
1170431831570	1	INSTRUCTIONSCROLL	3357
1170431831587	1	INSTRUCTIONSCROLL	3360
1170431831603	1	INSTRUCTIONSCROLL	3363
1170431831620	1	INSTRUCTIONSCROLL	3367
1170431831637	1	INSTRUCTIONSCROLL	3370
1170431831653	1	INSTRUCTIONSCROLL	3373
1170431831670	1	INSTRUCTIONSCROLL	3377
1170431831687	1	INSTRUCTIONSCROLL	3380
1170431831703	1	INSTRUCTIONSCROLL	3383
1170431831720	1	INSTRUCTIONSCROLL	3387
1170431831737	1	INSTRUCTIONSCROLL	3390
1170431831753	1	INSTRUCTIONSCROLL	3393
1170431831770	1	INSTRUCTIONSCROLL	3397
1170431831787	1	INSTRUCTIONSCROLL	3400
1170431831803	1	INSTRUCTIONSCROLL	3403
1170431831820	1	INSTRUCTIONSCROLL	3407
1170431831837	1	INSTRUCTIONSCROLL	3410
1170431831853	1	INSTRUCTIONSCROLL	3413
1170431831870	1	INSTRUCTIONSCROLL	3417
1170431831887	1	INSTRUCTIONSCROLL	3420
1170431831903	1	INSTRUCTIONSCROLL	3423
1170431831920	1	INSTRUCTIONSCROLL	3427
1170431831937	1	INSTRUCTIONSCROLL	3430
1170431831953	1	INSTRUCTIONSCROLL	3433
1170431831970	1	INSTRUCTIONSCROLL	3437
1170431831987	1	INSTRUCTIONSCROLL	3440
1170431832004	1	INSTRUCTIONSCROLL	3443
1170431832021	1	INSTRUCTIONSCROLL	3447
1170431832038	1	INSTRUCTIONSCROLL	3450
1170431832054	1	INSTRUCTIONSCROLL	3453
1170431832071	1	INSTRUCTIONSCROLL	3457
1170431832088	1	INSTRUCTIONSCROLL	3460
1170431832103	1	INSTRUCTIONSCROLL	3463
1170431832120	1	INSTRUCTIONSCROLL	3467
1170431832137	1	INSTRUCTIONSCROLL	3470
1170431832153	1	INSTRUCTIONSCROLL	3473
1170431832170	1	INSTRUCTIONSCROLL	3477
1170431832187	1	INSTRUCTIONSCROLL	3480
1170431832203	1	INSTRUCTIONSCROLL	3483
1170431832220	1	INSTRUCTIONSCROLL	3487
1170431832237	1	INSTRUCTIONSCROLL	3490
1170431832253	1	INSTRUCTIONSCROLL	3493
1170431832270	1	INSTRUCTIONSCROLL	3497
1170431832286	1	INSTRUCTIONSCROLL	3500
1170431832303	1	INSTRUCTIONSCROLL	3503
1170431832320	1	INSTRUCTIONSCROLL	3507
1170431832336	1	INSTRUCTIONSCROLL	3510
1170431832353	1	INSTRUCTIONSCROLL	3513
1170431832370	1	INSTRUCTIONSCROLL	3517
1170431832387	1	INSTRUCTIONSCROLL	3520
1170431832403	1	INSTRUCTIONSCROLL	3523
1170431832420	1	INSTRUCTIONSCROLL	3527
1170431832436	1	INSTRUCTIONSCROLL	3530
1170431832453	1	INSTRUCTIONSCROLL	3533
1170431832470	1	INSTRUCTIONSCROLL	3536
1170431832486	1	INSTRUCTIONSCROLL	3540
1170431832503	1	INSTRUCTIONSCROLL	3543
1170431832520	1	INSTRUCTIONSCROLL	3547
1170431832536	1	INSTRUCTIONSCROLL	3550
1170431832553	1	INSTRUCTIONSCROLL	3553
1170431832570	1	INSTRUCTIONSCROLL	3557
1170431832586	1	INSTRUCTIONSCROLL	3560
1170431832603	1	INSTRUCTIONSCROLL	3563
1170431832620	1	INSTRUCTIONSCROLL	3566
1170431832636	1	INSTRUCTIONSCROLL	3570
1170431832653	1	INSTRUCTIONSCROLL	3573
1170431832670	1	INSTRUCTIONSCROLL	3576
1170431832686	1	INSTRUCTIONSCROLL	3580
1170431832703	1	INSTRUCTIONSCROLL	3583
1170431832720	1	INSTRUCTIONSCROLL	3587
1170431832736	1	INSTRUCTIONSCROLL	3590
1170431832753	1	INSTRUCTIONSCROLL	3593
1170431832770	1	INSTRUCTIONSCROLL	3596
1170431832786	1	INSTRUCTIONSCROLL	3600
1170431832803	1	INSTRUCTIONSCROLL	3603
1170431832820	1	INSTRUCTIONSCROLL	3606
1170431832836	1	INSTRUCTIONSCROLL	3610
1170431832853	1	INSTRUCTIONSCROLL	3613
1170431832870	1	INSTRUCTIONSCROLL	3617
1170431832886	1	INSTRUCTIONSCROLL	3620
1170431832903	1	INSTRUCTIONSCROLL	3623
1170431832920	1	INSTRUCTIONSCROLL	3627
1170431832936	1	INSTRUCTIONSCROLL	3630
1170431832953	1	INSTRUCTIONSCROLL	3633
1170431832970	1	INSTRUCTIONSCROLL	3636
1170431832986	1	INSTRUCTIONSCROLL	3640
1170431833004	1	INSTRUCTIONSCROLL	3643
1170431833021	1	INSTRUCTIONSCROLL	3647
1170431833037	1	INSTRUCTIONSCROLL	3650
1170431833054	1	INSTRUCTIONSCROLL	3653
1170431833071	1	INSTRUCTIONSCROLL	3657
1170431833087	1	INSTRUCTIONSCROLL	3660
1170431833103	1	INSTRUCTIONSCROLL	3663
1170431833120	1	INSTRUCTIONSCROLL	3667
1170431833136	1	INSTRUCTIONSCROLL	3670
1170431833153	1	INSTRUCTIONSCROLL	3673
1170431833170	1	INSTRUCTIONSCROLL	3676
1170431833186	1	INSTRUCTIONSCROLL	3680
1170431833203	1	INSTRUCTIONSCROLL	3683
1170431833219	1	INSTRUCTIONSCROLL	3686
1170431833236	1	INSTRUCTIONSCROLL	3690
1170431833253	1	INSTRUCTIONSCROLL	3693
1170431833270	1	INSTRUCTIONSCROLL	3696
1170431833286	1	INSTRUCTIONSCROLL	3700
1170431833303	1	INSTRUCTIONSCROLL	3703
1170431833320	1	INSTRUCTIONSCROLL	3706
1170431833336	1	INSTRUCTIONSCROLL	3710
1170431833353	1	INSTRUCTIONSCROLL	3713
1170431833369	1	INSTRUCTIONSCROLL	3716
1170431833386	1	INSTRUCTIONSCROLL	3720
1170431833403	1	INSTRUCTIONSCROLL	3723
1170431833419	1	INSTRUCTIONSCROLL	3726
1170431833436	1	INSTRUCTIONSCROLL	3730
1170431833453	1	INSTRUCTIONSCROLL	3733
1170431833553	1	INSTRUCTIONSCROLL	3734
1170431833569	1	INSTRUCTIONSCROLL	3735
1170431833586	1	INSTRUCTIONSCROLL	3738
1170431833603	1	INSTRUCTIONSCROLL	3741
1170431833619	1	INSTRUCTIONSCROLL	3745
1170431833636	1	INSTRUCTIONSCROLL	3748
1170431833653	1	INSTRUCTIONSCROLL	3751
1170431833669	1	INSTRUCTIONSCROLL	3755
1170431833686	1	INSTRUCTIONSCROLL	3758
1170431833703	1	INSTRUCTIONSCROLL	3761
1170431833719	1	INSTRUCTIONSCROLL	3765
1170431833736	1	INSTRUCTIONSCROLL	3768
1170431833753	1	INSTRUCTIONSCROLL	3771
1170431833769	1	INSTRUCTIONSCROLL	3775
1170431833786	1	INSTRUCTIONSCROLL	3778
1170431833803	1	INSTRUCTIONSCROLL	3781
1170431833819	1	INSTRUCTIONSCROLL	3785
1170431833836	1	INSTRUCTIONSCROLL	3788
1170431833853	1	INSTRUCTIONSCROLL	3791
1170431833869	1	INSTRUCTIONSCROLL	3795
1170431833886	1	INSTRUCTIONSCROLL	3798
1170431833903	1	INSTRUCTIONSCROLL	3801
1170431833919	1	INSTRUCTIONSCROLL	3805
1170431833936	1	INSTRUCTIONSCROLL	3808
1170431833953	1	INSTRUCTIONSCROLL	3812
1170431833969	1	INSTRUCTIONSCROLL	3815
1170431833986	1	INSTRUCTIONSCROLL	3818
1170431834004	1	INSTRUCTIONSCROLL	3822
1170431834020	1	INSTRUCTIONSCROLL	3825
1170431834037	1	INSTRUCTIONSCROLL	3828
1170431834054	1	INSTRUCTIONSCROLL	3832
1170431834070	1	INSTRUCTIONSCROLL	3835
1170431834087	1	INSTRUCTIONSCROLL	3838
1170431834103	1	INSTRUCTIONSCROLL	3842
1170431834119	1	INSTRUCTIONSCROLL	3845
1170431834136	1	INSTRUCTIONSCROLL	3848
1170431834153	1	INSTRUCTIONSCROLL	3852
1170431834169	1	INSTRUCTIONSCROLL	3855
1170431834186	1	INSTRUCTIONSCROLL	3858
1170431834203	1	INSTRUCTIONSCROLL	3861
1170431834219	1	INSTRUCTIONSCROLL	3865
1170431834236	1	INSTRUCTIONSCROLL	3868
1170431834253	1	INSTRUCTIONSCROLL	3872
1170431834269	1	INSTRUCTIONSCROLL	3875
1170431834286	1	INSTRUCTIONSCROLL	3878
1170431834303	1	INSTRUCTIONSCROLL	3882
1170431834319	1	INSTRUCTIONSCROLL	3885
1170431834336	1	INSTRUCTIONSCROLL	3888
1170431834352	1	INSTRUCTIONSCROLL	3891
1170431834369	1	INSTRUCTIONSCROLL	3895
1170431834386	1	INSTRUCTIONSCROLL	3898
1170431834402	1	INSTRUCTIONSCROLL	3902
1170431834419	1	INSTRUCTIONSCROLL	3905
1170431834436	1	INSTRUCTIONSCROLL	3908
1170431834452	1	INSTRUCTIONSCROLL	3912
1170431834469	1	INSTRUCTIONSCROLL	3915
1170431834486	1	INSTRUCTIONSCROLL	3918
1170431834502	1	INSTRUCTIONSCROLL	3921
1170431844716	1	INSTRUCTIONSCROLL	3922
1170431844732	1	INSTRUCTIONSCROLL	3924
1170431844749	1	INSTRUCTIONSCROLL	3927
1170431844766	1	INSTRUCTIONSCROLL	3930
1170431844782	1	INSTRUCTIONSCROLL	3934
1170431844799	1	INSTRUCTIONSCROLL	3937
1170431844816	1	INSTRUCTIONSCROLL	3940
1170431844832	1	INSTRUCTIONSCROLL	3944
1170431844849	1	INSTRUCTIONSCROLL	3947
1170431844866	1	INSTRUCTIONSCROLL	3951
1170431844882	1	INSTRUCTIONSCROLL	3954
1170431844899	1	INSTRUCTIONSCROLL	3957
1170431844916	1	INSTRUCTIONSCROLL	3961
1170431844932	1	INSTRUCTIONSCROLL	3964
1170431844949	1	INSTRUCTIONSCROLL	3967
1170431844966	1	INSTRUCTIONSCROLL	3970
1170431844982	1	INSTRUCTIONSCROLL	3974
1170431844999	1	INSTRUCTIONSCROLL	3977
1170431845017	1	INSTRUCTIONSCROLL	3980
1170431845033	1	INSTRUCTIONSCROLL	3984
1170431845050	1	INSTRUCTIONSCROLL	3987
1170431845067	1	INSTRUCTIONSCROLL	3991
1170431845083	1	INSTRUCTIONSCROLL	3994
1170431845099	1	INSTRUCTIONSCROLL	3997
1170431845116	1	INSTRUCTIONSCROLL	4000
1170431845132	1	INSTRUCTIONSCROLL	4004
1170431845149	1	INSTRUCTIONSCROLL	4007
1170431845166	1	INSTRUCTIONSCROLL	4011
1170431845182	1	INSTRUCTIONSCROLL	4014
1170431845199	1	INSTRUCTIONSCROLL	4017
1170431845216	1	INSTRUCTIONSCROLL	4020
1170431845232	1	INSTRUCTIONSCROLL	4024
1170431845249	1	INSTRUCTIONSCROLL	4027
1170431845266	1	INSTRUCTIONSCROLL	4030
1170431845282	1	INSTRUCTIONSCROLL	4034
1170431845299	1	INSTRUCTIONSCROLL	4037
1170431845316	1	INSTRUCTIONSCROLL	4041
1170431845332	1	INSTRUCTIONSCROLL	4044
1170431845349	1	INSTRUCTIONSCROLL	4047
1170431845366	1	INSTRUCTIONSCROLL	4050
1170431845382	1	INSTRUCTIONSCROLL	4054
1170431845399	1	INSTRUCTIONSCROLL	4057
1170431845416	1	INSTRUCTIONSCROLL	4060
1170431845432	1	INSTRUCTIONSCROLL	4064
1170431845449	1	INSTRUCTIONSCROLL	4067
1170431845466	1	INSTRUCTIONSCROLL	4071
1170431845482	1	INSTRUCTIONSCROLL	4074
1170431845499	1	INSTRUCTIONSCROLL	4077
1170431845516	1	INSTRUCTIONSCROLL	4080
1170431845532	1	INSTRUCTIONSCROLL	4084
1170431845549	1	INSTRUCTIONSCROLL	4087
1170431845566	1	INSTRUCTIONSCROLL	4090
1170431845582	1	INSTRUCTIONSCROLL	4094
1170431845599	1	INSTRUCTIONSCROLL	4097
1170431845616	1	INSTRUCTIONSCROLL	4101
1170431845632	1	INSTRUCTIONSCROLL	4104
1170431845649	1	INSTRUCTIONSCROLL	4107
1170431845666	1	INSTRUCTIONSCROLL	4110
1170431845682	1	INSTRUCTIONSCROLL	4114
1170431845699	1	INSTRUCTIONSCROLL	4117
1170431845716	1	INSTRUCTIONSCROLL	4120
1170431845732	1	INSTRUCTIONSCROLL	4124
1170431845749	1	INSTRUCTIONSCROLL	4127
1170431845765	1	INSTRUCTIONSCROLL	4131
1170431845782	1	INSTRUCTIONSCROLL	4134
1170431845799	1	INSTRUCTIONSCROLL	4137
1170431845815	1	INSTRUCTIONSCROLL	4140
1170431845832	1	INSTRUCTIONSCROLL	4144
1170431845849	1	INSTRUCTIONSCROLL	4147
1170431845865	1	INSTRUCTIONSCROLL	4150
1170431845882	1	INSTRUCTIONSCROLL	4154
1170431845899	1	INSTRUCTIONSCROLL	4157
1170431845915	1	INSTRUCTIONSCROLL	4161
1170431845932	1	INSTRUCTIONSCROLL	4164
1170431845949	1	INSTRUCTIONSCROLL	4167
1170431845965	1	INSTRUCTIONSCROLL	4170
1170431845982	1	INSTRUCTIONSCROLL	4174
1170431845999	1	INSTRUCTIONSCROLL	4177
1170431846016	1	INSTRUCTIONSCROLL	4180
1170431846033	1	INSTRUCTIONSCROLL	4184
1170431846050	1	INSTRUCTIONSCROLL	4187
1170431846066	1	INSTRUCTIONSCROLL	4191
1170431846083	1	INSTRUCTIONSCROLL	4194
1170431846099	1	INSTRUCTIONSCROLL	4197
1170431846115	1	INSTRUCTIONSCROLL	4200
1170431846132	1	INSTRUCTIONSCROLL	4204
1170431846149	1	INSTRUCTIONSCROLL	4207
1170431846165	1	INSTRUCTIONSCROLL	4210
1170431846182	1	INSTRUCTIONSCROLL	4214
1170431846199	1	INSTRUCTIONSCROLL	4217
1170431846215	1	INSTRUCTIONSCROLL	4220
1170431846232	1	INSTRUCTIONSCROLL	4224
1170431846249	1	INSTRUCTIONSCROLL	4227
1170431846265	1	INSTRUCTIONSCROLL	4230
1170431846282	1	INSTRUCTIONSCROLL	4234
1170431846299	1	INSTRUCTIONSCROLL	4237
1170431846315	1	INSTRUCTIONSCROLL	4240
1170431846332	1	INSTRUCTIONSCROLL	4244
1170431846349	1	INSTRUCTIONSCROLL	4247
1170431851380	1	INSTRUCTIONSCROLL	4248
1170431851397	1	INSTRUCTIONSCROLL	4251
1170431851714	1	INSTRUCTIONSCROLL	4252
1170431851730	1	INSTRUCTIONSCROLL	4255
1170431851747	1	INSTRUCTIONSCROLL	4258
1170431851764	1	INSTRUCTIONSCROLL	4261
1170431851780	1	INSTRUCTIONSCROLL	4265
1170431851797	1	INSTRUCTIONSCROLL	4268
1170431851813	1	INSTRUCTIONSCROLL	4271
1170431851830	1	INSTRUCTIONSCROLL	4275
1170431851847	1	INSTRUCTIONSCROLL	4278
1170431851864	1	INSTRUCTIONSCROLL	4281
1170431851880	1	INSTRUCTIONSCROLL	4285
1170431851897	1	INSTRUCTIONSCROLL	4288
1170431851913	1	INSTRUCTIONSCROLL	4291
1170431851930	1	INSTRUCTIONSCROLL	4295
1170431851947	1	INSTRUCTIONSCROLL	4298
1170431851963	1	INSTRUCTIONSCROLL	4301
1170431851980	1	INSTRUCTIONSCROLL	4305
1170431851997	1	INSTRUCTIONSCROLL	4308
1170431852014	1	INSTRUCTIONSCROLL	4311
1170431852031	1	INSTRUCTIONSCROLL	4315
1170431852048	1	INSTRUCTIONSCROLL	4318
1170431852064	1	INSTRUCTIONSCROLL	4321
1170431852081	1	INSTRUCTIONSCROLL	4325
1170431852097	1	INSTRUCTIONSCROLL	4328
1170431852113	1	INSTRUCTIONSCROLL	4331
1170431852130	1	INSTRUCTIONSCROLL	4335
1170431852147	1	INSTRUCTIONSCROLL	4338
1170431852163	1	INSTRUCTIONSCROLL	4341
1170431852180	1	INSTRUCTIONSCROLL	4345
1170431852197	1	INSTRUCTIONSCROLL	4348
1170431852213	1	INSTRUCTIONSCROLL	4351
1170431852230	1	INSTRUCTIONSCROLL	4355
1170431852247	1	INSTRUCTIONSCROLL	4358
1170431852263	1	INSTRUCTIONSCROLL	4361
1170431852280	1	INSTRUCTIONSCROLL	4365
1170431852297	1	INSTRUCTIONSCROLL	4368
1170431852313	1	INSTRUCTIONSCROLL	4371
1170431852330	1	INSTRUCTIONSCROLL	4375
1170431852347	1	INSTRUCTIONSCROLL	4378
1170431852363	1	INSTRUCTIONSCROLL	4381
1170431852380	1	INSTRUCTIONSCROLL	4385
1170431852397	1	INSTRUCTIONSCROLL	4388
1170431852413	1	INSTRUCTIONSCROLL	4391
1170431852430	1	INSTRUCTIONSCROLL	4395
1170431852447	1	INSTRUCTIONSCROLL	4398
1170431852463	1	INSTRUCTIONSCROLL	4401
1170431852480	1	INSTRUCTIONSCROLL	4405
1170431852497	1	INSTRUCTIONSCROLL	4408
1170431852513	1	INSTRUCTIONSCROLL	4411
1170431852530	1	INSTRUCTIONSCROLL	4415
1170431852547	1	INSTRUCTIONSCROLL	4418
1170431852563	1	INSTRUCTIONSCROLL	4421
1170431852580	1	INSTRUCTIONSCROLL	4425
1170431852597	1	INSTRUCTIONSCROLL	4428
1170431852613	1	INSTRUCTIONSCROLL	4431
1170431852630	1	INSTRUCTIONSCROLL	4435
1170431852647	1	INSTRUCTIONSCROLL	4438
1170431852663	1	INSTRUCTIONSCROLL	4441
1170431852680	1	INSTRUCTIONSCROLL	4445
1170431852697	1	INSTRUCTIONSCROLL	4448
1170431852713	1	INSTRUCTIONSCROLL	4451
1170431852730	1	INSTRUCTIONSCROLL	4455
1170431852747	1	INSTRUCTIONSCROLL	4458
1170431852763	1	INSTRUCTIONSCROLL	4461
1170431852780	1	INSTRUCTIONSCROLL	4465
1170431852797	1	INSTRUCTIONSCROLL	4468
1170431852813	1	INSTRUCTIONSCROLL	4471
1170431852830	1	INSTRUCTIONSCROLL	4475
1170431852846	1	INSTRUCTIONSCROLL	4478
1170431852863	1	INSTRUCTIONSCROLL	4481
1170431852880	1	INSTRUCTIONSCROLL	4485
1170431852897	1	INSTRUCTIONSCROLL	4488
1170431852913	1	INSTRUCTIONSCROLL	4491
1170431852930	1	INSTRUCTIONSCROLL	4495
1170431852946	1	INSTRUCTIONSCROLL	4498
1170431852963	1	INSTRUCTIONSCROLL	4501
1170431852980	1	INSTRUCTIONSCROLL	4505
1170431852997	1	INSTRUCTIONSCROLL	4508
1170431853014	1	INSTRUCTIONSCROLL	4511
1170431853031	1	INSTRUCTIONSCROLL	4515
1170431853048	1	INSTRUCTIONSCROLL	4518
1170431853064	1	INSTRUCTIONSCROLL	4521
1170431853081	1	INSTRUCTIONSCROLL	4525
1170431853096	1	INSTRUCTIONSCROLL	4528
1170431853113	1	INSTRUCTIONSCROLL	4531
1170431853130	1	INSTRUCTIONSCROLL	4534
1170431853146	1	INSTRUCTIONSCROLL	4538
1170431853163	1	INSTRUCTIONSCROLL	4541
1170431853180	1	INSTRUCTIONSCROLL	4545
1170431853196	1	INSTRUCTIONSCROLL	4548
1170431853213	1	INSTRUCTIONSCROLL	4551
1170431853230	1	INSTRUCTIONSCROLL	4555
1170431853246	1	INSTRUCTIONSCROLL	4558
1170431853263	1	INSTRUCTIONSCROLL	4561
1170431853280	1	INSTRUCTIONSCROLL	4564
1170431853296	1	INSTRUCTIONSCROLL	4568
1170431853313	1	INSTRUCTIONSCROLL	4571
1170431853330	1	INSTRUCTIONSCROLL	4575
1170431853346	1	INSTRUCTIONSCROLL	4578
1170431853363	1	INSTRUCTIONSCROLL	4581
1170431853380	1	INSTRUCTIONSCROLL	4585
1170431853396	1	INSTRUCTIONSCROLL	4588
1170431853413	1	INSTRUCTIONSCROLL	4591
1170431853430	1	INSTRUCTIONSCROLL	4594
1170431853446	1	INSTRUCTIONSCROLL	4598
1170431853463	1	INSTRUCTIONSCROLL	4601
1170431853480	1	INSTRUCTIONSCROLL	4605
1170431853496	1	INSTRUCTIONSCROLL	4608
1170431853513	1	INSTRUCTIONSCROLL	4611
1170431853530	1	INSTRUCTIONSCROLL	4615
1170431853546	1	INSTRUCTIONSCROLL	4618
1170431853563	1	INSTRUCTIONSCROLL	4621
1170431853580	1	INSTRUCTIONSCROLL	4624
1170431853596	1	INSTRUCTIONSCROLL	4628
1170431853613	1	INSTRUCTIONSCROLL	4631
1170431853630	1	INSTRUCTIONSCROLL	4635
1170431853646	1	INSTRUCTIONSCROLL	4638
1170431853663	1	INSTRUCTIONSCROLL	4641
1170431853680	1	INSTRUCTIONSCROLL	4645
1170431853696	1	INSTRUCTIONSCROLL	4648
1170431853713	1	INSTRUCTIONSCROLL	4651
1170431853730	1	INSTRUCTIONSCROLL	4654
1170431853746	1	INSTRUCTIONSCROLL	4658
1170431853763	1	INSTRUCTIONSCROLL	4661
1170431853780	1	INSTRUCTIONSCROLL	4665
1170431853796	1	INSTRUCTIONSCROLL	4668
1170431853813	1	INSTRUCTIONSCROLL	4671
1170431853830	1	INSTRUCTIONSCROLL	4675
1170431853846	1	INSTRUCTIONSCROLL	4678
1170431853863	1	INSTRUCTIONSCROLL	4681
1170431853879	1	INSTRUCTIONSCROLL	4684
1170431853896	1	INSTRUCTIONSCROLL	4688
1170431853913	1	INSTRUCTIONSCROLL	4691
1170431853929	1	INSTRUCTIONSCROLL	4695
1170431853946	1	INSTRUCTIONSCROLL	4698
1170431853963	1	INSTRUCTIONSCROLL	4701
1170431853979	1	INSTRUCTIONSCROLL	4704
1170431853996	1	INSTRUCTIONSCROLL	4708
1170431854014	1	INSTRUCTIONSCROLL	4711
1170431854030	1	INSTRUCTIONSCROLL	4715
1170431854047	1	INSTRUCTIONSCROLL	4718
1170431854064	1	INSTRUCTIONSCROLL	4721
1170431854081	1	INSTRUCTIONSCROLL	4725
1170431854096	1	INSTRUCTIONSCROLL	4728
1170431854113	1	INSTRUCTIONSCROLL	4731
1170431854129	1	INSTRUCTIONSCROLL	4734
1170431854146	1	INSTRUCTIONSCROLL	4738
1170431854163	1	INSTRUCTIONSCROLL	4741
1170431854179	1	INSTRUCTIONSCROLL	4744
1170431854196	1	INSTRUCTIONSCROLL	4748
1170431854213	1	INSTRUCTIONSCROLL	4751
1170431854229	1	INSTRUCTIONSCROLL	4755
1170431854246	1	INSTRUCTIONSCROLL	4758
1170431854263	1	INSTRUCTIONSCROLL	4761
1170431854279	1	INSTRUCTIONSCROLL	4764
1170431854296	1	INSTRUCTIONSCROLL	4768
1170431854313	1	INSTRUCTIONSCROLL	4771
1170431854329	1	INSTRUCTIONSCROLL	4774
1170431860561	1	INSTRUCTIONSCROLL	4775
1170431860577	1	INSTRUCTIONSCROLL	4776
1170431860594	1	INSTRUCTIONSCROLL	4780
1170431860611	1	INSTRUCTIONSCROLL	4783
1170431860627	1	INSTRUCTIONSCROLL	4786
1170431860644	1	INSTRUCTIONSCROLL	4790
1170431860661	1	INSTRUCTIONSCROLL	4793
1170431860677	1	INSTRUCTIONSCROLL	4796
1170431860694	1	INSTRUCTIONSCROLL	4800
1170431860711	1	INSTRUCTIONSCROLL	4803
1170431860727	1	INSTRUCTIONSCROLL	4806
1170431860744	1	INSTRUCTIONSCROLL	4810
1170431860761	1	INSTRUCTIONSCROLL	4813
1170431860777	1	INSTRUCTIONSCROLL	4816
1170431860794	1	INSTRUCTIONSCROLL	4820
1170431860811	1	INSTRUCTIONSCROLL	4823
1170431860827	1	INSTRUCTIONSCROLL	4826
1170431860844	1	INSTRUCTIONSCROLL	4830
1170431860861	1	INSTRUCTIONSCROLL	4833
1170431860877	1	INSTRUCTIONSCROLL	4836
1170431860894	1	INSTRUCTIONSCROLL	4840
1170431860911	1	INSTRUCTIONSCROLL	4843
1170431860927	1	INSTRUCTIONSCROLL	4846
1170431860944	1	INSTRUCTIONSCROLL	4850
1170431860961	1	INSTRUCTIONSCROLL	4853
1170431860977	1	INSTRUCTIONSCROLL	4856
1170431860994	1	INSTRUCTIONSCROLL	4860
1170431861012	1	INSTRUCTIONSCROLL	4863
1170431861028	1	INSTRUCTIONSCROLL	4866
1170431861045	1	INSTRUCTIONSCROLL	4870
1170431861062	1	INSTRUCTIONSCROLL	4873
1170431861078	1	INSTRUCTIONSCROLL	4876
1170431861094	1	INSTRUCTIONSCROLL	4880
1170431861111	1	INSTRUCTIONSCROLL	4883
1170431861127	1	INSTRUCTIONSCROLL	4886
1170431861144	1	INSTRUCTIONSCROLL	4889
1170431861160	1	INSTRUCTIONSCROLL	4893
1170431861177	1	INSTRUCTIONSCROLL	4896
1170431861194	1	INSTRUCTIONSCROLL	4900
1170431861210	1	INSTRUCTIONSCROLL	4903
1170431861227	1	INSTRUCTIONSCROLL	4906
1170431861244	1	INSTRUCTIONSCROLL	4910
1170431861260	1	INSTRUCTIONSCROLL	4913
1170431861277	1	INSTRUCTIONSCROLL	4916
1170431861294	1	INSTRUCTIONSCROLL	4919
1170431861310	1	INSTRUCTIONSCROLL	4923
1170431861327	1	INSTRUCTIONSCROLL	4926
1170431861344	1	INSTRUCTIONSCROLL	4930
1170431861360	1	INSTRUCTIONSCROLL	4933
1170431861377	1	INSTRUCTIONSCROLL	4936
1170431861394	1	INSTRUCTIONSCROLL	4940
1170431861410	1	INSTRUCTIONSCROLL	4943
1170431861427	1	INSTRUCTIONSCROLL	4946
1170431861444	1	INSTRUCTIONSCROLL	4949
1170431861460	1	INSTRUCTIONSCROLL	4953
1170431861477	1	INSTRUCTIONSCROLL	4955
1170431936886	1	INSTRUCTIONSTOP	Button set (OR)
1170431936887	0	E	Logging Ends
