1170431951086	0	1	study	1	1	8	JOE	-2	-2	-2	-2	-2
1170431957099	0	2	study	1	1	4	KEN	-2	-2	-2	-2	-2
1170431963120	0	3	study	1	1	7	MARK	-2	-2	-2	-2	-2
1170431969135	0	4	study	1	1	0	DAVE	-2	-2	-2	-2	-2
1170431975153	0	5	study	1	1	6	JOHN	-2	-2	-2	-2	-2
1170431981162	0	6	study	1	1	2	ROB	-2	-2	-2	-2	-2
1170431987170	0	7	study	1	1	10	CHARLES	-2	-2	-2	-2	-2
1170431993196	0	8	study	1	1	1	DAN	-2	-2	-2	-2	-2
1170431999206	0	9	study	1	1	9	GEORGE	-2	-2	-2	-2	-2
1170432005368	0	10	study	1	1	13	CHRIS	-2	-2	-2	-2	-2
1170432011379	0	11	study	1	1	11	JIM	-2	-2	-2	-2	-2
1170432017387	0	12	study	1	1	14	RICH	-2	-2	-2	-2	-2
1170432023397	0	13	study	1	1	5	TOM	-2	-2	-2	-2	-2
1170432029418	0	14	study	1	1	3	PAUL	-2	-2	-2	-2	-2
1170432035428	0	15	study	1	1	15	MIKE	-2	-2	-2	-2	-2
1170432041439	0	16	study	1	1	12	BILL	-2	-2	-2	-2	-2
1170432050931	0	1	test	1	1	13	JOE	8	0	-2	-2	-2
1170432053034	0	1	resp	1	1	13	JOE	8	0	5	0	2103
1170432056935	0	2	test	1	1	2	ROB	2	1	-2	-2	-2
1170432059185	0	2	resp	1	1	2	ROB	2	1	2	0	2250
1170432062939	0	3	test	1	1	14	DAVE	0	0	-2	-2	-2
1170432065177	0	3	resp	1	1	14	DAVE	0	0	2	1	2238
1170432068943	0	4	test	1	1	11	JIM	11	1	-2	-2	-2
1170432071777	0	4	resp	1	1	11	JIM	11	1	5	1	2834
1170432074947	0	5	test	1	1	1	DAN	1	1	-2	-2	-2
1170432077073	0	5	resp	1	1	1	DAN	1	1	2	0	2126
1170432080952	0	6	test	1	1	6	JOHN	6	1	-2	-2	-2
1170432083368	0	6	resp	1	1	6	JOHN	6	1	5	1	2416
1170432086956	0	7	test	1	1	8	PAUL	3	0	-2	-2	-2
1170432089424	0	7	resp	1	1	8	PAUL	3	0	5	0	2468
1170432092960	0	8	test	1	1	5	TOM	5	1	-2	-2	-2
1170432095400	0	8	resp	1	1	5	TOM	5	1	4	1	2440
1170432098964	0	9	test	1	1	3	RICH	14	0	-2	-2	-2
1170432102009	0	9	resp	1	1	3	RICH	14	0	3	1	3045
1170432104968	0	10	test	1	1	15	CHRIS	13	0	-2	-2	-2
1170432107495	0	10	resp	1	1	15	CHRIS	13	0	5	0	2527
1170432110972	0	11	test	1	1	0	GEORGE	9	0	-2	-2	-2
1170432113479	0	11	resp	1	1	0	GEORGE	9	0	4	0	2507
1170432116976	0	12	test	1	1	7	MARK	7	1	-2	-2	-2
1170432118927	0	12	resp	1	1	7	MARK	7	1	5	1	1951
1170432122980	0	13	test	1	1	12	BILL	12	1	-2	-2	-2
1170432125319	0	13	resp	1	1	12	BILL	12	1	1	0	2339
1170432128984	0	14	test	1	1	9	CHARLES	10	0	-2	-2	-2
1170432132286	0	14	resp	1	1	9	CHARLES	10	0	4	0	3302
1170432134989	0	15	test	1	1	4	KEN	4	1	-2	-2	-2
1170432137870	0	15	resp	1	1	4	KEN	4	1	2	0	2881
1170432140994	0	16	test	1	1	10	MIKE	15	0	-2	-2	-2
1170432143814	0	16	resp	1	1	10	MIKE	15	0	3	1	2820
1170432149711	0	1	study	1	2	0	DAVE	-2	-2	-2	-2	-2
1170432155712	0	2	study	1	2	15	MIKE	-2	-2	-2	-2	-2
1170432161713	0	3	study	1	2	9	GEORGE	-2	-2	-2	-2	-2
1170432167724	0	4	study	1	2	14	RICH	-2	-2	-2	-2	-2
1170432173725	0	5	study	1	2	11	JIM	-2	-2	-2	-2	-2
1170432179726	0	6	study	1	2	10	CHARLES	-2	-2	-2	-2	-2
1170432185739	0	7	study	1	2	3	PAUL	-2	-2	-2	-2	-2
1170432191740	0	8	study	1	2	13	CHRIS	-2	-2	-2	-2	-2
1170432197750	0	9	study	1	2	1	DAN	-2	-2	-2	-2	-2
1170432203751	0	10	study	1	2	8	JOE	-2	-2	-2	-2	-2
1170432209752	0	11	study	1	2	6	JOHN	-2	-2	-2	-2	-2
1170432215753	0	12	study	1	2	7	MARK	-2	-2	-2	-2	-2
1170432221754	0	13	study	1	2	4	KEN	-2	-2	-2	-2	-2
1170432227755	0	14	study	1	2	5	TOM	-2	-2	-2	-2	-2
1170432233764	0	15	study	1	2	12	BILL	-2	-2	-2	-2	-2
1170432239765	0	16	study	1	2	2	ROB	-2	-2	-2	-2	-2
1170432249299	0	1	test	1	2	0	DAVE	0	1	-2	-2	-2
1170432251906	0	1	resp	1	2	0	DAVE	0	1	5	1	2607
1170432255304	0	2	test	1	2	10	PAUL	3	0	-2	-2	-2
1170432257194	0	2	resp	1	2	10	PAUL	3	0	1	1	1890
1170432261309	0	3	test	1	2	9	GEORGE	9	1	-2	-2	-2
1170432263426	0	3	resp	1	2	9	GEORGE	9	1	1	0	2117
1170432267314	0	4	test	1	2	15	MIKE	15	1	-2	-2	-2
1170432270059	0	4	resp	1	2	15	MIKE	15	1	2	0	2745
1170432273318	0	5	test	1	2	1	DAN	1	1	-2	-2	-2
1170432276698	0	5	resp	1	2	1	DAN	1	1	4	1	3380
1170432279322	0	6	test	1	2	8	JIM	11	0	-2	-2	-2
1170432282762	0	6	resp	1	2	8	JIM	11	0	1	1	3440
1170432285326	0	7	test	1	2	6	JOHN	6	1	-2	-2	-2
1170432288145	0	7	resp	1	2	6	JOHN	6	1	4	1	2819
1170432291330	0	8	test	1	2	13	CHRIS	13	1	-2	-2	-2
1170432294074	0	8	resp	1	2	13	CHRIS	13	1	3	0	2744
1170432297334	0	9	test	1	2	4	ROB	2	0	-2	-2	-2
1170432299505	0	9	resp	1	2	4	ROB	2	0	5	0	2171
1170432303338	0	10	test	1	2	2	RICH	14	0	-2	-2	-2
1170432306809	0	10	resp	1	2	2	RICH	14	0	3	1	3471
1170432309342	0	11	test	1	2	3	KEN	4	0	-2	-2	-2
1170432312121	0	11	resp	1	2	3	KEN	4	0	4	0	2779
1170432315346	0	12	test	1	2	11	MARK	7	0	-2	-2	-2
1170432317720	0	12	resp	1	2	11	MARK	7	0	5	0	2374
1170432321351	0	13	test	1	2	7	CHARLES	10	0	-2	-2	-2
1170432324144	0	13	resp	1	2	7	CHARLES	10	0	1	1	2793
1170432327355	0	14	test	1	2	12	BILL	12	1	-2	-2	-2
1170432329600	0	14	resp	1	2	12	BILL	12	1	2	0	2245
1170432333359	0	15	test	1	2	14	JOE	8	0	-2	-2	-2
1170432337000	0	15	resp	1	2	14	JOE	8	0	4	0	3641
1170432339364	0	16	test	1	2	5	TOM	5	1	-2	-2	-2
1170432341266	0	16	resp	1	2	5	TOM	5	1	2	0	1902
1170432348208	0	1	study	1	3	13	CHRIS	-2	-2	-2	-2	-2
1170432354218	0	2	study	1	3	12	BILL	-2	-2	-2	-2	-2
1170432360219	0	3	study	1	3	14	RICH	-2	-2	-2	-2	-2
1170432366220	0	4	study	1	3	6	JOHN	-2	-2	-2	-2	-2
1170432372221	0	5	study	1	3	0	DAVE	-2	-2	-2	-2	-2
1170432378222	0	6	study	1	3	2	ROB	-2	-2	-2	-2	-2
1170432384223	0	7	study	1	3	7	MARK	-2	-2	-2	-2	-2
1170432390224	0	8	study	1	3	15	MIKE	-2	-2	-2	-2	-2
1170432396225	0	9	study	1	3	9	GEORGE	-2	-2	-2	-2	-2
1170432402238	0	10	study	1	3	4	KEN	-2	-2	-2	-2	-2
1170432408239	0	11	study	1	3	5	TOM	-2	-2	-2	-2	-2
1170432414249	0	12	study	1	3	1	DAN	-2	-2	-2	-2	-2
1170432420250	0	13	study	1	3	3	PAUL	-2	-2	-2	-2	-2
1170432426251	0	14	study	1	3	10	CHARLES	-2	-2	-2	-2	-2
1170432432266	0	15	study	1	3	8	JOE	-2	-2	-2	-2	-2
1170432438267	0	16	study	1	3	11	JIM	-2	-2	-2	-2	-2
1170432453869	0	1	test	1	3	14	RICH	14	1	-2	-2	-2
1170432456988	0	1	resp	1	3	14	RICH	14	1	6	1	3119
1170432459873	0	2	test	1	3	4	MARK	7	0	-2	-2	-2
1170432462427	0	2	resp	1	3	4	MARK	7	0	5	0	2554
1170432465878	0	3	test	1	3	15	DAVE	0	0	-2	-2	-2
1170432468643	0	3	resp	1	3	15	DAVE	0	0	1	1	2765
1170432471883	0	4	test	1	3	13	CHRIS	13	1	-2	-2	-2
1170432475099	0	4	resp	1	3	13	CHRIS	13	1	3	0	3216
1170432477887	0	5	test	1	3	1	DAN	1	1	-2	-2	-2
1170432481691	0	5	resp	1	3	1	DAN	1	1	4	1	3804
1170432483891	0	6	test	1	3	6	CHARLES	10	0	-2	-2	-2
1170432486955	0	6	resp	1	3	6	CHARLES	10	0	4	0	3064
1170432489895	0	7	test	1	3	12	BILL	12	1	-2	-2	-2
1170432492922	0	7	resp	1	3	12	BILL	12	1	1	0	3027
1170432495900	0	8	test	1	3	8	JOHN	6	0	-2	-2	-2
1170432498866	0	8	resp	1	3	8	JOHN	6	0	1	1	2966
1170432501904	0	9	test	1	3	5	MIKE	15	0	-2	-2	-2
1170432504314	0	9	resp	1	3	5	MIKE	15	0	1	1	2410
1170432507908	0	10	test	1	3	3	PAUL	3	1	-2	-2	-2
1170432511890	0	10	resp	1	3	3	PAUL	3	1	4	1	3982
1170432513912	0	11	test	1	3	0	KEN	4	0	-2	-2	-2
1170432517418	0	11	resp	1	3	0	KEN	4	0	3	1	3506
1170432519916	0	12	test	1	3	9	GEORGE	9	1	-2	-2	-2
1170432522281	0	12	resp	1	3	9	GEORGE	9	1	5	1	2365
1170432525921	0	13	test	1	3	10	TOM	5	0	-2	-2	-2
1170432527729	0	13	resp	1	3	10	TOM	5	0	3	1	1808
1170432531925	0	14	test	1	3	7	JOE	8	0	-2	-2	-2
1170432534305	0	14	resp	1	3	7	JOE	8	0	5	0	2380
1170432537929	0	15	test	1	3	2	ROB	2	1	-2	-2	-2
1170432540809	0	15	resp	1	3	2	ROB	2	1	4	1	2880
1170432543933	0	16	test	1	3	11	JIM	11	1	-2	-2	-2
1170432546921	0	16	resp	1	3	11	JIM	11	1	3	0	2988
1170432552897	0	1	study	1	4	3	PAUL	-2	-2	-2	-2	-2
1170432558898	0	2	study	1	4	14	RICH	-2	-2	-2	-2	-2
1170432564899	0	3	study	1	4	9	GEORGE	-2	-2	-2	-2	-2
1170432570910	0	4	study	1	4	7	MARK	-2	-2	-2	-2	-2
1170432576911	0	5	study	1	4	15	MIKE	-2	-2	-2	-2	-2
1170432582912	0	6	study	1	4	10	CHARLES	-2	-2	-2	-2	-2
1170432588925	0	7	study	1	4	8	JOE	-2	-2	-2	-2	-2
1170432594926	0	8	study	1	4	4	KEN	-2	-2	-2	-2	-2
1170432600927	0	9	study	1	4	13	CHRIS	-2	-2	-2	-2	-2
1170432606937	0	10	study	1	4	0	DAVE	-2	-2	-2	-2	-2
1170432612938	0	11	study	1	4	11	JIM	-2	-2	-2	-2	-2
1170432618939	0	12	study	1	4	1	DAN	-2	-2	-2	-2	-2
1170432624940	0	13	study	1	4	6	JOHN	-2	-2	-2	-2	-2
1170432630941	0	14	study	1	4	5	TOM	-2	-2	-2	-2	-2
1170432636951	0	15	study	1	4	12	BILL	-2	-2	-2	-2	-2
1170432642952	0	16	study	1	4	2	ROB	-2	-2	-2	-2	-2
1170432652063	0	1	test	1	4	2	CHRIS	13	0	-2	-2	-2
1170432654421	0	1	resp	1	4	2	CHRIS	13	0	4	0	2358
1170432658068	0	2	test	1	4	10	CHARLES	10	1	-2	-2	-2
1170432660117	0	2	resp	1	4	10	CHARLES	10	1	5	1	2049
1170432664072	0	3	test	1	4	12	PAUL	3	0	-2	-2	-2
1170432667046	0	3	resp	1	4	12	PAUL	3	0	3	1	2974
1170432670077	0	4	test	1	4	6	JIM	11	0	-2	-2	-2
1170432673228	0	4	resp	1	4	6	JIM	11	0	4	0	3151
1170432676082	0	5	test	1	4	7	JOHN	6	0	-2	-2	-2
1170432679029	0	5	resp	1	4	7	JOHN	6	0	2	1	2947
1170432682087	0	6	test	1	4	11	DAN	1	0	-2	-2	-2
1170432684780	0	6	resp	1	4	11	DAN	1	0	4	0	2693
1170432688091	0	7	test	1	4	4	KEN	4	1	-2	-2	-2
1170432691037	0	7	resp	1	4	4	KEN	4	1	3	0	2946
1170432694095	0	8	test	1	4	13	BILL	12	0	-2	-2	-2
1170432696212	0	8	resp	1	4	13	BILL	12	0	1	1	2117
1170432700099	0	9	test	1	4	5	TOM	5	1	-2	-2	-2
1170432703523	0	9	resp	1	4	5	TOM	5	1	4	1	3424
1170432706104	0	10	test	1	4	1	ROB	2	0	-2	-2	-2
1170432709859	0	10	resp	1	4	1	ROB	2	0	2	1	3755
1170432712108	0	11	test	1	4	9	GEORGE	9	1	-2	-2	-2
1170432714699	0	11	resp	1	4	9	GEORGE	9	1	5	1	2591
1170432718112	0	12	test	1	4	3	MARK	7	0	-2	-2	-2
1170432721411	0	12	resp	1	4	3	MARK	7	0	4	0	3299
1170432724116	0	13	test	1	4	15	MIKE	15	1	-2	-2	-2
1170432727107	0	13	resp	1	4	15	MIKE	15	1	6	1	2991
1170432730120	0	14	test	1	4	8	JOE	8	1	-2	-2	-2
1170432733155	0	14	resp	1	4	8	JOE	8	1	4	1	3035
1170432736124	0	15	test	1	4	0	DAVE	0	1	-2	-2	-2
1170432740210	0	15	resp	1	4	0	DAVE	0	1	5	1	4086
1170432742129	0	16	test	1	4	14	RICH	14	1	-2	-2	-2
1170432745978	0	16	resp	1	4	14	RICH	14	1	5	1	3849
1170432749955	0	1	study	1	5	5	TOM	-2	-2	-2	-2	-2
1170432755965	0	2	study	1	5	3	PAUL	-2	-2	-2	-2	-2
1170432761966	0	3	study	1	5	12	BILL	-2	-2	-2	-2	-2
1170432767967	0	4	study	1	5	7	MARK	-2	-2	-2	-2	-2
1170432773968	0	5	study	1	5	1	DAN	-2	-2	-2	-2	-2
1170432779969	0	6	study	1	5	13	CHRIS	-2	-2	-2	-2	-2
1170432785979	0	7	study	1	5	9	GEORGE	-2	-2	-2	-2	-2
1170432791991	0	8	study	1	5	4	KEN	-2	-2	-2	-2	-2
1170432797992	0	9	study	1	5	8	JOE	-2	-2	-2	-2	-2
1170432803993	0	10	study	1	5	6	JOHN	-2	-2	-2	-2	-2
1170432809994	0	11	study	1	5	2	ROB	-2	-2	-2	-2	-2
1170432815995	0	12	study	1	5	15	MIKE	-2	-2	-2	-2	-2
1170432821997	0	13	study	1	5	0	DAVE	-2	-2	-2	-2	-2
1170432827998	0	14	study	1	5	11	JIM	-2	-2	-2	-2	-2
1170432833999	0	15	study	1	5	14	RICH	-2	-2	-2	-2	-2
1170432840000	0	16	study	1	5	10	CHARLES	-2	-2	-2	-2	-2
1170432849064	0	1	test	1	5	2	CHARLES	10	0	-2	-2	-2
1170432851223	0	1	resp	1	5	2	CHARLES	10	0	1	1	2159
1170432855068	0	2	test	1	5	1	MIKE	15	0	-2	-2	-2
1170432857958	0	2	resp	1	5	1	MIKE	15	0	5	0	2890
1170432861073	0	3	test	1	5	12	BILL	12	1	-2	-2	-2
1170432864031	0	3	resp	1	5	12	BILL	12	1	1	0	2958
1170432867078	0	4	test	1	5	6	JOHN	6	1	-2	-2	-2
1170432870374	0	4	resp	1	5	6	JOHN	6	1	6	1	3296
1170432873082	0	5	test	1	5	11	JIM	11	1	-2	-2	-2
1170432875550	0	5	resp	1	5	11	JIM	11	1	6	1	2468
1170432879086	0	6	test	1	5	10	GEORGE	9	0	-2	-2	-2
1170432882726	0	6	resp	1	5	10	GEORGE	9	0	3	1	3640
1170432885090	0	7	test	1	5	5	TOM	5	1	-2	-2	-2
1170432887701	0	7	resp	1	5	5	TOM	5	1	1	0	2611
1170432891094	0	8	test	1	5	7	MARK	7	1	-2	-2	-2
1170432893445	0	8	resp	1	5	7	MARK	7	1	5	1	2351
1170432897098	0	9	test	1	5	4	KEN	4	1	-2	-2	-2
1170432899893	0	9	resp	1	5	4	KEN	4	1	4	1	2795
1170432903102	0	10	test	1	5	0	DAN	1	0	-2	-2	-2
1170432906301	0	10	resp	1	5	0	DAN	1	0	5	0	3199
1170432909106	0	11	test	1	5	8	CHRIS	13	0	-2	-2	-2
1170432911557	0	11	resp	1	5	8	CHRIS	13	0	2	1	2451
1170432915110	0	12	test	1	5	14	RICH	14	1	-2	-2	-2
1170432918668	0	12	resp	1	5	14	RICH	14	1	5	1	3558
1170432921115	0	13	test	1	5	13	DAVE	0	0	-2	-2	-2
1170432924524	0	13	resp	1	5	13	DAVE	0	0	4	0	3409
1170432927119	0	14	test	1	5	3	PAUL	3	1	-2	-2	-2
1170432930180	0	14	resp	1	5	3	PAUL	3	1	5	1	3061
1170432933123	0	15	test	1	5	15	ROB	2	0	-2	-2	-2
1170432937300	0	15	resp	1	5	15	ROB	2	0	4	0	4177
1170432939127	0	16	test	1	5	9	JOE	8	0	-2	-2	-2
1170432942875	0	16	resp	1	5	9	JOE	8	0	3	1	3748
1170432947380	0	1	study	1	6	9	GEORGE	-2	-2	-2	-2	-2
1170432953391	0	2	study	1	6	5	TOM	-2	-2	-2	-2	-2
1170432959401	0	3	study	1	6	15	MIKE	-2	-2	-2	-2	-2
1170432965402	0	4	study	1	6	10	CHARLES	-2	-2	-2	-2	-2
1170432971416	0	5	study	1	6	6	JOHN	-2	-2	-2	-2	-2
1170432977417	0	6	study	1	6	4	KEN	-2	-2	-2	-2	-2
1170432983418	0	7	study	1	6	12	BILL	-2	-2	-2	-2	-2
1170432989419	0	8	study	1	6	13	CHRIS	-2	-2	-2	-2	-2
1170432995429	0	9	study	1	6	11	JIM	-2	-2	-2	-2	-2
1170433001431	0	10	study	1	6	1	DAN	-2	-2	-2	-2	-2
1170433007432	0	11	study	1	6	14	RICH	-2	-2	-2	-2	-2
1170433013433	0	12	study	1	6	7	MARK	-2	-2	-2	-2	-2
1170433019434	0	13	study	1	6	2	ROB	-2	-2	-2	-2	-2
1170433025435	0	14	study	1	6	8	JOE	-2	-2	-2	-2	-2
1170433031436	0	15	study	1	6	3	PAUL	-2	-2	-2	-2	-2
1170433037437	0	16	study	1	6	0	DAVE	-2	-2	-2	-2	-2
1170433044481	0	1	test	1	6	7	JOHN	6	0	-2	-2	-2
1170433047208	0	1	resp	1	6	7	JOHN	6	0	5	0	2727
1170433050485	0	2	test	1	6	6	JOE	8	0	-2	-2	-2
1170433053144	0	2	resp	1	6	6	JOE	8	0	1	1	2659
1170433056489	0	3	test	1	6	8	BILL	12	0	-2	-2	-2
1170433058640	0	3	resp	1	6	8	BILL	12	0	1	1	2151
1170433062493	0	4	test	1	6	1	RICH	14	0	-2	-2	-2
1170433064783	0	4	resp	1	6	1	RICH	14	0	2	1	2290
1170433068498	0	5	test	1	6	13	CHRIS	13	1	-2	-2	-2
1170433070119	0	5	resp	1	6	13	CHRIS	13	1	6	1	1621
1170433074503	0	6	test	1	6	14	TOM	5	0	-2	-2	-2
1170433078215	0	6	resp	1	6	14	TOM	5	0	4	0	3712
1170433080508	0	7	test	1	6	2	ROB	2	1	-2	-2	-2
1170433084207	0	7	resp	1	6	2	ROB	2	1	2	0	3699
1170433086512	0	8	test	1	6	0	DAVE	0	1	-2	-2	-2
1170433090064	0	8	resp	1	6	0	DAVE	0	1	3	0	3552
1170433092516	0	9	test	1	6	11	JIM	11	1	-2	-2	-2
1170433095430	0	9	resp	1	6	11	JIM	11	1	5	1	2914
1170433098521	0	10	test	1	6	12	KEN	4	0	-2	-2	-2
1170433100630	0	10	resp	1	6	12	KEN	4	0	3	1	2109
1170433104526	0	11	test	1	6	5	MARK	7	0	-2	-2	-2
1170433108238	0	11	resp	1	6	5	MARK	7	0	2	1	3712
1170433110530	0	12	test	1	6	3	PAUL	3	1	-2	-2	-2
1170433112342	0	12	resp	1	6	3	PAUL	3	1	4	1	1812
1170433116534	0	13	test	1	6	9	GEORGE	9	1	-2	-2	-2
1170433119158	0	13	resp	1	6	9	GEORGE	9	1	5	1	2624
1170433122538	0	14	test	1	6	4	DAN	1	0	-2	-2	-2
1170433126669	0	14	resp	1	6	4	DAN	1	0	4	0	4131
1170433128542	0	15	test	1	6	15	MIKE	15	1	-2	-2	-2
1170433130901	0	15	resp	1	6	15	MIKE	15	1	5	1	2359
1170433134547	0	16	test	1	6	10	CHARLES	10	1	-2	-2	-2
1170433138269	0	16	resp	1	6	10	CHARLES	10	1	4	1	3722
1170433142109	0	1	study	1	7	5	TOM	-2	-2	-2	-2	-2
1170433148118	0	2	study	1	7	15	MIKE	-2	-2	-2	-2	-2
1170433154119	0	3	study	1	7	10	CHARLES	-2	-2	-2	-2	-2
1170433160132	0	4	study	1	7	9	GEORGE	-2	-2	-2	-2	-2
1170433166144	0	5	study	1	7	14	RICH	-2	-2	-2	-2	-2
1170433172145	0	6	study	1	7	7	MARK	-2	-2	-2	-2	-2
1170433178146	0	7	study	1	7	8	JOE	-2	-2	-2	-2	-2
1170433184147	0	8	study	1	7	11	JIM	-2	-2	-2	-2	-2
1170433190148	0	9	study	1	7	12	BILL	-2	-2	-2	-2	-2
1170433196149	0	10	study	1	7	4	KEN	-2	-2	-2	-2	-2
1170433202150	0	11	study	1	7	6	JOHN	-2	-2	-2	-2	-2
1170433208151	0	12	study	1	7	0	DAVE	-2	-2	-2	-2	-2
1170433214152	0	13	study	1	7	3	PAUL	-2	-2	-2	-2	-2
1170433220153	0	14	study	1	7	13	CHRIS	-2	-2	-2	-2	-2
1170433226163	0	15	study	1	7	1	DAN	-2	-2	-2	-2	-2
1170433232164	0	16	study	1	7	2	ROB	-2	-2	-2	-2	-2
1170433242755	0	1	test	1	7	12	BILL	12	1	-2	-2	-2
1170433245274	0	1	resp	1	7	12	BILL	12	1	2	0	2519
1170433248759	0	2	test	1	7	5	DAVE	0	0	-2	-2	-2
1170433251889	0	2	resp	1	7	5	DAVE	0	0	3	1	3130
1170433254763	0	3	test	1	7	6	TOM	5	0	-2	-2	-2
1170433257385	0	3	resp	1	7	6	TOM	5	0	2	1	2622
1170433260767	0	4	test	1	7	8	JOE	8	1	-2	-2	-2
1170433262601	0	4	resp	1	7	8	JOE	8	1	6	1	1834
1170433266771	0	5	test	1	7	11	ROB	2	0	-2	-2	-2
1170433270761	0	5	resp	1	7	11	ROB	2	0	3	1	3990
1170433272775	0	6	test	1	7	1	DAN	1	1	-2	-2	-2
1170433275696	0	6	resp	1	7	1	DAN	1	1	6	1	2921
1170433278780	0	7	test	1	7	2	JOHN	6	0	-2	-2	-2
1170433282752	0	7	resp	1	7	2	JOHN	6	0	5	0	3972
1170433284785	0	8	test	1	7	15	MARK	7	0	-2	-2	-2
1170433288344	0	8	resp	1	7	15	MARK	7	0	3	1	3559
1170433290789	0	9	test	1	7	7	CHARLES	10	0	-2	-2	-2
1170433293248	0	9	resp	1	7	7	CHARLES	10	0	1	1	2459
1170433296793	0	10	test	1	7	14	RICH	14	1	-2	-2	-2
1170433299744	0	10	resp	1	7	14	RICH	14	1	5	1	2951
1170433302797	0	11	test	1	7	10	JIM	11	0	-2	-2	-2
1170433304672	0	11	resp	1	7	10	JIM	11	0	1	1	1875
1170433308801	0	12	test	1	7	0	MIKE	15	0	-2	-2	-2
1170433312775	0	12	resp	1	7	0	MIKE	15	0	1	1	3974
1170433314806	0	13	test	1	7	9	GEORGE	9	1	-2	-2	-2
1170433317407	0	13	resp	1	7	9	GEORGE	9	1	1	0	2601
1170433320811	0	14	test	1	7	13	CHRIS	13	1	-2	-2	-2
1170433322407	0	14	resp	1	7	13	CHRIS	13	1	6	1	1596
1170433326815	0	15	test	1	7	3	PAUL	3	1	-2	-2	-2
1170433330239	0	15	resp	1	7	3	PAUL	3	1	5	1	3424
1170433332819	0	16	test	1	7	4	KEN	4	1	-2	-2	-2
1170433335391	0	16	resp	1	7	4	KEN	4	1	2	0	2572
1170433341495	0	1	study	1	8	11	JIM	-2	-2	-2	-2	-2
1170433347496	0	2	study	1	8	14	RICH	-2	-2	-2	-2	-2
1170433353497	0	3	study	1	8	3	PAUL	-2	-2	-2	-2	-2
1170433359498	0	4	study	1	8	8	JOE	-2	-2	-2	-2	-2
1170433365499	0	5	study	1	8	10	CHARLES	-2	-2	-2	-2	-2
1170433371512	0	6	study	1	8	0	DAVE	-2	-2	-2	-2	-2
1170433377513	0	7	study	1	8	12	BILL	-2	-2	-2	-2	-2
1170433383514	0	8	study	1	8	2	ROB	-2	-2	-2	-2	-2
1170433389515	0	9	study	1	8	9	GEORGE	-2	-2	-2	-2	-2
1170433395526	0	10	study	1	8	4	KEN	-2	-2	-2	-2	-2
1170433401527	0	11	study	1	8	13	CHRIS	-2	-2	-2	-2	-2
1170433407537	0	12	study	1	8	7	MARK	-2	-2	-2	-2	-2
1170433413538	0	13	study	1	8	15	MIKE	-2	-2	-2	-2	-2
1170433419539	0	14	study	1	8	6	JOHN	-2	-2	-2	-2	-2
1170433425540	0	15	study	1	8	5	TOM	-2	-2	-2	-2	-2
1170433431549	0	16	study	1	8	1	DAN	-2	-2	-2	-2	-2
1170433443116	0	1	test	1	8	9	GEORGE	9	1	-2	-2	-2
1170433444595	0	1	resp	1	8	9	GEORGE	9	1	5	1	1479
1170433449120	0	2	test	1	8	15	JOE	8	0	-2	-2	-2
1170433452363	0	2	resp	1	8	15	JOE	8	0	2	1	3243
1170433455124	0	3	test	1	8	6	JOHN	6	1	-2	-2	-2
1170433458610	0	3	resp	1	8	6	JOHN	6	1	6	1	3486
1170433461129	0	4	test	1	8	8	TOM	5	0	-2	-2	-2
1170433462530	0	4	resp	1	8	8	TOM	5	0	1	1	1401
1170433467134	0	5	test	1	8	0	DAVE	0	1	-2	-2	-2
1170433469212	0	5	resp	1	8	0	DAVE	0	1	5	1	2078
1170433473138	0	6	test	1	8	10	CHARLES	10	1	-2	-2	-2
1170433475162	0	6	resp	1	8	10	CHARLES	10	1	5	1	2024
1170433479142	0	7	test	1	8	3	MIKE	15	0	-2	-2	-2
1170433482834	0	7	resp	1	8	3	MIKE	15	0	1	1	3692
1170433485146	0	8	test	1	8	4	PAUL	3	0	-2	-2	-2
1170433487673	0	8	resp	1	8	4	PAUL	3	0	3	1	2527
1170433491151	0	9	test	1	8	1	KEN	4	0	-2	-2	-2
1170433494769	0	9	resp	1	8	1	KEN	4	0	1	1	3618
1170433497156	0	10	test	1	8	5	BILL	12	0	-2	-2	-2
1170433500249	0	10	resp	1	8	5	BILL	12	0	4	0	3093
1170433503161	0	11	test	1	8	7	MARK	7	1	-2	-2	-2
1170433506169	0	11	resp	1	8	7	MARK	7	1	1	0	3008
1170433509165	0	12	test	1	8	12	RICH	14	0	-2	-2	-2
1170433512082	0	12	resp	1	8	12	RICH	14	0	3	1	2917
1170433515169	0	13	test	1	8	14	DAN	1	0	-2	-2	-2
1170433519592	0	13	resp	1	8	14	DAN	1	0	4	0	4423
1170433521174	0	14	test	1	8	13	CHRIS	13	1	-2	-2	-2
1170433523224	0	14	resp	1	8	13	CHRIS	13	1	6	1	2050
1170433527179	0	15	test	1	8	2	ROB	2	1	-2	-2	-2
1170433531033	0	15	resp	1	8	2	ROB	2	1	5	1	3854
1170433533183	0	16	test	1	8	11	JIM	11	1	-2	-2	-2
1170433536440	0	16	resp	1	8	11	JIM	11	1	6	1	3257
1170433540568	0	1	study	1	9	6	JOHN	-2	-2	-2	-2	-2
1170433546569	0	2	study	1	9	4	KEN	-2	-2	-2	-2	-2
1170433552570	0	3	study	1	9	5	TOM	-2	-2	-2	-2	-2
1170433558580	0	4	study	1	9	2	ROB	-2	-2	-2	-2	-2
1170433564581	0	5	study	1	9	3	PAUL	-2	-2	-2	-2	-2
1170433570582	0	6	study	1	9	7	MARK	-2	-2	-2	-2	-2
1170433576583	0	7	study	1	9	8	JOE	-2	-2	-2	-2	-2
1170433582584	0	8	study	1	9	10	CHARLES	-2	-2	-2	-2	-2
1170433588597	0	9	study	1	9	9	GEORGE	-2	-2	-2	-2	-2
1170433594608	0	10	study	1	9	15	MIKE	-2	-2	-2	-2	-2
1170433600609	0	11	study	1	9	11	JIM	-2	-2	-2	-2	-2
1170433606610	0	12	study	1	9	12	BILL	-2	-2	-2	-2	-2
1170433612611	0	13	study	1	9	14	RICH	-2	-2	-2	-2	-2
1170433618612	0	14	study	1	9	13	CHRIS	-2	-2	-2	-2	-2
1170433624622	0	15	study	1	9	0	DAVE	-2	-2	-2	-2	-2
1170433630623	0	16	study	1	9	1	DAN	-2	-2	-2	-2	-2
1170433638774	0	1	test	1	9	12	JOHN	6	0	-2	-2	-2
1170433640836	0	1	resp	1	9	12	JOHN	6	0	1	1	2062
1170433644779	0	2	test	1	9	3	PAUL	3	1	-2	-2	-2
1170433647244	0	2	resp	1	9	3	PAUL	3	1	2	0	2465
1170433650784	0	3	test	1	9	11	JIM	11	1	-2	-2	-2
1170433652372	0	3	resp	1	9	11	JIM	11	1	6	1	1588
1170433656789	0	4	test	1	9	6	MIKE	15	0	-2	-2	-2
1170433660572	0	4	resp	1	9	6	MIKE	15	0	4	0	3783
1170433662793	0	5	test	1	9	14	RICH	14	1	-2	-2	-2
1170433666556	0	5	resp	1	9	14	RICH	14	1	5	1	3763
1170433668797	0	6	test	1	9	0	CHRIS	13	0	-2	-2	-2
1170433673020	0	6	resp	1	9	0	CHRIS	13	0	2	1	4223
1170433674802	0	7	test	1	9	2	ROB	2	1	-2	-2	-2
1170433678771	0	7	resp	1	9	2	ROB	2	1	5	1	3969
1170433680807	0	8	test	1	9	9	GEORGE	9	1	-2	-2	-2
1170433684339	0	8	resp	1	9	9	GEORGE	9	1	5	1	3532
1170433686811	0	9	test	1	9	7	MARK	7	1	-2	-2	-2
1170433689107	0	9	resp	1	9	7	MARK	7	1	6	1	2296
1170433692815	0	10	test	1	9	10	CHARLES	10	1	-2	-2	-2
1170433696467	0	10	resp	1	9	10	CHARLES	10	1	4	1	3652
1170433698819	0	11	test	1	9	1	BILL	12	0	-2	-2	-2
1170433702962	0	11	resp	1	9	1	BILL	12	0	1	1	4143
1170433704824	0	12	test	1	9	5	TOM	5	1	-2	-2	-2
1170433707946	0	12	resp	1	9	5	TOM	5	1	3	0	3122
1170433710828	0	13	test	1	9	8	KEN	4	0	-2	-2	-2
1170433712890	0	13	resp	1	9	8	KEN	4	0	1	1	2062
1170433716832	0	14	test	1	9	15	DAVE	0	0	-2	-2	-2
1170433718802	0	14	resp	1	9	15	DAVE	0	0	1	1	1970
1170433722836	0	15	test	1	9	4	DAN	1	0	-2	-2	-2
1170433726338	0	15	resp	1	9	4	DAN	1	0	5	0	3502
1170433728840	0	16	test	1	9	13	JOE	8	0	-2	-2	-2
1170433730594	0	16	resp	1	9	13	JOE	8	0	1	1	1754
1170433736243	0	1	study	1	10	8	JOE	-2	-2	-2	-2	-2
1170433742244	0	2	study	1	10	9	GEORGE	-2	-2	-2	-2	-2
1170433748256	0	3	study	1	10	10	CHARLES	-2	-2	-2	-2	-2
1170433754269	0	4	study	1	10	14	RICH	-2	-2	-2	-2	-2
1170433760270	0	5	study	1	10	3	PAUL	-2	-2	-2	-2	-2
1170433766271	0	6	study	1	10	1	DAN	-2	-2	-2	-2	-2
1170433772272	0	7	study	1	10	5	TOM	-2	-2	-2	-2	-2
1170433778282	0	8	study	1	10	15	MIKE	-2	-2	-2	-2	-2
1170433784283	0	9	study	1	10	12	BILL	-2	-2	-2	-2	-2
1170433790284	0	10	study	1	10	0	DAVE	-2	-2	-2	-2	-2
1170433796285	0	11	study	1	10	7	MARK	-2	-2	-2	-2	-2
1170433802286	0	12	study	1	10	2	ROB	-2	-2	-2	-2	-2
1170433808287	0	13	study	1	10	11	JIM	-2	-2	-2	-2	-2
1170433814288	0	14	study	1	10	6	JOHN	-2	-2	-2	-2	-2
1170433820289	0	15	study	1	10	4	KEN	-2	-2	-2	-2	-2
1170433826290	0	16	study	1	10	13	CHRIS	-2	-2	-2	-2	-2
1170433834295	0	1	test	1	10	14	GEORGE	9	0	-2	-2	-2
1170433836646	0	1	resp	1	10	14	GEORGE	9	0	5	0	2351
1170433840299	0	2	test	1	10	0	BILL	12	0	-2	-2	-2
1170433843550	0	2	resp	1	10	0	BILL	12	0	4	0	3251
1170433846303	0	3	test	1	10	2	ROB	2	1	-2	-2	-2
1170433850309	0	3	resp	1	10	2	ROB	2	1	1	0	4006
1170433852308	0	4	test	1	10	13	KEN	4	0	-2	-2	-2
1170433855901	0	4	resp	1	10	13	KEN	4	0	1	1	3593
1170433858313	0	5	test	1	10	11	JIM	11	1	-2	-2	-2
1170433861589	0	5	resp	1	10	11	JIM	11	1	5	1	3276
1170433864318	0	6	test	1	10	6	JOHN	6	1	-2	-2	-2
1170433867773	0	6	resp	1	10	6	JOHN	6	1	4	1	3455
1170433870322	0	7	test	1	10	5	TOM	5	1	-2	-2	-2
1170433873957	0	7	resp	1	10	5	TOM	5	1	4	1	3635
1170433876326	0	8	test	1	10	3	PAUL	3	1	-2	-2	-2
1170433878365	0	8	resp	1	10	3	PAUL	3	1	5	1	2039
1170433882330	0	9	test	1	10	4	RICH	14	0	-2	-2	-2
1170433885268	0	9	resp	1	10	4	RICH	14	0	4	0	2938
1170433888334	0	10	test	1	10	12	CHRIS	13	0	-2	-2	-2
1170433890172	0	10	resp	1	10	12	CHRIS	13	0	1	1	1838
1170433894339	0	11	test	1	10	7	DAN	1	0	-2	-2	-2
1170433897116	0	11	resp	1	10	7	DAN	1	0	1	1	2777
1170433900344	0	12	test	1	10	10	CHARLES	10	1	-2	-2	-2
1170433902788	0	12	resp	1	10	10	CHARLES	10	1	4	1	2444
1170433906348	0	13	test	1	10	15	MIKE	15	1	-2	-2	-2
1170433909404	0	13	resp	1	10	15	MIKE	15	1	1	0	3056
1170433912352	0	14	test	1	10	1	DAVE	0	0	-2	-2	-2
1170433914923	0	14	resp	1	10	1	DAVE	0	0	1	1	2571
1170433918356	0	15	test	1	10	8	JOE	8	1	-2	-2	-2
1170433920379	0	15	resp	1	10	8	JOE	8	1	6	1	2023
1170433924361	0	16	test	1	10	9	MARK	7	0	-2	-2	-2
1170433926283	0	16	resp	1	10	9	MARK	7	0	1	1	1922
1170433954369	0	0	record	3	11	-2	record	-2	-2	-2	-2	-2
1170433955385	0	1	cue	3	11	1	DAN	-2	-2	-2	-2	-2
1170433961385	0	2	cue	3	11	5	TOM	-2	-2	-2	-2	-2
1170433967385	0	3	cue	3	11	8	JOE	-2	-2	-2	-2	-2
1170433973385	0	4	cue	3	11	4	KEN	-2	-2	-2	-2	-2
1170433979385	0	5	cue	3	11	15	MIKE	-2	-2	-2	-2	-2
1170433985385	0	6	cue	3	11	11	JIM	-2	-2	-2	-2	-2
1170433991385	0	7	cue	3	11	0	DAVE	-2	-2	-2	-2	-2
1170433997385	0	8	cue	3	11	13	CHRIS	-2	-2	-2	-2	-2
1170434003385	0	9	cue	3	11	12	BILL	-2	-2	-2	-2	-2
1170434009385	0	10	cue	3	11	14	RICH	-2	-2	-2	-2	-2
1170434015385	0	11	cue	3	11	2	ROB	-2	-2	-2	-2	-2
1170434021385	0	12	cue	3	11	9	GEORGE	-2	-2	-2	-2	-2
1170434027385	0	13	cue	3	11	6	JOHN	-2	-2	-2	-2	-2
1170434033385	0	14	cue	3	11	10	CHARLES	-2	-2	-2	-2	-2
1170434039385	0	15	cue	3	11	3	PAUL	-2	-2	-2	-2	-2
1170434045385	0	16	cue	3	11	7	MARK	-2	-2	-2	-2	-2