1171473116621	0	B	Logging Begins
1171473116621	0	SETUP
1171473116645	0	RESTORESTATE
1171473116677	0	SAVESTATE
1171473116677	0	RESTORESTATE
1171473116688	0	SESSION	0
1171473337544	0	SAVESTATE
1171473343560	0	SAVESTATE
1171473349570	0	SAVESTATE
1171473355580	0	SAVESTATE
1171473361596	0	SAVESTATE
1171473367609	0	SAVESTATE
1171473373637	0	SAVESTATE
1171473379645	0	SAVESTATE
1171473385660	0	SAVESTATE
1171473391933	0	SAVESTATE
1171473397824	0	SAVESTATE
1171473403839	0	SAVESTATE
1171473409847	0	SAVESTATE
1171473415875	0	SAVESTATE
1171473421898	0	SAVESTATE
1171473427908	0	SAVESTATE
1171473442689	0	SAVESTATE
1171473447700	0	SAVESTATE
1171473452596	0	SAVESTATE
1171473457732	0	SAVESTATE
1171473464236	0	SAVESTATE
1171473469739	0	SAVESTATE
1171473476619	0	SAVESTATE
1171473482203	0	SAVESTATE
1171473488794	0	SAVESTATE
1171473494828	0	SAVESTATE
1171473500810	0	SAVESTATE
1171473507154	0	SAVESTATE
1171473513530	0	SAVESTATE
1171473518642	0	SAVESTATE
1171473524298	0	SAVESTATE
1171473530409	0	SAVESTATE
1171473538501	0	SAVESTATE
1171473544511	0	SAVESTATE
1171473550524	0	SAVESTATE
1171473556526	0	SAVESTATE
1171473562525	0	SAVESTATE
1171473568526	0	SAVESTATE
1171473574528	0	SAVESTATE
1171473580529	0	SAVESTATE
1171473586530	0	SAVESTATE
1171473592776	0	SAVESTATE
1171473598544	0	SAVESTATE
1171473604546	0	SAVESTATE
1171473610546	0	SAVESTATE
1171473616567	0	SAVESTATE
1171473622549	0	SAVESTATE
1171473628560	0	SAVESTATE
1171473639158	0	SAVESTATE
1171473644910	0	SAVESTATE
1171473651381	0	SAVESTATE
1171473659728	0	SAVESTATE
1171473663412	0	SAVESTATE
1171473668572	0	SAVESTATE
1171473675613	0	SAVESTATE
1171473681996	0	SAVESTATE
1171473688252	0	SAVESTATE
1171473693596	0	SAVESTATE
1171473701773	0	SAVESTATE
1171473705740	0	SAVESTATE
1171473710283	0	SAVESTATE
1171473716842	0	SAVESTATE
1171473724179	0	SAVESTATE
1171473729834	0	SAVESTATE
1171473736643	0	SAVESTATE
1171473742644	0	SAVESTATE
1171473748646	0	SAVESTATE
1171473754647	0	SAVESTATE
1171473760656	0	SAVESTATE
1171473766658	0	SAVESTATE
1171473772659	0	SAVESTATE
1171473778659	0	SAVESTATE
1171473784660	0	SAVESTATE
1171473790662	0	SAVESTATE
1171473796662	0	SAVESTATE
1171473802677	0	SAVESTATE
1171473808677	0	SAVESTATE
1171473814687	0	SAVESTATE
1171473820922	0	SAVESTATE
1171473826689	0	SAVESTATE
1171473838222	0	SAVESTATE
1171473844271	0	SAVESTATE
1171473850063	0	SAVESTATE
1171473856280	0	SAVESTATE
1171473862702	0	SAVESTATE
1171473867446	0	SAVESTATE
1171473874238	0	SAVESTATE
1171473879525	0	SAVESTATE
1171473885687	0	SAVESTATE
1171473892358	0	SAVESTATE
1171473899037	0	SAVESTATE
1171473904261	0	SAVESTATE
1171473909340	0	SAVESTATE
1171473915837	0	SAVESTATE
1171473922650	0	SAVESTATE
1171473928475	0	SAVESTATE
1171473933578	0	SAVESTATE
1171473939579	0	SAVESTATE
1171473945581	0	SAVESTATE
1171473951580	0	SAVESTATE
1171473957592	0	SAVESTATE
1171473963604	0	SAVESTATE
1171473969604	0	SAVESTATE
1171473975619	0	SAVESTATE
1171473981619	0	SAVESTATE
1171473987930	0	SAVESTATE
1171473993621	0	SAVESTATE
1171473999631	0	SAVESTATE
1171474005632	0	SAVESTATE
1171474011633	0	SAVESTATE
1171474017634	0	SAVESTATE
1171474023635	0	SAVESTATE
1171474035209	0	SAVESTATE
1171474040728	0	SAVESTATE
1171474047089	0	SAVESTATE
1171474053893	0	SAVESTATE
1171474059391	0	SAVESTATE
1171474066800	0	SAVESTATE
1171474070559	0	SAVESTATE
1171474077703	0	SAVESTATE
1171474082974	0	SAVESTATE
1171474089406	0	SAVESTATE
1171474095879	0	SAVESTATE
1171474100214	0	SAVESTATE
1171474106454	0	SAVESTATE
1171474113542	0	SAVESTATE
1171474120096	0	SAVESTATE
1171474125542	0	SAVESTATE
1171474138676	0	SAVESTATE
1171474144676	0	SAVESTATE
1171474150678	0	SAVESTATE
1171474156679	0	SAVESTATE
1171474162679	0	SAVESTATE
1171474168694	0	SAVESTATE
1171474174704	0	SAVESTATE
1171474180936	0	SAVESTATE
1171474186706	0	SAVESTATE
1171474192706	0	SAVESTATE
1171474198718	0	SAVESTATE
1171474204719	0	SAVESTATE
1171474210720	0	SAVESTATE
1171474216722	0	SAVESTATE
1171474222722	0	SAVESTATE
1171474228723	0	SAVESTATE
1171474239793	0	SAVESTATE
1171474245826	0	SAVESTATE
1171474253115	0	SAVESTATE
1171474257721	0	SAVESTATE
1171474265144	0	SAVESTATE
1171474269928	0	SAVESTATE
1171474275921	0	SAVESTATE
1171474282312	0	SAVESTATE
1171474289713	0	SAVESTATE
1171474295216	0	SAVESTATE
1171474301760	0	SAVESTATE
1171474307097	0	SAVESTATE
1171474312758	0	SAVESTATE
1171474318470	0	SAVESTATE
1171474325174	0	SAVESTATE
1171474330039	0	SAVESTATE
1171474338637	0	SAVESTATE
1171474344648	0	SAVESTATE
1171474350648	0	SAVESTATE
1171474356650	0	SAVESTATE
1171474362651	0	SAVESTATE
1171474368665	0	SAVESTATE
1171474374665	0	SAVESTATE
1171474380667	0	SAVESTATE
1171474386983	0	SAVESTATE
1171474392677	0	SAVESTATE
1171474398678	0	SAVESTATE
1171474404680	0	SAVESTATE
1171474410681	0	SAVESTATE
1171474416691	0	SAVESTATE
1171474422693	0	SAVESTATE
1171474428694	0	SAVESTATE
1171474439739	0	SAVESTATE
1171474445826	0	SAVESTATE
1171474452027	0	SAVESTATE
1171474457514	0	SAVESTATE
1171474464162	0	SAVESTATE
1171474470426	0	SAVESTATE
1171474474921	0	SAVESTATE
1171474481761	0	SAVESTATE
1171474487994	0	SAVESTATE
1171474493801	0	SAVESTATE
1171474500417	0	SAVESTATE
1171474505824	0	SAVESTATE
1171474512856	0	SAVESTATE
1171474517257	0	SAVESTATE
1171474523281	0	SAVESTATE
1171474529088	0	SAVESTATE
1171474541972	0	SAVESTATE
1171474547974	0	SAVESTATE
1171474553975	0	SAVESTATE
1171474559975	0	SAVESTATE
1171474565987	0	SAVESTATE
1171474571986	0	SAVESTATE
1171474577989	0	SAVESTATE
1171474584272	0	SAVESTATE
1171474589990	0	SAVESTATE
1171474596004	0	SAVESTATE
1171474602005	0	SAVESTATE
1171474608017	0	SAVESTATE
1171474614016	0	SAVESTATE
1171474620018	0	SAVESTATE
1171474626028	0	SAVESTATE
1171474632028	0	SAVESTATE
1171474643757	0	SAVESTATE
1171474650460	0	SAVESTATE
1171474656444	0	SAVESTATE
1171474662195	0	SAVESTATE
1171474668125	0	SAVESTATE
1171474674987	0	SAVESTATE
1171474680132	0	SAVESTATE
1171474685347	0	SAVESTATE
1171474692562	0	SAVESTATE
1171474698835	0	SAVESTATE
1171474704634	0	SAVESTATE
1171474709067	0	SAVESTATE
1171474716116	0	SAVESTATE
1171474721793	0	SAVESTATE
1171474728290	0	SAVESTATE
1171474733536	0	SAVESTATE
1171474744615	0	SAVESTATE
1171474750616	0	SAVESTATE
1171474756617	0	SAVESTATE
1171474762618	0	SAVESTATE
1171474768618	0	SAVESTATE
1171474774619	0	SAVESTATE
1171474780786	0	SAVESTATE
1171474786646	0	SAVESTATE
1171474792635	0	SAVESTATE
1171474798636	0	SAVESTATE
1171474804637	0	SAVESTATE
1171474810638	0	SAVESTATE
1171474816650	0	SAVESTATE
1171474822660	0	SAVESTATE
1171474828661	0	SAVESTATE
1171474834672	0	SAVESTATE
1171474845277	0	SAVESTATE
1171474850270	0	SAVESTATE
1171474856661	0	SAVESTATE
1171474863325	0	SAVESTATE
1171474869093	0	SAVESTATE
1171474875724	0	SAVESTATE
1171474881021	0	SAVESTATE
1171474887548	0	SAVESTATE
1171474893491	0	SAVESTATE
1171474898883	0	SAVESTATE
1171474905587	0	SAVESTATE
1171474911338	0	SAVESTATE
1171474917290	0	SAVESTATE
1171474922787	0	SAVESTATE
1171474929722	0	SAVESTATE
1171474935618	0	SAVESTATE
1171474944218	0	SAVESTATE
1171474950218	0	SAVESTATE
1171474956219	0	SAVESTATE
1171474962220	0	SAVESTATE
1171474968221	0	SAVESTATE
1171474974559	0	SAVESTATE
1171474980245	0	SAVESTATE
1171474986245	0	SAVESTATE
1171474992246	0	SAVESTATE
1171474998248	0	SAVESTATE
1171475004248	0	SAVESTATE
1171475010250	0	SAVESTATE
1171475016260	0	SAVESTATE
1171475022261	0	SAVESTATE
1171475028263	0	SAVESTATE
1171475034263	0	SAVESTATE
1171475048702	0	SAVESTATE
1171475053902	0	SAVESTATE
1171475059567	0	SAVESTATE
1171475066149	0	SAVESTATE
1171475073087	0	SAVESTATE
1171475077477	0	SAVESTATE
1171475085295	0	SAVESTATE
1171475089518	0	SAVESTATE
1171475096782	0	SAVESTATE
1171475102070	0	SAVESTATE
1171475108317	0	SAVESTATE
1171475113772	0	SAVESTATE
1171475120941	0	SAVESTATE
1171475126396	0	SAVESTATE
1171475133316	0	SAVESTATE
1171475136804	0	SAVESTATE
1171475146824	0	SAVESTATE
1171475152835	0	SAVESTATE
1171475158835	0	SAVESTATE
1171475164836	0	SAVESTATE
1171475170837	0	SAVESTATE
1171475176848	0	SAVESTATE
1171475183132	0	SAVESTATE
1171475188849	0	SAVESTATE
1171475194850	0	SAVESTATE
1171475200865	0	SAVESTATE
1171475206865	0	SAVESTATE
1171475212867	0	SAVESTATE
1171475218878	0	SAVESTATE
1171475224878	0	SAVESTATE
1171475230879	0	SAVESTATE
1171475236881	0	SAVESTATE
1171475246633	0	SAVESTATE
1171475253034	0	SAVESTATE
1171475259560	0	SAVESTATE
1171475265584	0	SAVESTATE
1171475271384	0	SAVESTATE
1171475276615	0	SAVESTATE
1171475282862	0	SAVESTATE
1171475289983	0	SAVESTATE
1171475296439	0	SAVESTATE
1171475301247	0	SAVESTATE
1171475308446	0	SAVESTATE
1171475314542	0	SAVESTATE
1171475318886	0	SAVESTATE
1171475325941	0	SAVESTATE
1171475332662	0	SAVESTATE
1171475338677	0	SAVESTATE
1171475492042	0	SAVESTATE
1171475492068	0	EXIT
1171475492140	0	E	Logging Ends
