1168973475711	0	B	Logging Begins
1168973475711	0	SETUP
1168973475732	0	RESTORESTATE
1168973475770	0	SAVESTATE
1168973475771	0	RESTORESTATE
1168973475857	0	SESSION	0
1168973737191	0	SAVESTATE
1168973743199	0	SAVESTATE
1168973749217	0	SAVESTATE
1168973755226	0	SAVESTATE
1168973761252	0	SAVESTATE
1168973767275	0	SAVESTATE
1168973773291	0	SAVESTATE
1168973779301	0	SAVESTATE
1168973785310	0	SAVESTATE
1168973791577	0	SAVESTATE
1168973797464	0	SAVESTATE
1168973803473	0	SAVESTATE
1168973809494	0	SAVESTATE
1168973815504	0	SAVESTATE
1168973821519	0	SAVESTATE
1168973827529	0	SAVESTATE
1168973844894	0	SAVESTATE
1168973850472	0	SAVESTATE
1168973855121	0	SAVESTATE
1168973862056	0	SAVESTATE
1168973869512	0	SAVESTATE
1168973874112	0	SAVESTATE
1168973880943	0	SAVESTATE
1168973884951	0	SAVESTATE
1168973891864	0	SAVESTATE
1168973897033	0	SAVESTATE
1168973902936	0	SAVESTATE
1168973910096	0	SAVESTATE
1168973914760	0	SAVESTATE
1168973921114	0	SAVESTATE
1168973927346	0	SAVESTATE
1168973933880	0	SAVESTATE
1168973965945	0	SAVESTATE
1168973971944	0	SAVESTATE
1168973977946	0	SAVESTATE
1168973983947	0	SAVESTATE
1168973989957	0	SAVESTATE
1168973996104	0	SAVESTATE
1168974001958	0	SAVESTATE
1168974007960	0	SAVESTATE
1168974013973	0	SAVESTATE
1168974019973	0	SAVESTATE
1168974025975	0	SAVESTATE
1168974031986	0	SAVESTATE
1168974037987	0	SAVESTATE
1168974043988	0	SAVESTATE
1168974049989	0	SAVESTATE
1168974055989	0	SAVESTATE
1168974069642	0	SAVESTATE
1168974074564	0	SAVESTATE
1168974080323	0	SAVESTATE
1168974086140	0	SAVESTATE
1168974092635	0	SAVESTATE
1168974099508	0	SAVESTATE
1168974105077	0	SAVESTATE
1168974110738	0	SAVESTATE
1168974116540	0	SAVESTATE
1168974122922	0	SAVESTATE
1168974129332	0	SAVESTATE
1168974134707	0	SAVESTATE
1168974140900	0	SAVESTATE
1168974147548	0	SAVESTATE
1168974153699	0	SAVESTATE
1168974158812	0	SAVESTATE
1168974164281	0	SAVESTATE
1168974170283	0	SAVESTATE
1168974176285	0	SAVESTATE
1168974182285	0	SAVESTATE
1168974188286	0	SAVESTATE
1168974194286	0	SAVESTATE
1168974200287	0	SAVESTATE
1168974206512	0	SAVESTATE
1168974212300	0	SAVESTATE
1168974218302	0	SAVESTATE
1168974224312	0	SAVESTATE
1168974230325	0	SAVESTATE
1168974236325	0	SAVESTATE
1168974242327	0	SAVESTATE
1168974248328	0	SAVESTATE
1168974254337	0	SAVESTATE
1168974265318	0	SAVESTATE
1168974271182	0	SAVESTATE
1168974277551	0	SAVESTATE
1168974283334	0	SAVESTATE
1168974289966	0	SAVESTATE
1168974296606	0	SAVESTATE
1168974301575	0	SAVESTATE
1168974307407	0	SAVESTATE
1168974314488	0	SAVESTATE
1168974319463	0	SAVESTATE
1168974325878	0	SAVESTATE
1168974331830	0	SAVESTATE
1168974337425	0	SAVESTATE
1168974343630	0	SAVESTATE
1168974349951	0	SAVESTATE
1168974355448	0	SAVESTATE
1168974361644	0	SAVESTATE
1168974367645	0	SAVESTATE
1168974373646	0	SAVESTATE
1168974379647	0	SAVESTATE
1168974385648	0	SAVESTATE
1168974391648	0	SAVESTATE
1168974397660	0	SAVESTATE
1168974403661	0	SAVESTATE
1168974409673	0	SAVESTATE
1168974415893	0	SAVESTATE
1168974421686	0	SAVESTATE
1168974427698	0	SAVESTATE
1168974433698	0	SAVESTATE
1168974439698	0	SAVESTATE
1168974445700	0	SAVESTATE
1168974451701	0	SAVESTATE
1168974462609	0	SAVESTATE
1168974469144	0	SAVESTATE
1168974475321	0	SAVESTATE
1168974480137	0	SAVESTATE
1168974486928	0	SAVESTATE
1168974492800	0	SAVESTATE
1168974499090	0	SAVESTATE
1168974505457	0	SAVESTATE
1168974510209	0	SAVESTATE
1168974517276	0	SAVESTATE
1168974522249	0	SAVESTATE
1168974529146	0	SAVESTATE
1168974534753	0	SAVESTATE
1168974540378	0	SAVESTATE
1168974546641	0	SAVESTATE
1168974552330	0	SAVESTATE
1168974558797	0	SAVESTATE
1168974564811	0	SAVESTATE
1168974570812	0	SAVESTATE
1168974576812	0	SAVESTATE
1168974582814	0	SAVESTATE
1168974588815	0	SAVESTATE
1168974594816	0	SAVESTATE
1168974600828	0	SAVESTATE
1168974606828	0	SAVESTATE
1168974612999	0	SAVESTATE
1168974618830	0	SAVESTATE
1168974624831	0	SAVESTATE
1168974630843	0	SAVESTATE
1168974636843	0	SAVESTATE
1168974642844	0	SAVESTATE
1168974648854	0	SAVESTATE
1168974661107	0	SAVESTATE
1168974667059	0	SAVESTATE
1168974672651	0	SAVESTATE
1168974678635	0	SAVESTATE
1168974684276	0	SAVESTATE
1168974689986	0	SAVESTATE
1168974696124	0	SAVESTATE
1168974702460	0	SAVESTATE
1168974709085	0	SAVESTATE
1168974714796	0	SAVESTATE
1168974720212	0	SAVESTATE
1168974727028	0	SAVESTATE
1168974732614	0	SAVESTATE
1168974738053	0	SAVESTATE
1168974744620	0	SAVESTATE
1168974750525	0	SAVESTATE
1168974757386	0	SAVESTATE
1168974763398	0	SAVESTATE
1168974769397	0	SAVESTATE
1168974775399	0	SAVESTATE
1168974781400	0	SAVESTATE
1168974787400	0	SAVESTATE
1168974793412	0	SAVESTATE
1168974799413	0	SAVESTATE
1168974805413	0	SAVESTATE
1168974811798	0	SAVESTATE
1168974817453	0	SAVESTATE
1168974823468	0	SAVESTATE
1168974829468	0	SAVESTATE
1168974835469	0	SAVESTATE
1168974841470	0	SAVESTATE
1168974847471	0	SAVESTATE
1168974858552	0	SAVESTATE
1168974864701	0	SAVESTATE
1168974870408	0	SAVESTATE
1168974876167	0	SAVESTATE
1168974883272	0	SAVESTATE
1168974889399	0	SAVESTATE
1168974894710	0	SAVESTATE
1168974900455	0	SAVESTATE
1168974909743	0	SAVESTATE
1168974913431	0	SAVESTATE
1168974919040	0	SAVESTATE
1168974924567	0	SAVESTATE
1168974930160	0	SAVESTATE
1168974936782	0	SAVESTATE
1168974942806	0	SAVESTATE
1168974948545	0	SAVESTATE
1168974954109	0	SAVESTATE
1168974960110	0	SAVESTATE
1168974966110	0	SAVESTATE
1168974972123	0	SAVESTATE
1168974978133	0	SAVESTATE
1168974984134	0	SAVESTATE
1168974990135	0	SAVESTATE
1168974996136	0	SAVESTATE
1168975002138	0	SAVESTATE
1168975008137	0	SAVESTATE
1168975014272	0	SAVESTATE
1168975020140	0	SAVESTATE
1168975026140	0	SAVESTATE
1168975032155	0	SAVESTATE
1168975038166	0	SAVESTATE
1168975044166	0	SAVESTATE
1168975054696	0	SAVESTATE
1168975061019	0	SAVESTATE
1168975066920	0	SAVESTATE
1168975072617	0	SAVESTATE
1168975078514	0	SAVESTATE
1168975087115	0	SAVESTATE
1168975091155	0	SAVESTATE
1168975096777	0	SAVESTATE
1168975103010	0	SAVESTATE
1168975108993	0	SAVESTATE
1168975116394	0	SAVESTATE
1168975121874	0	SAVESTATE
1168975127897	0	SAVESTATE
1168975133338	0	SAVESTATE
1168975139291	0	SAVESTATE
1168975144802	0	SAVESTATE
1168975150496	0	SAVESTATE
1168975156497	0	SAVESTATE
1168975162498	0	SAVESTATE
1168975168499	0	SAVESTATE
1168975174500	0	SAVESTATE
1168975180514	0	SAVESTATE
1168975186804	0	SAVESTATE
1168975192526	0	SAVESTATE
1168975198527	0	SAVESTATE
1168975204528	0	SAVESTATE
1168975210530	0	SAVESTATE
1168975216539	0	SAVESTATE
1168975222551	0	SAVESTATE
1168975228550	0	SAVESTATE
1168975234552	0	SAVESTATE
1168975240552	0	SAVESTATE
1168975251771	0	SAVESTATE
1168975257948	0	SAVESTATE
1168975263413	0	SAVESTATE
1168975269373	0	SAVESTATE
1168975275357	0	SAVESTATE
1168975282188	0	SAVESTATE
1168975287684	0	SAVESTATE
1168975293606	0	SAVESTATE
1168975299237	0	SAVESTATE
1168975306454	0	SAVESTATE
1168975311956	0	SAVESTATE
1168975317254	0	SAVESTATE
1168975323014	0	SAVESTATE
1168975330062	0	SAVESTATE
1168975335359	0	SAVESTATE
1168975342749	0	SAVESTATE
1168975346914	0	SAVESTATE
1168975352914	0	SAVESTATE
1168975358916	0	SAVESTATE
1168975364917	0	SAVESTATE
1168975370918	0	SAVESTATE
1168975376918	0	SAVESTATE
1168975382930	0	SAVESTATE
1168975388942	0	SAVESTATE
1168975395212	0	SAVESTATE
1168975400944	0	SAVESTATE
1168975406945	0	SAVESTATE
1168975412946	0	SAVESTATE
1168975418947	0	SAVESTATE
1168975424962	0	SAVESTATE
1168975430971	0	SAVESTATE
1168975436972	0	SAVESTATE
1168975447248	0	SAVESTATE
1168975453344	0	SAVESTATE
1168975459496	0	SAVESTATE
1168975465280	0	SAVESTATE
1168975471592	0	SAVESTATE
1168975477686	0	SAVESTATE
1168975483496	0	SAVESTATE
1168975489408	0	SAVESTATE
1168975496097	0	SAVESTATE
1168975501488	0	SAVESTATE
1168975508200	0	SAVESTATE
1168975513649	0	SAVESTATE
1168975521768	0	SAVESTATE
1168975526412	0	SAVESTATE
1168975531473	0	SAVESTATE
1168975537169	0	SAVESTATE
1168975543142	0	SAVESTATE
1168975549142	0	SAVESTATE
1168975555144	0	SAVESTATE
1168975561146	0	SAVESTATE
1168975567159	0	SAVESTATE
1168975573171	0	SAVESTATE
1168975579171	0	SAVESTATE
1168975585172	0	SAVESTATE
1168975591469	0	SAVESTATE
1168975597183	0	SAVESTATE
1168975603194	0	SAVESTATE
1168975609194	0	SAVESTATE
1168975615195	0	SAVESTATE
1168975621195	0	SAVESTATE
1168975627198	0	SAVESTATE
1168975633198	0	SAVESTATE
1168975644410	0	SAVESTATE
1168975648921	0	SAVESTATE
1168975655178	0	SAVESTATE
1168975661612	0	SAVESTATE
1168975666745	0	SAVESTATE
1168975672730	0	SAVESTATE
1168975679075	0	SAVESTATE
1168975684665	0	SAVESTATE
1168975690443	0	SAVESTATE
1168975696707	0	SAVESTATE
1168975702875	0	SAVESTATE
1168975708882	0	SAVESTATE
1168975714659	0	SAVESTATE
1168975720347	0	SAVESTATE
1168975727049	0	SAVESTATE
1168975732364	0	SAVESTATE
1168975929542	0	SAVESTATE
1168975929566	0	EXIT
1168975929640	0	E	Logging Ends
