1165516296530	0	B	Logging Begins
1165516296531	0	INSTRUCTIONSTART	JointRoller	/Library/Frameworks/Python.framework/Versions/2.4/lib/python2.4/site-packages/pyepl/resources/vera.ttf	64	(0, 0, 0)	'In the following experiment, your memory for associating names with faces will be tested.  The task is challenging and requires concentration, so if at any time during the experiment you feel that you need a short break, let the experimenter know.\n\nSixteen faces will be presented on the screen, consecutively, accompanied by their names.  A woman\'s voice will also speak the name when the face appears on the screen.  After five seconds, the face will disappear from the screen, a star (*) will flash on the screen for one second, and then the next face and name will appear.\n\nAfter you have seen all sixteen faces and names, you will be prompted to press any key in order to move on to a testing period.  During each trial of the testing period, you will see a face with name underneath it.  You will have to decide whether or not the face is paired with the appropriate face.  \n\nYou will respond on the keyboard, with a confidence judgment between 1 and 6.  A judgment of 1 indicates that you are near certain that the name given is incorrectly paired with the face, a judgment of 2 indicates moderate confidence, and a judgment of 3 indicates that you think the name is incorrectly paired with the face, but are quite unsure.  A judgment of 6 indicates that you are near certain that the name given is correctly paired with the face, a judgment of 5 indicates moderate confidence, and a judgment of 4 indicates that you think the name is correctly paired with the face, but are quite unsure.\n\nYou should rest your fingers on the bottom row of the keyboard.  "Z", "X", and  "C" will correspond to confidence judgments of 1, 2, and 3, respectively.  ",", ".", and "/" will correspond to confidence judgments of 4, 5, and 6, respectively.\n\nAfter five seconds the name and face will disappear from the screen, a star will flash on the screen for one second, and then the next name and face pair will appear on the screen.  You will see sixteen name-face pairs per test period.  You should try to reply as quickly and accurately as you can.\n\nThere will be ten study periods and ten test periods, alternating.  Each face will have the same name over the entire course of the study, so your task is to try and learn the faces\' names as quickly and accurately as possible.\n\nDo you have any questions?\n\nPress <ENTER> to continue.\n'
1165516296658	1	INSTRUCTIONSCROLL	0
1165516309074	1	INSTRUCTIONSCROLL	1
1165516309091	1	INSTRUCTIONSCROLL	3
1165516309108	1	INSTRUCTIONSCROLL	6
1165516309124	1	INSTRUCTIONSCROLL	10
1165516309141	1	INSTRUCTIONSCROLL	13
1165516309158	1	INSTRUCTIONSCROLL	16
1165516309308	1	INSTRUCTIONSCROLL	17
1165516309324	1	INSTRUCTIONSCROLL	20
1165516309341	1	INSTRUCTIONSCROLL	23
1165516309358	1	INSTRUCTIONSCROLL	27
1165516309374	1	INSTRUCTIONSCROLL	30
1165516309391	1	INSTRUCTIONSCROLL	33
1165516309508	1	INSTRUCTIONSCROLL	34
1165516309524	1	INSTRUCTIONSCROLL	35
1165516309541	1	INSTRUCTIONSCROLL	39
1165516309558	1	INSTRUCTIONSCROLL	42
1165516309574	1	INSTRUCTIONSCROLL	45
1165516309591	1	INSTRUCTIONSCROLL	49
1165516309608	1	INSTRUCTIONSCROLL	52
1165516309624	1	INSTRUCTIONSCROLL	55
1165516309641	1	INSTRUCTIONSCROLL	59
1165516309658	1	INSTRUCTIONSCROLL	62
1165516309674	1	INSTRUCTIONSCROLL	65
1165516309691	1	INSTRUCTIONSCROLL	69
1165516309708	1	INSTRUCTIONSCROLL	72
1165516309724	1	INSTRUCTIONSCROLL	75
1165516309741	1	INSTRUCTIONSCROLL	79
1165516309758	1	INSTRUCTIONSCROLL	82
1165516309774	1	INSTRUCTIONSCROLL	85
1165516309791	1	INSTRUCTIONSCROLL	89
1165516309808	1	INSTRUCTIONSCROLL	92
1165516309824	1	INSTRUCTIONSCROLL	95
1165516309841	1	INSTRUCTIONSCROLL	99
1165516309858	1	INSTRUCTIONSCROLL	102
1165516309874	1	INSTRUCTIONSCROLL	105
1165516309891	1	INSTRUCTIONSCROLL	109
1165516309908	1	INSTRUCTIONSCROLL	112
1165516309924	1	INSTRUCTIONSCROLL	115
1165516309941	1	INSTRUCTIONSCROLL	119
1165516309957	1	INSTRUCTIONSCROLL	122
1165516309974	1	INSTRUCTIONSCROLL	125
1165516309991	1	INSTRUCTIONSCROLL	129
1165516310008	1	INSTRUCTIONSCROLL	132
1165516310025	1	INSTRUCTIONSCROLL	135
1165516310041	1	INSTRUCTIONSCROLL	139
1165516310057	1	INSTRUCTIONSCROLL	142
1165516310074	1	INSTRUCTIONSCROLL	145
1165516310091	1	INSTRUCTIONSCROLL	149
1165516310107	1	INSTRUCTIONSCROLL	152
1165516310124	1	INSTRUCTIONSCROLL	155
1165516310141	1	INSTRUCTIONSCROLL	159
1165516310158	1	INSTRUCTIONSCROLL	162
1165516310174	1	INSTRUCTIONSCROLL	165
1165516310191	1	INSTRUCTIONSCROLL	169
1165516310207	1	INSTRUCTIONSCROLL	172
1165516310224	1	INSTRUCTIONSCROLL	175
1165516310241	1	INSTRUCTIONSCROLL	179
1165516310257	1	INSTRUCTIONSCROLL	182
1165516311057	1	INSTRUCTIONSCROLL	183
1165516311074	1	INSTRUCTIONSCROLL	186
1165516311090	1	INSTRUCTIONSCROLL	190
1165516311107	1	INSTRUCTIONSCROLL	193
1165516311124	1	INSTRUCTIONSCROLL	196
1165516311140	1	INSTRUCTIONSCROLL	200
1165516311157	1	INSTRUCTIONSCROLL	203
1165516311174	1	INSTRUCTIONSCROLL	206
1165516311190	1	INSTRUCTIONSCROLL	210
1165516311390	1	INSTRUCTIONSCROLL	211
1165516311408	1	INSTRUCTIONSCROLL	212
1165516311424	1	INSTRUCTIONSCROLL	215
1165516311440	1	INSTRUCTIONSCROLL	219
1165516311457	1	INSTRUCTIONSCROLL	222
1165516311474	1	INSTRUCTIONSCROLL	225
1165516311490	1	INSTRUCTIONSCROLL	229
1165516311507	1	INSTRUCTIONSCROLL	232
1165516312373	1	INSTRUCTIONSCROLL	233
1165516312390	1	INSTRUCTIONSCROLL	236
1165516312407	1	INSTRUCTIONSCROLL	239
1165516312423	1	INSTRUCTIONSCROLL	243
1165516312440	1	INSTRUCTIONSCROLL	246
1165516312457	1	INSTRUCTIONSCROLL	249
1165516312473	1	INSTRUCTIONSCROLL	253
1165516312490	1	INSTRUCTIONSCROLL	256
1165516312507	1	INSTRUCTIONSCROLL	259
1165516312523	1	INSTRUCTIONSCROLL	263
1165516312540	1	INSTRUCTIONSCROLL	266
1165516312557	1	INSTRUCTIONSCROLL	269
1165516312573	1	INSTRUCTIONSCROLL	273
1165516312590	1	INSTRUCTIONSCROLL	276
1165516312607	1	INSTRUCTIONSCROLL	279
1165516312623	1	INSTRUCTIONSCROLL	283
1165516312640	1	INSTRUCTIONSCROLL	286
1165516312657	1	INSTRUCTIONSCROLL	289
1165516312673	1	INSTRUCTIONSCROLL	293
1165516312690	1	INSTRUCTIONSCROLL	296
1165516312707	1	INSTRUCTIONSCROLL	299
1165516312723	1	INSTRUCTIONSCROLL	303
1165516312740	1	INSTRUCTIONSCROLL	306
1165516312757	1	INSTRUCTIONSCROLL	309
1165516312773	1	INSTRUCTIONSCROLL	313
1165516312790	1	INSTRUCTIONSCROLL	316
1165516312807	1	INSTRUCTIONSCROLL	319
1165516312823	1	INSTRUCTIONSCROLL	323
1165516312840	1	INSTRUCTIONSCROLL	326
1165516312857	1	INSTRUCTIONSCROLL	329
1165516312873	1	INSTRUCTIONSCROLL	333
1165516313706	1	INSTRUCTIONSCROLL	334
1165516313723	1	INSTRUCTIONSCROLL	336
1165516313740	1	INSTRUCTIONSCROLL	339
1165516313756	1	INSTRUCTIONSCROLL	343
1165516313773	1	INSTRUCTIONSCROLL	346
1165516313790	1	INSTRUCTIONSCROLL	349
1165516313806	1	INSTRUCTIONSCROLL	353
1165516313823	1	INSTRUCTIONSCROLL	356
1165516313840	1	INSTRUCTIONSCROLL	360
1165516313856	1	INSTRUCTIONSCROLL	363
1165516313873	1	INSTRUCTIONSCROLL	366
1165516313890	1	INSTRUCTIONSCROLL	369
1165516313906	1	INSTRUCTIONSCROLL	373
1165516313923	1	INSTRUCTIONSCROLL	376
1165516313940	1	INSTRUCTIONSCROLL	380
1165516313956	1	INSTRUCTIONSCROLL	383
1165516313973	1	INSTRUCTIONSCROLL	386
1165516313990	1	INSTRUCTIONSCROLL	390
1165516314007	1	INSTRUCTIONSCROLL	393
1165516314024	1	INSTRUCTIONSCROLL	396
1165516314040	1	INSTRUCTIONSCROLL	400
1165516314056	1	INSTRUCTIONSCROLL	403
1165516314723	1	INSTRUCTIONSCROLL	404
1165516314739	1	INSTRUCTIONSCROLL	406
1165516314756	1	INSTRUCTIONSCROLL	410
1165516314773	1	INSTRUCTIONSCROLL	413
1165516314789	1	INSTRUCTIONSCROLL	416
1165516314806	1	INSTRUCTIONSCROLL	420
1165516314823	1	INSTRUCTIONSCROLL	423
1165516314839	1	INSTRUCTIONSCROLL	426
1165516314856	1	INSTRUCTIONSCROLL	430
1165516314873	1	INSTRUCTIONSCROLL	433
1165516314889	1	INSTRUCTIONSCROLL	436
1165516314906	1	INSTRUCTIONSCROLL	440
1165516314923	1	INSTRUCTIONSCROLL	443
1165516314939	1	INSTRUCTIONSCROLL	446
1165516314956	1	INSTRUCTIONSCROLL	450
1165516314973	1	INSTRUCTIONSCROLL	453
1165516314989	1	INSTRUCTIONSCROLL	456
1165516315007	1	INSTRUCTIONSCROLL	460
1165516315023	1	INSTRUCTIONSCROLL	463
1165516315040	1	INSTRUCTIONSCROLL	466
1165516315056	1	INSTRUCTIONSCROLL	470
1165516315072	1	INSTRUCTIONSCROLL	473
1165516315089	1	INSTRUCTIONSCROLL	476
1165516315106	1	INSTRUCTIONSCROLL	480
1165516315123	1	INSTRUCTIONSCROLL	483
1165516315139	1	INSTRUCTIONSCROLL	486
1165516315489	1	INSTRUCTIONSCROLL	487
1165516315506	1	INSTRUCTIONSCROLL	489
1165516315522	1	INSTRUCTIONSCROLL	493
1165516315539	1	INSTRUCTIONSCROLL	496
1165516315556	1	INSTRUCTIONSCROLL	499
1165516315572	1	INSTRUCTIONSCROLL	503
1165516315589	1	INSTRUCTIONSCROLL	506
1165516315606	1	INSTRUCTIONSCROLL	509
1165516315622	1	INSTRUCTIONSCROLL	513
1165516315639	1	INSTRUCTIONSCROLL	516
1165516315656	1	INSTRUCTIONSCROLL	519
1165516315672	1	INSTRUCTIONSCROLL	523
1165516315689	1	INSTRUCTIONSCROLL	526
1165516315706	1	INSTRUCTIONSCROLL	529
1165516315722	1	INSTRUCTIONSCROLL	533
1165516315739	1	INSTRUCTIONSCROLL	536
1165516315756	1	INSTRUCTIONSCROLL	539
1165516315772	1	INSTRUCTIONSCROLL	543
1165516315789	1	INSTRUCTIONSCROLL	546
1165516315806	1	INSTRUCTIONSCROLL	549
1165516315822	1	INSTRUCTIONSCROLL	553
1165516315839	1	INSTRUCTIONSCROLL	556
1165516315856	1	INSTRUCTIONSCROLL	559
1165516315872	1	INSTRUCTIONSCROLL	563
1165516315889	1	INSTRUCTIONSCROLL	566
1165516315906	1	INSTRUCTIONSCROLL	569
1165516315922	1	INSTRUCTIONSCROLL	573
1165516315939	1	INSTRUCTIONSCROLL	576
1165516315956	1	INSTRUCTIONSCROLL	579
1165516315972	1	INSTRUCTIONSCROLL	583
1165516315989	1	INSTRUCTIONSCROLL	586
1165516316007	1	INSTRUCTIONSCROLL	589
1165516316023	1	INSTRUCTIONSCROLL	593
1165516316040	1	INSTRUCTIONSCROLL	596
1165516316056	1	INSTRUCTIONSCROLL	599
1165516316072	1	INSTRUCTIONSCROLL	603
1165516316089	1	INSTRUCTIONSCROLL	606
1165516316106	1	INSTRUCTIONSCROLL	609
1165516316122	1	INSTRUCTIONSCROLL	613
1165516316139	1	INSTRUCTIONSCROLL	616
1165516316155	1	INSTRUCTIONSCROLL	619
1165516316172	1	INSTRUCTIONSCROLL	623
1165516316189	1	INSTRUCTIONSCROLL	626
1165516316206	1	INSTRUCTIONSCROLL	629
1165516316222	1	INSTRUCTIONSCROLL	633
1165516316239	1	INSTRUCTIONSCROLL	636
1165516316255	1	INSTRUCTIONSCROLL	639
1165516316272	1	INSTRUCTIONSCROLL	643
1165516316289	1	INSTRUCTIONSCROLL	646
1165516316305	1	INSTRUCTIONSCROLL	649
1165516316322	1	INSTRUCTIONSCROLL	653
1165516316339	1	INSTRUCTIONSCROLL	656
1165516316355	1	INSTRUCTIONSCROLL	659
1165516316372	1	INSTRUCTIONSCROLL	663
1165516316389	1	INSTRUCTIONSCROLL	666
1165516316405	1	INSTRUCTIONSCROLL	669
1165516316422	1	INSTRUCTIONSCROLL	673
1165516316439	1	INSTRUCTIONSCROLL	676
1165516316455	1	INSTRUCTIONSCROLL	679
1165516316472	1	INSTRUCTIONSCROLL	683
1165516316489	1	INSTRUCTIONSCROLL	686
1165516316505	1	INSTRUCTIONSCROLL	689
1165516316522	1	INSTRUCTIONSCROLL	693
1165516316539	1	INSTRUCTIONSCROLL	696
1165516316555	1	INSTRUCTIONSCROLL	699
1165516316572	1	INSTRUCTIONSCROLL	703
1165516316589	1	INSTRUCTIONSCROLL	706
1165516316605	1	INSTRUCTIONSCROLL	709
1165516316622	1	INSTRUCTIONSCROLL	713
1165516316639	1	INSTRUCTIONSCROLL	716
1165516316655	1	INSTRUCTIONSCROLL	719
1165516316672	1	INSTRUCTIONSCROLL	723
1165516316689	1	INSTRUCTIONSCROLL	726
1165516316705	1	INSTRUCTIONSCROLL	729
1165516316722	1	INSTRUCTIONSCROLL	733
1165516316739	1	INSTRUCTIONSCROLL	736
1165516316755	1	INSTRUCTIONSCROLL	739
1165516316772	1	INSTRUCTIONSCROLL	743
1165516316789	1	INSTRUCTIONSCROLL	746
1165516316805	1	INSTRUCTIONSCROLL	749
1165516316822	1	INSTRUCTIONSCROLL	753
1165516316839	1	INSTRUCTIONSCROLL	756
1165516316855	1	INSTRUCTIONSCROLL	759
1165516316872	1	INSTRUCTIONSCROLL	763
1165516316889	1	INSTRUCTIONSCROLL	766
1165516316905	1	INSTRUCTIONSCROLL	769
1165516316922	1	INSTRUCTIONSCROLL	773
1165516316939	1	INSTRUCTIONSCROLL	776
1165516316955	1	INSTRUCTIONSCROLL	779
1165516316972	1	INSTRUCTIONSCROLL	783
1165516316989	1	INSTRUCTIONSCROLL	786
1165516317006	1	INSTRUCTIONSCROLL	789
1165516317023	1	INSTRUCTIONSCROLL	793
1165516317040	1	INSTRUCTIONSCROLL	796
1165516317055	1	INSTRUCTIONSCROLL	799
1165516317072	1	INSTRUCTIONSCROLL	803
1165516317089	1	INSTRUCTIONSCROLL	806
1165516317105	1	INSTRUCTIONSCROLL	809
1165516317122	1	INSTRUCTIONSCROLL	813
1165516317139	1	INSTRUCTIONSCROLL	816
1165516317155	1	INSTRUCTIONSCROLL	819
1165516317172	1	INSTRUCTIONSCROLL	823
1165516317188	1	INSTRUCTIONSCROLL	826
1165516317205	1	INSTRUCTIONSCROLL	829
1165516317688	1	INSTRUCTIONSCROLL	830
1165516317705	1	INSTRUCTIONSCROLL	831
1165516317722	1	INSTRUCTIONSCROLL	834
1165516317738	1	INSTRUCTIONSCROLL	837
1165516317755	1	INSTRUCTIONSCROLL	841
1165516317772	1	INSTRUCTIONSCROLL	844
1165516317788	1	INSTRUCTIONSCROLL	847
1165516317805	1	INSTRUCTIONSCROLL	851
1165516317822	1	INSTRUCTIONSCROLL	854
1165516318588	1	INSTRUCTIONSCROLL	855
1165516318605	1	INSTRUCTIONSCROLL	856
1165516318621	1	INSTRUCTIONSCROLL	859
1165516318638	1	INSTRUCTIONSCROLL	863
1165516318655	1	INSTRUCTIONSCROLL	866
1165516318671	1	INSTRUCTIONSCROLL	869
1165516318688	1	INSTRUCTIONSCROLL	873
1165516318705	1	INSTRUCTIONSCROLL	876
1165516318721	1	INSTRUCTIONSCROLL	879
1165516318738	1	INSTRUCTIONSCROLL	883
1165516318755	1	INSTRUCTIONSCROLL	886
1165516318771	1	INSTRUCTIONSCROLL	889
1165516318788	1	INSTRUCTIONSCROLL	893
1165516318805	1	INSTRUCTIONSCROLL	896
1165516318821	1	INSTRUCTIONSCROLL	899
1165516318838	1	INSTRUCTIONSCROLL	903
1165516318855	1	INSTRUCTIONSCROLL	906
1165516318871	1	INSTRUCTIONSCROLL	909
1165516318888	1	INSTRUCTIONSCROLL	913
1165516318905	1	INSTRUCTIONSCROLL	916
1165516318921	1	INSTRUCTIONSCROLL	919
1165516318938	1	INSTRUCTIONSCROLL	923
1165516318955	1	INSTRUCTIONSCROLL	926
1165516318971	1	INSTRUCTIONSCROLL	930
1165516318988	1	INSTRUCTIONSCROLL	933
1165516319006	1	INSTRUCTIONSCROLL	936
1165516319022	1	INSTRUCTIONSCROLL	940
1165516319039	1	INSTRUCTIONSCROLL	943
1165516319055	1	INSTRUCTIONSCROLL	946
1165516319471	1	INSTRUCTIONSCROLL	947
1165516319488	1	INSTRUCTIONSCROLL	951
1165516319504	1	INSTRUCTIONSCROLL	954
1165516319521	1	INSTRUCTIONSCROLL	957
1165516319538	1	INSTRUCTIONSCROLL	961
1165516319554	1	INSTRUCTIONSCROLL	964
1165516319571	1	INSTRUCTIONSCROLL	967
1165516319588	1	INSTRUCTIONSCROLL	971
1165516319604	1	INSTRUCTIONSCROLL	974
1165516319621	1	INSTRUCTIONSCROLL	977
1165516319638	1	INSTRUCTIONSCROLL	981
1165516319654	1	INSTRUCTIONSCROLL	984
1165516319671	1	INSTRUCTIONSCROLL	987
1165516319688	1	INSTRUCTIONSCROLL	991
1165516319704	1	INSTRUCTIONSCROLL	994
1165516319721	1	INSTRUCTIONSCROLL	997
1165516319738	1	INSTRUCTIONSCROLL	1001
1165516319754	1	INSTRUCTIONSCROLL	1004
1165516319771	1	INSTRUCTIONSCROLL	1007
1165516319788	1	INSTRUCTIONSCROLL	1011
1165516319804	1	INSTRUCTIONSCROLL	1014
1165516319821	1	INSTRUCTIONSCROLL	1017
1165516319838	1	INSTRUCTIONSCROLL	1021
1165516319854	1	INSTRUCTIONSCROLL	1024
1165516319871	1	INSTRUCTIONSCROLL	1027
1165516319888	1	INSTRUCTIONSCROLL	1031
1165516319904	1	INSTRUCTIONSCROLL	1034
1165516319921	1	INSTRUCTIONSCROLL	1037
1165516319938	1	INSTRUCTIONSCROLL	1041
1165516319954	1	INSTRUCTIONSCROLL	1044
1165516320238	1	INSTRUCTIONSCROLL	1045
1165516320254	1	INSTRUCTIONSCROLL	1046
1165516320271	1	INSTRUCTIONSCROLL	1050
1165516320287	1	INSTRUCTIONSCROLL	1053
1165516320304	1	INSTRUCTIONSCROLL	1057
1165516320321	1	INSTRUCTIONSCROLL	1060
1165516320337	1	INSTRUCTIONSCROLL	1063
1165516320354	1	INSTRUCTIONSCROLL	1067
1165516320371	1	INSTRUCTIONSCROLL	1070
1165516320671	1	INSTRUCTIONSCROLL	1071
1165516320690	1	INSTRUCTIONSCROLL	1074
1165516320704	1	INSTRUCTIONSCROLL	1078
1165516320721	1	INSTRUCTIONSCROLL	1081
1165516320737	1	INSTRUCTIONSCROLL	1084
1165516320754	1	INSTRUCTIONSCROLL	1088
1165516320771	1	INSTRUCTIONSCROLL	1091
1165516321354	1	INSTRUCTIONSCROLL	1092
1165516321370	1	INSTRUCTIONSCROLL	1096
1165516321387	1	INSTRUCTIONSCROLL	1099
1165516321404	1	INSTRUCTIONSCROLL	1102
1165516321420	1	INSTRUCTIONSCROLL	1106
1165516321437	1	INSTRUCTIONSCROLL	1109
1165516321454	1	INSTRUCTIONSCROLL	1112
1165516321470	1	INSTRUCTIONSCROLL	1116
1165516321487	1	INSTRUCTIONSCROLL	1119
1165516321504	1	INSTRUCTIONSCROLL	1122
1165516321520	1	INSTRUCTIONSCROLL	1126
1165516321537	1	INSTRUCTIONSCROLL	1129
1165516321554	1	INSTRUCTIONSCROLL	1132
1165516321570	1	INSTRUCTIONSCROLL	1136
1165516321587	1	INSTRUCTIONSCROLL	1139
1165516321604	1	INSTRUCTIONSCROLL	1142
1165516321620	1	INSTRUCTIONSCROLL	1146
1165516321637	1	INSTRUCTIONSCROLL	1149
1165516321654	1	INSTRUCTIONSCROLL	1152
1165516321670	1	INSTRUCTIONSCROLL	1156
1165516321687	1	INSTRUCTIONSCROLL	1159
1165516321704	1	INSTRUCTIONSCROLL	1162
1165516321720	1	INSTRUCTIONSCROLL	1166
1165516321737	1	INSTRUCTIONSCROLL	1169
1165516321754	1	INSTRUCTIONSCROLL	1172
1165516321770	1	INSTRUCTIONSCROLL	1176
1165516321787	1	INSTRUCTIONSCROLL	1179
1165516322153	1	INSTRUCTIONSCROLL	1180
1165516322170	1	INSTRUCTIONSCROLL	1181
1165516322187	1	INSTRUCTIONSCROLL	1184
1165516322204	1	INSTRUCTIONSCROLL	1187
1165516322220	1	INSTRUCTIONSCROLL	1191
1165516322237	1	INSTRUCTIONSCROLL	1194
1165516322254	1	INSTRUCTIONSCROLL	1197
1165516322270	1	INSTRUCTIONSCROLL	1201
1165516322287	1	INSTRUCTIONSCROLL	1204
1165516322303	1	INSTRUCTIONSCROLL	1207
1165516322320	1	INSTRUCTIONSCROLL	1211
1165516322337	1	INSTRUCTIONSCROLL	1214
1165516322353	1	INSTRUCTIONSCROLL	1217
1165516322370	1	INSTRUCTIONSCROLL	1221
1165516322387	1	INSTRUCTIONSCROLL	1224
1165516323353	1	INSTRUCTIONSCROLL	1225
1165516323370	1	INSTRUCTIONSCROLL	1227
1165516323386	1	INSTRUCTIONSCROLL	1230
1165516323403	1	INSTRUCTIONSCROLL	1234
1165516323420	1	INSTRUCTIONSCROLL	1237
1165516323436	1	INSTRUCTIONSCROLL	1240
1165516323453	1	INSTRUCTIONSCROLL	1244
1165516323470	1	INSTRUCTIONSCROLL	1247
1165516323486	1	INSTRUCTIONSCROLL	1250
1165516323503	1	INSTRUCTIONSCROLL	1254
1165516323520	1	INSTRUCTIONSCROLL	1257
1165516323536	1	INSTRUCTIONSCROLL	1260
1165516323553	1	INSTRUCTIONSCROLL	1264
1165516323570	1	INSTRUCTIONSCROLL	1267
1165516323586	1	INSTRUCTIONSCROLL	1270
1165516323603	1	INSTRUCTIONSCROLL	1274
1165516323620	1	INSTRUCTIONSCROLL	1277
1165516323636	1	INSTRUCTIONSCROLL	1280
1165516323653	1	INSTRUCTIONSCROLL	1284
1165516323670	1	INSTRUCTIONSCROLL	1287
1165516323686	1	INSTRUCTIONSCROLL	1290
1165516323703	1	INSTRUCTIONSCROLL	1294
1165516323720	1	INSTRUCTIONSCROLL	1297
1165516323736	1	INSTRUCTIONSCROLL	1300
1165516323753	1	INSTRUCTIONSCROLL	1304
1165516323770	1	INSTRUCTIONSCROLL	1307
1165516323786	1	INSTRUCTIONSCROLL	1310
1165516323803	1	INSTRUCTIONSCROLL	1314
1165516323820	1	INSTRUCTIONSCROLL	1317
1165516323836	1	INSTRUCTIONSCROLL	1320
1165516323853	1	INSTRUCTIONSCROLL	1324
1165516323870	1	INSTRUCTIONSCROLL	1327
1165516323886	1	INSTRUCTIONSCROLL	1330
1165516323903	1	INSTRUCTIONSCROLL	1334
1165516323920	1	INSTRUCTIONSCROLL	1337
1165516323936	1	INSTRUCTIONSCROLL	1340
1165516323953	1	INSTRUCTIONSCROLL	1344
1165516323970	1	INSTRUCTIONSCROLL	1347
1165516323986	1	INSTRUCTIONSCROLL	1350
1165516324004	1	INSTRUCTIONSCROLL	1354
1165516324021	1	INSTRUCTIONSCROLL	1357
1165516324037	1	INSTRUCTIONSCROLL	1361
1165516324053	1	INSTRUCTIONSCROLL	1364
1165516324070	1	INSTRUCTIONSCROLL	1367
1165516324086	1	INSTRUCTIONSCROLL	1370
1165516324103	1	INSTRUCTIONSCROLL	1374
1165516324120	1	INSTRUCTIONSCROLL	1377
1165516324136	1	INSTRUCTIONSCROLL	1380
1165516324153	1	INSTRUCTIONSCROLL	1384
1165516324170	1	INSTRUCTIONSCROLL	1387
1165516324186	1	INSTRUCTIONSCROLL	1390
1165516324203	1	INSTRUCTIONSCROLL	1394
1165516324219	1	INSTRUCTIONSCROLL	1397
1165516324236	1	INSTRUCTIONSCROLL	1400
1165516324253	1	INSTRUCTIONSCROLL	1404
1165516324270	1	INSTRUCTIONSCROLL	1407
1165516324286	1	INSTRUCTIONSCROLL	1410
1165516324303	1	INSTRUCTIONSCROLL	1414
1165516324319	1	INSTRUCTIONSCROLL	1417
1165516324336	1	INSTRUCTIONSCROLL	1420
1165516324353	1	INSTRUCTIONSCROLL	1424
1165516324370	1	INSTRUCTIONSCROLL	1427
1165516324386	1	INSTRUCTIONSCROLL	1430
1165516324403	1	INSTRUCTIONSCROLL	1434
1165516324419	1	INSTRUCTIONSCROLL	1437
1165516324436	1	INSTRUCTIONSCROLL	1440
1165516324453	1	INSTRUCTIONSCROLL	1444
1165516324469	1	INSTRUCTIONSCROLL	1447
1165516324486	1	INSTRUCTIONSCROLL	1450
1165516324503	1	INSTRUCTIONSCROLL	1454
1165516324520	1	INSTRUCTIONSCROLL	1457
1165516324536	1	INSTRUCTIONSCROLL	1460
1165516324553	1	INSTRUCTIONSCROLL	1464
1165516324569	1	INSTRUCTIONSCROLL	1467
1165516324586	1	INSTRUCTIONSCROLL	1470
1165516324603	1	INSTRUCTIONSCROLL	1474
1165516324619	1	INSTRUCTIONSCROLL	1477
1165516324636	1	INSTRUCTIONSCROLL	1480
1165516324653	1	INSTRUCTIONSCROLL	1484
1165516324669	1	INSTRUCTIONSCROLL	1487
1165516324690	1	INSTRUCTIONSCROLL	1490
1165516324703	1	INSTRUCTIONSCROLL	1495
1165516324719	1	INSTRUCTIONSCROLL	1497
1165516324736	1	INSTRUCTIONSCROLL	1500
1165516324753	1	INSTRUCTIONSCROLL	1504
1165516324769	1	INSTRUCTIONSCROLL	1507
1165516324786	1	INSTRUCTIONSCROLL	1510
1165516324803	1	INSTRUCTIONSCROLL	1514
1165516324819	1	INSTRUCTIONSCROLL	1517
1165516324836	1	INSTRUCTIONSCROLL	1520
1165516324853	1	INSTRUCTIONSCROLL	1524
1165516324869	1	INSTRUCTIONSCROLL	1527
1165516324886	1	INSTRUCTIONSCROLL	1530
1165516324903	1	INSTRUCTIONSCROLL	1534
1165516324919	1	INSTRUCTIONSCROLL	1537
1165516324936	1	INSTRUCTIONSCROLL	1540
1165516324953	1	INSTRUCTIONSCROLL	1544
1165516324969	1	INSTRUCTIONSCROLL	1547
1165516324986	1	INSTRUCTIONSCROLL	1550
1165516325004	1	INSTRUCTIONSCROLL	1554
1165516325020	1	INSTRUCTIONSCROLL	1557
1165516325037	1	INSTRUCTIONSCROLL	1561
1165516325053	1	INSTRUCTIONSCROLL	1564
1165516325069	1	INSTRUCTIONSCROLL	1567
1165516325086	1	INSTRUCTIONSCROLL	1570
1165516325103	1	INSTRUCTIONSCROLL	1574
1165516325119	1	INSTRUCTIONSCROLL	1577
1165516325136	1	INSTRUCTIONSCROLL	1580
1165516325153	1	INSTRUCTIONSCROLL	1584
1165516325169	1	INSTRUCTIONSCROLL	1587
1165516325186	1	INSTRUCTIONSCROLL	1590
1165516325203	1	INSTRUCTIONSCROLL	1594
1165516325219	1	INSTRUCTIONSCROLL	1597
1165516325236	1	INSTRUCTIONSCROLL	1600
1165516325253	1	INSTRUCTIONSCROLL	1604
1165516325269	1	INSTRUCTIONSCROLL	1607
1165516325286	1	INSTRUCTIONSCROLL	1610
1165516325303	1	INSTRUCTIONSCROLL	1614
1165516325319	1	INSTRUCTIONSCROLL	1617
1165516325336	1	INSTRUCTIONSCROLL	1620
1165516325353	1	INSTRUCTIONSCROLL	1624
1165516325369	1	INSTRUCTIONSCROLL	1627
1165516325386	1	INSTRUCTIONSCROLL	1630
1165516325403	1	INSTRUCTIONSCROLL	1634
1165516325419	1	INSTRUCTIONSCROLL	1637
1165516325436	1	INSTRUCTIONSCROLL	1640
1165516325452	1	INSTRUCTIONSCROLL	1644
1165516325469	1	INSTRUCTIONSCROLL	1647
1165516325486	1	INSTRUCTIONSCROLL	1650
1165516325502	1	INSTRUCTIONSCROLL	1654
1165516325519	1	INSTRUCTIONSCROLL	1657
1165516325536	1	INSTRUCTIONSCROLL	1660
1165516325552	1	INSTRUCTIONSCROLL	1664
1165516325569	1	INSTRUCTIONSCROLL	1667
1165516325586	1	INSTRUCTIONSCROLL	1670
1165516325602	1	INSTRUCTIONSCROLL	1674
1165516325619	1	INSTRUCTIONSCROLL	1677
1165516325636	1	INSTRUCTIONSCROLL	1680
1165516325652	1	INSTRUCTIONSCROLL	1684
1165516325669	1	INSTRUCTIONSCROLL	1687
1165516325686	1	INSTRUCTIONSCROLL	1690
1165516325702	1	INSTRUCTIONSCROLL	1694
1165516325719	1	INSTRUCTIONSCROLL	1697
1165516325736	1	INSTRUCTIONSCROLL	1700
1165516325752	1	INSTRUCTIONSCROLL	1704
1165516325769	1	INSTRUCTIONSCROLL	1707
1165516325786	1	INSTRUCTIONSCROLL	1710
1165516325802	1	INSTRUCTIONSCROLL	1714
1165516325819	1	INSTRUCTIONSCROLL	1717
1165516325836	1	INSTRUCTIONSCROLL	1720
1165516325852	1	INSTRUCTIONSCROLL	1724
1165516325869	1	INSTRUCTIONSCROLL	1727
1165516325886	1	INSTRUCTIONSCROLL	1730
1165516325902	1	INSTRUCTIONSCROLL	1734
1165516325919	1	INSTRUCTIONSCROLL	1737
1165516325936	1	INSTRUCTIONSCROLL	1740
1165516325952	1	INSTRUCTIONSCROLL	1744
1165516325969	1	INSTRUCTIONSCROLL	1747
1165516325986	1	INSTRUCTIONSCROLL	1750
1165516326003	1	INSTRUCTIONSCROLL	1754
1165516326020	1	INSTRUCTIONSCROLL	1757
1165516326037	1	INSTRUCTIONSCROLL	1760
1165516326052	1	INSTRUCTIONSCROLL	1764
1165516326069	1	INSTRUCTIONSCROLL	1767
1165516326086	1	INSTRUCTIONSCROLL	1770
1165516326102	1	INSTRUCTIONSCROLL	1774
1165516326119	1	INSTRUCTIONSCROLL	1777
1165516326136	1	INSTRUCTIONSCROLL	1780
1165516326152	1	INSTRUCTIONSCROLL	1784
1165516326169	1	INSTRUCTIONSCROLL	1787
1165516326186	1	INSTRUCTIONSCROLL	1790
1165516326202	1	INSTRUCTIONSCROLL	1794
1165516326219	1	INSTRUCTIONSCROLL	1797
1165516326236	1	INSTRUCTIONSCROLL	1800
1165516326252	1	INSTRUCTIONSCROLL	1804
1165516326269	1	INSTRUCTIONSCROLL	1807
1165516326286	1	INSTRUCTIONSCROLL	1810
1165516326302	1	INSTRUCTIONSCROLL	1814
1165516326319	1	INSTRUCTIONSCROLL	1817
1165516326335	1	INSTRUCTIONSCROLL	1820
1165516326352	1	INSTRUCTIONSCROLL	1824
1165516326369	1	INSTRUCTIONSCROLL	1827
1165516326386	1	INSTRUCTIONSCROLL	1830
1165516326402	1	INSTRUCTIONSCROLL	1834
1165516326419	1	INSTRUCTIONSCROLL	1837
1165516326436	1	INSTRUCTIONSCROLL	1840
1165516326452	1	INSTRUCTIONSCROLL	1844
1165516326469	1	INSTRUCTIONSCROLL	1847
1165516326485	1	INSTRUCTIONSCROLL	1850
1165516326502	1	INSTRUCTIONSCROLL	1854
1165516326519	1	INSTRUCTIONSCROLL	1857
1165516326535	1	INSTRUCTIONSCROLL	1861
1165516326552	1	INSTRUCTIONSCROLL	1864
1165516326569	1	INSTRUCTIONSCROLL	1867
1165516326585	1	INSTRUCTIONSCROLL	1870
1165516326602	1	INSTRUCTIONSCROLL	1874
1165516326619	1	INSTRUCTIONSCROLL	1877
1165516326635	1	INSTRUCTIONSCROLL	1880
1165516326652	1	INSTRUCTIONSCROLL	1884
1165516326669	1	INSTRUCTIONSCROLL	1887
1165516326685	1	INSTRUCTIONSCROLL	1890
1165516326702	1	INSTRUCTIONSCROLL	1894
1165516326719	1	INSTRUCTIONSCROLL	1897
1165516326735	1	INSTRUCTIONSCROLL	1900
1165516326752	1	INSTRUCTIONSCROLL	1904
1165516326769	1	INSTRUCTIONSCROLL	1907
1165516326785	1	INSTRUCTIONSCROLL	1910
1165516326802	1	INSTRUCTIONSCROLL	1914
1165516326819	1	INSTRUCTIONSCROLL	1917
1165516326835	1	INSTRUCTIONSCROLL	1920
1165516326852	1	INSTRUCTIONSCROLL	1924
1165516326869	1	INSTRUCTIONSCROLL	1927
1165516326885	1	INSTRUCTIONSCROLL	1930
1165516326902	1	INSTRUCTIONSCROLL	1934
1165516326919	1	INSTRUCTIONSCROLL	1937
1165516326935	1	INSTRUCTIONSCROLL	1940
1165516326952	1	INSTRUCTIONSCROLL	1944
1165516326969	1	INSTRUCTIONSCROLL	1947
1165516326985	1	INSTRUCTIONSCROLL	1950
1165516327003	1	INSTRUCTIONSCROLL	1954
1165516327020	1	INSTRUCTIONSCROLL	1957
1165516327036	1	INSTRUCTIONSCROLL	1960
1165516327052	1	INSTRUCTIONSCROLL	1964
1165516327069	1	INSTRUCTIONSCROLL	1967
1165516327085	1	INSTRUCTIONSCROLL	1970
1165516327102	1	INSTRUCTIONSCROLL	1974
1165516327119	1	INSTRUCTIONSCROLL	1977
1165516327135	1	INSTRUCTIONSCROLL	1980
1165516327152	1	INSTRUCTIONSCROLL	1984
1165516327169	1	INSTRUCTIONSCROLL	1987
1165516327185	1	INSTRUCTIONSCROLL	1990
1165516327202	1	INSTRUCTIONSCROLL	1994
1165516327219	1	INSTRUCTIONSCROLL	1997
1165516327235	1	INSTRUCTIONSCROLL	2000
1165516327252	1	INSTRUCTIONSCROLL	2004
1165516327269	1	INSTRUCTIONSCROLL	2007
1165516327285	1	INSTRUCTIONSCROLL	2010
1165516327302	1	INSTRUCTIONSCROLL	2013
1165516327319	1	INSTRUCTIONSCROLL	2017
1165516327335	1	INSTRUCTIONSCROLL	2020
1165516327352	1	INSTRUCTIONSCROLL	2024
1165516327369	1	INSTRUCTIONSCROLL	2027
1165516327385	1	INSTRUCTIONSCROLL	2030
1165516327402	1	INSTRUCTIONSCROLL	2034
1165516327418	1	INSTRUCTIONSCROLL	2037
1165516327435	1	INSTRUCTIONSCROLL	2040
1165516327452	1	INSTRUCTIONSCROLL	2043
1165516327468	1	INSTRUCTIONSCROLL	2047
1165516327485	1	INSTRUCTIONSCROLL	2050
1165516327502	1	INSTRUCTIONSCROLL	2053
1165516327518	1	INSTRUCTIONSCROLL	2057
1165516327535	1	INSTRUCTIONSCROLL	2060
1165516327552	1	INSTRUCTIONSCROLL	2064
1165516327569	1	INSTRUCTIONSCROLL	2067
1165516327585	1	INSTRUCTIONSCROLL	2070
1165516327602	1	INSTRUCTIONSCROLL	2074
1165516327618	1	INSTRUCTIONSCROLL	2077
1165516327635	1	INSTRUCTIONSCROLL	2080
1165516327652	1	INSTRUCTIONSCROLL	2084
1165516327668	1	INSTRUCTIONSCROLL	2087
1165516327685	1	INSTRUCTIONSCROLL	2090
1165516327702	1	INSTRUCTIONSCROLL	2094
1165516327718	1	INSTRUCTIONSCROLL	2097
1165516327735	1	INSTRUCTIONSCROLL	2100
1165516327752	1	INSTRUCTIONSCROLL	2104
1165516327768	1	INSTRUCTIONSCROLL	2107
1165516327785	1	INSTRUCTIONSCROLL	2110
1165516327802	1	INSTRUCTIONSCROLL	2113
1165516327818	1	INSTRUCTIONSCROLL	2117
1165516327835	1	INSTRUCTIONSCROLL	2120
1165516327852	1	INSTRUCTIONSCROLL	2124
1165516327868	1	INSTRUCTIONSCROLL	2127
1165516327885	1	INSTRUCTIONSCROLL	2130
1165516327902	1	INSTRUCTIONSCROLL	2133
1165516327918	1	INSTRUCTIONSCROLL	2137
1165516327935	1	INSTRUCTIONSCROLL	2140
1165516327952	1	INSTRUCTIONSCROLL	2144
1165516327968	1	INSTRUCTIONSCROLL	2147
1165516327985	1	INSTRUCTIONSCROLL	2150
1165516328003	1	INSTRUCTIONSCROLL	2154
1165516328019	1	INSTRUCTIONSCROLL	2157
1165516328036	1	INSTRUCTIONSCROLL	2160
1165516328052	1	INSTRUCTIONSCROLL	2164
1165516328068	1	INSTRUCTIONSCROLL	2167
1165516328085	1	INSTRUCTIONSCROLL	2170
1165516328102	1	INSTRUCTIONSCROLL	2173
1165516328118	1	INSTRUCTIONSCROLL	2177
1165516328135	1	INSTRUCTIONSCROLL	2180
1165516328152	1	INSTRUCTIONSCROLL	2184
1165516328168	1	INSTRUCTIONSCROLL	2187
1165516328185	1	INSTRUCTIONSCROLL	2190
1165516328202	1	INSTRUCTIONSCROLL	2193
1165516328218	1	INSTRUCTIONSCROLL	2197
1165516328235	1	INSTRUCTIONSCROLL	2200
1165516328252	1	INSTRUCTIONSCROLL	2203
1165516328268	1	INSTRUCTIONSCROLL	2207
1165516328285	1	INSTRUCTIONSCROLL	2210
1165516328302	1	INSTRUCTIONSCROLL	2214
1165516328318	1	INSTRUCTIONSCROLL	2217
1165516328335	1	INSTRUCTIONSCROLL	2220
1165516328352	1	INSTRUCTIONSCROLL	2223
1165516328368	1	INSTRUCTIONSCROLL	2227
1165516328385	1	INSTRUCTIONSCROLL	2230
1165516328402	1	INSTRUCTIONSCROLL	2233
1165516328418	1	INSTRUCTIONSCROLL	2237
1165516328435	1	INSTRUCTIONSCROLL	2240
1165516328452	1	INSTRUCTIONSCROLL	2243
1165516328468	1	INSTRUCTIONSCROLL	2247
1165516328485	1	INSTRUCTIONSCROLL	2250
1165516328501	1	INSTRUCTIONSCROLL	2253
1165516328518	1	INSTRUCTIONSCROLL	2257
1165516328535	1	INSTRUCTIONSCROLL	2260
1165516328552	1	INSTRUCTIONSCROLL	2263
1165516328568	1	INSTRUCTIONSCROLL	2267
1165516328585	1	INSTRUCTIONSCROLL	2270
1165516328601	1	INSTRUCTIONSCROLL	2274
1165516328618	1	INSTRUCTIONSCROLL	2277
1165516328635	1	INSTRUCTIONSCROLL	2280
1165516328651	1	INSTRUCTIONSCROLL	2284
1165516328668	1	INSTRUCTIONSCROLL	2287
1165516328685	1	INSTRUCTIONSCROLL	2290
1165516328702	1	INSTRUCTIONSCROLL	2294
1165516328718	1	INSTRUCTIONSCROLL	2297
1165516328735	1	INSTRUCTIONSCROLL	2300
1165516328751	1	INSTRUCTIONSCROLL	2303
1165516328768	1	INSTRUCTIONSCROLL	2307
1165516328785	1	INSTRUCTIONSCROLL	2310
1165516328801	1	INSTRUCTIONSCROLL	2313
1165516328818	1	INSTRUCTIONSCROLL	2317
1165516328835	1	INSTRUCTIONSCROLL	2320
1165516328851	1	INSTRUCTIONSCROLL	2323
1165516328868	1	INSTRUCTIONSCROLL	2327
1165516328885	1	INSTRUCTIONSCROLL	2330
1165516328901	1	INSTRUCTIONSCROLL	2334
1165516328918	1	INSTRUCTIONSCROLL	2337
1165516328935	1	INSTRUCTIONSCROLL	2340
1165516328951	1	INSTRUCTIONSCROLL	2343
1165516328968	1	INSTRUCTIONSCROLL	2347
1165516328985	1	INSTRUCTIONSCROLL	2350
1165516329002	1	INSTRUCTIONSCROLL	2353
1165516329019	1	INSTRUCTIONSCROLL	2357
1165516329036	1	INSTRUCTIONSCROLL	2360
1165516329051	1	INSTRUCTIONSCROLL	2364
1165516329068	1	INSTRUCTIONSCROLL	2367
1165516329085	1	INSTRUCTIONSCROLL	2370
1165516329101	1	INSTRUCTIONSCROLL	2373
1165516329118	1	INSTRUCTIONSCROLL	2377
1165516329135	1	INSTRUCTIONSCROLL	2380
1165516329151	1	INSTRUCTIONSCROLL	2383
1165516329168	1	INSTRUCTIONSCROLL	2387
1165516329185	1	INSTRUCTIONSCROLL	2390
1165516329201	1	INSTRUCTIONSCROLL	2394
1165516329218	1	INSTRUCTIONSCROLL	2397
1165516329235	1	INSTRUCTIONSCROLL	2400
1165516329251	1	INSTRUCTIONSCROLL	2403
1165516329268	1	INSTRUCTIONSCROLL	2407
1165516329285	1	INSTRUCTIONSCROLL	2410
1165516329301	1	INSTRUCTIONSCROLL	2413
1165516329318	1	INSTRUCTIONSCROLL	2417
1165516329334	1	INSTRUCTIONSCROLL	2420
1165516329351	1	INSTRUCTIONSCROLL	2423
1165516329368	1	INSTRUCTIONSCROLL	2427
1165516329385	1	INSTRUCTIONSCROLL	2430
1165516329401	1	INSTRUCTIONSCROLL	2433
1165516329418	1	INSTRUCTIONSCROLL	2437
1165516329435	1	INSTRUCTIONSCROLL	2440
1165516329451	1	INSTRUCTIONSCROLL	2443
1165516329468	1	INSTRUCTIONSCROLL	2447
1165516329485	1	INSTRUCTIONSCROLL	2450
1165516329501	1	INSTRUCTIONSCROLL	2454
1165516329518	1	INSTRUCTIONSCROLL	2457
1165516329534	1	INSTRUCTIONSCROLL	2460
1165516329551	1	INSTRUCTIONSCROLL	2463
1165516329568	1	INSTRUCTIONSCROLL	2467
1165516329585	1	INSTRUCTIONSCROLL	2470
1165516329601	1	INSTRUCTIONSCROLL	2473
1165516329618	1	INSTRUCTIONSCROLL	2477
1165516329634	1	INSTRUCTIONSCROLL	2480
1165516329651	1	INSTRUCTIONSCROLL	2483
1165516329668	1	INSTRUCTIONSCROLL	2487
1165516329684	1	INSTRUCTIONSCROLL	2490
1165516329701	1	INSTRUCTIONSCROLL	2493
1165516329718	1	INSTRUCTIONSCROLL	2497
1165516329734	1	INSTRUCTIONSCROLL	2500
1165516329751	1	INSTRUCTIONSCROLL	2503
1165516329768	1	INSTRUCTIONSCROLL	2507
1165516329784	1	INSTRUCTIONSCROLL	2510
1165516329801	1	INSTRUCTIONSCROLL	2513
1165516329818	1	INSTRUCTIONSCROLL	2517
1165516329834	1	INSTRUCTIONSCROLL	2520
1165516329851	1	INSTRUCTIONSCROLL	2523
1165516329868	1	INSTRUCTIONSCROLL	2527
1165516329884	1	INSTRUCTIONSCROLL	2530
1165516329901	1	INSTRUCTIONSCROLL	2533
1165516329918	1	INSTRUCTIONSCROLL	2537
1165516329934	1	INSTRUCTIONSCROLL	2540
1165516329951	1	INSTRUCTIONSCROLL	2543
1165516329968	1	INSTRUCTIONSCROLL	2547
1165516329984	1	INSTRUCTIONSCROLL	2550
1165516330002	1	INSTRUCTIONSCROLL	2553
1165516330019	1	INSTRUCTIONSCROLL	2557
1165516330036	1	INSTRUCTIONSCROLL	2560
1165516330051	1	INSTRUCTIONSCROLL	2564
1165516330068	1	INSTRUCTIONSCROLL	2567
1165516330084	1	INSTRUCTIONSCROLL	2570
1165516330101	1	INSTRUCTIONSCROLL	2573
1165516330118	1	INSTRUCTIONSCROLL	2577
1165516330134	1	INSTRUCTIONSCROLL	2580
1165516330151	1	INSTRUCTIONSCROLL	2583
1165516330168	1	INSTRUCTIONSCROLL	2587
1165516330184	1	INSTRUCTIONSCROLL	2590
1165516330201	1	INSTRUCTIONSCROLL	2593
1165516330218	1	INSTRUCTIONSCROLL	2597
1165516330234	1	INSTRUCTIONSCROLL	2600
1165516330251	1	INSTRUCTIONSCROLL	2603
1165516330268	1	INSTRUCTIONSCROLL	2607
1165516330284	1	INSTRUCTIONSCROLL	2610
1165516330301	1	INSTRUCTIONSCROLL	2613
1165516330318	1	INSTRUCTIONSCROLL	2617
1165516330334	1	INSTRUCTIONSCROLL	2620
1165516330351	1	INSTRUCTIONSCROLL	2623
1165516330367	1	INSTRUCTIONSCROLL	2627
1165516330384	1	INSTRUCTIONSCROLL	2630
1165516330401	1	INSTRUCTIONSCROLL	2633
1165516330418	1	INSTRUCTIONSCROLL	2637
1165516330434	1	INSTRUCTIONSCROLL	2640
1165516330451	1	INSTRUCTIONSCROLL	2643
1165516330467	1	INSTRUCTIONSCROLL	2647
1165516330484	1	INSTRUCTIONSCROLL	2650
1165516330501	1	INSTRUCTIONSCROLL	2653
1165516330517	1	INSTRUCTIONSCROLL	2657
1165516330534	1	INSTRUCTIONSCROLL	2660
1165516330551	1	INSTRUCTIONSCROLL	2663
1165516330568	1	INSTRUCTIONSCROLL	2667
1165516330584	1	INSTRUCTIONSCROLL	2670
1165516330601	1	INSTRUCTIONSCROLL	2673
1165516330617	1	INSTRUCTIONSCROLL	2677
1165516330634	1	INSTRUCTIONSCROLL	2680
1165516330651	1	INSTRUCTIONSCROLL	2683
1165516330667	1	INSTRUCTIONSCROLL	2687
1165516330684	1	INSTRUCTIONSCROLL	2690
1165516330701	1	INSTRUCTIONSCROLL	2693
1165516330717	1	INSTRUCTIONSCROLL	2697
1165516330734	1	INSTRUCTIONSCROLL	2700
1165516330751	1	INSTRUCTIONSCROLL	2703
1165516330767	1	INSTRUCTIONSCROLL	2707
1165516330784	1	INSTRUCTIONSCROLL	2710
1165516330801	1	INSTRUCTIONSCROLL	2713
1165516330817	1	INSTRUCTIONSCROLL	2717
1165516330834	1	INSTRUCTIONSCROLL	2720
1165516330851	1	INSTRUCTIONSCROLL	2723
1165516330867	1	INSTRUCTIONSCROLL	2727
1165516330884	1	INSTRUCTIONSCROLL	2730
1165516330901	1	INSTRUCTIONSCROLL	2733
1165516330917	1	INSTRUCTIONSCROLL	2737
1165516330934	1	INSTRUCTIONSCROLL	2740
1165516330951	1	INSTRUCTIONSCROLL	2743
1165516330967	1	INSTRUCTIONSCROLL	2747
1165516330984	1	INSTRUCTIONSCROLL	2750
1165516331002	1	INSTRUCTIONSCROLL	2753
1165516331018	1	INSTRUCTIONSCROLL	2757
1165516331035	1	INSTRUCTIONSCROLL	2760
1165516331051	1	INSTRUCTIONSCROLL	2763
1165516331067	1	INSTRUCTIONSCROLL	2767
1165516331084	1	INSTRUCTIONSCROLL	2770
1165516331101	1	INSTRUCTIONSCROLL	2773
1165516331117	1	INSTRUCTIONSCROLL	2777
1165516333766	1	INSTRUCTIONSCROLL	2778
1165516333783	1	INSTRUCTIONSCROLL	2781
1165516333800	1	INSTRUCTIONSCROLL	2784
1165516333816	1	INSTRUCTIONSCROLL	2788
1165516333833	1	INSTRUCTIONSCROLL	2791
1165516333850	1	INSTRUCTIONSCROLL	2794
1165516333866	1	INSTRUCTIONSCROLL	2798
1165516333883	1	INSTRUCTIONSCROLL	2801
1165516333900	1	INSTRUCTIONSCROLL	2805
1165516333916	1	INSTRUCTIONSCROLL	2808
1165516333933	1	INSTRUCTIONSCROLL	2811
1165516333950	1	INSTRUCTIONSCROLL	2814
1165516333966	1	INSTRUCTIONSCROLL	2818
1165516333983	1	INSTRUCTIONSCROLL	2821
1165516334000	1	INSTRUCTIONSCROLL	2825
1165516334017	1	INSTRUCTIONSCROLL	2828
1165516334034	1	INSTRUCTIONSCROLL	2831
1165516334050	1	INSTRUCTIONSCROLL	2835
1165516334066	1	INSTRUCTIONSCROLL	2838
1165516334083	1	INSTRUCTIONSCROLL	2841
1165516334100	1	INSTRUCTIONSCROLL	2844
1165516334116	1	INSTRUCTIONSCROLL	2848
1165516334133	1	INSTRUCTIONSCROLL	2851
1165516334150	1	INSTRUCTIONSCROLL	2855
1165516334166	1	INSTRUCTIONSCROLL	2858
1165516334183	1	INSTRUCTIONSCROLL	2861
1165516334200	1	INSTRUCTIONSCROLL	2865
1165516334216	1	INSTRUCTIONSCROLL	2868
1165516334233	1	INSTRUCTIONSCROLL	2871
1165516334250	1	INSTRUCTIONSCROLL	2874
1165516334266	1	INSTRUCTIONSCROLL	2878
1165516334283	1	INSTRUCTIONSCROLL	2881
1165516334300	1	INSTRUCTIONSCROLL	2885
1165516334316	1	INSTRUCTIONSCROLL	2888
1165516334333	1	INSTRUCTIONSCROLL	2891
1165516334350	1	INSTRUCTIONSCROLL	2895
1165516334366	1	INSTRUCTIONSCROLL	2898
1165516334383	1	INSTRUCTIONSCROLL	2901
1165516334400	1	INSTRUCTIONSCROLL	2905
1165516334416	1	INSTRUCTIONSCROLL	2908
1165516334433	1	INSTRUCTIONSCROLL	2911
1165516334449	1	INSTRUCTIONSCROLL	2915
1165516334466	1	INSTRUCTIONSCROLL	2918
1165516334483	1	INSTRUCTIONSCROLL	2921
1165516334500	1	INSTRUCTIONSCROLL	2925
1165516334516	1	INSTRUCTIONSCROLL	2928
1165516334533	1	INSTRUCTIONSCROLL	2931
1165516334549	1	INSTRUCTIONSCROLL	2934
1165516334566	1	INSTRUCTIONSCROLL	2938
1165516334583	1	INSTRUCTIONSCROLL	2941
1165516334599	1	INSTRUCTIONSCROLL	2945
1165516334616	1	INSTRUCTIONSCROLL	2948
1165516334633	1	INSTRUCTIONSCROLL	2951
1165516334649	1	INSTRUCTIONSCROLL	2955
1165516334666	1	INSTRUCTIONSCROLL	2958
1165516334683	1	INSTRUCTIONSCROLL	2961
1165516334699	1	INSTRUCTIONSCROLL	2964
1165516334716	1	INSTRUCTIONSCROLL	2968
1165516334733	1	INSTRUCTIONSCROLL	2971
1165516334749	1	INSTRUCTIONSCROLL	2975
1165516334766	1	INSTRUCTIONSCROLL	2978
1165516334783	1	INSTRUCTIONSCROLL	2981
1165516334799	1	INSTRUCTIONSCROLL	2985
1165516334816	1	INSTRUCTIONSCROLL	2988
1165516334833	1	INSTRUCTIONSCROLL	2991
1165516334849	1	INSTRUCTIONSCROLL	2994
1165516334866	1	INSTRUCTIONSCROLL	2998
1165516334883	1	INSTRUCTIONSCROLL	3001
1165516334899	1	INSTRUCTIONSCROLL	3004
1165516334916	1	INSTRUCTIONSCROLL	3008
1165516334933	1	INSTRUCTIONSCROLL	3011
1165516334949	1	INSTRUCTIONSCROLL	3014
1165516334966	1	INSTRUCTIONSCROLL	3018
1165516334983	1	INSTRUCTIONSCROLL	3021
1165516334999	1	INSTRUCTIONSCROLL	3024
1165516335017	1	INSTRUCTIONSCROLL	3028
1165516335034	1	INSTRUCTIONSCROLL	3031
1165516335049	1	INSTRUCTIONSCROLL	3035
1165516335066	1	INSTRUCTIONSCROLL	3038
1165516335083	1	INSTRUCTIONSCROLL	3041
1165516335099	1	INSTRUCTIONSCROLL	3044
1165516335116	1	INSTRUCTIONSCROLL	3048
1165516335133	1	INSTRUCTIONSCROLL	3051
1165516335149	1	INSTRUCTIONSCROLL	3054
1165516335166	1	INSTRUCTIONSCROLL	3058
1165516335183	1	INSTRUCTIONSCROLL	3061
1165516335199	1	INSTRUCTIONSCROLL	3064
1165516335216	1	INSTRUCTIONSCROLL	3068
1165516335233	1	INSTRUCTIONSCROLL	3071
1165516335249	1	INSTRUCTIONSCROLL	3075
1165516335266	1	INSTRUCTIONSCROLL	3078
1165516335283	1	INSTRUCTIONSCROLL	3081
1165516335299	1	INSTRUCTIONSCROLL	3084
1165516335316	1	INSTRUCTIONSCROLL	3088
1165516335333	1	INSTRUCTIONSCROLL	3091
1165516335349	1	INSTRUCTIONSCROLL	3095
1165516335366	1	INSTRUCTIONSCROLL	3098
1165516335383	1	INSTRUCTIONSCROLL	3101
1165516335399	1	INSTRUCTIONSCROLL	3104
1165516335416	1	INSTRUCTIONSCROLL	3108
1165516335433	1	INSTRUCTIONSCROLL	3111
1165516335449	1	INSTRUCTIONSCROLL	3114
1165516335466	1	INSTRUCTIONSCROLL	3118
1165516335483	1	INSTRUCTIONSCROLL	3121
1165516335499	1	INSTRUCTIONSCROLL	3124
1165516335516	1	INSTRUCTIONSCROLL	3128
1165516335533	1	INSTRUCTIONSCROLL	3131
1165516335549	1	INSTRUCTIONSCROLL	3135
1165516335566	1	INSTRUCTIONSCROLL	3138
1165516335582	1	INSTRUCTIONSCROLL	3141
1165516335599	1	INSTRUCTIONSCROLL	3144
1165516335616	1	INSTRUCTIONSCROLL	3148
1165516335632	1	INSTRUCTIONSCROLL	3151
1165516335649	1	INSTRUCTIONSCROLL	3154
1165516335666	1	INSTRUCTIONSCROLL	3158
1165516335682	1	INSTRUCTIONSCROLL	3161
1165516335699	1	INSTRUCTIONSCROLL	3164
1165516335716	1	INSTRUCTIONSCROLL	3168
1165516335732	1	INSTRUCTIONSCROLL	3171
1165516335749	1	INSTRUCTIONSCROLL	3174
1165516335766	1	INSTRUCTIONSCROLL	3178
1165516335782	1	INSTRUCTIONSCROLL	3181
1165516335799	1	INSTRUCTIONSCROLL	3184
1165516335816	1	INSTRUCTIONSCROLL	3188
1165516335832	1	INSTRUCTIONSCROLL	3191
1165516335849	1	INSTRUCTIONSCROLL	3194
1165516335866	1	INSTRUCTIONSCROLL	3198
1165516335882	1	INSTRUCTIONSCROLL	3201
1165516335899	1	INSTRUCTIONSCROLL	3204
1165516335916	1	INSTRUCTIONSCROLL	3208
1165516335932	1	INSTRUCTIONSCROLL	3211
1165516335949	1	INSTRUCTIONSCROLL	3214
1165516335966	1	INSTRUCTIONSCROLL	3218
1165516335982	1	INSTRUCTIONSCROLL	3221
1165516335999	1	INSTRUCTIONSCROLL	3224
1165516336017	1	INSTRUCTIONSCROLL	3228
1165516336033	1	INSTRUCTIONSCROLL	3231
1165516336049	1	INSTRUCTIONSCROLL	3235
1165516336066	1	INSTRUCTIONSCROLL	3238
1165516336082	1	INSTRUCTIONSCROLL	3241
1165516336099	1	INSTRUCTIONSCROLL	3244
1165516336116	1	INSTRUCTIONSCROLL	3248
1165516336132	1	INSTRUCTIONSCROLL	3251
1165516336149	1	INSTRUCTIONSCROLL	3254
1165516336166	1	INSTRUCTIONSCROLL	3258
1165516336182	1	INSTRUCTIONSCROLL	3261
1165516336199	1	INSTRUCTIONSCROLL	3264
1165516336216	1	INSTRUCTIONSCROLL	3268
1165516336232	1	INSTRUCTIONSCROLL	3271
1165516336249	1	INSTRUCTIONSCROLL	3274
1165516336266	1	INSTRUCTIONSCROLL	3278
1165516336282	1	INSTRUCTIONSCROLL	3281
1165516336299	1	INSTRUCTIONSCROLL	3284
1165516336316	1	INSTRUCTIONSCROLL	3288
1165516336332	1	INSTRUCTIONSCROLL	3291
1165516336349	1	INSTRUCTIONSCROLL	3294
1165516336366	1	INSTRUCTIONSCROLL	3298
1165516336382	1	INSTRUCTIONSCROLL	3301
1165516336399	1	INSTRUCTIONSCROLL	3304
1165516336416	1	INSTRUCTIONSCROLL	3308
1165516336432	1	INSTRUCTIONSCROLL	3311
1165516336449	1	INSTRUCTIONSCROLL	3314
1165516336466	1	INSTRUCTIONSCROLL	3318
1165516336482	1	INSTRUCTIONSCROLL	3321
1165516336499	1	INSTRUCTIONSCROLL	3324
1165516336516	1	INSTRUCTIONSCROLL	3328
1165516336532	1	INSTRUCTIONSCROLL	3331
1165516336549	1	INSTRUCTIONSCROLL	3334
1165516336566	1	INSTRUCTIONSCROLL	3338
1165516336582	1	INSTRUCTIONSCROLL	3341
1165516336599	1	INSTRUCTIONSCROLL	3344
1165516336616	1	INSTRUCTIONSCROLL	3348
1165516336632	1	INSTRUCTIONSCROLL	3351
1165516336649	1	INSTRUCTIONSCROLL	3354
1165516336666	1	INSTRUCTIONSCROLL	3358
1165516336682	1	INSTRUCTIONSCROLL	3361
1165516336699	1	INSTRUCTIONSCROLL	3364
1165516336716	1	INSTRUCTIONSCROLL	3368
1165516336732	1	INSTRUCTIONSCROLL	3371
1165516336749	1	INSTRUCTIONSCROLL	3374
1165516336765	1	INSTRUCTIONSCROLL	3378
1165516336782	1	INSTRUCTIONSCROLL	3381
1165516336799	1	INSTRUCTIONSCROLL	3384
1165516336815	1	INSTRUCTIONSCROLL	3388
1165516336832	1	INSTRUCTIONSCROLL	3391
1165516336849	1	INSTRUCTIONSCROLL	3394
1165516336865	1	INSTRUCTIONSCROLL	3398
1165516336882	1	INSTRUCTIONSCROLL	3401
1165516336899	1	INSTRUCTIONSCROLL	3404
1165516336915	1	INSTRUCTIONSCROLL	3408
1165516336932	1	INSTRUCTIONSCROLL	3411
1165516336949	1	INSTRUCTIONSCROLL	3414
1165516336965	1	INSTRUCTIONSCROLL	3418
1165516336982	1	INSTRUCTIONSCROLL	3421
1165516336999	1	INSTRUCTIONSCROLL	3424
1165516337016	1	INSTRUCTIONSCROLL	3428
1165516337033	1	INSTRUCTIONSCROLL	3431
1165516337049	1	INSTRUCTIONSCROLL	3435
1165516337065	1	INSTRUCTIONSCROLL	3438
1165516337082	1	INSTRUCTIONSCROLL	3441
1165516337099	1	INSTRUCTIONSCROLL	3444
1165516337115	1	INSTRUCTIONSCROLL	3448
1165516337132	1	INSTRUCTIONSCROLL	3451
1165516337149	1	INSTRUCTIONSCROLL	3454
1165516337165	1	INSTRUCTIONSCROLL	3458
1165516337182	1	INSTRUCTIONSCROLL	3461
1165516337199	1	INSTRUCTIONSCROLL	3464
1165516337215	1	INSTRUCTIONSCROLL	3468
1165516337232	1	INSTRUCTIONSCROLL	3471
1165516337249	1	INSTRUCTIONSCROLL	3474
1165516337265	1	INSTRUCTIONSCROLL	3478
1165516337282	1	INSTRUCTIONSCROLL	3481
1165516337299	1	INSTRUCTIONSCROLL	3484
1165516337315	1	INSTRUCTIONSCROLL	3488
1165516337332	1	INSTRUCTIONSCROLL	3491
1165516337349	1	INSTRUCTIONSCROLL	3494
1165516337365	1	INSTRUCTIONSCROLL	3498
1165516337382	1	INSTRUCTIONSCROLL	3501
1165516337399	1	INSTRUCTIONSCROLL	3504
1165516337415	1	INSTRUCTIONSCROLL	3508
1165516337432	1	INSTRUCTIONSCROLL	3511
1165516337449	1	INSTRUCTIONSCROLL	3514
1165516337465	1	INSTRUCTIONSCROLL	3518
1165516337482	1	INSTRUCTIONSCROLL	3521
1165516337499	1	INSTRUCTIONSCROLL	3524
1165516337515	1	INSTRUCTIONSCROLL	3528
1165516337532	1	INSTRUCTIONSCROLL	3531
1165516337549	1	INSTRUCTIONSCROLL	3534
1165516337565	1	INSTRUCTIONSCROLL	3538
1165516337582	1	INSTRUCTIONSCROLL	3541
1165516337599	1	INSTRUCTIONSCROLL	3544
1165516337615	1	INSTRUCTIONSCROLL	3548
1165516337632	1	INSTRUCTIONSCROLL	3551
1165516337649	1	INSTRUCTIONSCROLL	3554
1165516337665	1	INSTRUCTIONSCROLL	3558
1165516337682	1	INSTRUCTIONSCROLL	3561
1165516337698	1	INSTRUCTIONSCROLL	3564
1165516337715	1	INSTRUCTIONSCROLL	3568
1165516337732	1	INSTRUCTIONSCROLL	3571
1165516337749	1	INSTRUCTIONSCROLL	3574
1165516337765	1	INSTRUCTIONSCROLL	3578
1165516337782	1	INSTRUCTIONSCROLL	3581
1165516337799	1	INSTRUCTIONSCROLL	3584
1165516337815	1	INSTRUCTIONSCROLL	3588
1165516337832	1	INSTRUCTIONSCROLL	3591
1165516337848	1	INSTRUCTIONSCROLL	3594
1165516337865	1	INSTRUCTIONSCROLL	3598
1165516337882	1	INSTRUCTIONSCROLL	3601
1165516337898	1	INSTRUCTIONSCROLL	3604
1165516337915	1	INSTRUCTIONSCROLL	3608
1165516337932	1	INSTRUCTIONSCROLL	3611
1165516337948	1	INSTRUCTIONSCROLL	3614
1165516337965	1	INSTRUCTIONSCROLL	3618
1165516337982	1	INSTRUCTIONSCROLL	3621
1165516337998	1	INSTRUCTIONSCROLL	3624
1165516338016	1	INSTRUCTIONSCROLL	3628
1165516338033	1	INSTRUCTIONSCROLL	3631
1165516338048	1	INSTRUCTIONSCROLL	3634
1165516338065	1	INSTRUCTIONSCROLL	3638
1165516338082	1	INSTRUCTIONSCROLL	3641
1165516338098	1	INSTRUCTIONSCROLL	3644
1165516338115	1	INSTRUCTIONSCROLL	3648
1165516338132	1	INSTRUCTIONSCROLL	3651
1165516338148	1	INSTRUCTIONSCROLL	3654
1165516338165	1	INSTRUCTIONSCROLL	3658
1165516338182	1	INSTRUCTIONSCROLL	3661
1165516338198	1	INSTRUCTIONSCROLL	3664
1165516338215	1	INSTRUCTIONSCROLL	3668
1165516338232	1	INSTRUCTIONSCROLL	3671
1165516338248	1	INSTRUCTIONSCROLL	3674
1165516338265	1	INSTRUCTIONSCROLL	3678
1165516338282	1	INSTRUCTIONSCROLL	3681
1165516338298	1	INSTRUCTIONSCROLL	3684
1165516338315	1	INSTRUCTIONSCROLL	3688
1165516338332	1	INSTRUCTIONSCROLL	3691
1165516338348	1	INSTRUCTIONSCROLL	3694
1165516338365	1	INSTRUCTIONSCROLL	3698
1165516338382	1	INSTRUCTIONSCROLL	3701
1165516338398	1	INSTRUCTIONSCROLL	3704
1165516338415	1	INSTRUCTIONSCROLL	3708
1165516338432	1	INSTRUCTIONSCROLL	3711
1165516338448	1	INSTRUCTIONSCROLL	3714
1165516338465	1	INSTRUCTIONSCROLL	3718
1165516338482	1	INSTRUCTIONSCROLL	3721
1165516338498	1	INSTRUCTIONSCROLL	3724
1165516338515	1	INSTRUCTIONSCROLL	3728
1165516338532	1	INSTRUCTIONSCROLL	3731
1165516338548	1	INSTRUCTIONSCROLL	3734
1165516338565	1	INSTRUCTIONSCROLL	3738
1165516338582	1	INSTRUCTIONSCROLL	3741
1165516338598	1	INSTRUCTIONSCROLL	3744
1165516338615	1	INSTRUCTIONSCROLL	3748
1165516338632	1	INSTRUCTIONSCROLL	3751
1165516338648	1	INSTRUCTIONSCROLL	3754
1165516338665	1	INSTRUCTIONSCROLL	3757
1165516338682	1	INSTRUCTIONSCROLL	3761
1165516338698	1	INSTRUCTIONSCROLL	3764
1165516338715	1	INSTRUCTIONSCROLL	3768
1165516338732	1	INSTRUCTIONSCROLL	3771
1165516338748	1	INSTRUCTIONSCROLL	3774
1165516338765	1	INSTRUCTIONSCROLL	3778
1165516338781	1	INSTRUCTIONSCROLL	3781
1165516338798	1	INSTRUCTIONSCROLL	3784
1165516338815	1	INSTRUCTIONSCROLL	3788
1165516338831	1	INSTRUCTIONSCROLL	3791
1165516338848	1	INSTRUCTIONSCROLL	3794
1165516338865	1	INSTRUCTIONSCROLL	3798
1165516338881	1	INSTRUCTIONSCROLL	3801
1165516338898	1	INSTRUCTIONSCROLL	3804
1165516338915	1	INSTRUCTIONSCROLL	3808
1165516338931	1	INSTRUCTIONSCROLL	3811
1165516338948	1	INSTRUCTIONSCROLL	3814
1165516338965	1	INSTRUCTIONSCROLL	3817
1165516338981	1	INSTRUCTIONSCROLL	3821
1165516338998	1	INSTRUCTIONSCROLL	3824
1165516339016	1	INSTRUCTIONSCROLL	3828
1165516339032	1	INSTRUCTIONSCROLL	3831
1165516339048	1	INSTRUCTIONSCROLL	3834
1165516339065	1	INSTRUCTIONSCROLL	3838
1165516339081	1	INSTRUCTIONSCROLL	3841
1165516339098	1	INSTRUCTIONSCROLL	3844
1165516339115	1	INSTRUCTIONSCROLL	3847
1165516339131	1	INSTRUCTIONSCROLL	3851
1165516339148	1	INSTRUCTIONSCROLL	3854
1165516339165	1	INSTRUCTIONSCROLL	3858
1165516339181	1	INSTRUCTIONSCROLL	3861
1165516339198	1	INSTRUCTIONSCROLL	3864
1165516339215	1	INSTRUCTIONSCROLL	3868
1165516339231	1	INSTRUCTIONSCROLL	3871
1165516339248	1	INSTRUCTIONSCROLL	3874
1165516339265	1	INSTRUCTIONSCROLL	3878
1165516339281	1	INSTRUCTIONSCROLL	3881
1165516339298	1	INSTRUCTIONSCROLL	3884
1165516339315	1	INSTRUCTIONSCROLL	3888
1165516339331	1	INSTRUCTIONSCROLL	3891
1165516339348	1	INSTRUCTIONSCROLL	3894
1165516339365	1	INSTRUCTIONSCROLL	3898
1165516339381	1	INSTRUCTIONSCROLL	3901
1165516339399	1	INSTRUCTIONSCROLL	3904
1165516339415	1	INSTRUCTIONSCROLL	3908
1165516339431	1	INSTRUCTIONSCROLL	3911
1165516339448	1	INSTRUCTIONSCROLL	3914
1165516339465	1	INSTRUCTIONSCROLL	3918
1165516339481	1	INSTRUCTIONSCROLL	3921
1165516339498	1	INSTRUCTIONSCROLL	3924
1165516339515	1	INSTRUCTIONSCROLL	3928
1165516339531	1	INSTRUCTIONSCROLL	3931
1165516339548	1	INSTRUCTIONSCROLL	3934
1165516339565	1	INSTRUCTIONSCROLL	3937
1165516339581	1	INSTRUCTIONSCROLL	3941
1165516339598	1	INSTRUCTIONSCROLL	3944
1165516339615	1	INSTRUCTIONSCROLL	3948
1165516339631	1	INSTRUCTIONSCROLL	3951
1165516339648	1	INSTRUCTIONSCROLL	3954
1165516339664	1	INSTRUCTIONSCROLL	3958
1165516339681	1	INSTRUCTIONSCROLL	3961
1165516339698	1	INSTRUCTIONSCROLL	3964
1165516339715	1	INSTRUCTIONSCROLL	3967
1165516339731	1	INSTRUCTIONSCROLL	3971
1165516339748	1	INSTRUCTIONSCROLL	3974
1165516339764	1	INSTRUCTIONSCROLL	3978
1165516339781	1	INSTRUCTIONSCROLL	3981
1165516339798	1	INSTRUCTIONSCROLL	3984
1165516339815	1	INSTRUCTIONSCROLL	3987
1165516339831	1	INSTRUCTIONSCROLL	3991
1165516339848	1	INSTRUCTIONSCROLL	3994
1165516339864	1	INSTRUCTIONSCROLL	3997
1165516339881	1	INSTRUCTIONSCROLL	4001
1165516339898	1	INSTRUCTIONSCROLL	4004
1165516339914	1	INSTRUCTIONSCROLL	4008
1165516339931	1	INSTRUCTIONSCROLL	4011
1165516339948	1	INSTRUCTIONSCROLL	4014
1165516339964	1	INSTRUCTIONSCROLL	4018
1165516339981	1	INSTRUCTIONSCROLL	4021
1165516339998	1	INSTRUCTIONSCROLL	4024
1165516340015	1	INSTRUCTIONSCROLL	4027
1165516340032	1	INSTRUCTIONSCROLL	4031
1165516340048	1	INSTRUCTIONSCROLL	4034
1165516340064	1	INSTRUCTIONSCROLL	4038
1165516340081	1	INSTRUCTIONSCROLL	4041
1165516340098	1	INSTRUCTIONSCROLL	4044
1165516340114	1	INSTRUCTIONSCROLL	4047
1165516340131	1	INSTRUCTIONSCROLL	4051
1165516340148	1	INSTRUCTIONSCROLL	4054
1165516340164	1	INSTRUCTIONSCROLL	4057
1165516340181	1	INSTRUCTIONSCROLL	4061
1165516340198	1	INSTRUCTIONSCROLL	4064
1165516340214	1	INSTRUCTIONSCROLL	4067
1165516340231	1	INSTRUCTIONSCROLL	4071
1165516340248	1	INSTRUCTIONSCROLL	4074
1165516340264	1	INSTRUCTIONSCROLL	4077
1165516340281	1	INSTRUCTIONSCROLL	4081
1165516340298	1	INSTRUCTIONSCROLL	4084
1165516340314	1	INSTRUCTIONSCROLL	4087
1165516340331	1	INSTRUCTIONSCROLL	4091
1165516340348	1	INSTRUCTIONSCROLL	4094
1165516340364	1	INSTRUCTIONSCROLL	4097
1165516340381	1	INSTRUCTIONSCROLL	4101
1165516340398	1	INSTRUCTIONSCROLL	4104
1165516340414	1	INSTRUCTIONSCROLL	4108
1165516340431	1	INSTRUCTIONSCROLL	4111
1165516340448	1	INSTRUCTIONSCROLL	4114
1165516340464	1	INSTRUCTIONSCROLL	4117
1165516340481	1	INSTRUCTIONSCROLL	4121
1165516340498	1	INSTRUCTIONSCROLL	4124
1165516340514	1	INSTRUCTIONSCROLL	4127
1165516340531	1	INSTRUCTIONSCROLL	4131
1165516340548	1	INSTRUCTIONSCROLL	4134
1165516340564	1	INSTRUCTIONSCROLL	4137
1165516340581	1	INSTRUCTIONSCROLL	4141
1165516340598	1	INSTRUCTIONSCROLL	4144
1165516340614	1	INSTRUCTIONSCROLL	4147
1165516340631	1	INSTRUCTIONSCROLL	4151
1165516340648	1	INSTRUCTIONSCROLL	4154
1165516340664	1	INSTRUCTIONSCROLL	4157
1165516340681	1	INSTRUCTIONSCROLL	4161
1165516340698	1	INSTRUCTIONSCROLL	4164
1165516340714	1	INSTRUCTIONSCROLL	4167
1165516340731	1	INSTRUCTIONSCROLL	4170
1165516340748	1	INSTRUCTIONSCROLL	4174
1165516340764	1	INSTRUCTIONSCROLL	4177
1165516340781	1	INSTRUCTIONSCROLL	4181
1165516340798	1	INSTRUCTIONSCROLL	4184
1165516340814	1	INSTRUCTIONSCROLL	4187
1165516340831	1	INSTRUCTIONSCROLL	4191
1165516340847	1	INSTRUCTIONSCROLL	4194
1165516340864	1	INSTRUCTIONSCROLL	4197
1165516340881	1	INSTRUCTIONSCROLL	4201
1165516340897	1	INSTRUCTIONSCROLL	4204
1165516340914	1	INSTRUCTIONSCROLL	4207
1165516340931	1	INSTRUCTIONSCROLL	4211
1165516340947	1	INSTRUCTIONSCROLL	4214
1165516340964	1	INSTRUCTIONSCROLL	4217
1165516340981	1	INSTRUCTIONSCROLL	4221
1165516340997	1	INSTRUCTIONSCROLL	4224
1165516341015	1	INSTRUCTIONSCROLL	4227
1165516341032	1	INSTRUCTIONSCROLL	4231
1165516341047	1	INSTRUCTIONSCROLL	4234
1165516341064	1	INSTRUCTIONSCROLL	4237
1165516341081	1	INSTRUCTIONSCROLL	4241
1165516341097	1	INSTRUCTIONSCROLL	4244
1165516341114	1	INSTRUCTIONSCROLL	4247
1165516341131	1	INSTRUCTIONSCROLL	4251
1165516341147	1	INSTRUCTIONSCROLL	4254
1165516341164	1	INSTRUCTIONSCROLL	4257
1165516341181	1	INSTRUCTIONSCROLL	4260
1165516341197	1	INSTRUCTIONSCROLL	4264
1165516341214	1	INSTRUCTIONSCROLL	4267
1165516341231	1	INSTRUCTIONSCROLL	4271
1165516341247	1	INSTRUCTIONSCROLL	4274
1165516341264	1	INSTRUCTIONSCROLL	4277
1165516341281	1	INSTRUCTIONSCROLL	4280
1165516341297	1	INSTRUCTIONSCROLL	4284
1165516341314	1	INSTRUCTIONSCROLL	4287
1165516341331	1	INSTRUCTIONSCROLL	4290
1165516341347	1	INSTRUCTIONSCROLL	4294
1165516341364	1	INSTRUCTIONSCROLL	4297
1165516341381	1	INSTRUCTIONSCROLL	4301
1165516341397	1	INSTRUCTIONSCROLL	4304
1165516341414	1	INSTRUCTIONSCROLL	4307
1165516341431	1	INSTRUCTIONSCROLL	4310
1165516341447	1	INSTRUCTIONSCROLL	4314
1165516341464	1	INSTRUCTIONSCROLL	4317
1165516341481	1	INSTRUCTIONSCROLL	4321
1165516341497	1	INSTRUCTIONSCROLL	4324
1165516341514	1	INSTRUCTIONSCROLL	4327
1165516341531	1	INSTRUCTIONSCROLL	4331
1165516341547	1	INSTRUCTIONSCROLL	4334
1165516341564	1	INSTRUCTIONSCROLL	4337
1165516341581	1	INSTRUCTIONSCROLL	4340
1165516341597	1	INSTRUCTIONSCROLL	4344
1165516341614	1	INSTRUCTIONSCROLL	4347
1165516341631	1	INSTRUCTIONSCROLL	4350
1165516341647	1	INSTRUCTIONSCROLL	4354
1165516341664	1	INSTRUCTIONSCROLL	4357
1165516341681	1	INSTRUCTIONSCROLL	4361
1165516341697	1	INSTRUCTIONSCROLL	4364
1165516341714	1	INSTRUCTIONSCROLL	4367
1165516341731	1	INSTRUCTIONSCROLL	4370
1165516341747	1	INSTRUCTIONSCROLL	4374
1165516341764	1	INSTRUCTIONSCROLL	4377
1165516341781	1	INSTRUCTIONSCROLL	4381
1165516341797	1	INSTRUCTIONSCROLL	4384
1165516341814	1	INSTRUCTIONSCROLL	4387
1165516341831	1	INSTRUCTIONSCROLL	4390
1165516341847	1	INSTRUCTIONSCROLL	4394
1165516341864	1	INSTRUCTIONSCROLL	4397
1165516341881	1	INSTRUCTIONSCROLL	4400
1165516341897	1	INSTRUCTIONSCROLL	4404
1165516341914	1	INSTRUCTIONSCROLL	4407
1165516341930	1	INSTRUCTIONSCROLL	4411
1165516341947	1	INSTRUCTIONSCROLL	4414
1165516341964	1	INSTRUCTIONSCROLL	4417
1165516341980	1	INSTRUCTIONSCROLL	4421
1165516341997	1	INSTRUCTIONSCROLL	4424
1165516342015	1	INSTRUCTIONSCROLL	4427
1165516342031	1	INSTRUCTIONSCROLL	4431
1165516342047	1	INSTRUCTIONSCROLL	4434
1165516342064	1	INSTRUCTIONSCROLL	4437
1165516342080	1	INSTRUCTIONSCROLL	4440
1165516342097	1	INSTRUCTIONSCROLL	4444
1165516342114	1	INSTRUCTIONSCROLL	4447
1165516342130	1	INSTRUCTIONSCROLL	4451
1165516342147	1	INSTRUCTIONSCROLL	4454
1165516342164	1	INSTRUCTIONSCROLL	4457
1165516342180	1	INSTRUCTIONSCROLL	4460
1165516347879	1	INSTRUCTIONSCROLL	4461
1165516347895	1	INSTRUCTIONSCROLL	4465
1165516347912	1	INSTRUCTIONSCROLL	4468
1165516347929	1	INSTRUCTIONSCROLL	4471
1165516347945	1	INSTRUCTIONSCROLL	4475
1165516347962	1	INSTRUCTIONSCROLL	4478
1165516347979	1	INSTRUCTIONSCROLL	4481
1165516347995	1	INSTRUCTIONSCROLL	4485
1165516348013	1	INSTRUCTIONSCROLL	4488
1165516348029	1	INSTRUCTIONSCROLL	4492
1165516348045	1	INSTRUCTIONSCROLL	4495
1165516348062	1	INSTRUCTIONSCROLL	4498
1165516348079	1	INSTRUCTIONSCROLL	4502
1165516348095	1	INSTRUCTIONSCROLL	4505
1165516348112	1	INSTRUCTIONSCROLL	4508
1165516348128	1	INSTRUCTIONSCROLL	4511
1165516348145	1	INSTRUCTIONSCROLL	4515
1165516348162	1	INSTRUCTIONSCROLL	4518
1165516348178	1	INSTRUCTIONSCROLL	4521
1165516348195	1	INSTRUCTIONSCROLL	4525
1165516348212	1	INSTRUCTIONSCROLL	4528
1165516348228	1	INSTRUCTIONSCROLL	4531
1165516348245	1	INSTRUCTIONSCROLL	4535
1165516348262	1	INSTRUCTIONSCROLL	4538
1165516348278	1	INSTRUCTIONSCROLL	4542
1165516348295	1	INSTRUCTIONSCROLL	4545
1165516348312	1	INSTRUCTIONSCROLL	4548
1165516348328	1	INSTRUCTIONSCROLL	4551
1165516348345	1	INSTRUCTIONSCROLL	4555
1165516348362	1	INSTRUCTIONSCROLL	4558
1165516348379	1	INSTRUCTIONSCROLL	4561
1165516348395	1	INSTRUCTIONSCROLL	4565
1165516348412	1	INSTRUCTIONSCROLL	4568
1165516348428	1	INSTRUCTIONSCROLL	4572
1165516348445	1	INSTRUCTIONSCROLL	4575
1165516348462	1	INSTRUCTIONSCROLL	4578
1165516348478	1	INSTRUCTIONSCROLL	4581
1165516348495	1	INSTRUCTIONSCROLL	4585
1165516348512	1	INSTRUCTIONSCROLL	4588
1165516348528	1	INSTRUCTIONSCROLL	4592
1165516348545	1	INSTRUCTIONSCROLL	4595
1165516348562	1	INSTRUCTIONSCROLL	4598
1165516348578	1	INSTRUCTIONSCROLL	4602
1165516348595	1	INSTRUCTIONSCROLL	4605
1165516348612	1	INSTRUCTIONSCROLL	4608
1165516348628	1	INSTRUCTIONSCROLL	4611
1165516348645	1	INSTRUCTIONSCROLL	4615
1165516348662	1	INSTRUCTIONSCROLL	4618
1165516348678	1	INSTRUCTIONSCROLL	4621
1165516348695	1	INSTRUCTIONSCROLL	4625
1165516348713	1	INSTRUCTIONSCROLL	4628
1165516348728	1	INSTRUCTIONSCROLL	4632
1165516348745	1	INSTRUCTIONSCROLL	4635
1165516348762	1	INSTRUCTIONSCROLL	4638
1165516348778	1	INSTRUCTIONSCROLL	4641
1165516348795	1	INSTRUCTIONSCROLL	4645
1165516348812	1	INSTRUCTIONSCROLL	4648
1165516348828	1	INSTRUCTIONSCROLL	4652
1165516348845	1	INSTRUCTIONSCROLL	4655
1165516348862	1	INSTRUCTIONSCROLL	4658
1165516348878	1	INSTRUCTIONSCROLL	4661
1165516348895	1	INSTRUCTIONSCROLL	4665
1165516348911	1	INSTRUCTIONSCROLL	4668
1165516348928	1	INSTRUCTIONSCROLL	4671
1165516348945	1	INSTRUCTIONSCROLL	4675
1165516348961	1	INSTRUCTIONSCROLL	4678
1165516348978	1	INSTRUCTIONSCROLL	4681
1165516348995	1	INSTRUCTIONSCROLL	4685
1165516349013	1	INSTRUCTIONSCROLL	4688
1165516349029	1	INSTRUCTIONSCROLL	4692
1165516349045	1	INSTRUCTIONSCROLL	4695
1165516349062	1	INSTRUCTIONSCROLL	4698
1165516349078	1	INSTRUCTIONSCROLL	4701
1165516349095	1	INSTRUCTIONSCROLL	4705
1165516349111	1	INSTRUCTIONSCROLL	4708
1165516349128	1	INSTRUCTIONSCROLL	4711
1165516349145	1	INSTRUCTIONSCROLL	4715
1165516349161	1	INSTRUCTIONSCROLL	4718
1165516349178	1	INSTRUCTIONSCROLL	4721
1165516349195	1	INSTRUCTIONSCROLL	4725
1165516349211	1	INSTRUCTIONSCROLL	4728
1165516349228	1	INSTRUCTIONSCROLL	4731
1165516349245	1	INSTRUCTIONSCROLL	4735
1165516349261	1	INSTRUCTIONSCROLL	4738
1165516349278	1	INSTRUCTIONSCROLL	4741
1165516349295	1	INSTRUCTIONSCROLL	4745
1165516349311	1	INSTRUCTIONSCROLL	4748
1165516349328	1	INSTRUCTIONSCROLL	4751
1165516349345	1	INSTRUCTIONSCROLL	4755
1165516349361	1	INSTRUCTIONSCROLL	4758
1165516349378	1	INSTRUCTIONSCROLL	4761
1165516349395	1	INSTRUCTIONSCROLL	4765
1165516349411	1	INSTRUCTIONSCROLL	4768
1165516349428	1	INSTRUCTIONSCROLL	4771
1165516349445	1	INSTRUCTIONSCROLL	4775
1165516349461	1	INSTRUCTIONSCROLL	4778
1165516349478	1	INSTRUCTIONSCROLL	4781
1165516349495	1	INSTRUCTIONSCROLL	4785
1165516349511	1	INSTRUCTIONSCROLL	4788
1165516349528	1	INSTRUCTIONSCROLL	4791
1165516349545	1	INSTRUCTIONSCROLL	4795
1165516349561	1	INSTRUCTIONSCROLL	4798
1165516349578	1	INSTRUCTIONSCROLL	4801
1165516349595	1	INSTRUCTIONSCROLL	4805
1165516349611	1	INSTRUCTIONSCROLL	4808
1165516349628	1	INSTRUCTIONSCROLL	4811
1165516349645	1	INSTRUCTIONSCROLL	4815
1165516349661	1	INSTRUCTIONSCROLL	4818
1165516349678	1	INSTRUCTIONSCROLL	4821
1165516349695	1	INSTRUCTIONSCROLL	4825
1165516354676	1	INSTRUCTIONSCROLL	4826
1165516354693	1	INSTRUCTIONSCROLL	4829
1165516354713	1	INSTRUCTIONSCROLL	4832
1165516354726	1	INSTRUCTIONSCROLL	4836
1165516354743	1	INSTRUCTIONSCROLL	4839
1165516354760	1	INSTRUCTIONSCROLL	4842
1165516354776	1	INSTRUCTIONSCROLL	4846
1165516354793	1	INSTRUCTIONSCROLL	4849
1165516354810	1	INSTRUCTIONSCROLL	4852
1165516354826	1	INSTRUCTIONSCROLL	4856
1165516354843	1	INSTRUCTIONSCROLL	4859
1165516354860	1	INSTRUCTIONSCROLL	4862
1165516354876	1	INSTRUCTIONSCROLL	4866
1165516354893	1	INSTRUCTIONSCROLL	4869
1165516354910	1	INSTRUCTIONSCROLL	4872
1165516354926	1	INSTRUCTIONSCROLL	4876
1165516354943	1	INSTRUCTIONSCROLL	4879
1165516354960	1	INSTRUCTIONSCROLL	4882
1165516354976	1	INSTRUCTIONSCROLL	4886
1165516354993	1	INSTRUCTIONSCROLL	4889
1165516355011	1	INSTRUCTIONSCROLL	4892
1165516355027	1	INSTRUCTIONSCROLL	4896
1165516355043	1	INSTRUCTIONSCROLL	4899
1165516355060	1	INSTRUCTIONSCROLL	4902
1165516355076	1	INSTRUCTIONSCROLL	4906
1165516355093	1	INSTRUCTIONSCROLL	4909
1165516355110	1	INSTRUCTIONSCROLL	4912
1165516355126	1	INSTRUCTIONSCROLL	4916
1165516355143	1	INSTRUCTIONSCROLL	4919
1165516355160	1	INSTRUCTIONSCROLL	4922
1165516355176	1	INSTRUCTIONSCROLL	4926
1165516355193	1	INSTRUCTIONSCROLL	4929
1165516355210	1	INSTRUCTIONSCROLL	4932
1165516355226	1	INSTRUCTIONSCROLL	4936
1165516355243	1	INSTRUCTIONSCROLL	4939
1165516355260	1	INSTRUCTIONSCROLL	4942
1165516355276	1	INSTRUCTIONSCROLL	4946
1165516355293	1	INSTRUCTIONSCROLL	4949
1165516355309	1	INSTRUCTIONSCROLL	4952
1165516355326	1	INSTRUCTIONSCROLL	4956
1165516355343	1	INSTRUCTIONSCROLL	4959
1165516355359	1	INSTRUCTIONSCROLL	4962
1165516355376	1	INSTRUCTIONSCROLL	4966
1165516355393	1	INSTRUCTIONSCROLL	4969
1165516355409	1	INSTRUCTIONSCROLL	4972
1165516355426	1	INSTRUCTIONSCROLL	4976
1165516355443	1	INSTRUCTIONSCROLL	4979
1165516355459	1	INSTRUCTIONSCROLL	4982
1165516355476	1	INSTRUCTIONSCROLL	4986
1165516355493	1	INSTRUCTIONSCROLL	4989
1165516355509	1	INSTRUCTIONSCROLL	4992
1165516355526	1	INSTRUCTIONSCROLL	4996
1165516355543	1	INSTRUCTIONSCROLL	4999
1165516355559	1	INSTRUCTIONSCROLL	5003
1165516355576	1	INSTRUCTIONSCROLL	5006
1165516355593	1	INSTRUCTIONSCROLL	5009
1165516355609	1	INSTRUCTIONSCROLL	5012
1165516355626	1	INSTRUCTIONSCROLL	5016
1165516355643	1	INSTRUCTIONSCROLL	5019
1165516355659	1	INSTRUCTIONSCROLL	5022
1165516355676	1	INSTRUCTIONSCROLL	5026
1165516355693	1	INSTRUCTIONSCROLL	5029
1165516355709	1	INSTRUCTIONSCROLL	5032
1165516355726	1	INSTRUCTIONSCROLL	5036
1165516355743	1	INSTRUCTIONSCROLL	5039
1165516355759	1	INSTRUCTIONSCROLL	5042
1165516355776	1	INSTRUCTIONSCROLL	5046
1165516355793	1	INSTRUCTIONSCROLL	5049
1165516355809	1	INSTRUCTIONSCROLL	5052
1165516355826	1	INSTRUCTIONSCROLL	5056
1165516355843	1	INSTRUCTIONSCROLL	5059
1165516355859	1	INSTRUCTIONSCROLL	5062
1165516355876	1	INSTRUCTIONSCROLL	5066
1165516355893	1	INSTRUCTIONSCROLL	5069
1165516355909	1	INSTRUCTIONSCROLL	5072
1165516355926	1	INSTRUCTIONSCROLL	5076
1165516355943	1	INSTRUCTIONSCROLL	5079
1165516355959	1	INSTRUCTIONSCROLL	5082
1165516355976	1	INSTRUCTIONSCROLL	5086
1165516355993	1	INSTRUCTIONSCROLL	5089
1165516356010	1	INSTRUCTIONSCROLL	5092
1165516356027	1	INSTRUCTIONSCROLL	5096
1165516356043	1	INSTRUCTIONSCROLL	5099
1165516356059	1	INSTRUCTIONSCROLL	5102
1165516356076	1	INSTRUCTIONSCROLL	5106
1165516356093	1	INSTRUCTIONSCROLL	5107
1165516390381	1	INSTRUCTIONSTOP	Button set (OR)
1165516390382	0	E	Logging Ends
