1158959363382	0	B	Logging Begins
1158959363383	0	SESS_START	0
1158959461122	0	TRIAL	1
1158959465000	1	FACE	1161	PRES1_PPPN	Correct	LL1	PP0	Lure_NNNP	0	PRACTICE
1158959468960	1	FACE	1161	CUE	Correct	LL1	PP0	Lure_NNNP	0	PRACTICE
1158959470121	0	FACE	1161	RESP	Correct	LL1	PP0	Lure_NNNP	0	PRACTICE
1158959470151	0	TRIAL	2
1158959473361	1	FACE	879	PRES1_NPPP	Correct	LL1	PP1	Target_NPPP	0	PRACTICE
1158959477201	1	FACE	879	CUE	Correct	LL1	PP1	Target_NPPP	0	PRACTICE
1158959478080	0	FACE	879	RESP	Correct	LL1	PP1	Target_NPPP	0	PRACTICE
1158959478112	0	TRIAL	3
1158959481027	1	FACE	886	PRES1_PPPP	Correct	LL1	PP0	Lure_NNNN	0	PRACTICE
1158959484960	1	FACE	886	CUE	Correct	LL1	PP0	Lure_NNNN	0	PRACTICE
1158959485846	0	FACE	886	RESP	Correct	LL1	PP0	Lure_NNNN	0	PRACTICE
1158959485870	0	TRIAL	4
1158959488613	1	FACE	865	PRES1_PPNP	Incorrect	LL1	PP0	Lure_NPPN	0	PRACTICE
1158959492453	1	FACE	865	CUE	Incorrect	LL1	PP0	Lure_NPPN	0	PRACTICE
1158959493318	0	FACE	865	RESP	Incorrect	LL1	PP0	Lure_NPPN	0	PRACTICE
1158959493339	0	TRIAL	5
1158959496201	1	FACE	863	PRES1_NNPP	Correct	LL1	PP0	Lure_PNPN	0	PRACTICE
1158959500081	1	FACE	863	CUE	Correct	LL1	PP0	Lure_PNPN	0	PRACTICE
1158959500944	0	FACE	863	RESP	Correct	LL1	PP0	Lure_PNPN	0	PRACTICE
1158959500963	0	TRIAL	6
1158959503853	1	FACE	849	PRES1_NPNN	Correct	LL1	PP1	Target_NPNN	0	PRACTICE
1158959507840	1	FACE	849	CUE	Correct	LL1	PP1	Target_NPNN	0	PRACTICE
1158959508689	0	FACE	849	RESP	Correct	LL1	PP1	Target_NPNN	0	PRACTICE
1158959508711	0	TRIAL	7
1158959511493	1	FACE	987	PRES1_NNNN	Incorrect	LL1	PP1	Target_NNNN	0	PRACTICE
1158959515361	1	FACE	987	CUE	Incorrect	LL1	PP1	Target_NNNN	0	PRACTICE
1158959516348	1	FACE	987	RESP	Incorrect	LL1	PP1	Target_NNNN	0	PRACTICE
1158959516378	0	TRIAL	8
1158959519308	1	FACE	1045	PRES1_PPPN	Correct	LL1	PP1	Target_PPPN	0	PRACTICE
1158959523308	1	FACE	1045	CUE	Correct	LL1	PP1	Target_PPPN	0	PRACTICE
1158959524353	0	FACE	1045	RESP	Correct	LL1	PP1	Target_PPPN	0	PRACTICE
1158959524378	0	TRIAL	9
1158959527108	1	FACE	1031	PRES1_NNPN	Correct	LL1	PP1	Target_NNPN	0	PRACTICE
1158959530867	1	FACE	1031	CUE	Correct	LL1	PP1	Target_NNPN	0	PRACTICE
1158959531898	0	FACE	1031	RESP	Correct	LL1	PP1	Target_NNPN	0	PRACTICE
1158959531924	0	TRIAL	10
1158959534654	1	FACE	1329	PRES1_PNNN	Incorrect	LL1	PP0	Lure_PPNN	0	PRACTICE
1158959538627	1	FACE	1329	CUE	Incorrect	LL1	PP0	Lure_PPNN	0	PRACTICE
1158959539956	0	FACE	1329	RESP	Incorrect	LL1	PP0	Lure_PPNN	0	PRACTICE
1158959539977	0	TRIAL	11
1158959542787	1	FACE	812	PRES1_NPNP	Correct	LL1	PP1	Target_NPNP	0	PRACTICE
1158959546840	1	FACE	812	CUE	Correct	LL1	PP1	Target_NPNP	0	PRACTICE
1158959547652	0	FACE	812	RESP	Correct	LL1	PP1	Target_NPNP	0	PRACTICE
1158959547688	0	TRIAL	12
1158959550321	1	FACE	1005	PRES1_NNPP	Correct	LL1	PP1	Target_NNPP	0	PRACTICE
1158959554108	1	FACE	1005	CUE	Correct	LL1	PP1	Target_NNPP	0	PRACTICE
1158959555113	0	FACE	1005	RESP	Correct	LL1	PP1	Target_NNPP	0	PRACTICE
1158959555138	0	TRIAL	13
1158959557841	1	FACE	919	PRES1_PNPN	Correct	LL1	PP1	Target_PNPN	0	PRACTICE
1158959561667	1	FACE	919	CUE	Correct	LL1	PP1	Target_PNPN	0	PRACTICE
1158959562586	0	FACE	919	RESP	Correct	LL1	PP1	Target_PNPN	0	PRACTICE
1158959562618	0	TRIAL	14
1158959565255	1	FACE	557	PRES1_PPNN	Correct	LL1	PP0	Lure_NNPN	0	PRACTICE
1158959569228	1	FACE	557	CUE	Correct	LL1	PP0	Lure_NNPN	0	PRACTICE
1158959569785	0	FACE	557	RESP	Correct	LL1	PP0	Lure_NNPN	0	PRACTICE
1158959569804	0	TRIAL	15
1158959572401	1	FACE	1223	PRES1_NPNP	Correct	LL1	PP0	Lure_NNPP	0	PRACTICE
1158959576242	1	FACE	1223	CUE	Correct	LL1	PP0	Lure_NNPP	0	PRACTICE
1158959577465	1	FACE	1223	RESP	Correct	LL1	PP0	Lure_NNPP	0	PRACTICE
1158959577498	0	TRIAL	16
1158959580108	1	FACE	799	PRES1_NNNP	Correct	LL1	PP0	Lure_PPPP	0	PRACTICE
1158959584082	1	FACE	799	CUE	Correct	LL1	PP0	Lure_PPPP	0	PRACTICE
1158959584881	0	FACE	799	RESP	Correct	LL1	PP0	Lure_PPPP	0	PRACTICE
1158959584911	0	TRIAL	17
1158959587468	1	FACE	1132	PRES1_NPNN	Correct	LL1	PP0	Lure_PPPN	0	PRACTICE
1158959591414	1	FACE	1132	CUE	Correct	LL1	PP0	Lure_PPPN	0	PRACTICE
1158959592546	0	FACE	1132	RESP	Correct	LL1	PP0	Lure_PPPN	0	PRACTICE
1158959592579	0	TRIAL	18
1158959595229	1	FACE	784	PRES1_PPNP	Correct	LL1	PP1	Target_PPNP	0	PRACTICE
1158959599229	1	FACE	784	CUE	Correct	LL1	PP1	Target_PPNP	0	PRACTICE
1158959600013	0	FACE	784	RESP	Correct	LL1	PP1	Target_PPNP	0	PRACTICE
1158959600046	0	TRIAL	19
1158959602708	1	FACE	729	PRES1_NPPN	Correct	LL1	PP1	Target_NPPN	0	PRACTICE
1158959606641	1	FACE	729	CUE	Correct	LL1	PP1	Target_NPPN	0	PRACTICE
1158959607370	0	FACE	729	RESP	Correct	LL1	PP1	Target_NPPN	0	PRACTICE
1158959607391	0	TRIAL	20
1158959610349	1	FACE	929	PRES1_NNNN	Correct	LL1	PP0	Lure_PNPP	0	PRACTICE
1158959614135	1	FACE	929	CUE	Correct	LL1	PP0	Lure_PNPP	0	PRACTICE
1158959615064	0	FACE	929	RESP	Correct	LL1	PP0	Lure_PNPP	0	PRACTICE
1158959615086	0	TRIAL	21
1158959617721	1	FACE	809	PRES1_PNNP	Correct	LL1	PP0	Lure_PNNN	0	PRACTICE
1158959621468	1	FACE	809	CUE	Correct	LL1	PP0	Lure_PNNN	0	PRACTICE
1158959622277	0	FACE	809	RESP	Correct	LL1	PP0	Lure_PNNN	0	PRACTICE
1158959622299	0	TRIAL	22
1158959624868	1	FACE	1010	PRES1_NPPP	Incorrect	LL1	PP0	Lure_NPNP	0	PRACTICE
1158959628775	1	FACE	1010	CUE	Incorrect	LL1	PP0	Lure_NPNP	0	PRACTICE
1158959629785	0	FACE	1010	RESP	Incorrect	LL1	PP0	Lure_NPNP	0	PRACTICE
1158959629806	0	TRIAL	23
1158959632561	1	FACE	749	PRES1_PNPP	Correct	LL1	PP0	Lure_PPNP	0	PRACTICE
1158959636388	1	FACE	749	CUE	Correct	LL1	PP0	Lure_PPNP	0	PRACTICE
1158959637137	0	FACE	749	RESP	Correct	LL1	PP0	Lure_PPNP	0	PRACTICE
1158959637166	0	TRIAL	24
1158959639815	1	FACE	634	PRES1_PNPN	Correct	LL1	PP0	Lure_NPNN	0	PRACTICE
1158959643735	1	FACE	634	CUE	Correct	LL1	PP0	Lure_NPNN	0	PRACTICE
1158959644369	0	FACE	634	RESP	Correct	LL1	PP0	Lure_NPNN	0	PRACTICE
1158959644392	0	TRIAL	25
1158959647069	1	FACE	616	PRES1_PNNP	Correct	LL1	PP1	Target_PNNP	0	PRACTICE
1158959650962	1	FACE	616	CUE	Correct	LL1	PP1	Target_PNNP	0	PRACTICE
1158959651578	0	FACE	616	RESP	Correct	LL1	PP1	Target_PNNP	0	PRACTICE
1158959651605	0	TRIAL	26
1158959654336	1	FACE	576	PRES1_PPNN	Correct	LL1	PP1	Target_PPNN	0	PRACTICE
1158959658163	1	FACE	576	CUE	Correct	LL1	PP1	Target_PPNN	0	PRACTICE
1158959658739	1	FACE	576	RESP	Correct	LL1	PP1	Target_PPNN	0	PRACTICE
1158959658765	0	TRIAL	27
1158959661495	1	FACE	517	PRES1_NNNP	Correct	LL1	PP1	Target_NNNP	0	PRACTICE
1158959665535	1	FACE	517	CUE	Correct	LL1	PP1	Target_NNNP	0	PRACTICE
1158959666052	0	FACE	517	RESP	Correct	LL1	PP1	Target_NNNP	0	PRACTICE
1158959666074	0	TRIAL	28
1158959668762	1	FACE	1020	PRES1_NNPN	Correct	LL1	PP0	Lure_PNNP	0	PRACTICE
1158959672642	1	FACE	1020	CUE	Correct	LL1	PP0	Lure_PNNP	0	PRACTICE
1158959673662	0	FACE	1020	RESP	Correct	LL1	PP0	Lure_PNNP	0	PRACTICE
1158959673685	0	TRIAL	29
1158959676323	1	FACE	731	PRES1_NPPN	Correct	LL1	PP0	Lure_NPPP	0	PRACTICE
1158959680123	1	FACE	731	CUE	Correct	LL1	PP0	Lure_NPPP	0	PRACTICE
1158959680854	0	FACE	731	RESP	Correct	LL1	PP0	Lure_NPPP	0	PRACTICE
1158959680885	0	TRIAL	30
1158959683535	1	FACE	659	PRES1_PPPP	Incorrect	LL1	PP1	Target_PPPP	0	PRACTICE
1158959687455	1	FACE	659	CUE	Incorrect	LL1	PP1	Target_PPPP	0	PRACTICE
1158959688114	0	FACE	659	RESP	Incorrect	LL1	PP1	Target_PPPP	0	PRACTICE
1158959688140	0	TRIAL	31
1158959691336	1	FACE	895	PRES1_PNNN	Correct	LL1	PP1	Target_PNNN	0	PRACTICE
1158959695376	1	FACE	895	CUE	Correct	LL1	PP1	Target_PNNN	0	PRACTICE
1158959696271	0	FACE	895	RESP	Correct	LL1	PP1	Target_PNNN	0	PRACTICE
1158959696300	0	TRIAL	32
1158959698975	1	FACE	869	PRES1_PNPP	Correct	LL1	PP1	Target_PNPP	0	PRACTICE
1158959702962	1	FACE	869	CUE	Correct	LL1	PP1	Target_PNPP	0	PRACTICE
1158959703831	0	FACE	869	RESP	Correct	LL1	PP1	Target_PNPP	0	PRACTICE
1158959711182	0	TRIAL	1
1158959714017	1	FACE	810	PRES1_NPPN	Correct	LL1	PP1	Target_NPPN	0	PRACTICE
1158959717909	1	FACE	810	CUE	Correct	LL1	PP1	Target_NPPN	0	PRACTICE
1158959718719	0	FACE	810	RESP	Correct	LL1	PP1	Target_NPPN	0	PRACTICE
1158959718739	0	TRIAL	2
1158959721377	1	FACE	778	PRES1_PNPN	Correct	LL1	PP0	Lure_PPNN	0	PRACTICE
1158959725416	1	FACE	778	CUE	Correct	LL1	PP0	Lure_PPNN	0	PRACTICE
1158959726194	1	FACE	778	RESP	Correct	LL1	PP0	Lure_PPNN	0	PRACTICE
1158959726220	0	TRIAL	3
1158959728882	1	FACE	501	PRES1_PPNN	Correct	LL1	PP1	Target_PPNN	0	PRACTICE
1158959732802	1	FACE	501	CUE	Correct	LL1	PP1	Target_PPNN	0	PRACTICE
1158959733303	0	FACE	501	RESP	Correct	LL1	PP1	Target_PPNN	0	PRACTICE
1158959733327	0	TRIAL	4
1158959736030	1	FACE	709	PRES1_NPNN	Correct	LL1	PP1	Target_NPNN	0	PRACTICE
1158959740003	1	FACE	709	CUE	Correct	LL1	PP1	Target_NPNN	0	PRACTICE
1158959740712	0	FACE	709	RESP	Correct	LL1	PP1	Target_NPNN	0	PRACTICE
1158959740739	0	TRIAL	5
1158959743389	1	FACE	595	PRES1_NNNN	Correct	LL1	PP1	Target_NNNN	0	PRACTICE
1158959747150	1	FACE	595	CUE	Correct	LL1	PP1	Target_NNNN	0	PRACTICE
1158959747745	0	FACE	595	RESP	Correct	LL1	PP1	Target_NNNN	0	PRACTICE
1158959747766	0	TRIAL	6
1158959750549	1	FACE	788	PRES1_PNPP	Correct	LL1	PP1	Target_PNPP	0	PRACTICE
1158959754603	1	FACE	788	CUE	Correct	LL1	PP1	Target_PNPP	0	PRACTICE
1158959755391	0	FACE	788	RESP	Correct	LL1	PP1	Target_PNPP	0	PRACTICE
1158959755420	0	TRIAL	7
1158959758030	1	FACE	633	PRES1_PNNP	Correct	LL1	PP0	Lure_PNNN	0	PRACTICE
1158959761976	1	FACE	633	CUE	Correct	LL1	PP0	Lure_PNNN	0	PRACTICE
1158959762609	0	FACE	633	RESP	Correct	LL1	PP0	Lure_PNNN	0	PRACTICE
1158959762633	0	TRIAL	8
1158959765616	1	FACE	740	PRES1_PPNP	Correct	LL1	PP0	Lure_PPPN	0	PRACTICE
1158959769509	1	FACE	740	CUE	Correct	LL1	PP0	Lure_PPPN	0	PRACTICE
1158959770249	0	FACE	740	RESP	Correct	LL1	PP0	Lure_PPPN	0	PRACTICE
1158959770274	0	TRIAL	9
1158959772896	1	FACE	835	PRES1_PPPP	Correct	LL1	PP1	Target_PPPP	0	PRACTICE
1158959776816	1	FACE	835	CUE	Correct	LL1	PP1	Target_PPPP	0	PRACTICE
1158959777651	0	FACE	835	RESP	Correct	LL1	PP1	Target_PPPP	0	PRACTICE
1158959777673	0	TRIAL	10
1158959780470	1	FACE	646	PRES1_NNPP	Correct	LL1	PP1	Target_NNPP	0	PRACTICE
1158959784311	1	FACE	646	CUE	Correct	LL1	PP1	Target_NNPP	0	PRACTICE
1158959784957	0	FACE	646	RESP	Correct	LL1	PP1	Target_NNPP	0	PRACTICE
1158959784980	0	TRIAL	11
1158959787550	1	FACE	639	PRES1_NNPN	Correct	LL1	PP1	Target_NNPN	0	PRACTICE
1158959791311	1	FACE	639	CUE	Correct	LL1	PP1	Target_NNPN	0	PRACTICE
1158959791950	0	FACE	639	RESP	Correct	LL1	PP1	Target_NNPN	0	PRACTICE
1158959791980	0	TRIAL	12
1158959794576	1	FACE	1034	PRES1_PPNN	Correct	LL1	PP0	Lure_NPNN	0	PRACTICE
1158959798576	1	FACE	1034	CUE	Correct	LL1	PP0	Lure_NPNN	0	PRACTICE
1158959799610	0	FACE	1034	RESP	Correct	LL1	PP0	Lure_NPNN	0	PRACTICE
1158959799633	0	TRIAL	13
1158959802191	1	FACE	870	PRES1_NPPP	Correct	LL1	PP0	Lure_PNNP	0	PRACTICE
1158959805936	1	FACE	870	CUE	Correct	LL1	PP0	Lure_PNNP	0	PRACTICE
1158959806806	0	FACE	870	RESP	Correct	LL1	PP0	Lure_PNNP	0	PRACTICE
1158959806833	0	TRIAL	14
1158959809457	1	FACE	797	PRES1_NPPN	Correct	LL1	PP0	Lure_PPNP	0	PRACTICE
1158959813470	1	FACE	797	CUE	Correct	LL1	PP0	Lure_PPNP	0	PRACTICE
1158959814267	0	FACE	797	RESP	Correct	LL1	PP0	Lure_PPNP	0	PRACTICE
1158959814288	0	TRIAL	15
1158959816857	1	FACE	844	PRES1_PNPP	Correct	LL1	PP0	Lure_PPPP	0	PRACTICE
1158959820843	1	FACE	844	CUE	Correct	LL1	PP0	Lure_PPPP	0	PRACTICE
1158959821687	0	FACE	844	RESP	Correct	LL1	PP0	Lure_PPPP	0	PRACTICE
1158959821714	0	TRIAL	16
1158959824311	1	FACE	730	PRES1_NNNP	Incorrect	LL1	PP0	Lure_NNPP	0	PRACTICE
1158959828044	1	FACE	730	CUE	Incorrect	LL1	PP0	Lure_NNPP	0	PRACTICE
1158959828774	0	FACE	730	RESP	Incorrect	LL1	PP0	Lure_NNPP	0	PRACTICE
1158959828794	0	TRIAL	17
1158959831590	1	FACE	797	PRES1_NPNP	Correct	LL1	PP0	Lure_PNPN	0	PRACTICE
1158959835351	1	FACE	797	CUE	Correct	LL1	PP0	Lure_PNPN	0	PRACTICE
1158959836148	0	FACE	797	RESP	Correct	LL1	PP0	Lure_PNPN	0	PRACTICE
1158959836168	0	TRIAL	18
1158959838777	1	FACE	1913	PRES1_PPPP	Incorrect	LL1	PP0	Lure_NPPP	0	PRACTICE
1158959842804	1	FACE	1913	CUE	Incorrect	LL1	PP0	Lure_NPPP	0	PRACTICE
1158959844717	0	FACE	1913	RESP	Incorrect	LL1	PP0	Lure_NPPP	0	PRACTICE
1158959844740	0	TRIAL	19
1158959847537	1	FACE	697	PRES1_NNPP	Correct	LL1	PP0	Lure_NPPN	0	PRACTICE
1158959851577	1	FACE	697	CUE	Correct	LL1	PP0	Lure_NPPN	0	PRACTICE
1158959852274	0	FACE	697	RESP	Correct	LL1	PP0	Lure_NPPN	0	PRACTICE
1158959852301	0	TRIAL	20
1158959854950	1	FACE	881	PRES1_PNNN	Incorrect	LL1	PP0	Lure_PNPP	0	PRACTICE
1158959858950	1	FACE	881	CUE	Incorrect	LL1	PP0	Lure_PNPP	0	PRACTICE
1158959859831	0	FACE	881	RESP	Incorrect	LL1	PP0	Lure_PNPP	0	PRACTICE
1158959859862	0	TRIAL	21
1158959862617	1	FACE	985	PRES1_PPPN	Correct	LL1	PP1	Target_PPPN	0	PRACTICE
1158959866430	1	FACE	985	CUE	Correct	LL1	PP1	Target_PPPN	0	PRACTICE
1158959867415	0	FACE	985	RESP	Correct	LL1	PP1	Target_PPPN	0	PRACTICE
1158959867447	0	TRIAL	22
1158959871165	1	FACE	929	PRES1_NPPP	Correct	LL1	PP1	Target_NPPP	0	PRACTICE
1158959875192	1	FACE	929	CUE	Correct	LL1	PP1	Target_NPPP	0	PRACTICE
1158959876121	0	FACE	929	RESP	Correct	LL1	PP1	Target_NPPP	0	PRACTICE
1158959876142	0	TRIAL	23
1158959878724	1	FACE	655	PRES1_PNPN	Correct	LL1	PP1	Target_PNPN	0	PRACTICE
1158959882671	1	FACE	655	CUE	Correct	LL1	PP1	Target_PNPN	0	PRACTICE
1158959883326	0	FACE	655	RESP	Correct	LL1	PP1	Target_PNPN	0	PRACTICE
1158959883355	0	TRIAL	24
1158959886312	1	FACE	954	PRES1_NPNN	Correct	LL1	PP0	Lure_NPNP	0	PRACTICE
1158959890245	1	FACE	954	CUE	Correct	LL1	PP0	Lure_NPNP	0	PRACTICE
1158959891199	0	FACE	954	RESP	Correct	LL1	PP0	Lure_NPNP	0	PRACTICE
1158959891222	0	TRIAL	25
1158959893897	1	FACE	784	PRES1_PPNP	Incorrect	LL1	PP1	Target_PPNP	0	PRACTICE
1158959897831	1	FACE	784	CUE	Incorrect	LL1	PP1	Target_PPNP	0	PRACTICE
1158959898615	0	FACE	784	RESP	Incorrect	LL1	PP1	Target_PPNP	0	PRACTICE
1158959898649	0	TRIAL	26
1158959901631	1	FACE	838	PRES1_PNNN	Correct	LL1	PP1	Target_PNNN	0	PRACTICE
1158959905444	1	FACE	838	CUE	Correct	LL1	PP1	Target_PNNN	0	PRACTICE
1158959906282	0	FACE	838	RESP	Correct	LL1	PP1	Target_PNNN	0	PRACTICE
1158959906302	0	TRIAL	27
1158959908978	1	FACE	779	PRES1_NNNN	Incorrect	LL1	PP0	Lure_NNPN	0	PRACTICE
1158959912831	1	FACE	779	CUE	Incorrect	LL1	PP0	Lure_NNPN	0	PRACTICE
1158959913610	0	FACE	779	RESP	Incorrect	LL1	PP0	Lure_NNPN	0	PRACTICE
1158959913635	0	TRIAL	28
1158959916325	1	FACE	807	PRES1_NPNP	Correct	LL1	PP1	Target_NPNP	0	PRACTICE
1158959920099	1	FACE	807	CUE	Correct	LL1	PP1	Target_NPNP	0	PRACTICE
1158959920906	0	FACE	807	RESP	Correct	LL1	PP1	Target_NPNP	0	PRACTICE
1158959920928	0	TRIAL	29
1158959923698	1	FACE	874	PRES1_PNNP	Correct	LL1	PP1	Target_PNNP	0	PRACTICE
1158959927551	1	FACE	874	CUE	Correct	LL1	PP1	Target_PNNP	0	PRACTICE
1158959928425	0	FACE	874	RESP	Correct	LL1	PP1	Target_PNNP	0	PRACTICE
1158959928448	0	TRIAL	30
1158959931125	1	FACE	778	PRES1_NNPN	Correct	LL1	PP0	Lure_NNNP	0	PRACTICE
1158959935166	1	FACE	778	CUE	Correct	LL1	PP0	Lure_NNNP	0	PRACTICE
1158959935944	0	FACE	778	RESP	Correct	LL1	PP0	Lure_NNNP	0	PRACTICE
1158959935969	0	TRIAL	31
1158959938685	1	FACE	789	PRES1_NNNP	Correct	LL1	PP1	Target_NNNP	0	PRACTICE
1158959942591	1	FACE	789	CUE	Correct	LL1	PP1	Target_NNNP	0	PRACTICE
1158959943380	0	FACE	789	RESP	Correct	LL1	PP1	Target_NNNP	0	PRACTICE
1158959943408	0	TRIAL	32
1158959946206	1	FACE	722	PRES1_PPPN	Correct	LL1	PP0	Lure_NNNN	0	PRACTICE
1158959950179	1	FACE	722	CUE	Correct	LL1	PP0	Lure_NNNN	0	PRACTICE
1158959950901	0	FACE	722	RESP	Correct	LL1	PP0	Lure_NNNN	0	PRACTICE
1158959958857	0	SESS_END	1
1158959958860	0	E	Logging Ends
