1154628496562	0	B	Logging Begins
1154628496562	0	SETUP
1154628496570	0	RESTORESTATE
1154628496598	0	SAVESTATE
1154628496598	0	RESTORESTATE
1154628496861	0	SESSION	0
1154628558788	0	SAVESTATE
1154628565204	0	SAVESTATE
1154628571683	0	SAVESTATE
1154628578083	0	SAVESTATE
1154628584579	0	SAVESTATE
1154628590977	0	SAVESTATE
1154628597413	0	SAVESTATE
1154628604057	0	SAVESTATE
1154628615860	0	SAVESTATE
1154628621891	0	SAVESTATE
1154628627923	0	SAVESTATE
1154628633954	0	SAVESTATE
1154628639985	0	SAVESTATE
1154628646018	0	SAVESTATE
1154628652049	0	SAVESTATE
1154628658080	0	SAVESTATE
1154628678488	0	SAVESTATE
1154628685131	0	SAVESTATE
1154628691612	0	SAVESTATE
1154628698042	0	SAVESTATE
1154628704442	0	SAVESTATE
1154628710938	0	SAVESTATE
1154628717436	0	SAVESTATE
1154628723833	0	SAVESTATE
1154628733922	0	SAVESTATE
1154628739952	0	SAVESTATE
1154628745984	0	SAVESTATE
1154628752016	0	SAVESTATE
1154628758048	0	SAVESTATE
1154628764079	0	SAVESTATE
1154628770110	0	SAVESTATE
1154628776141	0	SAVESTATE
1154628788863	0	SAVESTATE
1154628795361	0	SAVESTATE
1154628801857	0	SAVESTATE
1154628808257	0	SAVESTATE
1154628814669	0	SAVESTATE
1154628821069	0	SAVESTATE
1154628827549	0	SAVESTATE
1154628833984	0	SAVESTATE
1154628844152	0	SAVESTATE
1154628850184	0	SAVESTATE
1154628856215	0	SAVESTATE
1154628862246	0	SAVESTATE
1154628868278	0	SAVESTATE
1154628874309	0	SAVESTATE
1154628880341	0	SAVESTATE
1154628886372	0	SAVESTATE
1154628894510	0	SAVESTATE
1154628900908	0	SAVESTATE
1154628907341	0	SAVESTATE
1154628913836	0	SAVESTATE
1154628920236	0	SAVESTATE
1154628926651	0	SAVESTATE
1154628933153	0	SAVESTATE
1154628939795	0	SAVESTATE
1154628972511	0	SAVESTATE
1154628978541	0	SAVESTATE
1154628984573	0	SAVESTATE
1154628990593	0	SAVESTATE
1154628996619	0	SAVESTATE
1154629002916	0	SAVESTATE
1154629008947	0	SAVESTATE
1154629014978	0	SAVESTATE
1154629023954	0	SAVESTATE
1154629030599	0	SAVESTATE
1154629037031	0	SAVESTATE
1154629043428	0	SAVESTATE
1154629049861	0	SAVESTATE
1154629056340	0	SAVESTATE
1154629062739	0	SAVESTATE
1154629069239	0	SAVESTATE
1154629080041	0	SAVESTATE
1154629086072	0	SAVESTATE
1154629092104	0	SAVESTATE
1154629098135	0	SAVESTATE
1154629104166	0	SAVESTATE
1154629110198	0	SAVESTATE
1154629116229	0	SAVESTATE
1154629122261	0	SAVESTATE
1154629159042	0	SAVESTATE
1154629165521	0	SAVESTATE
1154629171920	0	SAVESTATE
1154629178416	0	SAVESTATE
1154629184851	0	SAVESTATE
1154629191497	0	SAVESTATE
1154629197894	0	SAVESTATE
1154629204393	0	SAVESTATE
1154629213014	0	SAVESTATE
1154629219045	0	SAVESTATE
1154629225077	0	SAVESTATE
1154629231108	0	SAVESTATE
1154629237139	0	SAVESTATE
1154629243171	0	SAVESTATE
1154629249202	0	SAVESTATE
1154629255233	0	SAVESTATE
1154629262593	0	SAVESTATE
1154629269236	0	SAVESTATE
1154629275634	0	SAVESTATE
1154629282051	0	SAVESTATE
1154629288548	0	SAVESTATE
1154629295046	0	SAVESTATE
1154629301475	0	SAVESTATE
1154629307875	0	SAVESTATE
1154629319462	0	SAVESTATE
1154629325493	0	SAVESTATE
1154629331514	0	SAVESTATE
1154629337539	0	SAVESTATE
1154629343571	0	SAVESTATE
1154629349732	0	SAVESTATE
1154629355633	0	SAVESTATE
1154629361665	0	SAVESTATE
1154629371319	0	SAVESTATE
1154629377717	0	SAVESTATE
1154629384118	0	SAVESTATE
1154629390618	0	SAVESTATE
1154629397262	0	SAVESTATE
1154629403693	0	SAVESTATE
1154629410176	0	SAVESTATE
1154629416672	0	SAVESTATE
1154629425127	0	SAVESTATE
1154629431158	0	SAVESTATE
1154629437190	0	SAVESTATE
1154629443221	0	SAVESTATE
1154629449253	0	SAVESTATE
1154629455284	0	SAVESTATE
1154629461315	0	SAVESTATE
1154629467347	0	SAVESTATE
1154629474986	0	SAVESTATE
1154629481486	0	SAVESTATE
1154629488002	0	SAVESTATE
1154629494646	0	SAVESTATE
1154629501060	0	SAVESTATE
1154629507459	0	SAVESTATE
1154629513955	0	SAVESTATE
1154629520387	0	SAVESTATE
1154629531675	0	SAVESTATE
1154629537706	0	SAVESTATE
1154629543738	0	SAVESTATE
1154629549768	0	SAVESTATE
1154629555799	0	SAVESTATE
1154629561831	0	SAVESTATE
1154629567862	0	SAVESTATE
1154629573893	0	SAVESTATE
1154629582684	0	SAVESTATE
1154629589164	0	SAVESTATE
1154629595563	0	SAVESTATE
1154629601992	0	SAVESTATE
1154629608393	0	SAVESTATE
1154629614888	0	SAVESTATE
1154629621309	0	SAVESTATE
1154629627951	0	SAVESTATE
1154629637440	0	SAVESTATE
1154629643471	0	SAVESTATE
1154629649503	0	SAVESTATE
1154629655534	0	SAVESTATE
1154629661565	0	SAVESTATE
1154629667597	0	SAVESTATE
1154629673628	0	SAVESTATE
1154629679659	0	SAVESTATE
1154629786980	0	SAVESTATE
1154629793366	0	SAVESTATE
1154629799911	0	SAVESTATE
1154629806429	0	SAVESTATE
1154629812990	0	SAVESTATE
1154629819439	0	SAVESTATE
1154629825920	0	SAVESTATE
1154629832440	0	SAVESTATE
1154629845903	0	SAVESTATE
1154629851934	0	SAVESTATE
1154629857966	0	SAVESTATE
1154629863997	0	SAVESTATE
1154629870030	0	SAVESTATE
1154629876061	0	SAVESTATE
1154629882092	0	SAVESTATE
1154629888123	0	SAVESTATE
1154629896386	0	SAVESTATE
1154629903162	0	SAVESTATE
1154629909673	0	SAVESTATE
1154629916058	0	SAVESTATE
1154629922522	0	SAVESTATE
1154629929036	0	SAVESTATE
1154629935519	0	SAVESTATE
1154629942050	0	SAVESTATE
1154629953569	0	SAVESTATE
1154629959600	0	SAVESTATE
1154629965631	0	SAVESTATE
1154629971662	0	SAVESTATE
1154629977694	0	SAVESTATE
1154629983757	0	SAVESTATE
1154629989789	0	SAVESTATE
1154629995820	0	SAVESTATE
1154630005425	0	SAVESTATE
1154630011810	0	SAVESTATE
1154630018323	0	SAVESTATE
1154630024786	0	SAVESTATE
1154630031271	0	SAVESTATE
1154630037817	0	SAVESTATE
1154630044382	0	SAVESTATE
1154630050902	0	SAVESTATE
1154630060316	0	SAVESTATE
1154630066348	0	SAVESTATE
1154630072379	0	SAVESTATE
1154630078410	0	SAVESTATE
1154630084442	0	SAVESTATE
1154630090473	0	SAVESTATE
1154630096504	0	SAVESTATE
1154630102536	0	SAVESTATE
1154630112006	0	SAVESTATE
1154630118256	0	SAVESTATE
1154630124770	0	SAVESTATE
1154630131291	0	SAVESTATE
1154630138066	0	SAVESTATE
1154630144549	0	SAVESTATE
1154630151079	0	SAVESTATE
1154630157546	0	SAVESTATE
1154630167447	0	SAVESTATE
1154630173479	0	SAVESTATE
1154630179510	0	SAVESTATE
1154630185541	0	SAVESTATE
1154630191573	0	SAVESTATE
1154630197604	0	SAVESTATE
1154630203635	0	SAVESTATE
1154630209667	0	SAVESTATE
1154630218055	0	SAVESTATE
1154630224506	0	SAVESTATE
1154630231019	0	SAVESTATE
1154630237500	0	SAVESTATE
1154630244020	0	SAVESTATE
1154630250793	0	SAVESTATE
1154630257178	0	SAVESTATE
1154630263711	0	SAVESTATE
1154630273695	0	SAVESTATE
1154630279727	0	SAVESTATE
1154630285757	0	SAVESTATE
1154630291788	0	SAVESTATE
1154630297820	0	SAVESTATE
1154630304069	0	SAVESTATE
1154630310100	0	SAVESTATE
1154630316132	0	SAVESTATE
1154630324293	0	SAVESTATE
1154630331068	0	SAVESTATE
1154630337521	0	SAVESTATE
1154630344083	0	SAVESTATE
1154630350594	0	SAVESTATE
1154630356976	0	SAVESTATE
1154630363458	0	SAVESTATE
1154630369975	0	SAVESTATE
1154630378860	0	SAVESTATE
1154630384891	0	SAVESTATE
1154630390923	0	SAVESTATE
1154630396953	0	SAVESTATE
1154630402985	0	SAVESTATE
1154630409017	0	SAVESTATE
1154630415049	0	SAVESTATE
1154630421080	0	SAVESTATE
1154630429504	0	SAVESTATE
1154630436041	0	SAVESTATE
1154630442812	0	SAVESTATE
1154630449196	0	SAVESTATE
1154630455711	0	SAVESTATE
1154630462191	0	SAVESTATE
1154630468641	0	SAVESTATE
1154630475157	0	SAVESTATE
1154630484042	0	SAVESTATE
1154630490074	0	SAVESTATE
1154630496105	0	SAVESTATE
1154630502137	0	SAVESTATE
1154630508168	0	SAVESTATE
1154630514199	0	SAVESTATE
1154630520230	0	SAVESTATE
1154630526262	0	SAVESTATE
1154630533865	0	SAVESTATE
1154630540252	0	SAVESTATE
1154630546798	0	SAVESTATE
1154630553351	0	SAVESTATE
1154630560129	0	SAVESTATE
1154630566641	0	SAVESTATE
1154630573155	0	SAVESTATE
1154630579636	0	SAVESTATE
1154630587108	0	SAVESTATE
1154630593139	0	SAVESTATE
1154630599171	0	SAVESTATE
1154630605202	0	SAVESTATE
1154630611233	0	SAVESTATE
1154630617265	0	SAVESTATE
1154630623296	0	SAVESTATE
1154630629327	0	SAVESTATE
1154630637881	0	SAVESTATE
1154630644267	0	SAVESTATE
1154630650780	0	SAVESTATE
1154630657311	0	SAVESTATE
1154630663775	0	SAVESTATE
1154630670290	0	SAVESTATE
1154630676773	0	SAVESTATE
1154630683341	0	SAVESTATE
1154630691823	0	SAVESTATE
1154630697854	0	SAVESTATE
1154630703885	0	SAVESTATE
1154630709916	0	SAVESTATE
1154630715948	0	SAVESTATE
1154630722196	0	SAVESTATE
1154630728228	0	SAVESTATE
1154630734259	0	SAVESTATE
1154630741931	0	SAVESTATE
1154630748428	0	SAVESTATE
1154630754817	0	SAVESTATE
1154630761595	0	SAVESTATE
1154630768160	0	SAVESTATE
1154630774688	0	SAVESTATE
1154630781204	0	SAVESTATE
1154630787716	0	SAVESTATE
1154630796172	0	SAVESTATE
1154630802203	0	SAVESTATE
1154630808235	0	SAVESTATE
1154630814266	0	SAVESTATE
1154630820297	0	SAVESTATE
1154630826329	0	SAVESTATE
1154630832360	0	SAVESTATE
1154630838391	0	SAVESTATE
1154630939292	0	SAVESTATE
1154630939321	0	EXIT
1154630939321	0	E	Logging Ends
