1166120926743	0	B	Logging Begins
1166120926743	0	SESS_START	0
1166121958813	0	TRIAL	1
1166121968090	1	FACE	2800	PRES1_NNPP	Incorrect	LL1	PP0	Lure_PPPP	4	0	PRACTICE
1166121972082	1	FACE	2800	CUE	Incorrect	LL1	PP0	Lure_PPPP	4	0	PRACTICE
1166121974882	0	FACE	2800	RESP	Incorrect	LL1	PP0	Lure_PPPP	4	0	PRACTICE
1166121974912	0	TRIAL	2
1166121979944	1	FACE	2143	PRES1_NNNN	Correct	LL1	PP1	Target_NNNN	5	0	PRACTICE
1166121983819	1	FACE	2143	CUE	Correct	LL1	PP1	Target_NNNN	5	0	PRACTICE
1166121985962	0	FACE	2143	RESP	Correct	LL1	PP1	Target_NNNN	5	0	PRACTICE
1166121985992	0	TRIAL	3
1166121990206	1	FACE	1163	PRES1_PNNP	Correct	LL1	PP1	Target_PNNP	6	0	PRACTICE
1166121993992	1	FACE	1163	CUE	Correct	LL1	PP1	Target_PNNP	6	0	PRACTICE
1166121995155	0	FACE	1163	RESP	Correct	LL1	PP1	Target_PNNP	6	0	PRACTICE
1166121995190	0	TRIAL	4
1166121998345	1	FACE	1259	PRES1_NPNN	Correct	LL1	PP0	Lure_NNNP	1	0	PRACTICE
1166122002134	1	FACE	1259	CUE	Correct	LL1	PP0	Lure_NNNP	1	0	PRACTICE
1166122003393	0	FACE	1259	RESP	Correct	LL1	PP0	Lure_NNNP	1	0	PRACTICE
1166122003420	0	TRIAL	5
1166122012187	1	FACE	1197	PRES1_PPPP	Correct	LL1	PP0	Lure_PNNN	1	0	PRACTICE
1166122016037	1	FACE	1197	CUE	Correct	LL1	PP0	Lure_PNNN	1	0	PRACTICE
1166122017234	0	FACE	1197	RESP	Correct	LL1	PP0	Lure_PNNN	1	0	PRACTICE
1166122017265	0	TRIAL	6
1166122020685	1	FACE	1255	PRES1_PPNP	Correct	LL1	PP0	Lure_NPPN	1	0	PRACTICE
1166122024650	1	FACE	1255	CUE	Correct	LL1	PP0	Lure_NPPN	1	0	PRACTICE
1166122025905	0	FACE	1255	RESP	Correct	LL1	PP0	Lure_NPPN	1	0	PRACTICE
1166122025946	0	TRIAL	7
1166122029311	1	FACE	820	PRES1_NPNP	Correct	LL1	PP1	Target_NPNP	6	0	PRACTICE
1166122033052	1	FACE	820	CUE	Correct	LL1	PP1	Target_NPNP	6	0	PRACTICE
1166122033872	0	FACE	820	RESP	Correct	LL1	PP1	Target_NPNP	6	0	PRACTICE
1166122033909	0	TRIAL	8
1166122037502	1	FACE	760	PRES1_PPNN	Correct	LL1	PP1	Target_PPNN	6	0	PRACTICE
1166122041313	1	FACE	760	CUE	Correct	LL1	PP1	Target_PPNN	6	0	PRACTICE
1166122042073	0	FACE	760	RESP	Correct	LL1	PP1	Target_PPNN	6	0	PRACTICE
1166122042108	0	TRIAL	9
1166122045096	1	FACE	803	PRES1_PNPP	Correct	LL1	PP1	Target_PNPP	6	0	PRACTICE
1166122048861	1	FACE	803	CUE	Correct	LL1	PP1	Target_PNPP	6	0	PRACTICE
1166122049664	0	FACE	803	RESP	Correct	LL1	PP1	Target_PNPP	6	0	PRACTICE
1166122049705	0	TRIAL	10
1166122052692	1	FACE	770	PRES1_PPNP	Incorrect	LL1	PP1	Target_PPNP	1	0	PRACTICE
1166122056583	1	FACE	770	CUE	Incorrect	LL1	PP1	Target_PPNP	1	0	PRACTICE
1166122057353	0	FACE	770	RESP	Incorrect	LL1	PP1	Target_PPNP	1	0	PRACTICE
1166122057386	0	TRIAL	11
1166122061936	1	FACE	867	PRES1_PPNN	Correct	LL1	PP0	Lure_PNPN	1	0	PRACTICE
1166122065740	1	FACE	867	CUE	Correct	LL1	PP0	Lure_PNPN	1	0	PRACTICE
1166122066607	0	FACE	867	RESP	Correct	LL1	PP0	Lure_PNPN	1	0	PRACTICE
1166122066632	0	TRIAL	12
1166122069743	1	FACE	894	PRES1_NNPN	Correct	LL1	PP0	Lure_NNPP	1	0	PRACTICE
1166122073569	1	FACE	894	CUE	Correct	LL1	PP0	Lure_NNPP	1	0	PRACTICE
1166122074463	0	FACE	894	RESP	Correct	LL1	PP0	Lure_NNPP	1	0	PRACTICE
1166122074497	0	TRIAL	13
1166122077459	1	FACE	751	PRES1_NPPP	Correct	LL1	PP0	Lure_NNNN	1	0	PRACTICE
1166122081409	1	FACE	751	CUE	Correct	LL1	PP0	Lure_NNNN	1	0	PRACTICE
1166122082160	0	FACE	751	RESP	Correct	LL1	PP0	Lure_NNNN	1	0	PRACTICE
1166122082194	0	TRIAL	14
1166122085067	1	FACE	692	PRES1_PNPN	Correct	LL1	PP1	Target_PNPN	6	0	PRACTICE
1166122088882	1	FACE	692	CUE	Correct	LL1	PP1	Target_PNPN	6	0	PRACTICE
1166122089574	0	FACE	692	RESP	Correct	LL1	PP1	Target_PNPN	6	0	PRACTICE
1166122089610	0	TRIAL	15
1166122092665	1	FACE	768	PRES1_NNNN	Correct	LL1	PP0	Lure_PNPP	1	0	PRACTICE
1166122096654	1	FACE	768	CUE	Correct	LL1	PP0	Lure_PNPP	1	0	PRACTICE
1166122097422	0	FACE	768	RESP	Correct	LL1	PP0	Lure_PNPP	1	0	PRACTICE
1166122097455	0	TRIAL	16
1166122101189	1	FACE	918	PRES1_NPPN	Correct	LL1	PP1	Target_NPPN	6	0	PRACTICE
1166122105056	1	FACE	918	CUE	Correct	LL1	PP1	Target_NPPN	6	0	PRACTICE
1166122105974	0	FACE	918	RESP	Correct	LL1	PP1	Target_NPPN	6	0	PRACTICE
1166122106004	0	TRIAL	17
1166122109317	1	FACE	898	PRES1_NNNP	Correct	LL1	PP1	Target_NNNP	6	0	PRACTICE
1166122113245	1	FACE	898	CUE	Correct	LL1	PP1	Target_NNNP	6	0	PRACTICE
1166122114143	0	FACE	898	RESP	Correct	LL1	PP1	Target_NNNP	6	0	PRACTICE
1166122114169	0	TRIAL	18
1166122117127	1	FACE	1210	PRES1_NPNN	Incorrect	LL1	PP1	Target_NPNN	1	0	PRACTICE
1166122121179	1	FACE	1210	CUE	Incorrect	LL1	PP1	Target_NPNN	1	0	PRACTICE
1166122122389	0	FACE	1210	RESP	Incorrect	LL1	PP1	Target_NPNN	1	0	PRACTICE
1166122122414	0	TRIAL	19
1166122126034	1	FACE	738	PRES1_PNNN	Correct	LL1	PP0	Lure_PNNP	1	0	PRACTICE
1166122129827	1	FACE	738	CUE	Correct	LL1	PP0	Lure_PNNP	1	0	PRACTICE
1166122130565	0	FACE	738	RESP	Correct	LL1	PP0	Lure_PNNP	1	0	PRACTICE
1166122130596	0	TRIAL	20
1166122133970	1	FACE	913	PRES1_NNNP	Correct	LL1	PP0	Lure_NPPP	1	0	PRACTICE
1166122137748	1	FACE	913	CUE	Correct	LL1	PP0	Lure_NPPP	1	0	PRACTICE
1166122138661	0	FACE	913	RESP	Correct	LL1	PP0	Lure_NPPP	1	0	PRACTICE
1166122138692	0	TRIAL	21
1166122141687	1	FACE	670	PRES1_PPPP	Correct	LL1	PP1	Target_PPPP	6	0	PRACTICE
1166122145487	1	FACE	670	CUE	Correct	LL1	PP1	Target_PPPP	6	0	PRACTICE
1166122146157	0	FACE	670	RESP	Correct	LL1	PP1	Target_PPPP	6	0	PRACTICE
1166122146192	0	TRIAL	22
1166122149069	1	FACE	620	PRES1_PNNP	Correct	LL1	PP0	Lure_PPPN	1	0	PRACTICE
1166122153016	1	FACE	620	CUE	Correct	LL1	PP0	Lure_PPPN	1	0	PRACTICE
1166122153636	0	FACE	620	RESP	Correct	LL1	PP0	Lure_PPPN	1	0	PRACTICE
1166122153672	0	TRIAL	23
1166122156479	1	FACE	706	PRES1_NPPN	Correct	LL1	PP0	Lure_PPNP	1	0	PRACTICE
1166122160443	1	FACE	706	CUE	Correct	LL1	PP0	Lure_PPNP	1	0	PRACTICE
1166122161149	0	FACE	706	RESP	Correct	LL1	PP0	Lure_PPNP	1	0	PRACTICE
1166122161186	0	TRIAL	24
1166122164415	1	FACE	568	PRES1_PPPN	Correct	LL1	PP1	Target_PPPN	6	0	PRACTICE
1166122168236	1	FACE	568	CUE	Correct	LL1	PP1	Target_PPPN	6	0	PRACTICE
1166122168804	0	FACE	568	RESP	Correct	LL1	PP1	Target_PPPN	6	0	PRACTICE
1166122168833	0	TRIAL	25
1166122171768	1	FACE	674	PRES1_PNNN	Correct	LL1	PP1	Target_PNNN	6	0	PRACTICE
1166122175650	1	FACE	674	CUE	Correct	LL1	PP1	Target_PNNN	6	0	PRACTICE
1166122176324	0	FACE	674	RESP	Correct	LL1	PP1	Target_PNNN	6	0	PRACTICE
1166122176364	0	TRIAL	26
1166122179268	1	FACE	660	PRES1_PNPN	Correct	LL1	PP0	Lure_NPNP	1	0	PRACTICE
1166122183071	1	FACE	660	CUE	Correct	LL1	PP0	Lure_NPNP	1	0	PRACTICE
1166122183731	0	FACE	660	RESP	Correct	LL1	PP0	Lure_NPNP	1	0	PRACTICE
1166122183946	0	TRIAL	27
1166122186797	1	FACE	702	PRES1_NNPP	Correct	LL1	PP1	Target_NNPP	6	0	PRACTICE
1166122190837	1	FACE	702	CUE	Correct	LL1	PP1	Target_NNPP	6	0	PRACTICE
1166122191539	0	FACE	702	RESP	Correct	LL1	PP1	Target_NNPP	6	0	PRACTICE
1166122191575	0	TRIAL	28
1166122194790	1	FACE	569	PRES1_PPPN	Correct	LL1	PP0	Lure_NNPN	1	0	PRACTICE
1166122198603	1	FACE	569	CUE	Correct	LL1	PP0	Lure_NNPN	1	0	PRACTICE
1166122199172	0	FACE	569	RESP	Correct	LL1	PP0	Lure_NNPN	1	0	PRACTICE
1166122199207	0	TRIAL	29
1166122202098	1	FACE	654	PRES1_NNPN	Correct	LL1	PP1	Target_NNPN	6	0	PRACTICE
1166122205918	1	FACE	654	CUE	Correct	LL1	PP1	Target_NNPN	6	0	PRACTICE
1166122206572	0	FACE	654	RESP	Correct	LL1	PP1	Target_NNPN	6	0	PRACTICE
1166122206608	0	TRIAL	30
1166122209751	1	FACE	530	PRES1_PNPP	Correct	LL1	PP0	Lure_NPNN	1	0	PRACTICE
1166122213545	1	FACE	530	CUE	Correct	LL1	PP0	Lure_NPNN	1	0	PRACTICE
1166122214075	0	FACE	530	RESP	Correct	LL1	PP0	Lure_NPNN	1	0	PRACTICE
1166122214320	0	TRIAL	31
1166122217242	1	FACE	513	PRES1_NPNP	Correct	LL1	PP0	Lure_PPNN	1	0	PRACTICE
1166122221137	1	FACE	513	CUE	Correct	LL1	PP0	Lure_PPNN	1	0	PRACTICE
1166122221650	0	FACE	513	RESP	Correct	LL1	PP0	Lure_PPNN	1	0	PRACTICE
1166122221682	0	TRIAL	32
1166122224644	1	FACE	640	PRES1_NPPP	Correct	LL1	PP1	Target_NPPP	6	0	PRACTICE
1166122228427	1	FACE	640	CUE	Correct	LL1	PP1	Target_NPPP	6	0	PRACTICE
1166122229067	0	FACE	640	RESP	Correct	LL1	PP1	Target_NPPP	6	0	PRACTICE
1166122242546	0	TRIAL	1
1166122247016	1	FACE	475	PRES1_NNPP	Correct	LL1	PP0	Lure_PNNN	1	0	PRACTICE
1166122250807	1	FACE	475	CUE	Correct	LL1	PP0	Lure_PNNN	1	0	PRACTICE
1166122251282	0	FACE	475	RESP	Correct	LL1	PP0	Lure_PNNN	1	0	PRACTICE
1166122251307	0	TRIAL	2
1166122254440	1	FACE	483	PRES1_NNNN	Correct	LL1	PP1	Target_NNNN	6	0	PRACTICE
1166122258422	1	FACE	483	CUE	Correct	LL1	PP1	Target_NNNN	6	0	PRACTICE
1166122258905	0	FACE	483	RESP	Correct	LL1	PP1	Target_NNNN	6	0	PRACTICE
1166122258937	0	TRIAL	3
1166122262006	1	FACE	551	PRES1_PPNP	Correct	LL1	PP0	Lure_PPNN	1	0	PRACTICE
1166122266001	1	FACE	551	CUE	Correct	LL1	PP0	Lure_PPNN	1	0	PRACTICE
1166122266552	0	FACE	551	RESP	Correct	LL1	PP0	Lure_PPNN	1	0	PRACTICE
1166122266585	0	TRIAL	4
1166122269532	1	FACE	861	PRES1_PPPN	Correct	LL1	PP1	Target_PPPN	6	0	PRACTICE
1166122273428	1	FACE	861	CUE	Correct	LL1	PP1	Target_PPPN	6	0	PRACTICE
1166122274289	0	FACE	861	RESP	Correct	LL1	PP1	Target_PPPN	6	0	PRACTICE
1166122274316	0	TRIAL	5
1166122277194	1	FACE	531	PRES1_PNPN	Correct	LL1	PP0	Lure_PNPP	1	0	PRACTICE
1166122281181	1	FACE	531	CUE	Correct	LL1	PP0	Lure_PNPP	1	0	PRACTICE
1166122281712	0	FACE	531	RESP	Correct	LL1	PP0	Lure_PNPP	1	0	PRACTICE
1166122281747	0	TRIAL	6
1166122284669	1	FACE	505	PRES1_NNNP	Correct	LL1	PP1	Target_NNNP	6	0	PRACTICE
1166122288536	1	FACE	505	CUE	Correct	LL1	PP1	Target_NNNP	6	0	PRACTICE
1166122289041	0	FACE	505	RESP	Correct	LL1	PP1	Target_NNNP	6	0	PRACTICE
1166122289078	0	TRIAL	7
1166122292266	1	FACE	858	PRES1_NPPN	Correct	LL1	PP1	Target_NPPN	6	0	PRACTICE
1166122296214	1	FACE	858	CUE	Correct	LL1	PP1	Target_NPPN	6	0	PRACTICE
1166122297072	0	FACE	858	RESP	Correct	LL1	PP1	Target_NPPN	6	0	PRACTICE
1166122297110	0	TRIAL	8
1166122300243	1	FACE	515	PRES1_NPNN	Correct	LL1	PP1	Target_NPNN	6	0	PRACTICE
1166122304132	1	FACE	515	CUE	Correct	LL1	PP1	Target_NPNN	6	0	PRACTICE
1166122304647	0	FACE	515	RESP	Correct	LL1	PP1	Target_NPNN	6	0	PRACTICE
1166122304672	0	TRIAL	9
1166122309249	1	FACE	618	PRES1_NNPN	Correct	LL1	PP1	Target_NNPN	6	0	PRACTICE
1166122313253	1	FACE	618	CUE	Correct	LL1	PP1	Target_NNPN	6	0	PRACTICE
1166122313871	0	FACE	618	RESP	Correct	LL1	PP1	Target_NNPN	6	0	PRACTICE
1166122313903	0	TRIAL	10
1166122317184	1	FACE	582	PRES1_NPNP	Correct	LL1	PP0	Lure_PPPP	1	0	PRACTICE
1166122320928	1	FACE	582	CUE	Correct	LL1	PP0	Lure_PPPP	1	0	PRACTICE
1166122321510	0	FACE	582	RESP	Correct	LL1	PP0	Lure_PPPP	1	0	PRACTICE
1166122321550	0	TRIAL	11
1166122324627	1	FACE	869	PRES1_PPPN	Correct	LL1	PP0	Lure_PNNP	1	0	PRACTICE
1166122328561	1	FACE	869	CUE	Correct	LL1	PP0	Lure_PNNP	1	0	PRACTICE
1166122329430	0	FACE	869	RESP	Correct	LL1	PP0	Lure_PNNP	1	0	PRACTICE
1166122329464	0	TRIAL	12
1166122332226	1	FACE	871	PRES1_NPPP	Incorrect	LL1	PP0	Lure_NNNP	6	0	PRACTICE
1166122336007	1	FACE	871	CUE	Incorrect	LL1	PP0	Lure_NNNP	6	0	PRACTICE
1166122336878	0	FACE	871	RESP	Incorrect	LL1	PP0	Lure_NNNP	6	0	PRACTICE
1166122336911	0	TRIAL	13
1166122340576	1	FACE	583	PRES1_PPNN	Correct	LL1	PP0	Lure_NPNP	1	0	PRACTICE
1166122344295	1	FACE	583	CUE	Correct	LL1	PP0	Lure_NPNP	1	0	PRACTICE
1166122344878	0	FACE	583	RESP	Correct	LL1	PP0	Lure_NPNP	1	0	PRACTICE
1166122344910	0	TRIAL	14
1166122348028	1	FACE	639	PRES1_PNNP	Correct	LL1	PP1	Target_PNNP	6	0	PRACTICE
1166122351966	1	FACE	639	CUE	Correct	LL1	PP1	Target_PNNP	6	0	PRACTICE
1166122352605	0	FACE	639	RESP	Correct	LL1	PP1	Target_PNNP	6	0	PRACTICE
1166122352641	0	TRIAL	15
1166122355422	1	FACE	568	PRES1_PNPP	Correct	LL1	PP0	Lure_NNPN	1	0	PRACTICE
1166122359317	1	FACE	568	CUE	Correct	LL1	PP0	Lure_NNPN	1	0	PRACTICE
1166122359885	0	FACE	568	RESP	Correct	LL1	PP0	Lure_NNPN	1	0	PRACTICE
1166122359922	0	TRIAL	16
1166122362771	1	FACE	1112	PRES1_PNPN	Incorrect	LL1	PP1	Target_PNPN	1	0	PRACTICE
1166122366605	1	FACE	1112	CUE	Incorrect	LL1	PP1	Target_PNPN	1	0	PRACTICE
1166122367717	0	FACE	1112	RESP	Incorrect	LL1	PP1	Target_PNPN	1	0	PRACTICE
1166122367752	0	TRIAL	17
1166122371638	1	FACE	545	PRES1_PPPP	Correct	LL1	PP1	Target_PPPP	6	0	PRACTICE
1166122375477	1	FACE	545	CUE	Correct	LL1	PP1	Target_PPPP	6	0	PRACTICE
1166122376022	0	FACE	545	RESP	Correct	LL1	PP1	Target_PPPP	6	0	PRACTICE
1166122376051	0	TRIAL	18
1166122378748	1	FACE	519	PRES1_NNPP	Correct	LL1	PP1	Target_NNPP	6	0	PRACTICE
1166122382622	1	FACE	519	CUE	Correct	LL1	PP1	Target_NNPP	6	0	PRACTICE
1166122383141	0	FACE	519	RESP	Correct	LL1	PP1	Target_NNPP	6	0	PRACTICE
1166122383181	0	TRIAL	19
1166122385953	1	FACE	646	PRES1_NPPP	Correct	LL1	PP1	Target_NPPP	6	0	PRACTICE
1166122389774	1	FACE	646	CUE	Correct	LL1	PP1	Target_NPPP	6	0	PRACTICE
1166122390420	0	FACE	646	RESP	Correct	LL1	PP1	Target_NPPP	6	0	PRACTICE
1166122390446	0	TRIAL	20
1166122393146	1	FACE	632	PRES1_NNPN	Incorrect	LL1	PP0	Lure_NNNN	6	0	PRACTICE
1166122397092	1	FACE	632	CUE	Incorrect	LL1	PP0	Lure_NNNN	6	0	PRACTICE
1166122397724	0	FACE	632	RESP	Incorrect	LL1	PP0	Lure_NNNN	6	0	PRACTICE
1166122397759	0	TRIAL	21
1166122401956	1	FACE	709	PRES1_PPNP	Correct	LL1	PP1	Target_PPNP	6	0	PRACTICE
1166122405926	1	FACE	709	CUE	Correct	LL1	PP1	Target_PPNP	6	0	PRACTICE
1166122406635	1	FACE	709	RESP	Correct	LL1	PP1	Target_PPNP	6	0	PRACTICE
1166122406674	0	TRIAL	22
1166122409407	1	FACE	565	PRES1_PPNN	Correct	LL1	PP1	Target_PPNN	6	0	PRACTICE
1166122413246	1	FACE	565	CUE	Correct	LL1	PP1	Target_PPNN	6	0	PRACTICE
1166122413811	0	FACE	565	RESP	Correct	LL1	PP1	Target_PPNN	6	0	PRACTICE
1166122413838	0	TRIAL	23
1166122416584	1	FACE	668	PRES1_PNPP	Correct	LL1	PP1	Target_PNPP	6	0	PRACTICE
1166122420368	1	FACE	668	CUE	Correct	LL1	PP1	Target_PNPP	6	0	PRACTICE
1166122421036	0	FACE	668	RESP	Correct	LL1	PP1	Target_PNPP	6	0	PRACTICE
1166122421069	0	TRIAL	24
1166122424107	1	FACE	706	PRES1_NNNN	Correct	LL1	PP0	Lure_NPPN	1	0	PRACTICE
1166122427993	1	FACE	706	CUE	Correct	LL1	PP0	Lure_NPPN	1	0	PRACTICE
1166122428699	0	FACE	706	RESP	Correct	LL1	PP0	Lure_NPPN	1	0	PRACTICE
1166122428734	0	TRIAL	25
1166122431635	1	FACE	593	PRES1_PNNN	Correct	LL1	PP1	Target_PNNN	6	0	PRACTICE
1166122435570	1	FACE	593	CUE	Correct	LL1	PP1	Target_PNNN	6	0	PRACTICE
1166122436163	0	FACE	593	RESP	Correct	LL1	PP1	Target_PNNN	6	0	PRACTICE
1166122436197	0	TRIAL	26
1166122439925	1	FACE	1084	PRES1_NPNN	Correct	LL1	PP0	Lure_PPPN	1	0	PRACTICE
1166122443710	1	FACE	1084	CUE	Correct	LL1	PP0	Lure_PPPN	1	0	PRACTICE
1166122444794	0	FACE	1084	RESP	Correct	LL1	PP0	Lure_PPPN	1	0	PRACTICE
1166122444828	0	TRIAL	27
1166122447670	1	FACE	579	PRES1_PNNP	Correct	LL1	PP0	Lure_PNPN	1	0	PRACTICE
1166122451584	1	FACE	579	CUE	Correct	LL1	PP0	Lure_PNPN	1	0	PRACTICE
1166122452163	0	FACE	579	RESP	Correct	LL1	PP0	Lure_PNPN	1	0	PRACTICE
1166122452192	0	TRIAL	28
1166122455133	1	FACE	615	PRES1_PPPP	Incorrect	LL1	PP0	Lure_PPNP	6	0	PRACTICE
1166122459067	1	FACE	615	CUE	Incorrect	LL1	PP0	Lure_PPNP	6	0	PRACTICE
1166122459682	0	FACE	615	RESP	Incorrect	LL1	PP0	Lure_PPNP	6	0	PRACTICE
1166122459722	0	TRIAL	29
1166122463033	1	FACE	976	PRES1_NNNP	Correct	LL1	PP0	Lure_NNPP	1	0	PRACTICE
1166122466849	1	FACE	976	CUE	Correct	LL1	PP0	Lure_NNPP	1	0	PRACTICE
1166122467825	0	FACE	976	RESP	Correct	LL1	PP0	Lure_NNPP	1	0	PRACTICE
1166122467857	0	TRIAL	30
1166122470729	1	FACE	544	PRES1_NPNP	Correct	LL1	PP1	Target_NPNP	6	0	PRACTICE
1166122474586	1	FACE	544	CUE	Correct	LL1	PP1	Target_NPNP	6	0	PRACTICE
1166122475130	0	FACE	544	RESP	Correct	LL1	PP1	Target_NPNP	6	0	PRACTICE
1166122475169	0	TRIAL	31
1166122478055	1	FACE	685	PRES1_PNNN	Correct	LL1	PP0	Lure_NPPP	1	0	PRACTICE
1166122481924	1	FACE	685	CUE	Correct	LL1	PP0	Lure_NPPP	1	0	PRACTICE
1166122482609	0	FACE	685	RESP	Correct	LL1	PP0	Lure_NPPP	1	0	PRACTICE
1166122482648	0	TRIAL	32
1166122485622	1	FACE	710	PRES1_NPPN	Incorrect	LL1	PP0	Lure_NPNN	6	0	PRACTICE
1166122489650	1	FACE	710	CUE	Incorrect	LL1	PP0	Lure_NPNN	6	0	PRACTICE
1166122490360	0	FACE	710	RESP	Incorrect	LL1	PP0	Lure_NPNN	6	0	PRACTICE
1166122498624	0	SESS_END	1
1166122498630	0	E	Logging Ends
