1192205828050	0	B	Logging Begins
1192205828050	0	SETUP
1192205828056	0	RESTORESTATE
1192205828088	0	SAVESTATE
1192205828088	0	RESTORESTATE
1192205828141	0	SESSION	0
1192205921832	0	SAVESTATE
1192205927862	0	SAVESTATE
1192205933909	0	SAVESTATE
1192205939946	0	SAVESTATE
1192205946000	0	SAVESTATE
1192205952123	0	SAVESTATE
1192205958164	0	SAVESTATE
1192205964195	0	SAVESTATE
1192205970231	0	SAVESTATE
1192205976266	0	SAVESTATE
1192205982448	0	SAVESTATE
1192205988347	0	SAVESTATE
1192205994379	0	SAVESTATE
1192206000413	0	SAVESTATE
1192206006445	0	SAVESTATE
1192206012725	0	SAVESTATE
1192206026990	0	SAVESTATE
1192206031222	0	SAVESTATE
1192206036558	0	SAVESTATE
1192206045823	0	SAVESTATE
1192206049262	0	SAVESTATE
1192206055461	0	SAVESTATE
1192206061548	0	SAVESTATE
1192206068101	0	SAVESTATE
1192206074613	0	SAVESTATE
1192206078548	0	SAVESTATE
1192206085285	0	SAVESTATE
1192206091411	0	SAVESTATE
1192206097085	0	SAVESTATE
1192206103420	0	SAVESTATE
1192206108779	0	SAVESTATE
1192206117045	0	SAVESTATE
1192206120916	0	SAVESTATE
1192206126940	0	SAVESTATE
1192206132985	0	SAVESTATE
1192206139178	0	SAVESTATE
1192206145050	0	SAVESTATE
1192206151074	0	SAVESTATE
1192206157108	0	SAVESTATE
1192206163142	0	SAVESTATE
1192206169174	0	SAVESTATE
1192206175208	0	SAVESTATE
1192206181241	0	SAVESTATE
1192206187274	0	SAVESTATE
1192206193309	0	SAVESTATE
1192206199326	0	SAVESTATE
1192206205371	0	SAVESTATE
1192206211392	0	SAVESTATE
1192206220447	0	SAVESTATE
1192206226009	0	SAVESTATE
1192206233344	0	SAVESTATE
1192206240447	0	SAVESTATE
1192206244087	0	SAVESTATE
1192206253032	0	SAVESTATE
1192206256990	0	SAVESTATE
1192206264263	0	SAVESTATE
1192206271071	0	SAVESTATE
1192206275909	0	SAVESTATE
1192206281726	0	SAVESTATE
1192206287270	0	SAVESTATE
1192206294102	0	SAVESTATE
1192206300205	0	SAVESTATE
1192206304565	0	SAVESTATE
1192206311077	0	SAVESTATE
1192206332826	0	SAVESTATE
1192206338860	0	SAVESTATE
1192206344893	0	SAVESTATE
1192206350925	0	SAVESTATE
1192206356958	0	SAVESTATE
1192206362992	0	SAVESTATE
1192206369157	0	SAVESTATE
1192206375069	0	SAVESTATE
1192206381093	0	SAVESTATE
1192206387126	0	SAVESTATE
1192206393172	0	SAVESTATE
1192206399193	0	SAVESTATE
1192206405228	0	SAVESTATE
1192206411271	0	SAVESTATE
1192206417302	0	SAVESTATE
1192206423327	0	SAVESTATE
1192206435082	0	SAVESTATE
1192206439162	0	SAVESTATE
1192206445896	0	SAVESTATE
1192206451352	0	SAVESTATE
1192206457024	0	SAVESTATE
1192206464567	0	SAVESTATE
1192206469401	0	SAVESTATE
1192206475503	0	SAVESTATE
1192206480830	0	SAVESTATE
1192206486343	0	SAVESTATE
1192206493144	0	SAVESTATE
1192206499816	0	SAVESTATE
1192206504543	0	SAVESTATE
1192206511990	0	SAVESTATE
1192206517182	0	SAVESTATE
1192206523606	0	SAVESTATE
1192206529910	0	SAVESTATE
1192206535944	0	SAVESTATE
1192206541960	0	SAVESTATE
1192206547993	0	SAVESTATE
1192206554029	0	SAVESTATE
1192206560061	0	SAVESTATE
1192206566222	0	SAVESTATE
1192206572128	0	SAVESTATE
1192206578170	0	SAVESTATE
1192206584179	0	SAVESTATE
1192206590211	0	SAVESTATE
1192206596254	0	SAVESTATE
1192206602279	0	SAVESTATE
1192206608295	0	SAVESTATE
1192206614339	0	SAVESTATE
1192206620374	0	SAVESTATE
1192206631873	0	SAVESTATE
1192206639090	0	SAVESTATE
1192206642638	0	SAVESTATE
1192206649281	0	SAVESTATE
1192206657321	0	SAVESTATE
1192206660257	0	SAVESTATE
1192206668584	0	SAVESTATE
1192206674729	0	SAVESTATE
1192206678168	0	SAVESTATE
1192206685655	0	SAVESTATE
1192206693893	0	SAVESTATE
1192206697192	0	SAVESTATE
1192206704504	0	SAVESTATE
1192206710377	0	SAVESTATE
1192206717438	0	SAVESTATE
1192206722886	0	SAVESTATE
1192206726329	0	SAVESTATE
1192206732375	0	SAVESTATE
1192206738397	0	SAVESTATE
1192206744429	0	SAVESTATE
1192206750461	0	SAVESTATE
1192206756495	0	SAVESTATE
1192206762537	0	SAVESTATE
1192206768563	0	SAVESTATE
1192206774757	0	SAVESTATE
1192206780662	0	SAVESTATE
1192206786696	0	SAVESTATE
1192206792712	0	SAVESTATE
1192206798757	0	SAVESTATE
1192206805001	0	SAVESTATE
1192206810813	0	SAVESTATE
1192206816845	0	SAVESTATE
1192206826196	0	SAVESTATE
1192206831020	0	SAVESTATE
1192206839356	0	SAVESTATE
1192206844682	0	SAVESTATE
1192206850259	0	SAVESTATE
1192206855546	0	SAVESTATE
1192206862945	0	SAVESTATE
1192206868977	0	SAVESTATE
1192206876996	0	SAVESTATE
1192206881400	0	SAVESTATE
1192206887762	0	SAVESTATE
1192206892680	0	SAVESTATE
1192206898504	0	SAVESTATE
1192206904088	0	SAVESTATE
1192206911569	0	SAVESTATE
1192206916609	0	SAVESTATE
1192206921181	0	SAVESTATE
1192206927214	0	SAVESTATE
1192206933259	0	SAVESTATE
1192206939293	0	SAVESTATE
1192206945335	0	SAVESTATE
1192206951348	0	SAVESTATE
1192206957381	0	SAVESTATE
1192206963413	0	SAVESTATE
1192206969456	0	SAVESTATE
1192206975638	0	SAVESTATE
1192206981514	0	SAVESTATE
1192206987547	0	SAVESTATE
1192206993590	0	SAVESTATE
1192206999597	0	SAVESTATE
1192207005631	0	SAVESTATE
1192207011665	0	SAVESTATE
1192207022373	0	SAVESTATE
1192207027595	0	SAVESTATE
1192207032908	0	SAVESTATE
1192207040452	0	SAVESTATE
1192207046245	0	SAVESTATE
1192207051188	0	SAVESTATE
1192207057379	0	SAVESTATE
1192207062970	0	SAVESTATE
1192207070388	0	SAVESTATE
1192207076558	0	SAVESTATE
1192207080562	0	SAVESTATE
1192207088890	0	SAVESTATE
1192207095243	0	SAVESTATE
1192207100857	0	SAVESTATE
1192207105913	0	SAVESTATE
1192207112059	0	SAVESTATE
1192207116798	0	SAVESTATE
1192207122832	0	SAVESTATE
1192207128865	0	SAVESTATE
1192207134899	0	SAVESTATE
1192207140943	0	SAVESTATE
1192207146966	0	SAVESTATE
1192207152999	0	SAVESTATE
1192207159027	0	SAVESTATE
1192207165050	0	SAVESTATE
1192207171083	0	SAVESTATE
1192207177339	0	SAVESTATE
1192207183183	0	SAVESTATE
1192207189218	0	SAVESTATE
1192207195242	0	SAVESTATE
1192207201267	0	SAVESTATE
1192207207300	0	SAVESTATE
1192207219798	0	SAVESTATE
1192207222861	0	SAVESTATE
1192207230893	0	SAVESTATE
1192207235509	0	SAVESTATE
1192207241564	0	SAVESTATE
1192207249453	0	SAVESTATE
1192207252669	0	SAVESTATE
1192207260996	0	SAVESTATE
1192207267037	0	SAVESTATE
1192207270539	0	SAVESTATE
1192207276244	0	SAVESTATE
1192207283033	0	SAVESTATE
1192207290747	0	SAVESTATE
1192207295364	0	SAVESTATE
1192207302418	0	SAVESTATE
1192207308915	0	SAVESTATE
1192207312684	0	SAVESTATE
1192207318718	0	SAVESTATE
1192207324750	0	SAVESTATE
1192207330792	0	SAVESTATE
1192207336817	0	SAVESTATE
1192207342850	0	SAVESTATE
1192207349044	0	SAVESTATE
1192207354960	0	SAVESTATE
1192207360984	0	SAVESTATE
1192207367019	0	SAVESTATE
1192207373052	0	SAVESTATE
1192207379361	0	SAVESTATE
1192207385118	0	SAVESTATE
1192207391162	0	SAVESTATE
1192207397169	0	SAVESTATE
1192207403202	0	SAVESTATE
1192207416911	0	SAVESTATE
1192207421718	0	SAVESTATE
1192207429678	0	SAVESTATE
1192207433893	0	SAVESTATE
1192207443683	0	SAVESTATE
1192207449295	0	SAVESTATE
1192207455511	0	SAVESTATE
1192207458677	0	SAVESTATE
1192207465325	0	SAVESTATE
1192207470285	0	SAVESTATE
1192207478077	0	SAVESTATE
1192207483086	0	SAVESTATE
1192207490573	0	SAVESTATE
1192207495348	0	SAVESTATE
1192207500579	0	SAVESTATE
1192207509292	0	SAVESTATE
1192207512136	0	SAVESTATE
1192207518170	0	SAVESTATE
1192207524203	0	SAVESTATE
1192207530249	0	SAVESTATE
1192207536269	0	SAVESTATE
1192207542303	0	SAVESTATE
1192207548449	0	SAVESTATE
1192207554378	0	SAVESTATE
1192207560386	0	SAVESTATE
1192207566419	0	SAVESTATE
1192207572452	0	SAVESTATE
1192207578799	0	SAVESTATE
1192207584535	0	SAVESTATE
1192207590579	0	SAVESTATE
1192207596602	0	SAVESTATE
1192207602644	0	SAVESTATE
1192207617241	0	SAVESTATE
1192207623144	0	SAVESTATE
1192207631479	0	SAVESTATE
1192207636648	0	SAVESTATE
1192207642112	0	SAVESTATE
1192207647552	0	SAVESTATE
1192207655184	0	SAVESTATE
1192207658623	0	SAVESTATE
1192207664694	0	SAVESTATE
1192207673176	0	SAVESTATE
1192207676885	0	SAVESTATE
1192207683032	0	SAVESTATE
1192207689038	0	SAVESTATE
1192207697590	0	SAVESTATE
1192207703006	0	SAVESTATE
1192207709302	0	SAVESTATE
1192207712879	0	SAVESTATE
1192207718904	0	SAVESTATE
1192207724937	0	SAVESTATE
1192207730971	0	SAVESTATE
1192207737004	0	SAVESTATE
1192207743038	0	SAVESTATE
1192207749274	0	SAVESTATE
1192207755105	0	SAVESTATE
1192207761151	0	SAVESTATE
1192207767182	0	SAVESTATE
1192207773205	0	SAVESTATE
1192207779247	0	SAVESTATE
1192207785272	0	SAVESTATE
1192207791306	0	SAVESTATE
1192207797338	0	SAVESTATE
1192207803371	0	SAVESTATE
1192207812106	0	SAVESTATE
1192207817394	0	SAVESTATE
1192207824305	0	SAVESTATE
1192207830816	0	SAVESTATE
1192207836090	0	SAVESTATE
1192207843393	0	SAVESTATE
1192207848282	0	SAVESTATE
1192207853903	0	SAVESTATE
1192207861225	0	SAVESTATE
1192207867240	0	SAVESTATE
1192207872887	0	SAVESTATE
1192207878912	0	SAVESTATE
1192207884383	0	SAVESTATE
1192207890463	0	SAVESTATE
1192207897359	0	SAVESTATE
1192207902199	0	SAVESTATE
1192208173825	0	SAVESTATE
1192208173899	0	EXIT
1192208173899	0	E	Logging Ends
