1192224455682	0	B	Logging Begins
1192224455682	0	INSTRUCTIONSTART	JointRoller	/Library/Frameworks/Python.framework/Versions/2.4/lib/python2.4/site-packages/pyepl/resources/vera.ttf	64	(1.000000, 1.000000, 1.000000, 1.000000)	"In the following experiment, your memory for associating names with faces will be tested.  The experiment will be divided into two halves, with each half testing you on a completely different set of names and faces.  After the first half, there will be a short break.\n\nThe procedure will be the same for each half.  Eight faces will be presented on the screen, consecutively, accompanied by their names.  A woman's voice will also speak the name when the face appears on the screen.  After five seconds, the face will disappear from the screen, a star (*) will flash on the screen for one second, and then the next face and name will appear.\n\nAfter you have seen all eight faces and names, you will be prompted to press any key in order to move on to a testing period.  During each trial of the testing period, you will see a face with a question mark (?) underneath it.  You will have to try and recall the name that goes with the face, and speak it out loud.  After five seconds the face will disappear from the screen, a star will flash on the screen for one second, and then the next face will appear with a question mark underneath it.\n\nFor each half, there will be ten study periods and ten test periods, alternating.  Each face will have the same name over the entire course of the half, so your task is to try and learn the faces' names as quickly and accurately as possible, and to be able to recall them as quickly and accurately as possible.\n\nDuring the test phase, do not worry if you make a mistake and recall the wrong name accidentally.  There is no penalty.  Also, if you are in the middle of recalling a name and the experiment moves on to the next face, do not stop yourself; continue speaking the name.  However, once the next face appears on the screen, you should give up trying to recall the last face and concentrate on the new one.\n\nDo you have any questions?\n\nPress <ENTER> to continue."
1192224455749	1	INSTRUCTIONSCROLL	0
1192224471681	1	INSTRUCTIONSCROLL	1
1192224471694	1	INSTRUCTIONSCROLL	2
1192224471708	1	INSTRUCTIONSCROLL	4
1192224471721	1	INSTRUCTIONSCROLL	7
1192224471734	1	INSTRUCTIONSCROLL	10
1192224471748	1	INSTRUCTIONSCROLL	12
1192224471761	1	INSTRUCTIONSCROLL	15
1192224471774	1	INSTRUCTIONSCROLL	18
1192224471788	1	INSTRUCTIONSCROLL	20
1192224471801	1	INSTRUCTIONSCROLL	23
1192224471814	1	INSTRUCTIONSCROLL	26
1192224471827	1	INSTRUCTIONSCROLL	28
1192224471841	1	INSTRUCTIONSCROLL	31
1192224472241	1	INSTRUCTIONSCROLL	32
1192224472254	1	INSTRUCTIONSCROLL	33
1192224472267	1	INSTRUCTIONSCROLL	36
1192224472281	1	INSTRUCTIONSCROLL	38
1192224472294	1	INSTRUCTIONSCROLL	41
1192224472307	1	INSTRUCTIONSCROLL	44
1192224472321	1	INSTRUCTIONSCROLL	46
1192224472334	1	INSTRUCTIONSCROLL	49
1192224472347	1	INSTRUCTIONSCROLL	52
1192224472361	1	INSTRUCTIONSCROLL	54
1192224472374	1	INSTRUCTIONSCROLL	57
1192224472387	1	INSTRUCTIONSCROLL	60
1192224472401	1	INSTRUCTIONSCROLL	62
1192224472659	1	INSTRUCTIONSCROLL	63
1192224472667	1	INSTRUCTIONSCROLL	64
1192224472681	1	INSTRUCTIONSCROLL	65
1192224472694	1	INSTRUCTIONSCROLL	68
1192224472707	1	INSTRUCTIONSCROLL	70
1192224472720	1	INSTRUCTIONSCROLL	73
1192224472734	1	INSTRUCTIONSCROLL	76
1192224472747	1	INSTRUCTIONSCROLL	78
1192224472761	1	INSTRUCTIONSCROLL	81
1192224472774	1	INSTRUCTIONSCROLL	83
1192224472787	1	INSTRUCTIONSCROLL	86
1192224472801	1	INSTRUCTIONSCROLL	89
1192224472814	1	INSTRUCTIONSCROLL	91
1192224472827	1	INSTRUCTIONSCROLL	94
1192224472841	1	INSTRUCTIONSCROLL	97
1192224472854	1	INSTRUCTIONSCROLL	99
1192224472867	1	INSTRUCTIONSCROLL	102
1192224472881	1	INSTRUCTIONSCROLL	105
1192224472894	1	INSTRUCTIONSCROLL	107
1192224472907	1	INSTRUCTIONSCROLL	110
1192224472920	1	INSTRUCTIONSCROLL	113
1192224472934	1	INSTRUCTIONSCROLL	115
1192224472947	1	INSTRUCTIONSCROLL	118
1192224472960	1	INSTRUCTIONSCROLL	121
1192224472973	1	INSTRUCTIONSCROLL	123
1192224472986	1	INSTRUCTIONSCROLL	126
1192224473000	1	INSTRUCTIONSCROLL	128
1192224473014	1	INSTRUCTIONSCROLL	131
1192224473027	1	INSTRUCTIONSCROLL	134
1192224473054	1	INSTRUCTIONSCROLL	139
1192224473067	1	INSTRUCTIONSCROLL	142
1192224473080	1	INSTRUCTIONSCROLL	145
1192224473094	1	INSTRUCTIONSCROLL	147
1192224473107	1	INSTRUCTIONSCROLL	150
1192224473120	1	INSTRUCTIONSCROLL	153
1192224473134	1	INSTRUCTIONSCROLL	155
1192224473147	1	INSTRUCTIONSCROLL	158
1192224473160	1	INSTRUCTIONSCROLL	161
1192224473174	1	INSTRUCTIONSCROLL	163
1192224473187	1	INSTRUCTIONSCROLL	166
1192224473200	1	INSTRUCTIONSCROLL	169
1192224473214	1	INSTRUCTIONSCROLL	171
1192224473227	1	INSTRUCTIONSCROLL	174
1192224473240	1	INSTRUCTIONSCROLL	177
1192224473254	1	INSTRUCTIONSCROLL	179
1192224473267	1	INSTRUCTIONSCROLL	182
1192224473720	1	INSTRUCTIONSCROLL	183
1192224473734	1	INSTRUCTIONSCROLL	186
1192224473747	1	INSTRUCTIONSCROLL	188
1192224473760	1	INSTRUCTIONSCROLL	191
1192224473774	1	INSTRUCTIONSCROLL	193
1192224473787	1	INSTRUCTIONSCROLL	196
1192224473800	1	INSTRUCTIONSCROLL	199
1192224473813	1	INSTRUCTIONSCROLL	202
1192224473827	1	INSTRUCTIONSCROLL	204
1192224473840	1	INSTRUCTIONSCROLL	207
1192224473854	1	INSTRUCTIONSCROLL	210
1192224474175	1	INSTRUCTIONSCROLL	211
1192224474187	1	INSTRUCTIONSCROLL	212
1192224474200	1	INSTRUCTIONSCROLL	214
1192224474213	1	INSTRUCTIONSCROLL	216
1192224474227	1	INSTRUCTIONSCROLL	219
1192224474240	1	INSTRUCTIONSCROLL	222
1192224474253	1	INSTRUCTIONSCROLL	224
1192224474267	1	INSTRUCTIONSCROLL	227
1192224474280	1	INSTRUCTIONSCROLL	230
1192224474293	1	INSTRUCTIONSCROLL	232
1192224474307	1	INSTRUCTIONSCROLL	235
1192224474320	1	INSTRUCTIONSCROLL	238
1192224474679	1	INSTRUCTIONSCROLL	239
1192224474693	1	INSTRUCTIONSCROLL	240
1192224474707	1	INSTRUCTIONSCROLL	242
1192224474720	1	INSTRUCTIONSCROLL	245
1192224474733	1	INSTRUCTIONSCROLL	247
1192224474747	1	INSTRUCTIONSCROLL	250
1192224474760	1	INSTRUCTIONSCROLL	253
1192224474773	1	INSTRUCTIONSCROLL	255
1192224474786	1	INSTRUCTIONSCROLL	258
1192224474800	1	INSTRUCTIONSCROLL	261
1192224474813	1	INSTRUCTIONSCROLL	263
1192224474826	1	INSTRUCTIONSCROLL	266
1192224474840	1	INSTRUCTIONSCROLL	269
1192224475186	1	INSTRUCTIONSCROLL	270
1192224475200	1	INSTRUCTIONSCROLL	271
1192224475213	1	INSTRUCTIONSCROLL	274
1192224475226	1	INSTRUCTIONSCROLL	276
1192224475240	1	INSTRUCTIONSCROLL	279
1192224475253	1	INSTRUCTIONSCROLL	282
1192224475266	1	INSTRUCTIONSCROLL	284
1192224475280	1	INSTRUCTIONSCROLL	287
1192224475293	1	INSTRUCTIONSCROLL	290
1192224475306	1	INSTRUCTIONSCROLL	292
1192224475320	1	INSTRUCTIONSCROLL	295
1192224475333	1	INSTRUCTIONSCROLL	298
1192224475346	1	INSTRUCTIONSCROLL	300
1192224475360	1	INSTRUCTIONSCROLL	303
1192224475373	1	INSTRUCTIONSCROLL	306
1192224475386	1	INSTRUCTIONSCROLL	309
1192224475400	1	INSTRUCTIONSCROLL	311
1192224475413	1	INSTRUCTIONSCROLL	314
1192224475426	1	INSTRUCTIONSCROLL	317
1192224475440	1	INSTRUCTIONSCROLL	319
1192224475453	1	INSTRUCTIONSCROLL	322
1192224475466	1	INSTRUCTIONSCROLL	325
1192224475480	1	INSTRUCTIONSCROLL	327
1192224475493	1	INSTRUCTIONSCROLL	330
1192224475506	1	INSTRUCTIONSCROLL	333
1192224475520	1	INSTRUCTIONSCROLL	335
1192224475533	1	INSTRUCTIONSCROLL	338
1192224475546	1	INSTRUCTIONSCROLL	341
1192224475560	1	INSTRUCTIONSCROLL	343
1192224475573	1	INSTRUCTIONSCROLL	346
1192224475586	1	INSTRUCTIONSCROLL	349
1192224475600	1	INSTRUCTIONSCROLL	351
1192224475613	1	INSTRUCTIONSCROLL	354
1192224475626	1	INSTRUCTIONSCROLL	357
1192224475640	1	INSTRUCTIONSCROLL	359
1192224475653	1	INSTRUCTIONSCROLL	362
1192224475666	1	INSTRUCTIONSCROLL	365
1192224475680	1	INSTRUCTIONSCROLL	367
1192224475693	1	INSTRUCTIONSCROLL	370
1192224475706	1	INSTRUCTIONSCROLL	373
1192224475720	1	INSTRUCTIONSCROLL	375
1192224475733	1	INSTRUCTIONSCROLL	378
1192224475746	1	INSTRUCTIONSCROLL	381
1192224475760	1	INSTRUCTIONSCROLL	383
1192224475773	1	INSTRUCTIONSCROLL	386
1192224475786	1	INSTRUCTIONSCROLL	389
1192224475800	1	INSTRUCTIONSCROLL	391
1192224476235	1	INSTRUCTIONSCROLL	392
1192224476253	1	INSTRUCTIONSCROLL	393
1192224476266	1	INSTRUCTIONSCROLL	396
1192224476279	1	INSTRUCTIONSCROLL	398
1192224476293	1	INSTRUCTIONSCROLL	401
1192224476306	1	INSTRUCTIONSCROLL	404
1192224476319	1	INSTRUCTIONSCROLL	407
1192224476333	1	INSTRUCTIONSCROLL	409
1192224476346	1	INSTRUCTIONSCROLL	412
1192224476359	1	INSTRUCTIONSCROLL	414
1192224476373	1	INSTRUCTIONSCROLL	417
1192224476386	1	INSTRUCTIONSCROLL	420
1192224476399	1	INSTRUCTIONSCROLL	422
1192224476413	1	INSTRUCTIONSCROLL	425
1192224476426	1	INSTRUCTIONSCROLL	428
1192224476439	1	INSTRUCTIONSCROLL	430
1192224476453	1	INSTRUCTIONSCROLL	433
1192224476466	1	INSTRUCTIONSCROLL	436
1192224476479	1	INSTRUCTIONSCROLL	439
1192224476493	1	INSTRUCTIONSCROLL	441
1192224476506	1	INSTRUCTIONSCROLL	444
1192224476519	1	INSTRUCTIONSCROLL	446
1192224476533	1	INSTRUCTIONSCROLL	449
1192224476546	1	INSTRUCTIONSCROLL	452
1192224476559	1	INSTRUCTIONSCROLL	454
1192224476573	1	INSTRUCTIONSCROLL	457
1192224476586	1	INSTRUCTIONSCROLL	460
1192224476599	1	INSTRUCTIONSCROLL	462
1192224476613	1	INSTRUCTIONSCROLL	465
1192224476626	1	INSTRUCTIONSCROLL	468
1192224476639	1	INSTRUCTIONSCROLL	470
1192224476653	1	INSTRUCTIONSCROLL	473
1192224476666	1	INSTRUCTIONSCROLL	476
1192224476679	1	INSTRUCTIONSCROLL	479
1192224476693	1	INSTRUCTIONSCROLL	481
1192224476706	1	INSTRUCTIONSCROLL	484
1192224476719	1	INSTRUCTIONSCROLL	487
1192224476733	1	INSTRUCTIONSCROLL	489
1192224476746	1	INSTRUCTIONSCROLL	492
1192224476759	1	INSTRUCTIONSCROLL	494
1192224477319	1	INSTRUCTIONSCROLL	495
1192224477332	1	INSTRUCTIONSCROLL	496
1192224477346	1	INSTRUCTIONSCROLL	499
1192224477359	1	INSTRUCTIONSCROLL	501
1192224477372	1	INSTRUCTIONSCROLL	504
1192224477386	1	INSTRUCTIONSCROLL	507
1192224477399	1	INSTRUCTIONSCROLL	509
1192224477412	1	INSTRUCTIONSCROLL	512
1192224477426	1	INSTRUCTIONSCROLL	515
1192224477439	1	INSTRUCTIONSCROLL	517
1192224477452	1	INSTRUCTIONSCROLL	520
1192224477466	1	INSTRUCTIONSCROLL	523
1192224477479	1	INSTRUCTIONSCROLL	525
1192224477492	1	INSTRUCTIONSCROLL	528
1192224477506	1	INSTRUCTIONSCROLL	531
1192224477519	1	INSTRUCTIONSCROLL	533
1192224477532	1	INSTRUCTIONSCROLL	536
1192224477546	1	INSTRUCTIONSCROLL	539
1192224477559	1	INSTRUCTIONSCROLL	541
1192224477572	1	INSTRUCTIONSCROLL	544
1192224477586	1	INSTRUCTIONSCROLL	547
1192224477599	1	INSTRUCTIONSCROLL	549
1192224477612	1	INSTRUCTIONSCROLL	552
1192224477626	1	INSTRUCTIONSCROLL	555
1192224477639	1	INSTRUCTIONSCROLL	557
1192224477652	1	INSTRUCTIONSCROLL	560
1192224477666	1	INSTRUCTIONSCROLL	563
1192224477679	1	INSTRUCTIONSCROLL	565
1192224477692	1	INSTRUCTIONSCROLL	568
1192224477706	1	INSTRUCTIONSCROLL	571
1192224477719	1	INSTRUCTIONSCROLL	573
1192224477732	1	INSTRUCTIONSCROLL	576
1192224477746	1	INSTRUCTIONSCROLL	579
1192224477759	1	INSTRUCTIONSCROLL	581
1192224477772	1	INSTRUCTIONSCROLL	584
1192224477786	1	INSTRUCTIONSCROLL	587
1192224477799	1	INSTRUCTIONSCROLL	589
1192224477812	1	INSTRUCTIONSCROLL	592
1192224477826	1	INSTRUCTIONSCROLL	595
1192224477839	1	INSTRUCTIONSCROLL	597
1192224477852	1	INSTRUCTIONSCROLL	600
1192224477865	1	INSTRUCTIONSCROLL	603
1192224477879	1	INSTRUCTIONSCROLL	605
1192224477892	1	INSTRUCTIONSCROLL	608
1192224478599	1	INSTRUCTIONSCROLL	609
1192224478612	1	INSTRUCTIONSCROLL	610
1192224478625	1	INSTRUCTIONSCROLL	612
1192224478639	1	INSTRUCTIONSCROLL	615
1192224478652	1	INSTRUCTIONSCROLL	618
1192224478665	1	INSTRUCTIONSCROLL	620
1192224478679	1	INSTRUCTIONSCROLL	623
1192224478692	1	INSTRUCTIONSCROLL	626
1192224478705	1	INSTRUCTIONSCROLL	628
1192224478719	1	INSTRUCTIONSCROLL	631
1192224478732	1	INSTRUCTIONSCROLL	634
1192224478745	1	INSTRUCTIONSCROLL	636
1192224478759	1	INSTRUCTIONSCROLL	639
1192224478772	1	INSTRUCTIONSCROLL	642
1192224478785	1	INSTRUCTIONSCROLL	644
1192224478799	1	INSTRUCTIONSCROLL	647
1192224478812	1	INSTRUCTIONSCROLL	650
1192224478825	1	INSTRUCTIONSCROLL	652
1192224478838	1	INSTRUCTIONSCROLL	655
1192224478852	1	INSTRUCTIONSCROLL	658
1192224478865	1	INSTRUCTIONSCROLL	660
1192224478879	1	INSTRUCTIONSCROLL	663
1192224478892	1	INSTRUCTIONSCROLL	666
1192224478905	1	INSTRUCTIONSCROLL	668
1192224478918	1	INSTRUCTIONSCROLL	671
1192224478932	1	INSTRUCTIONSCROLL	674
1192224478945	1	INSTRUCTIONSCROLL	676
1192224478957	1	INSTRUCTIONSCROLL	679
1192224478971	1	INSTRUCTIONSCROLL	681
1192224478984	1	INSTRUCTIONSCROLL	684
1192224478998	1	INSTRUCTIONSCROLL	687
1192224479012	1	INSTRUCTIONSCROLL	689
1192224479025	1	INSTRUCTIONSCROLL	692
1192224479039	1	INSTRUCTIONSCROLL	695
1192224481125	1	INSTRUCTIONSCROLL	696
1192224481131	1	INSTRUCTIONSCROLL	697
1192224481144	1	INSTRUCTIONSCROLL	698
1192224481158	1	INSTRUCTIONSCROLL	700
1192224481171	1	INSTRUCTIONSCROLL	703
1192224481184	1	INSTRUCTIONSCROLL	706
1192224481198	1	INSTRUCTIONSCROLL	708
1192224481211	1	INSTRUCTIONSCROLL	711
1192224481224	1	INSTRUCTIONSCROLL	713
1192224481238	1	INSTRUCTIONSCROLL	716
1192224481264	1	INSTRUCTIONSCROLL	721
1192224481278	1	INSTRUCTIONSCROLL	724
1192224481291	1	INSTRUCTIONSCROLL	727
1192224481304	1	INSTRUCTIONSCROLL	730
1192224481318	1	INSTRUCTIONSCROLL	732
1192224481331	1	INSTRUCTIONSCROLL	735
1192224481344	1	INSTRUCTIONSCROLL	737
1192224481358	1	INSTRUCTIONSCROLL	740
1192224481371	1	INSTRUCTIONSCROLL	743
1192224481384	1	INSTRUCTIONSCROLL	746
1192224481398	1	INSTRUCTIONSCROLL	748
1192224481411	1	INSTRUCTIONSCROLL	751
1192224481424	1	INSTRUCTIONSCROLL	753
1192224481438	1	INSTRUCTIONSCROLL	756
1192224481451	1	INSTRUCTIONSCROLL	759
1192224481464	1	INSTRUCTIONSCROLL	761
1192224481478	1	INSTRUCTIONSCROLL	764
1192224481491	1	INSTRUCTIONSCROLL	767
1192224481504	1	INSTRUCTIONSCROLL	769
1192224481518	1	INSTRUCTIONSCROLL	772
1192224481531	1	INSTRUCTIONSCROLL	775
1192224481544	1	INSTRUCTIONSCROLL	778
1192224481558	1	INSTRUCTIONSCROLL	780
1192224481571	1	INSTRUCTIONSCROLL	783
1192224481584	1	INSTRUCTIONSCROLL	785
1192224481598	1	INSTRUCTIONSCROLL	788
1192224481611	1	INSTRUCTIONSCROLL	791
1192224481624	1	INSTRUCTIONSCROLL	793
1192224481638	1	INSTRUCTIONSCROLL	796
1192224481651	1	INSTRUCTIONSCROLL	799
1192224481664	1	INSTRUCTIONSCROLL	802
1192224483624	1	INSTRUCTIONSCROLL	803
1192224483637	1	INSTRUCTIONSCROLL	805
1192224483650	1	INSTRUCTIONSCROLL	808
1192224483664	1	INSTRUCTIONSCROLL	810
1192224483677	1	INSTRUCTIONSCROLL	813
1192224483690	1	INSTRUCTIONSCROLL	816
1192224483704	1	INSTRUCTIONSCROLL	818
1192224483717	1	INSTRUCTIONSCROLL	821
1192224483730	1	INSTRUCTIONSCROLL	824
1192224483744	1	INSTRUCTIONSCROLL	826
1192224483757	1	INSTRUCTIONSCROLL	829
1192224483770	1	INSTRUCTIONSCROLL	832
1192224483783	1	INSTRUCTIONSCROLL	834
1192224483797	1	INSTRUCTIONSCROLL	837
1192224483810	1	INSTRUCTIONSCROLL	840
1192224483824	1	INSTRUCTIONSCROLL	842
1192224483837	1	INSTRUCTIONSCROLL	845
1192224483850	1	INSTRUCTIONSCROLL	848
1192224483863	1	INSTRUCTIONSCROLL	850
1192224483877	1	INSTRUCTIONSCROLL	853
1192224483890	1	INSTRUCTIONSCROLL	856
1192224483904	1	INSTRUCTIONSCROLL	858
1192224483917	1	INSTRUCTIONSCROLL	861
1192224483930	1	INSTRUCTIONSCROLL	864
1192224483944	1	INSTRUCTIONSCROLL	866
1192224483956	1	INSTRUCTIONSCROLL	869
1192224483969	1	INSTRUCTIONSCROLL	871
1192224483983	1	INSTRUCTIONSCROLL	874
1192224483996	1	INSTRUCTIONSCROLL	877
1192224484010	1	INSTRUCTIONSCROLL	879
1192224484024	1	INSTRUCTIONSCROLL	882
1192224484037	1	INSTRUCTIONSCROLL	885
1192224484050	1	INSTRUCTIONSCROLL	888
1192224484064	1	INSTRUCTIONSCROLL	890
1192224484077	1	INSTRUCTIONSCROLL	893
1192224484090	1	INSTRUCTIONSCROLL	896
1192224484103	1	INSTRUCTIONSCROLL	898
1192224484117	1	INSTRUCTIONSCROLL	901
1192224484130	1	INSTRUCTIONSCROLL	904
1192224484143	1	INSTRUCTIONSCROLL	906
1192224484157	1	INSTRUCTIONSCROLL	909
1192224484170	1	INSTRUCTIONSCROLL	912
1192224484183	1	INSTRUCTIONSCROLL	914
1192224484197	1	INSTRUCTIONSCROLL	917
1192224484210	1	INSTRUCTIONSCROLL	920
1192224484743	1	INSTRUCTIONSCROLL	921
1192224484757	1	INSTRUCTIONSCROLL	923
1192224484770	1	INSTRUCTIONSCROLL	926
1192224484783	1	INSTRUCTIONSCROLL	929
1192224484797	1	INSTRUCTIONSCROLL	931
1192224484810	1	INSTRUCTIONSCROLL	934
1192224484823	1	INSTRUCTIONSCROLL	936
1192224484837	1	INSTRUCTIONSCROLL	939
1192224484850	1	INSTRUCTIONSCROLL	942
1192224484863	1	INSTRUCTIONSCROLL	944
1192224484877	1	INSTRUCTIONSCROLL	947
1192224484890	1	INSTRUCTIONSCROLL	950
1192224484903	1	INSTRUCTIONSCROLL	952
1192224484917	1	INSTRUCTIONSCROLL	955
1192224484930	1	INSTRUCTIONSCROLL	958
1192224484943	1	INSTRUCTIONSCROLL	960
1192224484955	1	INSTRUCTIONSCROLL	963
1192224484969	1	INSTRUCTIONSCROLL	966
1192224484982	1	INSTRUCTIONSCROLL	968
1192224484995	1	INSTRUCTIONSCROLL	971
1192224485010	1	INSTRUCTIONSCROLL	974
1192224485023	1	INSTRUCTIONSCROLL	976
1192224485037	1	INSTRUCTIONSCROLL	979
1192224485050	1	INSTRUCTIONSCROLL	982
1192224485063	1	INSTRUCTIONSCROLL	984
1192224485076	1	INSTRUCTIONSCROLL	987
1192224485090	1	INSTRUCTIONSCROLL	990
1192224485103	1	INSTRUCTIONSCROLL	992
1192224485116	1	INSTRUCTIONSCROLL	995
1192224485130	1	INSTRUCTIONSCROLL	998
1192224485143	1	INSTRUCTIONSCROLL	1000
1192224485156	1	INSTRUCTIONSCROLL	1003
1192224485170	1	INSTRUCTIONSCROLL	1006
1192224485183	1	INSTRUCTIONSCROLL	1009
1192224485196	1	INSTRUCTIONSCROLL	1011
1192224485223	1	INSTRUCTIONSCROLL	1016
1192224485236	1	INSTRUCTIONSCROLL	1019
1192224485250	1	INSTRUCTIONSCROLL	1022
1192224485263	1	INSTRUCTIONSCROLL	1024
1192224485276	1	INSTRUCTIONSCROLL	1027
1192224485290	1	INSTRUCTIONSCROLL	1030
1192224485303	1	INSTRUCTIONSCROLL	1033
1192224486103	1	INSTRUCTIONSCROLL	1034
1192224486116	1	INSTRUCTIONSCROLL	1036
1192224486129	1	INSTRUCTIONSCROLL	1039
1192224486143	1	INSTRUCTIONSCROLL	1041
1192224486156	1	INSTRUCTIONSCROLL	1044
1192224486169	1	INSTRUCTIONSCROLL	1047
1192224486183	1	INSTRUCTIONSCROLL	1049
1192224486196	1	INSTRUCTIONSCROLL	1052
1192224486209	1	INSTRUCTIONSCROLL	1055
1192224486223	1	INSTRUCTIONSCROLL	1057
1192224486236	1	INSTRUCTIONSCROLL	1060
1192224486249	1	INSTRUCTIONSCROLL	1063
1192224486263	1	INSTRUCTIONSCROLL	1065
1192224486276	1	INSTRUCTIONSCROLL	1068
1192224486289	1	INSTRUCTIONSCROLL	1071
1192224486303	1	INSTRUCTIONSCROLL	1073
1192224486316	1	INSTRUCTIONSCROLL	1076
1192224486329	1	INSTRUCTIONSCROLL	1079
1192224486356	1	INSTRUCTIONSCROLL	1084
1192224486369	1	INSTRUCTIONSCROLL	1087
1192224486383	1	INSTRUCTIONSCROLL	1089
1192224486396	1	INSTRUCTIONSCROLL	1092
1192224486409	1	INSTRUCTIONSCROLL	1095
1192224486423	1	INSTRUCTIONSCROLL	1097
1192224486436	1	INSTRUCTIONSCROLL	1100
1192224486449	1	INSTRUCTIONSCROLL	1103
1192224486463	1	INSTRUCTIONSCROLL	1105
1192224486476	1	INSTRUCTIONSCROLL	1108
1192224486489	1	INSTRUCTIONSCROLL	1111
1192224486503	1	INSTRUCTIONSCROLL	1113
1192224486516	1	INSTRUCTIONSCROLL	1116
1192224486529	1	INSTRUCTIONSCROLL	1118
1192224486543	1	INSTRUCTIONSCROLL	1121
1192224486556	1	INSTRUCTIONSCROLL	1124
1192224486569	1	INSTRUCTIONSCROLL	1127
1192224486583	1	INSTRUCTIONSCROLL	1129
1192224486596	1	INSTRUCTIONSCROLL	1132
1192224486609	1	INSTRUCTIONSCROLL	1134
1192224486623	1	INSTRUCTIONSCROLL	1137
1192224486636	1	INSTRUCTIONSCROLL	1140
1192224486649	1	INSTRUCTIONSCROLL	1142
1192224487356	1	INSTRUCTIONSCROLL	1143
1192224487369	1	INSTRUCTIONSCROLL	1144
1192224487382	1	INSTRUCTIONSCROLL	1146
1192224487396	1	INSTRUCTIONSCROLL	1149
1192224487409	1	INSTRUCTIONSCROLL	1152
1192224487422	1	INSTRUCTIONSCROLL	1154
1192224487436	1	INSTRUCTIONSCROLL	1157
1192224487449	1	INSTRUCTIONSCROLL	1160
1192224487462	1	INSTRUCTIONSCROLL	1162
1192224487476	1	INSTRUCTIONSCROLL	1165
1192224487489	1	INSTRUCTIONSCROLL	1168
1192224487502	1	INSTRUCTIONSCROLL	1170
1192224487516	1	INSTRUCTIONSCROLL	1173
1192224487529	1	INSTRUCTIONSCROLL	1176
1192224487542	1	INSTRUCTIONSCROLL	1178
1192224487556	1	INSTRUCTIONSCROLL	1181
1192224487569	1	INSTRUCTIONSCROLL	1184
1192224487582	1	INSTRUCTIONSCROLL	1186
1192224487596	1	INSTRUCTIONSCROLL	1189
1192224487609	1	INSTRUCTIONSCROLL	1192
1192224487622	1	INSTRUCTIONSCROLL	1194
1192224487636	1	INSTRUCTIONSCROLL	1197
1192224487649	1	INSTRUCTIONSCROLL	1200
1192224487662	1	INSTRUCTIONSCROLL	1202
1192224487676	1	INSTRUCTIONSCROLL	1205
1192224487689	1	INSTRUCTIONSCROLL	1208
1192224487702	1	INSTRUCTIONSCROLL	1210
1192224487716	1	INSTRUCTIONSCROLL	1213
1192224487729	1	INSTRUCTIONSCROLL	1216
1192224487742	1	INSTRUCTIONSCROLL	1218
1192224487756	1	INSTRUCTIONSCROLL	1221
1192224487769	1	INSTRUCTIONSCROLL	1224
1192224488635	1	INSTRUCTIONSCROLL	1225
1192224488649	1	INSTRUCTIONSCROLL	1226
1192224488662	1	INSTRUCTIONSCROLL	1229
1192224488675	1	INSTRUCTIONSCROLL	1232
1192224488689	1	INSTRUCTIONSCROLL	1234
1192224488702	1	INSTRUCTIONSCROLL	1237
1192224488715	1	INSTRUCTIONSCROLL	1240
1192224488729	1	INSTRUCTIONSCROLL	1242
1192224488742	1	INSTRUCTIONSCROLL	1245
1192224488755	1	INSTRUCTIONSCROLL	1248
1192224488769	1	INSTRUCTIONSCROLL	1250
1192224488782	1	INSTRUCTIONSCROLL	1253
1192224488795	1	INSTRUCTIONSCROLL	1256
1192224488808	1	INSTRUCTIONSCROLL	1258
1192224488822	1	INSTRUCTIONSCROLL	1261
1192224488835	1	INSTRUCTIONSCROLL	1264
1192224488849	1	INSTRUCTIONSCROLL	1266
1192224488862	1	INSTRUCTIONSCROLL	1269
1192224488875	1	INSTRUCTIONSCROLL	1272
1192224488889	1	INSTRUCTIONSCROLL	1274
1192224488902	1	INSTRUCTIONSCROLL	1277
1192224488915	1	INSTRUCTIONSCROLL	1280
1192224488929	1	INSTRUCTIONSCROLL	1282
1192224488942	1	INSTRUCTIONSCROLL	1285
1192224488954	1	INSTRUCTIONSCROLL	1288
1192224488968	1	INSTRUCTIONSCROLL	1290
1192224488981	1	INSTRUCTIONSCROLL	1293
1192224488994	1	INSTRUCTIONSCROLL	1295
1192224489008	1	INSTRUCTIONSCROLL	1298
1192224489022	1	INSTRUCTIONSCROLL	1301
1192224489035	1	INSTRUCTIONSCROLL	1304
1192224489048	1	INSTRUCTIONSCROLL	1306
1192224489062	1	INSTRUCTIONSCROLL	1309
1192224489075	1	INSTRUCTIONSCROLL	1312
1192224489088	1	INSTRUCTIONSCROLL	1314
1192224489102	1	INSTRUCTIONSCROLL	1317
1192224489115	1	INSTRUCTIONSCROLL	1320
1192224489128	1	INSTRUCTIONSCROLL	1322
1192224489142	1	INSTRUCTIONSCROLL	1325
1192224489155	1	INSTRUCTIONSCROLL	1328
1192224489168	1	INSTRUCTIONSCROLL	1330
1192224489195	1	INSTRUCTIONSCROLL	1335
1192224489208	1	INSTRUCTIONSCROLL	1338
1192224489222	1	INSTRUCTIONSCROLL	1341
1192224489235	1	INSTRUCTIONSCROLL	1344
1192224489248	1	INSTRUCTIONSCROLL	1346
1192224489262	1	INSTRUCTIONSCROLL	1349
1192224489275	1	INSTRUCTIONSCROLL	1352
1192224489288	1	INSTRUCTIONSCROLL	1354
1192224489302	1	INSTRUCTIONSCROLL	1357
1192224489315	1	INSTRUCTIONSCROLL	1360
1192224489328	1	INSTRUCTIONSCROLL	1362
1192224489342	1	INSTRUCTIONSCROLL	1365
1192224490008	1	INSTRUCTIONSCROLL	1366
1192224490021	1	INSTRUCTIONSCROLL	1369
1192224490035	1	INSTRUCTIONSCROLL	1372
1192224490048	1	INSTRUCTIONSCROLL	1374
1192224490061	1	INSTRUCTIONSCROLL	1377
1192224490088	1	INSTRUCTIONSCROLL	1382
1192224490102	1	INSTRUCTIONSCROLL	1385
1192224490115	1	INSTRUCTIONSCROLL	1388
1192224490128	1	INSTRUCTIONSCROLL	1390
1192224490141	1	INSTRUCTIONSCROLL	1393
1192224490155	1	INSTRUCTIONSCROLL	1396
1192224490168	1	INSTRUCTIONSCROLL	1398
1192224490181	1	INSTRUCTIONSCROLL	1401
1192224490195	1	INSTRUCTIONSCROLL	1404
1192224490208	1	INSTRUCTIONSCROLL	1406
1192224490221	1	INSTRUCTIONSCROLL	1409
1192224490235	1	INSTRUCTIONSCROLL	1412
1192224490248	1	INSTRUCTIONSCROLL	1414
1192224490261	1	INSTRUCTIONSCROLL	1417
1192224490275	1	INSTRUCTIONSCROLL	1420
1192224490288	1	INSTRUCTIONSCROLL	1422
1192224490301	1	INSTRUCTIONSCROLL	1425
1192224490315	1	INSTRUCTIONSCROLL	1428
1192224490328	1	INSTRUCTIONSCROLL	1430
1192224490341	1	INSTRUCTIONSCROLL	1433
1192224490355	1	INSTRUCTIONSCROLL	1436
1192224490368	1	INSTRUCTIONSCROLL	1438
1192224490381	1	INSTRUCTIONSCROLL	1441
1192224490395	1	INSTRUCTIONSCROLL	1444
1192224490408	1	INSTRUCTIONSCROLL	1446
1192224490421	1	INSTRUCTIONSCROLL	1449
1192224490435	1	INSTRUCTIONSCROLL	1452
1192224490448	1	INSTRUCTIONSCROLL	1454
1192224490461	1	INSTRUCTIONSCROLL	1457
1192224490475	1	INSTRUCTIONSCROLL	1460
1192224490488	1	INSTRUCTIONSCROLL	1462
1192224490501	1	INSTRUCTIONSCROLL	1465
1192224490515	1	INSTRUCTIONSCROLL	1468
1192224490528	1	INSTRUCTIONSCROLL	1470
1192224490541	1	INSTRUCTIONSCROLL	1473
1192224490555	1	INSTRUCTIONSCROLL	1476
1192224490568	1	INSTRUCTIONSCROLL	1478
1192224490581	1	INSTRUCTIONSCROLL	1481
1192224490595	1	INSTRUCTIONSCROLL	1484
1192224490608	1	INSTRUCTIONSCROLL	1486
1192224490621	1	INSTRUCTIONSCROLL	1489
1192224490635	1	INSTRUCTIONSCROLL	1492
1192224490648	1	INSTRUCTIONSCROLL	1494
1192224490661	1	INSTRUCTIONSCROLL	1497
1192224490675	1	INSTRUCTIONSCROLL	1500
1192224490688	1	INSTRUCTIONSCROLL	1502
1192224490701	1	INSTRUCTIONSCROLL	1505
1192224490715	1	INSTRUCTIONSCROLL	1508
1192224490728	1	INSTRUCTIONSCROLL	1510
1192224490741	1	INSTRUCTIONSCROLL	1513
1192224490755	1	INSTRUCTIONSCROLL	1516
1192224490768	1	INSTRUCTIONSCROLL	1518
1192224490781	1	INSTRUCTIONSCROLL	1521
1192224490795	1	INSTRUCTIONSCROLL	1524
1192224490808	1	INSTRUCTIONSCROLL	1526
1192224490821	1	INSTRUCTIONSCROLL	1529
1192224490835	1	INSTRUCTIONSCROLL	1532
1192224490848	1	INSTRUCTIONSCROLL	1534
1192224490870	1	INSTRUCTIONSCROLL	1540
1192224490876	1	INSTRUCTIONSCROLL	1541
1192224490888	1	INSTRUCTIONSCROLL	1542
1192224490901	1	INSTRUCTIONSCROLL	1545
1192224491581	1	INSTRUCTIONSCROLL	1546
1192224491594	1	INSTRUCTIONSCROLL	1548
1192224491608	1	INSTRUCTIONSCROLL	1551
1192224491621	1	INSTRUCTIONSCROLL	1553
1192224491634	1	INSTRUCTIONSCROLL	1556
1192224491648	1	INSTRUCTIONSCROLL	1559
1192224491661	1	INSTRUCTIONSCROLL	1561
1192224491674	1	INSTRUCTIONSCROLL	1564
1192224491688	1	INSTRUCTIONSCROLL	1567
1192224491701	1	INSTRUCTIONSCROLL	1569
1192224491714	1	INSTRUCTIONSCROLL	1572
1192224491728	1	INSTRUCTIONSCROLL	1575
1192224491741	1	INSTRUCTIONSCROLL	1577
1192224491754	1	INSTRUCTIONSCROLL	1580
1192224491768	1	INSTRUCTIONSCROLL	1583
1192224491781	1	INSTRUCTIONSCROLL	1585
1192224491794	1	INSTRUCTIONSCROLL	1588
1192224491808	1	INSTRUCTIONSCROLL	1591
1192224491821	1	INSTRUCTIONSCROLL	1593
1192224491834	1	INSTRUCTIONSCROLL	1596
1192224491848	1	INSTRUCTIONSCROLL	1599
1192224491861	1	INSTRUCTIONSCROLL	1601
1192224491874	1	INSTRUCTIONSCROLL	1604
1192224491888	1	INSTRUCTIONSCROLL	1607
1192224491901	1	INSTRUCTIONSCROLL	1609
1192224491914	1	INSTRUCTIONSCROLL	1612
1192224491928	1	INSTRUCTIONSCROLL	1615
1192224491941	1	INSTRUCTIONSCROLL	1617
1192224491953	1	INSTRUCTIONSCROLL	1620
1192224491967	1	INSTRUCTIONSCROLL	1623
1192224491980	1	INSTRUCTIONSCROLL	1625
1192224492007	1	INSTRUCTIONSCROLL	1630
1192224492021	1	INSTRUCTIONSCROLL	1633
1192224492034	1	INSTRUCTIONSCROLL	1636
1192224492048	1	INSTRUCTIONSCROLL	1639
1192224492061	1	INSTRUCTIONSCROLL	1641
1192224492074	1	INSTRUCTIONSCROLL	1644
1192224492087	1	INSTRUCTIONSCROLL	1647
1192224492101	1	INSTRUCTIONSCROLL	1649
1192224492114	1	INSTRUCTIONSCROLL	1652
1192224492128	1	INSTRUCTIONSCROLL	1655
1192224493207	1	INSTRUCTIONSCROLL	1656
1192224493220	1	INSTRUCTIONSCROLL	1658
1192224493234	1	INSTRUCTIONSCROLL	1661
1192224493247	1	INSTRUCTIONSCROLL	1664
1192224493260	1	INSTRUCTIONSCROLL	1666
1192224493274	1	INSTRUCTIONSCROLL	1669
1192224493287	1	INSTRUCTIONSCROLL	1672
1192224493300	1	INSTRUCTIONSCROLL	1674
1192224493314	1	INSTRUCTIONSCROLL	1677
1192224493327	1	INSTRUCTIONSCROLL	1680
1192224493340	1	INSTRUCTIONSCROLL	1682
1192224493354	1	INSTRUCTIONSCROLL	1685
1192224493367	1	INSTRUCTIONSCROLL	1688
1192224493380	1	INSTRUCTIONSCROLL	1690
1192224493394	1	INSTRUCTIONSCROLL	1693
1192224493407	1	INSTRUCTIONSCROLL	1696
1192224493420	1	INSTRUCTIONSCROLL	1698
1192224493434	1	INSTRUCTIONSCROLL	1701
1192224493447	1	INSTRUCTIONSCROLL	1704
1192224493460	1	INSTRUCTIONSCROLL	1706
1192224493474	1	INSTRUCTIONSCROLL	1709
1192224493487	1	INSTRUCTIONSCROLL	1712
1192224493500	1	INSTRUCTIONSCROLL	1714
1192224493514	1	INSTRUCTIONSCROLL	1717
1192224493527	1	INSTRUCTIONSCROLL	1720
1192224493540	1	INSTRUCTIONSCROLL	1722
1192224493554	1	INSTRUCTIONSCROLL	1725
1192224493567	1	INSTRUCTIONSCROLL	1728
1192224493580	1	INSTRUCTIONSCROLL	1730
1192224493594	1	INSTRUCTIONSCROLL	1733
1192224493607	1	INSTRUCTIONSCROLL	1736
1192224493620	1	INSTRUCTIONSCROLL	1738
1192224493634	1	INSTRUCTIONSCROLL	1741
1192224493647	1	INSTRUCTIONSCROLL	1744
1192224494750	1	INSTRUCTIONSCROLL	1745
1192224494767	1	INSTRUCTIONSCROLL	1746
1192224494780	1	INSTRUCTIONSCROLL	1749
1192224494793	1	INSTRUCTIONSCROLL	1751
1192224494807	1	INSTRUCTIONSCROLL	1754
1192224494820	1	INSTRUCTIONSCROLL	1757
1192224494833	1	INSTRUCTIONSCROLL	1759
1192224494847	1	INSTRUCTIONSCROLL	1762
1192224494860	1	INSTRUCTIONSCROLL	1765
1192224494873	1	INSTRUCTIONSCROLL	1767
1192224494887	1	INSTRUCTIONSCROLL	1770
1192224494900	1	INSTRUCTIONSCROLL	1773
1192224494913	1	INSTRUCTIONSCROLL	1775
1192224494927	1	INSTRUCTIONSCROLL	1778
1192224494940	1	INSTRUCTIONSCROLL	1781
1192224494952	1	INSTRUCTIONSCROLL	1783
1192224494966	1	INSTRUCTIONSCROLL	1786
1192224494979	1	INSTRUCTIONSCROLL	1788
1192224494992	1	INSTRUCTIONSCROLL	1791
1192224495007	1	INSTRUCTIONSCROLL	1794
1192224495020	1	INSTRUCTIONSCROLL	1797
1192224495033	1	INSTRUCTIONSCROLL	1799
1192224495046	1	INSTRUCTIONSCROLL	1802
1192224495060	1	INSTRUCTIONSCROLL	1805
1192224495073	1	INSTRUCTIONSCROLL	1807
1192224495086	1	INSTRUCTIONSCROLL	1810
1192224495100	1	INSTRUCTIONSCROLL	1813
1192224495113	1	INSTRUCTIONSCROLL	1815
1192224495126	1	INSTRUCTIONSCROLL	1818
1192224495140	1	INSTRUCTIONSCROLL	1821
1192224495153	1	INSTRUCTIONSCROLL	1823
1192224495166	1	INSTRUCTIONSCROLL	1826
1192224495180	1	INSTRUCTIONSCROLL	1829
1192224495193	1	INSTRUCTIONSCROLL	1831
1192224495206	1	INSTRUCTIONSCROLL	1834
1192224495223	1	INSTRUCTIONSCROLL	1839
1192224495233	1	INSTRUCTIONSCROLL	1840
1192224495246	1	INSTRUCTIONSCROLL	1842
1192224495260	1	INSTRUCTIONSCROLL	1845
1192224495273	1	INSTRUCTIONSCROLL	1847
1192224495286	1	INSTRUCTIONSCROLL	1850
1192224495300	1	INSTRUCTIONSCROLL	1853
1192224495313	1	INSTRUCTIONSCROLL	1855
1192224495326	1	INSTRUCTIONSCROLL	1858
1192224495340	1	INSTRUCTIONSCROLL	1861
1192224495353	1	INSTRUCTIONSCROLL	1863
1192224495366	1	INSTRUCTIONSCROLL	1866
1192224495380	1	INSTRUCTIONSCROLL	1869
1192224495393	1	INSTRUCTIONSCROLL	1871
1192224495406	1	INSTRUCTIONSCROLL	1874
1192224495420	1	INSTRUCTIONSCROLL	1877
1192224495433	1	INSTRUCTIONSCROLL	1879
1192224495446	1	INSTRUCTIONSCROLL	1882
1192224495460	1	INSTRUCTIONSCROLL	1885
1192224495473	1	INSTRUCTIONSCROLL	1887
1192224495486	1	INSTRUCTIONSCROLL	1890
1192224495500	1	INSTRUCTIONSCROLL	1893
1192224495513	1	INSTRUCTIONSCROLL	1895
1192224495526	1	INSTRUCTIONSCROLL	1898
1192224495540	1	INSTRUCTIONSCROLL	1901
1192224495553	1	INSTRUCTIONSCROLL	1903
1192224495566	1	INSTRUCTIONSCROLL	1906
1192224495580	1	INSTRUCTIONSCROLL	1909
1192224495593	1	INSTRUCTIONSCROLL	1911
1192224495606	1	INSTRUCTIONSCROLL	1914
1192224495620	1	INSTRUCTIONSCROLL	1917
1192224495633	1	INSTRUCTIONSCROLL	1919
1192224495646	1	INSTRUCTIONSCROLL	1922
1192224495660	1	INSTRUCTIONSCROLL	1925
1192224495673	1	INSTRUCTIONSCROLL	1927
1192224495686	1	INSTRUCTIONSCROLL	1930
1192224495700	1	INSTRUCTIONSCROLL	1933
1192224495713	1	INSTRUCTIONSCROLL	1935
1192224495726	1	INSTRUCTIONSCROLL	1938
1192224495740	1	INSTRUCTIONSCROLL	1941
1192224495753	1	INSTRUCTIONSCROLL	1943
1192224495766	1	INSTRUCTIONSCROLL	1946
1192224495780	1	INSTRUCTIONSCROLL	1949
1192224495793	1	INSTRUCTIONSCROLL	1951
1192224495806	1	INSTRUCTIONSCROLL	1954
1192224495820	1	INSTRUCTIONSCROLL	1957
1192224495833	1	INSTRUCTIONSCROLL	1959
1192224495846	1	INSTRUCTIONSCROLL	1962
1192224495860	1	INSTRUCTIONSCROLL	1965
1192224495873	1	INSTRUCTIONSCROLL	1967
1192224495886	1	INSTRUCTIONSCROLL	1970
1192224495900	1	INSTRUCTIONSCROLL	1973
1192224495913	1	INSTRUCTIONSCROLL	1975
1192224497219	1	INSTRUCTIONSCROLL	1976
1192224497232	1	INSTRUCTIONSCROLL	1977
1192224497246	1	INSTRUCTIONSCROLL	1979
1192224497259	1	INSTRUCTIONSCROLL	1982
1192224497272	1	INSTRUCTIONSCROLL	1984
1192224497286	1	INSTRUCTIONSCROLL	1987
1192224497299	1	INSTRUCTIONSCROLL	1990
1192224497312	1	INSTRUCTIONSCROLL	1992
1192224497326	1	INSTRUCTIONSCROLL	1995
1192224497339	1	INSTRUCTIONSCROLL	1998
1192224497352	1	INSTRUCTIONSCROLL	2000
1192224497366	1	INSTRUCTIONSCROLL	2003
1192224497379	1	INSTRUCTIONSCROLL	2006
1192224497392	1	INSTRUCTIONSCROLL	2008
1192224497406	1	INSTRUCTIONSCROLL	2011
1192224497419	1	INSTRUCTIONSCROLL	2014
1192224497432	1	INSTRUCTIONSCROLL	2016
1192224497446	1	INSTRUCTIONSCROLL	2019
1192224497459	1	INSTRUCTIONSCROLL	2022
1192224497472	1	INSTRUCTIONSCROLL	2024
1192224497486	1	INSTRUCTIONSCROLL	2027
1192224497499	1	INSTRUCTIONSCROLL	2030
1192224497512	1	INSTRUCTIONSCROLL	2032
1192224497526	1	INSTRUCTIONSCROLL	2035
1192224497539	1	INSTRUCTIONSCROLL	2038
1192224497552	1	INSTRUCTIONSCROLL	2040
1192224497566	1	INSTRUCTIONSCROLL	2043
1192224497579	1	INSTRUCTIONSCROLL	2046
1192224497592	1	INSTRUCTIONSCROLL	2048
1192224497606	1	INSTRUCTIONSCROLL	2051
1192224497619	1	INSTRUCTIONSCROLL	2054
1192224497632	1	INSTRUCTIONSCROLL	2056
1192224497646	1	INSTRUCTIONSCROLL	2059
1192224497659	1	INSTRUCTIONSCROLL	2062
1192224497672	1	INSTRUCTIONSCROLL	2064
1192224497686	1	INSTRUCTIONSCROLL	2067
1192224497699	1	INSTRUCTIONSCROLL	2070
1192224497712	1	INSTRUCTIONSCROLL	2072
1192224497726	1	INSTRUCTIONSCROLL	2075
1192224497739	1	INSTRUCTIONSCROLL	2078
1192224497752	1	INSTRUCTIONSCROLL	2080
1192224497766	1	INSTRUCTIONSCROLL	2083
1192224497779	1	INSTRUCTIONSCROLL	2086
1192224497792	1	INSTRUCTIONSCROLL	2088
1192224497806	1	INSTRUCTIONSCROLL	2091
1192224497819	1	INSTRUCTIONSCROLL	2094
1192224497832	1	INSTRUCTIONSCROLL	2096
1192224497846	1	INSTRUCTIONSCROLL	2099
1192224497859	1	INSTRUCTIONSCROLL	2102
1192224497872	1	INSTRUCTIONSCROLL	2104
1192224497886	1	INSTRUCTIONSCROLL	2107
1192224497899	1	INSTRUCTIONSCROLL	2110
1192224497912	1	INSTRUCTIONSCROLL	2112
1192224497926	1	INSTRUCTIONSCROLL	2115
1192224497939	1	INSTRUCTIONSCROLL	2118
1192224497951	1	INSTRUCTIONSCROLL	2120
1192224497965	1	INSTRUCTIONSCROLL	2123
1192224497978	1	INSTRUCTIONSCROLL	2125
1192224497991	1	INSTRUCTIONSCROLL	2128
1192224498006	1	INSTRUCTIONSCROLL	2131
1192224498019	1	INSTRUCTIONSCROLL	2134
1192224498032	1	INSTRUCTIONSCROLL	2136
1192224498045	1	INSTRUCTIONSCROLL	2139
1192224498525	1	INSTRUCTIONSCROLL	2140
1192224498539	1	INSTRUCTIONSCROLL	2142
1192224498552	1	INSTRUCTIONSCROLL	2143
1192224498565	1	INSTRUCTIONSCROLL	2144
1192224498579	1	INSTRUCTIONSCROLL	2147
1192224498592	1	INSTRUCTIONSCROLL	2150
1192224498605	1	INSTRUCTIONSCROLL	2152
1192224498619	1	INSTRUCTIONSCROLL	2155
1192224498632	1	INSTRUCTIONSCROLL	2158
1192224498645	1	INSTRUCTIONSCROLL	2160
1192224498659	1	INSTRUCTIONSCROLL	2163
1192224498672	1	INSTRUCTIONSCROLL	2166
1192224501258	1	INSTRUCTIONSCROLL	2167
1192224501271	1	INSTRUCTIONSCROLL	2170
1192224501284	1	INSTRUCTIONSCROLL	2172
1192224501298	1	INSTRUCTIONSCROLL	2175
1192224501311	1	INSTRUCTIONSCROLL	2178
1192224501324	1	INSTRUCTIONSCROLL	2180
1192224501338	1	INSTRUCTIONSCROLL	2183
1192224501351	1	INSTRUCTIONSCROLL	2186
1192224501364	1	INSTRUCTIONSCROLL	2188
1192224501378	1	INSTRUCTIONSCROLL	2191
1192224501391	1	INSTRUCTIONSCROLL	2194
1192224501404	1	INSTRUCTIONSCROLL	2196
1192224501418	1	INSTRUCTIONSCROLL	2199
1192224501431	1	INSTRUCTIONSCROLL	2202
1192224501444	1	INSTRUCTIONSCROLL	2204
1192224501458	1	INSTRUCTIONSCROLL	2207
1192224501471	1	INSTRUCTIONSCROLL	2210
1192224501484	1	INSTRUCTIONSCROLL	2212
1192224501498	1	INSTRUCTIONSCROLL	2215
1192224501511	1	INSTRUCTIONSCROLL	2218
1192224501524	1	INSTRUCTIONSCROLL	2220
1192224501538	1	INSTRUCTIONSCROLL	2223
1192224501551	1	INSTRUCTIONSCROLL	2226
1192224501564	1	INSTRUCTIONSCROLL	2228
1192224501578	1	INSTRUCTIONSCROLL	2231
1192224501591	1	INSTRUCTIONSCROLL	2234
1192224501604	1	INSTRUCTIONSCROLL	2236
1192224501618	1	INSTRUCTIONSCROLL	2239
1192224501631	1	INSTRUCTIONSCROLL	2242
1192224501644	1	INSTRUCTIONSCROLL	2244
1192224501658	1	INSTRUCTIONSCROLL	2247
1192224501671	1	INSTRUCTIONSCROLL	2250
1192224501684	1	INSTRUCTIONSCROLL	2252
1192224501698	1	INSTRUCTIONSCROLL	2255
1192224501711	1	INSTRUCTIONSCROLL	2258
1192224501724	1	INSTRUCTIONSCROLL	2260
1192224501738	1	INSTRUCTIONSCROLL	2263
1192224501751	1	INSTRUCTIONSCROLL	2266
1192224501764	1	INSTRUCTIONSCROLL	2268
1192224501778	1	INSTRUCTIONSCROLL	2271
1192224501791	1	INSTRUCTIONSCROLL	2274
1192224501804	1	INSTRUCTIONSCROLL	2276
1192224501818	1	INSTRUCTIONSCROLL	2279
1192224501831	1	INSTRUCTIONSCROLL	2282
1192224501844	1	INSTRUCTIONSCROLL	2284
1192224501858	1	INSTRUCTIONSCROLL	2287
1192224501871	1	INSTRUCTIONSCROLL	2290
1192224501884	1	INSTRUCTIONSCROLL	2292
1192224501898	1	INSTRUCTIONSCROLL	2295
1192224501911	1	INSTRUCTIONSCROLL	2298
1192224501924	1	INSTRUCTIONSCROLL	2300
1192224503097	1	INSTRUCTIONSCROLL	2301
1192224503111	1	INSTRUCTIONSCROLL	2304
1192224503124	1	INSTRUCTIONSCROLL	2307
1192224503137	1	INSTRUCTIONSCROLL	2309
1192224503151	1	INSTRUCTIONSCROLL	2312
1192224503177	1	INSTRUCTIONSCROLL	2317
1192224503190	1	INSTRUCTIONSCROLL	2320
1192224503204	1	INSTRUCTIONSCROLL	2323
1192224503217	1	INSTRUCTIONSCROLL	2325
1192224503230	1	INSTRUCTIONSCROLL	2328
1192224503244	1	INSTRUCTIONSCROLL	2331
1192224503257	1	INSTRUCTIONSCROLL	2333
1192224503270	1	INSTRUCTIONSCROLL	2336
1192224503284	1	INSTRUCTIONSCROLL	2339
1192224503297	1	INSTRUCTIONSCROLL	2341
1192224503310	1	INSTRUCTIONSCROLL	2344
1192224503324	1	INSTRUCTIONSCROLL	2347
1192224503337	1	INSTRUCTIONSCROLL	2349
1192224503350	1	INSTRUCTIONSCROLL	2352
1192224503364	1	INSTRUCTIONSCROLL	2355
1192224503377	1	INSTRUCTIONSCROLL	2357
1192224503390	1	INSTRUCTIONSCROLL	2360
1192224503404	1	INSTRUCTIONSCROLL	2363
1192224503417	1	INSTRUCTIONSCROLL	2365
1192224503430	1	INSTRUCTIONSCROLL	2368
1192224503444	1	INSTRUCTIONSCROLL	2371
1192224503457	1	INSTRUCTIONSCROLL	2373
1192224503470	1	INSTRUCTIONSCROLL	2376
1192224503484	1	INSTRUCTIONSCROLL	2379
1192224503497	1	INSTRUCTIONSCROLL	2382
1192224503510	1	INSTRUCTIONSCROLL	2384
1192224503524	1	INSTRUCTIONSCROLL	2387
1192224503537	1	INSTRUCTIONSCROLL	2390
1192224503550	1	INSTRUCTIONSCROLL	2392
1192224503564	1	INSTRUCTIONSCROLL	2395
1192224503577	1	INSTRUCTIONSCROLL	2397
1192224503590	1	INSTRUCTIONSCROLL	2400
1192224503604	1	INSTRUCTIONSCROLL	2403
1192224503617	1	INSTRUCTIONSCROLL	2405
1192224503630	1	INSTRUCTIONSCROLL	2408
1192224505516	1	INSTRUCTIONSCROLL	2409
1192224505523	1	INSTRUCTIONSCROLL	2410
1192224505536	1	INSTRUCTIONSCROLL	2411
1192224505550	1	INSTRUCTIONSCROLL	2413
1192224505563	1	INSTRUCTIONSCROLL	2416
1192224505576	1	INSTRUCTIONSCROLL	2419
1192224505590	1	INSTRUCTIONSCROLL	2421
1192224505603	1	INSTRUCTIONSCROLL	2424
1192224505616	1	INSTRUCTIONSCROLL	2427
1192224505630	1	INSTRUCTIONSCROLL	2429
1192224505643	1	INSTRUCTIONSCROLL	2432
1192224505656	1	INSTRUCTIONSCROLL	2435
1192224505670	1	INSTRUCTIONSCROLL	2437
1192224505683	1	INSTRUCTIONSCROLL	2440
1192224505696	1	INSTRUCTIONSCROLL	2443
1192224505710	1	INSTRUCTIONSCROLL	2445
1192224505723	1	INSTRUCTIONSCROLL	2448
1192224505736	1	INSTRUCTIONSCROLL	2451
1192224505750	1	INSTRUCTIONSCROLL	2453
1192224505763	1	INSTRUCTIONSCROLL	2456
1192224505776	1	INSTRUCTIONSCROLL	2459
1192224505790	1	INSTRUCTIONSCROLL	2461
1192224505803	1	INSTRUCTIONSCROLL	2464
1192224505816	1	INSTRUCTIONSCROLL	2467
1192224505830	1	INSTRUCTIONSCROLL	2469
1192224505843	1	INSTRUCTIONSCROLL	2472
1192224505856	1	INSTRUCTIONSCROLL	2475
1192224505870	1	INSTRUCTIONSCROLL	2477
1192224505883	1	INSTRUCTIONSCROLL	2480
1192224505896	1	INSTRUCTIONSCROLL	2483
1192224505910	1	INSTRUCTIONSCROLL	2485
1192224505923	1	INSTRUCTIONSCROLL	2488
1192224505936	1	INSTRUCTIONSCROLL	2491
1192224505949	1	INSTRUCTIONSCROLL	2493
1192224505962	1	INSTRUCTIONSCROLL	2496
1192224505975	1	INSTRUCTIONSCROLL	2498
1192224505989	1	INSTRUCTIONSCROLL	2501
1192224506003	1	INSTRUCTIONSCROLL	2504
1192224506016	1	INSTRUCTIONSCROLL	2507
1192224507442	1	INSTRUCTIONSCROLL	2508
1192224507456	1	INSTRUCTIONSCROLL	2511
1192224507469	1	INSTRUCTIONSCROLL	2513
1192224507482	1	INSTRUCTIONSCROLL	2516
1192224507496	1	INSTRUCTIONSCROLL	2519
1192224507509	1	INSTRUCTIONSCROLL	2521
1192224507522	1	INSTRUCTIONSCROLL	2524
1192224507536	1	INSTRUCTIONSCROLL	2527
1192224507549	1	INSTRUCTIONSCROLL	2529
1192224507562	1	INSTRUCTIONSCROLL	2532
1192224507589	1	INSTRUCTIONSCROLL	2537
1192224507602	1	INSTRUCTIONSCROLL	2540
1192224507616	1	INSTRUCTIONSCROLL	2543
1192224507629	1	INSTRUCTIONSCROLL	2545
1192224507642	1	INSTRUCTIONSCROLL	2548
1192224507656	1	INSTRUCTIONSCROLL	2551
1192224507669	1	INSTRUCTIONSCROLL	2553
1192224507682	1	INSTRUCTIONSCROLL	2556
1192224507696	1	INSTRUCTIONSCROLL	2559
1192224507709	1	INSTRUCTIONSCROLL	2561
1192224507722	1	INSTRUCTIONSCROLL	2564
1192224507736	1	INSTRUCTIONSCROLL	2567
1192224507749	1	INSTRUCTIONSCROLL	2569
1192224507762	1	INSTRUCTIONSCROLL	2572
1192224507776	1	INSTRUCTIONSCROLL	2575
1192224507789	1	INSTRUCTIONSCROLL	2577
1192224507802	1	INSTRUCTIONSCROLL	2580
1192224507816	1	INSTRUCTIONSCROLL	2583
1192224507829	1	INSTRUCTIONSCROLL	2585
1192224507842	1	INSTRUCTIONSCROLL	2588
1192224507856	1	INSTRUCTIONSCROLL	2591
1192224507869	1	INSTRUCTIONSCROLL	2593
1192224507882	1	INSTRUCTIONSCROLL	2596
1192224508891	1	INSTRUCTIONSCROLL	2597
1192224508896	1	INSTRUCTIONSCROLL	2598
1192224508909	1	INSTRUCTIONSCROLL	2599
1192224508922	1	INSTRUCTIONSCROLL	2601
1192224508935	1	INSTRUCTIONSCROLL	2603
1192224508948	1	INSTRUCTIONSCROLL	2606
1192224508961	1	INSTRUCTIONSCROLL	2609
1192224508974	1	INSTRUCTIONSCROLL	2611
1192224508988	1	INSTRUCTIONSCROLL	2614
1192224509002	1	INSTRUCTIONSCROLL	2617
1192224509015	1	INSTRUCTIONSCROLL	2619
1192224509029	1	INSTRUCTIONSCROLL	2622
1192224509042	1	INSTRUCTIONSCROLL	2625
1192224509055	1	INSTRUCTIONSCROLL	2627
1192224509069	1	INSTRUCTIONSCROLL	2630
1192224509082	1	INSTRUCTIONSCROLL	2633
1192224509095	1	INSTRUCTIONSCROLL	2635
1192224509109	1	INSTRUCTIONSCROLL	2638
1192224509122	1	INSTRUCTIONSCROLL	2641
1192224509135	1	INSTRUCTIONSCROLL	2643
1192224509149	1	INSTRUCTIONSCROLL	2646
1192224509162	1	INSTRUCTIONSCROLL	2649
1192224509175	1	INSTRUCTIONSCROLL	2651
1192224509188	1	INSTRUCTIONSCROLL	2654
1192224509202	1	INSTRUCTIONSCROLL	2657
1192224509215	1	INSTRUCTIONSCROLL	2659
1192224509228	1	INSTRUCTIONSCROLL	2662
1192224509242	1	INSTRUCTIONSCROLL	2665
1192224509255	1	INSTRUCTIONSCROLL	2667
1192224509268	1	INSTRUCTIONSCROLL	2670
1192224509282	1	INSTRUCTIONSCROLL	2673
1192224509295	1	INSTRUCTIONSCROLL	2675
1192224509309	1	INSTRUCTIONSCROLL	2678
1192224509322	1	INSTRUCTIONSCROLL	2681
1192224509335	1	INSTRUCTIONSCROLL	2684
1192224509348	1	INSTRUCTIONSCROLL	2686
1192224509362	1	INSTRUCTIONSCROLL	2689
1192224509375	1	INSTRUCTIONSCROLL	2692
1192224509388	1	INSTRUCTIONSCROLL	2694
1192224509402	1	INSTRUCTIONSCROLL	2697
1192224509415	1	INSTRUCTIONSCROLL	2699
1192224509428	1	INSTRUCTIONSCROLL	2702
1192224509442	1	INSTRUCTIONSCROLL	2705
1192224509455	1	INSTRUCTIONSCROLL	2708
1192224510601	1	INSTRUCTIONSCROLL	2709
1192224510615	1	INSTRUCTIONSCROLL	2710
1192224510628	1	INSTRUCTIONSCROLL	2713
1192224510641	1	INSTRUCTIONSCROLL	2715
1192224510655	1	INSTRUCTIONSCROLL	2718
1192224510668	1	INSTRUCTIONSCROLL	2721
1192224510681	1	INSTRUCTIONSCROLL	2723
1192224510695	1	INSTRUCTIONSCROLL	2726
1192224510708	1	INSTRUCTIONSCROLL	2729
1192224510721	1	INSTRUCTIONSCROLL	2731
1192224510735	1	INSTRUCTIONSCROLL	2734
1192224510748	1	INSTRUCTIONSCROLL	2737
1192224510761	1	INSTRUCTIONSCROLL	2739
1192224510775	1	INSTRUCTIONSCROLL	2742
1192224510788	1	INSTRUCTIONSCROLL	2745
1192224510801	1	INSTRUCTIONSCROLL	2747
1192224510815	1	INSTRUCTIONSCROLL	2750
1192224510828	1	INSTRUCTIONSCROLL	2753
1192224510841	1	INSTRUCTIONSCROLL	2755
1192224510855	1	INSTRUCTIONSCROLL	2758
1192224510868	1	INSTRUCTIONSCROLL	2761
1192224510881	1	INSTRUCTIONSCROLL	2763
1192224510908	1	INSTRUCTIONSCROLL	2768
1192224510921	1	INSTRUCTIONSCROLL	2771
1192224510935	1	INSTRUCTIONSCROLL	2774
1192224510948	1	INSTRUCTIONSCROLL	2777
1192224510960	1	INSTRUCTIONSCROLL	2779
1192224510974	1	INSTRUCTIONSCROLL	2782
1192224510987	1	INSTRUCTIONSCROLL	2784
1192224511001	1	INSTRUCTIONSCROLL	2787
1192224511015	1	INSTRUCTIONSCROLL	2790
1192224511028	1	INSTRUCTIONSCROLL	2793
1192224511041	1	INSTRUCTIONSCROLL	2795
1192224511055	1	INSTRUCTIONSCROLL	2798
1192224511068	1	INSTRUCTIONSCROLL	2801
1192224511081	1	INSTRUCTIONSCROLL	2803
1192224511619	1	INSTRUCTIONSCROLL	2804
1192224511628	1	INSTRUCTIONSCROLL	2805
1192224511641	1	INSTRUCTIONSCROLL	2806
1192224511654	1	INSTRUCTIONSCROLL	2809
1192224511668	1	INSTRUCTIONSCROLL	2811
1192224511681	1	INSTRUCTIONSCROLL	2814
1192224511694	1	INSTRUCTIONSCROLL	2817
1192224511708	1	INSTRUCTIONSCROLL	2819
1192224511721	1	INSTRUCTIONSCROLL	2822
1192224511734	1	INSTRUCTIONSCROLL	2825
1192224511748	1	INSTRUCTIONSCROLL	2827
1192224511761	1	INSTRUCTIONSCROLL	2830
1192224511774	1	INSTRUCTIONSCROLL	2833
1192224511788	1	INSTRUCTIONSCROLL	2835
1192224511801	1	INSTRUCTIONSCROLL	2838
1192224511814	1	INSTRUCTIONSCROLL	2841
1192224511828	1	INSTRUCTIONSCROLL	2843
1192224511841	1	INSTRUCTIONSCROLL	2846
1192224511854	1	INSTRUCTIONSCROLL	2849
1192224511868	1	INSTRUCTIONSCROLL	2851
1192224511881	1	INSTRUCTIONSCROLL	2854
1192224511894	1	INSTRUCTIONSCROLL	2857
1192224511908	1	INSTRUCTIONSCROLL	2859
1192224511921	1	INSTRUCTIONSCROLL	2862
1192224511934	1	INSTRUCTIONSCROLL	2865
1192224511948	1	INSTRUCTIONSCROLL	2867
1192224511960	1	INSTRUCTIONSCROLL	2870
1192224511973	1	INSTRUCTIONSCROLL	2872
1192224511987	1	INSTRUCTIONSCROLL	2875
1192224512001	1	INSTRUCTIONSCROLL	2878
1192224512014	1	INSTRUCTIONSCROLL	2881
1192224512028	1	INSTRUCTIONSCROLL	2883
1192224512041	1	INSTRUCTIONSCROLL	2886
1192224512054	1	INSTRUCTIONSCROLL	2889
1192224512068	1	INSTRUCTIONSCROLL	2891
1192224512081	1	INSTRUCTIONSCROLL	2894
1192224512094	1	INSTRUCTIONSCROLL	2897
1192224512107	1	INSTRUCTIONSCROLL	2899
1192224512121	1	INSTRUCTIONSCROLL	2902
1192224512134	1	INSTRUCTIONSCROLL	2905
1192224512147	1	INSTRUCTIONSCROLL	2907
1192224512174	1	INSTRUCTIONSCROLL	2913
1192224513494	1	INSTRUCTIONSCROLL	2914
1192224513507	1	INSTRUCTIONSCROLL	2916
1192224513520	1	INSTRUCTIONSCROLL	2918
1192224513534	1	INSTRUCTIONSCROLL	2921
1192224513547	1	INSTRUCTIONSCROLL	2924
1192224513560	1	INSTRUCTIONSCROLL	2927
1192224513574	1	INSTRUCTIONSCROLL	2929
1192224513587	1	INSTRUCTIONSCROLL	2932
1192224513600	1	INSTRUCTIONSCROLL	2934
1192224513614	1	INSTRUCTIONSCROLL	2937
1192224513627	1	INSTRUCTIONSCROLL	2940
1192224513640	1	INSTRUCTIONSCROLL	2942
1192224513654	1	INSTRUCTIONSCROLL	2945
1192224513667	1	INSTRUCTIONSCROLL	2948
1192224513680	1	INSTRUCTIONSCROLL	2950
1192224513694	1	INSTRUCTIONSCROLL	2953
1192224513707	1	INSTRUCTIONSCROLL	2956
1192224513720	1	INSTRUCTIONSCROLL	2958
1192224513734	1	INSTRUCTIONSCROLL	2961
1192224513747	1	INSTRUCTIONSCROLL	2964
1192224513760	1	INSTRUCTIONSCROLL	2966
1192224513774	1	INSTRUCTIONSCROLL	2969
1192224513787	1	INSTRUCTIONSCROLL	2972
1192224513800	1	INSTRUCTIONSCROLL	2974
1192224513814	1	INSTRUCTIONSCROLL	2977
1192224513827	1	INSTRUCTIONSCROLL	2980
1192224513840	1	INSTRUCTIONSCROLL	2982
1192224513854	1	INSTRUCTIONSCROLL	2985
1192224513867	1	INSTRUCTIONSCROLL	2988
1192224513880	1	INSTRUCTIONSCROLL	2990
1192224513894	1	INSTRUCTIONSCROLL	2993
1192224513907	1	INSTRUCTIONSCROLL	2996
1192224513920	1	INSTRUCTIONSCROLL	2998
1192224513934	1	INSTRUCTIONSCROLL	3001
1192224513947	1	INSTRUCTIONSCROLL	3004
1192224513959	1	INSTRUCTIONSCROLL	3007
1192224513973	1	INSTRUCTIONSCROLL	3009
1192224513986	1	INSTRUCTIONSCROLL	3012
1192224513999	1	INSTRUCTIONSCROLL	3014
1192224514014	1	INSTRUCTIONSCROLL	3017
1192224514027	1	INSTRUCTIONSCROLL	3020
1192224514040	1	INSTRUCTIONSCROLL	3022
1192224514054	1	INSTRUCTIONSCROLL	3025
1192224514067	1	INSTRUCTIONSCROLL	3028
1192224514080	1	INSTRUCTIONSCROLL	3031
1192224514094	1	INSTRUCTIONSCROLL	3033
1192224514891	1	INSTRUCTIONSCROLL	3034
1192224514896	1	INSTRUCTIONSCROLL	3035
1192224514907	1	INSTRUCTIONSCROLL	3036
1192224514920	1	INSTRUCTIONSCROLL	3037
1192224514933	1	INSTRUCTIONSCROLL	3040
1192224514947	1	INSTRUCTIONSCROLL	3043
1192224514959	1	INSTRUCTIONSCROLL	3045
1192224514972	1	INSTRUCTIONSCROLL	3048
1192224514999	1	INSTRUCTIONSCROLL	3053
1192224515013	1	INSTRUCTIONSCROLL	3056
1192224515027	1	INSTRUCTIONSCROLL	3059
1192224515040	1	INSTRUCTIONSCROLL	3061
1192224515053	1	INSTRUCTIONSCROLL	3064
1192224515067	1	INSTRUCTIONSCROLL	3067
1192224515080	1	INSTRUCTIONSCROLL	3069
1192224515093	1	INSTRUCTIONSCROLL	3072
1192224515107	1	INSTRUCTIONSCROLL	3075
1192224515120	1	INSTRUCTIONSCROLL	3077
1192224515133	1	INSTRUCTIONSCROLL	3080
1192224515146	1	INSTRUCTIONSCROLL	3083
1192224515160	1	INSTRUCTIONSCROLL	3085
1192224515173	1	INSTRUCTIONSCROLL	3088
1192224515187	1	INSTRUCTIONSCROLL	3091
1192224515200	1	INSTRUCTIONSCROLL	3093
1192224515213	1	INSTRUCTIONSCROLL	3096
1192224515227	1	INSTRUCTIONSCROLL	3099
1192224515240	1	INSTRUCTIONSCROLL	3101
1192224515253	1	INSTRUCTIONSCROLL	3104
1192224515266	1	INSTRUCTIONSCROLL	3107
1192224515280	1	INSTRUCTIONSCROLL	3109
1192224515293	1	INSTRUCTIONSCROLL	3112
1192224515306	1	INSTRUCTIONSCROLL	3115
1192224515320	1	INSTRUCTIONSCROLL	3117
1192224515333	1	INSTRUCTIONSCROLL	3120
1192224515347	1	INSTRUCTIONSCROLL	3123
1192224515360	1	INSTRUCTIONSCROLL	3125
1192224515373	1	INSTRUCTIONSCROLL	3128
1192224515386	1	INSTRUCTIONSCROLL	3131
1192224515400	1	INSTRUCTIONSCROLL	3133
1192224515413	1	INSTRUCTIONSCROLL	3136
1192224515426	1	INSTRUCTIONSCROLL	3139
1192224515440	1	INSTRUCTIONSCROLL	3141
1192224515453	1	INSTRUCTIONSCROLL	3144
1192224515466	1	INSTRUCTIONSCROLL	3147
1192224515480	1	INSTRUCTIONSCROLL	3149
1192224515493	1	INSTRUCTIONSCROLL	3152
1192224515506	1	INSTRUCTIONSCROLL	3155
1192224515520	1	INSTRUCTIONSCROLL	3157
1192224516066	1	INSTRUCTIONSCROLL	3158
1192224516080	1	INSTRUCTIONSCROLL	3160
1192224516093	1	INSTRUCTIONSCROLL	3163
1192224516106	1	INSTRUCTIONSCROLL	3165
1192224516120	1	INSTRUCTIONSCROLL	3168
1192224516133	1	INSTRUCTIONSCROLL	3171
1192224516146	1	INSTRUCTIONSCROLL	3174
1192224516160	1	INSTRUCTIONSCROLL	3176
1192224516173	1	INSTRUCTIONSCROLL	3179
1192224516186	1	INSTRUCTIONSCROLL	3181
1192224516200	1	INSTRUCTIONSCROLL	3184
1192224516213	1	INSTRUCTIONSCROLL	3187
1192224516226	1	INSTRUCTIONSCROLL	3189
1192224516240	1	INSTRUCTIONSCROLL	3192
1192224516253	1	INSTRUCTIONSCROLL	3195
1192224516266	1	INSTRUCTIONSCROLL	3197
1192224516279	1	INSTRUCTIONSCROLL	3200
1192224516293	1	INSTRUCTIONSCROLL	3203
1192224516306	1	INSTRUCTIONSCROLL	3205
1192224516319	1	INSTRUCTIONSCROLL	3208
1192224516333	1	INSTRUCTIONSCROLL	3211
1192224516346	1	INSTRUCTIONSCROLL	3213
1192224516359	1	INSTRUCTIONSCROLL	3216
1192224516373	1	INSTRUCTIONSCROLL	3219
1192224516386	1	INSTRUCTIONSCROLL	3221
1192224516399	1	INSTRUCTIONSCROLL	3224
1192224516413	1	INSTRUCTIONSCROLL	3227
1192224516426	1	INSTRUCTIONSCROLL	3229
1192224516439	1	INSTRUCTIONSCROLL	3232
1192224516453	1	INSTRUCTIONSCROLL	3235
1192224516466	1	INSTRUCTIONSCROLL	3237
1192224516479	1	INSTRUCTIONSCROLL	3240
1192224516493	1	INSTRUCTIONSCROLL	3243
1192224516506	1	INSTRUCTIONSCROLL	3245
1192224516519	1	INSTRUCTIONSCROLL	3248
1192224516533	1	INSTRUCTIONSCROLL	3251
1192224516546	1	INSTRUCTIONSCROLL	3253
1192224516559	1	INSTRUCTIONSCROLL	3256
1192224516573	1	INSTRUCTIONSCROLL	3259
1192224516586	1	INSTRUCTIONSCROLL	3261
1192224516599	1	INSTRUCTIONSCROLL	3264
1192224516613	1	INSTRUCTIONSCROLL	3267
1192224516626	1	INSTRUCTIONSCROLL	3269
1192224516639	1	INSTRUCTIONSCROLL	3272
1192224516653	1	INSTRUCTIONSCROLL	3275
1192224516666	1	INSTRUCTIONSCROLL	3277
1192224516679	1	INSTRUCTIONSCROLL	3280
1192224516693	1	INSTRUCTIONSCROLL	3283
1192224516706	1	INSTRUCTIONSCROLL	3285
1192224516719	1	INSTRUCTIONSCROLL	3288
1192224516733	1	INSTRUCTIONSCROLL	3291
1192224516746	1	INSTRUCTIONSCROLL	3293
1192224516759	1	INSTRUCTIONSCROLL	3296
1192224516773	1	INSTRUCTIONSCROLL	3299
1192224516786	1	INSTRUCTIONSCROLL	3301
1192224517994	1	INSTRUCTIONSCROLL	3302
1192224518012	1	INSTRUCTIONSCROLL	3303
1192224518026	1	INSTRUCTIONSCROLL	3306
1192224518039	1	INSTRUCTIONSCROLL	3309
1192224518052	1	INSTRUCTIONSCROLL	3311
1192224518066	1	INSTRUCTIONSCROLL	3314
1192224518079	1	INSTRUCTIONSCROLL	3317
1192224518092	1	INSTRUCTIONSCROLL	3319
1192224518106	1	INSTRUCTIONSCROLL	3322
1192224518119	1	INSTRUCTIONSCROLL	3325
1192224518132	1	INSTRUCTIONSCROLL	3327
1192224518145	1	INSTRUCTIONSCROLL	3330
1192224518159	1	INSTRUCTIONSCROLL	3333
1192224518172	1	INSTRUCTIONSCROLL	3335
1192224518186	1	INSTRUCTIONSCROLL	3338
1192224518199	1	INSTRUCTIONSCROLL	3341
1192224518212	1	INSTRUCTIONSCROLL	3343
1192224518225	1	INSTRUCTIONSCROLL	3346
1192224518239	1	INSTRUCTIONSCROLL	3349
1192224518252	1	INSTRUCTIONSCROLL	3351
1192224518265	1	INSTRUCTIONSCROLL	3354
1192224518279	1	INSTRUCTIONSCROLL	3357
1192224518292	1	INSTRUCTIONSCROLL	3359
1192224518305	1	INSTRUCTIONSCROLL	3362
1192224518319	1	INSTRUCTIONSCROLL	3365
1192224518332	1	INSTRUCTIONSCROLL	3367
1192224518359	1	INSTRUCTIONSCROLL	3373
1192224518372	1	INSTRUCTIONSCROLL	3375
1192224518385	1	INSTRUCTIONSCROLL	3378
1192224518399	1	INSTRUCTIONSCROLL	3381
1192224518412	1	INSTRUCTIONSCROLL	3384
1192224518425	1	INSTRUCTIONSCROLL	3386
1192224518439	1	INSTRUCTIONSCROLL	3389
1192224518452	1	INSTRUCTIONSCROLL	3391
1192224518465	1	INSTRUCTIONSCROLL	3394
1192224518479	1	INSTRUCTIONSCROLL	3397
1192224518492	1	INSTRUCTIONSCROLL	3399
1192224518505	1	INSTRUCTIONSCROLL	3402
1192224518519	1	INSTRUCTIONSCROLL	3405
1192224518532	1	INSTRUCTIONSCROLL	3408
1192224518545	1	INSTRUCTIONSCROLL	3410
1192224518559	1	INSTRUCTIONSCROLL	3413
1192224518572	1	INSTRUCTIONSCROLL	3415
1192224518585	1	INSTRUCTIONSCROLL	3418
1192224519225	1	INSTRUCTIONSCROLL	3419
1192224519239	1	INSTRUCTIONSCROLL	3422
1192224519252	1	INSTRUCTIONSCROLL	3425
1192224519265	1	INSTRUCTIONSCROLL	3427
1192224519278	1	INSTRUCTIONSCROLL	3430
1192224519292	1	INSTRUCTIONSCROLL	3433
1192224519305	1	INSTRUCTIONSCROLL	3435
1192224519319	1	INSTRUCTIONSCROLL	3438
1192224519332	1	INSTRUCTIONSCROLL	3441
1192224519345	1	INSTRUCTIONSCROLL	3443
1192224519358	1	INSTRUCTIONSCROLL	3446
1192224519372	1	INSTRUCTIONSCROLL	3449
1192224519412	1	INSTRUCTIONSCROLL	3457
1192224519438	1	INSTRUCTIONSCROLL	3462
1192224519452	1	INSTRUCTIONSCROLL	3465
1192224519465	1	INSTRUCTIONSCROLL	3467
1192224519478	1	INSTRUCTIONSCROLL	3470
1192224519492	1	INSTRUCTIONSCROLL	3473
1192224519505	1	INSTRUCTIONSCROLL	3475
1192224519518	1	INSTRUCTIONSCROLL	3478
1192224519532	1	INSTRUCTIONSCROLL	3481
1192224519545	1	INSTRUCTIONSCROLL	3483
1192224519558	1	INSTRUCTIONSCROLL	3486
1192224519572	1	INSTRUCTIONSCROLL	3489
1192224519585	1	INSTRUCTIONSCROLL	3491
1192224519598	1	INSTRUCTIONSCROLL	3494
1192224519612	1	INSTRUCTIONSCROLL	3497
1192224519625	1	INSTRUCTIONSCROLL	3500
1192224519638	1	INSTRUCTIONSCROLL	3502
1192224519652	1	INSTRUCTIONSCROLL	3505
1192224519665	1	INSTRUCTIONSCROLL	3508
1192224519678	1	INSTRUCTIONSCROLL	3510
1192224519692	1	INSTRUCTIONSCROLL	3513
1192224519705	1	INSTRUCTIONSCROLL	3515
1192224519718	1	INSTRUCTIONSCROLL	3518
1192224519732	1	INSTRUCTIONSCROLL	3521
1192224519745	1	INSTRUCTIONSCROLL	3524
1192224519758	1	INSTRUCTIONSCROLL	3526
1192224519772	1	INSTRUCTIONSCROLL	3529
1192224519785	1	INSTRUCTIONSCROLL	3531
1192224519798	1	INSTRUCTIONSCROLL	3534
1192224519812	1	INSTRUCTIONSCROLL	3537
1192224519825	1	INSTRUCTIONSCROLL	3539
1192224519838	1	INSTRUCTIONSCROLL	3542
1192224519852	1	INSTRUCTIONSCROLL	3545
1192224519865	1	INSTRUCTIONSCROLL	3547
1192224519878	1	INSTRUCTIONSCROLL	3550
1192224519892	1	INSTRUCTIONSCROLL	3553
1192224519905	1	INSTRUCTIONSCROLL	3556
1192224519918	1	INSTRUCTIONSCROLL	3558
1192224519932	1	INSTRUCTIONSCROLL	3561
1192224519945	1	INSTRUCTIONSCROLL	3563
1192224519957	1	INSTRUCTIONSCROLL	3566
1192224519971	1	INSTRUCTIONSCROLL	3569
1192224519984	1	INSTRUCTIONSCROLL	3571
1192224519997	1	INSTRUCTIONSCROLL	3574
1192224520012	1	INSTRUCTIONSCROLL	3577
1192224520789	1	INSTRUCTIONSCROLL	3578
1192224520798	1	INSTRUCTIONSCROLL	3579
1192224520811	1	INSTRUCTIONSCROLL	3580
1192224520825	1	INSTRUCTIONSCROLL	3583
1192224520838	1	INSTRUCTIONSCROLL	3585
1192224520851	1	INSTRUCTIONSCROLL	3588
1192224520865	1	INSTRUCTIONSCROLL	3591
1192224520878	1	INSTRUCTIONSCROLL	3593
1192224520891	1	INSTRUCTIONSCROLL	3596
1192224520905	1	INSTRUCTIONSCROLL	3599
1192224520918	1	INSTRUCTIONSCROLL	3601
1192224520931	1	INSTRUCTIONSCROLL	3604
1192224520945	1	INSTRUCTIONSCROLL	3607
1192224520957	1	INSTRUCTIONSCROLL	3609
1192224520970	1	INSTRUCTIONSCROLL	3612
1192224520984	1	INSTRUCTIONSCROLL	3615
1192224520997	1	INSTRUCTIONSCROLL	3617
1192224521011	1	INSTRUCTIONSCROLL	3620
1192224521025	1	INSTRUCTIONSCROLL	3623
1192224521038	1	INSTRUCTIONSCROLL	3625
1192224521051	1	INSTRUCTIONSCROLL	3628
1192224521065	1	INSTRUCTIONSCROLL	3631
1192224521078	1	INSTRUCTIONSCROLL	3633
1192224521091	1	INSTRUCTIONSCROLL	3636
1192224521105	1	INSTRUCTIONSCROLL	3639
1192224521118	1	INSTRUCTIONSCROLL	3641
1192224521131	1	INSTRUCTIONSCROLL	3644
1192224521145	1	INSTRUCTIONSCROLL	3647
1192224521158	1	INSTRUCTIONSCROLL	3649
1192224521171	1	INSTRUCTIONSCROLL	3652
1192224521185	1	INSTRUCTIONSCROLL	3655
1192224521198	1	INSTRUCTIONSCROLL	3657
1192224521211	1	INSTRUCTIONSCROLL	3660
1192224521225	1	INSTRUCTIONSCROLL	3663
1192224521238	1	INSTRUCTIONSCROLL	3665
1192224521251	1	INSTRUCTIONSCROLL	3668
1192224521265	1	INSTRUCTIONSCROLL	3671
1192224521278	1	INSTRUCTIONSCROLL	3673
1192224521291	1	INSTRUCTIONSCROLL	3676
1192224521304	1	INSTRUCTIONSCROLL	3679
1192224521318	1	INSTRUCTIONSCROLL	3681
1192224521331	1	INSTRUCTIONSCROLL	3684
1192224521345	1	INSTRUCTIONSCROLL	3687
1192224521358	1	INSTRUCTIONSCROLL	3689
1192224521371	1	INSTRUCTIONSCROLL	3692
1192224521384	1	INSTRUCTIONSCROLL	3695
1192224521398	1	INSTRUCTIONSCROLL	3697
1192224521411	1	INSTRUCTIONSCROLL	3700
1192224521424	1	INSTRUCTIONSCROLL	3703
1192224521438	1	INSTRUCTIONSCROLL	3705
1192224521451	1	INSTRUCTIONSCROLL	3708
1192224521464	1	INSTRUCTIONSCROLL	3711
1192224521478	1	INSTRUCTIONSCROLL	3713
1192224521491	1	INSTRUCTIONSCROLL	3716
1192224521504	1	INSTRUCTIONSCROLL	3719
1192224522211	1	INSTRUCTIONSCROLL	3720
1192224522224	1	INSTRUCTIONSCROLL	3722
1192224522238	1	INSTRUCTIONSCROLL	3724
1192224522251	1	INSTRUCTIONSCROLL	3727
1192224522264	1	INSTRUCTIONSCROLL	3730
1192224522277	1	INSTRUCTIONSCROLL	3732
1192224522291	1	INSTRUCTIONSCROLL	3735
1192224522304	1	INSTRUCTIONSCROLL	3738
1192224522318	1	INSTRUCTIONSCROLL	3740
1192224522331	1	INSTRUCTIONSCROLL	3743
1192224522344	1	INSTRUCTIONSCROLL	3746
1192224522357	1	INSTRUCTIONSCROLL	3748
1192224522371	1	INSTRUCTIONSCROLL	3751
1192224522397	1	INSTRUCTIONSCROLL	3756
1192224522411	1	INSTRUCTIONSCROLL	3759
1192224522424	1	INSTRUCTIONSCROLL	3762
1192224522437	1	INSTRUCTIONSCROLL	3764
1192224522451	1	INSTRUCTIONSCROLL	3767
1192224522464	1	INSTRUCTIONSCROLL	3770
1192224522477	1	INSTRUCTIONSCROLL	3772
1192224522491	1	INSTRUCTIONSCROLL	3775
1192224522504	1	INSTRUCTIONSCROLL	3778
1192224522517	1	INSTRUCTIONSCROLL	3780
1192224522531	1	INSTRUCTIONSCROLL	3783
1192224522544	1	INSTRUCTIONSCROLL	3786
1192224522557	1	INSTRUCTIONSCROLL	3788
1192224522571	1	INSTRUCTIONSCROLL	3791
1192224522584	1	INSTRUCTIONSCROLL	3794
1192224522597	1	INSTRUCTIONSCROLL	3796
1192224522611	1	INSTRUCTIONSCROLL	3799
1192224522624	1	INSTRUCTIONSCROLL	3802
1192224522637	1	INSTRUCTIONSCROLL	3804
1192224522651	1	INSTRUCTIONSCROLL	3807
1192224522664	1	INSTRUCTIONSCROLL	3810
1192224522677	1	INSTRUCTIONSCROLL	3812
1192224522691	1	INSTRUCTIONSCROLL	3815
1192224522704	1	INSTRUCTIONSCROLL	3818
1192224522717	1	INSTRUCTIONSCROLL	3820
1192224522731	1	INSTRUCTIONSCROLL	3823
1192224522744	1	INSTRUCTIONSCROLL	3826
1192224522757	1	INSTRUCTIONSCROLL	3828
1192224522771	1	INSTRUCTIONSCROLL	3831
1192224522784	1	INSTRUCTIONSCROLL	3834
1192224523504	1	INSTRUCTIONSCROLL	3835
1192224523517	1	INSTRUCTIONSCROLL	3836
1192224523530	1	INSTRUCTIONSCROLL	3838
1192224523544	1	INSTRUCTIONSCROLL	3841
1192224523557	1	INSTRUCTIONSCROLL	3844
1192224523570	1	INSTRUCTIONSCROLL	3846
1192224523584	1	INSTRUCTIONSCROLL	3849
1192224523597	1	INSTRUCTIONSCROLL	3852
1192224523610	1	INSTRUCTIONSCROLL	3854
1192224523624	1	INSTRUCTIONSCROLL	3857
1192224523637	1	INSTRUCTIONSCROLL	3860
1192224523650	1	INSTRUCTIONSCROLL	3862
1192224523664	1	INSTRUCTIONSCROLL	3865
1192224523677	1	INSTRUCTIONSCROLL	3868
1192224523690	1	INSTRUCTIONSCROLL	3870
1192224523704	1	INSTRUCTIONSCROLL	3873
1192224523717	1	INSTRUCTIONSCROLL	3876
1192224523730	1	INSTRUCTIONSCROLL	3878
1192224523744	1	INSTRUCTIONSCROLL	3881
1192224523757	1	INSTRUCTIONSCROLL	3884
1192224523770	1	INSTRUCTIONSCROLL	3886
1192224523784	1	INSTRUCTIONSCROLL	3889
1192224523797	1	INSTRUCTIONSCROLL	3892
1192224523810	1	INSTRUCTIONSCROLL	3894
1192224523824	1	INSTRUCTIONSCROLL	3897
1192224523837	1	INSTRUCTIONSCROLL	3900
1192224523850	1	INSTRUCTIONSCROLL	3902
1192224523864	1	INSTRUCTIONSCROLL	3905
1192224523877	1	INSTRUCTIONSCROLL	3908
1192224523890	1	INSTRUCTIONSCROLL	3911
1192224523904	1	INSTRUCTIONSCROLL	3913
1192224523917	1	INSTRUCTIONSCROLL	3916
1192224523930	1	INSTRUCTIONSCROLL	3918
1192224523944	1	INSTRUCTIONSCROLL	3921
1192224523956	1	INSTRUCTIONSCROLL	3924
1192224523969	1	INSTRUCTIONSCROLL	3926
1192224523983	1	INSTRUCTIONSCROLL	3929
1192224523996	1	INSTRUCTIONSCROLL	3932
1192224524010	1	INSTRUCTIONSCROLL	3934
1192224524024	1	INSTRUCTIONSCROLL	3937
1192224524037	1	INSTRUCTIONSCROLL	3940
1192224524050	1	INSTRUCTIONSCROLL	3942
1192224524064	1	INSTRUCTIONSCROLL	3945
1192224524077	1	INSTRUCTIONSCROLL	3948
1192224540950	1	INSTRUCTIONSCROLL	3949
1192224540964	1	INSTRUCTIONSCROLL	3951
1192224540977	1	INSTRUCTIONSCROLL	3954
1192224540990	1	INSTRUCTIONSCROLL	3957
1192224541005	1	INSTRUCTIONSCROLL	3959
1192224541018	1	INSTRUCTIONSCROLL	3962
1192224541031	1	INSTRUCTIONSCROLL	3965
1192224541045	1	INSTRUCTIONSCROLL	3967
1192224543164	1	INSTRUCTIONSTOP	Button set (OR)
1192224543165	0	E	Logging Ends
