1177679798303	0	B	Logging Begins
1177679798303	0	SETUP
1177679798311	0	RESTORESTATE
1177679798342	0	SAVESTATE
1177679798342	0	RESTORESTATE
1177679798351	0	SESSION	0
1177679915148	0	SAVESTATE
1177679921169	0	SAVESTATE
1177679927179	0	SAVESTATE
1177679933198	0	SAVESTATE
1177679939225	0	SAVESTATE
1177679945234	0	SAVESTATE
1177679951240	0	SAVESTATE
1177679957502	0	SAVESTATE
1177679963353	0	SAVESTATE
1177679969363	0	SAVESTATE
1177679975385	0	SAVESTATE
1177679981393	0	SAVESTATE
1177679987401	0	SAVESTATE
1177679993414	0	SAVESTATE
1177679999421	0	SAVESTATE
1177680005427	0	SAVESTATE
1177680015961	0	SAVESTATE
1177680022729	0	SAVESTATE
1177680028666	0	SAVESTATE
1177680034624	0	SAVESTATE
1177680040369	0	SAVESTATE
1177680046145	0	SAVESTATE
1177680052776	0	SAVESTATE
1177680057864	0	SAVESTATE
1177680064370	0	SAVESTATE
1177680069727	0	SAVESTATE
1177680075800	0	SAVESTATE
1177680081663	0	SAVESTATE
1177680088935	0	SAVESTATE
1177680094927	0	SAVESTATE
1177680100103	0	SAVESTATE
1177680106150	0	SAVESTATE
1177680121932	0	SAVESTATE
1177680127932	0	SAVESTATE
1177680133932	0	SAVESTATE
1177680139934	0	SAVESTATE
1177680145935	0	SAVESTATE
1177680151938	0	SAVESTATE
1177680158150	0	SAVESTATE
1177680163948	0	SAVESTATE
1177680169949	0	SAVESTATE
1177680175950	0	SAVESTATE
1177680181962	0	SAVESTATE
1177680187962	0	SAVESTATE
1177680193964	0	SAVESTATE
1177680199964	0	SAVESTATE
1177680205977	0	SAVESTATE
1177680211979	0	SAVESTATE
1177680222259	0	SAVESTATE
1177680228633	0	SAVESTATE
1177680234603	0	SAVESTATE
1177680240675	0	SAVESTATE
1177680247242	0	SAVESTATE
1177680253594	0	SAVESTATE
1177680258968	0	SAVESTATE
1177680264705	0	SAVESTATE
1177680270625	0	SAVESTATE
1177680276353	0	SAVESTATE
1177680282720	0	SAVESTATE
1177680288122	0	SAVESTATE
1177680294274	0	SAVESTATE
1177680300203	0	SAVESTATE
1177680306017	0	SAVESTATE
1177680312385	0	SAVESTATE
1177680318717	0	SAVESTATE
1177680324718	0	SAVESTATE
1177680330732	0	SAVESTATE
1177680336741	0	SAVESTATE
1177680342743	0	SAVESTATE
1177680348743	0	SAVESTATE
1177680354955	0	SAVESTATE
1177680360757	0	SAVESTATE
1177680366756	0	SAVESTATE
1177680372760	0	SAVESTATE
1177680378758	0	SAVESTATE
1177680384760	0	SAVESTATE
1177680390762	0	SAVESTATE
1177680396762	0	SAVESTATE
1177680402762	0	SAVESTATE
1177680408764	0	SAVESTATE
1177680420126	0	SAVESTATE
1177680425038	0	SAVESTATE
1177680430205	0	SAVESTATE
1177680436883	0	SAVESTATE
1177680441788	0	SAVESTATE
1177680448908	0	SAVESTATE
1177680455564	0	SAVESTATE
1177680460499	0	SAVESTATE
1177680466515	0	SAVESTATE
1177680471650	0	SAVESTATE
1177680478403	0	SAVESTATE
1177680484547	0	SAVESTATE
1177680491961	0	SAVESTATE
1177680495977	0	SAVESTATE
1177680503225	0	SAVESTATE
1177680507426	0	SAVESTATE
1177680514408	0	SAVESTATE
1177680520408	0	SAVESTATE
1177680526409	0	SAVESTATE
1177680532410	0	SAVESTATE
1177680538411	0	SAVESTATE
1177680544413	0	SAVESTATE
1177680550423	0	SAVESTATE
1177680556644	0	SAVESTATE
1177680562425	0	SAVESTATE
1177680568435	0	SAVESTATE
1177680574436	0	SAVESTATE
1177680580436	0	SAVESTATE
1177680586448	0	SAVESTATE
1177680592460	0	SAVESTATE
1177680598459	0	SAVESTATE
1177680604461	0	SAVESTATE
1177680614574	0	SAVESTATE
1177680620422	0	SAVESTATE
1177680626750	0	SAVESTATE
1177680633982	0	SAVESTATE
1177680639732	0	SAVESTATE
1177680645397	0	SAVESTATE
1177680650445	0	SAVESTATE
1177680657414	0	SAVESTATE
1177680663733	0	SAVESTATE
1177680669892	0	SAVESTATE
1177680675971	0	SAVESTATE
1177680680771	0	SAVESTATE
1177680687924	0	SAVESTATE
1177680694109	0	SAVESTATE
1177680699380	0	SAVESTATE
1177680705268	0	SAVESTATE
1177680710120	0	SAVESTATE
1177680716121	0	SAVESTATE
1177680722136	0	SAVESTATE
1177680728144	0	SAVESTATE
1177680734146	0	SAVESTATE
1177680740146	0	SAVESTATE
1177680746147	0	SAVESTATE
1177680752318	0	SAVESTATE
1177680758149	0	SAVESTATE
1177680764159	0	SAVESTATE
1177680770159	0	SAVESTATE
1177680776160	0	SAVESTATE
1177680782162	0	SAVESTATE
1177680788161	0	SAVESTATE
1177680794173	0	SAVESTATE
1177680800174	0	SAVESTATE
1177680810745	0	SAVESTATE
1177680815552	0	SAVESTATE
1177680821879	0	SAVESTATE
1177680827814	0	SAVESTATE
1177680833551	0	SAVESTATE
1177680839767	0	SAVESTATE
1177680846185	0	SAVESTATE
1177680852247	0	SAVESTATE
1177680858973	0	SAVESTATE
1177680863989	0	SAVESTATE
1177680872191	0	SAVESTATE
1177680876518	0	SAVESTATE
1177680881844	0	SAVESTATE
1177680888502	0	SAVESTATE
1177680894117	0	SAVESTATE
1177680901598	0	SAVESTATE
1177680905753	0	SAVESTATE
1177680911754	0	SAVESTATE
1177680917755	0	SAVESTATE
1177680923769	0	SAVESTATE
1177680929769	0	SAVESTATE
1177680935770	0	SAVESTATE
1177680941771	0	SAVESTATE
1177680947772	0	SAVESTATE
1177680953923	0	SAVESTATE
1177680959785	0	SAVESTATE
1177680965786	0	SAVESTATE
1177680971795	0	SAVESTATE
1177680977795	0	SAVESTATE
1177680983796	0	SAVESTATE
1177680989807	0	SAVESTATE
1177680995807	0	SAVESTATE
1177681004969	0	SAVESTATE
1177681012129	0	SAVESTATE
1177681017944	0	SAVESTATE
1177681023330	0	SAVESTATE
1177681029656	0	SAVESTATE
1177681035585	0	SAVESTATE
1177681041088	0	SAVESTATE
1177681047967	0	SAVESTATE
1177681054145	0	SAVESTATE
1177681060055	0	SAVESTATE
1177681066608	0	SAVESTATE
1177681071240	0	SAVESTATE
1177681077367	0	SAVESTATE
1177681084136	0	SAVESTATE
1177681090951	0	SAVESTATE
1177681096294	0	SAVESTATE
1177681101131	0	SAVESTATE
1177681107132	0	SAVESTATE
1177681113134	0	SAVESTATE
1177681119134	0	SAVESTATE
1177681125137	0	SAVESTATE
1177681131136	0	SAVESTATE
1177681137137	0	SAVESTATE
1177681143139	0	SAVESTATE
1177681149151	0	SAVESTATE
1177681155521	0	SAVESTATE
1177681161199	0	SAVESTATE
1177681167200	0	SAVESTATE
1177681173213	0	SAVESTATE
1177681179213	0	SAVESTATE
1177681185223	0	SAVESTATE
1177681191225	0	SAVESTATE
1177681200890	0	SAVESTATE
1177681208204	0	SAVESTATE
1177681213314	0	SAVESTATE
1177681218985	0	SAVESTATE
1177681224556	0	SAVESTATE
1177681230849	0	SAVESTATE
1177681236834	0	SAVESTATE
1177681242594	0	SAVESTATE
1177681249498	0	SAVESTATE
1177681254969	0	SAVESTATE
1177681262762	0	SAVESTATE
1177681267033	0	SAVESTATE
1177681274631	0	SAVESTATE
1177681279289	0	SAVESTATE
1177681284672	0	SAVESTATE
1177681291146	0	SAVESTATE
1177681297535	0	SAVESTATE
1177681303534	0	SAVESTATE
1177681309535	0	SAVESTATE
1177681315536	0	SAVESTATE
1177681321538	0	SAVESTATE
1177681327549	0	SAVESTATE
1177681333548	0	SAVESTATE
1177681339549	0	SAVESTATE
1177681345550	0	SAVESTATE
1177681351843	0	SAVESTATE
1177681357562	0	SAVESTATE
1177681363563	0	SAVESTATE
1177681369564	0	SAVESTATE
1177681375565	0	SAVESTATE
1177681381578	0	SAVESTATE
1177681387581	0	SAVESTATE
1177681398005	0	SAVESTATE
1177681405276	0	SAVESTATE
1177681410220	0	SAVESTATE
1177681414517	0	SAVESTATE
1177681421899	0	SAVESTATE
1177681427388	0	SAVESTATE
1177681433076	0	SAVESTATE
1177681440834	0	SAVESTATE
1177681444819	0	SAVESTATE
1177681450610	0	SAVESTATE
1177681457163	0	SAVESTATE
1177681465058	0	SAVESTATE
1177681472130	0	SAVESTATE
1177681477012	0	SAVESTATE
1177681481242	0	SAVESTATE
1177681488994	0	SAVESTATE
1177681493305	0	SAVESTATE
1177681499305	0	SAVESTATE
1177681505317	0	SAVESTATE
1177681511318	0	SAVESTATE
1177681517319	0	SAVESTATE
1177681523321	0	SAVESTATE
1177681529321	0	SAVESTATE
1177681535336	0	SAVESTATE
1177681541336	0	SAVESTATE
1177681547337	0	SAVESTATE
1177681553682	0	SAVESTATE
1177681559339	0	SAVESTATE
1177681565350	0	SAVESTATE
1177681571351	0	SAVESTATE
1177681577352	0	SAVESTATE
1177681583353	0	SAVESTATE
1177681592822	0	SAVESTATE
1177681599111	0	SAVESTATE
1177681605828	0	SAVESTATE
1177681610077	0	SAVESTATE
1177681616701	0	SAVESTATE
1177681622429	0	SAVESTATE
1177681628630	0	SAVESTATE
1177681635405	0	SAVESTATE
1177681640867	0	SAVESTATE
1177681647380	0	SAVESTATE
1177681652995	0	SAVESTATE
1177681658501	0	SAVESTATE
1177681664173	0	SAVESTATE
1177681671987	0	SAVESTATE
1177681677898	0	SAVESTATE
1177681683412	0	SAVESTATE
1177681688177	0	SAVESTATE
1177681694317	0	SAVESTATE
1177681700188	0	SAVESTATE
1177681706187	0	SAVESTATE
1177681712189	0	SAVESTATE
1177681718189	0	SAVESTATE
1177681724190	0	SAVESTATE
1177681730192	0	SAVESTATE
1177681736192	0	SAVESTATE
1177681742193	0	SAVESTATE
1177681748206	0	SAVESTATE
1177681754206	0	SAVESTATE
1177681760488	0	SAVESTATE
1177681766227	0	SAVESTATE
1177681772228	0	SAVESTATE
1177681778231	0	SAVESTATE
1177681788039	0	SAVESTATE
1177681794273	0	SAVESTATE
1177681801815	0	SAVESTATE
1177681805712	0	SAVESTATE
1177681811766	0	SAVESTATE
1177681817038	0	SAVESTATE
1177681822990	0	SAVESTATE
1177681829830	0	SAVESTATE
1177681835056	0	SAVESTATE
1177681841118	0	SAVESTATE
1177681848262	0	SAVESTATE
1177681853868	0	SAVESTATE
1177681858941	0	SAVESTATE
1177681865742	0	SAVESTATE
1177681871189	0	SAVESTATE
1177681877676	0	SAVESTATE
1177682028560	0	SAVESTATE
1177682028589	0	EXIT
1177682028661	0	E	Logging Ends
