1160145502661	0	B	Logging Begins
1160145502661	0	INSTRUCTIONSTART	JointRoller	/usr/lib/python2.4/site-packages/pyepl/resources/vera.ttf	30	(1.000000, 1.000000, 1.000000, 1.000000)	"In the following experiment, your memory for associating names with faces will be tested.  The experiment will be divided into two halves, with each half testing you on a completely different set of names and faces.  After the first half, there will be a short break.\n\nThe procedure will be the same for each half.  Eight faces will be presented on the screen, consecutively, accompanied by their names.  A woman's voice will also speak the name when the face appears on the screen.  After five seconds, the face will disappear from the screen, a star (*) will flash on the screen for one second, and then the next face and name will appear.\n\nAfter you have seen all eight faces and names, you will be prompted to press any key in order to move on to a testing period.  During each trial of the testing period, you will see a face with a question mark (?) underneath it.  You will have to try and recall the name that goes with the face, and speak it out loud.  After five seconds the face will disappear from the screen, a star will flash on the screen for one second, and then the next face will appear with a question mark underneath it.\n\nFor each half, there will be ten study periods and ten test periods, alternating.  Each face will have the same name over the entire course of the half, so your task is to try and learn the faces' names as quickly and accurately as possible, and to be able to recall them as quickly and accurately as possible.\n\nDuring the test phase, do not worry if you make a mistake and recall the wrong name accidentally.  There is no penalty.  Also, if you are in the middle of recalling a name and the experiment moves on to the next face, do not stop yourself; continue speaking the name.  However, once the next face appears on the screen, you should give up trying to recall the last face and concentrate on the new one.\n\nDo you have any questions?\n\nPress <ENTER> to continue."
1160145502674	1	INSTRUCTIONSCROLL	0
1160145516767	1	INSTRUCTIONSCROLL	1
1160145516781	1	INSTRUCTIONSCROLL	3
1160145516794	1	INSTRUCTIONSCROLL	6
1160145516807	1	INSTRUCTIONSCROLL	8
1160145516821	1	INSTRUCTIONSCROLL	11
1160145516834	1	INSTRUCTIONSCROLL	14
1160145516847	1	INSTRUCTIONSCROLL	16
1160145516861	1	INSTRUCTIONSCROLL	19
1160145516874	1	INSTRUCTIONSCROLL	22
1160145516887	1	INSTRUCTIONSCROLL	24
1160145516901	1	INSTRUCTIONSCROLL	27
1160145516914	1	INSTRUCTIONSCROLL	30
1160145516927	1	INSTRUCTIONSCROLL	32
1160145517314	1	INSTRUCTIONSCROLL	33
1160145517327	1	INSTRUCTIONSCROLL	35
1160145517341	1	INSTRUCTIONSCROLL	37
1160145517354	1	INSTRUCTIONSCROLL	40
1160145517367	1	INSTRUCTIONSCROLL	43
1160145517381	1	INSTRUCTIONSCROLL	45
1160145517394	1	INSTRUCTIONSCROLL	48
1160145517407	1	INSTRUCTIONSCROLL	51
1160145517421	1	INSTRUCTIONSCROLL	53
1160145517434	1	INSTRUCTIONSCROLL	56
1160145517447	1	INSTRUCTIONSCROLL	59
1160145517461	1	INSTRUCTIONSCROLL	61
1160145517474	1	INSTRUCTIONSCROLL	64
1160145518727	1	INSTRUCTIONSCROLL	65
1160145518741	1	INSTRUCTIONSCROLL	67
1160145518754	1	INSTRUCTIONSCROLL	70
1160145518767	1	INSTRUCTIONSCROLL	72
1160145518781	1	INSTRUCTIONSCROLL	75
1160145518794	1	INSTRUCTIONSCROLL	78
1160145518807	1	INSTRUCTIONSCROLL	80
1160145518821	1	INSTRUCTIONSCROLL	83
1160145518834	1	INSTRUCTIONSCROLL	86
1160145518847	1	INSTRUCTIONSCROLL	88
1160145518861	1	INSTRUCTIONSCROLL	91
1160145518874	1	INSTRUCTIONSCROLL	94
1160145519087	1	INSTRUCTIONSCROLL	95
1160145519101	1	INSTRUCTIONSCROLL	96
1160145519114	1	INSTRUCTIONSCROLL	98
1160145519127	1	INSTRUCTIONSCROLL	101
1160145519141	1	INSTRUCTIONSCROLL	103
1160145519154	1	INSTRUCTIONSCROLL	106
1160145519167	1	INSTRUCTIONSCROLL	109
1160145519181	1	INSTRUCTIONSCROLL	111
1160145519194	1	INSTRUCTIONSCROLL	114
1160145519207	1	INSTRUCTIONSCROLL	117
1160145519221	1	INSTRUCTIONSCROLL	119
1160145519234	1	INSTRUCTIONSCROLL	122
1160145519434	1	INSTRUCTIONSCROLL	123
1160145519447	1	INSTRUCTIONSCROLL	124
1160145519461	1	INSTRUCTIONSCROLL	126
1160145519474	1	INSTRUCTIONSCROLL	129
1160145519487	1	INSTRUCTIONSCROLL	132
1160145519501	1	INSTRUCTIONSCROLL	134
1160145519514	1	INSTRUCTIONSCROLL	137
1160145519527	1	INSTRUCTIONSCROLL	140
1160145519541	1	INSTRUCTIONSCROLL	142
1160145519554	1	INSTRUCTIONSCROLL	145
1160145519567	1	INSTRUCTIONSCROLL	148
1160145519581	1	INSTRUCTIONSCROLL	150
1160145519594	1	INSTRUCTIONSCROLL	153
1160145519607	1	INSTRUCTIONSCROLL	156
1160145519847	1	INSTRUCTIONSCROLL	157
1160145519861	1	INSTRUCTIONSCROLL	158
1160145519874	1	INSTRUCTIONSCROLL	161
1160145519887	1	INSTRUCTIONSCROLL	164
1160145519901	1	INSTRUCTIONSCROLL	166
1160145519914	1	INSTRUCTIONSCROLL	169
1160145519927	1	INSTRUCTIONSCROLL	172
1160145519941	1	INSTRUCTIONSCROLL	174
1160145519954	1	INSTRUCTIONSCROLL	177
1160145519966	1	INSTRUCTIONSCROLL	180
1160145519980	1	INSTRUCTIONSCROLL	182
1160145519993	1	INSTRUCTIONSCROLL	185
1160145520007	1	INSTRUCTIONSCROLL	187
1160145520021	1	INSTRUCTIONSCROLL	190
1160145520607	1	INSTRUCTIONSCROLL	191
1160145520621	1	INSTRUCTIONSCROLL	192
1160145520634	1	INSTRUCTIONSCROLL	195
1160145520647	1	INSTRUCTIONSCROLL	197
1160145520661	1	INSTRUCTIONSCROLL	200
1160145520674	1	INSTRUCTIONSCROLL	203
1160145520687	1	INSTRUCTIONSCROLL	205
1160145520701	1	INSTRUCTIONSCROLL	208
1160145520714	1	INSTRUCTIONSCROLL	211
1160145520727	1	INSTRUCTIONSCROLL	213
1160145520741	1	INSTRUCTIONSCROLL	216
1160145520754	1	INSTRUCTIONSCROLL	219
1160145520767	1	INSTRUCTIONSCROLL	221
1160145521007	1	INSTRUCTIONSCROLL	222
1160145521021	1	INSTRUCTIONSCROLL	225
1160145521034	1	INSTRUCTIONSCROLL	228
1160145521047	1	INSTRUCTIONSCROLL	231
1160145521061	1	INSTRUCTIONSCROLL	233
1160145521074	1	INSTRUCTIONSCROLL	236
1160145521087	1	INSTRUCTIONSCROLL	239
1160145521101	1	INSTRUCTIONSCROLL	241
1160145521114	1	INSTRUCTIONSCROLL	244
1160145521127	1	INSTRUCTIONSCROLL	247
1160145521141	1	INSTRUCTIONSCROLL	249
1160145521154	1	INSTRUCTIONSCROLL	252
1160145521167	1	INSTRUCTIONSCROLL	255
1160145524461	1	INSTRUCTIONSCROLL	256
1160145524474	1	INSTRUCTIONSCROLL	259
1160145524487	1	INSTRUCTIONSCROLL	261
1160145524501	1	INSTRUCTIONSCROLL	264
1160145524514	1	INSTRUCTIONSCROLL	267
1160145524527	1	INSTRUCTIONSCROLL	269
1160145524541	1	INSTRUCTIONSCROLL	272
1160145524554	1	INSTRUCTIONSCROLL	275
1160145524567	1	INSTRUCTIONSCROLL	278
1160145524581	1	INSTRUCTIONSCROLL	280
1160145524594	1	INSTRUCTIONSCROLL	283
1160145524607	1	INSTRUCTIONSCROLL	286
1160145524794	1	INSTRUCTIONSCROLL	287
1160145524807	1	INSTRUCTIONSCROLL	288
1160145524821	1	INSTRUCTIONSCROLL	291
1160145524834	1	INSTRUCTIONSCROLL	293
1160145524847	1	INSTRUCTIONSCROLL	296
1160145524861	1	INSTRUCTIONSCROLL	299
1160145524874	1	INSTRUCTIONSCROLL	301
1160145524887	1	INSTRUCTIONSCROLL	304
1160145524901	1	INSTRUCTIONSCROLL	307
1160145524914	1	INSTRUCTIONSCROLL	309
1160145524927	1	INSTRUCTIONSCROLL	312
1160145525087	1	INSTRUCTIONSCROLL	313
1160145525101	1	INSTRUCTIONSCROLL	316
1160145525114	1	INSTRUCTIONSCROLL	319
1160145525127	1	INSTRUCTIONSCROLL	321
1160145525141	1	INSTRUCTIONSCROLL	324
1160145525154	1	INSTRUCTIONSCROLL	327
1160145525167	1	INSTRUCTIONSCROLL	329
1160145525301	1	INSTRUCTIONSCROLL	330
1160145525314	1	INSTRUCTIONSCROLL	332
1160145525327	1	INSTRUCTIONSCROLL	334
1160145525341	1	INSTRUCTIONSCROLL	337
1160145525354	1	INSTRUCTIONSCROLL	340
1160145525367	1	INSTRUCTIONSCROLL	342
1160145525381	1	INSTRUCTIONSCROLL	345
1160145525394	1	INSTRUCTIONSCROLL	348
1160145525501	1	INSTRUCTIONSCROLL	349
1160145525514	1	INSTRUCTIONSCROLL	351
1160145525527	1	INSTRUCTIONSCROLL	354
1160145525541	1	INSTRUCTIONSCROLL	356
1160145525554	1	INSTRUCTIONSCROLL	359
1160145525567	1	INSTRUCTIONSCROLL	362
1160145525581	1	INSTRUCTIONSCROLL	364
1160145525594	1	INSTRUCTIONSCROLL	367
1160145525701	1	INSTRUCTIONSCROLL	368
1160145525714	1	INSTRUCTIONSCROLL	369
1160145525727	1	INSTRUCTIONSCROLL	371
1160145525741	1	INSTRUCTIONSCROLL	374
1160145525754	1	INSTRUCTIONSCROLL	377
1160145525767	1	INSTRUCTIONSCROLL	379
1160145525781	1	INSTRUCTIONSCROLL	382
1160145525887	1	INSTRUCTIONSCROLL	383
1160145525901	1	INSTRUCTIONSCROLL	385
1160145525914	1	INSTRUCTIONSCROLL	388
1160145525927	1	INSTRUCTIONSCROLL	391
1160145525941	1	INSTRUCTIONSCROLL	393
1160145525954	1	INSTRUCTIONSCROLL	396
1160145525966	1	INSTRUCTIONSCROLL	399
1160145525980	1	INSTRUCTIONSCROLL	401
1160145525993	1	INSTRUCTIONSCROLL	404
1160145526007	1	INSTRUCTIONSCROLL	406
1160145526127	1	INSTRUCTIONSCROLL	407
1160145526141	1	INSTRUCTIONSCROLL	409
1160145526154	1	INSTRUCTIONSCROLL	412
1160145526167	1	INSTRUCTIONSCROLL	414
1160145526181	1	INSTRUCTIONSCROLL	417
1160145526194	1	INSTRUCTIONSCROLL	420
1160145526207	1	INSTRUCTIONSCROLL	422
1160145526301	1	INSTRUCTIONSCROLL	423
1160145526314	1	INSTRUCTIONSCROLL	424
1160145526327	1	INSTRUCTIONSCROLL	427
1160145526341	1	INSTRUCTIONSCROLL	429
1160145526354	1	INSTRUCTIONSCROLL	432
1160145526367	1	INSTRUCTIONSCROLL	435
1160145526381	1	INSTRUCTIONSCROLL	437
1160145526394	1	INSTRUCTIONSCROLL	440
1160145526407	1	INSTRUCTIONSCROLL	443
1160145526421	1	INSTRUCTIONSCROLL	445
1160145526527	1	INSTRUCTIONSCROLL	446
1160145526541	1	INSTRUCTIONSCROLL	448
1160145526554	1	INSTRUCTIONSCROLL	450
1160145526567	1	INSTRUCTIONSCROLL	453
1160145526581	1	INSTRUCTIONSCROLL	456
1160145526594	1	INSTRUCTIONSCROLL	458
1160145526607	1	INSTRUCTIONSCROLL	461
1160145526621	1	INSTRUCTIONSCROLL	464
1160145526634	1	INSTRUCTIONSCROLL	466
1160145526727	1	INSTRUCTIONSCROLL	467
1160145526741	1	INSTRUCTIONSCROLL	468
1160145526754	1	INSTRUCTIONSCROLL	470
1160145526767	1	INSTRUCTIONSCROLL	473
1160145526781	1	INSTRUCTIONSCROLL	476
1160145526794	1	INSTRUCTIONSCROLL	478
1160145526807	1	INSTRUCTIONSCROLL	481
1160145526821	1	INSTRUCTIONSCROLL	484
1160145526834	1	INSTRUCTIONSCROLL	486
1160145526847	1	INSTRUCTIONSCROLL	489
1160145526966	1	INSTRUCTIONSCROLL	490
1160145526980	1	INSTRUCTIONSCROLL	493
1160145526993	1	INSTRUCTIONSCROLL	495
1160145527007	1	INSTRUCTIONSCROLL	498
1160145527021	1	INSTRUCTIONSCROLL	501
1160145527034	1	INSTRUCTIONSCROLL	504
1160145527047	1	INSTRUCTIONSCROLL	506
1160145527194	1	INSTRUCTIONSCROLL	507
1160145527207	1	INSTRUCTIONSCROLL	510
1160145527221	1	INSTRUCTIONSCROLL	512
1160145527234	1	INSTRUCTIONSCROLL	515
1160145527247	1	INSTRUCTIONSCROLL	518
1160145527261	1	INSTRUCTIONSCROLL	520
1160145527274	1	INSTRUCTIONSCROLL	523
1160145527287	1	INSTRUCTIONSCROLL	526
1160145527407	1	INSTRUCTIONSCROLL	527
1160145527421	1	INSTRUCTIONSCROLL	528
1160145527434	1	INSTRUCTIONSCROLL	531
1160145527447	1	INSTRUCTIONSCROLL	533
1160145527461	1	INSTRUCTIONSCROLL	536
1160145527474	1	INSTRUCTIONSCROLL	539
1160145527487	1	INSTRUCTIONSCROLL	541
1160145527501	1	INSTRUCTIONSCROLL	544
1160145527514	1	INSTRUCTIONSCROLL	547
1160145534701	1	INSTRUCTIONSCROLL	548
1160145534714	1	INSTRUCTIONSCROLL	549
1160145534727	1	INSTRUCTIONSCROLL	551
1160145534741	1	INSTRUCTIONSCROLL	554
1160145534754	1	INSTRUCTIONSCROLL	557
1160145534767	1	INSTRUCTIONSCROLL	559
1160145534781	1	INSTRUCTIONSCROLL	562
1160145534794	1	INSTRUCTIONSCROLL	565
1160145534807	1	INSTRUCTIONSCROLL	567
1160145534821	1	INSTRUCTIONSCROLL	570
1160145534834	1	INSTRUCTIONSCROLL	573
1160145535034	1	INSTRUCTIONSCROLL	574
1160145535047	1	INSTRUCTIONSCROLL	575
1160145535061	1	INSTRUCTIONSCROLL	578
1160145535074	1	INSTRUCTIONSCROLL	580
1160145535087	1	INSTRUCTIONSCROLL	583
1160145535101	1	INSTRUCTIONSCROLL	586
1160145535114	1	INSTRUCTIONSCROLL	588
1160145535127	1	INSTRUCTIONSCROLL	591
1160145535141	1	INSTRUCTIONSCROLL	594
1160145535154	1	INSTRUCTIONSCROLL	596
1160145535314	1	INSTRUCTIONSCROLL	597
1160145535327	1	INSTRUCTIONSCROLL	598
1160145535341	1	INSTRUCTIONSCROLL	600
1160145535354	1	INSTRUCTIONSCROLL	603
1160145535367	1	INSTRUCTIONSCROLL	606
1160145535381	1	INSTRUCTIONSCROLL	608
1160145535394	1	INSTRUCTIONSCROLL	611
1160145535407	1	INSTRUCTIONSCROLL	614
1160145535421	1	INSTRUCTIONSCROLL	616
1160145535434	1	INSTRUCTIONSCROLL	619
1160145535447	1	INSTRUCTIONSCROLL	622
1160145535461	1	INSTRUCTIONSCROLL	624
1160145535581	1	INSTRUCTIONSCROLL	625
1160145535594	1	INSTRUCTIONSCROLL	627
1160145535607	1	INSTRUCTIONSCROLL	629
1160145535621	1	INSTRUCTIONSCROLL	632
1160145535634	1	INSTRUCTIONSCROLL	635
1160145535647	1	INSTRUCTIONSCROLL	637
1160145535661	1	INSTRUCTIONSCROLL	640
1160145535674	1	INSTRUCTIONSCROLL	643
1160145535687	1	INSTRUCTIONSCROLL	645
1160145535701	1	INSTRUCTIONSCROLL	648
1160145535714	1	INSTRUCTIONSCROLL	651
1160145535727	1	INSTRUCTIONSCROLL	653
1160145535874	1	INSTRUCTIONSCROLL	654
1160145535887	1	INSTRUCTIONSCROLL	656
1160145535901	1	INSTRUCTIONSCROLL	659
1160145535914	1	INSTRUCTIONSCROLL	661
1160145535927	1	INSTRUCTIONSCROLL	664
1160145535941	1	INSTRUCTIONSCROLL	667
1160145535954	1	INSTRUCTIONSCROLL	669
1160145535966	1	INSTRUCTIONSCROLL	672
1160145535980	1	INSTRUCTIONSCROLL	675
1160145535993	1	INSTRUCTIONSCROLL	677
1160145536007	1	INSTRUCTIONSCROLL	680
1160145536354	1	INSTRUCTIONSCROLL	681
1160145536367	1	INSTRUCTIONSCROLL	682
1160145536381	1	INSTRUCTIONSCROLL	685
1160145536394	1	INSTRUCTIONSCROLL	688
1160145536407	1	INSTRUCTIONSCROLL	690
1160145536421	1	INSTRUCTIONSCROLL	693
1160145536434	1	INSTRUCTIONSCROLL	696
1160145536447	1	INSTRUCTIONSCROLL	698
1160145536461	1	INSTRUCTIONSCROLL	701
1160145536474	1	INSTRUCTIONSCROLL	704
1160145536487	1	INSTRUCTIONSCROLL	706
1160145536501	1	INSTRUCTIONSCROLL	709
1160145539287	1	INSTRUCTIONSCROLL	710
1160145539301	1	INSTRUCTIONSCROLL	712
1160145539314	1	INSTRUCTIONSCROLL	715
1160145539327	1	INSTRUCTIONSCROLL	718
1160145539341	1	INSTRUCTIONSCROLL	720
1160145539354	1	INSTRUCTIONSCROLL	723
1160145539367	1	INSTRUCTIONSCROLL	726
1160145539381	1	INSTRUCTIONSCROLL	728
1160145539394	1	INSTRUCTIONSCROLL	731
1160145539407	1	INSTRUCTIONSCROLL	734
1160145539421	1	INSTRUCTIONSCROLL	736
1160145539434	1	INSTRUCTIONSCROLL	739
1160145539594	1	INSTRUCTIONSCROLL	740
1160145539607	1	INSTRUCTIONSCROLL	743
1160145539621	1	INSTRUCTIONSCROLL	745
1160145539634	1	INSTRUCTIONSCROLL	748
1160145539647	1	INSTRUCTIONSCROLL	751
1160145539661	1	INSTRUCTIONSCROLL	753
1160145539674	1	INSTRUCTIONSCROLL	756
1160145539687	1	INSTRUCTIONSCROLL	759
1160145539701	1	INSTRUCTIONSCROLL	761
1160145539887	1	INSTRUCTIONSCROLL	762
1160145539901	1	INSTRUCTIONSCROLL	765
1160145539914	1	INSTRUCTIONSCROLL	768
1160145539927	1	INSTRUCTIONSCROLL	770
1160145539941	1	INSTRUCTIONSCROLL	773
1160145539954	1	INSTRUCTIONSCROLL	776
1160145539966	1	INSTRUCTIONSCROLL	778
1160145539980	1	INSTRUCTIONSCROLL	781
1160145539993	1	INSTRUCTIONSCROLL	783
1160145540007	1	INSTRUCTIONSCROLL	786
1160145540167	1	INSTRUCTIONSCROLL	787
1160145540181	1	INSTRUCTIONSCROLL	789
1160145540194	1	INSTRUCTIONSCROLL	792
1160145540207	1	INSTRUCTIONSCROLL	794
1160145540221	1	INSTRUCTIONSCROLL	797
1160145540234	1	INSTRUCTIONSCROLL	800
1160145540247	1	INSTRUCTIONSCROLL	802
1160145540261	1	INSTRUCTIONSCROLL	805
1160145540274	1	INSTRUCTIONSCROLL	808
1160145540287	1	INSTRUCTIONSCROLL	810
1160145540301	1	INSTRUCTIONSCROLL	813
1160145541421	1	INSTRUCTIONSCROLL	814
1160145541434	1	INSTRUCTIONSCROLL	816
1160145541447	1	INSTRUCTIONSCROLL	818
1160145541461	1	INSTRUCTIONSCROLL	821
1160145541474	1	INSTRUCTIONSCROLL	824
1160145541487	1	INSTRUCTIONSCROLL	826
1160145541501	1	INSTRUCTIONSCROLL	829
1160145541514	1	INSTRUCTIONSCROLL	832
1160145541527	1	INSTRUCTIONSCROLL	834
1160145541541	1	INSTRUCTIONSCROLL	837
1160145541661	1	INSTRUCTIONSCROLL	838
1160145541674	1	INSTRUCTIONSCROLL	839
1160145541687	1	INSTRUCTIONSCROLL	841
1160145541701	1	INSTRUCTIONSCROLL	844
1160145541714	1	INSTRUCTIONSCROLL	847
1160145541727	1	INSTRUCTIONSCROLL	849
1160145541741	1	INSTRUCTIONSCROLL	852
1160145541754	1	INSTRUCTIONSCROLL	855
1160145541767	1	INSTRUCTIONSCROLL	857
1160145541781	1	INSTRUCTIONSCROLL	860
1160145541794	1	INSTRUCTIONSCROLL	863
1160145541901	1	INSTRUCTIONSCROLL	864
1160145541914	1	INSTRUCTIONSCROLL	867
1160145541927	1	INSTRUCTIONSCROLL	869
1160145541941	1	INSTRUCTIONSCROLL	872
1160145541954	1	INSTRUCTIONSCROLL	875
1160145541966	1	INSTRUCTIONSCROLL	877
1160145541980	1	INSTRUCTIONSCROLL	880
1160145541993	1	INSTRUCTIONSCROLL	882
1160145542007	1	INSTRUCTIONSCROLL	885
1160145542087	1	INSTRUCTIONSCROLL	886
1160145542101	1	INSTRUCTIONSCROLL	887
1160145542114	1	INSTRUCTIONSCROLL	889
1160145542127	1	INSTRUCTIONSCROLL	892
1160145542141	1	INSTRUCTIONSCROLL	895
1160145542154	1	INSTRUCTIONSCROLL	897
1160145542167	1	INSTRUCTIONSCROLL	900
1160145542181	1	INSTRUCTIONSCROLL	903
1160145542194	1	INSTRUCTIONSCROLL	905
1160145542207	1	INSTRUCTIONSCROLL	908
1160145542327	1	INSTRUCTIONSCROLL	909
1160145542341	1	INSTRUCTIONSCROLL	910
1160145542354	1	INSTRUCTIONSCROLL	913
1160145542367	1	INSTRUCTIONSCROLL	915
1160145542381	1	INSTRUCTIONSCROLL	918
1160145542394	1	INSTRUCTIONSCROLL	921
1160145542554	1	INSTRUCTIONSCROLL	922
1160145542567	1	INSTRUCTIONSCROLL	924
1160145542581	1	INSTRUCTIONSCROLL	927
1160145542594	1	INSTRUCTIONSCROLL	930
1160145542607	1	INSTRUCTIONSCROLL	932
1160145542621	1	INSTRUCTIONSCROLL	935
1160145542754	1	INSTRUCTIONSCROLL	936
1160145542767	1	INSTRUCTIONSCROLL	938
1160145542781	1	INSTRUCTIONSCROLL	941
1160145542794	1	INSTRUCTIONSCROLL	943
1160145542807	1	INSTRUCTIONSCROLL	946
1160145542821	1	INSTRUCTIONSCROLL	949
1160145542834	1	INSTRUCTIONSCROLL	951
1160145542966	1	INSTRUCTIONSCROLL	952
1160145542980	1	INSTRUCTIONSCROLL	955
1160145542993	1	INSTRUCTIONSCROLL	957
1160145543007	1	INSTRUCTIONSCROLL	960
1160145543021	1	INSTRUCTIONSCROLL	963
1160145543034	1	INSTRUCTIONSCROLL	966
1160145543207	1	INSTRUCTIONSCROLL	967
1160145543221	1	INSTRUCTIONSCROLL	969
1160145543234	1	INSTRUCTIONSCROLL	971
1160145543247	1	INSTRUCTIONSCROLL	974
1160145543261	1	INSTRUCTIONSCROLL	977
1160145543274	1	INSTRUCTIONSCROLL	979
1160145543287	1	INSTRUCTIONSCROLL	982
1160145543301	1	INSTRUCTIONSCROLL	985
1160145543314	1	INSTRUCTIONSCROLL	987
1160145543447	1	INSTRUCTIONSCROLL	988
1160145543461	1	INSTRUCTIONSCROLL	991
1160145543474	1	INSTRUCTIONSCROLL	994
1160145543487	1	INSTRUCTIONSCROLL	996
1160145543501	1	INSTRUCTIONSCROLL	999
1160145543514	1	INSTRUCTIONSCROLL	1002
1160145543527	1	INSTRUCTIONSCROLL	1004
1160145543541	1	INSTRUCTIONSCROLL	1007
1160145543554	1	INSTRUCTIONSCROLL	1010
1160145543567	1	INSTRUCTIONSCROLL	1012
1160145547194	1	INSTRUCTIONSCROLL	1013
1160145547208	1	INSTRUCTIONSCROLL	1016
1160145547221	1	INSTRUCTIONSCROLL	1019
1160145547234	1	INSTRUCTIONSCROLL	1021
1160145547248	1	INSTRUCTIONSCROLL	1024
1160145547261	1	INSTRUCTIONSCROLL	1027
1160145547274	1	INSTRUCTIONSCROLL	1029
1160145547288	1	INSTRUCTIONSCROLL	1032
1160145547301	1	INSTRUCTIONSCROLL	1035
1160145547314	1	INSTRUCTIONSCROLL	1037
1160145547461	1	INSTRUCTIONSCROLL	1038
1160145547474	1	INSTRUCTIONSCROLL	1039
1160145547488	1	INSTRUCTIONSCROLL	1042
1160145547501	1	INSTRUCTIONSCROLL	1045
1160145547514	1	INSTRUCTIONSCROLL	1047
1160145547528	1	INSTRUCTIONSCROLL	1050
1160145547541	1	INSTRUCTIONSCROLL	1053
1160145547554	1	INSTRUCTIONSCROLL	1055
1160145547568	1	INSTRUCTIONSCROLL	1058
1160145547674	1	INSTRUCTIONSCROLL	1059
1160145547688	1	INSTRUCTIONSCROLL	1060
1160145547701	1	INSTRUCTIONSCROLL	1063
1160145547714	1	INSTRUCTIONSCROLL	1065
1160145547728	1	INSTRUCTIONSCROLL	1068
1160145547741	1	INSTRUCTIONSCROLL	1071
1160145547754	1	INSTRUCTIONSCROLL	1073
1160145547768	1	INSTRUCTIONSCROLL	1076
1160145547781	1	INSTRUCTIONSCROLL	1079
1160145547901	1	INSTRUCTIONSCROLL	1080
1160145547914	1	INSTRUCTIONSCROLL	1082
1160145547928	1	INSTRUCTIONSCROLL	1085
1160145547941	1	INSTRUCTIONSCROLL	1088
1160145547954	1	INSTRUCTIONSCROLL	1090
1160145547967	1	INSTRUCTIONSCROLL	1093
1160145547980	1	INSTRUCTIONSCROLL	1095
1160145548127	1	INSTRUCTIONSCROLL	1096
1160145548141	1	INSTRUCTIONSCROLL	1097
1160145548154	1	INSTRUCTIONSCROLL	1100
1160145548167	1	INSTRUCTIONSCROLL	1103
1160145548181	1	INSTRUCTIONSCROLL	1105
1160145548194	1	INSTRUCTIONSCROLL	1108
1160145548208	1	INSTRUCTIONSCROLL	1111
1160145548221	1	INSTRUCTIONSCROLL	1113
1160145548234	1	INSTRUCTIONSCROLL	1116
1160145548381	1	INSTRUCTIONSCROLL	1117
1160145548394	1	INSTRUCTIONSCROLL	1118
1160145548408	1	INSTRUCTIONSCROLL	1120
1160145548421	1	INSTRUCTIONSCROLL	1123
1160145548434	1	INSTRUCTIONSCROLL	1126
1160145548448	1	INSTRUCTIONSCROLL	1128
1160145548461	1	INSTRUCTIONSCROLL	1131
1160145548474	1	INSTRUCTIONSCROLL	1134
1160145548488	1	INSTRUCTIONSCROLL	1136
1160145548501	1	INSTRUCTIONSCROLL	1139
1160145548621	1	INSTRUCTIONSCROLL	1140
1160145548634	1	INSTRUCTIONSCROLL	1141
1160145548648	1	INSTRUCTIONSCROLL	1144
1160145548661	1	INSTRUCTIONSCROLL	1146
1160145548674	1	INSTRUCTIONSCROLL	1149
1160145548688	1	INSTRUCTIONSCROLL	1152
1160145548701	1	INSTRUCTIONSCROLL	1154
1160145548714	1	INSTRUCTIONSCROLL	1157
1160145548728	1	INSTRUCTIONSCROLL	1160
1160145548741	1	INSTRUCTIONSCROLL	1162
1160145548754	1	INSTRUCTIONSCROLL	1165
1160145548768	1	INSTRUCTIONSCROLL	1168
1160145550101	1	INSTRUCTIONSCROLL	1169
1160145550114	1	INSTRUCTIONSCROLL	1171
1160145550128	1	INSTRUCTIONSCROLL	1174
1160145550141	1	INSTRUCTIONSCROLL	1177
1160145550154	1	INSTRUCTIONSCROLL	1179
1160145550168	1	INSTRUCTIONSCROLL	1182
1160145550288	1	INSTRUCTIONSCROLL	1183
1160145550301	1	INSTRUCTIONSCROLL	1186
1160145550314	1	INSTRUCTIONSCROLL	1189
1160145550328	1	INSTRUCTIONSCROLL	1191
1160145550341	1	INSTRUCTIONSCROLL	1194
1160145550354	1	INSTRUCTIONSCROLL	1197
1160145550368	1	INSTRUCTIONSCROLL	1199
1160145550474	1	INSTRUCTIONSCROLL	1200
1160145550488	1	INSTRUCTIONSCROLL	1202
1160145550501	1	INSTRUCTIONSCROLL	1205
1160145550514	1	INSTRUCTIONSCROLL	1208
1160145550528	1	INSTRUCTIONSCROLL	1210
1160145550541	1	INSTRUCTIONSCROLL	1213
1160145550554	1	INSTRUCTIONSCROLL	1216
1160145550661	1	INSTRUCTIONSCROLL	1217
1160145550674	1	INSTRUCTIONSCROLL	1218
1160145550688	1	INSTRUCTIONSCROLL	1221
1160145550701	1	INSTRUCTIONSCROLL	1224
1160145550714	1	INSTRUCTIONSCROLL	1226
1160145550728	1	INSTRUCTIONSCROLL	1229
1160145550741	1	INSTRUCTIONSCROLL	1232
1160145550821	1	INSTRUCTIONSCROLL	1233
1160145550834	1	INSTRUCTIONSCROLL	1234
1160145550848	1	INSTRUCTIONSCROLL	1237
1160145550861	1	INSTRUCTIONSCROLL	1240
1160145550874	1	INSTRUCTIONSCROLL	1242
1160145550888	1	INSTRUCTIONSCROLL	1245
1160145550901	1	INSTRUCTIONSCROLL	1248
1160145550914	1	INSTRUCTIONSCROLL	1250
1160145550928	1	INSTRUCTIONSCROLL	1253
1160145550941	1	INSTRUCTIONSCROLL	1255
1160145550954	1	INSTRUCTIONSCROLL	1258
1160145550967	1	INSTRUCTIONSCROLL	1261
1160145550980	1	INSTRUCTIONSCROLL	1263
1160145550993	1	INSTRUCTIONSCROLL	1266
1160145551008	1	INSTRUCTIONSCROLL	1268
1160145551021	1	INSTRUCTIONSCROLL	1271
1160145551034	1	INSTRUCTIONSCROLL	1274
1160145551048	1	INSTRUCTIONSCROLL	1277
1160145551061	1	INSTRUCTIONSCROLL	1279
1160145551074	1	INSTRUCTIONSCROLL	1282
1160145551088	1	INSTRUCTIONSCROLL	1285
1160145551101	1	INSTRUCTIONSCROLL	1287
1160145551114	1	INSTRUCTIONSCROLL	1290
1160145551128	1	INSTRUCTIONSCROLL	1293
1160145551141	1	INSTRUCTIONSCROLL	1295
1160145551154	1	INSTRUCTIONSCROLL	1298
1160145551168	1	INSTRUCTIONSCROLL	1301
1160145551181	1	INSTRUCTIONSCROLL	1303
1160145551194	1	INSTRUCTIONSCROLL	1306
1160145551208	1	INSTRUCTIONSCROLL	1309
1160145551221	1	INSTRUCTIONSCROLL	1311
1160145551234	1	INSTRUCTIONSCROLL	1314
1160145551248	1	INSTRUCTIONSCROLL	1317
1160145551261	1	INSTRUCTIONSCROLL	1319
1160145551274	1	INSTRUCTIONSCROLL	1322
1160145551288	1	INSTRUCTIONSCROLL	1325
1160145551301	1	INSTRUCTIONSCROLL	1327
1160145551314	1	INSTRUCTIONSCROLL	1330
1160145551328	1	INSTRUCTIONSCROLL	1333
1160145551341	1	INSTRUCTIONSCROLL	1335
1160145551354	1	INSTRUCTIONSCROLL	1338
1160145551368	1	INSTRUCTIONSCROLL	1341
1160145551381	1	INSTRUCTIONSCROLL	1343
1160145551394	1	INSTRUCTIONSCROLL	1346
1160145551408	1	INSTRUCTIONSCROLL	1349
1160145551421	1	INSTRUCTIONSCROLL	1351
1160145551434	1	INSTRUCTIONSCROLL	1354
1160145551448	1	INSTRUCTIONSCROLL	1357
1160145551461	1	INSTRUCTIONSCROLL	1359
1160145551474	1	INSTRUCTIONSCROLL	1362
1160145551488	1	INSTRUCTIONSCROLL	1365
1160145551501	1	INSTRUCTIONSCROLL	1367
1160145554021	1	INSTRUCTIONSCROLL	1368
1160145554034	1	INSTRUCTIONSCROLL	1370
1160145554048	1	INSTRUCTIONSCROLL	1373
1160145554061	1	INSTRUCTIONSCROLL	1376
1160145554074	1	INSTRUCTIONSCROLL	1378
1160145554088	1	INSTRUCTIONSCROLL	1381
1160145554101	1	INSTRUCTIONSCROLL	1384
1160145554114	1	INSTRUCTIONSCROLL	1386
1160145554261	1	INSTRUCTIONSCROLL	1387
1160145554274	1	INSTRUCTIONSCROLL	1389
1160145554288	1	INSTRUCTIONSCROLL	1392
1160145554301	1	INSTRUCTIONSCROLL	1394
1160145554314	1	INSTRUCTIONSCROLL	1397
1160145554328	1	INSTRUCTIONSCROLL	1400
1160145554341	1	INSTRUCTIONSCROLL	1402
1160145554354	1	INSTRUCTIONSCROLL	1405
1160145554488	1	INSTRUCTIONSCROLL	1406
1160145554501	1	INSTRUCTIONSCROLL	1407
1160145554514	1	INSTRUCTIONSCROLL	1409
1160145554528	1	INSTRUCTIONSCROLL	1412
1160145554541	1	INSTRUCTIONSCROLL	1415
1160145554554	1	INSTRUCTIONSCROLL	1417
1160145554568	1	INSTRUCTIONSCROLL	1420
1160145554581	1	INSTRUCTIONSCROLL	1423
1160145554594	1	INSTRUCTIONSCROLL	1425
1160145554608	1	INSTRUCTIONSCROLL	1428
1160145554621	1	INSTRUCTIONSCROLL	1431
1160145554688	1	INSTRUCTIONSCROLL	1432
1160145554701	1	INSTRUCTIONSCROLL	1434
1160145554714	1	INSTRUCTIONSCROLL	1436
1160145554728	1	INSTRUCTIONSCROLL	1439
1160145554741	1	INSTRUCTIONSCROLL	1442
1160145554754	1	INSTRUCTIONSCROLL	1444
1160145554768	1	INSTRUCTIONSCROLL	1447
1160145554781	1	INSTRUCTIONSCROLL	1450
1160145554794	1	INSTRUCTIONSCROLL	1452
1160145554808	1	INSTRUCTIONSCROLL	1455
1160145554821	1	INSTRUCTIONSCROLL	1458
1160145554834	1	INSTRUCTIONSCROLL	1460
1160145554848	1	INSTRUCTIONSCROLL	1463
1160145558141	1	INSTRUCTIONSCROLL	1464
1160145558154	1	INSTRUCTIONSCROLL	1467
1160145558168	1	INSTRUCTIONSCROLL	1469
1160145558181	1	INSTRUCTIONSCROLL	1472
1160145558194	1	INSTRUCTIONSCROLL	1475
1160145558208	1	INSTRUCTIONSCROLL	1477
1160145558221	1	INSTRUCTIONSCROLL	1480
1160145558234	1	INSTRUCTIONSCROLL	1483
1160145558248	1	INSTRUCTIONSCROLL	1485
1160145558261	1	INSTRUCTIONSCROLL	1488
1160145558274	1	INSTRUCTIONSCROLL	1491
1160145558421	1	INSTRUCTIONSCROLL	1492
1160145558434	1	INSTRUCTIONSCROLL	1495
1160145558448	1	INSTRUCTIONSCROLL	1498
1160145558461	1	INSTRUCTIONSCROLL	1500
1160145558474	1	INSTRUCTIONSCROLL	1503
1160145558488	1	INSTRUCTIONSCROLL	1506
1160145558501	1	INSTRUCTIONSCROLL	1508
1160145558514	1	INSTRUCTIONSCROLL	1511
1160145558528	1	INSTRUCTIONSCROLL	1514
1160145558648	1	INSTRUCTIONSCROLL	1515
1160145558661	1	INSTRUCTIONSCROLL	1517
1160145558674	1	INSTRUCTIONSCROLL	1519
1160145558688	1	INSTRUCTIONSCROLL	1522
1160145558701	1	INSTRUCTIONSCROLL	1525
1160145558714	1	INSTRUCTIONSCROLL	1527
1160145558728	1	INSTRUCTIONSCROLL	1530
1160145558741	1	INSTRUCTIONSCROLL	1533
1160145558754	1	INSTRUCTIONSCROLL	1535
1160145558768	1	INSTRUCTIONSCROLL	1538
1160145558874	1	INSTRUCTIONSCROLL	1539
1160145558888	1	INSTRUCTIONSCROLL	1540
1160145558901	1	INSTRUCTIONSCROLL	1543
1160145558914	1	INSTRUCTIONSCROLL	1545
1160145558928	1	INSTRUCTIONSCROLL	1548
1160145558941	1	INSTRUCTIONSCROLL	1551
1160145558954	1	INSTRUCTIONSCROLL	1553
1160145558967	1	INSTRUCTIONSCROLL	1556
1160145558980	1	INSTRUCTIONSCROLL	1559
1160145558993	1	INSTRUCTIONSCROLL	1561
1160145559488	1	INSTRUCTIONSCROLL	1562
1160145559501	1	INSTRUCTIONSCROLL	1563
1160145559514	1	INSTRUCTIONSCROLL	1566
1160145559528	1	INSTRUCTIONSCROLL	1568
1160145559541	1	INSTRUCTIONSCROLL	1571
1160145559554	1	INSTRUCTIONSCROLL	1574
1160145559568	1	INSTRUCTIONSCROLL	1576
1160145559581	1	INSTRUCTIONSCROLL	1579
1160145559594	1	INSTRUCTIONSCROLL	1582
1160145559608	1	INSTRUCTIONSCROLL	1584
1160145559621	1	INSTRUCTIONSCROLL	1587
1160145559634	1	INSTRUCTIONSCROLL	1590
1160145561448	1	INSTRUCTIONSCROLL	1591
1160145561461	1	INSTRUCTIONSCROLL	1593
1160145561474	1	INSTRUCTIONSCROLL	1596
1160145561488	1	INSTRUCTIONSCROLL	1599
1160145561501	1	INSTRUCTIONSCROLL	1601
1160145561514	1	INSTRUCTIONSCROLL	1604
1160145561528	1	INSTRUCTIONSCROLL	1607
1160145561541	1	INSTRUCTIONSCROLL	1609
1160145561554	1	INSTRUCTIONSCROLL	1612
1160145561568	1	INSTRUCTIONSCROLL	1615
1160145561581	1	INSTRUCTIONSCROLL	1617
1160145561594	1	INSTRUCTIONSCROLL	1620
1160145561701	1	INSTRUCTIONSCROLL	1621
1160145561714	1	INSTRUCTIONSCROLL	1622
1160145561728	1	INSTRUCTIONSCROLL	1625
1160145561741	1	INSTRUCTIONSCROLL	1628
1160145561754	1	INSTRUCTIONSCROLL	1630
1160145561768	1	INSTRUCTIONSCROLL	1633
1160145561888	1	INSTRUCTIONSCROLL	1634
1160145561901	1	INSTRUCTIONSCROLL	1635
1160145561914	1	INSTRUCTIONSCROLL	1638
1160145561928	1	INSTRUCTIONSCROLL	1641
1160145561941	1	INSTRUCTIONSCROLL	1643
1160145561954	1	INSTRUCTIONSCROLL	1646
1160145561967	1	INSTRUCTIONSCROLL	1649
1160145562088	1	INSTRUCTIONSCROLL	1650
1160145562101	1	INSTRUCTIONSCROLL	1651
1160145562114	1	INSTRUCTIONSCROLL	1654
1160145562128	1	INSTRUCTIONSCROLL	1657
1160145562141	1	INSTRUCTIONSCROLL	1659
1160145562154	1	INSTRUCTIONSCROLL	1662
1160145562301	1	INSTRUCTIONSCROLL	1663
1160145562314	1	INSTRUCTIONSCROLL	1666
1160145562328	1	INSTRUCTIONSCROLL	1668
1160145562341	1	INSTRUCTIONSCROLL	1671
1160145562354	1	INSTRUCTIONSCROLL	1674
1160145562461	1	INSTRUCTIONSCROLL	1675
1160145562474	1	INSTRUCTIONSCROLL	1677
1160145562488	1	INSTRUCTIONSCROLL	1680
1160145562501	1	INSTRUCTIONSCROLL	1682
1160145562514	1	INSTRUCTIONSCROLL	1685
1160145562528	1	INSTRUCTIONSCROLL	1687
1160145562541	1	INSTRUCTIONSCROLL	1690
1160145562674	1	INSTRUCTIONSCROLL	1691
1160145562688	1	INSTRUCTIONSCROLL	1694
1160145562701	1	INSTRUCTIONSCROLL	1697
1160145562714	1	INSTRUCTIONSCROLL	1699
1160145562728	1	INSTRUCTIONSCROLL	1702
1160145562848	1	INSTRUCTIONSCROLL	1703
1160145562861	1	INSTRUCTIONSCROLL	1705
1160145562874	1	INSTRUCTIONSCROLL	1707
1160145562888	1	INSTRUCTIONSCROLL	1710
1160145562901	1	INSTRUCTIONSCROLL	1713
1160145562914	1	INSTRUCTIONSCROLL	1715
1160145563034	1	INSTRUCTIONSCROLL	1716
1160145563048	1	INSTRUCTIONSCROLL	1718
1160145563061	1	INSTRUCTIONSCROLL	1721
1160145563074	1	INSTRUCTIONSCROLL	1724
1160145563088	1	INSTRUCTIONSCROLL	1727
1160145563208	1	INSTRUCTIONSCROLL	1728
1160145563221	1	INSTRUCTIONSCROLL	1730
1160145563234	1	INSTRUCTIONSCROLL	1732
1160145563248	1	INSTRUCTIONSCROLL	1735
1160145563261	1	INSTRUCTIONSCROLL	1738
1160145563274	1	INSTRUCTIONSCROLL	1740
1160145563941	1	INSTRUCTIONSTOP	Button set (OR)
1160145563945	0	E	Logging Ends
