1169052175565	0	B	Logging Begins
1169052175565	0	INSTRUCTIONSTART	JointRoller	/Library/Frameworks/Python.framework/Versions/2.4/lib/python2.4/site-packages/pyepl/resources/vera.ttf	64	(0, 0, 0)	'In the following experiment, your memory for associating names with faces will be tested.  The task is difficult and requires concentration, so if you need a break at any time let the experimener know.\n\nSixteen faces will be presented on the screen, consecutively, accompanied by their names.  A woman\'s voice will also speak the name when the face appears on the screen.  After five seconds, the face will disappear from the screen, a star (*) will flash on the screen for one second, and then the next face and name will appear.\n\nAfter you have seen all sixteen faces and names, you will be prompted to press any key in order to move on to a testing period.  During each trial of the testing period, you will see a face with name underneath it.  You will have to decide whether or not the name is paired with the appropriate face.  \n\nYou will respond on the keyboard, with a confidence judgment between 1 and 6.  A judgment of 1 indicates that you are near certain that the name given is incorrectly paired with the face, a judgment of 2 indicates moderate confidence, and a judgment of 3 indicates that you think the name is incorrectly paired with the face, but are quite unsure.  A judgment of 6 indicates that you are near certain that the name given is correctly paired with the face, a judgment of 5 indicates moderate confidence, and a judgment of 4 indicates that you think the name is correctly paired with the face, but are quite unsure.\n\nYou should rest your fingers on the bottom row of the keyboard.  "Z", "X", and  "C" will correspond to confidence judgments of 1, 2, and 3, respectively.  ",", ".", and "/" will correspond to confidence judgments of 4, 5, and 6, respectively.\n\nAfter five seconds the name and face will disappear from the screen, a star will flash on the screen for one second, and then the next name and face pair will appear on the screen.  You will see sixteen name-face pairs per test period.  You should try to reply as quickly and accurately as you can.\n\nThere will be ten study periods and ten test periods, alternating.  Each face will have the same name over the entire course of the half, so your task is to try and learn the faces\' names as quickly and accurately as possible.\n\nDo you have any questions?\n\nPress <ENTER> to continue.\n'
1169052175642	1	INSTRUCTIONSCROLL	0
1169052181747	1	INSTRUCTIONSCROLL	1
1169052181763	1	INSTRUCTIONSCROLL	4
1169052181780	1	INSTRUCTIONSCROLL	8
1169052181797	1	INSTRUCTIONSCROLL	11
1169052181813	1	INSTRUCTIONSCROLL	14
1169052181830	1	INSTRUCTIONSCROLL	18
1169052181847	1	INSTRUCTIONSCROLL	21
1169052181863	1	INSTRUCTIONSCROLL	24
1169052181880	1	INSTRUCTIONSCROLL	28
1169052181897	1	INSTRUCTIONSCROLL	31
1169052181913	1	INSTRUCTIONSCROLL	34
1169052181930	1	INSTRUCTIONSCROLL	38
1169052181947	1	INSTRUCTIONSCROLL	41
1169052181963	1	INSTRUCTIONSCROLL	44
1169052181980	1	INSTRUCTIONSCROLL	48
1169052181997	1	INSTRUCTIONSCROLL	51
1169052182014	1	INSTRUCTIONSCROLL	54
1169052182031	1	INSTRUCTIONSCROLL	58
1169052182048	1	INSTRUCTIONSCROLL	61
1169052182064	1	INSTRUCTIONSCROLL	65
1169052182081	1	INSTRUCTIONSCROLL	68
1169052182098	1	INSTRUCTIONSCROLL	71
1169052182114	1	INSTRUCTIONSCROLL	75
1169052182131	1	INSTRUCTIONSCROLL	78
1169052182148	1	INSTRUCTIONSCROLL	81
1169052182164	1	INSTRUCTIONSCROLL	85
1169052182181	1	INSTRUCTIONSCROLL	88
1169052182197	1	INSTRUCTIONSCROLL	91
1169052182213	1	INSTRUCTIONSCROLL	94
1169052182230	1	INSTRUCTIONSCROLL	98
1169052182247	1	INSTRUCTIONSCROLL	101
1169052182263	1	INSTRUCTIONSCROLL	104
1169052182280	1	INSTRUCTIONSCROLL	108
1169052182297	1	INSTRUCTIONSCROLL	111
1169052182313	1	INSTRUCTIONSCROLL	114
1169052182330	1	INSTRUCTIONSCROLL	118
1169052182347	1	INSTRUCTIONSCROLL	121
1169052182363	1	INSTRUCTIONSCROLL	124
1169052182380	1	INSTRUCTIONSCROLL	128
1169052182397	1	INSTRUCTIONSCROLL	131
1169052182413	1	INSTRUCTIONSCROLL	134
1169052182430	1	INSTRUCTIONSCROLL	138
1169052182447	1	INSTRUCTIONSCROLL	141
1169052182463	1	INSTRUCTIONSCROLL	144
1169052182480	1	INSTRUCTIONSCROLL	148
1169052182497	1	INSTRUCTIONSCROLL	151
1169052182513	1	INSTRUCTIONSCROLL	154
1169052182530	1	INSTRUCTIONSCROLL	158
1169052182546	1	INSTRUCTIONSCROLL	161
1169052182563	1	INSTRUCTIONSCROLL	164
1169052182580	1	INSTRUCTIONSCROLL	168
1169052182597	1	INSTRUCTIONSCROLL	171
1169052182613	1	INSTRUCTIONSCROLL	174
1169052182631	1	INSTRUCTIONSCROLL	178
1169052182646	1	INSTRUCTIONSCROLL	181
1169052182663	1	INSTRUCTIONSCROLL	184
1169052182680	1	INSTRUCTIONSCROLL	188
1169052182696	1	INSTRUCTIONSCROLL	191
1169052182713	1	INSTRUCTIONSCROLL	194
1169052182730	1	INSTRUCTIONSCROLL	198
1169052182746	1	INSTRUCTIONSCROLL	201
1169052182763	1	INSTRUCTIONSCROLL	204
1169052182780	1	INSTRUCTIONSCROLL	208
1169052182796	1	INSTRUCTIONSCROLL	211
1169052182813	1	INSTRUCTIONSCROLL	214
1169052182830	1	INSTRUCTIONSCROLL	218
1169052182846	1	INSTRUCTIONSCROLL	221
1169052182863	1	INSTRUCTIONSCROLL	224
1169052182880	1	INSTRUCTIONSCROLL	228
1169052182896	1	INSTRUCTIONSCROLL	231
1169052182913	1	INSTRUCTIONSCROLL	234
1169052182930	1	INSTRUCTIONSCROLL	238
1169052182946	1	INSTRUCTIONSCROLL	241
1169052182963	1	INSTRUCTIONSCROLL	244
1169052182980	1	INSTRUCTIONSCROLL	248
1169052182996	1	INSTRUCTIONSCROLL	251
1169052183014	1	INSTRUCTIONSCROLL	254
1169052183031	1	INSTRUCTIONSCROLL	258
1169052183047	1	INSTRUCTIONSCROLL	261
1169052183064	1	INSTRUCTIONSCROLL	265
1169052183081	1	INSTRUCTIONSCROLL	268
1169052183097	1	INSTRUCTIONSCROLL	271
1169052183114	1	INSTRUCTIONSCROLL	275
1169052183131	1	INSTRUCTIONSCROLL	278
1169052183147	1	INSTRUCTIONSCROLL	281
1169052183164	1	INSTRUCTIONSCROLL	284
1169052183181	1	INSTRUCTIONSCROLL	288
1169052183196	1	INSTRUCTIONSCROLL	291
1169052183213	1	INSTRUCTIONSCROLL	294
1169052183230	1	INSTRUCTIONSCROLL	298
1169052183246	1	INSTRUCTIONSCROLL	301
1169052183263	1	INSTRUCTIONSCROLL	304
1169052183280	1	INSTRUCTIONSCROLL	307
1169052183296	1	INSTRUCTIONSCROLL	311
1169052183313	1	INSTRUCTIONSCROLL	314
1169052183330	1	INSTRUCTIONSCROLL	318
1169052183346	1	INSTRUCTIONSCROLL	321
1169052183363	1	INSTRUCTIONSCROLL	324
1169052183380	1	INSTRUCTIONSCROLL	328
1169052183396	1	INSTRUCTIONSCROLL	331
1169052183413	1	INSTRUCTIONSCROLL	334
1169052183430	1	INSTRUCTIONSCROLL	337
1169052183446	1	INSTRUCTIONSCROLL	341
1169052183463	1	INSTRUCTIONSCROLL	344
1169052183480	1	INSTRUCTIONSCROLL	348
1169052183496	1	INSTRUCTIONSCROLL	351
1169052183513	1	INSTRUCTIONSCROLL	354
1169052183530	1	INSTRUCTIONSCROLL	358
1169052183546	1	INSTRUCTIONSCROLL	361
1169052183563	1	INSTRUCTIONSCROLL	364
1169052183580	1	INSTRUCTIONSCROLL	367
1169052183596	1	INSTRUCTIONSCROLL	371
1169052183613	1	INSTRUCTIONSCROLL	374
1169052183630	1	INSTRUCTIONSCROLL	378
1169052183646	1	INSTRUCTIONSCROLL	381
1169052183663	1	INSTRUCTIONSCROLL	384
1169052183679	1	INSTRUCTIONSCROLL	388
1169052183696	1	INSTRUCTIONSCROLL	391
1169052183713	1	INSTRUCTIONSCROLL	394
1169052183729	1	INSTRUCTIONSCROLL	397
1169052183746	1	INSTRUCTIONSCROLL	401
1169052183763	1	INSTRUCTIONSCROLL	404
1169052183779	1	INSTRUCTIONSCROLL	408
1169052183796	1	INSTRUCTIONSCROLL	411
1169052183813	1	INSTRUCTIONSCROLL	414
1169052183829	1	INSTRUCTIONSCROLL	418
1169052183846	1	INSTRUCTIONSCROLL	421
1169052183863	1	INSTRUCTIONSCROLL	424
1169052183879	1	INSTRUCTIONSCROLL	427
1169052183896	1	INSTRUCTIONSCROLL	431
1169052183913	1	INSTRUCTIONSCROLL	434
1169052183929	1	INSTRUCTIONSCROLL	438
1169052183946	1	INSTRUCTIONSCROLL	441
1169052183963	1	INSTRUCTIONSCROLL	444
1169052183979	1	INSTRUCTIONSCROLL	447
1169052183996	1	INSTRUCTIONSCROLL	451
1169052184014	1	INSTRUCTIONSCROLL	454
1169052184030	1	INSTRUCTIONSCROLL	458
1169052184047	1	INSTRUCTIONSCROLL	461
1169052184064	1	INSTRUCTIONSCROLL	464
1169052184080	1	INSTRUCTIONSCROLL	468
1169052184097	1	INSTRUCTIONSCROLL	471
1169052184114	1	INSTRUCTIONSCROLL	474
1169052184130	1	INSTRUCTIONSCROLL	478
1169052184147	1	INSTRUCTIONSCROLL	481
1169052184164	1	INSTRUCTIONSCROLL	484
1169052184180	1	INSTRUCTIONSCROLL	488
1169052184196	1	INSTRUCTIONSCROLL	491
1169052184213	1	INSTRUCTIONSCROLL	494
1169052184229	1	INSTRUCTIONSCROLL	498
1169052184246	1	INSTRUCTIONSCROLL	501
1169052184263	1	INSTRUCTIONSCROLL	504
1169052184279	1	INSTRUCTIONSCROLL	507
1169052184296	1	INSTRUCTIONSCROLL	511
1169052184313	1	INSTRUCTIONSCROLL	514
1169052184329	1	INSTRUCTIONSCROLL	517
1169052184346	1	INSTRUCTIONSCROLL	521
1169052184363	1	INSTRUCTIONSCROLL	524
1169052184379	1	INSTRUCTIONSCROLL	527
1169052184396	1	INSTRUCTIONSCROLL	531
1169052184413	1	INSTRUCTIONSCROLL	534
1169052184429	1	INSTRUCTIONSCROLL	537
1169052184446	1	INSTRUCTIONSCROLL	541
1169052184463	1	INSTRUCTIONSCROLL	544
1169052184479	1	INSTRUCTIONSCROLL	547
1169052184496	1	INSTRUCTIONSCROLL	551
1169052184513	1	INSTRUCTIONSCROLL	554
1169052184529	1	INSTRUCTIONSCROLL	557
1169052184546	1	INSTRUCTIONSCROLL	561
1169052184563	1	INSTRUCTIONSCROLL	564
1169052184579	1	INSTRUCTIONSCROLL	567
1169052184596	1	INSTRUCTIONSCROLL	571
1169052184612	1	INSTRUCTIONSCROLL	574
1169052184629	1	INSTRUCTIONSCROLL	577
1169052184646	1	INSTRUCTIONSCROLL	581
1169052184662	1	INSTRUCTIONSCROLL	584
1169052184679	1	INSTRUCTIONSCROLL	587
1169052184696	1	INSTRUCTIONSCROLL	591
1169052184712	1	INSTRUCTIONSCROLL	594
1169052184729	1	INSTRUCTIONSCROLL	597
1169052184746	1	INSTRUCTIONSCROLL	601
1169052184762	1	INSTRUCTIONSCROLL	604
1169052184779	1	INSTRUCTIONSCROLL	607
1169052184796	1	INSTRUCTIONSCROLL	611
1169052184812	1	INSTRUCTIONSCROLL	614
1169052184829	1	INSTRUCTIONSCROLL	617
1169052184846	1	INSTRUCTIONSCROLL	621
1169052184862	1	INSTRUCTIONSCROLL	624
1169052184879	1	INSTRUCTIONSCROLL	627
1169052184896	1	INSTRUCTIONSCROLL	631
1169052184912	1	INSTRUCTIONSCROLL	634
1169052184929	1	INSTRUCTIONSCROLL	637
1169052184946	1	INSTRUCTIONSCROLL	641
1169052184962	1	INSTRUCTIONSCROLL	644
1169052184979	1	INSTRUCTIONSCROLL	647
1169052184996	1	INSTRUCTIONSCROLL	651
1169052185013	1	INSTRUCTIONSCROLL	654
1169052185030	1	INSTRUCTIONSCROLL	658
1169052185047	1	INSTRUCTIONSCROLL	661
1169052185063	1	INSTRUCTIONSCROLL	664
1169052185080	1	INSTRUCTIONSCROLL	668
1169052185097	1	INSTRUCTIONSCROLL	671
1169052185113	1	INSTRUCTIONSCROLL	674
1169052185130	1	INSTRUCTIONSCROLL	678
1169052185147	1	INSTRUCTIONSCROLL	681
1169052185163	1	INSTRUCTIONSCROLL	684
1169052185180	1	INSTRUCTIONSCROLL	688
1169052185196	1	INSTRUCTIONSCROLL	691
1169052185212	1	INSTRUCTIONSCROLL	694
1169052185229	1	INSTRUCTIONSCROLL	697
1169052185246	1	INSTRUCTIONSCROLL	701
1169052185262	1	INSTRUCTIONSCROLL	704
1169052185279	1	INSTRUCTIONSCROLL	707
1169052185296	1	INSTRUCTIONSCROLL	711
1169052185312	1	INSTRUCTIONSCROLL	714
1169052185329	1	INSTRUCTIONSCROLL	717
1169052185346	1	INSTRUCTIONSCROLL	721
1169052185362	1	INSTRUCTIONSCROLL	724
1169052185379	1	INSTRUCTIONSCROLL	727
1169052185396	1	INSTRUCTIONSCROLL	731
1169052185412	1	INSTRUCTIONSCROLL	734
1169052185429	1	INSTRUCTIONSCROLL	737
1169052185446	1	INSTRUCTIONSCROLL	741
1169052185462	1	INSTRUCTIONSCROLL	744
1169052185479	1	INSTRUCTIONSCROLL	747
1169052185496	1	INSTRUCTIONSCROLL	751
1169052185512	1	INSTRUCTIONSCROLL	754
1169052185529	1	INSTRUCTIONSCROLL	757
1169052185546	1	INSTRUCTIONSCROLL	761
1169052185562	1	INSTRUCTIONSCROLL	764
1169052185579	1	INSTRUCTIONSCROLL	767
1169052185596	1	INSTRUCTIONSCROLL	771
1169052185612	1	INSTRUCTIONSCROLL	774
1169052185629	1	INSTRUCTIONSCROLL	777
1169052185645	1	INSTRUCTIONSCROLL	781
1169052185662	1	INSTRUCTIONSCROLL	784
1169052185679	1	INSTRUCTIONSCROLL	787
1169052185695	1	INSTRUCTIONSCROLL	791
1169052185712	1	INSTRUCTIONSCROLL	794
1169052185729	1	INSTRUCTIONSCROLL	797
1169052185745	1	INSTRUCTIONSCROLL	801
1169052185762	1	INSTRUCTIONSCROLL	804
1169052185779	1	INSTRUCTIONSCROLL	807
1169052185795	1	INSTRUCTIONSCROLL	811
1169052185812	1	INSTRUCTIONSCROLL	814
1169052185829	1	INSTRUCTIONSCROLL	817
1169052185845	1	INSTRUCTIONSCROLL	821
1169052185862	1	INSTRUCTIONSCROLL	824
1169052185879	1	INSTRUCTIONSCROLL	827
1169052185895	1	INSTRUCTIONSCROLL	831
1169052185912	1	INSTRUCTIONSCROLL	834
1169052185929	1	INSTRUCTIONSCROLL	837
1169052185945	1	INSTRUCTIONSCROLL	841
1169052185962	1	INSTRUCTIONSCROLL	844
1169052185979	1	INSTRUCTIONSCROLL	847
1169052185995	1	INSTRUCTIONSCROLL	851
1169052186013	1	INSTRUCTIONSCROLL	854
1169052186030	1	INSTRUCTIONSCROLL	858
1169052186046	1	INSTRUCTIONSCROLL	861
1169052186063	1	INSTRUCTIONSCROLL	864
1169052186080	1	INSTRUCTIONSCROLL	867
1169052186096	1	INSTRUCTIONSCROLL	871
1169052186113	1	INSTRUCTIONSCROLL	874
1169052186130	1	INSTRUCTIONSCROLL	877
1169052186146	1	INSTRUCTIONSCROLL	881
1169052186163	1	INSTRUCTIONSCROLL	884
1169052186180	1	INSTRUCTIONSCROLL	888
1169052186195	1	INSTRUCTIONSCROLL	891
1169052186212	1	INSTRUCTIONSCROLL	894
1169052186229	1	INSTRUCTIONSCROLL	897
1169052186245	1	INSTRUCTIONSCROLL	901
1169052186262	1	INSTRUCTIONSCROLL	904
1169052186279	1	INSTRUCTIONSCROLL	907
1169052186295	1	INSTRUCTIONSCROLL	911
1169052186312	1	INSTRUCTIONSCROLL	914
1169052186329	1	INSTRUCTIONSCROLL	917
1169052186345	1	INSTRUCTIONSCROLL	921
1169052186362	1	INSTRUCTIONSCROLL	924
1169052186379	1	INSTRUCTIONSCROLL	927
1169052186395	1	INSTRUCTIONSCROLL	931
1169052186412	1	INSTRUCTIONSCROLL	934
1169052186429	1	INSTRUCTIONSCROLL	937
1169052186445	1	INSTRUCTIONSCROLL	941
1169052186462	1	INSTRUCTIONSCROLL	944
1169052186479	1	INSTRUCTIONSCROLL	947
1169052186495	1	INSTRUCTIONSCROLL	951
1169052186512	1	INSTRUCTIONSCROLL	954
1169052186529	1	INSTRUCTIONSCROLL	957
1169052186545	1	INSTRUCTIONSCROLL	961
1169052186562	1	INSTRUCTIONSCROLL	964
1169052186579	1	INSTRUCTIONSCROLL	967
1169052186595	1	INSTRUCTIONSCROLL	971
1169052186612	1	INSTRUCTIONSCROLL	974
1169052186628	1	INSTRUCTIONSCROLL	977
1169052186645	1	INSTRUCTIONSCROLL	981
1169052186662	1	INSTRUCTIONSCROLL	984
1169052186678	1	INSTRUCTIONSCROLL	987
1169052186695	1	INSTRUCTIONSCROLL	991
1169052186712	1	INSTRUCTIONSCROLL	994
1169052186729	1	INSTRUCTIONSCROLL	997
1169052186745	1	INSTRUCTIONSCROLL	1001
1169052186762	1	INSTRUCTIONSCROLL	1004
1169052186778	1	INSTRUCTIONSCROLL	1007
1169052186795	1	INSTRUCTIONSCROLL	1011
1169052186812	1	INSTRUCTIONSCROLL	1014
1169052186828	1	INSTRUCTIONSCROLL	1017
1169052186845	1	INSTRUCTIONSCROLL	1021
1169052186862	1	INSTRUCTIONSCROLL	1024
1169052186878	1	INSTRUCTIONSCROLL	1027
1169052186895	1	INSTRUCTIONSCROLL	1031
1169052186912	1	INSTRUCTIONSCROLL	1034
1169052186928	1	INSTRUCTIONSCROLL	1037
1169052186945	1	INSTRUCTIONSCROLL	1041
1169052186962	1	INSTRUCTIONSCROLL	1044
1169052186978	1	INSTRUCTIONSCROLL	1047
1169052186995	1	INSTRUCTIONSCROLL	1051
1169052187013	1	INSTRUCTIONSCROLL	1054
1169052187029	1	INSTRUCTIONSCROLL	1058
1169052187046	1	INSTRUCTIONSCROLL	1061
1169052187063	1	INSTRUCTIONSCROLL	1064
1169052187079	1	INSTRUCTIONSCROLL	1068
1169052187096	1	INSTRUCTIONSCROLL	1071
1169052187113	1	INSTRUCTIONSCROLL	1074
1169052187129	1	INSTRUCTIONSCROLL	1078
1169052187146	1	INSTRUCTIONSCROLL	1081
1169052187163	1	INSTRUCTIONSCROLL	1084
1169052187179	1	INSTRUCTIONSCROLL	1088
1169052187195	1	INSTRUCTIONSCROLL	1091
1169052187212	1	INSTRUCTIONSCROLL	1094
1169052187228	1	INSTRUCTIONSCROLL	1097
1169052187245	1	INSTRUCTIONSCROLL	1101
1169052187262	1	INSTRUCTIONSCROLL	1104
1169052187278	1	INSTRUCTIONSCROLL	1107
1169052187295	1	INSTRUCTIONSCROLL	1111
1169052187312	1	INSTRUCTIONSCROLL	1114
1169052187328	1	INSTRUCTIONSCROLL	1117
1169052187345	1	INSTRUCTIONSCROLL	1121
1169052187362	1	INSTRUCTIONSCROLL	1124
1169052187378	1	INSTRUCTIONSCROLL	1127
1169052187395	1	INSTRUCTIONSCROLL	1131
1169052187412	1	INSTRUCTIONSCROLL	1134
1169052187428	1	INSTRUCTIONSCROLL	1137
1169052187445	1	INSTRUCTIONSCROLL	1141
1169052187462	1	INSTRUCTIONSCROLL	1144
1169052187478	1	INSTRUCTIONSCROLL	1147
1169052187495	1	INSTRUCTIONSCROLL	1151
1169052187512	1	INSTRUCTIONSCROLL	1154
1169052187528	1	INSTRUCTIONSCROLL	1157
1169052187545	1	INSTRUCTIONSCROLL	1161
1169052187562	1	INSTRUCTIONSCROLL	1164
1169052187578	1	INSTRUCTIONSCROLL	1167
1169052187595	1	INSTRUCTIONSCROLL	1171
1169052187612	1	INSTRUCTIONSCROLL	1174
1169052187628	1	INSTRUCTIONSCROLL	1177
1169052187645	1	INSTRUCTIONSCROLL	1181
1169052187661	1	INSTRUCTIONSCROLL	1184
1169052187678	1	INSTRUCTIONSCROLL	1187
1169052187695	1	INSTRUCTIONSCROLL	1191
1169052187711	1	INSTRUCTIONSCROLL	1194
1169052187728	1	INSTRUCTIONSCROLL	1197
1169052187745	1	INSTRUCTIONSCROLL	1201
1169052187761	1	INSTRUCTIONSCROLL	1204
1169052187778	1	INSTRUCTIONSCROLL	1207
1169052187795	1	INSTRUCTIONSCROLL	1211
1169052187811	1	INSTRUCTIONSCROLL	1214
1169052187828	1	INSTRUCTIONSCROLL	1217
1169052187845	1	INSTRUCTIONSCROLL	1221
1169052187861	1	INSTRUCTIONSCROLL	1224
1169052187878	1	INSTRUCTIONSCROLL	1227
1169052187895	1	INSTRUCTIONSCROLL	1231
1169052187911	1	INSTRUCTIONSCROLL	1234
1169052187928	1	INSTRUCTIONSCROLL	1237
1169052187945	1	INSTRUCTIONSCROLL	1241
1169052187961	1	INSTRUCTIONSCROLL	1244
1169052187978	1	INSTRUCTIONSCROLL	1247
1169052187995	1	INSTRUCTIONSCROLL	1251
1169052188012	1	INSTRUCTIONSCROLL	1254
1169052188029	1	INSTRUCTIONSCROLL	1258
1169052188046	1	INSTRUCTIONSCROLL	1261
1169052188062	1	INSTRUCTIONSCROLL	1264
1169052188079	1	INSTRUCTIONSCROLL	1268
1169052188096	1	INSTRUCTIONSCROLL	1271
1169052188112	1	INSTRUCTIONSCROLL	1274
1169052188129	1	INSTRUCTIONSCROLL	1278
1169052188146	1	INSTRUCTIONSCROLL	1281
1169052188162	1	INSTRUCTIONSCROLL	1284
1169052188179	1	INSTRUCTIONSCROLL	1288
1169052188195	1	INSTRUCTIONSCROLL	1291
1169052188211	1	INSTRUCTIONSCROLL	1294
1169052188228	1	INSTRUCTIONSCROLL	1297
1169052188245	1	INSTRUCTIONSCROLL	1301
1169052188261	1	INSTRUCTIONSCROLL	1304
1169052188278	1	INSTRUCTIONSCROLL	1307
1169052188295	1	INSTRUCTIONSCROLL	1311
1169052188311	1	INSTRUCTIONSCROLL	1314
1169052188328	1	INSTRUCTIONSCROLL	1317
1169052188345	1	INSTRUCTIONSCROLL	1321
1169052188361	1	INSTRUCTIONSCROLL	1324
1169052188378	1	INSTRUCTIONSCROLL	1327
1169052188395	1	INSTRUCTIONSCROLL	1331
1169052188411	1	INSTRUCTIONSCROLL	1334
1169052188428	1	INSTRUCTIONSCROLL	1337
1169052188445	1	INSTRUCTIONSCROLL	1341
1169052194443	1	INSTRUCTIONSCROLL	1342
1169052194459	1	INSTRUCTIONSCROLL	1344
1169052194476	1	INSTRUCTIONSCROLL	1347
1169052194493	1	INSTRUCTIONSCROLL	1350
1169052194509	1	INSTRUCTIONSCROLL	1354
1169052194526	1	INSTRUCTIONSCROLL	1357
1169052194543	1	INSTRUCTIONSCROLL	1360
1169052194559	1	INSTRUCTIONSCROLL	1364
1169052194576	1	INSTRUCTIONSCROLL	1367
1169052194593	1	INSTRUCTIONSCROLL	1370
1169052194609	1	INSTRUCTIONSCROLL	1374
1169052194626	1	INSTRUCTIONSCROLL	1377
1169052194643	1	INSTRUCTIONSCROLL	1380
1169052194659	1	INSTRUCTIONSCROLL	1384
1169052194676	1	INSTRUCTIONSCROLL	1387
1169052194693	1	INSTRUCTIONSCROLL	1390
1169052194709	1	INSTRUCTIONSCROLL	1394
1169052194726	1	INSTRUCTIONSCROLL	1397
1169052194743	1	INSTRUCTIONSCROLL	1400
1169052194759	1	INSTRUCTIONSCROLL	1404
1169052194776	1	INSTRUCTIONSCROLL	1407
1169052194792	1	INSTRUCTIONSCROLL	1410
1169052194809	1	INSTRUCTIONSCROLL	1414
1169052194826	1	INSTRUCTIONSCROLL	1417
1169052194843	1	INSTRUCTIONSCROLL	1420
1169052194859	1	INSTRUCTIONSCROLL	1424
1169052194876	1	INSTRUCTIONSCROLL	1427
1169052194892	1	INSTRUCTIONSCROLL	1430
1169052194909	1	INSTRUCTIONSCROLL	1434
1169052194926	1	INSTRUCTIONSCROLL	1437
1169052194942	1	INSTRUCTIONSCROLL	1441
1169052194959	1	INSTRUCTIONSCROLL	1444
1169052194976	1	INSTRUCTIONSCROLL	1447
1169052194992	1	INSTRUCTIONSCROLL	1450
1169052195010	1	INSTRUCTIONSCROLL	1454
1169052195027	1	INSTRUCTIONSCROLL	1457
1169052195043	1	INSTRUCTIONSCROLL	1461
1169052195060	1	INSTRUCTIONSCROLL	1464
1169052195077	1	INSTRUCTIONSCROLL	1467
1169052195094	1	INSTRUCTIONSCROLL	1471
1169052195110	1	INSTRUCTIONSCROLL	1474
1169052195127	1	INSTRUCTIONSCROLL	1477
1169052195144	1	INSTRUCTIONSCROLL	1481
1169052195160	1	INSTRUCTIONSCROLL	1484
1169052195177	1	INSTRUCTIONSCROLL	1487
1169052195192	1	INSTRUCTIONSCROLL	1491
1169052195209	1	INSTRUCTIONSCROLL	1494
1169052195226	1	INSTRUCTIONSCROLL	1497
1169052195242	1	INSTRUCTIONSCROLL	1501
1169052195259	1	INSTRUCTIONSCROLL	1504
1169052195276	1	INSTRUCTIONSCROLL	1507
1169052195292	1	INSTRUCTIONSCROLL	1510
1169052195309	1	INSTRUCTIONSCROLL	1514
1169052195326	1	INSTRUCTIONSCROLL	1517
1169052195342	1	INSTRUCTIONSCROLL	1520
1169052195359	1	INSTRUCTIONSCROLL	1524
1169052195376	1	INSTRUCTIONSCROLL	1527
1169052195392	1	INSTRUCTIONSCROLL	1530
1169052195409	1	INSTRUCTIONSCROLL	1534
1169052195426	1	INSTRUCTIONSCROLL	1537
1169052195442	1	INSTRUCTIONSCROLL	1540
1169052195459	1	INSTRUCTIONSCROLL	1544
1169052195476	1	INSTRUCTIONSCROLL	1547
1169052195492	1	INSTRUCTIONSCROLL	1550
1169052195509	1	INSTRUCTIONSCROLL	1554
1169052195526	1	INSTRUCTIONSCROLL	1557
1169052195542	1	INSTRUCTIONSCROLL	1561
1169052195559	1	INSTRUCTIONSCROLL	1564
1169052195576	1	INSTRUCTIONSCROLL	1567
1169052195592	1	INSTRUCTIONSCROLL	1570
1169052195609	1	INSTRUCTIONSCROLL	1574
1169052195626	1	INSTRUCTIONSCROLL	1577
1169052195642	1	INSTRUCTIONSCROLL	1581
1169052195659	1	INSTRUCTIONSCROLL	1584
1169052195676	1	INSTRUCTIONSCROLL	1587
1169052195692	1	INSTRUCTIONSCROLL	1590
1169052195709	1	INSTRUCTIONSCROLL	1594
1169052195726	1	INSTRUCTIONSCROLL	1597
1169052195742	1	INSTRUCTIONSCROLL	1600
1169052195759	1	INSTRUCTIONSCROLL	1604
1169052195776	1	INSTRUCTIONSCROLL	1607
1169052195792	1	INSTRUCTIONSCROLL	1610
1169052195809	1	INSTRUCTIONSCROLL	1614
1169052195826	1	INSTRUCTIONSCROLL	1617
1169052195842	1	INSTRUCTIONSCROLL	1620
1169052195859	1	INSTRUCTIONSCROLL	1624
1169052195876	1	INSTRUCTIONSCROLL	1627
1169052195892	1	INSTRUCTIONSCROLL	1630
1169052195909	1	INSTRUCTIONSCROLL	1634
1169052195926	1	INSTRUCTIONSCROLL	1637
1169052195942	1	INSTRUCTIONSCROLL	1640
1169052195959	1	INSTRUCTIONSCROLL	1644
1169052195975	1	INSTRUCTIONSCROLL	1647
1169052195992	1	INSTRUCTIONSCROLL	1650
1169052196010	1	INSTRUCTIONSCROLL	1654
1169052196026	1	INSTRUCTIONSCROLL	1657
1169052196043	1	INSTRUCTIONSCROLL	1661
1169052196060	1	INSTRUCTIONSCROLL	1664
1169052196076	1	INSTRUCTIONSCROLL	1667
1169052196093	1	INSTRUCTIONSCROLL	1671
1169052196110	1	INSTRUCTIONSCROLL	1674
1169052196126	1	INSTRUCTIONSCROLL	1677
1169052196143	1	INSTRUCTIONSCROLL	1681
1169052196160	1	INSTRUCTIONSCROLL	1684
1169052196176	1	INSTRUCTIONSCROLL	1687
1169052196192	1	INSTRUCTIONSCROLL	1691
1169052196209	1	INSTRUCTIONSCROLL	1694
1169052196225	1	INSTRUCTIONSCROLL	1697
1169052196242	1	INSTRUCTIONSCROLL	1700
1169052196259	1	INSTRUCTIONSCROLL	1704
1169052196275	1	INSTRUCTIONSCROLL	1707
1169052196292	1	INSTRUCTIONSCROLL	1710
1169052196309	1	INSTRUCTIONSCROLL	1714
1169052196325	1	INSTRUCTIONSCROLL	1717
1169052196342	1	INSTRUCTIONSCROLL	1720
1169052196359	1	INSTRUCTIONSCROLL	1724
1169052196375	1	INSTRUCTIONSCROLL	1727
1169052196392	1	INSTRUCTIONSCROLL	1730
1169052196409	1	INSTRUCTIONSCROLL	1734
1169052196425	1	INSTRUCTIONSCROLL	1737
1169052196442	1	INSTRUCTIONSCROLL	1740
1169052196459	1	INSTRUCTIONSCROLL	1744
1169052196475	1	INSTRUCTIONSCROLL	1747
1169052196492	1	INSTRUCTIONSCROLL	1750
1169052196509	1	INSTRUCTIONSCROLL	1754
1169052196525	1	INSTRUCTIONSCROLL	1757
1169052196542	1	INSTRUCTIONSCROLL	1760
1169052196559	1	INSTRUCTIONSCROLL	1764
1169052196575	1	INSTRUCTIONSCROLL	1767
1169052196592	1	INSTRUCTIONSCROLL	1770
1169052196609	1	INSTRUCTIONSCROLL	1774
1169052196625	1	INSTRUCTIONSCROLL	1777
1169052196643	1	INSTRUCTIONSCROLL	1780
1169052196659	1	INSTRUCTIONSCROLL	1784
1169052196675	1	INSTRUCTIONSCROLL	1787
1169052196692	1	INSTRUCTIONSCROLL	1790
1169052196709	1	INSTRUCTIONSCROLL	1794
1169052196725	1	INSTRUCTIONSCROLL	1797
1169052196742	1	INSTRUCTIONSCROLL	1800
1169052196759	1	INSTRUCTIONSCROLL	1804
1169052196775	1	INSTRUCTIONSCROLL	1807
1169052196792	1	INSTRUCTIONSCROLL	1810
1169052196809	1	INSTRUCTIONSCROLL	1814
1169052196825	1	INSTRUCTIONSCROLL	1817
1169052196842	1	INSTRUCTIONSCROLL	1820
1169052196859	1	INSTRUCTIONSCROLL	1824
1169052196875	1	INSTRUCTIONSCROLL	1827
1169052196892	1	INSTRUCTIONSCROLL	1830
1169052196909	1	INSTRUCTIONSCROLL	1834
1169052196925	1	INSTRUCTIONSCROLL	1837
1169052196942	1	INSTRUCTIONSCROLL	1840
1169052196959	1	INSTRUCTIONSCROLL	1844
1169052196975	1	INSTRUCTIONSCROLL	1847
1169052196992	1	INSTRUCTIONSCROLL	1850
1169052197009	1	INSTRUCTIONSCROLL	1854
1169052197026	1	INSTRUCTIONSCROLL	1857
1169052197043	1	INSTRUCTIONSCROLL	1861
1169052197059	1	INSTRUCTIONSCROLL	1864
1169052197076	1	INSTRUCTIONSCROLL	1867
1169052197093	1	INSTRUCTIONSCROLL	1871
1169052197109	1	INSTRUCTIONSCROLL	1874
1169052197126	1	INSTRUCTIONSCROLL	1877
1169052197143	1	INSTRUCTIONSCROLL	1881
1169052197159	1	INSTRUCTIONSCROLL	1884
1169052197176	1	INSTRUCTIONSCROLL	1887
1169052197192	1	INSTRUCTIONSCROLL	1891
1169052197208	1	INSTRUCTIONSCROLL	1894
1169052197225	1	INSTRUCTIONSCROLL	1897
1169052197242	1	INSTRUCTIONSCROLL	1900
1169052197258	1	INSTRUCTIONSCROLL	1904
1169052197275	1	INSTRUCTIONSCROLL	1907
1169052197292	1	INSTRUCTIONSCROLL	1910
1169052197308	1	INSTRUCTIONSCROLL	1914
1169052197325	1	INSTRUCTIONSCROLL	1917
1169052197342	1	INSTRUCTIONSCROLL	1920
1169052197358	1	INSTRUCTIONSCROLL	1924
1169052197375	1	INSTRUCTIONSCROLL	1927
1169052197392	1	INSTRUCTIONSCROLL	1930
1169052197408	1	INSTRUCTIONSCROLL	1934
1169052197425	1	INSTRUCTIONSCROLL	1937
1169052197442	1	INSTRUCTIONSCROLL	1940
1169052197458	1	INSTRUCTIONSCROLL	1944
1169052197475	1	INSTRUCTIONSCROLL	1947
1169052197492	1	INSTRUCTIONSCROLL	1950
1169052197508	1	INSTRUCTIONSCROLL	1954
1169052197525	1	INSTRUCTIONSCROLL	1957
1169052197542	1	INSTRUCTIONSCROLL	1960
1169052197558	1	INSTRUCTIONSCROLL	1964
1169052197575	1	INSTRUCTIONSCROLL	1967
1169052197592	1	INSTRUCTIONSCROLL	1970
1169052197608	1	INSTRUCTIONSCROLL	1974
1169052197625	1	INSTRUCTIONSCROLL	1977
1169052197642	1	INSTRUCTIONSCROLL	1980
1169052197658	1	INSTRUCTIONSCROLL	1984
1169052197675	1	INSTRUCTIONSCROLL	1987
1169052197692	1	INSTRUCTIONSCROLL	1990
1169052197708	1	INSTRUCTIONSCROLL	1994
1169052197725	1	INSTRUCTIONSCROLL	1997
1169052197742	1	INSTRUCTIONSCROLL	2000
1169052197758	1	INSTRUCTIONSCROLL	2004
1169052197775	1	INSTRUCTIONSCROLL	2007
1169052197792	1	INSTRUCTIONSCROLL	2010
1169052197808	1	INSTRUCTIONSCROLL	2014
1169052197825	1	INSTRUCTIONSCROLL	2017
1169052197842	1	INSTRUCTIONSCROLL	2020
1169052197858	1	INSTRUCTIONSCROLL	2024
1169052197875	1	INSTRUCTIONSCROLL	2027
1169052197892	1	INSTRUCTIONSCROLL	2030
1169052197908	1	INSTRUCTIONSCROLL	2034
1169052197925	1	INSTRUCTIONSCROLL	2037
1169052197942	1	INSTRUCTIONSCROLL	2040
1169052197958	1	INSTRUCTIONSCROLL	2044
1169052197975	1	INSTRUCTIONSCROLL	2047
1169052197992	1	INSTRUCTIONSCROLL	2050
1169052198009	1	INSTRUCTIONSCROLL	2054
1169052198026	1	INSTRUCTIONSCROLL	2057
1169052198043	1	INSTRUCTIONSCROLL	2061
1169052198059	1	INSTRUCTIONSCROLL	2064
1169052198076	1	INSTRUCTIONSCROLL	2067
1169052198093	1	INSTRUCTIONSCROLL	2071
1169052198109	1	INSTRUCTIONSCROLL	2074
1169052198126	1	INSTRUCTIONSCROLL	2077
1169052198142	1	INSTRUCTIONSCROLL	2080
1169052198159	1	INSTRUCTIONSCROLL	2084
1169052198176	1	INSTRUCTIONSCROLL	2087
1169052198191	1	INSTRUCTIONSCROLL	2091
1169052198208	1	INSTRUCTIONSCROLL	2094
1169052198225	1	INSTRUCTIONSCROLL	2097
1169052198241	1	INSTRUCTIONSCROLL	2100
1169052198258	1	INSTRUCTIONSCROLL	2104
1169052198275	1	INSTRUCTIONSCROLL	2107
1169052198291	1	INSTRUCTIONSCROLL	2110
1169052198308	1	INSTRUCTIONSCROLL	2114
1169052198325	1	INSTRUCTIONSCROLL	2117
1169052198341	1	INSTRUCTIONSCROLL	2120
1169052198358	1	INSTRUCTIONSCROLL	2124
1169052198375	1	INSTRUCTIONSCROLL	2127
1169052198391	1	INSTRUCTIONSCROLL	2130
1169052198408	1	INSTRUCTIONSCROLL	2134
1169052198425	1	INSTRUCTIONSCROLL	2137
1169052198441	1	INSTRUCTIONSCROLL	2140
1169052198458	1	INSTRUCTIONSCROLL	2144
1169052198475	1	INSTRUCTIONSCROLL	2147
1169052198491	1	INSTRUCTIONSCROLL	2150
1169052198508	1	INSTRUCTIONSCROLL	2154
1169052198525	1	INSTRUCTIONSCROLL	2157
1169052198541	1	INSTRUCTIONSCROLL	2160
1169052198558	1	INSTRUCTIONSCROLL	2164
1169052198575	1	INSTRUCTIONSCROLL	2167
1169052198591	1	INSTRUCTIONSCROLL	2170
1169052198608	1	INSTRUCTIONSCROLL	2174
1169052198625	1	INSTRUCTIONSCROLL	2177
1169052198641	1	INSTRUCTIONSCROLL	2180
1169052198658	1	INSTRUCTIONSCROLL	2184
1169052198675	1	INSTRUCTIONSCROLL	2187
1169052198691	1	INSTRUCTIONSCROLL	2190
1169052198708	1	INSTRUCTIONSCROLL	2194
1169052198725	1	INSTRUCTIONSCROLL	2197
1169052198741	1	INSTRUCTIONSCROLL	2200
1169052198758	1	INSTRUCTIONSCROLL	2204
1169052198775	1	INSTRUCTIONSCROLL	2207
1169052198791	1	INSTRUCTIONSCROLL	2210
1169052198808	1	INSTRUCTIONSCROLL	2214
1169052198825	1	INSTRUCTIONSCROLL	2217
1169052198841	1	INSTRUCTIONSCROLL	2220
1169052198858	1	INSTRUCTIONSCROLL	2224
1169052198875	1	INSTRUCTIONSCROLL	2227
1169052198891	1	INSTRUCTIONSCROLL	2230
1169052198908	1	INSTRUCTIONSCROLL	2234
1169052198925	1	INSTRUCTIONSCROLL	2237
1169052198941	1	INSTRUCTIONSCROLL	2240
1169052198958	1	INSTRUCTIONSCROLL	2244
1169052198975	1	INSTRUCTIONSCROLL	2247
1169052198991	1	INSTRUCTIONSCROLL	2250
1169052199009	1	INSTRUCTIONSCROLL	2254
1169052199025	1	INSTRUCTIONSCROLL	2257
1169052199042	1	INSTRUCTIONSCROLL	2260
1169052199059	1	INSTRUCTIONSCROLL	2264
1169052199076	1	INSTRUCTIONSCROLL	2267
1169052199092	1	INSTRUCTIONSCROLL	2270
1169052199109	1	INSTRUCTIONSCROLL	2274
1169052199125	1	INSTRUCTIONSCROLL	2277
1169052199142	1	INSTRUCTIONSCROLL	2280
1169052199159	1	INSTRUCTIONSCROLL	2284
1169052199175	1	INSTRUCTIONSCROLL	2287
1169052199191	1	INSTRUCTIONSCROLL	2290
1169052199208	1	INSTRUCTIONSCROLL	2294
1169052199224	1	INSTRUCTIONSCROLL	2297
1169052199241	1	INSTRUCTIONSCROLL	2300
1169052199258	1	INSTRUCTIONSCROLL	2303
1169052199274	1	INSTRUCTIONSCROLL	2307
1169052199291	1	INSTRUCTIONSCROLL	2310
1169052199308	1	INSTRUCTIONSCROLL	2314
1169052199324	1	INSTRUCTIONSCROLL	2317
1169052199341	1	INSTRUCTIONSCROLL	2320
1169052199358	1	INSTRUCTIONSCROLL	2324
1169052199374	1	INSTRUCTIONSCROLL	2327
1169052199391	1	INSTRUCTIONSCROLL	2330
1169052199408	1	INSTRUCTIONSCROLL	2333
1169052199424	1	INSTRUCTIONSCROLL	2337
1169052199441	1	INSTRUCTIONSCROLL	2340
1169052199458	1	INSTRUCTIONSCROLL	2344
1169052199474	1	INSTRUCTIONSCROLL	2347
1169052199491	1	INSTRUCTIONSCROLL	2350
1169052199508	1	INSTRUCTIONSCROLL	2354
1169052199524	1	INSTRUCTIONSCROLL	2357
1169052199541	1	INSTRUCTIONSCROLL	2360
1169052199558	1	INSTRUCTIONSCROLL	2363
1169052199574	1	INSTRUCTIONSCROLL	2367
1169052199591	1	INSTRUCTIONSCROLL	2370
1169052199608	1	INSTRUCTIONSCROLL	2374
1169052199624	1	INSTRUCTIONSCROLL	2377
1169052199641	1	INSTRUCTIONSCROLL	2380
1169052199658	1	INSTRUCTIONSCROLL	2384
1169052199674	1	INSTRUCTIONSCROLL	2387
1169052199691	1	INSTRUCTIONSCROLL	2390
1169052199708	1	INSTRUCTIONSCROLL	2393
1169052199724	1	INSTRUCTIONSCROLL	2397
1169052199741	1	INSTRUCTIONSCROLL	2400
1169052199758	1	INSTRUCTIONSCROLL	2404
1169052199774	1	INSTRUCTIONSCROLL	2407
1169052199791	1	INSTRUCTIONSCROLL	2410
1169052199808	1	INSTRUCTIONSCROLL	2414
1169052199824	1	INSTRUCTIONSCROLL	2417
1169052199841	1	INSTRUCTIONSCROLL	2420
1169052199858	1	INSTRUCTIONSCROLL	2423
1169052199874	1	INSTRUCTIONSCROLL	2427
1169052199891	1	INSTRUCTIONSCROLL	2430
1169052199908	1	INSTRUCTIONSCROLL	2434
1169052199924	1	INSTRUCTIONSCROLL	2437
1169052199941	1	INSTRUCTIONSCROLL	2440
1169052199958	1	INSTRUCTIONSCROLL	2444
1169052199974	1	INSTRUCTIONSCROLL	2447
1169052199991	1	INSTRUCTIONSCROLL	2450
1169052200009	1	INSTRUCTIONSCROLL	2453
1169052200025	1	INSTRUCTIONSCROLL	2457
1169052200042	1	INSTRUCTIONSCROLL	2460
1169052200059	1	INSTRUCTIONSCROLL	2464
1169052200075	1	INSTRUCTIONSCROLL	2467
1169052200092	1	INSTRUCTIONSCROLL	2470
1169052200108	1	INSTRUCTIONSCROLL	2474
1169052200125	1	INSTRUCTIONSCROLL	2477
1169052200142	1	INSTRUCTIONSCROLL	2480
1169052200158	1	INSTRUCTIONSCROLL	2484
1169052200175	1	INSTRUCTIONSCROLL	2487
1169052200191	1	INSTRUCTIONSCROLL	2490
1169052200207	1	INSTRUCTIONSCROLL	2494
1169052200224	1	INSTRUCTIONSCROLL	2497
1169052200241	1	INSTRUCTIONSCROLL	2500
1169052200257	1	INSTRUCTIONSCROLL	2504
1169052200274	1	INSTRUCTIONSCROLL	2507
1169052200291	1	INSTRUCTIONSCROLL	2510
1169052200307	1	INSTRUCTIONSCROLL	2513
1169052200324	1	INSTRUCTIONSCROLL	2517
1169052200341	1	INSTRUCTIONSCROLL	2520
1169052200357	1	INSTRUCTIONSCROLL	2524
1169052200374	1	INSTRUCTIONSCROLL	2527
1169052200391	1	INSTRUCTIONSCROLL	2530
1169052200407	1	INSTRUCTIONSCROLL	2534
1169052200424	1	INSTRUCTIONSCROLL	2537
1169052200441	1	INSTRUCTIONSCROLL	2540
1169052200457	1	INSTRUCTIONSCROLL	2543
1169052200474	1	INSTRUCTIONSCROLL	2547
1169052200491	1	INSTRUCTIONSCROLL	2550
1169052200507	1	INSTRUCTIONSCROLL	2554
1169052200524	1	INSTRUCTIONSCROLL	2557
1169052200541	1	INSTRUCTIONSCROLL	2560
1169052200557	1	INSTRUCTIONSCROLL	2564
1169052200574	1	INSTRUCTIONSCROLL	2567
1169052200591	1	INSTRUCTIONSCROLL	2570
1169052200607	1	INSTRUCTIONSCROLL	2573
1169052200624	1	INSTRUCTIONSCROLL	2577
1169052200641	1	INSTRUCTIONSCROLL	2580
1169052200657	1	INSTRUCTIONSCROLL	2584
1169052200674	1	INSTRUCTIONSCROLL	2587
1169052200691	1	INSTRUCTIONSCROLL	2590
1169052200707	1	INSTRUCTIONSCROLL	2593
1169052200724	1	INSTRUCTIONSCROLL	2597
1169052200741	1	INSTRUCTIONSCROLL	2600
1169052200757	1	INSTRUCTIONSCROLL	2603
1169052200774	1	INSTRUCTIONSCROLL	2607
1169052200791	1	INSTRUCTIONSCROLL	2610
1169052200807	1	INSTRUCTIONSCROLL	2614
1169052200824	1	INSTRUCTIONSCROLL	2617
1169052200841	1	INSTRUCTIONSCROLL	2620
1169052200857	1	INSTRUCTIONSCROLL	2623
1169052200874	1	INSTRUCTIONSCROLL	2627
1169052200891	1	INSTRUCTIONSCROLL	2630
1169052200907	1	INSTRUCTIONSCROLL	2633
1169052200924	1	INSTRUCTIONSCROLL	2637
1169052200941	1	INSTRUCTIONSCROLL	2640
1169052200957	1	INSTRUCTIONSCROLL	2643
1169052200974	1	INSTRUCTIONSCROLL	2647
1169052200991	1	INSTRUCTIONSCROLL	2650
1169052201008	1	INSTRUCTIONSCROLL	2653
1169052201025	1	INSTRUCTIONSCROLL	2657
1169052201042	1	INSTRUCTIONSCROLL	2660
1169052201058	1	INSTRUCTIONSCROLL	2664
1169052201075	1	INSTRUCTIONSCROLL	2667
1169052201092	1	INSTRUCTIONSCROLL	2670
1169052201108	1	INSTRUCTIONSCROLL	2674
1169052201125	1	INSTRUCTIONSCROLL	2677
1169052201142	1	INSTRUCTIONSCROLL	2680
1169052201158	1	INSTRUCTIONSCROLL	2684
1169052201175	1	INSTRUCTIONSCROLL	2687
1169052201190	1	INSTRUCTIONSCROLL	2690
1169052201207	1	INSTRUCTIONSCROLL	2693
1169052201224	1	INSTRUCTIONSCROLL	2697
1169052201240	1	INSTRUCTIONSCROLL	2700
1169052201257	1	INSTRUCTIONSCROLL	2703
1169052201274	1	INSTRUCTIONSCROLL	2707
1169052201290	1	INSTRUCTIONSCROLL	2710
1169052201307	1	INSTRUCTIONSCROLL	2713
1169052201324	1	INSTRUCTIONSCROLL	2717
1169052201340	1	INSTRUCTIONSCROLL	2720
1169052201357	1	INSTRUCTIONSCROLL	2723
1169052201374	1	INSTRUCTIONSCROLL	2727
1169052201390	1	INSTRUCTIONSCROLL	2730
1169052201407	1	INSTRUCTIONSCROLL	2733
1169052201424	1	INSTRUCTIONSCROLL	2737
1169052201441	1	INSTRUCTIONSCROLL	2740
1169052201457	1	INSTRUCTIONSCROLL	2743
1169052201474	1	INSTRUCTIONSCROLL	2747
1169052201490	1	INSTRUCTIONSCROLL	2750
1169052201507	1	INSTRUCTIONSCROLL	2753
1169052201524	1	INSTRUCTIONSCROLL	2757
1169052201540	1	INSTRUCTIONSCROLL	2760
1169052201557	1	INSTRUCTIONSCROLL	2763
1169052201574	1	INSTRUCTIONSCROLL	2767
1169052201590	1	INSTRUCTIONSCROLL	2770
1169052201607	1	INSTRUCTIONSCROLL	2773
1169052201624	1	INSTRUCTIONSCROLL	2777
1169052201640	1	INSTRUCTIONSCROLL	2780
1169052201657	1	INSTRUCTIONSCROLL	2783
1169052201674	1	INSTRUCTIONSCROLL	2787
1169052201690	1	INSTRUCTIONSCROLL	2790
1169052201707	1	INSTRUCTIONSCROLL	2793
1169052201724	1	INSTRUCTIONSCROLL	2797
1169052201740	1	INSTRUCTIONSCROLL	2800
1169052201757	1	INSTRUCTIONSCROLL	2803
1169052201774	1	INSTRUCTIONSCROLL	2807
1169052201790	1	INSTRUCTIONSCROLL	2810
1169052201807	1	INSTRUCTIONSCROLL	2813
1169052201824	1	INSTRUCTIONSCROLL	2817
1169052201840	1	INSTRUCTIONSCROLL	2820
1169052201857	1	INSTRUCTIONSCROLL	2823
1169052201874	1	INSTRUCTIONSCROLL	2827
1169052201890	1	INSTRUCTIONSCROLL	2830
1169052201907	1	INSTRUCTIONSCROLL	2833
1169052201924	1	INSTRUCTIONSCROLL	2837
1169052201940	1	INSTRUCTIONSCROLL	2840
1169052201957	1	INSTRUCTIONSCROLL	2843
1169052201974	1	INSTRUCTIONSCROLL	2847
1169052201990	1	INSTRUCTIONSCROLL	2850
1169052202008	1	INSTRUCTIONSCROLL	2853
1169052202025	1	INSTRUCTIONSCROLL	2857
1169052202041	1	INSTRUCTIONSCROLL	2860
1169052202058	1	INSTRUCTIONSCROLL	2864
1169052202075	1	INSTRUCTIONSCROLL	2867
1169052202091	1	INSTRUCTIONSCROLL	2870
1169052202108	1	INSTRUCTIONSCROLL	2874
1169052202125	1	INSTRUCTIONSCROLL	2877
1169052202141	1	INSTRUCTIONSCROLL	2880
1169052202158	1	INSTRUCTIONSCROLL	2884
1169052202175	1	INSTRUCTIONSCROLL	2887
1169052202190	1	INSTRUCTIONSCROLL	2890
1169052202207	1	INSTRUCTIONSCROLL	2893
1169052202223	1	INSTRUCTIONSCROLL	2897
1169052202240	1	INSTRUCTIONSCROLL	2900
1169052202257	1	INSTRUCTIONSCROLL	2903
1169052202273	1	INSTRUCTIONSCROLL	2907
1169052202290	1	INSTRUCTIONSCROLL	2910
1169052202307	1	INSTRUCTIONSCROLL	2913
1169052202323	1	INSTRUCTIONSCROLL	2917
1169052202340	1	INSTRUCTIONSCROLL	2920
1169052202357	1	INSTRUCTIONSCROLL	2923
1169052202374	1	INSTRUCTIONSCROLL	2927
1169052202390	1	INSTRUCTIONSCROLL	2930
1169052202407	1	INSTRUCTIONSCROLL	2933
1169052202423	1	INSTRUCTIONSCROLL	2937
1169052202440	1	INSTRUCTIONSCROLL	2940
1169052202457	1	INSTRUCTIONSCROLL	2943
1169052202473	1	INSTRUCTIONSCROLL	2947
1169052202490	1	INSTRUCTIONSCROLL	2950
1169052202507	1	INSTRUCTIONSCROLL	2953
1169052202523	1	INSTRUCTIONSCROLL	2957
1169052202540	1	INSTRUCTIONSCROLL	2960
1169052202557	1	INSTRUCTIONSCROLL	2963
1169052202573	1	INSTRUCTIONSCROLL	2967
1169052202590	1	INSTRUCTIONSCROLL	2970
1169052202607	1	INSTRUCTIONSCROLL	2973
1169052202623	1	INSTRUCTIONSCROLL	2977
1169052202640	1	INSTRUCTIONSCROLL	2980
1169052202657	1	INSTRUCTIONSCROLL	2983
1169052202673	1	INSTRUCTIONSCROLL	2987
1169052202690	1	INSTRUCTIONSCROLL	2990
1169052202707	1	INSTRUCTIONSCROLL	2993
1169052202723	1	INSTRUCTIONSCROLL	2997
1169052202740	1	INSTRUCTIONSCROLL	3000
1169052202757	1	INSTRUCTIONSCROLL	3003
1169052202773	1	INSTRUCTIONSCROLL	3007
1169052202790	1	INSTRUCTIONSCROLL	3010
1169052202807	1	INSTRUCTIONSCROLL	3013
1169052202823	1	INSTRUCTIONSCROLL	3017
1169052202840	1	INSTRUCTIONSCROLL	3020
1169052202857	1	INSTRUCTIONSCROLL	3023
1169052202873	1	INSTRUCTIONSCROLL	3027
1169052202890	1	INSTRUCTIONSCROLL	3030
1169052202907	1	INSTRUCTIONSCROLL	3033
1169052202923	1	INSTRUCTIONSCROLL	3037
1169052202940	1	INSTRUCTIONSCROLL	3040
1169052202957	1	INSTRUCTIONSCROLL	3043
1169052202973	1	INSTRUCTIONSCROLL	3047
1169052202990	1	INSTRUCTIONSCROLL	3050
1169052203008	1	INSTRUCTIONSCROLL	3053
1169052203024	1	INSTRUCTIONSCROLL	3057
1169052203041	1	INSTRUCTIONSCROLL	3060
1169052203058	1	INSTRUCTIONSCROLL	3064
1169052203074	1	INSTRUCTIONSCROLL	3067
1169052203091	1	INSTRUCTIONSCROLL	3070
1169052203108	1	INSTRUCTIONSCROLL	3074
1169052203124	1	INSTRUCTIONSCROLL	3077
1169052203141	1	INSTRUCTIONSCROLL	3080
1169052203157	1	INSTRUCTIONSCROLL	3083
1169052203174	1	INSTRUCTIONSCROLL	3087
1169052203190	1	INSTRUCTIONSCROLL	3090
1169052203207	1	INSTRUCTIONSCROLL	3093
1169052203223	1	INSTRUCTIONSCROLL	3097
1169052203240	1	INSTRUCTIONSCROLL	3100
1169052203256	1	INSTRUCTIONSCROLL	3103
1169052203273	1	INSTRUCTIONSCROLL	3107
1169052203290	1	INSTRUCTIONSCROLL	3110
1169052203307	1	INSTRUCTIONSCROLL	3113
1169052203323	1	INSTRUCTIONSCROLL	3117
1169052203340	1	INSTRUCTIONSCROLL	3120
1169052203357	1	INSTRUCTIONSCROLL	3123
1169052203373	1	INSTRUCTIONSCROLL	3127
1169052203390	1	INSTRUCTIONSCROLL	3130
1169052203406	1	INSTRUCTIONSCROLL	3133
1169052203423	1	INSTRUCTIONSCROLL	3137
1169052203440	1	INSTRUCTIONSCROLL	3140
1169052203456	1	INSTRUCTIONSCROLL	3143
1169052203473	1	INSTRUCTIONSCROLL	3147
1169052203490	1	INSTRUCTIONSCROLL	3150
1169052203506	1	INSTRUCTIONSCROLL	3153
1169052203523	1	INSTRUCTIONSCROLL	3157
1169052203540	1	INSTRUCTIONSCROLL	3160
1169052203556	1	INSTRUCTIONSCROLL	3163
1169052203573	1	INSTRUCTIONSCROLL	3167
1169052203590	1	INSTRUCTIONSCROLL	3170
1169052203606	1	INSTRUCTIONSCROLL	3173
1169052203623	1	INSTRUCTIONSCROLL	3177
1169052203641	1	INSTRUCTIONSCROLL	3180
1169052203656	1	INSTRUCTIONSCROLL	3183
1169052203673	1	INSTRUCTIONSCROLL	3187
1169052203690	1	INSTRUCTIONSCROLL	3190
1169052203706	1	INSTRUCTIONSCROLL	3193
1169052203723	1	INSTRUCTIONSCROLL	3197
1169052203740	1	INSTRUCTIONSCROLL	3200
1169052203756	1	INSTRUCTIONSCROLL	3203
1169052203773	1	INSTRUCTIONSCROLL	3207
1169052203790	1	INSTRUCTIONSCROLL	3210
1169052203806	1	INSTRUCTIONSCROLL	3213
1169052203823	1	INSTRUCTIONSCROLL	3217
1169052203840	1	INSTRUCTIONSCROLL	3220
1169052203856	1	INSTRUCTIONSCROLL	3223
1169052203873	1	INSTRUCTIONSCROLL	3227
1169052203890	1	INSTRUCTIONSCROLL	3230
1169052203906	1	INSTRUCTIONSCROLL	3233
1169052203923	1	INSTRUCTIONSCROLL	3237
1169052203940	1	INSTRUCTIONSCROLL	3240
1169052203956	1	INSTRUCTIONSCROLL	3243
1169052203973	1	INSTRUCTIONSCROLL	3247
1169052203990	1	INSTRUCTIONSCROLL	3250
1169052204007	1	INSTRUCTIONSCROLL	3253
1169052204024	1	INSTRUCTIONSCROLL	3257
1169052204041	1	INSTRUCTIONSCROLL	3260
1169052204057	1	INSTRUCTIONSCROLL	3263
1169052204074	1	INSTRUCTIONSCROLL	3267
1169052204091	1	INSTRUCTIONSCROLL	3270
1169052204107	1	INSTRUCTIONSCROLL	3273
1169052204124	1	INSTRUCTIONSCROLL	3277
1169052204141	1	INSTRUCTIONSCROLL	3280
1169052204157	1	INSTRUCTIONSCROLL	3283
1169052204174	1	INSTRUCTIONSCROLL	3287
1169052204190	1	INSTRUCTIONSCROLL	3290
1169052204206	1	INSTRUCTIONSCROLL	3293
1169052204223	1	INSTRUCTIONSCROLL	3297
1169052204240	1	INSTRUCTIONSCROLL	3300
1169052204256	1	INSTRUCTIONSCROLL	3303
1169052204273	1	INSTRUCTIONSCROLL	3307
1169052204289	1	INSTRUCTIONSCROLL	3310
1169052204306	1	INSTRUCTIONSCROLL	3313
1169052204323	1	INSTRUCTIONSCROLL	3317
1169052204339	1	INSTRUCTIONSCROLL	3320
1169052204356	1	INSTRUCTIONSCROLL	3323
1169052204373	1	INSTRUCTIONSCROLL	3327
1169052204389	1	INSTRUCTIONSCROLL	3330
1169052204406	1	INSTRUCTIONSCROLL	3333
1169052204423	1	INSTRUCTIONSCROLL	3337
1169052204440	1	INSTRUCTIONSCROLL	3340
1169052204456	1	INSTRUCTIONSCROLL	3343
1169052204473	1	INSTRUCTIONSCROLL	3347
1169052204489	1	INSTRUCTIONSCROLL	3350
1169052204506	1	INSTRUCTIONSCROLL	3353
1169052204523	1	INSTRUCTIONSCROLL	3357
1169052204539	1	INSTRUCTIONSCROLL	3360
1169052204556	1	INSTRUCTIONSCROLL	3363
1169052204573	1	INSTRUCTIONSCROLL	3366
1169052204589	1	INSTRUCTIONSCROLL	3370
1169052204606	1	INSTRUCTIONSCROLL	3373
1169052204623	1	INSTRUCTIONSCROLL	3377
1169052204639	1	INSTRUCTIONSCROLL	3380
1169052204656	1	INSTRUCTIONSCROLL	3383
1169052204673	1	INSTRUCTIONSCROLL	3387
1169052204689	1	INSTRUCTIONSCROLL	3390
1169052204706	1	INSTRUCTIONSCROLL	3393
1169052204723	1	INSTRUCTIONSCROLL	3396
1169052204739	1	INSTRUCTIONSCROLL	3400
1169052204756	1	INSTRUCTIONSCROLL	3403
1169052204773	1	INSTRUCTIONSCROLL	3407
1169052204789	1	INSTRUCTIONSCROLL	3410
1169052204806	1	INSTRUCTIONSCROLL	3413
1169052204823	1	INSTRUCTIONSCROLL	3417
1169052204839	1	INSTRUCTIONSCROLL	3420
1169052204856	1	INSTRUCTIONSCROLL	3423
1169052204873	1	INSTRUCTIONSCROLL	3426
1169052204889	1	INSTRUCTIONSCROLL	3430
1169052204906	1	INSTRUCTIONSCROLL	3433
1169052204923	1	INSTRUCTIONSCROLL	3437
1169052204939	1	INSTRUCTIONSCROLL	3440
1169052204956	1	INSTRUCTIONSCROLL	3443
1169052204973	1	INSTRUCTIONSCROLL	3447
1169052204989	1	INSTRUCTIONSCROLL	3450
1169052205007	1	INSTRUCTIONSCROLL	3453
1169052205024	1	INSTRUCTIONSCROLL	3457
1169052205040	1	INSTRUCTIONSCROLL	3460
1169052205057	1	INSTRUCTIONSCROLL	3463
1169052205074	1	INSTRUCTIONSCROLL	3467
1169052205090	1	INSTRUCTIONSCROLL	3470
1169052205107	1	INSTRUCTIONSCROLL	3473
1169052205124	1	INSTRUCTIONSCROLL	3477
1169052205140	1	INSTRUCTIONSCROLL	3480
1169052205157	1	INSTRUCTIONSCROLL	3483
1169052205174	1	INSTRUCTIONSCROLL	3487
1169052205189	1	INSTRUCTIONSCROLL	3490
1169052205206	1	INSTRUCTIONSCROLL	3493
1169052205223	1	INSTRUCTIONSCROLL	3497
1169052205239	1	INSTRUCTIONSCROLL	3500
1169052205256	1	INSTRUCTIONSCROLL	3503
1169052205272	1	INSTRUCTIONSCROLL	3507
1169052205289	1	INSTRUCTIONSCROLL	3510
1169052205306	1	INSTRUCTIONSCROLL	3513
1169052205322	1	INSTRUCTIONSCROLL	3516
1169052205339	1	INSTRUCTIONSCROLL	3520
1169052205356	1	INSTRUCTIONSCROLL	3523
1169052205373	1	INSTRUCTIONSCROLL	3527
1169052205389	1	INSTRUCTIONSCROLL	3530
1169052205406	1	INSTRUCTIONSCROLL	3533
1169052205422	1	INSTRUCTIONSCROLL	3537
1169052205439	1	INSTRUCTIONSCROLL	3540
1169052205456	1	INSTRUCTIONSCROLL	3543
1169052205472	1	INSTRUCTIONSCROLL	3546
1169052205489	1	INSTRUCTIONSCROLL	3550
1169052205506	1	INSTRUCTIONSCROLL	3553
1169052205522	1	INSTRUCTIONSCROLL	3557
1169052205539	1	INSTRUCTIONSCROLL	3560
1169052205556	1	INSTRUCTIONSCROLL	3563
1169052205572	1	INSTRUCTIONSCROLL	3567
1169052205589	1	INSTRUCTIONSCROLL	3570
1169052205606	1	INSTRUCTIONSCROLL	3573
1169052205622	1	INSTRUCTIONSCROLL	3576
1169052205639	1	INSTRUCTIONSCROLL	3580
1169052205656	1	INSTRUCTIONSCROLL	3583
1169052205672	1	INSTRUCTIONSCROLL	3587
1169052205689	1	INSTRUCTIONSCROLL	3590
1169052205706	1	INSTRUCTIONSCROLL	3593
1169052205722	1	INSTRUCTIONSCROLL	3596
1169052205739	1	INSTRUCTIONSCROLL	3600
1169052205756	1	INSTRUCTIONSCROLL	3603
1169052205772	1	INSTRUCTIONSCROLL	3606
1169052205789	1	INSTRUCTIONSCROLL	3610
1169052205806	1	INSTRUCTIONSCROLL	3613
1169052205822	1	INSTRUCTIONSCROLL	3616
1169052205839	1	INSTRUCTIONSCROLL	3620
1169052205856	1	INSTRUCTIONSCROLL	3623
1169052205872	1	INSTRUCTIONSCROLL	3626
1169052205889	1	INSTRUCTIONSCROLL	3630
1169052205906	1	INSTRUCTIONSCROLL	3633
1169052205922	1	INSTRUCTIONSCROLL	3636
1169052205939	1	INSTRUCTIONSCROLL	3640
1169052205956	1	INSTRUCTIONSCROLL	3643
1169052205972	1	INSTRUCTIONSCROLL	3646
1169052205989	1	INSTRUCTIONSCROLL	3650
1169052206007	1	INSTRUCTIONSCROLL	3653
1169052206023	1	INSTRUCTIONSCROLL	3657
1169052206040	1	INSTRUCTIONSCROLL	3660
1169052206057	1	INSTRUCTIONSCROLL	3663
1169052206073	1	INSTRUCTIONSCROLL	3667
1169052206090	1	INSTRUCTIONSCROLL	3670
1169052206107	1	INSTRUCTIONSCROLL	3673
1169052206123	1	INSTRUCTIONSCROLL	3677
1169052206140	1	INSTRUCTIONSCROLL	3680
1169052206157	1	INSTRUCTIONSCROLL	3683
1169052206173	1	INSTRUCTIONSCROLL	3687
1169052206189	1	INSTRUCTIONSCROLL	3690
1169052206206	1	INSTRUCTIONSCROLL	3693
1169052206222	1	INSTRUCTIONSCROLL	3696
1169052206239	1	INSTRUCTIONSCROLL	3700
1169052206256	1	INSTRUCTIONSCROLL	3703
1169052206272	1	INSTRUCTIONSCROLL	3706
1169052206289	1	INSTRUCTIONSCROLL	3710
1169052206306	1	INSTRUCTIONSCROLL	3713
1169052206322	1	INSTRUCTIONSCROLL	3716
1169052206339	1	INSTRUCTIONSCROLL	3720
1169052206355	1	INSTRUCTIONSCROLL	3723
1169052206372	1	INSTRUCTIONSCROLL	3726
1169052206389	1	INSTRUCTIONSCROLL	3730
1169052206405	1	INSTRUCTIONSCROLL	3733
1169052206422	1	INSTRUCTIONSCROLL	3736
1169052206439	1	INSTRUCTIONSCROLL	3740
1169052206455	1	INSTRUCTIONSCROLL	3743
1169052206472	1	INSTRUCTIONSCROLL	3746
1169052206489	1	INSTRUCTIONSCROLL	3750
1169052206505	1	INSTRUCTIONSCROLL	3753
1169052206522	1	INSTRUCTIONSCROLL	3756
1169052206539	1	INSTRUCTIONSCROLL	3760
1169052206555	1	INSTRUCTIONSCROLL	3763
1169052206572	1	INSTRUCTIONSCROLL	3766
1169052206589	1	INSTRUCTIONSCROLL	3770
1169052206605	1	INSTRUCTIONSCROLL	3773
1169052206622	1	INSTRUCTIONSCROLL	3776
1169052206639	1	INSTRUCTIONSCROLL	3780
1169052206655	1	INSTRUCTIONSCROLL	3783
1169052206672	1	INSTRUCTIONSCROLL	3786
1169052206689	1	INSTRUCTIONSCROLL	3790
1169052206705	1	INSTRUCTIONSCROLL	3793
1169052206722	1	INSTRUCTIONSCROLL	3796
1169052206739	1	INSTRUCTIONSCROLL	3800
1169052206755	1	INSTRUCTIONSCROLL	3803
1169052206772	1	INSTRUCTIONSCROLL	3806
1169052206789	1	INSTRUCTIONSCROLL	3810
1169052206805	1	INSTRUCTIONSCROLL	3813
1169052206822	1	INSTRUCTIONSCROLL	3816
1169052206839	1	INSTRUCTIONSCROLL	3820
1169052206855	1	INSTRUCTIONSCROLL	3823
1169052206872	1	INSTRUCTIONSCROLL	3826
1169052206889	1	INSTRUCTIONSCROLL	3830
1169052206905	1	INSTRUCTIONSCROLL	3833
1169052206922	1	INSTRUCTIONSCROLL	3836
1169052206939	1	INSTRUCTIONSCROLL	3840
1169052206955	1	INSTRUCTIONSCROLL	3843
1169052206972	1	INSTRUCTIONSCROLL	3846
1169052206989	1	INSTRUCTIONSCROLL	3850
1169052207006	1	INSTRUCTIONSCROLL	3853
1169052207023	1	INSTRUCTIONSCROLL	3857
1169052207040	1	INSTRUCTIONSCROLL	3860
1169052207056	1	INSTRUCTIONSCROLL	3863
1169052207073	1	INSTRUCTIONSCROLL	3867
1169052207090	1	INSTRUCTIONSCROLL	3870
1169052207106	1	INSTRUCTIONSCROLL	3873
1169052207123	1	INSTRUCTIONSCROLL	3877
1169052207140	1	INSTRUCTIONSCROLL	3880
1169052207156	1	INSTRUCTIONSCROLL	3883
1169052207173	1	INSTRUCTIONSCROLL	3887
1169052207189	1	INSTRUCTIONSCROLL	3890
1169052207205	1	INSTRUCTIONSCROLL	3893
1169052207222	1	INSTRUCTIONSCROLL	3896
1169052207239	1	INSTRUCTIONSCROLL	3900
1169052207255	1	INSTRUCTIONSCROLL	3903
1169052207272	1	INSTRUCTIONSCROLL	3906
1169052207289	1	INSTRUCTIONSCROLL	3910
1169052207305	1	INSTRUCTIONSCROLL	3913
1169052207322	1	INSTRUCTIONSCROLL	3916
1169052207339	1	INSTRUCTIONSCROLL	3920
1169052207355	1	INSTRUCTIONSCROLL	3923
1169052207372	1	INSTRUCTIONSCROLL	3926
1169052207389	1	INSTRUCTIONSCROLL	3930
1169052207405	1	INSTRUCTIONSCROLL	3933
1169052207422	1	INSTRUCTIONSCROLL	3936
1169052207438	1	INSTRUCTIONSCROLL	3940
1169052207455	1	INSTRUCTIONSCROLL	3943
1169052207472	1	INSTRUCTIONSCROLL	3946
1169052207488	1	INSTRUCTIONSCROLL	3950
1169052207505	1	INSTRUCTIONSCROLL	3953
1169052207522	1	INSTRUCTIONSCROLL	3956
1169052207538	1	INSTRUCTIONSCROLL	3960
1169052207555	1	INSTRUCTIONSCROLL	3963
1169052207572	1	INSTRUCTIONSCROLL	3966
1169052207588	1	INSTRUCTIONSCROLL	3970
1169052207605	1	INSTRUCTIONSCROLL	3973
1169052207622	1	INSTRUCTIONSCROLL	3976
1169052207638	1	INSTRUCTIONSCROLL	3980
1169052207655	1	INSTRUCTIONSCROLL	3983
1169052207672	1	INSTRUCTIONSCROLL	3986
1169052207688	1	INSTRUCTIONSCROLL	3990
1169052207705	1	INSTRUCTIONSCROLL	3993
1169052207722	1	INSTRUCTIONSCROLL	3996
1169052207738	1	INSTRUCTIONSCROLL	4000
1169052207755	1	INSTRUCTIONSCROLL	4003
1169052207772	1	INSTRUCTIONSCROLL	4006
1169052207788	1	INSTRUCTIONSCROLL	4010
1169052207805	1	INSTRUCTIONSCROLL	4013
1169052207822	1	INSTRUCTIONSCROLL	4016
1169052207838	1	INSTRUCTIONSCROLL	4020
1169052207855	1	INSTRUCTIONSCROLL	4023
1169052207872	1	INSTRUCTIONSCROLL	4026
1169052207888	1	INSTRUCTIONSCROLL	4030
1169052207905	1	INSTRUCTIONSCROLL	4033
1169052207922	1	INSTRUCTIONSCROLL	4036
1169052207938	1	INSTRUCTIONSCROLL	4040
1169052207955	1	INSTRUCTIONSCROLL	4043
1169052207972	1	INSTRUCTIONSCROLL	4046
1169052207988	1	INSTRUCTIONSCROLL	4050
1169052208006	1	INSTRUCTIONSCROLL	4053
1169052208023	1	INSTRUCTIONSCROLL	4056
1169052208039	1	INSTRUCTIONSCROLL	4060
1169052208056	1	INSTRUCTIONSCROLL	4063
1169052208073	1	INSTRUCTIONSCROLL	4067
1169052208089	1	INSTRUCTIONSCROLL	4070
1169052208106	1	INSTRUCTIONSCROLL	4073
1169052208123	1	INSTRUCTIONSCROLL	4076
1169052208139	1	INSTRUCTIONSCROLL	4080
1169052208156	1	INSTRUCTIONSCROLL	4083
1169052208173	1	INSTRUCTIONSCROLL	4086
1169052208188	1	INSTRUCTIONSCROLL	4090
1169052208205	1	INSTRUCTIONSCROLL	4093
1169052208222	1	INSTRUCTIONSCROLL	4096
1169052208238	1	INSTRUCTIONSCROLL	4100
1169052208255	1	INSTRUCTIONSCROLL	4103
1169052208272	1	INSTRUCTIONSCROLL	4106
1169052208288	1	INSTRUCTIONSCROLL	4110
1169052208305	1	INSTRUCTIONSCROLL	4113
1169052208322	1	INSTRUCTIONSCROLL	4116
1169052208338	1	INSTRUCTIONSCROLL	4120
1169052208355	1	INSTRUCTIONSCROLL	4123
1169052208372	1	INSTRUCTIONSCROLL	4126
1169052208388	1	INSTRUCTIONSCROLL	4130
1169052208405	1	INSTRUCTIONSCROLL	4133
1169052208421	1	INSTRUCTIONSCROLL	4136
1169052208438	1	INSTRUCTIONSCROLL	4140
1169052208455	1	INSTRUCTIONSCROLL	4143
1169052208471	1	INSTRUCTIONSCROLL	4146
1169052208488	1	INSTRUCTIONSCROLL	4150
1169052208505	1	INSTRUCTIONSCROLL	4153
1169052208521	1	INSTRUCTIONSCROLL	4156
1169052208538	1	INSTRUCTIONSCROLL	4160
1169052208555	1	INSTRUCTIONSCROLL	4163
1169052208571	1	INSTRUCTIONSCROLL	4166
1169052208588	1	INSTRUCTIONSCROLL	4170
1169052208605	1	INSTRUCTIONSCROLL	4173
1169052208621	1	INSTRUCTIONSCROLL	4176
1169052208638	1	INSTRUCTIONSCROLL	4179
1169052208655	1	INSTRUCTIONSCROLL	4183
1169052208671	1	INSTRUCTIONSCROLL	4186
1169052208688	1	INSTRUCTIONSCROLL	4189
1169052208705	1	INSTRUCTIONSCROLL	4193
1169052208721	1	INSTRUCTIONSCROLL	4196
1169052208738	1	INSTRUCTIONSCROLL	4199
1169052208755	1	INSTRUCTIONSCROLL	4203
1169052208771	1	INSTRUCTIONSCROLL	4206
1169052208788	1	INSTRUCTIONSCROLL	4209
1169052208805	1	INSTRUCTIONSCROLL	4213
1169052208821	1	INSTRUCTIONSCROLL	4216
1169052208838	1	INSTRUCTIONSCROLL	4219
1169052208855	1	INSTRUCTIONSCROLL	4223
1169052208871	1	INSTRUCTIONSCROLL	4226
1169052208888	1	INSTRUCTIONSCROLL	4229
1169052208905	1	INSTRUCTIONSCROLL	4233
1169052208921	1	INSTRUCTIONSCROLL	4236
1169052208938	1	INSTRUCTIONSCROLL	4239
1169052208955	1	INSTRUCTIONSCROLL	4243
1169052208971	1	INSTRUCTIONSCROLL	4246
1169052208988	1	INSTRUCTIONSCROLL	4249
1169052209006	1	INSTRUCTIONSCROLL	4253
1169052209022	1	INSTRUCTIONSCROLL	4256
1169052209039	1	INSTRUCTIONSCROLL	4260
1169052209056	1	INSTRUCTIONSCROLL	4263
1169052209072	1	INSTRUCTIONSCROLL	4266
1169052209089	1	INSTRUCTIONSCROLL	4270
1169052209106	1	INSTRUCTIONSCROLL	4273
1169052209122	1	INSTRUCTIONSCROLL	4276
1169052209139	1	INSTRUCTIONSCROLL	4280
1169052209156	1	INSTRUCTIONSCROLL	4283
1169052209172	1	INSTRUCTIONSCROLL	4286
1169052209188	1	INSTRUCTIONSCROLL	4290
1169052209205	1	INSTRUCTIONSCROLL	4293
1169052209221	1	INSTRUCTIONSCROLL	4296
1169052209238	1	INSTRUCTIONSCROLL	4299
1169052209255	1	INSTRUCTIONSCROLL	4303
1169052209271	1	INSTRUCTIONSCROLL	4306
1169052209288	1	INSTRUCTIONSCROLL	4309
1169052209305	1	INSTRUCTIONSCROLL	4313
1169052209321	1	INSTRUCTIONSCROLL	4316
1169052209338	1	INSTRUCTIONSCROLL	4319
1169052209355	1	INSTRUCTIONSCROLL	4323
1169052209371	1	INSTRUCTIONSCROLL	4326
1169052209388	1	INSTRUCTIONSCROLL	4329
1169052209404	1	INSTRUCTIONSCROLL	4333
1169052209421	1	INSTRUCTIONSCROLL	4336
1169052209438	1	INSTRUCTIONSCROLL	4339
1169052209454	1	INSTRUCTIONSCROLL	4343
1169052209471	1	INSTRUCTIONSCROLL	4346
1169052209488	1	INSTRUCTIONSCROLL	4349
1169052209504	1	INSTRUCTIONSCROLL	4353
1169052209521	1	INSTRUCTIONSCROLL	4356
1169052209538	1	INSTRUCTIONSCROLL	4359
1169052209554	1	INSTRUCTIONSCROLL	4363
1169052209571	1	INSTRUCTIONSCROLL	4366
1169052209588	1	INSTRUCTIONSCROLL	4369
1169052209605	1	INSTRUCTIONSCROLL	4373
1169052209621	1	INSTRUCTIONSCROLL	4376
1169052209638	1	INSTRUCTIONSCROLL	4379
1169052209654	1	INSTRUCTIONSCROLL	4383
1169052209671	1	INSTRUCTIONSCROLL	4386
1169052209688	1	INSTRUCTIONSCROLL	4389
1169052209704	1	INSTRUCTIONSCROLL	4393
1169052209721	1	INSTRUCTIONSCROLL	4396
1169052209738	1	INSTRUCTIONSCROLL	4399
1169052209754	1	INSTRUCTIONSCROLL	4403
1169052209771	1	INSTRUCTIONSCROLL	4406
1169052209788	1	INSTRUCTIONSCROLL	4409
1169052209804	1	INSTRUCTIONSCROLL	4413
1169052209821	1	INSTRUCTIONSCROLL	4416
1169052209838	1	INSTRUCTIONSCROLL	4419
1169052209854	1	INSTRUCTIONSCROLL	4423
1169052209871	1	INSTRUCTIONSCROLL	4426
1169052209888	1	INSTRUCTIONSCROLL	4429
1169052209904	1	INSTRUCTIONSCROLL	4433
1169052209921	1	INSTRUCTIONSCROLL	4436
1169052209938	1	INSTRUCTIONSCROLL	4439
1169052209954	1	INSTRUCTIONSCROLL	4443
1169052209971	1	INSTRUCTIONSCROLL	4446
1169052209988	1	INSTRUCTIONSCROLL	4449
1169052210005	1	INSTRUCTIONSCROLL	4453
1169052210022	1	INSTRUCTIONSCROLL	4456
1169052210039	1	INSTRUCTIONSCROLL	4459
1169052210055	1	INSTRUCTIONSCROLL	4463
1169052210072	1	INSTRUCTIONSCROLL	4466
1169052210089	1	INSTRUCTIONSCROLL	4470
1169052210105	1	INSTRUCTIONSCROLL	4473
1169052210122	1	INSTRUCTIONSCROLL	4476
1169052210139	1	INSTRUCTIONSCROLL	4480
1169052210155	1	INSTRUCTIONSCROLL	4483
1169052210172	1	INSTRUCTIONSCROLL	4486
1169052210188	1	INSTRUCTIONSCROLL	4489
1169052210204	1	INSTRUCTIONSCROLL	4493
1169052210221	1	INSTRUCTIONSCROLL	4496
1169052210238	1	INSTRUCTIONSCROLL	4499
1169052210254	1	INSTRUCTIONSCROLL	4503
1169052210271	1	INSTRUCTIONSCROLL	4506
1169052210288	1	INSTRUCTIONSCROLL	4509
1169052210304	1	INSTRUCTIONSCROLL	4513
1169052210321	1	INSTRUCTIONSCROLL	4516
1169052210338	1	INSTRUCTIONSCROLL	4519
1169052210354	1	INSTRUCTIONSCROLL	4523
1169052210371	1	INSTRUCTIONSCROLL	4526
1169052210388	1	INSTRUCTIONSCROLL	4529
1169052210404	1	INSTRUCTIONSCROLL	4533
1169052210421	1	INSTRUCTIONSCROLL	4536
1169052210438	1	INSTRUCTIONSCROLL	4539
1169052210454	1	INSTRUCTIONSCROLL	4543
1169052210471	1	INSTRUCTIONSCROLL	4546
1169052210487	1	INSTRUCTIONSCROLL	4549
1169052210504	1	INSTRUCTIONSCROLL	4553
1169052210521	1	INSTRUCTIONSCROLL	4556
1169052210538	1	INSTRUCTIONSCROLL	4559
1169052210554	1	INSTRUCTIONSCROLL	4563
1169052210571	1	INSTRUCTIONSCROLL	4566
1169052210587	1	INSTRUCTIONSCROLL	4569
1169052210604	1	INSTRUCTIONSCROLL	4573
1169052210621	1	INSTRUCTIONSCROLL	4576
1169052210638	1	INSTRUCTIONSCROLL	4579
1169052210654	1	INSTRUCTIONSCROLL	4583
1169052210671	1	INSTRUCTIONSCROLL	4586
1169052210687	1	INSTRUCTIONSCROLL	4589
1169052210704	1	INSTRUCTIONSCROLL	4593
1169052210721	1	INSTRUCTIONSCROLL	4596
1169052210737	1	INSTRUCTIONSCROLL	4599
1169052210754	1	INSTRUCTIONSCROLL	4603
1169052210771	1	INSTRUCTIONSCROLL	4606
1169052210787	1	INSTRUCTIONSCROLL	4609
1169052210804	1	INSTRUCTIONSCROLL	4613
1169052210821	1	INSTRUCTIONSCROLL	4616
1169052210837	1	INSTRUCTIONSCROLL	4619
1169052210854	1	INSTRUCTIONSCROLL	4623
1169052210871	1	INSTRUCTIONSCROLL	4626
1169052210887	1	INSTRUCTIONSCROLL	4629
1169052210904	1	INSTRUCTIONSCROLL	4633
1169052210921	1	INSTRUCTIONSCROLL	4636
1169052210937	1	INSTRUCTIONSCROLL	4639
1169052210954	1	INSTRUCTIONSCROLL	4643
1169052210971	1	INSTRUCTIONSCROLL	4646
1169052210987	1	INSTRUCTIONSCROLL	4649
1169052211005	1	INSTRUCTIONSCROLL	4653
1169052211022	1	INSTRUCTIONSCROLL	4656
1169052211038	1	INSTRUCTIONSCROLL	4659
1169052211055	1	INSTRUCTIONSCROLL	4663
1169052211072	1	INSTRUCTIONSCROLL	4666
1169052211088	1	INSTRUCTIONSCROLL	4669
1169052211105	1	INSTRUCTIONSCROLL	4673
1169052211122	1	INSTRUCTIONSCROLL	4676
1169052211138	1	INSTRUCTIONSCROLL	4679
1169052211155	1	INSTRUCTIONSCROLL	4683
1169052211172	1	INSTRUCTIONSCROLL	4686
1169052211187	1	INSTRUCTIONSCROLL	4689
1169052211204	1	INSTRUCTIONSCROLL	4693
1169052211221	1	INSTRUCTIONSCROLL	4696
1169052211237	1	INSTRUCTIONSCROLL	4699
1169052211254	1	INSTRUCTIONSCROLL	4703
1169052211271	1	INSTRUCTIONSCROLL	4706
1169052211287	1	INSTRUCTIONSCROLL	4709
1169052211304	1	INSTRUCTIONSCROLL	4713
1169052211321	1	INSTRUCTIONSCROLL	4716
1169052211337	1	INSTRUCTIONSCROLL	4719
1169052211354	1	INSTRUCTIONSCROLL	4723
1169052211371	1	INSTRUCTIONSCROLL	4726
1169052211387	1	INSTRUCTIONSCROLL	4729
1169052211404	1	INSTRUCTIONSCROLL	4733
1169052211421	1	INSTRUCTIONSCROLL	4736
1169052211437	1	INSTRUCTIONSCROLL	4739
1169052211454	1	INSTRUCTIONSCROLL	4743
1169052211471	1	INSTRUCTIONSCROLL	4746
1169052211487	1	INSTRUCTIONSCROLL	4749
1169052211504	1	INSTRUCTIONSCROLL	4753
1169052211521	1	INSTRUCTIONSCROLL	4756
1169052211537	1	INSTRUCTIONSCROLL	4759
1169052211554	1	INSTRUCTIONSCROLL	4763
1169052211571	1	INSTRUCTIONSCROLL	4766
1169052211587	1	INSTRUCTIONSCROLL	4769
1169052211604	1	INSTRUCTIONSCROLL	4773
1169052211621	1	INSTRUCTIONSCROLL	4776
1169052211637	1	INSTRUCTIONSCROLL	4779
1169052211654	1	INSTRUCTIONSCROLL	4782
1169052211670	1	INSTRUCTIONSCROLL	4786
1169052211687	1	INSTRUCTIONSCROLL	4789
1169052211704	1	INSTRUCTIONSCROLL	4793
1169052211720	1	INSTRUCTIONSCROLL	4796
1169052211737	1	INSTRUCTIONSCROLL	4799
1169052211754	1	INSTRUCTIONSCROLL	4802
1169052211770	1	INSTRUCTIONSCROLL	4806
1169052211787	1	INSTRUCTIONSCROLL	4809
1169052211804	1	INSTRUCTIONSCROLL	4813
1169052211820	1	INSTRUCTIONSCROLL	4816
1169052211837	1	INSTRUCTIONSCROLL	4819
1169052211854	1	INSTRUCTIONSCROLL	4823
1169052211870	1	INSTRUCTIONSCROLL	4826
1169052211887	1	INSTRUCTIONSCROLL	4829
1169052211904	1	INSTRUCTIONSCROLL	4832
1169052211920	1	INSTRUCTIONSCROLL	4836
1169052211937	1	INSTRUCTIONSCROLL	4839
1169052211954	1	INSTRUCTIONSCROLL	4842
1169052211970	1	INSTRUCTIONSCROLL	4846
1169052211987	1	INSTRUCTIONSCROLL	4849
1169052212005	1	INSTRUCTIONSCROLL	4853
1169052212021	1	INSTRUCTIONSCROLL	4856
1169052212038	1	INSTRUCTIONSCROLL	4859
1169052212055	1	INSTRUCTIONSCROLL	4863
1169052212071	1	INSTRUCTIONSCROLL	4866
1169052212088	1	INSTRUCTIONSCROLL	4869
1169052212105	1	INSTRUCTIONSCROLL	4873
1169052212121	1	INSTRUCTIONSCROLL	4876
1169052212138	1	INSTRUCTIONSCROLL	4879
1169052212155	1	INSTRUCTIONSCROLL	4883
1169052212171	1	INSTRUCTIONSCROLL	4886
1169052212187	1	INSTRUCTIONSCROLL	4889
1169052212204	1	INSTRUCTIONSCROLL	4892
1169052212220	1	INSTRUCTIONSCROLL	4896
1169052212237	1	INSTRUCTIONSCROLL	4899
1169052212254	1	INSTRUCTIONSCROLL	4902
1169052212270	1	INSTRUCTIONSCROLL	4906
1169052212287	1	INSTRUCTIONSCROLL	4909
1169052212304	1	INSTRUCTIONSCROLL	4913
1169052212320	1	INSTRUCTIONSCROLL	4916
1169052212337	1	INSTRUCTIONSCROLL	4919
1169052212354	1	INSTRUCTIONSCROLL	4922
1169052212370	1	INSTRUCTIONSCROLL	4926
1169052212387	1	INSTRUCTIONSCROLL	4929
1169052212404	1	INSTRUCTIONSCROLL	4933
1169052212420	1	INSTRUCTIONSCROLL	4936
1169052212437	1	INSTRUCTIONSCROLL	4939
1169052212454	1	INSTRUCTIONSCROLL	4943
1169052212470	1	INSTRUCTIONSCROLL	4946
1169052212487	1	INSTRUCTIONSCROLL	4949
1169052212504	1	INSTRUCTIONSCROLL	4952
1169052212520	1	INSTRUCTIONSCROLL	4955
1169052251924	1	INSTRUCTIONSTOP	Button set (OR)
1169052251925	0	E	Logging Ends
