1160144898158	0	B	Logging Begins
1160144898159	0	SESS_START	0
1160144946632	0	TRIAL	1
1160144951804	1	FACE	864	PRES1_NNNP	Incorrect	LL1	PP0	Lure_PPPP	0	PRACTICE
1160144955630	1	FACE	864	CUE	Incorrect	LL1	PP0	Lure_PPPP	0	PRACTICE
1160144956494	0	FACE	864	RESP	Incorrect	LL1	PP0	Lure_PPPP	0	PRACTICE
1160144956526	0	TRIAL	2
1160144960991	1	FACE	961	PRES1_PPNN	Correct	LL1	PP0	Lure_PNNP	0	PRACTICE
1160144964897	1	FACE	961	CUE	Correct	LL1	PP0	Lure_PNNP	0	PRACTICE
1160144965858	0	FACE	961	RESP	Correct	LL1	PP0	Lure_PNNP	0	PRACTICE
1160144965888	0	TRIAL	3
1160144970484	1	FACE	875	PRES1_NNNN	Incorrect	LL1	PP0	Lure_PNPN	0	PRACTICE
1160144974338	1	FACE	875	CUE	Incorrect	LL1	PP0	Lure_PNPN	0	PRACTICE
1160144975213	0	FACE	875	RESP	Incorrect	LL1	PP0	Lure_PNPN	0	PRACTICE
1160144975235	0	TRIAL	4
1160144979218	1	FACE	823	PRES1_PPPN	Correct	LL1	PP1	Target_PPPN	0	PRACTICE
1160144983245	1	FACE	823	CUE	Correct	LL1	PP1	Target_PPPN	0	PRACTICE
1160144984068	0	FACE	823	RESP	Correct	LL1	PP1	Target_PPPN	0	PRACTICE
1160144984090	0	TRIAL	5
1160144987417	1	FACE	808	PRES1_PNNN	Correct	LL1	PP1	Target_PNNN	0	PRACTICE
1160144991338	1	FACE	808	CUE	Correct	LL1	PP1	Target_PNNN	0	PRACTICE
1160144992146	0	FACE	808	RESP	Correct	LL1	PP1	Target_PNNN	0	PRACTICE
1160144992169	0	TRIAL	6
1160144995352	1	FACE	1444	PRES1_NNPP	Correct	LL1	PP0	Lure_PPNP	0	PRACTICE
1160144999085	1	FACE	1444	CUE	Correct	LL1	PP0	Lure_PPNP	0	PRACTICE
1160145000529	0	FACE	1444	RESP	Correct	LL1	PP0	Lure_PPNP	0	PRACTICE
1160145000556	0	TRIAL	7
1160145003484	1	FACE	713	PRES1_NPNP	Correct	LL1	PP1	Target_NPNP	0	PRACTICE
1160145007272	1	FACE	713	CUE	Correct	LL1	PP1	Target_NPNP	0	PRACTICE
1160145007985	0	FACE	713	RESP	Correct	LL1	PP1	Target_NPNP	0	PRACTICE
1160145008009	0	TRIAL	8
1160145010978	1	FACE	1128	PRES1_PPNN	Correct	LL1	PP1	Target_PPNN	0	PRACTICE
1160145014938	1	FACE	1128	CUE	Correct	LL1	PP1	Target_PPNN	0	PRACTICE
1160145016066	0	FACE	1128	RESP	Correct	LL1	PP1	Target_PPNN	0	PRACTICE
1160145016089	0	TRIAL	9
1160145018978	1	FACE	872	PRES1_NPPN	Correct	LL1	PP0	Lure_PPPN	0	PRACTICE
1160145022911	1	FACE	872	CUE	Correct	LL1	PP0	Lure_PPPN	0	PRACTICE
1160145023783	0	FACE	872	RESP	Correct	LL1	PP0	Lure_PPPN	0	PRACTICE
1160145023808	0	TRIAL	10
1160145026711	1	FACE	1374	PRES1_PNNN	Correct	LL1	PP0	Lure_NPPP	0	PRACTICE
1160145030551	1	FACE	1374	CUE	Correct	LL1	PP0	Lure_NPPP	0	PRACTICE
1160145031925	0	FACE	1374	RESP	Correct	LL1	PP0	Lure_NPPP	0	PRACTICE
1160145031955	0	TRIAL	11
1160145034818	1	FACE	1118	PRES1_PNNP	Correct	LL1	PP1	Target_PNNP	0	PRACTICE
1160145038645	1	FACE	1118	CUE	Correct	LL1	PP1	Target_PNNP	0	PRACTICE
1160145039763	1	FACE	1118	RESP	Correct	LL1	PP1	Target_PNNP	0	PRACTICE
1160145039799	0	TRIAL	12
1160145042671	1	FACE	989	PRES1_PPPP	Correct	LL1	PP1	Target_PPPP	0	PRACTICE
1160145046591	1	FACE	989	CUE	Correct	LL1	PP1	Target_PPPP	0	PRACTICE
1160145047580	0	FACE	989	RESP	Correct	LL1	PP1	Target_PPPP	0	PRACTICE
1160145047608	0	TRIAL	13
1160145050525	1	FACE	764	PRES1_NPNN	Correct	LL1	PP1	Target_NPNN	0	PRACTICE
1160145054366	1	FACE	764	CUE	Correct	LL1	PP1	Target_NPNN	0	PRACTICE
1160145055130	0	FACE	764	RESP	Correct	LL1	PP1	Target_NPNN	0	PRACTICE
1160145055156	0	TRIAL	14
1160145058086	1	FACE	1226	PRES1_NNPN	Correct	LL1	PP0	Lure_NNPP	0	PRACTICE
1160145062032	1	FACE	1226	CUE	Correct	LL1	PP0	Lure_NNPP	0	PRACTICE
1160145063258	0	FACE	1226	RESP	Correct	LL1	PP0	Lure_NNPP	0	PRACTICE
1160145063289	0	TRIAL	15
1160145066219	1	FACE	1028	PRES1_PNPN	Correct	LL1	PP0	Lure_NNNP	0	PRACTICE
1160145069978	1	FACE	1028	CUE	Correct	LL1	PP0	Lure_NNNP	0	PRACTICE
1160145071006	0	FACE	1028	RESP	Correct	LL1	PP0	Lure_NNNP	0	PRACTICE
1160145071036	0	TRIAL	16
1160145074073	1	FACE	941	PRES1_PPNP	Incorrect	LL1	PP0	Lure_NPNN	0	PRACTICE
1160145077938	1	FACE	941	CUE	Incorrect	LL1	PP0	Lure_NPNN	0	PRACTICE
1160145078879	0	FACE	941	RESP	Incorrect	LL1	PP0	Lure_NPNN	0	PRACTICE
1160145078902	0	TRIAL	17
1160145081712	1	FACE	911	PRES1_PNNP	Correct	LL1	PP0	Lure_NPNP	0	PRACTICE
1160145085698	1	FACE	911	CUE	Correct	LL1	PP0	Lure_NPNP	0	PRACTICE
1160145086609	0	FACE	911	RESP	Correct	LL1	PP0	Lure_NPNP	0	PRACTICE
1160145086636	0	TRIAL	18
1160145089565	1	FACE	1815	PRES1_NNNN	Incorrect	LL1	PP1	Target_NNNN	0	PRACTICE
1160145093418	1	FACE	1815	CUE	Incorrect	LL1	PP1	Target_NNNN	0	PRACTICE
1160145095233	0	FACE	1815	RESP	Incorrect	LL1	PP1	Target_NNNN	0	PRACTICE
1160145095263	0	TRIAL	19
1160145098179	1	FACE	878	PRES1_PPNP	Correct	LL1	PP1	Target_PPNP	0	PRACTICE
1160145102046	1	FACE	878	CUE	Correct	LL1	PP1	Target_PPNP	0	PRACTICE
1160145102924	0	FACE	878	RESP	Correct	LL1	PP1	Target_PPNP	0	PRACTICE
1160145102955	0	TRIAL	20
1160145105752	1	FACE	916	PRES1_NPPN	Correct	LL1	PP1	Target_NPPN	0	PRACTICE
1160145109765	1	FACE	916	CUE	Correct	LL1	PP1	Target_NPPN	0	PRACTICE
1160145110681	0	FACE	916	RESP	Correct	LL1	PP1	Target_NPPN	0	PRACTICE
1160145110702	0	TRIAL	21
1160145113525	1	FACE	1138	PRES1_PNPP	Incorrect	LL1	PP1	Target_PNPP	0	PRACTICE
1160145117592	1	FACE	1138	CUE	Incorrect	LL1	PP1	Target_PNPP	0	PRACTICE
1160145118730	0	FACE	1138	RESP	Incorrect	LL1	PP1	Target_PNPP	0	PRACTICE
1160145118755	0	TRIAL	22
1160145121699	1	FACE	943	PRES1_NNNP	Correct	LL1	PP1	Target_NNNP	0	PRACTICE
1160145125525	1	FACE	943	CUE	Correct	LL1	PP1	Target_NNNP	0	PRACTICE
1160145126468	1	FACE	943	RESP	Correct	LL1	PP1	Target_NNNP	0	PRACTICE
1160145126490	0	TRIAL	23
1160145129313	1	FACE	823	PRES1_NPPP	Correct	LL1	PP0	Lure_NNPN	0	PRACTICE
1160145133060	1	FACE	823	CUE	Correct	LL1	PP0	Lure_NNPN	0	PRACTICE
1160145133883	0	FACE	823	RESP	Correct	LL1	PP0	Lure_NNPN	0	PRACTICE
1160145133902	0	TRIAL	24
1160145136712	1	FACE	775	PRES1_NPNP	Correct	LL1	PP0	Lure_PNPP	0	PRACTICE
1160145140472	1	FACE	775	CUE	Correct	LL1	PP0	Lure_PNPP	0	PRACTICE
1160145141247	0	FACE	775	RESP	Correct	LL1	PP0	Lure_PNPP	0	PRACTICE
1160145141277	0	TRIAL	25
1160145144113	1	FACE	1057	PRES1_PPPP	Correct	LL1	PP0	Lure_PPNN	0	PRACTICE
1160145147939	1	FACE	1057	CUE	Correct	LL1	PP0	Lure_PPNN	0	PRACTICE
1160145148996	0	FACE	1057	RESP	Correct	LL1	PP0	Lure_PPNN	0	PRACTICE
1160145149023	0	TRIAL	26
1160145151832	1	FACE	730	PRES1_NNPP	Correct	LL1	PP1	Target_NNPP	0	PRACTICE
1160145155766	1	FACE	730	CUE	Correct	LL1	PP1	Target_NNPP	0	PRACTICE
1160145156496	0	FACE	730	RESP	Correct	LL1	PP1	Target_NNPP	0	PRACTICE
1160145156516	0	TRIAL	27
1160145159340	1	FACE	1477	PRES1_NPNN	Correct	LL1	PP0	Lure_NNNN	0	PRACTICE
1160145163300	1	FACE	1477	CUE	Correct	LL1	PP0	Lure_NNNN	0	PRACTICE
1160145164777	0	FACE	1477	RESP	Correct	LL1	PP0	Lure_NNNN	0	PRACTICE
1160145164810	0	TRIAL	28
1160145167712	1	FACE	1110	PRES1_NPPP	Correct	LL1	PP1	Target_NPPP	0	PRACTICE
1160145171606	1	FACE	1110	CUE	Correct	LL1	PP1	Target_NPPP	0	PRACTICE
1160145172716	0	FACE	1110	RESP	Correct	LL1	PP1	Target_NPPP	0	PRACTICE
1160145172743	0	TRIAL	29
1160145175539	1	FACE	858	PRES1_PNPP	Correct	LL1	PP0	Lure_NPPN	0	PRACTICE
1160145179327	1	FACE	858	CUE	Correct	LL1	PP0	Lure_NPPN	0	PRACTICE
1160145180185	0	FACE	858	RESP	Correct	LL1	PP0	Lure_NPPN	0	PRACTICE
1160145180210	0	TRIAL	30
1160145183020	1	FACE	1031	PRES1_PNPN	Correct	LL1	PP1	Target_PNPN	0	PRACTICE
1160145186779	1	FACE	1031	CUE	Correct	LL1	PP1	Target_PNPN	0	PRACTICE
1160145187810	0	FACE	1031	RESP	Correct	LL1	PP1	Target_PNPN	0	PRACTICE
1160145187836	0	TRIAL	31
1160145190673	1	FACE	1484	PRES1_NNPN	Correct	LL1	PP1	Target_NNPN	0	PRACTICE
1160145194486	1	FACE	1484	CUE	Correct	LL1	PP1	Target_NNPN	0	PRACTICE
1160145195970	0	FACE	1484	RESP	Correct	LL1	PP1	Target_NNPN	0	PRACTICE
1160145195983	0	TRIAL	32
1160145198859	1	FACE	1333	PRES1_PPPN	Correct	LL1	PP0	Lure_PNNN	0	PRACTICE
1160145202793	1	FACE	1333	CUE	Correct	LL1	PP0	Lure_PNNN	0	PRACTICE
1160145204126	0	FACE	1333	RESP	Correct	LL1	PP0	Lure_PNNN	0	PRACTICE
1160145208969	0	TRIAL	1
1160145212114	1	FACE	991	PRES1_NNNN	Correct	LL1	PP1	Target_NNNN	0	PRACTICE
1160145216074	1	FACE	991	CUE	Correct	LL1	PP1	Target_NNNN	0	PRACTICE
1160145217065	0	FACE	991	RESP	Correct	LL1	PP1	Target_NNNN	0	PRACTICE
1160145217091	0	TRIAL	2
1160145220287	1	FACE	870	PRES1_PPNP	Correct	LL1	PP1	Target_PPNP	0	PRACTICE
1160145224034	1	FACE	870	CUE	Correct	LL1	PP1	Target_PPNP	0	PRACTICE
1160145224904	0	FACE	870	RESP	Correct	LL1	PP1	Target_PPNP	0	PRACTICE
1160145224930	0	TRIAL	3
1160145228047	1	FACE	1665	PRES1_NNNP	Incorrect	LL1	PP0	Lure_PNPP	0	PRACTICE
1160145231793	1	FACE	1665	CUE	Incorrect	LL1	PP0	Lure_PNPP	0	PRACTICE
1160145233458	0	FACE	1665	RESP	Incorrect	LL1	PP0	Lure_PNPP	0	PRACTICE
1160145233490	0	TRIAL	4
1160145236354	1	FACE	995	PRES1_NPPN	Correct	LL1	PP0	Lure_NNPP	0	PRACTICE
1160145240181	1	FACE	995	CUE	Correct	LL1	PP0	Lure_NNPP	0	PRACTICE
1160145241176	0	FACE	995	RESP	Correct	LL1	PP0	Lure_NNPP	0	PRACTICE
1160145241198	0	TRIAL	5
1160145244034	1	FACE	962	PRES1_PPNP	Correct	LL1	PP0	Lure_NPPP	0	PRACTICE
1160145247940	1	FACE	962	CUE	Correct	LL1	PP0	Lure_NPPP	0	PRACTICE
1160145248902	0	FACE	962	RESP	Correct	LL1	PP0	Lure_NPPP	0	PRACTICE
1160145248917	0	TRIAL	6
1160145251820	1	FACE	1107	PRES1_PNPP	Correct	LL1	PP1	Target_PNPP	0	PRACTICE
1160145255900	1	FACE	1107	CUE	Correct	LL1	PP1	Target_PNPP	0	PRACTICE
1160145257007	0	FACE	1107	RESP	Correct	LL1	PP1	Target_PNPP	0	PRACTICE
1160145257038	0	TRIAL	7
1160145259927	1	FACE	1144	PRES1_PPPN	Correct	LL1	PP0	Lure_NNNN	0	PRACTICE
1160145263833	1	FACE	1144	CUE	Correct	LL1	PP0	Lure_NNNN	0	PRACTICE
1160145264977	1	FACE	1144	RESP	Correct	LL1	PP0	Lure_NNNN	0	PRACTICE
1160145265011	0	TRIAL	8
1160145267860	1	FACE	902	PRES1_NPNP	Correct	LL1	PP0	Lure_PPNP	0	PRACTICE
1160145271847	1	FACE	902	CUE	Correct	LL1	PP0	Lure_PPNP	0	PRACTICE
1160145272749	0	FACE	902	RESP	Correct	LL1	PP0	Lure_PPNP	0	PRACTICE
1160145272771	0	TRIAL	9
1160145275940	1	FACE	1195	PRES1_PNNP	Incorrect	LL1	PP1	Target_PNNP	0	PRACTICE
1160145279874	1	FACE	1195	CUE	Incorrect	LL1	PP1	Target_PNNP	0	PRACTICE
1160145281069	0	FACE	1195	RESP	Incorrect	LL1	PP1	Target_PNNP	0	PRACTICE
1160145281092	0	TRIAL	10
1160145284195	1	FACE	1161	PRES1_NNPN	Incorrect	LL1	PP0	Lure_PPPP	0	PRACTICE
1160145287994	1	FACE	1161	CUE	Incorrect	LL1	PP0	Lure_PPPP	0	PRACTICE
1160145289155	0	FACE	1161	RESP	Incorrect	LL1	PP0	Lure_PPPP	0	PRACTICE
1160145289185	0	TRIAL	11
1160145291967	1	FACE	776	PRES1_PNNN	Correct	LL1	PP1	Target_PNNN	0	PRACTICE
1160145295967	1	FACE	776	CUE	Correct	LL1	PP1	Target_PNNN	0	PRACTICE
1160145296743	0	FACE	776	RESP	Correct	LL1	PP1	Target_PNNN	0	PRACTICE
1160145296771	0	TRIAL	12
1160145299687	1	FACE	738	PRES1_NPPP	Correct	LL1	PP0	Lure_PPPN	0	PRACTICE
1160145303714	1	FACE	738	CUE	Correct	LL1	PP0	Lure_PPPN	0	PRACTICE
1160145304452	0	FACE	738	RESP	Correct	LL1	PP0	Lure_PPPN	0	PRACTICE
1160145304478	0	TRIAL	13
1160145307541	1	FACE	589	PRES1_NNPP	Correct	LL1	PP1	Target_NNPP	0	PRACTICE
1160145311407	1	FACE	589	CUE	Correct	LL1	PP1	Target_NNPP	0	PRACTICE
1160145311996	0	FACE	589	RESP	Correct	LL1	PP1	Target_NNPP	0	PRACTICE
1160145312025	0	TRIAL	14
1160145314794	1	FACE	953	PRES1_NNNN	Correct	LL1	PP0	Lure_PNNN	0	PRACTICE
1160145318794	1	FACE	953	CUE	Correct	LL1	PP0	Lure_PNNN	0	PRACTICE
1160145319747	0	FACE	953	RESP	Correct	LL1	PP0	Lure_PNNN	0	PRACTICE
1160145319771	0	TRIAL	15
1160145322621	1	FACE	1068	PRES1_PPNN	Correct	LL1	PP0	Lure_PNNP	0	PRACTICE
1160145326394	1	FACE	1068	CUE	Correct	LL1	PP0	Lure_PNNP	0	PRACTICE
1160145327462	0	FACE	1068	RESP	Correct	LL1	PP0	Lure_PNNP	0	PRACTICE
1160145327491	0	TRIAL	16
1160145330328	1	FACE	811	PRES1_NPNN	Incorrect	LL1	PP1	Target_NPNN	0	PRACTICE
1160145334262	1	FACE	811	CUE	Incorrect	LL1	PP1	Target_NPNN	0	PRACTICE
1160145335073	0	FACE	811	RESP	Incorrect	LL1	PP1	Target_NPNN	0	PRACTICE
1160145335106	0	TRIAL	17
1160145339115	1	FACE	913	PRES1_NPNP	Correct	LL1	PP1	Target_NPNP	0	PRACTICE
1160145342901	1	FACE	913	CUE	Correct	LL1	PP1	Target_NPNP	0	PRACTICE
1160145343814	0	FACE	913	RESP	Correct	LL1	PP1	Target_NPNP	0	PRACTICE
1160145343838	0	TRIAL	18
1160145346768	1	FACE	907	PRES1_PNNP	Incorrect	LL1	PP0	Lure_PPNN	0	PRACTICE
1160145350714	1	FACE	907	CUE	Incorrect	LL1	PP0	Lure_PPNN	0	PRACTICE
1160145351621	1	FACE	907	RESP	Incorrect	LL1	PP0	Lure_PPNN	0	PRACTICE
1160145351651	0	TRIAL	19
1160145354541	1	FACE	851	PRES1_PPPP	Correct	LL1	PP0	Lure_NNPN	0	PRACTICE
1160145358369	1	FACE	851	CUE	Correct	LL1	PP0	Lure_NNPN	0	PRACTICE
1160145359220	0	FACE	851	RESP	Correct	LL1	PP0	Lure_NNPN	0	PRACTICE
1160145359239	0	TRIAL	20
1160145362302	1	FACE	1156	PRES1_PNPP	Correct	LL1	PP0	Lure_NPNP	0	PRACTICE
1160145366075	1	FACE	1156	CUE	Correct	LL1	PP0	Lure_NPNP	0	PRACTICE
1160145367231	0	FACE	1156	RESP	Correct	LL1	PP0	Lure_NPNP	0	PRACTICE
1160145367254	0	TRIAL	21
1160145370076	1	FACE	800	PRES1_PNNN	Correct	LL1	PP0	Lure_NPPN	0	PRACTICE
1160145374036	1	FACE	800	CUE	Correct	LL1	PP0	Lure_NPPN	0	PRACTICE
1160145374836	0	FACE	800	RESP	Correct	LL1	PP0	Lure_NPPN	0	PRACTICE
1160145374865	0	TRIAL	22
1160145377675	1	FACE	824	PRES1_NNPN	Incorrect	LL1	PP1	Target_NNPN	0	PRACTICE
1160145381581	1	FACE	824	CUE	Incorrect	LL1	PP1	Target_NNPN	0	PRACTICE
1160145382405	1	FACE	824	RESP	Incorrect	LL1	PP1	Target_NNPN	0	PRACTICE
1160145382425	0	TRIAL	23
1160145385262	1	FACE	904	PRES1_PNPN	Correct	LL1	PP1	Target_PNPN	0	PRACTICE
1160145389276	1	FACE	904	CUE	Correct	LL1	PP1	Target_PNPN	0	PRACTICE
1160145390180	1	FACE	904	RESP	Correct	LL1	PP1	Target_PNPN	0	PRACTICE
1160145390213	0	TRIAL	24
1160145393062	1	FACE	1171	PRES1_PPPN	Correct	LL1	PP1	Target_PPPN	0	PRACTICE
1160145396808	1	FACE	1171	CUE	Correct	LL1	PP1	Target_PPPN	0	PRACTICE
1160145397979	0	FACE	1171	RESP	Correct	LL1	PP1	Target_PPPN	0	PRACTICE
1160145398013	0	TRIAL	25
1160145400822	1	FACE	821	PRES1_NNNP	Correct	LL1	PP1	Target_NNNP	0	PRACTICE
1160145404768	1	FACE	821	CUE	Correct	LL1	PP1	Target_NNNP	0	PRACTICE
1160145405589	0	FACE	821	RESP	Correct	LL1	PP1	Target_NNNP	0	PRACTICE
1160145405613	0	TRIAL	26
1160145408688	1	FACE	806	PRES1_NPNN	Correct	LL1	PP0	Lure_PNPN	0	PRACTICE
1160145412675	1	FACE	806	CUE	Correct	LL1	PP0	Lure_PNPN	0	PRACTICE
1160145413481	0	FACE	806	RESP	Correct	LL1	PP0	Lure_PNPN	0	PRACTICE
1160145413505	0	TRIAL	27
1160145416276	1	FACE	670	PRES1_PPPP	Correct	LL1	PP1	Target_PPPP	0	PRACTICE
1160145420049	1	FACE	670	CUE	Correct	LL1	PP1	Target_PPPP	0	PRACTICE
1160145420719	0	FACE	670	RESP	Correct	LL1	PP1	Target_PPPP	0	PRACTICE
1160145420745	0	TRIAL	28
1160145423595	1	FACE	714	PRES1_NPPP	Correct	LL1	PP1	Target_NPPP	0	PRACTICE
1160145427475	1	FACE	714	CUE	Correct	LL1	PP1	Target_NPPP	0	PRACTICE
1160145428189	0	FACE	714	RESP	Correct	LL1	PP1	Target_NPPP	0	PRACTICE
1160145428213	0	TRIAL	29
1160145431183	1	FACE	1487	PRES1_PNPN	Correct	LL1	PP0	Lure_NPNN	0	PRACTICE
1160145435130	1	FACE	1487	CUE	Correct	LL1	PP0	Lure_NPNN	0	PRACTICE
1160145436617	0	FACE	1487	RESP	Correct	LL1	PP0	Lure_NPNN	0	PRACTICE
1160145436639	0	TRIAL	30
1160145439502	1	FACE	621	PRES1_PPNN	Correct	LL1	PP1	Target_PPNN	0	PRACTICE
1160145443475	1	FACE	621	CUE	Correct	LL1	PP1	Target_PPNN	0	PRACTICE
1160145444096	0	FACE	621	RESP	Correct	LL1	PP1	Target_PPNN	0	PRACTICE
1160145444108	0	TRIAL	31
1160145447036	1	FACE	1246	PRES1_NPPN	Correct	LL1	PP1	Target_NPPN	0	PRACTICE
1160145450942	1	FACE	1246	CUE	Correct	LL1	PP1	Target_NPPN	0	PRACTICE
1160145452188	0	FACE	1246	RESP	Correct	LL1	PP1	Target_NPPN	0	PRACTICE
1160145452213	0	TRIAL	32
1160145455103	1	FACE	662	PRES1_NNPP	Incorrect	LL1	PP0	Lure_NNNP	0	PRACTICE
1160145458902	1	FACE	662	CUE	Incorrect	LL1	PP0	Lure_NNNP	0	PRACTICE
1160145459564	0	FACE	662	RESP	Incorrect	LL1	PP0	Lure_NNNP	0	PRACTICE
1160145467644	0	SESS_END	1
1160145467647	0	E	Logging Ends
