1165423691320	0	B	Logging Begins
1165423691320	0	SETUP
1165423691542	0	RESTORESTATE
1165423691542	0	RESTORESTATE
1165423691544	0	SESSION	0
1165423691546	0	SESSION	1
1165423691551	0	SAVESTATE
1165423691551	0	RESTORESTATE
1165423691555	0	SESSION	0
1165426059209	0	BREAK
1165426059209	0	E	Logging Ends
1165438543506	0	B	Logging Begins
1165438543506	0	SETUP
1165438543741	0	RESTORESTATE
1165438543744	0	RESTORESTATE
1165438543748	0	SESSION	0
1165438709046	0	SAVESTATE
1165438719462	0	SAVESTATE
1165438728640	0	SAVESTATE
1165438737521	0	SAVESTATE
1165438748268	0	SAVESTATE
1165438757231	0	SAVESTATE
1165438766427	0	SAVESTATE
1165438775893	0	SAVESTATE
1165438785773	0	SAVESTATE
1165438794569	0	SAVESTATE
1165438804565	0	SAVESTATE
1165438813264	0	SAVESTATE
1165438821327	0	SAVESTATE
1165438830193	0	SAVESTATE
1165438838489	0	SAVESTATE
1165438847769	0	SAVESTATE
1165438859365	0	SAVESTATE
1165438869711	0	SAVESTATE
1165438878526	0	SAVESTATE
1165438886239	0	SAVESTATE
1165438894103	0	SAVESTATE
1165438902285	0	SAVESTATE
1165438910731	0	SAVESTATE
1165438918763	0	SAVESTATE
1165438926976	0	SAVESTATE
1165438935924	0	SAVESTATE
1165438944337	0	SAVESTATE
1165438952518	0	SAVESTATE
1165438965468	0	SAVESTATE
1165438974079	0	SAVESTATE
1165438983124	0	SAVESTATE
1165438991690	0	SAVESTATE
1165439021961	0	SAVESTATE
1165439033142	0	SAVESTATE
1165439040938	0	SAVESTATE
1165439048655	0	SAVESTATE
1165439057452	0	SAVESTATE
1165439065898	0	SAVESTATE
1165439074362	0	SAVESTATE
1165439083176	0	SAVESTATE
1165439091724	0	SAVESTATE
1165439099271	0	SAVESTATE
1165439106902	0	SAVESTATE
1165439114566	0	SAVESTATE
1165439122298	0	SAVESTATE
1165439130345	0	SAVESTATE
1165439137926	0	SAVESTATE
1165439145739	0	SAVESTATE
1165439153571	0	SAVESTATE
1165439161217	0	SAVESTATE
1165439168801	0	SAVESTATE
1165439176296	0	SAVESTATE
1165439184178	0	SAVESTATE
1165439191841	0	SAVESTATE
1165439199773	0	SAVESTATE
1165439207304	0	SAVESTATE
1165439214551	0	SAVESTATE
1165439222198	0	SAVESTATE
1165439229996	0	SAVESTATE
1165439237426	0	SAVESTATE
1165439247298	0	SAVESTATE
1165439255287	0	SAVESTATE
1165439262719	0	SAVESTATE
1165439270432	0	SAVESTATE
1165439280904	0	BREAK
1165439280904	0	E	Logging Ends
