1159305419032	0	B	Logging Begins
1159305419032	0	SETUP
1159305419036	0	RESTORESTATE
1159305419065	0	SAVESTATE
1159305419065	0	RESTORESTATE
1159305419069	0	SESSION	0
1159305573507	0	SAVESTATE
1159305579533	0	SAVESTATE
1159305585547	0	SAVESTATE
1159305591561	0	SAVESTATE
1159305597588	0	SAVESTATE
1159305603599	0	SAVESTATE
1159305609627	0	SAVESTATE
1159305615656	0	SAVESTATE
1159305632776	0	SAVESTATE
1159305638803	0	SAVESTATE
1159305644830	0	SAVESTATE
1159305650857	0	SAVESTATE
1159305656883	0	SAVESTATE
1159305662910	0	SAVESTATE
1159305668937	0	SAVESTATE
1159305674964	0	SAVESTATE
1159305684200	0	SAVESTATE
1159305690214	0	SAVESTATE
1159305696241	0	SAVESTATE
1159305702265	0	SAVESTATE
1159305708294	0	SAVESTATE
1159305714321	0	SAVESTATE
1159305720351	0	SAVESTATE
1159305726377	0	SAVESTATE
1159305736697	0	SAVESTATE
1159305742724	0	SAVESTATE
1159305748751	0	SAVESTATE
1159305754778	0	SAVESTATE
1159305760804	0	SAVESTATE
1159305766831	0	SAVESTATE
1159305772858	0	SAVESTATE
1159305778885	0	SAVESTATE
1159305789803	0	SAVESTATE
1159305795829	0	SAVESTATE
1159305801841	0	SAVESTATE
1159305807872	0	SAVESTATE
1159305813908	0	SAVESTATE
1159305819936	0	SAVESTATE
1159305825962	0	SAVESTATE
1159305831987	0	SAVESTATE
1159305852594	0	SAVESTATE
1159305858619	0	SAVESTATE
1159305864646	0	SAVESTATE
1159305870672	0	SAVESTATE
1159305876699	0	SAVESTATE
1159305882726	0	SAVESTATE
1159305888753	0	SAVESTATE
1159305894779	0	SAVESTATE
1159305903885	0	SAVESTATE
1159305909923	0	SAVESTATE
1159305915950	0	SAVESTATE
1159305921964	0	SAVESTATE
1159305927980	0	SAVESTATE
1159305934017	0	SAVESTATE
1159305940041	0	SAVESTATE
1159305946070	0	SAVESTATE
1159305957171	0	SAVESTATE
1159305963180	0	SAVESTATE
1159305969207	0	SAVESTATE
1159305975234	0	SAVESTATE
1159305981260	0	SAVESTATE
1159305987287	0	SAVESTATE
1159305993314	0	SAVESTATE
1159305999341	0	SAVESTATE
1159306008084	0	SAVESTATE
1159306014111	0	SAVESTATE
1159306020128	0	SAVESTATE
1159306026151	0	SAVESTATE
1159306032180	0	SAVESTATE
1159306038204	0	SAVESTATE
1159306044228	0	SAVESTATE
1159306050258	0	SAVESTATE
1159306060234	0	SAVESTATE
1159306066261	0	SAVESTATE
1159306072288	0	SAVESTATE
1159306078314	0	SAVESTATE
1159306084341	0	SAVESTATE
1159306090368	0	SAVESTATE
1159306096395	0	SAVESTATE
1159306102422	0	SAVESTATE
1159306112793	0	SAVESTATE
1159306118819	0	SAVESTATE
1159306124846	0	SAVESTATE
1159306130860	0	SAVESTATE
1159306136886	0	SAVESTATE
1159306142899	0	SAVESTATE
1159306148923	0	SAVESTATE
1159306154952	0	SAVESTATE
1159306163302	0	SAVESTATE
1159306169329	0	SAVESTATE
1159306175356	0	SAVESTATE
1159306181382	0	SAVESTATE
1159306187409	0	SAVESTATE
1159306193436	0	SAVESTATE
1159306199463	0	SAVESTATE
1159306205489	0	SAVESTATE
1159306215897	0	SAVESTATE
1159306221913	0	SAVESTATE
1159306227940	0	SAVESTATE
1159306233967	0	SAVESTATE
1159306239992	0	SAVESTATE
1159306246024	0	SAVESTATE
1159306252061	0	SAVESTATE
1159306258087	0	SAVESTATE
1159306267490	0	SAVESTATE
1159306273517	0	SAVESTATE
1159306279543	0	SAVESTATE
1159306285570	0	SAVESTATE
1159306291597	0	SAVESTATE
1159306297624	0	SAVESTATE
1159306303650	0	SAVESTATE
1159306309677	0	SAVESTATE
1159306317660	0	SAVESTATE
1159306323687	0	SAVESTATE
1159306329715	0	SAVESTATE
1159306335742	0	SAVESTATE
1159306341767	0	SAVESTATE
1159306347780	0	SAVESTATE
1159306353805	0	SAVESTATE
1159306359838	0	SAVESTATE
1159306371811	0	SAVESTATE
1159306377838	0	SAVESTATE
1159306383865	0	SAVESTATE
1159306389891	0	SAVESTATE
1159306395918	0	SAVESTATE
1159306401945	0	SAVESTATE
1159306407972	0	SAVESTATE
1159306413998	0	SAVESTATE
1159306422889	0	SAVESTATE
1159306428915	0	SAVESTATE
1159306434942	0	SAVESTATE
1159306440968	0	SAVESTATE
1159306446986	0	SAVESTATE
1159306453011	0	SAVESTATE
1159306459033	0	SAVESTATE
1159306465063	0	SAVESTATE
1159306481539	0	SAVESTATE
1159306487559	0	SAVESTATE
1159306493586	0	SAVESTATE
1159306499612	0	SAVESTATE
1159306505639	0	SAVESTATE
1159306511666	0	SAVESTATE
1159306517693	0	SAVESTATE
1159306523719	0	SAVESTATE
1159306533247	0	SAVESTATE
1159306539277	0	SAVESTATE
1159306545306	0	SAVESTATE
1159306551330	0	SAVESTATE
1159306557343	0	SAVESTATE
1159306563357	0	SAVESTATE
1159306569384	0	SAVESTATE
1159306575412	0	SAVESTATE
1159306598800	0	SAVESTATE
1159306604827	0	SAVESTATE
1159306610854	0	SAVESTATE
1159306616880	0	SAVESTATE
1159306622907	0	SAVESTATE
1159306628934	0	SAVESTATE
1159306634960	0	SAVESTATE
1159306640987	0	SAVESTATE
1159306731864	0	SAVESTATE
1159306737891	0	SAVESTATE
1159306743905	0	SAVESTATE
1159306749930	0	SAVESTATE
1159306755960	0	SAVESTATE
1159306761983	0	SAVESTATE
1159306767998	0	SAVESTATE
1159306774032	0	SAVESTATE
1159306785042	0	SAVESTATE
1159306791069	0	SAVESTATE
1159306797095	0	SAVESTATE
1159306803122	0	SAVESTATE
1159306809149	0	SAVESTATE
1159306815176	0	SAVESTATE
1159306821202	0	SAVESTATE
1159306827229	0	SAVESTATE
1159306834999	0	SAVESTATE
1159306841026	0	SAVESTATE
1159306847054	0	SAVESTATE
1159306853086	0	SAVESTATE
1159306859105	0	SAVESTATE
1159306865119	0	SAVESTATE
1159306871145	0	SAVESTATE
1159306877172	0	SAVESTATE
1159306888990	0	SAVESTATE
1159306895017	0	SAVESTATE
1159306901043	0	SAVESTATE
1159306907070	0	SAVESTATE
1159306913097	0	SAVESTATE
1159306919124	0	SAVESTATE
1159306925150	0	SAVESTATE
1159306931177	0	SAVESTATE
1159306940453	0	SAVESTATE
1159306946479	0	SAVESTATE
1159306952507	0	SAVESTATE
1159306958533	0	SAVESTATE
1159306964547	0	SAVESTATE
1159306970560	0	SAVESTATE
1159306976594	0	SAVESTATE
1159306982612	0	SAVESTATE
1159306999263	0	SAVESTATE
1159307005284	0	SAVESTATE
1159307011311	0	SAVESTATE
1159307017338	0	SAVESTATE
1159307023365	0	SAVESTATE
1159307029391	0	SAVESTATE
1159307035418	0	SAVESTATE
1159307041445	0	SAVESTATE
1159307052692	0	SAVESTATE
1159307058720	0	SAVESTATE
1159307064749	0	SAVESTATE
1159307070775	0	SAVESTATE
1159307076787	0	SAVESTATE
1159307082808	0	SAVESTATE
1159307088840	0	SAVESTATE
1159307094868	0	SAVESTATE
1159307111784	0	SAVESTATE
1159307117806	0	SAVESTATE
1159307123832	0	SAVESTATE
1159307129859	0	SAVESTATE
1159307135886	0	SAVESTATE
1159307141912	0	SAVESTATE
1159307147939	0	SAVESTATE
1159307153966	0	SAVESTATE
1159307161472	0	SAVESTATE
1159307167495	0	SAVESTATE
1159307173522	0	SAVESTATE
1159307179548	0	SAVESTATE
1159307185576	0	SAVESTATE
1159307191602	0	SAVESTATE
1159307197636	0	SAVESTATE
1159307203667	0	SAVESTATE
1159307219047	0	SAVESTATE
1159307225073	0	SAVESTATE
1159307231100	0	SAVESTATE
1159307237127	0	SAVESTATE
1159307243153	0	SAVESTATE
1159307249180	0	SAVESTATE
1159307255207	0	SAVESTATE
1159307261234	0	SAVESTATE
1159307268804	0	SAVESTATE
1159307274837	0	SAVESTATE
1159307280870	0	SAVESTATE
1159307286882	0	SAVESTATE
1159307292909	0	SAVESTATE
1159307298936	0	SAVESTATE
1159307304962	0	SAVESTATE
1159307310991	0	SAVESTATE
1159307320954	0	SAVESTATE
1159307326981	0	SAVESTATE
1159307333009	0	SAVESTATE
1159307339035	0	SAVESTATE
1159307345061	0	SAVESTATE
1159307351088	0	SAVESTATE
1159307357115	0	SAVESTATE
1159307363141	0	SAVESTATE
1159307370856	0	SAVESTATE
1159307376874	0	SAVESTATE
1159307382912	0	SAVESTATE
1159307388937	0	SAVESTATE
1159307394964	0	SAVESTATE
1159307400990	0	SAVESTATE
1159307407025	0	SAVESTATE
1159307413058	0	SAVESTATE
1159307420769	0	SAVESTATE
1159307426795	0	SAVESTATE
1159307432822	0	SAVESTATE
1159307438849	0	SAVESTATE
1159307444876	0	SAVESTATE
1159307450902	0	SAVESTATE
1159307456929	0	SAVESTATE
1159307462956	0	SAVESTATE
1159307470391	0	SAVESTATE
1159307476420	0	SAVESTATE
1159307482445	0	SAVESTATE
1159307488465	0	SAVESTATE
1159307494497	0	SAVESTATE
1159307500525	0	SAVESTATE
1159307506552	0	SAVESTATE
1159307512578	0	SAVESTATE
1159307521190	0	SAVESTATE
1159307527210	0	SAVESTATE
1159307533237	0	SAVESTATE
1159307539264	0	SAVESTATE
1159307545290	0	SAVESTATE
1159307551317	0	SAVESTATE
1159307557344	0	SAVESTATE
1159307563371	0	SAVESTATE
1159307570765	0	SAVESTATE
1159307576792	0	SAVESTATE
1159307582806	0	SAVESTATE
1159307588832	0	SAVESTATE
1159307594847	0	SAVESTATE
1159307600859	0	SAVESTATE
1159307606889	0	SAVESTATE
1159307612920	0	SAVESTATE
1159307620651	0	SAVESTATE
1159307626678	0	SAVESTATE
1159307632704	0	SAVESTATE
1159307638731	0	SAVESTATE
1159307644758	0	SAVESTATE
1159307650785	0	SAVESTATE
1159307656811	0	SAVESTATE
1159307662838	0	SAVESTATE
1159307670060	0	SAVESTATE
1159307676088	0	SAVESTATE
1159307682112	0	SAVESTATE
1159307688148	0	SAVESTATE
1159307694180	0	SAVESTATE
1159307700207	0	SAVESTATE
1159307706222	0	SAVESTATE
1159307712237	0	SAVESTATE
1159307719239	0	SAVESTATE
1159307725265	0	SAVESTATE
1159307731292	0	SAVESTATE
1159307737319	0	SAVESTATE
1159307743346	0	SAVESTATE
1159307749372	0	SAVESTATE
1159307755399	0	SAVESTATE
1159307761426	0	SAVESTATE
1159307773159	0	SAVESTATE
1159307773163	0	EXIT
1159307773163	0	E	Logging Ends
