1168973505142	0	B	Logging Begins
1168973505143	0	INSTRUCTIONSTART	JointRoller	/Library/Frameworks/Python.framework/Versions/2.4/lib/python2.4/site-packages/pyepl/resources/vera.ttf	64	(0, 0, 0)	'In the following experiment, your memory for associating names with faces will be tested.  The task is difficult and requires concentration, so if you need a break at any time let the experimener know.\n\nSixteen faces will be presented on the screen, consecutively, accompanied by their names.  A woman\'s voice will also speak the name when the face appears on the screen.  After five seconds, the face will disappear from the screen, a star (*) will flash on the screen for one second, and then the next face and name will appear.\n\nAfter you have seen all sixteen faces and names, you will be prompted to press any key in order to move on to a testing period.  During each trial of the testing period, you will see a face with name underneath it.  You will have to decide whether or not the name is paired with the appropriate face.  \n\nYou will respond on the keyboard, with a confidence judgment between 1 and 6.  A judgment of 1 indicates that you are near certain that the name given is incorrectly paired with the face, a judgment of 2 indicates moderate confidence, and a judgment of 3 indicates that you think the name is incorrectly paired with the face, but are quite unsure.  A judgment of 6 indicates that you are near certain that the name given is correctly paired with the face, a judgment of 5 indicates moderate confidence, and a judgment of 4 indicates that you think the name is correctly paired with the face, but are quite unsure.\n\nYou should rest your fingers on the bottom row of the keyboard.  "Z", "X", and  "C" will correspond to confidence judgments of 1, 2, and 3, respectively.  ",", ".", and "/" will correspond to confidence judgments of 4, 5, and 6, respectively.\n\nAfter five seconds the name and face will disappear from the screen, a star will flash on the screen for one second, and then the next name and face pair will appear on the screen.  You will see sixteen name-face pairs per test period.  You should try to reply as quickly and accurately as you can.\n\nThere will be ten study periods and ten test periods, alternating.  Each face will have the same name over the entire course of the half, so your task is to try and learn the faces\' names as quickly and accurately as possible.\n\nDo you have any questions?\n\nPress <ENTER> to continue.\n'
1168973505218	1	INSTRUCTIONSCROLL	0
1168973521392	1	INSTRUCTIONSCROLL	1
1168973521409	1	INSTRUCTIONSCROLL	3
1168973521425	1	INSTRUCTIONSCROLL	7
1168973521442	1	INSTRUCTIONSCROLL	10
1168973521459	1	INSTRUCTIONSCROLL	13
1168973521475	1	INSTRUCTIONSCROLL	17
1168973521492	1	INSTRUCTIONSCROLL	20
1168973521509	1	INSTRUCTIONSCROLL	23
1168973521724	1	INSTRUCTIONSCROLL	24
1168973521741	1	INSTRUCTIONSCROLL	26
1168973521757	1	INSTRUCTIONSCROLL	29
1168973521774	1	INSTRUCTIONSCROLL	33
1168973521791	1	INSTRUCTIONSCROLL	36
1168973521808	1	INSTRUCTIONSCROLL	39
1168973521941	1	INSTRUCTIONSCROLL	40
1168973521957	1	INSTRUCTIONSCROLL	41
1168973521974	1	INSTRUCTIONSCROLL	45
1168973521991	1	INSTRUCTIONSCROLL	48
1168973522008	1	INSTRUCTIONSCROLL	51
1168973522025	1	INSTRUCTIONSCROLL	55
1168973522142	1	INSTRUCTIONSCROLL	56
1168973522158	1	INSTRUCTIONSCROLL	57
1168973522175	1	INSTRUCTIONSCROLL	60
1168973522192	1	INSTRUCTIONSCROLL	63
1168973522208	1	INSTRUCTIONSCROLL	67
1168973522225	1	INSTRUCTIONSCROLL	70
1168973522342	1	INSTRUCTIONSCROLL	71
1168973522358	1	INSTRUCTIONSCROLL	73
1168973522375	1	INSTRUCTIONSCROLL	77
1168973522392	1	INSTRUCTIONSCROLL	80
1168973522408	1	INSTRUCTIONSCROLL	83
1168973525790	1	INSTRUCTIONSCROLL	84
1168973525806	1	INSTRUCTIONSCROLL	85
1168973525823	1	INSTRUCTIONSCROLL	88
1168973525840	1	INSTRUCTIONSCROLL	92
1168973525856	1	INSTRUCTIONSCROLL	95
1168973525873	1	INSTRUCTIONSCROLL	98
1168973525890	1	INSTRUCTIONSCROLL	102
1168973525906	1	INSTRUCTIONSCROLL	105
1168973525923	1	INSTRUCTIONSCROLL	108
1168973525940	1	INSTRUCTIONSCROLL	112
1168973525956	1	INSTRUCTIONSCROLL	115
1168973525973	1	INSTRUCTIONSCROLL	118
1168973525990	1	INSTRUCTIONSCROLL	122
1168973526007	1	INSTRUCTIONSCROLL	125
1168973526024	1	INSTRUCTIONSCROLL	129
1168973526041	1	INSTRUCTIONSCROLL	132
1168973526057	1	INSTRUCTIONSCROLL	135
1168973526074	1	INSTRUCTIONSCROLL	139
1168973526091	1	INSTRUCTIONSCROLL	142
1168973526107	1	INSTRUCTIONSCROLL	145
1168973526124	1	INSTRUCTIONSCROLL	149
1168973526141	1	INSTRUCTIONSCROLL	152
1168973526157	1	INSTRUCTIONSCROLL	155
1168973526174	1	INSTRUCTIONSCROLL	159
1168973526191	1	INSTRUCTIONSCROLL	162
1168973526207	1	INSTRUCTIONSCROLL	165
1168973526224	1	INSTRUCTIONSCROLL	169
1168973526241	1	INSTRUCTIONSCROLL	172
1168973526257	1	INSTRUCTIONSCROLL	175
1168973526274	1	INSTRUCTIONSCROLL	179
1168973526291	1	INSTRUCTIONSCROLL	182
1168973526307	1	INSTRUCTIONSCROLL	185
1168973526324	1	INSTRUCTIONSCROLL	189
1168973531039	1	INSTRUCTIONSCROLL	190
1168973531056	1	INSTRUCTIONSCROLL	192
1168973531073	1	INSTRUCTIONSCROLL	195
1168973531089	1	INSTRUCTIONSCROLL	199
1168973531106	1	INSTRUCTIONSCROLL	202
1168973531123	1	INSTRUCTIONSCROLL	205
1168973531139	1	INSTRUCTIONSCROLL	209
1168973531156	1	INSTRUCTIONSCROLL	212
1168973531173	1	INSTRUCTIONSCROLL	215
1168973531189	1	INSTRUCTIONSCROLL	219
1168973531206	1	INSTRUCTIONSCROLL	222
1168973531223	1	INSTRUCTIONSCROLL	225
1168973531239	1	INSTRUCTIONSCROLL	229
1168973531256	1	INSTRUCTIONSCROLL	232
1168973531273	1	INSTRUCTIONSCROLL	235
1168973531289	1	INSTRUCTIONSCROLL	239
1168973531306	1	INSTRUCTIONSCROLL	242
1168973531323	1	INSTRUCTIONSCROLL	245
1168973531339	1	INSTRUCTIONSCROLL	249
1168973531356	1	INSTRUCTIONSCROLL	252
1168973531373	1	INSTRUCTIONSCROLL	255
1168973531389	1	INSTRUCTIONSCROLL	259
1168973531406	1	INSTRUCTIONSCROLL	262
1168973531423	1	INSTRUCTIONSCROLL	265
1168973531439	1	INSTRUCTIONSCROLL	269
1168973531456	1	INSTRUCTIONSCROLL	272
1168973531473	1	INSTRUCTIONSCROLL	275
1168973531489	1	INSTRUCTIONSCROLL	279
1168973531506	1	INSTRUCTIONSCROLL	282
1168973531522	1	INSTRUCTIONSCROLL	285
1168973531539	1	INSTRUCTIONSCROLL	289
1168973531556	1	INSTRUCTIONSCROLL	292
1168973531572	1	INSTRUCTIONSCROLL	295
1168973531589	1	INSTRUCTIONSCROLL	299
1168973531606	1	INSTRUCTIONSCROLL	302
1168973531621	1	INSTRUCTIONSCROLL	305
1168973531638	1	INSTRUCTIONSCROLL	308
1168973531655	1	INSTRUCTIONSCROLL	312
1168973531671	1	INSTRUCTIONSCROLL	315
1168973531688	1	INSTRUCTIONSCROLL	318
1168973531705	1	INSTRUCTIONSCROLL	322
1168973531721	1	INSTRUCTIONSCROLL	325
1168973531738	1	INSTRUCTIONSCROLL	328
1168973531755	1	INSTRUCTIONSCROLL	332
1168973531771	1	INSTRUCTIONSCROLL	335
1168973531788	1	INSTRUCTIONSCROLL	338
1168973531805	1	INSTRUCTIONSCROLL	342
1168973531821	1	INSTRUCTIONSCROLL	345
1168973531838	1	INSTRUCTIONSCROLL	348
1168973531855	1	INSTRUCTIONSCROLL	352
1168973531871	1	INSTRUCTIONSCROLL	355
1168973531888	1	INSTRUCTIONSCROLL	358
1168973531905	1	INSTRUCTIONSCROLL	362
1168973531921	1	INSTRUCTIONSCROLL	365
1168973531938	1	INSTRUCTIONSCROLL	368
1168973531955	1	INSTRUCTIONSCROLL	372
1168973531971	1	INSTRUCTIONSCROLL	375
1168973531988	1	INSTRUCTIONSCROLL	378
1168973532006	1	INSTRUCTIONSCROLL	382
1168973532022	1	INSTRUCTIONSCROLL	385
1168973532039	1	INSTRUCTIONSCROLL	389
1168973532056	1	INSTRUCTIONSCROLL	392
1168973532073	1	INSTRUCTIONSCROLL	395
1168973532089	1	INSTRUCTIONSCROLL	399
1168973532106	1	INSTRUCTIONSCROLL	402
1168973532122	1	INSTRUCTIONSCROLL	405
1168973532139	1	INSTRUCTIONSCROLL	409
1168973532156	1	INSTRUCTIONSCROLL	412
1168973532172	1	INSTRUCTIONSCROLL	415
1168973532189	1	INSTRUCTIONSCROLL	419
1168973532206	1	INSTRUCTIONSCROLL	422
1168973532222	1	INSTRUCTIONSCROLL	425
1168973532239	1	INSTRUCTIONSCROLL	429
1168973532256	1	INSTRUCTIONSCROLL	432
1168973532272	1	INSTRUCTIONSCROLL	435
1168973532289	1	INSTRUCTIONSCROLL	439
1168973532306	1	INSTRUCTIONSCROLL	442
1168973532322	1	INSTRUCTIONSCROLL	445
1168973532339	1	INSTRUCTIONSCROLL	449
1168973532356	1	INSTRUCTIONSCROLL	452
1168973532372	1	INSTRUCTIONSCROLL	455
1168973532389	1	INSTRUCTIONSCROLL	459
1168973532406	1	INSTRUCTIONSCROLL	462
1168973532422	1	INSTRUCTIONSCROLL	465
1168973532439	1	INSTRUCTIONSCROLL	469
1168973532456	1	INSTRUCTIONSCROLL	472
1168973532472	1	INSTRUCTIONSCROLL	475
1168973532489	1	INSTRUCTIONSCROLL	479
1168973532506	1	INSTRUCTIONSCROLL	482
1168973532522	1	INSTRUCTIONSCROLL	485
1168973532539	1	INSTRUCTIONSCROLL	489
1168973532556	1	INSTRUCTIONSCROLL	492
1168973532572	1	INSTRUCTIONSCROLL	495
1168973532589	1	INSTRUCTIONSCROLL	499
1168973532606	1	INSTRUCTIONSCROLL	502
1168973532621	1	INSTRUCTIONSCROLL	505
1168973532638	1	INSTRUCTIONSCROLL	508
1168973532655	1	INSTRUCTIONSCROLL	512
1168973532671	1	INSTRUCTIONSCROLL	515
1168973532688	1	INSTRUCTIONSCROLL	518
1168973532705	1	INSTRUCTIONSCROLL	522
1168973532721	1	INSTRUCTIONSCROLL	525
1168973532738	1	INSTRUCTIONSCROLL	528
1168973532755	1	INSTRUCTIONSCROLL	532
1168973532771	1	INSTRUCTIONSCROLL	535
1168973532788	1	INSTRUCTIONSCROLL	538
1168973532804	1	INSTRUCTIONSCROLL	542
1168973532821	1	INSTRUCTIONSCROLL	545
1168973532838	1	INSTRUCTIONSCROLL	548
1168973532854	1	INSTRUCTIONSCROLL	552
1168973532871	1	INSTRUCTIONSCROLL	555
1168973532888	1	INSTRUCTIONSCROLL	558
1168973532904	1	INSTRUCTIONSCROLL	562
1168973532921	1	INSTRUCTIONSCROLL	565
1168973532938	1	INSTRUCTIONSCROLL	568
1168973532954	1	INSTRUCTIONSCROLL	572
1168973532971	1	INSTRUCTIONSCROLL	575
1168973532988	1	INSTRUCTIONSCROLL	578
1168973533005	1	INSTRUCTIONSCROLL	582
1168973533022	1	INSTRUCTIONSCROLL	585
1168973533039	1	INSTRUCTIONSCROLL	589
1168973533055	1	INSTRUCTIONSCROLL	592
1168973533072	1	INSTRUCTIONSCROLL	595
1168973533089	1	INSTRUCTIONSCROLL	598
1168973533105	1	INSTRUCTIONSCROLL	602
1168973533122	1	INSTRUCTIONSCROLL	605
1168973533139	1	INSTRUCTIONSCROLL	609
1168973533155	1	INSTRUCTIONSCROLL	612
1168973533172	1	INSTRUCTIONSCROLL	615
1168973533189	1	INSTRUCTIONSCROLL	619
1168973533205	1	INSTRUCTIONSCROLL	622
1168973533222	1	INSTRUCTIONSCROLL	625
1168973533239	1	INSTRUCTIONSCROLL	629
1168973533255	1	INSTRUCTIONSCROLL	632
1168973533272	1	INSTRUCTIONSCROLL	635
1168973533289	1	INSTRUCTIONSCROLL	639
1168973535138	1	INSTRUCTIONSCROLL	640
1168973535155	1	INSTRUCTIONSCROLL	643
1168973535171	1	INSTRUCTIONSCROLL	646
1168973535188	1	INSTRUCTIONSCROLL	649
1168973535205	1	INSTRUCTIONSCROLL	653
1168973535221	1	INSTRUCTIONSCROLL	656
1168973535238	1	INSTRUCTIONSCROLL	659
1168973535255	1	INSTRUCTIONSCROLL	663
1168973535271	1	INSTRUCTIONSCROLL	666
1168973535288	1	INSTRUCTIONSCROLL	669
1168973535305	1	INSTRUCTIONSCROLL	673
1168973535321	1	INSTRUCTIONSCROLL	676
1168973535338	1	INSTRUCTIONSCROLL	679
1168973535355	1	INSTRUCTIONSCROLL	683
1168973535371	1	INSTRUCTIONSCROLL	686
1168973535388	1	INSTRUCTIONSCROLL	689
1168973535405	1	INSTRUCTIONSCROLL	693
1168973535421	1	INSTRUCTIONSCROLL	696
1168973535438	1	INSTRUCTIONSCROLL	699
1168973535455	1	INSTRUCTIONSCROLL	703
1168973535471	1	INSTRUCTIONSCROLL	706
1168973535488	1	INSTRUCTIONSCROLL	709
1168973535505	1	INSTRUCTIONSCROLL	713
1168973535521	1	INSTRUCTIONSCROLL	716
1168973535538	1	INSTRUCTIONSCROLL	719
1168973535555	1	INSTRUCTIONSCROLL	723
1168973535571	1	INSTRUCTIONSCROLL	726
1168973535588	1	INSTRUCTIONSCROLL	729
1168973535605	1	INSTRUCTIONSCROLL	733
1168973535620	1	INSTRUCTIONSCROLL	736
1168973535637	1	INSTRUCTIONSCROLL	739
1168973535654	1	INSTRUCTIONSCROLL	742
1168973535670	1	INSTRUCTIONSCROLL	746
1168973535687	1	INSTRUCTIONSCROLL	749
1168973535704	1	INSTRUCTIONSCROLL	753
1168973535720	1	INSTRUCTIONSCROLL	756
1168973535737	1	INSTRUCTIONSCROLL	759
1168973535754	1	INSTRUCTIONSCROLL	763
1168973535770	1	INSTRUCTIONSCROLL	766
1168973535787	1	INSTRUCTIONSCROLL	769
1168973535804	1	INSTRUCTIONSCROLL	772
1168973535820	1	INSTRUCTIONSCROLL	776
1168973535837	1	INSTRUCTIONSCROLL	779
1168973535854	1	INSTRUCTIONSCROLL	783
1168973535870	1	INSTRUCTIONSCROLL	786
1168973535887	1	INSTRUCTIONSCROLL	789
1168973535904	1	INSTRUCTIONSCROLL	793
1168973535920	1	INSTRUCTIONSCROLL	796
1168973535937	1	INSTRUCTIONSCROLL	799
1168973535954	1	INSTRUCTIONSCROLL	802
1168973535970	1	INSTRUCTIONSCROLL	806
1168973535987	1	INSTRUCTIONSCROLL	809
1168973536005	1	INSTRUCTIONSCROLL	813
1168973536021	1	INSTRUCTIONSCROLL	816
1168973536038	1	INSTRUCTIONSCROLL	819
1168973536055	1	INSTRUCTIONSCROLL	823
1168973536071	1	INSTRUCTIONSCROLL	826
1168973536088	1	INSTRUCTIONSCROLL	829
1168973536105	1	INSTRUCTIONSCROLL	833
1168973536121	1	INSTRUCTIONSCROLL	836
1168973536138	1	INSTRUCTIONSCROLL	839
1168973536155	1	INSTRUCTIONSCROLL	843
1168973536171	1	INSTRUCTIONSCROLL	846
1168973536188	1	INSTRUCTIONSCROLL	849
1168973536205	1	INSTRUCTIONSCROLL	853
1168973536221	1	INSTRUCTIONSCROLL	856
1168973536238	1	INSTRUCTIONSCROLL	859
1168973536255	1	INSTRUCTIONSCROLL	863
1168973536271	1	INSTRUCTIONSCROLL	866
1168973536288	1	INSTRUCTIONSCROLL	869
1168973536305	1	INSTRUCTIONSCROLL	873
1168973536321	1	INSTRUCTIONSCROLL	876
1168973536338	1	INSTRUCTIONSCROLL	879
1168973536354	1	INSTRUCTIONSCROLL	883
1168973536371	1	INSTRUCTIONSCROLL	886
1168973536388	1	INSTRUCTIONSCROLL	889
1168973536404	1	INSTRUCTIONSCROLL	893
1168973536421	1	INSTRUCTIONSCROLL	896
1168973536438	1	INSTRUCTIONSCROLL	899
1168973536455	1	INSTRUCTIONSCROLL	903
1168973536471	1	INSTRUCTIONSCROLL	906
1168973536488	1	INSTRUCTIONSCROLL	909
1168973536504	1	INSTRUCTIONSCROLL	913
1168973536521	1	INSTRUCTIONSCROLL	916
1168973536538	1	INSTRUCTIONSCROLL	919
1168973536554	1	INSTRUCTIONSCROLL	923
1168973536571	1	INSTRUCTIONSCROLL	926
1168973536588	1	INSTRUCTIONSCROLL	929
1168973536604	1	INSTRUCTIONSCROLL	933
1168973536620	1	INSTRUCTIONSCROLL	936
1168973536637	1	INSTRUCTIONSCROLL	939
1168973536654	1	INSTRUCTIONSCROLL	943
1168973536670	1	INSTRUCTIONSCROLL	946
1168973536687	1	INSTRUCTIONSCROLL	949
1168973536703	1	INSTRUCTIONSCROLL	952
1168973536720	1	INSTRUCTIONSCROLL	956
1168973536737	1	INSTRUCTIONSCROLL	959
1168973536753	1	INSTRUCTIONSCROLL	962
1168973536770	1	INSTRUCTIONSCROLL	966
1168973536787	1	INSTRUCTIONSCROLL	969
1168973536803	1	INSTRUCTIONSCROLL	972
1168973536820	1	INSTRUCTIONSCROLL	976
1168973536837	1	INSTRUCTIONSCROLL	979
1168973536853	1	INSTRUCTIONSCROLL	982
1168973536870	1	INSTRUCTIONSCROLL	986
1168973536887	1	INSTRUCTIONSCROLL	989
1168973536903	1	INSTRUCTIONSCROLL	992
1168973536920	1	INSTRUCTIONSCROLL	996
1168973536937	1	INSTRUCTIONSCROLL	999
1168973536953	1	INSTRUCTIONSCROLL	1002
1168973536970	1	INSTRUCTIONSCROLL	1006
1168973536987	1	INSTRUCTIONSCROLL	1009
1168973537004	1	INSTRUCTIONSCROLL	1012
1168973537021	1	INSTRUCTIONSCROLL	1016
1168973537038	1	INSTRUCTIONSCROLL	1019
1168973537054	1	INSTRUCTIONSCROLL	1023
1168973537071	1	INSTRUCTIONSCROLL	1026
1168973537088	1	INSTRUCTIONSCROLL	1029
1168973537104	1	INSTRUCTIONSCROLL	1033
1168973537121	1	INSTRUCTIONSCROLL	1036
1168973537138	1	INSTRUCTIONSCROLL	1040
1168973537154	1	INSTRUCTIONSCROLL	1043
1168973537171	1	INSTRUCTIONSCROLL	1046
1168973537188	1	INSTRUCTIONSCROLL	1049
1168973537204	1	INSTRUCTIONSCROLL	1053
1168973537221	1	INSTRUCTIONSCROLL	1056
1168973537238	1	INSTRUCTIONSCROLL	1059
1168973537254	1	INSTRUCTIONSCROLL	1063
1168973537271	1	INSTRUCTIONSCROLL	1066
1168973537288	1	INSTRUCTIONSCROLL	1070
1168973537304	1	INSTRUCTIONSCROLL	1073
1168973537321	1	INSTRUCTIONSCROLL	1076
1168973537338	1	INSTRUCTIONSCROLL	1079
1168973537354	1	INSTRUCTIONSCROLL	1083
1168973537371	1	INSTRUCTIONSCROLL	1086
1168973537388	1	INSTRUCTIONSCROLL	1090
1168973537404	1	INSTRUCTIONSCROLL	1093
1168973537421	1	INSTRUCTIONSCROLL	1096
1168973537438	1	INSTRUCTIONSCROLL	1100
1168973537454	1	INSTRUCTIONSCROLL	1103
1168973537471	1	INSTRUCTIONSCROLL	1106
1168973537488	1	INSTRUCTIONSCROLL	1109
1168973537504	1	INSTRUCTIONSCROLL	1113
1168973537521	1	INSTRUCTIONSCROLL	1116
1168973537538	1	INSTRUCTIONSCROLL	1120
1168973537554	1	INSTRUCTIONSCROLL	1123
1168973537571	1	INSTRUCTIONSCROLL	1126
1168973537587	1	INSTRUCTIONSCROLL	1130
1168973537604	1	INSTRUCTIONSCROLL	1133
1168973537620	1	INSTRUCTIONSCROLL	1136
1168973537636	1	INSTRUCTIONSCROLL	1139
1168973537653	1	INSTRUCTIONSCROLL	1143
1168973537670	1	INSTRUCTIONSCROLL	1146
1168973537686	1	INSTRUCTIONSCROLL	1149
1168973537703	1	INSTRUCTIONSCROLL	1153
1168973537720	1	INSTRUCTIONSCROLL	1156
1168973537736	1	INSTRUCTIONSCROLL	1159
1168973537753	1	INSTRUCTIONSCROLL	1163
1168973537770	1	INSTRUCTIONSCROLL	1166
1168973537787	1	INSTRUCTIONSCROLL	1169
1168973537803	1	INSTRUCTIONSCROLL	1173
1168973537820	1	INSTRUCTIONSCROLL	1176
1168973537836	1	INSTRUCTIONSCROLL	1179
1168973537853	1	INSTRUCTIONSCROLL	1183
1168973537870	1	INSTRUCTIONSCROLL	1186
1168973537886	1	INSTRUCTIONSCROLL	1189
1168973537903	1	INSTRUCTIONSCROLL	1193
1168973546052	1	INSTRUCTIONSCROLL	1194
1168973546069	1	INSTRUCTIONSCROLL	1195
1168973546085	1	INSTRUCTIONSCROLL	1199
1168973546102	1	INSTRUCTIONSCROLL	1202
1168973546119	1	INSTRUCTIONSCROLL	1205
1168973546135	1	INSTRUCTIONSCROLL	1209
1168973546152	1	INSTRUCTIONSCROLL	1212
1168973546168	1	INSTRUCTIONSCROLL	1215
1168973546185	1	INSTRUCTIONSCROLL	1219
1168973546202	1	INSTRUCTIONSCROLL	1222
1168973546218	1	INSTRUCTIONSCROLL	1225
1168973546235	1	INSTRUCTIONSCROLL	1229
1168973546252	1	INSTRUCTIONSCROLL	1232
1168973546268	1	INSTRUCTIONSCROLL	1235
1168973546285	1	INSTRUCTIONSCROLL	1239
1168973546302	1	INSTRUCTIONSCROLL	1242
1168973546318	1	INSTRUCTIONSCROLL	1245
1168973546335	1	INSTRUCTIONSCROLL	1249
1168973546352	1	INSTRUCTIONSCROLL	1252
1168973546368	1	INSTRUCTIONSCROLL	1255
1168973546385	1	INSTRUCTIONSCROLL	1259
1168973546402	1	INSTRUCTIONSCROLL	1262
1168973546418	1	INSTRUCTIONSCROLL	1265
1168973546435	1	INSTRUCTIONSCROLL	1269
1168973546452	1	INSTRUCTIONSCROLL	1272
1168973546468	1	INSTRUCTIONSCROLL	1275
1168973546485	1	INSTRUCTIONSCROLL	1279
1168973546502	1	INSTRUCTIONSCROLL	1282
1168973546518	1	INSTRUCTIONSCROLL	1285
1168973546535	1	INSTRUCTIONSCROLL	1289
1168973546552	1	INSTRUCTIONSCROLL	1292
1168973546568	1	INSTRUCTIONSCROLL	1295
1168973546585	1	INSTRUCTIONSCROLL	1299
1168973546602	1	INSTRUCTIONSCROLL	1302
1168973546617	1	INSTRUCTIONSCROLL	1305
1168973546634	1	INSTRUCTIONSCROLL	1309
1168973546651	1	INSTRUCTIONSCROLL	1312
1168973546667	1	INSTRUCTIONSCROLL	1315
1168973546684	1	INSTRUCTIONSCROLL	1319
1168973546701	1	INSTRUCTIONSCROLL	1322
1168973546717	1	INSTRUCTIONSCROLL	1325
1168973546734	1	INSTRUCTIONSCROLL	1329
1168973546751	1	INSTRUCTIONSCROLL	1332
1168973546767	1	INSTRUCTIONSCROLL	1335
1168973546784	1	INSTRUCTIONSCROLL	1339
1168973546801	1	INSTRUCTIONSCROLL	1342
1168973546817	1	INSTRUCTIONSCROLL	1345
1168973546834	1	INSTRUCTIONSCROLL	1349
1168973546851	1	INSTRUCTIONSCROLL	1352
1168973546867	1	INSTRUCTIONSCROLL	1355
1168973546884	1	INSTRUCTIONSCROLL	1359
1168973546901	1	INSTRUCTIONSCROLL	1362
1168973546917	1	INSTRUCTIONSCROLL	1365
1168973546934	1	INSTRUCTIONSCROLL	1369
1168973546951	1	INSTRUCTIONSCROLL	1372
1168973546967	1	INSTRUCTIONSCROLL	1375
1168973546984	1	INSTRUCTIONSCROLL	1379
1168973547002	1	INSTRUCTIONSCROLL	1382
1168973547018	1	INSTRUCTIONSCROLL	1385
1168973547035	1	INSTRUCTIONSCROLL	1389
1168973547052	1	INSTRUCTIONSCROLL	1392
1168973547068	1	INSTRUCTIONSCROLL	1395
1168973547085	1	INSTRUCTIONSCROLL	1399
1168973547102	1	INSTRUCTIONSCROLL	1402
1168973547118	1	INSTRUCTIONSCROLL	1405
1168973547135	1	INSTRUCTIONSCROLL	1409
1168973547152	1	INSTRUCTIONSCROLL	1412
1168973547168	1	INSTRUCTIONSCROLL	1415
1168973547185	1	INSTRUCTIONSCROLL	1419
1168973547202	1	INSTRUCTIONSCROLL	1422
1168973547218	1	INSTRUCTIONSCROLL	1425
1168973547235	1	INSTRUCTIONSCROLL	1429
1168973548118	1	INSTRUCTIONSCROLL	1430
1168973548135	1	INSTRUCTIONSCROLL	1434
1168973548151	1	INSTRUCTIONSCROLL	1437
1168973548168	1	INSTRUCTIONSCROLL	1440
1168973548185	1	INSTRUCTIONSCROLL	1444
1168973548201	1	INSTRUCTIONSCROLL	1447
1168973548218	1	INSTRUCTIONSCROLL	1450
1168973548235	1	INSTRUCTIONSCROLL	1454
1168973548251	1	INSTRUCTIONSCROLL	1457
1168973548268	1	INSTRUCTIONSCROLL	1460
1168973548285	1	INSTRUCTIONSCROLL	1464
1168973548301	1	INSTRUCTIONSCROLL	1467
1168973548318	1	INSTRUCTIONSCROLL	1470
1168973548334	1	INSTRUCTIONSCROLL	1474
1168973548351	1	INSTRUCTIONSCROLL	1477
1168973548368	1	INSTRUCTIONSCROLL	1480
1168973548384	1	INSTRUCTIONSCROLL	1484
1168973548401	1	INSTRUCTIONSCROLL	1487
1168973548418	1	INSTRUCTIONSCROLL	1490
1168973548434	1	INSTRUCTIONSCROLL	1494
1168973548451	1	INSTRUCTIONSCROLL	1497
1168973548468	1	INSTRUCTIONSCROLL	1500
1168973548484	1	INSTRUCTIONSCROLL	1504
1168973548501	1	INSTRUCTIONSCROLL	1507
1168973548518	1	INSTRUCTIONSCROLL	1510
1168973548534	1	INSTRUCTIONSCROLL	1514
1168973548551	1	INSTRUCTIONSCROLL	1517
1168973548568	1	INSTRUCTIONSCROLL	1520
1168973548584	1	INSTRUCTIONSCROLL	1524
1168973548601	1	INSTRUCTIONSCROLL	1527
1168973548617	1	INSTRUCTIONSCROLL	1530
1168973548633	1	INSTRUCTIONSCROLL	1533
1168973548650	1	INSTRUCTIONSCROLL	1537
1168973548667	1	INSTRUCTIONSCROLL	1540
1168973548683	1	INSTRUCTIONSCROLL	1543
1168973548700	1	INSTRUCTIONSCROLL	1547
1168973548717	1	INSTRUCTIONSCROLL	1550
1168973548733	1	INSTRUCTIONSCROLL	1553
1168973548750	1	INSTRUCTIONSCROLL	1557
1168973548767	1	INSTRUCTIONSCROLL	1560
1168973548784	1	INSTRUCTIONSCROLL	1563
1168973548800	1	INSTRUCTIONSCROLL	1567
1168973548817	1	INSTRUCTIONSCROLL	1570
1168973548833	1	INSTRUCTIONSCROLL	1573
1168973548850	1	INSTRUCTIONSCROLL	1577
1168973548867	1	INSTRUCTIONSCROLL	1580
1168973548883	1	INSTRUCTIONSCROLL	1584
1168973548900	1	INSTRUCTIONSCROLL	1587
1168973548917	1	INSTRUCTIONSCROLL	1590
1168973548933	1	INSTRUCTIONSCROLL	1593
1168973548950	1	INSTRUCTIONSCROLL	1597
1168973548967	1	INSTRUCTIONSCROLL	1600
1168973548983	1	INSTRUCTIONSCROLL	1603
1168973549001	1	INSTRUCTIONSCROLL	1607
1168973549018	1	INSTRUCTIONSCROLL	1610
1168973549034	1	INSTRUCTIONSCROLL	1614
1168973549051	1	INSTRUCTIONSCROLL	1617
1168973549068	1	INSTRUCTIONSCROLL	1620
1168973549084	1	INSTRUCTIONSCROLL	1624
1168973549101	1	INSTRUCTIONSCROLL	1627
1168973549118	1	INSTRUCTIONSCROLL	1630
1168973549134	1	INSTRUCTIONSCROLL	1634
1168973549151	1	INSTRUCTIONSCROLL	1637
1168973549168	1	INSTRUCTIONSCROLL	1640
1168973549184	1	INSTRUCTIONSCROLL	1644
1168973549201	1	INSTRUCTIONSCROLL	1647
1168973549218	1	INSTRUCTIONSCROLL	1650
1168973549234	1	INSTRUCTIONSCROLL	1654
1168973549251	1	INSTRUCTIONSCROLL	1657
1168973549268	1	INSTRUCTIONSCROLL	1660
1168973549284	1	INSTRUCTIONSCROLL	1664
1168973549301	1	INSTRUCTIONSCROLL	1667
1168973549318	1	INSTRUCTIONSCROLL	1670
1168973549334	1	INSTRUCTIONSCROLL	1674
1168973549351	1	INSTRUCTIONSCROLL	1677
1168973549368	1	INSTRUCTIONSCROLL	1680
1168973549384	1	INSTRUCTIONSCROLL	1684
1168973549401	1	INSTRUCTIONSCROLL	1687
1168973549418	1	INSTRUCTIONSCROLL	1690
1168973549434	1	INSTRUCTIONSCROLL	1694
1168973549451	1	INSTRUCTIONSCROLL	1697
1168973549468	1	INSTRUCTIONSCROLL	1700
1168973549484	1	INSTRUCTIONSCROLL	1704
1168973549501	1	INSTRUCTIONSCROLL	1707
1168973549518	1	INSTRUCTIONSCROLL	1710
1168973549534	1	INSTRUCTIONSCROLL	1714
1168973549551	1	INSTRUCTIONSCROLL	1717
1168973549568	1	INSTRUCTIONSCROLL	1720
1168973549584	1	INSTRUCTIONSCROLL	1724
1168973549601	1	INSTRUCTIONSCROLL	1727
1168973549617	1	INSTRUCTIONSCROLL	1730
1168973549633	1	INSTRUCTIONSCROLL	1733
1168973549650	1	INSTRUCTIONSCROLL	1737
1168973549667	1	INSTRUCTIONSCROLL	1740
1168973549683	1	INSTRUCTIONSCROLL	1743
1168973549700	1	INSTRUCTIONSCROLL	1747
1168973549717	1	INSTRUCTIONSCROLL	1750
1168973549733	1	INSTRUCTIONSCROLL	1753
1168973549750	1	INSTRUCTIONSCROLL	1757
1168973549767	1	INSTRUCTIONSCROLL	1760
1168973549783	1	INSTRUCTIONSCROLL	1763
1168973549800	1	INSTRUCTIONSCROLL	1767
1168973549816	1	INSTRUCTIONSCROLL	1770
1168973549833	1	INSTRUCTIONSCROLL	1773
1168973549850	1	INSTRUCTIONSCROLL	1777
1168973549867	1	INSTRUCTIONSCROLL	1780
1168973549883	1	INSTRUCTIONSCROLL	1783
1168973549900	1	INSTRUCTIONSCROLL	1787
1168973549916	1	INSTRUCTIONSCROLL	1790
1168973549933	1	INSTRUCTIONSCROLL	1793
1168973549950	1	INSTRUCTIONSCROLL	1797
1168973549966	1	INSTRUCTIONSCROLL	1800
1168973549983	1	INSTRUCTIONSCROLL	1803
1168973550001	1	INSTRUCTIONSCROLL	1807
1168973550017	1	INSTRUCTIONSCROLL	1810
1168973550034	1	INSTRUCTIONSCROLL	1814
1168973550051	1	INSTRUCTIONSCROLL	1817
1168973550067	1	INSTRUCTIONSCROLL	1820
1168973550084	1	INSTRUCTIONSCROLL	1824
1168973550101	1	INSTRUCTIONSCROLL	1827
1168973550117	1	INSTRUCTIONSCROLL	1830
1168973550134	1	INSTRUCTIONSCROLL	1834
1168973550151	1	INSTRUCTIONSCROLL	1837
1168973550167	1	INSTRUCTIONSCROLL	1840
1168973550184	1	INSTRUCTIONSCROLL	1844
1168973550201	1	INSTRUCTIONSCROLL	1847
1168973550217	1	INSTRUCTIONSCROLL	1850
1168973550234	1	INSTRUCTIONSCROLL	1854
1168973550251	1	INSTRUCTIONSCROLL	1857
1168973550267	1	INSTRUCTIONSCROLL	1860
1168973550284	1	INSTRUCTIONSCROLL	1864
1168973550301	1	INSTRUCTIONSCROLL	1867
1168973550317	1	INSTRUCTIONSCROLL	1870
1168973550334	1	INSTRUCTIONSCROLL	1874
1168973550351	1	INSTRUCTIONSCROLL	1877
1168973550367	1	INSTRUCTIONSCROLL	1880
1168973550384	1	INSTRUCTIONSCROLL	1884
1168973550401	1	INSTRUCTIONSCROLL	1887
1168973550417	1	INSTRUCTIONSCROLL	1890
1168973550434	1	INSTRUCTIONSCROLL	1894
1168973550451	1	INSTRUCTIONSCROLL	1897
1168973550467	1	INSTRUCTIONSCROLL	1900
1168973550484	1	INSTRUCTIONSCROLL	1904
1168973550501	1	INSTRUCTIONSCROLL	1907
1168973550517	1	INSTRUCTIONSCROLL	1910
1168973550534	1	INSTRUCTIONSCROLL	1914
1168973550551	1	INSTRUCTIONSCROLL	1917
1168973550567	1	INSTRUCTIONSCROLL	1920
1168973550584	1	INSTRUCTIONSCROLL	1924
1168973550601	1	INSTRUCTIONSCROLL	1927
1168973550616	1	INSTRUCTIONSCROLL	1930
1168973550633	1	INSTRUCTIONSCROLL	1933
1168973550650	1	INSTRUCTIONSCROLL	1937
1168973550666	1	INSTRUCTIONSCROLL	1940
1168973550683	1	INSTRUCTIONSCROLL	1943
1168973550700	1	INSTRUCTIONSCROLL	1947
1168973550716	1	INSTRUCTIONSCROLL	1950
1168973550733	1	INSTRUCTIONSCROLL	1953
1168973550750	1	INSTRUCTIONSCROLL	1957
1168973550766	1	INSTRUCTIONSCROLL	1960
1168973550783	1	INSTRUCTIONSCROLL	1963
1168973550800	1	INSTRUCTIONSCROLL	1967
1168973550816	1	INSTRUCTIONSCROLL	1970
1168973550833	1	INSTRUCTIONSCROLL	1973
1168973550850	1	INSTRUCTIONSCROLL	1977
1168973550866	1	INSTRUCTIONSCROLL	1980
1168973550883	1	INSTRUCTIONSCROLL	1983
1168973550900	1	INSTRUCTIONSCROLL	1987
1168973550916	1	INSTRUCTIONSCROLL	1990
1168973550933	1	INSTRUCTIONSCROLL	1993
1168973550950	1	INSTRUCTIONSCROLL	1997
1168973550966	1	INSTRUCTIONSCROLL	2000
1168973550983	1	INSTRUCTIONSCROLL	2003
1168973551000	1	INSTRUCTIONSCROLL	2007
1168973551017	1	INSTRUCTIONSCROLL	2010
1168973551034	1	INSTRUCTIONSCROLL	2014
1168973551050	1	INSTRUCTIONSCROLL	2017
1168973551067	1	INSTRUCTIONSCROLL	2020
1168973551084	1	INSTRUCTIONSCROLL	2024
1168973551100	1	INSTRUCTIONSCROLL	2027
1168973551117	1	INSTRUCTIONSCROLL	2030
1168973551134	1	INSTRUCTIONSCROLL	2034
1168973551150	1	INSTRUCTIONSCROLL	2037
1168973551167	1	INSTRUCTIONSCROLL	2040
1168973551184	1	INSTRUCTIONSCROLL	2044
1168973551200	1	INSTRUCTIONSCROLL	2047
1168973551217	1	INSTRUCTIONSCROLL	2050
1168973551234	1	INSTRUCTIONSCROLL	2054
1168973551250	1	INSTRUCTIONSCROLL	2057
1168973551267	1	INSTRUCTIONSCROLL	2060
1168973551284	1	INSTRUCTIONSCROLL	2064
1168973551300	1	INSTRUCTIONSCROLL	2067
1168973551317	1	INSTRUCTIONSCROLL	2070
1168973551334	1	INSTRUCTIONSCROLL	2073
1168973551350	1	INSTRUCTIONSCROLL	2077
1168973551367	1	INSTRUCTIONSCROLL	2080
1168973551384	1	INSTRUCTIONSCROLL	2084
1168973551400	1	INSTRUCTIONSCROLL	2087
1168973551417	1	INSTRUCTIONSCROLL	2090
1168973551434	1	INSTRUCTIONSCROLL	2094
1168973551450	1	INSTRUCTIONSCROLL	2097
1168973551467	1	INSTRUCTIONSCROLL	2100
1168973551484	1	INSTRUCTIONSCROLL	2103
1168973551500	1	INSTRUCTIONSCROLL	2107
1168973561064	1	INSTRUCTIONSCROLL	2108
1168973561081	1	INSTRUCTIONSCROLL	2111
1168973561098	1	INSTRUCTIONSCROLL	2114
1168973561114	1	INSTRUCTIONSCROLL	2117
1168973561131	1	INSTRUCTIONSCROLL	2121
1168973561148	1	INSTRUCTIONSCROLL	2124
1168973561164	1	INSTRUCTIONSCROLL	2127
1168973561181	1	INSTRUCTIONSCROLL	2131
1168973561198	1	INSTRUCTIONSCROLL	2134
1168973561214	1	INSTRUCTIONSCROLL	2137
1168973561231	1	INSTRUCTIONSCROLL	2141
1168973561248	1	INSTRUCTIONSCROLL	2144
1168973561264	1	INSTRUCTIONSCROLL	2147
1168973561281	1	INSTRUCTIONSCROLL	2151
1168973561298	1	INSTRUCTIONSCROLL	2154
1168973561314	1	INSTRUCTIONSCROLL	2157
1168973561331	1	INSTRUCTIONSCROLL	2161
1168973561348	1	INSTRUCTIONSCROLL	2164
1168973561364	1	INSTRUCTIONSCROLL	2167
1168973561381	1	INSTRUCTIONSCROLL	2171
1168973561398	1	INSTRUCTIONSCROLL	2174
1168973561414	1	INSTRUCTIONSCROLL	2177
1168973561431	1	INSTRUCTIONSCROLL	2181
1168973561448	1	INSTRUCTIONSCROLL	2184
1168973561464	1	INSTRUCTIONSCROLL	2187
1168973561481	1	INSTRUCTIONSCROLL	2191
1168973561498	1	INSTRUCTIONSCROLL	2194
1168973561514	1	INSTRUCTIONSCROLL	2197
1168973561531	1	INSTRUCTIONSCROLL	2201
1168973561548	1	INSTRUCTIONSCROLL	2204
1168973561564	1	INSTRUCTIONSCROLL	2207
1168973561581	1	INSTRUCTIONSCROLL	2211
1168973561598	1	INSTRUCTIONSCROLL	2214
1168973561614	1	INSTRUCTIONSCROLL	2217
1168973561630	1	INSTRUCTIONSCROLL	2220
1168973561647	1	INSTRUCTIONSCROLL	2224
1168973561663	1	INSTRUCTIONSCROLL	2227
1168973561680	1	INSTRUCTIONSCROLL	2230
1168973561697	1	INSTRUCTIONSCROLL	2234
1168973561713	1	INSTRUCTIONSCROLL	2237
1168973561730	1	INSTRUCTIONSCROLL	2240
1168973561747	1	INSTRUCTIONSCROLL	2244
1168973561763	1	INSTRUCTIONSCROLL	2247
1168973561780	1	INSTRUCTIONSCROLL	2250
1168973561797	1	INSTRUCTIONSCROLL	2254
1168973561813	1	INSTRUCTIONSCROLL	2257
1168973561830	1	INSTRUCTIONSCROLL	2260
1168973561846	1	INSTRUCTIONSCROLL	2264
1168973561863	1	INSTRUCTIONSCROLL	2267
1168973561880	1	INSTRUCTIONSCROLL	2270
1168973561896	1	INSTRUCTIONSCROLL	2274
1168973561913	1	INSTRUCTIONSCROLL	2277
1168973561930	1	INSTRUCTIONSCROLL	2280
1168973561946	1	INSTRUCTIONSCROLL	2284
1168973561963	1	INSTRUCTIONSCROLL	2287
1168973561980	1	INSTRUCTIONSCROLL	2290
1168973561996	1	INSTRUCTIONSCROLL	2294
1168973562014	1	INSTRUCTIONSCROLL	2297
1168973562031	1	INSTRUCTIONSCROLL	2300
1168973562047	1	INSTRUCTIONSCROLL	2304
1168973562064	1	INSTRUCTIONSCROLL	2307
1168973562081	1	INSTRUCTIONSCROLL	2311
1168973562097	1	INSTRUCTIONSCROLL	2314
1168973562114	1	INSTRUCTIONSCROLL	2317
1168973562131	1	INSTRUCTIONSCROLL	2321
1168973562147	1	INSTRUCTIONSCROLL	2324
1168973562164	1	INSTRUCTIONSCROLL	2327
1168973562181	1	INSTRUCTIONSCROLL	2330
1168973562197	1	INSTRUCTIONSCROLL	2334
1168973562214	1	INSTRUCTIONSCROLL	2337
1168973562231	1	INSTRUCTIONSCROLL	2341
1168973562247	1	INSTRUCTIONSCROLL	2344
1168973562264	1	INSTRUCTIONSCROLL	2347
1168973562281	1	INSTRUCTIONSCROLL	2351
1168973562297	1	INSTRUCTIONSCROLL	2354
1168973562314	1	INSTRUCTIONSCROLL	2357
1168973562331	1	INSTRUCTIONSCROLL	2360
1168973562347	1	INSTRUCTIONSCROLL	2364
1168973562364	1	INSTRUCTIONSCROLL	2367
1168973562381	1	INSTRUCTIONSCROLL	2371
1168973562397	1	INSTRUCTIONSCROLL	2374
1168973562414	1	INSTRUCTIONSCROLL	2377
1168973562431	1	INSTRUCTIONSCROLL	2381
1168973562447	1	INSTRUCTIONSCROLL	2384
1168973562464	1	INSTRUCTIONSCROLL	2387
1168973562481	1	INSTRUCTIONSCROLL	2390
1168973562497	1	INSTRUCTIONSCROLL	2394
1168973562514	1	INSTRUCTIONSCROLL	2397
1168973562531	1	INSTRUCTIONSCROLL	2401
1168973562547	1	INSTRUCTIONSCROLL	2404
1168973562564	1	INSTRUCTIONSCROLL	2407
1168973562581	1	INSTRUCTIONSCROLL	2411
1168973562597	1	INSTRUCTIONSCROLL	2414
1168973562614	1	INSTRUCTIONSCROLL	2417
1168973562630	1	INSTRUCTIONSCROLL	2420
1168973562646	1	INSTRUCTIONSCROLL	2424
1168973562663	1	INSTRUCTIONSCROLL	2427
1168973562680	1	INSTRUCTIONSCROLL	2430
1168973562696	1	INSTRUCTIONSCROLL	2434
1168973562713	1	INSTRUCTIONSCROLL	2437
1168973562730	1	INSTRUCTIONSCROLL	2440
1168973562746	1	INSTRUCTIONSCROLL	2444
1168973562763	1	INSTRUCTIONSCROLL	2447
1168973562780	1	INSTRUCTIONSCROLL	2450
1168973562796	1	INSTRUCTIONSCROLL	2454
1168973562813	1	INSTRUCTIONSCROLL	2457
1168973562830	1	INSTRUCTIONSCROLL	2460
1168973562846	1	INSTRUCTIONSCROLL	2464
1168973562863	1	INSTRUCTIONSCROLL	2467
1168973562880	1	INSTRUCTIONSCROLL	2470
1168973562896	1	INSTRUCTIONSCROLL	2474
1168973562913	1	INSTRUCTIONSCROLL	2477
1168973562930	1	INSTRUCTIONSCROLL	2480
1168973562946	1	INSTRUCTIONSCROLL	2484
1168973562963	1	INSTRUCTIONSCROLL	2487
1168973562980	1	INSTRUCTIONSCROLL	2490
1168973562996	1	INSTRUCTIONSCROLL	2494
1168973563014	1	INSTRUCTIONSCROLL	2497
1168973563031	1	INSTRUCTIONSCROLL	2501
1168973563047	1	INSTRUCTIONSCROLL	2504
1168973563064	1	INSTRUCTIONSCROLL	2507
1168973563080	1	INSTRUCTIONSCROLL	2510
1168973563097	1	INSTRUCTIONSCROLL	2514
1168973563114	1	INSTRUCTIONSCROLL	2517
1168973563130	1	INSTRUCTIONSCROLL	2521
1168973563147	1	INSTRUCTIONSCROLL	2524
1168973563164	1	INSTRUCTIONSCROLL	2527
1168973563180	1	INSTRUCTIONSCROLL	2531
1168973563197	1	INSTRUCTIONSCROLL	2534
1168973563214	1	INSTRUCTIONSCROLL	2537
1168973563230	1	INSTRUCTIONSCROLL	2540
1168973563247	1	INSTRUCTIONSCROLL	2544
1168973563264	1	INSTRUCTIONSCROLL	2547
1168973563280	1	INSTRUCTIONSCROLL	2551
1168973563297	1	INSTRUCTIONSCROLL	2554
1168973563314	1	INSTRUCTIONSCROLL	2557
1168973563330	1	INSTRUCTIONSCROLL	2561
1168973563347	1	INSTRUCTIONSCROLL	2564
1168973563364	1	INSTRUCTIONSCROLL	2567
1168973563380	1	INSTRUCTIONSCROLL	2570
1168973563397	1	INSTRUCTIONSCROLL	2574
1168973563414	1	INSTRUCTIONSCROLL	2577
1168973563430	1	INSTRUCTIONSCROLL	2580
1168973563447	1	INSTRUCTIONSCROLL	2584
1168973563464	1	INSTRUCTIONSCROLL	2587
1168973563480	1	INSTRUCTIONSCROLL	2590
1168973563497	1	INSTRUCTIONSCROLL	2594
1168973563514	1	INSTRUCTIONSCROLL	2597
1168973563530	1	INSTRUCTIONSCROLL	2600
1168973563547	1	INSTRUCTIONSCROLL	2604
1168973563564	1	INSTRUCTIONSCROLL	2607
1168973563580	1	INSTRUCTIONSCROLL	2611
1168973563597	1	INSTRUCTIONSCROLL	2614
1168973563614	1	INSTRUCTIONSCROLL	2617
1168973563629	1	INSTRUCTIONSCROLL	2620
1168973563646	1	INSTRUCTIONSCROLL	2624
1168973563663	1	INSTRUCTIONSCROLL	2627
1168973563679	1	INSTRUCTIONSCROLL	2630
1168973563696	1	INSTRUCTIONSCROLL	2634
1168973563713	1	INSTRUCTIONSCROLL	2637
1168973563729	1	INSTRUCTIONSCROLL	2640
1168973563746	1	INSTRUCTIONSCROLL	2644
1168973563763	1	INSTRUCTIONSCROLL	2647
1168973563779	1	INSTRUCTIONSCROLL	2650
1168973563796	1	INSTRUCTIONSCROLL	2654
1168973563813	1	INSTRUCTIONSCROLL	2657
1168973563829	1	INSTRUCTIONSCROLL	2660
1168973569295	1	INSTRUCTIONSCROLL	2661
1168973569312	1	INSTRUCTIONSCROLL	2664
1168973569329	1	INSTRUCTIONSCROLL	2667
1168973569345	1	INSTRUCTIONSCROLL	2670
1168973569362	1	INSTRUCTIONSCROLL	2674
1168973569379	1	INSTRUCTIONSCROLL	2677
1168973569395	1	INSTRUCTIONSCROLL	2680
1168973569412	1	INSTRUCTIONSCROLL	2684
1168973569429	1	INSTRUCTIONSCROLL	2687
1168973569445	1	INSTRUCTIONSCROLL	2690
1168973569462	1	INSTRUCTIONSCROLL	2694
1168973569479	1	INSTRUCTIONSCROLL	2697
1168973569495	1	INSTRUCTIONSCROLL	2700
1168973569512	1	INSTRUCTIONSCROLL	2704
1168973569529	1	INSTRUCTIONSCROLL	2707
1168973569545	1	INSTRUCTIONSCROLL	2710
1168973569562	1	INSTRUCTIONSCROLL	2714
1168973569579	1	INSTRUCTIONSCROLL	2717
1168973569595	1	INSTRUCTIONSCROLL	2720
1168973569612	1	INSTRUCTIONSCROLL	2724
1168973569628	1	INSTRUCTIONSCROLL	2727
1168973569644	1	INSTRUCTIONSCROLL	2730
1168973569661	1	INSTRUCTIONSCROLL	2734
1168973569678	1	INSTRUCTIONSCROLL	2737
1168973569694	1	INSTRUCTIONSCROLL	2740
1168973569711	1	INSTRUCTIONSCROLL	2744
1168973569728	1	INSTRUCTIONSCROLL	2747
1168973569744	1	INSTRUCTIONSCROLL	2750
1168973569761	1	INSTRUCTIONSCROLL	2754
1168973569778	1	INSTRUCTIONSCROLL	2757
1168973569794	1	INSTRUCTIONSCROLL	2760
1168973569811	1	INSTRUCTIONSCROLL	2764
1168973569828	1	INSTRUCTIONSCROLL	2767
1168973569844	1	INSTRUCTIONSCROLL	2770
1168973569861	1	INSTRUCTIONSCROLL	2774
1168973569878	1	INSTRUCTIONSCROLL	2777
1168973569894	1	INSTRUCTIONSCROLL	2780
1168973569911	1	INSTRUCTIONSCROLL	2784
1168973569928	1	INSTRUCTIONSCROLL	2787
1168973569944	1	INSTRUCTIONSCROLL	2790
1168973569961	1	INSTRUCTIONSCROLL	2794
1168973569978	1	INSTRUCTIONSCROLL	2797
1168973569994	1	INSTRUCTIONSCROLL	2800
1168973570012	1	INSTRUCTIONSCROLL	2804
1168973570029	1	INSTRUCTIONSCROLL	2807
1168973570045	1	INSTRUCTIONSCROLL	2810
1168973570062	1	INSTRUCTIONSCROLL	2814
1168973570079	1	INSTRUCTIONSCROLL	2817
1168973570095	1	INSTRUCTIONSCROLL	2820
1168973570112	1	INSTRUCTIONSCROLL	2824
1168973570129	1	INSTRUCTIONSCROLL	2827
1168973570145	1	INSTRUCTIONSCROLL	2830
1168973570162	1	INSTRUCTIONSCROLL	2834
1168973570179	1	INSTRUCTIONSCROLL	2837
1168973570195	1	INSTRUCTIONSCROLL	2840
1168973570212	1	INSTRUCTIONSCROLL	2844
1168973570229	1	INSTRUCTIONSCROLL	2847
1168973570245	1	INSTRUCTIONSCROLL	2850
1168973570262	1	INSTRUCTIONSCROLL	2854
1168973570279	1	INSTRUCTIONSCROLL	2857
1168973570295	1	INSTRUCTIONSCROLL	2860
1168973570312	1	INSTRUCTIONSCROLL	2864
1168973570329	1	INSTRUCTIONSCROLL	2867
1168973570345	1	INSTRUCTIONSCROLL	2870
1168973570362	1	INSTRUCTIONSCROLL	2874
1168973570378	1	INSTRUCTIONSCROLL	2877
1168973570395	1	INSTRUCTIONSCROLL	2880
1168973570412	1	INSTRUCTIONSCROLL	2884
1168973570428	1	INSTRUCTIONSCROLL	2887
1168973570445	1	INSTRUCTIONSCROLL	2890
1168973570462	1	INSTRUCTIONSCROLL	2894
1168973570478	1	INSTRUCTIONSCROLL	2897
1168973570495	1	INSTRUCTIONSCROLL	2900
1168973570512	1	INSTRUCTIONSCROLL	2904
1168973570528	1	INSTRUCTIONSCROLL	2907
1168973570545	1	INSTRUCTIONSCROLL	2910
1168973570562	1	INSTRUCTIONSCROLL	2914
1168973570579	1	INSTRUCTIONSCROLL	2917
1168973570595	1	INSTRUCTIONSCROLL	2920
1168973570612	1	INSTRUCTIONSCROLL	2924
1168973570627	1	INSTRUCTIONSCROLL	2927
1168973570644	1	INSTRUCTIONSCROLL	2930
1168973570661	1	INSTRUCTIONSCROLL	2934
1168973570677	1	INSTRUCTIONSCROLL	2937
1168973570694	1	INSTRUCTIONSCROLL	2940
1168973570711	1	INSTRUCTIONSCROLL	2944
1168973570727	1	INSTRUCTIONSCROLL	2947
1168973570744	1	INSTRUCTIONSCROLL	2950
1168973570761	1	INSTRUCTIONSCROLL	2954
1168973570777	1	INSTRUCTIONSCROLL	2957
1168973570794	1	INSTRUCTIONSCROLL	2960
1168973570811	1	INSTRUCTIONSCROLL	2964
1168973570827	1	INSTRUCTIONSCROLL	2967
1168973570844	1	INSTRUCTIONSCROLL	2970
1168973570861	1	INSTRUCTIONSCROLL	2973
1168973570877	1	INSTRUCTIONSCROLL	2977
1168973570894	1	INSTRUCTIONSCROLL	2980
1168973570911	1	INSTRUCTIONSCROLL	2984
1168973570927	1	INSTRUCTIONSCROLL	2987
1168973570944	1	INSTRUCTIONSCROLL	2990
1168973570961	1	INSTRUCTIONSCROLL	2994
1168973570977	1	INSTRUCTIONSCROLL	2997
1168973570994	1	INSTRUCTIONSCROLL	3000
1168973571012	1	INSTRUCTIONSCROLL	3003
1168973571028	1	INSTRUCTIONSCROLL	3007
1168973571045	1	INSTRUCTIONSCROLL	3010
1168973571062	1	INSTRUCTIONSCROLL	3014
1168973571078	1	INSTRUCTIONSCROLL	3017
1168973571095	1	INSTRUCTIONSCROLL	3020
1168973571112	1	INSTRUCTIONSCROLL	3024
1168973571128	1	INSTRUCTIONSCROLL	3027
1168973571145	1	INSTRUCTIONSCROLL	3030
1168973571162	1	INSTRUCTIONSCROLL	3034
1168973571178	1	INSTRUCTIONSCROLL	3037
1168973571195	1	INSTRUCTIONSCROLL	3040
1168973571212	1	INSTRUCTIONSCROLL	3044
1168973571228	1	INSTRUCTIONSCROLL	3047
1168973571245	1	INSTRUCTIONSCROLL	3050
1168973571262	1	INSTRUCTIONSCROLL	3054
1168973571278	1	INSTRUCTIONSCROLL	3057
1168973571295	1	INSTRUCTIONSCROLL	3060
1168973571312	1	INSTRUCTIONSCROLL	3064
1168973571328	1	INSTRUCTIONSCROLL	3067
1168973571345	1	INSTRUCTIONSCROLL	3070
1168973571362	1	INSTRUCTIONSCROLL	3074
1168973571378	1	INSTRUCTIONSCROLL	3077
1168973571395	1	INSTRUCTIONSCROLL	3080
1168973571412	1	INSTRUCTIONSCROLL	3084
1168973571428	1	INSTRUCTIONSCROLL	3087
1168973571445	1	INSTRUCTIONSCROLL	3090
1168973571462	1	INSTRUCTIONSCROLL	3094
1168973571478	1	INSTRUCTIONSCROLL	3097
1168973571495	1	INSTRUCTIONSCROLL	3100
1168973571512	1	INSTRUCTIONSCROLL	3104
1168973571528	1	INSTRUCTIONSCROLL	3107
1168973571545	1	INSTRUCTIONSCROLL	3110
1168973571562	1	INSTRUCTIONSCROLL	3114
1168973571578	1	INSTRUCTIONSCROLL	3117
1168973571595	1	INSTRUCTIONSCROLL	3120
1168973571611	1	INSTRUCTIONSCROLL	3124
1168973571627	1	INSTRUCTIONSCROLL	3127
1168973571644	1	INSTRUCTIONSCROLL	3130
1168973571660	1	INSTRUCTIONSCROLL	3134
1168973571677	1	INSTRUCTIONSCROLL	3137
1168973571694	1	INSTRUCTIONSCROLL	3140
1168973571710	1	INSTRUCTIONSCROLL	3143
1168973571727	1	INSTRUCTIONSCROLL	3147
1168973571744	1	INSTRUCTIONSCROLL	3150
1168973571760	1	INSTRUCTIONSCROLL	3153
1168973571777	1	INSTRUCTIONSCROLL	3157
1168973571794	1	INSTRUCTIONSCROLL	3160
1168973571811	1	INSTRUCTIONSCROLL	3164
1168973571827	1	INSTRUCTIONSCROLL	3167
1168973571844	1	INSTRUCTIONSCROLL	3170
1168973571860	1	INSTRUCTIONSCROLL	3173
1168973571877	1	INSTRUCTIONSCROLL	3177
1168973571894	1	INSTRUCTIONSCROLL	3180
1168973571910	1	INSTRUCTIONSCROLL	3183
1168973571927	1	INSTRUCTIONSCROLL	3187
1168973571944	1	INSTRUCTIONSCROLL	3190
1168973571960	1	INSTRUCTIONSCROLL	3193
1168973571977	1	INSTRUCTIONSCROLL	3197
1168973571994	1	INSTRUCTIONSCROLL	3200
1168973572011	1	INSTRUCTIONSCROLL	3203
1168973572028	1	INSTRUCTIONSCROLL	3207
1168973572045	1	INSTRUCTIONSCROLL	3210
1168973572061	1	INSTRUCTIONSCROLL	3214
1168973572078	1	INSTRUCTIONSCROLL	3217
1168973572095	1	INSTRUCTIONSCROLL	3220
1168973572111	1	INSTRUCTIONSCROLL	3224
1168973572128	1	INSTRUCTIONSCROLL	3227
1168973572145	1	INSTRUCTIONSCROLL	3230
1168973572161	1	INSTRUCTIONSCROLL	3234
1168973572178	1	INSTRUCTIONSCROLL	3237
1168973572195	1	INSTRUCTIONSCROLL	3240
1168973572211	1	INSTRUCTIONSCROLL	3244
1168973572228	1	INSTRUCTIONSCROLL	3247
1168973572245	1	INSTRUCTIONSCROLL	3250
1168973572261	1	INSTRUCTIONSCROLL	3254
1168973572278	1	INSTRUCTIONSCROLL	3257
1168973572295	1	INSTRUCTIONSCROLL	3260
1168973572311	1	INSTRUCTIONSCROLL	3264
1168973572328	1	INSTRUCTIONSCROLL	3267
1168973572345	1	INSTRUCTIONSCROLL	3270
1168973572361	1	INSTRUCTIONSCROLL	3274
1168973572378	1	INSTRUCTIONSCROLL	3277
1168973572395	1	INSTRUCTIONSCROLL	3280
1168973572411	1	INSTRUCTIONSCROLL	3284
1168973572428	1	INSTRUCTIONSCROLL	3287
1168973572445	1	INSTRUCTIONSCROLL	3290
1168973572461	1	INSTRUCTIONSCROLL	3294
1168973572478	1	INSTRUCTIONSCROLL	3297
1168973572495	1	INSTRUCTIONSCROLL	3300
1168973572511	1	INSTRUCTIONSCROLL	3304
1168973572528	1	INSTRUCTIONSCROLL	3307
1168973572545	1	INSTRUCTIONSCROLL	3310
1168973572561	1	INSTRUCTIONSCROLL	3314
1168973572578	1	INSTRUCTIONSCROLL	3317
1168973572595	1	INSTRUCTIONSCROLL	3320
1168973572611	1	INSTRUCTIONSCROLL	3324
1168973572627	1	INSTRUCTIONSCROLL	3327
1168973572644	1	INSTRUCTIONSCROLL	3330
1168973572660	1	INSTRUCTIONSCROLL	3333
1168973572677	1	INSTRUCTIONSCROLL	3337
1168973572694	1	INSTRUCTIONSCROLL	3340
1168973572710	1	INSTRUCTIONSCROLL	3343
1168973572727	1	INSTRUCTIONSCROLL	3347
1168973572744	1	INSTRUCTIONSCROLL	3350
1168973572760	1	INSTRUCTIONSCROLL	3353
1168973572777	1	INSTRUCTIONSCROLL	3357
1168973572794	1	INSTRUCTIONSCROLL	3360
1168973572810	1	INSTRUCTIONSCROLL	3363
1168973572827	1	INSTRUCTIONSCROLL	3367
1168973572843	1	INSTRUCTIONSCROLL	3370
1168973572860	1	INSTRUCTIONSCROLL	3373
1168973572877	1	INSTRUCTIONSCROLL	3377
1168973572893	1	INSTRUCTIONSCROLL	3380
1168973572910	1	INSTRUCTIONSCROLL	3383
1168973572927	1	INSTRUCTIONSCROLL	3387
1168973572943	1	INSTRUCTIONSCROLL	3390
1168973572960	1	INSTRUCTIONSCROLL	3393
1168973572977	1	INSTRUCTIONSCROLL	3397
1168973572993	1	INSTRUCTIONSCROLL	3400
1168973573011	1	INSTRUCTIONSCROLL	3403
1168973573028	1	INSTRUCTIONSCROLL	3407
1168973573044	1	INSTRUCTIONSCROLL	3410
1168973573061	1	INSTRUCTIONSCROLL	3414
1168973573078	1	INSTRUCTIONSCROLL	3417
1168973573094	1	INSTRUCTIONSCROLL	3420
1168973573111	1	INSTRUCTIONSCROLL	3424
1168973573128	1	INSTRUCTIONSCROLL	3427
1168973573144	1	INSTRUCTIONSCROLL	3430
1168973573161	1	INSTRUCTIONSCROLL	3434
1168973573178	1	INSTRUCTIONSCROLL	3437
1168973573194	1	INSTRUCTIONSCROLL	3440
1168973573211	1	INSTRUCTIONSCROLL	3444
1168973573228	1	INSTRUCTIONSCROLL	3447
1168973573244	1	INSTRUCTIONSCROLL	3450
1168973573261	1	INSTRUCTIONSCROLL	3454
1168973573278	1	INSTRUCTIONSCROLL	3457
1168973573294	1	INSTRUCTIONSCROLL	3460
1168973573311	1	INSTRUCTIONSCROLL	3464
1168973573328	1	INSTRUCTIONSCROLL	3467
1168973573344	1	INSTRUCTIONSCROLL	3470
1168973573361	1	INSTRUCTIONSCROLL	3474
1168973573378	1	INSTRUCTIONSCROLL	3477
1168973573394	1	INSTRUCTIONSCROLL	3480
1168973573411	1	INSTRUCTIONSCROLL	3484
1168973573428	1	INSTRUCTIONSCROLL	3487
1168973573444	1	INSTRUCTIONSCROLL	3490
1168973573461	1	INSTRUCTIONSCROLL	3494
1168973573478	1	INSTRUCTIONSCROLL	3497
1168973573494	1	INSTRUCTIONSCROLL	3500
1168973573511	1	INSTRUCTIONSCROLL	3504
1168973573528	1	INSTRUCTIONSCROLL	3507
1168973573544	1	INSTRUCTIONSCROLL	3510
1168973573561	1	INSTRUCTIONSCROLL	3514
1168973573578	1	INSTRUCTIONSCROLL	3517
1168973573594	1	INSTRUCTIONSCROLL	3520
1168973573611	1	INSTRUCTIONSCROLL	3524
1168973573627	1	INSTRUCTIONSCROLL	3527
1168973573643	1	INSTRUCTIONSCROLL	3530
1168973573660	1	INSTRUCTIONSCROLL	3533
1168973573677	1	INSTRUCTIONSCROLL	3537
1168973573693	1	INSTRUCTIONSCROLL	3540
1168973573710	1	INSTRUCTIONSCROLL	3543
1168973573727	1	INSTRUCTIONSCROLL	3547
1168973573743	1	INSTRUCTIONSCROLL	3550
1168973573760	1	INSTRUCTIONSCROLL	3553
1168973573777	1	INSTRUCTIONSCROLL	3557
1168973573793	1	INSTRUCTIONSCROLL	3560
1168973573810	1	INSTRUCTIONSCROLL	3563
1168973573827	1	INSTRUCTIONSCROLL	3567
1168973573843	1	INSTRUCTIONSCROLL	3570
1168973573860	1	INSTRUCTIONSCROLL	3573
1168973573877	1	INSTRUCTIONSCROLL	3577
1168973573893	1	INSTRUCTIONSCROLL	3580
1168973573910	1	INSTRUCTIONSCROLL	3583
1168973573927	1	INSTRUCTIONSCROLL	3587
1168973573943	1	INSTRUCTIONSCROLL	3590
1168973573960	1	INSTRUCTIONSCROLL	3593
1168973573977	1	INSTRUCTIONSCROLL	3597
1168973573993	1	INSTRUCTIONSCROLL	3600
1168973574011	1	INSTRUCTIONSCROLL	3603
1168973574027	1	INSTRUCTIONSCROLL	3607
1168973574044	1	INSTRUCTIONSCROLL	3610
1168973574062	1	INSTRUCTIONSCROLL	3614
1168973574077	1	INSTRUCTIONSCROLL	3617
1168973574094	1	INSTRUCTIONSCROLL	3620
1168973574111	1	INSTRUCTIONSCROLL	3624
1168973574128	1	INSTRUCTIONSCROLL	3627
1168973574144	1	INSTRUCTIONSCROLL	3630
1168973574161	1	INSTRUCTIONSCROLL	3634
1168973574177	1	INSTRUCTIONSCROLL	3637
1168973574194	1	INSTRUCTIONSCROLL	3640
1168973574211	1	INSTRUCTIONSCROLL	3644
1168973574227	1	INSTRUCTIONSCROLL	3647
1168973574244	1	INSTRUCTIONSCROLL	3650
1168973574261	1	INSTRUCTIONSCROLL	3653
1168973574277	1	INSTRUCTIONSCROLL	3657
1168973574294	1	INSTRUCTIONSCROLL	3660
1168973574311	1	INSTRUCTIONSCROLL	3664
1168973574327	1	INSTRUCTIONSCROLL	3667
1168973574344	1	INSTRUCTIONSCROLL	3670
1168973574361	1	INSTRUCTIONSCROLL	3674
1168973574377	1	INSTRUCTIONSCROLL	3677
1168973574394	1	INSTRUCTIONSCROLL	3680
1168973574411	1	INSTRUCTIONSCROLL	3683
1168973574427	1	INSTRUCTIONSCROLL	3687
1168973574444	1	INSTRUCTIONSCROLL	3690
1168973574461	1	INSTRUCTIONSCROLL	3694
1168973574477	1	INSTRUCTIONSCROLL	3697
1168973574494	1	INSTRUCTIONSCROLL	3700
1168973574511	1	INSTRUCTIONSCROLL	3704
1168973574527	1	INSTRUCTIONSCROLL	3707
1168973574544	1	INSTRUCTIONSCROLL	3710
1168973574561	1	INSTRUCTIONSCROLL	3713
1168973574577	1	INSTRUCTIONSCROLL	3717
1168973613183	1	INSTRUCTIONSCROLL	3718
1168973613200	1	INSTRUCTIONSCROLL	3720
1168973613217	1	INSTRUCTIONSCROLL	3724
1168973613233	1	INSTRUCTIONSCROLL	3727
1168973613250	1	INSTRUCTIONSCROLL	3730
1168973613267	1	INSTRUCTIONSCROLL	3734
1168973613283	1	INSTRUCTIONSCROLL	3737
1168973613300	1	INSTRUCTIONSCROLL	3740
1168973613317	1	INSTRUCTIONSCROLL	3744
1168973613333	1	INSTRUCTIONSCROLL	3747
1168973613350	1	INSTRUCTIONSCROLL	3750
1168973613367	1	INSTRUCTIONSCROLL	3754
1168973613383	1	INSTRUCTIONSCROLL	3757
1168973613400	1	INSTRUCTIONSCROLL	3760
1168973613417	1	INSTRUCTIONSCROLL	3764
1168973613433	1	INSTRUCTIONSCROLL	3767
1168973613450	1	INSTRUCTIONSCROLL	3770
1168973613467	1	INSTRUCTIONSCROLL	3774
1168973613483	1	INSTRUCTIONSCROLL	3777
1168973613500	1	INSTRUCTIONSCROLL	3780
1168973613517	1	INSTRUCTIONSCROLL	3784
1168973613533	1	INSTRUCTIONSCROLL	3787
1168973613550	1	INSTRUCTIONSCROLL	3790
1168973613567	1	INSTRUCTIONSCROLL	3794
1168973613583	1	INSTRUCTIONSCROLL	3797
1168973613600	1	INSTRUCTIONSCROLL	3800
1168973613616	1	INSTRUCTIONSCROLL	3804
1168973613632	1	INSTRUCTIONSCROLL	3807
1168973613649	1	INSTRUCTIONSCROLL	3810
1168973613666	1	INSTRUCTIONSCROLL	3814
1168973613682	1	INSTRUCTIONSCROLL	3817
1168973613699	1	INSTRUCTIONSCROLL	3820
1168973613716	1	INSTRUCTIONSCROLL	3824
1168973613732	1	INSTRUCTIONSCROLL	3827
1168973613749	1	INSTRUCTIONSCROLL	3830
1168973613766	1	INSTRUCTIONSCROLL	3833
1168973613782	1	INSTRUCTIONSCROLL	3837
1168973613799	1	INSTRUCTIONSCROLL	3840
1168973613816	1	INSTRUCTIONSCROLL	3844
1168973613832	1	INSTRUCTIONSCROLL	3847
1168973613849	1	INSTRUCTIONSCROLL	3850
1168973613866	1	INSTRUCTIONSCROLL	3854
1168973613882	1	INSTRUCTIONSCROLL	3857
1168973613899	1	INSTRUCTIONSCROLL	3860
1168973613916	1	INSTRUCTIONSCROLL	3863
1168973613932	1	INSTRUCTIONSCROLL	3867
1168973613949	1	INSTRUCTIONSCROLL	3870
1168973613966	1	INSTRUCTIONSCROLL	3874
1168973613982	1	INSTRUCTIONSCROLL	3877
1168973613999	1	INSTRUCTIONSCROLL	3880
1168973614016	1	INSTRUCTIONSCROLL	3884
1168973614033	1	INSTRUCTIONSCROLL	3887
1168973614050	1	INSTRUCTIONSCROLL	3890
1168973614067	1	INSTRUCTIONSCROLL	3894
1168973614083	1	INSTRUCTIONSCROLL	3897
1168973614100	1	INSTRUCTIONSCROLL	3900
1168973614116	1	INSTRUCTIONSCROLL	3904
1168973614133	1	INSTRUCTIONSCROLL	3907
1168973614150	1	INSTRUCTIONSCROLL	3910
1168973614166	1	INSTRUCTIONSCROLL	3914
1168973614183	1	INSTRUCTIONSCROLL	3917
1168973614200	1	INSTRUCTIONSCROLL	3920
1168973614216	1	INSTRUCTIONSCROLL	3924
1168973614233	1	INSTRUCTIONSCROLL	3927
1168973614250	1	INSTRUCTIONSCROLL	3930
1168973614266	1	INSTRUCTIONSCROLL	3934
1168973614283	1	INSTRUCTIONSCROLL	3937
1168973614300	1	INSTRUCTIONSCROLL	3940
1168973614316	1	INSTRUCTIONSCROLL	3944
1168973614333	1	INSTRUCTIONSCROLL	3947
1168973614350	1	INSTRUCTIONSCROLL	3950
1168973614366	1	INSTRUCTIONSCROLL	3954
1168973614383	1	INSTRUCTIONSCROLL	3957
1168973614400	1	INSTRUCTIONSCROLL	3960
1168973614416	1	INSTRUCTIONSCROLL	3964
1168973614433	1	INSTRUCTIONSCROLL	3967
1168973614450	1	INSTRUCTIONSCROLL	3970
1168973642292	1	INSTRUCTIONSCROLL	3971
1168973642309	1	INSTRUCTIONSCROLL	3975
1168973642325	1	INSTRUCTIONSCROLL	3978
1168973642342	1	INSTRUCTIONSCROLL	3981
1168973642359	1	INSTRUCTIONSCROLL	3984
1168973642375	1	INSTRUCTIONSCROLL	3988
1168973642392	1	INSTRUCTIONSCROLL	3991
1168973642409	1	INSTRUCTIONSCROLL	3994
1168973642425	1	INSTRUCTIONSCROLL	3998
1168973642442	1	INSTRUCTIONSCROLL	4001
1168973642459	1	INSTRUCTIONSCROLL	4004
1168973642475	1	INSTRUCTIONSCROLL	4008
1168973642492	1	INSTRUCTIONSCROLL	4011
1168973642509	1	INSTRUCTIONSCROLL	4014
1168973642525	1	INSTRUCTIONSCROLL	4018
1168973642542	1	INSTRUCTIONSCROLL	4021
1168973642559	1	INSTRUCTIONSCROLL	4024
1168973642575	1	INSTRUCTIONSCROLL	4028
1168973642592	1	INSTRUCTIONSCROLL	4031
1168973642609	1	INSTRUCTIONSCROLL	4034
1168973642624	1	INSTRUCTIONSCROLL	4038
1168973642641	1	INSTRUCTIONSCROLL	4041
1168973642658	1	INSTRUCTIONSCROLL	4044
1168973642674	1	INSTRUCTIONSCROLL	4048
1168973642691	1	INSTRUCTIONSCROLL	4051
1168973642708	1	INSTRUCTIONSCROLL	4054
1168973642724	1	INSTRUCTIONSCROLL	4058
1168973642741	1	INSTRUCTIONSCROLL	4061
1168973642758	1	INSTRUCTIONSCROLL	4064
1168973642774	1	INSTRUCTIONSCROLL	4068
1168973642791	1	INSTRUCTIONSCROLL	4071
1168973642808	1	INSTRUCTIONSCROLL	4074
1168973642824	1	INSTRUCTIONSCROLL	4078
1168973649223	1	INSTRUCTIONSCROLL	4079
1168973649240	1	INSTRUCTIONSCROLL	4083
1168973649257	1	INSTRUCTIONSCROLL	4086
1168973649274	1	INSTRUCTIONSCROLL	4089
1168973649290	1	INSTRUCTIONSCROLL	4093
1168973649307	1	INSTRUCTIONSCROLL	4096
1168973649323	1	INSTRUCTIONSCROLL	4099
1168973649340	1	INSTRUCTIONSCROLL	4103
1168973649357	1	INSTRUCTIONSCROLL	4106
1168973649373	1	INSTRUCTIONSCROLL	4109
1168973649390	1	INSTRUCTIONSCROLL	4113
1168973649407	1	INSTRUCTIONSCROLL	4116
1168973649423	1	INSTRUCTIONSCROLL	4119
1168973649440	1	INSTRUCTIONSCROLL	4123
1168973649457	1	INSTRUCTIONSCROLL	4126
1168973649473	1	INSTRUCTIONSCROLL	4129
1168973649490	1	INSTRUCTIONSCROLL	4133
1168973649507	1	INSTRUCTIONSCROLL	4136
1168973649523	1	INSTRUCTIONSCROLL	4139
1168973649540	1	INSTRUCTIONSCROLL	4143
1168973649557	1	INSTRUCTIONSCROLL	4146
1168973649573	1	INSTRUCTIONSCROLL	4149
1168973649590	1	INSTRUCTIONSCROLL	4153
1168973649607	1	INSTRUCTIONSCROLL	4156
1168973649622	1	INSTRUCTIONSCROLL	4159
1168973649639	1	INSTRUCTIONSCROLL	4162
1168973649656	1	INSTRUCTIONSCROLL	4166
1168973649672	1	INSTRUCTIONSCROLL	4169
1168973649689	1	INSTRUCTIONSCROLL	4172
1168973649706	1	INSTRUCTIONSCROLL	4176
1168973649722	1	INSTRUCTIONSCROLL	4179
1168973649739	1	INSTRUCTIONSCROLL	4182
1168973649756	1	INSTRUCTIONSCROLL	4186
1168973649772	1	INSTRUCTIONSCROLL	4189
1168973649789	1	INSTRUCTIONSCROLL	4192
1168973649806	1	INSTRUCTIONSCROLL	4196
1168973649822	1	INSTRUCTIONSCROLL	4199
1168973649839	1	INSTRUCTIONSCROLL	4202
1168973649856	1	INSTRUCTIONSCROLL	4205
1168973649872	1	INSTRUCTIONSCROLL	4209
1168973655971	1	INSTRUCTIONSCROLL	4210
1168973655987	1	INSTRUCTIONSCROLL	4213
1168973656005	1	INSTRUCTIONSCROLL	4216
1168973656022	1	INSTRUCTIONSCROLL	4220
1168973656038	1	INSTRUCTIONSCROLL	4223
1168973656055	1	INSTRUCTIONSCROLL	4227
1168973656072	1	INSTRUCTIONSCROLL	4230
1168973656088	1	INSTRUCTIONSCROLL	4233
1168973656105	1	INSTRUCTIONSCROLL	4237
1168973656122	1	INSTRUCTIONSCROLL	4240
1168973656138	1	INSTRUCTIONSCROLL	4243
1168973656155	1	INSTRUCTIONSCROLL	4247
1168973656172	1	INSTRUCTIONSCROLL	4250
1168973656188	1	INSTRUCTIONSCROLL	4253
1168973656205	1	INSTRUCTIONSCROLL	4257
1168973656222	1	INSTRUCTIONSCROLL	4260
1168973656238	1	INSTRUCTIONSCROLL	4263
1168973656255	1	INSTRUCTIONSCROLL	4267
1168973656272	1	INSTRUCTIONSCROLL	4270
1168973656288	1	INSTRUCTIONSCROLL	4273
1168973656305	1	INSTRUCTIONSCROLL	4277
1168973656322	1	INSTRUCTIONSCROLL	4280
1168973656338	1	INSTRUCTIONSCROLL	4283
1168973656355	1	INSTRUCTIONSCROLL	4287
1168973656372	1	INSTRUCTIONSCROLL	4290
1168973656388	1	INSTRUCTIONSCROLL	4293
1168973656405	1	INSTRUCTIONSCROLL	4297
1168973656422	1	INSTRUCTIONSCROLL	4300
1168973656438	1	INSTRUCTIONSCROLL	4303
1168973656455	1	INSTRUCTIONSCROLL	4307
1168973656472	1	INSTRUCTIONSCROLL	4310
1168973656488	1	INSTRUCTIONSCROLL	4313
1168973656505	1	INSTRUCTIONSCROLL	4317
1168973656522	1	INSTRUCTIONSCROLL	4320
1168973656538	1	INSTRUCTIONSCROLL	4323
1168973656555	1	INSTRUCTIONSCROLL	4327
1168973656571	1	INSTRUCTIONSCROLL	4330
1168973656588	1	INSTRUCTIONSCROLL	4333
1168973656605	1	INSTRUCTIONSCROLL	4336
1168973656620	1	INSTRUCTIONSCROLL	4340
1168973656637	1	INSTRUCTIONSCROLL	4343
1168973656654	1	INSTRUCTIONSCROLL	4346
1168973656671	1	INSTRUCTIONSCROLL	4350
1168973657471	1	INSTRUCTIONSCROLL	4351
1168973657488	1	INSTRUCTIONSCROLL	4353
1168973657505	1	INSTRUCTIONSCROLL	4356
1168973657521	1	INSTRUCTIONSCROLL	4360
1168973657538	1	INSTRUCTIONSCROLL	4363
1168973657555	1	INSTRUCTIONSCROLL	4366
1168973657571	1	INSTRUCTIONSCROLL	4370
1168973657588	1	INSTRUCTIONSCROLL	4373
1168973657605	1	INSTRUCTIONSCROLL	4376
1168973657620	1	INSTRUCTIONSCROLL	4380
1168973657637	1	INSTRUCTIONSCROLL	4383
1168973657654	1	INSTRUCTIONSCROLL	4386
1168973657670	1	INSTRUCTIONSCROLL	4389
1168973657687	1	INSTRUCTIONSCROLL	4393
1168973657704	1	INSTRUCTIONSCROLL	4396
1168973657720	1	INSTRUCTIONSCROLL	4399
1168973657737	1	INSTRUCTIONSCROLL	4403
1168973657754	1	INSTRUCTIONSCROLL	4406
1168973657770	1	INSTRUCTIONSCROLL	4409
1168973657787	1	INSTRUCTIONSCROLL	4413
1168973657803	1	INSTRUCTIONSCROLL	4416
1168973657820	1	INSTRUCTIONSCROLL	4419
1168973657837	1	INSTRUCTIONSCROLL	4423
1168973657854	1	INSTRUCTIONSCROLL	4426
1168973657870	1	INSTRUCTIONSCROLL	4429
1168973657887	1	INSTRUCTIONSCROLL	4433
1168973657903	1	INSTRUCTIONSCROLL	4436
1168973657920	1	INSTRUCTIONSCROLL	4439
1168973657937	1	INSTRUCTIONSCROLL	4443
1168973657953	1	INSTRUCTIONSCROLL	4446
1168973657970	1	INSTRUCTIONSCROLL	4449
1168973657987	1	INSTRUCTIONSCROLL	4453
1168973658004	1	INSTRUCTIONSCROLL	4456
1168973658021	1	INSTRUCTIONSCROLL	4460
1168973658038	1	INSTRUCTIONSCROLL	4463
1168973658054	1	INSTRUCTIONSCROLL	4466
1168973658072	1	INSTRUCTIONSCROLL	4470
1168973658088	1	INSTRUCTIONSCROLL	4473
1168973658104	1	INSTRUCTIONSCROLL	4476
1168973658121	1	INSTRUCTIONSCROLL	4480
1168973658138	1	INSTRUCTIONSCROLL	4483
1168973658154	1	INSTRUCTIONSCROLL	4486
1168973658171	1	INSTRUCTIONSCROLL	4490
1168973658188	1	INSTRUCTIONSCROLL	4493
1168973658204	1	INSTRUCTIONSCROLL	4496
1168973658221	1	INSTRUCTIONSCROLL	4500
1168973658238	1	INSTRUCTIONSCROLL	4503
1168973658254	1	INSTRUCTIONSCROLL	4506
1168973658271	1	INSTRUCTIONSCROLL	4510
1168973658288	1	INSTRUCTIONSCROLL	4513
1168973658304	1	INSTRUCTIONSCROLL	4516
1168973658321	1	INSTRUCTIONSCROLL	4520
1168973658338	1	INSTRUCTIONSCROLL	4523
1168973658354	1	INSTRUCTIONSCROLL	4526
1168973658371	1	INSTRUCTIONSCROLL	4530
1168973658388	1	INSTRUCTIONSCROLL	4533
1168973658404	1	INSTRUCTIONSCROLL	4536
1168973658421	1	INSTRUCTIONSCROLL	4540
1168973658438	1	INSTRUCTIONSCROLL	4543
1168973658454	1	INSTRUCTIONSCROLL	4546
1168973658471	1	INSTRUCTIONSCROLL	4550
1168973658488	1	INSTRUCTIONSCROLL	4553
1168973658504	1	INSTRUCTIONSCROLL	4556
1168973658521	1	INSTRUCTIONSCROLL	4560
1168973658538	1	INSTRUCTIONSCROLL	4563
1168973658554	1	INSTRUCTIONSCROLL	4566
1168973658571	1	INSTRUCTIONSCROLL	4570
1168973658588	1	INSTRUCTIONSCROLL	4573
1168973658604	1	INSTRUCTIONSCROLL	4576
1168973658620	1	INSTRUCTIONSCROLL	4580
1168973658637	1	INSTRUCTIONSCROLL	4583
1168973658653	1	INSTRUCTIONSCROLL	4586
1168973660287	1	INSTRUCTIONSCROLL	4587
1168973660304	1	INSTRUCTIONSCROLL	4588
1168973660320	1	INSTRUCTIONSCROLL	4591
1168973660337	1	INSTRUCTIONSCROLL	4594
1168973660354	1	INSTRUCTIONSCROLL	4598
1168973660371	1	INSTRUCTIONSCROLL	4601
1168973660387	1	INSTRUCTIONSCROLL	4604
1168973660404	1	INSTRUCTIONSCROLL	4608
1168973660420	1	INSTRUCTIONSCROLL	4611
1168973660437	1	INSTRUCTIONSCROLL	4614
1168973660454	1	INSTRUCTIONSCROLL	4618
1168973660470	1	INSTRUCTIONSCROLL	4621
1168973660487	1	INSTRUCTIONSCROLL	4624
1168973660504	1	INSTRUCTIONSCROLL	4628
1168973660520	1	INSTRUCTIONSCROLL	4631
1168973660537	1	INSTRUCTIONSCROLL	4634
1168973660554	1	INSTRUCTIONSCROLL	4638
1168973660570	1	INSTRUCTIONSCROLL	4641
1168973660587	1	INSTRUCTIONSCROLL	4644
1168973660604	1	INSTRUCTIONSCROLL	4648
1168973660619	1	INSTRUCTIONSCROLL	4651
1168973660636	1	INSTRUCTIONSCROLL	4654
1168973660653	1	INSTRUCTIONSCROLL	4657
1168973660669	1	INSTRUCTIONSCROLL	4661
1168973660686	1	INSTRUCTIONSCROLL	4664
1168973660703	1	INSTRUCTIONSCROLL	4668
1168973660719	1	INSTRUCTIONSCROLL	4671
1168973660736	1	INSTRUCTIONSCROLL	4674
1168973660753	1	INSTRUCTIONSCROLL	4677
1168973660769	1	INSTRUCTIONSCROLL	4681
1168973660786	1	INSTRUCTIONSCROLL	4684
1168973660803	1	INSTRUCTIONSCROLL	4688
1168973660819	1	INSTRUCTIONSCROLL	4691
1168973660836	1	INSTRUCTIONSCROLL	4694
1168973660853	1	INSTRUCTIONSCROLL	4698
1168973660869	1	INSTRUCTIONSCROLL	4701
1168973660886	1	INSTRUCTIONSCROLL	4704
1168973660903	1	INSTRUCTIONSCROLL	4707
1168973660919	1	INSTRUCTIONSCROLL	4711
1168973660936	1	INSTRUCTIONSCROLL	4714
1168973660953	1	INSTRUCTIONSCROLL	4718
1168973660969	1	INSTRUCTIONSCROLL	4721
1168973660986	1	INSTRUCTIONSCROLL	4724
1168973693810	1	INSTRUCTIONSCROLL	4725
1168973693827	1	INSTRUCTIONSCROLL	4728
1168973693844	1	INSTRUCTIONSCROLL	4731
1168973693860	1	INSTRUCTIONSCROLL	4735
1168973693877	1	INSTRUCTIONSCROLL	4738
1168973693894	1	INSTRUCTIONSCROLL	4741
1168973693910	1	INSTRUCTIONSCROLL	4745
1168973693927	1	INSTRUCTIONSCROLL	4748
1168973693944	1	INSTRUCTIONSCROLL	4751
1168973693960	1	INSTRUCTIONSCROLL	4755
1168973693977	1	INSTRUCTIONSCROLL	4758
1168973693994	1	INSTRUCTIONSCROLL	4761
1168973694011	1	INSTRUCTIONSCROLL	4765
1168973694028	1	INSTRUCTIONSCROLL	4768
1168973694045	1	INSTRUCTIONSCROLL	4772
1168973694061	1	INSTRUCTIONSCROLL	4775
1168973694078	1	INSTRUCTIONSCROLL	4778
1168973694095	1	INSTRUCTIONSCROLL	4782
1168973694111	1	INSTRUCTIONSCROLL	4785
1168973694128	1	INSTRUCTIONSCROLL	4788
1168973694145	1	INSTRUCTIONSCROLL	4792
1168973694161	1	INSTRUCTIONSCROLL	4795
1168973694178	1	INSTRUCTIONSCROLL	4798
1168973694195	1	INSTRUCTIONSCROLL	4802
1168973694211	1	INSTRUCTIONSCROLL	4805
1168973694228	1	INSTRUCTIONSCROLL	4808
1168973694244	1	INSTRUCTIONSCROLL	4812
1168973694261	1	INSTRUCTIONSCROLL	4815
1168973694278	1	INSTRUCTIONSCROLL	4818
1168973694295	1	INSTRUCTIONSCROLL	4822
1168973694311	1	INSTRUCTIONSCROLL	4825
1168973694328	1	INSTRUCTIONSCROLL	4828
1168973694344	1	INSTRUCTIONSCROLL	4832
1168973694361	1	INSTRUCTIONSCROLL	4835
1168973694378	1	INSTRUCTIONSCROLL	4838
1168973694394	1	INSTRUCTIONSCROLL	4842
1168973694411	1	INSTRUCTIONSCROLL	4845
1168973694428	1	INSTRUCTIONSCROLL	4848
1168973694444	1	INSTRUCTIONSCROLL	4852
1168973694461	1	INSTRUCTIONSCROLL	4855
1168973694478	1	INSTRUCTIONSCROLL	4858
1168973694494	1	INSTRUCTIONSCROLL	4862
1168973694511	1	INSTRUCTIONSCROLL	4865
1168973694528	1	INSTRUCTIONSCROLL	4868
1168973694544	1	INSTRUCTIONSCROLL	4872
1168973694561	1	INSTRUCTIONSCROLL	4875
1168973694578	1	INSTRUCTIONSCROLL	4878
1168973694594	1	INSTRUCTIONSCROLL	4882
1168973694611	1	INSTRUCTIONSCROLL	4885
1168973694627	1	INSTRUCTIONSCROLL	4888
1168973694643	1	INSTRUCTIONSCROLL	4891
1168973694660	1	INSTRUCTIONSCROLL	4895
1168973696976	1	INSTRUCTIONSCROLL	4896
1168973696993	1	INSTRUCTIONSCROLL	4897
1168973697010	1	INSTRUCTIONSCROLL	4900
1168973697027	1	INSTRUCTIONSCROLL	4904
1168973697044	1	INSTRUCTIONSCROLL	4907
1168973697060	1	INSTRUCTIONSCROLL	4910
1168973697077	1	INSTRUCTIONSCROLL	4914
1168973697094	1	INSTRUCTIONSCROLL	4917
1168973697110	1	INSTRUCTIONSCROLL	4920
1168973697127	1	INSTRUCTIONSCROLL	4924
1168973697144	1	INSTRUCTIONSCROLL	4927
1168973697160	1	INSTRUCTIONSCROLL	4930
1168973697177	1	INSTRUCTIONSCROLL	4934
1168973697194	1	INSTRUCTIONSCROLL	4937
1168973697210	1	INSTRUCTIONSCROLL	4940
1168973697227	1	INSTRUCTIONSCROLL	4944
1168973697244	1	INSTRUCTIONSCROLL	4947
1168973697260	1	INSTRUCTIONSCROLL	4950
1168973697277	1	INSTRUCTIONSCROLL	4954
1168973697294	1	INSTRUCTIONSCROLL	4955
1168973730135	1	INSTRUCTIONSTOP	Button set (OR)
1168973730135	0	E	Logging Ends
