1155584468283	0	B	Logging Begins
1155584468283	0	SETUP
1155584468290	0	RESTORESTATE
1155584468318	0	SAVESTATE
1155584468319	0	RESTORESTATE
1155584468581	0	SESSION	0
1155584613461	0	SAVESTATE
1155584619489	0	SAVESTATE
1155584625525	0	SAVESTATE
1155584631553	0	SAVESTATE
1155584637585	0	SAVESTATE
1155584643616	0	SAVESTATE
1155584649654	0	SAVESTATE
1155584655681	0	SAVESTATE
1155584667485	0	SAVESTATE
1155584673517	0	SAVESTATE
1155584679549	0	SAVESTATE
1155584685580	0	SAVESTATE
1155584691612	0	SAVESTATE
1155584697643	0	SAVESTATE
1155584703675	0	SAVESTATE
1155584709707	0	SAVESTATE
1155584745896	0	SAVESTATE
1155584751935	0	SAVESTATE
1155584757972	0	SAVESTATE
1155584764002	0	SAVESTATE
1155584770034	0	SAVESTATE
1155584776188	0	SAVESTATE
1155584782095	0	SAVESTATE
1155584788127	0	SAVESTATE
1155584801066	0	SAVESTATE
1155584807097	0	SAVESTATE
1155584813129	0	SAVESTATE
1155584819161	0	SAVESTATE
1155584825193	0	SAVESTATE
1155584831224	0	SAVESTATE
1155584837256	0	SAVESTATE
1155584843288	0	SAVESTATE
1155584855076	0	SAVESTATE
1155584861109	0	SAVESTATE
1155584867146	0	SAVESTATE
1155584873193	0	SAVESTATE
1155584879221	0	SAVESTATE
1155584885252	0	SAVESTATE
1155584891284	0	SAVESTATE
1155584897315	0	SAVESTATE
1155584905322	0	SAVESTATE
1155584911353	0	SAVESTATE
1155584917384	0	SAVESTATE
1155584923416	0	SAVESTATE
1155584929448	0	SAVESTATE
1155584935479	0	SAVESTATE
1155584941511	0	SAVESTATE
1155584947543	0	SAVESTATE
1155584955449	0	SAVESTATE
1155584961480	0	SAVESTATE
1155584967514	0	SAVESTATE
1155584973549	0	SAVESTATE
1155584979576	0	SAVESTATE
1155584985609	0	SAVESTATE
1155584991638	0	SAVESTATE
1155584997735	0	SAVESTATE
1155585012292	0	SAVESTATE
1155585018324	0	SAVESTATE
1155585024355	0	SAVESTATE
1155585030387	0	SAVESTATE
1155585036419	0	SAVESTATE
1155585042450	0	SAVESTATE
1155585048482	0	SAVESTATE
1155585054514	0	SAVESTATE
1155585073952	0	SAVESTATE
1155585079981	0	SAVESTATE
1155585086014	0	SAVESTATE
1155585092054	0	SAVESTATE
1155585098096	0	SAVESTATE
1155585104130	0	SAVESTATE
1155585110157	0	SAVESTATE
1155585116189	0	SAVESTATE
1155585135409	0	SAVESTATE
1155585141441	0	SAVESTATE
1155585147472	0	SAVESTATE
1155585153504	0	SAVESTATE
1155585159536	0	SAVESTATE
1155585165567	0	SAVESTATE
1155585171599	0	SAVESTATE
1155585177631	0	SAVESTATE
1155585185620	0	SAVESTATE
1155585191652	0	SAVESTATE
1155585197684	0	SAVESTATE
1155585203717	0	SAVESTATE
1155585209746	0	SAVESTATE
1155585215782	0	SAVESTATE
1155585221816	0	SAVESTATE
1155585227900	0	SAVESTATE
1155585240746	0	SAVESTATE
1155585246778	0	SAVESTATE
1155585252810	0	SAVESTATE
1155585258841	0	SAVESTATE
1155585264873	0	SAVESTATE
1155585270905	0	SAVESTATE
1155585276936	0	SAVESTATE
1155585282968	0	SAVESTATE
1155585295609	0	SAVESTATE
1155585301639	0	SAVESTATE
1155585307671	0	SAVESTATE
1155585313707	0	SAVESTATE
1155585319739	0	SAVESTATE
1155585325836	0	SAVESTATE
1155585331812	0	SAVESTATE
1155585337846	0	SAVESTATE
1155585350833	0	SAVESTATE
1155585356865	0	SAVESTATE
1155585362896	0	SAVESTATE
1155585368928	0	SAVESTATE
1155585374960	0	SAVESTATE
1155585380992	0	SAVESTATE
1155585387024	0	SAVESTATE
1155585393056	0	SAVESTATE
1155585401763	0	SAVESTATE
1155585407793	0	SAVESTATE
1155585413831	0	SAVESTATE
1155585419861	0	SAVESTATE
1155585425887	0	SAVESTATE
1155585431921	0	SAVESTATE
1155585437952	0	SAVESTATE
1155585443983	0	SAVESTATE
1155585451240	0	SAVESTATE
1155585457272	0	SAVESTATE
1155585463303	0	SAVESTATE
1155585469335	0	SAVESTATE
1155585475367	0	SAVESTATE
1155585481482	0	SAVESTATE
1155585487514	0	SAVESTATE
1155585493546	0	SAVESTATE
1155585504191	0	SAVESTATE
1155585510220	0	SAVESTATE
1155585516250	0	SAVESTATE
1155585522280	0	SAVESTATE
1155585528313	0	SAVESTATE
1155585534342	0	SAVESTATE
1155585540374	0	SAVESTATE
1155585546493	0	SAVESTATE
1155585554313	0	SAVESTATE
1155585560344	0	SAVESTATE
1155585566376	0	SAVESTATE
1155585572407	0	SAVESTATE
1155585578439	0	SAVESTATE
1155585584471	0	SAVESTATE
1155585590503	0	SAVESTATE
1155585596534	0	SAVESTATE
1155585608481	0	SAVESTATE
1155585614521	0	SAVESTATE
1155585620555	0	SAVESTATE
1155585626586	0	SAVESTATE
1155585632616	0	SAVESTATE
1155585638753	0	SAVESTATE
1155585644680	0	SAVESTATE
1155585650711	0	SAVESTATE
1155585658534	0	SAVESTATE
1155585664566	0	SAVESTATE
1155585670598	0	SAVESTATE
1155585676630	0	SAVESTATE
1155585682661	0	SAVESTATE
1155585688693	0	SAVESTATE
1155585694725	0	SAVESTATE
1155585700738	0	SAVESTATE
1155585803572	0	SAVESTATE
1155585809603	0	SAVESTATE
1155585815636	0	SAVESTATE
1155585821668	0	SAVESTATE
1155585827697	0	SAVESTATE
1155585833809	0	SAVESTATE
1155585839762	0	SAVESTATE
1155585845792	0	SAVESTATE
1155585855065	0	SAVESTATE
1155585861096	0	SAVESTATE
1155585867128	0	SAVESTATE
1155585873160	0	SAVESTATE
1155585879191	0	SAVESTATE
1155585885223	0	SAVESTATE
1155585891255	0	SAVESTATE
1155585897286	0	SAVESTATE
1155585904711	0	SAVESTATE
1155585910741	0	SAVESTATE
1155585916775	0	SAVESTATE
1155585922805	0	SAVESTATE
1155585928837	0	SAVESTATE
1155585934869	0	SAVESTATE
1155585940900	0	SAVESTATE
1155585946934	0	SAVESTATE
1155585955487	0	SAVESTATE
1155585961519	0	SAVESTATE
1155585967551	0	SAVESTATE
1155585973582	0	SAVESTATE
1155585979614	0	SAVESTATE
1155585985646	0	SAVESTATE
1155585991678	0	SAVESTATE
1155585997710	0	SAVESTATE
1155586004897	0	SAVESTATE
1155586010931	0	SAVESTATE
1155586016963	0	SAVESTATE
1155586022995	0	SAVESTATE
1155586029029	0	SAVESTATE
1155586035060	0	SAVESTATE
1155586041090	0	SAVESTATE
1155586047124	0	SAVESTATE
1155586055327	0	SAVESTATE
1155586061359	0	SAVESTATE
1155586067390	0	SAVESTATE
1155586073422	0	SAVESTATE
1155586079454	0	SAVESTATE
1155586085486	0	SAVESTATE
1155586091517	0	SAVESTATE
1155586097549	0	SAVESTATE
1155586105608	0	SAVESTATE
1155586111640	0	SAVESTATE
1155586117670	0	SAVESTATE
1155586123701	0	SAVESTATE
1155586129733	0	SAVESTATE
1155586135764	0	SAVESTATE
1155586141795	0	SAVESTATE
1155586147992	0	SAVESTATE
1155586155085	0	SAVESTATE
1155586161115	0	SAVESTATE
1155586167147	0	SAVESTATE
1155586173179	0	SAVESTATE
1155586179210	0	SAVESTATE
1155586185242	0	SAVESTATE
1155586191274	0	SAVESTATE
1155586197305	0	SAVESTATE
1155586207776	0	SAVESTATE
1155586213811	0	SAVESTATE
1155586219840	0	SAVESTATE
1155586225872	0	SAVESTATE
1155586231905	0	SAVESTATE
1155586237936	0	SAVESTATE
1155586244088	0	SAVESTATE
1155586249999	0	SAVESTATE
1155586257140	0	SAVESTATE
1155586263171	0	SAVESTATE
1155586269202	0	SAVESTATE
1155586275234	0	SAVESTATE
1155586281266	0	SAVESTATE
1155586287298	0	SAVESTATE
1155586293330	0	SAVESTATE
1155586299361	0	SAVESTATE
1155586306637	0	SAVESTATE
1155586312667	0	SAVESTATE
1155586318699	0	SAVESTATE
1155586324732	0	SAVESTATE
1155586330760	0	SAVESTATE
1155586336795	0	SAVESTATE
1155586342825	0	SAVESTATE
1155586348856	0	SAVESTATE
1155586356296	0	SAVESTATE
1155586362327	0	SAVESTATE
1155586368359	0	SAVESTATE
1155586374391	0	SAVESTATE
1155586380422	0	SAVESTATE
1155586386454	0	SAVESTATE
1155586392486	0	SAVESTATE
1155586398518	0	SAVESTATE
1155586405958	0	SAVESTATE
1155586411989	0	SAVESTATE
1155586418023	0	SAVESTATE
1155586424053	0	SAVESTATE
1155586430085	0	SAVESTATE
1155586436119	0	SAVESTATE
1155586442149	0	SAVESTATE
1155586448181	0	SAVESTATE
1155586455719	0	SAVESTATE
1155586461750	0	SAVESTATE
1155586467781	0	SAVESTATE
1155586473813	0	SAVESTATE
1155586479845	0	SAVESTATE
1155586485876	0	SAVESTATE
1155586491909	0	SAVESTATE
1155586497940	0	SAVESTATE
1155586505198	0	SAVESTATE
1155586511233	0	SAVESTATE
1155586517263	0	SAVESTATE
1155586523295	0	SAVESTATE
1155586529325	0	SAVESTATE
1155586535357	0	SAVESTATE
1155586541371	0	SAVESTATE
1155586547405	0	SAVESTATE
1155586561524	0	SAVESTATE
1155586567555	0	SAVESTATE
1155586573587	0	SAVESTATE
1155586579619	0	SAVESTATE
1155586585650	0	SAVESTATE
1155586591831	0	SAVESTATE
1155586597863	0	SAVESTATE
1155586603895	0	SAVESTATE
1155586612151	0	SAVESTATE
1155586618187	0	SAVESTATE
1155586624216	0	SAVESTATE
1155586630248	0	SAVESTATE
1155586636281	0	SAVESTATE
1155586642311	0	SAVESTATE
1155586648343	0	SAVESTATE
1155586654443	0	SAVESTATE
1155586670361	0	SAVESTATE
1155586676393	0	SAVESTATE
1155586682424	0	SAVESTATE
1155586688456	0	SAVESTATE
1155586694488	0	SAVESTATE
1155586700519	0	SAVESTATE
1155586706551	0	SAVESTATE
1155586712583	0	SAVESTATE
1155586720307	0	SAVESTATE
1155586726340	0	SAVESTATE
1155586732373	0	SAVESTATE
1155586738400	0	SAVESTATE
1155586744434	0	SAVESTATE
1155586750465	0	SAVESTATE
1155586756499	0	SAVESTATE
1155586762529	0	SAVESTATE
1155586769251	0	SAVESTATE
1155586775282	0	SAVESTATE
1155586781314	0	SAVESTATE
1155586787346	0	SAVESTATE
1155586793378	0	SAVESTATE
1155586799409	0	SAVESTATE
1155586805441	0	SAVESTATE
1155586811473	0	SAVESTATE
1155586822559	0	SAVESTATE
1155586822583	0	EXIT
1155586822584	0	E	Logging Ends
