1159550567792	0	B	Logging Begins
1159550567792	0	SETUP
1159550567813	0	RESTORESTATE
1159550567841	0	SAVESTATE
1159550567841	0	RESTORESTATE
1159550567872	0	SESSION	0
1159550788486	0	SAVESTATE
1159550794514	0	SAVESTATE
1159550800540	0	SAVESTATE
1159550806567	0	SAVESTATE
1159550812594	0	SAVESTATE
1159550818606	0	SAVESTATE
1159550824624	0	SAVESTATE
1159550830661	0	SAVESTATE
1159550843053	0	SAVESTATE
1159550849078	0	SAVESTATE
1159550855104	0	SAVESTATE
1159550861131	0	SAVESTATE
1159550867158	0	SAVESTATE
1159550873185	0	SAVESTATE
1159550879211	0	SAVESTATE
1159550885238	0	SAVESTATE
1159550894436	0	SAVESTATE
1159550900464	0	SAVESTATE
1159550906501	0	SAVESTATE
1159550912528	0	SAVESTATE
1159550918553	0	SAVESTATE
1159550924581	0	SAVESTATE
1159550930595	0	SAVESTATE
1159550936607	0	SAVESTATE
1159550945239	0	SAVESTATE
1159550951265	0	SAVESTATE
1159550957292	0	SAVESTATE
1159550963319	0	SAVESTATE
1159550969346	0	SAVESTATE
1159550975372	0	SAVESTATE
1159550981399	0	SAVESTATE
1159550987426	0	SAVESTATE
1159550995582	0	SAVESTATE
1159551001594	0	SAVESTATE
1159551007613	0	SAVESTATE
1159551013635	0	SAVESTATE
1159551019661	0	SAVESTATE
1159551025689	0	SAVESTATE
1159551031717	0	SAVESTATE
1159551037742	0	SAVESTATE
1159551045919	0	SAVESTATE
1159551051945	0	SAVESTATE
1159551057972	0	SAVESTATE
1159551063999	0	SAVESTATE
1159551070027	0	SAVESTATE
1159551076053	0	SAVESTATE
1159551082080	0	SAVESTATE
1159551088107	0	SAVESTATE
1159551098408	0	SAVESTATE
1159551104422	0	SAVESTATE
1159551110448	0	SAVESTATE
1159551116480	0	SAVESTATE
1159551122502	0	SAVESTATE
1159551128531	0	SAVESTATE
1159551134555	0	SAVESTATE
1159551140568	0	SAVESTATE
1159551148547	0	SAVESTATE
1159551154574	0	SAVESTATE
1159551160601	0	SAVESTATE
1159551166628	0	SAVESTATE
1159551172654	0	SAVESTATE
1159551178681	0	SAVESTATE
1159551184708	0	SAVESTATE
1159551190734	0	SAVESTATE
1159551199572	0	SAVESTATE
1159551205601	0	SAVESTATE
1159551211635	0	SAVESTATE
1159551217651	0	SAVESTATE
1159551223664	0	SAVESTATE
1159551229692	0	SAVESTATE
1159551235716	0	SAVESTATE
1159551241732	0	SAVESTATE
1159551249055	0	SAVESTATE
1159551255082	0	SAVESTATE
1159551261109	0	SAVESTATE
1159551267135	0	SAVESTATE
1159551273162	0	SAVESTATE
1159551279189	0	SAVESTATE
1159551285215	0	SAVESTATE
1159551291242	0	SAVESTATE
1159551299238	0	SAVESTATE
1159551305263	0	SAVESTATE
1159551311290	0	SAVESTATE
1159551317321	0	SAVESTATE
1159551323345	0	SAVESTATE
1159551329360	0	SAVESTATE
1159551335373	0	SAVESTATE
1159551341399	0	SAVESTATE
1159551348855	0	SAVESTATE
1159551354882	0	SAVESTATE
1159551360896	0	SAVESTATE
1159551366922	0	SAVESTATE
1159551372949	0	SAVESTATE
1159551378976	0	SAVESTATE
1159551385003	0	SAVESTATE
1159551391030	0	SAVESTATE
1159551401935	0	SAVESTATE
1159551407970	0	SAVESTATE
1159551414001	0	SAVESTATE
1159551420026	0	SAVESTATE
1159551426038	0	SAVESTATE
1159551432068	0	SAVESTATE
1159551438091	0	SAVESTATE
1159551444120	0	SAVESTATE
1159551452137	0	SAVESTATE
1159551458164	0	SAVESTATE
1159551464191	0	SAVESTATE
1159551470217	0	SAVESTATE
1159551476244	0	SAVESTATE
1159551482271	0	SAVESTATE
1159551488298	0	SAVESTATE
1159551494324	0	SAVESTATE
1159551503827	0	SAVESTATE
1159551509853	0	SAVESTATE
1159551515879	0	SAVESTATE
1159551521909	0	SAVESTATE
1159551527945	0	SAVESTATE
1159551533975	0	SAVESTATE
1159551540002	0	SAVESTATE
1159551546013	0	SAVESTATE
1159551555844	0	SAVESTATE
1159551561871	0	SAVESTATE
1159551567897	0	SAVESTATE
1159551573924	0	SAVESTATE
1159551579951	0	SAVESTATE
1159551585978	0	SAVESTATE
1159551592005	0	SAVESTATE
1159551598032	0	SAVESTATE
1159551607135	0	SAVESTATE
1159551613162	0	SAVESTATE
1159551619191	0	SAVESTATE
1159551625229	0	SAVESTATE
1159551631253	0	SAVESTATE
1159551637269	0	SAVESTATE
1159551643281	0	SAVESTATE
1159551649309	0	SAVESTATE
1159551661473	0	SAVESTATE
1159551667499	0	SAVESTATE
1159551673526	0	SAVESTATE
1159551679553	0	SAVESTATE
1159551685580	0	SAVESTATE
1159551691606	0	SAVESTATE
1159551697633	0	SAVESTATE
1159551703660	0	SAVESTATE
1159551717260	0	SAVESTATE
1159551723296	0	SAVESTATE
1159551729322	0	SAVESTATE
1159551735338	0	SAVESTATE
1159551741348	0	SAVESTATE
1159551747376	0	SAVESTATE
1159551753403	0	SAVESTATE
1159551759431	0	SAVESTATE
1159551766899	0	SAVESTATE
1159551772926	0	SAVESTATE
1159551778953	0	SAVESTATE
1159551784980	0	SAVESTATE
1159551791007	0	SAVESTATE
1159551797034	0	SAVESTATE
1159551803061	0	SAVESTATE
1159551809088	0	SAVESTATE
1159551858230	0	SAVESTATE
1159551864259	0	SAVESTATE
1159551870285	0	SAVESTATE
1159551876318	0	SAVESTATE
1159551882354	0	SAVESTATE
1159551888379	0	SAVESTATE
1159551894403	0	SAVESTATE
1159551900421	0	SAVESTATE
1159551910222	0	SAVESTATE
1159551916249	0	SAVESTATE
1159551922276	0	SAVESTATE
1159551928302	0	SAVESTATE
1159551934329	0	SAVESTATE
1159551940356	0	SAVESTATE
1159551946382	0	SAVESTATE
1159551952409	0	SAVESTATE
1159551959904	0	SAVESTATE
1159551965937	0	SAVESTATE
1159551971952	0	SAVESTATE
1159551977978	0	SAVESTATE
1159551984008	0	SAVESTATE
1159551990035	0	SAVESTATE
1159551996071	0	SAVESTATE
1159552002100	0	SAVESTATE
1159552010809	0	SAVESTATE
1159552016835	0	SAVESTATE
1159552022862	0	SAVESTATE
1159552028889	0	SAVESTATE
1159552034916	0	SAVESTATE
1159552040942	0	SAVESTATE
1159552046969	0	SAVESTATE
1159552052996	0	SAVESTATE
1159552060472	0	SAVESTATE
1159552066501	0	SAVESTATE
1159552072527	0	SAVESTATE
1159552078539	0	SAVESTATE
1159552084556	0	SAVESTATE
1159552090600	0	SAVESTATE
1159552096635	0	SAVESTATE
1159552102660	0	SAVESTATE
1159552112357	0	SAVESTATE
1159552118384	0	SAVESTATE
1159552124411	0	SAVESTATE
1159552130438	0	SAVESTATE
1159552136464	0	SAVESTATE
1159552142491	0	SAVESTATE
1159552148518	0	SAVESTATE
1159552154545	0	SAVESTATE
1159552161968	0	SAVESTATE
1159552167980	0	SAVESTATE
1159552174009	0	SAVESTATE
1159552180035	0	SAVESTATE
1159552186064	0	SAVESTATE
1159552192085	0	SAVESTATE
1159552198121	0	SAVESTATE
1159552204144	0	SAVESTATE
1159552211217	0	SAVESTATE
1159552217238	0	SAVESTATE
1159552223265	0	SAVESTATE
1159552229292	0	SAVESTATE
1159552235319	0	SAVESTATE
1159552241346	0	SAVESTATE
1159552247372	0	SAVESTATE
1159552253399	0	SAVESTATE
1159552260969	0	SAVESTATE
1159552266996	0	SAVESTATE
1159552273021	0	SAVESTATE
1159552279051	0	SAVESTATE
1159552285089	0	SAVESTATE
1159552291121	0	SAVESTATE
1159552297156	0	SAVESTATE
1159552303167	0	SAVESTATE
1159552310470	0	SAVESTATE
1159552316493	0	SAVESTATE
1159552322520	0	SAVESTATE
1159552328546	0	SAVESTATE
1159552334573	0	SAVESTATE
1159552340600	0	SAVESTATE
1159552346627	0	SAVESTATE
1159552352653	0	SAVESTATE
1159552360039	0	SAVESTATE
1159552366063	0	SAVESTATE
1159552372082	0	SAVESTATE
1159552378117	0	SAVESTATE
1159552384130	0	SAVESTATE
1159552390157	0	SAVESTATE
1159552396181	0	SAVESTATE
1159552402213	0	SAVESTATE
1159552409574	0	SAVESTATE
1159552415601	0	SAVESTATE
1159552421627	0	SAVESTATE
1159552427654	0	SAVESTATE
1159552433681	0	SAVESTATE
1159552439707	0	SAVESTATE
1159552445733	0	SAVESTATE
1159552451760	0	SAVESTATE
1159552458863	0	SAVESTATE
1159552464893	0	SAVESTATE
1159552470916	0	SAVESTATE
1159552476931	0	SAVESTATE
1159552482958	0	SAVESTATE
1159552488982	0	SAVESTATE
1159552495018	0	SAVESTATE
1159552501050	0	SAVESTATE
1159552508188	0	SAVESTATE
1159552514215	0	SAVESTATE
1159552520242	0	SAVESTATE
1159552526268	0	SAVESTATE
1159552532295	0	SAVESTATE
1159552538322	0	SAVESTATE
1159552544349	0	SAVESTATE
1159552550375	0	SAVESTATE
1159552557744	0	SAVESTATE
1159552563770	0	SAVESTATE
1159552569798	0	SAVESTATE
1159552575813	0	SAVESTATE
1159552581836	0	SAVESTATE
1159552587867	0	SAVESTATE
1159552593892	0	SAVESTATE
1159552599924	0	SAVESTATE
1159552607349	0	SAVESTATE
1159552613376	0	SAVESTATE
1159552619403	0	SAVESTATE
1159552625416	0	SAVESTATE
1159552631443	0	SAVESTATE
1159552637470	0	SAVESTATE
1159552643496	0	SAVESTATE
1159552649523	0	SAVESTATE
1159552657666	0	SAVESTATE
1159552663693	0	SAVESTATE
1159552669718	0	SAVESTATE
1159552675747	0	SAVESTATE
1159552681771	0	SAVESTATE
1159552687792	0	SAVESTATE
1159552693815	0	SAVESTATE
1159552699840	0	SAVESTATE
1159552708190	0	SAVESTATE
1159552714217	0	SAVESTATE
1159552720244	0	SAVESTATE
1159552726270	0	SAVESTATE
1159552732297	0	SAVESTATE
1159552738325	0	SAVESTATE
1159552744351	0	SAVESTATE
1159552750377	0	SAVESTATE
1159552758895	0	SAVESTATE
1159552764917	0	SAVESTATE
1159552770933	0	SAVESTATE
1159552776959	0	SAVESTATE
1159552782987	0	SAVESTATE
1159552789021	0	SAVESTATE
1159552795056	0	SAVESTATE
1159552801082	0	SAVESTATE
1159552808950	0	SAVESTATE
1159552814977	0	SAVESTATE
1159552821005	0	SAVESTATE
1159552827032	0	SAVESTATE
1159552833058	0	SAVESTATE
1159552839085	0	SAVESTATE
1159552845112	0	SAVESTATE
1159552851138	0	SAVESTATE
1159552893330	0	SAVESTATE
1159552893333	0	EXIT
1159552893333	0	E	Logging Ends
