1155136630921	0	B	Logging Begins
1155136630921	0	INSTRUCTIONSTART	JointRoller	/Library/Frameworks/Python.framework/Versions/2.4/lib/python2.4/site-packages/pyepl/resources/vera.ttf	51	(0, 0, 0)	"This study will analyze your memory face items. A star (*) will be\nshown to warn you that the trial is about to begin.  After the study\nitem you see a probe, and you are asked to indicate whether the probe\nis identical to the study item. If you think the probe is identical,\npress the '/' key to indicate YES, otherwise press the '.' key to\nindicate NO.\n\nRESPOND AS QUICKLY AS YOU CAN WITHOUT COMPROMISING YOUR ACCURACY.\n\nPlease try not to move. You can move and blink between trials, when it\nis indicated on the screen. You will do two blocks of 32 trials.\n\nLet's proceed!\n\n"
1155136630967	1	INSTRUCTIONSCROLL	0
1155136645021	0	B	Logging Begins
1155136645021	0	INSTRUCTIONSTART	JointRoller	/Library/Frameworks/Python.framework/Versions/2.4/lib/python2.4/site-packages/pyepl/resources/vera.ttf	51	(0, 0, 0)	"This study will analyze your memory face items. A star (*) will be\nshown to warn you that the trial is about to begin.  After the study\nitem you see a probe, and you are asked to indicate whether the probe\nis identical to the study item. If you think the probe is identical,\npress the '/' key to indicate YES, otherwise press the '.' key to\nindicate NO.\n\nRESPOND AS QUICKLY AS YOU CAN WITHOUT COMPROMISING YOUR ACCURACY.\n\nPlease try not to move. You can move and blink between trials, when it\nis indicated on the screen. You will do two blocks of 32 trials.\n\nLet's proceed!\n\n"
1155136645064	1	INSTRUCTIONSCROLL	0
1155137242044	1	INSTRUCTIONSCROLL	1
1155137242059	1	INSTRUCTIONSCROLL	2
1155137242075	1	INSTRUCTIONSCROLL	4
1155137242092	1	INSTRUCTIONSCROLL	8
1155137242109	1	INSTRUCTIONSCROLL	11
1155137242125	1	INSTRUCTIONSCROLL	14
1155137242142	1	INSTRUCTIONSCROLL	18
1155137242159	1	INSTRUCTIONSCROLL	21
1155137242175	1	INSTRUCTIONSCROLL	24
1155137242192	1	INSTRUCTIONSCROLL	28
1155137242209	1	INSTRUCTIONSCROLL	31
1155137242225	1	INSTRUCTIONSCROLL	34
1155137242242	1	INSTRUCTIONSCROLL	38
1155137242258	1	INSTRUCTIONSCROLL	41
1155137242275	1	INSTRUCTIONSCROLL	44
1155137242292	1	INSTRUCTIONSCROLL	48
1155137242308	1	INSTRUCTIONSCROLL	51
1155137242325	1	INSTRUCTIONSCROLL	54
1155137242342	1	INSTRUCTIONSCROLL	58
1155137242358	1	INSTRUCTIONSCROLL	61
1155137242375	1	INSTRUCTIONSCROLL	64
1155137242392	1	INSTRUCTIONSCROLL	68
1155137242408	1	INSTRUCTIONSCROLL	71
1155137242425	1	INSTRUCTIONSCROLL	74
1155137242442	1	INSTRUCTIONSCROLL	78
1155137242458	1	INSTRUCTIONSCROLL	81
1155137242475	1	INSTRUCTIONSCROLL	84
1155137242492	1	INSTRUCTIONSCROLL	88
1155137242508	1	INSTRUCTIONSCROLL	93
1155137242525	1	INSTRUCTIONSCROLL	94
1155137242542	1	INSTRUCTIONSCROLL	98
1155137242558	1	INSTRUCTIONSCROLL	101
1155137242575	1	INSTRUCTIONSCROLL	104
1155137242592	1	INSTRUCTIONSCROLL	108
1155137242608	1	INSTRUCTIONSCROLL	111
1155137242625	1	INSTRUCTIONSCROLL	114
1155137242642	1	INSTRUCTIONSCROLL	118
1155137242658	1	INSTRUCTIONSCROLL	121
1155137242675	1	INSTRUCTIONSCROLL	124
1155137242691	1	INSTRUCTIONSCROLL	128
1155137242707	1	INSTRUCTIONSCROLL	131
1155137242724	1	INSTRUCTIONSCROLL	134
1155137242741	1	INSTRUCTIONSCROLL	138
1155137242757	1	INSTRUCTIONSCROLL	141
1155137242774	1	INSTRUCTIONSCROLL	144
1155137242791	1	INSTRUCTIONSCROLL	147
1155137242807	1	INSTRUCTIONSCROLL	151
1155137242824	1	INSTRUCTIONSCROLL	154
1155137242841	1	INSTRUCTIONSCROLL	157
1155137242857	1	INSTRUCTIONSCROLL	161
1155137242874	1	INSTRUCTIONSCROLL	164
1155137242891	1	INSTRUCTIONSCROLL	168
1155137242907	1	INSTRUCTIONSCROLL	171
1155137242924	1	INSTRUCTIONSCROLL	174
1155137242941	1	INSTRUCTIONSCROLL	177
1155137242957	1	INSTRUCTIONSCROLL	181
1155137242974	1	INSTRUCTIONSCROLL	184
1155137242991	1	INSTRUCTIONSCROLL	186
1155137247540	1	INSTRUCTIONSTOP	Button set (OR)
1155137247549	0	E	Logging Ends
