1157737058568	0	B	Logging Begins
1157737058568	0	SETUP
1157737058590	0	RESTORESTATE
1157737058619	0	SAVESTATE
1157737058619	0	RESTORESTATE
1157737058923	0	SESSION	0
1157737203672	0	SAVESTATE
1157737209699	0	SAVESTATE
1157737215733	0	SAVESTATE
1157737221764	0	SAVESTATE
1157737227800	0	SAVESTATE
1157737233842	0	SAVESTATE
1157737239872	0	SAVESTATE
1157737245907	0	SAVESTATE
1157737257712	0	SAVESTATE
1157737263741	0	SAVESTATE
1157737269772	0	SAVESTATE
1157737275804	0	SAVESTATE
1157737281834	0	SAVESTATE
1157737287865	0	SAVESTATE
1157737293897	0	SAVESTATE
1157737299928	0	SAVESTATE
1157737308785	0	SAVESTATE
1157737314816	0	SAVESTATE
1157737320846	0	SAVESTATE
1157737326879	0	SAVESTATE
1157737332916	0	SAVESTATE
1157737338956	0	SAVESTATE
1157737344990	0	SAVESTATE
1157737351148	0	SAVESTATE
1157737358842	0	SAVESTATE
1157737364873	0	SAVESTATE
1157737370904	0	SAVESTATE
1157737376936	0	SAVESTATE
1157737382967	0	SAVESTATE
1157737388999	0	SAVESTATE
1157737395031	0	SAVESTATE
1157737401062	0	SAVESTATE
1157737408069	0	SAVESTATE
1157737414099	0	SAVESTATE
1157737420131	0	SAVESTATE
1157737426163	0	SAVESTATE
1157737432194	0	SAVESTATE
1157737438226	0	SAVESTATE
1157737444329	0	SAVESTATE
1157737450311	0	SAVESTATE
1157737457495	0	SAVESTATE
1157737463525	0	SAVESTATE
1157737469556	0	SAVESTATE
1157737475587	0	SAVESTATE
1157737481619	0	SAVESTATE
1157737487650	0	SAVESTATE
1157737493681	0	SAVESTATE
1157737499713	0	SAVESTATE
1157737509692	0	SAVESTATE
1157737515734	0	SAVESTATE
1157737521764	0	SAVESTATE
1157737527798	0	SAVESTATE
1157737533826	0	SAVESTATE
1157737539851	0	SAVESTATE
1157737545890	0	SAVESTATE
1157737551921	0	SAVESTATE
1157737559693	0	SAVESTATE
1157737565724	0	SAVESTATE
1157737571739	0	SAVESTATE
1157737577770	0	SAVESTATE
1157737583802	0	SAVESTATE
1157737589832	0	SAVESTATE
1157737595863	0	SAVESTATE
1157737601895	0	SAVESTATE
1157737612157	0	SAVESTATE
1157737618200	0	SAVESTATE
1157737624229	0	SAVESTATE
1157737630264	0	SAVESTATE
1157737636294	0	SAVESTATE
1157737642324	0	SAVESTATE
1157737648354	0	SAVESTATE
1157737654387	0	SAVESTATE
1157737661958	0	SAVESTATE
1157737667989	0	SAVESTATE
1157737674022	0	SAVESTATE
1157737680053	0	SAVESTATE
1157737686084	0	SAVESTATE
1157737692115	0	SAVESTATE
1157737698147	0	SAVESTATE
1157737704178	0	SAVESTATE
1157737711886	0	SAVESTATE
1157737717917	0	SAVESTATE
1157737723945	0	SAVESTATE
1157737729979	0	SAVESTATE
1157737736011	0	SAVESTATE
1157737742040	0	SAVESTATE
1157737748080	0	SAVESTATE
1157737754121	0	SAVESTATE
1157737760896	0	SAVESTATE
1157737766923	0	SAVESTATE
1157737772955	0	SAVESTATE
1157737778986	0	SAVESTATE
1157737785018	0	SAVESTATE
1157737791135	0	SAVESTATE
1157737797081	0	SAVESTATE
1157737803112	0	SAVESTATE
1157737811483	0	SAVESTATE
1157737817517	0	SAVESTATE
1157737823555	0	SAVESTATE
1157737829598	0	SAVESTATE
1157737835625	0	SAVESTATE
1157737841660	0	SAVESTATE
1157737847690	0	SAVESTATE
1157737853849	0	SAVESTATE
1157737861310	0	SAVESTATE
1157737867341	0	SAVESTATE
1157737873372	0	SAVESTATE
1157737879403	0	SAVESTATE
1157737885435	0	SAVESTATE
1157737891466	0	SAVESTATE
1157737897498	0	SAVESTATE
1157737903529	0	SAVESTATE
1157737910816	0	SAVESTATE
1157737916851	0	SAVESTATE
1157737922881	0	SAVESTATE
1157737928912	0	SAVESTATE
1157737934944	0	SAVESTATE
1157737940981	0	SAVESTATE
1157737947089	0	SAVESTATE
1157737953056	0	SAVESTATE
1157737960293	0	SAVESTATE
1157737966325	0	SAVESTATE
1157737972356	0	SAVESTATE
1157737978388	0	SAVESTATE
1157737984419	0	SAVESTATE
1157737990450	0	SAVESTATE
1157737996482	0	SAVESTATE
1157738002513	0	SAVESTATE
1157738011609	0	SAVESTATE
1157738017649	0	SAVESTATE
1157738023684	0	SAVESTATE
1157738029714	0	SAVESTATE
1157738035743	0	SAVESTATE
1157738041843	0	SAVESTATE
1157738047807	0	SAVESTATE
1157738053839	0	SAVESTATE
1157738061010	0	SAVESTATE
1157738067041	0	SAVESTATE
1157738073073	0	SAVESTATE
1157738079105	0	SAVESTATE
1157738085136	0	SAVESTATE
1157738091168	0	SAVESTATE
1157738097198	0	SAVESTATE
1157738103230	0	SAVESTATE
1157738114253	0	SAVESTATE
1157738120283	0	SAVESTATE
1157738126314	0	SAVESTATE
1157738132349	0	SAVESTATE
1157738138383	0	SAVESTATE
1157738144426	0	SAVESTATE
1157738150455	0	SAVESTATE
1157738156486	0	SAVESTATE
1157738164326	0	SAVESTATE
1157738170357	0	SAVESTATE
1157738176388	0	SAVESTATE
1157738182420	0	SAVESTATE
1157738188451	0	SAVESTATE
1157738194483	0	SAVESTATE
1157738200514	0	SAVESTATE
1157738206545	0	SAVESTATE
1157738291280	0	SAVESTATE
1157738297308	0	SAVESTATE
1157738303337	0	SAVESTATE
1157738309369	0	SAVESTATE
1157738315401	0	SAVESTATE
1157738321520	0	SAVESTATE
1157738327464	0	SAVESTATE
1157738333500	0	SAVESTATE
1157738340701	0	SAVESTATE
1157738346733	0	SAVESTATE
1157738352763	0	SAVESTATE
1157738358795	0	SAVESTATE
1157738364808	0	SAVESTATE
1157738370840	0	SAVESTATE
1157738376872	0	SAVESTATE
1157738382902	0	SAVESTATE
1157738390381	0	SAVESTATE
1157738396408	0	SAVESTATE
1157738402439	0	SAVESTATE
1157738408470	0	SAVESTATE
1157738414504	0	SAVESTATE
1157738420532	0	SAVESTATE
1157738426565	0	SAVESTATE
1157738432595	0	SAVESTATE
1157738439651	0	SAVESTATE
1157738445767	0	SAVESTATE
1157738451798	0	SAVESTATE
1157738457828	0	SAVESTATE
1157738463859	0	SAVESTATE
1157738469891	0	SAVESTATE
1157738475922	0	SAVESTATE
1157738481953	0	SAVESTATE
1157738489431	0	SAVESTATE
1157738495458	0	SAVESTATE
1157738501491	0	SAVESTATE
1157738507521	0	SAVESTATE
1157738513555	0	SAVESTATE
1157738519584	0	SAVESTATE
1157738525616	0	SAVESTATE
1157738531648	0	SAVESTATE
1157738538851	0	SAVESTATE
1157738544882	0	SAVESTATE
1157738550913	0	SAVESTATE
1157738556945	0	SAVESTATE
1157738562976	0	SAVESTATE
1157738569008	0	SAVESTATE
1157738575040	0	SAVESTATE
1157738581071	0	SAVESTATE
1157738588777	0	SAVESTATE
1157738594807	0	SAVESTATE
1157738600843	0	SAVESTATE
1157738606870	0	SAVESTATE
1157738612901	0	SAVESTATE
1157738618934	0	SAVESTATE
1157738624965	0	SAVESTATE
1157738631194	0	SAVESTATE
1157738638303	0	SAVESTATE
1157738644334	0	SAVESTATE
1157738650364	0	SAVESTATE
1157738656396	0	SAVESTATE
1157738662428	0	SAVESTATE
1157738668459	0	SAVESTATE
1157738674490	0	SAVESTATE
1157738680522	0	SAVESTATE
1157738687779	0	SAVESTATE
1157738693808	0	SAVESTATE
1157738699844	0	SAVESTATE
1157738705873	0	SAVESTATE
1157738711905	0	SAVESTATE
1157738717932	0	SAVESTATE
1157738724083	0	SAVESTATE
1157738729995	0	SAVESTATE
1157738737020	0	SAVESTATE
1157738743051	0	SAVESTATE
1157738749082	0	SAVESTATE
1157738755113	0	SAVESTATE
1157738761144	0	SAVESTATE
1157738767176	0	SAVESTATE
1157738773208	0	SAVESTATE
1157738779239	0	SAVESTATE
1157738786495	0	SAVESTATE
1157738792531	0	SAVESTATE
1157738798560	0	SAVESTATE
1157738804591	0	SAVESTATE
1157738810621	0	SAVESTATE
1157738816797	0	SAVESTATE
1157738822682	0	SAVESTATE
1157738828713	0	SAVESTATE
1157738836053	0	SAVESTATE
1157738842084	0	SAVESTATE
1157738848266	0	SAVESTATE
1157738854298	0	SAVESTATE
1157738860329	0	SAVESTATE
1157738866360	0	SAVESTATE
1157738872391	0	SAVESTATE
1157738878423	0	SAVESTATE
1157738886761	0	SAVESTATE
1157738892797	0	SAVESTATE
1157738898824	0	SAVESTATE
1157738904855	0	SAVESTATE
1157738910889	0	SAVESTATE
1157738916916	0	SAVESTATE
1157738922951	0	SAVESTATE
1157738928979	0	SAVESTATE
1157738936070	0	SAVESTATE
1157738942102	0	SAVESTATE
1157738948133	0	SAVESTATE
1157738954164	0	SAVESTATE
1157738960196	0	SAVESTATE
1157738966227	0	SAVESTATE
1157738972258	0	SAVESTATE
1157738978290	0	SAVESTATE
1157738985184	0	SAVESTATE
1157738991213	0	SAVESTATE
1157738997243	0	SAVESTATE
1157739003272	0	SAVESTATE
1157739009306	0	SAVESTATE
1157739015335	0	SAVESTATE
1157739021367	0	SAVESTATE
1157739027399	0	SAVESTATE
1157739034521	0	SAVESTATE
1157739040586	0	SAVESTATE
1157739046618	0	SAVESTATE
1157739052648	0	SAVESTATE
1157739058680	0	SAVESTATE
1157739064711	0	SAVESTATE
1157739070742	0	SAVESTATE
1157739076774	0	SAVESTATE
1157739087195	0	SAVESTATE
1157739093228	0	SAVESTATE
1157739099262	0	SAVESTATE
1157739105292	0	SAVESTATE
1157739111319	0	SAVESTATE
1157739117354	0	SAVESTATE
1157739123384	0	SAVESTATE
1157739129414	0	SAVESTATE
1157739136294	0	SAVESTATE
1157739142319	0	SAVESTATE
1157739148350	0	SAVESTATE
1157739154381	0	SAVESTATE
1157739160412	0	SAVESTATE
1157739166504	0	SAVESTATE
1157739172475	0	SAVESTATE
1157739178507	0	SAVESTATE
1157739185497	0	SAVESTATE
1157739191527	0	SAVESTATE
1157739197558	0	SAVESTATE
1157739203594	0	SAVESTATE
1157739209623	0	SAVESTATE
1157739215655	0	SAVESTATE
1157739221685	0	SAVESTATE
1157739227717	0	SAVESTATE
1157739235088	0	SAVESTATE
1157739241119	0	SAVESTATE
1157739247151	0	SAVESTATE
1157739253182	0	SAVESTATE
1157739259213	0	SAVESTATE
1157739265344	0	SAVESTATE
1157739271376	0	SAVESTATE
1157739277407	0	SAVESTATE
1157739285606	0	SAVESTATE
1157739285639	0	EXIT
1157739285639	0	E	Logging Ends
