1158960021619	0	B	Logging Begins
1158960021619	0	INSTRUCTIONSTART	JointRoller	/usr/lib/python2.4/site-packages/pyepl/resources/vera.ttf	30	(1.000000, 1.000000, 1.000000, 1.000000)	"In the following experiment, your memory for associating names with faces will be tested.  The experiment will be divided into two halves, with each half testing you on a completely different set of names and faces.  After the first half, there will be a short break.\n\nThe procedure will be the same for each half.  Eight faces will be presented on the screen, consecutively, accompanied by their names.  A woman's voice will also speak the name when the face appears on the screen.  After five seconds, the face will disappear from the screen, a star (*) will flash on the screen for one second, and then the next face and name will appear.\n\nAfter you have seen all eight faces and names, you will be prompted to press any key in order to move on to a testing period.  During each trial of the testing period, you will see a face with a question mark (?) underneath it.  You will have to try and recall the name that goes with the face, and speak it out loud.  After five seconds the face will disappear from the screen, a star will flash on the screen for one second, and then the next face will appear with a question mark underneath it.\n\nFor each half, there will be ten study periods and ten test periods, alternating.  Each face will have the same name over the entire course of the half, so your task is to try and learn the faces' names as quickly and accurately as possible, and to be able to recall them as quickly and accurately as possible.\n\nDuring the test phase, do not worry if you make a mistake and recall the wrong name accidentally.  There is no penalty.  Also, if you are in the middle of recalling a name and the experiment moves on to the next face, do not stop yourself; continue speaking the name.  However, once the next face appears on the screen, you should give up trying to recall the last face and concentrate on the new one.\n\nDo you have any questions?\n\nPress <ENTER> to continue."
1158960021629	1	INSTRUCTIONSCROLL	0
1158960032056	1	INSTRUCTIONSCROLL	1
1158960032069	1	INSTRUCTIONSCROLL	2
1158960032083	1	INSTRUCTIONSCROLL	4
1158960032096	1	INSTRUCTIONSCROLL	7
1158960032109	1	INSTRUCTIONSCROLL	10
1158960032123	1	INSTRUCTIONSCROLL	12
1158960032309	1	INSTRUCTIONSCROLL	13
1158960032323	1	INSTRUCTIONSCROLL	14
1158960032336	1	INSTRUCTIONSCROLL	17
1158960032349	1	INSTRUCTIONSCROLL	19
1158960032363	1	INSTRUCTIONSCROLL	22
1158960032376	1	INSTRUCTIONSCROLL	25
1158960032389	1	INSTRUCTIONSCROLL	27
1158960032403	1	INSTRUCTIONSCROLL	30
1158960032416	1	INSTRUCTIONSCROLL	33
1158960032536	1	INSTRUCTIONSCROLL	34
1158960032550	1	INSTRUCTIONSCROLL	35
1158960032563	1	INSTRUCTIONSCROLL	38
1158960032576	1	INSTRUCTIONSCROLL	40
1158960032589	1	INSTRUCTIONSCROLL	43
1158960032708	1	INSTRUCTIONSCROLL	44
1158960032722	1	INSTRUCTIONSCROLL	47
1158960032735	1	INSTRUCTIONSCROLL	50
1158960032749	1	INSTRUCTIONSCROLL	52
1158960032762	1	INSTRUCTIONSCROLL	55
1158960032775	1	INSTRUCTIONSCROLL	58
1158960032868	1	INSTRUCTIONSCROLL	59
1158960032882	1	INSTRUCTIONSCROLL	61
1158960032895	1	INSTRUCTIONSCROLL	63
1158960032908	1	INSTRUCTIONSCROLL	66
1158960032922	1	INSTRUCTIONSCROLL	69
1158960032935	1	INSTRUCTIONSCROLL	71
1158960033016	1	INSTRUCTIONSCROLL	72
1158960033029	1	INSTRUCTIONSCROLL	73
1158960033043	1	INSTRUCTIONSCROLL	76
1158960033056	1	INSTRUCTIONSCROLL	78
1158960033070	1	INSTRUCTIONSCROLL	81
1158960033083	1	INSTRUCTIONSCROLL	84
1158960033096	1	INSTRUCTIONSCROLL	86
1158960033109	1	INSTRUCTIONSCROLL	89
1158960033123	1	INSTRUCTIONSCROLL	92
1158960033136	1	INSTRUCTIONSCROLL	94
1158960033149	1	INSTRUCTIONSCROLL	97
1158960033163	1	INSTRUCTIONSCROLL	99
1158960033176	1	INSTRUCTIONSCROLL	102
1158960033189	1	INSTRUCTIONSCROLL	105
1158960033203	1	INSTRUCTIONSCROLL	107
1158960033216	1	INSTRUCTIONSCROLL	110
1158960033229	1	INSTRUCTIONSCROLL	113
1158960033243	1	INSTRUCTIONSCROLL	115
1158960033256	1	INSTRUCTIONSCROLL	118
1158960033270	1	INSTRUCTIONSCROLL	121
1158960033283	1	INSTRUCTIONSCROLL	123
1158960033296	1	INSTRUCTIONSCROLL	126
1158960033309	1	INSTRUCTIONSCROLL	129
1158960033323	1	INSTRUCTIONSCROLL	131
1158960033336	1	INSTRUCTIONSCROLL	134
1158960033350	1	INSTRUCTIONSCROLL	137
1158960033363	1	INSTRUCTIONSCROLL	139
1158960033376	1	INSTRUCTIONSCROLL	142
1158960033389	1	INSTRUCTIONSCROLL	145
1158960033403	1	INSTRUCTIONSCROLL	147
1158960033416	1	INSTRUCTIONSCROLL	150
1158960033430	1	INSTRUCTIONSCROLL	153
1158960034136	1	INSTRUCTIONSCROLL	154
1158960034150	1	INSTRUCTIONSCROLL	156
1158960034163	1	INSTRUCTIONSCROLL	159
1158960034176	1	INSTRUCTIONSCROLL	162
1158960034309	1	INSTRUCTIONSCROLL	163
1158960034323	1	INSTRUCTIONSCROLL	164
1158960034336	1	INSTRUCTIONSCROLL	166
1158960034350	1	INSTRUCTIONSCROLL	169
1158960034363	1	INSTRUCTIONSCROLL	172
1158960034376	1	INSTRUCTIONSCROLL	174
1158960034496	1	INSTRUCTIONSCROLL	175
1158960034510	1	INSTRUCTIONSCROLL	177
1158960034523	1	INSTRUCTIONSCROLL	180
1158960034536	1	INSTRUCTIONSCROLL	183
1158960034550	1	INSTRUCTIONSCROLL	185
1158960034563	1	INSTRUCTIONSCROLL	188
1158960034576	1	INSTRUCTIONSCROLL	191
1158960034695	1	INSTRUCTIONSCROLL	192
1158960034709	1	INSTRUCTIONSCROLL	195
1158960034722	1	INSTRUCTIONSCROLL	197
1158960034735	1	INSTRUCTIONSCROLL	200
1158960034749	1	INSTRUCTIONSCROLL	203
1158960034762	1	INSTRUCTIONSCROLL	205
1158960034882	1	INSTRUCTIONSCROLL	206
1158960034895	1	INSTRUCTIONSCROLL	209
1158960034909	1	INSTRUCTIONSCROLL	212
1158960034922	1	INSTRUCTIONSCROLL	214
1158960034935	1	INSTRUCTIONSCROLL	217
1158960034949	1	INSTRUCTIONSCROLL	220
1158960034962	1	INSTRUCTIONSCROLL	222
1158960035056	1	INSTRUCTIONSCROLL	223
1158960035070	1	INSTRUCTIONSCROLL	224
1158960035083	1	INSTRUCTIONSCROLL	227
1158960035096	1	INSTRUCTIONSCROLL	229
1158960035110	1	INSTRUCTIONSCROLL	232
1158960035123	1	INSTRUCTIONSCROLL	235
1158960035136	1	INSTRUCTIONSCROLL	237
1158960035243	1	INSTRUCTIONSCROLL	238
1158960035256	1	INSTRUCTIONSCROLL	239
1158960035270	1	INSTRUCTIONSCROLL	241
1158960035283	1	INSTRUCTIONSCROLL	244
1158960035296	1	INSTRUCTIONSCROLL	247
1158960035310	1	INSTRUCTIONSCROLL	249
1158960035416	1	INSTRUCTIONSCROLL	250
1158960035430	1	INSTRUCTIONSCROLL	252
1158960035443	1	INSTRUCTIONSCROLL	255
1158960035456	1	INSTRUCTIONSCROLL	258
1158960035470	1	INSTRUCTIONSCROLL	260
1158960035483	1	INSTRUCTIONSCROLL	263
1158960035523	1	INSTRUCTIONSCROLL	264
1158960035536	1	INSTRUCTIONSCROLL	265
1158960035550	1	INSTRUCTIONSCROLL	267
1158960035563	1	INSTRUCTIONSCROLL	270
1158960035576	1	INSTRUCTIONSCROLL	273
1158960035590	1	INSTRUCTIONSCROLL	275
1158960035603	1	INSTRUCTIONSCROLL	278
1158960035616	1	INSTRUCTIONSCROLL	281
1158960035630	1	INSTRUCTIONSCROLL	283
1158960035642	1	INSTRUCTIONSCROLL	286
1158960035655	1	INSTRUCTIONSCROLL	289
1158960035669	1	INSTRUCTIONSCROLL	291
1158960035682	1	INSTRUCTIONSCROLL	294
1158960035695	1	INSTRUCTIONSCROLL	297
1158960035709	1	INSTRUCTIONSCROLL	299
1158960035722	1	INSTRUCTIONSCROLL	302
1158960035735	1	INSTRUCTIONSCROLL	305
1158960035749	1	INSTRUCTIONSCROLL	307
1158960035762	1	INSTRUCTIONSCROLL	310
1158960035775	1	INSTRUCTIONSCROLL	313
1158960038869	1	INSTRUCTIONSCROLL	314
1158960038882	1	INSTRUCTIONSCROLL	316
1158960038895	1	INSTRUCTIONSCROLL	319
1158960038909	1	INSTRUCTIONSCROLL	322
1158960038922	1	INSTRUCTIONSCROLL	324
1158960038935	1	INSTRUCTIONSCROLL	327
1158960038949	1	INSTRUCTIONSCROLL	330
1158960038962	1	INSTRUCTIONSCROLL	332
1158960038975	1	INSTRUCTIONSCROLL	335
1158960038989	1	INSTRUCTIONSCROLL	338
1158960039003	1	INSTRUCTIONSCROLL	340
1158960039016	1	INSTRUCTIONSCROLL	343
1158960039030	1	INSTRUCTIONSCROLL	346
1158960039043	1	INSTRUCTIONSCROLL	349
1158960039056	1	INSTRUCTIONSCROLL	351
1158960039070	1	INSTRUCTIONSCROLL	354
1158960039083	1	INSTRUCTIONSCROLL	357
1158960039096	1	INSTRUCTIONSCROLL	359
1158960039110	1	INSTRUCTIONSCROLL	362
1158960039123	1	INSTRUCTIONSCROLL	365
1158960039136	1	INSTRUCTIONSCROLL	367
1158960039150	1	INSTRUCTIONSCROLL	370
1158960039163	1	INSTRUCTIONSCROLL	373
1158960039176	1	INSTRUCTIONSCROLL	375
1158960039190	1	INSTRUCTIONSCROLL	378
1158960039203	1	INSTRUCTIONSCROLL	381
1158960039216	1	INSTRUCTIONSCROLL	383
1158960039230	1	INSTRUCTIONSCROLL	386
1158960039243	1	INSTRUCTIONSCROLL	389
1158960039256	1	INSTRUCTIONSCROLL	391
1158960039270	1	INSTRUCTIONSCROLL	394
1158960039283	1	INSTRUCTIONSCROLL	397
1158960039296	1	INSTRUCTIONSCROLL	399
1158960039310	1	INSTRUCTIONSCROLL	402
1158960039323	1	INSTRUCTIONSCROLL	405
1158960039336	1	INSTRUCTIONSCROLL	407
1158960039350	1	INSTRUCTIONSCROLL	410
1158960039363	1	INSTRUCTIONSCROLL	413
1158960039376	1	INSTRUCTIONSCROLL	415
1158960039390	1	INSTRUCTIONSCROLL	418
1158960039403	1	INSTRUCTIONSCROLL	421
1158960039416	1	INSTRUCTIONSCROLL	423
1158960039430	1	INSTRUCTIONSCROLL	426
1158960039443	1	INSTRUCTIONSCROLL	429
1158960039456	1	INSTRUCTIONSCROLL	431
1158960039470	1	INSTRUCTIONSCROLL	434
1158960039483	1	INSTRUCTIONSCROLL	437
1158960039496	1	INSTRUCTIONSCROLL	439
1158960039510	1	INSTRUCTIONSCROLL	442
1158960039523	1	INSTRUCTIONSCROLL	445
1158960039536	1	INSTRUCTIONSCROLL	447
1158960039550	1	INSTRUCTIONSCROLL	450
1158960039563	1	INSTRUCTIONSCROLL	453
1158960039576	1	INSTRUCTIONSCROLL	455
1158960039590	1	INSTRUCTIONSCROLL	458
1158960039603	1	INSTRUCTIONSCROLL	461
1158960039616	1	INSTRUCTIONSCROLL	463
1158960039630	1	INSTRUCTIONSCROLL	466
1158960039642	1	INSTRUCTIONSCROLL	469
1158960039655	1	INSTRUCTIONSCROLL	471
1158960039669	1	INSTRUCTIONSCROLL	474
1158960039682	1	INSTRUCTIONSCROLL	476
1158960039695	1	INSTRUCTIONSCROLL	479
1158960039709	1	INSTRUCTIONSCROLL	482
1158960039722	1	INSTRUCTIONSCROLL	484
1158960039735	1	INSTRUCTIONSCROLL	487
1158960039749	1	INSTRUCTIONSCROLL	490
1158960039762	1	INSTRUCTIONSCROLL	492
1158960039775	1	INSTRUCTIONSCROLL	495
1158960039789	1	INSTRUCTIONSCROLL	498
1158960039802	1	INSTRUCTIONSCROLL	500
1158960039815	1	INSTRUCTIONSCROLL	503
1158960039829	1	INSTRUCTIONSCROLL	506
1158960039842	1	INSTRUCTIONSCROLL	508
1158960039855	1	INSTRUCTIONSCROLL	511
1158960039869	1	INSTRUCTIONSCROLL	514
1158960039882	1	INSTRUCTIONSCROLL	516
1158960039895	1	INSTRUCTIONSCROLL	519
1158960039909	1	INSTRUCTIONSCROLL	522
1158960039922	1	INSTRUCTIONSCROLL	524
1158960039935	1	INSTRUCTIONSCROLL	527
1158960039949	1	INSTRUCTIONSCROLL	530
1158960039962	1	INSTRUCTIONSCROLL	532
1158960039975	1	INSTRUCTIONSCROLL	535
1158960039989	1	INSTRUCTIONSCROLL	538
1158960040003	1	INSTRUCTIONSCROLL	540
1158960040016	1	INSTRUCTIONSCROLL	543
1158960040030	1	INSTRUCTIONSCROLL	546
1158960040043	1	INSTRUCTIONSCROLL	549
1158960040056	1	INSTRUCTIONSCROLL	551
1158960040070	1	INSTRUCTIONSCROLL	554
1158960040083	1	INSTRUCTIONSCROLL	557
1158960040096	1	INSTRUCTIONSCROLL	559
1158960040110	1	INSTRUCTIONSCROLL	562
1158960040123	1	INSTRUCTIONSCROLL	565
1158960040136	1	INSTRUCTIONSCROLL	567
1158960040150	1	INSTRUCTIONSCROLL	570
1158960040163	1	INSTRUCTIONSCROLL	573
1158960040176	1	INSTRUCTIONSCROLL	575
1158960040190	1	INSTRUCTIONSCROLL	578
1158960040203	1	INSTRUCTIONSCROLL	581
1158960040216	1	INSTRUCTIONSCROLL	583
1158960040230	1	INSTRUCTIONSCROLL	586
1158960040243	1	INSTRUCTIONSCROLL	589
1158960040256	1	INSTRUCTIONSCROLL	591
1158960040270	1	INSTRUCTIONSCROLL	594
1158960040283	1	INSTRUCTIONSCROLL	597
1158960040296	1	INSTRUCTIONSCROLL	599
1158960040310	1	INSTRUCTIONSCROLL	602
1158960040323	1	INSTRUCTIONSCROLL	605
1158960040336	1	INSTRUCTIONSCROLL	607
1158960040350	1	INSTRUCTIONSCROLL	610
1158960040363	1	INSTRUCTIONSCROLL	613
1158960040376	1	INSTRUCTIONSCROLL	615
1158960040390	1	INSTRUCTIONSCROLL	618
1158960040403	1	INSTRUCTIONSCROLL	621
1158960040416	1	INSTRUCTIONSCROLL	623
1158960040430	1	INSTRUCTIONSCROLL	626
1158960040443	1	INSTRUCTIONSCROLL	629
1158960040456	1	INSTRUCTIONSCROLL	631
1158960040470	1	INSTRUCTIONSCROLL	634
1158960040483	1	INSTRUCTIONSCROLL	637
1158960040496	1	INSTRUCTIONSCROLL	639
1158960040510	1	INSTRUCTIONSCROLL	642
1158960040523	1	INSTRUCTIONSCROLL	645
1158960040536	1	INSTRUCTIONSCROLL	647
1158960040550	1	INSTRUCTIONSCROLL	650
1158960040563	1	INSTRUCTIONSCROLL	653
1158960040576	1	INSTRUCTIONSCROLL	655
1158960040590	1	INSTRUCTIONSCROLL	658
1158960040603	1	INSTRUCTIONSCROLL	661
1158960040616	1	INSTRUCTIONSCROLL	663
1158960040630	1	INSTRUCTIONSCROLL	666
1158960040642	1	INSTRUCTIONSCROLL	669
1158960040655	1	INSTRUCTIONSCROLL	671
1158960040669	1	INSTRUCTIONSCROLL	674
1158960040682	1	INSTRUCTIONSCROLL	676
1158960040695	1	INSTRUCTIONSCROLL	679
1158960040709	1	INSTRUCTIONSCROLL	682
1158960040722	1	INSTRUCTIONSCROLL	684
1158960040735	1	INSTRUCTIONSCROLL	687
1158960040749	1	INSTRUCTIONSCROLL	690
1158960040762	1	INSTRUCTIONSCROLL	692
1158960040775	1	INSTRUCTIONSCROLL	695
1158960040789	1	INSTRUCTIONSCROLL	698
1158960040802	1	INSTRUCTIONSCROLL	700
1158960040815	1	INSTRUCTIONSCROLL	703
1158960040829	1	INSTRUCTIONSCROLL	706
1158960040842	1	INSTRUCTIONSCROLL	708
1158960040855	1	INSTRUCTIONSCROLL	711
1158960040869	1	INSTRUCTIONSCROLL	714
1158960040882	1	INSTRUCTIONSCROLL	716
1158960040895	1	INSTRUCTIONSCROLL	719
1158960040909	1	INSTRUCTIONSCROLL	722
1158960040922	1	INSTRUCTIONSCROLL	724
1158960040935	1	INSTRUCTIONSCROLL	727
1158960040949	1	INSTRUCTIONSCROLL	730
1158960040962	1	INSTRUCTIONSCROLL	732
1158960040975	1	INSTRUCTIONSCROLL	735
1158960048949	1	INSTRUCTIONSCROLL	736
1158960048962	1	INSTRUCTIONSCROLL	739
1158960048975	1	INSTRUCTIONSCROLL	742
1158960048989	1	INSTRUCTIONSCROLL	744
1158960049003	1	INSTRUCTIONSCROLL	747
1158960049016	1	INSTRUCTIONSCROLL	750
1158960049030	1	INSTRUCTIONSCROLL	753
1158960049043	1	INSTRUCTIONSCROLL	755
1158960049056	1	INSTRUCTIONSCROLL	758
1158960049070	1	INSTRUCTIONSCROLL	761
1158960049083	1	INSTRUCTIONSCROLL	763
1158960049096	1	INSTRUCTIONSCROLL	766
1158960049110	1	INSTRUCTIONSCROLL	769
1158960049123	1	INSTRUCTIONSCROLL	771
1158960049136	1	INSTRUCTIONSCROLL	774
1158960049150	1	INSTRUCTIONSCROLL	777
1158960049163	1	INSTRUCTIONSCROLL	779
1158960049176	1	INSTRUCTIONSCROLL	782
1158960049190	1	INSTRUCTIONSCROLL	785
1158960049203	1	INSTRUCTIONSCROLL	787
1158960049216	1	INSTRUCTIONSCROLL	790
1158960049230	1	INSTRUCTIONSCROLL	793
1158960049243	1	INSTRUCTIONSCROLL	795
1158960049256	1	INSTRUCTIONSCROLL	798
1158960049270	1	INSTRUCTIONSCROLL	801
1158960050230	1	INSTRUCTIONSCROLL	802
1158960050243	1	INSTRUCTIONSCROLL	804
1158960050256	1	INSTRUCTIONSCROLL	807
1158960050270	1	INSTRUCTIONSCROLL	809
1158960050283	1	INSTRUCTIONSCROLL	812
1158960050296	1	INSTRUCTIONSCROLL	815
1158960050310	1	INSTRUCTIONSCROLL	817
1158960050323	1	INSTRUCTIONSCROLL	820
1158960050430	1	INSTRUCTIONSCROLL	821
1158960050443	1	INSTRUCTIONSCROLL	822
1158960050456	1	INSTRUCTIONSCROLL	825
1158960050470	1	INSTRUCTIONSCROLL	828
1158960050483	1	INSTRUCTIONSCROLL	830
1158960050496	1	INSTRUCTIONSCROLL	833
1158960050510	1	INSTRUCTIONSCROLL	836
1158960050616	1	INSTRUCTIONSCROLL	837
1158960050630	1	INSTRUCTIONSCROLL	838
1158960050642	1	INSTRUCTIONSCROLL	840
1158960050655	1	INSTRUCTIONSCROLL	843
1158960050669	1	INSTRUCTIONSCROLL	846
1158960050682	1	INSTRUCTIONSCROLL	848
1158960057150	1	INSTRUCTIONSCROLL	849
1158960057163	1	INSTRUCTIONSCROLL	851
1158960057176	1	INSTRUCTIONSCROLL	853
1158960057190	1	INSTRUCTIONSCROLL	856
1158960057203	1	INSTRUCTIONSCROLL	859
1158960057216	1	INSTRUCTIONSCROLL	861
1158960057230	1	INSTRUCTIONSCROLL	864
1158960057243	1	INSTRUCTIONSCROLL	867
1158960057470	1	INSTRUCTIONSCROLL	868
1158960057483	1	INSTRUCTIONSCROLL	870
1158960057496	1	INSTRUCTIONSCROLL	873
1158960057510	1	INSTRUCTIONSCROLL	876
1158960057523	1	INSTRUCTIONSCROLL	878
1158960057536	1	INSTRUCTIONSCROLL	881
1158960057550	1	INSTRUCTIONSCROLL	884
1158960057563	1	INSTRUCTIONSCROLL	886
1158960057576	1	INSTRUCTIONSCROLL	889
1158960057695	1	INSTRUCTIONSCROLL	890
1158960057709	1	INSTRUCTIONSCROLL	893
1158960057722	1	INSTRUCTIONSCROLL	896
1158960057735	1	INSTRUCTIONSCROLL	898
1158960057749	1	INSTRUCTIONSCROLL	901
1158960057762	1	INSTRUCTIONSCROLL	904
1158960057775	1	INSTRUCTIONSCROLL	906
1158960057882	1	INSTRUCTIONSCROLL	907
1158960057895	1	INSTRUCTIONSCROLL	908
1158960057909	1	INSTRUCTIONSCROLL	911
1158960057922	1	INSTRUCTIONSCROLL	913
1158960057935	1	INSTRUCTIONSCROLL	916
1158960057949	1	INSTRUCTIONSCROLL	919
1158960057962	1	INSTRUCTIONSCROLL	921
1158960057975	1	INSTRUCTIONSCROLL	924
1158960058096	1	INSTRUCTIONSCROLL	925
1158960058110	1	INSTRUCTIONSCROLL	927
1158960058123	1	INSTRUCTIONSCROLL	930
1158960058136	1	INSTRUCTIONSCROLL	932
1158960058150	1	INSTRUCTIONSCROLL	935
1158960058163	1	INSTRUCTIONSCROLL	938
1158960058283	1	INSTRUCTIONSCROLL	939
1158960058296	1	INSTRUCTIONSCROLL	940
1158960058310	1	INSTRUCTIONSCROLL	943
1158960058323	1	INSTRUCTIONSCROLL	945
1158960058336	1	INSTRUCTIONSCROLL	948
1158960058470	1	INSTRUCTIONSCROLL	949
1158960058483	1	INSTRUCTIONSCROLL	951
1158960058496	1	INSTRUCTIONSCROLL	954
1158960058510	1	INSTRUCTIONSCROLL	957
1158960058523	1	INSTRUCTIONSCROLL	959
1158960058536	1	INSTRUCTIONSCROLL	962
1158960058655	1	INSTRUCTIONSCROLL	963
1158960058669	1	INSTRUCTIONSCROLL	966
1158960058682	1	INSTRUCTIONSCROLL	968
1158960058695	1	INSTRUCTIONSCROLL	971
1158960058709	1	INSTRUCTIONSCROLL	974
1158960058722	1	INSTRUCTIONSCROLL	976
1158960058829	1	INSTRUCTIONSCROLL	977
1158960058842	1	INSTRUCTIONSCROLL	978
1158960058855	1	INSTRUCTIONSCROLL	981
1158960058869	1	INSTRUCTIONSCROLL	984
1158960058882	1	INSTRUCTIONSCROLL	986
1158960058895	1	INSTRUCTIONSCROLL	989
1158960058909	1	INSTRUCTIONSCROLL	992
1158960058922	1	INSTRUCTIONSCROLL	994
1158960058935	1	INSTRUCTIONSCROLL	997
1158960058949	1	INSTRUCTIONSCROLL	1000
1158960058962	1	INSTRUCTIONSCROLL	1002
1158960058975	1	INSTRUCTIONSCROLL	1005
1158960058989	1	INSTRUCTIONSCROLL	1008
1158960059003	1	INSTRUCTIONSCROLL	1010
1158960059016	1	INSTRUCTIONSCROLL	1013
1158960059030	1	INSTRUCTIONSCROLL	1016
1158960059043	1	INSTRUCTIONSCROLL	1019
1158960059056	1	INSTRUCTIONSCROLL	1021
1158960059070	1	INSTRUCTIONSCROLL	1024
1158960059083	1	INSTRUCTIONSCROLL	1027
1158960059096	1	INSTRUCTIONSCROLL	1029
1158960059110	1	INSTRUCTIONSCROLL	1032
1158960059123	1	INSTRUCTIONSCROLL	1035
1158960059136	1	INSTRUCTIONSCROLL	1037
1158960059150	1	INSTRUCTIONSCROLL	1040
1158960059163	1	INSTRUCTIONSCROLL	1043
1158960059176	1	INSTRUCTIONSCROLL	1045
1158960059190	1	INSTRUCTIONSCROLL	1048
1158960059203	1	INSTRUCTIONSCROLL	1051
1158960059216	1	INSTRUCTIONSCROLL	1053
1158960059230	1	INSTRUCTIONSCROLL	1056
1158960059243	1	INSTRUCTIONSCROLL	1059
1158960059256	1	INSTRUCTIONSCROLL	1061
1158960059270	1	INSTRUCTIONSCROLL	1064
1158960059283	1	INSTRUCTIONSCROLL	1067
1158960059296	1	INSTRUCTIONSCROLL	1069
1158960059310	1	INSTRUCTIONSCROLL	1072
1158960059323	1	INSTRUCTIONSCROLL	1075
1158960059336	1	INSTRUCTIONSCROLL	1077
1158960059350	1	INSTRUCTIONSCROLL	1080
1158960059363	1	INSTRUCTIONSCROLL	1083
1158960059376	1	INSTRUCTIONSCROLL	1085
1158960059390	1	INSTRUCTIONSCROLL	1088
1158960059403	1	INSTRUCTIONSCROLL	1091
1158960059416	1	INSTRUCTIONSCROLL	1093
1158960059430	1	INSTRUCTIONSCROLL	1096
1158960059682	1	INSTRUCTIONSCROLL	1097
1158960059695	1	INSTRUCTIONSCROLL	1098
1158960059709	1	INSTRUCTIONSCROLL	1101
1158960059722	1	INSTRUCTIONSCROLL	1103
1158960059735	1	INSTRUCTIONSCROLL	1106
1158960059749	1	INSTRUCTIONSCROLL	1109
1158960059762	1	INSTRUCTIONSCROLL	1111
1158960059909	1	INSTRUCTIONSCROLL	1112
1158960059922	1	INSTRUCTIONSCROLL	1114
1158960059935	1	INSTRUCTIONSCROLL	1117
1158960059949	1	INSTRUCTIONSCROLL	1120
1158960059962	1	INSTRUCTIONSCROLL	1122
1158960059975	1	INSTRUCTIONSCROLL	1125
1158960059989	1	INSTRUCTIONSCROLL	1128
1158960060110	1	INSTRUCTIONSCROLL	1129
1158960060123	1	INSTRUCTIONSCROLL	1131
1158960060136	1	INSTRUCTIONSCROLL	1134
1158960060150	1	INSTRUCTIONSCROLL	1137
1158960060163	1	INSTRUCTIONSCROLL	1139
1158960060176	1	INSTRUCTIONSCROLL	1142
1158960060190	1	INSTRUCTIONSCROLL	1145
1158960060203	1	INSTRUCTIONSCROLL	1147
1158960060216	1	INSTRUCTIONSCROLL	1150
1158960060323	1	INSTRUCTIONSCROLL	1151
1158960060336	1	INSTRUCTIONSCROLL	1152
1158960060350	1	INSTRUCTIONSCROLL	1154
1158960060363	1	INSTRUCTIONSCROLL	1157
1158960060376	1	INSTRUCTIONSCROLL	1160
1158960060390	1	INSTRUCTIONSCROLL	1162
1158960060403	1	INSTRUCTIONSCROLL	1165
1158960060416	1	INSTRUCTIONSCROLL	1168
1158960060430	1	INSTRUCTIONSCROLL	1170
1158960060550	1	INSTRUCTIONSCROLL	1171
1158960060563	1	INSTRUCTIONSCROLL	1172
1158960060576	1	INSTRUCTIONSCROLL	1174
1158960060590	1	INSTRUCTIONSCROLL	1177
1158960060603	1	INSTRUCTIONSCROLL	1180
1158960060616	1	INSTRUCTIONSCROLL	1182
1158960060630	1	INSTRUCTIONSCROLL	1185
1158960060642	1	INSTRUCTIONSCROLL	1188
1158960060655	1	INSTRUCTIONSCROLL	1190
1158960067310	1	INSTRUCTIONSCROLL	1191
1158960067323	1	INSTRUCTIONSCROLL	1193
1158960067337	1	INSTRUCTIONSCROLL	1196
1158960067350	1	INSTRUCTIONSCROLL	1198
1158960067363	1	INSTRUCTIONSCROLL	1201
1158960067377	1	INSTRUCTIONSCROLL	1204
1158960067390	1	INSTRUCTIONSCROLL	1206
1158960067403	1	INSTRUCTIONSCROLL	1209
1158960067417	1	INSTRUCTIONSCROLL	1212
1158960067430	1	INSTRUCTIONSCROLL	1214
1158960067443	1	INSTRUCTIONSCROLL	1217
1158960067457	1	INSTRUCTIONSCROLL	1220
1158960067470	1	INSTRUCTIONSCROLL	1222
1158960067483	1	INSTRUCTIONSCROLL	1225
1158960067497	1	INSTRUCTIONSCROLL	1228
1158960067510	1	INSTRUCTIONSCROLL	1230
1158960067523	1	INSTRUCTIONSCROLL	1233
1158960067537	1	INSTRUCTIONSCROLL	1236
1158960067550	1	INSTRUCTIONSCROLL	1238
1158960067563	1	INSTRUCTIONSCROLL	1241
1158960067577	1	INSTRUCTIONSCROLL	1244
1158960067590	1	INSTRUCTIONSCROLL	1246
1158960067603	1	INSTRUCTIONSCROLL	1249
1158960067617	1	INSTRUCTIONSCROLL	1252
1158960067630	1	INSTRUCTIONSCROLL	1254
1158960067642	1	INSTRUCTIONSCROLL	1257
1158960067656	1	INSTRUCTIONSCROLL	1259
1158960067669	1	INSTRUCTIONSCROLL	1262
1158960067682	1	INSTRUCTIONSCROLL	1265
1158960067696	1	INSTRUCTIONSCROLL	1267
1158960067709	1	INSTRUCTIONSCROLL	1270
1158960067722	1	INSTRUCTIONSCROLL	1273
1158960067736	1	INSTRUCTIONSCROLL	1275
1158960067749	1	INSTRUCTIONSCROLL	1278
1158960067762	1	INSTRUCTIONSCROLL	1281
1158960067776	1	INSTRUCTIONSCROLL	1283
1158960067789	1	INSTRUCTIONSCROLL	1286
1158960067802	1	INSTRUCTIONSCROLL	1289
1158960067816	1	INSTRUCTIONSCROLL	1291
1158960067829	1	INSTRUCTIONSCROLL	1294
1158960067842	1	INSTRUCTIONSCROLL	1297
1158960067856	1	INSTRUCTIONSCROLL	1299
1158960067869	1	INSTRUCTIONSCROLL	1302
1158960067882	1	INSTRUCTIONSCROLL	1305
1158960067896	1	INSTRUCTIONSCROLL	1307
1158960067909	1	INSTRUCTIONSCROLL	1310
1158960067922	1	INSTRUCTIONSCROLL	1313
1158960067936	1	INSTRUCTIONSCROLL	1315
1158960067949	1	INSTRUCTIONSCROLL	1318
1158960067962	1	INSTRUCTIONSCROLL	1321
1158960067976	1	INSTRUCTIONSCROLL	1323
1158960067989	1	INSTRUCTIONSCROLL	1326
1158960068003	1	INSTRUCTIONSCROLL	1329
1158960068017	1	INSTRUCTIONSCROLL	1332
1158960068030	1	INSTRUCTIONSCROLL	1334
1158960068043	1	INSTRUCTIONSCROLL	1337
1158960068057	1	INSTRUCTIONSCROLL	1340
1158960068070	1	INSTRUCTIONSCROLL	1342
1158960068083	1	INSTRUCTIONSCROLL	1345
1158960068097	1	INSTRUCTIONSCROLL	1348
1158960068110	1	INSTRUCTIONSCROLL	1350
1158960068123	1	INSTRUCTIONSCROLL	1353
1158960068137	1	INSTRUCTIONSCROLL	1356
1158960068150	1	INSTRUCTIONSCROLL	1358
1158960068163	1	INSTRUCTIONSCROLL	1361
1158960068177	1	INSTRUCTIONSCROLL	1364
1158960068190	1	INSTRUCTIONSCROLL	1366
1158960068203	1	INSTRUCTIONSCROLL	1369
1158960068217	1	INSTRUCTIONSCROLL	1372
1158960068230	1	INSTRUCTIONSCROLL	1374
1158960068243	1	INSTRUCTIONSCROLL	1377
1158960068257	1	INSTRUCTIONSCROLL	1380
1158960068270	1	INSTRUCTIONSCROLL	1382
1158960068283	1	INSTRUCTIONSCROLL	1385
1158960068297	1	INSTRUCTIONSCROLL	1388
1158960068310	1	INSTRUCTIONSCROLL	1390
1158960068323	1	INSTRUCTIONSCROLL	1393
1158960068337	1	INSTRUCTIONSCROLL	1396
1158960068350	1	INSTRUCTIONSCROLL	1398
1158960068363	1	INSTRUCTIONSCROLL	1401
1158960068377	1	INSTRUCTIONSCROLL	1404
1158960068390	1	INSTRUCTIONSCROLL	1406
1158960068403	1	INSTRUCTIONSCROLL	1409
1158960068417	1	INSTRUCTIONSCROLL	1412
1158960068430	1	INSTRUCTIONSCROLL	1414
1158960068443	1	INSTRUCTIONSCROLL	1417
1158960068457	1	INSTRUCTIONSCROLL	1420
1158960068470	1	INSTRUCTIONSCROLL	1422
1158960068483	1	INSTRUCTIONSCROLL	1425
1158960068497	1	INSTRUCTIONSCROLL	1428
1158960068510	1	INSTRUCTIONSCROLL	1430
1158960068523	1	INSTRUCTIONSCROLL	1433
1158960068537	1	INSTRUCTIONSCROLL	1436
1158960068550	1	INSTRUCTIONSCROLL	1438
1158960068563	1	INSTRUCTIONSCROLL	1441
1158960068577	1	INSTRUCTIONSCROLL	1444
1158960068590	1	INSTRUCTIONSCROLL	1446
1158960068603	1	INSTRUCTIONSCROLL	1449
1158960068617	1	INSTRUCTIONSCROLL	1452
1158960068630	1	INSTRUCTIONSCROLL	1454
1158960068642	1	INSTRUCTIONSCROLL	1457
1158960068656	1	INSTRUCTIONSCROLL	1459
1158960068669	1	INSTRUCTIONSCROLL	1462
1158960068682	1	INSTRUCTIONSCROLL	1465
1158960068696	1	INSTRUCTIONSCROLL	1467
1158960068709	1	INSTRUCTIONSCROLL	1470
1158960068722	1	INSTRUCTIONSCROLL	1473
1158960068736	1	INSTRUCTIONSCROLL	1475
1158960068749	1	INSTRUCTIONSCROLL	1478
1158960068762	1	INSTRUCTIONSCROLL	1481
1158960068776	1	INSTRUCTIONSCROLL	1483
1158960068789	1	INSTRUCTIONSCROLL	1486
1158960068802	1	INSTRUCTIONSCROLL	1489
1158960068816	1	INSTRUCTIONSCROLL	1491
1158960068829	1	INSTRUCTIONSCROLL	1494
1158960068842	1	INSTRUCTIONSCROLL	1497
1158960068856	1	INSTRUCTIONSCROLL	1499
1158960068869	1	INSTRUCTIONSCROLL	1502
1158960068882	1	INSTRUCTIONSCROLL	1505
1158960068896	1	INSTRUCTIONSCROLL	1507
1158960068909	1	INSTRUCTIONSCROLL	1510
1158960068922	1	INSTRUCTIONSCROLL	1513
1158960068936	1	INSTRUCTIONSCROLL	1515
1158960068949	1	INSTRUCTIONSCROLL	1518
1158960068962	1	INSTRUCTIONSCROLL	1521
1158960068976	1	INSTRUCTIONSCROLL	1523
1158960068989	1	INSTRUCTIONSCROLL	1526
1158960069003	1	INSTRUCTIONSCROLL	1529
1158960069017	1	INSTRUCTIONSCROLL	1532
1158960069030	1	INSTRUCTIONSCROLL	1534
1158960069043	1	INSTRUCTIONSCROLL	1537
1158960069057	1	INSTRUCTIONSCROLL	1540
1158960069070	1	INSTRUCTIONSCROLL	1542
1158960069083	1	INSTRUCTIONSCROLL	1545
1158960069097	1	INSTRUCTIONSCROLL	1548
1158960069110	1	INSTRUCTIONSCROLL	1550
1158960069123	1	INSTRUCTIONSCROLL	1553
1158960069137	1	INSTRUCTIONSCROLL	1556
1158960069150	1	INSTRUCTIONSCROLL	1558
1158960069163	1	INSTRUCTIONSCROLL	1561
1158960069177	1	INSTRUCTIONSCROLL	1564
1158960069190	1	INSTRUCTIONSCROLL	1566
1158960069203	1	INSTRUCTIONSCROLL	1569
1158960069217	1	INSTRUCTIONSCROLL	1572
1158960069230	1	INSTRUCTIONSCROLL	1574
1158960069243	1	INSTRUCTIONSCROLL	1577
1158960069257	1	INSTRUCTIONSCROLL	1580
1158960069270	1	INSTRUCTIONSCROLL	1582
1158960069283	1	INSTRUCTIONSCROLL	1585
1158960069297	1	INSTRUCTIONSCROLL	1588
1158960069310	1	INSTRUCTIONSCROLL	1590
1158960069323	1	INSTRUCTIONSCROLL	1593
1158960069337	1	INSTRUCTIONSCROLL	1596
1158960069350	1	INSTRUCTIONSCROLL	1598
1158960069363	1	INSTRUCTIONSCROLL	1601
1158960069377	1	INSTRUCTIONSCROLL	1604
1158960069390	1	INSTRUCTIONSCROLL	1606
1158960069403	1	INSTRUCTIONSCROLL	1609
1158960069417	1	INSTRUCTIONSCROLL	1612
1158960069430	1	INSTRUCTIONSCROLL	1614
1158960077400	1	INSTRUCTIONSCROLL	1615
1158960077417	1	INSTRUCTIONSCROLL	1616
1158960077430	1	INSTRUCTIONSCROLL	1619
1158960077443	1	INSTRUCTIONSCROLL	1621
1158960077457	1	INSTRUCTIONSCROLL	1624
1158960077470	1	INSTRUCTIONSCROLL	1627
1158960077483	1	INSTRUCTIONSCROLL	1629
1158960077497	1	INSTRUCTIONSCROLL	1632
1158960077510	1	INSTRUCTIONSCROLL	1635
1158960077523	1	INSTRUCTIONSCROLL	1637
1158960077537	1	INSTRUCTIONSCROLL	1640
1158960077550	1	INSTRUCTIONSCROLL	1643
1158960077563	1	INSTRUCTIONSCROLL	1645
1158960077577	1	INSTRUCTIONSCROLL	1648
1158960077590	1	INSTRUCTIONSCROLL	1651
1158960077603	1	INSTRUCTIONSCROLL	1653
1158960077617	1	INSTRUCTIONSCROLL	1656
1158960077630	1	INSTRUCTIONSCROLL	1659
1158960077642	1	INSTRUCTIONSCROLL	1661
1158960077656	1	INSTRUCTIONSCROLL	1664
1158960077669	1	INSTRUCTIONSCROLL	1666
1158960077682	1	INSTRUCTIONSCROLL	1669
1158960077696	1	INSTRUCTIONSCROLL	1672
1158960077709	1	INSTRUCTIONSCROLL	1674
1158960077722	1	INSTRUCTIONSCROLL	1677
1158960077736	1	INSTRUCTIONSCROLL	1680
1158960077749	1	INSTRUCTIONSCROLL	1682
1158960077762	1	INSTRUCTIONSCROLL	1685
1158960077776	1	INSTRUCTIONSCROLL	1688
1158960077789	1	INSTRUCTIONSCROLL	1690
1158960077802	1	INSTRUCTIONSCROLL	1693
1158960077816	1	INSTRUCTIONSCROLL	1696
1158960077829	1	INSTRUCTIONSCROLL	1698
1158960077842	1	INSTRUCTIONSCROLL	1701
1158960077856	1	INSTRUCTIONSCROLL	1704
1158960077869	1	INSTRUCTIONSCROLL	1706
1158960077882	1	INSTRUCTIONSCROLL	1709
1158960077896	1	INSTRUCTIONSCROLL	1712
1158960077909	1	INSTRUCTIONSCROLL	1714
1158960077922	1	INSTRUCTIONSCROLL	1717
1158960077936	1	INSTRUCTIONSCROLL	1720
1158960077949	1	INSTRUCTIONSCROLL	1722
1158960077962	1	INSTRUCTIONSCROLL	1725
1158960077976	1	INSTRUCTIONSCROLL	1728
1158960077989	1	INSTRUCTIONSCROLL	1730
1158960078003	1	INSTRUCTIONSCROLL	1733
1158960078017	1	INSTRUCTIONSCROLL	1736
1158960078030	1	INSTRUCTIONSCROLL	1739
1158960078043	1	INSTRUCTIONSCROLL	1740
1158960097297	1	INSTRUCTIONSTOP	Button set (OR)
1158960097301	0	E	Logging Ends
