1159557484390	0	B	Logging Begins
1159557484391	0	INSTRUCTIONSTART	JointRoller	/Library/Frameworks/Python.framework/Versions/2.4/lib/python2.4/site-packages/pyepl/resources/vera.ttf	64	(1.000000, 1.000000, 1.000000, 1.000000)	"In the following experiment, your memory for associating names with faces will be tested.  The experiment will be divided into two halves, with each half testing you on a completely different set of names and faces.  After the first half, there will be a short break.\n\nThe procedure will be the same for each half.  Eight faces will be presented on the screen, consecutively, accompanied by their names.  A woman's voice will also speak the name when the face appears on the screen.  After five seconds, the face will disappear from the screen, a star (*) will flash on the screen for one second, and then the next face and name will appear.\n\nAfter you have seen all eight faces and names, you will be prompted to press any key in order to move on to a testing period.  During each trial of the testing period, you will see a face with a question mark (?) underneath it.  You will have to try and recall the name that goes with the face, and speak it out loud.  After five seconds the face will disappear from the screen, a star will flash on the screen for one second, and then the next face will appear with a question mark underneath it.\n\nFor each half, there will be ten study periods and ten test periods, alternating.  Each face will have the same name over the entire course of the half, so your task is to try and learn the faces' names as quickly and accurately as possible, and to be able to recall them as quickly and accurately as possible.\n\nDuring the test phase, do not worry if you make a mistake and recall the wrong name accidentally.  There is no penalty.  Also, if you are in the middle of recalling a name and the experiment moves on to the next face, do not stop yourself; continue speaking the name.  However, once the next face appears on the screen, you should give up trying to recall the last face and concentrate on the new one.\n\nDo you have any questions?\n\nPress <ENTER> to continue."
1159557484457	1	INSTRUCTIONSCROLL	0
1159557508078	1	INSTRUCTIONSCROLL	1
1159557508095	1	INSTRUCTIONSCROLL	3
1159557508111	1	INSTRUCTIONSCROLL	7
1159557508128	1	INSTRUCTIONSCROLL	10
1159557508145	1	INSTRUCTIONSCROLL	13
1159557508161	1	INSTRUCTIONSCROLL	17
1159557508178	1	INSTRUCTIONSCROLL	20
1159557508193	1	INSTRUCTIONSCROLL	23
1159557508210	1	INSTRUCTIONSCROLL	27
1159557508227	1	INSTRUCTIONSCROLL	30
1159557508243	1	INSTRUCTIONSCROLL	33
1159557508260	1	INSTRUCTIONSCROLL	37
1159557508277	1	INSTRUCTIONSCROLL	40
1159557508293	1	INSTRUCTIONSCROLL	43
1159557508310	1	INSTRUCTIONSCROLL	47
1159557508327	1	INSTRUCTIONSCROLL	50
1159557508343	1	INSTRUCTIONSCROLL	53
1159557508360	1	INSTRUCTIONSCROLL	57
1159557508377	1	INSTRUCTIONSCROLL	60
1159557508393	1	INSTRUCTIONSCROLL	63
1159557508410	1	INSTRUCTIONSCROLL	67
1159557508427	1	INSTRUCTIONSCROLL	70
1159557508443	1	INSTRUCTIONSCROLL	73
1159557508460	1	INSTRUCTIONSCROLL	77
1159557508477	1	INSTRUCTIONSCROLL	80
1159557508493	1	INSTRUCTIONSCROLL	83
1159557508510	1	INSTRUCTIONSCROLL	87
1159557508527	1	INSTRUCTIONSCROLL	90
1159557508547	1	INSTRUCTIONSCROLL	96
1159557508560	1	INSTRUCTIONSCROLL	97
1159557508577	1	INSTRUCTIONSCROLL	100
1159557508593	1	INSTRUCTIONSCROLL	103
1159557508610	1	INSTRUCTIONSCROLL	107
1159557508627	1	INSTRUCTIONSCROLL	110
1159557508643	1	INSTRUCTIONSCROLL	113
1159557508660	1	INSTRUCTIONSCROLL	117
1159557508677	1	INSTRUCTIONSCROLL	120
1159557508693	1	INSTRUCTIONSCROLL	123
1159557508710	1	INSTRUCTIONSCROLL	127
1159557508727	1	INSTRUCTIONSCROLL	130
1159557508743	1	INSTRUCTIONSCROLL	133
1159557508760	1	INSTRUCTIONSCROLL	137
1159557508777	1	INSTRUCTIONSCROLL	140
1159557508793	1	INSTRUCTIONSCROLL	143
1159557508810	1	INSTRUCTIONSCROLL	147
1159557508827	1	INSTRUCTIONSCROLL	150
1159557508843	1	INSTRUCTIONSCROLL	153
1159557508860	1	INSTRUCTIONSCROLL	157
1159557508877	1	INSTRUCTIONSCROLL	160
1159557508893	1	INSTRUCTIONSCROLL	163
1159557508910	1	INSTRUCTIONSCROLL	167
1159557508927	1	INSTRUCTIONSCROLL	170
1159557508943	1	INSTRUCTIONSCROLL	173
1159557508960	1	INSTRUCTIONSCROLL	177
1159557508977	1	INSTRUCTIONSCROLL	180
1159557508993	1	INSTRUCTIONSCROLL	183
1159557509011	1	INSTRUCTIONSCROLL	187
1159557509028	1	INSTRUCTIONSCROLL	190
1159557509044	1	INSTRUCTIONSCROLL	193
1159557509061	1	INSTRUCTIONSCROLL	197
1159557509078	1	INSTRUCTIONSCROLL	200
1159557509094	1	INSTRUCTIONSCROLL	204
1159557509111	1	INSTRUCTIONSCROLL	207
1159557509128	1	INSTRUCTIONSCROLL	210
1159557509144	1	INSTRUCTIONSCROLL	213
1159557509161	1	INSTRUCTIONSCROLL	217
1159557509178	1	INSTRUCTIONSCROLL	220
1159557509193	1	INSTRUCTIONSCROLL	223
1159557509210	1	INSTRUCTIONSCROLL	227
1159557509227	1	INSTRUCTIONSCROLL	230
1159557509243	1	INSTRUCTIONSCROLL	233
1159557509260	1	INSTRUCTIONSCROLL	236
1159557509277	1	INSTRUCTIONSCROLL	240
1159557509293	1	INSTRUCTIONSCROLL	243
1159557509310	1	INSTRUCTIONSCROLL	246
1159557509326	1	INSTRUCTIONSCROLL	250
1159557509343	1	INSTRUCTIONSCROLL	253
1159557509360	1	INSTRUCTIONSCROLL	256
1159557509376	1	INSTRUCTIONSCROLL	260
1159557509410	1	INSTRUCTIONSCROLL	266
1159557509426	1	INSTRUCTIONSCROLL	270
1159557509443	1	INSTRUCTIONSCROLL	273
1159557509460	1	INSTRUCTIONSCROLL	276
1159557509476	1	INSTRUCTIONSCROLL	280
1159557509493	1	INSTRUCTIONSCROLL	283
1159557509510	1	INSTRUCTIONSCROLL	286
1159557509526	1	INSTRUCTIONSCROLL	290
1159557509543	1	INSTRUCTIONSCROLL	293
1159557509560	1	INSTRUCTIONSCROLL	296
1159557509576	1	INSTRUCTIONSCROLL	300
1159557509593	1	INSTRUCTIONSCROLL	303
1159557509610	1	INSTRUCTIONSCROLL	306
1159557509626	1	INSTRUCTIONSCROLL	310
1159557509643	1	INSTRUCTIONSCROLL	313
1159557509660	1	INSTRUCTIONSCROLL	316
1159557509676	1	INSTRUCTIONSCROLL	320
1159557509693	1	INSTRUCTIONSCROLL	323
1159557509710	1	INSTRUCTIONSCROLL	326
1159557509726	1	INSTRUCTIONSCROLL	330
1159557509743	1	INSTRUCTIONSCROLL	333
1159557509760	1	INSTRUCTIONSCROLL	336
1159557509776	1	INSTRUCTIONSCROLL	340
1159557509793	1	INSTRUCTIONSCROLL	343
1159557509810	1	INSTRUCTIONSCROLL	346
1159557509826	1	INSTRUCTIONSCROLL	350
1159557509843	1	INSTRUCTIONSCROLL	353
1159557509860	1	INSTRUCTIONSCROLL	356
1159557509876	1	INSTRUCTIONSCROLL	360
1159557509893	1	INSTRUCTIONSCROLL	363
1159557509910	1	INSTRUCTIONSCROLL	366
1159557509926	1	INSTRUCTIONSCROLL	370
1159557509943	1	INSTRUCTIONSCROLL	373
1159557509960	1	INSTRUCTIONSCROLL	376
1159557509976	1	INSTRUCTIONSCROLL	380
1159557509993	1	INSTRUCTIONSCROLL	383
1159557510011	1	INSTRUCTIONSCROLL	386
1159557510027	1	INSTRUCTIONSCROLL	390
1159557510044	1	INSTRUCTIONSCROLL	393
1159557510061	1	INSTRUCTIONSCROLL	397
1159557510077	1	INSTRUCTIONSCROLL	400
1159557510094	1	INSTRUCTIONSCROLL	403
1159557510111	1	INSTRUCTIONSCROLL	407
1159557510127	1	INSTRUCTIONSCROLL	410
1159557510144	1	INSTRUCTIONSCROLL	413
1159557510161	1	INSTRUCTIONSCROLL	416
1159557510177	1	INSTRUCTIONSCROLL	420
1159557510193	1	INSTRUCTIONSCROLL	423
1159557510209	1	INSTRUCTIONSCROLL	426
1159557510226	1	INSTRUCTIONSCROLL	430
1159557510243	1	INSTRUCTIONSCROLL	433
1159557510259	1	INSTRUCTIONSCROLL	436
1159557510276	1	INSTRUCTIONSCROLL	442
1159557510293	1	INSTRUCTIONSCROLL	443
1159557510309	1	INSTRUCTIONSCROLL	446
1159557510326	1	INSTRUCTIONSCROLL	450
1159557510343	1	INSTRUCTIONSCROLL	453
1159557510359	1	INSTRUCTIONSCROLL	456
1159557510376	1	INSTRUCTIONSCROLL	460
1159557510393	1	INSTRUCTIONSCROLL	463
1159557510409	1	INSTRUCTIONSCROLL	466
1159557510426	1	INSTRUCTIONSCROLL	470
1159557510443	1	INSTRUCTIONSCROLL	473
1159557510459	1	INSTRUCTIONSCROLL	476
1159557510476	1	INSTRUCTIONSCROLL	480
1159557510493	1	INSTRUCTIONSCROLL	483
1159557510509	1	INSTRUCTIONSCROLL	486
1159557510526	1	INSTRUCTIONSCROLL	490
1159557510543	1	INSTRUCTIONSCROLL	493
1159557510559	1	INSTRUCTIONSCROLL	496
1159557510576	1	INSTRUCTIONSCROLL	500
1159557510593	1	INSTRUCTIONSCROLL	503
1159557510609	1	INSTRUCTIONSCROLL	506
1159557510626	1	INSTRUCTIONSCROLL	510
1159557510643	1	INSTRUCTIONSCROLL	513
1159557510659	1	INSTRUCTIONSCROLL	516
1159557510676	1	INSTRUCTIONSCROLL	520
1159557510693	1	INSTRUCTIONSCROLL	523
1159557510709	1	INSTRUCTIONSCROLL	526
1159557510726	1	INSTRUCTIONSCROLL	530
1159557510743	1	INSTRUCTIONSCROLL	533
1159557510759	1	INSTRUCTIONSCROLL	536
1159557510776	1	INSTRUCTIONSCROLL	540
1159557510793	1	INSTRUCTIONSCROLL	543
1159557510809	1	INSTRUCTIONSCROLL	546
1159557510826	1	INSTRUCTIONSCROLL	550
1159557510843	1	INSTRUCTIONSCROLL	553
1159557510859	1	INSTRUCTIONSCROLL	556
1159557510876	1	INSTRUCTIONSCROLL	560
1159557510893	1	INSTRUCTIONSCROLL	563
1159557510909	1	INSTRUCTIONSCROLL	566
1159557510926	1	INSTRUCTIONSCROLL	570
1159557510943	1	INSTRUCTIONSCROLL	573
1159557510959	1	INSTRUCTIONSCROLL	576
1159557510976	1	INSTRUCTIONSCROLL	580
1159557510993	1	INSTRUCTIONSCROLL	583
1159557511010	1	INSTRUCTIONSCROLL	586
1159557511027	1	INSTRUCTIONSCROLL	590
1159557511044	1	INSTRUCTIONSCROLL	593
1159557511060	1	INSTRUCTIONSCROLL	596
1159557511077	1	INSTRUCTIONSCROLL	600
1159557511094	1	INSTRUCTIONSCROLL	603
1159557511110	1	INSTRUCTIONSCROLL	606
1159557511127	1	INSTRUCTIONSCROLL	610
1159557511144	1	INSTRUCTIONSCROLL	613
1159557511160	1	INSTRUCTIONSCROLL	617
1159557511177	1	INSTRUCTIONSCROLL	620
1159557511193	1	INSTRUCTIONSCROLL	623
1159557511209	1	INSTRUCTIONSCROLL	626
1159557511226	1	INSTRUCTIONSCROLL	630
1159557511243	1	INSTRUCTIONSCROLL	633
1159557511276	1	INSTRUCTIONSCROLL	639
1159557511293	1	INSTRUCTIONSCROLL	643
1159557511309	1	INSTRUCTIONSCROLL	646
1159557511326	1	INSTRUCTIONSCROLL	650
1159557511342	1	INSTRUCTIONSCROLL	653
1159557511359	1	INSTRUCTIONSCROLL	656
1159557511376	1	INSTRUCTIONSCROLL	660
1159557511392	1	INSTRUCTIONSCROLL	663
1159557511409	1	INSTRUCTIONSCROLL	666
1159557511426	1	INSTRUCTIONSCROLL	670
1159557511442	1	INSTRUCTIONSCROLL	673
1159557511459	1	INSTRUCTIONSCROLL	676
1159557511476	1	INSTRUCTIONSCROLL	680
1159557511492	1	INSTRUCTIONSCROLL	683
1159557511509	1	INSTRUCTIONSCROLL	686
1159557511526	1	INSTRUCTIONSCROLL	690
1159557511542	1	INSTRUCTIONSCROLL	693
1159557511559	1	INSTRUCTIONSCROLL	696
1159557511576	1	INSTRUCTIONSCROLL	700
1159557511592	1	INSTRUCTIONSCROLL	703
1159557511609	1	INSTRUCTIONSCROLL	706
1159557511626	1	INSTRUCTIONSCROLL	710
1159557511642	1	INSTRUCTIONSCROLL	713
1159557511659	1	INSTRUCTIONSCROLL	716
1159557511676	1	INSTRUCTIONSCROLL	720
1159557511692	1	INSTRUCTIONSCROLL	723
1159557511709	1	INSTRUCTIONSCROLL	726
1159557511726	1	INSTRUCTIONSCROLL	730
1159557511742	1	INSTRUCTIONSCROLL	733
1159557511759	1	INSTRUCTIONSCROLL	736
1159557511776	1	INSTRUCTIONSCROLL	739
1159557511792	1	INSTRUCTIONSCROLL	743
1159557511809	1	INSTRUCTIONSCROLL	746
1159557511826	1	INSTRUCTIONSCROLL	750
1159557511842	1	INSTRUCTIONSCROLL	753
1159557511859	1	INSTRUCTIONSCROLL	756
1159557511876	1	INSTRUCTIONSCROLL	759
1159557511892	1	INSTRUCTIONSCROLL	763
1159557511909	1	INSTRUCTIONSCROLL	766
1159557511926	1	INSTRUCTIONSCROLL	770
1159557511942	1	INSTRUCTIONSCROLL	773
1159557511959	1	INSTRUCTIONSCROLL	776
1159557511976	1	INSTRUCTIONSCROLL	780
1159557511992	1	INSTRUCTIONSCROLL	783
1159557512010	1	INSTRUCTIONSCROLL	786
1159557512027	1	INSTRUCTIONSCROLL	790
1159557512043	1	INSTRUCTIONSCROLL	793
1159557512060	1	INSTRUCTIONSCROLL	796
1159557512077	1	INSTRUCTIONSCROLL	800
1159557512093	1	INSTRUCTIONSCROLL	803
1159557512110	1	INSTRUCTIONSCROLL	806
1159557512127	1	INSTRUCTIONSCROLL	810
1159557512143	1	INSTRUCTIONSCROLL	813
1159557512160	1	INSTRUCTIONSCROLL	816
1159557512177	1	INSTRUCTIONSCROLL	820
1159557512195	1	INSTRUCTIONSCROLL	826
1159557512209	1	INSTRUCTIONSCROLL	827
1159557512225	1	INSTRUCTIONSCROLL	829
1159557512242	1	INSTRUCTIONSCROLL	833
1159557512259	1	INSTRUCTIONSCROLL	836
1159557512275	1	INSTRUCTIONSCROLL	840
1159557512292	1	INSTRUCTIONSCROLL	843
1159557512309	1	INSTRUCTIONSCROLL	846
1159557512325	1	INSTRUCTIONSCROLL	850
1159557512342	1	INSTRUCTIONSCROLL	853
1159557512359	1	INSTRUCTIONSCROLL	856
1159557512375	1	INSTRUCTIONSCROLL	860
1159557512392	1	INSTRUCTIONSCROLL	863
1159557512409	1	INSTRUCTIONSCROLL	866
1159557512425	1	INSTRUCTIONSCROLL	870
1159557512442	1	INSTRUCTIONSCROLL	873
1159557512459	1	INSTRUCTIONSCROLL	876
1159557512475	1	INSTRUCTIONSCROLL	880
1159557512492	1	INSTRUCTIONSCROLL	883
1159557512509	1	INSTRUCTIONSCROLL	886
1159557512525	1	INSTRUCTIONSCROLL	890
1159557512542	1	INSTRUCTIONSCROLL	893
1159557512559	1	INSTRUCTIONSCROLL	896
1159557512575	1	INSTRUCTIONSCROLL	900
1159557512592	1	INSTRUCTIONSCROLL	903
1159557512609	1	INSTRUCTIONSCROLL	906
1159557512625	1	INSTRUCTIONSCROLL	910
1159557512642	1	INSTRUCTIONSCROLL	913
1159557512659	1	INSTRUCTIONSCROLL	916
1159557512675	1	INSTRUCTIONSCROLL	920
1159557512692	1	INSTRUCTIONSCROLL	923
1159557512709	1	INSTRUCTIONSCROLL	926
1159557512725	1	INSTRUCTIONSCROLL	930
1159557512742	1	INSTRUCTIONSCROLL	933
1159557512759	1	INSTRUCTIONSCROLL	936
1159557512775	1	INSTRUCTIONSCROLL	940
1159557512792	1	INSTRUCTIONSCROLL	943
1159557512809	1	INSTRUCTIONSCROLL	946
1159557512825	1	INSTRUCTIONSCROLL	950
1159557512842	1	INSTRUCTIONSCROLL	953
1159557512859	1	INSTRUCTIONSCROLL	956
1159557512875	1	INSTRUCTIONSCROLL	960
1159557512892	1	INSTRUCTIONSCROLL	963
1159557512909	1	INSTRUCTIONSCROLL	966
1159557512925	1	INSTRUCTIONSCROLL	970
1159557512942	1	INSTRUCTIONSCROLL	973
1159557512959	1	INSTRUCTIONSCROLL	976
1159557512975	1	INSTRUCTIONSCROLL	980
1159557512992	1	INSTRUCTIONSCROLL	983
1159557513010	1	INSTRUCTIONSCROLL	986
1159557513026	1	INSTRUCTIONSCROLL	990
1159557513043	1	INSTRUCTIONSCROLL	993
1159557513060	1	INSTRUCTIONSCROLL	997
1159557513076	1	INSTRUCTIONSCROLL	1000
1159557513093	1	INSTRUCTIONSCROLL	1003
1159557513110	1	INSTRUCTIONSCROLL	1006
1159557513126	1	INSTRUCTIONSCROLL	1010
1159557513143	1	INSTRUCTIONSCROLL	1013
1159557513160	1	INSTRUCTIONSCROLL	1016
1159557513176	1	INSTRUCTIONSCROLL	1020
1159557513192	1	INSTRUCTIONSCROLL	1023
1159557513209	1	INSTRUCTIONSCROLL	1026
1159557513225	1	INSTRUCTIONSCROLL	1030
1159557513242	1	INSTRUCTIONSCROLL	1033
1159557513259	1	INSTRUCTIONSCROLL	1036
1159557513275	1	INSTRUCTIONSCROLL	1040
1159557513292	1	INSTRUCTIONSCROLL	1043
1159557513308	1	INSTRUCTIONSCROLL	1046
1159557513325	1	INSTRUCTIONSCROLL	1050
1159557513342	1	INSTRUCTIONSCROLL	1053
1159557513358	1	INSTRUCTIONSCROLL	1056
1159557513375	1	INSTRUCTIONSCROLL	1060
1159557513392	1	INSTRUCTIONSCROLL	1063
1159557513425	1	INSTRUCTIONSCROLL	1069
1159557513442	1	INSTRUCTIONSCROLL	1073
1159557513458	1	INSTRUCTIONSCROLL	1076
1159557513475	1	INSTRUCTIONSCROLL	1080
1159557513492	1	INSTRUCTIONSCROLL	1083
1159557513508	1	INSTRUCTIONSCROLL	1086
1159557513525	1	INSTRUCTIONSCROLL	1090
1159557513542	1	INSTRUCTIONSCROLL	1093
1159557513558	1	INSTRUCTIONSCROLL	1096
1159557513575	1	INSTRUCTIONSCROLL	1100
1159557513592	1	INSTRUCTIONSCROLL	1103
1159557513608	1	INSTRUCTIONSCROLL	1106
1159557513625	1	INSTRUCTIONSCROLL	1110
1159557513642	1	INSTRUCTIONSCROLL	1113
1159557513658	1	INSTRUCTIONSCROLL	1116
1159557513675	1	INSTRUCTIONSCROLL	1120
1159557513692	1	INSTRUCTIONSCROLL	1123
1159557513708	1	INSTRUCTIONSCROLL	1126
1159557513725	1	INSTRUCTIONSCROLL	1130
1159557513742	1	INSTRUCTIONSCROLL	1133
1159557513758	1	INSTRUCTIONSCROLL	1136
1159557513775	1	INSTRUCTIONSCROLL	1140
1159557513792	1	INSTRUCTIONSCROLL	1143
1159557513808	1	INSTRUCTIONSCROLL	1146
1159557513825	1	INSTRUCTIONSCROLL	1150
1159557513842	1	INSTRUCTIONSCROLL	1153
1159557513858	1	INSTRUCTIONSCROLL	1156
1159557513875	1	INSTRUCTIONSCROLL	1160
1159557513892	1	INSTRUCTIONSCROLL	1163
1159557513908	1	INSTRUCTIONSCROLL	1166
1159557513925	1	INSTRUCTIONSCROLL	1170
1159557513942	1	INSTRUCTIONSCROLL	1173
1159557513958	1	INSTRUCTIONSCROLL	1176
1159557513975	1	INSTRUCTIONSCROLL	1180
1159557513992	1	INSTRUCTIONSCROLL	1183
1159557514009	1	INSTRUCTIONSCROLL	1186
1159557514026	1	INSTRUCTIONSCROLL	1190
1159557514043	1	INSTRUCTIONSCROLL	1193
1159557514059	1	INSTRUCTIONSCROLL	1196
1159557514076	1	INSTRUCTIONSCROLL	1200
1159557514093	1	INSTRUCTIONSCROLL	1203
1159557514109	1	INSTRUCTIONSCROLL	1207
1159557514126	1	INSTRUCTIONSCROLL	1210
1159557514143	1	INSTRUCTIONSCROLL	1213
1159557514159	1	INSTRUCTIONSCROLL	1216
1159557514176	1	INSTRUCTIONSCROLL	1220
1159557514192	1	INSTRUCTIONSCROLL	1223
1159557514208	1	INSTRUCTIONSCROLL	1226
1159557514225	1	INSTRUCTIONSCROLL	1230
1159557514241	1	INSTRUCTIONSCROLL	1233
1159557514258	1	INSTRUCTIONSCROLL	1236
1159557514275	1	INSTRUCTIONSCROLL	1240
1159557514291	1	INSTRUCTIONSCROLL	1243
1159557514308	1	INSTRUCTIONSCROLL	1246
1159557514325	1	INSTRUCTIONSCROLL	1250
1159557514358	1	INSTRUCTIONSCROLL	1256
1159557514375	1	INSTRUCTIONSCROLL	1260
1159557514391	1	INSTRUCTIONSCROLL	1263
1159557515092	1	INSTRUCTIONSCROLL	1264
1159557515109	1	INSTRUCTIONSCROLL	1267
1159557515126	1	INSTRUCTIONSCROLL	1270
1159557515142	1	INSTRUCTIONSCROLL	1276
1159557515159	1	INSTRUCTIONSCROLL	1277
1159557515308	1	INSTRUCTIONSCROLL	1278
1159557515325	1	INSTRUCTIONSCROLL	1279
1159557515341	1	INSTRUCTIONSCROLL	1282
1159557515358	1	INSTRUCTIONSCROLL	1286
1159557515374	1	INSTRUCTIONSCROLL	1289
1159557515391	1	INSTRUCTIONSCROLL	1292
1159557515527	1	INSTRUCTIONSCROLL	1293
1159557515541	1	INSTRUCTIONSCROLL	1294
1159557515558	1	INSTRUCTIONSCROLL	1296
1159557515574	1	INSTRUCTIONSCROLL	1299
1159557515591	1	INSTRUCTIONSCROLL	1303
1159557515608	1	INSTRUCTIONSCROLL	1306
1159557515741	1	INSTRUCTIONSCROLL	1307
1159557515758	1	INSTRUCTIONSCROLL	1308
1159557515774	1	INSTRUCTIONSCROLL	1312
1159557515791	1	INSTRUCTIONSCROLL	1315
1159557515808	1	INSTRUCTIONSCROLL	1318
1159557515824	1	INSTRUCTIONSCROLL	1322
1159557515941	1	INSTRUCTIONSCROLL	1323
1159557515958	1	INSTRUCTIONSCROLL	1326
1159557515974	1	INSTRUCTIONSCROLL	1329
1159557515991	1	INSTRUCTIONSCROLL	1333
1159557516009	1	INSTRUCTIONSCROLL	1336
1159557516025	1	INSTRUCTIONSCROLL	1339
1159557516159	1	INSTRUCTIONSCROLL	1340
1159557516175	1	INSTRUCTIONSCROLL	1343
1159557516191	1	INSTRUCTIONSCROLL	1347
1159557516207	1	INSTRUCTIONSCROLL	1350
1159557516224	1	INSTRUCTIONSCROLL	1353
1159557516241	1	INSTRUCTIONSCROLL	1357
1159557516407	1	INSTRUCTIONSCROLL	1358
1159557516424	1	INSTRUCTIONSCROLL	1360
1159557516441	1	INSTRUCTIONSCROLL	1363
1159557516457	1	INSTRUCTIONSCROLL	1366
1159557516474	1	INSTRUCTIONSCROLL	1370
1159557516491	1	INSTRUCTIONSCROLL	1373
1159557516657	1	INSTRUCTIONSCROLL	1374
1159557516674	1	INSTRUCTIONSCROLL	1378
1159557516691	1	INSTRUCTIONSCROLL	1381
1159557516707	1	INSTRUCTIONSCROLL	1384
1159557516841	1	INSTRUCTIONSCROLL	1385
1159557516857	1	INSTRUCTIONSCROLL	1386
1159557516874	1	INSTRUCTIONSCROLL	1389
1159557516891	1	INSTRUCTIONSCROLL	1392
1159557516907	1	INSTRUCTIONSCROLL	1396
1159557516924	1	INSTRUCTIONSCROLL	1399
1159557517075	1	INSTRUCTIONSCROLL	1400
1159557517092	1	INSTRUCTIONSCROLL	1403
1159557517108	1	INSTRUCTIONSCROLL	1406
1159557517125	1	INSTRUCTIONSCROLL	1409
1159557517142	1	INSTRUCTIONSCROLL	1413
1159557517273	1	INSTRUCTIONSCROLL	1414
1159557517290	1	INSTRUCTIONSCROLL	1415
1159557517307	1	INSTRUCTIONSCROLL	1418
1159557517324	1	INSTRUCTIONSCROLL	1421
1159557517340	1	INSTRUCTIONSCROLL	1424
1159557517840	1	INSTRUCTIONSCROLL	1425
1159557517857	1	INSTRUCTIONSCROLL	1428
1159557517874	1	INSTRUCTIONSCROLL	1431
1159557517890	1	INSTRUCTIONSCROLL	1434
1159557517907	1	INSTRUCTIONSCROLL	1438
1159557517924	1	INSTRUCTIONSCROLL	1441
1159557518623	1	INSTRUCTIONSCROLL	1440
1159557518640	1	INSTRUCTIONSCROLL	1436
1159557518657	1	INSTRUCTIONSCROLL	1433
1159557518673	1	INSTRUCTIONSCROLL	1430
1159557518690	1	INSTRUCTIONSCROLL	1426
1159557518707	1	INSTRUCTIONSCROLL	1423
1159557519823	1	INSTRUCTIONSCROLL	1424
1159557519840	1	INSTRUCTIONSCROLL	1425
1159557519856	1	INSTRUCTIONSCROLL	1428
1159557519873	1	INSTRUCTIONSCROLL	1431
1159557519890	1	INSTRUCTIONSCROLL	1434
1159557519906	1	INSTRUCTIONSCROLL	1438
1159557520190	1	INSTRUCTIONSCROLL	1439
1159557520206	1	INSTRUCTIONSCROLL	1440
1159557520223	1	INSTRUCTIONSCROLL	1443
1159557520240	1	INSTRUCTIONSCROLL	1447
1159557520256	1	INSTRUCTIONSCROLL	1450
1159557520273	1	INSTRUCTIONSCROLL	1456
1159557520439	1	INSTRUCTIONSCROLL	1457
1159557520456	1	INSTRUCTIONSCROLL	1459
1159557520473	1	INSTRUCTIONSCROLL	1462
1159557520489	1	INSTRUCTIONSCROLL	1465
1159557520506	1	INSTRUCTIONSCROLL	1469
1159557520706	1	INSTRUCTIONSCROLL	1470
1159557520723	1	INSTRUCTIONSCROLL	1474
1159557520739	1	INSTRUCTIONSCROLL	1477
1159557521120	1	INSTRUCTIONSCROLL	1478
1159557521140	1	INSTRUCTIONSCROLL	1479
1159557521157	1	INSTRUCTIONSCROLL	1482
1159557521174	1	INSTRUCTIONSCROLL	1486
1159557521189	1	INSTRUCTIONSCROLL	1489
1159557521306	1	INSTRUCTIONSCROLL	1490
1159557521322	1	INSTRUCTIONSCROLL	1491
1159557521339	1	INSTRUCTIONSCROLL	1494
1159557521356	1	INSTRUCTIONSCROLL	1497
1159557521472	1	INSTRUCTIONSCROLL	1498
1159557521489	1	INSTRUCTIONSCROLL	1501
1159557521506	1	INSTRUCTIONSCROLL	1504
1159557521522	1	INSTRUCTIONSCROLL	1507
1159557521539	1	INSTRUCTIONSCROLL	1511
1159557521672	1	INSTRUCTIONSCROLL	1512
1159557521689	1	INSTRUCTIONSCROLL	1515
1159557521822	1	INSTRUCTIONSCROLL	1516
1159557521839	1	INSTRUCTIONSCROLL	1520
1159557521856	1	INSTRUCTIONSCROLL	1523
1159557521872	1	INSTRUCTIONSCROLL	1526
1159557521972	1	INSTRUCTIONSCROLL	1527
1159557521989	1	INSTRUCTIONSCROLL	1529
1159557522007	1	INSTRUCTIONSCROLL	1532
1159557522023	1	INSTRUCTIONSCROLL	1536
1159557522040	1	INSTRUCTIONSCROLL	1539
1159557522144	1	INSTRUCTIONSCROLL	1540
1159557522157	1	INSTRUCTIONSCROLL	1541
1159557522173	1	INSTRUCTIONSCROLL	1543
1159557522189	1	INSTRUCTIONSCROLL	1546
1159557522206	1	INSTRUCTIONSCROLL	1549
1159557522322	1	INSTRUCTIONSCROLL	1550
1159557522339	1	INSTRUCTIONSCROLL	1553
1159557522355	1	INSTRUCTIONSCROLL	1556
1159557522372	1	INSTRUCTIONSCROLL	1559
1159557522389	1	INSTRUCTIONSCROLL	1563
1159557522405	1	INSTRUCTIONSCROLL	1566
1159557522422	1	INSTRUCTIONSCROLL	1569
1159557522439	1	INSTRUCTIONSCROLL	1573
1159557522455	1	INSTRUCTIONSCROLL	1576
1159557522472	1	INSTRUCTIONSCROLL	1579
1159557522489	1	INSTRUCTIONSCROLL	1583
1159557522505	1	INSTRUCTIONSCROLL	1586
1159557522522	1	INSTRUCTIONSCROLL	1589
1159557522539	1	INSTRUCTIONSCROLL	1593
1159557522555	1	INSTRUCTIONSCROLL	1596
1159557522572	1	INSTRUCTIONSCROLL	1599
1159557522589	1	INSTRUCTIONSCROLL	1603
1159557522605	1	INSTRUCTIONSCROLL	1606
1159557522625	1	INSTRUCTIONSCROLL	1612
1159557522639	1	INSTRUCTIONSCROLL	1613
1159557522655	1	INSTRUCTIONSCROLL	1616
1159557522672	1	INSTRUCTIONSCROLL	1619
1159557522689	1	INSTRUCTIONSCROLL	1623
1159557522705	1	INSTRUCTIONSCROLL	1626
1159557522722	1	INSTRUCTIONSCROLL	1629
1159557522739	1	INSTRUCTIONSCROLL	1633
1159557522755	1	INSTRUCTIONSCROLL	1636
1159557522772	1	INSTRUCTIONSCROLL	1639
1159557522789	1	INSTRUCTIONSCROLL	1643
1159557522805	1	INSTRUCTIONSCROLL	1646
1159557522822	1	INSTRUCTIONSCROLL	1649
1159557522839	1	INSTRUCTIONSCROLL	1653
1159557522855	1	INSTRUCTIONSCROLL	1656
1159557522872	1	INSTRUCTIONSCROLL	1659
1159557522889	1	INSTRUCTIONSCROLL	1663
1159557522905	1	INSTRUCTIONSCROLL	1666
1159557522922	1	INSTRUCTIONSCROLL	1669
1159557522939	1	INSTRUCTIONSCROLL	1673
1159557522955	1	INSTRUCTIONSCROLL	1676
1159557522972	1	INSTRUCTIONSCROLL	1679
1159557522989	1	INSTRUCTIONSCROLL	1683
1159557523006	1	INSTRUCTIONSCROLL	1686
1159557523023	1	INSTRUCTIONSCROLL	1690
1159557523040	1	INSTRUCTIONSCROLL	1693
1159557523056	1	INSTRUCTIONSCROLL	1696
1159557523073	1	INSTRUCTIONSCROLL	1700
1159557523090	1	INSTRUCTIONSCROLL	1703
1159557523106	1	INSTRUCTIONSCROLL	1706
1159557523123	1	INSTRUCTIONSCROLL	1710
1159557523140	1	INSTRUCTIONSCROLL	1713
1159557523156	1	INSTRUCTIONSCROLL	1716
1159557523173	1	INSTRUCTIONSCROLL	1720
1159557523189	1	INSTRUCTIONSCROLL	1723
1159557523205	1	INSTRUCTIONSCROLL	1726
1159557523222	1	INSTRUCTIONSCROLL	1729
1159557523239	1	INSTRUCTIONSCROLL	1733
1159557523255	1	INSTRUCTIONSCROLL	1736
1159557523272	1	INSTRUCTIONSCROLL	1739
1159557523289	1	INSTRUCTIONSCROLL	1743
1159557523305	1	INSTRUCTIONSCROLL	1746
1159557523322	1	INSTRUCTIONSCROLL	1749
1159557523338	1	INSTRUCTIONSCROLL	1753
1159557523355	1	INSTRUCTIONSCROLL	1756
1159557523372	1	INSTRUCTIONSCROLL	1759
1159557523388	1	INSTRUCTIONSCROLL	1763
1159557523405	1	INSTRUCTIONSCROLL	1766
1159557523422	1	INSTRUCTIONSCROLL	1769
1159557523438	1	INSTRUCTIONSCROLL	1773
1159557523455	1	INSTRUCTIONSCROLL	1776
1159557523472	1	INSTRUCTIONSCROLL	1779
1159557523488	1	INSTRUCTIONSCROLL	1783
1159557523505	1	INSTRUCTIONSCROLL	1786
1159557523522	1	INSTRUCTIONSCROLL	1789
1159557523538	1	INSTRUCTIONSCROLL	1793
1159557523555	1	INSTRUCTIONSCROLL	1796
1159557523572	1	INSTRUCTIONSCROLL	1799
1159557523588	1	INSTRUCTIONSCROLL	1803
1159557523605	1	INSTRUCTIONSCROLL	1806
1159557523622	1	INSTRUCTIONSCROLL	1809
1159557523638	1	INSTRUCTIONSCROLL	1813
1159557523655	1	INSTRUCTIONSCROLL	1816
1159557523672	1	INSTRUCTIONSCROLL	1819
1159557523705	1	INSTRUCTIONSCROLL	1825
1159557523722	1	INSTRUCTIONSCROLL	1829
1159557523738	1	INSTRUCTIONSCROLL	1833
1159557523755	1	INSTRUCTIONSCROLL	1836
1159557523772	1	INSTRUCTIONSCROLL	1839
1159557524139	1	INSTRUCTIONSCROLL	1840
1159557524156	1	INSTRUCTIONSCROLL	1841
1159557524173	1	INSTRUCTIONSCROLL	1845
1159557524188	1	INSTRUCTIONSCROLL	1848
1159557524205	1	INSTRUCTIONSCROLL	1851
1159557524221	1	INSTRUCTIONSCROLL	1854
1159557524238	1	INSTRUCTIONSCROLL	1858
1159557524255	1	INSTRUCTIONSCROLL	1861
1159557524271	1	INSTRUCTIONSCROLL	1864
1159557524288	1	INSTRUCTIONSCROLL	1868
1159557524305	1	INSTRUCTIONSCROLL	1871
1159557524321	1	INSTRUCTIONSCROLL	1874
1159557524338	1	INSTRUCTIONSCROLL	1878
1159557524355	1	INSTRUCTIONSCROLL	1881
1159557524371	1	INSTRUCTIONSCROLL	1884
1159557524388	1	INSTRUCTIONSCROLL	1888
1159557524405	1	INSTRUCTIONSCROLL	1891
1159557524421	1	INSTRUCTIONSCROLL	1894
1159557524438	1	INSTRUCTIONSCROLL	1898
1159557524455	1	INSTRUCTIONSCROLL	1901
1159557524471	1	INSTRUCTIONSCROLL	1904
1159557524488	1	INSTRUCTIONSCROLL	1908
1159557524505	1	INSTRUCTIONSCROLL	1911
1159557524521	1	INSTRUCTIONSCROLL	1914
1159557524538	1	INSTRUCTIONSCROLL	1918
1159557524555	1	INSTRUCTIONSCROLL	1921
1159557524571	1	INSTRUCTIONSCROLL	1924
1159557524588	1	INSTRUCTIONSCROLL	1928
1159557525521	1	INSTRUCTIONSCROLL	1927
1159557525538	1	INSTRUCTIONSCROLL	1924
1159557525554	1	INSTRUCTIONSCROLL	1923
1159557525571	1	INSTRUCTIONSCROLL	1919
1159557525588	1	INSTRUCTIONSCROLL	1916
1159557525604	1	INSTRUCTIONSCROLL	1913
1159557525621	1	INSTRUCTIONSCROLL	1909
1159557525638	1	INSTRUCTIONSCROLL	1906
1159557525654	1	INSTRUCTIONSCROLL	1903
1159557525671	1	INSTRUCTIONSCROLL	1899
1159557525688	1	INSTRUCTIONSCROLL	1896
1159557525704	1	INSTRUCTIONSCROLL	1893
1159557525721	1	INSTRUCTIONSCROLL	1889
1159557525738	1	INSTRUCTIONSCROLL	1886
1159557525754	1	INSTRUCTIONSCROLL	1883
1159557525771	1	INSTRUCTIONSCROLL	1879
1159557525788	1	INSTRUCTIONSCROLL	1876
1159557525804	1	INSTRUCTIONSCROLL	1873
1159557525821	1	INSTRUCTIONSCROLL	1869
1159557525838	1	INSTRUCTIONSCROLL	1866
1159557525854	1	INSTRUCTIONSCROLL	1863
1159557525871	1	INSTRUCTIONSCROLL	1859
1159557525888	1	INSTRUCTIONSCROLL	1856
1159557525904	1	INSTRUCTIONSCROLL	1853
1159557525921	1	INSTRUCTIONSCROLL	1849
1159557525938	1	INSTRUCTIONSCROLL	1846
1159557525954	1	INSTRUCTIONSCROLL	1843
1159557525971	1	INSTRUCTIONSCROLL	1839
1159557525988	1	INSTRUCTIONSCROLL	1836
1159557526005	1	INSTRUCTIONSCROLL	1833
1159557526022	1	INSTRUCTIONSCROLL	1829
1159557526039	1	INSTRUCTIONSCROLL	1826
1159557526055	1	INSTRUCTIONSCROLL	1823
1159557526072	1	INSTRUCTIONSCROLL	1819
1159557526089	1	INSTRUCTIONSCROLL	1816
1159557526105	1	INSTRUCTIONSCROLL	1813
1159557526122	1	INSTRUCTIONSCROLL	1809
1159557526139	1	INSTRUCTIONSCROLL	1806
1159557526155	1	INSTRUCTIONSCROLL	1802
1159557526172	1	INSTRUCTIONSCROLL	1799
1159557526188	1	INSTRUCTIONSCROLL	1796
1159557526204	1	INSTRUCTIONSCROLL	1793
1159557526221	1	INSTRUCTIONSCROLL	1789
1159557526238	1	INSTRUCTIONSCROLL	1786
1159557526254	1	INSTRUCTIONSCROLL	1783
1159557526271	1	INSTRUCTIONSCROLL	1779
1159557527737	1	INSTRUCTIONSCROLL	1780
1159557527754	1	INSTRUCTIONSCROLL	1781
1159557527770	1	INSTRUCTIONSCROLL	1784
1159557527787	1	INSTRUCTIONSCROLL	1788
1159557527804	1	INSTRUCTIONSCROLL	1791
1159557527820	1	INSTRUCTIONSCROLL	1794
1159557527837	1	INSTRUCTIONSCROLL	1798
1159557527854	1	INSTRUCTIONSCROLL	1801
1159557527870	1	INSTRUCTIONSCROLL	1804
1159557527887	1	INSTRUCTIONSCROLL	1808
1159557527904	1	INSTRUCTIONSCROLL	1811
1159557527920	1	INSTRUCTIONSCROLL	1814
1159557527937	1	INSTRUCTIONSCROLL	1818
1159557527954	1	INSTRUCTIONSCROLL	1821
1159557527970	1	INSTRUCTIONSCROLL	1824
1159557527987	1	INSTRUCTIONSCROLL	1828
1159557528005	1	INSTRUCTIONSCROLL	1831
1159557528021	1	INSTRUCTIONSCROLL	1835
1159557528038	1	INSTRUCTIONSCROLL	1838
1159557528055	1	INSTRUCTIONSCROLL	1841
1159557528071	1	INSTRUCTIONSCROLL	1845
1159557528088	1	INSTRUCTIONSCROLL	1848
1159557528105	1	INSTRUCTIONSCROLL	1851
1159557528121	1	INSTRUCTIONSCROLL	1855
1159557528138	1	INSTRUCTIONSCROLL	1858
1159557528155	1	INSTRUCTIONSCROLL	1861
1159557528171	1	INSTRUCTIONSCROLL	1865
1159557528187	1	INSTRUCTIONSCROLL	1868
1159557528203	1	INSTRUCTIONSCROLL	1871
1159557528220	1	INSTRUCTIONSCROLL	1874
1159557528237	1	INSTRUCTIONSCROLL	1878
1159557528254	1	INSTRUCTIONSCROLL	1881
1159557528270	1	INSTRUCTIONSCROLL	1884
1159557528287	1	INSTRUCTIONSCROLL	1888
1159557528303	1	INSTRUCTIONSCROLL	1891
1159557528320	1	INSTRUCTIONSCROLL	1894
1159557528337	1	INSTRUCTIONSCROLL	1898
1159557528354	1	INSTRUCTIONSCROLL	1901
1159557528370	1	INSTRUCTIONSCROLL	1905
1159557528387	1	INSTRUCTIONSCROLL	1908
1159557528403	1	INSTRUCTIONSCROLL	1911
1159557528420	1	INSTRUCTIONSCROLL	1914
1159557528437	1	INSTRUCTIONSCROLL	1918
1159557528453	1	INSTRUCTIONSCROLL	1921
1159557528470	1	INSTRUCTIONSCROLL	1925
1159557528487	1	INSTRUCTIONSCROLL	1928
1159557528504	1	INSTRUCTIONSCROLL	1931
1159557528520	1	INSTRUCTIONSCROLL	1935
1159557528537	1	INSTRUCTIONSCROLL	1938
1159557528553	1	INSTRUCTIONSCROLL	1941
1159557528570	1	INSTRUCTIONSCROLL	1944
1159557528587	1	INSTRUCTIONSCROLL	1948
1159557528603	1	INSTRUCTIONSCROLL	1951
1159557528620	1	INSTRUCTIONSCROLL	1955
1159557528653	1	INSTRUCTIONSCROLL	1960
1159557528670	1	INSTRUCTIONSCROLL	1965
1159557528687	1	INSTRUCTIONSCROLL	1968
1159557528703	1	INSTRUCTIONSCROLL	1971
1159557528720	1	INSTRUCTIONSCROLL	1974
1159557528737	1	INSTRUCTIONSCROLL	1978
1159557528753	1	INSTRUCTIONSCROLL	1981
1159557528770	1	INSTRUCTIONSCROLL	1985
1159557528787	1	INSTRUCTIONSCROLL	1988
1159557528803	1	INSTRUCTIONSCROLL	1991
1159557528820	1	INSTRUCTIONSCROLL	1994
1159557528837	1	INSTRUCTIONSCROLL	1998
1159557528853	1	INSTRUCTIONSCROLL	2001
1159557528870	1	INSTRUCTIONSCROLL	2004
1159557528887	1	INSTRUCTIONSCROLL	2008
1159557528903	1	INSTRUCTIONSCROLL	2011
1159557528920	1	INSTRUCTIONSCROLL	2015
1159557528937	1	INSTRUCTIONSCROLL	2018
1159557528953	1	INSTRUCTIONSCROLL	2021
1159557528970	1	INSTRUCTIONSCROLL	2024
1159557528987	1	INSTRUCTIONSCROLL	2028
1159557529004	1	INSTRUCTIONSCROLL	2031
1159557529021	1	INSTRUCTIONSCROLL	2035
1159557539383	1	INSTRUCTIONSCROLL	2036
1159557539400	1	INSTRUCTIONSCROLL	2038
1159557539416	1	INSTRUCTIONSCROLL	2041
1159557539433	1	INSTRUCTIONSCROLL	2044
1159557539450	1	INSTRUCTIONSCROLL	2048
1159557539466	1	INSTRUCTIONSCROLL	2051
1159557539483	1	INSTRUCTIONSCROLL	2054
1159557539500	1	INSTRUCTIONSCROLL	2057
1159557539516	1	INSTRUCTIONSCROLL	2061
1159557539533	1	INSTRUCTIONSCROLL	2064
1159557539550	1	INSTRUCTIONSCROLL	2068
1159557539566	1	INSTRUCTIONSCROLL	2071
1159557539583	1	INSTRUCTIONSCROLL	2074
1159557539600	1	INSTRUCTIONSCROLL	2078
1159557539633	1	INSTRUCTIONSCROLL	2083
1159557539650	1	INSTRUCTIONSCROLL	2087
1159557539666	1	INSTRUCTIONSCROLL	2091
1159557539683	1	INSTRUCTIONSCROLL	2094
1159557539700	1	INSTRUCTIONSCROLL	2097
1159557539716	1	INSTRUCTIONSCROLL	2101
1159557539733	1	INSTRUCTIONSCROLL	2104
1159557539750	1	INSTRUCTIONSCROLL	2107
1159557539766	1	INSTRUCTIONSCROLL	2111
1159557539783	1	INSTRUCTIONSCROLL	2114
1159557539800	1	INSTRUCTIONSCROLL	2117
1159557539816	1	INSTRUCTIONSCROLL	2121
1159557539833	1	INSTRUCTIONSCROLL	2124
1159557539850	1	INSTRUCTIONSCROLL	2127
1159557539866	1	INSTRUCTIONSCROLL	2131
1159557539883	1	INSTRUCTIONSCROLL	2134
1159557539900	1	INSTRUCTIONSCROLL	2138
1159557539916	1	INSTRUCTIONSCROLL	2141
1159557539933	1	INSTRUCTIONSCROLL	2144
1159557539950	1	INSTRUCTIONSCROLL	2148
1159557539966	1	INSTRUCTIONSCROLL	2151
1159557539983	1	INSTRUCTIONSCROLL	2154
1159557540001	1	INSTRUCTIONSCROLL	2157
1159557540017	1	INSTRUCTIONSCROLL	2161
1159557540034	1	INSTRUCTIONSCROLL	2164
1159557540051	1	INSTRUCTIONSCROLL	2168
1159557540067	1	INSTRUCTIONSCROLL	2171
1159557540084	1	INSTRUCTIONSCROLL	2174
1159557540101	1	INSTRUCTIONSCROLL	2178
1159557540117	1	INSTRUCTIONSCROLL	2181
1159557540134	1	INSTRUCTIONSCROLL	2184
1159557540151	1	INSTRUCTIONSCROLL	2188
1159557540167	1	INSTRUCTIONSCROLL	2191
1159557540183	1	INSTRUCTIONSCROLL	2194
1159557540200	1	INSTRUCTIONSCROLL	2198
1159557540216	1	INSTRUCTIONSCROLL	2201
1159557540233	1	INSTRUCTIONSCROLL	2204
1159557540250	1	INSTRUCTIONSCROLL	2208
1159557540266	1	INSTRUCTIONSCROLL	2211
1159557540283	1	INSTRUCTIONSCROLL	2214
1159557540300	1	INSTRUCTIONSCROLL	2217
1159557540316	1	INSTRUCTIONSCROLL	2221
1159557540333	1	INSTRUCTIONSCROLL	2224
1159557540350	1	INSTRUCTIONSCROLL	2228
1159557540366	1	INSTRUCTIONSCROLL	2231
1159557540383	1	INSTRUCTIONSCROLL	2234
1159557540400	1	INSTRUCTIONSCROLL	2238
1159557540416	1	INSTRUCTIONSCROLL	2241
1159557540433	1	INSTRUCTIONSCROLL	2244
1159557540449	1	INSTRUCTIONSCROLL	2247
1159557540466	1	INSTRUCTIONSCROLL	2251
1159557540483	1	INSTRUCTIONSCROLL	2254
1159557540500	1	INSTRUCTIONSCROLL	2258
1159557540516	1	INSTRUCTIONSCROLL	2261
1159557540533	1	INSTRUCTIONSCROLL	2264
1159557540549	1	INSTRUCTIONSCROLL	2268
1159557540566	1	INSTRUCTIONSCROLL	2271
1159557540583	1	INSTRUCTIONSCROLL	2274
1159557540599	1	INSTRUCTIONSCROLL	2277
1159557540616	1	INSTRUCTIONSCROLL	2281
1159557540649	1	INSTRUCTIONSCROLL	2287
1159557540666	1	INSTRUCTIONSCROLL	2291
1159557540683	1	INSTRUCTIONSCROLL	2294
1159557540699	1	INSTRUCTIONSCROLL	2298
1159557540716	1	INSTRUCTIONSCROLL	2301
1159557540733	1	INSTRUCTIONSCROLL	2304
1159557540749	1	INSTRUCTIONSCROLL	2307
1159557540766	1	INSTRUCTIONSCROLL	2311
1159557540783	1	INSTRUCTIONSCROLL	2314
1159557540799	1	INSTRUCTIONSCROLL	2318
1159557540816	1	INSTRUCTIONSCROLL	2321
1159557540833	1	INSTRUCTIONSCROLL	2324
1159557540849	1	INSTRUCTIONSCROLL	2328
1159557540866	1	INSTRUCTIONSCROLL	2331
1159557540883	1	INSTRUCTIONSCROLL	2334
1159557540899	1	INSTRUCTIONSCROLL	2337
1159557540916	1	INSTRUCTIONSCROLL	2341
1159557540933	1	INSTRUCTIONSCROLL	2344
1159557540949	1	INSTRUCTIONSCROLL	2348
1159557540966	1	INSTRUCTIONSCROLL	2351
1159557540983	1	INSTRUCTIONSCROLL	2354
1159557540999	1	INSTRUCTIONSCROLL	2358
1159557541017	1	INSTRUCTIONSCROLL	2361
1159557541034	1	INSTRUCTIONSCROLL	2364
1159557541050	1	INSTRUCTIONSCROLL	2368
1159557541067	1	INSTRUCTIONSCROLL	2371
1159557541084	1	INSTRUCTIONSCROLL	2374
1159557541100	1	INSTRUCTIONSCROLL	2378
1159557541117	1	INSTRUCTIONSCROLL	2381
1159557541134	1	INSTRUCTIONSCROLL	2384
1159557541150	1	INSTRUCTIONSCROLL	2388
1159557541167	1	INSTRUCTIONSCROLL	2391
1159557541183	1	INSTRUCTIONSCROLL	2394
1159557541199	1	INSTRUCTIONSCROLL	2397
1159557541216	1	INSTRUCTIONSCROLL	2401
1159557541232	1	INSTRUCTIONSCROLL	2404
1159557541249	1	INSTRUCTIONSCROLL	2408
1159557541266	1	INSTRUCTIONSCROLL	2411
1159557541283	1	INSTRUCTIONSCROLL	2414
1159557541299	1	INSTRUCTIONSCROLL	2418
1159557541316	1	INSTRUCTIONSCROLL	2421
1159557541333	1	INSTRUCTIONSCROLL	2424
1159557541349	1	INSTRUCTIONSCROLL	2427
1159557541366	1	INSTRUCTIONSCROLL	2431
1159557541383	1	INSTRUCTIONSCROLL	2434
1159557541399	1	INSTRUCTIONSCROLL	2438
1159557541416	1	INSTRUCTIONSCROLL	2441
1159557541432	1	INSTRUCTIONSCROLL	2444
1159557541449	1	INSTRUCTIONSCROLL	2448
1159557541466	1	INSTRUCTIONSCROLL	2451
1159557541483	1	INSTRUCTIONSCROLL	2454
1159557541499	1	INSTRUCTIONSCROLL	2457
1159557541516	1	INSTRUCTIONSCROLL	2461
1159557541549	1	INSTRUCTIONSCROLL	2467
1159557541566	1	INSTRUCTIONSCROLL	2471
1159557541582	1	INSTRUCTIONSCROLL	2474
1159557541599	1	INSTRUCTIONSCROLL	2478
1159557541616	1	INSTRUCTIONSCROLL	2481
1159557541632	1	INSTRUCTIONSCROLL	2484
1159557541649	1	INSTRUCTIONSCROLL	2487
1159557541666	1	INSTRUCTIONSCROLL	2491
1159557541682	1	INSTRUCTIONSCROLL	2494
1159557541699	1	INSTRUCTIONSCROLL	2498
1159557541716	1	INSTRUCTIONSCROLL	2501
1159557541732	1	INSTRUCTIONSCROLL	2504
1159557541749	1	INSTRUCTIONSCROLL	2508
1159557541766	1	INSTRUCTIONSCROLL	2511
1159557541782	1	INSTRUCTIONSCROLL	2514
1159557541799	1	INSTRUCTIONSCROLL	2517
1159557541816	1	INSTRUCTIONSCROLL	2521
1159557541832	1	INSTRUCTIONSCROLL	2524
1159557541849	1	INSTRUCTIONSCROLL	2527
1159557541866	1	INSTRUCTIONSCROLL	2531
1159557541882	1	INSTRUCTIONSCROLL	2534
1159557541899	1	INSTRUCTIONSCROLL	2538
1159557541916	1	INSTRUCTIONSCROLL	2541
1159557541932	1	INSTRUCTIONSCROLL	2544
1159557541949	1	INSTRUCTIONSCROLL	2547
1159557541966	1	INSTRUCTIONSCROLL	2551
1159557541982	1	INSTRUCTIONSCROLL	2554
1159557541999	1	INSTRUCTIONSCROLL	2557
1159557542017	1	INSTRUCTIONSCROLL	2561
1159557542033	1	INSTRUCTIONSCROLL	2564
1159557542050	1	INSTRUCTIONSCROLL	2568
1159557542067	1	INSTRUCTIONSCROLL	2571
1159557542083	1	INSTRUCTIONSCROLL	2574
1159557542100	1	INSTRUCTIONSCROLL	2578
1159557542117	1	INSTRUCTIONSCROLL	2581
1159557542133	1	INSTRUCTIONSCROLL	2584
1159557542150	1	INSTRUCTIONSCROLL	2588
1159557542167	1	INSTRUCTIONSCROLL	2591
1159557542182	1	INSTRUCTIONSCROLL	2594
1159557542199	1	INSTRUCTIONSCROLL	2597
1159557542216	1	INSTRUCTIONSCROLL	2601
1159557542232	1	INSTRUCTIONSCROLL	2604
1159557542249	1	INSTRUCTIONSCROLL	2607
1159557542265	1	INSTRUCTIONSCROLL	2611
1159557542282	1	INSTRUCTIONSCROLL	2614
1159557542299	1	INSTRUCTIONSCROLL	2617
1159557542316	1	INSTRUCTIONSCROLL	2621
1159557542332	1	INSTRUCTIONSCROLL	2624
1159557542349	1	INSTRUCTIONSCROLL	2627
1159557542366	1	INSTRUCTIONSCROLL	2631
1159557542382	1	INSTRUCTIONSCROLL	2634
1159557542399	1	INSTRUCTIONSCROLL	2637
1159557542415	1	INSTRUCTIONSCROLL	2641
1159557542432	1	INSTRUCTIONSCROLL	2644
1159557542449	1	INSTRUCTIONSCROLL	2647
1159557542465	1	INSTRUCTIONSCROLL	2651
1159557542482	1	INSTRUCTIONSCROLL	2654
1159557542499	1	INSTRUCTIONSCROLL	2657
1159557542516	1	INSTRUCTIONSCROLL	2661
1159557542532	1	INSTRUCTIONSCROLL	2664
1159557542549	1	INSTRUCTIONSCROLL	2667
1159557542565	1	INSTRUCTIONSCROLL	2671
1159557542582	1	INSTRUCTIONSCROLL	2674
1159557542599	1	INSTRUCTIONSCROLL	2677
1159557542615	1	INSTRUCTIONSCROLL	2681
1159557542632	1	INSTRUCTIONSCROLL	2684
1159557542649	1	INSTRUCTIONSCROLL	2687
1159557542665	1	INSTRUCTIONSCROLL	2691
1159557542699	1	INSTRUCTIONSCROLL	2696
1159557542715	1	INSTRUCTIONSCROLL	2701
1159557542732	1	INSTRUCTIONSCROLL	2704
1159557542749	1	INSTRUCTIONSCROLL	2707
1159557542765	1	INSTRUCTIONSCROLL	2711
1159557542782	1	INSTRUCTIONSCROLL	2714
1159557542799	1	INSTRUCTIONSCROLL	2717
1159557542815	1	INSTRUCTIONSCROLL	2721
1159557542832	1	INSTRUCTIONSCROLL	2724
1159557542849	1	INSTRUCTIONSCROLL	2727
1159557542865	1	INSTRUCTIONSCROLL	2731
1159557542882	1	INSTRUCTIONSCROLL	2734
1159557542899	1	INSTRUCTIONSCROLL	2737
1159557542915	1	INSTRUCTIONSCROLL	2741
1159557542932	1	INSTRUCTIONSCROLL	2744
1159557542949	1	INSTRUCTIONSCROLL	2747
1159557542965	1	INSTRUCTIONSCROLL	2751
1159557542982	1	INSTRUCTIONSCROLL	2754
1159557542999	1	INSTRUCTIONSCROLL	2757
1159557543016	1	INSTRUCTIONSCROLL	2761
1159557543033	1	INSTRUCTIONSCROLL	2764
1159557543050	1	INSTRUCTIONSCROLL	2768
1159557543066	1	INSTRUCTIONSCROLL	2771
1159557543083	1	INSTRUCTIONSCROLL	2774
1159557543100	1	INSTRUCTIONSCROLL	2777
1159557543116	1	INSTRUCTIONSCROLL	2781
1159557543133	1	INSTRUCTIONSCROLL	2784
1159557543150	1	INSTRUCTIONSCROLL	2787
1159557543166	1	INSTRUCTIONSCROLL	2791
1159557543182	1	INSTRUCTIONSCROLL	2794
1159557543199	1	INSTRUCTIONSCROLL	2797
1159557543215	1	INSTRUCTIONSCROLL	2801
1159557543232	1	INSTRUCTIONSCROLL	2804
1159557543249	1	INSTRUCTIONSCROLL	2807
1159557543265	1	INSTRUCTIONSCROLL	2811
1159557543282	1	INSTRUCTIONSCROLL	2814
1159557543299	1	INSTRUCTIONSCROLL	2817
1159557543315	1	INSTRUCTIONSCROLL	2821
1159557543332	1	INSTRUCTIONSCROLL	2824
1159557543349	1	INSTRUCTIONSCROLL	2827
1159557543365	1	INSTRUCTIONSCROLL	2831
1159557543382	1	INSTRUCTIONSCROLL	2834
1159557543399	1	INSTRUCTIONSCROLL	2837
1159557543415	1	INSTRUCTIONSCROLL	2841
1159557543432	1	INSTRUCTIONSCROLL	2844
1159557543449	1	INSTRUCTIONSCROLL	2847
1159557543465	1	INSTRUCTIONSCROLL	2851
1159557543482	1	INSTRUCTIONSCROLL	2854
1159557543498	1	INSTRUCTIONSCROLL	2857
1159557543515	1	INSTRUCTIONSCROLL	2861
1159557543532	1	INSTRUCTIONSCROLL	2864
1159557543548	1	INSTRUCTIONSCROLL	2867
1159557543565	1	INSTRUCTIONSCROLL	2871
1159557543582	1	INSTRUCTIONSCROLL	2874
1159557543615	1	INSTRUCTIONSCROLL	2880
1159557543632	1	INSTRUCTIONSCROLL	2884
1159557543648	1	INSTRUCTIONSCROLL	2887
1159557543665	1	INSTRUCTIONSCROLL	2891
1159557543682	1	INSTRUCTIONSCROLL	2894
1159557543698	1	INSTRUCTIONSCROLL	2897
1159557543715	1	INSTRUCTIONSCROLL	2901
1159557543732	1	INSTRUCTIONSCROLL	2904
1159557543748	1	INSTRUCTIONSCROLL	2907
1159557543765	1	INSTRUCTIONSCROLL	2911
1159557543782	1	INSTRUCTIONSCROLL	2914
1159557543798	1	INSTRUCTIONSCROLL	2917
1159557543815	1	INSTRUCTIONSCROLL	2921
1159557543832	1	INSTRUCTIONSCROLL	2924
1159557543848	1	INSTRUCTIONSCROLL	2927
1159557543865	1	INSTRUCTIONSCROLL	2931
1159557553862	1	INSTRUCTIONSCROLL	2932
1159557553878	1	INSTRUCTIONSCROLL	2935
1159557553895	1	INSTRUCTIONSCROLL	2939
1159557553912	1	INSTRUCTIONSCROLL	2942
1159557553928	1	INSTRUCTIONSCROLL	2945
1159557553945	1	INSTRUCTIONSCROLL	2949
1159557553962	1	INSTRUCTIONSCROLL	2952
1159557553978	1	INSTRUCTIONSCROLL	2955
1159557553995	1	INSTRUCTIONSCROLL	2959
1159557554013	1	INSTRUCTIONSCROLL	2962
1159557554029	1	INSTRUCTIONSCROLL	2965
1159557554046	1	INSTRUCTIONSCROLL	2969
1159557554063	1	INSTRUCTIONSCROLL	2972
1159557554079	1	INSTRUCTIONSCROLL	2975
1159557554096	1	INSTRUCTIONSCROLL	2979
1159557554113	1	INSTRUCTIONSCROLL	2982
1159557554129	1	INSTRUCTIONSCROLL	2985
1159557554146	1	INSTRUCTIONSCROLL	2989
1159557554163	1	INSTRUCTIONSCROLL	2992
1159557554179	1	INSTRUCTIONSCROLL	2995
1159557554195	1	INSTRUCTIONSCROLL	2999
1159557554212	1	INSTRUCTIONSCROLL	3002
1159557554228	1	INSTRUCTIONSCROLL	3005
1159557554245	1	INSTRUCTIONSCROLL	3009
1159557554262	1	INSTRUCTIONSCROLL	3012
1159557554278	1	INSTRUCTIONSCROLL	3015
1159557554295	1	INSTRUCTIONSCROLL	3019
1159557554312	1	INSTRUCTIONSCROLL	3022
1159557554328	1	INSTRUCTIONSCROLL	3025
1159557554345	1	INSTRUCTIONSCROLL	3029
1159557554361	1	INSTRUCTIONSCROLL	3032
1159557554378	1	INSTRUCTIONSCROLL	3035
1159557554395	1	INSTRUCTIONSCROLL	3039
1159557554411	1	INSTRUCTIONSCROLL	3042
1159557554428	1	INSTRUCTIONSCROLL	3045
1159557554445	1	INSTRUCTIONSCROLL	3049
1159557554461	1	INSTRUCTIONSCROLL	3052
1159557554478	1	INSTRUCTIONSCROLL	3055
1159557554495	1	INSTRUCTIONSCROLL	3059
1159557554511	1	INSTRUCTIONSCROLL	3062
1159557554528	1	INSTRUCTIONSCROLL	3065
1159557554545	1	INSTRUCTIONSCROLL	3069
1159557554561	1	INSTRUCTIONSCROLL	3072
1159557554578	1	INSTRUCTIONSCROLL	3075
1159557554595	1	INSTRUCTIONSCROLL	3078
1159557554612	1	INSTRUCTIONSCROLL	3082
1159557554628	1	INSTRUCTIONSCROLL	3085
1159557554645	1	INSTRUCTIONSCROLL	3089
1159557554661	1	INSTRUCTIONSCROLL	3092
1159557554678	1	INSTRUCTIONSCROLL	3095
1159557554695	1	INSTRUCTIONSCROLL	3099
1159557554711	1	INSTRUCTIONSCROLL	3102
1159557554728	1	INSTRUCTIONSCROLL	3105
1159557554745	1	INSTRUCTIONSCROLL	3109
1159557554762	1	INSTRUCTIONSCROLL	3112
1159557554778	1	INSTRUCTIONSCROLL	3115
1159557554795	1	INSTRUCTIONSCROLL	3119
1159557554828	1	INSTRUCTIONSCROLL	3125
1159557554845	1	INSTRUCTIONSCROLL	3129
1159557554861	1	INSTRUCTIONSCROLL	3132
1159557554878	1	INSTRUCTIONSCROLL	3135
1159557554895	1	INSTRUCTIONSCROLL	3139
1159557554911	1	INSTRUCTIONSCROLL	3142
1159557554928	1	INSTRUCTIONSCROLL	3145
1159557554945	1	INSTRUCTIONSCROLL	3149
1159557554961	1	INSTRUCTIONSCROLL	3152
1159557554978	1	INSTRUCTIONSCROLL	3155
1159557554995	1	INSTRUCTIONSCROLL	3159
1159557555012	1	INSTRUCTIONSCROLL	3162
1159557555029	1	INSTRUCTIONSCROLL	3165
1159557555046	1	INSTRUCTIONSCROLL	3169
1159557555062	1	INSTRUCTIONSCROLL	3172
1159557555079	1	INSTRUCTIONSCROLL	3175
1159557555096	1	INSTRUCTIONSCROLL	3179
1159557555112	1	INSTRUCTIONSCROLL	3182
1159557555129	1	INSTRUCTIONSCROLL	3185
1159557555146	1	INSTRUCTIONSCROLL	3189
1159557555162	1	INSTRUCTIONSCROLL	3192
1159557555179	1	INSTRUCTIONSCROLL	3196
1159557555195	1	INSTRUCTIONSCROLL	3199
1159557555211	1	INSTRUCTIONSCROLL	3202
1159557555228	1	INSTRUCTIONSCROLL	3205
1159557555245	1	INSTRUCTIONSCROLL	3209
1159557555261	1	INSTRUCTIONSCROLL	3212
1159557555278	1	INSTRUCTIONSCROLL	3215
1159557555295	1	INSTRUCTIONSCROLL	3219
1159557555311	1	INSTRUCTIONSCROLL	3222
1159557555328	1	INSTRUCTIONSCROLL	3225
1159557555345	1	INSTRUCTIONSCROLL	3228
1159557555361	1	INSTRUCTIONSCROLL	3232
1159557555378	1	INSTRUCTIONSCROLL	3235
1159557555394	1	INSTRUCTIONSCROLL	3238
1159557555411	1	INSTRUCTIONSCROLL	3242
1159557555428	1	INSTRUCTIONSCROLL	3245
1159557555445	1	INSTRUCTIONSCROLL	3249
1159557555461	1	INSTRUCTIONSCROLL	3252
1159557555478	1	INSTRUCTIONSCROLL	3255
1159557555495	1	INSTRUCTIONSCROLL	3258
1159557555511	1	INSTRUCTIONSCROLL	3262
1159557555528	1	INSTRUCTIONSCROLL	3265
1159557555545	1	INSTRUCTIONSCROLL	3269
1159557555561	1	INSTRUCTIONSCROLL	3272
1159557555578	1	INSTRUCTIONSCROLL	3275
1159557555594	1	INSTRUCTIONSCROLL	3279
1159557555611	1	INSTRUCTIONSCROLL	3282
1159557555628	1	INSTRUCTIONSCROLL	3285
1159557555644	1	INSTRUCTIONSCROLL	3288
1159557555661	1	INSTRUCTIONSCROLL	3292
1159557555678	1	INSTRUCTIONSCROLL	3295
1159557555694	1	INSTRUCTIONSCROLL	3299
1159557555711	1	INSTRUCTIONSCROLL	3302
1159557555728	1	INSTRUCTIONSCROLL	3305
1159557555744	1	INSTRUCTIONSCROLL	3309
1159557555761	1	INSTRUCTIONSCROLL	3312
1159557555778	1	INSTRUCTIONSCROLL	3315
1159557555794	1	INSTRUCTIONSCROLL	3318
1159557555811	1	INSTRUCTIONSCROLL	3322
1159557555828	1	INSTRUCTIONSCROLL	3325
1159557555844	1	INSTRUCTIONSCROLL	3329
1159557555861	1	INSTRUCTIONSCROLL	3332
1159557555878	1	INSTRUCTIONSCROLL	3335
1159557555894	1	INSTRUCTIONSCROLL	3338
1159557555911	1	INSTRUCTIONSCROLL	3344
1159557555928	1	INSTRUCTIONSCROLL	3345
1159557555944	1	INSTRUCTIONSCROLL	3348
1159557555961	1	INSTRUCTIONSCROLL	3352
1159557555978	1	INSTRUCTIONSCROLL	3355
1159557555994	1	INSTRUCTIONSCROLL	3359
1159557556012	1	INSTRUCTIONSCROLL	3362
1159557556029	1	INSTRUCTIONSCROLL	3365
1159557556045	1	INSTRUCTIONSCROLL	3369
1159557556062	1	INSTRUCTIONSCROLL	3372
1159557556079	1	INSTRUCTIONSCROLL	3375
1159557556095	1	INSTRUCTIONSCROLL	3379
1159557556112	1	INSTRUCTIONSCROLL	3382
1159557556129	1	INSTRUCTIONSCROLL	3385
1159557556145	1	INSTRUCTIONSCROLL	3389
1159557556162	1	INSTRUCTIONSCROLL	3392
1159557556179	1	INSTRUCTIONSCROLL	3395
1159557556194	1	INSTRUCTIONSCROLL	3399
1159557556211	1	INSTRUCTIONSCROLL	3402
1159557556228	1	INSTRUCTIONSCROLL	3405
1159557556244	1	INSTRUCTIONSCROLL	3408
1159557556261	1	INSTRUCTIONSCROLL	3412
1159557556278	1	INSTRUCTIONSCROLL	3415
1159557556294	1	INSTRUCTIONSCROLL	3418
1159557556311	1	INSTRUCTIONSCROLL	3422
1159557556328	1	INSTRUCTIONSCROLL	3425
1159557556344	1	INSTRUCTIONSCROLL	3428
1159557556361	1	INSTRUCTIONSCROLL	3432
1159557556378	1	INSTRUCTIONSCROLL	3435
1159557556394	1	INSTRUCTIONSCROLL	3438
1159557556411	1	INSTRUCTIONSCROLL	3442
1159557556427	1	INSTRUCTIONSCROLL	3445
1159557556444	1	INSTRUCTIONSCROLL	3448
1159557556461	1	INSTRUCTIONSCROLL	3452
1159557556477	1	INSTRUCTIONSCROLL	3455
1159557556494	1	INSTRUCTIONSCROLL	3458
1159557556511	1	INSTRUCTIONSCROLL	3462
1159557556527	1	INSTRUCTIONSCROLL	3465
1159557556544	1	INSTRUCTIONSCROLL	3468
1159557556561	1	INSTRUCTIONSCROLL	3472
1159557556577	1	INSTRUCTIONSCROLL	3475
1159557556594	1	INSTRUCTIONSCROLL	3478
1159557556611	1	INSTRUCTIONSCROLL	3482
1159557556628	1	INSTRUCTIONSCROLL	3485
1159557556644	1	INSTRUCTIONSCROLL	3489
1159557556661	1	INSTRUCTIONSCROLL	3492
1159557556678	1	INSTRUCTIONSCROLL	3495
1159557556694	1	INSTRUCTIONSCROLL	3498
1159557556711	1	INSTRUCTIONSCROLL	3502
1159557556727	1	INSTRUCTIONSCROLL	3505
1159557556744	1	INSTRUCTIONSCROLL	3509
1159557556761	1	INSTRUCTIONSCROLL	3512
1159557556777	1	INSTRUCTIONSCROLL	3515
1159557556794	1	INSTRUCTIONSCROLL	3519
1159557556811	1	INSTRUCTIONSCROLL	3522
1159557556827	1	INSTRUCTIONSCROLL	3525
1159557556844	1	INSTRUCTIONSCROLL	3528
1159557556861	1	INSTRUCTIONSCROLL	3532
1159557556877	1	INSTRUCTIONSCROLL	3535
1159557556894	1	INSTRUCTIONSCROLL	3539
1159557556911	1	INSTRUCTIONSCROLL	3542
1159557556927	1	INSTRUCTIONSCROLL	3545
1159557556944	1	INSTRUCTIONSCROLL	3548
1159557556961	1	INSTRUCTIONSCROLL	3552
1159557556977	1	INSTRUCTIONSCROLL	3555
1159557556994	1	INSTRUCTIONSCROLL	3558
1159557557012	1	INSTRUCTIONSCROLL	3562
1159557557028	1	INSTRUCTIONSCROLL	3565
1159557557045	1	INSTRUCTIONSCROLL	3569
1159557557062	1	INSTRUCTIONSCROLL	3572
1159557557078	1	INSTRUCTIONSCROLL	3575
1159557557095	1	INSTRUCTIONSCROLL	3579
1159557557112	1	INSTRUCTIONSCROLL	3582
1159557557131	1	INSTRUCTIONSCROLL	3588
1159557557145	1	INSTRUCTIONSCROLL	3589
1159557557162	1	INSTRUCTIONSCROLL	3592
1159557557178	1	INSTRUCTIONSCROLL	3595
1159557557194	1	INSTRUCTIONSCROLL	3599
1159557557211	1	INSTRUCTIONSCROLL	3602
1159557557227	1	INSTRUCTIONSCROLL	3605
1159557557244	1	INSTRUCTIONSCROLL	3608
1159557557261	1	INSTRUCTIONSCROLL	3612
1159557557277	1	INSTRUCTIONSCROLL	3615
1159557557294	1	INSTRUCTIONSCROLL	3618
1159557557311	1	INSTRUCTIONSCROLL	3622
1159557557327	1	INSTRUCTIONSCROLL	3625
1159557557344	1	INSTRUCTIONSCROLL	3628
1159557557361	1	INSTRUCTIONSCROLL	3632
1159557557377	1	INSTRUCTIONSCROLL	3635
1159557557394	1	INSTRUCTIONSCROLL	3638
1159557557411	1	INSTRUCTIONSCROLL	3642
1159557557427	1	INSTRUCTIONSCROLL	3645
1159557557444	1	INSTRUCTIONSCROLL	3648
1159557557461	1	INSTRUCTIONSCROLL	3652
1159557557477	1	INSTRUCTIONSCROLL	3655
1159557557494	1	INSTRUCTIONSCROLL	3658
1159557557511	1	INSTRUCTIONSCROLL	3662
1159557557527	1	INSTRUCTIONSCROLL	3665
1159557557544	1	INSTRUCTIONSCROLL	3668
1159557557560	1	INSTRUCTIONSCROLL	3672
1159557557577	1	INSTRUCTIONSCROLL	3675
1159557557594	1	INSTRUCTIONSCROLL	3678
1159557557610	1	INSTRUCTIONSCROLL	3682
1159557557627	1	INSTRUCTIONSCROLL	3685
1159557557644	1	INSTRUCTIONSCROLL	3688
1159557557660	1	INSTRUCTIONSCROLL	3692
1159557565936	1	INSTRUCTIONSCROLL	3693
1159557565941	1	INSTRUCTIONSCROLL	3694
1159557565958	1	INSTRUCTIONSCROLL	3695
1159557565974	1	INSTRUCTIONSCROLL	3698
1159557565991	1	INSTRUCTIONSCROLL	3701
1159557566009	1	INSTRUCTIONSCROLL	3704
1159557566025	1	INSTRUCTIONSCROLL	3708
1159557566042	1	INSTRUCTIONSCROLL	3711
1159557566059	1	INSTRUCTIONSCROLL	3714
1159557566075	1	INSTRUCTIONSCROLL	3720
1159557566092	1	INSTRUCTIONSCROLL	3721
1159557566109	1	INSTRUCTIONSCROLL	3724
1159557566125	1	INSTRUCTIONSCROLL	3728
1159557566142	1	INSTRUCTIONSCROLL	3731
1159557566159	1	INSTRUCTIONSCROLL	3734
1159557566175	1	INSTRUCTIONSCROLL	3738
1159557566191	1	INSTRUCTIONSCROLL	3741
1159557566208	1	INSTRUCTIONSCROLL	3744
1159557566224	1	INSTRUCTIONSCROLL	3748
1159557566241	1	INSTRUCTIONSCROLL	3751
1159557566258	1	INSTRUCTIONSCROLL	3754
1159557566274	1	INSTRUCTIONSCROLL	3758
1159557566291	1	INSTRUCTIONSCROLL	3761
1159557566308	1	INSTRUCTIONSCROLL	3764
1159557566324	1	INSTRUCTIONSCROLL	3768
1159557566341	1	INSTRUCTIONSCROLL	3771
1159557566358	1	INSTRUCTIONSCROLL	3774
1159557566374	1	INSTRUCTIONSCROLL	3778
1159557566391	1	INSTRUCTIONSCROLL	3781
1159557566408	1	INSTRUCTIONSCROLL	3784
1159557566424	1	INSTRUCTIONSCROLL	3788
1159557566441	1	INSTRUCTIONSCROLL	3791
1159557566458	1	INSTRUCTIONSCROLL	3794
1159557566474	1	INSTRUCTIONSCROLL	3798
1159557566491	1	INSTRUCTIONSCROLL	3801
1159557566508	1	INSTRUCTIONSCROLL	3804
1159557566524	1	INSTRUCTIONSCROLL	3808
1159557566541	1	INSTRUCTIONSCROLL	3811
1159557566557	1	INSTRUCTIONSCROLL	3814
1159557566574	1	INSTRUCTIONSCROLL	3818
1159557566591	1	INSTRUCTIONSCROLL	3821
1159557566607	1	INSTRUCTIONSCROLL	3824
1159557566624	1	INSTRUCTIONSCROLL	3828
1159557566641	1	INSTRUCTIONSCROLL	3831
1159557566657	1	INSTRUCTIONSCROLL	3834
1159557566674	1	INSTRUCTIONSCROLL	3838
1159557566691	1	INSTRUCTIONSCROLL	3841
1159557566707	1	INSTRUCTIONSCROLL	3844
1159557566724	1	INSTRUCTIONSCROLL	3848
1159557566741	1	INSTRUCTIONSCROLL	3851
1159557566757	1	INSTRUCTIONSCROLL	3854
1159557566774	1	INSTRUCTIONSCROLL	3858
1159557566791	1	INSTRUCTIONSCROLL	3861
1159557566807	1	INSTRUCTIONSCROLL	3864
1159557566824	1	INSTRUCTIONSCROLL	3868
1159557566841	1	INSTRUCTIONSCROLL	3871
1159557566857	1	INSTRUCTIONSCROLL	3874
1159557566874	1	INSTRUCTIONSCROLL	3878
1159557566907	1	INSTRUCTIONSCROLL	3883
1159557566924	1	INSTRUCTIONSCROLL	3888
1159557566941	1	INSTRUCTIONSCROLL	3891
1159557566957	1	INSTRUCTIONSCROLL	3894
1159557566974	1	INSTRUCTIONSCROLL	3898
1159557566991	1	INSTRUCTIONSCROLL	3901
1159557567008	1	INSTRUCTIONSCROLL	3904
1159557567025	1	INSTRUCTIONSCROLL	3908
1159557567042	1	INSTRUCTIONSCROLL	3911
1159557567058	1	INSTRUCTIONSCROLL	3915
1159557567075	1	INSTRUCTIONSCROLL	3918
1159557567092	1	INSTRUCTIONSCROLL	3921
1159557567108	1	INSTRUCTIONSCROLL	3925
1159557567125	1	INSTRUCTIONSCROLL	3928
1159557567142	1	INSTRUCTIONSCROLL	3931
1159557567158	1	INSTRUCTIONSCROLL	3934
1159557567175	1	INSTRUCTIONSCROLL	3938
1159557567191	1	INSTRUCTIONSCROLL	3941
1159557567207	1	INSTRUCTIONSCROLL	3944
1159557567224	1	INSTRUCTIONSCROLL	3948
1159557567241	1	INSTRUCTIONSCROLL	3951
1159557567257	1	INSTRUCTIONSCROLL	3954
1159557567274	1	INSTRUCTIONSCROLL	3958
1159557567291	1	INSTRUCTIONSCROLL	3961
1159557567307	1	INSTRUCTIONSCROLL	3964
1159557567324	1	INSTRUCTIONSCROLL	3967
1159557568490	1	INSTRUCTIONSTOP	Button set (OR)
1159557568553	0	E	Logging Ends
