1166116423511	0	B	Logging Begins
1166116423511	0	INSTRUCTIONSTART	JointRoller	/Library/Frameworks/Python.framework/Versions/2.4/lib/python2.4/site-packages/pyepl/resources/vera.ttf	64	(0, 0, 0)	'In the following experiment, your memory for associating names with faces will be tested.  The experiment will be divided into two halves, with each half testing you on a completely different set of names and faces.  After the first half, there will be a short break.\n\nThe procedure will be the same for each half.  Eight faces will be presented on the screen, consecutively, accompanied by their names.  A woman\'s voice will also speak the name when the face appears on the screen.  After five seconds, the face will disappear from the screen, a star (*) will flash on the screen for one second, and then the next face and name will appear.\n\nAfter you have seen all eight faces and names, you will be prompted to press any key in order to move on to a testing period.  During each trial of the testing period, you will see a face with name underneath it.  You will have to decide whether or not the name is paired with the appropriate face.  \n\nYou will respond on the keyboard, with a confidence judgment between 1 and 6.  A judgment of 1 indicates that you are near certain that the name given is incorrectly paired with the face, a judgment of 2 indicates moderate confidence, and a judgment of 3 indicates that you think the name is incorrectly paired with the face, but are quite unsure.  A judgment of 6 indicates that you are near certain that the name given is correctly paired with the face, a judgment of 5 indicates moderate confidence, and a judgment of 4 indicates that you think the name is correctly paired with the face, but are quite unsure.\n\nYou should rest your fingers on the bottom row of the keyboard.  "Z", "X", and  "C" will correspond to confidence judgments of 1, 2, and 3, respectively.  ",", ".", and "/" will correspond to confidence judgments of 4, 5, and 6, respectively.\n\nAfter five seconds the name and face will disappear from the screen, a star will flash on the screen for one second, and then the next name and face pair will appear on the screen.  You will see eight name-face pairs per test period.  You should try to reply as quickly and accurately as you can.\n\nFor each half, there will be ten study periods and ten test periods, alternating.  Each face will have the same name over the entire course of the half, so your task is to try and learn the faces\' names as quickly and accurately as possible.\n\nDo you have any questions?\n\nPress <ENTER> to continue.\n'
1166116423589	1	INSTRUCTIONSCROLL	0
1166116434040	1	INSTRUCTIONSCROLL	1
1166116434057	1	INSTRUCTIONSCROLL	3
1166116434074	1	INSTRUCTIONSCROLL	6
1166116434090	1	INSTRUCTIONSCROLL	9
1166116434107	1	INSTRUCTIONSCROLL	13
1166116434124	1	INSTRUCTIONSCROLL	16
1166116434140	1	INSTRUCTIONSCROLL	19
1166116434390	1	INSTRUCTIONSCROLL	20
1166116434407	1	INSTRUCTIONSCROLL	21
1166116434424	1	INSTRUCTIONSCROLL	24
1166116434440	1	INSTRUCTIONSCROLL	27
1166116434457	1	INSTRUCTIONSCROLL	31
1166116434474	1	INSTRUCTIONSCROLL	34
1166116434490	1	INSTRUCTIONSCROLL	37
1166116434506	1	INSTRUCTIONSCROLL	41
1166116434523	1	INSTRUCTIONSCROLL	44
1166116434539	1	INSTRUCTIONSCROLL	47
1166116434556	1	INSTRUCTIONSCROLL	50
1166116434573	1	INSTRUCTIONSCROLL	54
1166116434589	1	INSTRUCTIONSCROLL	57
1166116434606	1	INSTRUCTIONSCROLL	60
1166116434623	1	INSTRUCTIONSCROLL	64
1166116434639	1	INSTRUCTIONSCROLL	67
1166116434656	1	INSTRUCTIONSCROLL	70
1166116434673	1	INSTRUCTIONSCROLL	74
1166116434689	1	INSTRUCTIONSCROLL	77
1166116434706	1	INSTRUCTIONSCROLL	80
1166116434723	1	INSTRUCTIONSCROLL	84
1166116434739	1	INSTRUCTIONSCROLL	87
1166116434756	1	INSTRUCTIONSCROLL	90
1166116434773	1	INSTRUCTIONSCROLL	94
1166116434789	1	INSTRUCTIONSCROLL	97
1166116434806	1	INSTRUCTIONSCROLL	100
1166116434823	1	INSTRUCTIONSCROLL	104
1166116434839	1	INSTRUCTIONSCROLL	107
1166116434857	1	INSTRUCTIONSCROLL	110
1166116434922	1	INSTRUCTIONSCROLL	111
1166116434939	1	INSTRUCTIONSCROLL	114
1166116434956	1	INSTRUCTIONSCROLL	117
1166116434972	1	INSTRUCTIONSCROLL	121
1166116434989	1	INSTRUCTIONSCROLL	124
1166116435007	1	INSTRUCTIONSCROLL	127
1166116435023	1	INSTRUCTIONSCROLL	131
1166116435040	1	INSTRUCTIONSCROLL	134
1166116435307	1	INSTRUCTIONSCROLL	135
1166116435323	1	INSTRUCTIONSCROLL	136
1166116435340	1	INSTRUCTIONSCROLL	140
1166116435357	1	INSTRUCTIONSCROLL	143
1166116435373	1	INSTRUCTIONSCROLL	146
1166116435390	1	INSTRUCTIONSCROLL	150
1166116435407	1	INSTRUCTIONSCROLL	153
1166116435423	1	INSTRUCTIONSCROLL	156
1166116435440	1	INSTRUCTIONSCROLL	160
1166116435522	1	INSTRUCTIONSCROLL	161
1166116435539	1	INSTRUCTIONSCROLL	163
1166116435556	1	INSTRUCTIONSCROLL	167
1166116435572	1	INSTRUCTIONSCROLL	170
1166116435589	1	INSTRUCTIONSCROLL	173
1166116435606	1	INSTRUCTIONSCROLL	177
1166116435622	1	INSTRUCTIONSCROLL	180
1166116435639	1	INSTRUCTIONSCROLL	183
1166116435656	1	INSTRUCTIONSCROLL	187
1166116435672	1	INSTRUCTIONSCROLL	190
1166116435689	1	INSTRUCTIONSCROLL	193
1166116435706	1	INSTRUCTIONSCROLL	197
1166116435722	1	INSTRUCTIONSCROLL	200
1166116435739	1	INSTRUCTIONSCROLL	203
1166116435755	1	INSTRUCTIONSCROLL	207
1166116435772	1	INSTRUCTIONSCROLL	210
1166116435789	1	INSTRUCTIONSCROLL	213
1166116435906	1	INSTRUCTIONSCROLL	214
1166116435922	1	INSTRUCTIONSCROLL	215
1166116435939	1	INSTRUCTIONSCROLL	218
1166116435955	1	INSTRUCTIONSCROLL	222
1166116435972	1	INSTRUCTIONSCROLL	225
1166116435989	1	INSTRUCTIONSCROLL	228
1166116436006	1	INSTRUCTIONSCROLL	232
1166116436023	1	INSTRUCTIONSCROLL	235
1166116436040	1	INSTRUCTIONSCROLL	238
1166116436156	1	INSTRUCTIONSCROLL	239
1166116436173	1	INSTRUCTIONSCROLL	241
1166116436190	1	INSTRUCTIONSCROLL	244
1166116436206	1	INSTRUCTIONSCROLL	247
1166116436223	1	INSTRUCTIONSCROLL	251
1166116436240	1	INSTRUCTIONSCROLL	254
1166116436256	1	INSTRUCTIONSCROLL	257
1166116436273	1	INSTRUCTIONSCROLL	261
1166116436622	1	INSTRUCTIONSCROLL	262
1166116436639	1	INSTRUCTIONSCROLL	264
1166116436655	1	INSTRUCTIONSCROLL	267
1166116436805	1	INSTRUCTIONSCROLL	268
1166116436822	1	INSTRUCTIONSCROLL	270
1166116436839	1	INSTRUCTIONSCROLL	273
1166116436858	1	INSTRUCTIONSCROLL	276
1166116436988	1	INSTRUCTIONSCROLL	277
1166116437006	1	INSTRUCTIONSCROLL	279
1166116437023	1	INSTRUCTIONSCROLL	282
1166116437039	1	INSTRUCTIONSCROLL	286
1166116437056	1	INSTRUCTIONSCROLL	289
1166116437073	1	INSTRUCTIONSCROLL	292
1166116437089	1	INSTRUCTIONSCROLL	296
1166116437106	1	INSTRUCTIONSCROLL	299
1166116437123	1	INSTRUCTIONSCROLL	302
1166116437139	1	INSTRUCTIONSCROLL	306
1166116437156	1	INSTRUCTIONSCROLL	309
1166116437173	1	INSTRUCTIONSCROLL	312
1166116437189	1	INSTRUCTIONSCROLL	316
1166116437206	1	INSTRUCTIONSCROLL	319
1166116437223	1	INSTRUCTIONSCROLL	322
1166116437239	1	INSTRUCTIONSCROLL	326
1166116437256	1	INSTRUCTIONSCROLL	329
1166116437273	1	INSTRUCTIONSCROLL	332
1166116437289	1	INSTRUCTIONSCROLL	336
1166116437306	1	INSTRUCTIONSCROLL	339
1166116437323	1	INSTRUCTIONSCROLL	342
1166116437339	1	INSTRUCTIONSCROLL	346
1166116437356	1	INSTRUCTIONSCROLL	349
1166116437373	1	INSTRUCTIONSCROLL	353
1166116437389	1	INSTRUCTIONSCROLL	356
1166116437572	1	INSTRUCTIONSCROLL	357
1166116437588	1	INSTRUCTIONSCROLL	360
1166116437605	1	INSTRUCTIONSCROLL	363
1166116437622	1	INSTRUCTIONSCROLL	366
1166116437638	1	INSTRUCTIONSCROLL	370
1166116437655	1	INSTRUCTIONSCROLL	373
1166116437672	1	INSTRUCTIONSCROLL	376
1166116437688	1	INSTRUCTIONSCROLL	380
1166116437705	1	INSTRUCTIONSCROLL	383
1166116437722	1	INSTRUCTIONSCROLL	386
1166116437738	1	INSTRUCTIONSCROLL	390
1166116437755	1	INSTRUCTIONSCROLL	393
1166116437772	1	INSTRUCTIONSCROLL	396
1166116437788	1	INSTRUCTIONSCROLL	400
1166116437805	1	INSTRUCTIONSCROLL	403
1166116437988	1	INSTRUCTIONSCROLL	404
1166116438006	1	INSTRUCTIONSCROLL	407
1166116438022	1	INSTRUCTIONSCROLL	411
1166116438039	1	INSTRUCTIONSCROLL	414
1166116438056	1	INSTRUCTIONSCROLL	417
1166116438072	1	INSTRUCTIONSCROLL	421
1166116438089	1	INSTRUCTIONSCROLL	424
1166116438256	1	INSTRUCTIONSCROLL	425
1166116438272	1	INSTRUCTIONSCROLL	426
1166116438289	1	INSTRUCTIONSCROLL	429
1166116438306	1	INSTRUCTIONSCROLL	432
1166116438489	1	INSTRUCTIONSCROLL	433
1166116438505	1	INSTRUCTIONSCROLL	434
1166116438521	1	INSTRUCTIONSCROLL	437
1166116438538	1	INSTRUCTIONSCROLL	440
1166116438738	1	INSTRUCTIONSCROLL	441
1166116438755	1	INSTRUCTIONSCROLL	442
1166116439139	1	INSTRUCTIONSCROLL	443
1166116439155	1	INSTRUCTIONSCROLL	444
1166116439172	1	INSTRUCTIONSCROLL	448
1166116439189	1	INSTRUCTIONSCROLL	451
1166116439372	1	INSTRUCTIONSCROLL	452
1166116439389	1	INSTRUCTIONSCROLL	453
1166116439405	1	INSTRUCTIONSCROLL	457
1166116439422	1	INSTRUCTIONSCROLL	460
1166116439439	1	INSTRUCTIONSCROLL	463
1166116439455	1	INSTRUCTIONSCROLL	467
1166116439472	1	INSTRUCTIONSCROLL	470
1166116439489	1	INSTRUCTIONSCROLL	473
1166116439504	1	INSTRUCTIONSCROLL	477
1166116439521	1	INSTRUCTIONSCROLL	480
1166116439538	1	INSTRUCTIONSCROLL	483
1166116439554	1	INSTRUCTIONSCROLL	486
1166116439571	1	INSTRUCTIONSCROLL	490
1166116439588	1	INSTRUCTIONSCROLL	493
1166116439604	1	INSTRUCTIONSCROLL	496
1166116439621	1	INSTRUCTIONSCROLL	500
1166116439638	1	INSTRUCTIONSCROLL	503
1166116439654	1	INSTRUCTIONSCROLL	506
1166116439671	1	INSTRUCTIONSCROLL	510
1166116439688	1	INSTRUCTIONSCROLL	513
1166116439704	1	INSTRUCTIONSCROLL	516
1166116439721	1	INSTRUCTIONSCROLL	520
1166116439738	1	INSTRUCTIONSCROLL	523
1166116439754	1	INSTRUCTIONSCROLL	526
1166116439771	1	INSTRUCTIONSCROLL	530
1166116439971	1	INSTRUCTIONSCROLL	531
1166116439988	1	INSTRUCTIONSCROLL	534
1166116440005	1	INSTRUCTIONSCROLL	537
1166116440022	1	INSTRUCTIONSCROLL	541
1166116440038	1	INSTRUCTIONSCROLL	542
1166116440055	1	INSTRUCTIONSCROLL	543
1166116440072	1	INSTRUCTIONSCROLL	547
1166116440088	1	INSTRUCTIONSCROLL	550
1166116440105	1	INSTRUCTIONSCROLL	553
1166116440122	1	INSTRUCTIONSCROLL	557
1166116440138	1	INSTRUCTIONSCROLL	560
1166116440155	1	INSTRUCTIONSCROLL	563
1166116440172	1	INSTRUCTIONSCROLL	567
1166116440188	1	INSTRUCTIONSCROLL	570
1166116440205	1	INSTRUCTIONSCROLL	573
1166116440222	1	INSTRUCTIONSCROLL	577
1166116440238	1	INSTRUCTIONSCROLL	580
1166116440687	1	INSTRUCTIONSCROLL	581
1166116440704	1	INSTRUCTIONSCROLL	582
1166116440721	1	INSTRUCTIONSCROLL	585
1166116440737	1	INSTRUCTIONSCROLL	588
1166116440754	1	INSTRUCTIONSCROLL	592
1166116440771	1	INSTRUCTIONSCROLL	595
1166116440787	1	INSTRUCTIONSCROLL	598
1166116440804	1	INSTRUCTIONSCROLL	602
1166116440821	1	INSTRUCTIONSCROLL	605
1166116440837	1	INSTRUCTIONSCROLL	608
1166116440854	1	INSTRUCTIONSCROLL	612
1166116440871	1	INSTRUCTIONSCROLL	615
1166116440887	1	INSTRUCTIONSCROLL	618
1166116440904	1	INSTRUCTIONSCROLL	622
1166116440921	1	INSTRUCTIONSCROLL	625
1166116440937	1	INSTRUCTIONSCROLL	628
1166116440954	1	INSTRUCTIONSCROLL	631
1166116440971	1	INSTRUCTIONSCROLL	635
1166116440987	1	INSTRUCTIONSCROLL	638
1166116441005	1	INSTRUCTIONSCROLL	642
1166116441022	1	INSTRUCTIONSCROLL	645
1166116441038	1	INSTRUCTIONSCROLL	648
1166116441055	1	INSTRUCTIONSCROLL	652
1166116441071	1	INSTRUCTIONSCROLL	655
1166116441088	1	INSTRUCTIONSCROLL	658
1166116441105	1	INSTRUCTIONSCROLL	662
1166116441121	1	INSTRUCTIONSCROLL	665
1166116441138	1	INSTRUCTIONSCROLL	668
1166116441155	1	INSTRUCTIONSCROLL	672
1166116441171	1	INSTRUCTIONSCROLL	675
1166116441188	1	INSTRUCTIONSCROLL	678
1166116441371	1	INSTRUCTIONSCROLL	679
1166116441388	1	INSTRUCTIONSCROLL	682
1166116441405	1	INSTRUCTIONSCROLL	685
1166116441421	1	INSTRUCTIONSCROLL	689
1166116441438	1	INSTRUCTIONSCROLL	692
1166116441455	1	INSTRUCTIONSCROLL	695
1166116441471	1	INSTRUCTIONSCROLL	699
1166116441488	1	INSTRUCTIONSCROLL	702
1166116441504	1	INSTRUCTIONSCROLL	705
1166116441520	1	INSTRUCTIONSCROLL	709
1166116441537	1	INSTRUCTIONSCROLL	712
1166116441554	1	INSTRUCTIONSCROLL	715
1166116441570	1	INSTRUCTIONSCROLL	719
1166116441587	1	INSTRUCTIONSCROLL	722
1166116441604	1	INSTRUCTIONSCROLL	725
1166116441620	1	INSTRUCTIONSCROLL	729
1166116441637	1	INSTRUCTIONSCROLL	732
1166116441654	1	INSTRUCTIONSCROLL	735
1166116441670	1	INSTRUCTIONSCROLL	739
1166116441687	1	INSTRUCTIONSCROLL	742
1166116441704	1	INSTRUCTIONSCROLL	745
1166116441720	1	INSTRUCTIONSCROLL	749
1166116441737	1	INSTRUCTIONSCROLL	752
1166116441754	1	INSTRUCTIONSCROLL	755
1166116441770	1	INSTRUCTIONSCROLL	759
1166116441787	1	INSTRUCTIONSCROLL	762
1166116441804	1	INSTRUCTIONSCROLL	765
1166116441820	1	INSTRUCTIONSCROLL	769
1166116441837	1	INSTRUCTIONSCROLL	772
1166116441854	1	INSTRUCTIONSCROLL	775
1166116441870	1	INSTRUCTIONSCROLL	779
1166116441887	1	INSTRUCTIONSCROLL	782
1166116441904	1	INSTRUCTIONSCROLL	785
1166116441920	1	INSTRUCTIONSCROLL	789
1166116441937	1	INSTRUCTIONSCROLL	792
1166116441954	1	INSTRUCTIONSCROLL	795
1166116441970	1	INSTRUCTIONSCROLL	799
1166116441987	1	INSTRUCTIONSCROLL	802
1166116442005	1	INSTRUCTIONSCROLL	805
1166116442021	1	INSTRUCTIONSCROLL	809
1166116442038	1	INSTRUCTIONSCROLL	812
1166116442054	1	INSTRUCTIONSCROLL	815
1166116442071	1	INSTRUCTIONSCROLL	819
1166116442088	1	INSTRUCTIONSCROLL	822
1166116442104	1	INSTRUCTIONSCROLL	826
1166116442121	1	INSTRUCTIONSCROLL	829
1166116442138	1	INSTRUCTIONSCROLL	832
1166116442154	1	INSTRUCTIONSCROLL	835
1166116442171	1	INSTRUCTIONSCROLL	839
1166116442188	1	INSTRUCTIONSCROLL	842
1166116442204	1	INSTRUCTIONSCROLL	846
1166116442221	1	INSTRUCTIONSCROLL	849
1166116442238	1	INSTRUCTIONSCROLL	852
1166116442254	1	INSTRUCTIONSCROLL	856
1166116442271	1	INSTRUCTIONSCROLL	859
1166116442288	1	INSTRUCTIONSCROLL	862
1166116442304	1	INSTRUCTIONSCROLL	865
1166116442321	1	INSTRUCTIONSCROLL	869
1166116442338	1	INSTRUCTIONSCROLL	872
1166116442354	1	INSTRUCTIONSCROLL	875
1166116442371	1	INSTRUCTIONSCROLL	879
1166116442388	1	INSTRUCTIONSCROLL	882
1166116442404	1	INSTRUCTIONSCROLL	885
1166116442421	1	INSTRUCTIONSCROLL	889
1166116442438	1	INSTRUCTIONSCROLL	892
1166116442454	1	INSTRUCTIONSCROLL	895
1166116442471	1	INSTRUCTIONSCROLL	899
1166116442488	1	INSTRUCTIONSCROLL	902
1166116442503	1	INSTRUCTIONSCROLL	905
1166116442520	1	INSTRUCTIONSCROLL	909
1166116442537	1	INSTRUCTIONSCROLL	912
1166116442553	1	INSTRUCTIONSCROLL	915
1166116442570	1	INSTRUCTIONSCROLL	919
1166116442587	1	INSTRUCTIONSCROLL	922
1166116442603	1	INSTRUCTIONSCROLL	925
1166116442620	1	INSTRUCTIONSCROLL	929
1166116442637	1	INSTRUCTIONSCROLL	932
1166116442653	1	INSTRUCTIONSCROLL	935
1166116442670	1	INSTRUCTIONSCROLL	939
1166116442687	1	INSTRUCTIONSCROLL	942
1166116442703	1	INSTRUCTIONSCROLL	945
1166116442720	1	INSTRUCTIONSCROLL	949
1166116442737	1	INSTRUCTIONSCROLL	952
1166116442753	1	INSTRUCTIONSCROLL	955
1166116442770	1	INSTRUCTIONSCROLL	959
1166116442787	1	INSTRUCTIONSCROLL	962
1166116442803	1	INSTRUCTIONSCROLL	965
1166116442820	1	INSTRUCTIONSCROLL	969
1166116442837	1	INSTRUCTIONSCROLL	972
1166116442853	1	INSTRUCTIONSCROLL	975
1166116442870	1	INSTRUCTIONSCROLL	979
1166116442887	1	INSTRUCTIONSCROLL	982
1166116442903	1	INSTRUCTIONSCROLL	985
1166116442920	1	INSTRUCTIONSCROLL	989
1166116442937	1	INSTRUCTIONSCROLL	992
1166116442953	1	INSTRUCTIONSCROLL	995
1166116442970	1	INSTRUCTIONSCROLL	999
1166116442987	1	INSTRUCTIONSCROLL	1002
1166116443004	1	INSTRUCTIONSCROLL	1005
1166116443021	1	INSTRUCTIONSCROLL	1009
1166116443038	1	INSTRUCTIONSCROLL	1012
1166116443054	1	INSTRUCTIONSCROLL	1015
1166116443071	1	INSTRUCTIONSCROLL	1019
1166116443088	1	INSTRUCTIONSCROLL	1022
1166116443104	1	INSTRUCTIONSCROLL	1025
1166116443121	1	INSTRUCTIONSCROLL	1029
1166116443138	1	INSTRUCTIONSCROLL	1032
1166116443154	1	INSTRUCTIONSCROLL	1035
1166116443171	1	INSTRUCTIONSCROLL	1039
1166116443187	1	INSTRUCTIONSCROLL	1042
1166116443204	1	INSTRUCTIONSCROLL	1045
1166116443221	1	INSTRUCTIONSCROLL	1049
1166116443237	1	INSTRUCTIONSCROLL	1052
1166116443254	1	INSTRUCTIONSCROLL	1056
1166116443271	1	INSTRUCTIONSCROLL	1059
1166116443287	1	INSTRUCTIONSCROLL	1062
1166116443304	1	INSTRUCTIONSCROLL	1066
1166116443321	1	INSTRUCTIONSCROLL	1069
1166116443337	1	INSTRUCTIONSCROLL	1072
1166116443354	1	INSTRUCTIONSCROLL	1076
1166116443371	1	INSTRUCTIONSCROLL	1079
1166116443387	1	INSTRUCTIONSCROLL	1082
1166116443404	1	INSTRUCTIONSCROLL	1086
1166116443421	1	INSTRUCTIONSCROLL	1089
1166116443437	1	INSTRUCTIONSCROLL	1092
1166116443454	1	INSTRUCTIONSCROLL	1096
1166116443471	1	INSTRUCTIONSCROLL	1099
1166116443487	1	INSTRUCTIONSCROLL	1102
1166116443503	1	INSTRUCTIONSCROLL	1106
1166116443520	1	INSTRUCTIONSCROLL	1109
1166116443536	1	INSTRUCTIONSCROLL	1112
1166116443553	1	INSTRUCTIONSCROLL	1115
1166116443570	1	INSTRUCTIONSCROLL	1119
1166116443586	1	INSTRUCTIONSCROLL	1122
1166116443603	1	INSTRUCTIONSCROLL	1125
1166116443620	1	INSTRUCTIONSCROLL	1129
1166116443636	1	INSTRUCTIONSCROLL	1132
1166116443653	1	INSTRUCTIONSCROLL	1135
1166116443670	1	INSTRUCTIONSCROLL	1139
1166116443686	1	INSTRUCTIONSCROLL	1142
1166116443703	1	INSTRUCTIONSCROLL	1145
1166116443720	1	INSTRUCTIONSCROLL	1149
1166116443736	1	INSTRUCTIONSCROLL	1152
1166116443753	1	INSTRUCTIONSCROLL	1155
1166116443770	1	INSTRUCTIONSCROLL	1159
1166116443786	1	INSTRUCTIONSCROLL	1162
1166116443803	1	INSTRUCTIONSCROLL	1165
1166116443820	1	INSTRUCTIONSCROLL	1169
1166116443836	1	INSTRUCTIONSCROLL	1172
1166116443853	1	INSTRUCTIONSCROLL	1175
1166116443870	1	INSTRUCTIONSCROLL	1179
1166116443886	1	INSTRUCTIONSCROLL	1182
1166116443903	1	INSTRUCTIONSCROLL	1185
1166116443920	1	INSTRUCTIONSCROLL	1189
1166116443936	1	INSTRUCTIONSCROLL	1192
1166116443953	1	INSTRUCTIONSCROLL	1195
1166116443970	1	INSTRUCTIONSCROLL	1199
1166116443986	1	INSTRUCTIONSCROLL	1202
1166116444004	1	INSTRUCTIONSCROLL	1205
1166116444021	1	INSTRUCTIONSCROLL	1209
1166116444037	1	INSTRUCTIONSCROLL	1212
1166116444054	1	INSTRUCTIONSCROLL	1216
1166116444071	1	INSTRUCTIONSCROLL	1219
1166116444087	1	INSTRUCTIONSCROLL	1222
1166116444104	1	INSTRUCTIONSCROLL	1226
1166116444121	1	INSTRUCTIONSCROLL	1229
1166116444137	1	INSTRUCTIONSCROLL	1232
1166116444154	1	INSTRUCTIONSCROLL	1236
1166116444171	1	INSTRUCTIONSCROLL	1239
1166116444187	1	INSTRUCTIONSCROLL	1242
1166116444204	1	INSTRUCTIONSCROLL	1246
1166116444220	1	INSTRUCTIONSCROLL	1249
1166116444237	1	INSTRUCTIONSCROLL	1252
1166116444254	1	INSTRUCTIONSCROLL	1255
1166116444270	1	INSTRUCTIONSCROLL	1259
1166116444287	1	INSTRUCTIONSCROLL	1262
1166116444304	1	INSTRUCTIONSCROLL	1266
1166116444320	1	INSTRUCTIONSCROLL	1269
1166116444337	1	INSTRUCTIONSCROLL	1272
1166116444354	1	INSTRUCTIONSCROLL	1276
1166116444370	1	INSTRUCTIONSCROLL	1279
1166116444387	1	INSTRUCTIONSCROLL	1282
1166116444404	1	INSTRUCTIONSCROLL	1286
1166116444420	1	INSTRUCTIONSCROLL	1289
1166116444437	1	INSTRUCTIONSCROLL	1292
1166116444454	1	INSTRUCTIONSCROLL	1296
1166116444470	1	INSTRUCTIONSCROLL	1299
1166116444487	1	INSTRUCTIONSCROLL	1302
1166116444503	1	INSTRUCTIONSCROLL	1305
1166116444519	1	INSTRUCTIONSCROLL	1309
1166116444536	1	INSTRUCTIONSCROLL	1312
1166116444553	1	INSTRUCTIONSCROLL	1315
1166116444569	1	INSTRUCTIONSCROLL	1319
1166116444586	1	INSTRUCTIONSCROLL	1322
1166116447902	1	INSTRUCTIONSCROLL	1323
1166116447918	1	INSTRUCTIONSCROLL	1325
1166116447935	1	INSTRUCTIONSCROLL	1328
1166116447952	1	INSTRUCTIONSCROLL	1332
1166116447968	1	INSTRUCTIONSCROLL	1335
1166116447985	1	INSTRUCTIONSCROLL	1338
1166116448003	1	INSTRUCTIONSCROLL	1342
1166116448019	1	INSTRUCTIONSCROLL	1345
1166116448036	1	INSTRUCTIONSCROLL	1349
1166116448053	1	INSTRUCTIONSCROLL	1352
1166116448069	1	INSTRUCTIONSCROLL	1355
1166116448086	1	INSTRUCTIONSCROLL	1359
1166116448103	1	INSTRUCTIONSCROLL	1362
1166116448119	1	INSTRUCTIONSCROLL	1365
1166116448136	1	INSTRUCTIONSCROLL	1369
1166116448153	1	INSTRUCTIONSCROLL	1372
1166116448169	1	INSTRUCTIONSCROLL	1375
1166116448186	1	INSTRUCTIONSCROLL	1378
1166116448203	1	INSTRUCTIONSCROLL	1382
1166116448219	1	INSTRUCTIONSCROLL	1385
1166116448236	1	INSTRUCTIONSCROLL	1389
1166116448252	1	INSTRUCTIONSCROLL	1392
1166116448269	1	INSTRUCTIONSCROLL	1395
1166116448286	1	INSTRUCTIONSCROLL	1399
1166116448303	1	INSTRUCTIONSCROLL	1402
1166116448319	1	INSTRUCTIONSCROLL	1405
1166116448336	1	INSTRUCTIONSCROLL	1409
1166116448352	1	INSTRUCTIONSCROLL	1412
1166116448369	1	INSTRUCTIONSCROLL	1415
1166116448386	1	INSTRUCTIONSCROLL	1419
1166116448402	1	INSTRUCTIONSCROLL	1422
1166116448419	1	INSTRUCTIONSCROLL	1425
1166116448436	1	INSTRUCTIONSCROLL	1429
1166116448452	1	INSTRUCTIONSCROLL	1432
1166116448469	1	INSTRUCTIONSCROLL	1435
1166116448486	1	INSTRUCTIONSCROLL	1438
1166116448501	1	INSTRUCTIONSCROLL	1442
1166116448518	1	INSTRUCTIONSCROLL	1445
1166116448535	1	INSTRUCTIONSCROLL	1448
1166116448551	1	INSTRUCTIONSCROLL	1452
1166116448568	1	INSTRUCTIONSCROLL	1455
1166116448585	1	INSTRUCTIONSCROLL	1458
1166116448601	1	INSTRUCTIONSCROLL	1462
1166116448618	1	INSTRUCTIONSCROLL	1465
1166116448635	1	INSTRUCTIONSCROLL	1468
1166116448651	1	INSTRUCTIONSCROLL	1472
1166116448668	1	INSTRUCTIONSCROLL	1475
1166116448685	1	INSTRUCTIONSCROLL	1478
1166116448701	1	INSTRUCTIONSCROLL	1482
1166116448718	1	INSTRUCTIONSCROLL	1485
1166116448735	1	INSTRUCTIONSCROLL	1488
1166116448751	1	INSTRUCTIONSCROLL	1492
1166116448768	1	INSTRUCTIONSCROLL	1495
1166116448785	1	INSTRUCTIONSCROLL	1498
1166116448801	1	INSTRUCTIONSCROLL	1502
1166116448818	1	INSTRUCTIONSCROLL	1505
1166116448835	1	INSTRUCTIONSCROLL	1508
1166116448851	1	INSTRUCTIONSCROLL	1512
1166116448868	1	INSTRUCTIONSCROLL	1515
1166116448885	1	INSTRUCTIONSCROLL	1518
1166116448901	1	INSTRUCTIONSCROLL	1522
1166116448918	1	INSTRUCTIONSCROLL	1525
1166116448935	1	INSTRUCTIONSCROLL	1528
1166116448951	1	INSTRUCTIONSCROLL	1532
1166116448968	1	INSTRUCTIONSCROLL	1535
1166116448985	1	INSTRUCTIONSCROLL	1538
1166116449002	1	INSTRUCTIONSCROLL	1542
1166116449019	1	INSTRUCTIONSCROLL	1545
1166116449036	1	INSTRUCTIONSCROLL	1549
1166116449052	1	INSTRUCTIONSCROLL	1552
1166116449069	1	INSTRUCTIONSCROLL	1555
1166116449086	1	INSTRUCTIONSCROLL	1559
1166116449102	1	INSTRUCTIONSCROLL	1562
1166116449119	1	INSTRUCTIONSCROLL	1565
1166116449136	1	INSTRUCTIONSCROLL	1569
1166116449152	1	INSTRUCTIONSCROLL	1572
1166116449169	1	INSTRUCTIONSCROLL	1575
1166116449186	1	INSTRUCTIONSCROLL	1579
1166116449202	1	INSTRUCTIONSCROLL	1582
1166116449219	1	INSTRUCTIONSCROLL	1585
1166116449236	1	INSTRUCTIONSCROLL	1588
1166116449252	1	INSTRUCTIONSCROLL	1592
1166116449269	1	INSTRUCTIONSCROLL	1595
1166116449286	1	INSTRUCTIONSCROLL	1599
1166116449302	1	INSTRUCTIONSCROLL	1602
1166116449319	1	INSTRUCTIONSCROLL	1605
1166116449336	1	INSTRUCTIONSCROLL	1609
1166116449352	1	INSTRUCTIONSCROLL	1612
1166116449369	1	INSTRUCTIONSCROLL	1615
1166116449386	1	INSTRUCTIONSCROLL	1618
1166116449402	1	INSTRUCTIONSCROLL	1622
1166116449419	1	INSTRUCTIONSCROLL	1625
1166116449436	1	INSTRUCTIONSCROLL	1628
1166116449452	1	INSTRUCTIONSCROLL	1632
1166116449469	1	INSTRUCTIONSCROLL	1635
1166116449485	1	INSTRUCTIONSCROLL	1639
1166116449501	1	INSTRUCTIONSCROLL	1642
1166116449518	1	INSTRUCTIONSCROLL	1645
1166116449534	1	INSTRUCTIONSCROLL	1648
1166116449551	1	INSTRUCTIONSCROLL	1652
1166116449568	1	INSTRUCTIONSCROLL	1655
1166116449584	1	INSTRUCTIONSCROLL	1658
1166116449601	1	INSTRUCTIONSCROLL	1662
1166116449618	1	INSTRUCTIONSCROLL	1665
1166116449634	1	INSTRUCTIONSCROLL	1668
1166116449651	1	INSTRUCTIONSCROLL	1672
1166116449668	1	INSTRUCTIONSCROLL	1675
1166116449684	1	INSTRUCTIONSCROLL	1678
1166116449701	1	INSTRUCTIONSCROLL	1682
1166116449718	1	INSTRUCTIONSCROLL	1685
1166116449734	1	INSTRUCTIONSCROLL	1688
1166116449751	1	INSTRUCTIONSCROLL	1692
1166116449768	1	INSTRUCTIONSCROLL	1695
1166116449784	1	INSTRUCTIONSCROLL	1698
1166116449801	1	INSTRUCTIONSCROLL	1702
1166116449818	1	INSTRUCTIONSCROLL	1705
1166116449834	1	INSTRUCTIONSCROLL	1708
1166116449851	1	INSTRUCTIONSCROLL	1712
1166116449868	1	INSTRUCTIONSCROLL	1715
1166116449884	1	INSTRUCTIONSCROLL	1718
1166116449901	1	INSTRUCTIONSCROLL	1722
1166116449918	1	INSTRUCTIONSCROLL	1725
1166116449934	1	INSTRUCTIONSCROLL	1728
1166116449951	1	INSTRUCTIONSCROLL	1732
1166116449968	1	INSTRUCTIONSCROLL	1735
1166116449984	1	INSTRUCTIONSCROLL	1738
1166116450002	1	INSTRUCTIONSCROLL	1742
1166116450019	1	INSTRUCTIONSCROLL	1745
1166116450035	1	INSTRUCTIONSCROLL	1748
1166116450052	1	INSTRUCTIONSCROLL	1752
1166116450069	1	INSTRUCTIONSCROLL	1755
1166116450085	1	INSTRUCTIONSCROLL	1758
1166116450102	1	INSTRUCTIONSCROLL	1762
1166116450119	1	INSTRUCTIONSCROLL	1765
1166116450135	1	INSTRUCTIONSCROLL	1768
1166116450152	1	INSTRUCTIONSCROLL	1772
1166116450169	1	INSTRUCTIONSCROLL	1775
1166116450185	1	INSTRUCTIONSCROLL	1778
1166116450202	1	INSTRUCTIONSCROLL	1782
1166116450219	1	INSTRUCTIONSCROLL	1785
1166116450235	1	INSTRUCTIONSCROLL	1788
1166116450252	1	INSTRUCTIONSCROLL	1792
1166116450269	1	INSTRUCTIONSCROLL	1795
1166116450285	1	INSTRUCTIONSCROLL	1798
1166116450302	1	INSTRUCTIONSCROLL	1802
1166116450319	1	INSTRUCTIONSCROLL	1805
1166116450335	1	INSTRUCTIONSCROLL	1808
1166116450352	1	INSTRUCTIONSCROLL	1812
1166116450369	1	INSTRUCTIONSCROLL	1815
1166116450385	1	INSTRUCTIONSCROLL	1818
1166116450402	1	INSTRUCTIONSCROLL	1822
1166116450419	1	INSTRUCTIONSCROLL	1825
1166116450435	1	INSTRUCTIONSCROLL	1828
1166116450452	1	INSTRUCTIONSCROLL	1832
1166116450468	1	INSTRUCTIONSCROLL	1835
1166116450485	1	INSTRUCTIONSCROLL	1838
1166116450501	1	INSTRUCTIONSCROLL	1842
1166116450517	1	INSTRUCTIONSCROLL	1845
1166116450534	1	INSTRUCTIONSCROLL	1848
1166116450551	1	INSTRUCTIONSCROLL	1852
1166116450567	1	INSTRUCTIONSCROLL	1855
1166116450584	1	INSTRUCTIONSCROLL	1858
1166116450601	1	INSTRUCTIONSCROLL	1862
1166116450617	1	INSTRUCTIONSCROLL	1865
1166116450634	1	INSTRUCTIONSCROLL	1868
1166116450651	1	INSTRUCTIONSCROLL	1871
1166116450667	1	INSTRUCTIONSCROLL	1875
1166116450684	1	INSTRUCTIONSCROLL	1878
1166116450701	1	INSTRUCTIONSCROLL	1881
1166116450717	1	INSTRUCTIONSCROLL	1885
1166116450734	1	INSTRUCTIONSCROLL	1888
1166116450751	1	INSTRUCTIONSCROLL	1892
1166116450767	1	INSTRUCTIONSCROLL	1895
1166116450784	1	INSTRUCTIONSCROLL	1898
1166116450801	1	INSTRUCTIONSCROLL	1901
1166116450817	1	INSTRUCTIONSCROLL	1905
1166116450834	1	INSTRUCTIONSCROLL	1908
1166116450851	1	INSTRUCTIONSCROLL	1911
1166116450867	1	INSTRUCTIONSCROLL	1915
1166116450884	1	INSTRUCTIONSCROLL	1918
1166116450901	1	INSTRUCTIONSCROLL	1922
1166116450917	1	INSTRUCTIONSCROLL	1925
1166116450934	1	INSTRUCTIONSCROLL	1928
1166116450951	1	INSTRUCTIONSCROLL	1931
1166116450967	1	INSTRUCTIONSCROLL	1935
1166116450984	1	INSTRUCTIONSCROLL	1938
1166116451002	1	INSTRUCTIONSCROLL	1941
1166116451018	1	INSTRUCTIONSCROLL	1945
1166116451035	1	INSTRUCTIONSCROLL	1948
1166116451052	1	INSTRUCTIONSCROLL	1952
1166116451068	1	INSTRUCTIONSCROLL	1955
1166116451085	1	INSTRUCTIONSCROLL	1958
1166116451102	1	INSTRUCTIONSCROLL	1962
1166116451118	1	INSTRUCTIONSCROLL	1965
1166116451135	1	INSTRUCTIONSCROLL	1968
1166116451152	1	INSTRUCTIONSCROLL	1972
1166116451168	1	INSTRUCTIONSCROLL	1975
1166116451185	1	INSTRUCTIONSCROLL	1978
1166116451202	1	INSTRUCTIONSCROLL	1982
1166116451218	1	INSTRUCTIONSCROLL	1985
1166116451235	1	INSTRUCTIONSCROLL	1988
1166116451252	1	INSTRUCTIONSCROLL	1992
1166116451268	1	INSTRUCTIONSCROLL	1995
1166116451285	1	INSTRUCTIONSCROLL	1998
1166116451302	1	INSTRUCTIONSCROLL	2002
1166116451318	1	INSTRUCTIONSCROLL	2005
1166116451335	1	INSTRUCTIONSCROLL	2008
1166116451352	1	INSTRUCTIONSCROLL	2012
1166116451368	1	INSTRUCTIONSCROLL	2015
1166116451385	1	INSTRUCTIONSCROLL	2018
1166116451800	1	INSTRUCTIONSCROLL	2019
1166116451817	1	INSTRUCTIONSCROLL	2022
1166116451834	1	INSTRUCTIONSCROLL	2025
1166116451850	1	INSTRUCTIONSCROLL	2029
1166116451867	1	INSTRUCTIONSCROLL	2032
1166116451884	1	INSTRUCTIONSCROLL	2035
1166116451900	1	INSTRUCTIONSCROLL	2039
1166116451917	1	INSTRUCTIONSCROLL	2042
1166116451934	1	INSTRUCTIONSCROLL	2045
1166116451950	1	INSTRUCTIONSCROLL	2049
1166116451967	1	INSTRUCTIONSCROLL	2052
1166116451984	1	INSTRUCTIONSCROLL	2055
1166116452001	1	INSTRUCTIONSCROLL	2059
1166116452018	1	INSTRUCTIONSCROLL	2062
1166116452035	1	INSTRUCTIONSCROLL	2065
1166116452051	1	INSTRUCTIONSCROLL	2069
1166116452068	1	INSTRUCTIONSCROLL	2072
1166116452085	1	INSTRUCTIONSCROLL	2075
1166116452101	1	INSTRUCTIONSCROLL	2079
1166116452118	1	INSTRUCTIONSCROLL	2082
1166116452135	1	INSTRUCTIONSCROLL	2085
1166116452151	1	INSTRUCTIONSCROLL	2089
1166116452168	1	INSTRUCTIONSCROLL	2092
1166116452185	1	INSTRUCTIONSCROLL	2096
1166116452201	1	INSTRUCTIONSCROLL	2099
1166116452218	1	INSTRUCTIONSCROLL	2102
1166116452235	1	INSTRUCTIONSCROLL	2105
1166116452251	1	INSTRUCTIONSCROLL	2109
1166116452268	1	INSTRUCTIONSCROLL	2112
1166116452285	1	INSTRUCTIONSCROLL	2115
1166116452301	1	INSTRUCTIONSCROLL	2119
1166116452318	1	INSTRUCTIONSCROLL	2122
1166116452335	1	INSTRUCTIONSCROLL	2126
1166116452351	1	INSTRUCTIONSCROLL	2129
1166116452368	1	INSTRUCTIONSCROLL	2132
1166116452385	1	INSTRUCTIONSCROLL	2135
1166116452401	1	INSTRUCTIONSCROLL	2139
1166116452418	1	INSTRUCTIONSCROLL	2142
1166116452435	1	INSTRUCTIONSCROLL	2145
1166116452451	1	INSTRUCTIONSCROLL	2149
1166116452468	1	INSTRUCTIONSCROLL	2152
1166116452484	1	INSTRUCTIONSCROLL	2156
1166116452500	1	INSTRUCTIONSCROLL	2159
1166116452517	1	INSTRUCTIONSCROLL	2162
1166116452533	1	INSTRUCTIONSCROLL	2165
1166116452550	1	INSTRUCTIONSCROLL	2169
1166116452567	1	INSTRUCTIONSCROLL	2172
1166116452583	1	INSTRUCTIONSCROLL	2175
1166116452600	1	INSTRUCTIONSCROLL	2179
1166116452617	1	INSTRUCTIONSCROLL	2182
1166116452633	1	INSTRUCTIONSCROLL	2185
1166116452650	1	INSTRUCTIONSCROLL	2189
1166116452667	1	INSTRUCTIONSCROLL	2192
1166116452683	1	INSTRUCTIONSCROLL	2195
1166116452700	1	INSTRUCTIONSCROLL	2199
1166116452717	1	INSTRUCTIONSCROLL	2202
1166116452733	1	INSTRUCTIONSCROLL	2205
1166116452750	1	INSTRUCTIONSCROLL	2209
1166116452767	1	INSTRUCTIONSCROLL	2212
1166116452783	1	INSTRUCTIONSCROLL	2215
1166116452800	1	INSTRUCTIONSCROLL	2219
1166116452817	1	INSTRUCTIONSCROLL	2222
1166116452833	1	INSTRUCTIONSCROLL	2225
1166116452850	1	INSTRUCTIONSCROLL	2229
1166116452867	1	INSTRUCTIONSCROLL	2232
1166116452883	1	INSTRUCTIONSCROLL	2235
1166116452900	1	INSTRUCTIONSCROLL	2239
1166116452917	1	INSTRUCTIONSCROLL	2242
1166116452933	1	INSTRUCTIONSCROLL	2245
1166116452950	1	INSTRUCTIONSCROLL	2249
1166116452967	1	INSTRUCTIONSCROLL	2252
1166116452983	1	INSTRUCTIONSCROLL	2255
1166116453001	1	INSTRUCTIONSCROLL	2259
1166116453018	1	INSTRUCTIONSCROLL	2262
1166116453034	1	INSTRUCTIONSCROLL	2265
1166116453051	1	INSTRUCTIONSCROLL	2269
1166116453068	1	INSTRUCTIONSCROLL	2272
1166116453084	1	INSTRUCTIONSCROLL	2275
1166116453101	1	INSTRUCTIONSCROLL	2279
1166116453118	1	INSTRUCTIONSCROLL	2282
1166116453134	1	INSTRUCTIONSCROLL	2285
1166116453151	1	INSTRUCTIONSCROLL	2289
1166116453168	1	INSTRUCTIONSCROLL	2292
1166116453184	1	INSTRUCTIONSCROLL	2295
1166116453201	1	INSTRUCTIONSCROLL	2299
1166116453218	1	INSTRUCTIONSCROLL	2302
1166116453234	1	INSTRUCTIONSCROLL	2305
1166116453251	1	INSTRUCTIONSCROLL	2309
1166116453268	1	INSTRUCTIONSCROLL	2312
1166116453284	1	INSTRUCTIONSCROLL	2315
1166116453301	1	INSTRUCTIONSCROLL	2319
1166116453318	1	INSTRUCTIONSCROLL	2322
1166116453334	1	INSTRUCTIONSCROLL	2325
1166116453351	1	INSTRUCTIONSCROLL	2329
1166116453368	1	INSTRUCTIONSCROLL	2332
1166116453384	1	INSTRUCTIONSCROLL	2335
1166116453401	1	INSTRUCTIONSCROLL	2339
1166116453418	1	INSTRUCTIONSCROLL	2342
1166116453434	1	INSTRUCTIONSCROLL	2345
1166116453451	1	INSTRUCTIONSCROLL	2349
1166116453468	1	INSTRUCTIONSCROLL	2352
1166116453484	1	INSTRUCTIONSCROLL	2355
1166116453500	1	INSTRUCTIONSCROLL	2359
1166116453516	1	INSTRUCTIONSCROLL	2362
1166116453533	1	INSTRUCTIONSCROLL	2365
1166116453550	1	INSTRUCTIONSCROLL	2369
1166116453566	1	INSTRUCTIONSCROLL	2372
1166116453583	1	INSTRUCTIONSCROLL	2375
1166116453600	1	INSTRUCTIONSCROLL	2379
1166116453616	1	INSTRUCTIONSCROLL	2382
1166116453633	1	INSTRUCTIONSCROLL	2385
1166116453650	1	INSTRUCTIONSCROLL	2389
1166116453666	1	INSTRUCTIONSCROLL	2392
1166116453683	1	INSTRUCTIONSCROLL	2395
1166116453700	1	INSTRUCTIONSCROLL	2399
1166116453716	1	INSTRUCTIONSCROLL	2402
1166116453733	1	INSTRUCTIONSCROLL	2405
1166116453750	1	INSTRUCTIONSCROLL	2409
1166116453766	1	INSTRUCTIONSCROLL	2412
1166116453783	1	INSTRUCTIONSCROLL	2415
1166116453800	1	INSTRUCTIONSCROLL	2419
1166116453816	1	INSTRUCTIONSCROLL	2422
1166116453833	1	INSTRUCTIONSCROLL	2425
1166116453850	1	INSTRUCTIONSCROLL	2428
1166116453866	1	INSTRUCTIONSCROLL	2432
1166116453883	1	INSTRUCTIONSCROLL	2435
1166116453900	1	INSTRUCTIONSCROLL	2439
1166116453916	1	INSTRUCTIONSCROLL	2442
1166116453933	1	INSTRUCTIONSCROLL	2445
1166116453950	1	INSTRUCTIONSCROLL	2449
1166116453967	1	INSTRUCTIONSCROLL	2452
1166116453983	1	INSTRUCTIONSCROLL	2455
1166116454001	1	INSTRUCTIONSCROLL	2458
1166116454017	1	INSTRUCTIONSCROLL	2462
1166116454034	1	INSTRUCTIONSCROLL	2465
1166116454051	1	INSTRUCTIONSCROLL	2469
1166116454067	1	INSTRUCTIONSCROLL	2472
1166116454084	1	INSTRUCTIONSCROLL	2475
1166116454101	1	INSTRUCTIONSCROLL	2479
1166116454117	1	INSTRUCTIONSCROLL	2482
1166116454134	1	INSTRUCTIONSCROLL	2485
1166116454151	1	INSTRUCTIONSCROLL	2489
1166116454167	1	INSTRUCTIONSCROLL	2492
1166116454184	1	INSTRUCTIONSCROLL	2495
1166116454201	1	INSTRUCTIONSCROLL	2499
1166116454217	1	INSTRUCTIONSCROLL	2502
1166116454234	1	INSTRUCTIONSCROLL	2505
1166116454251	1	INSTRUCTIONSCROLL	2509
1166116454267	1	INSTRUCTIONSCROLL	2512
1166116454284	1	INSTRUCTIONSCROLL	2515
1166116454301	1	INSTRUCTIONSCROLL	2519
1166116454317	1	INSTRUCTIONSCROLL	2522
1166116454334	1	INSTRUCTIONSCROLL	2525
1166116454351	1	INSTRUCTIONSCROLL	2529
1166116454367	1	INSTRUCTIONSCROLL	2532
1166116454384	1	INSTRUCTIONSCROLL	2535
1166116454401	1	INSTRUCTIONSCROLL	2539
1166116454417	1	INSTRUCTIONSCROLL	2542
1166116454434	1	INSTRUCTIONSCROLL	2545
1166116454450	1	INSTRUCTIONSCROLL	2549
1166116454467	1	INSTRUCTIONSCROLL	2552
1166116454484	1	INSTRUCTIONSCROLL	2555
1166116454499	1	INSTRUCTIONSCROLL	2559
1166116454516	1	INSTRUCTIONSCROLL	2562
1166116454533	1	INSTRUCTIONSCROLL	2565
1166116454549	1	INSTRUCTIONSCROLL	2569
1166116454566	1	INSTRUCTIONSCROLL	2572
1166116454583	1	INSTRUCTIONSCROLL	2575
1166116454599	1	INSTRUCTIONSCROLL	2578
1166116454616	1	INSTRUCTIONSCROLL	2582
1166116454633	1	INSTRUCTIONSCROLL	2585
1166116454649	1	INSTRUCTIONSCROLL	2589
1166116454666	1	INSTRUCTIONSCROLL	2592
1166116454683	1	INSTRUCTIONSCROLL	2595
1166116454699	1	INSTRUCTIONSCROLL	2599
1166116454716	1	INSTRUCTIONSCROLL	2602
1166116454733	1	INSTRUCTIONSCROLL	2605
1166116454749	1	INSTRUCTIONSCROLL	2608
1166116454766	1	INSTRUCTIONSCROLL	2612
1166116454783	1	INSTRUCTIONSCROLL	2615
1166116454799	1	INSTRUCTIONSCROLL	2619
1166116454816	1	INSTRUCTIONSCROLL	2622
1166116454833	1	INSTRUCTIONSCROLL	2625
1166116454849	1	INSTRUCTIONSCROLL	2628
1166116454866	1	INSTRUCTIONSCROLL	2632
1166116454883	1	INSTRUCTIONSCROLL	2635
1166116454899	1	INSTRUCTIONSCROLL	2638
1166116454916	1	INSTRUCTIONSCROLL	2642
1166116454933	1	INSTRUCTIONSCROLL	2645
1166116454949	1	INSTRUCTIONSCROLL	2648
1166116454966	1	INSTRUCTIONSCROLL	2652
1166116454983	1	INSTRUCTIONSCROLL	2655
1166116454999	1	INSTRUCTIONSCROLL	2659
1166116455017	1	INSTRUCTIONSCROLL	2662
1166116455034	1	INSTRUCTIONSCROLL	2665
1166116455050	1	INSTRUCTIONSCROLL	2669
1166116455067	1	INSTRUCTIONSCROLL	2672
1166116455084	1	INSTRUCTIONSCROLL	2675
1166116455100	1	INSTRUCTIONSCROLL	2679
1166116455117	1	INSTRUCTIONSCROLL	2682
1166116455134	1	INSTRUCTIONSCROLL	2685
1166116455150	1	INSTRUCTIONSCROLL	2689
1166116455167	1	INSTRUCTIONSCROLL	2692
1166116455184	1	INSTRUCTIONSCROLL	2695
1166116455200	1	INSTRUCTIONSCROLL	2699
1166116455217	1	INSTRUCTIONSCROLL	2702
1166116455234	1	INSTRUCTIONSCROLL	2705
1166116455250	1	INSTRUCTIONSCROLL	2709
1166116455267	1	INSTRUCTIONSCROLL	2712
1166116455284	1	INSTRUCTIONSCROLL	2715
1166116455300	1	INSTRUCTIONSCROLL	2719
1166116455317	1	INSTRUCTIONSCROLL	2722
1166116455334	1	INSTRUCTIONSCROLL	2725
1166116455350	1	INSTRUCTIONSCROLL	2729
1166116455367	1	INSTRUCTIONSCROLL	2732
1166116455384	1	INSTRUCTIONSCROLL	2735
1166116455400	1	INSTRUCTIONSCROLL	2739
1166116455417	1	INSTRUCTIONSCROLL	2742
1166116455434	1	INSTRUCTIONSCROLL	2745
1166116455450	1	INSTRUCTIONSCROLL	2749
1166116455467	1	INSTRUCTIONSCROLL	2752
1166116455483	1	INSTRUCTIONSCROLL	2755
1166116455499	1	INSTRUCTIONSCROLL	2759
1166116455516	1	INSTRUCTIONSCROLL	2762
1166116455532	1	INSTRUCTIONSCROLL	2765
1166116455549	1	INSTRUCTIONSCROLL	2768
1166116455566	1	INSTRUCTIONSCROLL	2772
1166116455582	1	INSTRUCTIONSCROLL	2775
1166116455599	1	INSTRUCTIONSCROLL	2778
1166116455616	1	INSTRUCTIONSCROLL	2782
1166116455632	1	INSTRUCTIONSCROLL	2785
1166116455649	1	INSTRUCTIONSCROLL	2788
1166116455666	1	INSTRUCTIONSCROLL	2792
1166116455682	1	INSTRUCTIONSCROLL	2795
1166116455699	1	INSTRUCTIONSCROLL	2798
1166116455716	1	INSTRUCTIONSCROLL	2802
1166116455732	1	INSTRUCTIONSCROLL	2805
1166116455749	1	INSTRUCTIONSCROLL	2808
1166116455766	1	INSTRUCTIONSCROLL	2812
1166116455782	1	INSTRUCTIONSCROLL	2815
1166116455799	1	INSTRUCTIONSCROLL	2818
1166116455816	1	INSTRUCTIONSCROLL	2822
1166116455832	1	INSTRUCTIONSCROLL	2825
1166116455849	1	INSTRUCTIONSCROLL	2828
1166116455866	1	INSTRUCTIONSCROLL	2832
1166116455882	1	INSTRUCTIONSCROLL	2835
1166116455899	1	INSTRUCTIONSCROLL	2838
1166116455916	1	INSTRUCTIONSCROLL	2842
1166116455932	1	INSTRUCTIONSCROLL	2845
1166116455949	1	INSTRUCTIONSCROLL	2848
1166116455966	1	INSTRUCTIONSCROLL	2852
1166116455982	1	INSTRUCTIONSCROLL	2855
1166116455999	1	INSTRUCTIONSCROLL	2858
1166116456017	1	INSTRUCTIONSCROLL	2862
1166116456033	1	INSTRUCTIONSCROLL	2865
1166116456050	1	INSTRUCTIONSCROLL	2869
1166116456067	1	INSTRUCTIONSCROLL	2872
1166116456083	1	INSTRUCTIONSCROLL	2875
1166116456100	1	INSTRUCTIONSCROLL	2879
1166116456117	1	INSTRUCTIONSCROLL	2882
1166116456133	1	INSTRUCTIONSCROLL	2885
1166116456150	1	INSTRUCTIONSCROLL	2889
1166116456167	1	INSTRUCTIONSCROLL	2892
1166116456183	1	INSTRUCTIONSCROLL	2895
1166116456200	1	INSTRUCTIONSCROLL	2899
1166116456217	1	INSTRUCTIONSCROLL	2902
1166116456233	1	INSTRUCTIONSCROLL	2905
1166116456250	1	INSTRUCTIONSCROLL	2909
1166116456267	1	INSTRUCTIONSCROLL	2912
1166116456283	1	INSTRUCTIONSCROLL	2915
1166116456300	1	INSTRUCTIONSCROLL	2919
1166116456317	1	INSTRUCTIONSCROLL	2922
1166116456333	1	INSTRUCTIONSCROLL	2925
1166116456350	1	INSTRUCTIONSCROLL	2929
1166116456367	1	INSTRUCTIONSCROLL	2932
1166116456383	1	INSTRUCTIONSCROLL	2935
1166116456400	1	INSTRUCTIONSCROLL	2939
1166116456417	1	INSTRUCTIONSCROLL	2942
1166116456433	1	INSTRUCTIONSCROLL	2945
1166116456450	1	INSTRUCTIONSCROLL	2949
1166116456467	1	INSTRUCTIONSCROLL	2952
1166116456483	1	INSTRUCTIONSCROLL	2955
1166116456499	1	INSTRUCTIONSCROLL	2959
1166116456515	1	INSTRUCTIONSCROLL	2962
1166116456532	1	INSTRUCTIONSCROLL	2965
1166116456549	1	INSTRUCTIONSCROLL	2968
1166116456565	1	INSTRUCTIONSCROLL	2972
1166116456582	1	INSTRUCTIONSCROLL	2975
1166116456599	1	INSTRUCTIONSCROLL	2978
1166116456615	1	INSTRUCTIONSCROLL	2982
1166116456632	1	INSTRUCTIONSCROLL	2985
1166116456649	1	INSTRUCTIONSCROLL	2988
1166116456666	1	INSTRUCTIONSCROLL	2992
1166116456682	1	INSTRUCTIONSCROLL	2995
1166116456699	1	INSTRUCTIONSCROLL	2998
1166116456715	1	INSTRUCTIONSCROLL	3002
1166116456732	1	INSTRUCTIONSCROLL	3005
1166116456749	1	INSTRUCTIONSCROLL	3008
1166116456765	1	INSTRUCTIONSCROLL	3012
1166116456782	1	INSTRUCTIONSCROLL	3015
1166116456799	1	INSTRUCTIONSCROLL	3018
1166116456815	1	INSTRUCTIONSCROLL	3022
1166116456832	1	INSTRUCTIONSCROLL	3025
1166116456849	1	INSTRUCTIONSCROLL	3028
1166116456865	1	INSTRUCTIONSCROLL	3032
1166116456882	1	INSTRUCTIONSCROLL	3035
1166116456899	1	INSTRUCTIONSCROLL	3038
1166116456915	1	INSTRUCTIONSCROLL	3042
1166116456932	1	INSTRUCTIONSCROLL	3045
1166116456949	1	INSTRUCTIONSCROLL	3048
1166116456965	1	INSTRUCTIONSCROLL	3052
1166116456982	1	INSTRUCTIONSCROLL	3055
1166116456999	1	INSTRUCTIONSCROLL	3058
1166116457016	1	INSTRUCTIONSCROLL	3062
1166116457033	1	INSTRUCTIONSCROLL	3065
1166116457050	1	INSTRUCTIONSCROLL	3069
1166116457066	1	INSTRUCTIONSCROLL	3072
1166116457083	1	INSTRUCTIONSCROLL	3075
1166116457100	1	INSTRUCTIONSCROLL	3078
1166116457116	1	INSTRUCTIONSCROLL	3082
1166116457133	1	INSTRUCTIONSCROLL	3085
1166116457150	1	INSTRUCTIONSCROLL	3088
1166116457166	1	INSTRUCTIONSCROLL	3092
1166116457183	1	INSTRUCTIONSCROLL	3095
1166116457200	1	INSTRUCTIONSCROLL	3099
1166116457216	1	INSTRUCTIONSCROLL	3102
1166116457233	1	INSTRUCTIONSCROLL	3105
1166116457250	1	INSTRUCTIONSCROLL	3108
1166116457266	1	INSTRUCTIONSCROLL	3112
1166116457283	1	INSTRUCTIONSCROLL	3115
1166116457300	1	INSTRUCTIONSCROLL	3118
1166116457316	1	INSTRUCTIONSCROLL	3122
1166116457333	1	INSTRUCTIONSCROLL	3125
1166116457350	1	INSTRUCTIONSCROLL	3129
1166116457366	1	INSTRUCTIONSCROLL	3132
1166116457383	1	INSTRUCTIONSCROLL	3135
1166116457400	1	INSTRUCTIONSCROLL	3138
1166116457416	1	INSTRUCTIONSCROLL	3142
1166116457433	1	INSTRUCTIONSCROLL	3145
1166116457450	1	INSTRUCTIONSCROLL	3148
1166116457466	1	INSTRUCTIONSCROLL	3152
1166116457483	1	INSTRUCTIONSCROLL	3155
1166116457499	1	INSTRUCTIONSCROLL	3159
1166116457515	1	INSTRUCTIONSCROLL	3162
1166116457532	1	INSTRUCTIONSCROLL	3165
1166116457549	1	INSTRUCTIONSCROLL	3168
1166116457565	1	INSTRUCTIONSCROLL	3172
1166116457582	1	INSTRUCTIONSCROLL	3175
1166116457598	1	INSTRUCTIONSCROLL	3178
1166116457615	1	INSTRUCTIONSCROLL	3182
1166116457632	1	INSTRUCTIONSCROLL	3185
1166116457648	1	INSTRUCTIONSCROLL	3188
1166116457665	1	INSTRUCTIONSCROLL	3192
1166116457682	1	INSTRUCTIONSCROLL	3195
1166116457699	1	INSTRUCTIONSCROLL	3198
1166116457715	1	INSTRUCTIONSCROLL	3202
1166116457732	1	INSTRUCTIONSCROLL	3205
1166116457748	1	INSTRUCTIONSCROLL	3208
1166116457765	1	INSTRUCTIONSCROLL	3212
1166116457782	1	INSTRUCTIONSCROLL	3215
1166116457799	1	INSTRUCTIONSCROLL	3218
1166116457815	1	INSTRUCTIONSCROLL	3222
1166116457832	1	INSTRUCTIONSCROLL	3225
1166116457849	1	INSTRUCTIONSCROLL	3228
1166116457865	1	INSTRUCTIONSCROLL	3232
1166116457882	1	INSTRUCTIONSCROLL	3235
1166116457898	1	INSTRUCTIONSCROLL	3238
1166116457915	1	INSTRUCTIONSCROLL	3242
1166116457932	1	INSTRUCTIONSCROLL	3245
1166116457948	1	INSTRUCTIONSCROLL	3248
1166116457965	1	INSTRUCTIONSCROLL	3252
1166116457982	1	INSTRUCTIONSCROLL	3255
1166116457998	1	INSTRUCTIONSCROLL	3258
1166116458016	1	INSTRUCTIONSCROLL	3262
1166116458033	1	INSTRUCTIONSCROLL	3265
1166116458049	1	INSTRUCTIONSCROLL	3268
1166116458066	1	INSTRUCTIONSCROLL	3272
1166116458083	1	INSTRUCTIONSCROLL	3275
1166116458099	1	INSTRUCTIONSCROLL	3278
1166116458116	1	INSTRUCTIONSCROLL	3282
1166116458133	1	INSTRUCTIONSCROLL	3285
1166116458149	1	INSTRUCTIONSCROLL	3288
1166116458166	1	INSTRUCTIONSCROLL	3292
1166116458183	1	INSTRUCTIONSCROLL	3295
1166116458199	1	INSTRUCTIONSCROLL	3298
1166116458216	1	INSTRUCTIONSCROLL	3302
1166116458233	1	INSTRUCTIONSCROLL	3305
1166116458249	1	INSTRUCTIONSCROLL	3308
1166116458266	1	INSTRUCTIONSCROLL	3312
1166116458283	1	INSTRUCTIONSCROLL	3315
1166116458299	1	INSTRUCTIONSCROLL	3318
1166116458316	1	INSTRUCTIONSCROLL	3322
1166116458333	1	INSTRUCTIONSCROLL	3325
1166116458349	1	INSTRUCTIONSCROLL	3328
1166116458366	1	INSTRUCTIONSCROLL	3332
1166116458383	1	INSTRUCTIONSCROLL	3335
1166116458399	1	INSTRUCTIONSCROLL	3338
1166116458416	1	INSTRUCTIONSCROLL	3342
1166116458433	1	INSTRUCTIONSCROLL	3345
1166116458449	1	INSTRUCTIONSCROLL	3348
1166116458466	1	INSTRUCTIONSCROLL	3352
1166116458483	1	INSTRUCTIONSCROLL	3355
1166116458498	1	INSTRUCTIONSCROLL	3358
1166116458515	1	INSTRUCTIONSCROLL	3362
1166116458532	1	INSTRUCTIONSCROLL	3365
1166116458548	1	INSTRUCTIONSCROLL	3368
1166116458565	1	INSTRUCTIONSCROLL	3372
1166116458582	1	INSTRUCTIONSCROLL	3375
1166116458598	1	INSTRUCTIONSCROLL	3378
1166116458615	1	INSTRUCTIONSCROLL	3382
1166116458631	1	INSTRUCTIONSCROLL	3385
1166116458648	1	INSTRUCTIONSCROLL	3388
1166116458665	1	INSTRUCTIONSCROLL	3392
1166116458681	1	INSTRUCTIONSCROLL	3395
1166116458698	1	INSTRUCTIONSCROLL	3398
1166116458715	1	INSTRUCTIONSCROLL	3402
1166116458731	1	INSTRUCTIONSCROLL	3405
1166116458748	1	INSTRUCTIONSCROLL	3408
1166116458765	1	INSTRUCTIONSCROLL	3412
1166116458781	1	INSTRUCTIONSCROLL	3415
1166116458798	1	INSTRUCTIONSCROLL	3418
1166116458815	1	INSTRUCTIONSCROLL	3422
1166116458831	1	INSTRUCTIONSCROLL	3425
1166116458848	1	INSTRUCTIONSCROLL	3428
1166116458865	1	INSTRUCTIONSCROLL	3431
1166116458881	1	INSTRUCTIONSCROLL	3435
1166116458898	1	INSTRUCTIONSCROLL	3438
1166116458915	1	INSTRUCTIONSCROLL	3442
1166116458931	1	INSTRUCTIONSCROLL	3445
1166116458948	1	INSTRUCTIONSCROLL	3448
1166116458965	1	INSTRUCTIONSCROLL	3452
1166116458981	1	INSTRUCTIONSCROLL	3455
1166116458998	1	INSTRUCTIONSCROLL	3458
1166116459016	1	INSTRUCTIONSCROLL	3461
1166116459032	1	INSTRUCTIONSCROLL	3465
1166116459049	1	INSTRUCTIONSCROLL	3468
1166116459066	1	INSTRUCTIONSCROLL	3472
1166116459082	1	INSTRUCTIONSCROLL	3475
1166116459099	1	INSTRUCTIONSCROLL	3478
1166116459116	1	INSTRUCTIONSCROLL	3482
1166116459132	1	INSTRUCTIONSCROLL	3485
1166116459149	1	INSTRUCTIONSCROLL	3488
1166116459166	1	INSTRUCTIONSCROLL	3492
1166116459182	1	INSTRUCTIONSCROLL	3495
1166116459199	1	INSTRUCTIONSCROLL	3498
1166116459216	1	INSTRUCTIONSCROLL	3502
1166116459232	1	INSTRUCTIONSCROLL	3505
1166116459249	1	INSTRUCTIONSCROLL	3508
1166116459266	1	INSTRUCTIONSCROLL	3512
1166116459282	1	INSTRUCTIONSCROLL	3515
1166116459299	1	INSTRUCTIONSCROLL	3518
1166116459316	1	INSTRUCTIONSCROLL	3522
1166116459332	1	INSTRUCTIONSCROLL	3525
1166116459349	1	INSTRUCTIONSCROLL	3528
1166116459366	1	INSTRUCTIONSCROLL	3532
1166116459382	1	INSTRUCTIONSCROLL	3535
1166116459399	1	INSTRUCTIONSCROLL	3538
1166116459416	1	INSTRUCTIONSCROLL	3542
1166116459432	1	INSTRUCTIONSCROLL	3545
1166116459449	1	INSTRUCTIONSCROLL	3548
1166116459466	1	INSTRUCTIONSCROLL	3552
1166116459482	1	INSTRUCTIONSCROLL	3555
1166116459498	1	INSTRUCTIONSCROLL	3558
1166116459515	1	INSTRUCTIONSCROLL	3562
1166116459531	1	INSTRUCTIONSCROLL	3565
1166116459548	1	INSTRUCTIONSCROLL	3568
1166116459565	1	INSTRUCTIONSCROLL	3572
1166116459581	1	INSTRUCTIONSCROLL	3575
1166116459598	1	INSTRUCTIONSCROLL	3578
1166116459615	1	INSTRUCTIONSCROLL	3581
1166116459631	1	INSTRUCTIONSCROLL	3585
1166116459648	1	INSTRUCTIONSCROLL	3588
1166116459665	1	INSTRUCTIONSCROLL	3592
1166116459681	1	INSTRUCTIONSCROLL	3595
1166116459698	1	INSTRUCTIONSCROLL	3598
1166116459714	1	INSTRUCTIONSCROLL	3602
1166116459731	1	INSTRUCTIONSCROLL	3605
1166116459748	1	INSTRUCTIONSCROLL	3608
1166116459764	1	INSTRUCTIONSCROLL	3611
1166116459781	1	INSTRUCTIONSCROLL	3615
1166116459798	1	INSTRUCTIONSCROLL	3618
1166116459814	1	INSTRUCTIONSCROLL	3622
1166116459831	1	INSTRUCTIONSCROLL	3625
1166116459848	1	INSTRUCTIONSCROLL	3628
1166116459865	1	INSTRUCTIONSCROLL	3632
1166116459881	1	INSTRUCTIONSCROLL	3635
1166116459898	1	INSTRUCTIONSCROLL	3638
1166116459914	1	INSTRUCTIONSCROLL	3641
1166116459931	1	INSTRUCTIONSCROLL	3645
1166116459948	1	INSTRUCTIONSCROLL	3648
1166116459964	1	INSTRUCTIONSCROLL	3652
1166116459981	1	INSTRUCTIONSCROLL	3655
1166116459998	1	INSTRUCTIONSCROLL	3658
1166116460015	1	INSTRUCTIONSCROLL	3662
1166116460032	1	INSTRUCTIONSCROLL	3665
1166116460049	1	INSTRUCTIONSCROLL	3668
1166116460065	1	INSTRUCTIONSCROLL	3672
1166116460082	1	INSTRUCTIONSCROLL	3675
1166116460099	1	INSTRUCTIONSCROLL	3678
1166116460115	1	INSTRUCTIONSCROLL	3682
1166116460132	1	INSTRUCTIONSCROLL	3685
1166116460149	1	INSTRUCTIONSCROLL	3688
1166116460165	1	INSTRUCTIONSCROLL	3692
1166116460182	1	INSTRUCTIONSCROLL	3695
1166116460199	1	INSTRUCTIONSCROLL	3698
1166116460215	1	INSTRUCTIONSCROLL	3702
1166116460232	1	INSTRUCTIONSCROLL	3705
1166116460249	1	INSTRUCTIONSCROLL	3708
1166116460265	1	INSTRUCTIONSCROLL	3712
1166116460282	1	INSTRUCTIONSCROLL	3715
1166116460299	1	INSTRUCTIONSCROLL	3718
1166116460315	1	INSTRUCTIONSCROLL	3722
1166116460332	1	INSTRUCTIONSCROLL	3725
1166116460349	1	INSTRUCTIONSCROLL	3728
1166116460365	1	INSTRUCTIONSCROLL	3732
1166116460382	1	INSTRUCTIONSCROLL	3735
1166116460399	1	INSTRUCTIONSCROLL	3738
1166116460415	1	INSTRUCTIONSCROLL	3742
1166116460432	1	INSTRUCTIONSCROLL	3745
1166116460449	1	INSTRUCTIONSCROLL	3748
1166116460465	1	INSTRUCTIONSCROLL	3752
1166116460482	1	INSTRUCTIONSCROLL	3755
1166116460498	1	INSTRUCTIONSCROLL	3758
1166116460514	1	INSTRUCTIONSCROLL	3761
1166116460531	1	INSTRUCTIONSCROLL	3765
1166116460548	1	INSTRUCTIONSCROLL	3768
1166116460564	1	INSTRUCTIONSCROLL	3771
1166116460581	1	INSTRUCTIONSCROLL	3775
1166116460598	1	INSTRUCTIONSCROLL	3778
1166116460614	1	INSTRUCTIONSCROLL	3781
1166116460631	1	INSTRUCTIONSCROLL	3785
1166116460648	1	INSTRUCTIONSCROLL	3788
1166116460664	1	INSTRUCTIONSCROLL	3791
1166116460681	1	INSTRUCTIONSCROLL	3795
1166116460698	1	INSTRUCTIONSCROLL	3798
1166116460714	1	INSTRUCTIONSCROLL	3801
1166116460731	1	INSTRUCTIONSCROLL	3805
1166116460748	1	INSTRUCTIONSCROLL	3808
1166116460764	1	INSTRUCTIONSCROLL	3811
1166116460781	1	INSTRUCTIONSCROLL	3815
1166116460797	1	INSTRUCTIONSCROLL	3818
1166116460814	1	INSTRUCTIONSCROLL	3821
1166116460831	1	INSTRUCTIONSCROLL	3825
1166116460847	1	INSTRUCTIONSCROLL	3828
1166116460864	1	INSTRUCTIONSCROLL	3831
1166116460881	1	INSTRUCTIONSCROLL	3835
1166116460897	1	INSTRUCTIONSCROLL	3838
1166116460914	1	INSTRUCTIONSCROLL	3841
1166116460931	1	INSTRUCTIONSCROLL	3845
1166116460947	1	INSTRUCTIONSCROLL	3848
1166116460965	1	INSTRUCTIONSCROLL	3851
1166116460981	1	INSTRUCTIONSCROLL	3855
1166116460997	1	INSTRUCTIONSCROLL	3858
1166116461015	1	INSTRUCTIONSCROLL	3861
1166116461032	1	INSTRUCTIONSCROLL	3865
1166116461048	1	INSTRUCTIONSCROLL	3868
1166116461065	1	INSTRUCTIONSCROLL	3872
1166116461082	1	INSTRUCTIONSCROLL	3875
1166116461098	1	INSTRUCTIONSCROLL	3878
1166116461115	1	INSTRUCTIONSCROLL	3882
1166116461132	1	INSTRUCTIONSCROLL	3885
1166116461148	1	INSTRUCTIONSCROLL	3888
1166116461165	1	INSTRUCTIONSCROLL	3892
1166116461182	1	INSTRUCTIONSCROLL	3895
1166116461198	1	INSTRUCTIONSCROLL	3898
1166116461215	1	INSTRUCTIONSCROLL	3902
1166116461232	1	INSTRUCTIONSCROLL	3905
1166116461248	1	INSTRUCTIONSCROLL	3908
1166116461265	1	INSTRUCTIONSCROLL	3912
1166116461282	1	INSTRUCTIONSCROLL	3915
1166116461298	1	INSTRUCTIONSCROLL	3918
1166116461315	1	INSTRUCTIONSCROLL	3922
1166116461332	1	INSTRUCTIONSCROLL	3925
1166116461348	1	INSTRUCTIONSCROLL	3928
1166116461365	1	INSTRUCTIONSCROLL	3932
1166116461382	1	INSTRUCTIONSCROLL	3935
1166116461398	1	INSTRUCTIONSCROLL	3938
1166116461415	1	INSTRUCTIONSCROLL	3942
1166116461432	1	INSTRUCTIONSCROLL	3945
1166116461448	1	INSTRUCTIONSCROLL	3948
1166116461465	1	INSTRUCTIONSCROLL	3952
1166116461482	1	INSTRUCTIONSCROLL	3955
1166116461497	1	INSTRUCTIONSCROLL	3958
1166116461514	1	INSTRUCTIONSCROLL	3961
1166116461531	1	INSTRUCTIONSCROLL	3965
1166116461547	1	INSTRUCTIONSCROLL	3968
1166116461564	1	INSTRUCTIONSCROLL	3971
1166116461581	1	INSTRUCTIONSCROLL	3975
1166116461597	1	INSTRUCTIONSCROLL	3978
1166116461614	1	INSTRUCTIONSCROLL	3981
1166116461631	1	INSTRUCTIONSCROLL	3985
1166116461647	1	INSTRUCTIONSCROLL	3988
1166116461664	1	INSTRUCTIONSCROLL	3991
1166116461680	1	INSTRUCTIONSCROLL	3995
1166116461697	1	INSTRUCTIONSCROLL	3998
1166116461714	1	INSTRUCTIONSCROLL	4001
1166116461731	1	INSTRUCTIONSCROLL	4005
1166116461747	1	INSTRUCTIONSCROLL	4008
1166116461764	1	INSTRUCTIONSCROLL	4011
1166116461780	1	INSTRUCTIONSCROLL	4015
1166116461797	1	INSTRUCTIONSCROLL	4018
1166116461814	1	INSTRUCTIONSCROLL	4021
1166116461830	1	INSTRUCTIONSCROLL	4025
1166116461847	1	INSTRUCTIONSCROLL	4028
1166116461864	1	INSTRUCTIONSCROLL	4031
1166116461880	1	INSTRUCTIONSCROLL	4035
1166116461897	1	INSTRUCTIONSCROLL	4038
1166116461914	1	INSTRUCTIONSCROLL	4041
1166116461930	1	INSTRUCTIONSCROLL	4045
1166116461947	1	INSTRUCTIONSCROLL	4048
1166116461964	1	INSTRUCTIONSCROLL	4051
1166116461980	1	INSTRUCTIONSCROLL	4055
1166116461997	1	INSTRUCTIONSCROLL	4058
1166116462015	1	INSTRUCTIONSCROLL	4061
1166116462031	1	INSTRUCTIONSCROLL	4065
1166116462048	1	INSTRUCTIONSCROLL	4068
1166116462065	1	INSTRUCTIONSCROLL	4072
1166116462081	1	INSTRUCTIONSCROLL	4075
1166116462098	1	INSTRUCTIONSCROLL	4078
1166116462115	1	INSTRUCTIONSCROLL	4081
1166116462131	1	INSTRUCTIONSCROLL	4085
1166116462148	1	INSTRUCTIONSCROLL	4088
1166116462165	1	INSTRUCTIONSCROLL	4091
1166116462181	1	INSTRUCTIONSCROLL	4095
1166116462198	1	INSTRUCTIONSCROLL	4098
1166116462215	1	INSTRUCTIONSCROLL	4102
1166116462231	1	INSTRUCTIONSCROLL	4105
1166116462248	1	INSTRUCTIONSCROLL	4108
1166116462265	1	INSTRUCTIONSCROLL	4111
1166116462281	1	INSTRUCTIONSCROLL	4115
1166116462298	1	INSTRUCTIONSCROLL	4118
1166116462315	1	INSTRUCTIONSCROLL	4121
1166116462331	1	INSTRUCTIONSCROLL	4125
1166116462348	1	INSTRUCTIONSCROLL	4128
1166116462365	1	INSTRUCTIONSCROLL	4132
1166116462381	1	INSTRUCTIONSCROLL	4135
1166116462398	1	INSTRUCTIONSCROLL	4138
1166116462415	1	INSTRUCTIONSCROLL	4141
1166116462431	1	INSTRUCTIONSCROLL	4145
1166116462448	1	INSTRUCTIONSCROLL	4148
1166116462465	1	INSTRUCTIONSCROLL	4151
1166116462481	1	INSTRUCTIONSCROLL	4155
1166116462497	1	INSTRUCTIONSCROLL	4158
1166116462514	1	INSTRUCTIONSCROLL	4161
1166116462530	1	INSTRUCTIONSCROLL	4165
1166116462547	1	INSTRUCTIONSCROLL	4168
1166116462564	1	INSTRUCTIONSCROLL	4171
1166116462580	1	INSTRUCTIONSCROLL	4175
1166116462597	1	INSTRUCTIONSCROLL	4178
1166116462614	1	INSTRUCTIONSCROLL	4181
1166116462630	1	INSTRUCTIONSCROLL	4185
1166116462647	1	INSTRUCTIONSCROLL	4188
1166116464546	1	INSTRUCTIONSCROLL	4189
1166116464563	1	INSTRUCTIONSCROLL	4190
1166116464580	1	INSTRUCTIONSCROLL	4194
1166116464596	1	INSTRUCTIONSCROLL	4197
1166116465014	1	INSTRUCTIONSCROLL	4198
1166116465030	1	INSTRUCTIONSCROLL	4200
1166116465064	1	INSTRUCTIONSCROLL	4201
1166116465080	1	INSTRUCTIONSCROLL	4202
1166116465097	1	INSTRUCTIONSCROLL	4205
1166116465114	1	INSTRUCTIONSCROLL	4208
1166116465130	1	INSTRUCTIONSCROLL	4211
1166116465147	1	INSTRUCTIONSCROLL	4215
1166116465164	1	INSTRUCTIONSCROLL	4218
1166116465180	1	INSTRUCTIONSCROLL	4221
1166116465197	1	INSTRUCTIONSCROLL	4225
1166116465214	1	INSTRUCTIONSCROLL	4228
1166116465230	1	INSTRUCTIONSCROLL	4231
1166116465247	1	INSTRUCTIONSCROLL	4235
1166116465264	1	INSTRUCTIONSCROLL	4238
1166116465280	1	INSTRUCTIONSCROLL	4241
1166116465297	1	INSTRUCTIONSCROLL	4245
1166116465314	1	INSTRUCTIONSCROLL	4248
1166116465330	1	INSTRUCTIONSCROLL	4251
1166116465347	1	INSTRUCTIONSCROLL	4255
1166116465364	1	INSTRUCTIONSCROLL	4258
1166116465380	1	INSTRUCTIONSCROLL	4261
1166116465397	1	INSTRUCTIONSCROLL	4265
1166116465414	1	INSTRUCTIONSCROLL	4268
1166116465430	1	INSTRUCTIONSCROLL	4271
1166116465447	1	INSTRUCTIONSCROLL	4275
1166116465464	1	INSTRUCTIONSCROLL	4278
1166116465480	1	INSTRUCTIONSCROLL	4281
1166116465496	1	INSTRUCTIONSCROLL	4285
1166116465513	1	INSTRUCTIONSCROLL	4288
1166116465529	1	INSTRUCTIONSCROLL	4291
1166116465546	1	INSTRUCTIONSCROLL	4295
1166116465563	1	INSTRUCTIONSCROLL	4298
1166116465579	1	INSTRUCTIONSCROLL	4301
1166116465596	1	INSTRUCTIONSCROLL	4305
1166116465613	1	INSTRUCTIONSCROLL	4308
1166116465629	1	INSTRUCTIONSCROLL	4311
1166116465646	1	INSTRUCTIONSCROLL	4315
1166116465663	1	INSTRUCTIONSCROLL	4318
1166116465679	1	INSTRUCTIONSCROLL	4321
1166116465696	1	INSTRUCTIONSCROLL	4325
1166116465713	1	INSTRUCTIONSCROLL	4328
1166116465729	1	INSTRUCTIONSCROLL	4331
1166116465746	1	INSTRUCTIONSCROLL	4335
1166116465763	1	INSTRUCTIONSCROLL	4338
1166116465779	1	INSTRUCTIONSCROLL	4341
1166116465796	1	INSTRUCTIONSCROLL	4345
1166116465813	1	INSTRUCTIONSCROLL	4348
1166116465829	1	INSTRUCTIONSCROLL	4351
1166116465846	1	INSTRUCTIONSCROLL	4355
1166116465863	1	INSTRUCTIONSCROLL	4358
1166116465879	1	INSTRUCTIONSCROLL	4361
1166116465896	1	INSTRUCTIONSCROLL	4365
1166116465913	1	INSTRUCTIONSCROLL	4368
1166116465929	1	INSTRUCTIONSCROLL	4371
1166116465946	1	INSTRUCTIONSCROLL	4374
1166116465963	1	INSTRUCTIONSCROLL	4378
1166116465979	1	INSTRUCTIONSCROLL	4381
1166116465996	1	INSTRUCTIONSCROLL	4385
1166116466013	1	INSTRUCTIONSCROLL	4388
1166116466030	1	INSTRUCTIONSCROLL	4391
1166116466047	1	INSTRUCTIONSCROLL	4395
1166116466063	1	INSTRUCTIONSCROLL	4398
1166116466080	1	INSTRUCTIONSCROLL	4401
1166116466097	1	INSTRUCTIONSCROLL	4405
1166116466113	1	INSTRUCTIONSCROLL	4408
1166116466130	1	INSTRUCTIONSCROLL	4411
1166116466147	1	INSTRUCTIONSCROLL	4415
1166116466163	1	INSTRUCTIONSCROLL	4418
1166116466180	1	INSTRUCTIONSCROLL	4421
1166116466197	1	INSTRUCTIONSCROLL	4425
1166116466213	1	INSTRUCTIONSCROLL	4428
1166116466230	1	INSTRUCTIONSCROLL	4431
1166116466247	1	INSTRUCTIONSCROLL	4435
1166116466263	1	INSTRUCTIONSCROLL	4438
1166116466280	1	INSTRUCTIONSCROLL	4441
1166116466297	1	INSTRUCTIONSCROLL	4445
1166116466313	1	INSTRUCTIONSCROLL	4448
1166116466330	1	INSTRUCTIONSCROLL	4451
1166116466347	1	INSTRUCTIONSCROLL	4455
1166116466363	1	INSTRUCTIONSCROLL	4458
1166116466380	1	INSTRUCTIONSCROLL	4461
1166116466397	1	INSTRUCTIONSCROLL	4465
1166116466413	1	INSTRUCTIONSCROLL	4468
1166116466430	1	INSTRUCTIONSCROLL	4471
1166116466447	1	INSTRUCTIONSCROLL	4475
1166116466463	1	INSTRUCTIONSCROLL	4478
1166116466480	1	INSTRUCTIONSCROLL	4481
1166116466496	1	INSTRUCTIONSCROLL	4485
1166116466512	1	INSTRUCTIONSCROLL	4488
1166116466529	1	INSTRUCTIONSCROLL	4491
1166116466546	1	INSTRUCTIONSCROLL	4494
1166116466562	1	INSTRUCTIONSCROLL	4498
1166116466579	1	INSTRUCTIONSCROLL	4501
1166116466596	1	INSTRUCTIONSCROLL	4505
1166116466612	1	INSTRUCTIONSCROLL	4508
1166116466629	1	INSTRUCTIONSCROLL	4511
1166116466646	1	INSTRUCTIONSCROLL	4514
1166116466662	1	INSTRUCTIONSCROLL	4518
1166116466679	1	INSTRUCTIONSCROLL	4521
1166116466696	1	INSTRUCTIONSCROLL	4524
1166116466712	1	INSTRUCTIONSCROLL	4528
1166116466729	1	INSTRUCTIONSCROLL	4531
1166116466746	1	INSTRUCTIONSCROLL	4535
1166116466762	1	INSTRUCTIONSCROLL	4538
1166116466779	1	INSTRUCTIONSCROLL	4541
1166116466796	1	INSTRUCTIONSCROLL	4544
1166116466812	1	INSTRUCTIONSCROLL	4548
1166116466829	1	INSTRUCTIONSCROLL	4551
1166116466846	1	INSTRUCTIONSCROLL	4554
1166116466862	1	INSTRUCTIONSCROLL	4558
1166116466879	1	INSTRUCTIONSCROLL	4561
1166116466896	1	INSTRUCTIONSCROLL	4565
1166116466912	1	INSTRUCTIONSCROLL	4568
1166116466929	1	INSTRUCTIONSCROLL	4571
1166116466945	1	INSTRUCTIONSCROLL	4574
1166116466962	1	INSTRUCTIONSCROLL	4578
1166116466979	1	INSTRUCTIONSCROLL	4581
1166116466995	1	INSTRUCTIONSCROLL	4584
1166116467013	1	INSTRUCTIONSCROLL	4588
1166116467030	1	INSTRUCTIONSCROLL	4591
1166116467046	1	INSTRUCTIONSCROLL	4595
1166116467063	1	INSTRUCTIONSCROLL	4598
1166116467080	1	INSTRUCTIONSCROLL	4601
1166116467097	1	INSTRUCTIONSCROLL	4605
1166116467113	1	INSTRUCTIONSCROLL	4608
1166116467130	1	INSTRUCTIONSCROLL	4611
1166116467146	1	INSTRUCTIONSCROLL	4615
1166116467163	1	INSTRUCTIONSCROLL	4618
1166116467180	1	INSTRUCTIONSCROLL	4621
1166116467196	1	INSTRUCTIONSCROLL	4625
1166116467213	1	INSTRUCTIONSCROLL	4628
1166116467230	1	INSTRUCTIONSCROLL	4631
1166116467246	1	INSTRUCTIONSCROLL	4635
1166116467263	1	INSTRUCTIONSCROLL	4638
1166116467280	1	INSTRUCTIONSCROLL	4641
1166116467296	1	INSTRUCTIONSCROLL	4645
1166116467313	1	INSTRUCTIONSCROLL	4648
1166116467330	1	INSTRUCTIONSCROLL	4651
1166116467346	1	INSTRUCTIONSCROLL	4655
1166116467363	1	INSTRUCTIONSCROLL	4658
1166116467380	1	INSTRUCTIONSCROLL	4661
1166116467396	1	INSTRUCTIONSCROLL	4665
1166116467413	1	INSTRUCTIONSCROLL	4668
1166116467430	1	INSTRUCTIONSCROLL	4671
1166116467446	1	INSTRUCTIONSCROLL	4675
1166116467463	1	INSTRUCTIONSCROLL	4678
1166116467480	1	INSTRUCTIONSCROLL	4681
1166116467495	1	INSTRUCTIONSCROLL	4685
1166116467512	1	INSTRUCTIONSCROLL	4688
1166116467529	1	INSTRUCTIONSCROLL	4691
1166116467545	1	INSTRUCTIONSCROLL	4694
1166116467562	1	INSTRUCTIONSCROLL	4698
1166116467579	1	INSTRUCTIONSCROLL	4701
1166116467595	1	INSTRUCTIONSCROLL	4704
1166116467612	1	INSTRUCTIONSCROLL	4708
1166116467629	1	INSTRUCTIONSCROLL	4711
1166116467645	1	INSTRUCTIONSCROLL	4714
1166116467662	1	INSTRUCTIONSCROLL	4718
1166116467679	1	INSTRUCTIONSCROLL	4721
1166116467695	1	INSTRUCTIONSCROLL	4724
1166116467712	1	INSTRUCTIONSCROLL	4728
1166116467729	1	INSTRUCTIONSCROLL	4731
1166116467745	1	INSTRUCTIONSCROLL	4734
1166116467762	1	INSTRUCTIONSCROLL	4738
1166116467779	1	INSTRUCTIONSCROLL	4741
1166116467795	1	INSTRUCTIONSCROLL	4744
1166116467812	1	INSTRUCTIONSCROLL	4748
1166116467829	1	INSTRUCTIONSCROLL	4751
1166116467845	1	INSTRUCTIONSCROLL	4754
1166116467862	1	INSTRUCTIONSCROLL	4758
1166116467879	1	INSTRUCTIONSCROLL	4761
1166116467895	1	INSTRUCTIONSCROLL	4764
1166116467912	1	INSTRUCTIONSCROLL	4768
1166116467929	1	INSTRUCTIONSCROLL	4771
1166116467945	1	INSTRUCTIONSCROLL	4774
1166116467963	1	INSTRUCTIONSCROLL	4778
1166116467979	1	INSTRUCTIONSCROLL	4781
1166116467995	1	INSTRUCTIONSCROLL	4784
1166116468013	1	INSTRUCTIONSCROLL	4788
1166116468030	1	INSTRUCTIONSCROLL	4791
1166116468046	1	INSTRUCTIONSCROLL	4795
1166116468063	1	INSTRUCTIONSCROLL	4798
1166116468079	1	INSTRUCTIONSCROLL	4801
1166116468096	1	INSTRUCTIONSCROLL	4805
1166116468113	1	INSTRUCTIONSCROLL	4808
1166116468129	1	INSTRUCTIONSCROLL	4811
1166116468146	1	INSTRUCTIONSCROLL	4815
1166116468163	1	INSTRUCTIONSCROLL	4818
1166116468179	1	INSTRUCTIONSCROLL	4821
1166116468196	1	INSTRUCTIONSCROLL	4825
1166116468213	1	INSTRUCTIONSCROLL	4828
1166116468229	1	INSTRUCTIONSCROLL	4831
1166116468246	1	INSTRUCTIONSCROLL	4835
1166116468263	1	INSTRUCTIONSCROLL	4838
1166116468279	1	INSTRUCTIONSCROLL	4841
1166116468296	1	INSTRUCTIONSCROLL	4845
1166116468313	1	INSTRUCTIONSCROLL	4848
1166116468329	1	INSTRUCTIONSCROLL	4851
1166116468346	1	INSTRUCTIONSCROLL	4855
1166116468363	1	INSTRUCTIONSCROLL	4858
1166116468379	1	INSTRUCTIONSCROLL	4861
1166116468396	1	INSTRUCTIONSCROLL	4865
1166116468413	1	INSTRUCTIONSCROLL	4868
1166116468429	1	INSTRUCTIONSCROLL	4871
1166116468446	1	INSTRUCTIONSCROLL	4875
1166116468463	1	INSTRUCTIONSCROLL	4878
1166116468479	1	INSTRUCTIONSCROLL	4881
1166116472028	1	INSTRUCTIONSCROLL	4882
1166116472045	1	INSTRUCTIONSCROLL	4884
1166116472061	1	INSTRUCTIONSCROLL	4887
1166116472078	1	INSTRUCTIONSCROLL	4890
1166116472095	1	INSTRUCTIONSCROLL	4894
1166116472111	1	INSTRUCTIONSCROLL	4897
1166116472128	1	INSTRUCTIONSCROLL	4900
1166116472145	1	INSTRUCTIONSCROLL	4904
1166116472162	1	INSTRUCTIONSCROLL	4907
1166116472178	1	INSTRUCTIONSCROLL	4910
1166116472494	1	INSTRUCTIONSCROLL	4911
1166116472510	1	INSTRUCTIONSCROLL	4912
1166116472527	1	INSTRUCTIONSCROLL	4915
1166116472544	1	INSTRUCTIONSCROLL	4918
1166116472560	1	INSTRUCTIONSCROLL	4922
1166116472577	1	INSTRUCTIONSCROLL	4925
1166116472827	1	INSTRUCTIONSCROLL	4926
1166116472844	1	INSTRUCTIONSCROLL	4929
1166116472860	1	INSTRUCTIONSCROLL	4933
1166116472877	1	INSTRUCTIONSCROLL	4936
1166116472894	1	INSTRUCTIONSCROLL	4939
1166116472910	1	INSTRUCTIONSCROLL	4943
1166116472927	1	INSTRUCTIONSCROLL	4946
1166116472944	1	INSTRUCTIONSCROLL	4949
1166116473211	1	INSTRUCTIONSCROLL	4950
1166116473228	1	INSTRUCTIONSCROLL	4952
1166116473244	1	INSTRUCTIONSCROLL	4955
1166116473261	1	INSTRUCTIONSCROLL	4958
1166116476592	1	INSTRUCTIONSCROLL	4959
1166116476609	1	INSTRUCTIONSCROLL	4962
1166116476626	1	INSTRUCTIONSCROLL	4965
1166116476642	1	INSTRUCTIONSCROLL	4969
1166116476659	1	INSTRUCTIONSCROLL	4972
1166116476676	1	INSTRUCTIONSCROLL	4975
1166116476692	1	INSTRUCTIONSCROLL	4979
1166116476709	1	INSTRUCTIONSCROLL	4982
1166116476726	1	INSTRUCTIONSCROLL	4985
1166116476742	1	INSTRUCTIONSCROLL	4989
1166116476759	1	INSTRUCTIONSCROLL	4992
1166116476776	1	INSTRUCTIONSCROLL	4995
1166116476792	1	INSTRUCTIONSCROLL	4999
1166116476809	1	INSTRUCTIONSCROLL	5002
1166116476826	1	INSTRUCTIONSCROLL	5005
1166116476842	1	INSTRUCTIONSCROLL	5009
1166116476859	1	INSTRUCTIONSCROLL	5012
1166116476876	1	INSTRUCTIONSCROLL	5015
1166116476892	1	INSTRUCTIONSCROLL	5019
1166116476909	1	INSTRUCTIONSCROLL	5022
1166116476926	1	INSTRUCTIONSCROLL	5025
1166116476942	1	INSTRUCTIONSCROLL	5029
1166116476959	1	INSTRUCTIONSCROLL	5032
1166116476976	1	INSTRUCTIONSCROLL	5035
1166116476992	1	INSTRUCTIONSCROLL	5039
1166116477010	1	INSTRUCTIONSCROLL	5042
1166116477027	1	INSTRUCTIONSCROLL	5045
1166116477043	1	INSTRUCTIONSCROLL	5049
1166116477060	1	INSTRUCTIONSCROLL	5052
1166116477077	1	INSTRUCTIONSCROLL	5055
1166116477093	1	INSTRUCTIONSCROLL	5059
1166116477110	1	INSTRUCTIONSCROLL	5062
1166116477127	1	INSTRUCTIONSCROLL	5066
1166116477143	1	INSTRUCTIONSCROLL	5069
1166116477160	1	INSTRUCTIONSCROLL	5072
1166116477177	1	INSTRUCTIONSCROLL	5075
1166116477193	1	INSTRUCTIONSCROLL	5079
1166116477210	1	INSTRUCTIONSCROLL	5082
1166116477227	1	INSTRUCTIONSCROLL	5085
1166116477243	1	INSTRUCTIONSCROLL	5089
1166116477260	1	INSTRUCTIONSCROLL	5092
1166116477276	1	INSTRUCTIONSCROLL	5096
1166116477293	1	INSTRUCTIONSCROLL	5099
1166116477310	1	INSTRUCTIONSCROLL	5102
1166116477327	1	INSTRUCTIONSCROLL	5105
1166116477343	1	INSTRUCTIONSCROLL	5109
1166116477360	1	INSTRUCTIONSCROLL	5112
1166116477377	1	INSTRUCTIONSCROLL	5115
1166116477393	1	INSTRUCTIONSCROLL	5119
1166116477410	1	INSTRUCTIONSCROLL	5122
1166116477426	1	INSTRUCTIONSCROLL	5126
1166116477443	1	INSTRUCTIONSCROLL	5129
1166116477460	1	INSTRUCTIONSCROLL	5132
1166116477476	1	INSTRUCTIONSCROLL	5135
1166116477493	1	INSTRUCTIONSCROLL	5139
1166116477509	1	INSTRUCTIONSCROLL	5142
1166116477525	1	INSTRUCTIONSCROLL	5145
1166116477542	1	INSTRUCTIONSCROLL	5149
1166116477559	1	INSTRUCTIONSCROLL	5152
1166116477575	1	INSTRUCTIONSCROLL	5155
1166116477592	1	INSTRUCTIONSCROLL	5159
1166116477609	1	INSTRUCTIONSCROLL	5162
1166116477625	1	INSTRUCTIONSCROLL	5165
1166116477642	1	INSTRUCTIONSCROLL	5169
1166116477659	1	INSTRUCTIONSCROLL	5172
1166116477675	1	INSTRUCTIONSCROLL	5175
1166116477692	1	INSTRUCTIONSCROLL	5179
1166116477709	1	INSTRUCTIONSCROLL	5182
1166116477725	1	INSTRUCTIONSCROLL	5185
1166116477742	1	INSTRUCTIONSCROLL	5189
1166116477759	1	INSTRUCTIONSCROLL	5192
1166116477775	1	INSTRUCTIONSCROLL	5195
1166116477792	1	INSTRUCTIONSCROLL	5199
1166116477809	1	INSTRUCTIONSCROLL	5202
1166116477825	1	INSTRUCTIONSCROLL	5205
1166116477842	1	INSTRUCTIONSCROLL	5209
1166116477859	1	INSTRUCTIONSCROLL	5212
1166116477875	1	INSTRUCTIONSCROLL	5215
1166116477892	1	INSTRUCTIONSCROLL	5219
1166116477909	1	INSTRUCTIONSCROLL	5222
1166116477925	1	INSTRUCTIONSCROLL	5225
1166116477942	1	INSTRUCTIONSCROLL	5229
1166116477959	1	INSTRUCTIONSCROLL	5232
1166116477975	1	INSTRUCTIONSCROLL	5235
1166116477992	1	INSTRUCTIONSCROLL	5239
1166116478010	1	INSTRUCTIONSCROLL	5242
1166116478026	1	INSTRUCTIONSCROLL	5245
1166116478043	1	INSTRUCTIONSCROLL	5249
1166116478060	1	INSTRUCTIONSCROLL	5252
1166116478076	1	INSTRUCTIONSCROLL	5255
1166116478093	1	INSTRUCTIONSCROLL	5259
1166116501951	1	INSTRUCTIONSTOP	Button set (OR)
1166116501951	0	E	Logging Ends
