1165939684041	0	B	Logging Begins
1165939684042	0	SESS_START	0
1165939735267	0	TRIAL	1
1165939741827	1	FACE	3828	PRES1_PNNN	Correct	LL1	PP1	Target_PNNN	5	0	PRACTICE
1165939745854	1	FACE	3828	CUE	Correct	LL1	PP1	Target_PNNN	5	0	PRACTICE
1165939749682	0	FACE	3828	RESP	Correct	LL1	PP1	Target_PNNN	5	0	PRACTICE
1165939749716	0	TRIAL	2
1165939753636	1	FACE	4491	PRES1_PNNP	Incorrect	LL1	PP1	Target_PNNP	3	0	PRACTICE
1165939757623	1	FACE	4491	CUE	Incorrect	LL1	PP1	Target_PNNP	3	0	PRACTICE
1165939762114	0	FACE	4491	RESP	Incorrect	LL1	PP1	Target_PNNP	3	0	PRACTICE
1165939762146	0	TRIAL	3
1165939766314	1	FACE	2252	PRES1_PPNP	Incorrect	LL1	PP0	Lure_PPPN	4	0	PRACTICE
1165939770333	1	FACE	2252	CUE	Incorrect	LL1	PP0	Lure_PPPN	4	0	PRACTICE
1165939772585	1	FACE	2252	RESP	Incorrect	LL1	PP0	Lure_PPPN	4	0	PRACTICE
1165939772627	0	TRIAL	4
1165939779845	1	FACE	1721	PRES1_NPNP	Correct	LL1	PP1	Target_NPNP	4	0	PRACTICE
1165939783800	1	FACE	1721	CUE	Correct	LL1	PP1	Target_NPNP	4	0	PRACTICE
1165939785521	0	FACE	1721	RESP	Correct	LL1	PP1	Target_NPNP	4	0	PRACTICE
1165939785556	0	TRIAL	5
1165939788448	1	FACE	1415	PRES1_NPPN	Correct	LL1	PP1	Target_NPPN	4	0	PRACTICE
1165939792250	1	FACE	1415	CUE	Correct	LL1	PP1	Target_NPPN	4	0	PRACTICE
1165939793665	0	FACE	1415	RESP	Correct	LL1	PP1	Target_NPPN	4	0	PRACTICE
1165939793702	0	TRIAL	6
1165939796896	1	FACE	1397	PRES1_NNNN	Incorrect	LL1	PP0	Lure_PNNN	4	0	PRACTICE
1165939800764	1	FACE	1397	CUE	Incorrect	LL1	PP0	Lure_PNNN	4	0	PRACTICE
1165939802161	0	FACE	1397	RESP	Incorrect	LL1	PP0	Lure_PNNN	4	0	PRACTICE
1165939802200	0	TRIAL	7
1165939805172	1	FACE	1046	PRES1_PNPN	Correct	LL1	PP1	Target_PNPN	4	0	PRACTICE
1165939809170	1	FACE	1046	CUE	Correct	LL1	PP1	Target_PNPN	4	0	PRACTICE
1165939810216	0	FACE	1046	RESP	Correct	LL1	PP1	Target_PNPN	4	0	PRACTICE
1165939810247	0	TRIAL	8
1165939813267	1	FACE	1434	PRES1_PPPN	Correct	LL1	PP1	Target_PPPN	4	0	PRACTICE
1165939817230	1	FACE	1434	CUE	Correct	LL1	PP1	Target_PPPN	4	0	PRACTICE
1165939818664	0	FACE	1434	RESP	Correct	LL1	PP1	Target_PPPN	4	0	PRACTICE
1165939818694	0	TRIAL	9
1165939821691	1	FACE	930	PRES1_PPNN	Correct	LL1	PP0	Lure_PNNP	3	0	PRACTICE
1165939825470	1	FACE	930	CUE	Correct	LL1	PP0	Lure_PNNP	3	0	PRACTICE
1165939826400	0	FACE	930	RESP	Correct	LL1	PP0	Lure_PNNP	3	0	PRACTICE
1165939826426	0	TRIAL	10
1165939828986	1	FACE	1225	PRES1_NNPN	Incorrect	LL1	PP0	Lure_NNNN	4	0	PRACTICE
1165939833054	1	FACE	1225	CUE	Incorrect	LL1	PP0	Lure_NNNN	4	0	PRACTICE
1165939834279	0	FACE	1225	RESP	Incorrect	LL1	PP0	Lure_NNNN	4	0	PRACTICE
1165939834307	0	TRIAL	11
1165939837439	1	FACE	1173	PRES1_NNPP	Correct	LL1	PP0	Lure_NPNN	1	0	PRACTICE
1165939841178	1	FACE	1173	CUE	Correct	LL1	PP0	Lure_NPNN	1	0	PRACTICE
1165939842351	0	FACE	1173	RESP	Correct	LL1	PP0	Lure_NPNN	1	0	PRACTICE
1165939842388	0	TRIAL	12
1165939845007	1	FACE	1330	PRES1_NPNN	Correct	LL1	PP0	Lure_PPNN	1	0	PRACTICE
1165939848813	1	FACE	1330	CUE	Correct	LL1	PP0	Lure_PPNN	1	0	PRACTICE
1165939850143	0	FACE	1330	RESP	Correct	LL1	PP0	Lure_PPNN	1	0	PRACTICE
1165939850167	0	TRIAL	13
1165939853017	1	FACE	916	PRES1_NPPP	Correct	LL1	PP1	Target_NPPP	6	0	PRACTICE
1165939856995	1	FACE	916	CUE	Correct	LL1	PP1	Target_NPPP	6	0	PRACTICE
1165939857911	0	FACE	916	RESP	Correct	LL1	PP1	Target_NPPP	6	0	PRACTICE
1165939857948	0	TRIAL	14
1165939860666	1	FACE	1209	PRES1_NNNP	Correct	LL1	PP0	Lure_PPPP	2	0	PRACTICE
1165939864605	1	FACE	1209	CUE	Correct	LL1	PP0	Lure_PPPP	2	0	PRACTICE
1165939865814	0	FACE	1209	RESP	Correct	LL1	PP0	Lure_PPPP	2	0	PRACTICE
1165939865847	0	TRIAL	15
1165939868588	1	FACE	1093	PRES1_NPNP	Correct	LL1	PP0	Lure_NNPN	2	0	PRACTICE
1165939872561	1	FACE	1093	CUE	Correct	LL1	PP0	Lure_NNPN	2	0	PRACTICE
1165939873654	0	FACE	1093	RESP	Correct	LL1	PP0	Lure_NNPN	2	0	PRACTICE
1165939873694	0	TRIAL	16
1165939876359	1	FACE	1074	PRES1_PNNP	Correct	LL1	PP0	Lure_NPPP	2	0	PRACTICE
1165939880172	1	FACE	1074	CUE	Correct	LL1	PP0	Lure_NPPP	2	0	PRACTICE
1165939881246	0	FACE	1074	RESP	Correct	LL1	PP0	Lure_NPPP	2	0	PRACTICE
1165939881274	0	TRIAL	17
1165939884023	1	FACE	1148	PRES1_NNNP	Correct	LL1	PP1	Target_NNNP	5	0	PRACTICE
1165939887930	1	FACE	1148	CUE	Correct	LL1	PP1	Target_NNNP	5	0	PRACTICE
1165939889078	0	FACE	1148	RESP	Correct	LL1	PP1	Target_NNNP	5	0	PRACTICE
1165939889106	0	TRIAL	18
1165939891780	1	FACE	1668	PRES1_NNPN	Correct	LL1	PP1	Target_NNPN	5	0	PRACTICE
1165939895577	1	FACE	1668	CUE	Correct	LL1	PP1	Target_NNPN	5	0	PRACTICE
1165939897245	0	FACE	1668	RESP	Correct	LL1	PP1	Target_NNPN	5	0	PRACTICE
1165939897269	0	TRIAL	19
1165939900465	1	FACE	1687	PRES1_PNPN	Correct	LL1	PP0	Lure_PPNP	1	0	PRACTICE
1165939904398	1	FACE	1687	CUE	Correct	LL1	PP0	Lure_PPNP	1	0	PRACTICE
1165939906085	0	FACE	1687	RESP	Correct	LL1	PP0	Lure_PPNP	1	0	PRACTICE
1165939906118	0	TRIAL	20
1165939908977	1	FACE	1218	PRES1_PPPN	Correct	LL1	PP0	Lure_PNPP	1	0	PRACTICE
1165939912763	1	FACE	1218	CUE	Correct	LL1	PP0	Lure_PNPP	1	0	PRACTICE
1165939913981	0	FACE	1218	RESP	Correct	LL1	PP0	Lure_PNPP	1	0	PRACTICE
1165939914013	0	TRIAL	21
1165939916867	1	FACE	1324	PRES1_NPNN	Correct	LL1	PP1	Target_NPNN	4	0	PRACTICE
1165939920880	1	FACE	1324	CUE	Correct	LL1	PP1	Target_NPNN	4	0	PRACTICE
1165939922204	0	FACE	1324	RESP	Correct	LL1	PP1	Target_NPNN	4	0	PRACTICE
1165939922245	0	TRIAL	22
1165939925213	1	FACE	1487	PRES1_NNNN	Correct	LL1	PP1	Target_NNNN	5	0	PRACTICE
1165939929261	1	FACE	1487	CUE	Correct	LL1	PP1	Target_NNNN	5	0	PRACTICE
1165939930748	0	FACE	1487	RESP	Correct	LL1	PP1	Target_NNNN	5	0	PRACTICE
1165939930775	0	TRIAL	23
1165939933625	1	FACE	988	PRES1_PPPP	Correct	LL1	PP1	Target_PPPP	5	0	PRACTICE
1165939937600	1	FACE	988	CUE	Correct	LL1	PP1	Target_PPPP	5	0	PRACTICE
1165939938588	0	FACE	988	RESP	Correct	LL1	PP1	Target_PPPP	5	0	PRACTICE
1165939938622	0	TRIAL	24
1165939941648	1	FACE	1146	PRES1_PNPP	Correct	LL1	PP0	Lure_NNPP	2	0	PRACTICE
1165939945698	1	FACE	1146	CUE	Correct	LL1	PP0	Lure_NNPP	2	0	PRACTICE
1165939946844	0	FACE	1146	RESP	Correct	LL1	PP0	Lure_NNPP	2	0	PRACTICE
1165939946870	0	TRIAL	25
1165939949713	1	FACE	1131	PRES1_PPNN	Correct	LL1	PP1	Target_PPNN	6	0	PRACTICE
1165939953672	1	FACE	1131	CUE	Correct	LL1	PP1	Target_PPNN	6	0	PRACTICE
1165939954803	0	FACE	1131	RESP	Correct	LL1	PP1	Target_PPNN	6	0	PRACTICE
1165939954835	0	TRIAL	26
1165939957684	1	FACE	1178	PRES1_NPPN	Correct	LL1	PP0	Lure_NNNP	1	0	PRACTICE
1165939961673	1	FACE	1178	CUE	Correct	LL1	PP0	Lure_NNNP	1	0	PRACTICE
1165939962851	0	FACE	1178	RESP	Correct	LL1	PP0	Lure_NNNP	1	0	PRACTICE
1165939962881	0	TRIAL	27
1165939965673	1	FACE	1344	PRES1_PPPP	Correct	LL1	PP0	Lure_PNPN	2	0	PRACTICE
1165939969459	1	FACE	1344	CUE	Correct	LL1	PP0	Lure_PNPN	2	0	PRACTICE
1165939970803	0	FACE	1344	RESP	Correct	LL1	PP0	Lure_PNPN	2	0	PRACTICE
1165939970830	0	TRIAL	28
1165939973602	1	FACE	989	PRES1_PPNP	Correct	LL1	PP1	Target_PPNP	6	0	PRACTICE
1165939977597	1	FACE	989	CUE	Correct	LL1	PP1	Target_PPNP	6	0	PRACTICE
1165939978586	0	FACE	989	RESP	Correct	LL1	PP1	Target_PPNP	6	0	PRACTICE
1165939978626	0	TRIAL	29
1165939982053	1	FACE	839	PRES1_NPPP	Incorrect	LL1	PP0	Lure_NPNP	5	0	PRACTICE
1165939986083	1	FACE	839	CUE	Incorrect	LL1	PP0	Lure_NPNP	5	0	PRACTICE
1165939986922	0	FACE	839	RESP	Incorrect	LL1	PP0	Lure_NPNP	5	0	PRACTICE
1165939986961	0	TRIAL	30
1165939990376	1	FACE	3014	PRES1_NNPP	Incorrect	LL1	PP1	Target_NNPP	3	0	PRACTICE
1165939994324	1	FACE	3014	CUE	Incorrect	LL1	PP1	Target_NNPP	3	0	PRACTICE
1165939997338	0	FACE	3014	RESP	Incorrect	LL1	PP1	Target_NNPP	3	0	PRACTICE
1165939997370	0	TRIAL	31
1165940000859	1	FACE	1144	PRES1_PNNN	Incorrect	LL1	PP0	Lure_NPPN	4	0	PRACTICE
1165940004649	1	FACE	1144	CUE	Incorrect	LL1	PP0	Lure_NPPN	4	0	PRACTICE
1165940005793	1	FACE	1144	RESP	Incorrect	LL1	PP0	Lure_NPPN	4	0	PRACTICE
1165940005818	0	TRIAL	32
1165940010333	1	FACE	1385	PRES1_PNPP	Correct	LL1	PP1	Target_PNPP	5	0	PRACTICE
1165940014152	1	FACE	1385	CUE	Correct	LL1	PP1	Target_PNPP	5	0	PRACTICE
1165940015537	0	FACE	1385	RESP	Correct	LL1	PP1	Target_PNPP	5	0	PRACTICE
1165940024906	0	TRIAL	1
1165940027827	1	FACE	716	PRES1_PNNN	Correct	LL1	PP1	Target_PNNN	5	0	PRACTICE
1165940031597	1	FACE	716	CUE	Correct	LL1	PP1	Target_PNNN	5	0	PRACTICE
1165940032313	0	FACE	716	RESP	Correct	LL1	PP1	Target_PNNN	5	0	PRACTICE
1165940032342	0	TRIAL	2
1165940035335	1	FACE	1377	PRES1_PNNP	Correct	LL1	PP0	Lure_NNPN	2	0	PRACTICE
1165940039239	1	FACE	1377	CUE	Correct	LL1	PP0	Lure_NNPN	2	0	PRACTICE
1165940040616	0	FACE	1377	RESP	Correct	LL1	PP0	Lure_NNPN	2	0	PRACTICE
1165940040657	0	TRIAL	3
1165940043859	1	FACE	1997	PRES1_PNPN	Incorrect	LL1	PP1	Target_PNPN	3	0	PRACTICE
1165940047819	1	FACE	1997	CUE	Incorrect	LL1	PP1	Target_PNPN	3	0	PRACTICE
1165940049816	0	FACE	1997	RESP	Incorrect	LL1	PP1	Target_PNPN	3	0	PRACTICE
1165940049853	0	TRIAL	4
1165940052933	1	FACE	1319	PRES1_NNNP	Correct	LL1	PP1	Target_NNNP	5	0	PRACTICE
1165940056825	1	FACE	1319	CUE	Correct	LL1	PP1	Target_NNNP	5	0	PRACTICE
1165940058144	0	FACE	1319	RESP	Correct	LL1	PP1	Target_NNNP	5	0	PRACTICE
1165940058184	0	TRIAL	5
1165940060915	1	FACE	1240	PRES1_PPPN	Correct	LL1	PP0	Lure_NPPP	1	0	PRACTICE
1165940064775	1	FACE	1240	CUE	Correct	LL1	PP0	Lure_NPPP	1	0	PRACTICE
1165940066015	0	FACE	1240	RESP	Correct	LL1	PP0	Lure_NPPP	1	0	PRACTICE
1165940066048	0	TRIAL	6
1165940069164	1	FACE	1155	PRES1_NPNN	Correct	LL1	PP1	Target_NPNN	6	0	PRACTICE
1165940073180	1	FACE	1155	CUE	Correct	LL1	PP1	Target_NPNN	6	0	PRACTICE
1165940074335	0	FACE	1155	RESP	Correct	LL1	PP1	Target_NPNN	6	0	PRACTICE
1165940074362	0	TRIAL	7
1165940076953	1	FACE	856	PRES1_NPPP	Correct	LL1	PP1	Target_NPPP	6	0	PRACTICE
1165940080807	1	FACE	856	CUE	Correct	LL1	PP1	Target_NPPP	6	0	PRACTICE
1165940081663	0	FACE	856	RESP	Correct	LL1	PP1	Target_NPPP	6	0	PRACTICE
1165940081693	0	TRIAL	8
1165940084387	1	FACE	975	PRES1_PPPP	Correct	LL1	PP0	Lure_NNPP	1	0	PRACTICE
1165940088295	1	FACE	975	CUE	Correct	LL1	PP0	Lure_NNPP	1	0	PRACTICE
1165940089270	1	FACE	975	RESP	Correct	LL1	PP0	Lure_NNPP	1	0	PRACTICE
1165940089307	0	TRIAL	9
1165940092071	1	FACE	1162	PRES1_PNNN	Correct	LL1	PP0	Lure_NPNN	1	0	PRACTICE
1165940095956	1	FACE	1162	CUE	Correct	LL1	PP0	Lure_NPNN	1	0	PRACTICE
1165940097118	0	FACE	1162	RESP	Correct	LL1	PP0	Lure_NPNN	1	0	PRACTICE
1165940097154	0	TRIAL	10
1165940099902	1	FACE	852	PRES1_NPNP	Correct	LL1	PP1	Target_NPNP	6	0	PRACTICE
1165940103930	1	FACE	852	CUE	Correct	LL1	PP1	Target_NPNP	6	0	PRACTICE
1165940104782	0	FACE	852	RESP	Correct	LL1	PP1	Target_NPNP	6	0	PRACTICE
1165940104820	0	TRIAL	11
1165940107362	1	FACE	851	PRES1_PPNP	Correct	LL1	PP1	Target_PPNP	6	0	PRACTICE
1165940111251	1	FACE	851	CUE	Correct	LL1	PP1	Target_PPNP	6	0	PRACTICE
1165940112102	0	FACE	851	RESP	Correct	LL1	PP1	Target_PPNP	6	0	PRACTICE
1165940112133	0	TRIAL	12
1165940115200	1	FACE	1129	PRES1_NPNN	Correct	LL1	PP0	Lure_NPPN	2	0	PRACTICE
1165940119044	1	FACE	1129	CUE	Correct	LL1	PP0	Lure_NPPN	2	0	PRACTICE
1165940120173	0	FACE	1129	RESP	Correct	LL1	PP0	Lure_NPPN	2	0	PRACTICE
1165940120214	0	TRIAL	13
1165940122881	1	FACE	1266	PRES1_PNPP	Incorrect	LL1	PP1	Target_PNPP	2	0	PRACTICE
1165940126811	1	FACE	1266	CUE	Incorrect	LL1	PP1	Target_PNPP	2	0	PRACTICE
1165940128077	0	FACE	1266	RESP	Incorrect	LL1	PP1	Target_PNPP	2	0	PRACTICE
1165940128111	0	TRIAL	14
1165940131240	1	FACE	906	PRES1_NNPP	Correct	LL1	PP1	Target_NNPP	6	0	PRACTICE
1165940135291	1	FACE	906	CUE	Correct	LL1	PP1	Target_NNPP	6	0	PRACTICE
1165940136197	0	FACE	906	RESP	Correct	LL1	PP1	Target_NNPP	6	0	PRACTICE
1165940136228	0	TRIAL	15
1165940138766	1	FACE	1135	PRES1_PPNN	Correct	LL1	PP0	Lure_PPPP	2	0	PRACTICE
1165940142670	1	FACE	1135	CUE	Correct	LL1	PP0	Lure_PPPP	2	0	PRACTICE
1165940143805	0	FACE	1135	RESP	Correct	LL1	PP0	Lure_PPPP	2	0	PRACTICE
1165940143839	0	TRIAL	16
1165940146653	1	FACE	980	PRES1_PPPP	Correct	LL1	PP1	Target_PPPP	5	0	PRACTICE
1165940150632	1	FACE	980	CUE	Correct	LL1	PP1	Target_PPPP	5	0	PRACTICE
1165940151612	0	FACE	980	RESP	Correct	LL1	PP1	Target_PPPP	5	0	PRACTICE
1165940151637	0	TRIAL	17
1165940154670	1	FACE	655	PRES1_PNNP	Correct	LL1	PP1	Target_PNNP	6	0	PRACTICE
1165940158437	1	FACE	655	CUE	Correct	LL1	PP1	Target_PNNP	6	0	PRACTICE
1165940159092	0	FACE	655	RESP	Correct	LL1	PP1	Target_PNNP	6	0	PRACTICE
1165940159118	0	TRIAL	18
1165940162284	1	FACE	910	PRES1_NNPN	Correct	LL1	PP1	Target_NNPN	6	0	PRACTICE
1165940166230	1	FACE	910	CUE	Correct	LL1	PP1	Target_NNPN	6	0	PRACTICE
1165940167140	0	FACE	910	RESP	Correct	LL1	PP1	Target_NNPN	6	0	PRACTICE
1165940167166	0	TRIAL	19
1165940170111	1	FACE	995	PRES1_NPNP	Correct	LL1	PP0	Lure_NNNP	2	0	PRACTICE
1165940173921	1	FACE	995	CUE	Correct	LL1	PP0	Lure_NNNP	2	0	PRACTICE
1165940174916	0	FACE	995	RESP	Correct	LL1	PP0	Lure_NNNP	2	0	PRACTICE
1165940174948	0	TRIAL	20
1165940177656	1	FACE	1168	PRES1_NPPP	Correct	LL1	PP0	Lure_NNNN	1	0	PRACTICE
1165940181435	1	FACE	1168	CUE	Correct	LL1	PP0	Lure_NNNN	1	0	PRACTICE
1165940182603	0	FACE	1168	RESP	Correct	LL1	PP0	Lure_NNNN	1	0	PRACTICE
1165940182644	0	TRIAL	21
1165940185361	1	FACE	841	PRES1_NNNN	Correct	LL1	PP1	Target_NNNN	5	0	PRACTICE
1165940189258	1	FACE	841	CUE	Correct	LL1	PP1	Target_NNNN	5	0	PRACTICE
1165940190099	0	FACE	841	RESP	Correct	LL1	PP1	Target_NNNN	5	0	PRACTICE
1165940190126	0	TRIAL	22
1165940193146	1	FACE	709	PRES1_PNPP	Correct	LL1	PP0	Lure_PPNP	1	0	PRACTICE
1165940197006	1	FACE	709	CUE	Correct	LL1	PP0	Lure_PPNP	1	0	PRACTICE
1165940197715	0	FACE	709	RESP	Correct	LL1	PP0	Lure_PPNP	1	0	PRACTICE
1165940197740	0	TRIAL	23
1165940200399	1	FACE	2321	PRES1_PPNN	Incorrect	LL1	PP1	Target_PPNN	2	0	PRACTICE
1165940204129	1	FACE	2321	CUE	Incorrect	LL1	PP1	Target_PPNN	2	0	PRACTICE
1165940206450	0	FACE	2321	RESP	Incorrect	LL1	PP1	Target_PPNN	2	0	PRACTICE
1165940206486	0	TRIAL	24
1165940209725	1	FACE	795	PRES1_NNPP	Correct	LL1	PP0	Lure_PNPN	1	0	PRACTICE
1165940213519	1	FACE	795	CUE	Correct	LL1	PP0	Lure_PNPN	1	0	PRACTICE
1165940214314	0	FACE	795	RESP	Correct	LL1	PP0	Lure_PNPN	1	0	PRACTICE
1165940214351	0	TRIAL	25
1165940217094	1	FACE	1268	PRES1_NNNN	Correct	LL1	PP0	Lure_PPPN	1	0	PRACTICE
1165940220966	1	FACE	1268	CUE	Correct	LL1	PP0	Lure_PPPN	1	0	PRACTICE
1165940222234	0	FACE	1268	RESP	Correct	LL1	PP0	Lure_PPPN	1	0	PRACTICE
1165940222265	0	TRIAL	26
1165940225102	1	FACE	939	PRES1_NPPN	Correct	LL1	PP0	Lure_NPNP	1	0	PRACTICE
1165940229159	1	FACE	939	CUE	Correct	LL1	PP0	Lure_NPNP	1	0	PRACTICE
1165940230098	0	FACE	939	RESP	Correct	LL1	PP0	Lure_NPNP	1	0	PRACTICE
1165940230130	0	TRIAL	27
1165940232965	1	FACE	1186	PRES1_PNPN	Correct	LL1	PP0	Lure_PNNP	2	0	PRACTICE
1165940236735	1	FACE	1186	CUE	Correct	LL1	PP0	Lure_PNNP	2	0	PRACTICE
1165940237921	0	FACE	1186	RESP	Correct	LL1	PP0	Lure_PNNP	2	0	PRACTICE
1165940237959	0	TRIAL	28
1165940241131	1	FACE	851	PRES1_PPPN	Correct	LL1	PP1	Target_PPPN	6	0	PRACTICE
1165940244894	1	FACE	851	CUE	Correct	LL1	PP1	Target_PPPN	6	0	PRACTICE
1165940245745	0	FACE	851	RESP	Correct	LL1	PP1	Target_PPPN	6	0	PRACTICE
1165940245773	0	TRIAL	29
1165940248487	1	FACE	1135	PRES1_NNPN	Correct	LL1	PP0	Lure_PNPP	2	0	PRACTICE
1165940252458	1	FACE	1135	CUE	Correct	LL1	PP0	Lure_PNPP	2	0	PRACTICE
1165940253593	0	FACE	1135	RESP	Correct	LL1	PP0	Lure_PNPP	2	0	PRACTICE
1165940253625	0	TRIAL	30
1165940256338	1	FACE	933	PRES1_NNNP	Correct	LL1	PP0	Lure_PNNN	1	0	PRACTICE
1165940260155	1	FACE	933	CUE	Correct	LL1	PP0	Lure_PNNN	1	0	PRACTICE
1165940261088	1	FACE	933	RESP	Correct	LL1	PP0	Lure_PNNN	1	0	PRACTICE
1165940261120	0	TRIAL	31
1165940264364	1	FACE	2001	PRES1_PPNP	Correct	LL1	PP0	Lure_PPNN	3	0	PRACTICE
1165940268359	1	FACE	2001	CUE	Correct	LL1	PP0	Lure_PPNN	3	0	PRACTICE
1165940270360	0	FACE	2001	RESP	Correct	LL1	PP0	Lure_PPNN	3	0	PRACTICE
1165940270399	0	TRIAL	32
1165940273115	1	FACE	841	PRES1_NPPN	Correct	LL1	PP1	Target_NPPN	6	0	PRACTICE
1165940276951	1	FACE	841	CUE	Correct	LL1	PP1	Target_NPPN	6	0	PRACTICE
1165940277792	0	FACE	841	RESP	Correct	LL1	PP1	Target_NPPN	6	0	PRACTICE
1165939680994	0	E	Logging Ends
