1165528226705	0	B	Logging Begins
1165528226705	0	INSTRUCTIONSTART	JointRoller	/Library/Frameworks/Python.framework/Versions/2.4/lib/python2.4/site-packages/pyepl/resources/vera.ttf	64	(0, 0, 0)	'In the following experiment, your memory for associating names with faces will be tested.  The task is challenging and requires concentration, so if at any time during the experiment you feel that you need a short break, let the experimenter know.\n\nSixteen faces will be presented on the screen, consecutively, accompanied by their names.  A woman\'s voice will also speak the name when the face appears on the screen.  After five seconds, the face will disappear from the screen, a star (*) will flash on the screen for one second, and then the next face and name will appear.\n\nAfter you have seen all sixteen faces and names, you will be prompted to press any key in order to move on to a testing period.  During each trial of the testing period, you will see a face with name underneath it.  You will have to decide whether or not the face is paired with the appropriate face.  \n\nYou will respond on the keyboard, with a confidence judgment between 1 and 6.  A judgment of 1 indicates that you are near certain that the name given is incorrectly paired with the face, a judgment of 2 indicates moderate confidence, and a judgment of 3 indicates that you think the name is incorrectly paired with the face, but are quite unsure.  A judgment of 6 indicates that you are near certain that the name given is correctly paired with the face, a judgment of 5 indicates moderate confidence, and a judgment of 4 indicates that you think the name is correctly paired with the face, but are quite unsure.\n\nYou should rest your fingers on the bottom row of the keyboard.  "Z", "X", and  "C" will correspond to confidence judgments of 1, 2, and 3, respectively.  ",", ".", and "/" will correspond to confidence judgments of 4, 5, and 6, respectively.\n\nAfter five seconds the name and face will disappear from the screen, a star will flash on the screen for one second, and then the next name and face pair will appear on the screen.  You will see sixteen name-face pairs per test period.  You should try to reply as quickly and accurately as you can.\n\nThere will be ten study periods and ten test periods, alternating.  Each face will have the same name over the entire course of the study, so your task is to try and learn the faces\' names as quickly and accurately as possible.\n\nDo you have any questions?\n\nPress <ENTER> to continue.\n'
1165528226777	1	INSTRUCTIONSCROLL	0
1165528241235	1	INSTRUCTIONSCROLL	1
1165528241251	1	INSTRUCTIONSCROLL	3
1165528241268	1	INSTRUCTIONSCROLL	6
1165528241285	1	INSTRUCTIONSCROLL	10
1165528241301	1	INSTRUCTIONSCROLL	13
1165528241318	1	INSTRUCTIONSCROLL	16
1165528241334	1	INSTRUCTIONSCROLL	20
1165528241351	1	INSTRUCTIONSCROLL	23
1165528241368	1	INSTRUCTIONSCROLL	26
1165528241384	1	INSTRUCTIONSCROLL	29
1165528241401	1	INSTRUCTIONSCROLL	33
1165528241418	1	INSTRUCTIONSCROLL	36
1165528241435	1	INSTRUCTIONSCROLL	40
1165528241451	1	INSTRUCTIONSCROLL	43
1165528241468	1	INSTRUCTIONSCROLL	46
1165528241484	1	INSTRUCTIONSCROLL	50
1165528241501	1	INSTRUCTIONSCROLL	53
1165528241518	1	INSTRUCTIONSCROLL	56
1165528241534	1	INSTRUCTIONSCROLL	60
1165528241551	1	INSTRUCTIONSCROLL	63
1165528241568	1	INSTRUCTIONSCROLL	66
1165528241584	1	INSTRUCTIONSCROLL	70
1165528241601	1	INSTRUCTIONSCROLL	73
1165528241618	1	INSTRUCTIONSCROLL	76
1165528241634	1	INSTRUCTIONSCROLL	80
1165528241651	1	INSTRUCTIONSCROLL	83
1165528241668	1	INSTRUCTIONSCROLL	86
1165528241684	1	INSTRUCTIONSCROLL	90
1165528241701	1	INSTRUCTIONSCROLL	93
1165528241718	1	INSTRUCTIONSCROLL	96
1165528241734	1	INSTRUCTIONSCROLL	100
1165528241751	1	INSTRUCTIONSCROLL	103
1165528241768	1	INSTRUCTIONSCROLL	106
1165528241784	1	INSTRUCTIONSCROLL	110
1165528242134	1	INSTRUCTIONSCROLL	111
1165528242151	1	INSTRUCTIONSCROLL	114
1165528242167	1	INSTRUCTIONSCROLL	117
1165528242184	1	INSTRUCTIONSCROLL	120
1165528242201	1	INSTRUCTIONSCROLL	124
1165528242217	1	INSTRUCTIONSCROLL	127
1165528242234	1	INSTRUCTIONSCROLL	130
1165528242251	1	INSTRUCTIONSCROLL	134
1165528242268	1	INSTRUCTIONSCROLL	137
1165528242284	1	INSTRUCTIONSCROLL	140
1165528242301	1	INSTRUCTIONSCROLL	144
1165528242317	1	INSTRUCTIONSCROLL	147
1165528242334	1	INSTRUCTIONSCROLL	150
1165528242351	1	INSTRUCTIONSCROLL	154
1165528242367	1	INSTRUCTIONSCROLL	157
1165528242384	1	INSTRUCTIONSCROLL	160
1165528242401	1	INSTRUCTIONSCROLL	164
1165528242418	1	INSTRUCTIONSCROLL	167
1165528242434	1	INSTRUCTIONSCROLL	170
1165528242451	1	INSTRUCTIONSCROLL	174
1165528242468	1	INSTRUCTIONSCROLL	177
1165528242484	1	INSTRUCTIONSCROLL	180
1165528242501	1	INSTRUCTIONSCROLL	184
1165528242517	1	INSTRUCTIONSCROLL	187
1165528242534	1	INSTRUCTIONSCROLL	190
1165528242551	1	INSTRUCTIONSCROLL	194
1165528242567	1	INSTRUCTIONSCROLL	197
1165528242584	1	INSTRUCTIONSCROLL	200
1165528242601	1	INSTRUCTIONSCROLL	204
1165528242617	1	INSTRUCTIONSCROLL	207
1165528242634	1	INSTRUCTIONSCROLL	210
1165528242651	1	INSTRUCTIONSCROLL	214
1165528242667	1	INSTRUCTIONSCROLL	217
1165528242684	1	INSTRUCTIONSCROLL	220
1165528242701	1	INSTRUCTIONSCROLL	224
1165528242717	1	INSTRUCTIONSCROLL	227
1165528242734	1	INSTRUCTIONSCROLL	230
1165528242751	1	INSTRUCTIONSCROLL	234
1165528242767	1	INSTRUCTIONSCROLL	237
1165528242784	1	INSTRUCTIONSCROLL	240
1165528242801	1	INSTRUCTIONSCROLL	244
1165528242817	1	INSTRUCTIONSCROLL	247
1165528242834	1	INSTRUCTIONSCROLL	250
1165528242851	1	INSTRUCTIONSCROLL	254
1165528242867	1	INSTRUCTIONSCROLL	257
1165528242884	1	INSTRUCTIONSCROLL	260
1165528242901	1	INSTRUCTIONSCROLL	264
1165528242917	1	INSTRUCTIONSCROLL	267
1165528242934	1	INSTRUCTIONSCROLL	270
1165528242951	1	INSTRUCTIONSCROLL	274
1165528242967	1	INSTRUCTIONSCROLL	277
1165528242983	1	INSTRUCTIONSCROLL	280
1165528243001	1	INSTRUCTIONSCROLL	283
1165528243017	1	INSTRUCTIONSCROLL	287
1165528243034	1	INSTRUCTIONSCROLL	290
1165528243051	1	INSTRUCTIONSCROLL	294
1165528243067	1	INSTRUCTIONSCROLL	297
1165528243084	1	INSTRUCTIONSCROLL	300
1165528243101	1	INSTRUCTIONSCROLL	303
1165528243117	1	INSTRUCTIONSCROLL	307
1165528250565	1	INSTRUCTIONSCROLL	308
1165528250581	1	INSTRUCTIONSCROLL	311
1165528250598	1	INSTRUCTIONSCROLL	314
1165528250615	1	INSTRUCTIONSCROLL	317
1165528250632	1	INSTRUCTIONSCROLL	321
1165528250648	1	INSTRUCTIONSCROLL	324
1165528250665	1	INSTRUCTIONSCROLL	327
1165528250681	1	INSTRUCTIONSCROLL	331
1165528250698	1	INSTRUCTIONSCROLL	334
1165528250715	1	INSTRUCTIONSCROLL	337
1165528250731	1	INSTRUCTIONSCROLL	341
1165528250748	1	INSTRUCTIONSCROLL	344
1165528250765	1	INSTRUCTIONSCROLL	347
1165528250781	1	INSTRUCTIONSCROLL	351
1165528250798	1	INSTRUCTIONSCROLL	354
1165528251981	1	INSTRUCTIONSCROLL	355
1165528251997	1	INSTRUCTIONSCROLL	356
1165528252014	1	INSTRUCTIONSCROLL	359
1165528252031	1	INSTRUCTIONSCROLL	363
1165528252048	1	INSTRUCTIONSCROLL	366
1165528252064	1	INSTRUCTIONSCROLL	370
1165528252081	1	INSTRUCTIONSCROLL	373
1165528252098	1	INSTRUCTIONSCROLL	376
1165528252114	1	INSTRUCTIONSCROLL	380
1165528252131	1	INSTRUCTIONSCROLL	383
1165528252148	1	INSTRUCTIONSCROLL	386
1165528252164	1	INSTRUCTIONSCROLL	390
1165528252181	1	INSTRUCTIONSCROLL	393
1165528252198	1	INSTRUCTIONSCROLL	396
1165528252214	1	INSTRUCTIONSCROLL	400
1165528252231	1	INSTRUCTIONSCROLL	403
1165528252248	1	INSTRUCTIONSCROLL	406
1165528252264	1	INSTRUCTIONSCROLL	410
1165528252281	1	INSTRUCTIONSCROLL	413
1165528252298	1	INSTRUCTIONSCROLL	416
1165528252314	1	INSTRUCTIONSCROLL	420
1165528252331	1	INSTRUCTIONSCROLL	423
1165528252348	1	INSTRUCTIONSCROLL	426
1165528252364	1	INSTRUCTIONSCROLL	430
1165528252381	1	INSTRUCTIONSCROLL	433
1165528252398	1	INSTRUCTIONSCROLL	436
1165528252414	1	INSTRUCTIONSCROLL	440
1165528252431	1	INSTRUCTIONSCROLL	443
1165528252448	1	INSTRUCTIONSCROLL	446
1165528252464	1	INSTRUCTIONSCROLL	450
1165528252481	1	INSTRUCTIONSCROLL	453
1165528252498	1	INSTRUCTIONSCROLL	456
1165528252514	1	INSTRUCTIONSCROLL	460
1165528252531	1	INSTRUCTIONSCROLL	463
1165528252548	1	INSTRUCTIONSCROLL	466
1165528252564	1	INSTRUCTIONSCROLL	470
1165528252581	1	INSTRUCTIONSCROLL	473
1165528252598	1	INSTRUCTIONSCROLL	476
1165528253347	1	INSTRUCTIONSCROLL	477
1165528253364	1	INSTRUCTIONSCROLL	478
1165528253381	1	INSTRUCTIONSCROLL	481
1165528253397	1	INSTRUCTIONSCROLL	485
1165528253414	1	INSTRUCTIONSCROLL	488
1165528253431	1	INSTRUCTIONSCROLL	491
1165528253447	1	INSTRUCTIONSCROLL	495
1165528253464	1	INSTRUCTIONSCROLL	498
1165528253481	1	INSTRUCTIONSCROLL	501
1165528253497	1	INSTRUCTIONSCROLL	505
1165528253514	1	INSTRUCTIONSCROLL	508
1165528253531	1	INSTRUCTIONSCROLL	511
1165528253547	1	INSTRUCTIONSCROLL	515
1165528253564	1	INSTRUCTIONSCROLL	518
1165528253581	1	INSTRUCTIONSCROLL	521
1165528253597	1	INSTRUCTIONSCROLL	525
1165528253614	1	INSTRUCTIONSCROLL	528
1165528253631	1	INSTRUCTIONSCROLL	531
1165528253647	1	INSTRUCTIONSCROLL	535
1165528253664	1	INSTRUCTIONSCROLL	538
1165528253680	1	INSTRUCTIONSCROLL	541
1165528253697	1	INSTRUCTIONSCROLL	545
1165528253714	1	INSTRUCTIONSCROLL	548
1165528268309	1	INSTRUCTIONSCROLL	549
1165528268326	1	INSTRUCTIONSCROLL	552
1165528268342	1	INSTRUCTIONSCROLL	555
1165528268359	1	INSTRUCTIONSCROLL	559
1165528268376	1	INSTRUCTIONSCROLL	562
1165528268392	1	INSTRUCTIONSCROLL	565
1165528268409	1	INSTRUCTIONSCROLL	569
1165528268426	1	INSTRUCTIONSCROLL	572
1165528268442	1	INSTRUCTIONSCROLL	575
1165528268459	1	INSTRUCTIONSCROLL	579
1165528268476	1	INSTRUCTIONSCROLL	582
1165528268492	1	INSTRUCTIONSCROLL	585
1165528268509	1	INSTRUCTIONSCROLL	589
1165528268526	1	INSTRUCTIONSCROLL	592
1165528268542	1	INSTRUCTIONSCROLL	595
1165528268559	1	INSTRUCTIONSCROLL	599
1165528268576	1	INSTRUCTIONSCROLL	602
1165528268592	1	INSTRUCTIONSCROLL	605
1165528268609	1	INSTRUCTIONSCROLL	609
1165528268626	1	INSTRUCTIONSCROLL	612
1165528268642	1	INSTRUCTIONSCROLL	615
1165528268659	1	INSTRUCTIONSCROLL	619
1165528268676	1	INSTRUCTIONSCROLL	622
1165528268692	1	INSTRUCTIONSCROLL	625
1165528268709	1	INSTRUCTIONSCROLL	629
1165528268726	1	INSTRUCTIONSCROLL	632
1165528268742	1	INSTRUCTIONSCROLL	635
1165528268759	1	INSTRUCTIONSCROLL	639
1165528268776	1	INSTRUCTIONSCROLL	642
1165528268792	1	INSTRUCTIONSCROLL	645
1165528268809	1	INSTRUCTIONSCROLL	649
1165528268826	1	INSTRUCTIONSCROLL	652
1165528268842	1	INSTRUCTIONSCROLL	655
1165528268859	1	INSTRUCTIONSCROLL	659
1165528268876	1	INSTRUCTIONSCROLL	662
1165528268892	1	INSTRUCTIONSCROLL	665
1165528268909	1	INSTRUCTIONSCROLL	669
1165528268926	1	INSTRUCTIONSCROLL	672
1165528268942	1	INSTRUCTIONSCROLL	675
1165528268959	1	INSTRUCTIONSCROLL	679
1165528268976	1	INSTRUCTIONSCROLL	682
1165528268991	1	INSTRUCTIONSCROLL	685
1165528269009	1	INSTRUCTIONSCROLL	688
1165528269026	1	INSTRUCTIONSCROLL	692
1165528269042	1	INSTRUCTIONSCROLL	695
1165528269059	1	INSTRUCTIONSCROLL	699
1165528269075	1	INSTRUCTIONSCROLL	702
1165528269092	1	INSTRUCTIONSCROLL	705
1165528269109	1	INSTRUCTIONSCROLL	709
1165528269125	1	INSTRUCTIONSCROLL	712
1165528269142	1	INSTRUCTIONSCROLL	715
1165528269159	1	INSTRUCTIONSCROLL	718
1165528269176	1	INSTRUCTIONSCROLL	722
1165528269192	1	INSTRUCTIONSCROLL	725
1165528269209	1	INSTRUCTIONSCROLL	728
1165528269226	1	INSTRUCTIONSCROLL	732
1165528269242	1	INSTRUCTIONSCROLL	735
1165528269259	1	INSTRUCTIONSCROLL	739
1165528269276	1	INSTRUCTIONSCROLL	742
1165528269292	1	INSTRUCTIONSCROLL	745
1165528269309	1	INSTRUCTIONSCROLL	748
1165528269326	1	INSTRUCTIONSCROLL	752
1165528269342	1	INSTRUCTIONSCROLL	755
1165528269359	1	INSTRUCTIONSCROLL	758
1165528269375	1	INSTRUCTIONSCROLL	762
1165528269392	1	INSTRUCTIONSCROLL	765
1165528269409	1	INSTRUCTIONSCROLL	769
1165528269425	1	INSTRUCTIONSCROLL	772
1165528269442	1	INSTRUCTIONSCROLL	775
1165528269459	1	INSTRUCTIONSCROLL	778
1165528269475	1	INSTRUCTIONSCROLL	782
1165528269492	1	INSTRUCTIONSCROLL	785
1165528269509	1	INSTRUCTIONSCROLL	788
1165528269525	1	INSTRUCTIONSCROLL	792
1165528269542	1	INSTRUCTIONSCROLL	795
1165528269559	1	INSTRUCTIONSCROLL	799
1165528269575	1	INSTRUCTIONSCROLL	802
1165528269592	1	INSTRUCTIONSCROLL	805
1165528269609	1	INSTRUCTIONSCROLL	808
1165528269625	1	INSTRUCTIONSCROLL	812
1165528269642	1	INSTRUCTIONSCROLL	815
1165528269659	1	INSTRUCTIONSCROLL	819
1165528269675	1	INSTRUCTIONSCROLL	822
1165528269692	1	INSTRUCTIONSCROLL	825
1165528269709	1	INSTRUCTIONSCROLL	829
1165528269725	1	INSTRUCTIONSCROLL	832
1165528269742	1	INSTRUCTIONSCROLL	835
1165528269759	1	INSTRUCTIONSCROLL	838
1165528269775	1	INSTRUCTIONSCROLL	842
1165528269792	1	INSTRUCTIONSCROLL	845
1165528269809	1	INSTRUCTIONSCROLL	849
1165528269825	1	INSTRUCTIONSCROLL	852
1165528269842	1	INSTRUCTIONSCROLL	855
1165528269859	1	INSTRUCTIONSCROLL	859
1165528269875	1	INSTRUCTIONSCROLL	862
1165528269892	1	INSTRUCTIONSCROLL	865
1165528269909	1	INSTRUCTIONSCROLL	868
1165528269925	1	INSTRUCTIONSCROLL	872
1165528269942	1	INSTRUCTIONSCROLL	875
1165528269959	1	INSTRUCTIONSCROLL	879
1165528269975	1	INSTRUCTIONSCROLL	882
1165528269991	1	INSTRUCTIONSCROLL	885
1165528270009	1	INSTRUCTIONSCROLL	888
1165528270025	1	INSTRUCTIONSCROLL	892
1165528270042	1	INSTRUCTIONSCROLL	895
1165528270058	1	INSTRUCTIONSCROLL	898
1165528270075	1	INSTRUCTIONSCROLL	902
1165528270092	1	INSTRUCTIONSCROLL	905
1165528270112	1	INSTRUCTIONSCROLL	909
1165528270125	1	INSTRUCTIONSCROLL	913
1165528270142	1	INSTRUCTIONSCROLL	915
1165528270159	1	INSTRUCTIONSCROLL	919
1165528270175	1	INSTRUCTIONSCROLL	922
1165528270192	1	INSTRUCTIONSCROLL	925
1165528270209	1	INSTRUCTIONSCROLL	928
1165528270225	1	INSTRUCTIONSCROLL	932
1165528271158	1	INSTRUCTIONSCROLL	933
1165528271175	1	INSTRUCTIONSCROLL	936
1165528271192	1	INSTRUCTIONSCROLL	939
1165528271208	1	INSTRUCTIONSCROLL	943
1165528271225	1	INSTRUCTIONSCROLL	946
1165528271242	1	INSTRUCTIONSCROLL	949
1165528271258	1	INSTRUCTIONSCROLL	953
1165528271275	1	INSTRUCTIONSCROLL	956
1165528271291	1	INSTRUCTIONSCROLL	959
1165528271308	1	INSTRUCTIONSCROLL	963
1165528271325	1	INSTRUCTIONSCROLL	966
1165528271341	1	INSTRUCTIONSCROLL	969
1165528271358	1	INSTRUCTIONSCROLL	973
1165528271375	1	INSTRUCTIONSCROLL	976
1165528271391	1	INSTRUCTIONSCROLL	979
1165528271408	1	INSTRUCTIONSCROLL	983
1165528271425	1	INSTRUCTIONSCROLL	986
1165528271441	1	INSTRUCTIONSCROLL	989
1165528271458	1	INSTRUCTIONSCROLL	993
1165528271475	1	INSTRUCTIONSCROLL	996
1165528271491	1	INSTRUCTIONSCROLL	999
1165528271508	1	INSTRUCTIONSCROLL	1003
1165528271525	1	INSTRUCTIONSCROLL	1006
1165528271541	1	INSTRUCTIONSCROLL	1009
1165528271558	1	INSTRUCTIONSCROLL	1013
1165528271575	1	INSTRUCTIONSCROLL	1016
1165528271591	1	INSTRUCTIONSCROLL	1019
1165528271608	1	INSTRUCTIONSCROLL	1023
1165528271990	1	INSTRUCTIONSCROLL	1024
1165528272008	1	INSTRUCTIONSCROLL	1025
1165528272025	1	INSTRUCTIONSCROLL	1029
1165528272041	1	INSTRUCTIONSCROLL	1032
1165528272058	1	INSTRUCTIONSCROLL	1036
1165528272075	1	INSTRUCTIONSCROLL	1039
1165528272091	1	INSTRUCTIONSCROLL	1042
1165528272112	1	INSTRUCTIONSCROLL	1046
1165528272125	1	INSTRUCTIONSCROLL	1050
1165528272141	1	INSTRUCTIONSCROLL	1052
1165528272158	1	INSTRUCTIONSCROLL	1055
1165528272175	1	INSTRUCTIONSCROLL	1059
1165528272191	1	INSTRUCTIONSCROLL	1062
1165528272208	1	INSTRUCTIONSCROLL	1066
1165528272224	1	INSTRUCTIONSCROLL	1069
1165528272241	1	INSTRUCTIONSCROLL	1072
1165528272258	1	INSTRUCTIONSCROLL	1075
1165528272274	1	INSTRUCTIONSCROLL	1079
1165528272291	1	INSTRUCTIONSCROLL	1082
1165528272308	1	INSTRUCTIONSCROLL	1086
1165528272325	1	INSTRUCTIONSCROLL	1089
1165528272341	1	INSTRUCTIONSCROLL	1092
1165528272358	1	INSTRUCTIONSCROLL	1095
1165528272374	1	INSTRUCTIONSCROLL	1099
1165528272391	1	INSTRUCTIONSCROLL	1102
1165528272408	1	INSTRUCTIONSCROLL	1106
1165528272424	1	INSTRUCTIONSCROLL	1109
1165528272441	1	INSTRUCTIONSCROLL	1112
1165528272458	1	INSTRUCTIONSCROLL	1115
1165528272474	1	INSTRUCTIONSCROLL	1119
1165528272491	1	INSTRUCTIONSCROLL	1122
1165528272508	1	INSTRUCTIONSCROLL	1126
1165528272524	1	INSTRUCTIONSCROLL	1129
1165528272541	1	INSTRUCTIONSCROLL	1132
1165528272558	1	INSTRUCTIONSCROLL	1136
1165528272574	1	INSTRUCTIONSCROLL	1139
1165528272591	1	INSTRUCTIONSCROLL	1142
1165528272608	1	INSTRUCTIONSCROLL	1145
1165528272624	1	INSTRUCTIONSCROLL	1149
1165528272641	1	INSTRUCTIONSCROLL	1152
1165528272658	1	INSTRUCTIONSCROLL	1155
1165528272674	1	INSTRUCTIONSCROLL	1159
1165528272691	1	INSTRUCTIONSCROLL	1162
1165528272708	1	INSTRUCTIONSCROLL	1166
1165528272724	1	INSTRUCTIONSCROLL	1169
1165528272741	1	INSTRUCTIONSCROLL	1172
1165528272758	1	INSTRUCTIONSCROLL	1175
1165528272774	1	INSTRUCTIONSCROLL	1179
1165528272791	1	INSTRUCTIONSCROLL	1182
1165528272808	1	INSTRUCTIONSCROLL	1185
1165528272824	1	INSTRUCTIONSCROLL	1189
1165528272841	1	INSTRUCTIONSCROLL	1192
1165528272858	1	INSTRUCTIONSCROLL	1196
1165528272874	1	INSTRUCTIONSCROLL	1199
1165528272891	1	INSTRUCTIONSCROLL	1202
1165528272908	1	INSTRUCTIONSCROLL	1205
1165528272924	1	INSTRUCTIONSCROLL	1209
1165528272941	1	INSTRUCTIONSCROLL	1212
1165528272958	1	INSTRUCTIONSCROLL	1215
1165528272974	1	INSTRUCTIONSCROLL	1219
1165528272990	1	INSTRUCTIONSCROLL	1222
1165528273008	1	INSTRUCTIONSCROLL	1225
1165528273024	1	INSTRUCTIONSCROLL	1229
1165528273041	1	INSTRUCTIONSCROLL	1232
1165528273058	1	INSTRUCTIONSCROLL	1235
1165528273074	1	INSTRUCTIONSCROLL	1239
1165528273091	1	INSTRUCTIONSCROLL	1242
1165528273108	1	INSTRUCTIONSCROLL	1245
1165528273124	1	INSTRUCTIONSCROLL	1249
1165528273141	1	INSTRUCTIONSCROLL	1252
1165528273158	1	INSTRUCTIONSCROLL	1256
1165528273174	1	INSTRUCTIONSCROLL	1259
1165528273191	1	INSTRUCTIONSCROLL	1262
1165528273208	1	INSTRUCTIONSCROLL	1265
1165528273224	1	INSTRUCTIONSCROLL	1269
1165528273241	1	INSTRUCTIONSCROLL	1272
1165528273257	1	INSTRUCTIONSCROLL	1275
1165528273274	1	INSTRUCTIONSCROLL	1279
1165528273841	1	INSTRUCTIONSCROLL	1280
1165528273857	1	INSTRUCTIONSCROLL	1282
1165528273874	1	INSTRUCTIONSCROLL	1285
1165528273891	1	INSTRUCTIONSCROLL	1288
1165528273907	1	INSTRUCTIONSCROLL	1292
1165528273924	1	INSTRUCTIONSCROLL	1295
1165528273941	1	INSTRUCTIONSCROLL	1298
1165528273957	1	INSTRUCTIONSCROLL	1302
1165528273974	1	INSTRUCTIONSCROLL	1305
1165528273990	1	INSTRUCTIONSCROLL	1308
1165528274007	1	INSTRUCTIONSCROLL	1312
1165528274024	1	INSTRUCTIONSCROLL	1315
1165528274041	1	INSTRUCTIONSCROLL	1318
1165528274057	1	INSTRUCTIONSCROLL	1322
1165528274074	1	INSTRUCTIONSCROLL	1325
1165528274090	1	INSTRUCTIONSCROLL	1328
1165528274110	1	INSTRUCTIONSCROLL	1332
1165528274124	1	INSTRUCTIONSCROLL	1336
1165528274141	1	INSTRUCTIONSCROLL	1338
1165528274157	1	INSTRUCTIONSCROLL	1342
1165528274174	1	INSTRUCTIONSCROLL	1345
1165528274191	1	INSTRUCTIONSCROLL	1348
1165528274208	1	INSTRUCTIONSCROLL	1352
1165528274224	1	INSTRUCTIONSCROLL	1355
1165528274241	1	INSTRUCTIONSCROLL	1358
1165528274257	1	INSTRUCTIONSCROLL	1362
1165528274274	1	INSTRUCTIONSCROLL	1365
1165528274291	1	INSTRUCTIONSCROLL	1369
1165528274307	1	INSTRUCTIONSCROLL	1372
1165528274324	1	INSTRUCTIONSCROLL	1375
1165528274341	1	INSTRUCTIONSCROLL	1379
1165528274357	1	INSTRUCTIONSCROLL	1382
1165528284654	1	INSTRUCTIONSCROLL	1383
1165528284670	1	INSTRUCTIONSCROLL	1384
1165528284687	1	INSTRUCTIONSCROLL	1388
1165528284704	1	INSTRUCTIONSCROLL	1391
1165528284720	1	INSTRUCTIONSCROLL	1394
1165528284737	1	INSTRUCTIONSCROLL	1398
1165528284754	1	INSTRUCTIONSCROLL	1401
1165528284770	1	INSTRUCTIONSCROLL	1404
1165528284787	1	INSTRUCTIONSCROLL	1408
1165528284804	1	INSTRUCTIONSCROLL	1411
1165528284820	1	INSTRUCTIONSCROLL	1414
1165528284837	1	INSTRUCTIONSCROLL	1418
1165528284854	1	INSTRUCTIONSCROLL	1421
1165528284870	1	INSTRUCTIONSCROLL	1424
1165528284887	1	INSTRUCTIONSCROLL	1428
1165528284904	1	INSTRUCTIONSCROLL	1431
1165528284920	1	INSTRUCTIONSCROLL	1434
1165528284937	1	INSTRUCTIONSCROLL	1438
1165528284954	1	INSTRUCTIONSCROLL	1441
1165528284970	1	INSTRUCTIONSCROLL	1444
1165528284986	1	INSTRUCTIONSCROLL	1448
1165528285004	1	INSTRUCTIONSCROLL	1451
1165528285020	1	INSTRUCTIONSCROLL	1454
1165528285037	1	INSTRUCTIONSCROLL	1458
1165528285054	1	INSTRUCTIONSCROLL	1461
1165528285070	1	INSTRUCTIONSCROLL	1464
1165528285087	1	INSTRUCTIONSCROLL	1468
1165528285104	1	INSTRUCTIONSCROLL	1471
1165528285120	1	INSTRUCTIONSCROLL	1474
1165528285137	1	INSTRUCTIONSCROLL	1478
1165528285154	1	INSTRUCTIONSCROLL	1481
1165528285170	1	INSTRUCTIONSCROLL	1484
1165528285187	1	INSTRUCTIONSCROLL	1488
1165528285204	1	INSTRUCTIONSCROLL	1491
1165528285220	1	INSTRUCTIONSCROLL	1494
1165528285237	1	INSTRUCTIONSCROLL	1498
1165528285254	1	INSTRUCTIONSCROLL	1501
1165528285270	1	INSTRUCTIONSCROLL	1504
1165528285287	1	INSTRUCTIONSCROLL	1508
1165528286520	1	INSTRUCTIONSCROLL	1509
1165528286537	1	INSTRUCTIONSCROLL	1511
1165528286553	1	INSTRUCTIONSCROLL	1514
1165528286570	1	INSTRUCTIONSCROLL	1517
1165528286587	1	INSTRUCTIONSCROLL	1521
1165528286603	1	INSTRUCTIONSCROLL	1524
1165528286620	1	INSTRUCTIONSCROLL	1528
1165528286637	1	INSTRUCTIONSCROLL	1531
1165528286653	1	INSTRUCTIONSCROLL	1534
1165528286670	1	INSTRUCTIONSCROLL	1538
1165528286686	1	INSTRUCTIONSCROLL	1541
1165528286703	1	INSTRUCTIONSCROLL	1544
1165528286720	1	INSTRUCTIONSCROLL	1547
1165528286736	1	INSTRUCTIONSCROLL	1551
1165528286753	1	INSTRUCTIONSCROLL	1554
1165528286770	1	INSTRUCTIONSCROLL	1557
1165528286786	1	INSTRUCTIONSCROLL	1561
1165528286803	1	INSTRUCTIONSCROLL	1564
1165528286820	1	INSTRUCTIONSCROLL	1567
1165528286836	1	INSTRUCTIONSCROLL	1571
1165528286853	1	INSTRUCTIONSCROLL	1574
1165528286870	1	INSTRUCTIONSCROLL	1577
1165528286886	1	INSTRUCTIONSCROLL	1581
1165528286903	1	INSTRUCTIONSCROLL	1584
1165528286920	1	INSTRUCTIONSCROLL	1587
1165528286936	1	INSTRUCTIONSCROLL	1591
1165528286953	1	INSTRUCTIONSCROLL	1594
1165528286970	1	INSTRUCTIONSCROLL	1598
1165528286985	1	INSTRUCTIONSCROLL	1601
1165528287003	1	INSTRUCTIONSCROLL	1604
1165528287020	1	INSTRUCTIONSCROLL	1608
1165528287036	1	INSTRUCTIONSCROLL	1611
1165528287053	1	INSTRUCTIONSCROLL	1614
1165528287070	1	INSTRUCTIONSCROLL	1617
1165528287086	1	INSTRUCTIONSCROLL	1621
1165528287103	1	INSTRUCTIONSCROLL	1624
1165528287120	1	INSTRUCTIONSCROLL	1628
1165528287136	1	INSTRUCTIONSCROLL	1631
1165528287153	1	INSTRUCTIONSCROLL	1634
1165528287170	1	INSTRUCTIONSCROLL	1638
1165528287186	1	INSTRUCTIONSCROLL	1641
1165528287203	1	INSTRUCTIONSCROLL	1644
1165528287220	1	INSTRUCTIONSCROLL	1647
1165528287236	1	INSTRUCTIONSCROLL	1651
1165528287253	1	INSTRUCTIONSCROLL	1654
1165528287270	1	INSTRUCTIONSCROLL	1658
1165528287286	1	INSTRUCTIONSCROLL	1661
1165528287303	1	INSTRUCTIONSCROLL	1664
1165528287320	1	INSTRUCTIONSCROLL	1668
1165528287336	1	INSTRUCTIONSCROLL	1671
1165528287353	1	INSTRUCTIONSCROLL	1674
1165528287370	1	INSTRUCTIONSCROLL	1677
1165528287386	1	INSTRUCTIONSCROLL	1681
1165528287403	1	INSTRUCTIONSCROLL	1684
1165528287420	1	INSTRUCTIONSCROLL	1688
1165528287436	1	INSTRUCTIONSCROLL	1691
1165528287453	1	INSTRUCTIONSCROLL	1694
1165528287470	1	INSTRUCTIONSCROLL	1698
1165528287486	1	INSTRUCTIONSCROLL	1701
1165528287503	1	INSTRUCTIONSCROLL	1704
1165528287520	1	INSTRUCTIONSCROLL	1707
1165528287536	1	INSTRUCTIONSCROLL	1711
1165528287553	1	INSTRUCTIONSCROLL	1714
1165528287570	1	INSTRUCTIONSCROLL	1718
1165528287586	1	INSTRUCTIONSCROLL	1721
1165528287603	1	INSTRUCTIONSCROLL	1724
1165528287620	1	INSTRUCTIONSCROLL	1728
1165528287636	1	INSTRUCTIONSCROLL	1731
1165528287653	1	INSTRUCTIONSCROLL	1734
1165528287670	1	INSTRUCTIONSCROLL	1737
1165528287686	1	INSTRUCTIONSCROLL	1741
1165528287703	1	INSTRUCTIONSCROLL	1744
1165528287719	1	INSTRUCTIONSCROLL	1747
1165528287736	1	INSTRUCTIONSCROLL	1751
1165528287753	1	INSTRUCTIONSCROLL	1754
1165528287770	1	INSTRUCTIONSCROLL	1758
1165528287786	1	INSTRUCTIONSCROLL	1761
1165528287803	1	INSTRUCTIONSCROLL	1764
1165528287819	1	INSTRUCTIONSCROLL	1767
1165528287836	1	INSTRUCTIONSCROLL	1771
1165528287853	1	INSTRUCTIONSCROLL	1774
1165528287869	1	INSTRUCTIONSCROLL	1777
1165528287886	1	INSTRUCTIONSCROLL	1781
1165528287903	1	INSTRUCTIONSCROLL	1784
1165528287919	1	INSTRUCTIONSCROLL	1787
1165528287936	1	INSTRUCTIONSCROLL	1791
1165528287953	1	INSTRUCTIONSCROLL	1794
1165528287969	1	INSTRUCTIONSCROLL	1797
1165528287985	1	INSTRUCTIONSCROLL	1801
1165528288003	1	INSTRUCTIONSCROLL	1804
1165528288019	1	INSTRUCTIONSCROLL	1807
1165528288036	1	INSTRUCTIONSCROLL	1811
1165528288053	1	INSTRUCTIONSCROLL	1814
1165528288069	1	INSTRUCTIONSCROLL	1817
1165528288086	1	INSTRUCTIONSCROLL	1821
1165528288103	1	INSTRUCTIONSCROLL	1824
1165528288119	1	INSTRUCTIONSCROLL	1827
1165528288136	1	INSTRUCTIONSCROLL	1831
1165528288153	1	INSTRUCTIONSCROLL	1834
1165528288169	1	INSTRUCTIONSCROLL	1837
1165528288186	1	INSTRUCTIONSCROLL	1841
1165528288204	1	INSTRUCTIONSCROLL	1844
1165528288219	1	INSTRUCTIONSCROLL	1848
1165528288236	1	INSTRUCTIONSCROLL	1851
1165528288253	1	INSTRUCTIONSCROLL	1854
1165528288269	1	INSTRUCTIONSCROLL	1857
1165528288286	1	INSTRUCTIONSCROLL	1861
1165528288303	1	INSTRUCTIONSCROLL	1864
1165528288319	1	INSTRUCTIONSCROLL	1867
1165528288336	1	INSTRUCTIONSCROLL	1871
1165528288353	1	INSTRUCTIONSCROLL	1874
1165528288369	1	INSTRUCTIONSCROLL	1878
1165528288386	1	INSTRUCTIONSCROLL	1881
1165528288403	1	INSTRUCTIONSCROLL	1884
1165528288419	1	INSTRUCTIONSCROLL	1887
1165528288436	1	INSTRUCTIONSCROLL	1891
1165528288453	1	INSTRUCTIONSCROLL	1894
1165528288469	1	INSTRUCTIONSCROLL	1897
1165528288486	1	INSTRUCTIONSCROLL	1901
1165528288503	1	INSTRUCTIONSCROLL	1904
1165528288519	1	INSTRUCTIONSCROLL	1907
1165528288536	1	INSTRUCTIONSCROLL	1911
1165528288553	1	INSTRUCTIONSCROLL	1914
1165528288569	1	INSTRUCTIONSCROLL	1917
1165528288586	1	INSTRUCTIONSCROLL	1921
1165528288603	1	INSTRUCTIONSCROLL	1924
1165528288619	1	INSTRUCTIONSCROLL	1927
1165528288636	1	INSTRUCTIONSCROLL	1931
1165528288653	1	INSTRUCTIONSCROLL	1934
1165528288669	1	INSTRUCTIONSCROLL	1937
1165528288686	1	INSTRUCTIONSCROLL	1941
1165528288703	1	INSTRUCTIONSCROLL	1944
1165528288719	1	INSTRUCTIONSCROLL	1947
1165528288736	1	INSTRUCTIONSCROLL	1951
1165528288752	1	INSTRUCTIONSCROLL	1954
1165528288769	1	INSTRUCTIONSCROLL	1957
1165528288786	1	INSTRUCTIONSCROLL	1961
1165528288802	1	INSTRUCTIONSCROLL	1964
1165528288819	1	INSTRUCTIONSCROLL	1967
1165528288836	1	INSTRUCTIONSCROLL	1971
1165528288853	1	INSTRUCTIONSCROLL	1974
1165528288869	1	INSTRUCTIONSCROLL	1977
1165528288886	1	INSTRUCTIONSCROLL	1981
1165528288902	1	INSTRUCTIONSCROLL	1984
1165528288919	1	INSTRUCTIONSCROLL	1987
1165528288936	1	INSTRUCTIONSCROLL	1991
1165528288952	1	INSTRUCTIONSCROLL	1994
1165528292468	1	INSTRUCTIONSCROLL	1995
1165528292485	1	INSTRUCTIONSCROLL	1998
1165528292501	1	INSTRUCTIONSCROLL	2001
1165528292518	1	INSTRUCTIONSCROLL	2005
1165528292535	1	INSTRUCTIONSCROLL	2008
1165528292551	1	INSTRUCTIONSCROLL	2011
1165528292568	1	INSTRUCTIONSCROLL	2015
1165528292585	1	INSTRUCTIONSCROLL	2018
1165528292601	1	INSTRUCTIONSCROLL	2021
1165528292618	1	INSTRUCTIONSCROLL	2025
1165528292635	1	INSTRUCTIONSCROLL	2028
1165528292651	1	INSTRUCTIONSCROLL	2031
1165528292668	1	INSTRUCTIONSCROLL	2035
1165528292685	1	INSTRUCTIONSCROLL	2038
1165528292701	1	INSTRUCTIONSCROLL	2041
1165528292718	1	INSTRUCTIONSCROLL	2044
1165528292735	1	INSTRUCTIONSCROLL	2048
1165528292751	1	INSTRUCTIONSCROLL	2051
1165528292768	1	INSTRUCTIONSCROLL	2055
1165528292785	1	INSTRUCTIONSCROLL	2058
1165528292801	1	INSTRUCTIONSCROLL	2061
1165528292818	1	INSTRUCTIONSCROLL	2064
1165528292835	1	INSTRUCTIONSCROLL	2068
1165528292851	1	INSTRUCTIONSCROLL	2071
1165528292868	1	INSTRUCTIONSCROLL	2074
1165528292884	1	INSTRUCTIONSCROLL	2078
1165528292901	1	INSTRUCTIONSCROLL	2081
1165528292918	1	INSTRUCTIONSCROLL	2084
1165528292934	1	INSTRUCTIONSCROLL	2088
1165528292951	1	INSTRUCTIONSCROLL	2091
1165528292968	1	INSTRUCTIONSCROLL	2095
1165528292983	1	INSTRUCTIONSCROLL	2098
1165528293001	1	INSTRUCTIONSCROLL	2101
1165528293018	1	INSTRUCTIONSCROLL	2104
1165528293034	1	INSTRUCTIONSCROLL	2108
1165528293051	1	INSTRUCTIONSCROLL	2111
1165528293068	1	INSTRUCTIONSCROLL	2114
1165528293084	1	INSTRUCTIONSCROLL	2118
1165528293101	1	INSTRUCTIONSCROLL	2121
1165528293118	1	INSTRUCTIONSCROLL	2125
1165528293135	1	INSTRUCTIONSCROLL	2128
1165528293151	1	INSTRUCTIONSCROLL	2131
1165528293168	1	INSTRUCTIONSCROLL	2134
1165528293184	1	INSTRUCTIONSCROLL	2138
1165528293201	1	INSTRUCTIONSCROLL	2141
1165528293218	1	INSTRUCTIONSCROLL	2144
1165528293234	1	INSTRUCTIONSCROLL	2148
1165528293251	1	INSTRUCTIONSCROLL	2151
1165528293268	1	INSTRUCTIONSCROLL	2155
1165528293284	1	INSTRUCTIONSCROLL	2158
1165528293301	1	INSTRUCTIONSCROLL	2161
1165528293318	1	INSTRUCTIONSCROLL	2164
1165528293334	1	INSTRUCTIONSCROLL	2168
1165528293351	1	INSTRUCTIONSCROLL	2171
1165528293368	1	INSTRUCTIONSCROLL	2174
1165528293384	1	INSTRUCTIONSCROLL	2178
1165528293401	1	INSTRUCTIONSCROLL	2181
1165528293418	1	INSTRUCTIONSCROLL	2185
1165528293434	1	INSTRUCTIONSCROLL	2188
1165528293451	1	INSTRUCTIONSCROLL	2191
1165528293468	1	INSTRUCTIONSCROLL	2194
1165528293484	1	INSTRUCTIONSCROLL	2198
1165528293501	1	INSTRUCTIONSCROLL	2201
1165528293518	1	INSTRUCTIONSCROLL	2204
1165528293534	1	INSTRUCTIONSCROLL	2208
1165528293551	1	INSTRUCTIONSCROLL	2211
1165528293568	1	INSTRUCTIONSCROLL	2215
1165528293584	1	INSTRUCTIONSCROLL	2218
1165528293601	1	INSTRUCTIONSCROLL	2221
1165528293618	1	INSTRUCTIONSCROLL	2224
1165528293634	1	INSTRUCTIONSCROLL	2228
1165528293651	1	INSTRUCTIONSCROLL	2231
1165528293668	1	INSTRUCTIONSCROLL	2235
1165528293684	1	INSTRUCTIONSCROLL	2238
1165528293701	1	INSTRUCTIONSCROLL	2241
1165528293718	1	INSTRUCTIONSCROLL	2245
1165528293734	1	INSTRUCTIONSCROLL	2248
1165528293751	1	INSTRUCTIONSCROLL	2251
1165528293767	1	INSTRUCTIONSCROLL	2254
1165528293784	1	INSTRUCTIONSCROLL	2258
1165528293801	1	INSTRUCTIONSCROLL	2261
1165528293817	1	INSTRUCTIONSCROLL	2264
1165528293834	1	INSTRUCTIONSCROLL	2268
1165528293851	1	INSTRUCTIONSCROLL	2271
1165528293867	1	INSTRUCTIONSCROLL	2275
1165528293884	1	INSTRUCTIONSCROLL	2278
1165528293901	1	INSTRUCTIONSCROLL	2281
1165528293918	1	INSTRUCTIONSCROLL	2284
1165528293934	1	INSTRUCTIONSCROLL	2288
1165528293951	1	INSTRUCTIONSCROLL	2291
1165528293968	1	INSTRUCTIONSCROLL	2295
1165528293983	1	INSTRUCTIONSCROLL	2298
1165528294001	1	INSTRUCTIONSCROLL	2301
1165528294018	1	INSTRUCTIONSCROLL	2304
1165528294034	1	INSTRUCTIONSCROLL	2308
1165528294051	1	INSTRUCTIONSCROLL	2311
1165528294067	1	INSTRUCTIONSCROLL	2314
1165528294084	1	INSTRUCTIONSCROLL	2318
1165528294101	1	INSTRUCTIONSCROLL	2321
1165528294117	1	INSTRUCTIONSCROLL	2324
1165528294134	1	INSTRUCTIONSCROLL	2328
1165528294151	1	INSTRUCTIONSCROLL	2331
1165528294167	1	INSTRUCTIONSCROLL	2335
1165528294184	1	INSTRUCTIONSCROLL	2338
1165528294201	1	INSTRUCTIONSCROLL	2341
1165528294217	1	INSTRUCTIONSCROLL	2344
1165528294234	1	INSTRUCTIONSCROLL	2348
1165528294251	1	INSTRUCTIONSCROLL	2351
1165528294267	1	INSTRUCTIONSCROLL	2355
1165528294284	1	INSTRUCTIONSCROLL	2358
1165528294301	1	INSTRUCTIONSCROLL	2361
1165528294317	1	INSTRUCTIONSCROLL	2365
1165528294334	1	INSTRUCTIONSCROLL	2368
1165528294351	1	INSTRUCTIONSCROLL	2371
1165528294367	1	INSTRUCTIONSCROLL	2374
1165528294384	1	INSTRUCTIONSCROLL	2378
1165528294401	1	INSTRUCTIONSCROLL	2381
1165528294417	1	INSTRUCTIONSCROLL	2384
1165528294434	1	INSTRUCTIONSCROLL	2388
1165528294451	1	INSTRUCTIONSCROLL	2391
1165528294467	1	INSTRUCTIONSCROLL	2394
1165528294484	1	INSTRUCTIONSCROLL	2398
1165528294501	1	INSTRUCTIONSCROLL	2401
1165528294517	1	INSTRUCTIONSCROLL	2404
1165528294534	1	INSTRUCTIONSCROLL	2408
1165528294551	1	INSTRUCTIONSCROLL	2411
1165528294567	1	INSTRUCTIONSCROLL	2415
1165528294584	1	INSTRUCTIONSCROLL	2418
1165528294601	1	INSTRUCTIONSCROLL	2421
1165528294617	1	INSTRUCTIONSCROLL	2424
1165528294634	1	INSTRUCTIONSCROLL	2428
1165528294651	1	INSTRUCTIONSCROLL	2431
1165528294667	1	INSTRUCTIONSCROLL	2434
1165528294684	1	INSTRUCTIONSCROLL	2438
1165528294701	1	INSTRUCTIONSCROLL	2441
1165528294717	1	INSTRUCTIONSCROLL	2444
1165528294734	1	INSTRUCTIONSCROLL	2448
1165528294751	1	INSTRUCTIONSCROLL	2451
1165528294767	1	INSTRUCTIONSCROLL	2454
1165528294784	1	INSTRUCTIONSCROLL	2458
1165528294801	1	INSTRUCTIONSCROLL	2461
1165528294817	1	INSTRUCTIONSCROLL	2464
1165528294834	1	INSTRUCTIONSCROLL	2468
1165528294850	1	INSTRUCTIONSCROLL	2471
1165528294867	1	INSTRUCTIONSCROLL	2474
1165528294884	1	INSTRUCTIONSCROLL	2478
1165528294901	1	INSTRUCTIONSCROLL	2481
1165528294917	1	INSTRUCTIONSCROLL	2484
1165528294934	1	INSTRUCTIONSCROLL	2488
1165528294951	1	INSTRUCTIONSCROLL	2491
1165528294967	1	INSTRUCTIONSCROLL	2494
1165528294983	1	INSTRUCTIONSCROLL	2498
1165528295001	1	INSTRUCTIONSCROLL	2501
1165528295017	1	INSTRUCTIONSCROLL	2504
1165528295034	1	INSTRUCTIONSCROLL	2508
1165528295050	1	INSTRUCTIONSCROLL	2511
1165528295067	1	INSTRUCTIONSCROLL	2514
1165528295084	1	INSTRUCTIONSCROLL	2518
1165528295100	1	INSTRUCTIONSCROLL	2521
1165528295117	1	INSTRUCTIONSCROLL	2524
1165528295134	1	INSTRUCTIONSCROLL	2528
1165528295150	1	INSTRUCTIONSCROLL	2531
1165528295167	1	INSTRUCTIONSCROLL	2534
1165528295184	1	INSTRUCTIONSCROLL	2538
1165528295201	1	INSTRUCTIONSCROLL	2541
1165528295217	1	INSTRUCTIONSCROLL	2545
1165528295234	1	INSTRUCTIONSCROLL	2548
1165528295250	1	INSTRUCTIONSCROLL	2551
1165528295267	1	INSTRUCTIONSCROLL	2554
1165528295284	1	INSTRUCTIONSCROLL	2558
1165528295300	1	INSTRUCTIONSCROLL	2561
1165528295317	1	INSTRUCTIONSCROLL	2564
1165528295334	1	INSTRUCTIONSCROLL	2568
1165528295350	1	INSTRUCTIONSCROLL	2571
1165528295367	1	INSTRUCTIONSCROLL	2574
1165528295384	1	INSTRUCTIONSCROLL	2578
1165528295400	1	INSTRUCTIONSCROLL	2581
1165528295417	1	INSTRUCTIONSCROLL	2584
1165528295434	1	INSTRUCTIONSCROLL	2588
1165528295450	1	INSTRUCTIONSCROLL	2591
1165528295467	1	INSTRUCTIONSCROLL	2594
1165528295484	1	INSTRUCTIONSCROLL	2598
1165528295500	1	INSTRUCTIONSCROLL	2601
1165528295517	1	INSTRUCTIONSCROLL	2604
1165528295534	1	INSTRUCTIONSCROLL	2608
1165528295550	1	INSTRUCTIONSCROLL	2611
1165528295567	1	INSTRUCTIONSCROLL	2614
1165528295584	1	INSTRUCTIONSCROLL	2618
1165528295600	1	INSTRUCTIONSCROLL	2621
1165528295617	1	INSTRUCTIONSCROLL	2624
1165528295634	1	INSTRUCTIONSCROLL	2628
1165528295650	1	INSTRUCTIONSCROLL	2631
1165528295667	1	INSTRUCTIONSCROLL	2634
1165528295684	1	INSTRUCTIONSCROLL	2638
1165528295700	1	INSTRUCTIONSCROLL	2641
1165528295717	1	INSTRUCTIONSCROLL	2644
1165528295734	1	INSTRUCTIONSCROLL	2648
1165528295750	1	INSTRUCTIONSCROLL	2651
1165528295767	1	INSTRUCTIONSCROLL	2654
1165528295784	1	INSTRUCTIONSCROLL	2658
1165528295800	1	INSTRUCTIONSCROLL	2661
1165528295817	1	INSTRUCTIONSCROLL	2664
1165528295834	1	INSTRUCTIONSCROLL	2668
1165528295850	1	INSTRUCTIONSCROLL	2671
1165528295867	1	INSTRUCTIONSCROLL	2674
1165528295884	1	INSTRUCTIONSCROLL	2678
1165528295900	1	INSTRUCTIONSCROLL	2681
1165528295917	1	INSTRUCTIONSCROLL	2684
1165528295933	1	INSTRUCTIONSCROLL	2688
1165528295950	1	INSTRUCTIONSCROLL	2691
1165528295967	1	INSTRUCTIONSCROLL	2694
1165528295983	1	INSTRUCTIONSCROLL	2698
1165528295999	1	INSTRUCTIONSCROLL	2701
1165528296017	1	INSTRUCTIONSCROLL	2704
1165528296034	1	INSTRUCTIONSCROLL	2708
1165528296050	1	INSTRUCTIONSCROLL	2711
1165528296067	1	INSTRUCTIONSCROLL	2714
1165528296083	1	INSTRUCTIONSCROLL	2718
1165528296100	1	INSTRUCTIONSCROLL	2721
1165528296117	1	INSTRUCTIONSCROLL	2724
1165528296133	1	INSTRUCTIONSCROLL	2728
1165528296150	1	INSTRUCTIONSCROLL	2731
1165528296167	1	INSTRUCTIONSCROLL	2734
1165528296183	1	INSTRUCTIONSCROLL	2738
1165528296200	1	INSTRUCTIONSCROLL	2741
1165528296217	1	INSTRUCTIONSCROLL	2744
1165528296233	1	INSTRUCTIONSCROLL	2748
1165528296250	1	INSTRUCTIONSCROLL	2751
1165528296267	1	INSTRUCTIONSCROLL	2754
1165528296283	1	INSTRUCTIONSCROLL	2758
1165528296300	1	INSTRUCTIONSCROLL	2761
1165528296317	1	INSTRUCTIONSCROLL	2764
1165528296333	1	INSTRUCTIONSCROLL	2768
1165528296350	1	INSTRUCTIONSCROLL	2771
1165528296367	1	INSTRUCTIONSCROLL	2774
1165528296383	1	INSTRUCTIONSCROLL	2778
1165528296400	1	INSTRUCTIONSCROLL	2781
1165528296417	1	INSTRUCTIONSCROLL	2784
1165528296433	1	INSTRUCTIONSCROLL	2788
1165528296450	1	INSTRUCTIONSCROLL	2791
1165528296467	1	INSTRUCTIONSCROLL	2794
1165528296483	1	INSTRUCTIONSCROLL	2798
1165528296500	1	INSTRUCTIONSCROLL	2801
1165528296517	1	INSTRUCTIONSCROLL	2804
1165528296533	1	INSTRUCTIONSCROLL	2808
1165528296550	1	INSTRUCTIONSCROLL	2811
1165528296567	1	INSTRUCTIONSCROLL	2814
1165528296583	1	INSTRUCTIONSCROLL	2818
1165528296600	1	INSTRUCTIONSCROLL	2821
1165528296617	1	INSTRUCTIONSCROLL	2824
1165528296633	1	INSTRUCTIONSCROLL	2828
1165528296650	1	INSTRUCTIONSCROLL	2831
1165528296667	1	INSTRUCTIONSCROLL	2834
1165528296683	1	INSTRUCTIONSCROLL	2838
1165528296700	1	INSTRUCTIONSCROLL	2841
1165528296717	1	INSTRUCTIONSCROLL	2844
1165528296733	1	INSTRUCTIONSCROLL	2848
1165528296750	1	INSTRUCTIONSCROLL	2851
1165528296767	1	INSTRUCTIONSCROLL	2854
1165528296783	1	INSTRUCTIONSCROLL	2858
1165528296800	1	INSTRUCTIONSCROLL	2861
1165528296817	1	INSTRUCTIONSCROLL	2864
1165528296833	1	INSTRUCTIONSCROLL	2868
1165528296850	1	INSTRUCTIONSCROLL	2871
1165528296867	1	INSTRUCTIONSCROLL	2874
1165528296883	1	INSTRUCTIONSCROLL	2878
1165528296900	1	INSTRUCTIONSCROLL	2881
1165528296917	1	INSTRUCTIONSCROLL	2884
1165528296933	1	INSTRUCTIONSCROLL	2888
1165528296950	1	INSTRUCTIONSCROLL	2891
1165528296967	1	INSTRUCTIONSCROLL	2894
1165528296983	1	INSTRUCTIONSCROLL	2898
1165528296999	1	INSTRUCTIONSCROLL	2901
1165528297017	1	INSTRUCTIONSCROLL	2904
1165528297033	1	INSTRUCTIONSCROLL	2908
1165528297050	1	INSTRUCTIONSCROLL	2911
1165528297066	1	INSTRUCTIONSCROLL	2914
1165528297083	1	INSTRUCTIONSCROLL	2918
1165528297100	1	INSTRUCTIONSCROLL	2921
1165528297116	1	INSTRUCTIONSCROLL	2924
1165528297133	1	INSTRUCTIONSCROLL	2928
1165528297150	1	INSTRUCTIONSCROLL	2931
1165528297166	1	INSTRUCTIONSCROLL	2934
1165528297183	1	INSTRUCTIONSCROLL	2938
1165528297200	1	INSTRUCTIONSCROLL	2941
1165528297216	1	INSTRUCTIONSCROLL	2944
1165528297233	1	INSTRUCTIONSCROLL	2948
1165528297250	1	INSTRUCTIONSCROLL	2951
1165528297266	1	INSTRUCTIONSCROLL	2954
1165528297283	1	INSTRUCTIONSCROLL	2958
1165528297300	1	INSTRUCTIONSCROLL	2961
1165528297316	1	INSTRUCTIONSCROLL	2964
1165528297333	1	INSTRUCTIONSCROLL	2968
1165528297350	1	INSTRUCTIONSCROLL	2971
1165528297366	1	INSTRUCTIONSCROLL	2974
1165528297383	1	INSTRUCTIONSCROLL	2978
1165528297400	1	INSTRUCTIONSCROLL	2981
1165528297416	1	INSTRUCTIONSCROLL	2984
1165528297433	1	INSTRUCTIONSCROLL	2988
1165528297450	1	INSTRUCTIONSCROLL	2991
1165528297466	1	INSTRUCTIONSCROLL	2994
1165528297483	1	INSTRUCTIONSCROLL	2998
1165528297500	1	INSTRUCTIONSCROLL	3001
1165528297516	1	INSTRUCTIONSCROLL	3004
1165528297533	1	INSTRUCTIONSCROLL	3008
1165528297550	1	INSTRUCTIONSCROLL	3011
1165528297566	1	INSTRUCTIONSCROLL	3014
1165528297583	1	INSTRUCTIONSCROLL	3018
1165528297600	1	INSTRUCTIONSCROLL	3021
1165528297616	1	INSTRUCTIONSCROLL	3024
1165528297633	1	INSTRUCTIONSCROLL	3028
1165528297650	1	INSTRUCTIONSCROLL	3031
1165528297666	1	INSTRUCTIONSCROLL	3034
1165528297683	1	INSTRUCTIONSCROLL	3038
1165528297700	1	INSTRUCTIONSCROLL	3041
1165528297716	1	INSTRUCTIONSCROLL	3044
1165528297733	1	INSTRUCTIONSCROLL	3048
1165528297750	1	INSTRUCTIONSCROLL	3051
1165528297766	1	INSTRUCTIONSCROLL	3054
1165528297783	1	INSTRUCTIONSCROLL	3058
1165528297800	1	INSTRUCTIONSCROLL	3061
1165528297816	1	INSTRUCTIONSCROLL	3064
1165528297833	1	INSTRUCTIONSCROLL	3068
1165528297849	1	INSTRUCTIONSCROLL	3071
1165528297866	1	INSTRUCTIONSCROLL	3074
1165528297883	1	INSTRUCTIONSCROLL	3077
1165528297899	1	INSTRUCTIONSCROLL	3081
1165528297916	1	INSTRUCTIONSCROLL	3084
1165528297933	1	INSTRUCTIONSCROLL	3088
1165528297950	1	INSTRUCTIONSCROLL	3091
1165528297966	1	INSTRUCTIONSCROLL	3094
1165528297983	1	INSTRUCTIONSCROLL	3098
1165528297998	1	INSTRUCTIONSCROLL	3101
1165528298016	1	INSTRUCTIONSCROLL	3104
1165528298033	1	INSTRUCTIONSCROLL	3108
1165528298050	1	INSTRUCTIONSCROLL	3111
1165528298066	1	INSTRUCTIONSCROLL	3114
1165528298083	1	INSTRUCTIONSCROLL	3117
1165528298100	1	INSTRUCTIONSCROLL	3121
1165528298116	1	INSTRUCTIONSCROLL	3124
1165528298133	1	INSTRUCTIONSCROLL	3128
1165528298149	1	INSTRUCTIONSCROLL	3131
1165528298166	1	INSTRUCTIONSCROLL	3134
1165528298183	1	INSTRUCTIONSCROLL	3137
1165528298199	1	INSTRUCTIONSCROLL	3141
1165528298216	1	INSTRUCTIONSCROLL	3144
1165528298233	1	INSTRUCTIONSCROLL	3148
1165528298249	1	INSTRUCTIONSCROLL	3151
1165528298266	1	INSTRUCTIONSCROLL	3154
1165528298283	1	INSTRUCTIONSCROLL	3158
1165528298299	1	INSTRUCTIONSCROLL	3161
1165528298316	1	INSTRUCTIONSCROLL	3164
1165528298333	1	INSTRUCTIONSCROLL	3167
1165528298349	1	INSTRUCTIONSCROLL	3171
1165528298366	1	INSTRUCTIONSCROLL	3174
1165528298383	1	INSTRUCTIONSCROLL	3178
1165528298399	1	INSTRUCTIONSCROLL	3181
1165528298416	1	INSTRUCTIONSCROLL	3184
1165528298433	1	INSTRUCTIONSCROLL	3188
1165528298449	1	INSTRUCTIONSCROLL	3191
1165528298466	1	INSTRUCTIONSCROLL	3194
1165528298483	1	INSTRUCTIONSCROLL	3197
1165528298499	1	INSTRUCTIONSCROLL	3201
1165528298516	1	INSTRUCTIONSCROLL	3204
1165528298533	1	INSTRUCTIONSCROLL	3208
1165528298549	1	INSTRUCTIONSCROLL	3211
1165528298566	1	INSTRUCTIONSCROLL	3214
1165528298583	1	INSTRUCTIONSCROLL	3218
1165528298599	1	INSTRUCTIONSCROLL	3221
1165528298616	1	INSTRUCTIONSCROLL	3224
1165528298633	1	INSTRUCTIONSCROLL	3227
1165528298649	1	INSTRUCTIONSCROLL	3231
1165528298666	1	INSTRUCTIONSCROLL	3234
1165528298683	1	INSTRUCTIONSCROLL	3238
1165528298699	1	INSTRUCTIONSCROLL	3241
1165528298716	1	INSTRUCTIONSCROLL	3244
1165528298733	1	INSTRUCTIONSCROLL	3248
1165528298749	1	INSTRUCTIONSCROLL	3251
1165528298766	1	INSTRUCTIONSCROLL	3254
1165528298783	1	INSTRUCTIONSCROLL	3257
1165528298799	1	INSTRUCTIONSCROLL	3261
1165528298816	1	INSTRUCTIONSCROLL	3264
1165528298833	1	INSTRUCTIONSCROLL	3268
1165528298849	1	INSTRUCTIONSCROLL	3271
1165528298866	1	INSTRUCTIONSCROLL	3274
1165528298883	1	INSTRUCTIONSCROLL	3278
1165528298899	1	INSTRUCTIONSCROLL	3281
1165528298916	1	INSTRUCTIONSCROLL	3284
1165528298932	1	INSTRUCTIONSCROLL	3287
1165528298949	1	INSTRUCTIONSCROLL	3291
1165528298966	1	INSTRUCTIONSCROLL	3294
1165528298983	1	INSTRUCTIONSCROLL	3298
1165528298998	1	INSTRUCTIONSCROLL	3301
1165528299016	1	INSTRUCTIONSCROLL	3304
1165528299033	1	INSTRUCTIONSCROLL	3308
1165528299049	1	INSTRUCTIONSCROLL	3311
1165528299066	1	INSTRUCTIONSCROLL	3314
1165528299083	1	INSTRUCTIONSCROLL	3317
1165528299099	1	INSTRUCTIONSCROLL	3321
1165528299116	1	INSTRUCTIONSCROLL	3324
1165528299133	1	INSTRUCTIONSCROLL	3327
1165528299149	1	INSTRUCTIONSCROLL	3331
1165528299166	1	INSTRUCTIONSCROLL	3334
1165528299183	1	INSTRUCTIONSCROLL	3338
1165528299199	1	INSTRUCTIONSCROLL	3341
1165528299216	1	INSTRUCTIONSCROLL	3344
1165528299233	1	INSTRUCTIONSCROLL	3347
1165528299249	1	INSTRUCTIONSCROLL	3351
1165528299266	1	INSTRUCTIONSCROLL	3354
1165528299282	1	INSTRUCTIONSCROLL	3357
1165528299299	1	INSTRUCTIONSCROLL	3361
1165528299316	1	INSTRUCTIONSCROLL	3364
1165528299332	1	INSTRUCTIONSCROLL	3367
1165528299349	1	INSTRUCTIONSCROLL	3371
1165528299366	1	INSTRUCTIONSCROLL	3374
1165528299382	1	INSTRUCTIONSCROLL	3377
1165528299399	1	INSTRUCTIONSCROLL	3381
1165528299416	1	INSTRUCTIONSCROLL	3384
1165528299432	1	INSTRUCTIONSCROLL	3388
1165528299449	1	INSTRUCTIONSCROLL	3391
1165528299466	1	INSTRUCTIONSCROLL	3394
1165528299482	1	INSTRUCTIONSCROLL	3397
1165528299499	1	INSTRUCTIONSCROLL	3401
1165528299516	1	INSTRUCTIONSCROLL	3404
1165528299532	1	INSTRUCTIONSCROLL	3407
1165528299549	1	INSTRUCTIONSCROLL	3411
1165528299566	1	INSTRUCTIONSCROLL	3414
1165528299582	1	INSTRUCTIONSCROLL	3417
1165528302182	1	INSTRUCTIONSCROLL	3416
1165528302199	1	INSTRUCTIONSCROLL	3413
1165528302215	1	INSTRUCTIONSCROLL	3410
1165528302232	1	INSTRUCTIONSCROLL	3407
1165528302248	1	INSTRUCTIONSCROLL	3403
1165528302265	1	INSTRUCTIONSCROLL	3400
1165528302281	1	INSTRUCTIONSCROLL	3397
1165528302298	1	INSTRUCTIONSCROLL	3393
1165528302315	1	INSTRUCTIONSCROLL	3390
1165528302332	1	INSTRUCTIONSCROLL	3387
1165528302348	1	INSTRUCTIONSCROLL	3383
1165528302365	1	INSTRUCTIONSCROLL	3380
1165528302381	1	INSTRUCTIONSCROLL	3377
1165528302398	1	INSTRUCTIONSCROLL	3373
1165528302415	1	INSTRUCTIONSCROLL	3370
1165528302431	1	INSTRUCTIONSCROLL	3367
1165528302448	1	INSTRUCTIONSCROLL	3363
1165528302465	1	INSTRUCTIONSCROLL	3360
1165528302481	1	INSTRUCTIONSCROLL	3357
1165528304048	1	INSTRUCTIONSCROLL	3358
1165528304064	1	INSTRUCTIONSCROLL	3360
1165528304081	1	INSTRUCTIONSCROLL	3363
1165528304098	1	INSTRUCTIONSCROLL	3366
1165528304114	1	INSTRUCTIONSCROLL	3370
1165528304131	1	INSTRUCTIONSCROLL	3373
1165528304147	1	INSTRUCTIONSCROLL	3376
1165528304164	1	INSTRUCTIONSCROLL	3380
1165528304181	1	INSTRUCTIONSCROLL	3383
1165528304198	1	INSTRUCTIONSCROLL	3386
1165528304214	1	INSTRUCTIONSCROLL	3390
1165528304231	1	INSTRUCTIONSCROLL	3393
1165528304247	1	INSTRUCTIONSCROLL	3396
1165528304264	1	INSTRUCTIONSCROLL	3400
1165528304281	1	INSTRUCTIONSCROLL	3403
1165528304298	1	INSTRUCTIONSCROLL	3406
1165528304314	1	INSTRUCTIONSCROLL	3410
1165528304331	1	INSTRUCTIONSCROLL	3413
1165528304348	1	INSTRUCTIONSCROLL	3416
1165528304364	1	INSTRUCTIONSCROLL	3420
1165528304381	1	INSTRUCTIONSCROLL	3423
1165528304397	1	INSTRUCTIONSCROLL	3426
1165528304414	1	INSTRUCTIONSCROLL	3430
1165528304431	1	INSTRUCTIONSCROLL	3433
1165528304447	1	INSTRUCTIONSCROLL	3436
1165528304464	1	INSTRUCTIONSCROLL	3440
1165528304481	1	INSTRUCTIONSCROLL	3443
1165528304497	1	INSTRUCTIONSCROLL	3446
1165528304514	1	INSTRUCTIONSCROLL	3450
1165528304531	1	INSTRUCTIONSCROLL	3453
1165528304547	1	INSTRUCTIONSCROLL	3456
1165528304564	1	INSTRUCTIONSCROLL	3460
1165528304581	1	INSTRUCTIONSCROLL	3463
1165528304597	1	INSTRUCTIONSCROLL	3466
1165528304614	1	INSTRUCTIONSCROLL	3470
1165528304631	1	INSTRUCTIONSCROLL	3473
1165528304647	1	INSTRUCTIONSCROLL	3476
1165528304664	1	INSTRUCTIONSCROLL	3480
1165528304681	1	INSTRUCTIONSCROLL	3483
1165528304697	1	INSTRUCTIONSCROLL	3486
1165528304714	1	INSTRUCTIONSCROLL	3490
1165528304731	1	INSTRUCTIONSCROLL	3493
1165528304747	1	INSTRUCTIONSCROLL	3496
1165528304764	1	INSTRUCTIONSCROLL	3500
1165528304781	1	INSTRUCTIONSCROLL	3503
1165528304797	1	INSTRUCTIONSCROLL	3506
1165528304814	1	INSTRUCTIONSCROLL	3510
1165528304831	1	INSTRUCTIONSCROLL	3513
1165528304847	1	INSTRUCTIONSCROLL	3516
1165528304864	1	INSTRUCTIONSCROLL	3520
1165528304881	1	INSTRUCTIONSCROLL	3523
1165528304897	1	INSTRUCTIONSCROLL	3526
1165528304914	1	INSTRUCTIONSCROLL	3530
1165528304931	1	INSTRUCTIONSCROLL	3533
1165528304947	1	INSTRUCTIONSCROLL	3536
1165528304964	1	INSTRUCTIONSCROLL	3540
1165528304981	1	INSTRUCTIONSCROLL	3543
1165528304996	1	INSTRUCTIONSCROLL	3546
1165528305014	1	INSTRUCTIONSCROLL	3549
1165528305031	1	INSTRUCTIONSCROLL	3553
1165528305047	1	INSTRUCTIONSCROLL	3556
1165528305064	1	INSTRUCTIONSCROLL	3560
1165528305081	1	INSTRUCTIONSCROLL	3563
1165528305097	1	INSTRUCTIONSCROLL	3566
1165528305114	1	INSTRUCTIONSCROLL	3570
1165528305131	1	INSTRUCTIONSCROLL	3573
1165528305147	1	INSTRUCTIONSCROLL	3576
1165528305164	1	INSTRUCTIONSCROLL	3580
1165528305180	1	INSTRUCTIONSCROLL	3583
1165528305197	1	INSTRUCTIONSCROLL	3586
1165528305214	1	INSTRUCTIONSCROLL	3590
1165528305230	1	INSTRUCTIONSCROLL	3593
1165528305247	1	INSTRUCTIONSCROLL	3596
1165528305264	1	INSTRUCTIONSCROLL	3599
1165528305281	1	INSTRUCTIONSCROLL	3603
1165528305297	1	INSTRUCTIONSCROLL	3606
1165528305314	1	INSTRUCTIONSCROLL	3610
1165528305331	1	INSTRUCTIONSCROLL	3613
1165528305347	1	INSTRUCTIONSCROLL	3616
1165528305364	1	INSTRUCTIONSCROLL	3620
1165528305380	1	INSTRUCTIONSCROLL	3623
1165528305397	1	INSTRUCTIONSCROLL	3626
1165528305414	1	INSTRUCTIONSCROLL	3629
1165528305430	1	INSTRUCTIONSCROLL	3633
1165528305447	1	INSTRUCTIONSCROLL	3636
1165528305464	1	INSTRUCTIONSCROLL	3639
1165528305480	1	INSTRUCTIONSCROLL	3643
1165528305497	1	INSTRUCTIONSCROLL	3646
1165528305514	1	INSTRUCTIONSCROLL	3650
1165528305530	1	INSTRUCTIONSCROLL	3653
1165528305547	1	INSTRUCTIONSCROLL	3656
1165528305564	1	INSTRUCTIONSCROLL	3659
1165528305580	1	INSTRUCTIONSCROLL	3663
1165528305597	1	INSTRUCTIONSCROLL	3666
1165528305614	1	INSTRUCTIONSCROLL	3669
1165528305630	1	INSTRUCTIONSCROLL	3673
1165528305647	1	INSTRUCTIONSCROLL	3676
1165528305664	1	INSTRUCTIONSCROLL	3680
1165528305680	1	INSTRUCTIONSCROLL	3683
1165528305697	1	INSTRUCTIONSCROLL	3686
1165528305714	1	INSTRUCTIONSCROLL	3690
1165528305730	1	INSTRUCTIONSCROLL	3693
1165528305747	1	INSTRUCTIONSCROLL	3696
1165528305764	1	INSTRUCTIONSCROLL	3699
1165528305780	1	INSTRUCTIONSCROLL	3703
1165528305797	1	INSTRUCTIONSCROLL	3706
1165528305814	1	INSTRUCTIONSCROLL	3710
1165528305830	1	INSTRUCTIONSCROLL	3713
1165528305847	1	INSTRUCTIONSCROLL	3716
1165528305864	1	INSTRUCTIONSCROLL	3719
1165528305880	1	INSTRUCTIONSCROLL	3723
1165528305897	1	INSTRUCTIONSCROLL	3726
1165528305914	1	INSTRUCTIONSCROLL	3729
1165528305930	1	INSTRUCTIONSCROLL	3733
1165528305947	1	INSTRUCTIONSCROLL	3736
1165528305964	1	INSTRUCTIONSCROLL	3740
1165528305980	1	INSTRUCTIONSCROLL	3743
1165528305996	1	INSTRUCTIONSCROLL	3746
1165528306014	1	INSTRUCTIONSCROLL	3749
1165528306030	1	INSTRUCTIONSCROLL	3753
1165528306047	1	INSTRUCTIONSCROLL	3756
1165528306064	1	INSTRUCTIONSCROLL	3759
1165528306080	1	INSTRUCTIONSCROLL	3763
1165528306097	1	INSTRUCTIONSCROLL	3766
1165528306114	1	INSTRUCTIONSCROLL	3770
1165528306130	1	INSTRUCTIONSCROLL	3773
1165528306147	1	INSTRUCTIONSCROLL	3776
1165528306164	1	INSTRUCTIONSCROLL	3779
1165528306180	1	INSTRUCTIONSCROLL	3783
1165528306197	1	INSTRUCTIONSCROLL	3786
1165528306214	1	INSTRUCTIONSCROLL	3789
1165528306230	1	INSTRUCTIONSCROLL	3793
1165528306247	1	INSTRUCTIONSCROLL	3796
1165528306264	1	INSTRUCTIONSCROLL	3800
1165528306280	1	INSTRUCTIONSCROLL	3803
1165528306297	1	INSTRUCTIONSCROLL	3806
1165528306313	1	INSTRUCTIONSCROLL	3809
1165528306330	1	INSTRUCTIONSCROLL	3813
1165528306347	1	INSTRUCTIONSCROLL	3816
1165528306364	1	INSTRUCTIONSCROLL	3819
1165528306380	1	INSTRUCTIONSCROLL	3823
1165528306397	1	INSTRUCTIONSCROLL	3826
1165528306414	1	INSTRUCTIONSCROLL	3830
1165528306430	1	INSTRUCTIONSCROLL	3833
1165528306447	1	INSTRUCTIONSCROLL	3836
1165528306463	1	INSTRUCTIONSCROLL	3839
1165528306480	1	INSTRUCTIONSCROLL	3843
1165528306497	1	INSTRUCTIONSCROLL	3846
1165528306513	1	INSTRUCTIONSCROLL	3849
1165528306530	1	INSTRUCTIONSCROLL	3853
1165528306547	1	INSTRUCTIONSCROLL	3856
1165528306563	1	INSTRUCTIONSCROLL	3860
1165528306580	1	INSTRUCTIONSCROLL	3863
1165528306597	1	INSTRUCTIONSCROLL	3866
1165528306613	1	INSTRUCTIONSCROLL	3869
1165528306630	1	INSTRUCTIONSCROLL	3873
1165528306647	1	INSTRUCTIONSCROLL	3876
1165528306663	1	INSTRUCTIONSCROLL	3879
1165528306680	1	INSTRUCTIONSCROLL	3883
1165528306697	1	INSTRUCTIONSCROLL	3886
1165528306713	1	INSTRUCTIONSCROLL	3890
1165528306730	1	INSTRUCTIONSCROLL	3893
1165528306747	1	INSTRUCTIONSCROLL	3896
1165528306763	1	INSTRUCTIONSCROLL	3899
1165528306780	1	INSTRUCTIONSCROLL	3903
1165528306797	1	INSTRUCTIONSCROLL	3906
1165528306813	1	INSTRUCTIONSCROLL	3909
1165528306830	1	INSTRUCTIONSCROLL	3913
1165528306847	1	INSTRUCTIONSCROLL	3916
1165528306863	1	INSTRUCTIONSCROLL	3919
1165528306880	1	INSTRUCTIONSCROLL	3923
1165528306897	1	INSTRUCTIONSCROLL	3926
1165528306913	1	INSTRUCTIONSCROLL	3929
1165528306930	1	INSTRUCTIONSCROLL	3933
1165528306947	1	INSTRUCTIONSCROLL	3936
1165528306963	1	INSTRUCTIONSCROLL	3939
1165528306980	1	INSTRUCTIONSCROLL	3943
1165528306996	1	INSTRUCTIONSCROLL	3946
1165528307013	1	INSTRUCTIONSCROLL	3949
1165528307030	1	INSTRUCTIONSCROLL	3953
1165528307047	1	INSTRUCTIONSCROLL	3956
1165528307063	1	INSTRUCTIONSCROLL	3959
1165528307080	1	INSTRUCTIONSCROLL	3963
1165528307097	1	INSTRUCTIONSCROLL	3966
1165528307113	1	INSTRUCTIONSCROLL	3969
1165528307130	1	INSTRUCTIONSCROLL	3973
1165528307147	1	INSTRUCTIONSCROLL	3976
1165528307163	1	INSTRUCTIONSCROLL	3979
1165528307180	1	INSTRUCTIONSCROLL	3983
1165528307197	1	INSTRUCTIONSCROLL	3986
1165528307213	1	INSTRUCTIONSCROLL	3989
1165528307230	1	INSTRUCTIONSCROLL	3993
1165528307247	1	INSTRUCTIONSCROLL	3996
1165528307263	1	INSTRUCTIONSCROLL	4000
1165528307280	1	INSTRUCTIONSCROLL	4003
1165528307297	1	INSTRUCTIONSCROLL	4006
1165528307313	1	INSTRUCTIONSCROLL	4009
1165528307330	1	INSTRUCTIONSCROLL	4013
1165528307347	1	INSTRUCTIONSCROLL	4016
1165528307363	1	INSTRUCTIONSCROLL	4019
1165528307380	1	INSTRUCTIONSCROLL	4023
1165528307397	1	INSTRUCTIONSCROLL	4026
1165528307413	1	INSTRUCTIONSCROLL	4029
1165528307430	1	INSTRUCTIONSCROLL	4033
1165528307447	1	INSTRUCTIONSCROLL	4036
1165528307463	1	INSTRUCTIONSCROLL	4039
1165528307480	1	INSTRUCTIONSCROLL	4043
1165528307497	1	INSTRUCTIONSCROLL	4046
1165528307513	1	INSTRUCTIONSCROLL	4049
1165528307530	1	INSTRUCTIONSCROLL	4053
1165528307547	1	INSTRUCTIONSCROLL	4056
1165528307563	1	INSTRUCTIONSCROLL	4060
1165528307580	1	INSTRUCTIONSCROLL	4063
1165528307596	1	INSTRUCTIONSCROLL	4066
1165528307613	1	INSTRUCTIONSCROLL	4069
1165528307630	1	INSTRUCTIONSCROLL	4073
1165528307646	1	INSTRUCTIONSCROLL	4076
1165528307663	1	INSTRUCTIONSCROLL	4079
1165528307680	1	INSTRUCTIONSCROLL	4083
1165528307696	1	INSTRUCTIONSCROLL	4086
1165528307713	1	INSTRUCTIONSCROLL	4089
1165528307730	1	INSTRUCTIONSCROLL	4093
1165528307746	1	INSTRUCTIONSCROLL	4096
1165528307763	1	INSTRUCTIONSCROLL	4099
1165528307780	1	INSTRUCTIONSCROLL	4103
1165528307796	1	INSTRUCTIONSCROLL	4106
1165528307813	1	INSTRUCTIONSCROLL	4109
1165528307830	1	INSTRUCTIONSCROLL	4113
1165528307846	1	INSTRUCTIONSCROLL	4116
1165528307863	1	INSTRUCTIONSCROLL	4119
1165528307880	1	INSTRUCTIONSCROLL	4123
1165528307896	1	INSTRUCTIONSCROLL	4126
1165528307913	1	INSTRUCTIONSCROLL	4129
1165528307930	1	INSTRUCTIONSCROLL	4133
1165528307946	1	INSTRUCTIONSCROLL	4136
1165528307963	1	INSTRUCTIONSCROLL	4139
1165528307980	1	INSTRUCTIONSCROLL	4143
1165528307995	1	INSTRUCTIONSCROLL	4146
1165528308013	1	INSTRUCTIONSCROLL	4149
1165528308030	1	INSTRUCTIONSCROLL	4153
1165528308046	1	INSTRUCTIONSCROLL	4156
1165528308063	1	INSTRUCTIONSCROLL	4159
1165528308080	1	INSTRUCTIONSCROLL	4163
1165528308096	1	INSTRUCTIONSCROLL	4166
1165528308113	1	INSTRUCTIONSCROLL	4169
1165528308130	1	INSTRUCTIONSCROLL	4173
1165528308146	1	INSTRUCTIONSCROLL	4176
1165528308163	1	INSTRUCTIONSCROLL	4179
1165528308180	1	INSTRUCTIONSCROLL	4183
1165528308196	1	INSTRUCTIONSCROLL	4186
1165528308213	1	INSTRUCTIONSCROLL	4189
1165528308230	1	INSTRUCTIONSCROLL	4192
1165528308246	1	INSTRUCTIONSCROLL	4196
1165528308263	1	INSTRUCTIONSCROLL	4199
1165528308280	1	INSTRUCTIONSCROLL	4203
1165528308296	1	INSTRUCTIONSCROLL	4206
1165528308313	1	INSTRUCTIONSCROLL	4209
1165528308330	1	INSTRUCTIONSCROLL	4213
1165528308346	1	INSTRUCTIONSCROLL	4216
1165528308363	1	INSTRUCTIONSCROLL	4219
1165528308379	1	INSTRUCTIONSCROLL	4222
1165528308396	1	INSTRUCTIONSCROLL	4226
1165528308413	1	INSTRUCTIONSCROLL	4229
1165528308430	1	INSTRUCTIONSCROLL	4233
1165528308446	1	INSTRUCTIONSCROLL	4236
1165528308463	1	INSTRUCTIONSCROLL	4239
1165528308479	1	INSTRUCTIONSCROLL	4243
1165528308496	1	INSTRUCTIONSCROLL	4246
1165528308513	1	INSTRUCTIONSCROLL	4249
1165528308530	1	INSTRUCTIONSCROLL	4252
1165528308546	1	INSTRUCTIONSCROLL	4256
1165528308563	1	INSTRUCTIONSCROLL	4259
1165528308579	1	INSTRUCTIONSCROLL	4262
1165528308596	1	INSTRUCTIONSCROLL	4266
1165528308613	1	INSTRUCTIONSCROLL	4269
1165528308629	1	INSTRUCTIONSCROLL	4272
1165528308646	1	INSTRUCTIONSCROLL	4276
1165528308663	1	INSTRUCTIONSCROLL	4279
1165528308679	1	INSTRUCTIONSCROLL	4282
1165528308696	1	INSTRUCTIONSCROLL	4286
1165528308713	1	INSTRUCTIONSCROLL	4289
1165528308729	1	INSTRUCTIONSCROLL	4292
1165528308746	1	INSTRUCTIONSCROLL	4296
1165528308763	1	INSTRUCTIONSCROLL	4299
1165528308779	1	INSTRUCTIONSCROLL	4303
1165528308796	1	INSTRUCTIONSCROLL	4306
1165528308813	1	INSTRUCTIONSCROLL	4309
1165528308829	1	INSTRUCTIONSCROLL	4312
1165528308846	1	INSTRUCTIONSCROLL	4316
1165528308863	1	INSTRUCTIONSCROLL	4319
1165528308979	1	INSTRUCTIONSCROLL	4320
1165528308995	1	INSTRUCTIONSCROLL	4321
1165528309013	1	INSTRUCTIONSCROLL	4325
1165528309029	1	INSTRUCTIONSCROLL	4328
1165528309046	1	INSTRUCTIONSCROLL	4331
1165528322110	1	INSTRUCTIONSCROLL	4332
1165528322125	1	INSTRUCTIONSCROLL	4336
1165528322142	1	INSTRUCTIONSCROLL	4339
1165528322158	1	INSTRUCTIONSCROLL	4342
1165528322175	1	INSTRUCTIONSCROLL	4346
1165528322192	1	INSTRUCTIONSCROLL	4349
1165528322208	1	INSTRUCTIONSCROLL	4352
1165528322225	1	INSTRUCTIONSCROLL	4356
1165528322242	1	INSTRUCTIONSCROLL	4359
1165528322258	1	INSTRUCTIONSCROLL	4362
1165528322275	1	INSTRUCTIONSCROLL	4366
1165528322292	1	INSTRUCTIONSCROLL	4369
1165528322308	1	INSTRUCTIONSCROLL	4372
1165528322325	1	INSTRUCTIONSCROLL	4376
1165528322342	1	INSTRUCTIONSCROLL	4379
1165528322358	1	INSTRUCTIONSCROLL	4382
1165528322375	1	INSTRUCTIONSCROLL	4386
1165528322392	1	INSTRUCTIONSCROLL	4389
1165528322408	1	INSTRUCTIONSCROLL	4392
1165528322425	1	INSTRUCTIONSCROLL	4396
1165528322442	1	INSTRUCTIONSCROLL	4399
1165528322458	1	INSTRUCTIONSCROLL	4402
1165528322475	1	INSTRUCTIONSCROLL	4406
1165528322492	1	INSTRUCTIONSCROLL	4409
1165528322508	1	INSTRUCTIONSCROLL	4412
1165528322525	1	INSTRUCTIONSCROLL	4416
1165528322542	1	INSTRUCTIONSCROLL	4419
1165528322558	1	INSTRUCTIONSCROLL	4422
1165528322575	1	INSTRUCTIONSCROLL	4426
1165528322592	1	INSTRUCTIONSCROLL	4429
1165528322608	1	INSTRUCTIONSCROLL	4432
1165528322625	1	INSTRUCTIONSCROLL	4436
1165528322642	1	INSTRUCTIONSCROLL	4439
1165528322658	1	INSTRUCTIONSCROLL	4442
1165528322675	1	INSTRUCTIONSCROLL	4446
1165528322692	1	INSTRUCTIONSCROLL	4449
1165528322708	1	INSTRUCTIONSCROLL	4452
1165528322725	1	INSTRUCTIONSCROLL	4456
1165528322741	1	INSTRUCTIONSCROLL	4459
1165528322758	1	INSTRUCTIONSCROLL	4462
1165528322775	1	INSTRUCTIONSCROLL	4465
1165528322791	1	INSTRUCTIONSCROLL	4469
1165528322808	1	INSTRUCTIONSCROLL	4472
1165528322825	1	INSTRUCTIONSCROLL	4476
1165528322841	1	INSTRUCTIONSCROLL	4479
1165528322858	1	INSTRUCTIONSCROLL	4482
1165528322875	1	INSTRUCTIONSCROLL	4486
1165528322891	1	INSTRUCTIONSCROLL	4489
1165528322908	1	INSTRUCTIONSCROLL	4492
1165528322925	1	INSTRUCTIONSCROLL	4495
1165528322941	1	INSTRUCTIONSCROLL	4499
1165528322958	1	INSTRUCTIONSCROLL	4502
1165528322975	1	INSTRUCTIONSCROLL	4506
1165528322990	1	INSTRUCTIONSCROLL	4509
1165528323008	1	INSTRUCTIONSCROLL	4512
1165528323025	1	INSTRUCTIONSCROLL	4516
1165528323041	1	INSTRUCTIONSCROLL	4519
1165528323058	1	INSTRUCTIONSCROLL	4522
1165528323075	1	INSTRUCTIONSCROLL	4525
1165528323091	1	INSTRUCTIONSCROLL	4529
1165528323108	1	INSTRUCTIONSCROLL	4532
1165528323125	1	INSTRUCTIONSCROLL	4536
1165528323141	1	INSTRUCTIONSCROLL	4539
1165528323158	1	INSTRUCTIONSCROLL	4542
1165528323175	1	INSTRUCTIONSCROLL	4546
1165528323191	1	INSTRUCTIONSCROLL	4549
1165528323208	1	INSTRUCTIONSCROLL	4552
1165528323225	1	INSTRUCTIONSCROLL	4555
1165528323241	1	INSTRUCTIONSCROLL	4559
1165528323258	1	INSTRUCTIONSCROLL	4562
1165528323275	1	INSTRUCTIONSCROLL	4566
1165528323291	1	INSTRUCTIONSCROLL	4569
1165528323308	1	INSTRUCTIONSCROLL	4572
1165528323325	1	INSTRUCTIONSCROLL	4576
1165528323341	1	INSTRUCTIONSCROLL	4579
1165528323358	1	INSTRUCTIONSCROLL	4582
1165528323375	1	INSTRUCTIONSCROLL	4585
1165528323391	1	INSTRUCTIONSCROLL	4589
1165528323408	1	INSTRUCTIONSCROLL	4592
1165528323425	1	INSTRUCTIONSCROLL	4596
1165528323441	1	INSTRUCTIONSCROLL	4599
1165528323458	1	INSTRUCTIONSCROLL	4602
1165528323475	1	INSTRUCTIONSCROLL	4606
1165528323491	1	INSTRUCTIONSCROLL	4609
1165528323508	1	INSTRUCTIONSCROLL	4612
1165528323525	1	INSTRUCTIONSCROLL	4615
1165528323541	1	INSTRUCTIONSCROLL	4619
1165528323558	1	INSTRUCTIONSCROLL	4622
1165528323575	1	INSTRUCTIONSCROLL	4626
1165528323591	1	INSTRUCTIONSCROLL	4629
1165528323608	1	INSTRUCTIONSCROLL	4632
1165528323625	1	INSTRUCTIONSCROLL	4636
1165528323641	1	INSTRUCTIONSCROLL	4639
1165528323658	1	INSTRUCTIONSCROLL	4642
1165528323675	1	INSTRUCTIONSCROLL	4645
1165528323691	1	INSTRUCTIONSCROLL	4649
1165528323708	1	INSTRUCTIONSCROLL	4652
1165528323724	1	INSTRUCTIONSCROLL	4656
1165528323741	1	INSTRUCTIONSCROLL	4659
1165528323758	1	INSTRUCTIONSCROLL	4662
1165528323774	1	INSTRUCTIONSCROLL	4666
1165528323791	1	INSTRUCTIONSCROLL	4669
1165528323808	1	INSTRUCTIONSCROLL	4672
1165528323825	1	INSTRUCTIONSCROLL	4675
1165528323841	1	INSTRUCTIONSCROLL	4679
1165528323858	1	INSTRUCTIONSCROLL	4682
1165528323875	1	INSTRUCTIONSCROLL	4685
1165528323891	1	INSTRUCTIONSCROLL	4689
1165528323908	1	INSTRUCTIONSCROLL	4692
1165528323925	1	INSTRUCTIONSCROLL	4695
1165528323941	1	INSTRUCTIONSCROLL	4699
1165528323958	1	INSTRUCTIONSCROLL	4702
1165528323975	1	INSTRUCTIONSCROLL	4705
1165528323990	1	INSTRUCTIONSCROLL	4709
1165528324008	1	INSTRUCTIONSCROLL	4712
1165528324025	1	INSTRUCTIONSCROLL	4715
1165528324041	1	INSTRUCTIONSCROLL	4719
1165528324058	1	INSTRUCTIONSCROLL	4722
1165528324074	1	INSTRUCTIONSCROLL	4726
1165528324091	1	INSTRUCTIONSCROLL	4729
1165528324109	1	INSTRUCTIONSCROLL	4732
1165528324124	1	INSTRUCTIONSCROLL	4736
1165528324141	1	INSTRUCTIONSCROLL	4739
1165528324158	1	INSTRUCTIONSCROLL	4742
1165528324174	1	INSTRUCTIONSCROLL	4745
1165528324191	1	INSTRUCTIONSCROLL	4749
1165528324208	1	INSTRUCTIONSCROLL	4752
1165528324224	1	INSTRUCTIONSCROLL	4756
1165528324241	1	INSTRUCTIONSCROLL	4759
1165528324258	1	INSTRUCTIONSCROLL	4762
1165528324274	1	INSTRUCTIONSCROLL	4765
1165528324291	1	INSTRUCTIONSCROLL	4769
1165528324308	1	INSTRUCTIONSCROLL	4772
1165528324324	1	INSTRUCTIONSCROLL	4775
1165528324341	1	INSTRUCTIONSCROLL	4779
1165528324358	1	INSTRUCTIONSCROLL	4782
1165528324374	1	INSTRUCTIONSCROLL	4785
1165528324391	1	INSTRUCTIONSCROLL	4789
1165528324408	1	INSTRUCTIONSCROLL	4792
1165528324424	1	INSTRUCTIONSCROLL	4795
1165528324441	1	INSTRUCTIONSCROLL	4799
1165528324458	1	INSTRUCTIONSCROLL	4802
1165528324474	1	INSTRUCTIONSCROLL	4806
1165528324491	1	INSTRUCTIONSCROLL	4809
1165528324508	1	INSTRUCTIONSCROLL	4812
1165528324524	1	INSTRUCTIONSCROLL	4815
1165528324541	1	INSTRUCTIONSCROLL	4819
1165528324558	1	INSTRUCTIONSCROLL	4822
1165528324574	1	INSTRUCTIONSCROLL	4825
1165528324591	1	INSTRUCTIONSCROLL	4829
1165528324608	1	INSTRUCTIONSCROLL	4832
1165528324624	1	INSTRUCTIONSCROLL	4835
1165528324641	1	INSTRUCTIONSCROLL	4839
1165528324658	1	INSTRUCTIONSCROLL	4842
1165528324674	1	INSTRUCTIONSCROLL	4845
1165528324691	1	INSTRUCTIONSCROLL	4849
1165528324708	1	INSTRUCTIONSCROLL	4852
1165528324724	1	INSTRUCTIONSCROLL	4855
1165528324741	1	INSTRUCTIONSCROLL	4859
1165528324757	1	INSTRUCTIONSCROLL	4862
1165528324774	1	INSTRUCTIONSCROLL	4865
1165528324791	1	INSTRUCTIONSCROLL	4869
1165528324807	1	INSTRUCTIONSCROLL	4872
1165528324824	1	INSTRUCTIONSCROLL	4875
1165528324841	1	INSTRUCTIONSCROLL	4879
1165528324858	1	INSTRUCTIONSCROLL	4882
1165528324874	1	INSTRUCTIONSCROLL	4885
1165528324891	1	INSTRUCTIONSCROLL	4889
1165528324907	1	INSTRUCTIONSCROLL	4892
1165528324924	1	INSTRUCTIONSCROLL	4895
1165528324941	1	INSTRUCTIONSCROLL	4899
1165528324957	1	INSTRUCTIONSCROLL	4902
1165528324974	1	INSTRUCTIONSCROLL	4905
1165528324990	1	INSTRUCTIONSCROLL	4909
1165528325007	1	INSTRUCTIONSCROLL	4912
1165528325024	1	INSTRUCTIONSCROLL	4915
1165528325041	1	INSTRUCTIONSCROLL	4919
1165528325057	1	INSTRUCTIONSCROLL	4922
1165528325074	1	INSTRUCTIONSCROLL	4925
1165528325091	1	INSTRUCTIONSCROLL	4929
1165528325107	1	INSTRUCTIONSCROLL	4932
1165528325124	1	INSTRUCTIONSCROLL	4935
1165528325141	1	INSTRUCTIONSCROLL	4939
1165528325157	1	INSTRUCTIONSCROLL	4942
1165528325174	1	INSTRUCTIONSCROLL	4945
1165528325191	1	INSTRUCTIONSCROLL	4949
1165528325207	1	INSTRUCTIONSCROLL	4952
1165528325224	1	INSTRUCTIONSCROLL	4955
1165528325241	1	INSTRUCTIONSCROLL	4959
1165528325257	1	INSTRUCTIONSCROLL	4962
1165528325274	1	INSTRUCTIONSCROLL	4965
1165528325291	1	INSTRUCTIONSCROLL	4969
1165528325307	1	INSTRUCTIONSCROLL	4972
1165528325324	1	INSTRUCTIONSCROLL	4975
1165528325341	1	INSTRUCTIONSCROLL	4979
1165528325357	1	INSTRUCTIONSCROLL	4982
1165528325374	1	INSTRUCTIONSCROLL	4985
1165528325391	1	INSTRUCTIONSCROLL	4989
1165528325407	1	INSTRUCTIONSCROLL	4992
1165528344801	1	INSTRUCTIONSCROLL	4993
1165528344818	1	INSTRUCTIONSCROLL	4994
1165528344834	1	INSTRUCTIONSCROLL	4998
1165528344851	1	INSTRUCTIONSCROLL	5001
1165528344868	1	INSTRUCTIONSCROLL	5004
1165528344884	1	INSTRUCTIONSCROLL	5008
1165528344901	1	INSTRUCTIONSCROLL	5011
1165528344918	1	INSTRUCTIONSCROLL	5014
1165528344934	1	INSTRUCTIONSCROLL	5018
1165528344951	1	INSTRUCTIONSCROLL	5021
1165528344968	1	INSTRUCTIONSCROLL	5024
1165528344983	1	INSTRUCTIONSCROLL	5028
1165528345001	1	INSTRUCTIONSCROLL	5031
1165528345018	1	INSTRUCTIONSCROLL	5034
1165528345034	1	INSTRUCTIONSCROLL	5038
1165528345051	1	INSTRUCTIONSCROLL	5041
1165528345068	1	INSTRUCTIONSCROLL	5044
1165528345084	1	INSTRUCTIONSCROLL	5048
1165528345101	1	INSTRUCTIONSCROLL	5051
1165528345118	1	INSTRUCTIONSCROLL	5054
1165528345134	1	INSTRUCTIONSCROLL	5058
1165528345151	1	INSTRUCTIONSCROLL	5061
1165528345168	1	INSTRUCTIONSCROLL	5064
1165528345184	1	INSTRUCTIONSCROLL	5068
1165528345201	1	INSTRUCTIONSCROLL	5071
1165528345218	1	INSTRUCTIONSCROLL	5074
1165528345234	1	INSTRUCTIONSCROLL	5078
1165528345251	1	INSTRUCTIONSCROLL	5081
1165528346617	1	INSTRUCTIONSCROLL	5082
1165528346634	1	INSTRUCTIONSCROLL	5083
1165528346651	1	INSTRUCTIONSCROLL	5086
1165528346667	1	INSTRUCTIONSCROLL	5090
1165528346684	1	INSTRUCTIONSCROLL	5093
1165528346700	1	INSTRUCTIONSCROLL	5096
1165528346717	1	INSTRUCTIONSCROLL	5100
1165528346734	1	INSTRUCTIONSCROLL	5103
1165528346750	1	INSTRUCTIONSCROLL	5106
1165528346767	1	INSTRUCTIONSCROLL	5107
1165528372709	1	INSTRUCTIONSTOP	Button set (OR)
1165528372709	0	E	Logging Ends
1165530514975	0	B	Logging Begins
1165530514975	0	INSTRUCTIONSTART	JointRoller	/Library/Frameworks/Python.framework/Versions/2.4/lib/python2.4/site-packages/pyepl/resources/vera.ttf	64	(0, 0, 0)	'In the following experiment, your memory for associating names with faces will be tested.  The task is challenging and requires concentration, so if at any time during the experiment you feel that you need a short break, let the experimenter know.\n\nSixteen faces will be presented on the screen, consecutively, accompanied by their names.  A woman\'s voice will also speak the name when the face appears on the screen.  After five seconds, the face will disappear from the screen, a star (*) will flash on the screen for one second, and then the next face and name will appear.\n\nAfter you have seen all sixteen faces and names, you will be prompted to press any key in order to move on to a testing period.  During each trial of the testing period, you will see a face with name underneath it.  You will have to decide whether or not the face is paired with the appropriate face.  \n\nYou will respond on the keyboard, with a confidence judgment between 1 and 6.  A judgment of 1 indicates that you are near certain that the name given is incorrectly paired with the face, a judgment of 2 indicates moderate confidence, and a judgment of 3 indicates that you think the name is incorrectly paired with the face, but are quite unsure.  A judgment of 6 indicates that you are near certain that the name given is correctly paired with the face, a judgment of 5 indicates moderate confidence, and a judgment of 4 indicates that you think the name is correctly paired with the face, but are quite unsure.\n\nYou should rest your fingers on the bottom row of the keyboard.  "Z", "X", and  "C" will correspond to confidence judgments of 1, 2, and 3, respectively.  ",", ".", and "/" will correspond to confidence judgments of 4, 5, and 6, respectively.\n\nAfter five seconds the name and face will disappear from the screen, a star will flash on the screen for one second, and then the next name and face pair will appear on the screen.  You will see sixteen name-face pairs per test period.  You should try to reply as quickly and accurately as you can.\n\nThere will be ten study periods and ten test periods, alternating.  Each face will have the same name over the entire course of the study, so your task is to try and learn the faces\' names as quickly and accurately as possible.\n\nDo you have any questions?\n\nPress <ENTER> to continue.\n'
1165530515098	1	INSTRUCTIONSCROLL	0
1165530515538	1	INSTRUCTIONSCROLL	768
1165530515717	1	INSTRUCTIONSCROLL	1536
1165530515872	1	INSTRUCTIONSCROLL	2304
1165530516086	1	INSTRUCTIONSCROLL	3072
1165530516188	1	INSTRUCTIONSCROLL	3840
1165530516362	1	INSTRUCTIONSCROLL	4608
1165530516435	1	INSTRUCTIONSCROLL	5107
1165530517120	1	INSTRUCTIONSTOP	Button set (OR)
1165530517120	0	E	Logging Ends
