1170703424203	0	B	Logging Begins
1170703424204	0	INSTRUCTIONSTART	JointRoller	/Library/Frameworks/Python.framework/Versions/2.4/lib/python2.4/site-packages/pyepl/resources/vera.ttf	64	(0, 0, 0)	'In the following experiment, your memory for associating names with faces will be tested.  The task is difficult and requires concentration, so if you need a break at any time let the experimenter know.\n\nSixteen faces will be presented on the screen, consecutively, accompanied by their names.  A woman\'s voice will also speak the name when the face appears on the screen.  After five seconds, the face will disappear from the screen, a star (*) will flash on the screen for one second, and then the next face and name will appear.\n\nAfter you have seen all sixteen faces and names, you will be prompted to press any key in order to move on to a testing period.  During each trial of the testing period, you will see a face with name underneath it.  You will have to decide whether or not the name is paired with the appropriate face.  \n\nYou will respond on the keyboard, with a confidence judgment between 1 and 6.  A judgment of 1 indicates that you are near certain that the name given is incorrectly paired with the face, a judgment of 2 indicates moderate confidence, and a judgment of 3 indicates that you think the name is incorrectly paired with the face, but are quite unsure.  A judgment of 6 indicates that you are near certain that the name given is correctly paired with the face, a judgment of 5 indicates moderate confidence, and a judgment of 4 indicates that you think the name is correctly paired with the face, but are quite unsure.\n\nYou should rest your fingers on the bottom row of the keyboard.  "Z", "X", and  "C" will correspond to confidence judgments of 1, 2, and 3, respectively.  ",", ".", and "/" will correspond to confidence judgments of 4, 5, and 6, respectively.\n\nAfter five seconds the name and face will disappear from the screen, a star will flash on the screen for one second, and then the next name and face pair will appear on the screen.  You will see sixteen name-face pairs per test period.  You should try to reply as quickly and accurately as you can.\n\nThere will be ten study periods and ten test periods, alternating.  Each face will have the same name over the entire course of the experiment, so your task is to try and learn the faces\' names as quickly and accurately as possible.\n\nDo you have any questions?\n\nPress <ENTER> to continue.\n'
1170703424286	1	INSTRUCTIONSCROLL	0
1170703431172	1	INSTRUCTIONSCROLL	1
1170703431189	1	INSTRUCTIONSCROLL	2
1170703431206	1	INSTRUCTIONSCROLL	5
1170703431222	1	INSTRUCTIONSCROLL	8
1170703431239	1	INSTRUCTIONSCROLL	12
1170703431256	1	INSTRUCTIONSCROLL	15
1170703431272	1	INSTRUCTIONSCROLL	18
1170703431289	1	INSTRUCTIONSCROLL	22
1170703431305	1	INSTRUCTIONSCROLL	25
1170703431322	1	INSTRUCTIONSCROLL	28
1170703431339	1	INSTRUCTIONSCROLL	31
1170703431356	1	INSTRUCTIONSCROLL	35
1170703431372	1	INSTRUCTIONSCROLL	38
1170703431389	1	INSTRUCTIONSCROLL	42
1170703431405	1	INSTRUCTIONSCROLL	45
1170703431422	1	INSTRUCTIONSCROLL	48
1170703431439	1	INSTRUCTIONSCROLL	51
1170703431456	1	INSTRUCTIONSCROLL	55
1170703431472	1	INSTRUCTIONSCROLL	58
1170703431489	1	INSTRUCTIONSCROLL	61
1170703431505	1	INSTRUCTIONSCROLL	65
1170703431522	1	INSTRUCTIONSCROLL	68
1170703431539	1	INSTRUCTIONSCROLL	71
1170703431555	1	INSTRUCTIONSCROLL	75
1170703431572	1	INSTRUCTIONSCROLL	78
1170703431589	1	INSTRUCTIONSCROLL	82
1170703431605	1	INSTRUCTIONSCROLL	85
1170703431622	1	INSTRUCTIONSCROLL	88
1170703431639	1	INSTRUCTIONSCROLL	92
1170703431655	1	INSTRUCTIONSCROLL	95
1170703431672	1	INSTRUCTIONSCROLL	98
1170703431689	1	INSTRUCTIONSCROLL	102
1170703431705	1	INSTRUCTIONSCROLL	105
1170703431722	1	INSTRUCTIONSCROLL	108
1170703431739	1	INSTRUCTIONSCROLL	112
1170703431755	1	INSTRUCTIONSCROLL	115
1170703431771	1	INSTRUCTIONSCROLL	118
1170703431788	1	INSTRUCTIONSCROLL	121
1170703431804	1	INSTRUCTIONSCROLL	125
1170703431821	1	INSTRUCTIONSCROLL	128
1170703431838	1	INSTRUCTIONSCROLL	131
1170703431854	1	INSTRUCTIONSCROLL	135
1170703431871	1	INSTRUCTIONSCROLL	138
1170703431888	1	INSTRUCTIONSCROLL	141
1170703431904	1	INSTRUCTIONSCROLL	145
1170703431921	1	INSTRUCTIONSCROLL	148
1170703431938	1	INSTRUCTIONSCROLL	151
1170703431954	1	INSTRUCTIONSCROLL	155
1170703431971	1	INSTRUCTIONSCROLL	158
1170703431988	1	INSTRUCTIONSCROLL	161
1170703432005	1	INSTRUCTIONSCROLL	165
1170703432022	1	INSTRUCTIONSCROLL	168
1170703432039	1	INSTRUCTIONSCROLL	172
1170703432055	1	INSTRUCTIONSCROLL	175
1170703432072	1	INSTRUCTIONSCROLL	178
1170703432089	1	INSTRUCTIONSCROLL	181
1170703432105	1	INSTRUCTIONSCROLL	185
1170703432122	1	INSTRUCTIONSCROLL	188
1170703432139	1	INSTRUCTIONSCROLL	192
1170703432155	1	INSTRUCTIONSCROLL	195
1170703432172	1	INSTRUCTIONSCROLL	198
1170703432189	1	INSTRUCTIONSCROLL	202
1170703432205	1	INSTRUCTIONSCROLL	205
1170703432222	1	INSTRUCTIONSCROLL	208
1170703432239	1	INSTRUCTIONSCROLL	211
1170703432255	1	INSTRUCTIONSCROLL	215
1170703432272	1	INSTRUCTIONSCROLL	218
1170703432289	1	INSTRUCTIONSCROLL	222
1170703432305	1	INSTRUCTIONSCROLL	225
1170703432322	1	INSTRUCTIONSCROLL	228
1170703432339	1	INSTRUCTIONSCROLL	232
1170703432355	1	INSTRUCTIONSCROLL	235
1170703432372	1	INSTRUCTIONSCROLL	238
1170703432389	1	INSTRUCTIONSCROLL	241
1170703432405	1	INSTRUCTIONSCROLL	245
1170703432422	1	INSTRUCTIONSCROLL	248
1170703432438	1	INSTRUCTIONSCROLL	252
1170703432455	1	INSTRUCTIONSCROLL	255
1170703432472	1	INSTRUCTIONSCROLL	258
1170703432488	1	INSTRUCTIONSCROLL	262
1170703432505	1	INSTRUCTIONSCROLL	265
1170703432522	1	INSTRUCTIONSCROLL	268
1170703432538	1	INSTRUCTIONSCROLL	271
1170703432555	1	INSTRUCTIONSCROLL	275
1170703432572	1	INSTRUCTIONSCROLL	278
1170703432588	1	INSTRUCTIONSCROLL	281
1170703432605	1	INSTRUCTIONSCROLL	285
1170703432622	1	INSTRUCTIONSCROLL	288
1170703432638	1	INSTRUCTIONSCROLL	291
1170703432655	1	INSTRUCTIONSCROLL	295
1170703432672	1	INSTRUCTIONSCROLL	298
1170703432688	1	INSTRUCTIONSCROLL	301
1170703432705	1	INSTRUCTIONSCROLL	305
1170703432722	1	INSTRUCTIONSCROLL	308
1170703432738	1	INSTRUCTIONSCROLL	311
1170703432755	1	INSTRUCTIONSCROLL	315
1170703432771	1	INSTRUCTIONSCROLL	318
1170703432787	1	INSTRUCTIONSCROLL	321
1170703432804	1	INSTRUCTIONSCROLL	324
1170703432821	1	INSTRUCTIONSCROLL	328
1170703432837	1	INSTRUCTIONSCROLL	331
1170703432854	1	INSTRUCTIONSCROLL	334
1170703432871	1	INSTRUCTIONSCROLL	338
1170703432887	1	INSTRUCTIONSCROLL	341
1170703432904	1	INSTRUCTIONSCROLL	344
1170703432921	1	INSTRUCTIONSCROLL	348
1170703432937	1	INSTRUCTIONSCROLL	351
1170703432954	1	INSTRUCTIONSCROLL	354
1170703432971	1	INSTRUCTIONSCROLL	358
1170703432987	1	INSTRUCTIONSCROLL	361
1170703433005	1	INSTRUCTIONSCROLL	364
1170703433022	1	INSTRUCTIONSCROLL	368
1170703433038	1	INSTRUCTIONSCROLL	371
1170703433055	1	INSTRUCTIONSCROLL	375
1170703433072	1	INSTRUCTIONSCROLL	378
1170703433088	1	INSTRUCTIONSCROLL	381
1170703433105	1	INSTRUCTIONSCROLL	385
1170703433122	1	INSTRUCTIONSCROLL	388
1170703433138	1	INSTRUCTIONSCROLL	391
1170703433155	1	INSTRUCTIONSCROLL	395
1170703433172	1	INSTRUCTIONSCROLL	398
1170703433188	1	INSTRUCTIONSCROLL	401
1170703433205	1	INSTRUCTIONSCROLL	405
1170703433222	1	INSTRUCTIONSCROLL	408
1170703433238	1	INSTRUCTIONSCROLL	411
1170703433255	1	INSTRUCTIONSCROLL	415
1170703433272	1	INSTRUCTIONSCROLL	418
1170703433288	1	INSTRUCTIONSCROLL	421
1170703433305	1	INSTRUCTIONSCROLL	425
1170703433322	1	INSTRUCTIONSCROLL	428
1170703433338	1	INSTRUCTIONSCROLL	431
1170703433355	1	INSTRUCTIONSCROLL	435
1170703433372	1	INSTRUCTIONSCROLL	438
1170703433388	1	INSTRUCTIONSCROLL	441
1170703433405	1	INSTRUCTIONSCROLL	445
1170703433422	1	INSTRUCTIONSCROLL	448
1170703433438	1	INSTRUCTIONSCROLL	451
1170703433455	1	INSTRUCTIONSCROLL	455
1170703433472	1	INSTRUCTIONSCROLL	458
1170703433488	1	INSTRUCTIONSCROLL	461
1170703433505	1	INSTRUCTIONSCROLL	465
1170703433522	1	INSTRUCTIONSCROLL	468
1170703433538	1	INSTRUCTIONSCROLL	471
1170703433555	1	INSTRUCTIONSCROLL	475
1170703433571	1	INSTRUCTIONSCROLL	478
1170703433588	1	INSTRUCTIONSCROLL	481
1170703433605	1	INSTRUCTIONSCROLL	485
1170703434305	1	INSTRUCTIONSCROLL	486
1170703434321	1	INSTRUCTIONSCROLL	489
1170703434338	1	INSTRUCTIONSCROLL	492
1170703434355	1	INSTRUCTIONSCROLL	496
1170703434371	1	INSTRUCTIONSCROLL	499
1170703434388	1	INSTRUCTIONSCROLL	502
1170703434405	1	INSTRUCTIONSCROLL	506
1170703434421	1	INSTRUCTIONSCROLL	509
1170703434438	1	INSTRUCTIONSCROLL	512
1170703434455	1	INSTRUCTIONSCROLL	516
1170703434471	1	INSTRUCTIONSCROLL	519
1170703434488	1	INSTRUCTIONSCROLL	522
1170703434504	1	INSTRUCTIONSCROLL	526
1170703434521	1	INSTRUCTIONSCROLL	529
1170703434538	1	INSTRUCTIONSCROLL	532
1170703434554	1	INSTRUCTIONSCROLL	536
1170703434571	1	INSTRUCTIONSCROLL	539
1170703434588	1	INSTRUCTIONSCROLL	542
1170703434604	1	INSTRUCTIONSCROLL	546
1170703434621	1	INSTRUCTIONSCROLL	549
1170703434638	1	INSTRUCTIONSCROLL	552
1170703434654	1	INSTRUCTIONSCROLL	556
1170703434671	1	INSTRUCTIONSCROLL	559
1170703434688	1	INSTRUCTIONSCROLL	562
1170703434704	1	INSTRUCTIONSCROLL	566
1170703434721	1	INSTRUCTIONSCROLL	569
1170703434738	1	INSTRUCTIONSCROLL	572
1170703434754	1	INSTRUCTIONSCROLL	576
1170703434771	1	INSTRUCTIONSCROLL	579
1170703434787	1	INSTRUCTIONSCROLL	582
1170703434803	1	INSTRUCTIONSCROLL	585
1170703434820	1	INSTRUCTIONSCROLL	589
1170703434837	1	INSTRUCTIONSCROLL	592
1170703434853	1	INSTRUCTIONSCROLL	595
1170703434870	1	INSTRUCTIONSCROLL	599
1170703434887	1	INSTRUCTIONSCROLL	602
1170703434903	1	INSTRUCTIONSCROLL	605
1170703434920	1	INSTRUCTIONSCROLL	609
1170703434937	1	INSTRUCTIONSCROLL	612
1170703434953	1	INSTRUCTIONSCROLL	615
1170703434970	1	INSTRUCTIONSCROLL	619
1170703434987	1	INSTRUCTIONSCROLL	622
1170703435004	1	INSTRUCTIONSCROLL	625
1170703435021	1	INSTRUCTIONSCROLL	629
1170703435038	1	INSTRUCTIONSCROLL	632
1170703435054	1	INSTRUCTIONSCROLL	636
1170703435071	1	INSTRUCTIONSCROLL	639
1170703435088	1	INSTRUCTIONSCROLL	642
1170703435104	1	INSTRUCTIONSCROLL	646
1170703435121	1	INSTRUCTIONSCROLL	649
1170703435138	1	INSTRUCTIONSCROLL	652
1170703435154	1	INSTRUCTIONSCROLL	656
1170703435171	1	INSTRUCTIONSCROLL	659
1170703435188	1	INSTRUCTIONSCROLL	662
1170703442552	1	INSTRUCTIONSCROLL	663
1170703442569	1	INSTRUCTIONSCROLL	665
1170703442585	1	INSTRUCTIONSCROLL	668
1170703442602	1	INSTRUCTIONSCROLL	672
1170703442619	1	INSTRUCTIONSCROLL	675
1170703442635	1	INSTRUCTIONSCROLL	678
1170703442652	1	INSTRUCTIONSCROLL	682
1170703442669	1	INSTRUCTIONSCROLL	685
1170703442685	1	INSTRUCTIONSCROLL	688
1170703442702	1	INSTRUCTIONSCROLL	692
1170703442718	1	INSTRUCTIONSCROLL	695
1170703442735	1	INSTRUCTIONSCROLL	698
1170703442752	1	INSTRUCTIONSCROLL	702
1170703442768	1	INSTRUCTIONSCROLL	705
1170703442784	1	INSTRUCTIONSCROLL	708
1170703442801	1	INSTRUCTIONSCROLL	712
1170703442817	1	INSTRUCTIONSCROLL	715
1170703442834	1	INSTRUCTIONSCROLL	718
1170703442851	1	INSTRUCTIONSCROLL	721
1170703442867	1	INSTRUCTIONSCROLL	725
1170703442884	1	INSTRUCTIONSCROLL	728
1170703442901	1	INSTRUCTIONSCROLL	732
1170703442917	1	INSTRUCTIONSCROLL	735
1170703442934	1	INSTRUCTIONSCROLL	738
1170703442951	1	INSTRUCTIONSCROLL	741
1170703442967	1	INSTRUCTIONSCROLL	745
1170703442984	1	INSTRUCTIONSCROLL	748
1170703443002	1	INSTRUCTIONSCROLL	752
1170703443018	1	INSTRUCTIONSCROLL	755
1170703443035	1	INSTRUCTIONSCROLL	758
1170703443052	1	INSTRUCTIONSCROLL	762
1170703443068	1	INSTRUCTIONSCROLL	765
1170703443085	1	INSTRUCTIONSCROLL	768
1170703443102	1	INSTRUCTIONSCROLL	772
1170703443118	1	INSTRUCTIONSCROLL	775
1170703443135	1	INSTRUCTIONSCROLL	778
1170703443152	1	INSTRUCTIONSCROLL	782
1170703443168	1	INSTRUCTIONSCROLL	785
1170703443185	1	INSTRUCTIONSCROLL	788
1170703443202	1	INSTRUCTIONSCROLL	792
1170703443218	1	INSTRUCTIONSCROLL	795
1170703443235	1	INSTRUCTIONSCROLL	798
1170703443252	1	INSTRUCTIONSCROLL	802
1170703443268	1	INSTRUCTIONSCROLL	805
1170703443285	1	INSTRUCTIONSCROLL	808
1170703443302	1	INSTRUCTIONSCROLL	812
1170703443318	1	INSTRUCTIONSCROLL	815
1170703443335	1	INSTRUCTIONSCROLL	818
1170703443352	1	INSTRUCTIONSCROLL	822
1170703443368	1	INSTRUCTIONSCROLL	825
1170703443385	1	INSTRUCTIONSCROLL	828
1170703443402	1	INSTRUCTIONSCROLL	832
1170703443418	1	INSTRUCTIONSCROLL	835
1170703443435	1	INSTRUCTIONSCROLL	838
1170703443452	1	INSTRUCTIONSCROLL	842
1170703443468	1	INSTRUCTIONSCROLL	845
1170703443485	1	INSTRUCTIONSCROLL	848
1170703443502	1	INSTRUCTIONSCROLL	852
1170703443518	1	INSTRUCTIONSCROLL	855
1170703443535	1	INSTRUCTIONSCROLL	858
1170703443552	1	INSTRUCTIONSCROLL	862
1170703443568	1	INSTRUCTIONSCROLL	865
1170703443585	1	INSTRUCTIONSCROLL	868
1170703443602	1	INSTRUCTIONSCROLL	872
1170703443618	1	INSTRUCTIONSCROLL	875
1170703443635	1	INSTRUCTIONSCROLL	878
1170703443652	1	INSTRUCTIONSCROLL	882
1170703443668	1	INSTRUCTIONSCROLL	885
1170703443685	1	INSTRUCTIONSCROLL	888
1170703443701	1	INSTRUCTIONSCROLL	892
1170703443718	1	INSTRUCTIONSCROLL	895
1170703443735	1	INSTRUCTIONSCROLL	898
1170703443751	1	INSTRUCTIONSCROLL	902
1170703443768	1	INSTRUCTIONSCROLL	905
1170703443784	1	INSTRUCTIONSCROLL	908
1170703443800	1	INSTRUCTIONSCROLL	911
1170703443817	1	INSTRUCTIONSCROLL	915
1170703443834	1	INSTRUCTIONSCROLL	918
1170703443850	1	INSTRUCTIONSCROLL	921
1170703443867	1	INSTRUCTIONSCROLL	925
1170703443884	1	INSTRUCTIONSCROLL	928
1170703443900	1	INSTRUCTIONSCROLL	932
1170703443917	1	INSTRUCTIONSCROLL	935
1170703443934	1	INSTRUCTIONSCROLL	938
1170703443950	1	INSTRUCTIONSCROLL	941
1170703443967	1	INSTRUCTIONSCROLL	945
1170703443984	1	INSTRUCTIONSCROLL	948
1170703444001	1	INSTRUCTIONSCROLL	951
1170703444018	1	INSTRUCTIONSCROLL	955
1170703444035	1	INSTRUCTIONSCROLL	958
1170703444051	1	INSTRUCTIONSCROLL	962
1170703444068	1	INSTRUCTIONSCROLL	965
1170703444085	1	INSTRUCTIONSCROLL	968
1170703444101	1	INSTRUCTIONSCROLL	972
1170703444118	1	INSTRUCTIONSCROLL	975
1170703444135	1	INSTRUCTIONSCROLL	978
1170703444151	1	INSTRUCTIONSCROLL	982
1170703444168	1	INSTRUCTIONSCROLL	985
1170703444185	1	INSTRUCTIONSCROLL	988
1170703444201	1	INSTRUCTIONSCROLL	992
1170703444218	1	INSTRUCTIONSCROLL	995
1170703444235	1	INSTRUCTIONSCROLL	998
1170703444251	1	INSTRUCTIONSCROLL	1002
1170703444268	1	INSTRUCTIONSCROLL	1005
1170703444285	1	INSTRUCTIONSCROLL	1008
1170703444301	1	INSTRUCTIONSCROLL	1012
1170703444318	1	INSTRUCTIONSCROLL	1015
1170703444335	1	INSTRUCTIONSCROLL	1018
1170703444351	1	INSTRUCTIONSCROLL	1022
1170703444368	1	INSTRUCTIONSCROLL	1025
1170703444385	1	INSTRUCTIONSCROLL	1028
1170703444401	1	INSTRUCTIONSCROLL	1032
1170703444418	1	INSTRUCTIONSCROLL	1035
1170703444435	1	INSTRUCTIONSCROLL	1038
1170703444451	1	INSTRUCTIONSCROLL	1042
1170703444468	1	INSTRUCTIONSCROLL	1045
1170703444485	1	INSTRUCTIONSCROLL	1048
1170703444501	1	INSTRUCTIONSCROLL	1052
1170703444518	1	INSTRUCTIONSCROLL	1055
1170703444535	1	INSTRUCTIONSCROLL	1059
1170703444551	1	INSTRUCTIONSCROLL	1062
1170703444568	1	INSTRUCTIONSCROLL	1065
1170703444585	1	INSTRUCTIONSCROLL	1069
1170703444601	1	INSTRUCTIONSCROLL	1072
1170703444618	1	INSTRUCTIONSCROLL	1075
1170703444635	1	INSTRUCTIONSCROLL	1078
1170703444651	1	INSTRUCTIONSCROLL	1082
1170703444668	1	INSTRUCTIONSCROLL	1085
1170703444685	1	INSTRUCTIONSCROLL	1089
1170703444701	1	INSTRUCTIONSCROLL	1092
1170703444718	1	INSTRUCTIONSCROLL	1095
1170703444734	1	INSTRUCTIONSCROLL	1099
1170703444751	1	INSTRUCTIONSCROLL	1102
1170703444768	1	INSTRUCTIONSCROLL	1105
1170703444783	1	INSTRUCTIONSCROLL	1108
1170703444800	1	INSTRUCTIONSCROLL	1112
1170703444817	1	INSTRUCTIONSCROLL	1115
1170703444833	1	INSTRUCTIONSCROLL	1118
1170703444850	1	INSTRUCTIONSCROLL	1122
1170703444867	1	INSTRUCTIONSCROLL	1125
1170703444883	1	INSTRUCTIONSCROLL	1128
1170703444900	1	INSTRUCTIONSCROLL	1132
1170703444917	1	INSTRUCTIONSCROLL	1135
1170703444933	1	INSTRUCTIONSCROLL	1138
1170703444950	1	INSTRUCTIONSCROLL	1142
1170703444967	1	INSTRUCTIONSCROLL	1145
1170703444983	1	INSTRUCTIONSCROLL	1148
1170703445001	1	INSTRUCTIONSCROLL	1152
1170703445018	1	INSTRUCTIONSCROLL	1155
1170703445034	1	INSTRUCTIONSCROLL	1159
1170703445051	1	INSTRUCTIONSCROLL	1162
1170703445068	1	INSTRUCTIONSCROLL	1165
1170703445084	1	INSTRUCTIONSCROLL	1168
1170703445101	1	INSTRUCTIONSCROLL	1172
1170703445118	1	INSTRUCTIONSCROLL	1175
1170703445134	1	INSTRUCTIONSCROLL	1179
1170703445151	1	INSTRUCTIONSCROLL	1182
1170703445168	1	INSTRUCTIONSCROLL	1185
1170703445184	1	INSTRUCTIONSCROLL	1189
1170703445201	1	INSTRUCTIONSCROLL	1192
1170703445218	1	INSTRUCTIONSCROLL	1195
1170703445234	1	INSTRUCTIONSCROLL	1198
1170703445251	1	INSTRUCTIONSCROLL	1202
1170703445268	1	INSTRUCTIONSCROLL	1205
1170703445284	1	INSTRUCTIONSCROLL	1209
1170703445301	1	INSTRUCTIONSCROLL	1212
1170703445318	1	INSTRUCTIONSCROLL	1215
1170703445334	1	INSTRUCTIONSCROLL	1219
1170703445351	1	INSTRUCTIONSCROLL	1222
1170703445368	1	INSTRUCTIONSCROLL	1225
1170703445384	1	INSTRUCTIONSCROLL	1228
1170703445401	1	INSTRUCTIONSCROLL	1232
1170703445418	1	INSTRUCTIONSCROLL	1235
1170703445434	1	INSTRUCTIONSCROLL	1239
1170703445451	1	INSTRUCTIONSCROLL	1242
1170703445468	1	INSTRUCTIONSCROLL	1245
1170703445484	1	INSTRUCTIONSCROLL	1248
1170703445501	1	INSTRUCTIONSCROLL	1252
1170703445518	1	INSTRUCTIONSCROLL	1255
1170703445534	1	INSTRUCTIONSCROLL	1258
1170703445551	1	INSTRUCTIONSCROLL	1262
1170703445568	1	INSTRUCTIONSCROLL	1265
1170703445584	1	INSTRUCTIONSCROLL	1268
1170703445601	1	INSTRUCTIONSCROLL	1272
1170703445618	1	INSTRUCTIONSCROLL	1275
1170703445634	1	INSTRUCTIONSCROLL	1278
1170703445651	1	INSTRUCTIONSCROLL	1282
1170703445668	1	INSTRUCTIONSCROLL	1285
1170703445684	1	INSTRUCTIONSCROLL	1288
1170703445701	1	INSTRUCTIONSCROLL	1292
1170703445718	1	INSTRUCTIONSCROLL	1295
1170703445734	1	INSTRUCTIONSCROLL	1298
1170703445751	1	INSTRUCTIONSCROLL	1302
1170703445768	1	INSTRUCTIONSCROLL	1305
1170703445783	1	INSTRUCTIONSCROLL	1308
1170703445800	1	INSTRUCTIONSCROLL	1312
1170703445817	1	INSTRUCTIONSCROLL	1315
1170703445833	1	INSTRUCTIONSCROLL	1318
1170703445850	1	INSTRUCTIONSCROLL	1322
1170703445866	1	INSTRUCTIONSCROLL	1325
1170703445883	1	INSTRUCTIONSCROLL	1328
1170703445900	1	INSTRUCTIONSCROLL	1332
1170703445917	1	INSTRUCTIONSCROLL	1335
1170703445934	1	INSTRUCTIONSCROLL	1338
1170703445950	1	INSTRUCTIONSCROLL	1342
1170703445967	1	INSTRUCTIONSCROLL	1345
1170703445983	1	INSTRUCTIONSCROLL	1348
1170703446001	1	INSTRUCTIONSCROLL	1352
1170703446017	1	INSTRUCTIONSCROLL	1355
1170703446034	1	INSTRUCTIONSCROLL	1358
1170703446051	1	INSTRUCTIONSCROLL	1362
1170703446067	1	INSTRUCTIONSCROLL	1365
1170703446084	1	INSTRUCTIONSCROLL	1368
1170703446101	1	INSTRUCTIONSCROLL	1372
1170703446117	1	INSTRUCTIONSCROLL	1375
1170703446134	1	INSTRUCTIONSCROLL	1378
1170703446151	1	INSTRUCTIONSCROLL	1382
1170703446167	1	INSTRUCTIONSCROLL	1385
1170703446184	1	INSTRUCTIONSCROLL	1388
1170703446201	1	INSTRUCTIONSCROLL	1392
1170703446217	1	INSTRUCTIONSCROLL	1395
1170703446234	1	INSTRUCTIONSCROLL	1398
1170703446251	1	INSTRUCTIONSCROLL	1402
1170703446267	1	INSTRUCTIONSCROLL	1405
1170703446284	1	INSTRUCTIONSCROLL	1408
1170703446301	1	INSTRUCTIONSCROLL	1412
1170703446317	1	INSTRUCTIONSCROLL	1415
1170703446334	1	INSTRUCTIONSCROLL	1418
1170703446351	1	INSTRUCTIONSCROLL	1422
1170703446367	1	INSTRUCTIONSCROLL	1425
1170703446384	1	INSTRUCTIONSCROLL	1428
1170703446401	1	INSTRUCTIONSCROLL	1432
1170703446417	1	INSTRUCTIONSCROLL	1435
1170703446434	1	INSTRUCTIONSCROLL	1438
1170703446451	1	INSTRUCTIONSCROLL	1442
1170703446467	1	INSTRUCTIONSCROLL	1445
1170703446484	1	INSTRUCTIONSCROLL	1448
1170703446501	1	INSTRUCTIONSCROLL	1452
1170703446517	1	INSTRUCTIONSCROLL	1455
1170703446534	1	INSTRUCTIONSCROLL	1458
1170703446551	1	INSTRUCTIONSCROLL	1462
1170703446567	1	INSTRUCTIONSCROLL	1465
1170703446584	1	INSTRUCTIONSCROLL	1468
1170703446601	1	INSTRUCTIONSCROLL	1472
1170703446617	1	INSTRUCTIONSCROLL	1475
1170703446634	1	INSTRUCTIONSCROLL	1479
1170703446651	1	INSTRUCTIONSCROLL	1482
1170703446667	1	INSTRUCTIONSCROLL	1485
1170703446684	1	INSTRUCTIONSCROLL	1488
1170703446701	1	INSTRUCTIONSCROLL	1492
1170703446717	1	INSTRUCTIONSCROLL	1495
1170703446734	1	INSTRUCTIONSCROLL	1498
1170703446750	1	INSTRUCTIONSCROLL	1502
1170703446767	1	INSTRUCTIONSCROLL	1505
1170703446783	1	INSTRUCTIONSCROLL	1508
1170703446800	1	INSTRUCTIONSCROLL	1511
1170703446816	1	INSTRUCTIONSCROLL	1515
1170703446833	1	INSTRUCTIONSCROLL	1518
1170703446849	1	INSTRUCTIONSCROLL	1521
1170703446866	1	INSTRUCTIONSCROLL	1525
1170703446883	1	INSTRUCTIONSCROLL	1528
1170703446899	1	INSTRUCTIONSCROLL	1532
1170703446916	1	INSTRUCTIONSCROLL	1535
1170703446933	1	INSTRUCTIONSCROLL	1538
1170703446949	1	INSTRUCTIONSCROLL	1541
1170703446966	1	INSTRUCTIONSCROLL	1545
1170703446983	1	INSTRUCTIONSCROLL	1548
1170703447000	1	INSTRUCTIONSCROLL	1551
1170703447017	1	INSTRUCTIONSCROLL	1555
1170703447034	1	INSTRUCTIONSCROLL	1558
1170703447050	1	INSTRUCTIONSCROLL	1562
1170703447067	1	INSTRUCTIONSCROLL	1565
1170703447084	1	INSTRUCTIONSCROLL	1568
1170703447100	1	INSTRUCTIONSCROLL	1572
1170703447117	1	INSTRUCTIONSCROLL	1575
1170703447134	1	INSTRUCTIONSCROLL	1578
1170703447150	1	INSTRUCTIONSCROLL	1582
1170703447167	1	INSTRUCTIONSCROLL	1585
1170703447184	1	INSTRUCTIONSCROLL	1588
1170703447200	1	INSTRUCTIONSCROLL	1592
1170703447217	1	INSTRUCTIONSCROLL	1595
1170703447234	1	INSTRUCTIONSCROLL	1598
1170703447250	1	INSTRUCTIONSCROLL	1602
1170703447267	1	INSTRUCTIONSCROLL	1605
1170703447284	1	INSTRUCTIONSCROLL	1608
1170703447300	1	INSTRUCTIONSCROLL	1612
1170703447317	1	INSTRUCTIONSCROLL	1615
1170703447334	1	INSTRUCTIONSCROLL	1618
1170703447350	1	INSTRUCTIONSCROLL	1622
1170703447367	1	INSTRUCTIONSCROLL	1625
1170703447384	1	INSTRUCTIONSCROLL	1628
1170703447400	1	INSTRUCTIONSCROLL	1632
1170703447417	1	INSTRUCTIONSCROLL	1635
1170703447434	1	INSTRUCTIONSCROLL	1638
1170703447450	1	INSTRUCTIONSCROLL	1642
1170703450316	1	INSTRUCTIONSCROLL	1643
1170703450333	1	INSTRUCTIONSCROLL	1647
1170703450349	1	INSTRUCTIONSCROLL	1650
1170703450366	1	INSTRUCTIONSCROLL	1654
1170703450383	1	INSTRUCTIONSCROLL	1657
1170703450399	1	INSTRUCTIONSCROLL	1660
1170703450416	1	INSTRUCTIONSCROLL	1664
1170703450433	1	INSTRUCTIONSCROLL	1667
1170703450449	1	INSTRUCTIONSCROLL	1670
1170703450466	1	INSTRUCTIONSCROLL	1674
1170703450483	1	INSTRUCTIONSCROLL	1677
1170703450499	1	INSTRUCTIONSCROLL	1680
1170703450516	1	INSTRUCTIONSCROLL	1684
1170703450533	1	INSTRUCTIONSCROLL	1687
1170703450549	1	INSTRUCTIONSCROLL	1690
1170703450566	1	INSTRUCTIONSCROLL	1694
1170703450583	1	INSTRUCTIONSCROLL	1697
1170703450599	1	INSTRUCTIONSCROLL	1700
1170703450616	1	INSTRUCTIONSCROLL	1704
1170703450633	1	INSTRUCTIONSCROLL	1707
1170703450649	1	INSTRUCTIONSCROLL	1710
1170703450666	1	INSTRUCTIONSCROLL	1714
1170703450683	1	INSTRUCTIONSCROLL	1717
1170703450699	1	INSTRUCTIONSCROLL	1720
1170703450716	1	INSTRUCTIONSCROLL	1724
1170703450733	1	INSTRUCTIONSCROLL	1727
1170703450749	1	INSTRUCTIONSCROLL	1730
1170703450766	1	INSTRUCTIONSCROLL	1734
1170703450782	1	INSTRUCTIONSCROLL	1737
1170703452781	1	INSTRUCTIONSCROLL	1738
1170703452798	1	INSTRUCTIONSCROLL	1741
1170703452814	1	INSTRUCTIONSCROLL	1744
1170703452831	1	INSTRUCTIONSCROLL	1747
1170703452848	1	INSTRUCTIONSCROLL	1751
1170703452864	1	INSTRUCTIONSCROLL	1754
1170703452881	1	INSTRUCTIONSCROLL	1757
1170703452898	1	INSTRUCTIONSCROLL	1761
1170703452914	1	INSTRUCTIONSCROLL	1764
1170703452932	1	INSTRUCTIONSCROLL	1767
1170703452947	1	INSTRUCTIONSCROLL	1771
1170703452964	1	INSTRUCTIONSCROLL	1774
1170703452981	1	INSTRUCTIONSCROLL	1777
1170703452998	1	INSTRUCTIONSCROLL	1781
1170703453015	1	INSTRUCTIONSCROLL	1784
1170703453032	1	INSTRUCTIONSCROLL	1788
1170703453048	1	INSTRUCTIONSCROLL	1791
1170703453065	1	INSTRUCTIONSCROLL	1794
1170703453082	1	INSTRUCTIONSCROLL	1798
1170703453098	1	INSTRUCTIONSCROLL	1801
1170703453115	1	INSTRUCTIONSCROLL	1804
1170703453132	1	INSTRUCTIONSCROLL	1807
1170703453149	1	INSTRUCTIONSCROLL	1811
1170703453165	1	INSTRUCTIONSCROLL	1814
1170703453182	1	INSTRUCTIONSCROLL	1817
1170703453198	1	INSTRUCTIONSCROLL	1821
1170703453215	1	INSTRUCTIONSCROLL	1824
1170703453232	1	INSTRUCTIONSCROLL	1827
1170703453248	1	INSTRUCTIONSCROLL	1831
1170703453265	1	INSTRUCTIONSCROLL	1834
1170703453282	1	INSTRUCTIONSCROLL	1838
1170703453298	1	INSTRUCTIONSCROLL	1841
1170703453315	1	INSTRUCTIONSCROLL	1844
1170703453332	1	INSTRUCTIONSCROLL	1847
1170703453348	1	INSTRUCTIONSCROLL	1851
1170703453365	1	INSTRUCTIONSCROLL	1854
1170703453382	1	INSTRUCTIONSCROLL	1857
1170703453398	1	INSTRUCTIONSCROLL	1861
1170703453415	1	INSTRUCTIONSCROLL	1864
1170703453432	1	INSTRUCTIONSCROLL	1868
1170703453448	1	INSTRUCTIONSCROLL	1871
1170703453465	1	INSTRUCTIONSCROLL	1874
1170703453482	1	INSTRUCTIONSCROLL	1877
1170703453498	1	INSTRUCTIONSCROLL	1881
1170703453515	1	INSTRUCTIONSCROLL	1884
1170703453532	1	INSTRUCTIONSCROLL	1887
1170703453548	1	INSTRUCTIONSCROLL	1891
1170703453565	1	INSTRUCTIONSCROLL	1894
1170703453582	1	INSTRUCTIONSCROLL	1898
1170703453598	1	INSTRUCTIONSCROLL	1901
1170703453615	1	INSTRUCTIONSCROLL	1904
1170703453632	1	INSTRUCTIONSCROLL	1907
1170703453648	1	INSTRUCTIONSCROLL	1911
1170703453665	1	INSTRUCTIONSCROLL	1914
1170703453682	1	INSTRUCTIONSCROLL	1917
1170703453698	1	INSTRUCTIONSCROLL	1921
1170703453715	1	INSTRUCTIONSCROLL	1924
1170703453732	1	INSTRUCTIONSCROLL	1928
1170703453748	1	INSTRUCTIONSCROLL	1931
1170703453765	1	INSTRUCTIONSCROLL	1934
1170703453781	1	INSTRUCTIONSCROLL	1937
1170703453797	1	INSTRUCTIONSCROLL	1941
1170703453814	1	INSTRUCTIONSCROLL	1944
1170703453831	1	INSTRUCTIONSCROLL	1947
1170703453847	1	INSTRUCTIONSCROLL	1951
1170703453864	1	INSTRUCTIONSCROLL	1954
1170703453881	1	INSTRUCTIONSCROLL	1957
1170703453897	1	INSTRUCTIONSCROLL	1961
1170703453914	1	INSTRUCTIONSCROLL	1964
1170703453931	1	INSTRUCTIONSCROLL	1967
1170703453947	1	INSTRUCTIONSCROLL	1971
1170703453964	1	INSTRUCTIONSCROLL	1974
1170703453981	1	INSTRUCTIONSCROLL	1977
1170703453997	1	INSTRUCTIONSCROLL	1981
1170703454015	1	INSTRUCTIONSCROLL	1984
1170703454032	1	INSTRUCTIONSCROLL	1988
1170703454048	1	INSTRUCTIONSCROLL	1991
1170703454065	1	INSTRUCTIONSCROLL	1994
1170703454082	1	INSTRUCTIONSCROLL	1997
1170703454098	1	INSTRUCTIONSCROLL	2001
1170703454115	1	INSTRUCTIONSCROLL	2004
1170703454132	1	INSTRUCTIONSCROLL	2008
1170703454148	1	INSTRUCTIONSCROLL	2011
1170703454165	1	INSTRUCTIONSCROLL	2014
1170703454181	1	INSTRUCTIONSCROLL	2018
1170703454198	1	INSTRUCTIONSCROLL	2021
1170703454215	1	INSTRUCTIONSCROLL	2024
1170703454231	1	INSTRUCTIONSCROLL	2027
1170703454248	1	INSTRUCTIONSCROLL	2031
1170703455314	1	INSTRUCTIONSCROLL	2032
1170703455331	1	INSTRUCTIONSCROLL	2036
1170703455348	1	INSTRUCTIONSCROLL	2039
1170703455364	1	INSTRUCTIONSCROLL	2042
1170703455381	1	INSTRUCTIONSCROLL	2046
1170703455398	1	INSTRUCTIONSCROLL	2049
1170703455414	1	INSTRUCTIONSCROLL	2052
1170703455431	1	INSTRUCTIONSCROLL	2056
1170703455448	1	INSTRUCTIONSCROLL	2059
1170703455464	1	INSTRUCTIONSCROLL	2062
1170703455481	1	INSTRUCTIONSCROLL	2066
1170703455498	1	INSTRUCTIONSCROLL	2069
1170703455514	1	INSTRUCTIONSCROLL	2072
1170703455531	1	INSTRUCTIONSCROLL	2076
1170703455548	1	INSTRUCTIONSCROLL	2079
1170703455564	1	INSTRUCTIONSCROLL	2082
1170703455581	1	INSTRUCTIONSCROLL	2086
1170703455598	1	INSTRUCTIONSCROLL	2089
1170703455614	1	INSTRUCTIONSCROLL	2092
1170703456581	1	INSTRUCTIONSCROLL	2093
1170703456597	1	INSTRUCTIONSCROLL	2094
1170703456614	1	INSTRUCTIONSCROLL	2098
1170703456631	1	INSTRUCTIONSCROLL	2101
1170703456647	1	INSTRUCTIONSCROLL	2104
1170703456664	1	INSTRUCTIONSCROLL	2108
1170703456681	1	INSTRUCTIONSCROLL	2111
1170703456697	1	INSTRUCTIONSCROLL	2114
1170703456714	1	INSTRUCTIONSCROLL	2118
1170703456731	1	INSTRUCTIONSCROLL	2121
1170703456747	1	INSTRUCTIONSCROLL	2124
1170703456764	1	INSTRUCTIONSCROLL	2128
1170703456780	1	INSTRUCTIONSCROLL	2131
1170703456796	1	INSTRUCTIONSCROLL	2134
1170703456813	1	INSTRUCTIONSCROLL	2137
1170703456830	1	INSTRUCTIONSCROLL	2141
1170703456846	1	INSTRUCTIONSCROLL	2144
1170703456863	1	INSTRUCTIONSCROLL	2147
1170703456880	1	INSTRUCTIONSCROLL	2151
1170703456896	1	INSTRUCTIONSCROLL	2154
1170703456913	1	INSTRUCTIONSCROLL	2157
1170703456930	1	INSTRUCTIONSCROLL	2161
1170703456946	1	INSTRUCTIONSCROLL	2164
1170703456963	1	INSTRUCTIONSCROLL	2167
1170703456980	1	INSTRUCTIONSCROLL	2171
1170703456996	1	INSTRUCTIONSCROLL	2174
1170703457014	1	INSTRUCTIONSCROLL	2177
1170703457031	1	INSTRUCTIONSCROLL	2181
1170703457047	1	INSTRUCTIONSCROLL	2184
1170703457064	1	INSTRUCTIONSCROLL	2188
1170703457081	1	INSTRUCTIONSCROLL	2191
1170703457097	1	INSTRUCTIONSCROLL	2194
1170703457114	1	INSTRUCTIONSCROLL	2198
1170703457131	1	INSTRUCTIONSCROLL	2201
1170703457147	1	INSTRUCTIONSCROLL	2204
1170703457164	1	INSTRUCTIONSCROLL	2207
1170703457181	1	INSTRUCTIONSCROLL	2211
1170703457197	1	INSTRUCTIONSCROLL	2214
1170703457214	1	INSTRUCTIONSCROLL	2218
1170703457230	1	INSTRUCTIONSCROLL	2221
1170703457247	1	INSTRUCTIONSCROLL	2224
1170703457264	1	INSTRUCTIONSCROLL	2228
1170703457280	1	INSTRUCTIONSCROLL	2231
1170703457297	1	INSTRUCTIONSCROLL	2234
1170703457314	1	INSTRUCTIONSCROLL	2238
1170703457331	1	INSTRUCTIONSCROLL	2241
1170703457347	1	INSTRUCTIONSCROLL	2244
1170703457364	1	INSTRUCTIONSCROLL	2248
1170703457380	1	INSTRUCTIONSCROLL	2251
1170703457397	1	INSTRUCTIONSCROLL	2254
1170703457414	1	INSTRUCTIONSCROLL	2258
1170703457431	1	INSTRUCTIONSCROLL	2261
1170703457447	1	INSTRUCTIONSCROLL	2264
1170703457464	1	INSTRUCTIONSCROLL	2267
1170703457480	1	INSTRUCTIONSCROLL	2271
1170703457497	1	INSTRUCTIONSCROLL	2274
1170703457514	1	INSTRUCTIONSCROLL	2278
1170703457530	1	INSTRUCTIONSCROLL	2281
1170703457547	1	INSTRUCTIONSCROLL	2284
1170703457564	1	INSTRUCTIONSCROLL	2288
1170703457580	1	INSTRUCTIONSCROLL	2291
1170703457597	1	INSTRUCTIONSCROLL	2294
1170703457614	1	INSTRUCTIONSCROLL	2297
1170703457630	1	INSTRUCTIONSCROLL	2301
1170703457647	1	INSTRUCTIONSCROLL	2304
1170703457664	1	INSTRUCTIONSCROLL	2308
1170703457680	1	INSTRUCTIONSCROLL	2311
1170703457697	1	INSTRUCTIONSCROLL	2314
1170703457714	1	INSTRUCTIONSCROLL	2318
1170703457730	1	INSTRUCTIONSCROLL	2321
1170703457747	1	INSTRUCTIONSCROLL	2324
1170703457764	1	INSTRUCTIONSCROLL	2327
1170703457779	1	INSTRUCTIONSCROLL	2331
1170703457796	1	INSTRUCTIONSCROLL	2334
1170703457813	1	INSTRUCTIONSCROLL	2337
1170703457829	1	INSTRUCTIONSCROLL	2341
1170703457846	1	INSTRUCTIONSCROLL	2344
1170703457863	1	INSTRUCTIONSCROLL	2347
1170703457879	1	INSTRUCTIONSCROLL	2351
1170703457896	1	INSTRUCTIONSCROLL	2354
1170703457913	1	INSTRUCTIONSCROLL	2357
1170703457929	1	INSTRUCTIONSCROLL	2361
1170703457946	1	INSTRUCTIONSCROLL	2364
1170703457963	1	INSTRUCTIONSCROLL	2367
1170703457979	1	INSTRUCTIONSCROLL	2371
1170703457996	1	INSTRUCTIONSCROLL	2374
1170703458014	1	INSTRUCTIONSCROLL	2377
1170703458030	1	INSTRUCTIONSCROLL	2381
1170703458047	1	INSTRUCTIONSCROLL	2384
1170703458064	1	INSTRUCTIONSCROLL	2387
1170703458080	1	INSTRUCTIONSCROLL	2391
1170703458097	1	INSTRUCTIONSCROLL	2394
1170703458114	1	INSTRUCTIONSCROLL	2398
1170703458130	1	INSTRUCTIONSCROLL	2401
1170703458147	1	INSTRUCTIONSCROLL	2404
1170703458164	1	INSTRUCTIONSCROLL	2408
1170703458180	1	INSTRUCTIONSCROLL	2411
1170703458197	1	INSTRUCTIONSCROLL	2414
1170703458214	1	INSTRUCTIONSCROLL	2417
1170703458230	1	INSTRUCTIONSCROLL	2421
1170703458247	1	INSTRUCTIONSCROLL	2424
1170703458263	1	INSTRUCTIONSCROLL	2428
1170703458280	1	INSTRUCTIONSCROLL	2431
1170703458297	1	INSTRUCTIONSCROLL	2434
1170703458313	1	INSTRUCTIONSCROLL	2437
1170703458330	1	INSTRUCTIONSCROLL	2441
1170703458347	1	INSTRUCTIONSCROLL	2444
1170703458363	1	INSTRUCTIONSCROLL	2447
1170703458380	1	INSTRUCTIONSCROLL	2451
1170703458397	1	INSTRUCTIONSCROLL	2454
1170703458413	1	INSTRUCTIONSCROLL	2458
1170703458430	1	INSTRUCTIONSCROLL	2461
1170703458447	1	INSTRUCTIONSCROLL	2464
1170703458463	1	INSTRUCTIONSCROLL	2467
1170703458480	1	INSTRUCTIONSCROLL	2471
1170703458497	1	INSTRUCTIONSCROLL	2474
1170703458513	1	INSTRUCTIONSCROLL	2478
1170703458530	1	INSTRUCTIONSCROLL	2481
1170703458547	1	INSTRUCTIONSCROLL	2484
1170703458563	1	INSTRUCTIONSCROLL	2488
1170703458580	1	INSTRUCTIONSCROLL	2491
1170703458597	1	INSTRUCTIONSCROLL	2494
1170703458613	1	INSTRUCTIONSCROLL	2497
1170703458630	1	INSTRUCTIONSCROLL	2501
1170703458647	1	INSTRUCTIONSCROLL	2504
1170703458663	1	INSTRUCTIONSCROLL	2508
1170703458680	1	INSTRUCTIONSCROLL	2511
1170703458697	1	INSTRUCTIONSCROLL	2514
1170703458713	1	INSTRUCTIONSCROLL	2518
1170703458730	1	INSTRUCTIONSCROLL	2521
1170703458747	1	INSTRUCTIONSCROLL	2524
1170703458763	1	INSTRUCTIONSCROLL	2527
1170703458779	1	INSTRUCTIONSCROLL	2531
1170703458796	1	INSTRUCTIONSCROLL	2534
1170703458812	1	INSTRUCTIONSCROLL	2537
1170703458829	1	INSTRUCTIONSCROLL	2541
1170703458846	1	INSTRUCTIONSCROLL	2544
1170703458862	1	INSTRUCTIONSCROLL	2547
1170703458879	1	INSTRUCTIONSCROLL	2551
1170703458896	1	INSTRUCTIONSCROLL	2554
1170703458912	1	INSTRUCTIONSCROLL	2557
1170703458929	1	INSTRUCTIONSCROLL	2561
1170703458946	1	INSTRUCTIONSCROLL	2564
1170703458962	1	INSTRUCTIONSCROLL	2567
1170703458979	1	INSTRUCTIONSCROLL	2571
1170703458996	1	INSTRUCTIONSCROLL	2574
1170703459013	1	INSTRUCTIONSCROLL	2577
1170703459030	1	INSTRUCTIONSCROLL	2581
1170703459047	1	INSTRUCTIONSCROLL	2584
1170703459063	1	INSTRUCTIONSCROLL	2587
1170703459080	1	INSTRUCTIONSCROLL	2591
1170703459097	1	INSTRUCTIONSCROLL	2594
1170703459113	1	INSTRUCTIONSCROLL	2597
1170703459130	1	INSTRUCTIONSCROLL	2601
1170703459147	1	INSTRUCTIONSCROLL	2604
1170703459163	1	INSTRUCTIONSCROLL	2607
1170703459180	1	INSTRUCTIONSCROLL	2611
1170703459196	1	INSTRUCTIONSCROLL	2614
1170703459213	1	INSTRUCTIONSCROLL	2617
1170703459230	1	INSTRUCTIONSCROLL	2621
1170703459247	1	INSTRUCTIONSCROLL	2624
1170703459263	1	INSTRUCTIONSCROLL	2627
1170703459280	1	INSTRUCTIONSCROLL	2631
1170703459296	1	INSTRUCTIONSCROLL	2634
1170703459313	1	INSTRUCTIONSCROLL	2637
1170703459330	1	INSTRUCTIONSCROLL	2641
1170703459347	1	INSTRUCTIONSCROLL	2644
1170703459363	1	INSTRUCTIONSCROLL	2647
1170703459380	1	INSTRUCTIONSCROLL	2651
1170703459396	1	INSTRUCTIONSCROLL	2654
1170703459413	1	INSTRUCTIONSCROLL	2657
1170703459430	1	INSTRUCTIONSCROLL	2661
1170703459446	1	INSTRUCTIONSCROLL	2664
1170703459463	1	INSTRUCTIONSCROLL	2667
1170703459480	1	INSTRUCTIONSCROLL	2671
1170703459496	1	INSTRUCTIONSCROLL	2674
1170703459513	1	INSTRUCTIONSCROLL	2677
1170703459530	1	INSTRUCTIONSCROLL	2681
1170703459546	1	INSTRUCTIONSCROLL	2684
1170703459563	1	INSTRUCTIONSCROLL	2687
1170703459580	1	INSTRUCTIONSCROLL	2691
1170703459596	1	INSTRUCTIONSCROLL	2694
1170703459613	1	INSTRUCTIONSCROLL	2697
1170703459630	1	INSTRUCTIONSCROLL	2701
1170703459646	1	INSTRUCTIONSCROLL	2704
1170703459663	1	INSTRUCTIONSCROLL	2707
1170703459680	1	INSTRUCTIONSCROLL	2711
1170703459696	1	INSTRUCTIONSCROLL	2714
1170703459713	1	INSTRUCTIONSCROLL	2717
1170703459730	1	INSTRUCTIONSCROLL	2721
1170703459746	1	INSTRUCTIONSCROLL	2724
1170703459763	1	INSTRUCTIONSCROLL	2727
1170703459779	1	INSTRUCTIONSCROLL	2731
1170703459795	1	INSTRUCTIONSCROLL	2734
1170703459812	1	INSTRUCTIONSCROLL	2737
1170703459829	1	INSTRUCTIONSCROLL	2741
1170703459845	1	INSTRUCTIONSCROLL	2744
1170703459862	1	INSTRUCTIONSCROLL	2747
1170703459879	1	INSTRUCTIONSCROLL	2751
1170703459895	1	INSTRUCTIONSCROLL	2754
1170703459912	1	INSTRUCTIONSCROLL	2757
1170703459929	1	INSTRUCTIONSCROLL	2760
1170703459945	1	INSTRUCTIONSCROLL	2764
1170703459962	1	INSTRUCTIONSCROLL	2767
1170703459979	1	INSTRUCTIONSCROLL	2771
1170703459995	1	INSTRUCTIONSCROLL	2774
1170703460013	1	INSTRUCTIONSCROLL	2777
1170703460030	1	INSTRUCTIONSCROLL	2781
1170703460046	1	INSTRUCTIONSCROLL	2784
1170703460063	1	INSTRUCTIONSCROLL	2787
1170703460080	1	INSTRUCTIONSCROLL	2791
1170703460096	1	INSTRUCTIONSCROLL	2794
1170703460113	1	INSTRUCTIONSCROLL	2797
1170703460130	1	INSTRUCTIONSCROLL	2801
1170703460146	1	INSTRUCTIONSCROLL	2804
1170703460163	1	INSTRUCTIONSCROLL	2807
1170703460180	1	INSTRUCTIONSCROLL	2811
1170703460196	1	INSTRUCTIONSCROLL	2814
1170703460213	1	INSTRUCTIONSCROLL	2817
1170703460230	1	INSTRUCTIONSCROLL	2821
1170703460246	1	INSTRUCTIONSCROLL	2824
1170703460263	1	INSTRUCTIONSCROLL	2827
1170703460280	1	INSTRUCTIONSCROLL	2831
1170703460296	1	INSTRUCTIONSCROLL	2834
1170703460313	1	INSTRUCTIONSCROLL	2837
1170703460330	1	INSTRUCTIONSCROLL	2841
1170703460346	1	INSTRUCTIONSCROLL	2844
1170703460363	1	INSTRUCTIONSCROLL	2847
1170703460380	1	INSTRUCTIONSCROLL	2851
1170703460396	1	INSTRUCTIONSCROLL	2854
1170703460413	1	INSTRUCTIONSCROLL	2857
1170703460429	1	INSTRUCTIONSCROLL	2861
1170703460446	1	INSTRUCTIONSCROLL	2864
1170703460463	1	INSTRUCTIONSCROLL	2867
1170703460479	1	INSTRUCTIONSCROLL	2871
1170703460496	1	INSTRUCTIONSCROLL	2874
1170703460513	1	INSTRUCTIONSCROLL	2877
1170703460530	1	INSTRUCTIONSCROLL	2881
1170703460546	1	INSTRUCTIONSCROLL	2884
1170703460563	1	INSTRUCTIONSCROLL	2887
1170703460579	1	INSTRUCTIONSCROLL	2891
1170703460596	1	INSTRUCTIONSCROLL	2894
1170703460613	1	INSTRUCTIONSCROLL	2897
1170703460629	1	INSTRUCTIONSCROLL	2901
1170703460646	1	INSTRUCTIONSCROLL	2904
1170703460663	1	INSTRUCTIONSCROLL	2907
1170703460679	1	INSTRUCTIONSCROLL	2911
1170703460696	1	INSTRUCTIONSCROLL	2914
1170703460713	1	INSTRUCTIONSCROLL	2917
1170703460729	1	INSTRUCTIONSCROLL	2921
1170703460746	1	INSTRUCTIONSCROLL	2924
1170703460763	1	INSTRUCTIONSCROLL	2927
1170703460778	1	INSTRUCTIONSCROLL	2931
1170703460795	1	INSTRUCTIONSCROLL	2934
1170703460812	1	INSTRUCTIONSCROLL	2937
1170703460828	1	INSTRUCTIONSCROLL	2940
1170703460845	1	INSTRUCTIONSCROLL	2944
1170703460862	1	INSTRUCTIONSCROLL	2947
1170703460878	1	INSTRUCTIONSCROLL	2950
1170703460895	1	INSTRUCTIONSCROLL	2954
1170703460912	1	INSTRUCTIONSCROLL	2957
1170703460928	1	INSTRUCTIONSCROLL	2960
1170703460945	1	INSTRUCTIONSCROLL	2964
1170703460962	1	INSTRUCTIONSCROLL	2967
1170703460978	1	INSTRUCTIONSCROLL	2970
1170703460995	1	INSTRUCTIONSCROLL	2974
1170703461013	1	INSTRUCTIONSCROLL	2977
1170703461029	1	INSTRUCTIONSCROLL	2981
1170703461046	1	INSTRUCTIONSCROLL	2984
1170703461063	1	INSTRUCTIONSCROLL	2987
1170703461079	1	INSTRUCTIONSCROLL	2991
1170703461096	1	INSTRUCTIONSCROLL	2994
1170703461113	1	INSTRUCTIONSCROLL	2997
1170703461129	1	INSTRUCTIONSCROLL	3001
1170703461146	1	INSTRUCTIONSCROLL	3004
1170703461163	1	INSTRUCTIONSCROLL	3007
1170703461179	1	INSTRUCTIONSCROLL	3011
1170703461196	1	INSTRUCTIONSCROLL	3014
1170703461213	1	INSTRUCTIONSCROLL	3017
1170703461229	1	INSTRUCTIONSCROLL	3021
1170703461246	1	INSTRUCTIONSCROLL	3024
1170703461263	1	INSTRUCTIONSCROLL	3027
1170703461279	1	INSTRUCTIONSCROLL	3031
1170703461296	1	INSTRUCTIONSCROLL	3034
1170703461313	1	INSTRUCTIONSCROLL	3037
1170703461329	1	INSTRUCTIONSCROLL	3041
1170703461346	1	INSTRUCTIONSCROLL	3044
1170703461363	1	INSTRUCTIONSCROLL	3047
1170703461379	1	INSTRUCTIONSCROLL	3051
1170703461396	1	INSTRUCTIONSCROLL	3054
1170703461413	1	INSTRUCTIONSCROLL	3057
1170703461429	1	INSTRUCTIONSCROLL	3061
1170703461446	1	INSTRUCTIONSCROLL	3064
1170703461462	1	INSTRUCTIONSCROLL	3067
1170703461479	1	INSTRUCTIONSCROLL	3071
1170703461496	1	INSTRUCTIONSCROLL	3074
1170703461512	1	INSTRUCTIONSCROLL	3077
1170703461529	1	INSTRUCTIONSCROLL	3081
1170703461546	1	INSTRUCTIONSCROLL	3084
1170703461562	1	INSTRUCTIONSCROLL	3087
1170703461579	1	INSTRUCTIONSCROLL	3091
1170703461596	1	INSTRUCTIONSCROLL	3094
1170703461612	1	INSTRUCTIONSCROLL	3097
1170703461629	1	INSTRUCTIONSCROLL	3101
1170703461646	1	INSTRUCTIONSCROLL	3104
1170703461662	1	INSTRUCTIONSCROLL	3107
1170703461679	1	INSTRUCTIONSCROLL	3111
1170703461696	1	INSTRUCTIONSCROLL	3114
1170703461712	1	INSTRUCTIONSCROLL	3117
1170703461729	1	INSTRUCTIONSCROLL	3121
1170703461746	1	INSTRUCTIONSCROLL	3124
1170703461762	1	INSTRUCTIONSCROLL	3127
1170703461778	1	INSTRUCTIONSCROLL	3131
1170703461795	1	INSTRUCTIONSCROLL	3134
1170703461811	1	INSTRUCTIONSCROLL	3137
1170703461828	1	INSTRUCTIONSCROLL	3140
1170703461845	1	INSTRUCTIONSCROLL	3144
1170703461861	1	INSTRUCTIONSCROLL	3147
1170703461878	1	INSTRUCTIONSCROLL	3150
1170703461895	1	INSTRUCTIONSCROLL	3154
1170703461911	1	INSTRUCTIONSCROLL	3157
1170703461928	1	INSTRUCTIONSCROLL	3160
1170703461945	1	INSTRUCTIONSCROLL	3164
1170703461961	1	INSTRUCTIONSCROLL	3167
1170703461978	1	INSTRUCTIONSCROLL	3170
1170703461995	1	INSTRUCTIONSCROLL	3174
1170703462012	1	INSTRUCTIONSCROLL	3177
1170703462029	1	INSTRUCTIONSCROLL	3181
1170703462046	1	INSTRUCTIONSCROLL	3184
1170703462062	1	INSTRUCTIONSCROLL	3187
1170703462079	1	INSTRUCTIONSCROLL	3191
1170703462096	1	INSTRUCTIONSCROLL	3194
1170703462112	1	INSTRUCTIONSCROLL	3197
1170703462129	1	INSTRUCTIONSCROLL	3201
1170703462146	1	INSTRUCTIONSCROLL	3204
1170703462162	1	INSTRUCTIONSCROLL	3207
1170703462179	1	INSTRUCTIONSCROLL	3211
1170703462196	1	INSTRUCTIONSCROLL	3214
1170703462212	1	INSTRUCTIONSCROLL	3217
1170703462229	1	INSTRUCTIONSCROLL	3221
1170703462246	1	INSTRUCTIONSCROLL	3224
1170703462262	1	INSTRUCTIONSCROLL	3227
1170703462279	1	INSTRUCTIONSCROLL	3231
1170703462296	1	INSTRUCTIONSCROLL	3234
1170703462312	1	INSTRUCTIONSCROLL	3237
1170703462329	1	INSTRUCTIONSCROLL	3241
1170703462346	1	INSTRUCTIONSCROLL	3244
1170703462362	1	INSTRUCTIONSCROLL	3247
1170703462379	1	INSTRUCTIONSCROLL	3251
1170703462396	1	INSTRUCTIONSCROLL	3254
1170703462412	1	INSTRUCTIONSCROLL	3257
1170703462429	1	INSTRUCTIONSCROLL	3261
1170703462446	1	INSTRUCTIONSCROLL	3264
1170703462462	1	INSTRUCTIONSCROLL	3267
1170703462479	1	INSTRUCTIONSCROLL	3271
1170703462496	1	INSTRUCTIONSCROLL	3274
1170703462512	1	INSTRUCTIONSCROLL	3277
1170703462529	1	INSTRUCTIONSCROLL	3281
1170703462546	1	INSTRUCTIONSCROLL	3284
1170703462562	1	INSTRUCTIONSCROLL	3287
1170703462579	1	INSTRUCTIONSCROLL	3291
1170703462596	1	INSTRUCTIONSCROLL	3294
1170703462612	1	INSTRUCTIONSCROLL	3297
1170703462629	1	INSTRUCTIONSCROLL	3301
1170703462645	1	INSTRUCTIONSCROLL	3304
1170703462662	1	INSTRUCTIONSCROLL	3307
1170703462679	1	INSTRUCTIONSCROLL	3311
1170703462695	1	INSTRUCTIONSCROLL	3314
1170703462712	1	INSTRUCTIONSCROLL	3317
1170703462729	1	INSTRUCTIONSCROLL	3321
1170703462745	1	INSTRUCTIONSCROLL	3324
1170703462762	1	INSTRUCTIONSCROLL	3327
1170703462778	1	INSTRUCTIONSCROLL	3331
1170703462794	1	INSTRUCTIONSCROLL	3334
1170703462811	1	INSTRUCTIONSCROLL	3337
1170703462828	1	INSTRUCTIONSCROLL	3340
1170703462844	1	INSTRUCTIONSCROLL	3344
1170703462861	1	INSTRUCTIONSCROLL	3347
1170703462878	1	INSTRUCTIONSCROLL	3350
1170703462894	1	INSTRUCTIONSCROLL	3354
1170703462911	1	INSTRUCTIONSCROLL	3357
1170703462928	1	INSTRUCTIONSCROLL	3360
1170703462944	1	INSTRUCTIONSCROLL	3364
1170703462961	1	INSTRUCTIONSCROLL	3367
1170703462978	1	INSTRUCTIONSCROLL	3370
1170703462994	1	INSTRUCTIONSCROLL	3374
1170703463012	1	INSTRUCTIONSCROLL	3377
1170703463029	1	INSTRUCTIONSCROLL	3380
1170703463045	1	INSTRUCTIONSCROLL	3384
1170703463062	1	INSTRUCTIONSCROLL	3387
1170703463079	1	INSTRUCTIONSCROLL	3391
1170703463095	1	INSTRUCTIONSCROLL	3394
1170703463112	1	INSTRUCTIONSCROLL	3397
1170703463129	1	INSTRUCTIONSCROLL	3401
1170703463145	1	INSTRUCTIONSCROLL	3404
1170703463162	1	INSTRUCTIONSCROLL	3407
1170703463179	1	INSTRUCTIONSCROLL	3410
1170703463195	1	INSTRUCTIONSCROLL	3414
1170703463212	1	INSTRUCTIONSCROLL	3417
1170703463229	1	INSTRUCTIONSCROLL	3421
1170703463245	1	INSTRUCTIONSCROLL	3424
1170703463262	1	INSTRUCTIONSCROLL	3427
1170703463279	1	INSTRUCTIONSCROLL	3431
1170703463295	1	INSTRUCTIONSCROLL	3434
1170703463312	1	INSTRUCTIONSCROLL	3437
1170703463329	1	INSTRUCTIONSCROLL	3440
1170703463345	1	INSTRUCTIONSCROLL	3444
1170703463362	1	INSTRUCTIONSCROLL	3447
1170703463379	1	INSTRUCTIONSCROLL	3451
1170703463395	1	INSTRUCTIONSCROLL	3454
1170703463412	1	INSTRUCTIONSCROLL	3457
1170703463428	1	INSTRUCTIONSCROLL	3461
1170703463445	1	INSTRUCTIONSCROLL	3464
1170703463462	1	INSTRUCTIONSCROLL	3467
1170703463478	1	INSTRUCTIONSCROLL	3470
1170703463495	1	INSTRUCTIONSCROLL	3474
1170703463512	1	INSTRUCTIONSCROLL	3477
1170703463529	1	INSTRUCTIONSCROLL	3481
1170703463545	1	INSTRUCTIONSCROLL	3484
1170703463562	1	INSTRUCTIONSCROLL	3487
1170703463579	1	INSTRUCTIONSCROLL	3491
1170703463595	1	INSTRUCTIONSCROLL	3494
1170703463612	1	INSTRUCTIONSCROLL	3497
1170703463628	1	INSTRUCTIONSCROLL	3500
1170703463645	1	INSTRUCTIONSCROLL	3504
1170703463662	1	INSTRUCTIONSCROLL	3507
1170703463678	1	INSTRUCTIONSCROLL	3511
1170703463695	1	INSTRUCTIONSCROLL	3514
1170703463712	1	INSTRUCTIONSCROLL	3517
1170703463728	1	INSTRUCTIONSCROLL	3521
1170703463745	1	INSTRUCTIONSCROLL	3524
1170703463762	1	INSTRUCTIONSCROLL	3527
1170703463777	1	INSTRUCTIONSCROLL	3530
1170703463794	1	INSTRUCTIONSCROLL	3534
1170703463811	1	INSTRUCTIONSCROLL	3537
1170703463827	1	INSTRUCTIONSCROLL	3540
1170703463844	1	INSTRUCTIONSCROLL	3544
1170703463861	1	INSTRUCTIONSCROLL	3547
1170703463877	1	INSTRUCTIONSCROLL	3550
1170703463894	1	INSTRUCTIONSCROLL	3554
1170703463911	1	INSTRUCTIONSCROLL	3557
1170703463927	1	INSTRUCTIONSCROLL	3560
1170703463944	1	INSTRUCTIONSCROLL	3564
1170703463961	1	INSTRUCTIONSCROLL	3567
1170703463977	1	INSTRUCTIONSCROLL	3570
1170703463994	1	INSTRUCTIONSCROLL	3574
1170703464012	1	INSTRUCTIONSCROLL	3577
1170703464028	1	INSTRUCTIONSCROLL	3581
1170703464045	1	INSTRUCTIONSCROLL	3584
1170703464062	1	INSTRUCTIONSCROLL	3587
1170703464078	1	INSTRUCTIONSCROLL	3590
1170703464095	1	INSTRUCTIONSCROLL	3594
1170703464112	1	INSTRUCTIONSCROLL	3597
1170703464128	1	INSTRUCTIONSCROLL	3600
1170703464145	1	INSTRUCTIONSCROLL	3604
1170703464162	1	INSTRUCTIONSCROLL	3607
1170703464178	1	INSTRUCTIONSCROLL	3610
1170703464195	1	INSTRUCTIONSCROLL	3614
1170703464212	1	INSTRUCTIONSCROLL	3617
1170703464228	1	INSTRUCTIONSCROLL	3620
1170703464245	1	INSTRUCTIONSCROLL	3624
1170703464262	1	INSTRUCTIONSCROLL	3627
1170703464278	1	INSTRUCTIONSCROLL	3631
1170703464295	1	INSTRUCTIONSCROLL	3634
1170703464312	1	INSTRUCTIONSCROLL	3637
1170703464328	1	INSTRUCTIONSCROLL	3640
1170703464345	1	INSTRUCTIONSCROLL	3644
1170703464362	1	INSTRUCTIONSCROLL	3647
1170703464378	1	INSTRUCTIONSCROLL	3650
1170703464395	1	INSTRUCTIONSCROLL	3654
1170703464412	1	INSTRUCTIONSCROLL	3657
1170703464428	1	INSTRUCTIONSCROLL	3660
1170703464445	1	INSTRUCTIONSCROLL	3664
1170703464462	1	INSTRUCTIONSCROLL	3667
1170703464478	1	INSTRUCTIONSCROLL	3670
1170703464495	1	INSTRUCTIONSCROLL	3674
1170703464512	1	INSTRUCTIONSCROLL	3677
1170703464528	1	INSTRUCTIONSCROLL	3680
1170703464545	1	INSTRUCTIONSCROLL	3684
1170703464562	1	INSTRUCTIONSCROLL	3687
1170703464578	1	INSTRUCTIONSCROLL	3690
1170703464595	1	INSTRUCTIONSCROLL	3694
1170703464612	1	INSTRUCTIONSCROLL	3697
1170703464628	1	INSTRUCTIONSCROLL	3700
1170703464645	1	INSTRUCTIONSCROLL	3704
1170703464661	1	INSTRUCTIONSCROLL	3707
1170703464678	1	INSTRUCTIONSCROLL	3710
1170703464695	1	INSTRUCTIONSCROLL	3714
1170703464711	1	INSTRUCTIONSCROLL	3717
1170703464728	1	INSTRUCTIONSCROLL	3720
1170703464745	1	INSTRUCTIONSCROLL	3724
1170703464761	1	INSTRUCTIONSCROLL	3727
1170703464777	1	INSTRUCTIONSCROLL	3730
1170703464794	1	INSTRUCTIONSCROLL	3733
1170703464810	1	INSTRUCTIONSCROLL	3737
1170703464827	1	INSTRUCTIONSCROLL	3740
1170703464844	1	INSTRUCTIONSCROLL	3744
1170703464860	1	INSTRUCTIONSCROLL	3747
1170703464877	1	INSTRUCTIONSCROLL	3750
1170703464894	1	INSTRUCTIONSCROLL	3754
1170703464910	1	INSTRUCTIONSCROLL	3757
1170703464927	1	INSTRUCTIONSCROLL	3760
1170703464944	1	INSTRUCTIONSCROLL	3764
1170703464960	1	INSTRUCTIONSCROLL	3767
1170703464977	1	INSTRUCTIONSCROLL	3770
1170703464994	1	INSTRUCTIONSCROLL	3774
1170703465011	1	INSTRUCTIONSCROLL	3777
1170703465028	1	INSTRUCTIONSCROLL	3780
1170703465045	1	INSTRUCTIONSCROLL	3784
1170703465061	1	INSTRUCTIONSCROLL	3787
1170703465078	1	INSTRUCTIONSCROLL	3790
1170703465095	1	INSTRUCTIONSCROLL	3794
1170703465111	1	INSTRUCTIONSCROLL	3797
1170703465128	1	INSTRUCTIONSCROLL	3800
1170703465145	1	INSTRUCTIONSCROLL	3804
1170703465161	1	INSTRUCTIONSCROLL	3807
1170703465178	1	INSTRUCTIONSCROLL	3810
1170703465195	1	INSTRUCTIONSCROLL	3814
1170703465211	1	INSTRUCTIONSCROLL	3817
1170703465228	1	INSTRUCTIONSCROLL	3820
1170703465245	1	INSTRUCTIONSCROLL	3824
1170703465261	1	INSTRUCTIONSCROLL	3827
1170703465278	1	INSTRUCTIONSCROLL	3830
1170703465295	1	INSTRUCTIONSCROLL	3834
1170703465311	1	INSTRUCTIONSCROLL	3837
1170703465328	1	INSTRUCTIONSCROLL	3840
1170703465345	1	INSTRUCTIONSCROLL	3844
1170703465361	1	INSTRUCTIONSCROLL	3847
1170703465378	1	INSTRUCTIONSCROLL	3850
1170703465395	1	INSTRUCTIONSCROLL	3854
1170703465411	1	INSTRUCTIONSCROLL	3857
1170703465428	1	INSTRUCTIONSCROLL	3860
1170703465445	1	INSTRUCTIONSCROLL	3864
1170703465461	1	INSTRUCTIONSCROLL	3867
1170703465478	1	INSTRUCTIONSCROLL	3870
1170703465495	1	INSTRUCTIONSCROLL	3874
1170703465511	1	INSTRUCTIONSCROLL	3877
1170703465528	1	INSTRUCTIONSCROLL	3880
1170703465545	1	INSTRUCTIONSCROLL	3884
1170703465561	1	INSTRUCTIONSCROLL	3887
1170703465578	1	INSTRUCTIONSCROLL	3890
1170703465595	1	INSTRUCTIONSCROLL	3894
1170703465611	1	INSTRUCTIONSCROLL	3897
1170703465628	1	INSTRUCTIONSCROLL	3900
1170703465644	1	INSTRUCTIONSCROLL	3904
1170703465661	1	INSTRUCTIONSCROLL	3907
1170703465678	1	INSTRUCTIONSCROLL	3910
1170703465694	1	INSTRUCTIONSCROLL	3914
1170703465711	1	INSTRUCTIONSCROLL	3917
1170703465728	1	INSTRUCTIONSCROLL	3920
1170703465744	1	INSTRUCTIONSCROLL	3924
1170703465761	1	INSTRUCTIONSCROLL	3927
1170703465777	1	INSTRUCTIONSCROLL	3930
1170703465793	1	INSTRUCTIONSCROLL	3933
1170703465810	1	INSTRUCTIONSCROLL	3937
1170703465827	1	INSTRUCTIONSCROLL	3940
1170703465843	1	INSTRUCTIONSCROLL	3943
1170703465860	1	INSTRUCTIONSCROLL	3947
1170703465877	1	INSTRUCTIONSCROLL	3950
1170703465893	1	INSTRUCTIONSCROLL	3953
1170703465910	1	INSTRUCTIONSCROLL	3957
1170703465927	1	INSTRUCTIONSCROLL	3960
1170703465943	1	INSTRUCTIONSCROLL	3963
1170703465960	1	INSTRUCTIONSCROLL	3967
1170703465977	1	INSTRUCTIONSCROLL	3970
1170703465993	1	INSTRUCTIONSCROLL	3973
1170703466011	1	INSTRUCTIONSCROLL	3977
1170703466028	1	INSTRUCTIONSCROLL	3980
1170703466044	1	INSTRUCTIONSCROLL	3984
1170703466061	1	INSTRUCTIONSCROLL	3987
1170703466078	1	INSTRUCTIONSCROLL	3990
1170703466094	1	INSTRUCTIONSCROLL	3994
1170703466111	1	INSTRUCTIONSCROLL	3997
1170703466128	1	INSTRUCTIONSCROLL	4000
1170703466144	1	INSTRUCTIONSCROLL	4004
1170703466161	1	INSTRUCTIONSCROLL	4007
1170703466178	1	INSTRUCTIONSCROLL	4010
1170703466194	1	INSTRUCTIONSCROLL	4014
1170703466211	1	INSTRUCTIONSCROLL	4017
1170703466228	1	INSTRUCTIONSCROLL	4020
1170703466244	1	INSTRUCTIONSCROLL	4024
1170703466261	1	INSTRUCTIONSCROLL	4027
1170703466278	1	INSTRUCTIONSCROLL	4030
1170703466294	1	INSTRUCTIONSCROLL	4034
1170703466311	1	INSTRUCTIONSCROLL	4037
1170703466328	1	INSTRUCTIONSCROLL	4040
1170703466344	1	INSTRUCTIONSCROLL	4044
1170703466361	1	INSTRUCTIONSCROLL	4047
1170703466378	1	INSTRUCTIONSCROLL	4050
1170703466394	1	INSTRUCTIONSCROLL	4054
1170703466411	1	INSTRUCTIONSCROLL	4057
1170703466428	1	INSTRUCTIONSCROLL	4060
1170703466444	1	INSTRUCTIONSCROLL	4064
1170703466461	1	INSTRUCTIONSCROLL	4067
1170703466478	1	INSTRUCTIONSCROLL	4070
1170703466494	1	INSTRUCTIONSCROLL	4074
1170703466511	1	INSTRUCTIONSCROLL	4077
1170703466528	1	INSTRUCTIONSCROLL	4080
1170703466544	1	INSTRUCTIONSCROLL	4084
1170703466561	1	INSTRUCTIONSCROLL	4087
1170703466578	1	INSTRUCTIONSCROLL	4090
1170703466594	1	INSTRUCTIONSCROLL	4094
1170703466611	1	INSTRUCTIONSCROLL	4097
1170703466627	1	INSTRUCTIONSCROLL	4100
1170703466644	1	INSTRUCTIONSCROLL	4104
1170703466661	1	INSTRUCTIONSCROLL	4107
1170703466677	1	INSTRUCTIONSCROLL	4110
1170703466694	1	INSTRUCTIONSCROLL	4114
1170703466711	1	INSTRUCTIONSCROLL	4117
1170703466727	1	INSTRUCTIONSCROLL	4120
1170703466744	1	INSTRUCTIONSCROLL	4124
1170703466761	1	INSTRUCTIONSCROLL	4127
1170703466776	1	INSTRUCTIONSCROLL	4130
1170703466793	1	INSTRUCTIONSCROLL	4133
1170703466810	1	INSTRUCTIONSCROLL	4137
1170703466826	1	INSTRUCTIONSCROLL	4140
1170703466843	1	INSTRUCTIONSCROLL	4143
1170703466860	1	INSTRUCTIONSCROLL	4147
1170703466876	1	INSTRUCTIONSCROLL	4150
1170703466893	1	INSTRUCTIONSCROLL	4153
1170703466910	1	INSTRUCTIONSCROLL	4157
1170703466927	1	INSTRUCTIONSCROLL	4160
1170703466943	1	INSTRUCTIONSCROLL	4164
1170703466960	1	INSTRUCTIONSCROLL	4167
1170703466976	1	INSTRUCTIONSCROLL	4170
1170703466993	1	INSTRUCTIONSCROLL	4173
1170703467011	1	INSTRUCTIONSCROLL	4177
1170703467027	1	INSTRUCTIONSCROLL	4180
1170703467044	1	INSTRUCTIONSCROLL	4184
1170703467061	1	INSTRUCTIONSCROLL	4187
1170703467077	1	INSTRUCTIONSCROLL	4190
1170703467094	1	INSTRUCTIONSCROLL	4194
1170703467111	1	INSTRUCTIONSCROLL	4197
1170703467127	1	INSTRUCTIONSCROLL	4200
1170703467144	1	INSTRUCTIONSCROLL	4204
1170703467161	1	INSTRUCTIONSCROLL	4207
1170703467177	1	INSTRUCTIONSCROLL	4210
1170703467194	1	INSTRUCTIONSCROLL	4213
1170703467211	1	INSTRUCTIONSCROLL	4217
1170703467227	1	INSTRUCTIONSCROLL	4220
1170703467244	1	INSTRUCTIONSCROLL	4223
1170703467261	1	INSTRUCTIONSCROLL	4227
1170703467277	1	INSTRUCTIONSCROLL	4230
1170703467294	1	INSTRUCTIONSCROLL	4233
1170703467311	1	INSTRUCTIONSCROLL	4237
1170703467327	1	INSTRUCTIONSCROLL	4240
1170703467344	1	INSTRUCTIONSCROLL	4243
1170703467361	1	INSTRUCTIONSCROLL	4247
1170703467377	1	INSTRUCTIONSCROLL	4250
1170703467394	1	INSTRUCTIONSCROLL	4253
1170703467411	1	INSTRUCTIONSCROLL	4257
1170703467427	1	INSTRUCTIONSCROLL	4260
1170703467444	1	INSTRUCTIONSCROLL	4263
1170703467461	1	INSTRUCTIONSCROLL	4267
1170703467477	1	INSTRUCTIONSCROLL	4270
1170703467494	1	INSTRUCTIONSCROLL	4273
1170703467511	1	INSTRUCTIONSCROLL	4277
1170703467527	1	INSTRUCTIONSCROLL	4280
1170703467544	1	INSTRUCTIONSCROLL	4283
1170703467561	1	INSTRUCTIONSCROLL	4287
1170703467577	1	INSTRUCTIONSCROLL	4290
1170703467594	1	INSTRUCTIONSCROLL	4293
1170703467611	1	INSTRUCTIONSCROLL	4297
1170703467627	1	INSTRUCTIONSCROLL	4300
1170703467644	1	INSTRUCTIONSCROLL	4303
1170703467660	1	INSTRUCTIONSCROLL	4307
1170703467677	1	INSTRUCTIONSCROLL	4310
1170703467694	1	INSTRUCTIONSCROLL	4313
1170703467711	1	INSTRUCTIONSCROLL	4317
1170703467727	1	INSTRUCTIONSCROLL	4320
1170703467744	1	INSTRUCTIONSCROLL	4323
1170703467760	1	INSTRUCTIONSCROLL	4327
1170703467776	1	INSTRUCTIONSCROLL	4330
1170703467793	1	INSTRUCTIONSCROLL	4333
1170703467809	1	INSTRUCTIONSCROLL	4337
1170703467826	1	INSTRUCTIONSCROLL	4340
1170703467843	1	INSTRUCTIONSCROLL	4343
1170703467859	1	INSTRUCTIONSCROLL	4346
1170703467876	1	INSTRUCTIONSCROLL	4350
1170703467893	1	INSTRUCTIONSCROLL	4353
1170703467909	1	INSTRUCTIONSCROLL	4357
1170703467926	1	INSTRUCTIONSCROLL	4360
1170703467943	1	INSTRUCTIONSCROLL	4363
1170703467959	1	INSTRUCTIONSCROLL	4366
1170703467976	1	INSTRUCTIONSCROLL	4370
1170703467993	1	INSTRUCTIONSCROLL	4373
1170703468010	1	INSTRUCTIONSCROLL	4376
1170703468027	1	INSTRUCTIONSCROLL	4380
1170703468044	1	INSTRUCTIONSCROLL	4383
1170703468060	1	INSTRUCTIONSCROLL	4387
1170703468077	1	INSTRUCTIONSCROLL	4390
1170703468094	1	INSTRUCTIONSCROLL	4393
1170703468110	1	INSTRUCTIONSCROLL	4397
1170703468127	1	INSTRUCTIONSCROLL	4400
1170703468144	1	INSTRUCTIONSCROLL	4403
1170703468160	1	INSTRUCTIONSCROLL	4407
1170703468177	1	INSTRUCTIONSCROLL	4410
1170703468194	1	INSTRUCTIONSCROLL	4413
1170703468210	1	INSTRUCTIONSCROLL	4417
1170703468227	1	INSTRUCTIONSCROLL	4420
1170703468244	1	INSTRUCTIONSCROLL	4423
1170703468260	1	INSTRUCTIONSCROLL	4427
1170703468277	1	INSTRUCTIONSCROLL	4430
1170703468294	1	INSTRUCTIONSCROLL	4433
1170703468310	1	INSTRUCTIONSCROLL	4437
1170703468327	1	INSTRUCTIONSCROLL	4440
1170703468344	1	INSTRUCTIONSCROLL	4443
1170703468360	1	INSTRUCTIONSCROLL	4447
1170703468377	1	INSTRUCTIONSCROLL	4450
1170703468394	1	INSTRUCTIONSCROLL	4453
1170703468410	1	INSTRUCTIONSCROLL	4457
1170703468427	1	INSTRUCTIONSCROLL	4460
1170703468444	1	INSTRUCTIONSCROLL	4463
1170703468460	1	INSTRUCTIONSCROLL	4467
1170703468477	1	INSTRUCTIONSCROLL	4470
1170703468494	1	INSTRUCTIONSCROLL	4473
1170703468510	1	INSTRUCTIONSCROLL	4477
1170703468527	1	INSTRUCTIONSCROLL	4480
1170703468544	1	INSTRUCTIONSCROLL	4483
1170703468560	1	INSTRUCTIONSCROLL	4487
1170703468577	1	INSTRUCTIONSCROLL	4490
1170703468594	1	INSTRUCTIONSCROLL	4493
1170703468610	1	INSTRUCTIONSCROLL	4497
1170703468627	1	INSTRUCTIONSCROLL	4500
1170703468643	1	INSTRUCTIONSCROLL	4503
1170703468660	1	INSTRUCTIONSCROLL	4507
1170703468677	1	INSTRUCTIONSCROLL	4510
1170703468694	1	INSTRUCTIONSCROLL	4513
1170703468710	1	INSTRUCTIONSCROLL	4517
1170703468727	1	INSTRUCTIONSCROLL	4520
1170703468743	1	INSTRUCTIONSCROLL	4523
1170703468760	1	INSTRUCTIONSCROLL	4527
1170703468776	1	INSTRUCTIONSCROLL	4530
1170703468792	1	INSTRUCTIONSCROLL	4533
1170703468809	1	INSTRUCTIONSCROLL	4536
1170703468826	1	INSTRUCTIONSCROLL	4540
1170703468842	1	INSTRUCTIONSCROLL	4543
1170703468859	1	INSTRUCTIONSCROLL	4546
1170703468876	1	INSTRUCTIONSCROLL	4550
1170703468892	1	INSTRUCTIONSCROLL	4553
1170703468909	1	INSTRUCTIONSCROLL	4556
1170703468926	1	INSTRUCTIONSCROLL	4560
1170703468942	1	INSTRUCTIONSCROLL	4563
1170703468959	1	INSTRUCTIONSCROLL	4566
1170703468976	1	INSTRUCTIONSCROLL	4570
1170703468992	1	INSTRUCTIONSCROLL	4573
1170703469010	1	INSTRUCTIONSCROLL	4576
1170703469027	1	INSTRUCTIONSCROLL	4580
1170703469043	1	INSTRUCTIONSCROLL	4583
1170703469060	1	INSTRUCTIONSCROLL	4587
1170703469077	1	INSTRUCTIONSCROLL	4590
1170703469093	1	INSTRUCTIONSCROLL	4593
1170703469110	1	INSTRUCTIONSCROLL	4597
1170703469127	1	INSTRUCTIONSCROLL	4600
1170703469143	1	INSTRUCTIONSCROLL	4603
1170703469160	1	INSTRUCTIONSCROLL	4607
1170703469177	1	INSTRUCTIONSCROLL	4610
1170703469193	1	INSTRUCTIONSCROLL	4613
1170703469210	1	INSTRUCTIONSCROLL	4617
1170703469227	1	INSTRUCTIONSCROLL	4620
1170703469243	1	INSTRUCTIONSCROLL	4623
1170703469260	1	INSTRUCTIONSCROLL	4627
1170703469277	1	INSTRUCTIONSCROLL	4630
1170703469293	1	INSTRUCTIONSCROLL	4633
1170703469310	1	INSTRUCTIONSCROLL	4637
1170703469327	1	INSTRUCTIONSCROLL	4640
1170703469343	1	INSTRUCTIONSCROLL	4643
1170703469360	1	INSTRUCTIONSCROLL	4647
1170703469377	1	INSTRUCTIONSCROLL	4650
1170703469393	1	INSTRUCTIONSCROLL	4653
1170703469410	1	INSTRUCTIONSCROLL	4657
1170703469427	1	INSTRUCTIONSCROLL	4660
1170703469443	1	INSTRUCTIONSCROLL	4663
1170703469460	1	INSTRUCTIONSCROLL	4667
1170703469477	1	INSTRUCTIONSCROLL	4670
1170703469493	1	INSTRUCTIONSCROLL	4673
1170703469510	1	INSTRUCTIONSCROLL	4677
1170703469526	1	INSTRUCTIONSCROLL	4680
1170703469543	1	INSTRUCTIONSCROLL	4683
1170703469560	1	INSTRUCTIONSCROLL	4687
1170703469577	1	INSTRUCTIONSCROLL	4690
1170703469593	1	INSTRUCTIONSCROLL	4693
1170703469610	1	INSTRUCTIONSCROLL	4697
1170703469627	1	INSTRUCTIONSCROLL	4700
1170703469643	1	INSTRUCTIONSCROLL	4703
1170703469660	1	INSTRUCTIONSCROLL	4707
1170703469677	1	INSTRUCTIONSCROLL	4710
1170703469693	1	INSTRUCTIONSCROLL	4713
1170703469710	1	INSTRUCTIONSCROLL	4717
1170703469726	1	INSTRUCTIONSCROLL	4720
1170703469743	1	INSTRUCTIONSCROLL	4723
1170703469760	1	INSTRUCTIONSCROLL	4727
1170703469775	1	INSTRUCTIONSCROLL	4730
1170703469792	1	INSTRUCTIONSCROLL	4733
1170703469809	1	INSTRUCTIONSCROLL	4736
1170703469825	1	INSTRUCTIONSCROLL	4740
1170703469842	1	INSTRUCTIONSCROLL	4743
1170703469859	1	INSTRUCTIONSCROLL	4746
1170703469875	1	INSTRUCTIONSCROLL	4750
1170703469892	1	INSTRUCTIONSCROLL	4753
1170703469909	1	INSTRUCTIONSCROLL	4756
1170703469925	1	INSTRUCTIONSCROLL	4760
1170703469942	1	INSTRUCTIONSCROLL	4763
1170703469959	1	INSTRUCTIONSCROLL	4766
1170703469975	1	INSTRUCTIONSCROLL	4770
1170703469992	1	INSTRUCTIONSCROLL	4773
1170703470010	1	INSTRUCTIONSCROLL	4776
1170703470026	1	INSTRUCTIONSCROLL	4780
1170703470043	1	INSTRUCTIONSCROLL	4783
1170703470060	1	INSTRUCTIONSCROLL	4786
1170703470076	1	INSTRUCTIONSCROLL	4790
1170703470093	1	INSTRUCTIONSCROLL	4793
1170703470110	1	INSTRUCTIONSCROLL	4796
1170703470126	1	INSTRUCTIONSCROLL	4800
1170703470143	1	INSTRUCTIONSCROLL	4803
1170703470160	1	INSTRUCTIONSCROLL	4807
1170703470176	1	INSTRUCTIONSCROLL	4810
1170703470193	1	INSTRUCTIONSCROLL	4813
1170703470210	1	INSTRUCTIONSCROLL	4816
1170703470226	1	INSTRUCTIONSCROLL	4820
1170703470243	1	INSTRUCTIONSCROLL	4823
1170703470260	1	INSTRUCTIONSCROLL	4826
1170703470276	1	INSTRUCTIONSCROLL	4830
1170703470293	1	INSTRUCTIONSCROLL	4833
1170703470310	1	INSTRUCTIONSCROLL	4837
1170703470326	1	INSTRUCTIONSCROLL	4840
1170703470343	1	INSTRUCTIONSCROLL	4843
1170703470360	1	INSTRUCTIONSCROLL	4846
1170703470376	1	INSTRUCTIONSCROLL	4850
1170703470393	1	INSTRUCTIONSCROLL	4853
1170703470410	1	INSTRUCTIONSCROLL	4856
1170703470426	1	INSTRUCTIONSCROLL	4860
1170703470443	1	INSTRUCTIONSCROLL	4863
1170703470460	1	INSTRUCTIONSCROLL	4867
1170703470476	1	INSTRUCTIONSCROLL	4870
1170703470493	1	INSTRUCTIONSCROLL	4873
1170703470510	1	INSTRUCTIONSCROLL	4876
1170703470526	1	INSTRUCTIONSCROLL	4880
1170703470543	1	INSTRUCTIONSCROLL	4883
1170703470560	1	INSTRUCTIONSCROLL	4887
1170703470576	1	INSTRUCTIONSCROLL	4890
1170703470593	1	INSTRUCTIONSCROLL	4893
1170703470610	1	INSTRUCTIONSCROLL	4897
1170703470626	1	INSTRUCTIONSCROLL	4900
1170703470643	1	INSTRUCTIONSCROLL	4903
1170703470660	1	INSTRUCTIONSCROLL	4906
1170703470676	1	INSTRUCTIONSCROLL	4910
1170703470693	1	INSTRUCTIONSCROLL	4913
1170703470710	1	INSTRUCTIONSCROLL	4916
1170703470726	1	INSTRUCTIONSCROLL	4920
1170703470743	1	INSTRUCTIONSCROLL	4923
1170703470759	1	INSTRUCTIONSCROLL	4927
1170703470775	1	INSTRUCTIONSCROLL	4930
1170703470792	1	INSTRUCTIONSCROLL	4933
1170703470808	1	INSTRUCTIONSCROLL	4936
1170703470825	1	INSTRUCTIONSCROLL	4940
1170703470842	1	INSTRUCTIONSCROLL	4943
1170703470858	1	INSTRUCTIONSCROLL	4946
1170703470875	1	INSTRUCTIONSCROLL	4950
1170703470892	1	INSTRUCTIONSCROLL	4953
1170703470908	1	INSTRUCTIONSCROLL	4955
1170703472059	1	INSTRUCTIONSTOP	Button set (OR)
1170703472060	0	E	Logging Ends
