1169236037361	0	B	Logging Begins
1169236037361	0	INSTRUCTIONSTART	JointRoller	/Library/Frameworks/Python.framework/Versions/2.4/lib/python2.4/site-packages/pyepl/resources/vera.ttf	51	(0, 0, 0)	'This study will analyze your memory for face items. A star (*) will be\nshown to warn you that the trial is about to begin.  After the study\nitem you see a probe, and you are asked to indicate whether the probe\nis identical to the study item. \n\nYou will respond on the keyboard, with a confidence judgment between 1\nand 6.  A judgment of 6 indicates that you are near certain that the\nprobe is identical to the study item, a judgment of 5 indicates moderate \nconfidence, and a judgment of 4 indicates that you think that the probe\nis identical, but are quite unsure.  A judgment of 1 indicates that you\nare near certain that the probe is NOT identical to the study item, a \njudgment of 2 indicates moderate confidence, and a judgment of 3 indicates\nthat you think that the probe is NOT identical, but are quite unsure.\n\nSo, judgments of 4, 5, and 6 all indicate "YES"; 1, 2, and 3 all indicate\n"NO".\n\nYou should rest your fingers on the bottom row of the keyboard.  "Z", "X", \nand "C" will correspond to confidence judgments of 1, 2, and 3, \nrespectively.  "," "." and "/" will correspond to judgments of 4, 5, and \n6, respectively.\n\nRESPOND AS QUICKLY AS YOU CAN WITHOUT COMPROMISING YOUR ACCURACY.\n\nYou will do two blocks, each consisting of 32 trials.\n\nLet\'s proceed!\n\n'
1169236037417	1	INSTRUCTIONSCROLL	0
1169237327196	1	INSTRUCTIONSCROLL	1
1169237327212	1	INSTRUCTIONSCROLL	4
1169237327229	1	INSTRUCTIONSCROLL	7
1169237327246	1	INSTRUCTIONSCROLL	10
1169237327262	1	INSTRUCTIONSCROLL	14
1169237327279	1	INSTRUCTIONSCROLL	17
1169237327296	1	INSTRUCTIONSCROLL	20
1169237327312	1	INSTRUCTIONSCROLL	24
1169237327911	1	INSTRUCTIONSCROLL	23
1169237327928	1	INSTRUCTIONSCROLL	22
1169237327944	1	INSTRUCTIONSCROLL	19
1169237327961	1	INSTRUCTIONSCROLL	15
1169237327978	1	INSTRUCTIONSCROLL	12
1169237327994	1	INSTRUCTIONSCROLL	8
1169237328012	1	INSTRUCTIONSCROLL	5
1169237328029	1	INSTRUCTIONSCROLL	2
1169237328162	1	INSTRUCTIONSCROLL	1
1169237328179	1	INSTRUCTIONSCROLL	0
1169237342574	1	INSTRUCTIONSCROLL	1
1169237342591	1	INSTRUCTIONSCROLL	4
1169237342607	1	INSTRUCTIONSCROLL	8
1169237342806	1	INSTRUCTIONSCROLL	9
1169237342823	1	INSTRUCTIONSCROLL	12
1169237342840	1	INSTRUCTIONSCROLL	16
1169237342856	1	INSTRUCTIONSCROLL	19
1169237342990	1	INSTRUCTIONSCROLL	20
1169237343007	1	INSTRUCTIONSCROLL	22
1169237343024	1	INSTRUCTIONSCROLL	26
1169237343041	1	INSTRUCTIONSCROLL	29
1169237343191	1	INSTRUCTIONSCROLL	30
1169237343207	1	INSTRUCTIONSCROLL	32
1169237343374	1	INSTRUCTIONSCROLL	33
1169237343390	1	INSTRUCTIONSCROLL	37
1169237343507	1	INSTRUCTIONSCROLL	38
1169237343524	1	INSTRUCTIONSCROLL	39
1169237343540	1	INSTRUCTIONSCROLL	43
1169237343557	1	INSTRUCTIONSCROLL	46
1169237343690	1	INSTRUCTIONSCROLL	47
1169237343707	1	INSTRUCTIONSCROLL	49
1169237343724	1	INSTRUCTIONSCROLL	52
1169237343873	1	INSTRUCTIONSCROLL	53
1169237343889	1	INSTRUCTIONSCROLL	56
1169237344057	1	INSTRUCTIONSCROLL	57
1169237344074	1	INSTRUCTIONSCROLL	59
1169237344207	1	INSTRUCTIONSCROLL	60
1169237344224	1	INSTRUCTIONSCROLL	61
1169237344240	1	INSTRUCTIONSCROLL	64
1169237344257	1	INSTRUCTIONSCROLL	68
1169237344274	1	INSTRUCTIONSCROLL	71
1169237344407	1	INSTRUCTIONSCROLL	72
1169237344423	1	INSTRUCTIONSCROLL	76
1169237344440	1	INSTRUCTIONSCROLL	79
1169237344457	1	INSTRUCTIONSCROLL	82
1169237344474	1	INSTRUCTIONSCROLL	86
1169237344607	1	INSTRUCTIONSCROLL	87
1169237344623	1	INSTRUCTIONSCROLL	90
1169237344641	1	INSTRUCTIONSCROLL	94
1169237344657	1	INSTRUCTIONSCROLL	97
1169237344789	1	INSTRUCTIONSCROLL	98
1169237344806	1	INSTRUCTIONSCROLL	100
1169237344822	1	INSTRUCTIONSCROLL	104
1169237344839	1	INSTRUCTIONSCROLL	107
1169237344856	1	INSTRUCTIONSCROLL	110
1169237344872	1	INSTRUCTIONSCROLL	114
1169237344889	1	INSTRUCTIONSCROLL	117
1169237345023	1	INSTRUCTIONSCROLL	118
1169237345040	1	INSTRUCTIONSCROLL	119
1169237345057	1	INSTRUCTIONSCROLL	122
1169237345073	1	INSTRUCTIONSCROLL	125
1169237345215	1	INSTRUCTIONSCROLL	126
1169237345223	1	INSTRUCTIONSCROLL	127
1169237345240	1	INSTRUCTIONSCROLL	129
1169237345257	1	INSTRUCTIONSCROLL	132
1169237345273	1	INSTRUCTIONSCROLL	135
1169237345290	1	INSTRUCTIONSCROLL	139
1169237345456	1	INSTRUCTIONSCROLL	140
1169237345473	1	INSTRUCTIONSCROLL	142
1169237345490	1	INSTRUCTIONSCROLL	146
1169237345506	1	INSTRUCTIONSCROLL	149
1169237345523	1	INSTRUCTIONSCROLL	152
1169237345706	1	INSTRUCTIONSCROLL	153
1169237345723	1	INSTRUCTIONSCROLL	156
1169237345740	1	INSTRUCTIONSCROLL	160
1169237345889	1	INSTRUCTIONSCROLL	161
1169237345905	1	INSTRUCTIONSCROLL	163
1169237345922	1	INSTRUCTIONSCROLL	167
1169237345939	1	INSTRUCTIONSCROLL	170
1169237345955	1	INSTRUCTIONSCROLL	173
1169237345972	1	INSTRUCTIONSCROLL	177
1169237346123	1	INSTRUCTIONSCROLL	178
1169237346140	1	INSTRUCTIONSCROLL	181
1169237346156	1	INSTRUCTIONSCROLL	184
1169237346173	1	INSTRUCTIONSCROLL	188
1169237346190	1	INSTRUCTIONSCROLL	191
1169237351920	1	INSTRUCTIONSCROLL	192
1169237351937	1	INSTRUCTIONSCROLL	196
1169237351953	1	INSTRUCTIONSCROLL	199
1169237351970	1	INSTRUCTIONSCROLL	203
1169237351987	1	INSTRUCTIONSCROLL	206
1169237352004	1	INSTRUCTIONSCROLL	209
1169237352021	1	INSTRUCTIONSCROLL	213
1169237352038	1	INSTRUCTIONSCROLL	216
1169237352054	1	INSTRUCTIONSCROLL	219
1169237352071	1	INSTRUCTIONSCROLL	223
1169237352088	1	INSTRUCTIONSCROLL	226
1169237352104	1	INSTRUCTIONSCROLL	229
1169237352288	1	INSTRUCTIONSCROLL	230
1169237352304	1	INSTRUCTIONSCROLL	231
1169237352321	1	INSTRUCTIONSCROLL	235
1169237352338	1	INSTRUCTIONSCROLL	238
1169237352354	1	INSTRUCTIONSCROLL	241
1169237352521	1	INSTRUCTIONSCROLL	242
1169237352538	1	INSTRUCTIONSCROLL	245
1169237352554	1	INSTRUCTIONSCROLL	248
1169237352737	1	INSTRUCTIONSCROLL	249
1169237352753	1	INSTRUCTIONSCROLL	252
1169237352770	1	INSTRUCTIONSCROLL	255
1169237352936	1	INSTRUCTIONSCROLL	256
1169237352953	1	INSTRUCTIONSCROLL	257
1169237352970	1	INSTRUCTIONSCROLL	260
1169237352986	1	INSTRUCTIONSCROLL	264
1169237353004	1	INSTRUCTIONSCROLL	267
1169237353021	1	INSTRUCTIONSCROLL	271
1169237353037	1	INSTRUCTIONSCROLL	274
1169237353054	1	INSTRUCTIONSCROLL	277
1169237353071	1	INSTRUCTIONSCROLL	281
1169237353087	1	INSTRUCTIONSCROLL	284
1169237353104	1	INSTRUCTIONSCROLL	287
1169237353121	1	INSTRUCTIONSCROLL	291
1169237353137	1	INSTRUCTIONSCROLL	294
1169237353154	1	INSTRUCTIONSCROLL	297
1169237353171	1	INSTRUCTIONSCROLL	301
1169237353187	1	INSTRUCTIONSCROLL	304
1169237353204	1	INSTRUCTIONSCROLL	307
1169237353221	1	INSTRUCTIONSCROLL	311
1169237353237	1	INSTRUCTIONSCROLL	314
1169237353254	1	INSTRUCTIONSCROLL	317
1169237353271	1	INSTRUCTIONSCROLL	321
1169237353287	1	INSTRUCTIONSCROLL	324
1169237353304	1	INSTRUCTIONSCROLL	327
1169237353321	1	INSTRUCTIONSCROLL	331
1169237353337	1	INSTRUCTIONSCROLL	334
1169237353354	1	INSTRUCTIONSCROLL	337
1169237353371	1	INSTRUCTIONSCROLL	341
1169237353387	1	INSTRUCTIONSCROLL	344
1169237353404	1	INSTRUCTIONSCROLL	347
1169237353421	1	INSTRUCTIONSCROLL	351
1169237353437	1	INSTRUCTIONSCROLL	354
1169237354287	1	INSTRUCTIONSCROLL	353
1169237354304	1	INSTRUCTIONSCROLL	349
1169237354320	1	INSTRUCTIONSCROLL	346
1169237354337	1	INSTRUCTIONSCROLL	342
1169237354354	1	INSTRUCTIONSCROLL	339
1169237354819	1	INSTRUCTIONSCROLL	340
1169237354836	1	INSTRUCTIONSCROLL	342
1169237354852	1	INSTRUCTIONSCROLL	345
1169237354869	1	INSTRUCTIONSCROLL	349
1169237354886	1	INSTRUCTIONSCROLL	352
1169237354902	1	INSTRUCTIONSCROLL	355
1169237354919	1	INSTRUCTIONSCROLL	359
1169237354936	1	INSTRUCTIONSCROLL	362
1169237354952	1	INSTRUCTIONSCROLL	365
1169237354969	1	INSTRUCTIONSCROLL	369
1169237354986	1	INSTRUCTIONSCROLL	372
1169237355003	1	INSTRUCTIONSCROLL	375
1169237355020	1	INSTRUCTIONSCROLL	379
1169237355037	1	INSTRUCTIONSCROLL	382
1169237355053	1	INSTRUCTIONSCROLL	385
1169237355070	1	INSTRUCTIONSCROLL	389
1169237355087	1	INSTRUCTIONSCROLL	392
1169237355103	1	INSTRUCTIONSCROLL	395
1169237355120	1	INSTRUCTIONSCROLL	399
1169237355137	1	INSTRUCTIONSCROLL	402
1169237355153	1	INSTRUCTIONSCROLL	405
1169237355170	1	INSTRUCTIONSCROLL	409
1169237355187	1	INSTRUCTIONSCROLL	412
1169237355203	1	INSTRUCTIONSCROLL	415
1169237355503	1	INSTRUCTIONSCROLL	416
1169237355520	1	INSTRUCTIONSCROLL	417
1169237355537	1	INSTRUCTIONSCROLL	420
1169237355553	1	INSTRUCTIONSCROLL	424
1169237355570	1	INSTRUCTIONSCROLL	427
1169237355737	1	INSTRUCTIONSCROLL	428
1169237355752	1	INSTRUCTIONSCROLL	431
1169237355769	1	INSTRUCTIONSCROLL	434
1169237355786	1	INSTRUCTIONSCROLL	437
1169237355802	1	INSTRUCTIONSCROLL	441
1169237360618	1	INSTRUCTIONSCROLL	442
1169237360784	1	INSTRUCTIONSCROLL	443
1169237360801	1	INSTRUCTIONSCROLL	444
1169237360817	1	INSTRUCTIONSCROLL	447
1169237360967	1	INSTRUCTIONSCROLL	448
1169237360984	1	INSTRUCTIONSCROLL	451
1169237361135	1	INSTRUCTIONSCROLL	452
1169237361151	1	INSTRUCTIONSCROLL	453
1169237361168	1	INSTRUCTIONSCROLL	456
1169237361301	1	INSTRUCTIONSCROLL	457
1169237361318	1	INSTRUCTIONSCROLL	458
1169237361335	1	INSTRUCTIONSCROLL	461
1169237361518	1	INSTRUCTIONSCROLL	462
1169237361535	1	INSTRUCTIONSCROLL	466
1169237361551	1	INSTRUCTIONSCROLL	469
1169237361568	1	INSTRUCTIONSCROLL	473
1169237361585	1	INSTRUCTIONSCROLL	476
1169237361601	1	INSTRUCTIONSCROLL	479
1169237361618	1	INSTRUCTIONSCROLL	483
1169237361635	1	INSTRUCTIONSCROLL	486
1169237361651	1	INSTRUCTIONSCROLL	489
1169237361668	1	INSTRUCTIONSCROLL	493
1169237361685	1	INSTRUCTIONSCROLL	496
1169237361701	1	INSTRUCTIONSCROLL	499
1169237361718	1	INSTRUCTIONSCROLL	503
1169237361735	1	INSTRUCTIONSCROLL	506
1169237361750	1	INSTRUCTIONSCROLL	509
1169237361767	1	INSTRUCTIONSCROLL	512
1169237361784	1	INSTRUCTIONSCROLL	516
1169237361800	1	INSTRUCTIONSCROLL	519
1169237361817	1	INSTRUCTIONSCROLL	522
1169237361834	1	INSTRUCTIONSCROLL	526
1169237361850	1	INSTRUCTIONSCROLL	529
1169237362234	1	INSTRUCTIONSCROLL	530
1169237362251	1	INSTRUCTIONSCROLL	532
1169237362268	1	INSTRUCTIONSCROLL	535
1169237362284	1	INSTRUCTIONSCROLL	538
1169237362301	1	INSTRUCTIONSCROLL	542
1169237362318	1	INSTRUCTIONSCROLL	545
1169237362334	1	INSTRUCTIONSCROLL	548
1169237362351	1	INSTRUCTIONSCROLL	552
1169237362498	1	INSTRUCTIONSCROLL	553
1169237362518	1	INSTRUCTIONSCROLL	554
1169237362534	1	INSTRUCTIONSCROLL	558
1169237362701	1	INSTRUCTIONSCROLL	559
1169237362718	1	INSTRUCTIONSCROLL	561
1169237362734	1	INSTRUCTIONSCROLL	564
1169237362883	1	INSTRUCTIONSCROLL	565
1169237362900	1	INSTRUCTIONSCROLL	566
1169237362917	1	INSTRUCTIONSCROLL	569
1169237362933	1	INSTRUCTIONSCROLL	572
1169237363084	1	INSTRUCTIONSCROLL	573
1169237363101	1	INSTRUCTIONSCROLL	575
1169237363118	1	INSTRUCTIONSCROLL	579
1169237363134	1	INSTRUCTIONSCROLL	582
1169237363151	1	INSTRUCTIONSCROLL	585
1169237363167	1	INSTRUCTIONSCROLL	589
1169237363184	1	INSTRUCTIONSCROLL	592
1169237363201	1	INSTRUCTIONSCROLL	595
1169237363217	1	INSTRUCTIONSCROLL	599
1169237363234	1	INSTRUCTIONSCROLL	602
1169237363251	1	INSTRUCTIONSCROLL	605
1169237363267	1	INSTRUCTIONSCROLL	609
1169237363284	1	INSTRUCTIONSCROLL	612
1169237363301	1	INSTRUCTIONSCROLL	615
1169237363317	1	INSTRUCTIONSCROLL	619
1169237363334	1	INSTRUCTIONSCROLL	622
1169237363351	1	INSTRUCTIONSCROLL	625
1169237363367	1	INSTRUCTIONSCROLL	629
1169237363384	1	INSTRUCTIONSCROLL	632
1169237363401	1	INSTRUCTIONSCROLL	635
1169237363417	1	INSTRUCTIONSCROLL	639
1169237363434	1	INSTRUCTIONSCROLL	642
1169237363451	1	INSTRUCTIONSCROLL	645
1169237363467	1	INSTRUCTIONSCROLL	649
1169237363484	1	INSTRUCTIONSCROLL	652
1169237363501	1	INSTRUCTIONSCROLL	655
1169237363933	1	INSTRUCTIONSCROLL	656
1169237363950	1	INSTRUCTIONSCROLL	657
1169237363966	1	INSTRUCTIONSCROLL	660
1169237363983	1	INSTRUCTIONSCROLL	664
1169237364001	1	INSTRUCTIONSCROLL	667
1169237364517	1	INSTRUCTIONSCROLL	668
1169237364534	1	INSTRUCTIONSCROLL	670
1169237364550	1	INSTRUCTIONSCROLL	673
1169237364567	1	INSTRUCTIONSCROLL	677
1169237364584	1	INSTRUCTIONSCROLL	680
1169237364600	1	INSTRUCTIONSCROLL	683
1169237364617	1	INSTRUCTIONSCROLL	687
1169237364766	1	INSTRUCTIONSCROLL	688
1169237364783	1	INSTRUCTIONSCROLL	689
1169237364799	1	INSTRUCTIONSCROLL	692
1169237364816	1	INSTRUCTIONSCROLL	695
1169237364833	1	INSTRUCTIONSCROLL	699
1169237365034	1	INSTRUCTIONSCROLL	700
1169237365050	1	INSTRUCTIONSCROLL	701
1169237365067	1	INSTRUCTIONSCROLL	704
1169237365083	1	INSTRUCTIONSCROLL	708
1169237365100	1	INSTRUCTIONSCROLL	711
1169237366150	1	INSTRUCTIONSCROLL	712
1169237366166	1	INSTRUCTIONSCROLL	714
1169237366183	1	INSTRUCTIONSCROLL	718
1169237366200	1	INSTRUCTIONSCROLL	721
1169237366216	1	INSTRUCTIONSCROLL	724
1169237366233	1	INSTRUCTIONSCROLL	728
1169237367283	1	INSTRUCTIONSCROLL	729
1169237367299	1	INSTRUCTIONSCROLL	732
1169237367316	1	INSTRUCTIONSCROLL	735
1169237367333	1	INSTRUCTIONSCROLL	738
1169237367349	1	INSTRUCTIONSCROLL	742
1169237367533	1	INSTRUCTIONSCROLL	743
1169237367549	1	INSTRUCTIONSCROLL	746
1169237367566	1	INSTRUCTIONSCROLL	750
1169237367583	1	INSTRUCTIONSCROLL	753
1169237367748	1	INSTRUCTIONSCROLL	754
1169237367765	1	INSTRUCTIONSCROLL	755
1169237367782	1	INSTRUCTIONSCROLL	758
1169237367798	1	INSTRUCTIONSCROLL	761
1169237367948	1	INSTRUCTIONSCROLL	762
1169237367965	1	INSTRUCTIONSCROLL	764
1169237367982	1	INSTRUCTIONSCROLL	768
1169237367998	1	INSTRUCTIONSCROLL	771
1169237368016	1	INSTRUCTIONSCROLL	774
1169237368033	1	INSTRUCTIONSCROLL	778
1169237368049	1	INSTRUCTIONSCROLL	781
1169237368066	1	INSTRUCTIONSCROLL	784
1169237368082	1	INSTRUCTIONSCROLL	788
1169237368099	1	INSTRUCTIONSCROLL	791
1169237368116	1	INSTRUCTIONSCROLL	795
1169237368133	1	INSTRUCTIONSCROLL	798
1169237368149	1	INSTRUCTIONSCROLL	801
1169237368166	1	INSTRUCTIONSCROLL	805
1169237368182	1	INSTRUCTIONSCROLL	808
1169237368199	1	INSTRUCTIONSCROLL	811
1169237368216	1	INSTRUCTIONSCROLL	814
1169237368233	1	INSTRUCTIONSCROLL	818
1169237368249	1	INSTRUCTIONSCROLL	821
1169237368266	1	INSTRUCTIONSCROLL	824
1169237368282	1	INSTRUCTIONSCROLL	828
1169237368299	1	INSTRUCTIONSCROLL	831
1169237368316	1	INSTRUCTIONSCROLL	834
1169237368332	1	INSTRUCTIONSCROLL	838
1169237368349	1	INSTRUCTIONSCROLL	841
1169237368366	1	INSTRUCTIONSCROLL	845
1169237368382	1	INSTRUCTIONSCROLL	848
1169237368399	1	INSTRUCTIONSCROLL	851
1169237368416	1	INSTRUCTIONSCROLL	855
1169237368432	1	INSTRUCTIONSCROLL	858
1169237368449	1	INSTRUCTIONSCROLL	861
1169237368466	1	INSTRUCTIONSCROLL	864
1169237368482	1	INSTRUCTIONSCROLL	868
1169237368499	1	INSTRUCTIONSCROLL	871
1169237368865	1	INSTRUCTIONSCROLL	872
1169237368881	1	INSTRUCTIONSCROLL	875
1169237368898	1	INSTRUCTIONSCROLL	879
1169237368915	1	INSTRUCTIONSCROLL	882
1169237368931	1	INSTRUCTIONSCROLL	885
1169237368948	1	INSTRUCTIONSCROLL	889
1169237368965	1	INSTRUCTIONSCROLL	892
1169237370598	1	INSTRUCTIONSCROLL	893
1169237370615	1	INSTRUCTIONSCROLL	897
1169237370632	1	INSTRUCTIONSCROLL	900
1169237370648	1	INSTRUCTIONSCROLL	903
1169237370665	1	INSTRUCTIONSCROLL	907
1169237370831	1	INSTRUCTIONSCROLL	908
1169237370847	1	INSTRUCTIONSCROLL	909
1169237370864	1	INSTRUCTIONSCROLL	912
1169237370881	1	INSTRUCTIONSCROLL	915
1169237371048	1	INSTRUCTIONSCROLL	916
1169237371065	1	INSTRUCTIONSCROLL	919
1169237371082	1	INSTRUCTIONSCROLL	922
1169237371098	1	INSTRUCTIONSCROLL	926
1169237371248	1	INSTRUCTIONSCROLL	927
1169237371265	1	INSTRUCTIONSCROLL	929
1169237371282	1	INSTRUCTIONSCROLL	933
1169237371298	1	INSTRUCTIONSCROLL	936
1169237371315	1	INSTRUCTIONSCROLL	939
1169237371331	1	INSTRUCTIONSCROLL	943
1169237371348	1	INSTRUCTIONSCROLL	946
1169237371365	1	INSTRUCTIONSCROLL	949
1169237371381	1	INSTRUCTIONSCROLL	953
1169237371398	1	INSTRUCTIONSCROLL	956
1169237371415	1	INSTRUCTIONSCROLL	959
1169237371431	1	INSTRUCTIONSCROLL	963
1169237371448	1	INSTRUCTIONSCROLL	966
1169237371465	1	INSTRUCTIONSCROLL	969
1169237371481	1	INSTRUCTIONSCROLL	973
1169237371498	1	INSTRUCTIONSCROLL	976
1169237371515	1	INSTRUCTIONSCROLL	979
1169237371531	1	INSTRUCTIONSCROLL	983
1169237371548	1	INSTRUCTIONSCROLL	986
1169237371565	1	INSTRUCTIONSCROLL	989
1169237371581	1	INSTRUCTIONSCROLL	993
1169237371598	1	INSTRUCTIONSCROLL	996
1169237371615	1	INSTRUCTIONSCROLL	999
1169237371631	1	INSTRUCTIONSCROLL	1003
1169237371648	1	INSTRUCTIONSCROLL	1006
1169237371665	1	INSTRUCTIONSCROLL	1010
1169237371681	1	INSTRUCTIONSCROLL	1013
1169237371698	1	INSTRUCTIONSCROLL	1016
1169237371897	1	INSTRUCTIONSCROLL	1017
1169237371914	1	INSTRUCTIONSCROLL	1020
1169237371930	1	INSTRUCTIONSCROLL	1024
1169237371947	1	INSTRUCTIONSCROLL	1027
1169237371964	1	INSTRUCTIONSCROLL	1030
1169237372115	1	INSTRUCTIONSCROLL	1031
1169237372131	1	INSTRUCTIONSCROLL	1034
1169237372148	1	INSTRUCTIONSCROLL	1038
1169237372315	1	INSTRUCTIONSCROLL	1039
1169237372331	1	INSTRUCTIONSCROLL	1042
1169237372348	1	INSTRUCTIONSCROLL	1045
1169237372498	1	INSTRUCTIONSCROLL	1046
1169237372514	1	INSTRUCTIONSCROLL	1048
1169237372531	1	INSTRUCTIONSCROLL	1051
1169237372548	1	INSTRUCTIONSCROLL	1054
1169237372714	1	INSTRUCTIONSCROLL	1055
1169237372731	1	INSTRUCTIONSCROLL	1057
1169237372913	1	INSTRUCTIONSCROLL	1058
1169237372930	1	INSTRUCTIONSCROLL	1061
1169237372947	1	INSTRUCTIONSCROLL	1064
1169237372963	1	INSTRUCTIONSCROLL	1068
1169237373098	1	INSTRUCTIONSCROLL	1069
1169237373114	1	INSTRUCTIONSCROLL	1070
1169237373131	1	INSTRUCTIONSCROLL	1074
1169237373148	1	INSTRUCTIONSCROLL	1077
1169237373164	1	INSTRUCTIONSCROLL	1080
1169237373181	1	INSTRUCTIONSCROLL	1084
1169237373198	1	INSTRUCTIONSCROLL	1087
1169237373214	1	INSTRUCTIONSCROLL	1090
1169237373231	1	INSTRUCTIONSCROLL	1093
1169237373248	1	INSTRUCTIONSCROLL	1097
1169237373264	1	INSTRUCTIONSCROLL	1100
1169237376080	1	INSTRUCTIONSCROLL	1101
1169237376097	1	INSTRUCTIONSCROLL	1104
1169237376113	1	INSTRUCTIONSCROLL	1107
1169237376130	1	INSTRUCTIONSCROLL	1111
1169237376147	1	INSTRUCTIONSCROLL	1114
1169237376163	1	INSTRUCTIONSCROLL	1117
1169237376180	1	INSTRUCTIONSCROLL	1121
1169237376197	1	INSTRUCTIONSCROLL	1124
1169237376313	1	INSTRUCTIONSCROLL	1125
1169237376330	1	INSTRUCTIONSCROLL	1128
1169237376347	1	INSTRUCTIONSCROLL	1131
1169237376363	1	INSTRUCTIONSCROLL	1134
1169237376380	1	INSTRUCTIONSCROLL	1138
1169237376397	1	INSTRUCTIONSCROLL	1141
1169237376413	1	INSTRUCTIONSCROLL	1144
1169237376430	1	INSTRUCTIONSCROLL	1148
1169237376446	1	INSTRUCTIONSCROLL	1151
1169237376463	1	INSTRUCTIONSCROLL	1154
1169237376480	1	INSTRUCTIONSCROLL	1158
1169237376496	1	INSTRUCTIONSCROLL	1161
1169237376513	1	INSTRUCTIONSCROLL	1164
1169237376530	1	INSTRUCTIONSCROLL	1168
1169237376546	1	INSTRUCTIONSCROLL	1171
1169237376563	1	INSTRUCTIONSCROLL	1174
1169237376580	1	INSTRUCTIONSCROLL	1178
1169237376596	1	INSTRUCTIONSCROLL	1181
1169237376613	1	INSTRUCTIONSCROLL	1184
1169237376630	1	INSTRUCTIONSCROLL	1188
1169237376646	1	INSTRUCTIONSCROLL	1191
1169237376663	1	INSTRUCTIONSCROLL	1194
1169237376680	1	INSTRUCTIONSCROLL	1198
1169237376696	1	INSTRUCTIONSCROLL	1201
1169237376713	1	INSTRUCTIONSCROLL	1204
1169237376730	1	INSTRUCTIONSCROLL	1208
1169237376746	1	INSTRUCTIONSCROLL	1211
1169237376762	1	INSTRUCTIONSCROLL	1214
1169237376779	1	INSTRUCTIONSCROLL	1218
1169237376795	1	INSTRUCTIONSCROLL	1221
1169237376812	1	INSTRUCTIONSCROLL	1224
1169237376829	1	INSTRUCTIONSCROLL	1227
1169237376845	1	INSTRUCTIONSCROLL	1231
1169237376862	1	INSTRUCTIONSCROLL	1234
1169237376879	1	INSTRUCTIONSCROLL	1238
1169237376895	1	INSTRUCTIONSCROLL	1241
1169237376912	1	INSTRUCTIONSCROLL	1244
1169237376929	1	INSTRUCTIONSCROLL	1248
1169237376945	1	INSTRUCTIONSCROLL	1251
1169237376962	1	INSTRUCTIONSCROLL	1254
1169237376979	1	INSTRUCTIONSCROLL	1257
1169237376995	1	INSTRUCTIONSCROLL	1261
1169237377013	1	INSTRUCTIONSCROLL	1264
1169237377030	1	INSTRUCTIONSCROLL	1268
1169237377046	1	INSTRUCTIONSCROLL	1271
1169237377063	1	INSTRUCTIONSCROLL	1274
1169237377080	1	INSTRUCTIONSCROLL	1278
1169237377096	1	INSTRUCTIONSCROLL	1281
1169237377113	1	INSTRUCTIONSCROLL	1284
1169237377130	1	INSTRUCTIONSCROLL	1288
1169237377146	1	INSTRUCTIONSCROLL	1291
1169237377163	1	INSTRUCTIONSCROLL	1294
1169237377180	1	INSTRUCTIONSCROLL	1298
1169237377196	1	INSTRUCTIONSCROLL	1301
1169237377213	1	INSTRUCTIONSCROLL	1304
1169237377230	1	INSTRUCTIONSCROLL	1308
1169237377246	1	INSTRUCTIONSCROLL	1311
1169237377263	1	INSTRUCTIONSCROLL	1314
1169237377280	1	INSTRUCTIONSCROLL	1318
1169237377296	1	INSTRUCTIONSCROLL	1321
1169237377313	1	INSTRUCTIONSCROLL	1324
1169237377330	1	INSTRUCTIONSCROLL	1328
1169237377346	1	INSTRUCTIONSCROLL	1331
1169237377363	1	INSTRUCTIONSCROLL	1334
1169237377380	1	INSTRUCTIONSCROLL	1338
1169237377396	1	INSTRUCTIONSCROLL	1341
1169237377413	1	INSTRUCTIONSCROLL	1344
1169237377430	1	INSTRUCTIONSCROLL	1348
1169237377446	1	INSTRUCTIONSCROLL	1351
1169237377463	1	INSTRUCTIONSCROLL	1354
1169237377480	1	INSTRUCTIONSCROLL	1358
1169237377828	1	INSTRUCTIONSCROLL	1359
1169237377845	1	INSTRUCTIONSCROLL	1363
1169237377862	1	INSTRUCTIONSCROLL	1366
1169237377878	1	INSTRUCTIONSCROLL	1369
1169237377895	1	INSTRUCTIONSCROLL	1373
1169237377912	1	INSTRUCTIONSCROLL	1376
1169237377928	1	INSTRUCTIONSCROLL	1379
1169237377945	1	INSTRUCTIONSCROLL	1383
1169237377962	1	INSTRUCTIONSCROLL	1386
1169237377978	1	INSTRUCTIONSCROLL	1389
1169237377995	1	INSTRUCTIONSCROLL	1393
1169237378013	1	INSTRUCTIONSCROLL	1396
1169237378029	1	INSTRUCTIONSCROLL	1399
1169237378046	1	INSTRUCTIONSCROLL	1403
1169237378063	1	INSTRUCTIONSCROLL	1406
1169237378079	1	INSTRUCTIONSCROLL	1409
1169237378096	1	INSTRUCTIONSCROLL	1413
1169237378113	1	INSTRUCTIONSCROLL	1416
1169237378129	1	INSTRUCTIONSCROLL	1419
1169237378146	1	INSTRUCTIONSCROLL	1423
1169237378163	1	INSTRUCTIONSCROLL	1426
1169237378179	1	INSTRUCTIONSCROLL	1429
1169237378196	1	INSTRUCTIONSCROLL	1433
1169237378213	1	INSTRUCTIONSCROLL	1436
1169237378229	1	INSTRUCTIONSCROLL	1439
1169237378246	1	INSTRUCTIONSCROLL	1443
1169237378263	1	INSTRUCTIONSCROLL	1446
1169237378279	1	INSTRUCTIONSCROLL	1449
1169237378396	1	INSTRUCTIONSCROLL	1450
1169237378413	1	INSTRUCTIONSCROLL	1454
1169237378429	1	INSTRUCTIONSCROLL	1457
1169237378446	1	INSTRUCTIONSCROLL	1461
1169237378463	1	INSTRUCTIONSCROLL	1464
1169237378479	1	INSTRUCTIONSCROLL	1467
1169237402322	1	INSTRUCTIONSTOP	Button set (OR)
1169237402322	0	E	Logging Ends
