1169236036926	0	B	Logging Begins
1169236036927	0	SESS_START	0
1169237402322	0	TRIAL	1
1169237411107	1	FACE	1310	PRES1_NNPP	Correct	LL1	PP0	Lure_PPPP	1	0	PRACTICE
1169237414918	1	FACE	1310	CUE	Correct	LL1	PP0	Lure_PPPP	1	0	PRACTICE
1169237416228	0	FACE	1310	RESP	Correct	LL1	PP0	Lure_PPPP	1	0	PRACTICE
1169237416255	0	TRIAL	2
1169237420860	1	FACE	735	PRES1_NNNN	Correct	LL1	PP1	Target_NNNN	6	0	PRACTICE
1169237424901	1	FACE	735	CUE	Correct	LL1	PP1	Target_NNNN	6	0	PRACTICE
1169237425636	0	FACE	735	RESP	Correct	LL1	PP1	Target_NNNN	6	0	PRACTICE
1169237425669	0	TRIAL	3
1169237429292	1	FACE	1401	PRES1_PNNP	Correct	LL1	PP1	Target_PNNP	5	0	PRACTICE
1169237433091	1	FACE	1401	CUE	Correct	LL1	PP1	Target_PNNP	5	0	PRACTICE
1169237434492	0	FACE	1401	RESP	Correct	LL1	PP1	Target_PNNP	5	0	PRACTICE
1169237434517	0	TRIAL	4
1169237437798	1	FACE	810	PRES1_NPNN	Correct	LL1	PP0	Lure_NNNP	1	0	PRACTICE
1169237441722	1	FACE	810	CUE	Correct	LL1	PP0	Lure_NNNP	1	0	PRACTICE
1169237442532	0	FACE	810	RESP	Correct	LL1	PP0	Lure_NNNP	1	0	PRACTICE
1169237442564	0	TRIAL	5
1169237445553	1	FACE	820	PRES1_PPPP	Correct	LL1	PP0	Lure_PNNN	1	0	PRACTICE
1169237449343	1	FACE	820	CUE	Correct	LL1	PP0	Lure_PNNN	1	0	PRACTICE
1169237450163	0	FACE	820	RESP	Correct	LL1	PP0	Lure_PNNN	1	0	PRACTICE
1169237450194	0	TRIAL	6
1169237453028	1	FACE	829	PRES1_PPNP	Correct	LL1	PP0	Lure_NPPN	1	0	PRACTICE
1169237456878	1	FACE	829	CUE	Correct	LL1	PP0	Lure_NPPN	1	0	PRACTICE
1169237457707	0	FACE	829	RESP	Correct	LL1	PP0	Lure_NPPN	1	0	PRACTICE
1169237457741	0	TRIAL	7
1169237460518	1	FACE	1383	PRES1_NPNP	Correct	LL1	PP1	Target_NPNP	5	0	PRACTICE
1169237464507	1	FACE	1383	CUE	Correct	LL1	PP1	Target_NPNP	5	0	PRACTICE
1169237465890	0	FACE	1383	RESP	Correct	LL1	PP1	Target_NPNP	5	0	PRACTICE
1169237465922	0	TRIAL	8
1169237468957	1	FACE	990	PRES1_PPNN	Incorrect	LL1	PP1	Target_PPNN	1	0	PRACTICE
1169237472907	1	FACE	990	CUE	Incorrect	LL1	PP1	Target_PPNN	1	0	PRACTICE
1169237473897	1	FACE	990	RESP	Incorrect	LL1	PP1	Target_PPNN	1	0	PRACTICE
1169237473935	0	TRIAL	9
1169237477498	1	FACE	1306	PRES1_PNPP	Correct	LL1	PP1	Target_PNPP	4	0	PRACTICE
1169237481288	1	FACE	1306	CUE	Correct	LL1	PP1	Target_PNPP	4	0	PRACTICE
1169237482594	0	FACE	1306	RESP	Correct	LL1	PP1	Target_PNPP	4	0	PRACTICE
1169237482635	0	TRIAL	10
1169237485856	1	FACE	1487	PRES1_PPNP	Correct	LL1	PP1	Target_PPNP	5	0	PRACTICE
1169237489875	1	FACE	1487	CUE	Correct	LL1	PP1	Target_PPNP	5	0	PRACTICE
1169237491362	0	FACE	1487	RESP	Correct	LL1	PP1	Target_PPNP	5	0	PRACTICE
1169237491397	0	TRIAL	11
1169237494246	1	FACE	719	PRES1_PPNN	Correct	LL1	PP0	Lure_PNPN	1	0	PRACTICE
1169237498178	1	FACE	719	CUE	Correct	LL1	PP0	Lure_PNPN	1	0	PRACTICE
1169237498897	0	FACE	719	RESP	Correct	LL1	PP0	Lure_PNPN	1	0	PRACTICE
1169237498928	0	TRIAL	12
1169237501601	1	FACE	950	PRES1_NNPN	Correct	LL1	PP0	Lure_NNPP	1	0	PRACTICE
1169237505411	1	FACE	950	CUE	Correct	LL1	PP0	Lure_NNPP	1	0	PRACTICE
1169237506361	0	FACE	950	RESP	Correct	LL1	PP0	Lure_NNPP	1	0	PRACTICE
1169237506392	0	TRIAL	13
1169237509190	1	FACE	738	PRES1_NPPP	Correct	LL1	PP0	Lure_NNNN	1	0	PRACTICE
1169237513070	1	FACE	738	CUE	Correct	LL1	PP0	Lure_NNNN	1	0	PRACTICE
1169237513808	0	FACE	738	RESP	Correct	LL1	PP0	Lure_NNNN	1	0	PRACTICE
1169237513839	0	TRIAL	14
1169237516604	1	FACE	1007	PRES1_PNPN	Correct	LL1	PP1	Target_PNPN	4	0	PRACTICE
1169237520634	1	FACE	1007	CUE	Correct	LL1	PP1	Target_PNPN	4	0	PRACTICE
1169237521641	0	FACE	1007	RESP	Correct	LL1	PP1	Target_PNPN	4	0	PRACTICE
1169237521673	0	TRIAL	15
1169237524495	1	FACE	834	PRES1_NNNN	Correct	LL1	PP0	Lure_PNPP	1	0	PRACTICE
1169237528398	1	FACE	834	CUE	Correct	LL1	PP0	Lure_PNPP	1	0	PRACTICE
1169237529232	1	FACE	834	RESP	Correct	LL1	PP0	Lure_PNPP	1	0	PRACTICE
1169237529269	0	TRIAL	16
1169237535854	1	FACE	1557	PRES1_NPPN	Incorrect	LL1	PP1	Target_NPPN	1	0	PRACTICE
1169237539803	1	FACE	1557	CUE	Incorrect	LL1	PP1	Target_NPPN	1	0	PRACTICE
1169237541360	0	FACE	1557	RESP	Incorrect	LL1	PP1	Target_NPPN	1	0	PRACTICE
1169237541398	0	TRIAL	17
1169237544383	1	FACE	1051	PRES1_NNNP	Correct	LL1	PP1	Target_NNNP	4	0	PRACTICE
1169237548309	1	FACE	1051	CUE	Correct	LL1	PP1	Target_NNNP	4	0	PRACTICE
1169237549360	0	FACE	1051	RESP	Correct	LL1	PP1	Target_NNNP	4	0	PRACTICE
1169237549395	0	TRIAL	18
1169237555075	1	FACE	890	PRES1_NPNN	Correct	LL1	PP1	Target_NPNN	4	0	PRACTICE
1169237558924	1	FACE	890	CUE	Correct	LL1	PP1	Target_NPNN	4	0	PRACTICE
1169237559814	0	FACE	890	RESP	Correct	LL1	PP1	Target_NPNN	4	0	PRACTICE
1169237559842	0	TRIAL	19
1169237562793	1	FACE	747	PRES1_PNNN	Correct	LL1	PP0	Lure_PNNP	1	0	PRACTICE
1169237566660	1	FACE	747	CUE	Correct	LL1	PP0	Lure_PNNP	1	0	PRACTICE
1169237567407	0	FACE	747	RESP	Correct	LL1	PP0	Lure_PNNP	1	0	PRACTICE
1169237567441	0	TRIAL	20
1169237570509	1	FACE	699	PRES1_NNNP	Correct	LL1	PP0	Lure_NPPP	1	0	PRACTICE
1169237574396	1	FACE	699	CUE	Correct	LL1	PP0	Lure_NPPP	1	0	PRACTICE
1169237575095	0	FACE	699	RESP	Correct	LL1	PP0	Lure_NPPP	1	0	PRACTICE
1169237575120	0	TRIAL	21
1169237578137	1	FACE	1054	PRES1_PPPP	Incorrect	LL1	PP1	Target_PPPP	1	0	PRACTICE
1169237582105	1	FACE	1054	CUE	Incorrect	LL1	PP1	Target_PPPP	1	0	PRACTICE
1169237583159	0	FACE	1054	RESP	Incorrect	LL1	PP1	Target_PPPP	1	0	PRACTICE
1169237583185	0	TRIAL	22
1169237586145	1	FACE	1420	PRES1_PNNP	Correct	LL1	PP0	Lure_PPPN	1	0	PRACTICE
1169237590002	1	FACE	1420	CUE	Correct	LL1	PP0	Lure_PPPN	1	0	PRACTICE
1169237591422	0	FACE	1420	RESP	Correct	LL1	PP0	Lure_PPPN	1	0	PRACTICE
1169237591449	0	TRIAL	23
1169237594029	1	FACE	825	PRES1_NPPN	Correct	LL1	PP0	Lure_PPNP	1	0	PRACTICE
1169237597901	1	FACE	825	CUE	Correct	LL1	PP0	Lure_PPNP	1	0	PRACTICE
1169237598726	0	FACE	825	RESP	Correct	LL1	PP0	Lure_PPNP	1	0	PRACTICE
1169237598762	0	TRIAL	24
1169237602459	1	FACE	1256	PRES1_PPPN	Correct	LL1	PP1	Target_PPPN	6	0	PRACTICE
1169237606422	1	FACE	1256	CUE	Correct	LL1	PP1	Target_PPPN	6	0	PRACTICE
1169237607678	0	FACE	1256	RESP	Correct	LL1	PP1	Target_PPPN	6	0	PRACTICE
1169237607711	0	TRIAL	25
1169237610300	1	FACE	1081	PRES1_PNNN	Incorrect	LL1	PP1	Target_PNNN	1	0	PRACTICE
1169237614220	1	FACE	1081	CUE	Incorrect	LL1	PP1	Target_PNNN	1	0	PRACTICE
1169237615301	1	FACE	1081	RESP	Incorrect	LL1	PP1	Target_PNNN	1	0	PRACTICE
1169237615342	0	TRIAL	26
1169237618054	1	FACE	1118	PRES1_PNPN	Correct	LL1	PP0	Lure_NPNP	1	0	PRACTICE
1169237621870	1	FACE	1118	CUE	Correct	LL1	PP0	Lure_NPNP	1	0	PRACTICE
1169237622988	0	FACE	1118	RESP	Correct	LL1	PP0	Lure_NPNP	1	0	PRACTICE
1169237623023	0	TRIAL	27
1169237625882	1	FACE	1438	PRES1_NNPP	Correct	LL1	PP1	Target_NNPP	5	0	PRACTICE
1169237629607	1	FACE	1438	CUE	Correct	LL1	PP1	Target_NNPP	5	0	PRACTICE
1169237631045	0	FACE	1438	RESP	Correct	LL1	PP1	Target_NNPP	5	0	PRACTICE
1169237631069	0	TRIAL	28
1169237633867	1	FACE	935	PRES1_PPPN	Correct	LL1	PP0	Lure_NNPN	1	0	PRACTICE
1169237637861	1	FACE	935	CUE	Correct	LL1	PP0	Lure_NNPN	1	0	PRACTICE
1169237638796	0	FACE	935	RESP	Correct	LL1	PP0	Lure_NNPN	1	0	PRACTICE
1169237638832	0	TRIAL	29
1169237641598	1	FACE	1504	PRES1_NNPN	Incorrect	LL1	PP1	Target_NNPN	3	0	PRACTICE
1169237645363	1	FACE	1504	CUE	Incorrect	LL1	PP1	Target_NNPN	3	0	PRACTICE
1169237646867	0	FACE	1504	RESP	Incorrect	LL1	PP1	Target_NNPN	3	0	PRACTICE
1169237646900	0	TRIAL	30
1169237649549	1	FACE	863	PRES1_PNPP	Correct	LL1	PP0	Lure_NPNN	1	0	PRACTICE
1169237653517	1	FACE	863	CUE	Correct	LL1	PP0	Lure_NPNN	1	0	PRACTICE
1169237654380	0	FACE	863	RESP	Correct	LL1	PP0	Lure_NPNN	1	0	PRACTICE
1169237654412	0	TRIAL	31
1169237657210	1	FACE	1010	PRES1_NPNP	Correct	LL1	PP0	Lure_PPNN	2	0	PRACTICE
1169237661226	1	FACE	1010	CUE	Correct	LL1	PP0	Lure_PPNN	2	0	PRACTICE
1169237662236	0	FACE	1010	RESP	Correct	LL1	PP0	Lure_PPNN	2	0	PRACTICE
1169237662276	0	TRIAL	32
1169237670838	1	FACE	933	PRES1_NPPP	Correct	LL1	PP1	Target_NPPP	6	0	PRACTICE
1169237674813	1	FACE	933	CUE	Correct	LL1	PP1	Target_NPPP	6	0	PRACTICE
1169237675746	1	FACE	933	RESP	Correct	LL1	PP1	Target_NPPP	6	0	PRACTICE
1169237681332	0	TRIAL	1
1169237686273	1	FACE	884	PRES1_NNPP	Correct	LL1	PP0	Lure_PNNN	1	0	PRACTICE
1169237690014	1	FACE	884	CUE	Correct	LL1	PP0	Lure_PNNN	1	0	PRACTICE
1169237690898	0	FACE	884	RESP	Correct	LL1	PP0	Lure_PNNN	1	0	PRACTICE
1169237690932	0	TRIAL	2
1169237693945	1	FACE	1615	PRES1_NNNN	Correct	LL1	PP1	Target_NNNN	5	0	PRACTICE
1169237697980	1	FACE	1615	CUE	Correct	LL1	PP1	Target_NNNN	5	0	PRACTICE
1169237699595	0	FACE	1615	RESP	Correct	LL1	PP1	Target_NNNN	5	0	PRACTICE
1169237699630	0	TRIAL	3
1169237702672	1	FACE	899	PRES1_PPNP	Correct	LL1	PP0	Lure_PPNN	2	0	PRACTICE
1169237706687	1	FACE	899	CUE	Correct	LL1	PP0	Lure_PPNN	2	0	PRACTICE
1169237707586	0	FACE	899	RESP	Correct	LL1	PP0	Lure_PPNN	2	0	PRACTICE
1169237707612	0	TRIAL	4
1169237710493	1	FACE	1500	PRES1_PPPN	Correct	LL1	PP1	Target_PPPN	4	0	PRACTICE
1169237714413	1	FACE	1500	CUE	Correct	LL1	PP1	Target_PPPN	4	0	PRACTICE
1169237715913	0	FACE	1500	RESP	Correct	LL1	PP1	Target_PPPN	4	0	PRACTICE
1169237715941	0	TRIAL	5
1169237719274	1	FACE	830	PRES1_PNPN	Correct	LL1	PP0	Lure_PNPP	1	0	PRACTICE
1169237723091	1	FACE	830	CUE	Correct	LL1	PP0	Lure_PNPP	1	0	PRACTICE
1169237723921	0	FACE	830	RESP	Correct	LL1	PP0	Lure_PNPP	1	0	PRACTICE
1169237723956	0	TRIAL	6
1169237726859	1	FACE	1206	PRES1_NNNP	Incorrect	LL1	PP1	Target_NNNP	3	0	PRACTICE
1169237730819	1	FACE	1206	CUE	Incorrect	LL1	PP1	Target_NNNP	3	0	PRACTICE
1169237732025	1	FACE	1206	RESP	Incorrect	LL1	PP1	Target_NNNP	3	0	PRACTICE
1169237732053	0	TRIAL	7
1169237734806	1	FACE	877	PRES1_NPPN	Correct	LL1	PP1	Target_NPPN	5	0	PRACTICE
1169237738756	1	FACE	877	CUE	Correct	LL1	PP1	Target_NPPN	5	0	PRACTICE
1169237739633	0	FACE	877	RESP	Correct	LL1	PP1	Target_NPPN	5	0	PRACTICE
1169237739668	0	TRIAL	8
1169237742702	1	FACE	926	PRES1_NPNN	Correct	LL1	PP1	Target_NPNN	6	0	PRACTICE
1169237746483	1	FACE	926	CUE	Correct	LL1	PP1	Target_NPNN	6	0	PRACTICE
1169237747409	0	FACE	926	RESP	Correct	LL1	PP1	Target_NPNN	6	0	PRACTICE
1169237747448	0	TRIAL	9
1169237750761	1	FACE	840	PRES1_NNPN	Correct	LL1	PP1	Target_NNPN	6	0	PRACTICE
1169237754481	1	FACE	840	CUE	Correct	LL1	PP1	Target_NNPN	6	0	PRACTICE
1169237755321	0	FACE	840	RESP	Correct	LL1	PP1	Target_NNPN	6	0	PRACTICE
1169237755347	0	TRIAL	10
1169237758467	1	FACE	1522	PRES1_NPNP	Incorrect	LL1	PP0	Lure_PPPP	4	0	PRACTICE
1169237762365	1	FACE	1522	CUE	Incorrect	LL1	PP0	Lure_PPPP	4	0	PRACTICE
1169237763887	1	FACE	1522	RESP	Incorrect	LL1	PP0	Lure_PPPP	4	0	PRACTICE
1169237763926	0	TRIAL	11
1169237766707	1	FACE	862	PRES1_PPPN	Correct	LL1	PP0	Lure_PNNP	1	0	PRACTICE
1169237770515	1	FACE	862	CUE	Correct	LL1	PP0	Lure_PNNP	1	0	PRACTICE
1169237771377	0	FACE	862	RESP	Correct	LL1	PP0	Lure_PNNP	1	0	PRACTICE
1169237771407	0	TRIAL	12
1169237774197	1	FACE	863	PRES1_NPPP	Correct	LL1	PP0	Lure_NNNP	1	0	PRACTICE
1169237778120	1	FACE	863	CUE	Correct	LL1	PP0	Lure_NNNP	1	0	PRACTICE
1169237778983	0	FACE	863	RESP	Correct	LL1	PP0	Lure_NNNP	1	0	PRACTICE
1169237779021	0	TRIAL	13
1169237781979	1	FACE	767	PRES1_PPNN	Correct	LL1	PP0	Lure_NPNP	1	0	PRACTICE
1169237785825	1	FACE	767	CUE	Correct	LL1	PP0	Lure_NPNP	1	0	PRACTICE
1169237786592	0	FACE	767	RESP	Correct	LL1	PP0	Lure_NPNP	1	0	PRACTICE
1169237786620	0	TRIAL	14
1169237789517	1	FACE	1088	PRES1_PNNP	Correct	LL1	PP1	Target_PNNP	6	0	PRACTICE
1169237793383	1	FACE	1088	CUE	Correct	LL1	PP1	Target_PNNP	6	0	PRACTICE
1169237794471	0	FACE	1088	RESP	Correct	LL1	PP1	Target_PNNP	6	0	PRACTICE
1169237794502	0	TRIAL	15
1169237797646	1	FACE	863	PRES1_PNPP	Correct	LL1	PP0	Lure_NNPN	1	0	PRACTICE
1169237801664	1	FACE	863	CUE	Correct	LL1	PP0	Lure_NNPN	1	0	PRACTICE
1169237802527	0	FACE	863	RESP	Correct	LL1	PP0	Lure_NNPN	1	0	PRACTICE
1169237802565	0	TRIAL	16
1169237805412	1	FACE	826	PRES1_PNPN	Correct	LL1	PP1	Target_PNPN	6	0	PRACTICE
1169237809373	1	FACE	826	CUE	Correct	LL1	PP1	Target_PNPN	6	0	PRACTICE
1169237810199	0	FACE	826	RESP	Correct	LL1	PP1	Target_PNPN	6	0	PRACTICE
1169237810228	0	TRIAL	17
1169237812936	1	FACE	812	PRES1_PPPP	Correct	LL1	PP1	Target_PPPP	6	0	PRACTICE
1169237816874	1	FACE	812	CUE	Correct	LL1	PP1	Target_PPPP	6	0	PRACTICE
1169237817686	1	FACE	812	RESP	Correct	LL1	PP1	Target_PPPP	6	0	PRACTICE
1169237817726	0	TRIAL	18
1169237820549	1	FACE	1028	PRES1_NNPP	Correct	LL1	PP1	Target_NNPP	6	0	PRACTICE
1169237824362	1	FACE	1028	CUE	Correct	LL1	PP1	Target_NNPP	6	0	PRACTICE
1169237825390	0	FACE	1028	RESP	Correct	LL1	PP1	Target_NNPP	6	0	PRACTICE
1169237825423	0	TRIAL	19
1169237828144	1	FACE	811	PRES1_NPPP	Correct	LL1	PP1	Target_NPPP	6	0	PRACTICE
1169237832130	1	FACE	811	CUE	Correct	LL1	PP1	Target_NPPP	6	0	PRACTICE
1169237832941	0	FACE	811	RESP	Correct	LL1	PP1	Target_NPPP	6	0	PRACTICE
1169237832971	0	TRIAL	20
1169237835730	1	FACE	1052	PRES1_NNPN	Incorrect	LL1	PP0	Lure_NNNN	5	0	PRACTICE
1169237839745	1	FACE	1052	CUE	Incorrect	LL1	PP0	Lure_NNNN	5	0	PRACTICE
1169237840797	0	FACE	1052	RESP	Incorrect	LL1	PP0	Lure_NNNN	5	0	PRACTICE
1169237840834	0	TRIAL	21
1169237843678	1	FACE	1330	PRES1_PPNP	Incorrect	LL1	PP1	Target_PPNP	2	0	PRACTICE
1169237847403	1	FACE	1330	CUE	Incorrect	LL1	PP1	Target_PPNP	2	0	PRACTICE
1169237848733	0	FACE	1330	RESP	Incorrect	LL1	PP1	Target_PPNP	2	0	PRACTICE
1169237848766	0	TRIAL	22
1169237851725	1	FACE	750	PRES1_PPNN	Correct	LL1	PP1	Target_PPNN	5	0	PRACTICE
1169237855639	1	FACE	750	CUE	Correct	LL1	PP1	Target_PPNN	5	0	PRACTICE
1169237856389	0	FACE	750	RESP	Correct	LL1	PP1	Target_PPNN	5	0	PRACTICE
1169237856414	0	TRIAL	23
1169237859296	1	FACE	755	PRES1_PNPP	Correct	LL1	PP1	Target_PNPP	5	0	PRACTICE
1169237863089	1	FACE	755	CUE	Correct	LL1	PP1	Target_PNPP	5	0	PRACTICE
1169237863844	0	FACE	755	RESP	Correct	LL1	PP1	Target_PNPP	5	0	PRACTICE
1169237863876	0	TRIAL	24
1169237866559	1	FACE	1026	PRES1_NNNN	Correct	LL1	PP0	Lure_NPPN	2	0	PRACTICE
1169237870411	1	FACE	1026	CUE	Correct	LL1	PP0	Lure_NPPN	2	0	PRACTICE
1169237871437	0	FACE	1026	RESP	Correct	LL1	PP0	Lure_NPPN	2	0	PRACTICE
1169237871476	0	TRIAL	25
1169237874870	1	FACE	1019	PRES1_PNNN	Correct	LL1	PP1	Target_PNNN	6	0	PRACTICE
1169237878736	1	FACE	1019	CUE	Correct	LL1	PP1	Target_PNNN	6	0	PRACTICE
1169237879755	0	FACE	1019	RESP	Correct	LL1	PP1	Target_PNNN	6	0	PRACTICE
1169237879789	0	TRIAL	26
1169237882691	1	FACE	908	PRES1_NPNN	Correct	LL1	PP0	Lure_PPPN	1	0	PRACTICE
1169237886584	1	FACE	908	CUE	Correct	LL1	PP0	Lure_PPPN	1	0	PRACTICE
1169237887492	0	FACE	908	RESP	Correct	LL1	PP0	Lure_PPPN	1	0	PRACTICE
1169237887521	0	TRIAL	27
1169237890354	1	FACE	762	PRES1_PNNP	Correct	LL1	PP0	Lure_PNPN	1	0	PRACTICE
1169237894282	1	FACE	762	CUE	Correct	LL1	PP0	Lure_PNPN	1	0	PRACTICE
1169237895044	0	FACE	762	RESP	Correct	LL1	PP0	Lure_PNPN	1	0	PRACTICE
1169237895084	0	TRIAL	28
1169237897976	1	FACE	1402	PRES1_PPPP	Correct	LL1	PP0	Lure_PPNP	1	0	PRACTICE
1169237901697	1	FACE	1402	CUE	Correct	LL1	PP0	Lure_PPNP	1	0	PRACTICE
1169237903099	1	FACE	1402	RESP	Correct	LL1	PP0	Lure_PPNP	1	0	PRACTICE
1169237903131	0	TRIAL	29
1169237905852	1	FACE	991	PRES1_NNNP	Incorrect	LL1	PP0	Lure_NNPP	5	0	PRACTICE
1169237909732	1	FACE	991	CUE	Incorrect	LL1	PP0	Lure_NNPP	5	0	PRACTICE
1169237910723	0	FACE	991	RESP	Incorrect	LL1	PP0	Lure_NNPP	5	0	PRACTICE
1169237910766	0	TRIAL	30
1169237913607	1	FACE	1112	PRES1_NPNP	Correct	LL1	PP1	Target_NPNP	5	0	PRACTICE
1169237917491	1	FACE	1112	CUE	Correct	LL1	PP1	Target_NPNP	5	0	PRACTICE
1169237918603	0	FACE	1112	RESP	Correct	LL1	PP1	Target_NPNP	5	0	PRACTICE
1169237918644	0	TRIAL	31
1169237921413	1	FACE	646	PRES1_PNNN	Correct	LL1	PP0	Lure_NPPP	1	0	PRACTICE
1169237925276	1	FACE	646	CUE	Correct	LL1	PP0	Lure_NPPP	1	0	PRACTICE
1169237925922	0	FACE	646	RESP	Correct	LL1	PP0	Lure_NPPP	1	0	PRACTICE
1169237925956	0	TRIAL	32
1169237928727	1	FACE	845	PRES1_NPPN	Incorrect	LL1	PP0	Lure_NPNN	5	0	PRACTICE
1169237932693	1	FACE	845	CUE	Incorrect	LL1	PP0	Lure_NPNN	5	0	PRACTICE
1169237933538	0	FACE	845	RESP	Incorrect	LL1	PP0	Lure_NPNN	5	0	PRACTICE
1169237943570	0	SESS_END	1
1169237943577	0	E	Logging Ends
