1165535530982	0	B	Logging Begins
1165535530982	0	SETUP
1165535530990	0	RESTORESTATE
1165535531023	0	SAVESTATE
1165535531023	0	RESTORESTATE
1165535531046	0	SESSION	0
1165535648039	0	SAVESTATE
1165535654060	0	SAVESTATE
1165535660084	0	SAVESTATE
1165535666119	0	SAVESTATE
1165535672143	0	SAVESTATE
1165535678155	0	SAVESTATE
1165535684167	0	SAVESTATE
1165535690178	0	SAVESTATE
1165535696196	0	SAVESTATE
1165535702476	0	SAVESTATE
1165535708320	0	SAVESTATE
1165535714330	0	SAVESTATE
1165535720342	0	SAVESTATE
1165535726367	0	SAVESTATE
1165535732378	0	SAVESTATE
1165535738395	0	SAVESTATE
1165535749610	0	SAVESTATE
1165535756191	0	SAVESTATE
1165535760620	0	SAVESTATE
1165535766466	0	SAVESTATE
1165535772907	0	SAVESTATE
1165535778540	0	SAVESTATE
1165535784523	0	SAVESTATE
1165535789962	0	SAVESTATE
1165535796873	0	SAVESTATE
1165535802106	0	SAVESTATE
1165535809331	0	SAVESTATE
1165535814347	0	SAVESTATE
1165535820490	0	SAVESTATE
1165535826601	0	SAVESTATE
1165535833169	0	SAVESTATE
1165535840675	0	SAVESTATE
1165535844733	0	SAVESTATE
1165535850749	0	SAVESTATE
1165535856765	0	SAVESTATE
1165535862766	0	SAVESTATE
1165535868768	0	SAVESTATE
1165535874771	0	SAVESTATE
1165535880772	0	SAVESTATE
1165535886774	0	SAVESTATE
1165535892789	0	SAVESTATE
1165535898791	0	SAVESTATE
1165535905032	0	SAVESTATE
1165535910796	0	SAVESTATE
1165535916809	0	SAVESTATE
1165535922809	0	SAVESTATE
1165535928809	0	SAVESTATE
1165535934813	0	SAVESTATE
1165535945437	0	SAVESTATE
1165535951126	0	SAVESTATE
1165535957557	0	SAVESTATE
1165535963241	0	SAVESTATE
1165535968629	0	SAVESTATE
1165535974677	0	SAVESTATE
1165535980433	0	SAVESTATE
1165535986252	0	SAVESTATE
1165535993309	0	SAVESTATE
1165535998108	0	SAVESTATE
1165536005369	0	SAVESTATE
1165536010723	0	SAVESTATE
1165536016787	0	SAVESTATE
1165536021739	0	SAVESTATE
1165536028291	0	SAVESTATE
1165536036298	0	SAVESTATE
1165536040418	0	SAVESTATE
1165536046420	0	SAVESTATE
1165536052420	0	SAVESTATE
1165536058434	0	SAVESTATE
1165536064434	0	SAVESTATE
1165536070451	0	SAVESTATE
1165536076454	0	SAVESTATE
1165536082455	0	SAVESTATE
1165536088459	0	SAVESTATE
1165536094468	0	SAVESTATE
1165536100483	0	SAVESTATE
1165536106485	0	SAVESTATE
1165536112769	0	SAVESTATE
1165536118489	0	SAVESTATE
1165536124488	0	SAVESTATE
1165536130490	0	SAVESTATE
1165536139144	0	SAVESTATE
1165536145823	0	SAVESTATE
1165536150965	0	SAVESTATE
1165536157662	0	SAVESTATE
1165536164502	0	SAVESTATE
1165536169236	0	SAVESTATE
1165536175415	0	SAVESTATE
1165536181151	0	SAVESTATE
1165536187686	0	SAVESTATE
1165536195890	0	SAVESTATE
1165536200516	0	SAVESTATE
1165536205860	0	SAVESTATE
1165536210971	0	SAVESTATE
1165536217167	0	SAVESTATE
1165536223529	0	SAVESTATE
1165536229332	0	SAVESTATE
1165536235231	0	SAVESTATE
1165536241234	0	SAVESTATE
1165536247445	0	SAVESTATE
1165536253237	0	SAVESTATE
1165536259239	0	SAVESTATE
1165536265254	0	SAVESTATE
1165536271255	0	SAVESTATE
1165536277256	0	SAVESTATE
1165536283258	0	SAVESTATE
1165536289259	0	SAVESTATE
1165536295258	0	SAVESTATE
1165536301274	0	SAVESTATE
1165536307275	0	SAVESTATE
1165536313525	0	SAVESTATE
1165536319276	0	SAVESTATE
1165536325296	0	SAVESTATE
1165536333729	0	SAVESTATE
1165536339694	0	SAVESTATE
1165536345783	0	SAVESTATE
1165536352879	0	SAVESTATE
1165536359240	0	SAVESTATE
1165536367364	0	SAVESTATE
1165536371525	0	SAVESTATE
1165536376208	0	SAVESTATE
1165536381694	0	SAVESTATE
1165536389487	0	SAVESTATE
1165536394349	0	SAVESTATE
1165536400478	0	SAVESTATE
1165536407201	0	SAVESTATE
1165536412941	0	SAVESTATE
1165536418327	0	SAVESTATE
1165536425022	0	SAVESTATE
1165536430389	0	SAVESTATE
1165536436389	0	SAVESTATE
1165536442393	0	SAVESTATE
1165536448396	0	SAVESTATE
1165536454396	0	SAVESTATE
1165536460413	0	SAVESTATE
1165536466413	0	SAVESTATE
1165536472625	0	SAVESTATE
1165536478418	0	SAVESTATE
1165536484419	0	SAVESTATE
1165536490421	0	SAVESTATE
1165536496432	0	SAVESTATE
1165536502433	0	SAVESTATE
1165536508450	0	SAVESTATE
1165536514450	0	SAVESTATE
1165536520450	0	SAVESTATE
1165536530215	0	SAVESTATE
1165536536673	0	SAVESTATE
1165536542971	0	SAVESTATE
1165536547384	0	SAVESTATE
1165536553374	0	SAVESTATE
1165536562352	0	SAVESTATE
1165536565704	0	SAVESTATE
1165536572727	0	SAVESTATE
1165536579673	0	SAVESTATE
1165536584712	0	SAVESTATE
1165536590824	0	SAVESTATE
1165536595455	0	SAVESTATE
1165536602736	0	SAVESTATE
1165536608765	0	SAVESTATE
1165536614135	0	SAVESTATE
1165536619991	0	SAVESTATE
1165536625920	0	SAVESTATE
1165536631923	0	SAVESTATE
1165536637922	0	SAVESTATE
1165536643925	0	SAVESTATE
1165536649927	0	SAVESTATE
1165536655928	0	SAVESTATE
1165536661941	0	SAVESTATE
1165536667942	0	SAVESTATE
1165536673941	0	SAVESTATE
1165536680273	0	SAVESTATE
1165536686089	0	SAVESTATE
1165536692092	0	SAVESTATE
1165536698109	0	SAVESTATE
1165536704122	0	SAVESTATE
1165536710123	0	SAVESTATE
1165536716125	0	SAVESTATE
1165536725163	0	SAVESTATE
1165536730955	0	SAVESTATE
1165536736458	0	SAVESTATE
1165536744426	0	SAVESTATE
1165536749180	0	SAVESTATE
1165536755729	0	SAVESTATE
1165536761291	0	SAVESTATE
1165536768169	0	SAVESTATE
1165536773010	0	SAVESTATE
1165536779522	0	SAVESTATE
1165536785537	0	SAVESTATE
1165536790303	0	SAVESTATE
1165536798168	0	SAVESTATE
1165536804919	0	SAVESTATE
1165536809002	0	SAVESTATE
1165536816952	0	SAVESTATE
1165536822617	0	SAVESTATE
1165536828617	0	SAVESTATE
1165536834620	0	SAVESTATE
1165536840623	0	SAVESTATE
1165536846622	0	SAVESTATE
1165536852643	0	SAVESTATE
1165536858645	0	SAVESTATE
1165536864647	0	SAVESTATE
1165536870650	0	SAVESTATE
1165536876662	0	SAVESTATE
1165536883011	0	SAVESTATE
1165536888667	0	SAVESTATE
1165536894668	0	SAVESTATE
1165536900671	0	SAVESTATE
1165536906671	0	SAVESTATE
1165536912682	0	SAVESTATE
1165536921989	0	SAVESTATE
1165536928621	0	SAVESTATE
1165536934340	0	SAVESTATE
1165536940123	0	SAVESTATE
1165536946026	0	SAVESTATE
1165536952739	0	SAVESTATE
1165536957419	0	SAVESTATE
1165536965147	0	SAVESTATE
1165536971017	0	SAVESTATE
1165536977161	0	SAVESTATE
1165536983458	0	SAVESTATE
1165536988601	0	SAVESTATE
1165536993857	0	SAVESTATE
1165536999778	0	SAVESTATE
1165537005743	0	SAVESTATE
1165537011521	0	SAVESTATE
1165537017476	0	SAVESTATE
1165537023478	0	SAVESTATE
1165537029479	0	SAVESTATE
1165537035498	0	SAVESTATE
1165537041502	0	SAVESTATE
1165537047809	0	SAVESTATE
1165537053507	0	SAVESTATE
1165537059526	0	SAVESTATE
1165537065527	0	SAVESTATE
1165537071528	0	SAVESTATE
1165537077528	0	SAVESTATE
1165537083543	0	SAVESTATE
1165537089555	0	SAVESTATE
1165537095555	0	SAVESTATE
1165537101558	0	SAVESTATE
1165537107559	0	SAVESTATE
1165537117184	0	SAVESTATE
1165537124277	0	SAVESTATE
1165537129157	0	SAVESTATE
1165537136117	0	SAVESTATE
1165537141246	0	SAVESTATE
1165537147117	0	SAVESTATE
1165537153782	0	SAVESTATE
1165537160021	0	SAVESTATE
1165537166746	0	SAVESTATE
1165537171053	0	SAVESTATE
1165537177795	0	SAVESTATE
1165537183705	0	SAVESTATE
1165537189349	0	SAVESTATE
1165537195691	0	SAVESTATE
1165537202954	0	SAVESTATE
1165537208712	0	SAVESTATE
1165537212630	0	SAVESTATE
1165537218642	0	SAVESTATE
1165537224646	0	SAVESTATE
1165537230648	0	SAVESTATE
1165537236666	0	SAVESTATE
1165537242666	0	SAVESTATE
1165537248679	0	SAVESTATE
1165537254949	0	SAVESTATE
1165537260682	0	SAVESTATE
1165537266680	0	SAVESTATE
1165537272684	0	SAVESTATE
1165537278685	0	SAVESTATE
1165537284686	0	SAVESTATE
1165537290688	0	SAVESTATE
1165537296690	0	SAVESTATE
1165537302690	0	SAVESTATE
1165537311502	0	SAVESTATE
1165537319294	0	SAVESTATE
1165537324816	0	SAVESTATE
1165537330238	0	SAVESTATE
1165537335822	0	SAVESTATE
1165537342181	0	SAVESTATE
1165537347838	0	SAVESTATE
1165537354326	0	SAVESTATE
1165537362517	0	SAVESTATE
1165537366202	0	SAVESTATE
1165537373731	0	SAVESTATE
1165537380030	0	SAVESTATE
1165537384922	0	SAVESTATE
1165537390085	0	SAVESTATE
1165537395902	0	SAVESTATE
1165537403229	0	SAVESTATE
1165537407763	0	SAVESTATE
1165537413765	0	SAVESTATE
1165537419764	0	SAVESTATE
1165537425781	0	SAVESTATE
1165537431784	0	SAVESTATE
1165537437782	0	SAVESTATE
1165537443794	0	SAVESTATE
1165537449795	0	SAVESTATE
1165537455812	0	SAVESTATE
1165537462080	0	SAVESTATE
1165537467840	0	SAVESTATE
1165537473854	0	SAVESTATE
1165537479855	0	SAVESTATE
1165537485855	0	SAVESTATE
1165537491856	0	SAVESTATE
1165537497859	0	SAVESTATE
1165537507806	0	SAVESTATE
1165537514223	0	SAVESTATE
1165537518464	0	SAVESTATE
1165537525345	0	SAVESTATE
1165537531269	0	SAVESTATE
1165537537573	0	SAVESTATE
1165537544629	0	SAVESTATE
1165537548816	0	SAVESTATE
1165537555806	0	SAVESTATE
1165537560454	0	SAVESTATE
1165537568158	0	SAVESTATE
1165537574478	0	SAVESTATE
1165537579773	0	SAVESTATE
1165537586172	0	SAVESTATE
1165537590923	0	SAVESTATE
1165537596830	0	SAVESTATE
1165537793345	0	SAVESTATE
1165537793400	0	EXIT
1165537793457	0	E	Logging Ends
