1165516261716	0	B	Logging Begins
1165516261716	0	SETUP
1165516261723	0	RESTORESTATE
1165516261754	0	SAVESTATE
1165516261754	0	RESTORESTATE
1165516261763	0	SESSION	0
1165516398425	0	SAVESTATE
1165516404452	0	SAVESTATE
1165516410473	0	SAVESTATE
1165516416506	0	SAVESTATE
1165516422518	0	SAVESTATE
1165516428532	0	SAVESTATE
1165516434541	0	SAVESTATE
1165516440562	0	SAVESTATE
1165516446576	0	SAVESTATE
1165516452588	0	SAVESTATE
1165516458600	0	SAVESTATE
1165516464621	0	SAVESTATE
1165516470632	0	SAVESTATE
1165516476665	0	SAVESTATE
1165516482687	0	SAVESTATE
1165516488719	0	SAVESTATE
1165516506165	0	SAVESTATE
1165516513755	0	SAVESTATE
1165516518897	0	SAVESTATE
1165516524137	0	SAVESTATE
1165516528810	0	SAVESTATE
1165516534945	0	SAVESTATE
1165516542410	0	SAVESTATE
1165516547803	0	SAVESTATE
1165516553194	0	SAVESTATE
1165516559297	0	SAVESTATE
1165516564641	0	SAVESTATE
1165516572232	0	SAVESTATE
1165516576321	0	SAVESTATE
1165516582401	0	SAVESTATE
1165516588992	0	SAVESTATE
1165516594881	0	SAVESTATE
1165516656985	0	SAVESTATE
1165516662988	0	SAVESTATE
1165516668986	0	SAVESTATE
1165516675002	0	SAVESTATE
1165516681019	0	SAVESTATE
1165516687096	0	SAVESTATE
1165516693034	0	SAVESTATE
1165516699034	0	SAVESTATE
1165516705035	0	SAVESTATE
1165516711049	0	SAVESTATE
1165516717053	0	SAVESTATE
1165516723053	0	SAVESTATE
1165516729053	0	SAVESTATE
1165516735056	0	SAVESTATE
1165516741067	0	SAVESTATE
1165516747067	0	SAVESTATE
1165516756522	0	SAVESTATE
1165516763441	0	SAVESTATE
1165516768372	0	SAVESTATE
1165516774611	0	SAVESTATE
1165516780204	0	SAVESTATE
1165516786933	0	SAVESTATE
1165516793193	0	SAVESTATE
1165516798809	0	SAVESTATE
1165516804343	0	SAVESTATE
1165516810481	0	SAVESTATE
1165516815784	0	SAVESTATE
1165516823130	0	SAVESTATE
1165516829502	0	SAVESTATE
1165516835543	0	SAVESTATE
1165516839903	0	SAVESTATE
1165516847424	0	SAVESTATE
1165516852470	0	SAVESTATE
1165516858473	0	SAVESTATE
1165516864473	0	SAVESTATE
1165516870491	0	SAVESTATE
1165516876507	0	SAVESTATE
1165516882506	0	SAVESTATE
1165516888510	0	SAVESTATE
1165516894518	0	SAVESTATE
1165516900527	0	SAVESTATE
1165516906527	0	SAVESTATE
1165516912528	0	SAVESTATE
1165516918528	0	SAVESTATE
1165516924529	0	SAVESTATE
1165516930532	0	SAVESTATE
1165516936532	0	SAVESTATE
1165516942535	0	SAVESTATE
1165516951739	0	SAVESTATE
1165516957916	0	SAVESTATE
1165516962843	0	SAVESTATE
1165516970251	0	SAVESTATE
1165516977050	0	SAVESTATE
1165516981684	0	SAVESTATE
1165516988475	0	SAVESTATE
1165516994665	0	SAVESTATE
1165516998751	0	SAVESTATE
1165517004953	0	SAVESTATE
1165517012703	0	SAVESTATE
1165517017849	0	SAVESTATE
1165517024337	0	SAVESTATE
1165517030458	0	SAVESTATE
1165517036265	0	SAVESTATE
1165517041617	0	SAVESTATE
1165517047945	0	SAVESTATE
1165517053948	0	SAVESTATE
1165517059946	0	SAVESTATE
1165517065948	0	SAVESTATE
1165517071950	0	SAVESTATE
1165517077967	0	SAVESTATE
1165517083968	0	SAVESTATE
1165517089970	0	SAVESTATE
1165517096331	0	SAVESTATE
1165517102043	0	SAVESTATE
1165517108047	0	SAVESTATE
1165517114061	0	SAVESTATE
1165517120059	0	SAVESTATE
1165517126062	0	SAVESTATE
1165517132066	0	SAVESTATE
1165517138084	0	SAVESTATE
1165517149374	0	SAVESTATE
1165517155500	0	SAVESTATE
1165517161028	0	SAVESTATE
1165517166291	0	SAVESTATE
1165517172747	0	SAVESTATE
1165517178348	0	SAVESTATE
1165517185609	0	SAVESTATE
1165517190588	0	SAVESTATE
1165517198484	0	SAVESTATE
1165517204180	0	SAVESTATE
1165517211419	0	SAVESTATE
1165517215649	0	SAVESTATE
1165517221465	0	SAVESTATE
1165517226410	0	SAVESTATE
1165517234969	0	SAVESTATE
1165517239553	0	SAVESTATE
1165517244792	0	SAVESTATE
1165517250794	0	SAVESTATE
1165517256796	0	SAVESTATE
1165517262800	0	SAVESTATE
1165517268798	0	SAVESTATE
1165517274809	0	SAVESTATE
1165517280810	0	SAVESTATE
1165517286828	0	SAVESTATE
1165517292832	0	SAVESTATE
1165517298831	0	SAVESTATE
1165517304835	0	SAVESTATE
1165517310833	0	SAVESTATE
1165517316836	0	SAVESTATE
1165517322853	0	SAVESTATE
1165517328864	0	SAVESTATE
1165517334868	0	SAVESTATE
1165517346491	0	SAVESTATE
1165517353238	0	SAVESTATE
1165517359549	0	SAVESTATE
1165517365894	0	SAVESTATE
1165517371764	0	SAVESTATE
1165517379171	0	SAVESTATE
1165517384293	0	SAVESTATE
1165517390429	0	SAVESTATE
1165517395308	0	SAVESTATE
1165517401802	0	SAVESTATE
1165517410354	0	SAVESTATE
1165517413485	0	SAVESTATE
1165517419113	0	SAVESTATE
1165517425308	0	SAVESTATE
1165517430995	0	SAVESTATE
1165517438067	0	SAVESTATE
1165517442636	0	SAVESTATE
1165517448637	0	SAVESTATE
1165517454639	0	SAVESTATE
1165517460641	0	SAVESTATE
1165517466658	0	SAVESTATE
1165517472659	0	SAVESTATE
1165517478659	0	SAVESTATE
1165517484659	0	SAVESTATE
1165517490677	0	SAVESTATE
1165517496679	0	SAVESTATE
1165517502689	0	SAVESTATE
1165517508691	0	SAVESTATE
1165517514695	0	SAVESTATE
1165517520695	0	SAVESTATE
1165517526698	0	SAVESTATE
1165517532718	0	SAVESTATE
1165517543662	0	SAVESTATE
1165517550926	0	SAVESTATE
1165517555774	0	SAVESTATE
1165517563869	0	SAVESTATE
1165517567940	0	SAVESTATE
1165517577109	0	SAVESTATE
1165517579853	0	SAVESTATE
1165517586734	0	SAVESTATE
1165517593774	0	SAVESTATE
1165517600252	0	SAVESTATE
1165517603908	0	SAVESTATE
1165517612486	0	SAVESTATE
1165517617218	0	SAVESTATE
1165517622091	0	SAVESTATE
1165517629626	0	SAVESTATE
1165517634666	0	SAVESTATE
1165517640032	0	SAVESTATE
1165517646036	0	SAVESTATE
1165517652036	0	SAVESTATE
1165517658049	0	SAVESTATE
1165517664064	0	SAVESTATE
1165517670075	0	SAVESTATE
1165517676077	0	SAVESTATE
1165517682079	0	SAVESTATE
1165517688078	0	SAVESTATE
1165517694080	0	SAVESTATE
1165517700081	0	SAVESTATE
1165517706096	0	SAVESTATE
1165517712097	0	SAVESTATE
1165517718096	0	SAVESTATE
1165517724099	0	SAVESTATE
1165517730101	0	SAVESTATE
1165517742689	0	SAVESTATE
1165517749407	0	SAVESTATE
1165517754017	0	SAVESTATE
1165517760358	0	SAVESTATE
1165517767142	0	SAVESTATE
1165517772188	0	SAVESTATE
1165517779775	0	SAVESTATE
1165517785559	0	SAVESTATE
1165517790373	0	SAVESTATE
1165517796948	0	SAVESTATE
1165517803383	0	SAVESTATE
1165517808261	0	SAVESTATE
1165517815501	0	SAVESTATE
1165517820563	0	SAVESTATE
1165517828843	0	SAVESTATE
1165517832742	0	SAVESTATE
1165517838855	0	SAVESTATE
1165517844867	0	SAVESTATE
1165517850868	0	SAVESTATE
1165517856868	0	SAVESTATE
1165517862873	0	SAVESTATE
1165517868888	0	SAVESTATE
1165517874889	0	SAVESTATE
1165517880891	0	SAVESTATE
1165517886907	0	SAVESTATE
1165517892921	0	SAVESTATE
1165517898924	0	SAVESTATE
1165517904925	0	SAVESTATE
1165517910926	0	SAVESTATE
1165517916930	0	SAVESTATE
1165517922931	0	SAVESTATE
1165517928935	0	SAVESTATE
1165517939941	0	SAVESTATE
1165517946224	0	SAVESTATE
1165517953308	0	SAVESTATE
1165517958640	0	SAVESTATE
1165517964792	0	SAVESTATE
1165517969600	0	SAVESTATE
1165517975279	0	SAVESTATE
1165517981142	0	SAVESTATE
1165517988134	0	SAVESTATE
1165517992981	0	SAVESTATE
1165517999270	0	SAVESTATE
1165518005475	0	SAVESTATE
1165518011181	0	SAVESTATE
1165518017837	0	SAVESTATE
1165518025383	0	SAVESTATE
1165518031046	0	SAVESTATE
1165518035136	0	SAVESTATE
1165518041138	0	SAVESTATE
1165518047139	0	SAVESTATE
1165518053139	0	SAVESTATE
1165518059142	0	SAVESTATE
1165518065143	0	SAVESTATE
1165518071143	0	SAVESTATE
1165518077144	0	SAVESTATE
1165518083159	0	SAVESTATE
1165518089172	0	SAVESTATE
1165518095173	0	SAVESTATE
1165518101174	0	SAVESTATE
1165518107176	0	SAVESTATE
1165518113187	0	SAVESTATE
1165518119188	0	SAVESTATE
1165518125206	0	SAVESTATE
1165518137890	0	SAVESTATE
1165518144161	0	SAVESTATE
1165518149249	0	SAVESTATE
1165518155233	0	SAVESTATE
1165518162554	0	SAVESTATE
1165518168449	0	SAVESTATE
1165518174598	0	SAVESTATE
1165518179368	0	SAVESTATE
1165518187201	0	SAVESTATE
1165518192184	0	SAVESTATE
1165518197336	0	SAVESTATE
1165518205151	0	SAVESTATE
1165518210455	0	SAVESTATE
1165518217277	0	SAVESTATE
1165518221999	0	SAVESTATE
1165518227941	0	SAVESTATE
1165518233637	0	SAVESTATE
1165518239639	0	SAVESTATE
1165518245639	0	SAVESTATE
1165518251642	0	SAVESTATE
1165518257644	0	SAVESTATE
1165518263645	0	SAVESTATE
1165518269659	0	SAVESTATE
1165518275660	0	SAVESTATE
1165518281661	0	SAVESTATE
1165518287678	0	SAVESTATE
1165518293677	0	SAVESTATE
1165518299680	0	SAVESTATE
1165518305681	0	SAVESTATE
1165518311701	0	SAVESTATE
1165518317703	0	SAVESTATE
1165518323718	0	SAVESTATE
1165518334306	0	SAVESTATE
1165518341129	0	SAVESTATE
1165518346491	0	SAVESTATE
1165518352452	0	SAVESTATE
1165518358847	0	SAVESTATE
1165518364696	0	SAVESTATE
1165518372649	0	SAVESTATE
1165518377571	0	SAVESTATE
1165518383115	0	SAVESTATE
1165518388136	0	SAVESTATE
1165518395680	0	SAVESTATE
1165518400320	0	SAVESTATE
1165518405896	0	SAVESTATE
1165518413056	0	SAVESTATE
1165518418390	0	SAVESTATE
1165518426118	0	SAVESTATE
1165518615690	0	SAVESTATE
1165518615759	0	EXIT
1165518615760	0	E	Logging Ends
