1159542820864	0	B	Logging Begins
1159542820864	0	SETUP
1159542820876	0	RESTORESTATE
1159542820904	0	SAVESTATE
1159542820904	0	RESTORESTATE
1159542821211	0	SESSION	0
1159542970097	0	SAVESTATE
1159542976123	0	SAVESTATE
1159542982156	0	SAVESTATE
1159542988186	0	SAVESTATE
1159542994216	0	SAVESTATE
1159543000329	0	SAVESTATE
1159543006278	0	SAVESTATE
1159543012313	0	SAVESTATE
1159543023415	0	SAVESTATE
1159543029447	0	SAVESTATE
1159543035478	0	SAVESTATE
1159543041509	0	SAVESTATE
1159543047541	0	SAVESTATE
1159543053572	0	SAVESTATE
1159543059604	0	SAVESTATE
1159543065635	0	SAVESTATE
1159543075223	0	SAVESTATE
1159543081255	0	SAVESTATE
1159543087287	0	SAVESTATE
1159543093321	0	SAVESTATE
1159543099348	0	SAVESTATE
1159543105381	0	SAVESTATE
1159543111413	0	SAVESTATE
1159543117446	0	SAVESTATE
1159543125666	0	SAVESTATE
1159543131697	0	SAVESTATE
1159543137728	0	SAVESTATE
1159543143759	0	SAVESTATE
1159543149790	0	SAVESTATE
1159543156039	0	SAVESTATE
1159543162071	0	SAVESTATE
1159543168101	0	SAVESTATE
1159543183138	0	SAVESTATE
1159543189169	0	SAVESTATE
1159543195204	0	SAVESTATE
1159543201216	0	SAVESTATE
1159543207246	0	SAVESTATE
1159543213279	0	SAVESTATE
1159543219388	0	SAVESTATE
1159543225343	0	SAVESTATE
1159543233214	0	SAVESTATE
1159543239244	0	SAVESTATE
1159543245275	0	SAVESTATE
1159543251307	0	SAVESTATE
1159543257338	0	SAVESTATE
1159543263365	0	SAVESTATE
1159543269384	0	SAVESTATE
1159543275415	0	SAVESTATE
1159543282837	0	SAVESTATE
1159543288874	0	SAVESTATE
1159543294901	0	SAVESTATE
1159543300933	0	SAVESTATE
1159543306966	0	SAVESTATE
1159543312998	0	SAVESTATE
1159543319028	0	SAVESTATE
1159543325058	0	SAVESTATE
1159543334064	0	SAVESTATE
1159543340095	0	SAVESTATE
1159543346126	0	SAVESTATE
1159543352157	0	SAVESTATE
1159543358188	0	SAVESTATE
1159543364220	0	SAVESTATE
1159543370251	0	SAVESTATE
1159543376282	0	SAVESTATE
1159543384104	0	SAVESTATE
1159543390135	0	SAVESTATE
1159543396168	0	SAVESTATE
1159543402200	0	SAVESTATE
1159543408233	0	SAVESTATE
1159543414261	0	SAVESTATE
1159543420293	0	SAVESTATE
1159543426326	0	SAVESTATE
1159543433930	0	SAVESTATE
1159543439961	0	SAVESTATE
1159543445992	0	SAVESTATE
1159543452025	0	SAVESTATE
1159543458056	0	SAVESTATE
1159543464087	0	SAVESTATE
1159543470118	0	SAVESTATE
1159543476149	0	SAVESTATE
1159543487108	0	SAVESTATE
1159543493134	0	SAVESTATE
1159543499183	0	SAVESTATE
1159543505215	0	SAVESTATE
1159543511247	0	SAVESTATE
1159543517272	0	SAVESTATE
1159543523309	0	SAVESTATE
1159543529343	0	SAVESTATE
1159543536662	0	SAVESTATE
1159543542694	0	SAVESTATE
1159543548725	0	SAVESTATE
1159543554756	0	SAVESTATE
1159543560789	0	SAVESTATE
1159543566819	0	SAVESTATE
1159543572850	0	SAVESTATE
1159543578881	0	SAVESTATE
1159543586489	0	SAVESTATE
1159543592519	0	SAVESTATE
1159543598551	0	SAVESTATE
1159543604584	0	SAVESTATE
1159543610615	0	SAVESTATE
1159543616645	0	SAVESTATE
1159543622675	0	SAVESTATE
1159543628775	0	SAVESTATE
1159543635979	0	SAVESTATE
1159543642012	0	SAVESTATE
1159543648043	0	SAVESTATE
1159543654074	0	SAVESTATE
1159543660105	0	SAVESTATE
1159543666136	0	SAVESTATE
1159543672168	0	SAVESTATE
1159543678199	0	SAVESTATE
1159543686137	0	SAVESTATE
1159543692170	0	SAVESTATE
1159543698201	0	SAVESTATE
1159543704233	0	SAVESTATE
1159543710268	0	SAVESTATE
1159543716297	0	SAVESTATE
1159543722397	0	SAVESTATE
1159543728358	0	SAVESTATE
1159543735430	0	SAVESTATE
1159543741461	0	SAVESTATE
1159543747493	0	SAVESTATE
1159543753524	0	SAVESTATE
1159543759555	0	SAVESTATE
1159543765587	0	SAVESTATE
1159543771618	0	SAVESTATE
1159543777649	0	SAVESTATE
1159543784891	0	SAVESTATE
1159543790923	0	SAVESTATE
1159543796954	0	SAVESTATE
1159543802985	0	SAVESTATE
1159543809014	0	SAVESTATE
1159543815049	0	SAVESTATE
1159543821077	0	SAVESTATE
1159543827110	0	SAVESTATE
1159543834181	0	SAVESTATE
1159543840212	0	SAVESTATE
1159543846460	0	SAVESTATE
1159543852491	0	SAVESTATE
1159543858522	0	SAVESTATE
1159543864554	0	SAVESTATE
1159543870585	0	SAVESTATE
1159543876742	0	SAVESTATE
1159543883673	0	SAVESTATE
1159543889709	0	SAVESTATE
1159543895735	0	SAVESTATE
1159543901765	0	SAVESTATE
1159543907801	0	SAVESTATE
1159543913829	0	SAVESTATE
1159543919862	0	SAVESTATE
1159543925895	0	SAVESTATE
1159543932931	0	SAVESTATE
1159543939229	0	SAVESTATE
1159543945260	0	SAVESTATE
1159543951292	0	SAVESTATE
1159543957323	0	SAVESTATE
1159543963354	0	SAVESTATE
1159543969386	0	SAVESTATE
1159543975417	0	SAVESTATE
1159544019244	0	SAVESTATE
1159544025282	0	SAVESTATE
1159544031326	0	SAVESTATE
1159544037360	0	SAVESTATE
1159544043387	0	SAVESTATE
1159544049495	0	SAVESTATE
1159544055448	0	SAVESTATE
1159544061482	0	SAVESTATE
1159544069037	0	SAVESTATE
1159544075068	0	SAVESTATE
1159544081099	0	SAVESTATE
1159544087130	0	SAVESTATE
1159544093161	0	SAVESTATE
1159544099193	0	SAVESTATE
1159544105224	0	SAVESTATE
1159544111255	0	SAVESTATE
1159544118363	0	SAVESTATE
1159544124397	0	SAVESTATE
1159544130425	0	SAVESTATE
1159544136455	0	SAVESTATE
1159544142489	0	SAVESTATE
1159544148519	0	SAVESTATE
1159544154550	0	SAVESTATE
1159544160589	0	SAVESTATE
1159544167703	0	SAVESTATE
1159544173768	0	SAVESTATE
1159544179799	0	SAVESTATE
1159544185831	0	SAVESTATE
1159544191862	0	SAVESTATE
1159544197893	0	SAVESTATE
1159544203925	0	SAVESTATE
1159544209956	0	SAVESTATE
1159544217278	0	SAVESTATE
1159544223312	0	SAVESTATE
1159544229342	0	SAVESTATE
1159544235380	0	SAVESTATE
1159544241422	0	SAVESTATE
1159544247453	0	SAVESTATE
1159544253483	0	SAVESTATE
1159544259520	0	SAVESTATE
1159544266737	0	SAVESTATE
1159544272769	0	SAVESTATE
1159544278800	0	SAVESTATE
1159544284832	0	SAVESTATE
1159544290863	0	SAVESTATE
1159544296944	0	SAVESTATE
1159544302975	0	SAVESTATE
1159544309007	0	SAVESTATE
1159544316384	0	SAVESTATE
1159544322417	0	SAVESTATE
1159544328461	0	SAVESTATE
1159544334492	0	SAVESTATE
1159544340521	0	SAVESTATE
1159544346554	0	SAVESTATE
1159544352585	0	SAVESTATE
1159544358793	0	SAVESTATE
1159544366172	0	SAVESTATE
1159544372203	0	SAVESTATE
1159544378234	0	SAVESTATE
1159544384265	0	SAVESTATE
1159544390297	0	SAVESTATE
1159544396328	0	SAVESTATE
1159544402359	0	SAVESTATE
1159544408390	0	SAVESTATE
1159544415681	0	SAVESTATE
1159544421714	0	SAVESTATE
1159544427747	0	SAVESTATE
1159544433780	0	SAVESTATE
1159544439823	0	SAVESTATE
1159544445852	0	SAVESTATE
1159544451932	0	SAVESTATE
1159544457916	0	SAVESTATE
1159544464488	0	SAVESTATE
1159544470520	0	SAVESTATE
1159544476551	0	SAVESTATE
1159544482582	0	SAVESTATE
1159544488614	0	SAVESTATE
1159544494645	0	SAVESTATE
1159544500677	0	SAVESTATE
1159544506708	0	SAVESTATE
1159544513637	0	SAVESTATE
1159544519679	0	SAVESTATE
1159544525711	0	SAVESTATE
1159544531742	0	SAVESTATE
1159544537777	0	SAVESTATE
1159544543805	0	SAVESTATE
1159544549945	0	SAVESTATE
1159544555867	0	SAVESTATE
1159544562406	0	SAVESTATE
1159544568437	0	SAVESTATE
1159544574469	0	SAVESTATE
1159544580500	0	SAVESTATE
1159544586531	0	SAVESTATE
1159544592563	0	SAVESTATE
1159544598594	0	SAVESTATE
1159544604625	0	SAVESTATE
1159544611281	0	SAVESTATE
1159544617318	0	SAVESTATE
1159544623345	0	SAVESTATE
1159544629376	0	SAVESTATE
1159544635408	0	SAVESTATE
1159544641439	0	SAVESTATE
1159544647642	0	SAVESTATE
1159544653535	0	SAVESTATE
1159544659940	0	SAVESTATE
1159544665972	0	SAVESTATE
1159544672004	0	SAVESTATE
1159544678085	0	SAVESTATE
1159544684116	0	SAVESTATE
1159544690147	0	SAVESTATE
1159544696178	0	SAVESTATE
1159544702210	0	SAVESTATE
1159544709168	0	SAVESTATE
1159544715201	0	SAVESTATE
1159544721229	0	SAVESTATE
1159544727261	0	SAVESTATE
1159544733294	0	SAVESTATE
1159544739389	0	SAVESTATE
1159544745361	0	SAVESTATE
1159544751401	0	SAVESTATE
1159544757908	0	SAVESTATE
1159544763939	0	SAVESTATE
1159544769954	0	SAVESTATE
1159544775985	0	SAVESTATE
1159544782017	0	SAVESTATE
1159544788049	0	SAVESTATE
1159544794080	0	SAVESTATE
1159544800212	0	SAVESTATE
1159544807434	0	SAVESTATE
1159544813464	0	SAVESTATE
1159544819503	0	SAVESTATE
1159544825546	0	SAVESTATE
1159544831628	0	SAVESTATE
1159544837611	0	SAVESTATE
1159544843639	0	SAVESTATE
1159544849669	0	SAVESTATE
1159544856125	0	SAVESTATE
1159544862157	0	SAVESTATE
1159544868188	0	SAVESTATE
1159544874219	0	SAVESTATE
1159544880251	0	SAVESTATE
1159544886282	0	SAVESTATE
1159544892314	0	SAVESTATE
1159544898345	0	SAVESTATE
1159544905239	0	SAVESTATE
1159544911267	0	SAVESTATE
1159544917296	0	SAVESTATE
1159544923335	0	SAVESTATE
1159544929377	0	SAVESTATE
1159544935408	0	SAVESTATE
1159544941441	0	SAVESTATE
1159544947471	0	SAVESTATE
1159544954309	0	SAVESTATE
1159544960341	0	SAVESTATE
1159544966372	0	SAVESTATE
1159544972404	0	SAVESTATE
1159544978435	0	SAVESTATE
1159544984466	0	SAVESTATE
1159544990498	0	SAVESTATE
1159544996529	0	SAVESTATE
1159545051329	0	SAVESTATE
1159545051355	0	EXIT
1159545051355	0	E	Logging Ends
