1170864013316	0	B	Logging Begins
1170864013317	0	SESS_START	0
1170864133588	0	TRIAL	1
1170864140120	1	FACE	6086	PRES1_NNNN	Correct	LL1	PP1	Target_NNNN	6	0	PRACTICE
1170864144154	1	FACE	6086	CUE	Correct	LL1	PP1	Target_NNNN	6	0	PRACTICE
1170864150240	0	FACE	6086	RESP	Correct	LL1	PP1	Target_NNNN	6	0	PRACTICE
1170864150270	0	TRIAL	2
1170864158652	1	FACE	909	PRES1_PNNP	Correct	LL1	PP1	Target_PNNP	6	0	PRACTICE
1170864162698	1	FACE	909	CUE	Correct	LL1	PP1	Target_PNNP	6	0	PRACTICE
1170864163607	0	FACE	909	RESP	Correct	LL1	PP1	Target_PNNP	6	0	PRACTICE
1170864163633	0	TRIAL	3
1170864169328	1	FACE	2220	PRES1_PPPN	Correct	LL1	PP0	Lure_PPPP	3	0	PRACTICE
1170864173059	1	FACE	2220	CUE	Correct	LL1	PP0	Lure_PPPP	3	0	PRACTICE
1170864175279	0	FACE	2220	RESP	Correct	LL1	PP0	Lure_PPPP	3	0	PRACTICE
1170864175311	0	TRIAL	4
1170864181772	1	FACE	2312	PRES1_NPPP	Correct	LL1	PP0	Lure_NPNN	3	0	PRACTICE
1170864185734	1	FACE	2312	CUE	Correct	LL1	PP0	Lure_NPNN	3	0	PRACTICE
1170864188046	1	FACE	2312	RESP	Correct	LL1	PP0	Lure_NPNN	3	0	PRACTICE
1170864188076	0	TRIAL	5
1170864194302	1	FACE	1420	PRES1_PNPN	Correct	LL1	PP0	Lure_PPNP	3	0	PRACTICE
1170864198314	1	FACE	1420	CUE	Correct	LL1	PP0	Lure_PPNP	3	0	PRACTICE
1170864199734	0	FACE	1420	RESP	Correct	LL1	PP0	Lure_PPNP	3	0	PRACTICE
1170864199770	0	TRIAL	6
1170864205437	1	FACE	1420	PRES1_PPNP	Correct	LL1	PP1	Target_PPNP	5	0	PRACTICE
1170864209274	1	FACE	1420	CUE	Correct	LL1	PP1	Target_PPNP	5	0	PRACTICE
1170864210694	0	FACE	1420	RESP	Correct	LL1	PP1	Target_PPNP	5	0	PRACTICE
1170864210734	0	TRIAL	7
1170864215597	1	FACE	1023	PRES1_PNNP	Correct	LL1	PP0	Lure_NPNP	1	0	PRACTICE
1170864219438	1	FACE	1023	CUE	Correct	LL1	PP0	Lure_NPNP	1	0	PRACTICE
1170864220461	0	FACE	1023	RESP	Correct	LL1	PP0	Lure_NPNP	1	0	PRACTICE
1170864220498	0	TRIAL	8
1170864226070	1	FACE	1179	PRES1_NNNP	Correct	LL1	PP0	Lure_PPNN	1	0	PRACTICE
1170864229938	1	FACE	1179	CUE	Correct	LL1	PP0	Lure_PPNN	1	0	PRACTICE
1170864231117	0	FACE	1179	RESP	Correct	LL1	PP0	Lure_PPNN	1	0	PRACTICE
1170864231143	0	TRIAL	9
1170864235345	1	FACE	1157	PRES1_PNPP	Correct	LL1	PP0	Lure_PNPN	1	0	PRACTICE
1170864239360	1	FACE	1157	CUE	Correct	LL1	PP0	Lure_PNPN	1	0	PRACTICE
1170864240517	0	FACE	1157	RESP	Correct	LL1	PP0	Lure_PNPN	1	0	PRACTICE
1170864240542	0	TRIAL	10
1170864246015	1	FACE	908	PRES1_PNNN	Correct	LL1	PP0	Lure_NNPN	1	0	PRACTICE
1170864249968	1	FACE	908	CUE	Correct	LL1	PP0	Lure_NNPN	1	0	PRACTICE
1170864250876	0	FACE	908	RESP	Correct	LL1	PP0	Lure_NNPN	1	0	PRACTICE
1170864250905	0	TRIAL	11
1170864254912	1	FACE	1281	PRES1_NNPN	Correct	LL1	PP1	Target_NNPN	5	0	PRACTICE
1170864258875	1	FACE	1281	CUE	Correct	LL1	PP1	Target_NNPN	5	0	PRACTICE
1170864260156	0	FACE	1281	RESP	Correct	LL1	PP1	Target_NNPN	5	0	PRACTICE
1170864260184	0	TRIAL	12
1170864263479	1	FACE	1779	PRES1_NPPP	Correct	LL1	PP1	Target_NPPP	4	0	PRACTICE
1170864267353	1	FACE	1779	CUE	Correct	LL1	PP1	Target_NPPP	4	0	PRACTICE
1170864269132	0	FACE	1779	RESP	Correct	LL1	PP1	Target_NPPP	4	0	PRACTICE
1170864269164	0	TRIAL	13
1170864272423	1	FACE	1253	PRES1_PPPP	Correct	LL1	PP0	Lure_PNNP	2	0	PRACTICE
1170864276343	1	FACE	1253	CUE	Correct	LL1	PP0	Lure_PNNP	2	0	PRACTICE
1170864277596	0	FACE	1253	RESP	Correct	LL1	PP0	Lure_PNNP	2	0	PRACTICE
1170864277630	0	TRIAL	14
1170864281168	1	FACE	1730	PRES1_NPNP	Correct	LL1	PP1	Target_NPNP	4	0	PRACTICE
1170864284961	1	FACE	1730	CUE	Correct	LL1	PP1	Target_NPNP	4	0	PRACTICE
1170864286691	0	FACE	1730	RESP	Correct	LL1	PP1	Target_NPNP	4	0	PRACTICE
1170864286728	0	TRIAL	15
1170864292159	1	FACE	854	PRES1_NNPP	Correct	LL1	PP0	Lure_PNPP	2	0	PRACTICE
1170864295901	1	FACE	854	CUE	Correct	LL1	PP0	Lure_PNPP	2	0	PRACTICE
1170864296755	0	FACE	854	RESP	Correct	LL1	PP0	Lure_PNPP	2	0	PRACTICE
1170864296789	0	TRIAL	16
1170864300244	1	FACE	1376	PRES1_NPPN	Correct	LL1	PP1	Target_NPPN	4	0	PRACTICE
1170864304210	1	FACE	1376	CUE	Correct	LL1	PP1	Target_NPPN	4	0	PRACTICE
1170864305586	1	FACE	1376	RESP	Correct	LL1	PP1	Target_NPPN	4	0	PRACTICE
1170864305620	0	TRIAL	17
1170864310100	1	FACE	1213	PRES1_PPPP	Correct	LL1	PP1	Target_PPPP	4	0	PRACTICE
1170864314141	1	FACE	1213	CUE	Correct	LL1	PP1	Target_PPPP	4	0	PRACTICE
1170864315354	0	FACE	1213	RESP	Correct	LL1	PP1	Target_PPPP	4	0	PRACTICE
1170864315384	0	TRIAL	18
1170864319254	1	FACE	1220	PRES1_PPPN	Correct	LL1	PP1	Target_PPPN	4	0	PRACTICE
1170864323070	1	FACE	1220	CUE	Correct	LL1	PP1	Target_PPPN	4	0	PRACTICE
1170864324290	0	FACE	1220	RESP	Correct	LL1	PP1	Target_PPPN	4	0	PRACTICE
1170864324313	0	TRIAL	19
1170864329187	1	FACE	1356	PRES1_PNNN	Correct	LL1	PP1	Target_PNNN	5	0	PRACTICE
1170864332973	1	FACE	1356	CUE	Correct	LL1	PP1	Target_PNNN	5	0	PRACTICE
1170864334329	1	FACE	1356	RESP	Correct	LL1	PP1	Target_PNNN	5	0	PRACTICE
1170864334361	0	TRIAL	20
1170864338066	1	FACE	1932	PRES1_NNNN	Correct	LL1	PP0	Lure_NNPP	3	0	PRACTICE
1170864341941	1	FACE	1932	CUE	Correct	LL1	PP0	Lure_NNPP	3	0	PRACTICE
1170864343873	0	FACE	1932	RESP	Correct	LL1	PP0	Lure_NNPP	3	0	PRACTICE
1170864343908	0	TRIAL	21
1170864355336	1	FACE	1348	PRES1_PPNP	Correct	LL1	PP0	Lure_NPPN	2	0	PRACTICE
1170864359285	1	FACE	1348	CUE	Correct	LL1	PP0	Lure_NPPN	2	0	PRACTICE
1170864360633	0	FACE	1348	RESP	Correct	LL1	PP0	Lure_NPPN	2	0	PRACTICE
1170864360669	0	TRIAL	22
1170864366796	1	FACE	1109	PRES1_NPNN	Correct	LL1	PP0	Lure_NNNP	1	0	PRACTICE
1170864370818	1	FACE	1109	CUE	Correct	LL1	PP0	Lure_NNNP	1	0	PRACTICE
1170864371927	0	FACE	1109	RESP	Correct	LL1	PP0	Lure_NNNP	1	0	PRACTICE
1170864371965	0	TRIAL	23
1170864377264	1	FACE	1003	PRES1_NPNP	Correct	LL1	PP0	Lure_PPPN	2	0	PRACTICE
1170864381149	1	FACE	1003	CUE	Correct	LL1	PP0	Lure_PPPN	2	0	PRACTICE
1170864382152	0	FACE	1003	RESP	Correct	LL1	PP0	Lure_PPPN	2	0	PRACTICE
1170864382179	0	TRIAL	24
1170864385716	1	FACE	1204	PRES1_PNPP	Incorrect	LL1	PP1	Target_PNPP	2	0	PRACTICE
1170864389579	1	FACE	1204	CUE	Incorrect	LL1	PP1	Target_PNPP	2	0	PRACTICE
1170864390783	1	FACE	1204	RESP	Incorrect	LL1	PP1	Target_PNPP	2	0	PRACTICE
1170864390945	0	TRIAL	25
1170864394615	1	FACE	3565	PRES1_NNPN	Correct	LL1	PP0	Lure_NNNN	3	0	PRACTICE
1170864398618	1	FACE	3565	CUE	Correct	LL1	PP0	Lure_NNNN	3	0	PRACTICE
1170864402183	0	FACE	3565	RESP	Correct	LL1	PP0	Lure_NNNN	3	0	PRACTICE
1170864402222	0	TRIAL	26
1170864408481	1	FACE	2365	PRES1_NNPP	Correct	LL1	PP1	Target_NNPP	4	0	PRACTICE
1170864412338	1	FACE	2365	CUE	Correct	LL1	PP1	Target_NNPP	4	0	PRACTICE
1170864414703	0	FACE	2365	RESP	Correct	LL1	PP1	Target_NNPP	4	0	PRACTICE
1170864414734	0	TRIAL	27
1170864418258	1	FACE	1255	PRES1_PPNN	Correct	LL1	PP1	Target_PPNN	4	0	PRACTICE
1170864422111	1	FACE	1255	CUE	Correct	LL1	PP1	Target_PPNN	4	0	PRACTICE
1170864423366	0	FACE	1255	RESP	Correct	LL1	PP1	Target_PPNN	4	0	PRACTICE
1170864423399	0	TRIAL	28
1170864426606	1	FACE	1056	PRES1_NPNN	Correct	LL1	PP1	Target_NPNN	4	0	PRACTICE
1170864430494	1	FACE	1056	CUE	Correct	LL1	PP1	Target_NPNN	4	0	PRACTICE
1170864431550	0	FACE	1056	RESP	Correct	LL1	PP1	Target_NPNN	4	0	PRACTICE
1170864431580	0	TRIAL	29
1170864436561	1	FACE	1016	PRES1_PNPN	Correct	LL1	PP1	Target_PNPN	4	0	PRACTICE
1170864440366	1	FACE	1016	CUE	Correct	LL1	PP1	Target_PNPN	4	0	PRACTICE
1170864441382	0	FACE	1016	RESP	Correct	LL1	PP1	Target_PNPN	4	0	PRACTICE
1170864441412	0	TRIAL	30
1170864444513	1	FACE	1079	PRES1_NNNP	Correct	LL1	PP1	Target_NNNP	4	0	PRACTICE
1170864448438	1	FACE	1079	CUE	Correct	LL1	PP1	Target_NNNP	4	0	PRACTICE
1170864449517	0	FACE	1079	RESP	Correct	LL1	PP1	Target_NNNP	4	0	PRACTICE
1170864449556	0	TRIAL	31
1170864454739	1	FACE	1456	PRES1_NPPN	Correct	LL1	PP0	Lure_NPPP	2	0	PRACTICE
1170864458701	1	FACE	1456	CUE	Correct	LL1	PP0	Lure_NPPP	2	0	PRACTICE
1170864460157	0	FACE	1456	RESP	Correct	LL1	PP0	Lure_NPPP	2	0	PRACTICE
1170864460187	0	TRIAL	32
1170864463928	1	FACE	1370	PRES1_PPNN	Correct	LL1	PP0	Lure_PNNN	2	0	PRACTICE
1170864467899	1	FACE	1370	CUE	Correct	LL1	PP0	Lure_PNNN	2	0	PRACTICE
1170864469269	0	FACE	1370	RESP	Correct	LL1	PP0	Lure_PNNN	2	0	PRACTICE
1170864488621	0	TRIAL	1
1170864493215	1	FACE	1928	PRES1_PNPP	Correct	LL1	PP0	Lure_NPNN	3	0	PRACTICE
1170864497196	1	FACE	1928	CUE	Correct	LL1	PP0	Lure_NPNN	3	0	PRACTICE
1170864499124	0	FACE	1928	RESP	Correct	LL1	PP0	Lure_NPNN	3	0	PRACTICE
1170864499157	0	TRIAL	2
1170864503833	1	FACE	1028	PRES1_NNPP	Correct	LL1	PP1	Target_NNPP	5	0	PRACTICE
1170864507831	1	FACE	1028	CUE	Correct	LL1	PP1	Target_NNPP	5	0	PRACTICE
1170864508859	0	FACE	1028	RESP	Correct	LL1	PP1	Target_NNPP	5	0	PRACTICE
1170864508887	0	TRIAL	3
1170864512150	1	FACE	1461	PRES1_PPPN	Correct	LL1	PP1	Target_PPPN	4	0	PRACTICE
1170864515910	1	FACE	1461	CUE	Correct	LL1	PP1	Target_PPPN	4	0	PRACTICE
1170864517371	0	FACE	1461	RESP	Correct	LL1	PP1	Target_PPPN	4	0	PRACTICE
1170864517401	0	TRIAL	4
1170864521196	1	FACE	1018	PRES1_NNNN	Correct	LL1	PP0	Lure_NPPP	1	0	PRACTICE
1170864525001	1	FACE	1018	CUE	Correct	LL1	PP0	Lure_NPPP	1	0	PRACTICE
1170864526019	0	FACE	1018	RESP	Correct	LL1	PP0	Lure_NPPP	1	0	PRACTICE
1170864526048	0	TRIAL	5
1170864529325	1	FACE	1221	PRES1_PNPN	Correct	LL1	PP0	Lure_NPNP	1	0	PRACTICE
1170864533253	1	FACE	1221	CUE	Correct	LL1	PP0	Lure_NPNP	1	0	PRACTICE
1170864534474	1	FACE	1221	RESP	Correct	LL1	PP0	Lure_NPNP	1	0	PRACTICE
1170864534513	0	TRIAL	6
1170864539195	1	FACE	1040	PRES1_PPNN	Correct	LL1	PP1	Target_PPNN	4	0	PRACTICE
1170864543122	1	FACE	1040	CUE	Correct	LL1	PP1	Target_PPNN	4	0	PRACTICE
1170864544162	0	FACE	1040	RESP	Correct	LL1	PP1	Target_PPNN	4	0	PRACTICE
1170864544193	0	TRIAL	7
1170864548274	1	FACE	953	PRES1_NPPP	Correct	LL1	PP1	Target_NPPP	5	0	PRACTICE
1170864552145	1	FACE	953	CUE	Correct	LL1	PP1	Target_NPPP	5	0	PRACTICE
1170864553098	0	FACE	953	RESP	Correct	LL1	PP1	Target_NPPP	5	0	PRACTICE
1170864553124	0	TRIAL	8
1170864556106	1	FACE	1790	PRES1_NNPP	Incorrect	LL1	PP0	Lure_PPNP	4	0	PRACTICE
1170864560059	1	FACE	1790	CUE	Incorrect	LL1	PP0	Lure_PPNP	4	0	PRACTICE
1170864561849	1	FACE	1790	RESP	Incorrect	LL1	PP0	Lure_PPNP	4	0	PRACTICE
1170864561887	0	TRIAL	9
1170864565040	1	FACE	929	PRES1_NPPN	Correct	LL1	PP0	Lure_PNNP	1	0	PRACTICE
1170864568920	1	FACE	929	CUE	Correct	LL1	PP0	Lure_PNNP	1	0	PRACTICE
1170864569849	0	FACE	929	RESP	Correct	LL1	PP0	Lure_PNNP	1	0	PRACTICE
1170864569884	0	TRIAL	10
1170864573192	1	FACE	957	PRES1_PPNP	Correct	LL1	PP1	Target_PPNP	5	0	PRACTICE
1170864576995	1	FACE	957	CUE	Correct	LL1	PP1	Target_PPNP	5	0	PRACTICE
1170864577952	0	FACE	957	RESP	Correct	LL1	PP1	Target_PPNP	5	0	PRACTICE
1170864577981	0	TRIAL	11
1170864580913	1	FACE	1236	PRES1_PNPP	Correct	LL1	PP1	Target_PNPP	4	0	PRACTICE
1170864584844	1	FACE	1236	CUE	Correct	LL1	PP1	Target_PNPP	4	0	PRACTICE
1170864586080	1	FACE	1236	RESP	Correct	LL1	PP1	Target_PNPP	4	0	PRACTICE
1170864586113	0	TRIAL	12
1170864590924	1	FACE	916	PRES1_NPNN	Correct	LL1	PP1	Target_NPNN	4	0	PRACTICE
1170864594916	1	FACE	916	CUE	Correct	LL1	PP1	Target_NPNN	4	0	PRACTICE
1170864595832	0	FACE	916	RESP	Correct	LL1	PP1	Target_NPNN	4	0	PRACTICE
1170864595859	0	TRIAL	13
1170864601927	1	FACE	911	PRES1_PNNN	Correct	LL1	PP1	Target_PNNN	4	0	PRACTICE
1170864605913	1	FACE	911	CUE	Correct	LL1	PP1	Target_PNNN	4	0	PRACTICE
1170864606824	0	FACE	911	RESP	Correct	LL1	PP1	Target_PNNN	4	0	PRACTICE
1170864606856	0	TRIAL	14
1170864610387	1	FACE	1211	PRES1_NPNP	Correct	LL1	PP0	Lure_NNPN	2	0	PRACTICE
1170864614140	1	FACE	1211	CUE	Correct	LL1	PP0	Lure_NNPN	2	0	PRACTICE
1170864615351	0	FACE	1211	RESP	Correct	LL1	PP0	Lure_NNPN	2	0	PRACTICE
1170864615388	0	TRIAL	15
1170864619465	1	FACE	1038	PRES1_PPPP	Correct	LL1	PP1	Target_PPPP	4	0	PRACTICE
1170864623433	1	FACE	1038	CUE	Correct	LL1	PP1	Target_PPPP	4	0	PRACTICE
1170864624471	0	FACE	1038	RESP	Correct	LL1	PP1	Target_PPPP	4	0	PRACTICE
1170864624500	0	TRIAL	16
1170864629052	1	FACE	1500	PRES1_NPPN	Correct	LL1	PP1	Target_NPPN	4	0	PRACTICE
1170864633011	1	FACE	1500	CUE	Correct	LL1	PP1	Target_NPPN	4	0	PRACTICE
1170864634511	0	FACE	1500	RESP	Correct	LL1	PP1	Target_NPPN	4	0	PRACTICE
1170864634547	0	TRIAL	17
1170864638831	1	FACE	1191	PRES1_NNPN	Incorrect	LL1	PP0	Lure_PNNN	4	0	PRACTICE
1170864642807	1	FACE	1191	CUE	Incorrect	LL1	PP0	Lure_PNNN	4	0	PRACTICE
1170864643998	0	FACE	1191	RESP	Incorrect	LL1	PP0	Lure_PNNN	4	0	PRACTICE
1170864644028	0	TRIAL	18
1170864647982	1	FACE	952	PRES1_NPNN	Correct	LL1	PP0	Lure_NNNP	1	0	PRACTICE
1170864651846	1	FACE	952	CUE	Correct	LL1	PP0	Lure_NNNP	1	0	PRACTICE
1170864652798	0	FACE	952	RESP	Correct	LL1	PP0	Lure_NNNP	1	0	PRACTICE
1170864652824	0	TRIAL	19
1170864658208	1	FACE	1425	PRES1_PNPN	Correct	LL1	PP1	Target_PNPN	4	0	PRACTICE
1170864662109	1	FACE	1425	CUE	Correct	LL1	PP1	Target_PNPN	4	0	PRACTICE
1170864663534	0	FACE	1425	RESP	Correct	LL1	PP1	Target_PNPN	4	0	PRACTICE
1170864663572	0	TRIAL	20
1170864666987	1	FACE	799	PRES1_NNNP	Correct	LL1	PP0	Lure_NPPN	1	0	PRACTICE
1170864670839	1	FACE	799	CUE	Correct	LL1	PP0	Lure_NPPN	1	0	PRACTICE
1170864671638	0	FACE	799	RESP	Correct	LL1	PP0	Lure_NPPN	1	0	PRACTICE
1170864671669	0	TRIAL	21
1170864676089	1	FACE	1305	PRES1_PPPN	Correct	LL1	PP0	Lure_NNNN	2	0	PRACTICE
1170864679916	1	FACE	1305	CUE	Correct	LL1	PP0	Lure_NNNN	2	0	PRACTICE
1170864681221	0	FACE	1305	RESP	Correct	LL1	PP0	Lure_NNNN	2	0	PRACTICE
1170864681249	0	TRIAL	22
1170864684339	1	FACE	956	PRES1_PNNN	Correct	LL1	PP0	Lure_PPNN	1	0	PRACTICE
1170864688153	1	FACE	956	CUE	Correct	LL1	PP0	Lure_PPNN	1	0	PRACTICE
1170864689109	0	FACE	956	RESP	Correct	LL1	PP0	Lure_PPNN	1	0	PRACTICE
1170864689146	0	TRIAL	23
1170864693301	1	FACE	851	PRES1_PPNP	Correct	LL1	PP0	Lure_NNPP	1	0	PRACTICE
1170864697218	1	FACE	851	CUE	Correct	LL1	PP0	Lure_NNPP	1	0	PRACTICE
1170864698069	0	FACE	851	RESP	Correct	LL1	PP0	Lure_NNPP	1	0	PRACTICE
1170864698093	0	TRIAL	24
1170864701750	1	FACE	1168	PRES1_NNPN	Correct	LL1	PP1	Target_NNPN	4	0	PRACTICE
1170864705572	1	FACE	1168	CUE	Correct	LL1	PP1	Target_NNPN	4	0	PRACTICE
1170864706740	0	FACE	1168	RESP	Correct	LL1	PP1	Target_NNPN	4	0	PRACTICE
1170864706775	0	TRIAL	25
1170864709750	1	FACE	1467	PRES1_PNNP	Incorrect	LL1	PP0	Lure_PNPN	4	0	PRACTICE
1170864713745	1	FACE	1467	CUE	Incorrect	LL1	PP0	Lure_PNPN	4	0	PRACTICE
1170864715212	0	FACE	1467	RESP	Incorrect	LL1	PP0	Lure_PNPN	4	0	PRACTICE
1170864715238	0	TRIAL	26
1170864718197	1	FACE	854	PRES1_PPNN	Correct	LL1	PP0	Lure_PPPP	1	0	PRACTICE
1170864722077	1	FACE	854	CUE	Correct	LL1	PP0	Lure_PPPP	1	0	PRACTICE
1170864722931	0	FACE	854	RESP	Correct	LL1	PP0	Lure_PPPP	1	0	PRACTICE
1170864722967	0	TRIAL	27
1170864726153	1	FACE	833	PRES1_NPPP	Correct	LL1	PP0	Lure_PNPP	1	0	PRACTICE
1170864730089	1	FACE	833	CUE	Correct	LL1	PP0	Lure_PNPP	1	0	PRACTICE
1170864730922	0	FACE	833	RESP	Correct	LL1	PP0	Lure_PNPP	1	0	PRACTICE
1170864730949	0	TRIAL	28
1170864734156	1	FACE	1178	PRES1_NPNP	Correct	LL1	PP1	Target_NPNP	4	0	PRACTICE
1170864738121	1	FACE	1178	CUE	Correct	LL1	PP1	Target_NPNP	4	0	PRACTICE
1170864739299	0	FACE	1178	RESP	Correct	LL1	PP1	Target_NPNP	4	0	PRACTICE
1170864739330	0	TRIAL	29
1170864743544	1	FACE	910	PRES1_NNNP	Correct	LL1	PP1	Target_NNNP	4	0	PRACTICE
1170864747333	1	FACE	910	CUE	Correct	LL1	PP1	Target_NNNP	4	0	PRACTICE
1170864748243	0	FACE	910	RESP	Correct	LL1	PP1	Target_NNNP	4	0	PRACTICE
1170864748281	0	TRIAL	30
1170864752565	1	FACE	768	PRES1_PNNP	Correct	LL1	PP1	Target_PNNP	4	0	PRACTICE
1170864756586	1	FACE	768	CUE	Correct	LL1	PP1	Target_PNNP	4	0	PRACTICE
1170864757354	1	FACE	768	RESP	Correct	LL1	PP1	Target_PNNP	4	0	PRACTICE
1170864757391	0	TRIAL	31
1170864760415	1	FACE	1105	PRES1_NNNN	Correct	LL1	PP1	Target_NNNN	4	0	PRACTICE
1170864764457	1	FACE	1105	CUE	Correct	LL1	PP1	Target_NNNN	4	0	PRACTICE
1170864765562	0	FACE	1105	RESP	Correct	LL1	PP1	Target_NNNN	4	0	PRACTICE
1170864765589	0	TRIAL	32
1170864769273	1	FACE	924	PRES1_PPPP	Correct	LL1	PP0	Lure_PPPN	2	0	PRACTICE
1170864773134	1	FACE	924	CUE	Correct	LL1	PP0	Lure_PPPN	2	0	PRACTICE
1170864774058	0	FACE	924	RESP	Correct	LL1	PP0	Lure_PPPN	2	0	PRACTICE
1170864782545	0	SESS_END	1
1170864782552	0	E	Logging Ends
