1192205847874	0	B	Logging Begins
1192205847874	0	INSTRUCTIONSTART	JointRoller	/Library/Frameworks/Python.framework/Versions/2.4/lib/python2.4/site-packages/pyepl/resources/vera.ttf	75	(0, 0, 0)	'In the following experiment, your memory for associating names with faces will be tested.  The task is difficult and requires concentration, so if you need a break at any time let the experimenter know.\n\nSixteen faces will be presented on the screen, consecutively, accompanied by their names.  A woman\'s voice will also speak the name when the face appears on the screen.  After five seconds, the face will disappear from the screen, a star (*) will flash on the screen for one second, and then the next face and name will appear.\n\nAfter you have seen all sixteen faces and names, you will be prompted to press any key in order to move on to a testing period.  During each trial of the testing period, you will see a face with name underneath it.  You will have to decide whether or not the name is paired with the appropriate face.  \n\nYou will respond on the keyboard, with a confidence judgment between 1 and 6.  A judgment of 1 indicates that you are near certain that the name given is incorrectly paired with the face, a judgment of 2 indicates moderate confidence, and a judgment of 3 indicates that you think the name is incorrectly paired with the face, but are quite unsure.  A judgment of 6 indicates that you are near certain that the name given is correctly paired with the face, a judgment of 5 indicates moderate confidence, and a judgment of 4 indicates that you think the name is correctly paired with the face, but are quite unsure.\n\nYou should rest your fingers on the bottom row of the keyboard.  "Z", "X", and  "C" will correspond to confidence judgments of 1, 2, and 3, respectively.  ",", ".", and "/" will correspond to confidence judgments of 4, 5, and 6, respectively.\n\nAfter five seconds the name and face will disappear from the screen, a star will flash on the screen for one second, and then the next name and face pair will appear on the screen.  You will see sixteen name-face pairs per test period.  You should try to reply as quickly and accurately as you can.\n\nThere will be ten study periods and ten test periods, alternating.  Each face will have the same name over the entire course of the experiment, so your task is to try and learn the faces\' names as quickly and accurately as possible.\n\nDo you have any questions?\n\nPress <ENTER> to continue.\n'
1192205847977	1	INSTRUCTIONSCROLL	0
1192205850095	1	INSTRUCTIONSCROLL	3
1192205850128	1	INSTRUCTIONSCROLL	10
1192205850460	1	INSTRUCTIONSCROLL	13
1192205850494	1	INSTRUCTIONSCROLL	20
1192205850527	1	INSTRUCTIONSCROLL	26
1192205850560	1	INSTRUCTIONSCROLL	33
1192205850594	1	INSTRUCTIONSCROLL	40
1192205850627	1	INSTRUCTIONSCROLL	46
1192205850660	1	INSTRUCTIONSCROLL	53
1192205850694	1	INSTRUCTIONSCROLL	60
1192205850727	1	INSTRUCTIONSCROLL	66
1192205850760	1	INSTRUCTIONSCROLL	73
1192205850794	1	INSTRUCTIONSCROLL	79
1192205850827	1	INSTRUCTIONSCROLL	86
1192205850860	1	INSTRUCTIONSCROLL	93
1192205850894	1	INSTRUCTIONSCROLL	100
1192205850927	1	INSTRUCTIONSCROLL	106
1192205850961	1	INSTRUCTIONSCROLL	113
1192205850994	1	INSTRUCTIONSCROLL	120
1192205851028	1	INSTRUCTIONSCROLL	126
1192205851062	1	INSTRUCTIONSCROLL	133
1192205851095	1	INSTRUCTIONSCROLL	140
1192205851128	1	INSTRUCTIONSCROLL	146
1192205851162	1	INSTRUCTIONSCROLL	153
1192205851195	1	INSTRUCTIONSCROLL	160
1192205851228	1	INSTRUCTIONSCROLL	166
1192205851262	1	INSTRUCTIONSCROLL	173
1192205851295	1	INSTRUCTIONSCROLL	180
1192205851328	1	INSTRUCTIONSCROLL	186
1192205851362	1	INSTRUCTIONSCROLL	193
1192205851395	1	INSTRUCTIONSCROLL	200
1192205851427	1	INSTRUCTIONSCROLL	206
1192205851460	1	INSTRUCTIONSCROLL	213
1192205851494	1	INSTRUCTIONSCROLL	220
1192205851527	1	INSTRUCTIONSCROLL	226
1192205851560	1	INSTRUCTIONSCROLL	233
1192205851594	1	INSTRUCTIONSCROLL	240
1192205851627	1	INSTRUCTIONSCROLL	246
1192205851660	1	INSTRUCTIONSCROLL	253
1192205851694	1	INSTRUCTIONSCROLL	259
1192205851727	1	INSTRUCTIONSCROLL	266
1192205851760	1	INSTRUCTIONSCROLL	273
1192205851794	1	INSTRUCTIONSCROLL	280
1192205851827	1	INSTRUCTIONSCROLL	286
1192205851861	1	INSTRUCTIONSCROLL	293
1192205851894	1	INSTRUCTIONSCROLL	300
1192205851927	1	INSTRUCTIONSCROLL	306
1192205851961	1	INSTRUCTIONSCROLL	313
1192205851994	1	INSTRUCTIONSCROLL	320
1192205852028	1	INSTRUCTIONSCROLL	327
1192205852062	1	INSTRUCTIONSCROLL	333
1192205852095	1	INSTRUCTIONSCROLL	340
1192205852128	1	INSTRUCTIONSCROLL	347
1192205852161	1	INSTRUCTIONSCROLL	353
1192205852195	1	INSTRUCTIONSCROLL	360
1192205852228	1	INSTRUCTIONSCROLL	367
1192205852262	1	INSTRUCTIONSCROLL	373
1192205852295	1	INSTRUCTIONSCROLL	380
1192205852328	1	INSTRUCTIONSCROLL	387
1192205852362	1	INSTRUCTIONSCROLL	393
1192205852395	1	INSTRUCTIONSCROLL	400
1192205852427	1	INSTRUCTIONSCROLL	406
1192205852460	1	INSTRUCTIONSCROLL	413
1192205852494	1	INSTRUCTIONSCROLL	420
1192205852527	1	INSTRUCTIONSCROLL	426
1192205852560	1	INSTRUCTIONSCROLL	433
1192205852594	1	INSTRUCTIONSCROLL	440
1192205852627	1	INSTRUCTIONSCROLL	446
1192205852660	1	INSTRUCTIONSCROLL	453
1192205852694	1	INSTRUCTIONSCROLL	460
1192205852727	1	INSTRUCTIONSCROLL	466
1192205852761	1	INSTRUCTIONSCROLL	473
1192205852794	1	INSTRUCTIONSCROLL	480
1192205852827	1	INSTRUCTIONSCROLL	486
1192205852860	1	INSTRUCTIONSCROLL	493
1192205852894	1	INSTRUCTIONSCROLL	500
1192205852927	1	INSTRUCTIONSCROLL	506
1192205852960	1	INSTRUCTIONSCROLL	513
1192205852994	1	INSTRUCTIONSCROLL	520
1192205853028	1	INSTRUCTIONSCROLL	527
1192205853062	1	INSTRUCTIONSCROLL	533
1192205853095	1	INSTRUCTIONSCROLL	540
1192205853128	1	INSTRUCTIONSCROLL	547
1192205853494	1	INSTRUCTIONSCROLL	550
1192205853761	1	INSTRUCTIONSCROLL	554
1192205853794	1	INSTRUCTIONSCROLL	560
1192205853827	1	INSTRUCTIONSCROLL	567
1192205853861	1	INSTRUCTIONSCROLL	573
1192205853894	1	INSTRUCTIONSCROLL	580
1192205853927	1	INSTRUCTIONSCROLL	587
1192205853961	1	INSTRUCTIONSCROLL	593
1192205853994	1	INSTRUCTIONSCROLL	600
1192205857045	1	INSTRUCTIONSCROLL	603
1192205857078	1	INSTRUCTIONSCROLL	610
1192205857112	1	INSTRUCTIONSCROLL	617
1192205857145	1	INSTRUCTIONSCROLL	623
1192205857178	1	INSTRUCTIONSCROLL	630
1192205857212	1	INSTRUCTIONSCROLL	637
1192205857245	1	INSTRUCTIONSCROLL	643
1192205857278	1	INSTRUCTIONSCROLL	650
1192205857312	1	INSTRUCTIONSCROLL	657
1192205857345	1	INSTRUCTIONSCROLL	663
1192205857378	1	INSTRUCTIONSCROLL	670
1192205857411	1	INSTRUCTIONSCROLL	677
1192205857444	1	INSTRUCTIONSCROLL	683
1192205857477	1	INSTRUCTIONSCROLL	690
1192205857511	1	INSTRUCTIONSCROLL	696
1192205857544	1	INSTRUCTIONSCROLL	703
1192205857577	1	INSTRUCTIONSCROLL	710
1192205857611	1	INSTRUCTIONSCROLL	716
1192205857644	1	INSTRUCTIONSCROLL	723
1192205857677	1	INSTRUCTIONSCROLL	730
1192205857711	1	INSTRUCTIONSCROLL	736
1192205857744	1	INSTRUCTIONSCROLL	743
1192205857777	1	INSTRUCTIONSCROLL	750
1192205857811	1	INSTRUCTIONSCROLL	756
1192205857844	1	INSTRUCTIONSCROLL	763
1192205857877	1	INSTRUCTIONSCROLL	770
1192205857911	1	INSTRUCTIONSCROLL	776
1192205857944	1	INSTRUCTIONSCROLL	783
1192205857977	1	INSTRUCTIONSCROLL	790
1192205858012	1	INSTRUCTIONSCROLL	796
1192205858045	1	INSTRUCTIONSCROLL	803
1192205858078	1	INSTRUCTIONSCROLL	810
1192205858112	1	INSTRUCTIONSCROLL	817
1192205858145	1	INSTRUCTIONSCROLL	823
1192205858178	1	INSTRUCTIONSCROLL	830
1192205858212	1	INSTRUCTIONSCROLL	837
1192205858245	1	INSTRUCTIONSCROLL	843
1192205858278	1	INSTRUCTIONSCROLL	850
1192205858312	1	INSTRUCTIONSCROLL	857
1192205858345	1	INSTRUCTIONSCROLL	863
1192205858378	1	INSTRUCTIONSCROLL	870
1192205858411	1	INSTRUCTIONSCROLL	877
1192205858444	1	INSTRUCTIONSCROLL	883
1192205858477	1	INSTRUCTIONSCROLL	890
1192205858511	1	INSTRUCTIONSCROLL	896
1192205858544	1	INSTRUCTIONSCROLL	903
1192205858577	1	INSTRUCTIONSCROLL	910
1192205858611	1	INSTRUCTIONSCROLL	916
1192205858644	1	INSTRUCTIONSCROLL	923
1192205858677	1	INSTRUCTIONSCROLL	930
1192205858711	1	INSTRUCTIONSCROLL	936
1192205858744	1	INSTRUCTIONSCROLL	943
1192205858777	1	INSTRUCTIONSCROLL	950
1192205858811	1	INSTRUCTIONSCROLL	956
1192205858844	1	INSTRUCTIONSCROLL	963
1192205858877	1	INSTRUCTIONSCROLL	970
1192205858911	1	INSTRUCTIONSCROLL	976
1192205858944	1	INSTRUCTIONSCROLL	983
1192205858977	1	INSTRUCTIONSCROLL	990
1192205859012	1	INSTRUCTIONSCROLL	996
1192205859045	1	INSTRUCTIONSCROLL	1003
1192205859078	1	INSTRUCTIONSCROLL	1010
1192205859112	1	INSTRUCTIONSCROLL	1017
1192205859145	1	INSTRUCTIONSCROLL	1023
1192205859178	1	INSTRUCTIONSCROLL	1030
1192205859212	1	INSTRUCTIONSCROLL	1037
1192205859245	1	INSTRUCTIONSCROLL	1043
1192205859278	1	INSTRUCTIONSCROLL	1050
1192205859312	1	INSTRUCTIONSCROLL	1057
1192205859345	1	INSTRUCTIONSCROLL	1063
1192205859378	1	INSTRUCTIONSCROLL	1070
1192205859411	1	INSTRUCTIONSCROLL	1077
1192205859444	1	INSTRUCTIONSCROLL	1083
1192205859477	1	INSTRUCTIONSCROLL	1090
1192205859511	1	INSTRUCTIONSCROLL	1096
1192205859544	1	INSTRUCTIONSCROLL	1103
1192205859577	1	INSTRUCTIONSCROLL	1110
1192205859611	1	INSTRUCTIONSCROLL	1116
1192205859644	1	INSTRUCTIONSCROLL	1123
1192205859677	1	INSTRUCTIONSCROLL	1130
1192205859711	1	INSTRUCTIONSCROLL	1136
1192205859744	1	INSTRUCTIONSCROLL	1143
1192205859777	1	INSTRUCTIONSCROLL	1150
1192205859811	1	INSTRUCTIONSCROLL	1156
1192205859844	1	INSTRUCTIONSCROLL	1163
1192205859877	1	INSTRUCTIONSCROLL	1170
1192205859911	1	INSTRUCTIONSCROLL	1176
1192205859944	1	INSTRUCTIONSCROLL	1183
1192205859977	1	INSTRUCTIONSCROLL	1190
1192205860012	1	INSTRUCTIONSCROLL	1196
1192205860045	1	INSTRUCTIONSCROLL	1203
1192205860078	1	INSTRUCTIONSCROLL	1210
1192205860112	1	INSTRUCTIONSCROLL	1216
1192205860145	1	INSTRUCTIONSCROLL	1223
1192205860178	1	INSTRUCTIONSCROLL	1230
1192205860212	1	INSTRUCTIONSCROLL	1236
1192205860245	1	INSTRUCTIONSCROLL	1243
1192205860378	1	INSTRUCTIONSCROLL	1247
1192205860411	1	INSTRUCTIONSCROLL	1253
1192205860444	1	INSTRUCTIONSCROLL	1260
1192205860477	1	INSTRUCTIONSCROLL	1266
1192205862028	1	INSTRUCTIONSCROLL	1270
1192205862062	1	INSTRUCTIONSCROLL	1277
1192205862095	1	INSTRUCTIONSCROLL	1283
1192205862128	1	INSTRUCTIONSCROLL	1290
1192205862162	1	INSTRUCTIONSCROLL	1297
1192205862195	1	INSTRUCTIONSCROLL	1303
1192205862228	1	INSTRUCTIONSCROLL	1310
1192205862262	1	INSTRUCTIONSCROLL	1317
1192205862295	1	INSTRUCTIONSCROLL	1323
1192205862328	1	INSTRUCTIONSCROLL	1330
1192205862362	1	INSTRUCTIONSCROLL	1337
1192205862395	1	INSTRUCTIONSCROLL	1343
1192205862427	1	INSTRUCTIONSCROLL	1350
1192205862461	1	INSTRUCTIONSCROLL	1356
1192205862494	1	INSTRUCTIONSCROLL	1363
1192205862527	1	INSTRUCTIONSCROLL	1370
1192205862561	1	INSTRUCTIONSCROLL	1376
1192205862594	1	INSTRUCTIONSCROLL	1383
1192205862627	1	INSTRUCTIONSCROLL	1390
1192205862661	1	INSTRUCTIONSCROLL	1397
1192205862694	1	INSTRUCTIONSCROLL	1403
1192205862727	1	INSTRUCTIONSCROLL	1410
1192205862761	1	INSTRUCTIONSCROLL	1416
1192205862794	1	INSTRUCTIONSCROLL	1423
1192205862827	1	INSTRUCTIONSCROLL	1430
1192205862861	1	INSTRUCTIONSCROLL	1436
1192205862894	1	INSTRUCTIONSCROLL	1443
1192205862927	1	INSTRUCTIONSCROLL	1450
1192205862961	1	INSTRUCTIONSCROLL	1457
1192205862994	1	INSTRUCTIONSCROLL	1463
1192205863028	1	INSTRUCTIONSCROLL	1470
1192205863062	1	INSTRUCTIONSCROLL	1477
1192205863095	1	INSTRUCTIONSCROLL	1483
1192205863128	1	INSTRUCTIONSCROLL	1490
1192205863162	1	INSTRUCTIONSCROLL	1497
1192205863195	1	INSTRUCTIONSCROLL	1503
1192205863228	1	INSTRUCTIONSCROLL	1510
1192205863262	1	INSTRUCTIONSCROLL	1517
1192205863295	1	INSTRUCTIONSCROLL	1523
1192205863328	1	INSTRUCTIONSCROLL	1530
1192205863362	1	INSTRUCTIONSCROLL	1537
1192205863395	1	INSTRUCTIONSCROLL	1543
1192205863427	1	INSTRUCTIONSCROLL	1550
1192205863461	1	INSTRUCTIONSCROLL	1556
1192205863811	1	INSTRUCTIONSCROLL	1560
1192205863844	1	INSTRUCTIONSCROLL	1566
1192205863877	1	INSTRUCTIONSCROLL	1573
1192205863911	1	INSTRUCTIONSCROLL	1580
1192205863944	1	INSTRUCTIONSCROLL	1587
1192205863977	1	INSTRUCTIONSCROLL	1593
1192205864012	1	INSTRUCTIONSCROLL	1600
1192205864045	1	INSTRUCTIONSCROLL	1607
1192205864078	1	INSTRUCTIONSCROLL	1613
1192205864112	1	INSTRUCTIONSCROLL	1620
1192205864145	1	INSTRUCTIONSCROLL	1627
1192205864178	1	INSTRUCTIONSCROLL	1633
1192205864212	1	INSTRUCTIONSCROLL	1640
1192205864245	1	INSTRUCTIONSCROLL	1647
1192205864278	1	INSTRUCTIONSCROLL	1653
1192205864312	1	INSTRUCTIONSCROLL	1660
1192205864345	1	INSTRUCTIONSCROLL	1667
1192205864378	1	INSTRUCTIONSCROLL	1673
1192205864411	1	INSTRUCTIONSCROLL	1680
1192205864827	1	INSTRUCTIONSCROLL	1683
1192205864861	1	INSTRUCTIONSCROLL	1690
1192205864894	1	INSTRUCTIONSCROLL	1697
1192205864927	1	INSTRUCTIONSCROLL	1703
1192205864961	1	INSTRUCTIONSCROLL	1710
1192205864994	1	INSTRUCTIONSCROLL	1717
1192205865028	1	INSTRUCTIONSCROLL	1724
1192205865062	1	INSTRUCTIONSCROLL	1730
1192205865095	1	INSTRUCTIONSCROLL	1737
1192205865128	1	INSTRUCTIONSCROLL	1744
1192205865162	1	INSTRUCTIONSCROLL	1750
1192205865195	1	INSTRUCTIONSCROLL	1757
1192205865228	1	INSTRUCTIONSCROLL	1764
1192205865262	1	INSTRUCTIONSCROLL	1770
1192205865295	1	INSTRUCTIONSCROLL	1777
1192205865328	1	INSTRUCTIONSCROLL	1784
1192205865362	1	INSTRUCTIONSCROLL	1790
1192205865395	1	INSTRUCTIONSCROLL	1797
1192205865427	1	INSTRUCTIONSCROLL	1803
1192205865461	1	INSTRUCTIONSCROLL	1810
1192205865494	1	INSTRUCTIONSCROLL	1817
1192205865527	1	INSTRUCTIONSCROLL	1823
1192205865561	1	INSTRUCTIONSCROLL	1830
1192205865594	1	INSTRUCTIONSCROLL	1837
1192205865627	1	INSTRUCTIONSCROLL	1843
1192205865661	1	INSTRUCTIONSCROLL	1850
1192205865694	1	INSTRUCTIONSCROLL	1857
1192205865727	1	INSTRUCTIONSCROLL	1863
1192205865761	1	INSTRUCTIONSCROLL	1870
1192205865794	1	INSTRUCTIONSCROLL	1877
1192205865827	1	INSTRUCTIONSCROLL	1883
1192205865861	1	INSTRUCTIONSCROLL	1890
1192205865894	1	INSTRUCTIONSCROLL	1897
1192205865927	1	INSTRUCTIONSCROLL	1903
1192205865961	1	INSTRUCTIONSCROLL	1910
1192205865994	1	INSTRUCTIONSCROLL	1917
1192205866028	1	INSTRUCTIONSCROLL	1924
1192205866062	1	INSTRUCTIONSCROLL	1930
1192205866095	1	INSTRUCTIONSCROLL	1937
1192205866128	1	INSTRUCTIONSCROLL	1944
1192205866162	1	INSTRUCTIONSCROLL	1950
1192205866195	1	INSTRUCTIONSCROLL	1957
1192205866228	1	INSTRUCTIONSCROLL	1964
1192205866262	1	INSTRUCTIONSCROLL	1970
1192205866295	1	INSTRUCTIONSCROLL	1977
1192205866328	1	INSTRUCTIONSCROLL	1984
1192205866362	1	INSTRUCTIONSCROLL	1990
1192205866395	1	INSTRUCTIONSCROLL	1997
1192205866427	1	INSTRUCTIONSCROLL	2003
1192205866461	1	INSTRUCTIONSCROLL	2010
1192205866494	1	INSTRUCTIONSCROLL	2017
1192205866527	1	INSTRUCTIONSCROLL	2023
1192205866561	1	INSTRUCTIONSCROLL	2030
1192205866594	1	INSTRUCTIONSCROLL	2037
1192205866627	1	INSTRUCTIONSCROLL	2043
1192205866661	1	INSTRUCTIONSCROLL	2050
1192205866694	1	INSTRUCTIONSCROLL	2057
1192205866727	1	INSTRUCTIONSCROLL	2063
1192205866761	1	INSTRUCTIONSCROLL	2070
1192205866794	1	INSTRUCTIONSCROLL	2077
1192205866827	1	INSTRUCTIONSCROLL	2083
1192205866861	1	INSTRUCTIONSCROLL	2090
1192205866894	1	INSTRUCTIONSCROLL	2097
1192205866927	1	INSTRUCTIONSCROLL	2103
1192205866961	1	INSTRUCTIONSCROLL	2110
1192205866994	1	INSTRUCTIONSCROLL	2117
1192205867028	1	INSTRUCTIONSCROLL	2124
1192205867062	1	INSTRUCTIONSCROLL	2130
1192205867095	1	INSTRUCTIONSCROLL	2137
1192205867128	1	INSTRUCTIONSCROLL	2144
1192205867162	1	INSTRUCTIONSCROLL	2150
1192205867195	1	INSTRUCTIONSCROLL	2157
1192205867228	1	INSTRUCTIONSCROLL	2164
1192205867262	1	INSTRUCTIONSCROLL	2170
1192205867295	1	INSTRUCTIONSCROLL	2177
1192205867328	1	INSTRUCTIONSCROLL	2184
1192205867362	1	INSTRUCTIONSCROLL	2190
1192205867395	1	INSTRUCTIONSCROLL	2197
1192205867427	1	INSTRUCTIONSCROLL	2203
1192205867461	1	INSTRUCTIONSCROLL	2210
1192205867494	1	INSTRUCTIONSCROLL	2217
1192205867527	1	INSTRUCTIONSCROLL	2223
1192205867561	1	INSTRUCTIONSCROLL	2230
1192205867594	1	INSTRUCTIONSCROLL	2237
1192205867627	1	INSTRUCTIONSCROLL	2243
1192205871362	1	INSTRUCTIONSCROLL	2247
1192205871395	1	INSTRUCTIONSCROLL	2253
1192205871427	1	INSTRUCTIONSCROLL	2260
1192205871461	1	INSTRUCTIONSCROLL	2266
1192205871494	1	INSTRUCTIONSCROLL	2273
1192205871527	1	INSTRUCTIONSCROLL	2280
1192205871561	1	INSTRUCTIONSCROLL	2286
1192205871594	1	INSTRUCTIONSCROLL	2293
1192205871627	1	INSTRUCTIONSCROLL	2300
1192205871661	1	INSTRUCTIONSCROLL	2306
1192205871694	1	INSTRUCTIONSCROLL	2313
1192205871727	1	INSTRUCTIONSCROLL	2320
1192205871761	1	INSTRUCTIONSCROLL	2326
1192205871794	1	INSTRUCTIONSCROLL	2333
1192205871827	1	INSTRUCTIONSCROLL	2340
1192205871861	1	INSTRUCTIONSCROLL	2347
1192205871894	1	INSTRUCTIONSCROLL	2353
1192205871927	1	INSTRUCTIONSCROLL	2360
1192205871961	1	INSTRUCTIONSCROLL	2366
1192205871994	1	INSTRUCTIONSCROLL	2373
1192205872028	1	INSTRUCTIONSCROLL	2380
1192205872062	1	INSTRUCTIONSCROLL	2387
1192205872095	1	INSTRUCTIONSCROLL	2393
1192205872128	1	INSTRUCTIONSCROLL	2400
1192205872162	1	INSTRUCTIONSCROLL	2407
1192205872195	1	INSTRUCTIONSCROLL	2413
1192205872228	1	INSTRUCTIONSCROLL	2420
1192205872262	1	INSTRUCTIONSCROLL	2427
1192205872295	1	INSTRUCTIONSCROLL	2433
1192205872328	1	INSTRUCTIONSCROLL	2440
1192205872362	1	INSTRUCTIONSCROLL	2447
1192205872395	1	INSTRUCTIONSCROLL	2453
1192205872427	1	INSTRUCTIONSCROLL	2460
1192205872461	1	INSTRUCTIONSCROLL	2467
1192205872494	1	INSTRUCTIONSCROLL	2473
1192205872527	1	INSTRUCTIONSCROLL	2480
1192205872561	1	INSTRUCTIONSCROLL	2486
1192205872594	1	INSTRUCTIONSCROLL	2493
1192205872627	1	INSTRUCTIONSCROLL	2500
1192205872661	1	INSTRUCTIONSCROLL	2506
1192205872694	1	INSTRUCTIONSCROLL	2513
1192205872727	1	INSTRUCTIONSCROLL	2520
1192205872761	1	INSTRUCTIONSCROLL	2527
1192205872794	1	INSTRUCTIONSCROLL	2533
1192205872827	1	INSTRUCTIONSCROLL	2540
1192205872861	1	INSTRUCTIONSCROLL	2546
1192205872894	1	INSTRUCTIONSCROLL	2553
1192205872927	1	INSTRUCTIONSCROLL	2560
1192205872961	1	INSTRUCTIONSCROLL	2566
1192205872994	1	INSTRUCTIONSCROLL	2573
1192205873028	1	INSTRUCTIONSCROLL	2580
1192205873062	1	INSTRUCTIONSCROLL	2587
1192205873095	1	INSTRUCTIONSCROLL	2593
1192205873128	1	INSTRUCTIONSCROLL	2600
1192205873162	1	INSTRUCTIONSCROLL	2607
1192205873195	1	INSTRUCTIONSCROLL	2613
1192205873228	1	INSTRUCTIONSCROLL	2620
1192205873262	1	INSTRUCTIONSCROLL	2627
1192205873295	1	INSTRUCTIONSCROLL	2633
1192205873328	1	INSTRUCTIONSCROLL	2640
1192205873362	1	INSTRUCTIONSCROLL	2647
1192205873395	1	INSTRUCTIONSCROLL	2653
1192205873427	1	INSTRUCTIONSCROLL	2660
1192205873461	1	INSTRUCTIONSCROLL	2666
1192205873494	1	INSTRUCTIONSCROLL	2673
1192205873527	1	INSTRUCTIONSCROLL	2680
1192205873561	1	INSTRUCTIONSCROLL	2686
1192205873594	1	INSTRUCTIONSCROLL	2693
1192205873627	1	INSTRUCTIONSCROLL	2700
1192205873661	1	INSTRUCTIONSCROLL	2707
1192205873694	1	INSTRUCTIONSCROLL	2713
1192205873727	1	INSTRUCTIONSCROLL	2720
1192205873761	1	INSTRUCTIONSCROLL	2727
1192205873794	1	INSTRUCTIONSCROLL	2733
1192205873827	1	INSTRUCTIONSCROLL	2740
1192205873861	1	INSTRUCTIONSCROLL	2746
1192205873894	1	INSTRUCTIONSCROLL	2753
1192205873927	1	INSTRUCTIONSCROLL	2760
1192205873961	1	INSTRUCTIONSCROLL	2767
1192205873994	1	INSTRUCTIONSCROLL	2773
1192205874028	1	INSTRUCTIONSCROLL	2780
1192205874062	1	INSTRUCTIONSCROLL	2787
1192205874095	1	INSTRUCTIONSCROLL	2793
1192205874128	1	INSTRUCTIONSCROLL	2800
1192205874162	1	INSTRUCTIONSCROLL	2807
1192205874195	1	INSTRUCTIONSCROLL	2813
1192205874228	1	INSTRUCTIONSCROLL	2820
1192205874262	1	INSTRUCTIONSCROLL	2827
1192205874295	1	INSTRUCTIONSCROLL	2833
1192205874328	1	INSTRUCTIONSCROLL	2840
1192205874362	1	INSTRUCTIONSCROLL	2847
1192205874395	1	INSTRUCTIONSCROLL	2853
1192205874427	1	INSTRUCTIONSCROLL	2860
1192205874461	1	INSTRUCTIONSCROLL	2866
1192205874494	1	INSTRUCTIONSCROLL	2873
1192205874527	1	INSTRUCTIONSCROLL	2880
1192205874561	1	INSTRUCTIONSCROLL	2887
1192205874594	1	INSTRUCTIONSCROLL	2893
1192205874627	1	INSTRUCTIONSCROLL	2900
1192205874661	1	INSTRUCTIONSCROLL	2907
1192205874694	1	INSTRUCTIONSCROLL	2913
1192205874727	1	INSTRUCTIONSCROLL	2920
1192205874761	1	INSTRUCTIONSCROLL	2926
1192205874794	1	INSTRUCTIONSCROLL	2933
1192205874827	1	INSTRUCTIONSCROLL	2940
1192205874861	1	INSTRUCTIONSCROLL	2947
1192205874894	1	INSTRUCTIONSCROLL	2953
1192205874927	1	INSTRUCTIONSCROLL	2960
1192205874961	1	INSTRUCTIONSCROLL	2967
1192205874994	1	INSTRUCTIONSCROLL	2973
1192205875028	1	INSTRUCTIONSCROLL	2980
1192205875062	1	INSTRUCTIONSCROLL	2987
1192205875095	1	INSTRUCTIONSCROLL	2993
1192205875128	1	INSTRUCTIONSCROLL	3000
1192205875162	1	INSTRUCTIONSCROLL	3007
1192205875195	1	INSTRUCTIONSCROLL	3013
1192205875228	1	INSTRUCTIONSCROLL	3020
1192205875262	1	INSTRUCTIONSCROLL	3027
1192205875295	1	INSTRUCTIONSCROLL	3033
1192205875329	1	INSTRUCTIONSCROLL	3040
1192205875362	1	INSTRUCTIONSCROLL	3047
1192205875395	1	INSTRUCTIONSCROLL	3053
1192205875761	1	INSTRUCTIONSCROLL	3057
1192205875794	1	INSTRUCTIONSCROLL	3063
1192205875827	1	INSTRUCTIONSCROLL	3070
1192205875861	1	INSTRUCTIONSCROLL	3077
1192205875894	1	INSTRUCTIONSCROLL	3083
1192205875927	1	INSTRUCTIONSCROLL	3090
1192205875961	1	INSTRUCTIONSCROLL	3097
1192205875994	1	INSTRUCTIONSCROLL	3103
1192205876028	1	INSTRUCTIONSCROLL	3110
1192205876062	1	INSTRUCTIONSCROLL	3117
1192205876095	1	INSTRUCTIONSCROLL	3124
1192205876128	1	INSTRUCTIONSCROLL	3130
1192205876162	1	INSTRUCTIONSCROLL	3137
1192205876195	1	INSTRUCTIONSCROLL	3144
1192205876228	1	INSTRUCTIONSCROLL	3150
1192205876262	1	INSTRUCTIONSCROLL	3157
1192205876295	1	INSTRUCTIONSCROLL	3164
1192205876328	1	INSTRUCTIONSCROLL	3170
1192205876362	1	INSTRUCTIONSCROLL	3177
1192205876395	1	INSTRUCTIONSCROLL	3184
1192205876427	1	INSTRUCTIONSCROLL	3190
1192205876461	1	INSTRUCTIONSCROLL	3197
1192205876494	1	INSTRUCTIONSCROLL	3203
1192205876527	1	INSTRUCTIONSCROLL	3210
1192205876561	1	INSTRUCTIONSCROLL	3217
1192205876594	1	INSTRUCTIONSCROLL	3223
1192205876627	1	INSTRUCTIONSCROLL	3230
1192205876661	1	INSTRUCTIONSCROLL	3237
1192205876694	1	INSTRUCTIONSCROLL	3243
1192205876727	1	INSTRUCTIONSCROLL	3250
1192205876761	1	INSTRUCTIONSCROLL	3257
1192205876794	1	INSTRUCTIONSCROLL	3263
1192205876827	1	INSTRUCTIONSCROLL	3270
1192205876861	1	INSTRUCTIONSCROLL	3277
1192205876894	1	INSTRUCTIONSCROLL	3283
1192205876927	1	INSTRUCTIONSCROLL	3290
1192205876961	1	INSTRUCTIONSCROLL	3297
1192205876994	1	INSTRUCTIONSCROLL	3303
1192205877028	1	INSTRUCTIONSCROLL	3310
1192205877062	1	INSTRUCTIONSCROLL	3317
1192205877095	1	INSTRUCTIONSCROLL	3324
1192205877128	1	INSTRUCTIONSCROLL	3330
1192205877162	1	INSTRUCTIONSCROLL	3337
1192205877195	1	INSTRUCTIONSCROLL	3344
1192205877228	1	INSTRUCTIONSCROLL	3350
1192205877262	1	INSTRUCTIONSCROLL	3357
1192205877295	1	INSTRUCTIONSCROLL	3364
1192205877328	1	INSTRUCTIONSCROLL	3370
1192205877362	1	INSTRUCTIONSCROLL	3377
1192205877395	1	INSTRUCTIONSCROLL	3384
1192205877427	1	INSTRUCTIONSCROLL	3390
1192205877461	1	INSTRUCTIONSCROLL	3397
1192205877494	1	INSTRUCTIONSCROLL	3403
1192205877527	1	INSTRUCTIONSCROLL	3410
1192205877561	1	INSTRUCTIONSCROLL	3417
1192205877594	1	INSTRUCTIONSCROLL	3423
1192205877627	1	INSTRUCTIONSCROLL	3430
1192205877661	1	INSTRUCTIONSCROLL	3437
1192205877694	1	INSTRUCTIONSCROLL	3443
1192205877727	1	INSTRUCTIONSCROLL	3450
1192205877761	1	INSTRUCTIONSCROLL	3457
1192205877794	1	INSTRUCTIONSCROLL	3463
1192205877827	1	INSTRUCTIONSCROLL	3470
1192205877861	1	INSTRUCTIONSCROLL	3477
1192205877894	1	INSTRUCTIONSCROLL	3483
1192205877927	1	INSTRUCTIONSCROLL	3490
1192205877961	1	INSTRUCTIONSCROLL	3497
1192205877994	1	INSTRUCTIONSCROLL	3503
1192205878028	1	INSTRUCTIONSCROLL	3510
1192205878062	1	INSTRUCTIONSCROLL	3517
1192205878095	1	INSTRUCTIONSCROLL	3524
1192205878128	1	INSTRUCTIONSCROLL	3530
1192205878162	1	INSTRUCTIONSCROLL	3537
1192205878195	1	INSTRUCTIONSCROLL	3544
1192205878228	1	INSTRUCTIONSCROLL	3550
1192205878262	1	INSTRUCTIONSCROLL	3557
1192205878295	1	INSTRUCTIONSCROLL	3564
1192205878328	1	INSTRUCTIONSCROLL	3570
1192205878362	1	INSTRUCTIONSCROLL	3577
1192205878395	1	INSTRUCTIONSCROLL	3584
1192205878427	1	INSTRUCTIONSCROLL	3590
1192205878461	1	INSTRUCTIONSCROLL	3597
1192205878494	1	INSTRUCTIONSCROLL	3603
1192205878527	1	INSTRUCTIONSCROLL	3610
1192205878561	1	INSTRUCTIONSCROLL	3617
1192205878594	1	INSTRUCTIONSCROLL	3623
1192205878627	1	INSTRUCTIONSCROLL	3630
1192205878661	1	INSTRUCTIONSCROLL	3637
1192205878694	1	INSTRUCTIONSCROLL	3643
1192205878727	1	INSTRUCTIONSCROLL	3650
1192205878761	1	INSTRUCTIONSCROLL	3657
1192205878794	1	INSTRUCTIONSCROLL	3663
1192205878827	1	INSTRUCTIONSCROLL	3670
1192205878861	1	INSTRUCTIONSCROLL	3677
1192205878894	1	INSTRUCTIONSCROLL	3683
1192205878927	1	INSTRUCTIONSCROLL	3690
1192205878961	1	INSTRUCTIONSCROLL	3697
1192205878994	1	INSTRUCTIONSCROLL	3703
1192205879028	1	INSTRUCTIONSCROLL	3710
1192205879062	1	INSTRUCTIONSCROLL	3717
1192205879095	1	INSTRUCTIONSCROLL	3724
1192205879128	1	INSTRUCTIONSCROLL	3730
1192205879162	1	INSTRUCTIONSCROLL	3737
1192205879195	1	INSTRUCTIONSCROLL	3744
1192205879228	1	INSTRUCTIONSCROLL	3750
1192205879262	1	INSTRUCTIONSCROLL	3757
1192205879295	1	INSTRUCTIONSCROLL	3764
1192205879328	1	INSTRUCTIONSCROLL	3770
1192205879362	1	INSTRUCTIONSCROLL	3777
1192205879395	1	INSTRUCTIONSCROLL	3784
1192205879427	1	INSTRUCTIONSCROLL	3790
1192205879461	1	INSTRUCTIONSCROLL	3797
1192205879494	1	INSTRUCTIONSCROLL	3803
1192205879527	1	INSTRUCTIONSCROLL	3810
1192205879561	1	INSTRUCTIONSCROLL	3817
1192205879594	1	INSTRUCTIONSCROLL	3823
1192205879627	1	INSTRUCTIONSCROLL	3830
1192205879661	1	INSTRUCTIONSCROLL	3837
1192205879694	1	INSTRUCTIONSCROLL	3843
1192205879727	1	INSTRUCTIONSCROLL	3850
1192205879761	1	INSTRUCTIONSCROLL	3857
1192205879794	1	INSTRUCTIONSCROLL	3863
1192205879827	1	INSTRUCTIONSCROLL	3870
1192205879861	1	INSTRUCTIONSCROLL	3877
1192205879894	1	INSTRUCTIONSCROLL	3883
1192205879927	1	INSTRUCTIONSCROLL	3890
1192205879961	1	INSTRUCTIONSCROLL	3897
1192205879994	1	INSTRUCTIONSCROLL	3903
1192205880028	1	INSTRUCTIONSCROLL	3910
1192205880062	1	INSTRUCTIONSCROLL	3917
1192205880095	1	INSTRUCTIONSCROLL	3924
1192205880128	1	INSTRUCTIONSCROLL	3930
1192205880162	1	INSTRUCTIONSCROLL	3937
1192205880195	1	INSTRUCTIONSCROLL	3944
1192205880228	1	INSTRUCTIONSCROLL	3950
1192205880262	1	INSTRUCTIONSCROLL	3957
1192205880295	1	INSTRUCTIONSCROLL	3964
1192205880328	1	INSTRUCTIONSCROLL	3970
1192205880362	1	INSTRUCTIONSCROLL	3977
1192205880395	1	INSTRUCTIONSCROLL	3984
1192205880427	1	INSTRUCTIONSCROLL	3990
1192205880461	1	INSTRUCTIONSCROLL	3997
1192205880494	1	INSTRUCTIONSCROLL	4003
1192205880527	1	INSTRUCTIONSCROLL	4010
1192205880561	1	INSTRUCTIONSCROLL	4017
1192205880594	1	INSTRUCTIONSCROLL	4023
1192205880627	1	INSTRUCTIONSCROLL	4030
1192205880661	1	INSTRUCTIONSCROLL	4037
1192205880694	1	INSTRUCTIONSCROLL	4043
1192205880727	1	INSTRUCTIONSCROLL	4050
1192205880761	1	INSTRUCTIONSCROLL	4057
1192205880794	1	INSTRUCTIONSCROLL	4063
1192205880827	1	INSTRUCTIONSCROLL	4070
1192205880861	1	INSTRUCTIONSCROLL	4077
1192205880894	1	INSTRUCTIONSCROLL	4083
1192205880927	1	INSTRUCTIONSCROLL	4090
1192205880961	1	INSTRUCTIONSCROLL	4097
1192205880994	1	INSTRUCTIONSCROLL	4103
1192205881028	1	INSTRUCTIONSCROLL	4110
1192205881062	1	INSTRUCTIONSCROLL	4117
1192205881095	1	INSTRUCTIONSCROLL	4124
1192205881128	1	INSTRUCTIONSCROLL	4130
1192205881162	1	INSTRUCTIONSCROLL	4137
1192205881195	1	INSTRUCTIONSCROLL	4144
1192205881228	1	INSTRUCTIONSCROLL	4150
1192205881262	1	INSTRUCTIONSCROLL	4157
1192205881295	1	INSTRUCTIONSCROLL	4164
1192205881328	1	INSTRUCTIONSCROLL	4170
1192205881362	1	INSTRUCTIONSCROLL	4177
1192205881395	1	INSTRUCTIONSCROLL	4184
1192205881427	1	INSTRUCTIONSCROLL	4190
1192205881461	1	INSTRUCTIONSCROLL	4197
1192205881494	1	INSTRUCTIONSCROLL	4203
1192205881527	1	INSTRUCTIONSCROLL	4210
1192205881561	1	INSTRUCTIONSCROLL	4217
1192205881594	1	INSTRUCTIONSCROLL	4224
1192205881627	1	INSTRUCTIONSCROLL	4230
1192205881661	1	INSTRUCTIONSCROLL	4237
1192205881694	1	INSTRUCTIONSCROLL	4244
1192205881727	1	INSTRUCTIONSCROLL	4250
1192205881761	1	INSTRUCTIONSCROLL	4257
1192205881794	1	INSTRUCTIONSCROLL	4264
1192205881827	1	INSTRUCTIONSCROLL	4270
1192205881861	1	INSTRUCTIONSCROLL	4277
1192205881894	1	INSTRUCTIONSCROLL	4284
1192205881927	1	INSTRUCTIONSCROLL	4290
1192205882378	1	INSTRUCTIONSCROLL	4294
1192205882411	1	INSTRUCTIONSCROLL	4300
1192205882444	1	INSTRUCTIONSCROLL	4307
1192205882477	1	INSTRUCTIONSCROLL	4313
1192205882511	1	INSTRUCTIONSCROLL	4320
1192205882544	1	INSTRUCTIONSCROLL	4327
1192205882577	1	INSTRUCTIONSCROLL	4333
1192205882611	1	INSTRUCTIONSCROLL	4340
1192205882644	1	INSTRUCTIONSCROLL	4347
1192205882677	1	INSTRUCTIONSCROLL	4353
1192205882711	1	INSTRUCTIONSCROLL	4360
1192205882744	1	INSTRUCTIONSCROLL	4367
1192205882777	1	INSTRUCTIONSCROLL	4373
1192205882811	1	INSTRUCTIONSCROLL	4380
1192205882844	1	INSTRUCTIONSCROLL	4387
1192205882877	1	INSTRUCTIONSCROLL	4393
1192205882911	1	INSTRUCTIONSCROLL	4400
1192205882944	1	INSTRUCTIONSCROLL	4407
1192205882977	1	INSTRUCTIONSCROLL	4413
1192205883012	1	INSTRUCTIONSCROLL	4420
1192205883045	1	INSTRUCTIONSCROLL	4427
1192205883078	1	INSTRUCTIONSCROLL	4434
1192205883112	1	INSTRUCTIONSCROLL	4440
1192205883145	1	INSTRUCTIONSCROLL	4447
1192205883178	1	INSTRUCTIONSCROLL	4454
1192205883212	1	INSTRUCTIONSCROLL	4460
1192205883245	1	INSTRUCTIONSCROLL	4467
1192205883278	1	INSTRUCTIONSCROLL	4474
1192205883312	1	INSTRUCTIONSCROLL	4480
1192205883345	1	INSTRUCTIONSCROLL	4487
1192205883378	1	INSTRUCTIONSCROLL	4494
1192205883411	1	INSTRUCTIONSCROLL	4500
1192205883444	1	INSTRUCTIONSCROLL	4507
1192205883477	1	INSTRUCTIONSCROLL	4513
1192205883511	1	INSTRUCTIONSCROLL	4520
1192205883544	1	INSTRUCTIONSCROLL	4527
1192205883577	1	INSTRUCTIONSCROLL	4533
1192205883611	1	INSTRUCTIONSCROLL	4540
1192205883644	1	INSTRUCTIONSCROLL	4547
1192205883677	1	INSTRUCTIONSCROLL	4553
1192205883711	1	INSTRUCTIONSCROLL	4560
1192205883744	1	INSTRUCTIONSCROLL	4567
1192205883777	1	INSTRUCTIONSCROLL	4573
1192205883811	1	INSTRUCTIONSCROLL	4580
1192205883844	1	INSTRUCTIONSCROLL	4587
1192205883877	1	INSTRUCTIONSCROLL	4593
1192205883911	1	INSTRUCTIONSCROLL	4600
1192205883944	1	INSTRUCTIONSCROLL	4607
1192205883977	1	INSTRUCTIONSCROLL	4613
1192205884012	1	INSTRUCTIONSCROLL	4620
1192205884045	1	INSTRUCTIONSCROLL	4627
1192205884078	1	INSTRUCTIONSCROLL	4634
1192205884112	1	INSTRUCTIONSCROLL	4640
1192205884145	1	INSTRUCTIONSCROLL	4647
1192205884178	1	INSTRUCTIONSCROLL	4654
1192205884212	1	INSTRUCTIONSCROLL	4660
1192205884245	1	INSTRUCTIONSCROLL	4667
1192205884278	1	INSTRUCTIONSCROLL	4674
1192205884312	1	INSTRUCTIONSCROLL	4680
1192205884345	1	INSTRUCTIONSCROLL	4687
1192205884378	1	INSTRUCTIONSCROLL	4694
1192205884411	1	INSTRUCTIONSCROLL	4700
1192205884444	1	INSTRUCTIONSCROLL	4707
1192205884477	1	INSTRUCTIONSCROLL	4713
1192205884511	1	INSTRUCTIONSCROLL	4720
1192205884544	1	INSTRUCTIONSCROLL	4727
1192205884577	1	INSTRUCTIONSCROLL	4733
1192205884611	1	INSTRUCTIONSCROLL	4740
1192205884644	1	INSTRUCTIONSCROLL	4747
1192205884677	1	INSTRUCTIONSCROLL	4753
1192205884711	1	INSTRUCTIONSCROLL	4760
1192205884744	1	INSTRUCTIONSCROLL	4767
1192205884777	1	INSTRUCTIONSCROLL	4773
1192205884811	1	INSTRUCTIONSCROLL	4780
1192205884844	1	INSTRUCTIONSCROLL	4787
1192205884877	1	INSTRUCTIONSCROLL	4793
1192205884911	1	INSTRUCTIONSCROLL	4800
1192205884944	1	INSTRUCTIONSCROLL	4807
1192205884977	1	INSTRUCTIONSCROLL	4813
1192205885012	1	INSTRUCTIONSCROLL	4820
1192205885045	1	INSTRUCTIONSCROLL	4827
1192205885078	1	INSTRUCTIONSCROLL	4834
1192205885112	1	INSTRUCTIONSCROLL	4840
1192205885145	1	INSTRUCTIONSCROLL	4847
1192205885178	1	INSTRUCTIONSCROLL	4854
1192205885212	1	INSTRUCTIONSCROLL	4860
1192205885245	1	INSTRUCTIONSCROLL	4867
1192205885279	1	INSTRUCTIONSCROLL	4874
1192205885312	1	INSTRUCTIONSCROLL	4880
1192205885345	1	INSTRUCTIONSCROLL	4887
1192205885378	1	INSTRUCTIONSCROLL	4894
1192205885411	1	INSTRUCTIONSCROLL	4900
1192205885444	1	INSTRUCTIONSCROLL	4907
1192205885477	1	INSTRUCTIONSCROLL	4913
1192205885511	1	INSTRUCTIONSCROLL	4920
1192205885544	1	INSTRUCTIONSCROLL	4927
1192205885577	1	INSTRUCTIONSCROLL	4933
1192205885611	1	INSTRUCTIONSCROLL	4940
1192205885644	1	INSTRUCTIONSCROLL	4947
1192205885677	1	INSTRUCTIONSCROLL	4953
1192205885711	1	INSTRUCTIONSCROLL	4960
1192205885744	1	INSTRUCTIONSCROLL	4967
1192205885777	1	INSTRUCTIONSCROLL	4973
1192205885811	1	INSTRUCTIONSCROLL	4980
1192205885844	1	INSTRUCTIONSCROLL	4987
1192205885877	1	INSTRUCTIONSCROLL	4993
1192205885911	1	INSTRUCTIONSCROLL	5000
1192205885944	1	INSTRUCTIONSCROLL	5007
1192205885977	1	INSTRUCTIONSCROLL	5013
1192205886012	1	INSTRUCTIONSCROLL	5020
1192205886045	1	INSTRUCTIONSCROLL	5027
1192205886078	1	INSTRUCTIONSCROLL	5034
1192205886112	1	INSTRUCTIONSCROLL	5040
1192205886145	1	INSTRUCTIONSCROLL	5047
1192205886178	1	INSTRUCTIONSCROLL	5054
1192205886212	1	INSTRUCTIONSCROLL	5060
1192205886245	1	INSTRUCTIONSCROLL	5067
1192205886278	1	INSTRUCTIONSCROLL	5074
1192205886312	1	INSTRUCTIONSCROLL	5080
1192205886345	1	INSTRUCTIONSCROLL	5087
1192205886379	1	INSTRUCTIONSCROLL	5094
1192205886411	1	INSTRUCTIONSCROLL	5100
1192205886444	1	INSTRUCTIONSCROLL	5107
1192205886477	1	INSTRUCTIONSCROLL	5113
1192205886511	1	INSTRUCTIONSCROLL	5120
1192205886544	1	INSTRUCTIONSCROLL	5127
1192205886577	1	INSTRUCTIONSCROLL	5133
1192205886611	1	INSTRUCTIONSCROLL	5140
1192205886644	1	INSTRUCTIONSCROLL	5147
1192205886677	1	INSTRUCTIONSCROLL	5153
1192205886711	1	INSTRUCTIONSCROLL	5160
1192205886744	1	INSTRUCTIONSCROLL	5167
1192205886777	1	INSTRUCTIONSCROLL	5173
1192205886811	1	INSTRUCTIONSCROLL	5180
1192205886844	1	INSTRUCTIONSCROLL	5187
1192205886877	1	INSTRUCTIONSCROLL	5193
1192205886911	1	INSTRUCTIONSCROLL	5196
1192205891428	1	INSTRUCTIONSTOP	Button set (OR)
1192205891428	0	E	Logging Ends
