1165948288475	0	B	Logging Begins
1165948288475	0	INSTRUCTIONSTART	JointRoller	/Library/Frameworks/Python.framework/Versions/2.4/lib/python2.4/site-packages/pyepl/resources/vera.ttf	64	(0, 0, 0)	'In the following experiment, your memory for associating names with faces will be tested.  The task is challenging and requires concentration, so if at any time during the experiment you feel that you need a short break, let the experimenter know.\n\nSixteen faces will be presented on the screen, consecutively, accompanied by their names.  A woman\'s voice will also speak the name when the face appears on the screen.  After five seconds, the face will disappear from the screen, a star (*) will flash on the screen for one second, and then the next face and name will appear.\n\nAfter you have seen all sixteen faces and names, you will be prompted to press any key in order to move on to a testing period.  During each trial of the testing period, you will see a face with name underneath it.  You will have to decide whether or not the face is paired with the appropriate face.  \n\nYou will respond on the keyboard, with a confidence judgment between 1 and 6.  A judgment of 1 indicates that you are near certain that the name given is incorrectly paired with the face, a judgment of 2 indicates moderate confidence, and a judgment of 3 indicates that you think the name is incorrectly paired with the face, but are quite unsure.  A judgment of 6 indicates that you are near certain that the name given is correctly paired with the face, a judgment of 5 indicates moderate confidence, and a judgment of 4 indicates that you think the name is correctly paired with the face, but are quite unsure.\n\nYou should rest your fingers on the bottom row of the keyboard.  "Z", "X", and  "C" will correspond to confidence judgments of 1, 2, and 3, respectively.  ",", ".", and "/" will correspond to confidence judgments of 4, 5, and 6, respectively.\n\nAfter five seconds the name and face will disappear from the screen, a star will flash on the screen for one second, and then the next name and face pair will appear on the screen.  You will see sixteen name-face pairs per test period.  You should try to reply as quickly and accurately as you can.\n\nThere will be ten study periods and ten test periods, alternating.  Each face will have the same name over the entire course of the study, so your task is to try and learn the faces\' names as quickly and accurately as possible.\n\nDo you have any questions?\n\nPress <ENTER> to continue.\n'
1165948288547	1	INSTRUCTIONSCROLL	0
1165948301403	1	INSTRUCTIONSCROLL	1
1165948301419	1	INSTRUCTIONSCROLL	3
1165948301436	1	INSTRUCTIONSCROLL	6
1165948301453	1	INSTRUCTIONSCROLL	9
1165948301469	1	INSTRUCTIONSCROLL	13
1165948301486	1	INSTRUCTIONSCROLL	16
1165948301503	1	INSTRUCTIONSCROLL	19
1165948301736	1	INSTRUCTIONSCROLL	20
1165948301752	1	INSTRUCTIONSCROLL	22
1165948301769	1	INSTRUCTIONSCROLL	25
1165948301786	1	INSTRUCTIONSCROLL	28
1165948301919	1	INSTRUCTIONSCROLL	29
1165948301936	1	INSTRUCTIONSCROLL	32
1165948301952	1	INSTRUCTIONSCROLL	36
1165948301969	1	INSTRUCTIONSCROLL	39
1165948302086	1	INSTRUCTIONSCROLL	40
1165948302102	1	INSTRUCTIONSCROLL	41
1165948302119	1	INSTRUCTIONSCROLL	45
1165948302136	1	INSTRUCTIONSCROLL	48
1165948302152	1	INSTRUCTIONSCROLL	51
1165948302169	1	INSTRUCTIONSCROLL	55
1165948302286	1	INSTRUCTIONSCROLL	56
1165948302302	1	INSTRUCTIONSCROLL	59
1165948302319	1	INSTRUCTIONSCROLL	62
1165948302336	1	INSTRUCTIONSCROLL	65
1165948302352	1	INSTRUCTIONSCROLL	69
1165948302369	1	INSTRUCTIONSCROLL	72
1165948302386	1	INSTRUCTIONSCROLL	75
1165948302402	1	INSTRUCTIONSCROLL	79
1165948302419	1	INSTRUCTIONSCROLL	82
1165948302436	1	INSTRUCTIONSCROLL	85
1165948302452	1	INSTRUCTIONSCROLL	89
1165948302469	1	INSTRUCTIONSCROLL	92
1165948302486	1	INSTRUCTIONSCROLL	95
1165948302502	1	INSTRUCTIONSCROLL	99
1165948302519	1	INSTRUCTIONSCROLL	102
1165948302536	1	INSTRUCTIONSCROLL	105
1165948302552	1	INSTRUCTIONSCROLL	109
1165948302569	1	INSTRUCTIONSCROLL	112
1165948302586	1	INSTRUCTIONSCROLL	115
1165948302602	1	INSTRUCTIONSCROLL	119
1165948302619	1	INSTRUCTIONSCROLL	122
1165948302636	1	INSTRUCTIONSCROLL	125
1165948302652	1	INSTRUCTIONSCROLL	129
1165948302669	1	INSTRUCTIONSCROLL	132
1165948302686	1	INSTRUCTIONSCROLL	135
1165948302702	1	INSTRUCTIONSCROLL	139
1165948302719	1	INSTRUCTIONSCROLL	142
1165948302735	1	INSTRUCTIONSCROLL	145
1165948302752	1	INSTRUCTIONSCROLL	149
1165948302769	1	INSTRUCTIONSCROLL	152
1165948302785	1	INSTRUCTIONSCROLL	156
1165948302802	1	INSTRUCTIONSCROLL	159
1165948302819	1	INSTRUCTIONSCROLL	162
1165948302835	1	INSTRUCTIONSCROLL	165
1165948302852	1	INSTRUCTIONSCROLL	169
1165948302869	1	INSTRUCTIONSCROLL	172
1165948302885	1	INSTRUCTIONSCROLL	175
1165948302902	1	INSTRUCTIONSCROLL	179
1165948302919	1	INSTRUCTIONSCROLL	182
1165948302935	1	INSTRUCTIONSCROLL	186
1165948302952	1	INSTRUCTIONSCROLL	189
1165948302969	1	INSTRUCTIONSCROLL	192
1165948302984	1	INSTRUCTIONSCROLL	195
1165948303002	1	INSTRUCTIONSCROLL	199
1165948303019	1	INSTRUCTIONSCROLL	202
1165948303035	1	INSTRUCTIONSCROLL	205
1165948303052	1	INSTRUCTIONSCROLL	209
1165948303069	1	INSTRUCTIONSCROLL	212
1165948303085	1	INSTRUCTIONSCROLL	216
1165948303102	1	INSTRUCTIONSCROLL	219
1165948303119	1	INSTRUCTIONSCROLL	222
1165948303135	1	INSTRUCTIONSCROLL	225
1165948303152	1	INSTRUCTIONSCROLL	229
1165948303169	1	INSTRUCTIONSCROLL	232
1165948303185	1	INSTRUCTIONSCROLL	235
1165948303202	1	INSTRUCTIONSCROLL	239
1165948303219	1	INSTRUCTIONSCROLL	242
1165948303235	1	INSTRUCTIONSCROLL	245
1165948303252	1	INSTRUCTIONSCROLL	249
1165948303269	1	INSTRUCTIONSCROLL	252
1165948303285	1	INSTRUCTIONSCROLL	255
1165948303302	1	INSTRUCTIONSCROLL	259
1165948303319	1	INSTRUCTIONSCROLL	262
1165948303335	1	INSTRUCTIONSCROLL	265
1165948303352	1	INSTRUCTIONSCROLL	269
1165948303369	1	INSTRUCTIONSCROLL	272
1165948303385	1	INSTRUCTIONSCROLL	275
1165948303402	1	INSTRUCTIONSCROLL	279
1165948303419	1	INSTRUCTIONSCROLL	282
1165948303435	1	INSTRUCTIONSCROLL	285
1165948303452	1	INSTRUCTIONSCROLL	289
1165948303469	1	INSTRUCTIONSCROLL	292
1165948303485	1	INSTRUCTIONSCROLL	295
1165948303502	1	INSTRUCTIONSCROLL	299
1165948303519	1	INSTRUCTIONSCROLL	302
1165948303535	1	INSTRUCTIONSCROLL	305
1165948303552	1	INSTRUCTIONSCROLL	309
1165948303569	1	INSTRUCTIONSCROLL	312
1165948303585	1	INSTRUCTIONSCROLL	315
1165948303602	1	INSTRUCTIONSCROLL	319
1165948303619	1	INSTRUCTIONSCROLL	322
1165948303635	1	INSTRUCTIONSCROLL	325
1165948303652	1	INSTRUCTIONSCROLL	329
1165948303669	1	INSTRUCTIONSCROLL	332
1165948303685	1	INSTRUCTIONSCROLL	335
1165948303702	1	INSTRUCTIONSCROLL	339
1165948303719	1	INSTRUCTIONSCROLL	342
1165948303735	1	INSTRUCTIONSCROLL	345
1165948303752	1	INSTRUCTIONSCROLL	349
1165948303768	1	INSTRUCTIONSCROLL	352
1165948303785	1	INSTRUCTIONSCROLL	355
1165948303802	1	INSTRUCTIONSCROLL	359
1165948303818	1	INSTRUCTIONSCROLL	362
1165948303835	1	INSTRUCTIONSCROLL	365
1165948303852	1	INSTRUCTIONSCROLL	368
1165948303868	1	INSTRUCTIONSCROLL	372
1165948303885	1	INSTRUCTIONSCROLL	375
1165948303902	1	INSTRUCTIONSCROLL	379
1165948303918	1	INSTRUCTIONSCROLL	382
1165948303935	1	INSTRUCTIONSCROLL	385
1165948303952	1	INSTRUCTIONSCROLL	389
1165948303968	1	INSTRUCTIONSCROLL	392
1165948303984	1	INSTRUCTIONSCROLL	395
1165948304002	1	INSTRUCTIONSCROLL	398
1165948304018	1	INSTRUCTIONSCROLL	402
1165948304035	1	INSTRUCTIONSCROLL	405
1165948304052	1	INSTRUCTIONSCROLL	409
1165948304068	1	INSTRUCTIONSCROLL	412
1165948304085	1	INSTRUCTIONSCROLL	415
1165948304102	1	INSTRUCTIONSCROLL	419
1165948304118	1	INSTRUCTIONSCROLL	422
1165948304135	1	INSTRUCTIONSCROLL	425
1165948304152	1	INSTRUCTIONSCROLL	429
1165948304168	1	INSTRUCTIONSCROLL	432
1165948304185	1	INSTRUCTIONSCROLL	435
1165948304202	1	INSTRUCTIONSCROLL	439
1165948304218	1	INSTRUCTIONSCROLL	442
1165948304235	1	INSTRUCTIONSCROLL	445
1165948304252	1	INSTRUCTIONSCROLL	449
1165948304268	1	INSTRUCTIONSCROLL	452
1165948304285	1	INSTRUCTIONSCROLL	455
1165948304302	1	INSTRUCTIONSCROLL	458
1165948304318	1	INSTRUCTIONSCROLL	462
1165948304335	1	INSTRUCTIONSCROLL	465
1165948304352	1	INSTRUCTIONSCROLL	469
1165948304368	1	INSTRUCTIONSCROLL	472
1165948304385	1	INSTRUCTIONSCROLL	475
1165948304402	1	INSTRUCTIONSCROLL	479
1165948304418	1	INSTRUCTIONSCROLL	482
1165948304435	1	INSTRUCTIONSCROLL	485
1165948304452	1	INSTRUCTIONSCROLL	488
1165948304468	1	INSTRUCTIONSCROLL	492
1165948304485	1	INSTRUCTIONSCROLL	495
1165948304502	1	INSTRUCTIONSCROLL	499
1165948304518	1	INSTRUCTIONSCROLL	502
1165948304535	1	INSTRUCTIONSCROLL	505
1165948304552	1	INSTRUCTIONSCROLL	509
1165948304568	1	INSTRUCTIONSCROLL	512
1165948304585	1	INSTRUCTIONSCROLL	515
1165948304602	1	INSTRUCTIONSCROLL	518
1165948304618	1	INSTRUCTIONSCROLL	522
1165948304635	1	INSTRUCTIONSCROLL	525
1165948304652	1	INSTRUCTIONSCROLL	529
1165948304668	1	INSTRUCTIONSCROLL	532
1165948304685	1	INSTRUCTIONSCROLL	535
1165948304702	1	INSTRUCTIONSCROLL	539
1165948304718	1	INSTRUCTIONSCROLL	542
1165948304735	1	INSTRUCTIONSCROLL	545
1165948304752	1	INSTRUCTIONSCROLL	548
1165948304768	1	INSTRUCTIONSCROLL	552
1165948304785	1	INSTRUCTIONSCROLL	555
1165948304801	1	INSTRUCTIONSCROLL	559
1165948304818	1	INSTRUCTIONSCROLL	562
1165948304835	1	INSTRUCTIONSCROLL	565
1165948304851	1	INSTRUCTIONSCROLL	569
1165948304868	1	INSTRUCTIONSCROLL	572
1165948304885	1	INSTRUCTIONSCROLL	575
1165948304901	1	INSTRUCTIONSCROLL	578
1165948304918	1	INSTRUCTIONSCROLL	582
1165948304935	1	INSTRUCTIONSCROLL	585
1165948304951	1	INSTRUCTIONSCROLL	589
1165948304968	1	INSTRUCTIONSCROLL	592
1165948304984	1	INSTRUCTIONSCROLL	595
1165948305001	1	INSTRUCTIONSCROLL	598
1165948305018	1	INSTRUCTIONSCROLL	602
1165948305035	1	INSTRUCTIONSCROLL	605
1165948305051	1	INSTRUCTIONSCROLL	608
1165948305068	1	INSTRUCTIONSCROLL	612
1165948305085	1	INSTRUCTIONSCROLL	615
1165948305101	1	INSTRUCTIONSCROLL	618
1165948305118	1	INSTRUCTIONSCROLL	622
1165948305135	1	INSTRUCTIONSCROLL	625
1165948305151	1	INSTRUCTIONSCROLL	629
1165948305168	1	INSTRUCTIONSCROLL	632
1165948305185	1	INSTRUCTIONSCROLL	635
1165948305204	1	INSTRUCTIONSCROLL	638
1165948305218	1	INSTRUCTIONSCROLL	642
1165948305235	1	INSTRUCTIONSCROLL	645
1165948305251	1	INSTRUCTIONSCROLL	648
1165948305268	1	INSTRUCTIONSCROLL	652
1165948305285	1	INSTRUCTIONSCROLL	655
1165948305301	1	INSTRUCTIONSCROLL	658
1165948305318	1	INSTRUCTIONSCROLL	662
1165948305335	1	INSTRUCTIONSCROLL	665
1165948305351	1	INSTRUCTIONSCROLL	668
1165948305368	1	INSTRUCTIONSCROLL	672
1165948305385	1	INSTRUCTIONSCROLL	675
1165948305401	1	INSTRUCTIONSCROLL	678
1165948305418	1	INSTRUCTIONSCROLL	682
1165948305435	1	INSTRUCTIONSCROLL	685
1165948305451	1	INSTRUCTIONSCROLL	688
1165948305468	1	INSTRUCTIONSCROLL	692
1165948305485	1	INSTRUCTIONSCROLL	695
1165948305501	1	INSTRUCTIONSCROLL	698
1165948305518	1	INSTRUCTIONSCROLL	702
1165948305535	1	INSTRUCTIONSCROLL	705
1165948318830	1	INSTRUCTIONSCROLL	706
1165948318847	1	INSTRUCTIONSCROLL	709
1165948318864	1	INSTRUCTIONSCROLL	712
1165948318880	1	INSTRUCTIONSCROLL	716
1165948318897	1	INSTRUCTIONSCROLL	719
1165948318914	1	INSTRUCTIONSCROLL	722
1165948318930	1	INSTRUCTIONSCROLL	726
1165948318947	1	INSTRUCTIONSCROLL	729
1165948318964	1	INSTRUCTIONSCROLL	732
1165948318980	1	INSTRUCTIONSCROLL	736
1165948318996	1	INSTRUCTIONSCROLL	739
1165948319014	1	INSTRUCTIONSCROLL	742
1165948319030	1	INSTRUCTIONSCROLL	746
1165948319047	1	INSTRUCTIONSCROLL	749
1165948319064	1	INSTRUCTIONSCROLL	752
1165948319080	1	INSTRUCTIONSCROLL	756
1165948319097	1	INSTRUCTIONSCROLL	759
1165948319114	1	INSTRUCTIONSCROLL	762
1165948319130	1	INSTRUCTIONSCROLL	766
1165948319147	1	INSTRUCTIONSCROLL	769
1165948319164	1	INSTRUCTIONSCROLL	772
1165948319180	1	INSTRUCTIONSCROLL	776
1165948319197	1	INSTRUCTIONSCROLL	779
1165948319213	1	INSTRUCTIONSCROLL	783
1165948319230	1	INSTRUCTIONSCROLL	786
1165948319247	1	INSTRUCTIONSCROLL	789
1165948319263	1	INSTRUCTIONSCROLL	793
1165948319280	1	INSTRUCTIONSCROLL	796
1165948319297	1	INSTRUCTIONSCROLL	799
1165948319313	1	INSTRUCTIONSCROLL	802
1165948319330	1	INSTRUCTIONSCROLL	806
1165948319347	1	INSTRUCTIONSCROLL	809
1165948319363	1	INSTRUCTIONSCROLL	813
1165948319380	1	INSTRUCTIONSCROLL	816
1165948319397	1	INSTRUCTIONSCROLL	819
1165948319413	1	INSTRUCTIONSCROLL	823
1165948319430	1	INSTRUCTIONSCROLL	826
1165948319447	1	INSTRUCTIONSCROLL	829
1165948319463	1	INSTRUCTIONSCROLL	832
1165948319480	1	INSTRUCTIONSCROLL	836
1165948319497	1	INSTRUCTIONSCROLL	839
1165948319513	1	INSTRUCTIONSCROLL	843
1165948319530	1	INSTRUCTIONSCROLL	846
1165948319547	1	INSTRUCTIONSCROLL	849
1165948319563	1	INSTRUCTIONSCROLL	852
1165948319580	1	INSTRUCTIONSCROLL	856
1165948319597	1	INSTRUCTIONSCROLL	859
1165948319613	1	INSTRUCTIONSCROLL	862
1165948319630	1	INSTRUCTIONSCROLL	866
1165948319647	1	INSTRUCTIONSCROLL	869
1165948319663	1	INSTRUCTIONSCROLL	872
1165948319680	1	INSTRUCTIONSCROLL	876
1165948319697	1	INSTRUCTIONSCROLL	879
1165948319713	1	INSTRUCTIONSCROLL	882
1165948319730	1	INSTRUCTIONSCROLL	886
1165948319747	1	INSTRUCTIONSCROLL	889
1165948319763	1	INSTRUCTIONSCROLL	892
1165948319780	1	INSTRUCTIONSCROLL	896
1165948319797	1	INSTRUCTIONSCROLL	899
1165948319813	1	INSTRUCTIONSCROLL	902
1165948319830	1	INSTRUCTIONSCROLL	906
1165948319847	1	INSTRUCTIONSCROLL	909
1165948319863	1	INSTRUCTIONSCROLL	912
1165948319880	1	INSTRUCTIONSCROLL	916
1165948319897	1	INSTRUCTIONSCROLL	919
1165948319913	1	INSTRUCTIONSCROLL	922
1165948319930	1	INSTRUCTIONSCROLL	926
1165948319947	1	INSTRUCTIONSCROLL	929
1165948319963	1	INSTRUCTIONSCROLL	932
1165948319980	1	INSTRUCTIONSCROLL	936
1165948319996	1	INSTRUCTIONSCROLL	939
1165948320013	1	INSTRUCTIONSCROLL	942
1165948320030	1	INSTRUCTIONSCROLL	946
1165948320047	1	INSTRUCTIONSCROLL	949
1165948320063	1	INSTRUCTIONSCROLL	952
1165948320080	1	INSTRUCTIONSCROLL	956
1165948320097	1	INSTRUCTIONSCROLL	959
1165948320113	1	INSTRUCTIONSCROLL	962
1165948320130	1	INSTRUCTIONSCROLL	966
1165948320147	1	INSTRUCTIONSCROLL	969
1165948320163	1	INSTRUCTIONSCROLL	972
1165948320180	1	INSTRUCTIONSCROLL	976
1165948320196	1	INSTRUCTIONSCROLL	979
1165948320213	1	INSTRUCTIONSCROLL	982
1165948320230	1	INSTRUCTIONSCROLL	986
1165948320246	1	INSTRUCTIONSCROLL	989
1165948320263	1	INSTRUCTIONSCROLL	992
1165948320280	1	INSTRUCTIONSCROLL	996
1165948320296	1	INSTRUCTIONSCROLL	999
1165948320313	1	INSTRUCTIONSCROLL	1002
1165948320330	1	INSTRUCTIONSCROLL	1006
1165948320346	1	INSTRUCTIONSCROLL	1009
1165948320363	1	INSTRUCTIONSCROLL	1012
1165948320380	1	INSTRUCTIONSCROLL	1016
1165948320396	1	INSTRUCTIONSCROLL	1019
1165948320413	1	INSTRUCTIONSCROLL	1022
1165948320430	1	INSTRUCTIONSCROLL	1026
1165948320446	1	INSTRUCTIONSCROLL	1029
1165948320463	1	INSTRUCTIONSCROLL	1032
1165948320480	1	INSTRUCTIONSCROLL	1036
1165948320496	1	INSTRUCTIONSCROLL	1039
1165948320513	1	INSTRUCTIONSCROLL	1042
1165948320530	1	INSTRUCTIONSCROLL	1046
1165948320546	1	INSTRUCTIONSCROLL	1049
1165948320563	1	INSTRUCTIONSCROLL	1052
1165948320580	1	INSTRUCTIONSCROLL	1056
1165948320596	1	INSTRUCTIONSCROLL	1059
1165948320613	1	INSTRUCTIONSCROLL	1063
1165948320630	1	INSTRUCTIONSCROLL	1066
1165948320646	1	INSTRUCTIONSCROLL	1069
1165948320663	1	INSTRUCTIONSCROLL	1073
1165948320680	1	INSTRUCTIONSCROLL	1076
1165948320696	1	INSTRUCTIONSCROLL	1079
1165948320713	1	INSTRUCTIONSCROLL	1083
1165948320730	1	INSTRUCTIONSCROLL	1086
1165948320746	1	INSTRUCTIONSCROLL	1089
1165948320763	1	INSTRUCTIONSCROLL	1093
1165948320780	1	INSTRUCTIONSCROLL	1096
1165948320796	1	INSTRUCTIONSCROLL	1099
1165948320813	1	INSTRUCTIONSCROLL	1103
1165948320830	1	INSTRUCTIONSCROLL	1106
1165948320846	1	INSTRUCTIONSCROLL	1109
1165948320863	1	INSTRUCTIONSCROLL	1113
1165948320880	1	INSTRUCTIONSCROLL	1116
1165948320896	1	INSTRUCTIONSCROLL	1119
1165948320913	1	INSTRUCTIONSCROLL	1123
1165948320930	1	INSTRUCTIONSCROLL	1126
1165948320946	1	INSTRUCTIONSCROLL	1129
1165948320963	1	INSTRUCTIONSCROLL	1133
1165948320980	1	INSTRUCTIONSCROLL	1136
1165948320995	1	INSTRUCTIONSCROLL	1139
1165948321013	1	INSTRUCTIONSCROLL	1142
1165948321030	1	INSTRUCTIONSCROLL	1146
1165948321046	1	INSTRUCTIONSCROLL	1149
1165948321063	1	INSTRUCTIONSCROLL	1153
1165948321080	1	INSTRUCTIONSCROLL	1156
1165948321096	1	INSTRUCTIONSCROLL	1159
1165948321113	1	INSTRUCTIONSCROLL	1163
1165948321130	1	INSTRUCTIONSCROLL	1166
1165948321146	1	INSTRUCTIONSCROLL	1169
1165948321163	1	INSTRUCTIONSCROLL	1173
1165948321180	1	INSTRUCTIONSCROLL	1176
1165948321196	1	INSTRUCTIONSCROLL	1179
1165948321213	1	INSTRUCTIONSCROLL	1183
1165948321230	1	INSTRUCTIONSCROLL	1186
1165948321246	1	INSTRUCTIONSCROLL	1189
1165948321263	1	INSTRUCTIONSCROLL	1192
1165948321280	1	INSTRUCTIONSCROLL	1196
1165948321296	1	INSTRUCTIONSCROLL	1199
1165948321313	1	INSTRUCTIONSCROLL	1203
1165948321329	1	INSTRUCTIONSCROLL	1206
1165948321346	1	INSTRUCTIONSCROLL	1209
1165948321363	1	INSTRUCTIONSCROLL	1212
1165948321380	1	INSTRUCTIONSCROLL	1216
1165948321396	1	INSTRUCTIONSCROLL	1219
1165948321413	1	INSTRUCTIONSCROLL	1223
1165948321429	1	INSTRUCTIONSCROLL	1226
1165948321446	1	INSTRUCTIONSCROLL	1229
1165948321463	1	INSTRUCTIONSCROLL	1233
1165948321479	1	INSTRUCTIONSCROLL	1236
1165948321496	1	INSTRUCTIONSCROLL	1239
1165948321513	1	INSTRUCTIONSCROLL	1243
1165948321529	1	INSTRUCTIONSCROLL	1246
1165948321546	1	INSTRUCTIONSCROLL	1249
1165948321563	1	INSTRUCTIONSCROLL	1253
1165948321579	1	INSTRUCTIONSCROLL	1256
1165948321596	1	INSTRUCTIONSCROLL	1259
1165948321613	1	INSTRUCTIONSCROLL	1263
1165948321629	1	INSTRUCTIONSCROLL	1266
1165948321646	1	INSTRUCTIONSCROLL	1269
1165948321663	1	INSTRUCTIONSCROLL	1272
1165948321679	1	INSTRUCTIONSCROLL	1276
1165948321696	1	INSTRUCTIONSCROLL	1279
1165948321713	1	INSTRUCTIONSCROLL	1282
1165948321729	1	INSTRUCTIONSCROLL	1286
1165948321746	1	INSTRUCTIONSCROLL	1289
1165948321763	1	INSTRUCTIONSCROLL	1293
1165948321779	1	INSTRUCTIONSCROLL	1296
1165948321796	1	INSTRUCTIONSCROLL	1299
1165948321813	1	INSTRUCTIONSCROLL	1302
1165948321829	1	INSTRUCTIONSCROLL	1306
1165948321846	1	INSTRUCTIONSCROLL	1309
1165948321863	1	INSTRUCTIONSCROLL	1312
1165948321879	1	INSTRUCTIONSCROLL	1316
1165948321896	1	INSTRUCTIONSCROLL	1319
1165948321913	1	INSTRUCTIONSCROLL	1323
1165948321929	1	INSTRUCTIONSCROLL	1326
1165948321946	1	INSTRUCTIONSCROLL	1329
1165948321963	1	INSTRUCTIONSCROLL	1332
1165948321979	1	INSTRUCTIONSCROLL	1336
1165948321995	1	INSTRUCTIONSCROLL	1339
1165948322013	1	INSTRUCTIONSCROLL	1342
1165948322029	1	INSTRUCTIONSCROLL	1346
1165948322046	1	INSTRUCTIONSCROLL	1349
1165948322063	1	INSTRUCTIONSCROLL	1353
1165948322079	1	INSTRUCTIONSCROLL	1356
1165948322096	1	INSTRUCTIONSCROLL	1359
1165948322113	1	INSTRUCTIONSCROLL	1362
1165948322129	1	INSTRUCTIONSCROLL	1366
1165948322146	1	INSTRUCTIONSCROLL	1369
1165948322163	1	INSTRUCTIONSCROLL	1372
1165948322179	1	INSTRUCTIONSCROLL	1376
1165948322196	1	INSTRUCTIONSCROLL	1379
1165948322213	1	INSTRUCTIONSCROLL	1383
1165948322229	1	INSTRUCTIONSCROLL	1386
1165948322246	1	INSTRUCTIONSCROLL	1389
1165948322263	1	INSTRUCTIONSCROLL	1392
1165948322279	1	INSTRUCTIONSCROLL	1396
1165948322296	1	INSTRUCTIONSCROLL	1399
1165948322313	1	INSTRUCTIONSCROLL	1402
1165948322329	1	INSTRUCTIONSCROLL	1406
1165948322346	1	INSTRUCTIONSCROLL	1409
1165948322363	1	INSTRUCTIONSCROLL	1413
1165948322379	1	INSTRUCTIONSCROLL	1416
1165948322396	1	INSTRUCTIONSCROLL	1419
1165948322412	1	INSTRUCTIONSCROLL	1422
1165948322429	1	INSTRUCTIONSCROLL	1426
1165948322446	1	INSTRUCTIONSCROLL	1429
1165948322462	1	INSTRUCTIONSCROLL	1432
1165948322479	1	INSTRUCTIONSCROLL	1436
1165948322496	1	INSTRUCTIONSCROLL	1439
1165948322512	1	INSTRUCTIONSCROLL	1443
1165948322529	1	INSTRUCTIONSCROLL	1446
1165948322546	1	INSTRUCTIONSCROLL	1449
1165948322562	1	INSTRUCTIONSCROLL	1452
1165948322579	1	INSTRUCTIONSCROLL	1456
1165948322596	1	INSTRUCTIONSCROLL	1459
1165948322612	1	INSTRUCTIONSCROLL	1462
1165948322629	1	INSTRUCTIONSCROLL	1466
1165948322646	1	INSTRUCTIONSCROLL	1469
1165948322662	1	INSTRUCTIONSCROLL	1473
1165948322679	1	INSTRUCTIONSCROLL	1476
1165948322696	1	INSTRUCTIONSCROLL	1479
1165948322712	1	INSTRUCTIONSCROLL	1482
1165948322729	1	INSTRUCTIONSCROLL	1486
1165948322746	1	INSTRUCTIONSCROLL	1489
1165948322762	1	INSTRUCTIONSCROLL	1492
1165948322779	1	INSTRUCTIONSCROLL	1496
1165948322796	1	INSTRUCTIONSCROLL	1499
1165948322812	1	INSTRUCTIONSCROLL	1502
1165948322829	1	INSTRUCTIONSCROLL	1506
1165948322846	1	INSTRUCTIONSCROLL	1509
1165948329327	1	INSTRUCTIONSCROLL	1510
1165948329344	1	INSTRUCTIONSCROLL	1513
1165948329360	1	INSTRUCTIONSCROLL	1517
1165948329377	1	INSTRUCTIONSCROLL	1520
1165948329394	1	INSTRUCTIONSCROLL	1523
1165948329410	1	INSTRUCTIONSCROLL	1527
1165948329427	1	INSTRUCTIONSCROLL	1530
1165948329444	1	INSTRUCTIONSCROLL	1533
1165948329460	1	INSTRUCTIONSCROLL	1537
1165948329477	1	INSTRUCTIONSCROLL	1540
1165948329494	1	INSTRUCTIONSCROLL	1543
1165948329510	1	INSTRUCTIONSCROLL	1547
1165948329527	1	INSTRUCTIONSCROLL	1550
1165948329544	1	INSTRUCTIONSCROLL	1553
1165948329560	1	INSTRUCTIONSCROLL	1557
1165948329577	1	INSTRUCTIONSCROLL	1560
1165948329593	1	INSTRUCTIONSCROLL	1563
1165948329610	1	INSTRUCTIONSCROLL	1567
1165948329627	1	INSTRUCTIONSCROLL	1570
1165948329643	1	INSTRUCTIONSCROLL	1573
1165948329660	1	INSTRUCTIONSCROLL	1577
1165948329677	1	INSTRUCTIONSCROLL	1580
1165948329693	1	INSTRUCTIONSCROLL	1583
1165948329710	1	INSTRUCTIONSCROLL	1587
1165948329727	1	INSTRUCTIONSCROLL	1590
1165948329743	1	INSTRUCTIONSCROLL	1593
1165948329760	1	INSTRUCTIONSCROLL	1597
1165948329777	1	INSTRUCTIONSCROLL	1600
1165948329793	1	INSTRUCTIONSCROLL	1603
1165948329810	1	INSTRUCTIONSCROLL	1607
1165948329827	1	INSTRUCTIONSCROLL	1610
1165948329843	1	INSTRUCTIONSCROLL	1613
1165948329860	1	INSTRUCTIONSCROLL	1617
1165948329877	1	INSTRUCTIONSCROLL	1620
1165948329893	1	INSTRUCTIONSCROLL	1623
1165948329910	1	INSTRUCTIONSCROLL	1627
1165948329927	1	INSTRUCTIONSCROLL	1630
1165948329943	1	INSTRUCTIONSCROLL	1633
1165948329960	1	INSTRUCTIONSCROLL	1637
1165948329977	1	INSTRUCTIONSCROLL	1640
1165948329992	1	INSTRUCTIONSCROLL	1643
1165948330010	1	INSTRUCTIONSCROLL	1647
1165948330027	1	INSTRUCTIONSCROLL	1650
1165948330043	1	INSTRUCTIONSCROLL	1653
1165948330060	1	INSTRUCTIONSCROLL	1657
1165948330077	1	INSTRUCTIONSCROLL	1660
1165948330093	1	INSTRUCTIONSCROLL	1664
1165948330110	1	INSTRUCTIONSCROLL	1667
1165948330127	1	INSTRUCTIONSCROLL	1670
1165948330143	1	INSTRUCTIONSCROLL	1673
1165948330160	1	INSTRUCTIONSCROLL	1677
1165948330177	1	INSTRUCTIONSCROLL	1680
1165948330193	1	INSTRUCTIONSCROLL	1683
1165948330210	1	INSTRUCTIONSCROLL	1687
1165948330227	1	INSTRUCTIONSCROLL	1690
1165948330243	1	INSTRUCTIONSCROLL	1693
1165948330260	1	INSTRUCTIONSCROLL	1697
1165948330277	1	INSTRUCTIONSCROLL	1700
1165948330293	1	INSTRUCTIONSCROLL	1703
1165948330310	1	INSTRUCTIONSCROLL	1707
1165948330327	1	INSTRUCTIONSCROLL	1710
1165948330343	1	INSTRUCTIONSCROLL	1713
1165948330360	1	INSTRUCTIONSCROLL	1717
1165948330377	1	INSTRUCTIONSCROLL	1720
1165948330393	1	INSTRUCTIONSCROLL	1724
1165948330410	1	INSTRUCTIONSCROLL	1727
1165948330427	1	INSTRUCTIONSCROLL	1730
1165948330443	1	INSTRUCTIONSCROLL	1733
1165948330460	1	INSTRUCTIONSCROLL	1737
1165948330477	1	INSTRUCTIONSCROLL	1740
1165948330493	1	INSTRUCTIONSCROLL	1743
1165948330510	1	INSTRUCTIONSCROLL	1747
1165948330527	1	INSTRUCTIONSCROLL	1750
1165948330543	1	INSTRUCTIONSCROLL	1753
1165948330560	1	INSTRUCTIONSCROLL	1757
1165948330577	1	INSTRUCTIONSCROLL	1760
1165948330593	1	INSTRUCTIONSCROLL	1763
1165948330610	1	INSTRUCTIONSCROLL	1767
1165948330627	1	INSTRUCTIONSCROLL	1770
1165948330643	1	INSTRUCTIONSCROLL	1773
1165948330660	1	INSTRUCTIONSCROLL	1777
1165948330677	1	INSTRUCTIONSCROLL	1780
1165948330693	1	INSTRUCTIONSCROLL	1783
1165948330710	1	INSTRUCTIONSCROLL	1787
1165948330727	1	INSTRUCTIONSCROLL	1790
1165948330743	1	INSTRUCTIONSCROLL	1793
1165948330760	1	INSTRUCTIONSCROLL	1797
1165948330777	1	INSTRUCTIONSCROLL	1800
1165948330793	1	INSTRUCTIONSCROLL	1803
1165948330810	1	INSTRUCTIONSCROLL	1807
1165948330826	1	INSTRUCTIONSCROLL	1810
1165948330843	1	INSTRUCTIONSCROLL	1813
1165948330860	1	INSTRUCTIONSCROLL	1817
1165948330876	1	INSTRUCTIONSCROLL	1820
1165948330893	1	INSTRUCTIONSCROLL	1823
1165948330910	1	INSTRUCTIONSCROLL	1827
1165948330926	1	INSTRUCTIONSCROLL	1830
1165948330943	1	INSTRUCTIONSCROLL	1833
1165948330960	1	INSTRUCTIONSCROLL	1837
1165948330976	1	INSTRUCTIONSCROLL	1840
1165948330992	1	INSTRUCTIONSCROLL	1843
1165948331010	1	INSTRUCTIONSCROLL	1846
1165948331026	1	INSTRUCTIONSCROLL	1850
1165948331043	1	INSTRUCTIONSCROLL	1853
1165948331060	1	INSTRUCTIONSCROLL	1857
1165948331076	1	INSTRUCTIONSCROLL	1860
1165948331093	1	INSTRUCTIONSCROLL	1863
1165948331110	1	INSTRUCTIONSCROLL	1867
1165948331126	1	INSTRUCTIONSCROLL	1870
1165948331143	1	INSTRUCTIONSCROLL	1873
1165948331160	1	INSTRUCTIONSCROLL	1877
1165948331176	1	INSTRUCTIONSCROLL	1880
1165948331193	1	INSTRUCTIONSCROLL	1883
1165948331210	1	INSTRUCTIONSCROLL	1887
1165948331227	1	INSTRUCTIONSCROLL	1890
1165948331243	1	INSTRUCTIONSCROLL	1894
1165948331260	1	INSTRUCTIONSCROLL	1897
1165948331276	1	INSTRUCTIONSCROLL	1900
1165948331293	1	INSTRUCTIONSCROLL	1903
1165948331310	1	INSTRUCTIONSCROLL	1907
1165948331326	1	INSTRUCTIONSCROLL	1910
1165948331343	1	INSTRUCTIONSCROLL	1913
1165948331360	1	INSTRUCTIONSCROLL	1917
1165948331376	1	INSTRUCTIONSCROLL	1920
1165948331393	1	INSTRUCTIONSCROLL	1923
1165948331410	1	INSTRUCTIONSCROLL	1927
1165948331426	1	INSTRUCTIONSCROLL	1930
1165948331443	1	INSTRUCTIONSCROLL	1933
1165948331460	1	INSTRUCTIONSCROLL	1937
1165948331476	1	INSTRUCTIONSCROLL	1940
1165948331493	1	INSTRUCTIONSCROLL	1943
1165948331510	1	INSTRUCTIONSCROLL	1947
1165948331526	1	INSTRUCTIONSCROLL	1950
1165948331543	1	INSTRUCTIONSCROLL	1953
1165948331560	1	INSTRUCTIONSCROLL	1957
1165948331576	1	INSTRUCTIONSCROLL	1960
1165948331593	1	INSTRUCTIONSCROLL	1963
1165948331610	1	INSTRUCTIONSCROLL	1967
1165948331626	1	INSTRUCTIONSCROLL	1970
1165948331643	1	INSTRUCTIONSCROLL	1973
1165948331660	1	INSTRUCTIONSCROLL	1977
1165948331676	1	INSTRUCTIONSCROLL	1980
1165948331693	1	INSTRUCTIONSCROLL	1983
1165948331709	1	INSTRUCTIONSCROLL	1987
1165948331726	1	INSTRUCTIONSCROLL	1990
1165948331743	1	INSTRUCTIONSCROLL	1993
1165948331759	1	INSTRUCTIONSCROLL	1997
1165948331776	1	INSTRUCTIONSCROLL	2000
1165948331793	1	INSTRUCTIONSCROLL	2003
1165948331809	1	INSTRUCTIONSCROLL	2007
1165948331826	1	INSTRUCTIONSCROLL	2010
1165948331843	1	INSTRUCTIONSCROLL	2013
1165948331859	1	INSTRUCTIONSCROLL	2017
1165948331876	1	INSTRUCTIONSCROLL	2020
1165948331893	1	INSTRUCTIONSCROLL	2023
1165948331909	1	INSTRUCTIONSCROLL	2027
1165948331926	1	INSTRUCTIONSCROLL	2030
1165948331943	1	INSTRUCTIONSCROLL	2033
1165948331959	1	INSTRUCTIONSCROLL	2037
1165948331976	1	INSTRUCTIONSCROLL	2040
1165948331992	1	INSTRUCTIONSCROLL	2043
1165948332009	1	INSTRUCTIONSCROLL	2047
1165948332026	1	INSTRUCTIONSCROLL	2050
1165948332043	1	INSTRUCTIONSCROLL	2053
1165948332059	1	INSTRUCTIONSCROLL	2057
1165948332076	1	INSTRUCTIONSCROLL	2060
1165948332093	1	INSTRUCTIONSCROLL	2063
1165948332109	1	INSTRUCTIONSCROLL	2067
1165948332126	1	INSTRUCTIONSCROLL	2070
1165948332143	1	INSTRUCTIONSCROLL	2073
1165948332159	1	INSTRUCTIONSCROLL	2077
1165948332176	1	INSTRUCTIONSCROLL	2080
1165948332193	1	INSTRUCTIONSCROLL	2083
1165948332209	1	INSTRUCTIONSCROLL	2087
1165948332226	1	INSTRUCTIONSCROLL	2090
1165948332243	1	INSTRUCTIONSCROLL	2093
1165948332259	1	INSTRUCTIONSCROLL	2097
1165948332276	1	INSTRUCTIONSCROLL	2100
1165948332293	1	INSTRUCTIONSCROLL	2103
1165948332309	1	INSTRUCTIONSCROLL	2107
1165948332326	1	INSTRUCTIONSCROLL	2110
1165948332343	1	INSTRUCTIONSCROLL	2113
1165948332359	1	INSTRUCTIONSCROLL	2117
1165948332376	1	INSTRUCTIONSCROLL	2120
1165948332393	1	INSTRUCTIONSCROLL	2123
1165948332409	1	INSTRUCTIONSCROLL	2127
1165948332426	1	INSTRUCTIONSCROLL	2130
1165948332443	1	INSTRUCTIONSCROLL	2133
1165948332459	1	INSTRUCTIONSCROLL	2137
1165948332476	1	INSTRUCTIONSCROLL	2140
1165948332493	1	INSTRUCTIONSCROLL	2143
1165948332509	1	INSTRUCTIONSCROLL	2147
1165948332526	1	INSTRUCTIONSCROLL	2150
1165948332543	1	INSTRUCTIONSCROLL	2153
1165948332559	1	INSTRUCTIONSCROLL	2157
1165948332576	1	INSTRUCTIONSCROLL	2160
1165948332593	1	INSTRUCTIONSCROLL	2163
1165948332609	1	INSTRUCTIONSCROLL	2167
1165948332626	1	INSTRUCTIONSCROLL	2170
1165948332643	1	INSTRUCTIONSCROLL	2173
1165948332659	1	INSTRUCTIONSCROLL	2177
1165948332676	1	INSTRUCTIONSCROLL	2180
1165948332693	1	INSTRUCTIONSCROLL	2183
1165948332709	1	INSTRUCTIONSCROLL	2187
1165948332726	1	INSTRUCTIONSCROLL	2190
1165948332743	1	INSTRUCTIONSCROLL	2193
1165948332759	1	INSTRUCTIONSCROLL	2197
1165948332776	1	INSTRUCTIONSCROLL	2200
1165948332792	1	INSTRUCTIONSCROLL	2203
1165948332809	1	INSTRUCTIONSCROLL	2207
1165948332826	1	INSTRUCTIONSCROLL	2210
1165948332842	1	INSTRUCTIONSCROLL	2213
1165948332859	1	INSTRUCTIONSCROLL	2217
1165948332876	1	INSTRUCTIONSCROLL	2220
1165948332892	1	INSTRUCTIONSCROLL	2223
1165948332909	1	INSTRUCTIONSCROLL	2227
1165948332926	1	INSTRUCTIONSCROLL	2230
1165948332942	1	INSTRUCTIONSCROLL	2233
1165948332959	1	INSTRUCTIONSCROLL	2237
1165948332976	1	INSTRUCTIONSCROLL	2240
1165948332991	1	INSTRUCTIONSCROLL	2243
1165948333009	1	INSTRUCTIONSCROLL	2246
1165948333026	1	INSTRUCTIONSCROLL	2250
1165948333042	1	INSTRUCTIONSCROLL	2253
1165948333059	1	INSTRUCTIONSCROLL	2257
1165948333076	1	INSTRUCTIONSCROLL	2260
1165948333092	1	INSTRUCTIONSCROLL	2263
1165948333109	1	INSTRUCTIONSCROLL	2267
1165948333126	1	INSTRUCTIONSCROLL	2270
1165948333142	1	INSTRUCTIONSCROLL	2273
1165948333159	1	INSTRUCTIONSCROLL	2277
1165948333176	1	INSTRUCTIONSCROLL	2280
1165948333192	1	INSTRUCTIONSCROLL	2283
1165948333209	1	INSTRUCTIONSCROLL	2287
1165948333226	1	INSTRUCTIONSCROLL	2290
1165948333242	1	INSTRUCTIONSCROLL	2293
1165948333259	1	INSTRUCTIONSCROLL	2297
1165948333276	1	INSTRUCTIONSCROLL	2300
1165948333292	1	INSTRUCTIONSCROLL	2303
1165948333309	1	INSTRUCTIONSCROLL	2307
1165948333326	1	INSTRUCTIONSCROLL	2310
1165948333342	1	INSTRUCTIONSCROLL	2313
1165948333359	1	INSTRUCTIONSCROLL	2317
1165948333376	1	INSTRUCTIONSCROLL	2320
1165948333392	1	INSTRUCTIONSCROLL	2323
1165948333409	1	INSTRUCTIONSCROLL	2327
1165948333426	1	INSTRUCTIONSCROLL	2330
1165948333442	1	INSTRUCTIONSCROLL	2333
1165948333459	1	INSTRUCTIONSCROLL	2337
1165948333476	1	INSTRUCTIONSCROLL	2340
1165948333492	1	INSTRUCTIONSCROLL	2343
1165948333509	1	INSTRUCTIONSCROLL	2347
1165948333526	1	INSTRUCTIONSCROLL	2350
1165948333542	1	INSTRUCTIONSCROLL	2353
1165948333559	1	INSTRUCTIONSCROLL	2357
1165948333576	1	INSTRUCTIONSCROLL	2360
1165948333592	1	INSTRUCTIONSCROLL	2363
1165948333609	1	INSTRUCTIONSCROLL	2367
1165948333626	1	INSTRUCTIONSCROLL	2370
1165948333642	1	INSTRUCTIONSCROLL	2373
1165948333659	1	INSTRUCTIONSCROLL	2377
1165948333676	1	INSTRUCTIONSCROLL	2380
1165948333692	1	INSTRUCTIONSCROLL	2383
1165948333709	1	INSTRUCTIONSCROLL	2387
1165948333726	1	INSTRUCTIONSCROLL	2390
1165948333742	1	INSTRUCTIONSCROLL	2393
1165948333759	1	INSTRUCTIONSCROLL	2397
1165948333775	1	INSTRUCTIONSCROLL	2400
1165948333792	1	INSTRUCTIONSCROLL	2403
1165948333809	1	INSTRUCTIONSCROLL	2407
1165948333825	1	INSTRUCTIONSCROLL	2410
1165948333842	1	INSTRUCTIONSCROLL	2413
1165948333859	1	INSTRUCTIONSCROLL	2416
1165948333875	1	INSTRUCTIONSCROLL	2420
1165948333892	1	INSTRUCTIONSCROLL	2423
1165948333909	1	INSTRUCTIONSCROLL	2427
1165948333925	1	INSTRUCTIONSCROLL	2430
1165948333942	1	INSTRUCTIONSCROLL	2433
1165948333959	1	INSTRUCTIONSCROLL	2436
1165948333975	1	INSTRUCTIONSCROLL	2440
1165948333991	1	INSTRUCTIONSCROLL	2443
1165948334009	1	INSTRUCTIONSCROLL	2446
1165948334025	1	INSTRUCTIONSCROLL	2450
1165948334042	1	INSTRUCTIONSCROLL	2453
1165948334059	1	INSTRUCTIONSCROLL	2457
1165948334075	1	INSTRUCTIONSCROLL	2460
1165948334092	1	INSTRUCTIONSCROLL	2463
1165948334109	1	INSTRUCTIONSCROLL	2466
1165948334125	1	INSTRUCTIONSCROLL	2470
1165948334142	1	INSTRUCTIONSCROLL	2473
1165948334159	1	INSTRUCTIONSCROLL	2477
1165948334175	1	INSTRUCTIONSCROLL	2480
1165948334192	1	INSTRUCTIONSCROLL	2483
1165948334209	1	INSTRUCTIONSCROLL	2487
1165948334225	1	INSTRUCTIONSCROLL	2490
1165948334242	1	INSTRUCTIONSCROLL	2493
1165948334259	1	INSTRUCTIONSCROLL	2496
1165948334275	1	INSTRUCTIONSCROLL	2500
1165948334292	1	INSTRUCTIONSCROLL	2503
1165948334309	1	INSTRUCTIONSCROLL	2507
1165948334325	1	INSTRUCTIONSCROLL	2510
1165948334342	1	INSTRUCTIONSCROLL	2513
1165948334359	1	INSTRUCTIONSCROLL	2517
1165948334375	1	INSTRUCTIONSCROLL	2520
1165948334392	1	INSTRUCTIONSCROLL	2523
1165948334409	1	INSTRUCTIONSCROLL	2527
1165948334425	1	INSTRUCTIONSCROLL	2530
1165948334442	1	INSTRUCTIONSCROLL	2533
1165948334459	1	INSTRUCTIONSCROLL	2537
1165948334475	1	INSTRUCTIONSCROLL	2540
1165948334492	1	INSTRUCTIONSCROLL	2543
1165948334509	1	INSTRUCTIONSCROLL	2547
1165948334525	1	INSTRUCTIONSCROLL	2550
1165948334542	1	INSTRUCTIONSCROLL	2553
1165948334559	1	INSTRUCTIONSCROLL	2556
1165948334575	1	INSTRUCTIONSCROLL	2560
1165948334592	1	INSTRUCTIONSCROLL	2563
1165948334609	1	INSTRUCTIONSCROLL	2567
1165948334625	1	INSTRUCTIONSCROLL	2570
1165948334642	1	INSTRUCTIONSCROLL	2573
1165948334659	1	INSTRUCTIONSCROLL	2577
1165948334675	1	INSTRUCTIONSCROLL	2580
1165948334692	1	INSTRUCTIONSCROLL	2583
1165948334709	1	INSTRUCTIONSCROLL	2586
1165948334725	1	INSTRUCTIONSCROLL	2590
1165948334742	1	INSTRUCTIONSCROLL	2593
1165948334758	1	INSTRUCTIONSCROLL	2596
1165948334775	1	INSTRUCTIONSCROLL	2600
1165948334792	1	INSTRUCTIONSCROLL	2603
1165948334808	1	INSTRUCTIONSCROLL	2606
1165948334825	1	INSTRUCTIONSCROLL	2610
1165948334842	1	INSTRUCTIONSCROLL	2613
1165948334858	1	INSTRUCTIONSCROLL	2616
1165948334875	1	INSTRUCTIONSCROLL	2620
1165948334892	1	INSTRUCTIONSCROLL	2623
1165948334908	1	INSTRUCTIONSCROLL	2626
1165948334925	1	INSTRUCTIONSCROLL	2630
1165948334942	1	INSTRUCTIONSCROLL	2633
1165948334958	1	INSTRUCTIONSCROLL	2636
1165948334975	1	INSTRUCTIONSCROLL	2640
1165948334991	1	INSTRUCTIONSCROLL	2643
1165948335008	1	INSTRUCTIONSCROLL	2646
1165948335025	1	INSTRUCTIONSCROLL	2650
1165948335042	1	INSTRUCTIONSCROLL	2653
1165948335058	1	INSTRUCTIONSCROLL	2656
1165948335075	1	INSTRUCTIONSCROLL	2660
1165948335092	1	INSTRUCTIONSCROLL	2663
1165948335108	1	INSTRUCTIONSCROLL	2666
1165948335125	1	INSTRUCTIONSCROLL	2670
1165948335142	1	INSTRUCTIONSCROLL	2673
1165948335158	1	INSTRUCTIONSCROLL	2676
1165948335175	1	INSTRUCTIONSCROLL	2680
1165948335192	1	INSTRUCTIONSCROLL	2683
1165948335208	1	INSTRUCTIONSCROLL	2686
1165948335225	1	INSTRUCTIONSCROLL	2690
1165948335242	1	INSTRUCTIONSCROLL	2693
1165948335258	1	INSTRUCTIONSCROLL	2696
1165948335275	1	INSTRUCTIONSCROLL	2700
1165948335292	1	INSTRUCTIONSCROLL	2703
1165948335308	1	INSTRUCTIONSCROLL	2706
1165948335325	1	INSTRUCTIONSCROLL	2710
1165948335342	1	INSTRUCTIONSCROLL	2713
1165948335358	1	INSTRUCTIONSCROLL	2716
1165948335375	1	INSTRUCTIONSCROLL	2720
1165948335392	1	INSTRUCTIONSCROLL	2723
1165948335408	1	INSTRUCTIONSCROLL	2726
1165948335425	1	INSTRUCTIONSCROLL	2730
1165948335442	1	INSTRUCTIONSCROLL	2733
1165948335458	1	INSTRUCTIONSCROLL	2736
1165948335475	1	INSTRUCTIONSCROLL	2740
1165948335492	1	INSTRUCTIONSCROLL	2743
1165948335508	1	INSTRUCTIONSCROLL	2746
1165948335525	1	INSTRUCTIONSCROLL	2750
1165948335542	1	INSTRUCTIONSCROLL	2753
1165948335558	1	INSTRUCTIONSCROLL	2756
1165948335575	1	INSTRUCTIONSCROLL	2760
1165948335592	1	INSTRUCTIONSCROLL	2763
1165948335608	1	INSTRUCTIONSCROLL	2766
1165948335625	1	INSTRUCTIONSCROLL	2770
1165948335642	1	INSTRUCTIONSCROLL	2773
1165948335658	1	INSTRUCTIONSCROLL	2776
1165948335675	1	INSTRUCTIONSCROLL	2780
1165948335692	1	INSTRUCTIONSCROLL	2783
1165948335708	1	INSTRUCTIONSCROLL	2786
1165948335725	1	INSTRUCTIONSCROLL	2790
1165948335742	1	INSTRUCTIONSCROLL	2793
1165948335758	1	INSTRUCTIONSCROLL	2796
1165948335775	1	INSTRUCTIONSCROLL	2800
1165948335791	1	INSTRUCTIONSCROLL	2803
1165948335808	1	INSTRUCTIONSCROLL	2806
1165948335825	1	INSTRUCTIONSCROLL	2810
1165948335841	1	INSTRUCTIONSCROLL	2813
1165948335858	1	INSTRUCTIONSCROLL	2816
1165948335875	1	INSTRUCTIONSCROLL	2820
1165948335891	1	INSTRUCTIONSCROLL	2823
1165948335908	1	INSTRUCTIONSCROLL	2826
1165948335925	1	INSTRUCTIONSCROLL	2830
1165948335941	1	INSTRUCTIONSCROLL	2833
1165948335958	1	INSTRUCTIONSCROLL	2836
1165948335975	1	INSTRUCTIONSCROLL	2840
1165948335990	1	INSTRUCTIONSCROLL	2843
1165948336008	1	INSTRUCTIONSCROLL	2846
1165948336025	1	INSTRUCTIONSCROLL	2850
1165948336041	1	INSTRUCTIONSCROLL	2853
1165948336058	1	INSTRUCTIONSCROLL	2856
1165948336075	1	INSTRUCTIONSCROLL	2860
1165948336091	1	INSTRUCTIONSCROLL	2863
1165948336108	1	INSTRUCTIONSCROLL	2866
1165948336125	1	INSTRUCTIONSCROLL	2870
1165948336141	1	INSTRUCTIONSCROLL	2873
1165948336158	1	INSTRUCTIONSCROLL	2876
1165948336175	1	INSTRUCTIONSCROLL	2880
1165948336191	1	INSTRUCTIONSCROLL	2883
1165948336208	1	INSTRUCTIONSCROLL	2886
1165948336225	1	INSTRUCTIONSCROLL	2890
1165948336241	1	INSTRUCTIONSCROLL	2893
1165948336258	1	INSTRUCTIONSCROLL	2896
1165948336275	1	INSTRUCTIONSCROLL	2900
1165948336291	1	INSTRUCTIONSCROLL	2903
1165948336308	1	INSTRUCTIONSCROLL	2906
1165948336325	1	INSTRUCTIONSCROLL	2910
1165948336341	1	INSTRUCTIONSCROLL	2913
1165948336358	1	INSTRUCTIONSCROLL	2916
1165948336375	1	INSTRUCTIONSCROLL	2920
1165948336391	1	INSTRUCTIONSCROLL	2923
1165948336408	1	INSTRUCTIONSCROLL	2926
1165948336425	1	INSTRUCTIONSCROLL	2930
1165948336441	1	INSTRUCTIONSCROLL	2933
1165948336458	1	INSTRUCTIONSCROLL	2936
1165948336475	1	INSTRUCTIONSCROLL	2940
1165948336491	1	INSTRUCTIONSCROLL	2943
1165948336508	1	INSTRUCTIONSCROLL	2946
1165948336525	1	INSTRUCTIONSCROLL	2950
1165948336541	1	INSTRUCTIONSCROLL	2953
1165948336558	1	INSTRUCTIONSCROLL	2956
1165948336575	1	INSTRUCTIONSCROLL	2960
1165948336591	1	INSTRUCTIONSCROLL	2963
1165948336608	1	INSTRUCTIONSCROLL	2966
1165948336625	1	INSTRUCTIONSCROLL	2970
1165948336641	1	INSTRUCTIONSCROLL	2973
1165948336658	1	INSTRUCTIONSCROLL	2976
1165948336675	1	INSTRUCTIONSCROLL	2980
1165948336691	1	INSTRUCTIONSCROLL	2983
1165948336708	1	INSTRUCTIONSCROLL	2986
1165948336725	1	INSTRUCTIONSCROLL	2990
1165948336741	1	INSTRUCTIONSCROLL	2993
1165948336758	1	INSTRUCTIONSCROLL	2996
1165948336775	1	INSTRUCTIONSCROLL	3000
1165948336791	1	INSTRUCTIONSCROLL	3003
1165948336808	1	INSTRUCTIONSCROLL	3006
1165948336825	1	INSTRUCTIONSCROLL	3010
1165948336841	1	INSTRUCTIONSCROLL	3013
1165948336858	1	INSTRUCTIONSCROLL	3016
1165948336874	1	INSTRUCTIONSCROLL	3020
1165948336891	1	INSTRUCTIONSCROLL	3023
1165948336908	1	INSTRUCTIONSCROLL	3026
1165948336924	1	INSTRUCTIONSCROLL	3030
1165948336941	1	INSTRUCTIONSCROLL	3033
1165948336958	1	INSTRUCTIONSCROLL	3036
1165948336975	1	INSTRUCTIONSCROLL	3040
1165948336990	1	INSTRUCTIONSCROLL	3043
1165948337008	1	INSTRUCTIONSCROLL	3046
1165948337024	1	INSTRUCTIONSCROLL	3050
1165948337041	1	INSTRUCTIONSCROLL	3053
1165948337058	1	INSTRUCTIONSCROLL	3056
1165948337074	1	INSTRUCTIONSCROLL	3060
1165948337091	1	INSTRUCTIONSCROLL	3063
1165948337108	1	INSTRUCTIONSCROLL	3066
1165948337124	1	INSTRUCTIONSCROLL	3070
1165948337141	1	INSTRUCTIONSCROLL	3073
1165948337158	1	INSTRUCTIONSCROLL	3076
1165948337174	1	INSTRUCTIONSCROLL	3080
1165948337191	1	INSTRUCTIONSCROLL	3083
1165948337208	1	INSTRUCTIONSCROLL	3086
1165948337228	1	INSTRUCTIONSCROLL	3090
1165948337241	1	INSTRUCTIONSCROLL	3094
1165948337258	1	INSTRUCTIONSCROLL	3096
1165948337274	1	INSTRUCTIONSCROLL	3100
1165948337291	1	INSTRUCTIONSCROLL	3103
1165948337308	1	INSTRUCTIONSCROLL	3106
1165948337324	1	INSTRUCTIONSCROLL	3110
1165948337341	1	INSTRUCTIONSCROLL	3113
1165948337358	1	INSTRUCTIONSCROLL	3116
1165948337374	1	INSTRUCTIONSCROLL	3120
1165948337392	1	INSTRUCTIONSCROLL	3123
1165948337408	1	INSTRUCTIONSCROLL	3126
1165948337424	1	INSTRUCTIONSCROLL	3130
1165948337441	1	INSTRUCTIONSCROLL	3133
1165948337458	1	INSTRUCTIONSCROLL	3136
1165948337474	1	INSTRUCTIONSCROLL	3140
1165948337491	1	INSTRUCTIONSCROLL	3143
1165948337508	1	INSTRUCTIONSCROLL	3146
1165948337524	1	INSTRUCTIONSCROLL	3150
1165948337541	1	INSTRUCTIONSCROLL	3153
1165948337558	1	INSTRUCTIONSCROLL	3156
1165948337574	1	INSTRUCTIONSCROLL	3160
1165948337591	1	INSTRUCTIONSCROLL	3163
1165948337608	1	INSTRUCTIONSCROLL	3166
1165948337624	1	INSTRUCTIONSCROLL	3170
1165948337641	1	INSTRUCTIONSCROLL	3173
1165948337658	1	INSTRUCTIONSCROLL	3176
1165948337674	1	INSTRUCTIONSCROLL	3180
1165948337691	1	INSTRUCTIONSCROLL	3183
1165948337708	1	INSTRUCTIONSCROLL	3186
1165948337724	1	INSTRUCTIONSCROLL	3190
1165948337741	1	INSTRUCTIONSCROLL	3193
1165948337758	1	INSTRUCTIONSCROLL	3196
1165948337774	1	INSTRUCTIONSCROLL	3200
1165948337791	1	INSTRUCTIONSCROLL	3203
1165948337808	1	INSTRUCTIONSCROLL	3206
1165948337824	1	INSTRUCTIONSCROLL	3210
1165948337841	1	INSTRUCTIONSCROLL	3213
1165948337858	1	INSTRUCTIONSCROLL	3216
1165948337874	1	INSTRUCTIONSCROLL	3220
1165948337891	1	INSTRUCTIONSCROLL	3223
1165948337907	1	INSTRUCTIONSCROLL	3226
1165948337924	1	INSTRUCTIONSCROLL	3230
1165948337941	1	INSTRUCTIONSCROLL	3233
1165948337957	1	INSTRUCTIONSCROLL	3236
1165948337974	1	INSTRUCTIONSCROLL	3240
1165948337990	1	INSTRUCTIONSCROLL	3243
1165948338007	1	INSTRUCTIONSCROLL	3246
1165948338024	1	INSTRUCTIONSCROLL	3250
1165948338041	1	INSTRUCTIONSCROLL	3253
1165948338057	1	INSTRUCTIONSCROLL	3256
1165948338074	1	INSTRUCTIONSCROLL	3260
1165948338091	1	INSTRUCTIONSCROLL	3263
1165948338107	1	INSTRUCTIONSCROLL	3266
1165948338124	1	INSTRUCTIONSCROLL	3270
1165948338141	1	INSTRUCTIONSCROLL	3273
1165948338157	1	INSTRUCTIONSCROLL	3276
1165948338174	1	INSTRUCTIONSCROLL	3280
1165948338191	1	INSTRUCTIONSCROLL	3283
1165948338207	1	INSTRUCTIONSCROLL	3286
1165948338224	1	INSTRUCTIONSCROLL	3290
1165948338241	1	INSTRUCTIONSCROLL	3293
1165948338257	1	INSTRUCTIONSCROLL	3296
1165948338274	1	INSTRUCTIONSCROLL	3300
1165948338291	1	INSTRUCTIONSCROLL	3303
1165948338307	1	INSTRUCTIONSCROLL	3306
1165948338324	1	INSTRUCTIONSCROLL	3310
1165948338341	1	INSTRUCTIONSCROLL	3313
1165948338357	1	INSTRUCTIONSCROLL	3316
1165948338374	1	INSTRUCTIONSCROLL	3320
1165948338391	1	INSTRUCTIONSCROLL	3323
1165948338407	1	INSTRUCTIONSCROLL	3326
1165948338424	1	INSTRUCTIONSCROLL	3330
1165948338441	1	INSTRUCTIONSCROLL	3333
1165948338457	1	INSTRUCTIONSCROLL	3336
1165948338474	1	INSTRUCTIONSCROLL	3340
1165948338491	1	INSTRUCTIONSCROLL	3343
1165948338507	1	INSTRUCTIONSCROLL	3346
1165948338524	1	INSTRUCTIONSCROLL	3350
1165948338541	1	INSTRUCTIONSCROLL	3353
1165948338557	1	INSTRUCTIONSCROLL	3356
1165948338574	1	INSTRUCTIONSCROLL	3360
1165948338591	1	INSTRUCTIONSCROLL	3363
1165948338607	1	INSTRUCTIONSCROLL	3366
1165948338624	1	INSTRUCTIONSCROLL	3370
1165948338641	1	INSTRUCTIONSCROLL	3373
1165948338657	1	INSTRUCTIONSCROLL	3376
1165948338674	1	INSTRUCTIONSCROLL	3380
1165948338691	1	INSTRUCTIONSCROLL	3383
1165948338707	1	INSTRUCTIONSCROLL	3386
1165948338724	1	INSTRUCTIONSCROLL	3390
1165948338741	1	INSTRUCTIONSCROLL	3393
1165948338757	1	INSTRUCTIONSCROLL	3396
1165948338774	1	INSTRUCTIONSCROLL	3400
1165948338791	1	INSTRUCTIONSCROLL	3403
1165948338807	1	INSTRUCTIONSCROLL	3406
1165948338824	1	INSTRUCTIONSCROLL	3410
1165948338841	1	INSTRUCTIONSCROLL	3413
1165948338857	1	INSTRUCTIONSCROLL	3416
1165948338874	1	INSTRUCTIONSCROLL	3420
1165948338891	1	INSTRUCTIONSCROLL	3423
1165948338907	1	INSTRUCTIONSCROLL	3426
1165948338924	1	INSTRUCTIONSCROLL	3430
1165948338941	1	INSTRUCTIONSCROLL	3433
1165948338957	1	INSTRUCTIONSCROLL	3436
1165948338974	1	INSTRUCTIONSCROLL	3440
1165948338989	1	INSTRUCTIONSCROLL	3443
1165948339007	1	INSTRUCTIONSCROLL	3446
1165948339024	1	INSTRUCTIONSCROLL	3450
1165948339040	1	INSTRUCTIONSCROLL	3453
1165948339057	1	INSTRUCTIONSCROLL	3456
1165948339074	1	INSTRUCTIONSCROLL	3460
1165948339091	1	INSTRUCTIONSCROLL	3463
1165948339107	1	INSTRUCTIONSCROLL	3466
1165948339124	1	INSTRUCTIONSCROLL	3470
1165948339140	1	INSTRUCTIONSCROLL	3473
1165948339157	1	INSTRUCTIONSCROLL	3476
1165948339174	1	INSTRUCTIONSCROLL	3480
1165948339190	1	INSTRUCTIONSCROLL	3483
1165948339207	1	INSTRUCTIONSCROLL	3486
1165948339227	1	INSTRUCTIONSCROLL	3490
1165948339240	1	INSTRUCTIONSCROLL	3493
1165948339257	1	INSTRUCTIONSCROLL	3496
1165948339274	1	INSTRUCTIONSCROLL	3499
1165948339290	1	INSTRUCTIONSCROLL	3503
1165948339307	1	INSTRUCTIONSCROLL	3506
1165948339324	1	INSTRUCTIONSCROLL	3510
1165948339340	1	INSTRUCTIONSCROLL	3513
1165948339357	1	INSTRUCTIONSCROLL	3516
1165948339374	1	INSTRUCTIONSCROLL	3520
1165948339390	1	INSTRUCTIONSCROLL	3523
1165948339407	1	INSTRUCTIONSCROLL	3526
1165948339424	1	INSTRUCTIONSCROLL	3529
1165948339440	1	INSTRUCTIONSCROLL	3533
1165948339457	1	INSTRUCTIONSCROLL	3536
1165948339474	1	INSTRUCTIONSCROLL	3540
1165948339490	1	INSTRUCTIONSCROLL	3543
1165948339507	1	INSTRUCTIONSCROLL	3546
1165948339524	1	INSTRUCTIONSCROLL	3550
1165948339540	1	INSTRUCTIONSCROLL	3553
1165948339557	1	INSTRUCTIONSCROLL	3556
1165948339574	1	INSTRUCTIONSCROLL	3559
1165948339590	1	INSTRUCTIONSCROLL	3563
1165948339607	1	INSTRUCTIONSCROLL	3566
1165948339624	1	INSTRUCTIONSCROLL	3570
1165948339640	1	INSTRUCTIONSCROLL	3573
1165948339657	1	INSTRUCTIONSCROLL	3576
1165948339674	1	INSTRUCTIONSCROLL	3580
1165948339690	1	INSTRUCTIONSCROLL	3583
1165948339707	1	INSTRUCTIONSCROLL	3586
1165948339724	1	INSTRUCTIONSCROLL	3589
1165948339740	1	INSTRUCTIONSCROLL	3593
1165948339757	1	INSTRUCTIONSCROLL	3596
1165948339774	1	INSTRUCTIONSCROLL	3600
1165948339790	1	INSTRUCTIONSCROLL	3603
1165948339807	1	INSTRUCTIONSCROLL	3606
1165948339824	1	INSTRUCTIONSCROLL	3610
1165948339840	1	INSTRUCTIONSCROLL	3613
1165948339857	1	INSTRUCTIONSCROLL	3616
1165948339873	1	INSTRUCTIONSCROLL	3619
1165948339890	1	INSTRUCTIONSCROLL	3623
1165948339907	1	INSTRUCTIONSCROLL	3626
1165948339924	1	INSTRUCTIONSCROLL	3630
1165948339940	1	INSTRUCTIONSCROLL	3633
1165948339957	1	INSTRUCTIONSCROLL	3636
1165948339973	1	INSTRUCTIONSCROLL	3640
1165948339989	1	INSTRUCTIONSCROLL	3643
1165948340007	1	INSTRUCTIONSCROLL	3646
1165948340023	1	INSTRUCTIONSCROLL	3649
1165948340040	1	INSTRUCTIONSCROLL	3653
1165948340057	1	INSTRUCTIONSCROLL	3656
1165948340073	1	INSTRUCTIONSCROLL	3660
1165948340090	1	INSTRUCTIONSCROLL	3663
1165948340107	1	INSTRUCTIONSCROLL	3666
1165948340123	1	INSTRUCTIONSCROLL	3670
1165948340140	1	INSTRUCTIONSCROLL	3673
1165948340157	1	INSTRUCTIONSCROLL	3676
1165948340173	1	INSTRUCTIONSCROLL	3679
1165948340190	1	INSTRUCTIONSCROLL	3683
1165948340207	1	INSTRUCTIONSCROLL	3686
1165948340223	1	INSTRUCTIONSCROLL	3690
1165948340240	1	INSTRUCTIONSCROLL	3693
1165948340257	1	INSTRUCTIONSCROLL	3696
1165948340273	1	INSTRUCTIONSCROLL	3700
1165948340290	1	INSTRUCTIONSCROLL	3703
1165948340307	1	INSTRUCTIONSCROLL	3706
1165948340323	1	INSTRUCTIONSCROLL	3709
1165948340340	1	INSTRUCTIONSCROLL	3713
1165948340357	1	INSTRUCTIONSCROLL	3716
1165948340373	1	INSTRUCTIONSCROLL	3720
1165948340390	1	INSTRUCTIONSCROLL	3723
1165948340407	1	INSTRUCTIONSCROLL	3726
1165948340423	1	INSTRUCTIONSCROLL	3730
1165948340440	1	INSTRUCTIONSCROLL	3733
1165948340457	1	INSTRUCTIONSCROLL	3736
1165948340473	1	INSTRUCTIONSCROLL	3739
1165948340490	1	INSTRUCTIONSCROLL	3743
1165948340507	1	INSTRUCTIONSCROLL	3746
1165948340523	1	INSTRUCTIONSCROLL	3749
1165948340540	1	INSTRUCTIONSCROLL	3753
1165948340557	1	INSTRUCTIONSCROLL	3756
1165948340573	1	INSTRUCTIONSCROLL	3759
1165948340590	1	INSTRUCTIONSCROLL	3763
1165948340607	1	INSTRUCTIONSCROLL	3766
1165948340623	1	INSTRUCTIONSCROLL	3769
1165948340640	1	INSTRUCTIONSCROLL	3773
1165948340657	1	INSTRUCTIONSCROLL	3776
1165948340673	1	INSTRUCTIONSCROLL	3779
1165948340690	1	INSTRUCTIONSCROLL	3783
1165948340707	1	INSTRUCTIONSCROLL	3786
1165948340723	1	INSTRUCTIONSCROLL	3789
1165948340740	1	INSTRUCTIONSCROLL	3793
1165948340757	1	INSTRUCTIONSCROLL	3796
1165948340773	1	INSTRUCTIONSCROLL	3799
1165948340790	1	INSTRUCTIONSCROLL	3803
1165948340807	1	INSTRUCTIONSCROLL	3806
1165948340823	1	INSTRUCTIONSCROLL	3809
1165948340840	1	INSTRUCTIONSCROLL	3813
1165948340857	1	INSTRUCTIONSCROLL	3816
1165948340873	1	INSTRUCTIONSCROLL	3819
1165948340890	1	INSTRUCTIONSCROLL	3823
1165948340907	1	INSTRUCTIONSCROLL	3826
1165948340923	1	INSTRUCTIONSCROLL	3829
1165948340940	1	INSTRUCTIONSCROLL	3833
1165948340957	1	INSTRUCTIONSCROLL	3836
1165948340973	1	INSTRUCTIONSCROLL	3839
1165948340989	1	INSTRUCTIONSCROLL	3843
1165948341006	1	INSTRUCTIONSCROLL	3846
1165948341023	1	INSTRUCTIONSCROLL	3849
1165948341040	1	INSTRUCTIONSCROLL	3853
1165948341056	1	INSTRUCTIONSCROLL	3856
1165948341073	1	INSTRUCTIONSCROLL	3859
1165948341090	1	INSTRUCTIONSCROLL	3863
1165948341106	1	INSTRUCTIONSCROLL	3866
1165948341123	1	INSTRUCTIONSCROLL	3869
1165948341140	1	INSTRUCTIONSCROLL	3873
1165948341157	1	INSTRUCTIONSCROLL	3876
1165948341173	1	INSTRUCTIONSCROLL	3879
1165948341190	1	INSTRUCTIONSCROLL	3883
1165948341206	1	INSTRUCTIONSCROLL	3886
1165948341223	1	INSTRUCTIONSCROLL	3889
1165948341240	1	INSTRUCTIONSCROLL	3893
1165948341256	1	INSTRUCTIONSCROLL	3896
1165948341273	1	INSTRUCTIONSCROLL	3899
1165948341290	1	INSTRUCTIONSCROLL	3903
1165948341306	1	INSTRUCTIONSCROLL	3906
1165948341323	1	INSTRUCTIONSCROLL	3909
1165948341340	1	INSTRUCTIONSCROLL	3913
1165948341356	1	INSTRUCTIONSCROLL	3916
1165948341373	1	INSTRUCTIONSCROLL	3919
1165948341390	1	INSTRUCTIONSCROLL	3923
1165948341406	1	INSTRUCTIONSCROLL	3926
1165948341423	1	INSTRUCTIONSCROLL	3929
1165948341440	1	INSTRUCTIONSCROLL	3933
1165948341456	1	INSTRUCTIONSCROLL	3936
1165948341473	1	INSTRUCTIONSCROLL	3939
1165948341490	1	INSTRUCTIONSCROLL	3943
1165948341506	1	INSTRUCTIONSCROLL	3946
1165948341523	1	INSTRUCTIONSCROLL	3949
1165948341540	1	INSTRUCTIONSCROLL	3953
1165948341556	1	INSTRUCTIONSCROLL	3956
1165948341573	1	INSTRUCTIONSCROLL	3959
1165948341590	1	INSTRUCTIONSCROLL	3963
1165948341606	1	INSTRUCTIONSCROLL	3966
1165948341623	1	INSTRUCTIONSCROLL	3969
1165948341640	1	INSTRUCTIONSCROLL	3973
1165948341656	1	INSTRUCTIONSCROLL	3976
1165948341673	1	INSTRUCTIONSCROLL	3979
1165948341690	1	INSTRUCTIONSCROLL	3983
1165948341706	1	INSTRUCTIONSCROLL	3986
1165948341723	1	INSTRUCTIONSCROLL	3989
1165948341740	1	INSTRUCTIONSCROLL	3993
1165948341756	1	INSTRUCTIONSCROLL	3996
1165948341773	1	INSTRUCTIONSCROLL	3999
1165948341790	1	INSTRUCTIONSCROLL	4003
1165948341806	1	INSTRUCTIONSCROLL	4006
1165948341823	1	INSTRUCTIONSCROLL	4009
1165948341840	1	INSTRUCTIONSCROLL	4013
1165948345538	1	INSTRUCTIONSCROLL	4014
1165948345555	1	INSTRUCTIONSCROLL	4016
1165948345572	1	INSTRUCTIONSCROLL	4020
1165948345588	1	INSTRUCTIONSCROLL	4023
1165948345605	1	INSTRUCTIONSCROLL	4026
1165948345622	1	INSTRUCTIONSCROLL	4030
1165948345638	1	INSTRUCTIONSCROLL	4033
1165948345655	1	INSTRUCTIONSCROLL	4036
1165948345672	1	INSTRUCTIONSCROLL	4040
1165948345688	1	INSTRUCTIONSCROLL	4043
1165948345705	1	INSTRUCTIONSCROLL	4046
1165948345722	1	INSTRUCTIONSCROLL	4050
1165948345738	1	INSTRUCTIONSCROLL	4053
1165948345755	1	INSTRUCTIONSCROLL	4056
1165948345772	1	INSTRUCTIONSCROLL	4060
1165948345788	1	INSTRUCTIONSCROLL	4063
1165948345805	1	INSTRUCTIONSCROLL	4066
1165948345822	1	INSTRUCTIONSCROLL	4070
1165948345838	1	INSTRUCTIONSCROLL	4073
1165948345855	1	INSTRUCTIONSCROLL	4076
1165948345872	1	INSTRUCTIONSCROLL	4080
1165948345888	1	INSTRUCTIONSCROLL	4083
1165948345905	1	INSTRUCTIONSCROLL	4086
1165948345922	1	INSTRUCTIONSCROLL	4090
1165948345938	1	INSTRUCTIONSCROLL	4093
1165948345955	1	INSTRUCTIONSCROLL	4096
1165948345971	1	INSTRUCTIONSCROLL	4100
1165948345987	1	INSTRUCTIONSCROLL	4103
1165948346005	1	INSTRUCTIONSCROLL	4106
1165948346022	1	INSTRUCTIONSCROLL	4110
1165948346038	1	INSTRUCTIONSCROLL	4113
1165948346055	1	INSTRUCTIONSCROLL	4116
1165948346071	1	INSTRUCTIONSCROLL	4120
1165948346088	1	INSTRUCTIONSCROLL	4123
1165948346105	1	INSTRUCTIONSCROLL	4126
1165948346121	1	INSTRUCTIONSCROLL	4130
1165948346138	1	INSTRUCTIONSCROLL	4133
1165948346155	1	INSTRUCTIONSCROLL	4136
1165948346172	1	INSTRUCTIONSCROLL	4140
1165948346188	1	INSTRUCTIONSCROLL	4143
1165948346205	1	INSTRUCTIONSCROLL	4146
1165948346222	1	INSTRUCTIONSCROLL	4150
1165948346238	1	INSTRUCTIONSCROLL	4153
1165948346255	1	INSTRUCTIONSCROLL	4156
1165948346272	1	INSTRUCTIONSCROLL	4160
1165948350387	1	INSTRUCTIONSCROLL	4161
1165948350403	1	INSTRUCTIONSCROLL	4163
1165948350420	1	INSTRUCTIONSCROLL	4167
1165948350437	1	INSTRUCTIONSCROLL	4170
1165948350453	1	INSTRUCTIONSCROLL	4173
1165948350470	1	INSTRUCTIONSCROLL	4177
1165948350487	1	INSTRUCTIONSCROLL	4180
1165948350503	1	INSTRUCTIONSCROLL	4183
1165948350520	1	INSTRUCTIONSCROLL	4187
1165948350537	1	INSTRUCTIONSCROLL	4190
1165948350553	1	INSTRUCTIONSCROLL	4193
1165948350570	1	INSTRUCTIONSCROLL	4197
1165948350587	1	INSTRUCTIONSCROLL	4200
1165948350603	1	INSTRUCTIONSCROLL	4203
1165948350620	1	INSTRUCTIONSCROLL	4207
1165948350637	1	INSTRUCTIONSCROLL	4210
1165948350653	1	INSTRUCTIONSCROLL	4213
1165948350670	1	INSTRUCTIONSCROLL	4217
1165948350687	1	INSTRUCTIONSCROLL	4220
1165948350703	1	INSTRUCTIONSCROLL	4223
1165948350720	1	INSTRUCTIONSCROLL	4227
1165948350737	1	INSTRUCTIONSCROLL	4230
1165948350753	1	INSTRUCTIONSCROLL	4233
1165948350770	1	INSTRUCTIONSCROLL	4236
1165948350787	1	INSTRUCTIONSCROLL	4240
1165948350803	1	INSTRUCTIONSCROLL	4243
1165948350820	1	INSTRUCTIONSCROLL	4246
1165948350837	1	INSTRUCTIONSCROLL	4250
1165948350853	1	INSTRUCTIONSCROLL	4253
1165948350870	1	INSTRUCTIONSCROLL	4256
1165948350887	1	INSTRUCTIONSCROLL	4260
1165948350903	1	INSTRUCTIONSCROLL	4263
1165948350920	1	INSTRUCTIONSCROLL	4266
1165948350937	1	INSTRUCTIONSCROLL	4270
1165948350953	1	INSTRUCTIONSCROLL	4273
1165948350970	1	INSTRUCTIONSCROLL	4276
1165948350986	1	INSTRUCTIONSCROLL	4280
1165948351003	1	INSTRUCTIONSCROLL	4283
1165948351020	1	INSTRUCTIONSCROLL	4286
1165948351037	1	INSTRUCTIONSCROLL	4290
1165948351053	1	INSTRUCTIONSCROLL	4293
1165948351070	1	INSTRUCTIONSCROLL	4296
1165948351087	1	INSTRUCTIONSCROLL	4300
1165948351103	1	INSTRUCTIONSCROLL	4303
1165948351120	1	INSTRUCTIONSCROLL	4306
1165948351137	1	INSTRUCTIONSCROLL	4310
1165948351153	1	INSTRUCTIONSCROLL	4313
1165948351170	1	INSTRUCTIONSCROLL	4316
1165948351187	1	INSTRUCTIONSCROLL	4320
1165948351203	1	INSTRUCTIONSCROLL	4323
1165948351220	1	INSTRUCTIONSCROLL	4326
1165948351237	1	INSTRUCTIONSCROLL	4330
1165948351253	1	INSTRUCTIONSCROLL	4333
1165948351270	1	INSTRUCTIONSCROLL	4336
1165948351287	1	INSTRUCTIONSCROLL	4340
1165948351303	1	INSTRUCTIONSCROLL	4343
1165948351320	1	INSTRUCTIONSCROLL	4346
1165948351337	1	INSTRUCTIONSCROLL	4350
1165948351353	1	INSTRUCTIONSCROLL	4353
1165948351370	1	INSTRUCTIONSCROLL	4356
1165948351387	1	INSTRUCTIONSCROLL	4360
1165948351403	1	INSTRUCTIONSCROLL	4363
1165948351420	1	INSTRUCTIONSCROLL	4366
1165948351437	1	INSTRUCTIONSCROLL	4370
1165948351453	1	INSTRUCTIONSCROLL	4373
1165948351470	1	INSTRUCTIONSCROLL	4376
1165948351486	1	INSTRUCTIONSCROLL	4380
1165948351503	1	INSTRUCTIONSCROLL	4383
1165948351520	1	INSTRUCTIONSCROLL	4386
1165948351536	1	INSTRUCTIONSCROLL	4390
1165948351553	1	INSTRUCTIONSCROLL	4393
1165948351570	1	INSTRUCTIONSCROLL	4396
1165948351586	1	INSTRUCTIONSCROLL	4400
1165948351603	1	INSTRUCTIONSCROLL	4403
1165948351620	1	INSTRUCTIONSCROLL	4406
1165948351636	1	INSTRUCTIONSCROLL	4410
1165948351653	1	INSTRUCTIONSCROLL	4413
1165948351670	1	INSTRUCTIONSCROLL	4416
1165948351686	1	INSTRUCTIONSCROLL	4420
1165948351703	1	INSTRUCTIONSCROLL	4423
1165948351720	1	INSTRUCTIONSCROLL	4426
1165948351736	1	INSTRUCTIONSCROLL	4430
1165948351753	1	INSTRUCTIONSCROLL	4433
1165948351770	1	INSTRUCTIONSCROLL	4436
1165948351786	1	INSTRUCTIONSCROLL	4440
1165948351803	1	INSTRUCTIONSCROLL	4443
1165948351820	1	INSTRUCTIONSCROLL	4446
1165948351836	1	INSTRUCTIONSCROLL	4450
1165948351853	1	INSTRUCTIONSCROLL	4453
1165948351870	1	INSTRUCTIONSCROLL	4456
1165948351886	1	INSTRUCTIONSCROLL	4460
1165948351903	1	INSTRUCTIONSCROLL	4463
1165948351920	1	INSTRUCTIONSCROLL	4466
1165948351936	1	INSTRUCTIONSCROLL	4470
1165948351953	1	INSTRUCTIONSCROLL	4473
1165948351970	1	INSTRUCTIONSCROLL	4476
1165948351985	1	INSTRUCTIONSCROLL	4480
1165948352003	1	INSTRUCTIONSCROLL	4483
1165948352020	1	INSTRUCTIONSCROLL	4486
1165948352036	1	INSTRUCTIONSCROLL	4490
1165948352053	1	INSTRUCTIONSCROLL	4493
1165948352070	1	INSTRUCTIONSCROLL	4496
1165948352086	1	INSTRUCTIONSCROLL	4500
1165948352103	1	INSTRUCTIONSCROLL	4503
1165948352120	1	INSTRUCTIONSCROLL	4506
1165948352136	1	INSTRUCTIONSCROLL	4510
1165948352153	1	INSTRUCTIONSCROLL	4513
1165948352170	1	INSTRUCTIONSCROLL	4516
1165948352186	1	INSTRUCTIONSCROLL	4520
1165948352203	1	INSTRUCTIONSCROLL	4523
1165948352220	1	INSTRUCTIONSCROLL	4526
1165948352236	1	INSTRUCTIONSCROLL	4530
1165948357718	1	INSTRUCTIONSCROLL	4531
1165948357734	1	INSTRUCTIONSCROLL	4532
1165948357751	1	INSTRUCTIONSCROLL	4536
1165948357768	1	INSTRUCTIONSCROLL	4539
1165948357784	1	INSTRUCTIONSCROLL	4542
1165948357801	1	INSTRUCTIONSCROLL	4546
1165948357818	1	INSTRUCTIONSCROLL	4549
1165948357834	1	INSTRUCTIONSCROLL	4552
1165948357851	1	INSTRUCTIONSCROLL	4556
1165948357868	1	INSTRUCTIONSCROLL	4559
1165948357884	1	INSTRUCTIONSCROLL	4562
1165948357901	1	INSTRUCTIONSCROLL	4566
1165948357918	1	INSTRUCTIONSCROLL	4569
1165948357934	1	INSTRUCTIONSCROLL	4572
1165948357951	1	INSTRUCTIONSCROLL	4576
1165948357968	1	INSTRUCTIONSCROLL	4579
1165948357983	1	INSTRUCTIONSCROLL	4582
1165948358001	1	INSTRUCTIONSCROLL	4585
1165948358018	1	INSTRUCTIONSCROLL	4589
1165948358034	1	INSTRUCTIONSCROLL	4592
1165948358051	1	INSTRUCTIONSCROLL	4596
1165948358068	1	INSTRUCTIONSCROLL	4599
1165948358084	1	INSTRUCTIONSCROLL	4602
1165948358101	1	INSTRUCTIONSCROLL	4606
1165948358118	1	INSTRUCTIONSCROLL	4609
1165948358134	1	INSTRUCTIONSCROLL	4612
1165948358151	1	INSTRUCTIONSCROLL	4616
1165948358168	1	INSTRUCTIONSCROLL	4619
1165948358184	1	INSTRUCTIONSCROLL	4622
1165948358201	1	INSTRUCTIONSCROLL	4626
1165948358218	1	INSTRUCTIONSCROLL	4629
1165948358234	1	INSTRUCTIONSCROLL	4632
1165948358251	1	INSTRUCTIONSCROLL	4636
1165948358268	1	INSTRUCTIONSCROLL	4639
1165948358284	1	INSTRUCTIONSCROLL	4642
1165948358301	1	INSTRUCTIONSCROLL	4646
1165948358318	1	INSTRUCTIONSCROLL	4649
1165948358334	1	INSTRUCTIONSCROLL	4652
1165948358351	1	INSTRUCTIONSCROLL	4656
1165948358368	1	INSTRUCTIONSCROLL	4659
1165948358385	1	INSTRUCTIONSCROLL	4662
1165948358401	1	INSTRUCTIONSCROLL	4666
1165948358418	1	INSTRUCTIONSCROLL	4669
1165948358434	1	INSTRUCTIONSCROLL	4672
1165948358451	1	INSTRUCTIONSCROLL	4676
1165948358467	1	INSTRUCTIONSCROLL	4679
1165948358484	1	INSTRUCTIONSCROLL	4682
1165948358501	1	INSTRUCTIONSCROLL	4686
1165948358517	1	INSTRUCTIONSCROLL	4689
1165948358534	1	INSTRUCTIONSCROLL	4692
1165948358551	1	INSTRUCTIONSCROLL	4696
1165948358567	1	INSTRUCTIONSCROLL	4699
1165948358584	1	INSTRUCTIONSCROLL	4702
1165948358601	1	INSTRUCTIONSCROLL	4706
1165948358617	1	INSTRUCTIONSCROLL	4709
1165948358634	1	INSTRUCTIONSCROLL	4712
1165948358651	1	INSTRUCTIONSCROLL	4716
1165948358667	1	INSTRUCTIONSCROLL	4719
1165948358684	1	INSTRUCTIONSCROLL	4722
1165948358701	1	INSTRUCTIONSCROLL	4726
1165948358718	1	INSTRUCTIONSCROLL	4729
1165948358734	1	INSTRUCTIONSCROLL	4732
1165948358751	1	INSTRUCTIONSCROLL	4736
1165948358767	1	INSTRUCTIONSCROLL	4739
1165948358784	1	INSTRUCTIONSCROLL	4742
1165948358801	1	INSTRUCTIONSCROLL	4746
1165948358817	1	INSTRUCTIONSCROLL	4749
1165948358834	1	INSTRUCTIONSCROLL	4752
1165948358851	1	INSTRUCTIONSCROLL	4756
1165948358867	1	INSTRUCTIONSCROLL	4759
1165948358884	1	INSTRUCTIONSCROLL	4762
1165948358901	1	INSTRUCTIONSCROLL	4765
1165948358917	1	INSTRUCTIONSCROLL	4769
1165948358934	1	INSTRUCTIONSCROLL	4772
1165948358951	1	INSTRUCTIONSCROLL	4776
1165948358967	1	INSTRUCTIONSCROLL	4779
1165948358983	1	INSTRUCTIONSCROLL	4782
1165948359001	1	INSTRUCTIONSCROLL	4785
1165948359017	1	INSTRUCTIONSCROLL	4789
1165948359034	1	INSTRUCTIONSCROLL	4792
1165948359051	1	INSTRUCTIONSCROLL	4795
1165948359067	1	INSTRUCTIONSCROLL	4799
1165948359084	1	INSTRUCTIONSCROLL	4802
1165948359101	1	INSTRUCTIONSCROLL	4806
1165948359117	1	INSTRUCTIONSCROLL	4809
1165948359134	1	INSTRUCTIONSCROLL	4812
1165948359151	1	INSTRUCTIONSCROLL	4816
1165948359167	1	INSTRUCTIONSCROLL	4819
1165948359184	1	INSTRUCTIONSCROLL	4822
1165948359201	1	INSTRUCTIONSCROLL	4825
1165948359217	1	INSTRUCTIONSCROLL	4829
1165948359234	1	INSTRUCTIONSCROLL	4832
1165948359251	1	INSTRUCTIONSCROLL	4836
1165948359267	1	INSTRUCTIONSCROLL	4839
1165948359284	1	INSTRUCTIONSCROLL	4842
1165948359301	1	INSTRUCTIONSCROLL	4846
1165948359317	1	INSTRUCTIONSCROLL	4849
1165948359334	1	INSTRUCTIONSCROLL	4852
1165948359351	1	INSTRUCTIONSCROLL	4855
1165948359367	1	INSTRUCTIONSCROLL	4859
1165948359384	1	INSTRUCTIONSCROLL	4862
1165948359401	1	INSTRUCTIONSCROLL	4866
1165948359417	1	INSTRUCTIONSCROLL	4869
1165948359434	1	INSTRUCTIONSCROLL	4872
1165948359451	1	INSTRUCTIONSCROLL	4876
1165948359467	1	INSTRUCTIONSCROLL	4879
1165948359484	1	INSTRUCTIONSCROLL	4882
1165948359501	1	INSTRUCTIONSCROLL	4885
1165948359517	1	INSTRUCTIONSCROLL	4889
1165948359534	1	INSTRUCTIONSCROLL	4892
1165948359551	1	INSTRUCTIONSCROLL	4896
1165948359567	1	INSTRUCTIONSCROLL	4899
1165948359584	1	INSTRUCTIONSCROLL	4902
1165948359600	1	INSTRUCTIONSCROLL	4906
1165948359617	1	INSTRUCTIONSCROLL	4909
1165948359634	1	INSTRUCTIONSCROLL	4912
1165948359650	1	INSTRUCTIONSCROLL	4915
1165948359667	1	INSTRUCTIONSCROLL	4919
1165948359684	1	INSTRUCTIONSCROLL	4922
1165948359700	1	INSTRUCTIONSCROLL	4926
1165948359717	1	INSTRUCTIONSCROLL	4929
1165948359734	1	INSTRUCTIONSCROLL	4932
1165948359750	1	INSTRUCTIONSCROLL	4936
1165948359767	1	INSTRUCTIONSCROLL	4939
1165948359784	1	INSTRUCTIONSCROLL	4942
1165948359800	1	INSTRUCTIONSCROLL	4945
1165948359817	1	INSTRUCTIONSCROLL	4949
1165948359834	1	INSTRUCTIONSCROLL	4952
1165948359850	1	INSTRUCTIONSCROLL	4956
1165948359867	1	INSTRUCTIONSCROLL	4959
1165948359884	1	INSTRUCTIONSCROLL	4962
1165948359900	1	INSTRUCTIONSCROLL	4965
1165948359917	1	INSTRUCTIONSCROLL	4969
1165948359934	1	INSTRUCTIONSCROLL	4972
1165948359950	1	INSTRUCTIONSCROLL	4975
1165948359967	1	INSTRUCTIONSCROLL	4979
1165948359983	1	INSTRUCTIONSCROLL	4982
1165948360000	1	INSTRUCTIONSCROLL	4985
1165948360017	1	INSTRUCTIONSCROLL	4989
1165948360034	1	INSTRUCTIONSCROLL	4992
1165948360050	1	INSTRUCTIONSCROLL	4996
1165948360067	1	INSTRUCTIONSCROLL	4999
1165948360084	1	INSTRUCTIONSCROLL	5002
1165948360100	1	INSTRUCTIONSCROLL	5005
1165948360117	1	INSTRUCTIONSCROLL	5009
1165948360134	1	INSTRUCTIONSCROLL	5012
1165948360150	1	INSTRUCTIONSCROLL	5015
1165948360167	1	INSTRUCTIONSCROLL	5019
1165948360184	1	INSTRUCTIONSCROLL	5022
1165948360200	1	INSTRUCTIONSCROLL	5025
1165948360217	1	INSTRUCTIONSCROLL	5029
1165948360234	1	INSTRUCTIONSCROLL	5032
1165948360250	1	INSTRUCTIONSCROLL	5035
1165948360267	1	INSTRUCTIONSCROLL	5039
1165948360284	1	INSTRUCTIONSCROLL	5042
1165948360300	1	INSTRUCTIONSCROLL	5045
1165948360317	1	INSTRUCTIONSCROLL	5049
1165948360334	1	INSTRUCTIONSCROLL	5052
1165948360350	1	INSTRUCTIONSCROLL	5055
1165948360367	1	INSTRUCTIONSCROLL	5059
1165948360384	1	INSTRUCTIONSCROLL	5062
1165948360400	1	INSTRUCTIONSCROLL	5065
1165948360417	1	INSTRUCTIONSCROLL	5069
1165948360434	1	INSTRUCTIONSCROLL	5072
1165948360450	1	INSTRUCTIONSCROLL	5075
1165948360467	1	INSTRUCTIONSCROLL	5079
1165948360484	1	INSTRUCTIONSCROLL	5082
1165948360500	1	INSTRUCTIONSCROLL	5085
1165948360517	1	INSTRUCTIONSCROLL	5089
1165948360534	1	INSTRUCTIONSCROLL	5092
1165948360550	1	INSTRUCTIONSCROLL	5095
1165948360567	1	INSTRUCTIONSCROLL	5099
1165948360584	1	INSTRUCTIONSCROLL	5102
1165948360600	1	INSTRUCTIONSCROLL	5105
1165948360617	1	INSTRUCTIONSCROLL	5107
1165948369014	1	INSTRUCTIONSCROLL	5106
1165948369031	1	INSTRUCTIONSCROLL	5104
1165948369047	1	INSTRUCTIONSCROLL	5101
1165948369064	1	INSTRUCTIONSCROLL	5097
1165948369081	1	INSTRUCTIONSCROLL	5094
1165948369097	1	INSTRUCTIONSCROLL	5091
1165948369114	1	INSTRUCTIONSCROLL	5087
1165948369131	1	INSTRUCTIONSCROLL	5084
1165948369147	1	INSTRUCTIONSCROLL	5081
1165948369164	1	INSTRUCTIONSCROLL	5077
1165948369181	1	INSTRUCTIONSCROLL	5074
1165948369197	1	INSTRUCTIONSCROLL	5071
1165948369214	1	INSTRUCTIONSCROLL	5067
1165948369231	1	INSTRUCTIONSCROLL	5064
1165948369247	1	INSTRUCTIONSCROLL	5061
1165948369264	1	INSTRUCTIONSCROLL	5057
1165948369281	1	INSTRUCTIONSCROLL	5054
1165948369297	1	INSTRUCTIONSCROLL	5051
1165948369314	1	INSTRUCTIONSCROLL	5047
1165948369331	1	INSTRUCTIONSCROLL	5044
1165948369347	1	INSTRUCTIONSCROLL	5041
1165948369364	1	INSTRUCTIONSCROLL	5037
1165948369381	1	INSTRUCTIONSCROLL	5034
1165948369397	1	INSTRUCTIONSCROLL	5031
1165948369414	1	INSTRUCTIONSCROLL	5027
1165948369431	1	INSTRUCTIONSCROLL	5024
1165948369447	1	INSTRUCTIONSCROLL	5021
1165948369464	1	INSTRUCTIONSCROLL	5017
1165948369481	1	INSTRUCTIONSCROLL	5014
1165948369497	1	INSTRUCTIONSCROLL	5011
1165948369514	1	INSTRUCTIONSCROLL	5007
1165948369531	1	INSTRUCTIONSCROLL	5004
1165948369547	1	INSTRUCTIONSCROLL	5001
1165948369564	1	INSTRUCTIONSCROLL	4997
1165948369581	1	INSTRUCTIONSCROLL	4994
1165948369597	1	INSTRUCTIONSCROLL	4991
1165948369614	1	INSTRUCTIONSCROLL	4987
1165948369631	1	INSTRUCTIONSCROLL	4984
1165948369647	1	INSTRUCTIONSCROLL	4981
1165948369664	1	INSTRUCTIONSCROLL	4977
1165948369681	1	INSTRUCTIONSCROLL	4974
1165948369697	1	INSTRUCTIONSCROLL	4971
1165948369714	1	INSTRUCTIONSCROLL	4967
1165948369731	1	INSTRUCTIONSCROLL	4964
1165948369747	1	INSTRUCTIONSCROLL	4961
1165948369764	1	INSTRUCTIONSCROLL	4957
1165948369781	1	INSTRUCTIONSCROLL	4954
1165948369797	1	INSTRUCTIONSCROLL	4951
1165948369814	1	INSTRUCTIONSCROLL	4947
1165948369831	1	INSTRUCTIONSCROLL	4944
1165948369847	1	INSTRUCTIONSCROLL	4941
1165948369864	1	INSTRUCTIONSCROLL	4937
1165948369880	1	INSTRUCTIONSCROLL	4934
1165948369897	1	INSTRUCTIONSCROLL	4931
1165948369914	1	INSTRUCTIONSCROLL	4927
1165948369930	1	INSTRUCTIONSCROLL	4924
1165948369947	1	INSTRUCTIONSCROLL	4921
1165948369964	1	INSTRUCTIONSCROLL	4917
1165948369980	1	INSTRUCTIONSCROLL	4914
1165948369996	1	INSTRUCTIONSCROLL	4911
1165948370014	1	INSTRUCTIONSCROLL	4907
1165948370030	1	INSTRUCTIONSCROLL	4904
1165948370047	1	INSTRUCTIONSCROLL	4901
1165948370064	1	INSTRUCTIONSCROLL	4897
1165948370080	1	INSTRUCTIONSCROLL	4894
1165948370097	1	INSTRUCTIONSCROLL	4891
1165948370114	1	INSTRUCTIONSCROLL	4887
1165948370130	1	INSTRUCTIONSCROLL	4884
1165948370147	1	INSTRUCTIONSCROLL	4881
1165948370164	1	INSTRUCTIONSCROLL	4877
1165948370180	1	INSTRUCTIONSCROLL	4874
1165948370197	1	INSTRUCTIONSCROLL	4871
1165948370214	1	INSTRUCTIONSCROLL	4867
1165948370230	1	INSTRUCTIONSCROLL	4864
1165948370247	1	INSTRUCTIONSCROLL	4861
1165948370264	1	INSTRUCTIONSCROLL	4857
1165948370280	1	INSTRUCTIONSCROLL	4854
1165948370297	1	INSTRUCTIONSCROLL	4851
1165948370314	1	INSTRUCTIONSCROLL	4847
1165948370330	1	INSTRUCTIONSCROLL	4844
1165948370347	1	INSTRUCTIONSCROLL	4841
1165948370364	1	INSTRUCTIONSCROLL	4837
1165948370380	1	INSTRUCTIONSCROLL	4834
1165948370397	1	INSTRUCTIONSCROLL	4831
1165948370414	1	INSTRUCTIONSCROLL	4827
1165948370430	1	INSTRUCTIONSCROLL	4824
1165948370447	1	INSTRUCTIONSCROLL	4821
1165948370464	1	INSTRUCTIONSCROLL	4817
1165948370480	1	INSTRUCTIONSCROLL	4814
1165948370497	1	INSTRUCTIONSCROLL	4811
1165948370514	1	INSTRUCTIONSCROLL	4807
1165948370530	1	INSTRUCTIONSCROLL	4804
1165948370547	1	INSTRUCTIONSCROLL	4801
1165948370564	1	INSTRUCTIONSCROLL	4797
1165948370580	1	INSTRUCTIONSCROLL	4794
1165948370597	1	INSTRUCTIONSCROLL	4791
1165948370614	1	INSTRUCTIONSCROLL	4787
1165948370630	1	INSTRUCTIONSCROLL	4784
1165948370647	1	INSTRUCTIONSCROLL	4781
1165948370664	1	INSTRUCTIONSCROLL	4777
1165948370680	1	INSTRUCTIONSCROLL	4774
1165948370697	1	INSTRUCTIONSCROLL	4771
1165948370714	1	INSTRUCTIONSCROLL	4767
1165948370730	1	INSTRUCTIONSCROLL	4764
1165948370747	1	INSTRUCTIONSCROLL	4761
1165948370764	1	INSTRUCTIONSCROLL	4757
1165948370780	1	INSTRUCTIONSCROLL	4754
1165948370797	1	INSTRUCTIONSCROLL	4751
1165948370814	1	INSTRUCTIONSCROLL	4747
1165948370830	1	INSTRUCTIONSCROLL	4744
1165948370847	1	INSTRUCTIONSCROLL	4741
1165948370864	1	INSTRUCTIONSCROLL	4737
1165948370880	1	INSTRUCTIONSCROLL	4734
1165948370897	1	INSTRUCTIONSCROLL	4731
1165948370913	1	INSTRUCTIONSCROLL	4727
1165948370930	1	INSTRUCTIONSCROLL	4724
1165948370947	1	INSTRUCTIONSCROLL	4721
1165948370963	1	INSTRUCTIONSCROLL	4717
1165948370980	1	INSTRUCTIONSCROLL	4714
1165948370996	1	INSTRUCTIONSCROLL	4711
1165948371013	1	INSTRUCTIONSCROLL	4707
1165948371030	1	INSTRUCTIONSCROLL	4704
1165948371047	1	INSTRUCTIONSCROLL	4701
1165948371063	1	INSTRUCTIONSCROLL	4697
1165948371080	1	INSTRUCTIONSCROLL	4694
1165948371097	1	INSTRUCTIONSCROLL	4691
1165948371113	1	INSTRUCTIONSCROLL	4687
1165948371130	1	INSTRUCTIONSCROLL	4684
1165948371147	1	INSTRUCTIONSCROLL	4681
1165948371163	1	INSTRUCTIONSCROLL	4677
1165948371180	1	INSTRUCTIONSCROLL	4674
1165948371197	1	INSTRUCTIONSCROLL	4671
1165948371213	1	INSTRUCTIONSCROLL	4667
1165948371230	1	INSTRUCTIONSCROLL	4664
1165948371247	1	INSTRUCTIONSCROLL	4661
1165948371263	1	INSTRUCTIONSCROLL	4657
1165948371280	1	INSTRUCTIONSCROLL	4654
1165948371297	1	INSTRUCTIONSCROLL	4651
1165948371313	1	INSTRUCTIONSCROLL	4647
1165948371330	1	INSTRUCTIONSCROLL	4644
1165948371347	1	INSTRUCTIONSCROLL	4641
1165948371363	1	INSTRUCTIONSCROLL	4637
1165948371380	1	INSTRUCTIONSCROLL	4634
1165948371397	1	INSTRUCTIONSCROLL	4631
1165948371413	1	INSTRUCTIONSCROLL	4627
1165948371430	1	INSTRUCTIONSCROLL	4624
1165948371447	1	INSTRUCTIONSCROLL	4621
1165948371463	1	INSTRUCTIONSCROLL	4617
1165948371480	1	INSTRUCTIONSCROLL	4614
1165948371497	1	INSTRUCTIONSCROLL	4611
1165948371513	1	INSTRUCTIONSCROLL	4607
1165948371530	1	INSTRUCTIONSCROLL	4604
1165948371547	1	INSTRUCTIONSCROLL	4601
1165948371563	1	INSTRUCTIONSCROLL	4597
1165948371580	1	INSTRUCTIONSCROLL	4594
1165948371597	1	INSTRUCTIONSCROLL	4591
1165948371613	1	INSTRUCTIONSCROLL	4587
1165948371630	1	INSTRUCTIONSCROLL	4584
1165948371647	1	INSTRUCTIONSCROLL	4581
1165948371663	1	INSTRUCTIONSCROLL	4577
1165948371680	1	INSTRUCTIONSCROLL	4574
1165948371697	1	INSTRUCTIONSCROLL	4571
1165948371713	1	INSTRUCTIONSCROLL	4567
1165948371730	1	INSTRUCTIONSCROLL	4564
1165948371747	1	INSTRUCTIONSCROLL	4561
1165948371763	1	INSTRUCTIONSCROLL	4557
1165948371780	1	INSTRUCTIONSCROLL	4554
1165948371797	1	INSTRUCTIONSCROLL	4551
1165948371813	1	INSTRUCTIONSCROLL	4547
1165948371830	1	INSTRUCTIONSCROLL	4544
1165948371847	1	INSTRUCTIONSCROLL	4541
1165948371863	1	INSTRUCTIONSCROLL	4537
1165948371880	1	INSTRUCTIONSCROLL	4534
1165948371897	1	INSTRUCTIONSCROLL	4531
1165948371913	1	INSTRUCTIONSCROLL	4527
1165948371930	1	INSTRUCTIONSCROLL	4524
1165948371947	1	INSTRUCTIONSCROLL	4521
1165948372180	1	INSTRUCTIONSCROLL	4522
1165948372196	1	INSTRUCTIONSCROLL	4525
1165948372213	1	INSTRUCTIONSCROLL	4528
1165948372230	1	INSTRUCTIONSCROLL	4531
1165948372246	1	INSTRUCTIONSCROLL	4535
1165948372263	1	INSTRUCTIONSCROLL	4538
1165948372280	1	INSTRUCTIONSCROLL	4541
1165948372296	1	INSTRUCTIONSCROLL	4545
1165948372313	1	INSTRUCTIONSCROLL	4548
1165948372330	1	INSTRUCTIONSCROLL	4551
1165948372346	1	INSTRUCTIONSCROLL	4555
1165948372363	1	INSTRUCTIONSCROLL	4558
1165948372381	1	INSTRUCTIONSCROLL	4561
1165948372396	1	INSTRUCTIONSCROLL	4565
1165948372413	1	INSTRUCTIONSCROLL	4568
1165948372430	1	INSTRUCTIONSCROLL	4571
1165948372446	1	INSTRUCTIONSCROLL	4575
1165948372463	1	INSTRUCTIONSCROLL	4578
1165948372480	1	INSTRUCTIONSCROLL	4581
1165948372496	1	INSTRUCTIONSCROLL	4585
1165948372513	1	INSTRUCTIONSCROLL	4588
1165948372530	1	INSTRUCTIONSCROLL	4591
1165948372546	1	INSTRUCTIONSCROLL	4595
1165948372563	1	INSTRUCTIONSCROLL	4598
1165948372580	1	INSTRUCTIONSCROLL	4601
1165948372596	1	INSTRUCTIONSCROLL	4605
1165948372613	1	INSTRUCTIONSCROLL	4608
1165948372630	1	INSTRUCTIONSCROLL	4611
1165948372646	1	INSTRUCTIONSCROLL	4615
1165948372663	1	INSTRUCTIONSCROLL	4618
1165948372680	1	INSTRUCTIONSCROLL	4621
1165948372696	1	INSTRUCTIONSCROLL	4625
1165948372713	1	INSTRUCTIONSCROLL	4628
1165948372730	1	INSTRUCTIONSCROLL	4631
1165948372746	1	INSTRUCTIONSCROLL	4635
1165948372763	1	INSTRUCTIONSCROLL	4638
1165948372780	1	INSTRUCTIONSCROLL	4641
1165948372796	1	INSTRUCTIONSCROLL	4645
1165948372813	1	INSTRUCTIONSCROLL	4648
1165948372830	1	INSTRUCTIONSCROLL	4651
1165948372846	1	INSTRUCTIONSCROLL	4655
1165948372863	1	INSTRUCTIONSCROLL	4658
1165948372880	1	INSTRUCTIONSCROLL	4661
1165948372896	1	INSTRUCTIONSCROLL	4665
1165948372913	1	INSTRUCTIONSCROLL	4668
1165948372930	1	INSTRUCTIONSCROLL	4671
1165948372946	1	INSTRUCTIONSCROLL	4675
1165948372963	1	INSTRUCTIONSCROLL	4678
1165948372980	1	INSTRUCTIONSCROLL	4681
1165948372995	1	INSTRUCTIONSCROLL	4685
1165948373013	1	INSTRUCTIONSCROLL	4688
1165948373029	1	INSTRUCTIONSCROLL	4691
1165948373046	1	INSTRUCTIONSCROLL	4695
1165948373063	1	INSTRUCTIONSCROLL	4698
1165948373079	1	INSTRUCTIONSCROLL	4701
1165948373096	1	INSTRUCTIONSCROLL	4705
1165948373113	1	INSTRUCTIONSCROLL	4708
1165948373129	1	INSTRUCTIONSCROLL	4711
1165948373146	1	INSTRUCTIONSCROLL	4715
1165948373163	1	INSTRUCTIONSCROLL	4718
1165948373179	1	INSTRUCTIONSCROLL	4721
1165948373199	1	INSTRUCTIONSCROLL	4725
1165948373213	1	INSTRUCTIONSCROLL	4729
1165948373229	1	INSTRUCTIONSCROLL	4731
1165948373246	1	INSTRUCTIONSCROLL	4735
1165948373263	1	INSTRUCTIONSCROLL	4738
1165948373279	1	INSTRUCTIONSCROLL	4741
1165948373296	1	INSTRUCTIONSCROLL	4745
1165948373313	1	INSTRUCTIONSCROLL	4748
1165948373329	1	INSTRUCTIONSCROLL	4751
1165948373346	1	INSTRUCTIONSCROLL	4755
1165948373363	1	INSTRUCTIONSCROLL	4758
1165948373379	1	INSTRUCTIONSCROLL	4761
1165948373396	1	INSTRUCTIONSCROLL	4765
1165948373413	1	INSTRUCTIONSCROLL	4768
1165948373429	1	INSTRUCTIONSCROLL	4771
1165948373446	1	INSTRUCTIONSCROLL	4775
1165948373463	1	INSTRUCTIONSCROLL	4778
1165948373479	1	INSTRUCTIONSCROLL	4781
1165948373496	1	INSTRUCTIONSCROLL	4785
1165948373513	1	INSTRUCTIONSCROLL	4788
1165948373529	1	INSTRUCTIONSCROLL	4791
1165948373546	1	INSTRUCTIONSCROLL	4795
1165948373563	1	INSTRUCTIONSCROLL	4798
1165948373579	1	INSTRUCTIONSCROLL	4801
1165948373596	1	INSTRUCTIONSCROLL	4805
1165948373613	1	INSTRUCTIONSCROLL	4808
1165948373629	1	INSTRUCTIONSCROLL	4811
1165948373646	1	INSTRUCTIONSCROLL	4815
1165948373663	1	INSTRUCTIONSCROLL	4818
1165948373679	1	INSTRUCTIONSCROLL	4821
1165948373696	1	INSTRUCTIONSCROLL	4825
1165948373713	1	INSTRUCTIONSCROLL	4828
1165948373729	1	INSTRUCTIONSCROLL	4831
1165948373746	1	INSTRUCTIONSCROLL	4835
1165948373763	1	INSTRUCTIONSCROLL	4838
1165948373779	1	INSTRUCTIONSCROLL	4841
1165948373796	1	INSTRUCTIONSCROLL	4845
1165948373813	1	INSTRUCTIONSCROLL	4848
1165948373829	1	INSTRUCTIONSCROLL	4851
1165948373846	1	INSTRUCTIONSCROLL	4855
1165948373863	1	INSTRUCTIONSCROLL	4858
1165948373879	1	INSTRUCTIONSCROLL	4861
1165948373896	1	INSTRUCTIONSCROLL	4865
1165948373913	1	INSTRUCTIONSCROLL	4868
1165948373929	1	INSTRUCTIONSCROLL	4871
1165948373946	1	INSTRUCTIONSCROLL	4875
1165948373963	1	INSTRUCTIONSCROLL	4878
1165948373979	1	INSTRUCTIONSCROLL	4881
1165948373995	1	INSTRUCTIONSCROLL	4885
1165948374013	1	INSTRUCTIONSCROLL	4888
1165948374029	1	INSTRUCTIONSCROLL	4891
1165948374046	1	INSTRUCTIONSCROLL	4895
1165948374062	1	INSTRUCTIONSCROLL	4898
1165948374079	1	INSTRUCTIONSCROLL	4901
1165948374096	1	INSTRUCTIONSCROLL	4905
1165948374112	1	INSTRUCTIONSCROLL	4908
1165948374129	1	INSTRUCTIONSCROLL	4911
1165948374146	1	INSTRUCTIONSCROLL	4915
1165948374162	1	INSTRUCTIONSCROLL	4918
1165948374179	1	INSTRUCTIONSCROLL	4921
1165948374196	1	INSTRUCTIONSCROLL	4925
1165948374212	1	INSTRUCTIONSCROLL	4928
1165948374229	1	INSTRUCTIONSCROLL	4931
1165948374246	1	INSTRUCTIONSCROLL	4935
1165948374262	1	INSTRUCTIONSCROLL	4938
1165948374279	1	INSTRUCTIONSCROLL	4941
1165948374296	1	INSTRUCTIONSCROLL	4945
1165948374312	1	INSTRUCTIONSCROLL	4948
1165948374329	1	INSTRUCTIONSCROLL	4951
1165948374346	1	INSTRUCTIONSCROLL	4954
1165948374362	1	INSTRUCTIONSCROLL	4958
1165948374379	1	INSTRUCTIONSCROLL	4961
1165948374396	1	INSTRUCTIONSCROLL	4965
1165948374412	1	INSTRUCTIONSCROLL	4968
1165948374429	1	INSTRUCTIONSCROLL	4971
1165948374446	1	INSTRUCTIONSCROLL	4975
1165948374462	1	INSTRUCTIONSCROLL	4978
1165948374479	1	INSTRUCTIONSCROLL	4981
1165948374496	1	INSTRUCTIONSCROLL	4984
1165948374512	1	INSTRUCTIONSCROLL	4988
1165948374529	1	INSTRUCTIONSCROLL	4991
1165948374546	1	INSTRUCTIONSCROLL	4995
1165948374562	1	INSTRUCTIONSCROLL	4998
1165948374579	1	INSTRUCTIONSCROLL	5001
1165948374596	1	INSTRUCTIONSCROLL	5005
1165948374612	1	INSTRUCTIONSCROLL	5008
1165948374629	1	INSTRUCTIONSCROLL	5011
1165948374646	1	INSTRUCTIONSCROLL	5014
1165948374662	1	INSTRUCTIONSCROLL	5018
1165948374679	1	INSTRUCTIONSCROLL	5021
1165948374696	1	INSTRUCTIONSCROLL	5025
1165948374712	1	INSTRUCTIONSCROLL	5028
1165948374729	1	INSTRUCTIONSCROLL	5031
1165948374746	1	INSTRUCTIONSCROLL	5035
1165948374762	1	INSTRUCTIONSCROLL	5038
1165948374779	1	INSTRUCTIONSCROLL	5041
1165948374796	1	INSTRUCTIONSCROLL	5044
1165948374812	1	INSTRUCTIONSCROLL	5048
1165948374829	1	INSTRUCTIONSCROLL	5051
1165948374846	1	INSTRUCTIONSCROLL	5055
1165948374862	1	INSTRUCTIONSCROLL	5058
1165948374879	1	INSTRUCTIONSCROLL	5061
1165948374896	1	INSTRUCTIONSCROLL	5065
1165948374912	1	INSTRUCTIONSCROLL	5068
1165948374929	1	INSTRUCTIONSCROLL	5071
1165948374946	1	INSTRUCTIONSCROLL	5074
1165948374962	1	INSTRUCTIONSCROLL	5078
1165948374979	1	INSTRUCTIONSCROLL	5081
1165948374994	1	INSTRUCTIONSCROLL	5085
1165948375012	1	INSTRUCTIONSCROLL	5088
1165948375029	1	INSTRUCTIONSCROLL	5091
1165948375046	1	INSTRUCTIONSCROLL	5095
1165948375062	1	INSTRUCTIONSCROLL	5098
1165948375079	1	INSTRUCTIONSCROLL	5101
1165948375096	1	INSTRUCTIONSCROLL	5104
1165948375112	1	INSTRUCTIONSCROLL	5107
1165948425113	1	INSTRUCTIONSTOP	Button set (OR)
1165948425113	0	E	Logging Ends
