1165948436095	0	1	study	1	1	11	JOE	-2	-2	-2	-2	-2
1165948442114	0	2	study	1	1	14	CHRIS	-2	-2	-2	-2	-2
1165948448124	0	3	study	1	1	6	PAUL	-2	-2	-2	-2	-2
1165948454143	0	4	study	1	1	12	JIM	-2	-2	-2	-2	-2
1165948460151	0	5	study	1	1	13	DAN	-2	-2	-2	-2	-2
1165948466166	0	6	study	1	1	15	ROB	-2	-2	-2	-2	-2
1165948472175	0	7	study	1	1	9	JOHN	-2	-2	-2	-2	-2
1165948478185	0	8	study	1	1	3	TOM	-2	-2	-2	-2	-2
1165948484194	0	9	study	1	1	7	DAVE	-2	-2	-2	-2	-2
1165948490203	0	10	study	1	1	4	CHARLES	-2	-2	-2	-2	-2
1165948496236	0	11	study	1	1	8	RICH	-2	-2	-2	-2	-2
1165948502245	0	12	study	1	1	10	KEN	-2	-2	-2	-2	-2
1165948508264	0	13	study	1	1	2	MARK	-2	-2	-2	-2	-2
1165948514275	0	14	study	1	1	5	GEORGE	-2	-2	-2	-2	-2
1165948520288	0	15	study	1	1	1	MIKE	-2	-2	-2	-2	-2
1165948526298	0	16	study	1	1	0	BILL	-2	-2	-2	-2	-2
1165948534555	0	1	test	1	1	1	MIKE	1	1	-2	-2	-2
1165948537610	0	1	resp	1	1	1	MIKE	1	1	6	1	3055
1165948540559	0	2	test	1	1	14	JIM	12	0	-2	-2	-2
1165948542234	0	2	resp	1	1	14	JIM	12	0	6	0	1675
1165948546563	0	3	test	1	1	6	TOM	3	0	-2	-2	-2
1165948549762	0	3	resp	1	1	6	TOM	3	0	4	0	3199
1165948552567	0	4	test	1	1	10	MARK	2	0	-2	-2	-2
1165948555770	0	4	resp	1	1	10	MARK	2	0	1	1	3203
1165948558571	0	5	test	1	1	8	RICH	8	1	-2	-2	-2
1165948562121	0	5	resp	1	1	8	RICH	8	1	6	1	3550
1165948564576	0	6	test	1	1	3	KEN	10	0	-2	-2	-2
1165948566409	0	6	resp	1	1	3	KEN	10	0	4	0	1833
1165948570581	0	7	test	1	1	11	JOE	11	1	-2	-2	-2
1165948573889	0	7	resp	1	1	11	JOE	11	1	3	0	3308
1165948576585	0	8	test	1	1	12	PAUL	6	0	-2	-2	-2
1165948579153	0	8	resp	1	1	12	PAUL	6	0	5	0	2568
1165948582589	0	9	test	1	1	4	CHARLES	4	1	-2	-2	-2
1165948585113	0	9	resp	1	1	4	CHARLES	4	1	4	1	2524
1165948588593	0	10	test	1	1	15	ROB	15	1	-2	-2	-2
1165948590825	0	10	resp	1	1	15	ROB	15	1	3	0	2232
1165948594597	0	11	test	1	1	0	CHRIS	14	0	-2	-2	-2
1165948596440	0	11	resp	1	1	0	CHRIS	14	0	5	0	1843
1165948600602	0	12	test	1	1	2	DAVE	7	0	-2	-2	-2
1165948601856	0	12	resp	1	1	2	DAVE	7	0	4	0	1254
1165948606607	0	13	test	1	1	7	BILL	0	0	-2	-2	-2
1165948608816	0	13	resp	1	1	7	BILL	0	0	3	1	2209
1165948612611	0	14	test	1	1	9	JOHN	9	1	-2	-2	-2
1165948614232	0	14	resp	1	1	9	JOHN	9	1	5	1	1621
1165948618615	0	15	test	1	1	13	DAN	13	1	-2	-2	-2
1165948620231	0	15	resp	1	1	13	DAN	13	1	4	1	1616
1165948624620	0	16	test	1	1	5	GEORGE	5	1	-2	-2	-2
1165948625887	0	16	resp	1	1	5	GEORGE	5	1	5	1	1267
1165948633255	0	1	study	1	2	5	GEORGE	-2	-2	-2	-2	-2
1165948639267	0	2	study	1	2	13	DAN	-2	-2	-2	-2	-2
1165948645268	0	3	study	1	2	3	TOM	-2	-2	-2	-2	-2
1165948651278	0	4	study	1	2	7	DAVE	-2	-2	-2	-2	-2
1165948657279	0	5	study	1	2	6	PAUL	-2	-2	-2	-2	-2
1165948663280	0	6	study	1	2	12	JIM	-2	-2	-2	-2	-2
1165948669281	0	7	study	1	2	10	KEN	-2	-2	-2	-2	-2
1165948675283	0	8	study	1	2	8	RICH	-2	-2	-2	-2	-2
1165948681284	0	9	study	1	2	14	CHRIS	-2	-2	-2	-2	-2
1165948687294	0	10	study	1	2	11	JOE	-2	-2	-2	-2	-2
1165948693295	0	11	study	1	2	0	BILL	-2	-2	-2	-2	-2
1165948699296	0	12	study	1	2	4	CHARLES	-2	-2	-2	-2	-2
1165948705309	0	13	study	1	2	1	MIKE	-2	-2	-2	-2	-2
1165948711310	0	14	study	1	2	9	JOHN	-2	-2	-2	-2	-2
1165948717311	0	15	study	1	2	2	MARK	-2	-2	-2	-2	-2
1165948723312	0	16	study	1	2	15	ROB	-2	-2	-2	-2	-2
1165948732061	0	1	test	1	2	8	RICH	8	1	-2	-2	-2
1165948734020	0	1	resp	1	2	8	RICH	8	1	5	1	1959
1165948738065	0	2	test	1	2	15	MARK	2	0	-2	-2	-2
1165948739979	0	2	resp	1	2	15	MARK	2	0	2	1	1914
1165948744069	0	3	test	1	2	9	MIKE	1	0	-2	-2	-2
1165948745123	0	3	resp	1	2	9	MIKE	1	0	5	0	1054
1165948750073	0	4	test	1	2	5	PAUL	6	0	-2	-2	-2
1165948752475	0	4	resp	1	2	5	PAUL	6	0	4	0	2402
1165948756077	0	5	test	1	2	13	DAN	13	1	-2	-2	-2
1165948758435	0	5	resp	1	2	13	DAN	13	1	5	1	2358
1165948762081	0	6	test	1	2	0	BILL	0	1	-2	-2	-2
1165948763851	0	6	resp	1	2	0	BILL	0	1	2	0	1770
1165948768085	0	7	test	1	2	4	CHARLES	4	1	-2	-2	-2
1165948770770	0	7	resp	1	2	4	CHARLES	4	1	5	1	2685
1165948774090	0	8	test	1	2	7	DAVE	7	1	-2	-2	-2
1165948776842	0	8	resp	1	2	7	DAVE	7	1	3	0	2752
1165948780094	0	9	test	1	2	1	ROB	15	0	-2	-2	-2
1165948781754	0	9	resp	1	2	1	ROB	15	0	4	0	1660
1165948786098	0	10	test	1	2	2	GEORGE	5	0	-2	-2	-2
1165948786874	0	10	resp	1	2	2	GEORGE	5	0	5	0	776
1165948792102	0	11	test	1	2	14	CHRIS	14	1	-2	-2	-2
1165948795297	0	11	resp	1	2	14	CHRIS	14	1	4	1	3195
1165948798107	0	12	test	1	2	12	JIM	12	1	-2	-2	-2
1165948800121	0	12	resp	1	2	12	JIM	12	1	6	1	2014
1165948804112	0	13	test	1	2	10	JOE	11	0	-2	-2	-2
1165948807169	0	13	resp	1	2	10	JOE	11	0	3	1	3057
1165948810116	0	14	test	1	2	3	TOM	3	1	-2	-2	-2
1165948811889	0	14	resp	1	2	3	TOM	3	1	5	1	1773
1165948816120	0	15	test	1	2	11	JOHN	9	0	-2	-2	-2
1165948818433	0	15	resp	1	2	11	JOHN	9	0	4	0	2313
1165948822124	0	16	test	1	2	6	KEN	10	0	-2	-2	-2
1165948825352	0	16	resp	1	2	6	KEN	10	0	3	1	3228
1165948829601	0	1	study	1	3	6	PAUL	-2	-2	-2	-2	-2
1165948835602	0	2	study	1	3	12	JIM	-2	-2	-2	-2	-2
1165948841603	0	3	study	1	3	11	JOE	-2	-2	-2	-2	-2
1165948847604	0	4	study	1	3	2	MARK	-2	-2	-2	-2	-2
1165948853605	0	5	study	1	3	3	TOM	-2	-2	-2	-2	-2
1165948859614	0	6	study	1	3	15	ROB	-2	-2	-2	-2	-2
1165948865615	0	7	study	1	3	5	GEORGE	-2	-2	-2	-2	-2
1165948871626	0	8	study	1	3	0	BILL	-2	-2	-2	-2	-2
1165948877627	0	9	study	1	3	8	RICH	-2	-2	-2	-2	-2
1165948883628	0	10	study	1	3	14	CHRIS	-2	-2	-2	-2	-2
1165948889638	0	11	study	1	3	7	DAVE	-2	-2	-2	-2	-2
1165948895639	0	12	study	1	3	1	MIKE	-2	-2	-2	-2	-2
1165948901640	0	13	study	1	3	10	KEN	-2	-2	-2	-2	-2
1165948907641	0	14	study	1	3	9	JOHN	-2	-2	-2	-2	-2
1165948913642	0	15	study	1	3	13	DAN	-2	-2	-2	-2	-2
1165948919643	0	16	study	1	3	4	CHARLES	-2	-2	-2	-2	-2
1165948926862	0	1	test	1	3	2	RICH	8	0	-2	-2	-2
1165948929917	0	1	resp	1	3	2	RICH	8	0	5	0	3055
1165948932866	0	2	test	1	3	13	DAN	13	1	-2	-2	-2
1165948935645	0	2	resp	1	3	13	DAN	13	1	3	0	2779
1165948938870	0	3	test	1	3	11	MIKE	1	0	-2	-2	-2
1165948940564	0	3	resp	1	3	11	MIKE	1	0	5	0	1694
1165948944875	0	4	test	1	3	5	JOE	11	0	-2	-2	-2
1165948946948	0	4	resp	1	3	5	JOE	11	0	5	0	2073
1165948950879	0	5	test	1	3	9	JOHN	9	1	-2	-2	-2
1165948954572	0	5	resp	1	3	9	JOHN	9	1	2	0	3693
1165948956883	0	6	test	1	3	12	KEN	10	0	-2	-2	-2
1165948958636	0	6	resp	1	3	12	KEN	10	0	5	0	1753
1165948962887	0	7	test	1	3	10	BILL	0	0	-2	-2	-2
1165948965475	0	7	resp	1	3	10	BILL	0	0	3	1	2588
1165948968892	0	8	test	1	3	6	PAUL	6	1	-2	-2	-2
1165948971747	0	8	resp	1	3	6	PAUL	6	1	5	1	2855
1165948974897	0	9	test	1	3	14	CHRIS	14	1	-2	-2	-2
1165948977571	0	9	resp	1	3	14	CHRIS	14	1	5	1	2674
1165948980901	0	10	test	1	3	0	GEORGE	5	0	-2	-2	-2
1165948983899	0	10	resp	1	3	0	GEORGE	5	0	5	0	2998
1165948986905	0	11	test	1	3	15	ROB	15	1	-2	-2	-2
1165948988859	0	11	resp	1	3	15	ROB	15	1	3	0	1954
1165948992909	0	12	test	1	3	3	TOM	3	1	-2	-2	-2
1165948995619	0	12	resp	1	3	3	TOM	3	1	2	0	2710
1165948998913	0	13	test	1	3	4	CHARLES	4	1	-2	-2	-2
1165949000290	0	13	resp	1	3	4	CHARLES	4	1	5	1	1377
1165949004918	0	14	test	1	3	8	JIM	12	0	-2	-2	-2
1165949006954	0	14	resp	1	3	8	JIM	12	0	5	0	2036
1165949010922	0	15	test	1	3	7	DAVE	7	1	-2	-2	-2
1165949014034	0	15	resp	1	3	7	DAVE	7	1	4	1	3112
1165949016926	0	16	test	1	3	1	MARK	2	0	-2	-2	-2
1165949018434	0	16	resp	1	3	1	MARK	2	0	3	1	1508
1165949023985	0	1	study	1	4	6	PAUL	-2	-2	-2	-2	-2
1165949029986	0	2	study	1	4	15	ROB	-2	-2	-2	-2	-2
1165949035987	0	3	study	1	4	5	GEORGE	-2	-2	-2	-2	-2
1165949041998	0	4	study	1	4	10	KEN	-2	-2	-2	-2	-2
1165949048001	0	5	study	1	4	3	TOM	-2	-2	-2	-2	-2
1165949054011	0	6	study	1	4	0	BILL	-2	-2	-2	-2	-2
1165949060012	0	7	study	1	4	9	JOHN	-2	-2	-2	-2	-2
1165949066013	0	8	study	1	4	13	DAN	-2	-2	-2	-2	-2
1165949072014	0	9	study	1	4	8	RICH	-2	-2	-2	-2	-2
1165949078015	0	10	study	1	4	11	JOE	-2	-2	-2	-2	-2
1165949084016	0	11	study	1	4	1	MIKE	-2	-2	-2	-2	-2
1165949090017	0	12	study	1	4	7	DAVE	-2	-2	-2	-2	-2
1165949096018	0	13	study	1	4	14	CHRIS	-2	-2	-2	-2	-2
1165949102029	0	14	study	1	4	12	JIM	-2	-2	-2	-2	-2
1165949108030	0	15	study	1	4	2	MARK	-2	-2	-2	-2	-2
1165949114031	0	16	study	1	4	4	CHARLES	-2	-2	-2	-2	-2
1165949122295	0	1	test	1	4	9	JOHN	9	1	-2	-2	-2
1165949124798	0	1	resp	1	4	9	JOHN	9	1	4	1	2503
1165949128299	0	2	test	1	4	12	CHARLES	4	0	-2	-2	-2
1165949131062	0	2	resp	1	4	12	CHARLES	4	0	4	0	2763
1165949134303	0	3	test	1	4	13	DAN	13	1	-2	-2	-2
1165949135749	0	3	resp	1	4	13	DAN	13	1	3	0	1446
1165949140308	0	4	test	1	4	5	JIM	12	0	-2	-2	-2
1165949143245	0	4	resp	1	4	5	JIM	12	0	1	1	2937
1165949146312	0	5	test	1	4	6	PAUL	6	1	-2	-2	-2
1165949148573	0	5	resp	1	4	6	PAUL	6	1	3	0	2261
1165949152316	0	6	test	1	4	2	DAVE	7	0	-2	-2	-2
1165949154037	0	6	resp	1	4	2	DAVE	7	0	2	1	1721
1165949158320	0	7	test	1	4	7	GEORGE	5	0	-2	-2	-2
1165949160341	0	7	resp	1	4	7	GEORGE	5	0	2	1	2021
1165949164324	0	8	test	1	4	11	RICH	8	0	-2	-2	-2
1165949167652	0	8	resp	1	4	11	RICH	8	0	2	1	3328
1165949170329	0	9	test	1	4	4	JOE	11	0	-2	-2	-2
1165949172012	0	9	resp	1	4	4	JOE	11	0	4	0	1683
1165949176334	0	10	test	1	4	0	BILL	0	1	-2	-2	-2
1165949180340	0	10	resp	1	4	0	BILL	0	1	3	0	4006
1165949182338	0	11	test	1	4	15	MARK	2	0	-2	-2	-2
1165949184412	0	11	resp	1	4	15	MARK	2	0	5	0	2074
1165949188342	0	12	test	1	4	14	CHRIS	14	1	-2	-2	-2
1165949190236	0	12	resp	1	4	14	CHRIS	14	1	4	1	1894
1165949194346	0	13	test	1	4	10	KEN	10	1	-2	-2	-2
1165949197739	0	13	resp	1	4	10	KEN	10	1	4	1	3393
1165949200351	0	14	test	1	4	3	TOM	3	1	-2	-2	-2
1165949203507	0	14	resp	1	4	3	TOM	3	1	5	1	3156
1165949206355	0	15	test	1	4	8	ROB	15	0	-2	-2	-2
1165949208667	0	15	resp	1	4	8	ROB	15	0	2	1	2312
1165949212359	0	16	test	1	4	1	MIKE	1	1	-2	-2	-2
1165949214563	0	16	resp	1	4	1	MIKE	1	1	5	1	2204
1165949219036	0	1	study	1	5	15	ROB	-2	-2	-2	-2	-2
1165949225037	0	2	study	1	5	3	TOM	-2	-2	-2	-2	-2
1165949231046	0	3	study	1	5	6	PAUL	-2	-2	-2	-2	-2
1165949237047	0	4	study	1	5	10	KEN	-2	-2	-2	-2	-2
1165949243048	0	5	study	1	5	0	BILL	-2	-2	-2	-2	-2
1165949249049	0	6	study	1	5	2	MARK	-2	-2	-2	-2	-2
1165949255050	0	7	study	1	5	14	CHRIS	-2	-2	-2	-2	-2
1165949261060	0	8	study	1	5	8	RICH	-2	-2	-2	-2	-2
1165949267061	0	9	study	1	5	11	JOE	-2	-2	-2	-2	-2
1165949273062	0	10	study	1	5	5	GEORGE	-2	-2	-2	-2	-2
1165949279075	0	11	study	1	5	9	JOHN	-2	-2	-2	-2	-2
1165949285076	0	12	study	1	5	7	DAVE	-2	-2	-2	-2	-2
1165949291077	0	13	study	1	5	13	DAN	-2	-2	-2	-2	-2
1165949297078	0	14	study	1	5	1	MIKE	-2	-2	-2	-2	-2
1165949303079	0	15	study	1	5	12	JIM	-2	-2	-2	-2	-2
1165949309081	0	16	study	1	5	4	CHARLES	-2	-2	-2	-2	-2
1165949316160	0	1	test	1	5	3	TOM	3	1	-2	-2	-2
1165949318567	0	1	resp	1	5	3	TOM	3	1	5	1	2407
1165949322164	0	2	test	1	5	14	CHRIS	14	1	-2	-2	-2
1165949323775	0	2	resp	1	5	14	CHRIS	14	1	4	1	1611
1165949328168	0	3	test	1	5	11	JOE	11	1	-2	-2	-2
1165949330983	0	3	resp	1	5	11	JOE	11	1	3	0	2815
1165949334171	0	4	test	1	5	5	RICH	8	0	-2	-2	-2
1165949336734	0	4	resp	1	5	5	RICH	8	0	3	1	2563
1165949340176	0	5	test	1	5	12	GEORGE	5	0	-2	-2	-2
1165949342526	0	5	resp	1	5	12	GEORGE	5	0	2	1	2350
1165949346181	0	6	test	1	5	4	JOHN	9	0	-2	-2	-2
1165949348989	0	6	resp	1	5	4	JOHN	9	0	2	1	2808
1165949352185	0	7	test	1	5	2	MARK	2	1	-2	-2	-2
1165949354326	0	7	resp	1	5	2	MARK	2	1	5	1	2141
1165949358189	0	8	test	1	5	0	KEN	10	0	-2	-2	-2
1165949360694	0	8	resp	1	5	0	KEN	10	0	4	0	2505
1165949364193	0	9	test	1	5	9	BILL	0	0	-2	-2	-2
1165949367373	0	9	resp	1	5	9	BILL	0	0	4	0	3180
1165949370198	0	10	test	1	5	10	MIKE	1	0	-2	-2	-2
1165949372757	0	10	resp	1	5	10	MIKE	1	0	1	1	2559
1165949376203	0	11	test	1	5	7	DAVE	7	1	-2	-2	-2
1165949379133	0	11	resp	1	5	7	DAVE	7	1	3	0	2930
1165949382207	0	12	test	1	5	6	PAUL	6	1	-2	-2	-2
1165949385157	0	12	resp	1	5	6	PAUL	6	1	3	0	2950
1165949388211	0	13	test	1	5	8	CHARLES	4	0	-2	-2	-2
1165949391341	0	13	resp	1	5	8	CHARLES	4	0	3	1	3130
1165949394215	0	14	test	1	5	1	JIM	12	0	-2	-2	-2
1165949396196	0	14	resp	1	5	1	JIM	12	0	1	1	1981
1165949400220	0	15	test	1	5	13	DAN	13	1	-2	-2	-2
1165949402428	0	15	resp	1	5	13	DAN	13	1	2	0	2208
1165949406225	0	16	test	1	5	15	ROB	15	1	-2	-2	-2
1165949408068	0	16	resp	1	5	15	ROB	15	1	4	1	1843
1165949412917	0	1	study	1	6	3	TOM	-2	-2	-2	-2	-2
1165949418927	0	2	study	1	6	13	DAN	-2	-2	-2	-2	-2
1165949424928	0	3	study	1	6	15	ROB	-2	-2	-2	-2	-2
1165949430929	0	4	study	1	6	10	KEN	-2	-2	-2	-2	-2
1165949436930	0	5	study	1	6	12	JIM	-2	-2	-2	-2	-2
1165949442931	0	6	study	1	6	1	MIKE	-2	-2	-2	-2	-2
1165949448932	0	7	study	1	6	2	MARK	-2	-2	-2	-2	-2
1165949454933	0	8	study	1	6	5	GEORGE	-2	-2	-2	-2	-2
1165949460944	0	9	study	1	6	6	PAUL	-2	-2	-2	-2	-2
1165949466945	0	10	study	1	6	7	DAVE	-2	-2	-2	-2	-2
1165949472946	0	11	study	1	6	11	JOE	-2	-2	-2	-2	-2
1165949478947	0	12	study	1	6	8	RICH	-2	-2	-2	-2	-2
1165949484948	0	13	study	1	6	14	CHRIS	-2	-2	-2	-2	-2
1165949490959	0	14	study	1	6	0	BILL	-2	-2	-2	-2	-2
1165949496960	0	15	study	1	6	9	JOHN	-2	-2	-2	-2	-2
1165949502961	0	16	study	1	6	4	CHARLES	-2	-2	-2	-2	-2
1165949510217	0	1	test	1	6	3	PAUL	6	0	-2	-2	-2
1165949512544	0	1	resp	1	6	3	PAUL	6	0	4	0	2327
1165949516222	0	2	test	1	6	2	MARK	2	1	-2	-2	-2
1165949518960	0	2	resp	1	6	2	MARK	2	1	4	1	2738
1165949522226	0	3	test	1	6	13	DAN	13	1	-2	-2	-2
1165949525624	0	3	resp	1	6	13	DAN	13	1	2	0	3398
1165949528230	0	4	test	1	6	7	DAVE	7	1	-2	-2	-2
1165949529999	0	4	resp	1	6	7	DAVE	7	1	5	1	1769
1165949534235	0	5	test	1	6	15	MIKE	1	0	-2	-2	-2
1165949537416	0	5	resp	1	6	15	MIKE	1	0	3	1	3181
1165949540239	0	6	test	1	6	12	JIM	12	1	-2	-2	-2
1165949542015	0	6	resp	1	6	12	JIM	12	1	6	1	1776
1165949546244	0	7	test	1	6	6	CHRIS	14	0	-2	-2	-2
1165949548151	0	7	resp	1	6	6	CHRIS	14	0	5	0	1907
1165949552248	0	8	test	1	6	9	JOHN	9	1	-2	-2	-2
1165949555303	0	8	resp	1	6	9	JOHN	9	1	3	0	3055
1165949558252	0	9	test	1	6	10	KEN	10	1	-2	-2	-2
1165949558903	0	9	resp	1	6	10	KEN	10	1	5	1	651
1165949564256	0	10	test	1	6	4	ROB	15	0	-2	-2	-2
1165949565615	0	10	resp	1	6	4	ROB	15	0	3	1	1359
1165949570260	0	11	test	1	6	1	TOM	3	0	-2	-2	-2
1165949572726	0	11	resp	1	6	1	TOM	3	0	3	1	2466
1165949576264	0	12	test	1	6	14	JOE	11	0	-2	-2	-2
1165949578774	0	12	resp	1	6	14	JOE	11	0	2	1	2510
1165949582268	0	13	test	1	6	11	RICH	8	0	-2	-2	-2
1165949583870	0	13	resp	1	6	11	RICH	8	0	4	0	1602
1165949588272	0	14	test	1	6	8	CHARLES	4	0	-2	-2	-2
1165949591086	0	14	resp	1	6	8	CHARLES	4	0	5	0	2814
1165949594276	0	15	test	1	6	5	GEORGE	5	1	-2	-2	-2
1165949596254	0	15	resp	1	6	5	GEORGE	5	1	4	1	1978
1165949600280	0	16	test	1	6	0	BILL	0	1	-2	-2	-2
1165949601829	0	16	resp	1	6	0	BILL	0	1	4	1	1549
1165949609190	0	1	study	1	7	1	MIKE	-2	-2	-2	-2	-2
1165949615191	0	2	study	1	7	3	TOM	-2	-2	-2	-2	-2
1165949621201	0	3	study	1	7	8	RICH	-2	-2	-2	-2	-2
1165949627202	0	4	study	1	7	7	DAVE	-2	-2	-2	-2	-2
1165949633203	0	5	study	1	7	10	KEN	-2	-2	-2	-2	-2
1165949639205	0	6	study	1	7	5	GEORGE	-2	-2	-2	-2	-2
1165949645253	0	7	study	1	7	2	MARK	-2	-2	-2	-2	-2
1165949651254	0	8	study	1	7	6	PAUL	-2	-2	-2	-2	-2
1165949657255	0	9	study	1	7	9	JOHN	-2	-2	-2	-2	-2
1165949663256	0	10	study	1	7	14	CHRIS	-2	-2	-2	-2	-2
1165949669268	0	11	study	1	7	12	JIM	-2	-2	-2	-2	-2
1165949675269	0	12	study	1	7	4	CHARLES	-2	-2	-2	-2	-2
1165949681283	0	13	study	1	7	11	JOE	-2	-2	-2	-2	-2
1165949687284	0	14	study	1	7	0	BILL	-2	-2	-2	-2	-2
1165949693285	0	15	study	1	7	13	DAN	-2	-2	-2	-2	-2
1165949699286	0	16	study	1	7	15	ROB	-2	-2	-2	-2	-2
1165949706531	0	1	test	1	7	1	GEORGE	5	0	-2	-2	-2
1165949708954	0	1	resp	1	7	1	GEORGE	5	0	4	0	2423
1165949712535	0	2	test	1	7	3	TOM	3	1	-2	-2	-2
1165949714178	0	2	resp	1	7	3	TOM	3	1	5	1	1643
1165949718539	0	3	test	1	7	0	BILL	0	1	-2	-2	-2
1165949720185	0	3	resp	1	7	0	BILL	0	1	3	0	1646
1165949724544	0	4	test	1	7	15	KEN	10	0	-2	-2	-2
1165949725417	0	4	resp	1	7	15	KEN	10	0	5	0	873
1165949730548	0	5	test	1	7	4	CHARLES	4	1	-2	-2	-2
1165949731873	0	5	resp	1	7	4	CHARLES	4	1	5	1	1325
1165949736552	0	6	test	1	7	10	DAN	13	0	-2	-2	-2
1165949737625	0	6	resp	1	7	10	DAN	13	0	2	1	1073
1165949742556	0	7	test	1	7	8	RICH	8	1	-2	-2	-2
1165949743369	0	7	resp	1	7	8	RICH	8	1	5	1	813
1165949748560	0	8	test	1	7	13	JIM	12	0	-2	-2	-2
1165949750896	0	8	resp	1	7	13	JIM	12	0	2	1	2336
1165949754564	0	9	test	1	7	2	ROB	15	0	-2	-2	-2
1165949756224	0	9	resp	1	7	2	ROB	15	0	3	1	1660
1165949760568	0	10	test	1	7	11	MIKE	1	0	-2	-2	-2
1165949762600	0	10	resp	1	7	11	MIKE	1	0	4	0	2032
1165949766572	0	11	test	1	7	12	JOE	11	0	-2	-2	-2
1165949768480	0	11	resp	1	7	12	JOE	11	0	5	0	1908
1165949772576	0	12	test	1	7	5	MARK	2	0	-2	-2	-2
1165949773671	0	12	resp	1	7	5	MARK	2	0	3	1	1095
1165949778581	0	13	test	1	7	9	JOHN	9	1	-2	-2	-2
1165949780271	0	13	resp	1	7	9	JOHN	9	1	4	1	1690
1165949784585	0	14	test	1	7	7	DAVE	7	1	-2	-2	-2
1165949787103	0	14	resp	1	7	7	DAVE	7	1	3	0	2518
1165949790589	0	15	test	1	7	6	PAUL	6	1	-2	-2	-2
1165949792519	0	15	resp	1	7	6	PAUL	6	1	5	1	1930
1165949796593	0	16	test	1	7	14	CHRIS	14	1	-2	-2	-2
1165949798719	0	16	resp	1	7	14	CHRIS	14	1	3	0	2126
1165949803743	0	1	study	1	8	6	PAUL	-2	-2	-2	-2	-2
1165949809744	0	2	study	1	8	7	DAVE	-2	-2	-2	-2	-2
1165949815745	0	3	study	1	8	1	MIKE	-2	-2	-2	-2	-2
1165949821746	0	4	study	1	8	9	JOHN	-2	-2	-2	-2	-2
1165949827747	0	5	study	1	8	8	RICH	-2	-2	-2	-2	-2
1165949833748	0	6	study	1	8	15	ROB	-2	-2	-2	-2	-2
1165949839749	0	7	study	1	8	11	JOE	-2	-2	-2	-2	-2
1165949845750	0	8	study	1	8	2	MARK	-2	-2	-2	-2	-2
1165949851751	0	9	study	1	8	0	BILL	-2	-2	-2	-2	-2
1165949857752	0	10	study	1	8	4	CHARLES	-2	-2	-2	-2	-2
1165949863766	0	11	study	1	8	14	CHRIS	-2	-2	-2	-2	-2
1165949869776	0	12	study	1	8	3	TOM	-2	-2	-2	-2	-2
1165949875785	0	13	study	1	8	12	JIM	-2	-2	-2	-2	-2
1165949881786	0	14	study	1	8	10	KEN	-2	-2	-2	-2	-2
1165949887787	0	15	study	1	8	5	GEORGE	-2	-2	-2	-2	-2
1165949893798	0	16	study	1	8	13	DAN	-2	-2	-2	-2	-2
1165949902875	0	1	test	1	8	7	DAVE	7	1	-2	-2	-2
1165949895755	0	1	resp	1	8	7	DAVE	7	1	0	0	5000
1165949908894	0	2	test	1	8	6	PAUL	6	1	-2	-2	-2
1165949913894	0	2	resp	1	8	6	PAUL	6	1	0	0	5000
1165949914912	0	3	test	1	8	1	MIKE	1	1	-2	-2	-2
1165949916107	0	3	resp	1	8	1	MIKE	1	1	4	1	1195
1165949920916	0	4	test	1	8	10	JIM	12	0	-2	-2	-2
1165949922482	0	4	resp	1	8	10	JIM	12	0	3	1	1566
1165949926921	0	5	test	1	8	15	KEN	10	0	-2	-2	-2
1165949928170	0	5	resp	1	8	15	KEN	10	0	2	1	1249
1165949932925	0	6	test	1	8	12	BILL	0	0	-2	-2	-2
1165949934770	0	6	resp	1	8	12	BILL	0	0	3	1	1845
1165949938929	0	7	test	1	8	14	RICH	8	0	-2	-2	-2
1165949940330	0	7	resp	1	8	14	RICH	8	0	5	0	1401
1165949944933	0	8	test	1	8	8	DAN	13	0	-2	-2	-2
1165949946793	0	8	resp	1	8	8	DAN	13	0	3	1	1860
1165949950938	0	9	test	1	8	3	TOM	3	1	-2	-2	-2
1165949952257	0	9	resp	1	8	3	TOM	3	1	5	1	1319
1165949956943	0	10	test	1	8	9	JOHN	9	1	-2	-2	-2
1165949959113	0	10	resp	1	8	9	JOHN	9	1	4	1	2170
1165949962947	0	11	test	1	8	4	CHARLES	4	1	-2	-2	-2
1165949964657	0	11	resp	1	8	4	CHARLES	4	1	2	0	1710
1165949968951	0	12	test	1	8	0	CHRIS	14	0	-2	-2	-2
1165949970657	0	12	resp	1	8	0	CHRIS	14	0	4	0	1706
1165949974955	0	13	test	1	8	11	JOE	11	1	-2	-2	-2
1165949976160	0	13	resp	1	8	11	JOE	11	1	3	0	1205
1165949980960	0	14	test	1	8	5	ROB	15	0	-2	-2	-2
1165949982296	0	14	resp	1	8	5	ROB	15	0	3	1	1336
1165949986965	0	15	test	1	8	13	GEORGE	5	0	-2	-2	-2
1165949988864	0	15	resp	1	8	13	GEORGE	5	0	2	1	1899
1165949992970	0	16	test	1	8	2	MARK	2	1	-2	-2	-2
1165949994216	0	16	resp	1	8	2	MARK	2	1	4	1	1246
1165949999969	0	1	study	1	9	9	JOHN	-2	-2	-2	-2	-2
1165950005970	0	2	study	1	9	12	JIM	-2	-2	-2	-2	-2
1165950011972	0	3	study	1	9	7	DAVE	-2	-2	-2	-2	-2
1165950017973	0	4	study	1	9	10	KEN	-2	-2	-2	-2	-2
1165950023974	0	5	study	1	9	1	MIKE	-2	-2	-2	-2	-2
1165950029975	0	6	study	1	9	13	DAN	-2	-2	-2	-2	-2
1165950035976	0	7	study	1	9	14	CHRIS	-2	-2	-2	-2	-2
1165950041986	0	8	study	1	9	5	GEORGE	-2	-2	-2	-2	-2
1165950047998	0	9	study	1	9	4	CHARLES	-2	-2	-2	-2	-2
1165950054012	0	10	study	1	9	6	PAUL	-2	-2	-2	-2	-2
1165950060013	0	11	study	1	9	2	MARK	-2	-2	-2	-2	-2
1165950066014	0	12	study	1	9	15	ROB	-2	-2	-2	-2	-2
1165950072015	0	13	study	1	9	8	RICH	-2	-2	-2	-2	-2
1165950078016	0	14	study	1	9	11	JOE	-2	-2	-2	-2	-2
1165950084017	0	15	study	1	9	0	BILL	-2	-2	-2	-2	-2
1165950090018	0	16	study	1	9	3	TOM	-2	-2	-2	-2	-2
1165950097446	0	1	test	1	9	4	CHARLES	4	1	-2	-2	-2
1165950098852	0	1	resp	1	9	4	CHARLES	4	1	5	1	1406
1165950103451	0	2	test	1	9	3	KEN	10	0	-2	-2	-2
1165950105452	0	2	resp	1	9	3	KEN	10	0	2	1	2001
1165950109456	0	3	test	1	9	11	CHRIS	14	0	-2	-2	-2
1165950110892	0	3	resp	1	9	11	CHRIS	14	0	3	1	1436
1165950115460	0	4	test	1	9	5	GEORGE	5	1	-2	-2	-2
1165950116844	0	4	resp	1	9	5	GEORGE	5	1	4	1	1384
1165950121464	0	5	test	1	9	12	DAN	13	0	-2	-2	-2
1165950122812	0	5	resp	1	9	12	DAN	13	0	2	1	1348
1165950127468	0	6	test	1	9	8	RICH	8	1	-2	-2	-2
1165950129083	0	6	resp	1	9	8	RICH	8	1	4	1	1615
1165950133472	0	7	test	1	9	1	MIKE	1	1	-2	-2	-2
1165950135739	0	7	resp	1	9	1	MIKE	1	1	4	1	2267
1165950139476	0	8	test	1	9	15	ROB	15	1	-2	-2	-2
1165950140539	0	8	resp	1	9	15	ROB	15	1	2	0	1063
1165950145480	0	9	test	1	9	9	JOHN	9	1	-2	-2	-2
1165950146899	0	9	resp	1	9	9	JOHN	9	1	3	0	1419
1165950151484	0	10	test	1	9	13	TOM	3	0	-2	-2	-2
1165950153731	0	10	resp	1	9	13	TOM	3	0	4	0	2247
1165950157488	0	11	test	1	9	7	BILL	0	0	-2	-2	-2
1165950158634	0	11	resp	1	9	7	BILL	0	0	2	1	1146
1165950163493	0	12	test	1	9	14	DAVE	7	0	-2	-2	-2
1165950165450	0	12	resp	1	9	14	DAVE	7	0	4	0	1957
1165950169498	0	13	test	1	9	10	JOE	11	0	-2	-2	-2
1165950170970	0	13	resp	1	9	10	JOE	11	0	2	1	1472
1165950175502	0	14	test	1	9	6	PAUL	6	1	-2	-2	-2
1165950176882	0	14	resp	1	9	6	PAUL	6	1	4	1	1380
1165950181508	0	15	test	1	9	0	JIM	12	0	-2	-2	-2
1165950183377	0	15	resp	1	9	0	JIM	12	0	3	1	1869
1165950187513	0	16	test	1	9	2	MARK	2	1	-2	-2	-2
1165950189961	0	16	resp	1	9	2	MARK	2	1	5	1	2448
1165950194626	0	1	study	1	10	10	KEN	-2	-2	-2	-2	-2
1165950200627	0	2	study	1	10	9	JOHN	-2	-2	-2	-2	-2
1165950206628	0	3	study	1	10	4	CHARLES	-2	-2	-2	-2	-2
1165950212641	0	4	study	1	10	0	BILL	-2	-2	-2	-2	-2
1165950218642	0	5	study	1	10	1	MIKE	-2	-2	-2	-2	-2
1165950224643	0	6	study	1	10	2	MARK	-2	-2	-2	-2	-2
1165950230644	0	7	study	1	10	5	GEORGE	-2	-2	-2	-2	-2
1165950236656	0	8	study	1	10	15	ROB	-2	-2	-2	-2	-2
1165950242657	0	9	study	1	10	6	PAUL	-2	-2	-2	-2	-2
1165950248658	0	10	study	1	10	12	JIM	-2	-2	-2	-2	-2
1165950254659	0	11	study	1	10	8	RICH	-2	-2	-2	-2	-2
1165950260660	0	12	study	1	10	14	CHRIS	-2	-2	-2	-2	-2
1165950266670	0	13	study	1	10	3	TOM	-2	-2	-2	-2	-2
1165950272681	0	14	study	1	10	7	DAVE	-2	-2	-2	-2	-2
1165950278682	0	15	study	1	10	11	JOE	-2	-2	-2	-2	-2
1165950284683	0	16	study	1	10	13	DAN	-2	-2	-2	-2	-2
1165950291726	0	1	test	1	10	7	DAVE	7	1	-2	-2	-2
1165950293454	0	1	resp	1	10	7	DAVE	7	1	3	0	1728
1165950297730	0	2	test	1	10	4	TOM	3	0	-2	-2	-2
1165950299333	0	2	resp	1	10	4	TOM	3	0	4	0	1603
1165950303735	0	3	test	1	10	13	MIKE	1	0	-2	-2	-2
1165950306037	0	3	resp	1	10	13	MIKE	1	0	2	1	2302
1165950309740	0	4	test	1	10	3	DAN	13	0	-2	-2	-2
1165950311029	0	4	resp	1	10	3	DAN	13	0	3	1	1289
1165950315744	0	5	test	1	10	2	JOHN	9	0	-2	-2	-2
1165950318621	0	5	resp	1	10	2	JOHN	9	0	4	0	2877
1165950321748	0	6	test	1	10	6	PAUL	6	1	-2	-2	-2
1165950323981	0	6	resp	1	10	6	PAUL	6	1	3	0	2233
1165950327751	0	7	test	1	10	0	CHARLES	4	0	-2	-2	-2
1165950329533	0	7	resp	1	10	0	CHARLES	4	0	1	1	1782
1165950333755	0	8	test	1	10	9	CHRIS	14	0	-2	-2	-2
1165950336012	0	8	resp	1	10	9	CHRIS	14	0	5	0	2257
1165950339760	0	9	test	1	10	5	GEORGE	5	1	-2	-2	-2
1165950340836	0	9	resp	1	10	5	GEORGE	5	1	4	1	1076
1165950345765	0	10	test	1	10	14	BILL	0	0	-2	-2	-2
1165950347804	0	10	resp	1	10	14	BILL	0	0	2	1	2039
1165950351769	0	11	test	1	10	10	KEN	10	1	-2	-2	-2
1165950353348	0	11	resp	1	10	10	KEN	10	1	4	1	1579
1165950357773	0	12	test	1	10	12	JIM	12	1	-2	-2	-2
1165950359035	0	12	resp	1	10	12	JIM	12	1	5	1	1262
1165950363778	0	13	test	1	10	15	ROB	15	1	-2	-2	-2
1165950365499	0	13	resp	1	10	15	ROB	15	1	3	0	1721
1165950369783	0	14	test	1	10	11	JOE	11	1	-2	-2	-2
1165950371547	0	14	resp	1	10	11	JOE	11	1	4	1	1764
1165950375787	0	15	test	1	10	8	RICH	8	1	-2	-2	-2
1165950376939	0	15	resp	1	10	8	RICH	8	1	5	1	1152
1165950381791	0	16	test	1	10	1	MARK	2	0	-2	-2	-2
1165950383355	0	16	resp	1	10	1	MARK	2	0	4	0	1564
1165950412805	0	0	record	3	11	-2	record	-2	-2	-2	-2	-2
1165950413822	0	1	cue	3	11	12	JIM	-2	-2	-2	-2	-2
1165950419822	0	2	cue	3	11	13	DAN	-2	-2	-2	-2	-2
1165950425822	0	3	cue	3	11	3	TOM	-2	-2	-2	-2	-2
1165950431822	0	4	cue	3	11	9	JOHN	-2	-2	-2	-2	-2
1165950437822	0	5	cue	3	11	2	MARK	-2	-2	-2	-2	-2
1165950443822	0	6	cue	3	11	10	KEN	-2	-2	-2	-2	-2
1165950449822	0	7	cue	3	11	11	JOE	-2	-2	-2	-2	-2
1165950455822	0	8	cue	3	11	4	CHARLES	-2	-2	-2	-2	-2
1165950461822	0	9	cue	3	11	14	CHRIS	-2	-2	-2	-2	-2
1165950467822	0	10	cue	3	11	7	DAVE	-2	-2	-2	-2	-2
1165950473822	0	11	cue	3	11	6	PAUL	-2	-2	-2	-2	-2
1165950479822	0	12	cue	3	11	5	GEORGE	-2	-2	-2	-2	-2
1165950485822	0	13	cue	3	11	8	RICH	-2	-2	-2	-2	-2
1165950491822	0	14	cue	3	11	15	ROB	-2	-2	-2	-2	-2
1165950497822	0	15	cue	3	11	0	BILL	-2	-2	-2	-2	-2
1165950503822	0	16	cue	3	11	1	MIKE	-2	-2	-2	-2	-2