1159542008734	0	B	Logging Begins
1159542008735	0	SESS_START	0
1159542275684	0	TRIAL	1
1159542283206	1	FACE	2046	PRES1_NPNP	Correct	LL1	PP0	Lure_PNPN	0	PRACTICE
1159542287204	1	FACE	2046	CUE	Correct	LL1	PP0	Lure_PNPN	0	PRACTICE
1159542289250	0	FACE	2046	RESP	Correct	LL1	PP0	Lure_PNPN	0	PRACTICE
1159542289278	0	TRIAL	2
1159542293785	1	FACE	1567	PRES1_PNPN	Correct	LL1	PP0	Lure_NPPP	0	PRACTICE
1159542297667	1	FACE	1567	CUE	Correct	LL1	PP0	Lure_NPPP	0	PRACTICE
1159542299234	0	FACE	1567	RESP	Correct	LL1	PP0	Lure_NPPP	0	PRACTICE
1159542299272	0	TRIAL	3
1159542303781	1	FACE	919	PRES1_PPNP	Correct	LL1	PP0	Lure_NNNN	0	PRACTICE
1159542307697	1	FACE	919	CUE	Correct	LL1	PP0	Lure_NNNN	0	PRACTICE
1159542308616	0	FACE	919	RESP	Correct	LL1	PP0	Lure_NNNN	0	PRACTICE
1159542308654	0	TRIAL	4
1159542312296	1	FACE	706	PRES1_PNPP	Incorrect	LL1	PP0	Lure_NNPN	0	PRACTICE
1159542316278	1	FACE	706	CUE	Incorrect	LL1	PP0	Lure_NNPN	0	PRACTICE
1159542316984	0	FACE	706	RESP	Incorrect	LL1	PP0	Lure_NNPN	0	PRACTICE
1159542317016	0	TRIAL	5
1159542320492	1	FACE	1301	PRES1_NPNP	Correct	LL1	PP1	Target_NPNP	0	PRACTICE
1159542324491	1	FACE	1301	CUE	Correct	LL1	PP1	Target_NPNP	0	PRACTICE
1159542325792	0	FACE	1301	RESP	Correct	LL1	PP1	Target_NPNP	0	PRACTICE
1159542325831	0	TRIAL	6
1159542329174	1	FACE	1030	PRES1_NPNN	Correct	LL1	PP0	Lure_PPNN	0	PRACTICE
1159542333123	1	FACE	1030	CUE	Correct	LL1	PP0	Lure_PPNN	0	PRACTICE
1159542334153	0	FACE	1030	RESP	Correct	LL1	PP0	Lure_PPNN	0	PRACTICE
1159542334177	0	TRIAL	7
1159542337587	1	FACE	1030	PRES1_PNNN	Correct	LL1	PP1	Target_PNNN	0	PRACTICE
1159542341386	1	FACE	1030	CUE	Correct	LL1	PP1	Target_PNNN	0	PRACTICE
1159542342416	0	FACE	1030	RESP	Correct	LL1	PP1	Target_PNNN	0	PRACTICE
1159542342442	0	TRIAL	8
1159542345717	1	FACE	845	PRES1_NNNN	Correct	LL1	PP1	Target_NNNN	0	PRACTICE
1159542349467	1	FACE	845	CUE	Correct	LL1	PP1	Target_NNNN	0	PRACTICE
1159542350312	0	FACE	845	RESP	Correct	LL1	PP1	Target_NNNN	0	PRACTICE
1159542350340	0	TRIAL	9
1159542353498	1	FACE	1505	PRES1_NNNP	Correct	LL1	PP0	Lure_PPPN	0	PRACTICE
1159542357398	1	FACE	1505	CUE	Correct	LL1	PP0	Lure_PPPN	0	PRACTICE
1159542358903	0	FACE	1505	RESP	Correct	LL1	PP0	Lure_PPPN	0	PRACTICE
1159542358935	0	TRIAL	10
1159542362113	1	FACE	1109	PRES1_PPNN	Correct	LL1	PP0	Lure_PNPP	0	PRACTICE
1159542366162	1	FACE	1109	CUE	Correct	LL1	PP0	Lure_PNPP	0	PRACTICE
1159542367271	0	FACE	1109	RESP	Correct	LL1	PP0	Lure_PNPP	0	PRACTICE
1159542367301	0	TRIAL	11
1159542370244	1	FACE	860	PRES1_NNPP	Correct	LL1	PP0	Lure_PNNN	0	PRACTICE
1159542374026	1	FACE	860	CUE	Correct	LL1	PP0	Lure_PNNN	0	PRACTICE
1159542374886	0	FACE	860	RESP	Correct	LL1	PP0	Lure_PNNN	0	PRACTICE
1159542374914	0	TRIAL	12
1159542377923	1	FACE	1081	PRES1_NNPN	Correct	LL1	PP0	Lure_PNNP	0	PRACTICE
1159542381789	1	FACE	1081	CUE	Correct	LL1	PP0	Lure_PNNP	0	PRACTICE
1159542382870	0	FACE	1081	RESP	Correct	LL1	PP0	Lure_PNNP	0	PRACTICE
1159542382894	0	TRIAL	13
1159542385971	1	FACE	727	PRES1_PPPP	Correct	LL1	PP1	Target_PPPP	0	PRACTICE
1159542389903	1	FACE	727	CUE	Correct	LL1	PP1	Target_PPPP	0	PRACTICE
1159542390630	0	FACE	727	RESP	Correct	LL1	PP1	Target_PPPP	0	PRACTICE
1159542390642	0	TRIAL	14
1159542394469	1	FACE	906	PRES1_NNNP	Correct	LL1	PP1	Target_NNNP	0	PRACTICE
1159542398268	1	FACE	906	CUE	Correct	LL1	PP1	Target_NNNP	0	PRACTICE
1159542399174	0	FACE	906	RESP	Correct	LL1	PP1	Target_NNNP	0	PRACTICE
1159542399206	0	TRIAL	15
1159542402166	1	FACE	969	PRES1_PNPN	Correct	LL1	PP1	Target_PNPN	0	PRACTICE
1159542405997	1	FACE	969	CUE	Correct	LL1	PP1	Target_PNPN	0	PRACTICE
1159542406966	0	FACE	969	RESP	Correct	LL1	PP1	Target_PNPN	0	PRACTICE
1159542407003	0	TRIAL	16
1159542410130	1	FACE	997	PRES1_NNPN	Correct	LL1	PP1	Target_NNPN	0	PRACTICE
1159542413928	1	FACE	997	CUE	Correct	LL1	PP1	Target_NNPN	0	PRACTICE
1159542414925	0	FACE	997	RESP	Correct	LL1	PP1	Target_NNPN	0	PRACTICE
1159542414950	0	TRIAL	17
1159542417994	1	FACE	1170	PRES1_NPPN	Correct	LL1	PP0	Lure_PPPP	0	PRACTICE
1159542421876	1	FACE	1170	CUE	Correct	LL1	PP0	Lure_PPPP	0	PRACTICE
1159542423046	0	FACE	1170	RESP	Correct	LL1	PP0	Lure_PPPP	0	PRACTICE
1159542423064	0	TRIAL	18
1159542426175	1	FACE	931	PRES1_PNNN	Correct	LL1	PP0	Lure_NPNP	0	PRACTICE
1159542430074	1	FACE	931	CUE	Correct	LL1	PP0	Lure_NPNP	0	PRACTICE
1159542431005	0	FACE	931	RESP	Correct	LL1	PP0	Lure_NPNP	0	PRACTICE
1159542431045	0	TRIAL	19
1159542434289	1	FACE	1062	PRES1_PPPP	Correct	LL1	PP0	Lure_NPNN	0	PRACTICE
1159542438271	1	FACE	1062	CUE	Correct	LL1	PP0	Lure_NPNN	0	PRACTICE
1159542439333	0	FACE	1062	RESP	Correct	LL1	PP0	Lure_NPNN	0	PRACTICE
1159542439360	0	TRIAL	20
1159542442669	1	FACE	746	PRES1_PNPP	Correct	LL1	PP1	Target_PNPP	0	PRACTICE
1159542446651	1	FACE	746	CUE	Correct	LL1	PP1	Target_PNPP	0	PRACTICE
1159542447397	0	FACE	746	RESP	Correct	LL1	PP1	Target_PNPP	0	PRACTICE
1159542447425	0	TRIAL	21
1159542450516	1	FACE	649	PRES1_NPNN	Correct	LL1	PP1	Target_NPNN	0	PRACTICE
1159542454515	1	FACE	649	CUE	Correct	LL1	PP1	Target_NPNN	0	PRACTICE
1159542455164	1	FACE	649	RESP	Correct	LL1	PP1	Target_NPNN	0	PRACTICE
1159542455187	0	TRIAL	22
1159542459014	1	FACE	765	PRES1_NPPP	Correct	LL1	PP1	Target_NPPP	0	PRACTICE
1159542463046	1	FACE	765	CUE	Correct	LL1	PP1	Target_NPPP	0	PRACTICE
1159542463811	0	FACE	765	RESP	Correct	LL1	PP1	Target_NPPP	0	PRACTICE
1159542463850	0	TRIAL	23
1159542467494	1	FACE	720	PRES1_PPPN	Correct	LL1	PP0	Lure_NNPP	0	PRACTICE
1159542471460	1	FACE	720	CUE	Correct	LL1	PP0	Lure_NNPP	0	PRACTICE
1159542472180	0	FACE	720	RESP	Correct	LL1	PP0	Lure_NNPP	0	PRACTICE
1159542472215	0	TRIAL	24
1159542475242	1	FACE	1233	PRES1_PNNP	Correct	LL1	PP0	Lure_NNNP	0	PRACTICE
1159542479274	1	FACE	1233	CUE	Correct	LL1	PP0	Lure_NNNP	0	PRACTICE
1159542480507	0	FACE	1233	RESP	Correct	LL1	PP0	Lure_NNNP	0	PRACTICE
1159542480545	0	TRIAL	25
1159542483505	1	FACE	785	PRES1_NNNN	Correct	LL1	PP0	Lure_NPPN	0	PRACTICE
1159542487554	1	FACE	785	CUE	Correct	LL1	PP0	Lure_NPPN	0	PRACTICE
1159542488339	0	FACE	785	RESP	Correct	LL1	PP0	Lure_NPPN	0	PRACTICE
1159542488376	0	TRIAL	26
1159542491237	1	FACE	874	PRES1_PPPN	Correct	LL1	PP1	Target_PPPN	0	PRACTICE
1159542495169	1	FACE	874	CUE	Correct	LL1	PP1	Target_PPPN	0	PRACTICE
1159542496043	0	FACE	874	RESP	Correct	LL1	PP1	Target_PPPN	0	PRACTICE
1159542496074	0	TRIAL	27
1159542498983	1	FACE	626	PRES1_PPNN	Incorrect	LL1	PP1	Target_PPNN	0	PRACTICE
1159542503016	1	FACE	626	CUE	Incorrect	LL1	PP1	Target_PPNN	0	PRACTICE
1159542503642	0	FACE	626	RESP	Incorrect	LL1	PP1	Target_PPNN	0	PRACTICE
1159542503671	0	TRIAL	28
1159542506631	1	FACE	537	PRES1_PNNP	Correct	LL1	PP1	Target_PNNP	0	PRACTICE
1159542510530	1	FACE	537	CUE	Correct	LL1	PP1	Target_PNNP	0	PRACTICE
1159542511067	0	FACE	537	RESP	Correct	LL1	PP1	Target_PNNP	0	PRACTICE
1159542511086	0	TRIAL	29
1159542514213	1	FACE	1187	PRES1_NNPP	Incorrect	LL1	PP1	Target_NNPP	0	PRACTICE
1159542518095	1	FACE	1187	CUE	Incorrect	LL1	PP1	Target_NNPP	0	PRACTICE
1159542519282	0	FACE	1187	RESP	Incorrect	LL1	PP1	Target_NNPP	0	PRACTICE
1159542519316	0	TRIAL	30
1159542522327	1	FACE	881	PRES1_NPPP	Correct	LL1	PP0	Lure_PPNP	0	PRACTICE
1159542526209	1	FACE	881	CUE	Correct	LL1	PP0	Lure_PPNP	0	PRACTICE
1159542527090	0	FACE	881	RESP	Correct	LL1	PP0	Lure_PPNP	0	PRACTICE
1159542527114	0	TRIAL	31
1159542529906	1	FACE	1322	PRES1_PPNP	Correct	LL1	PP1	Target_PPNP	0	PRACTICE
1159542533872	1	FACE	1322	CUE	Correct	LL1	PP1	Target_PPNP	0	PRACTICE
1159542535194	0	FACE	1322	RESP	Correct	LL1	PP1	Target_PPNP	0	PRACTICE
1159542535229	0	TRIAL	32
1159542538121	1	FACE	659	PRES1_NPPN	Correct	LL1	PP1	Target_NPPN	0	PRACTICE
1159542542070	1	FACE	659	CUE	Correct	LL1	PP1	Target_NPPN	0	PRACTICE
1159542542729	0	FACE	659	RESP	Correct	LL1	PP1	Target_NPPN	0	PRACTICE
1159542548211	0	TRIAL	1
1159542552367	1	FACE	738	PRES1_NPPP	Correct	LL1	PP0	Lure_NNNN	0	PRACTICE
1159542556399	1	FACE	738	CUE	Correct	LL1	PP0	Lure_NNNN	0	PRACTICE
1159542557137	0	FACE	738	RESP	Correct	LL1	PP0	Lure_NNNN	0	PRACTICE
1159542557170	0	TRIAL	2
1159542560247	1	FACE	668	PRES1_PNPN	Correct	LL1	PP1	Target_PNPN	0	PRACTICE
1159542564196	1	FACE	668	CUE	Correct	LL1	PP1	Target_PNPN	0	PRACTICE
1159542564864	0	FACE	668	RESP	Correct	LL1	PP1	Target_PNPN	0	PRACTICE
1159542564901	0	TRIAL	3
1159542567794	1	FACE	797	PRES1_PNNN	Correct	LL1	PP0	Lure_PPPN	0	PRACTICE
1159542571843	1	FACE	797	CUE	Correct	LL1	PP0	Lure_PPPN	0	PRACTICE
1159542572640	0	FACE	797	RESP	Correct	LL1	PP0	Lure_PPPN	0	PRACTICE
1159542572653	0	TRIAL	4
1159542575625	1	FACE	689	PRES1_NNPN	Correct	LL1	PP0	Lure_NPPP	0	PRACTICE
1159542579607	1	FACE	689	CUE	Correct	LL1	PP0	Lure_NPPP	0	PRACTICE
1159542580296	0	FACE	689	RESP	Correct	LL1	PP0	Lure_NPPP	0	PRACTICE
1159542580329	0	TRIAL	5
1159542583107	1	FACE	661	PRES1_NPPP	Correct	LL1	PP1	Target_NPPP	0	PRACTICE
1159542587122	1	FACE	661	CUE	Correct	LL1	PP1	Target_NPPP	0	PRACTICE
1159542587783	0	FACE	661	RESP	Correct	LL1	PP1	Target_NPPP	0	PRACTICE
1159542587809	0	TRIAL	6
1159542590853	1	FACE	572	PRES1_NPPN	Correct	LL1	PP1	Target_NPPN	0	PRACTICE
1159542594668	1	FACE	572	CUE	Correct	LL1	PP1	Target_NPPN	0	PRACTICE
1159542595240	0	FACE	572	RESP	Correct	LL1	PP1	Target_NPPN	0	PRACTICE
1159542595274	0	TRIAL	7
1159542598135	1	FACE	713	PRES1_NPNN	Correct	LL1	PP0	Lure_NNNP	0	PRACTICE
1159542602134	1	FACE	713	CUE	Correct	LL1	PP0	Lure_NNNP	0	PRACTICE
1159542602847	0	FACE	713	RESP	Correct	LL1	PP0	Lure_NNNP	0	PRACTICE
1159542602991	0	TRIAL	8
1159542605698	1	FACE	774	PRES1_PNNP	Incorrect	LL1	PP1	Target_PNNP	0	PRACTICE
1159542609497	1	FACE	774	CUE	Incorrect	LL1	PP1	Target_PNNP	0	PRACTICE
1159542610271	0	FACE	774	RESP	Incorrect	LL1	PP1	Target_PNNP	0	PRACTICE
1159542610303	0	TRIAL	9
1159542613230	1	FACE	682	PRES1_PNPP	Correct	LL1	PP0	Lure_PNNN	0	PRACTICE
1159542617212	1	FACE	682	CUE	Correct	LL1	PP0	Lure_PNNN	0	PRACTICE
1159542617894	0	FACE	682	RESP	Correct	LL1	PP0	Lure_PNNN	0	PRACTICE
1159542617932	0	TRIAL	10
1159542620676	1	FACE	666	PRES1_PPNP	Correct	LL1	PP0	Lure_NPNP	0	PRACTICE
1159542624509	1	FACE	666	CUE	Correct	LL1	PP0	Lure_NPNP	0	PRACTICE
1159542625175	0	FACE	666	RESP	Correct	LL1	PP0	Lure_NPNP	0	PRACTICE
1159542625214	0	TRIAL	11
1159542628208	1	FACE	603	PRES1_NPNP	Correct	LL1	PP1	Target_NPNP	0	PRACTICE
1159542632243	1	FACE	603	CUE	Correct	LL1	PP1	Target_NPNP	0	PRACTICE
1159542632846	0	FACE	603	RESP	Correct	LL1	PP1	Target_NPNP	0	PRACTICE
1159542632861	0	TRIAL	12
1159542635638	1	FACE	1142	PRES1_NNNP	Correct	LL1	PP0	Lure_NNPN	0	PRACTICE
1159542639471	1	FACE	1142	CUE	Correct	LL1	PP0	Lure_NNPN	0	PRACTICE
1159542640613	0	FACE	1142	RESP	Correct	LL1	PP0	Lure_NNPN	0	PRACTICE
1159542640643	0	TRIAL	13
1159542643387	1	FACE	779	PRES1_NNPP	Correct	LL1	PP0	Lure_PNPN	0	PRACTICE
1159542647235	1	FACE	779	CUE	Correct	LL1	PP0	Lure_PNPN	0	PRACTICE
1159542648014	0	FACE	779	RESP	Correct	LL1	PP0	Lure_PNPN	0	PRACTICE
1159542648041	0	TRIAL	14
1159542651151	1	FACE	755	PRES1_NNNN	Correct	LL1	PP0	Lure_PNNP	0	PRACTICE
1159542655066	1	FACE	755	CUE	Correct	LL1	PP0	Lure_PNNP	0	PRACTICE
1159542655821	0	FACE	755	RESP	Correct	LL1	PP0	Lure_PNNP	0	PRACTICE
1159542655853	0	TRIAL	15
1159542658697	1	FACE	963	PRES1_PPNN	Correct	LL1	PP0	Lure_PNPP	0	PRACTICE
1159542662546	1	FACE	963	CUE	Correct	LL1	PP0	Lure_PNPP	0	PRACTICE
1159542663509	0	FACE	963	RESP	Correct	LL1	PP0	Lure_PNPP	0	PRACTICE
1159542663521	0	TRIAL	16
1159542666329	1	FACE	819	PRES1_NPPN	Incorrect	LL1	PP0	Lure_PPPP	0	PRACTICE
1159542670194	1	FACE	819	CUE	Incorrect	LL1	PP0	Lure_PPPP	0	PRACTICE
1159542671013	0	FACE	819	RESP	Incorrect	LL1	PP0	Lure_PPPP	0	PRACTICE
1159542671051	0	TRIAL	17
1159542673976	1	FACE	742	PRES1_PNPN	Correct	LL1	PP0	Lure_NNPP	0	PRACTICE
1159542677958	1	FACE	742	CUE	Correct	LL1	PP0	Lure_NNPP	0	PRACTICE
1159542678700	0	FACE	742	RESP	Correct	LL1	PP0	Lure_NNPP	0	PRACTICE
1159542678729	0	TRIAL	18
1159542681474	1	FACE	723	PRES1_PPPP	Correct	LL1	PP1	Target_PPPP	0	PRACTICE
1159542685522	1	FACE	723	CUE	Correct	LL1	PP1	Target_PPPP	0	PRACTICE
1159542686245	0	FACE	723	RESP	Correct	LL1	PP1	Target_PPPP	0	PRACTICE
1159542686280	0	TRIAL	19
1159542689055	1	FACE	767	PRES1_PPPN	Incorrect	LL1	PP0	Lure_PPNN	0	PRACTICE
1159542692853	1	FACE	767	CUE	Incorrect	LL1	PP0	Lure_PPNN	0	PRACTICE
1159542693620	0	FACE	767	RESP	Incorrect	LL1	PP0	Lure_PPNN	0	PRACTICE
1159542693641	0	TRIAL	20
1159542696735	1	FACE	1137	PRES1_NPNP	Correct	LL1	PP0	Lure_NPNN	0	PRACTICE
1159542700650	1	FACE	1137	CUE	Correct	LL1	PP0	Lure_NPNN	0	PRACTICE
1159542701787	0	FACE	1137	RESP	Correct	LL1	PP0	Lure_NPNN	0	PRACTICE
1159542701823	0	TRIAL	21
1159542704632	1	FACE	797	PRES1_NNPN	Correct	LL1	PP1	Target_NNPN	0	PRACTICE
1159542708647	1	FACE	797	CUE	Correct	LL1	PP1	Target_NNPN	0	PRACTICE
1159542709444	0	FACE	797	RESP	Correct	LL1	PP1	Target_NNPN	0	PRACTICE
1159542709470	0	TRIAL	22
1159542712247	1	FACE	989	PRES1_PNNP	Correct	LL1	PP0	Lure_PPNP	0	PRACTICE
1159542716079	1	FACE	989	CUE	Correct	LL1	PP0	Lure_PPNP	0	PRACTICE
1159542717068	0	FACE	989	RESP	Correct	LL1	PP0	Lure_PPNP	0	PRACTICE
1159542717101	0	TRIAL	23
1159542719910	1	FACE	589	PRES1_NNNP	Correct	LL1	PP1	Target_NNNP	0	PRACTICE
1159542723726	1	FACE	589	CUE	Correct	LL1	PP1	Target_NNNP	0	PRACTICE
1159542724315	1	FACE	589	RESP	Correct	LL1	PP1	Target_NNNP	0	PRACTICE
1159542724333	0	TRIAL	24
1159542727126	1	FACE	730	PRES1_PNPP	Correct	LL1	PP1	Target_PNPP	0	PRACTICE
1159542731008	1	FACE	730	CUE	Correct	LL1	PP1	Target_PNPP	0	PRACTICE
1159542731738	0	FACE	730	RESP	Correct	LL1	PP1	Target_PNPP	0	PRACTICE
1159542731762	0	TRIAL	25
1159542734889	1	FACE	569	PRES1_NNNN	Correct	LL1	PP1	Target_NNNN	0	PRACTICE
1159542738921	1	FACE	569	CUE	Correct	LL1	PP1	Target_NNNN	0	PRACTICE
1159542739490	0	FACE	569	RESP	Correct	LL1	PP1	Target_NNNN	0	PRACTICE
1159542739527	0	TRIAL	26
1159542742304	1	FACE	557	PRES1_PPNN	Correct	LL1	PP1	Target_PPNN	0	PRACTICE
1159542746269	1	FACE	557	CUE	Correct	LL1	PP1	Target_PPNN	0	PRACTICE
1159542746826	0	FACE	557	RESP	Correct	LL1	PP1	Target_PPNN	0	PRACTICE
1159542746858	0	TRIAL	27
1159542749767	1	FACE	747	PRES1_PPPP	Incorrect	LL1	PP0	Lure_NPPN	0	PRACTICE
1159542753766	1	FACE	747	CUE	Incorrect	LL1	PP0	Lure_NPPN	0	PRACTICE
1159542754513	1	FACE	747	RESP	Incorrect	LL1	PP0	Lure_NPPN	0	PRACTICE
1159542754537	0	TRIAL	28
1159542757432	1	FACE	960	PRES1_PPNP	Correct	LL1	PP1	Target_PPNP	0	PRACTICE
1159542761530	1	FACE	960	CUE	Correct	LL1	PP1	Target_PPNP	0	PRACTICE
1159542762490	12	FACE	960	RESP	Correct	LL1	PP1	Target_PPNP	0	PRACTICE
1159542762535	0	TRIAL	29
1159542765330	1	FACE	657	PRES1_PNNN	Correct	LL1	PP1	Target_PNNN	0	PRACTICE
1159542769345	1	FACE	657	CUE	Correct	LL1	PP1	Target_PNNN	0	PRACTICE
1159542770002	0	FACE	657	RESP	Correct	LL1	PP1	Target_PNNN	0	PRACTICE
1159542770034	0	TRIAL	30
1159542772843	1	FACE	730	PRES1_NPNN	Correct	LL1	PP1	Target_NPNN	0	PRACTICE
1159542776775	1	FACE	730	CUE	Correct	LL1	PP1	Target_NPNN	0	PRACTICE
1159542777505	0	FACE	730	RESP	Correct	LL1	PP1	Target_NPNN	0	PRACTICE
1159542777531	0	TRIAL	31
1159542780291	1	FACE	768	PRES1_NNPP	Correct	LL1	PP1	Target_NNPP	0	PRACTICE
1159542784057	1	FACE	768	CUE	Correct	LL1	PP1	Target_NNPP	0	PRACTICE
1159542784825	0	FACE	768	RESP	Correct	LL1	PP1	Target_NNPP	0	PRACTICE
1159542784861	0	TRIAL	32
1159542787688	1	FACE	801	PRES1_PPPN	Correct	LL1	PP1	Target_PPPN	0	PRACTICE
1159542791687	1	FACE	801	CUE	Correct	LL1	PP1	Target_PPPN	0	PRACTICE
1159542792488	0	FACE	801	RESP	Correct	LL1	PP1	Target_PPPN	0	PRACTICE
1159542805976	0	SESS_END	1
1159542805984	0	E	Logging Ends
