1169673029884	0	B	Logging Begins
1169673029885	0	SESS_START	0
1169674764098	0	TRIAL	1
1169674774791	1	FACE	516	PRES1_PNPP	Correct	LL1	PP1	Target_PNPP	6	0	PRACTICE
1169674778781	1	FACE	516	CUE	Correct	LL1	PP1	Target_PNPP	6	0	PRACTICE
1169674779297	0	FACE	516	RESP	Correct	LL1	PP1	Target_PNPP	6	0	PRACTICE
1169674779331	0	TRIAL	2
1169674783067	1	FACE	1287	PRES1_PNNN	Correct	LL1	PP1	Target_PNNN	4	0	PRACTICE
1169674786923	1	FACE	1287	CUE	Correct	LL1	PP1	Target_PNNN	4	0	PRACTICE
1169674788210	0	FACE	1287	RESP	Correct	LL1	PP1	Target_PNNN	4	0	PRACTICE
1169674788246	0	TRIAL	3
1169674791422	1	FACE	1277	PRES1_NPPP	Correct	LL1	PP0	Lure_NPPN	2	0	PRACTICE
1169674795308	1	FACE	1277	CUE	Correct	LL1	PP0	Lure_NPPN	2	0	PRACTICE
1169674796585	0	FACE	1277	RESP	Correct	LL1	PP0	Lure_NPPN	2	0	PRACTICE
1169674796609	0	TRIAL	4
1169674799926	1	FACE	1343	PRES1_NPNP	Correct	LL1	PP0	Lure_NPNN	3	0	PRACTICE
1169674803907	1	FACE	1343	CUE	Correct	LL1	PP0	Lure_NPNN	3	0	PRACTICE
1169674805250	0	FACE	1343	RESP	Correct	LL1	PP0	Lure_NPNN	3	0	PRACTICE
1169674805275	0	TRIAL	5
1169674808278	1	FACE	1291	PRES1_PNNP	Correct	LL1	PP0	Lure_PPNN	1	0	PRACTICE
1169674812190	1	FACE	1291	CUE	Correct	LL1	PP0	Lure_PPNN	1	0	PRACTICE
1169674813481	0	FACE	1291	RESP	Correct	LL1	PP0	Lure_PPNN	1	0	PRACTICE
1169674813521	0	TRIAL	6
1169674816569	1	FACE	1012	PRES1_NPPN	Correct	LL1	PP1	Target_NPPN	4	0	PRACTICE
1169674820485	1	FACE	1012	CUE	Correct	LL1	PP1	Target_NPPN	4	0	PRACTICE
1169674821497	0	FACE	1012	RESP	Correct	LL1	PP1	Target_NPPN	4	0	PRACTICE
1169674821535	0	TRIAL	7
1169674824384	1	FACE	1167	PRES1_PPPP	Correct	LL1	PP1	Target_PPPP	6	0	PRACTICE
1169674828211	1	FACE	1167	CUE	Correct	LL1	PP1	Target_PPPP	6	0	PRACTICE
1169674829378	0	FACE	1167	RESP	Correct	LL1	PP1	Target_PPPP	6	0	PRACTICE
1169674829418	0	TRIAL	8
1169674832418	1	FACE	1228	PRES1_PPNN	Correct	LL1	PP0	Lure_PNPP	1	0	PRACTICE
1169674836405	1	FACE	1228	CUE	Correct	LL1	PP0	Lure_PNPP	1	0	PRACTICE
1169674837633	0	FACE	1228	RESP	Correct	LL1	PP0	Lure_PNPP	1	0	PRACTICE
1169674837664	0	TRIAL	9
1169674840737	1	FACE	1552	PRES1_PNPP	Correct	LL1	PP0	Lure_PNPN	2	0	PRACTICE
1169674844674	1	FACE	1552	CUE	Correct	LL1	PP0	Lure_PNPN	2	0	PRACTICE
1169674846226	0	FACE	1552	RESP	Correct	LL1	PP0	Lure_PNPN	2	0	PRACTICE
1169674846266	0	TRIAL	10
1169674849194	1	FACE	1161	PRES1_NNPP	Correct	LL1	PP1	Target_NNPP	5	0	PRACTICE
1169674852953	1	FACE	1161	CUE	Correct	LL1	PP1	Target_NNPP	5	0	PRACTICE
1169674854114	0	FACE	1161	RESP	Correct	LL1	PP1	Target_NNPP	5	0	PRACTICE
1169674854144	0	TRIAL	11
1169674857001	1	FACE	1002	PRES1_NNNP	Correct	LL1	PP0	Lure_PPPN	1	0	PRACTICE
1169674860736	1	FACE	1002	CUE	Correct	LL1	PP0	Lure_PPPN	1	0	PRACTICE
1169674861738	0	FACE	1002	RESP	Correct	LL1	PP0	Lure_PPPN	1	0	PRACTICE
1169674861774	0	TRIAL	12
1169674864643	1	FACE	939	PRES1_PPPN	Correct	LL1	PP0	Lure_NPPP	1	0	PRACTICE
1169674868464	1	FACE	939	CUE	Correct	LL1	PP0	Lure_NPPP	1	0	PRACTICE
1169674869403	0	FACE	939	RESP	Correct	LL1	PP0	Lure_NPPP	1	0	PRACTICE
1169674869439	0	TRIAL	13
1169674872276	1	FACE	668	PRES1_NNPN	Correct	LL1	PP0	Lure_PPPP	2	0	PRACTICE
1169674876110	1	FACE	668	CUE	Correct	LL1	PP0	Lure_PPPP	2	0	PRACTICE
1169674876778	0	FACE	668	RESP	Correct	LL1	PP0	Lure_PPPP	2	0	PRACTICE
1169674876803	0	TRIAL	14
1169674879733	1	FACE	963	PRES1_PNPN	Correct	LL1	PP0	Lure_NPNP	1	0	PRACTICE
1169674883551	1	FACE	963	CUE	Correct	LL1	PP0	Lure_NPNP	1	0	PRACTICE
1169674884514	0	FACE	963	RESP	Correct	LL1	PP0	Lure_NPNP	1	0	PRACTICE
1169674884551	0	TRIAL	15
1169674887369	1	FACE	1062	PRES1_NPPN	Correct	LL1	PP0	Lure_PPNP	1	0	PRACTICE
1169674891165	1	FACE	1062	CUE	Correct	LL1	PP0	Lure_PPNP	1	0	PRACTICE
1169674892227	0	FACE	1062	RESP	Correct	LL1	PP0	Lure_PPNP	1	0	PRACTICE
1169674892267	0	TRIAL	16
1169674895072	1	FACE	1097	PRES1_NNNN	Correct	LL1	PP0	Lure_NNNP	2	0	PRACTICE
1169674899002	1	FACE	1097	CUE	Correct	LL1	PP0	Lure_NNNP	2	0	PRACTICE
1169674900099	0	FACE	1097	RESP	Correct	LL1	PP0	Lure_NNNP	2	0	PRACTICE
1169674900131	0	TRIAL	17
1169674903130	1	FACE	1118	PRES1_PPNP	Correct	LL1	PP0	Lure_NNPP	2	0	PRACTICE
1169674907077	1	FACE	1118	CUE	Correct	LL1	PP0	Lure_NNPP	2	0	PRACTICE
1169674908195	0	FACE	1118	RESP	Correct	LL1	PP0	Lure_NNPP	2	0	PRACTICE
1169674908229	0	TRIAL	18
1169674911114	1	FACE	1269	PRES1_PPNN	Correct	LL1	PP1	Target_PPNN	5	0	PRACTICE
1169674915046	1	FACE	1269	CUE	Correct	LL1	PP1	Target_PPNN	5	0	PRACTICE
1169674916315	0	FACE	1269	RESP	Correct	LL1	PP1	Target_PPNN	5	0	PRACTICE
1169674916344	0	TRIAL	19
1169674919281	1	FACE	1291	PRES1_NNPN	Correct	LL1	PP1	Target_NNPN	4	0	PRACTICE
1169674923096	1	FACE	1291	CUE	Correct	LL1	PP1	Target_NNPN	4	0	PRACTICE
1169674924387	0	FACE	1291	RESP	Correct	LL1	PP1	Target_NNPN	4	0	PRACTICE
1169674924436	0	TRIAL	20
1169674927572	1	FACE	1156	PRES1_PPPP	Correct	LL1	PP0	Lure_NNNN	2	0	PRACTICE
1169674931502	1	FACE	1156	CUE	Correct	LL1	PP0	Lure_NNNN	2	0	PRACTICE
1169674932658	0	FACE	1156	RESP	Correct	LL1	PP0	Lure_NNNN	2	0	PRACTICE
1169674932689	0	TRIAL	21
1169674935436	1	FACE	1219	PRES1_PNNN	Incorrect	LL1	PP0	Lure_PNNP	4	0	PRACTICE
1169674939440	1	FACE	1219	CUE	Incorrect	LL1	PP0	Lure_PNNP	4	0	PRACTICE
1169674940659	0	FACE	1219	RESP	Incorrect	LL1	PP0	Lure_PNNP	4	0	PRACTICE
1169674940686	0	TRIAL	22
1169674943701	1	FACE	1685	PRES1_NNNN	Correct	LL1	PP1	Target_NNNN	4	0	PRACTICE
1169674947663	1	FACE	1685	CUE	Correct	LL1	PP1	Target_NNNN	4	0	PRACTICE
1169674949348	0	FACE	1685	RESP	Correct	LL1	PP1	Target_NNNN	4	0	PRACTICE
1169674949384	0	TRIAL	23
1169674952667	1	FACE	1350	PRES1_PPNP	Correct	LL1	PP1	Target_PPNP	5	0	PRACTICE
1169674956445	1	FACE	1350	CUE	Correct	LL1	PP1	Target_PPNP	5	0	PRACTICE
1169674957795	0	FACE	1350	RESP	Correct	LL1	PP1	Target_PPNP	5	0	PRACTICE
1169674957831	0	TRIAL	24
1169674960625	1	FACE	1534	PRES1_PPPN	Incorrect	LL1	PP1	Target_PPPN	3	0	PRACTICE
1169674964534	1	FACE	1534	CUE	Incorrect	LL1	PP1	Target_PPPN	3	0	PRACTICE
1169674966068	0	FACE	1534	RESP	Incorrect	LL1	PP1	Target_PPPN	3	0	PRACTICE
1169674966097	0	TRIAL	25
1169674969086	1	FACE	1365	PRES1_PNPN	Correct	LL1	PP1	Target_PNPN	5	0	PRACTICE
1169674972823	1	FACE	1365	CUE	Correct	LL1	PP1	Target_PNPN	5	0	PRACTICE
1169674974188	0	FACE	1365	RESP	Correct	LL1	PP1	Target_PNPN	5	0	PRACTICE
1169674974228	0	TRIAL	26
1169674977194	1	FACE	1397	PRES1_NPNN	Correct	LL1	PP0	Lure_NNPN	2	0	PRACTICE
1169674981102	1	FACE	1397	CUE	Correct	LL1	PP0	Lure_NNPN	2	0	PRACTICE
1169674982499	0	FACE	1397	RESP	Correct	LL1	PP0	Lure_NNPN	2	0	PRACTICE
1169674982524	0	TRIAL	27
1169674985394	1	FACE	1435	PRES1_NNPP	Correct	LL1	PP0	Lure_PNNN	1	0	PRACTICE
1169674989200	1	FACE	1435	CUE	Correct	LL1	PP0	Lure_PNNN	1	0	PRACTICE
1169674990635	0	FACE	1435	RESP	Correct	LL1	PP0	Lure_PNNN	1	0	PRACTICE
1169674990672	0	TRIAL	28
1169674993467	1	FACE	1627	PRES1_NNNP	Correct	LL1	PP1	Target_NNNP	5	0	PRACTICE
1169674997336	1	FACE	1627	CUE	Correct	LL1	PP1	Target_NNNP	5	0	PRACTICE
1169674998963	0	FACE	1627	RESP	Correct	LL1	PP1	Target_NNNP	5	0	PRACTICE
1169674999005	0	TRIAL	29
1169675001897	1	FACE	1443	PRES1_NPNN	Correct	LL1	PP1	Target_NPNN	4	0	PRACTICE
1169675005801	1	FACE	1443	CUE	Correct	LL1	PP1	Target_NPNN	4	0	PRACTICE
1169675007244	0	FACE	1443	RESP	Correct	LL1	PP1	Target_NPNN	4	0	PRACTICE
1169675007268	0	TRIAL	30
1169675010207	1	FACE	1107	PRES1_PNNP	Correct	LL1	PP1	Target_PNNP	5	0	PRACTICE
1169675013929	1	FACE	1107	CUE	Correct	LL1	PP1	Target_PNNP	5	0	PRACTICE
1169675015036	1	FACE	1107	RESP	Correct	LL1	PP1	Target_PNNP	5	0	PRACTICE
1169675015067	0	TRIAL	31
1169675018032	1	FACE	1429	PRES1_NPPP	Correct	LL1	PP1	Target_NPPP	5	0	PRACTICE
1169675021784	1	FACE	1429	CUE	Correct	LL1	PP1	Target_NPPP	5	0	PRACTICE
1169675023213	0	FACE	1429	RESP	Correct	LL1	PP1	Target_NPPP	5	0	PRACTICE
1169675023248	0	TRIAL	32
1169675026213	1	FACE	739	PRES1_NPNP	Correct	LL1	PP1	Target_NPNP	5	0	PRACTICE
1169675029993	1	FACE	739	CUE	Correct	LL1	PP1	Target_NPNP	5	0	PRACTICE
1169675030732	0	FACE	739	RESP	Correct	LL1	PP1	Target_NPNP	5	0	PRACTICE
1169675042006	0	TRIAL	1
1169675047618	1	FACE	1083	PRES1_PPPN	Correct	LL1	PP1	Target_PPPN	6	0	PRACTICE
1169675051513	1	FACE	1083	CUE	Correct	LL1	PP1	Target_PPPN	6	0	PRACTICE
1169675052596	0	FACE	1083	RESP	Correct	LL1	PP1	Target_PPPN	6	0	PRACTICE
1169675052622	0	TRIAL	2
1169675055685	1	FACE	888	PRES1_PNPP	Correct	LL1	PP0	Lure_NPNP	1	0	PRACTICE
1169675059477	1	FACE	888	CUE	Correct	LL1	PP0	Lure_NPNP	1	0	PRACTICE
1169675060365	0	FACE	888	RESP	Correct	LL1	PP0	Lure_NPNP	1	0	PRACTICE
1169675060405	0	TRIAL	3
1169675063442	1	FACE	829	PRES1_NPNP	Correct	LL1	PP1	Target_NPNP	6	0	PRACTICE
1169675067448	1	FACE	829	CUE	Correct	LL1	PP1	Target_NPNP	6	0	PRACTICE
1169675068277	0	FACE	829	RESP	Correct	LL1	PP1	Target_NPNP	6	0	PRACTICE
1169675068301	0	TRIAL	4
1169675071080	1	FACE	1054	PRES1_PPPP	Incorrect	LL1	PP0	Lure_NNPP	4	0	PRACTICE
1169675075079	1	FACE	1054	CUE	Incorrect	LL1	PP0	Lure_NNPP	4	0	PRACTICE
1169675076133	0	FACE	1054	RESP	Incorrect	LL1	PP0	Lure_NNPP	4	0	PRACTICE
1169675076166	0	TRIAL	5
1169675079236	1	FACE	1294	PRES1_PNNN	Correct	LL1	PP0	Lure_PPPN	2	0	PRACTICE
1169675083135	1	FACE	1294	CUE	Correct	LL1	PP0	Lure_PPPN	2	0	PRACTICE
1169675084429	0	FACE	1294	RESP	Correct	LL1	PP0	Lure_PPPN	2	0	PRACTICE
1169675084465	0	TRIAL	6
1169675087426	1	FACE	904	PRES1_PPNP	Correct	LL1	PP0	Lure_NNNN	2	0	PRACTICE
1169675091214	1	FACE	904	CUE	Correct	LL1	PP0	Lure_NNNN	2	0	PRACTICE
1169675092118	0	FACE	904	RESP	Correct	LL1	PP0	Lure_NNNN	2	0	PRACTICE
1169675092145	0	TRIAL	7
1169675095075	1	FACE	1077	PRES1_PPPP	Correct	LL1	PP1	Target_PPPP	5	0	PRACTICE
1169675099001	1	FACE	1077	CUE	Correct	LL1	PP1	Target_PPPP	5	0	PRACTICE
1169675100078	0	FACE	1077	RESP	Correct	LL1	PP1	Target_PPPP	5	0	PRACTICE
1169675100109	0	TRIAL	8
1169675102913	1	FACE	832	PRES1_NNNP	Correct	LL1	PP1	Target_NNNP	6	0	PRACTICE
1169675106741	1	FACE	832	CUE	Correct	LL1	PP1	Target_NNNP	6	0	PRACTICE
1169675107573	0	FACE	832	RESP	Correct	LL1	PP1	Target_NNNP	6	0	PRACTICE
1169675107606	0	TRIAL	9
1169675110431	1	FACE	1035	PRES1_NPPP	Correct	LL1	PP0	Lure_PPNN	1	0	PRACTICE
1169675114411	1	FACE	1035	CUE	Correct	LL1	PP0	Lure_PPNN	1	0	PRACTICE
1169675115446	0	FACE	1035	RESP	Correct	LL1	PP0	Lure_PPNN	1	0	PRACTICE
1169675115471	0	TRIAL	10
1169675118218	1	FACE	930	PRES1_PPNN	Incorrect	LL1	PP0	Lure_PNPN	6	0	PRACTICE
1169675122051	1	FACE	930	CUE	Incorrect	LL1	PP0	Lure_PNPN	6	0	PRACTICE
1169675122981	0	FACE	930	RESP	Incorrect	LL1	PP0	Lure_PNPN	6	0	PRACTICE
1169675123020	0	TRIAL	11
1169675126283	1	FACE	1258	PRES1_NNPN	Correct	LL1	PP1	Target_NNPN	5	0	PRACTICE
1169675130211	1	FACE	1258	CUE	Correct	LL1	PP1	Target_NNPN	5	0	PRACTICE
1169675131469	0	FACE	1258	RESP	Correct	LL1	PP1	Target_NNPN	5	0	PRACTICE
1169675131500	0	TRIAL	12
1169675134613	1	FACE	1489	PRES1_NNNP	Correct	LL1	PP0	Lure_PPNP	1	0	PRACTICE
1169675138460	1	FACE	1489	CUE	Correct	LL1	PP0	Lure_PPNP	1	0	PRACTICE
1169675139949	0	FACE	1489	RESP	Correct	LL1	PP0	Lure_PPNP	1	0	PRACTICE
1169675139981	0	TRIAL	13
1169675142930	1	FACE	1067	PRES1_PPNN	Correct	LL1	PP1	Target_PPNN	5	0	PRACTICE
1169675146714	1	FACE	1067	CUE	Correct	LL1	PP1	Target_PPNN	5	0	PRACTICE
1169675147781	0	FACE	1067	RESP	Correct	LL1	PP1	Target_PPNN	5	0	PRACTICE
1169675147813	0	TRIAL	14
1169675150806	1	FACE	1250	PRES1_NNPP	Incorrect	LL1	PP0	Lure_NNPN	4	0	PRACTICE
1169675154747	1	FACE	1250	CUE	Incorrect	LL1	PP0	Lure_NNPN	4	0	PRACTICE
1169675155997	0	FACE	1250	RESP	Incorrect	LL1	PP0	Lure_NNPN	4	0	PRACTICE
1169675156028	0	TRIAL	15
1169675159102	1	FACE	1199	PRES1_PNNP	Correct	LL1	PP0	Lure_PNNN	2	0	PRACTICE
1169675163119	1	FACE	1199	CUE	Correct	LL1	PP0	Lure_PNNN	2	0	PRACTICE
1169675164318	1	FACE	1199	RESP	Correct	LL1	PP0	Lure_PNNN	2	0	PRACTICE
1169675164358	0	TRIAL	16
1169675172840	1	FACE	1458	PRES1_NPPN	Incorrect	LL1	PP0	Lure_NNNP	4	0	PRACTICE
1169675176614	1	FACE	1458	CUE	Incorrect	LL1	PP0	Lure_NNNP	4	0	PRACTICE
1169675178072	0	FACE	1458	RESP	Incorrect	LL1	PP0	Lure_NNNP	4	0	PRACTICE
1169675178105	0	TRIAL	17
1169675181120	1	FACE	2438	PRES1_NPPP	Correct	LL1	PP1	Target_NPPP	4	0	PRACTICE
1169675184953	1	FACE	2438	CUE	Correct	LL1	PP1	Target_NPPP	4	0	PRACTICE
1169675187391	0	FACE	2438	RESP	Correct	LL1	PP1	Target_NPPP	4	0	PRACTICE
1169675187419	0	TRIAL	18
1169675190496	1	FACE	1263	PRES1_NNPN	Correct	LL1	PP0	Lure_NPNN	3	0	PRACTICE
1169675194399	1	FACE	1263	CUE	Correct	LL1	PP0	Lure_NPNN	3	0	PRACTICE
1169675195662	0	FACE	1263	RESP	Correct	LL1	PP0	Lure_NPNN	3	0	PRACTICE
1169675195700	0	TRIAL	19
1169675198653	1	FACE	1127	PRES1_PNNN	Correct	LL1	PP1	Target_PNNN	5	0	PRACTICE
1169675202447	1	FACE	1127	CUE	Correct	LL1	PP1	Target_PNNN	5	0	PRACTICE
1169675203574	0	FACE	1127	RESP	Correct	LL1	PP1	Target_PNNN	5	0	PRACTICE
1169675203614	0	TRIAL	20
1169675206370	1	FACE	1083	PRES1_PNPN	Incorrect	LL1	PP0	Lure_PNPP	4	0	PRACTICE
1169675210284	1	FACE	1083	CUE	Incorrect	LL1	PP0	Lure_PNPP	4	0	PRACTICE
1169675211367	0	FACE	1083	RESP	Incorrect	LL1	PP0	Lure_PNPP	4	0	PRACTICE
1169675211396	0	TRIAL	21
1169675214341	1	FACE	833	PRES1_NPPN	Correct	LL1	PP1	Target_NPPN	5	0	PRACTICE
1169675218093	1	FACE	833	CUE	Correct	LL1	PP1	Target_NPPN	5	0	PRACTICE
1169675218926	0	FACE	833	RESP	Correct	LL1	PP1	Target_NPPN	5	0	PRACTICE
1169675218960	0	TRIAL	22
1169675221853	1	FACE	734	PRES1_NNPP	Correct	LL1	PP1	Target_NNPP	5	0	PRACTICE
1169675225888	1	FACE	734	CUE	Correct	LL1	PP1	Target_NNPP	5	0	PRACTICE
1169675226622	0	FACE	734	RESP	Correct	LL1	PP1	Target_NNPP	5	0	PRACTICE
1169675226657	0	TRIAL	23
1169675229578	1	FACE	493	PRES1_PPNP	Correct	LL1	PP1	Target_PPNP	5	0	PRACTICE
1169675233650	1	FACE	493	CUE	Correct	LL1	PP1	Target_PPNP	5	0	PRACTICE
1169675234143	0	FACE	493	RESP	Correct	LL1	PP1	Target_PPNP	5	0	PRACTICE
1169675234174	0	TRIAL	24
1169675236982	1	FACE	845	PRES1_NNNN	Correct	LL1	PP1	Target_NNNN	5	0	PRACTICE
1169675240881	1	FACE	845	CUE	Correct	LL1	PP1	Target_NNNN	5	0	PRACTICE
1169675241726	1	FACE	845	RESP	Correct	LL1	PP1	Target_NNNN	5	0	PRACTICE
1169675241753	0	TRIAL	25
1169675245339	1	FACE	718	PRES1_NPNN	Correct	LL1	PP1	Target_NPNN	5	0	PRACTICE
1169675249129	1	FACE	718	CUE	Correct	LL1	PP1	Target_NPNN	5	0	PRACTICE
1169675249847	0	FACE	718	RESP	Correct	LL1	PP1	Target_NPNN	5	0	PRACTICE
1169675249885	0	TRIAL	26
1169675252960	1	FACE	1262	PRES1_PPPN	Correct	LL1	PP0	Lure_PPPP	1	0	PRACTICE
1169675256930	1	FACE	1262	CUE	Correct	LL1	PP0	Lure_PPPP	1	0	PRACTICE
1169675258192	0	FACE	1262	RESP	Correct	LL1	PP0	Lure_PPPP	1	0	PRACTICE
1169675258216	0	TRIAL	27
1169675261217	1	FACE	965	PRES1_NPNP	Correct	LL1	PP0	Lure_PNNP	1	0	PRACTICE
1169675265099	1	FACE	965	CUE	Correct	LL1	PP0	Lure_PNNP	1	0	PRACTICE
1169675266064	0	FACE	965	RESP	Correct	LL1	PP0	Lure_PNNP	1	0	PRACTICE
1169675266098	0	TRIAL	28
1169675269379	1	FACE	1316	PRES1_PNNP	Correct	LL1	PP1	Target_PNNP	5	0	PRACTICE
1169675273235	1	FACE	1316	CUE	Correct	LL1	PP1	Target_PNNP	5	0	PRACTICE
1169675274551	0	FACE	1316	RESP	Correct	LL1	PP1	Target_PNNP	5	0	PRACTICE
1169675274578	0	TRIAL	29
1169675277534	1	FACE	686	PRES1_PNPP	Correct	LL1	PP1	Target_PNPP	5	0	PRACTICE
1169675281402	1	FACE	686	CUE	Correct	LL1	PP1	Target_PNPP	5	0	PRACTICE
1169675282088	0	FACE	686	RESP	Correct	LL1	PP1	Target_PNPP	5	0	PRACTICE
1169675282126	0	TRIAL	30
1169675285140	1	FACE	1095	PRES1_NNNN	Correct	LL1	PP0	Lure_NPPP	1	0	PRACTICE
1169675289049	1	FACE	1095	CUE	Correct	LL1	PP0	Lure_NPPP	1	0	PRACTICE
1169675290144	0	FACE	1095	RESP	Correct	LL1	PP0	Lure_NPPP	1	0	PRACTICE
1169675290174	0	TRIAL	31
1169675293096	1	FACE	1784	PRES1_PNPN	Correct	LL1	PP1	Target_PNPN	4	0	PRACTICE
1169675296983	1	FACE	1784	CUE	Correct	LL1	PP1	Target_PNPN	4	0	PRACTICE
1169675298767	0	FACE	1784	RESP	Correct	LL1	PP1	Target_PNPN	4	0	PRACTICE
1169675298804	0	TRIAL	32
1169675301624	1	FACE	1066	PRES1_NPNN	Correct	LL1	PP0	Lure_NPPN	2	0	PRACTICE
1169675305549	1	FACE	1066	CUE	Correct	LL1	PP0	Lure_NPPN	2	0	PRACTICE
1169675306615	0	FACE	1066	RESP	Correct	LL1	PP0	Lure_NPPN	2	0	PRACTICE
1169675319640	0	SESS_END	1
1169675319646	0	E	Logging Ends
