1192212290744	0	B	Logging Begins
1192212290745	0	SESS_START	0
1192213281510	0	TRIAL	1
1192213288110	1	FACE	2679	PRES1_PNPN	Incorrect	LL1	PP0	Lure_PPPP	4	0	PRACTICE
1192213291959	1	FACE	2679	CUE	Incorrect	LL1	PP0	Lure_PPPP	4	0	PRACTICE
1192213294638	0	FACE	2679	RESP	Incorrect	LL1	PP0	Lure_PPPP	4	0	PRACTICE
1192213294680	0	TRIAL	2
1192213298975	1	FACE	1934	PRES1_PPPN	Correct	LL1	PP0	Lure_PNPP	1	0	PRACTICE
1192213302759	1	FACE	1934	CUE	Correct	LL1	PP0	Lure_PNPP	1	0	PRACTICE
1192213304693	0	FACE	1934	RESP	Correct	LL1	PP0	Lure_PNPP	1	0	PRACTICE
1192213304730	0	TRIAL	3
1192213308226	1	FACE	4667	PRES1_NPNP	Incorrect	LL1	PP1	Target_NPNP	3	0	PRACTICE
1192213312226	1	FACE	4667	CUE	Incorrect	LL1	PP1	Target_NPNP	3	0	PRACTICE
1192213316893	0	FACE	4667	RESP	Incorrect	LL1	PP1	Target_NPNP	3	0	PRACTICE
1192213316931	0	TRIAL	4
1192213320276	1	FACE	1941	PRES1_PPNP	Correct	LL1	PP0	Lure_NNPN	1	0	PRACTICE
1192213324160	1	FACE	1941	CUE	Correct	LL1	PP0	Lure_NNPN	1	0	PRACTICE
1192213326101	0	FACE	1941	RESP	Correct	LL1	PP0	Lure_NNPN	1	0	PRACTICE
1192213326133	0	TRIAL	5
1192213330360	1	FACE	1666	PRES1_NNNN	Correct	LL1	PP1	Target_NNNN	5	0	PRACTICE
1192213334210	1	FACE	1666	CUE	Correct	LL1	PP1	Target_NNNN	5	0	PRACTICE
1192213335876	0	FACE	1666	RESP	Correct	LL1	PP1	Target_NNNN	5	0	PRACTICE
1192213335913	0	TRIAL	6
1192213338859	1	FACE	2114	PRES1_PPPN	Correct	LL1	PP1	Target_PPPN	4	0	PRACTICE
1192213342826	1	FACE	2114	CUE	Correct	LL1	PP1	Target_PPPN	4	0	PRACTICE
1192213344940	0	FACE	2114	RESP	Correct	LL1	PP1	Target_PPPN	4	0	PRACTICE
1192213344980	0	TRIAL	7
1192213347842	1	FACE	1645	PRES1_NPNN	Correct	LL1	PP1	Target_NPNN	5	0	PRACTICE
1192213351592	1	FACE	1645	CUE	Correct	LL1	PP1	Target_NPNN	5	0	PRACTICE
1192213353237	0	FACE	1645	RESP	Correct	LL1	PP1	Target_NPNN	5	0	PRACTICE
1192213353265	0	TRIAL	8
1192213356027	1	FACE	1290	PRES1_NPNP	Correct	LL1	PP0	Lure_NNNP	1	0	PRACTICE
1192213359826	1	FACE	1290	CUE	Correct	LL1	PP0	Lure_NNNP	1	0	PRACTICE
1192213361116	0	FACE	1290	RESP	Correct	LL1	PP0	Lure_NNNP	1	0	PRACTICE
1192213361148	0	TRIAL	9
1192213364060	1	FACE	2018	PRES1_PPNN	Correct	LL1	PP1	Target_PPNN	5	0	PRACTICE
1192213368010	1	FACE	2018	CUE	Correct	LL1	PP1	Target_PPNN	5	0	PRACTICE
1192213370028	0	FACE	2018	RESP	Correct	LL1	PP1	Target_PPNN	5	0	PRACTICE
1192213370068	0	TRIAL	10
1192213373060	1	FACE	736	PRES1_NNPN	Correct	LL1	PP1	Target_NNPN	6	0	PRACTICE
1192213376843	1	FACE	736	CUE	Correct	LL1	PP1	Target_NNPN	6	0	PRACTICE
1192213377579	0	FACE	736	RESP	Correct	LL1	PP1	Target_NNPN	6	0	PRACTICE
1192213377614	0	TRIAL	11
1192213380344	1	FACE	1649	PRES1_NNPP	Incorrect	LL1	PP1	Target_NNPP	2	0	PRACTICE
1192213384394	1	FACE	1649	CUE	Incorrect	LL1	PP1	Target_NNPP	2	0	PRACTICE
1192213386043	1	FACE	1649	RESP	Incorrect	LL1	PP1	Target_NNPP	2	0	PRACTICE
1192213386082	0	TRIAL	12
1192213389060	1	FACE	2345	PRES1_PPPP	Correct	LL1	PP0	Lure_NPPP	2	0	PRACTICE
1192213392826	1	FACE	2345	CUE	Correct	LL1	PP0	Lure_NPPP	2	0	PRACTICE
1192213395171	0	FACE	2345	RESP	Correct	LL1	PP0	Lure_NPPP	2	0	PRACTICE
1192213395199	0	TRIAL	13
1192213397926	1	FACE	1942	PRES1_NPPP	Correct	LL1	PP0	Lure_NNNN	1	0	PRACTICE
1192213401860	1	FACE	1942	CUE	Correct	LL1	PP0	Lure_NNNN	1	0	PRACTICE
1192213403802	0	FACE	1942	RESP	Correct	LL1	PP0	Lure_NNNN	1	0	PRACTICE
1192213403831	0	TRIAL	14
1192213411427	1	FACE	1193	PRES1_NNPN	Correct	LL1	PP0	Lure_NPNP	1	0	PRACTICE
1192213415344	1	FACE	1193	CUE	Correct	LL1	PP0	Lure_NPNP	1	0	PRACTICE
1192213416537	1	FACE	1193	RESP	Correct	LL1	PP0	Lure_NPNP	1	0	PRACTICE
1192213416565	0	TRIAL	15
1192213420094	1	FACE	1406	PRES1_PNNP	Correct	LL1	PP0	Lure_PPNN	1	0	PRACTICE
1192213423876	1	FACE	1406	CUE	Correct	LL1	PP0	Lure_PPNN	1	0	PRACTICE
1192213425282	0	FACE	1406	RESP	Correct	LL1	PP0	Lure_PPNN	1	0	PRACTICE
1192213425315	0	TRIAL	16
1192213428361	1	FACE	1686	PRES1_PNPP	Correct	LL1	PP1	Target_PNPP	5	0	PRACTICE
1192213432227	1	FACE	1686	CUE	Correct	LL1	PP1	Target_PNPP	5	0	PRACTICE
1192213433913	0	FACE	1686	RESP	Correct	LL1	PP1	Target_PNPP	5	0	PRACTICE
1192213433947	0	TRIAL	17
1192213436876	1	FACE	1576	PRES1_NPPP	Correct	LL1	PP1	Target_NPPP	6	0	PRACTICE
1192213440810	1	FACE	1576	CUE	Correct	LL1	PP1	Target_NPPP	6	0	PRACTICE
1192213442386	0	FACE	1576	RESP	Correct	LL1	PP1	Target_NPPP	6	0	PRACTICE
1192213442415	0	TRIAL	18
1192213445411	1	FACE	1162	PRES1_NPNN	Correct	LL1	PP0	Lure_PNPN	1	0	PRACTICE
1192213449311	1	FACE	1162	CUE	Correct	LL1	PP0	Lure_PNPN	1	0	PRACTICE
1192213450473	0	FACE	1162	RESP	Correct	LL1	PP0	Lure_PNPN	1	0	PRACTICE
1192213450500	0	TRIAL	19
1192213453328	1	FACE	1257	PRES1_NPPN	Correct	LL1	PP0	Lure_NNPP	1	0	PRACTICE
1192213457128	1	FACE	1257	CUE	Correct	LL1	PP0	Lure_NNPP	1	0	PRACTICE
1192213458385	0	FACE	1257	RESP	Correct	LL1	PP0	Lure_NNPP	1	0	PRACTICE
1192213458416	0	TRIAL	20
1192213461294	1	FACE	1369	PRES1_NNNP	Correct	LL1	PP0	Lure_PNNN	1	0	PRACTICE
1192213465128	1	FACE	1369	CUE	Correct	LL1	PP0	Lure_PNNN	1	0	PRACTICE
1192213466497	0	FACE	1369	RESP	Correct	LL1	PP0	Lure_PNNN	1	0	PRACTICE
1192213466533	0	TRIAL	21
1192213469444	1	FACE	1105	PRES1_PNNN	Correct	LL1	PP0	Lure_PPNP	1	0	PRACTICE
1192213473311	1	FACE	1105	CUE	Correct	LL1	PP0	Lure_PPNP	1	0	PRACTICE
1192213474416	0	FACE	1105	RESP	Correct	LL1	PP0	Lure_PPNP	1	0	PRACTICE
1192213474450	0	TRIAL	22
1192213477311	1	FACE	1218	PRES1_PNPP	Correct	LL1	PP0	Lure_NPPN	1	0	PRACTICE
1192213481094	1	FACE	1218	CUE	Correct	LL1	PP0	Lure_NPPN	1	0	PRACTICE
1192213482312	0	FACE	1218	RESP	Correct	LL1	PP0	Lure_NPPN	1	0	PRACTICE
1192213482350	0	TRIAL	23
1192213485228	1	FACE	1060	PRES1_NNNP	Correct	LL1	PP1	Target_NNNP	6	0	PRACTICE
1192213489228	1	FACE	1060	CUE	Correct	LL1	PP1	Target_NNNP	6	0	PRACTICE
1192213490288	0	FACE	1060	RESP	Correct	LL1	PP1	Target_NNNP	6	0	PRACTICE
1192213490315	0	TRIAL	24
1192213493128	1	FACE	1742	PRES1_PPPP	Correct	LL1	PP1	Target_PPPP	6	0	PRACTICE
1192213496977	1	FACE	1742	CUE	Correct	LL1	PP1	Target_PPPP	6	0	PRACTICE
1192213498719	0	FACE	1742	RESP	Correct	LL1	PP1	Target_PPPP	6	0	PRACTICE
1192213498748	0	TRIAL	25
1192213501594	1	FACE	3297	PRES1_PPNN	Correct	LL1	PP0	Lure_PNNP	1	0	PRACTICE
1192213505445	1	FACE	3297	CUE	Correct	LL1	PP0	Lure_PNNP	1	0	PRACTICE
1192213508742	0	FACE	3297	RESP	Correct	LL1	PP0	Lure_PNNP	1	0	PRACTICE
1192213508783	0	TRIAL	26
1192213511527	1	FACE	3023	PRES1_PNNN	Correct	LL1	PP1	Target_PNNN	6	0	PRACTICE
1192213515527	1	FACE	3023	CUE	Correct	LL1	PP1	Target_PNNN	6	0	PRACTICE
1192213518550	0	FACE	3023	RESP	Correct	LL1	PP1	Target_PNNN	6	0	PRACTICE
1192213518583	0	TRIAL	27
1192213521395	1	FACE	1514	PRES1_PNPN	Correct	LL1	PP1	Target_PNPN	5	0	PRACTICE
1192213525428	1	FACE	1514	CUE	Correct	LL1	PP1	Target_PNPN	5	0	PRACTICE
1192213526942	0	FACE	1514	RESP	Correct	LL1	PP1	Target_PNPN	5	0	PRACTICE
1192213526981	0	TRIAL	28
1192213529927	1	FACE	944	PRES1_NNPP	Correct	LL1	PP0	Lure_PPPN	1	0	PRACTICE
1192213533861	1	FACE	944	CUE	Correct	LL1	PP0	Lure_PPPN	1	0	PRACTICE
1192213534805	0	FACE	944	RESP	Correct	LL1	PP0	Lure_PPPN	1	0	PRACTICE
1192213534833	0	TRIAL	29
1192213537694	1	FACE	1340	PRES1_NPPN	Correct	LL1	PP1	Target_NPPN	6	0	PRACTICE
1192213541577	1	FACE	1340	CUE	Correct	LL1	PP1	Target_NPPN	6	0	PRACTICE
1192213542917	0	FACE	1340	RESP	Correct	LL1	PP1	Target_NPPN	6	0	PRACTICE
1192213542948	0	TRIAL	30
1192213545794	1	FACE	1453	PRES1_PPNP	Correct	LL1	PP1	Target_PPNP	5	0	PRACTICE
1192213549577	1	FACE	1453	CUE	Correct	LL1	PP1	Target_PPNP	5	0	PRACTICE
1192213551030	0	FACE	1453	RESP	Correct	LL1	PP1	Target_PPNP	5	0	PRACTICE
1192213551068	0	TRIAL	31
1192213553677	1	FACE	2049	PRES1_PNNP	Correct	LL1	PP1	Target_PNNP	5	0	PRACTICE
1192213557644	1	FACE	2049	CUE	Correct	LL1	PP1	Target_PNNP	5	0	PRACTICE
1192213559693	0	FACE	2049	RESP	Correct	LL1	PP1	Target_PNNP	5	0	PRACTICE
1192213559732	0	TRIAL	32
1192213562362	1	FACE	1615	PRES1_NNNN	Incorrect	LL1	PP0	Lure_NPNN	5	0	PRACTICE
1192213566245	1	FACE	1615	CUE	Incorrect	LL1	PP0	Lure_NPNN	5	0	PRACTICE
1192213567860	0	FACE	1615	RESP	Incorrect	LL1	PP0	Lure_NPNN	5	0	PRACTICE
1192213574942	0	TRIAL	1
1192213579928	1	FACE	2153	PRES1_NNPP	Correct	LL1	PP0	Lure_PNNN	1	0	PRACTICE
1192213583811	1	FACE	2153	CUE	Correct	LL1	PP0	Lure_PNNN	1	0	PRACTICE
1192213585964	0	FACE	2153	RESP	Correct	LL1	PP0	Lure_PNNN	1	0	PRACTICE
1192213585999	0	TRIAL	2
1192213589045	1	FACE	1181	PRES1_PNPP	Correct	LL1	PP0	Lure_NNNN	1	0	PRACTICE
1192213592911	1	FACE	1181	CUE	Correct	LL1	PP0	Lure_NNNN	1	0	PRACTICE
1192213594092	1	FACE	1181	RESP	Correct	LL1	PP0	Lure_NNNN	1	0	PRACTICE
1192213594134	0	TRIAL	3
1192213596961	1	FACE	1439	PRES1_NPPN	Correct	LL1	PP1	Target_NPPN	6	0	PRACTICE
1192213601045	1	FACE	1439	CUE	Correct	LL1	PP1	Target_NPPN	6	0	PRACTICE
1192213602484	0	FACE	1439	RESP	Correct	LL1	PP1	Target_NPPN	6	0	PRACTICE
1192213602516	0	TRIAL	4
1192213605312	1	FACE	960	PRES1_NNNP	Correct	LL1	PP0	Lure_PPPN	1	0	PRACTICE
1192213609196	1	FACE	960	CUE	Correct	LL1	PP0	Lure_PPPN	1	0	PRACTICE
1192213610156	0	FACE	960	RESP	Correct	LL1	PP0	Lure_PPPN	1	0	PRACTICE
1192213610183	0	TRIAL	5
1192213612778	1	FACE	728	PRES1_NNPN	Correct	LL1	PP1	Target_NNPN	6	0	PRACTICE
1192213616795	1	FACE	728	CUE	Correct	LL1	PP1	Target_NNPN	6	0	PRACTICE
1192213617523	0	FACE	728	RESP	Correct	LL1	PP1	Target_NNPN	6	0	PRACTICE
1192213617550	0	TRIAL	6
1192213620146	1	FACE	1013	PRES1_PPPP	Correct	LL1	PP1	Target_PPPP	6	0	PRACTICE
1192213624046	1	FACE	1013	CUE	Correct	LL1	PP1	Target_PPPP	6	0	PRACTICE
1192213625059	0	FACE	1013	RESP	Correct	LL1	PP1	Target_PPPP	6	0	PRACTICE
1192213625100	0	TRIAL	7
1192213627878	1	FACE	1707	PRES1_PNNP	Correct	LL1	PP1	Target_PNNP	5	0	PRACTICE
1192213631895	1	FACE	1707	CUE	Correct	LL1	PP1	Target_PNNP	5	0	PRACTICE
1192213633602	0	FACE	1707	RESP	Correct	LL1	PP1	Target_PNNP	5	0	PRACTICE
1192213633632	0	TRIAL	8
1192213636446	1	FACE	1325	PRES1_NPNN	Correct	LL1	PP0	Lure_PPNP	1	0	PRACTICE
1192213640229	1	FACE	1325	CUE	Correct	LL1	PP0	Lure_PPNP	1	0	PRACTICE
1192213641554	0	FACE	1325	RESP	Correct	LL1	PP0	Lure_PPNP	1	0	PRACTICE
1192213641582	0	TRIAL	9
1192213644296	1	FACE	1250	PRES1_PNPP	Correct	LL1	PP1	Target_PNPP	6	0	PRACTICE
1192213648296	1	FACE	1250	CUE	Correct	LL1	PP1	Target_PNPP	6	0	PRACTICE
1192213649546	0	FACE	1250	RESP	Correct	LL1	PP1	Target_PNPP	6	0	PRACTICE
1192213649583	0	TRIAL	10
1192213652329	1	FACE	971	PRES1_PPPN	Correct	LL1	PP0	Lure_PNNP	1	0	PRACTICE
1192213656063	1	FACE	971	CUE	Correct	LL1	PP0	Lure_PNNP	1	0	PRACTICE
1192213657034	0	FACE	971	RESP	Correct	LL1	PP0	Lure_PNNP	1	0	PRACTICE
1192213657068	0	TRIAL	11
1192213659728	1	FACE	1321	PRES1_NNNP	Correct	LL1	PP1	Target_NNNP	6	0	PRACTICE
1192213663745	1	FACE	1321	CUE	Correct	LL1	PP1	Target_NNNP	6	0	PRACTICE
1192213665066	0	FACE	1321	RESP	Correct	LL1	PP1	Target_NNNP	6	0	PRACTICE
1192213665100	0	TRIAL	12
1192213667845	1	FACE	2421	PRES1_PPNN	Correct	LL1	PP0	Lure_NPNN	2	0	PRACTICE
1192213671845	1	FACE	2421	CUE	Correct	LL1	PP0	Lure_NPNN	2	0	PRACTICE
1192213674266	0	FACE	2421	RESP	Correct	LL1	PP0	Lure_NPNN	2	0	PRACTICE
1192213674300	0	TRIAL	13
1192213677146	1	FACE	913	PRES1_NPPP	Correct	LL1	PP1	Target_NPPP	6	0	PRACTICE
1192213681063	1	FACE	913	CUE	Correct	LL1	PP1	Target_NPPP	6	0	PRACTICE
1192213681976	1	FACE	913	RESP	Correct	LL1	PP1	Target_NPPP	6	0	PRACTICE
1192213682018	0	TRIAL	14
1192213684795	1	FACE	927	PRES1_PNNN	Correct	LL1	PP1	Target_PNNN	6	0	PRACTICE
1192213688745	1	FACE	927	CUE	Correct	LL1	PP1	Target_PNNN	6	0	PRACTICE
1192213689672	0	FACE	927	RESP	Correct	LL1	PP1	Target_PNNN	6	0	PRACTICE
1192213689700	0	TRIAL	15
1192213692346	1	FACE	1427	PRES1_PNNP	Incorrect	LL1	PP0	Lure_PNPP	5	0	PRACTICE
1192213696229	1	FACE	1427	CUE	Incorrect	LL1	PP0	Lure_PNPP	5	0	PRACTICE
1192213697656	0	FACE	1427	RESP	Incorrect	LL1	PP0	Lure_PNPP	5	0	PRACTICE
1192213697683	0	TRIAL	16
1192213700762	1	FACE	4885	PRES1_NNPP	Correct	LL1	PP1	Target_NNPP	5	0	PRACTICE
1192213704795	1	FACE	4885	CUE	Correct	LL1	PP1	Target_NNPP	5	0	PRACTICE
1192213709680	0	FACE	4885	RESP	Correct	LL1	PP1	Target_NNPP	5	0	PRACTICE
1192213709716	0	TRIAL	17
1192213712845	1	FACE	1400	PRES1_PPPP	Correct	LL1	PP0	Lure_NNPN	1	0	PRACTICE
1192213716712	1	FACE	1400	CUE	Correct	LL1	PP0	Lure_NNPN	1	0	PRACTICE
1192213718112	0	FACE	1400	RESP	Correct	LL1	PP0	Lure_NNPN	1	0	PRACTICE
1192213718152	0	TRIAL	18
1192213720845	1	FACE	980	PRES1_PPNP	Correct	LL1	PP0	Lure_NPNP	1	0	PRACTICE
1192213724795	1	FACE	980	CUE	Correct	LL1	PP0	Lure_NPNP	1	0	PRACTICE
1192213725775	0	FACE	980	RESP	Correct	LL1	PP0	Lure_NPNP	1	0	PRACTICE
1192213725818	0	TRIAL	19
1192213728546	1	FACE	1611	PRES1_PNPN	Correct	LL1	PP1	Target_PNPN	6	0	PRACTICE
1192213732380	1	FACE	1611	CUE	Correct	LL1	PP1	Target_PNPN	6	0	PRACTICE
1192213733991	0	FACE	1611	RESP	Correct	LL1	PP1	Target_PNPN	6	0	PRACTICE
1192213734018	0	TRIAL	20
1192213736712	1	FACE	2242	PRES1_NPNP	Correct	LL1	PP0	Lure_NPPP	1	0	PRACTICE
1192213740596	1	FACE	2242	CUE	Correct	LL1	PP0	Lure_NPPP	1	0	PRACTICE
1192213742838	1	FACE	2242	RESP	Correct	LL1	PP0	Lure_NPPP	1	0	PRACTICE
1192213742867	0	TRIAL	21
1192213745612	1	FACE	1095	PRES1_PPNP	Correct	LL1	PP1	Target_PPNP	6	0	PRACTICE
1192213749447	1	FACE	1095	CUE	Correct	LL1	PP1	Target_PPNP	6	0	PRACTICE
1192213750542	0	FACE	1095	RESP	Correct	LL1	PP1	Target_PPNP	6	0	PRACTICE
1192213750584	0	TRIAL	22
1192213753330	1	FACE	2234	PRES1_NPNN	Incorrect	LL1	PP1	Target_NPNN	3	0	PRACTICE
1192213757181	1	FACE	2234	CUE	Incorrect	LL1	PP1	Target_NPNN	3	0	PRACTICE
1192213759415	0	FACE	2234	RESP	Incorrect	LL1	PP1	Target_NPNN	3	0	PRACTICE
1192213759451	0	TRIAL	23
1192213762546	1	FACE	1202	PRES1_NNNN	Correct	LL1	PP0	Lure_NNNP	1	0	PRACTICE
1192213766380	1	FACE	1202	CUE	Correct	LL1	PP0	Lure_NNNP	1	0	PRACTICE
1192213767582	0	FACE	1202	RESP	Correct	LL1	PP0	Lure_NNNP	1	0	PRACTICE
1192213767618	0	TRIAL	24
1192213770280	1	FACE	1574	PRES1_NPNP	Correct	LL1	PP1	Target_NPNP	6	0	PRACTICE
1192213774063	1	FACE	1574	CUE	Correct	LL1	PP1	Target_NPNP	6	0	PRACTICE
1192213775637	0	FACE	1574	RESP	Correct	LL1	PP1	Target_NPNP	6	0	PRACTICE
1192213775668	0	TRIAL	25
1192213778414	1	FACE	881	PRES1_PPNN	Correct	LL1	PP1	Target_PPNN	6	0	PRACTICE
1192213782197	1	FACE	881	CUE	Correct	LL1	PP1	Target_PPNN	6	0	PRACTICE
1192213783078	0	FACE	881	RESP	Correct	LL1	PP1	Target_PPNN	6	0	PRACTICE
1192213783119	0	TRIAL	26
1192213785846	1	FACE	1165	PRES1_NPPP	Correct	LL1	PP0	Lure_NPPN	1	0	PRACTICE
1192213789913	1	FACE	1165	CUE	Correct	LL1	PP0	Lure_NPPN	1	0	PRACTICE
1192213791078	0	FACE	1165	RESP	Correct	LL1	PP0	Lure_NPPN	1	0	PRACTICE
1192213791118	0	TRIAL	27
1192213793863	1	FACE	1825	PRES1_NNPN	Correct	LL1	PP0	Lure_PPPP	1	0	PRACTICE
1192213797613	1	FACE	1825	CUE	Correct	LL1	PP0	Lure_PPPP	1	0	PRACTICE
1192213799438	0	FACE	1825	RESP	Correct	LL1	PP0	Lure_PPPP	1	0	PRACTICE
1192213799468	0	TRIAL	28
1192213802247	1	FACE	964	PRES1_PNNN	Correct	LL1	PP0	Lure_NNPP	1	0	PRACTICE
1192213806297	1	FACE	964	CUE	Correct	LL1	PP0	Lure_NNPP	1	0	PRACTICE
1192213807261	0	FACE	964	RESP	Correct	LL1	PP0	Lure_NNPP	1	0	PRACTICE
1192213807304	0	TRIAL	29
1192213810047	1	FACE	1093	PRES1_PNPN	Correct	LL1	PP0	Lure_PPNN	1	0	PRACTICE
1192213814080	1	FACE	1093	CUE	Correct	LL1	PP0	Lure_PPNN	1	0	PRACTICE
1192213815173	0	FACE	1093	RESP	Correct	LL1	PP0	Lure_PPNN	1	0	PRACTICE
1192213815201	0	TRIAL	30
1192213817980	1	FACE	738	PRES1_PPPN	Correct	LL1	PP1	Target_PPPN	6	0	PRACTICE
1192213821930	1	FACE	738	CUE	Correct	LL1	PP1	Target_PPPN	6	0	PRACTICE
1192213822668	0	FACE	738	RESP	Correct	LL1	PP1	Target_PPPN	6	0	PRACTICE
1192213822701	0	TRIAL	31
1192213825364	1	FACE	853	PRES1_NNNN	Correct	LL1	PP1	Target_NNNN	6	0	PRACTICE
1192213829231	1	FACE	853	CUE	Correct	LL1	PP1	Target_NNNN	6	0	PRACTICE
1192213830084	0	FACE	853	RESP	Correct	LL1	PP1	Target_NNNN	6	0	PRACTICE
1192213830118	0	TRIAL	32
1192213832830	1	FACE	1414	PRES1_NPPN	Correct	LL1	PP0	Lure_PNPN	1	0	PRACTICE
1192213836630	1	FACE	1414	CUE	Correct	LL1	PP0	Lure_PNPN	1	0	PRACTICE
1192213838044	0	FACE	1414	RESP	Correct	LL1	PP0	Lure_PNPN	1	0	PRACTICE
1192212288514	0	E	Logging Ends
