1160153520541	0	B	Logging Begins
1160153520541	0	INSTRUCTIONSTART	JointRoller	/usr/lib/python2.4/site-packages/pyepl/resources/vera.ttf	30	(1.000000, 1.000000, 1.000000, 1.000000)	"In the following experiment, your memory for associating names with faces will be tested.  The experiment will be divided into two halves, with each half testing you on a completely different set of names and faces.  After the first half, there will be a short break.\n\nThe procedure will be the same for each half.  Eight faces will be presented on the screen, consecutively, accompanied by their names.  A woman's voice will also speak the name when the face appears on the screen.  After five seconds, the face will disappear from the screen, a star (*) will flash on the screen for one second, and then the next face and name will appear.\n\nAfter you have seen all eight faces and names, you will be prompted to press any key in order to move on to a testing period.  During each trial of the testing period, you will see a face with a question mark (?) underneath it.  You will have to try and recall the name that goes with the face, and speak it out loud.  After five seconds the face will disappear from the screen, a star will flash on the screen for one second, and then the next face will appear with a question mark underneath it.\n\nFor each half, there will be ten study periods and ten test periods, alternating.  Each face will have the same name over the entire course of the half, so your task is to try and learn the faces' names as quickly and accurately as possible, and to be able to recall them as quickly and accurately as possible.\n\nDuring the test phase, do not worry if you make a mistake and recall the wrong name accidentally.  There is no penalty.  Also, if you are in the middle of recalling a name and the experiment moves on to the next face, do not stop yourself; continue speaking the name.  However, once the next face appears on the screen, you should give up trying to recall the last face and concentrate on the new one.\n\nDo you have any questions?\n\nPress <ENTER> to continue."
1160153520558	1	INSTRUCTIONSCROLL	0
1160153538358	1	INSTRUCTIONSCROLL	1
1160153538372	1	INSTRUCTIONSCROLL	3
1160153538385	1	INSTRUCTIONSCROLL	6
1160153538398	1	INSTRUCTIONSCROLL	9
1160153538412	1	INSTRUCTIONSCROLL	12
1160153538425	1	INSTRUCTIONSCROLL	14
1160153538438	1	INSTRUCTIONSCROLL	17
1160153538452	1	INSTRUCTIONSCROLL	19
1160153538465	1	INSTRUCTIONSCROLL	22
1160153538478	1	INSTRUCTIONSCROLL	25
1160153538492	1	INSTRUCTIONSCROLL	27
1160153538505	1	INSTRUCTIONSCROLL	30
1160153538518	1	INSTRUCTIONSCROLL	33
1160153538532	1	INSTRUCTIONSCROLL	35
1160153538545	1	INSTRUCTIONSCROLL	38
1160153538558	1	INSTRUCTIONSCROLL	41
1160153538572	1	INSTRUCTIONSCROLL	44
1160153538585	1	INSTRUCTIONSCROLL	46
1160153538598	1	INSTRUCTIONSCROLL	49
1160153538612	1	INSTRUCTIONSCROLL	52
1160153538625	1	INSTRUCTIONSCROLL	54
1160153538638	1	INSTRUCTIONSCROLL	57
1160153539066	1	INSTRUCTIONSCROLL	58
1160153539079	1	INSTRUCTIONSCROLL	59
1160153539093	1	INSTRUCTIONSCROLL	62
1160153539106	1	INSTRUCTIONSCROLL	64
1160153539119	1	INSTRUCTIONSCROLL	67
1160153539133	1	INSTRUCTIONSCROLL	70
1160153539146	1	INSTRUCTIONSCROLL	72
1160153539159	1	INSTRUCTIONSCROLL	75
1160153539173	1	INSTRUCTIONSCROLL	78
1160153539186	1	INSTRUCTIONSCROLL	80
1160153539199	1	INSTRUCTIONSCROLL	83
1160153539213	1	INSTRUCTIONSCROLL	86
1160153539225	1	INSTRUCTIONSCROLL	88
1160153539238	1	INSTRUCTIONSCROLL	91
1160153539758	1	INSTRUCTIONSCROLL	92
1160153539772	1	INSTRUCTIONSCROLL	93
1160153539785	1	INSTRUCTIONSCROLL	95
1160153539798	1	INSTRUCTIONSCROLL	98
1160153539812	1	INSTRUCTIONSCROLL	101
1160153539825	1	INSTRUCTIONSCROLL	103
1160153539838	1	INSTRUCTIONSCROLL	106
1160153539852	1	INSTRUCTIONSCROLL	109
1160153539865	1	INSTRUCTIONSCROLL	111
1160153539878	1	INSTRUCTIONSCROLL	114
1160153539892	1	INSTRUCTIONSCROLL	117
1160153539905	1	INSTRUCTIONSCROLL	119
1160153539918	1	INSTRUCTIONSCROLL	122
1160153539932	1	INSTRUCTIONSCROLL	125
1160153540225	1	INSTRUCTIONSCROLL	126
1160153540238	1	INSTRUCTIONSCROLL	128
1160153540252	1	INSTRUCTIONSCROLL	131
1160153540265	1	INSTRUCTIONSCROLL	134
1160153540278	1	INSTRUCTIONSCROLL	136
1160153540292	1	INSTRUCTIONSCROLL	139
1160153540305	1	INSTRUCTIONSCROLL	142
1160153540318	1	INSTRUCTIONSCROLL	144
1160153540332	1	INSTRUCTIONSCROLL	147
1160153540345	1	INSTRUCTIONSCROLL	150
1160153540358	1	INSTRUCTIONSCROLL	152
1160153540372	1	INSTRUCTIONSCROLL	155
1160153542146	1	INSTRUCTIONSCROLL	156
1160153542159	1	INSTRUCTIONSCROLL	158
1160153542173	1	INSTRUCTIONSCROLL	161
1160153542186	1	INSTRUCTIONSCROLL	163
1160153542199	1	INSTRUCTIONSCROLL	166
1160153542213	1	INSTRUCTIONSCROLL	169
1160153542225	1	INSTRUCTIONSCROLL	171
1160153542238	1	INSTRUCTIONSCROLL	174
1160153542252	1	INSTRUCTIONSCROLL	177
1160153542265	1	INSTRUCTIONSCROLL	179
1160153542278	1	INSTRUCTIONSCROLL	182
1160153542292	1	INSTRUCTIONSCROLL	185
1160153542305	1	INSTRUCTIONSCROLL	187
1160153542318	1	INSTRUCTIONSCROLL	190
1160153542332	1	INSTRUCTIONSCROLL	193
1160153542345	1	INSTRUCTIONSCROLL	195
1160153542358	1	INSTRUCTIONSCROLL	198
1160153542985	1	INSTRUCTIONSCROLL	199
1160153542998	1	INSTRUCTIONSCROLL	202
1160153543013	1	INSTRUCTIONSCROLL	204
1160153543026	1	INSTRUCTIONSCROLL	207
1160153543039	1	INSTRUCTIONSCROLL	210
1160153543053	1	INSTRUCTIONSCROLL	213
1160153543066	1	INSTRUCTIONSCROLL	215
1160153543079	1	INSTRUCTIONSCROLL	218
1160153543093	1	INSTRUCTIONSCROLL	221
1160153543106	1	INSTRUCTIONSCROLL	223
1160153543119	1	INSTRUCTIONSCROLL	226
1160153543133	1	INSTRUCTIONSCROLL	229
1160153543146	1	INSTRUCTIONSCROLL	231
1160153543159	1	INSTRUCTIONSCROLL	234
1160153543173	1	INSTRUCTIONSCROLL	237
1160153544133	1	INSTRUCTIONSCROLL	238
1160153544146	1	INSTRUCTIONSCROLL	240
1160153544159	1	INSTRUCTIONSCROLL	242
1160153544173	1	INSTRUCTIONSCROLL	245
1160153544186	1	INSTRUCTIONSCROLL	248
1160153544199	1	INSTRUCTIONSCROLL	250
1160153544213	1	INSTRUCTIONSCROLL	253
1160153544225	1	INSTRUCTIONSCROLL	256
1160153544238	1	INSTRUCTIONSCROLL	258
1160153544252	1	INSTRUCTIONSCROLL	261
1160153544265	1	INSTRUCTIONSCROLL	263
1160153544505	1	INSTRUCTIONSCROLL	264
1160153544518	1	INSTRUCTIONSCROLL	266
1160153544532	1	INSTRUCTIONSCROLL	269
1160153544545	1	INSTRUCTIONSCROLL	271
1160153544558	1	INSTRUCTIONSCROLL	274
1160153544572	1	INSTRUCTIONSCROLL	277
1160153544585	1	INSTRUCTIONSCROLL	280
1160153544598	1	INSTRUCTIONSCROLL	282
1160153544612	1	INSTRUCTIONSCROLL	285
1160153544625	1	INSTRUCTIONSCROLL	288
1160153544638	1	INSTRUCTIONSCROLL	290
1160153544652	1	INSTRUCTIONSCROLL	293
1160153544825	1	INSTRUCTIONSCROLL	294
1160153544838	1	INSTRUCTIONSCROLL	295
1160153544852	1	INSTRUCTIONSCROLL	298
1160153544865	1	INSTRUCTIONSCROLL	300
1160153544878	1	INSTRUCTIONSCROLL	303
1160153544892	1	INSTRUCTIONSCROLL	306
1160153544905	1	INSTRUCTIONSCROLL	308
1160153544918	1	INSTRUCTIONSCROLL	311
1160153545066	1	INSTRUCTIONSCROLL	312
1160153545079	1	INSTRUCTIONSCROLL	313
1160153545093	1	INSTRUCTIONSCROLL	316
1160153545106	1	INSTRUCTIONSCROLL	319
1160153545119	1	INSTRUCTIONSCROLL	321
1160153545133	1	INSTRUCTIONSCROLL	324
1160153545146	1	INSTRUCTIONSCROLL	327
1160153545305	1	INSTRUCTIONSCROLL	328
1160153545318	1	INSTRUCTIONSCROLL	331
1160153545332	1	INSTRUCTIONSCROLL	333
1160153545345	1	INSTRUCTIONSCROLL	336
1160153545358	1	INSTRUCTIONSCROLL	339
1160153545372	1	INSTRUCTIONSCROLL	341
1160153545518	1	INSTRUCTIONSCROLL	342
1160153545532	1	INSTRUCTIONSCROLL	343
1160153545545	1	INSTRUCTIONSCROLL	345
1160153545558	1	INSTRUCTIONSCROLL	348
1160153545572	1	INSTRUCTIONSCROLL	351
1160153545585	1	INSTRUCTIONSCROLL	353
1160153545598	1	INSTRUCTIONSCROLL	356
1160153545612	1	INSTRUCTIONSCROLL	359
1160153545798	1	INSTRUCTIONSCROLL	360
1160153545812	1	INSTRUCTIONSCROLL	362
1160153545825	1	INSTRUCTIONSCROLL	365
1160153545838	1	INSTRUCTIONSCROLL	368
1160153546305	1	INSTRUCTIONSCROLL	369
1160153546318	1	INSTRUCTIONSCROLL	371
1160153546332	1	INSTRUCTIONSCROLL	374
1160153546345	1	INSTRUCTIONSCROLL	376
1160153546358	1	INSTRUCTIONSCROLL	379
1160153546372	1	INSTRUCTIONSCROLL	382
1160153546385	1	INSTRUCTIONSCROLL	384
1160153547133	1	INSTRUCTIONSCROLL	385
1160153547146	1	INSTRUCTIONSCROLL	386
1160153547159	1	INSTRUCTIONSCROLL	389
1160153547173	1	INSTRUCTIONSCROLL	392
1160153547186	1	INSTRUCTIONSCROLL	394
1160153547199	1	INSTRUCTIONSCROLL	397
1160153547213	1	INSTRUCTIONSCROLL	400
1160153547225	1	INSTRUCTIONSCROLL	402
1160153547238	1	INSTRUCTIONSCROLL	405
1160153547252	1	INSTRUCTIONSCROLL	407
1160153547265	1	INSTRUCTIONSCROLL	410
1160153547278	1	INSTRUCTIONSCROLL	413
1160153547412	1	INSTRUCTIONSCROLL	414
1160153547425	1	INSTRUCTIONSCROLL	416
1160153547438	1	INSTRUCTIONSCROLL	418
1160153547452	1	INSTRUCTIONSCROLL	421
1160153547465	1	INSTRUCTIONSCROLL	424
1160153547478	1	INSTRUCTIONSCROLL	426
1160153547492	1	INSTRUCTIONSCROLL	429
1160153547505	1	INSTRUCTIONSCROLL	432
1160153547518	1	INSTRUCTIONSCROLL	434
1160153547652	1	INSTRUCTIONSCROLL	435
1160153547665	1	INSTRUCTIONSCROLL	438
1160153547678	1	INSTRUCTIONSCROLL	441
1160153547692	1	INSTRUCTIONSCROLL	443
1160153547705	1	INSTRUCTIONSCROLL	446
1160153547718	1	INSTRUCTIONSCROLL	449
1160153547732	1	INSTRUCTIONSCROLL	451
1160153547905	1	INSTRUCTIONSCROLL	452
1160153547918	1	INSTRUCTIONSCROLL	453
1160153547932	1	INSTRUCTIONSCROLL	456
1160153547945	1	INSTRUCTIONSCROLL	459
1160153547958	1	INSTRUCTIONSCROLL	461
1160153547972	1	INSTRUCTIONSCROLL	464
1160153547985	1	INSTRUCTIONSCROLL	467
1160153550545	1	INSTRUCTIONSCROLL	468
1160153550558	1	INSTRUCTIONSCROLL	470
1160153550572	1	INSTRUCTIONSCROLL	473
1160153550585	1	INSTRUCTIONSCROLL	476
1160153550598	1	INSTRUCTIONSCROLL	478
1160153550612	1	INSTRUCTIONSCROLL	481
1160153550625	1	INSTRUCTIONSCROLL	484
1160153550638	1	INSTRUCTIONSCROLL	486
1160153550652	1	INSTRUCTIONSCROLL	489
1160153550665	1	INSTRUCTIONSCROLL	492
1160153550678	1	INSTRUCTIONSCROLL	494
1160153550692	1	INSTRUCTIONSCROLL	497
1160153550705	1	INSTRUCTIONSCROLL	500
1160153550718	1	INSTRUCTIONSCROLL	502
1160153553465	1	INSTRUCTIONSCROLL	503
1160153553478	1	INSTRUCTIONSCROLL	504
1160153553492	1	INSTRUCTIONSCROLL	507
1160153553505	1	INSTRUCTIONSCROLL	510
1160153553518	1	INSTRUCTIONSCROLL	512
1160153553532	1	INSTRUCTIONSCROLL	515
1160153553545	1	INSTRUCTIONSCROLL	518
1160153553559	1	INSTRUCTIONSCROLL	520
1160153553572	1	INSTRUCTIONSCROLL	523
1160153553585	1	INSTRUCTIONSCROLL	526
1160153553599	1	INSTRUCTIONSCROLL	528
1160153553612	1	INSTRUCTIONSCROLL	531
1160153553625	1	INSTRUCTIONSCROLL	534
1160153553638	1	INSTRUCTIONSCROLL	536
1160153554106	1	INSTRUCTIONSCROLL	537
1160153554119	1	INSTRUCTIONSCROLL	539
1160153554133	1	INSTRUCTIONSCROLL	542
1160153554146	1	INSTRUCTIONSCROLL	545
1160153554159	1	INSTRUCTIONSCROLL	547
1160153554173	1	INSTRUCTIONSCROLL	550
1160153554186	1	INSTRUCTIONSCROLL	553
1160153554199	1	INSTRUCTIONSCROLL	555
1160153554213	1	INSTRUCTIONSCROLL	558
1160153554225	1	INSTRUCTIONSCROLL	561
1160153554238	1	INSTRUCTIONSCROLL	563
1160153554252	1	INSTRUCTIONSCROLL	566
1160153554265	1	INSTRUCTIONSCROLL	569
1160153554279	1	INSTRUCTIONSCROLL	571
1160153554745	1	INSTRUCTIONSCROLL	572
1160153554759	1	INSTRUCTIONSCROLL	574
1160153554772	1	INSTRUCTIONSCROLL	577
1160153554785	1	INSTRUCTIONSCROLL	579
1160153554799	1	INSTRUCTIONSCROLL	582
1160153554812	1	INSTRUCTIONSCROLL	585
1160153554825	1	INSTRUCTIONSCROLL	587
1160153554839	1	INSTRUCTIONSCROLL	590
1160153554852	1	INSTRUCTIONSCROLL	593
1160153554865	1	INSTRUCTIONSCROLL	595
1160153554878	1	INSTRUCTIONSCROLL	598
1160153554892	1	INSTRUCTIONSCROLL	601
1160153554905	1	INSTRUCTIONSCROLL	603
1160153554919	1	INSTRUCTIONSCROLL	606
1160153555372	1	INSTRUCTIONSCROLL	607
1160153555385	1	INSTRUCTIONSCROLL	609
1160153555399	1	INSTRUCTIONSCROLL	612
1160153555412	1	INSTRUCTIONSCROLL	615
1160153555425	1	INSTRUCTIONSCROLL	617
1160153555438	1	INSTRUCTIONSCROLL	620
1160153555452	1	INSTRUCTIONSCROLL	623
1160153555465	1	INSTRUCTIONSCROLL	625
1160153555478	1	INSTRUCTIONSCROLL	628
1160153555492	1	INSTRUCTIONSCROLL	631
1160153555505	1	INSTRUCTIONSCROLL	633
1160153555518	1	INSTRUCTIONSCROLL	636
1160153555532	1	INSTRUCTIONSCROLL	639
1160153555545	1	INSTRUCTIONSCROLL	641
1160153555559	1	INSTRUCTIONSCROLL	644
1160153557972	1	INSTRUCTIONSCROLL	645
1160153557985	1	INSTRUCTIONSCROLL	646
1160153557999	1	INSTRUCTIONSCROLL	649
1160153558013	1	INSTRUCTIONSCROLL	651
1160153558026	1	INSTRUCTIONSCROLL	654
1160153558040	1	INSTRUCTIONSCROLL	657
1160153558053	1	INSTRUCTIONSCROLL	660
1160153558066	1	INSTRUCTIONSCROLL	662
1160153558080	1	INSTRUCTIONSCROLL	665
1160153558093	1	INSTRUCTIONSCROLL	668
1160153558106	1	INSTRUCTIONSCROLL	670
1160153558120	1	INSTRUCTIONSCROLL	673
1160153558133	1	INSTRUCTIONSCROLL	676
1160153558146	1	INSTRUCTIONSCROLL	678
1160153558798	1	INSTRUCTIONSCROLL	679
1160153558812	1	INSTRUCTIONSCROLL	681
1160153558825	1	INSTRUCTIONSCROLL	684
1160153558839	1	INSTRUCTIONSCROLL	686
1160153558852	1	INSTRUCTIONSCROLL	689
1160153558865	1	INSTRUCTIONSCROLL	692
1160153558879	1	INSTRUCTIONSCROLL	694
1160153558892	1	INSTRUCTIONSCROLL	697
1160153558905	1	INSTRUCTIONSCROLL	700
1160153558919	1	INSTRUCTIONSCROLL	702
1160153558932	1	INSTRUCTIONSCROLL	705
1160153558945	1	INSTRUCTIONSCROLL	708
1160153558959	1	INSTRUCTIONSCROLL	710
1160153558972	1	INSTRUCTIONSCROLL	713
1160153558985	1	INSTRUCTIONSCROLL	716
1160153558999	1	INSTRUCTIONSCROLL	718
1160153559013	1	INSTRUCTIONSCROLL	721
1160153559026	1	INSTRUCTIONSCROLL	724
1160153560039	1	INSTRUCTIONSCROLL	725
1160153560053	1	INSTRUCTIONSCROLL	726
1160153560066	1	INSTRUCTIONSCROLL	729
1160153560080	1	INSTRUCTIONSCROLL	731
1160153560093	1	INSTRUCTIONSCROLL	734
1160153560106	1	INSTRUCTIONSCROLL	737
1160153560120	1	INSTRUCTIONSCROLL	739
1160153560133	1	INSTRUCTIONSCROLL	742
1160153560146	1	INSTRUCTIONSCROLL	745
1160153560160	1	INSTRUCTIONSCROLL	747
1160153560173	1	INSTRUCTIONSCROLL	750
1160153560186	1	INSTRUCTIONSCROLL	753
1160153560200	1	INSTRUCTIONSCROLL	755
1160153560213	1	INSTRUCTIONSCROLL	758
1160153560225	1	INSTRUCTIONSCROLL	761
1160153561319	1	INSTRUCTIONSCROLL	762
1160153561332	1	INSTRUCTIONSCROLL	764
1160153561345	1	INSTRUCTIONSCROLL	767
1160153561359	1	INSTRUCTIONSCROLL	769
1160153561372	1	INSTRUCTIONSCROLL	772
1160153561385	1	INSTRUCTIONSCROLL	775
1160153561399	1	INSTRUCTIONSCROLL	777
1160153561412	1	INSTRUCTIONSCROLL	780
1160153561425	1	INSTRUCTIONSCROLL	783
1160153561439	1	INSTRUCTIONSCROLL	785
1160153561452	1	INSTRUCTIONSCROLL	788
1160153561465	1	INSTRUCTIONSCROLL	791
1160153561479	1	INSTRUCTIONSCROLL	793
1160153561679	1	INSTRUCTIONSCROLL	794
1160153561692	1	INSTRUCTIONSCROLL	796
1160153561705	1	INSTRUCTIONSCROLL	798
1160153561719	1	INSTRUCTIONSCROLL	801
1160153561732	1	INSTRUCTIONSCROLL	804
1160153561745	1	INSTRUCTIONSCROLL	806
1160153561759	1	INSTRUCTIONSCROLL	809
1160153561772	1	INSTRUCTIONSCROLL	812
1160153561785	1	INSTRUCTIONSCROLL	814
1160153561799	1	INSTRUCTIONSCROLL	817
1160153561812	1	INSTRUCTIONSCROLL	820
1160153561825	1	INSTRUCTIONSCROLL	822
1160153561959	1	INSTRUCTIONSCROLL	823
1160153561972	1	INSTRUCTIONSCROLL	824
1160153561985	1	INSTRUCTIONSCROLL	827
1160153561999	1	INSTRUCTIONSCROLL	829
1160153562013	1	INSTRUCTIONSCROLL	832
1160153562026	1	INSTRUCTIONSCROLL	835
1160153562040	1	INSTRUCTIONSCROLL	838
1160153562053	1	INSTRUCTIONSCROLL	840
1160153562066	1	INSTRUCTIONSCROLL	843
1160153562160	1	INSTRUCTIONSCROLL	844
1160153562173	1	INSTRUCTIONSCROLL	846
1160153562186	1	INSTRUCTIONSCROLL	848
1160153562200	1	INSTRUCTIONSCROLL	851
1160153562213	1	INSTRUCTIONSCROLL	854
1160153562225	1	INSTRUCTIONSCROLL	856
1160153562239	1	INSTRUCTIONSCROLL	859
1160153562252	1	INSTRUCTIONSCROLL	862
1160153562265	1	INSTRUCTIONSCROLL	864
1160153562279	1	INSTRUCTIONSCROLL	867
1160153562292	1	INSTRUCTIONSCROLL	870
1160153562652	1	INSTRUCTIONSCROLL	871
1160153562665	1	INSTRUCTIONSCROLL	874
1160153562679	1	INSTRUCTIONSCROLL	876
1160153562692	1	INSTRUCTIONSCROLL	879
1160153562705	1	INSTRUCTIONSCROLL	882
1160153562719	1	INSTRUCTIONSCROLL	884
1160153562892	1	INSTRUCTIONSCROLL	885
1160153562905	1	INSTRUCTIONSCROLL	888
1160153562919	1	INSTRUCTIONSCROLL	890
1160153562932	1	INSTRUCTIONSCROLL	893
1160153562945	1	INSTRUCTIONSCROLL	896
1160153562959	1	INSTRUCTIONSCROLL	898
1160153562972	1	INSTRUCTIONSCROLL	901
1160153562985	1	INSTRUCTIONSCROLL	904
1160153562999	1	INSTRUCTIONSCROLL	906
1160153563013	1	INSTRUCTIONSCROLL	909
1160153563026	1	INSTRUCTIONSCROLL	912
1160153563040	1	INSTRUCTIONSCROLL	914
1160153563239	1	INSTRUCTIONSCROLL	915
1160153563252	1	INSTRUCTIONSCROLL	917
1160153563265	1	INSTRUCTIONSCROLL	919
1160153563279	1	INSTRUCTIONSCROLL	922
1160153563292	1	INSTRUCTIONSCROLL	925
1160153563305	1	INSTRUCTIONSCROLL	927
1160153563319	1	INSTRUCTIONSCROLL	930
1160153563332	1	INSTRUCTIONSCROLL	933
1160153563346	1	INSTRUCTIONSCROLL	935
1160153564559	1	INSTRUCTIONSCROLL	936
1160153564572	1	INSTRUCTIONSCROLL	938
1160153564585	1	INSTRUCTIONSCROLL	941
1160153564599	1	INSTRUCTIONSCROLL	944
1160153564612	1	INSTRUCTIONSCROLL	946
1160153564625	1	INSTRUCTIONSCROLL	949
1160153564639	1	INSTRUCTIONSCROLL	952
1160153564652	1	INSTRUCTIONSCROLL	954
1160153564665	1	INSTRUCTIONSCROLL	957
1160153564679	1	INSTRUCTIONSCROLL	960
1160153564692	1	INSTRUCTIONSCROLL	962
1160153564705	1	INSTRUCTIONSCROLL	965
1160153565599	1	INSTRUCTIONSCROLL	966
1160153565612	1	INSTRUCTIONSCROLL	968
1160153565625	1	INSTRUCTIONSCROLL	971
1160153565639	1	INSTRUCTIONSCROLL	974
1160153565652	1	INSTRUCTIONSCROLL	976
1160153565665	1	INSTRUCTIONSCROLL	979
1160153565679	1	INSTRUCTIONSCROLL	982
1160153565692	1	INSTRUCTIONSCROLL	984
1160153565705	1	INSTRUCTIONSCROLL	987
1160153565719	1	INSTRUCTIONSCROLL	990
1160153565732	1	INSTRUCTIONSCROLL	992
1160153566932	1	INSTRUCTIONSCROLL	993
1160153566945	1	INSTRUCTIONSCROLL	994
1160153566959	1	INSTRUCTIONSCROLL	996
1160153566972	1	INSTRUCTIONSCROLL	999
1160153566985	1	INSTRUCTIONSCROLL	1002
1160153566999	1	INSTRUCTIONSCROLL	1004
1160153567013	1	INSTRUCTIONSCROLL	1007
1160153567026	1	INSTRUCTIONSCROLL	1010
1160153567040	1	INSTRUCTIONSCROLL	1013
1160153567053	1	INSTRUCTIONSCROLL	1015
1160153567066	1	INSTRUCTIONSCROLL	1018
1160153567080	1	INSTRUCTIONSCROLL	1021
1160153567093	1	INSTRUCTIONSCROLL	1023
1160153567106	1	INSTRUCTIONSCROLL	1026
1160153568972	1	INSTRUCTIONSCROLL	1027
1160153568985	1	INSTRUCTIONSCROLL	1029
1160153568999	1	INSTRUCTIONSCROLL	1031
1160153569013	1	INSTRUCTIONSCROLL	1034
1160153569026	1	INSTRUCTIONSCROLL	1037
1160153569040	1	INSTRUCTIONSCROLL	1040
1160153569053	1	INSTRUCTIONSCROLL	1042
1160153569066	1	INSTRUCTIONSCROLL	1045
1160153569080	1	INSTRUCTIONSCROLL	1047
1160153569093	1	INSTRUCTIONSCROLL	1050
1160153569106	1	INSTRUCTIONSCROLL	1053
1160153569120	1	INSTRUCTIONSCROLL	1056
1160153569133	1	INSTRUCTIONSCROLL	1058
1160153570532	1	INSTRUCTIONSCROLL	1059
1160153570545	1	INSTRUCTIONSCROLL	1060
1160153570559	1	INSTRUCTIONSCROLL	1063
1160153570572	1	INSTRUCTIONSCROLL	1065
1160153570585	1	INSTRUCTIONSCROLL	1068
1160153570599	1	INSTRUCTIONSCROLL	1071
1160153570612	1	INSTRUCTIONSCROLL	1073
1160153570625	1	INSTRUCTIONSCROLL	1076
1160153570639	1	INSTRUCTIONSCROLL	1078
1160153570652	1	INSTRUCTIONSCROLL	1081
1160153570665	1	INSTRUCTIONSCROLL	1084
1160153570679	1	INSTRUCTIONSCROLL	1086
1160153570692	1	INSTRUCTIONSCROLL	1089
1160153570932	1	INSTRUCTIONSCROLL	1090
1160153570945	1	INSTRUCTIONSCROLL	1091
1160153570959	1	INSTRUCTIONSCROLL	1094
1160153570972	1	INSTRUCTIONSCROLL	1096
1160153570985	1	INSTRUCTIONSCROLL	1099
1160153570999	1	INSTRUCTIONSCROLL	1102
1160153571013	1	INSTRUCTIONSCROLL	1104
1160153572040	1	INSTRUCTIONSCROLL	1105
1160153572053	1	INSTRUCTIONSCROLL	1108
1160153572066	1	INSTRUCTIONSCROLL	1110
1160153572080	1	INSTRUCTIONSCROLL	1113
1160153572093	1	INSTRUCTIONSCROLL	1116
1160153572106	1	INSTRUCTIONSCROLL	1118
1160153572120	1	INSTRUCTIONSCROLL	1121
1160153572133	1	INSTRUCTIONSCROLL	1124
1160153572146	1	INSTRUCTIONSCROLL	1126
1160153572160	1	INSTRUCTIONSCROLL	1129
1160153572372	1	INSTRUCTIONSCROLL	1130
1160153572385	1	INSTRUCTIONSCROLL	1132
1160153572399	1	INSTRUCTIONSCROLL	1135
1160153572412	1	INSTRUCTIONSCROLL	1137
1160153572425	1	INSTRUCTIONSCROLL	1140
1160153572439	1	INSTRUCTIONSCROLL	1143
1160153572452	1	INSTRUCTIONSCROLL	1145
1160153572465	1	INSTRUCTIONSCROLL	1148
1160153572479	1	INSTRUCTIONSCROLL	1151
1160153572492	1	INSTRUCTIONSCROLL	1153
1160153572505	1	INSTRUCTIONSCROLL	1156
1160153572719	1	INSTRUCTIONSCROLL	1157
1160153572732	1	INSTRUCTIONSCROLL	1159
1160153572745	1	INSTRUCTIONSCROLL	1162
1160153572759	1	INSTRUCTIONSCROLL	1165
1160153572772	1	INSTRUCTIONSCROLL	1167
1160153572785	1	INSTRUCTIONSCROLL	1170
1160153572799	1	INSTRUCTIONSCROLL	1172
1160153572812	1	INSTRUCTIONSCROLL	1175
1160153572999	1	INSTRUCTIONSCROLL	1176
1160153573013	1	INSTRUCTIONSCROLL	1179
1160153573026	1	INSTRUCTIONSCROLL	1182
1160153573040	1	INSTRUCTIONSCROLL	1184
1160153573053	1	INSTRUCTIONSCROLL	1187
1160153573066	1	INSTRUCTIONSCROLL	1190
1160153573080	1	INSTRUCTIONSCROLL	1192
1160153573093	1	INSTRUCTIONSCROLL	1195
1160153573265	1	INSTRUCTIONSCROLL	1196
1160153573279	1	INSTRUCTIONSCROLL	1197
1160153573292	1	INSTRUCTIONSCROLL	1199
1160153573305	1	INSTRUCTIONSCROLL	1202
1160153573319	1	INSTRUCTIONSCROLL	1205
1160153573332	1	INSTRUCTIONSCROLL	1207
1160153573345	1	INSTRUCTIONSCROLL	1210
1160153573532	1	INSTRUCTIONSCROLL	1211
1160153573545	1	INSTRUCTIONSCROLL	1213
1160153573559	1	INSTRUCTIONSCROLL	1216
1160153573572	1	INSTRUCTIONSCROLL	1218
1160153573585	1	INSTRUCTIONSCROLL	1221
1160153573732	1	INSTRUCTIONSCROLL	1222
1160153573745	1	INSTRUCTIONSCROLL	1225
1160153573759	1	INSTRUCTIONSCROLL	1228
1160153573772	1	INSTRUCTIONSCROLL	1230
1160153573785	1	INSTRUCTIONSCROLL	1233
1160153573799	1	INSTRUCTIONSCROLL	1236
1160153573812	1	INSTRUCTIONSCROLL	1238
1160153573892	1	INSTRUCTIONSCROLL	1239
1160153573905	1	INSTRUCTIONSCROLL	1241
1160153573919	1	INSTRUCTIONSCROLL	1244
1160153573932	1	INSTRUCTIONSCROLL	1246
1160153573945	1	INSTRUCTIONSCROLL	1249
1160153573959	1	INSTRUCTIONSCROLL	1252
1160153573972	1	INSTRUCTIONSCROLL	1254
1160153573985	1	INSTRUCTIONSCROLL	1257
1160153573999	1	INSTRUCTIONSCROLL	1260
1160153574013	1	INSTRUCTIONSCROLL	1262
1160153574026	1	INSTRUCTIONSCROLL	1265
1160153574040	1	INSTRUCTIONSCROLL	1268
1160153575279	1	INSTRUCTIONSCROLL	1269
1160153575292	1	INSTRUCTIONSCROLL	1271
1160153575305	1	INSTRUCTIONSCROLL	1273
1160153575319	1	INSTRUCTIONSCROLL	1276
1160153575332	1	INSTRUCTIONSCROLL	1279
1160153575345	1	INSTRUCTIONSCROLL	1281
1160153575359	1	INSTRUCTIONSCROLL	1284
1160153575372	1	INSTRUCTIONSCROLL	1287
1160153575385	1	INSTRUCTIONSCROLL	1289
1160153575399	1	INSTRUCTIONSCROLL	1292
1160153575412	1	INSTRUCTIONSCROLL	1295
1160153575425	1	INSTRUCTIONSCROLL	1297
1160153575639	1	INSTRUCTIONSCROLL	1298
1160153575652	1	INSTRUCTIONSCROLL	1301
1160153575665	1	INSTRUCTIONSCROLL	1303
1160153575679	1	INSTRUCTIONSCROLL	1306
1160153575692	1	INSTRUCTIONSCROLL	1309
1160153575705	1	INSTRUCTIONSCROLL	1311
1160153575719	1	INSTRUCTIONSCROLL	1314
1160153575732	1	INSTRUCTIONSCROLL	1317
1160153575745	1	INSTRUCTIONSCROLL	1319
1160153575919	1	INSTRUCTIONSCROLL	1320
1160153575932	1	INSTRUCTIONSCROLL	1321
1160153575945	1	INSTRUCTIONSCROLL	1323
1160153575959	1	INSTRUCTIONSCROLL	1326
1160153575972	1	INSTRUCTIONSCROLL	1329
1160153575985	1	INSTRUCTIONSCROLL	1331
1160153575999	1	INSTRUCTIONSCROLL	1334
1160153576839	1	INSTRUCTIONSCROLL	1335
1160153576852	1	INSTRUCTIONSCROLL	1337
1160153576865	1	INSTRUCTIONSCROLL	1340
1160153576879	1	INSTRUCTIONSCROLL	1343
1160153576892	1	INSTRUCTIONSCROLL	1345
1160153576905	1	INSTRUCTIONSCROLL	1348
1160153576919	1	INSTRUCTIONSCROLL	1351
1160153576932	1	INSTRUCTIONSCROLL	1353
1160153576945	1	INSTRUCTIONSCROLL	1356
1160153576959	1	INSTRUCTIONSCROLL	1359
1160153576972	1	INSTRUCTIONSCROLL	1361
1160153576985	1	INSTRUCTIONSCROLL	1364
1160153576999	1	INSTRUCTIONSCROLL	1367
1160153577799	1	INSTRUCTIONSCROLL	1368
1160153577812	1	INSTRUCTIONSCROLL	1369
1160153577825	1	INSTRUCTIONSCROLL	1372
1160153577839	1	INSTRUCTIONSCROLL	1374
1160153577852	1	INSTRUCTIONSCROLL	1377
1160153577865	1	INSTRUCTIONSCROLL	1380
1160153577879	1	INSTRUCTIONSCROLL	1382
1160153577892	1	INSTRUCTIONSCROLL	1385
1160153577905	1	INSTRUCTIONSCROLL	1388
1160153577919	1	INSTRUCTIONSCROLL	1390
1160153577932	1	INSTRUCTIONSCROLL	1393
1160153577945	1	INSTRUCTIONSCROLL	1396
1160153577959	1	INSTRUCTIONSCROLL	1398
1160153578679	1	INSTRUCTIONSCROLL	1399
1160153578692	1	INSTRUCTIONSCROLL	1402
1160153578705	1	INSTRUCTIONSCROLL	1404
1160153578719	1	INSTRUCTIONSCROLL	1407
1160153578732	1	INSTRUCTIONSCROLL	1410
1160153578745	1	INSTRUCTIONSCROLL	1412
1160153578759	1	INSTRUCTIONSCROLL	1415
1160153578772	1	INSTRUCTIONSCROLL	1418
1160153578785	1	INSTRUCTIONSCROLL	1420
1160153578799	1	INSTRUCTIONSCROLL	1423
1160153578812	1	INSTRUCTIONSCROLL	1426
1160153578825	1	INSTRUCTIONSCROLL	1428
1160153578839	1	INSTRUCTIONSCROLL	1431
1160153578852	1	INSTRUCTIONSCROLL	1434
1160153579545	1	INSTRUCTIONSCROLL	1435
1160153579559	1	INSTRUCTIONSCROLL	1437
1160153579572	1	INSTRUCTIONSCROLL	1440
1160153579585	1	INSTRUCTIONSCROLL	1443
1160153579599	1	INSTRUCTIONSCROLL	1445
1160153579612	1	INSTRUCTIONSCROLL	1448
1160153579625	1	INSTRUCTIONSCROLL	1451
1160153579639	1	INSTRUCTIONSCROLL	1453
1160153579652	1	INSTRUCTIONSCROLL	1456
1160153579665	1	INSTRUCTIONSCROLL	1459
1160153579679	1	INSTRUCTIONSCROLL	1461
1160153579692	1	INSTRUCTIONSCROLL	1464
1160153580452	1	INSTRUCTIONSCROLL	1465
1160153580465	1	INSTRUCTIONSCROLL	1467
1160153580479	1	INSTRUCTIONSCROLL	1470
1160153580492	1	INSTRUCTIONSCROLL	1473
1160153580505	1	INSTRUCTIONSCROLL	1475
1160153580519	1	INSTRUCTIONSCROLL	1478
1160153580532	1	INSTRUCTIONSCROLL	1481
1160153580545	1	INSTRUCTIONSCROLL	1483
1160153580559	1	INSTRUCTIONSCROLL	1486
1160153580572	1	INSTRUCTIONSCROLL	1489
1160153580585	1	INSTRUCTIONSCROLL	1491
1160153580599	1	INSTRUCTIONSCROLL	1494
1160153580612	1	INSTRUCTIONSCROLL	1497
1160153580625	1	INSTRUCTIONSCROLL	1499
1160153580639	1	INSTRUCTIONSCROLL	1502
1160153580652	1	INSTRUCTIONSCROLL	1505
1160153580665	1	INSTRUCTIONSCROLL	1507
1160153581665	1	INSTRUCTIONSCROLL	1508
1160153581679	1	INSTRUCTIONSCROLL	1510
1160153581692	1	INSTRUCTIONSCROLL	1512
1160153581705	1	INSTRUCTIONSCROLL	1515
1160153581719	1	INSTRUCTIONSCROLL	1518
1160153581732	1	INSTRUCTIONSCROLL	1520
1160153581745	1	INSTRUCTIONSCROLL	1523
1160153581759	1	INSTRUCTIONSCROLL	1526
1160153581772	1	INSTRUCTIONSCROLL	1528
1160153581785	1	INSTRUCTIONSCROLL	1531
1160153581799	1	INSTRUCTIONSCROLL	1534
1160153582559	1	INSTRUCTIONSCROLL	1535
1160153582572	1	INSTRUCTIONSCROLL	1537
1160153582585	1	INSTRUCTIONSCROLL	1540
1160153582599	1	INSTRUCTIONSCROLL	1543
1160153582612	1	INSTRUCTIONSCROLL	1545
1160153582625	1	INSTRUCTIONSCROLL	1548
1160153582639	1	INSTRUCTIONSCROLL	1551
1160153582652	1	INSTRUCTIONSCROLL	1553
1160153582665	1	INSTRUCTIONSCROLL	1556
1160153582679	1	INSTRUCTIONSCROLL	1559
1160153582692	1	INSTRUCTIONSCROLL	1561
1160153582705	1	INSTRUCTIONSCROLL	1564
1160153584399	1	INSTRUCTIONSCROLL	1565
1160153584412	1	INSTRUCTIONSCROLL	1567
1160153584425	1	INSTRUCTIONSCROLL	1570
1160153584439	1	INSTRUCTIONSCROLL	1573
1160153584452	1	INSTRUCTIONSCROLL	1575
1160153584465	1	INSTRUCTIONSCROLL	1578
1160153584479	1	INSTRUCTIONSCROLL	1581
1160153584492	1	INSTRUCTIONSCROLL	1583
1160153584505	1	INSTRUCTIONSCROLL	1586
1160153584519	1	INSTRUCTIONSCROLL	1589
1160153584825	1	INSTRUCTIONSCROLL	1590
1160153584839	1	INSTRUCTIONSCROLL	1592
1160153584852	1	INSTRUCTIONSCROLL	1595
1160153584865	1	INSTRUCTIONSCROLL	1597
1160153584879	1	INSTRUCTIONSCROLL	1600
1160153584892	1	INSTRUCTIONSCROLL	1603
1160153584905	1	INSTRUCTIONSCROLL	1605
1160153584919	1	INSTRUCTIONSCROLL	1608
1160153584932	1	INSTRUCTIONSCROLL	1611
1160153584945	1	INSTRUCTIONSCROLL	1613
1160153584959	1	INSTRUCTIONSCROLL	1616
1160153584972	1	INSTRUCTIONSCROLL	1619
1160153585146	1	INSTRUCTIONSCROLL	1620
1160153585160	1	INSTRUCTIONSCROLL	1621
1160153585173	1	INSTRUCTIONSCROLL	1623
1160153585186	1	INSTRUCTIONSCROLL	1626
1160153585200	1	INSTRUCTIONSCROLL	1629
1160153585213	1	INSTRUCTIONSCROLL	1631
1160153585225	1	INSTRUCTIONSCROLL	1634
1160153585239	1	INSTRUCTIONSCROLL	1637
1160153585252	1	INSTRUCTIONSCROLL	1639
1160153585266	1	INSTRUCTIONSCROLL	1642
1160153585450	1	INSTRUCTIONSCROLL	1643
1160153585465	1	INSTRUCTIONSCROLL	1644
1160153585479	1	INSTRUCTIONSCROLL	1646
1160153585492	1	INSTRUCTIONSCROLL	1649
1160153585505	1	INSTRUCTIONSCROLL	1652
1160153585519	1	INSTRUCTIONSCROLL	1654
1160153585679	1	INSTRUCTIONSCROLL	1655
1160153585692	1	INSTRUCTIONSCROLL	1656
1160153585706	1	INSTRUCTIONSCROLL	1658
1160153585719	1	INSTRUCTIONSCROLL	1661
1160153585732	1	INSTRUCTIONSCROLL	1664
1160153585746	1	INSTRUCTIONSCROLL	1666
1160153585759	1	INSTRUCTIONSCROLL	1669
1160153585772	1	INSTRUCTIONSCROLL	1672
1160153585932	1	INSTRUCTIONSCROLL	1673
1160153585946	1	INSTRUCTIONSCROLL	1674
1160153585959	1	INSTRUCTIONSCROLL	1677
1160153585972	1	INSTRUCTIONSCROLL	1680
1160153585986	1	INSTRUCTIONSCROLL	1682
1160153585999	1	INSTRUCTIONSCROLL	1685
1160153586146	1	INSTRUCTIONSCROLL	1686
1160153586160	1	INSTRUCTIONSCROLL	1687
1160153586173	1	INSTRUCTIONSCROLL	1689
1160153586187	1	INSTRUCTIONSCROLL	1692
1160153586200	1	INSTRUCTIONSCROLL	1695
1160153586213	1	INSTRUCTIONSCROLL	1697
1160153586225	1	INSTRUCTIONSCROLL	1700
1160153586239	1	INSTRUCTIONSCROLL	1702
1160153586252	1	INSTRUCTIONSCROLL	1705
1160153586266	1	INSTRUCTIONSCROLL	1708
1160153586279	1	INSTRUCTIONSCROLL	1710
1160153586292	1	INSTRUCTIONSCROLL	1713
1160153586306	1	INSTRUCTIONSCROLL	1716
1160153586319	1	INSTRUCTIONSCROLL	1718
1160153586332	1	INSTRUCTIONSCROLL	1721
1160153586346	1	INSTRUCTIONSCROLL	1724
1160153586359	1	INSTRUCTIONSCROLL	1726
1160153586372	1	INSTRUCTIONSCROLL	1729
1160153586386	1	INSTRUCTIONSCROLL	1732
1160153586399	1	INSTRUCTIONSCROLL	1734
1160153586412	1	INSTRUCTIONSCROLL	1737
1160153586426	1	INSTRUCTIONSCROLL	1740
1160153589612	1	INSTRUCTIONSTOP	Button set (OR)
1160153589616	0	E	Logging Ends
