1165514347891	0	B	Logging Begins
1165514347891	0	SETUP
1165514348134	0	RESTORESTATE
1165514348134	0	RESTORESTATE
1165514348136	0	SESSION	0
1165514348138	0	SESSION	1
1165514348142	0	SAVESTATE
1165514348142	0	RESTORESTATE
1165514348145	0	SESSION	0
1165515738777	0	SAVESTATE
1165515750142	0	SAVESTATE
1165515758372	0	SAVESTATE
1165515766169	0	SAVESTATE
1165515773849	0	SAVESTATE
1165515780880	0	SAVESTATE
1165515788394	0	SAVESTATE
1165515795909	0	SAVESTATE
1165515803307	0	SAVESTATE
1165515810487	0	SAVESTATE
1165515819102	0	SAVESTATE
1165515826600	0	SAVESTATE
1165515833846	0	SAVESTATE
1165515841063	0	SAVESTATE
1165515852492	0	SAVESTATE
1165515860373	0	SAVESTATE
1165515867568	0	SAVESTATE
1165515874566	0	SAVESTATE
1165515882215	0	SAVESTATE
1165515889728	0	SAVESTATE
1165515897209	0	SAVESTATE
1165515904742	0	SAVESTATE
1165515913005	0	SAVESTATE
1165515920553	0	SAVESTATE
1165515927933	0	SAVESTATE
1165515935132	0	SAVESTATE
1165515942394	0	SAVESTATE
1165515950258	0	SAVESTATE
1165515957793	0	SAVESTATE
1165515965722	0	SAVESTATE
1165515973484	0	SAVESTATE
1165515980915	0	SAVESTATE
1165515996012	0	SAVESTATE
1165516003475	0	SAVESTATE
1165516011439	0	SAVESTATE
1165516018537	0	SAVESTATE
1165516025886	0	SAVESTATE
1165516033049	0	SAVESTATE
1165516040429	0	SAVESTATE
1165516050526	0	SAVESTATE
1165516057958	0	SAVESTATE
1165516065389	0	SAVESTATE
1165516072720	0	SAVESTATE
1165516080199	0	SAVESTATE
1165516087466	0	SAVESTATE
1165516094963	0	SAVESTATE
1165516102409	0	SAVESTATE
1165516109657	0	SAVESTATE
1165516116856	0	SAVESTATE
1165516124235	0	SAVESTATE
1165516131751	0	SAVESTATE
1165516140815	0	SAVESTATE
1165516148211	0	SAVESTATE
1165516155725	0	SAVESTATE
1165516163041	0	SAVESTATE
1165516170971	0	SAVESTATE
1165516178402	0	SAVESTATE
1165516185932	0	SAVESTATE
1165516193430	0	SAVESTATE
1165516201310	0	SAVESTATE
1165516208895	0	SAVESTATE
1165516216372	0	SAVESTATE
1165516223736	0	SAVESTATE
1165516234351	0	SAVESTATE
1165516247638	0	BREAK
1165516247638	0	E	Logging Ends
