1165527471425	0	B	Logging Begins
1165527471425	0	SETUP
1165527471661	0	RESTORESTATE
1165527471661	0	RESTORESTATE
1165527471664	0	SESSION	0
1165527471666	0	SESSION	1
1165527471671	0	SAVESTATE
1165527471671	0	RESTORESTATE
1165527471675	0	SESSION	0
1165527568585	0	SAVESTATE
1165527577182	0	SAVESTATE
1165527585363	0	SAVESTATE
1165527594595	0	SAVESTATE
1165527602739	0	SAVESTATE
1165527610920	0	SAVESTATE
1165527619069	0	SAVESTATE
1165527627032	0	SAVESTATE
1165527635447	0	SAVESTATE
1165527643427	0	SAVESTATE
1165527651143	0	SAVESTATE
1165527658821	0	SAVESTATE
1165527666802	0	SAVESTATE
1165527674469	0	SAVESTATE
1165527682366	0	SAVESTATE
1165527690946	0	SAVESTATE
1165527698693	0	SAVESTATE
1165527707406	0	SAVESTATE
1165527715772	0	SAVESTATE
1165527723800	0	SAVESTATE
1165527731764	0	SAVESTATE
1165527739762	0	SAVESTATE
1165527747942	0	SAVESTATE
1165527755275	0	SAVESTATE
1165527763255	0	SAVESTATE
1165527771171	0	SAVESTATE
1165527779168	0	SAVESTATE
1165527787297	0	SAVESTATE
1165527794930	0	SAVESTATE
1165527802909	0	SAVESTATE
1165527810591	0	SAVESTATE
1165527818571	0	SAVESTATE
1165527833598	0	SAVESTATE
1165527842174	0	SAVESTATE
1165527851061	0	SAVESTATE
1165527858756	0	SAVESTATE
1165527866339	0	SAVESTATE
1165527874003	0	SAVESTATE
1165527881300	0	SAVESTATE
1165527888598	0	SAVESTATE
1165527896131	0	SAVESTATE
1165527903526	0	SAVESTATE
1165527911274	0	SAVESTATE
1165527919021	0	SAVESTATE
1165527926386	0	SAVESTATE
1165527933850	0	SAVESTATE
1165527941577	0	SAVESTATE
1165527949528	0	SAVESTATE
1165527958260	0	SAVESTATE
1165527965590	0	SAVESTATE
1165527973623	0	SAVESTATE
1165527980870	0	SAVESTATE
1165527988216	0	SAVESTATE
1165527995895	0	SAVESTATE
1165528003160	0	SAVESTATE
1165528010693	0	SAVESTATE
1165528018672	0	SAVESTATE
1165528026187	0	SAVESTATE
1165528034467	0	SAVESTATE
1165528042433	0	SAVESTATE
1165528049683	0	SAVESTATE
1165528057477	0	SAVESTATE
1165528065740	0	SAVESTATE
1165528073523	0	SAVESTATE
1165528084512	0	BREAK
1165528084512	0	E	Logging Ends
