1160152803932	0	B	Logging Begins
1160152803933	0	SESS_START	0
1160152907059	0	TRIAL	1
1160152913364	1	FACE	1456	PRES1_PNNN	Correct	LL1	PP1	Target_PNNN	0	PRACTICE
1160152917364	1	FACE	1456	CUE	Correct	LL1	PP1	Target_PNNN	0	PRACTICE
1160152918820	0	FACE	1456	RESP	Correct	LL1	PP1	Target_PNNN	0	PRACTICE
1160152918847	0	TRIAL	2
1160152923950	1	FACE	1171	PRES1_PNNP	Correct	LL1	PP1	Target_PNNP	0	PRACTICE
1160152927817	1	FACE	1171	CUE	Correct	LL1	PP1	Target_PNNP	0	PRACTICE
1160152928988	0	FACE	1171	RESP	Correct	LL1	PP1	Target_PNNP	0	PRACTICE
1160152929009	0	TRIAL	3
1160152931963	1	FACE	1144	PRES1_PPNP	Correct	LL1	PP0	Lure_PPPN	0	PRACTICE
1160152935937	1	FACE	1144	CUE	Correct	LL1	PP0	Lure_PPPN	0	PRACTICE
1160152937081	0	FACE	1144	RESP	Correct	LL1	PP0	Lure_PPPN	0	PRACTICE
1160152937102	0	TRIAL	4
1160152941870	1	FACE	1854	PRES1_NPNP	Correct	LL1	PP1	Target_NPNP	0	PRACTICE
1160152945804	1	FACE	1854	CUE	Correct	LL1	PP1	Target_NPNP	0	PRACTICE
1160152947658	0	FACE	1854	RESP	Correct	LL1	PP1	Target_NPNP	0	PRACTICE
1160152947688	0	TRIAL	5
1160152951537	1	FACE	1540	PRES1_NPPN	Incorrect	LL1	PP1	Target_NPPN	0	PRACTICE
1160152955351	1	FACE	1540	CUE	Incorrect	LL1	PP1	Target_NPPN	0	PRACTICE
1160152956891	0	FACE	1540	RESP	Incorrect	LL1	PP1	Target_NPPN	0	PRACTICE
1160152956914	0	TRIAL	6
1160152959537	1	FACE	1144	PRES1_NNNN	Correct	LL1	PP0	Lure_PNNN	0	PRACTICE
1160152963271	1	FACE	1144	CUE	Correct	LL1	PP0	Lure_PNNN	0	PRACTICE
1160152964415	1	FACE	1144	RESP	Correct	LL1	PP0	Lure_PNNN	0	PRACTICE
1160152964449	0	TRIAL	7
1160152968484	1	FACE	1184	PRES1_PNPN	Correct	LL1	PP1	Target_PNPN	0	PRACTICE
1160152972245	1	FACE	1184	CUE	Correct	LL1	PP1	Target_PNPN	0	PRACTICE
1160152973429	0	FACE	1184	RESP	Correct	LL1	PP1	Target_PNPN	0	PRACTICE
1160152973461	0	TRIAL	8
1160152976165	1	FACE	1389	PRES1_PPPN	Incorrect	LL1	PP1	Target_PPPN	0	PRACTICE
1160152980058	1	FACE	1389	CUE	Incorrect	LL1	PP1	Target_PPPN	0	PRACTICE
1160152981447	0	FACE	1389	RESP	Incorrect	LL1	PP1	Target_PPPN	0	PRACTICE
1160152981474	0	TRIAL	9
1160152984671	1	FACE	1051	PRES1_PPNN	Correct	LL1	PP0	Lure_PNNP	0	PRACTICE
1160152988657	1	FACE	1051	CUE	Correct	LL1	PP0	Lure_PNNP	0	PRACTICE
1160152989708	0	FACE	1051	RESP	Correct	LL1	PP0	Lure_PNNP	0	PRACTICE
1160152989728	0	TRIAL	10
1160152992697	1	FACE	1305	PRES1_NNPN	Incorrect	LL1	PP0	Lure_NNNN	0	PRACTICE
1160152996564	1	FACE	1305	CUE	Incorrect	LL1	PP0	Lure_NNNN	0	PRACTICE
1160152997869	0	FACE	1305	RESP	Incorrect	LL1	PP0	Lure_NNNN	0	PRACTICE
1160152997901	0	TRIAL	11
1160153001698	1	FACE	1220	PRES1_NNPP	Correct	LL1	PP0	Lure_NPNN	0	PRACTICE
1160153005471	1	FACE	1220	CUE	Correct	LL1	PP0	Lure_NPNN	0	PRACTICE
1160153006691	0	FACE	1220	RESP	Correct	LL1	PP0	Lure_NPNN	0	PRACTICE
1160153006718	0	TRIAL	12
1160153010858	1	FACE	1140	PRES1_NPNN	Correct	LL1	PP0	Lure_PPNN	0	PRACTICE
1160153014671	1	FACE	1140	CUE	Correct	LL1	PP0	Lure_PPNN	0	PRACTICE
1160153015811	0	FACE	1140	RESP	Correct	LL1	PP0	Lure_PPNN	0	PRACTICE
1160153015835	0	TRIAL	13
1160153019538	1	FACE	679	PRES1_NPPP	Correct	LL1	PP1	Target_NPPP	0	PRACTICE
1160153023299	1	FACE	679	CUE	Correct	LL1	PP1	Target_NPPP	0	PRACTICE
1160153023978	0	FACE	679	RESP	Correct	LL1	PP1	Target_NPPP	0	PRACTICE
1160153024009	0	TRIAL	14
1160153027898	1	FACE	993	PRES1_NNNP	Correct	LL1	PP0	Lure_PPPP	0	PRACTICE
1160153031725	1	FACE	993	CUE	Correct	LL1	PP0	Lure_PPPP	0	PRACTICE
1160153032718	0	FACE	993	RESP	Correct	LL1	PP0	Lure_PPPP	0	PRACTICE
1160153032742	0	TRIAL	15
1160153036725	1	FACE	935	PRES1_NPNP	Correct	LL1	PP0	Lure_NNPN	0	PRACTICE
1160153040751	1	FACE	935	CUE	Correct	LL1	PP0	Lure_NNPN	0	PRACTICE
1160153041686	0	FACE	935	RESP	Correct	LL1	PP0	Lure_NNPN	0	PRACTICE
1160153041715	0	TRIAL	16
1160153044765	1	FACE	892	PRES1_PNNP	Correct	LL1	PP0	Lure_NPPP	0	PRACTICE
1160153048565	1	FACE	892	CUE	Correct	LL1	PP0	Lure_NPPP	0	PRACTICE
1160153049457	0	FACE	892	RESP	Correct	LL1	PP0	Lure_NPPP	0	PRACTICE
1160153049488	0	TRIAL	17
1160153052778	1	FACE	1044	PRES1_NNNP	Correct	LL1	PP1	Target_NNNP	0	PRACTICE
1160153056698	1	FACE	1044	CUE	Correct	LL1	PP1	Target_NNNP	0	PRACTICE
1160153057742	0	FACE	1044	RESP	Correct	LL1	PP1	Target_NNNP	0	PRACTICE
1160153057769	0	TRIAL	18
1160153061073	1	FACE	1152	PRES1_NNPN	Correct	LL1	PP1	Target_NNPN	0	PRACTICE
1160153064938	1	FACE	1152	CUE	Correct	LL1	PP1	Target_NNPN	0	PRACTICE
1160153066090	0	FACE	1152	RESP	Correct	LL1	PP1	Target_NNPN	0	PRACTICE
1160153066116	0	TRIAL	19
1160153070073	1	FACE	1002	PRES1_PNPN	Correct	LL1	PP0	Lure_PPNP	0	PRACTICE
1160153074153	1	FACE	1002	CUE	Correct	LL1	PP0	Lure_PPNP	0	PRACTICE
1160153075155	0	FACE	1002	RESP	Correct	LL1	PP0	Lure_PPNP	0	PRACTICE
1160153075183	0	TRIAL	20
1160153078992	1	FACE	773	PRES1_PPPN	Correct	LL1	PP0	Lure_PNPP	0	PRACTICE
1160153082832	1	FACE	773	CUE	Correct	LL1	PP0	Lure_PNPP	0	PRACTICE
1160153083605	0	FACE	773	RESP	Correct	LL1	PP0	Lure_PNPP	0	PRACTICE
1160153083635	0	TRIAL	21
1160153086912	1	FACE	1646	PRES1_NPNN	Correct	LL1	PP1	Target_NPNN	0	PRACTICE
1160153090818	1	FACE	1646	CUE	Correct	LL1	PP1	Target_NPNN	0	PRACTICE
1160153092464	0	FACE	1646	RESP	Correct	LL1	PP1	Target_NPNN	0	PRACTICE
1160153092489	0	TRIAL	22
1160153096340	1	FACE	1438	PRES1_NNNN	Correct	LL1	PP1	Target_NNNN	0	PRACTICE
1160153100153	1	FACE	1438	CUE	Correct	LL1	PP1	Target_NNNN	0	PRACTICE
1160153101591	0	FACE	1438	RESP	Correct	LL1	PP1	Target_NNNN	0	PRACTICE
1160153101623	0	TRIAL	23
1160153105140	1	FACE	1072	PRES1_PPPP	Correct	LL1	PP1	Target_PPPP	0	PRACTICE
1160153109020	1	FACE	1072	CUE	Correct	LL1	PP1	Target_PPPP	0	PRACTICE
1160153110092	0	FACE	1072	RESP	Correct	LL1	PP1	Target_PPPP	0	PRACTICE
1160153110117	0	TRIAL	24
1160153113579	1	FACE	1282	PRES1_PNPP	Incorrect	LL1	PP0	Lure_NNPP	0	PRACTICE
1160153117445	1	FACE	1282	CUE	Incorrect	LL1	PP0	Lure_NNPP	0	PRACTICE
1160153118727	0	FACE	1282	RESP	Incorrect	LL1	PP0	Lure_NNPP	0	PRACTICE
1160153118756	0	TRIAL	25
1160153121846	1	FACE	965	PRES1_PPNN	Correct	LL1	PP1	Target_PPNN	0	PRACTICE
1160153125819	1	FACE	965	CUE	Correct	LL1	PP1	Target_PPNN	0	PRACTICE
1160153126784	0	FACE	965	RESP	Correct	LL1	PP1	Target_PPNN	0	PRACTICE
1160153126809	0	TRIAL	26
1160153129912	1	FACE	960	PRES1_NPPN	Correct	LL1	PP0	Lure_NNNP	0	PRACTICE
1160153133672	1	FACE	960	CUE	Correct	LL1	PP0	Lure_NNNP	0	PRACTICE
1160153134632	0	FACE	960	RESP	Correct	LL1	PP0	Lure_NNNP	0	PRACTICE
1160153134662	0	TRIAL	27
1160153137340	1	FACE	880	PRES1_PPPP	Correct	LL1	PP0	Lure_PNPN	0	PRACTICE
1160153141313	1	FACE	880	CUE	Correct	LL1	PP0	Lure_PNPN	0	PRACTICE
1160153142193	0	FACE	880	RESP	Correct	LL1	PP0	Lure_PNPN	0	PRACTICE
1160153142225	0	TRIAL	28
1160153144872	1	FACE	1192	PRES1_PPNP	Correct	LL1	PP1	Target_PPNP	0	PRACTICE
1160153148846	1	FACE	1192	CUE	Correct	LL1	PP1	Target_PPNP	0	PRACTICE
1160153150038	0	FACE	1192	RESP	Correct	LL1	PP1	Target_PPNP	0	PRACTICE
1160153150064	0	TRIAL	29
1160153155220	1	FACE	1036	PRES1_NPPP	Incorrect	LL1	PP0	Lure_NPNP	0	PRACTICE
1160153159114	1	FACE	1036	CUE	Incorrect	LL1	PP0	Lure_NPNP	0	PRACTICE
1160153160150	0	FACE	1036	RESP	Incorrect	LL1	PP0	Lure_NPNP	0	PRACTICE
1160153160170	0	TRIAL	30
1160153163726	1	FACE	1230	PRES1_NNPP	Correct	LL1	PP1	Target_NNPP	0	PRACTICE
1160153167659	1	FACE	1230	CUE	Correct	LL1	PP1	Target_NNPP	0	PRACTICE
1160153168889	0	FACE	1230	RESP	Correct	LL1	PP1	Target_NNPP	0	PRACTICE
1160153168916	0	TRIAL	31
1160153172407	1	FACE	900	PRES1_PNNN	Correct	LL1	PP0	Lure_NPPN	0	PRACTICE
1160153176367	1	FACE	900	CUE	Correct	LL1	PP0	Lure_NPPN	0	PRACTICE
1160153177267	0	FACE	900	RESP	Correct	LL1	PP0	Lure_NPPN	0	PRACTICE
1160153177291	0	TRIAL	32
1160153180713	1	FACE	1659	PRES1_PNPP	Correct	LL1	PP1	Target_PNPP	0	PRACTICE
1160153184740	1	FACE	1659	CUE	Correct	LL1	PP1	Target_PNPP	0	PRACTICE
1160153186399	0	FACE	1659	RESP	Correct	LL1	PP1	Target_PNPP	0	PRACTICE
1160153192010	0	TRIAL	1
1160153197381	1	FACE	1048	PRES1_PNNN	Correct	LL1	PP1	Target_PNNN	0	PRACTICE
1160153201354	1	FACE	1048	CUE	Correct	LL1	PP1	Target_PNNN	0	PRACTICE
1160153202402	1	FACE	1048	RESP	Correct	LL1	PP1	Target_PNNN	0	PRACTICE
1160153202423	0	TRIAL	2
1160153205873	1	FACE	1045	PRES1_PNNP	Correct	LL1	PP0	Lure_NNPN	0	PRACTICE
1160153209820	1	FACE	1045	CUE	Correct	LL1	PP0	Lure_NNPN	0	PRACTICE
1160153210865	1	FACE	1045	RESP	Correct	LL1	PP0	Lure_NNPN	0	PRACTICE
1160153210890	0	TRIAL	3
1160153213860	1	FACE	798	PRES1_PNPN	Correct	LL1	PP1	Target_PNPN	0	PRACTICE
1160153217647	1	FACE	798	CUE	Correct	LL1	PP1	Target_PNPN	0	PRACTICE
1160153218445	0	FACE	798	RESP	Correct	LL1	PP1	Target_PNPN	0	PRACTICE
1160153218477	0	TRIAL	4
1160153221673	1	FACE	792	PRES1_NNNP	Correct	LL1	PP1	Target_NNNP	0	PRACTICE
1160153225447	1	FACE	792	CUE	Correct	LL1	PP1	Target_NNNP	0	PRACTICE
1160153226239	0	FACE	792	RESP	Correct	LL1	PP1	Target_NNNP	0	PRACTICE
1160153226265	0	TRIAL	5
1160153229301	1	FACE	1077	PRES1_PPPN	Correct	LL1	PP0	Lure_NPPP	0	PRACTICE
1160153233154	1	FACE	1077	CUE	Correct	LL1	PP0	Lure_NPPP	0	PRACTICE
1160153234231	0	FACE	1077	RESP	Correct	LL1	PP0	Lure_NPPP	0	PRACTICE
1160153234251	0	TRIAL	6
1160153237913	1	FACE	1555	PRES1_NPNN	Incorrect	LL1	PP1	Target_NPNN	0	PRACTICE
1160153241913	1	FACE	1555	CUE	Incorrect	LL1	PP1	Target_NPNN	0	PRACTICE
1160153243468	0	FACE	1555	RESP	Incorrect	LL1	PP1	Target_NPNN	0	PRACTICE
1160153243490	0	TRIAL	7
1160153246967	1	FACE	884	PRES1_NPPP	Correct	LL1	PP1	Target_NPPP	0	PRACTICE
1160153251008	1	FACE	884	CUE	Correct	LL1	PP1	Target_NPPP	0	PRACTICE
1160153251892	0	FACE	884	RESP	Correct	LL1	PP1	Target_NPPP	0	PRACTICE
1160153251917	0	TRIAL	8
1160153255048	1	FACE	1093	PRES1_PPPP	Correct	LL1	PP0	Lure_NNPP	0	PRACTICE
1160153258954	1	FACE	1093	CUE	Correct	LL1	PP0	Lure_NNPP	0	PRACTICE
1160153260047	0	FACE	1093	RESP	Correct	LL1	PP0	Lure_NNPP	0	PRACTICE
1160153260078	0	TRIAL	9
1160153263048	1	FACE	975	PRES1_PNNN	Correct	LL1	PP0	Lure_NPNN	0	PRACTICE
1160153266887	1	FACE	975	CUE	Correct	LL1	PP0	Lure_NPNN	0	PRACTICE
1160153267862	0	FACE	975	RESP	Correct	LL1	PP0	Lure_NPNN	0	PRACTICE
1160153267891	0	TRIAL	10
1160153270860	1	FACE	929	PRES1_NPNP	Correct	LL1	PP1	Target_NPNP	0	PRACTICE
1160153274807	1	FACE	929	CUE	Correct	LL1	PP1	Target_NPNP	0	PRACTICE
1160153275736	0	FACE	929	RESP	Correct	LL1	PP1	Target_NPNP	0	PRACTICE
1160153275757	0	TRIAL	11
1160153279182	1	FACE	1165	PRES1_PPNP	Correct	LL1	PP1	Target_PPNP	0	PRACTICE
1160153283208	1	FACE	1165	CUE	Correct	LL1	PP1	Target_PPNP	0	PRACTICE
1160153284373	0	FACE	1165	RESP	Correct	LL1	PP1	Target_PPNP	0	PRACTICE
1160153284398	0	TRIAL	12
1160153287527	1	FACE	1064	PRES1_NPNN	Correct	LL1	PP0	Lure_NPPN	0	PRACTICE
1160153291302	1	FACE	1064	CUE	Correct	LL1	PP0	Lure_NPPN	0	PRACTICE
1160153292366	0	FACE	1064	RESP	Correct	LL1	PP0	Lure_NPPN	0	PRACTICE
1160153292399	0	TRIAL	13
1160153299302	1	FACE	839	PRES1_PNPP	Correct	LL1	PP1	Target_PNPP	0	PRACTICE
1160153303115	1	FACE	839	CUE	Correct	LL1	PP1	Target_PNPP	0	PRACTICE
1160153303954	0	FACE	839	RESP	Correct	LL1	PP1	Target_PNPP	0	PRACTICE
1160153303971	0	TRIAL	14
1160153307275	1	FACE	770	PRES1_NNPP	Correct	LL1	PP1	Target_NNPP	0	PRACTICE
1160153311035	1	FACE	770	CUE	Correct	LL1	PP1	Target_NNPP	0	PRACTICE
1160153311805	0	FACE	770	RESP	Correct	LL1	PP1	Target_NNPP	0	PRACTICE
1160153311824	0	TRIAL	15
1160153315009	1	FACE	871	PRES1_PPNN	Correct	LL1	PP0	Lure_PPPP	0	PRACTICE
1160153318848	1	FACE	871	CUE	Correct	LL1	PP0	Lure_PPPP	0	PRACTICE
1160153319719	0	FACE	871	RESP	Correct	LL1	PP0	Lure_PPPP	0	PRACTICE
1160153319745	0	TRIAL	16
1160153322714	1	FACE	775	PRES1_PPPP	Correct	LL1	PP1	Target_PPPP	0	PRACTICE
1160153326554	1	FACE	775	CUE	Correct	LL1	PP1	Target_PPPP	0	PRACTICE
1160153327329	1	FACE	775	RESP	Correct	LL1	PP1	Target_PPPP	0	PRACTICE
1160153327359	0	TRIAL	17
1160153330514	1	FACE	869	PRES1_PNNP	Correct	LL1	PP1	Target_PNNP	0	PRACTICE
1160153334488	1	FACE	869	CUE	Correct	LL1	PP1	Target_PNNP	0	PRACTICE
1160153335357	0	FACE	869	RESP	Correct	LL1	PP1	Target_PNNP	0	PRACTICE
1160153335386	0	TRIAL	18
1160153338648	1	FACE	858	PRES1_NNPN	Correct	LL1	PP1	Target_NNPN	0	PRACTICE
1160153342688	1	FACE	858	CUE	Correct	LL1	PP1	Target_NNPN	0	PRACTICE
1160153343546	0	FACE	858	RESP	Correct	LL1	PP1	Target_NNPN	0	PRACTICE
1160153343571	0	TRIAL	19
1160153347781	1	FACE	1422	PRES1_NPNP	Correct	LL1	PP0	Lure_NNNP	0	PRACTICE
1160153351608	1	FACE	1422	CUE	Correct	LL1	PP0	Lure_NNNP	0	PRACTICE
1160153353030	0	FACE	1422	RESP	Correct	LL1	PP0	Lure_NNNP	0	PRACTICE
1160153353053	0	TRIAL	20
1160153356461	1	FACE	1009	PRES1_NPPP	Correct	LL1	PP0	Lure_NNNN	0	PRACTICE
1160153360409	1	FACE	1009	CUE	Correct	LL1	PP0	Lure_NNNN	0	PRACTICE
1160153361418	0	FACE	1009	RESP	Correct	LL1	PP0	Lure_NNNN	0	PRACTICE
1160153361440	0	TRIAL	21
1160153364581	1	FACE	867	PRES1_NNNN	Correct	LL1	PP1	Target_NNNN	0	PRACTICE
1160153368461	1	FACE	867	CUE	Correct	LL1	PP1	Target_NNNN	0	PRACTICE
1160153369328	0	FACE	867	RESP	Correct	LL1	PP1	Target_NNNN	0	PRACTICE
1160153369359	0	TRIAL	22
1160153372501	1	FACE	928	PRES1_PNPP	Correct	LL1	PP0	Lure_PPNP	0	PRACTICE
1160153376515	1	FACE	928	CUE	Correct	LL1	PP0	Lure_PPNP	0	PRACTICE
1160153377443	0	FACE	928	RESP	Correct	LL1	PP0	Lure_PPNP	0	PRACTICE
1160153377465	0	TRIAL	23
1160153380528	1	FACE	997	PRES1_PPNN	Incorrect	LL1	PP1	Target_PPNN	0	PRACTICE
1160153384462	1	FACE	997	CUE	Incorrect	LL1	PP1	Target_PPNN	0	PRACTICE
1160153385459	0	FACE	997	RESP	Incorrect	LL1	PP1	Target_PPNN	0	PRACTICE
1160153385479	0	TRIAL	24
1160153388648	1	FACE	869	PRES1_NNPP	Correct	LL1	PP0	Lure_PNPN	0	PRACTICE
1160153392409	1	FACE	869	CUE	Correct	LL1	PP0	Lure_PNPN	0	PRACTICE
1160153393278	0	FACE	869	RESP	Correct	LL1	PP0	Lure_PNPN	0	PRACTICE
1160153393306	0	TRIAL	25
1160153396555	1	FACE	1189	PRES1_NNNN	Correct	LL1	PP0	Lure_PPPN	0	PRACTICE
1160153400582	1	FACE	1189	CUE	Correct	LL1	PP0	Lure_PPPN	0	PRACTICE
1160153401771	0	FACE	1189	RESP	Correct	LL1	PP0	Lure_PPPN	0	PRACTICE
1160153401800	0	TRIAL	26
1160153405090	1	FACE	864	PRES1_NPPN	Correct	LL1	PP0	Lure_NPNP	0	PRACTICE
1160153408875	1	FACE	864	CUE	Correct	LL1	PP0	Lure_NPNP	0	PRACTICE
1160153409739	0	FACE	864	RESP	Correct	LL1	PP0	Lure_NPNP	0	PRACTICE
1160153409772	0	TRIAL	27
1160153414210	1	FACE	1130	PRES1_PNPN	Correct	LL1	PP0	Lure_PNNP	0	PRACTICE
1160153418116	1	FACE	1130	CUE	Correct	LL1	PP0	Lure_PNNP	0	PRACTICE
1160153419246	0	FACE	1130	RESP	Correct	LL1	PP0	Lure_PNNP	0	PRACTICE
1160153419267	0	TRIAL	28
1160153422795	1	FACE	1192	PRES1_PPPN	Correct	LL1	PP1	Target_PPPN	0	PRACTICE
1160153426595	1	FACE	1192	CUE	Correct	LL1	PP1	Target_PPPN	0	PRACTICE
1160153427787	0	FACE	1192	RESP	Correct	LL1	PP1	Target_PPPN	0	PRACTICE
1160153427813	0	TRIAL	29
1160153431036	1	FACE	865	PRES1_NNPN	Correct	LL1	PP0	Lure_PNPP	0	PRACTICE
1160153434902	1	FACE	865	CUE	Correct	LL1	PP0	Lure_PNPP	0	PRACTICE
1160153435767	0	FACE	865	RESP	Correct	LL1	PP0	Lure_PNPP	0	PRACTICE
1160153435799	0	TRIAL	30
1160153439050	1	FACE	813	PRES1_NNNP	Correct	LL1	PP0	Lure_PNNN	0	PRACTICE
1160153443077	1	FACE	813	CUE	Correct	LL1	PP0	Lure_PNNN	0	PRACTICE
1160153443890	0	FACE	813	RESP	Correct	LL1	PP0	Lure_PNNN	0	PRACTICE
1160153443920	0	TRIAL	31
1160153447223	1	FACE	1092	PRES1_PPNP	Correct	LL1	PP0	Lure_PPNN	0	PRACTICE
1160153451103	1	FACE	1092	CUE	Correct	LL1	PP0	Lure_PPNN	0	PRACTICE
1160153452195	0	FACE	1092	RESP	Correct	LL1	PP0	Lure_PPNN	0	PRACTICE
1160153452227	0	TRIAL	32
1160153455343	1	FACE	1016	PRES1_NPPN	Correct	LL1	PP1	Target_NPPN	0	PRACTICE
1160153459157	1	FACE	1016	CUE	Correct	LL1	PP1	Target_NPPN	0	PRACTICE
1160153460173	0	FACE	1016	RESP	Correct	LL1	PP1	Target_NPPN	0	PRACTICE
1160153469999	0	SESS_END	1
1160153470003	0	E	Logging Ends
