1171046051485	0	B	Logging Begins
1171046051485	0	INSTRUCTIONSTART	JointRoller	/Library/Frameworks/Python.framework/Versions/2.4/lib/python2.4/site-packages/pyepl/resources/vera.ttf	51	(0, 0, 0)	'This study will analyze your memory for face items. A star (*) will be\nshown to warn you that the trial is about to begin.  After the study\nitem you see a probe, and you are asked to indicate whether the probe\nis identical to the study item. \n\nYou will respond on the keyboard, with a confidence judgment between 1\nand 6.  A judgment of 6 indicates that you are near certain that the\nprobe is identical to the study item, a judgment of 5 indicates moderate \nconfidence, and a judgment of 4 indicates that you think that the probe\nis identical, but are quite unsure.  A judgment of 1 indicates that you\nare near certain that the probe is NOT identical to the study item, a \njudgment of 2 indicates moderate confidence, and a judgment of 3 indicates\nthat you think that the probe is NOT identical, but are quite unsure.\n\nSo, judgments of 4, 5, and 6 all indicate "YES"; 1, 2, and 3 all indicate\n"NO".\n\nYou should rest your fingers on the bottom row of the keyboard.  "Z", "X", \nand "C" will correspond to confidence judgments of 1, 2, and 3, \nrespectively.  "," "." and "/" will correspond to judgments of 4, 5, and \n6, respectively.\n\nRESPOND AS QUICKLY AS YOU CAN WITHOUT COMPROMISING YOUR ACCURACY.\n\nYou will do two blocks, each consisting of 32 trials.\n\nLet\'s proceed!\n\n'
1171046051542	1	INSTRUCTIONSCROLL	0
1171046067518	1	INSTRUCTIONSCROLL	1
1171046067532	1	INSTRUCTIONSCROLL	6
1171046067549	1	INSTRUCTIONSCROLL	9
1171046067566	1	INSTRUCTIONSCROLL	12
1171046067582	1	INSTRUCTIONSCROLL	15
1171046067682	1	INSTRUCTIONSCROLL	16
1171046067698	1	INSTRUCTIONSCROLL	17
1171046067715	1	INSTRUCTIONSCROLL	20
1171046067731	1	INSTRUCTIONSCROLL	24
1171046067748	1	INSTRUCTIONSCROLL	27
1171046067848	1	INSTRUCTIONSCROLL	28
1171046067865	1	INSTRUCTIONSCROLL	31
1171046067881	1	INSTRUCTIONSCROLL	34
1171046067898	1	INSTRUCTIONSCROLL	37
1171046067914	1	INSTRUCTIONSCROLL	41
1171046067931	1	INSTRUCTIONSCROLL	44
1171046067948	1	INSTRUCTIONSCROLL	47
1171046067964	1	INSTRUCTIONSCROLL	51
1171046068065	1	INSTRUCTIONSCROLL	52
1171046068082	1	INSTRUCTIONSCROLL	56
1171046068099	1	INSTRUCTIONSCROLL	59
1171046068115	1	INSTRUCTIONSCROLL	62
1171046068315	1	INSTRUCTIONSCROLL	61
1171046068332	1	INSTRUCTIONSCROLL	60
1171046068349	1	INSTRUCTIONSCROLL	57
1171046068365	1	INSTRUCTIONSCROLL	53
1171046068382	1	INSTRUCTIONSCROLL	50
1171046068515	1	INSTRUCTIONSCROLL	49
1171046068532	1	INSTRUCTIONSCROLL	48
1171046068549	1	INSTRUCTIONSCROLL	44
1171046068565	1	INSTRUCTIONSCROLL	41
1171046068582	1	INSTRUCTIONSCROLL	38
1171046068649	1	INSTRUCTIONSCROLL	37
1171046068665	1	INSTRUCTIONSCROLL	36
1171046068682	1	INSTRUCTIONSCROLL	32
1171046068698	1	INSTRUCTIONSCROLL	29
1171046068714	1	INSTRUCTIONSCROLL	26
1171046068731	1	INSTRUCTIONSCROLL	23
1171046068748	1	INSTRUCTIONSCROLL	19
1171046095922	1	INSTRUCTIONSCROLL	20
1171046095939	1	INSTRUCTIONSCROLL	22
1171046095955	1	INSTRUCTIONSCROLL	25
1171046095972	1	INSTRUCTIONSCROLL	29
1171046095989	1	INSTRUCTIONSCROLL	32
1171046096006	1	INSTRUCTIONSCROLL	35
1171046096256	1	INSTRUCTIONSCROLL	36
1171046096273	1	INSTRUCTIONSCROLL	37
1171046096290	1	INSTRUCTIONSCROLL	40
1171046096306	1	INSTRUCTIONSCROLL	44
1171046096323	1	INSTRUCTIONSCROLL	47
1171046096423	1	INSTRUCTIONSCROLL	48
1171046096440	1	INSTRUCTIONSCROLL	49
1171046096456	1	INSTRUCTIONSCROLL	52
1171046096473	1	INSTRUCTIONSCROLL	56
1171046096490	1	INSTRUCTIONSCROLL	59
1171046096590	1	INSTRUCTIONSCROLL	60
1171046096606	1	INSTRUCTIONSCROLL	63
1171046096623	1	INSTRUCTIONSCROLL	67
1171046096739	1	INSTRUCTIONSCROLL	68
1171046096755	1	INSTRUCTIONSCROLL	71
1171046096772	1	INSTRUCTIONSCROLL	74
1171046096788	1	INSTRUCTIONSCROLL	78
1171046096805	1	INSTRUCTIONSCROLL	81
1171046096822	1	INSTRUCTIONSCROLL	84
1171046101970	1	INSTRUCTIONSCROLL	85
1171046101987	1	INSTRUCTIONSCROLL	89
1171046102005	1	INSTRUCTIONSCROLL	92
1171046102021	1	INSTRUCTIONSCROLL	95
1171046102038	1	INSTRUCTIONSCROLL	99
1171046102054	1	INSTRUCTIONSCROLL	102
1171046102071	1	INSTRUCTIONSCROLL	105
1171046102221	1	INSTRUCTIONSCROLL	106
1171046102238	1	INSTRUCTIONSCROLL	110
1171046102254	1	INSTRUCTIONSCROLL	113
1171046102271	1	INSTRUCTIONSCROLL	117
1171046102288	1	INSTRUCTIONSCROLL	120
1171046102304	1	INSTRUCTIONSCROLL	123
1171046102321	1	INSTRUCTIONSCROLL	127
1171046102438	1	INSTRUCTIONSCROLL	128
1171046102454	1	INSTRUCTIONSCROLL	131
1171046102471	1	INSTRUCTIONSCROLL	135
1171046102488	1	INSTRUCTIONSCROLL	138
1171046102604	1	INSTRUCTIONSCROLL	139
1171046102621	1	INSTRUCTIONSCROLL	141
1171046102638	1	INSTRUCTIONSCROLL	144
1171046102654	1	INSTRUCTIONSCROLL	147
1171046102671	1	INSTRUCTIONSCROLL	151
1171046103154	1	INSTRUCTIONSCROLL	152
1171046103171	1	INSTRUCTIONSCROLL	153
1171046103187	1	INSTRUCTIONSCROLL	156
1171046103204	1	INSTRUCTIONSCROLL	160
1171046103222	1	INSTRUCTIONSCROLL	163
1171046103237	1	INSTRUCTIONSCROLL	166
1171046103354	1	INSTRUCTIONSCROLL	167
1171046103371	1	INSTRUCTIONSCROLL	170
1171046103387	1	INSTRUCTIONSCROLL	173
1171046103404	1	INSTRUCTIONSCROLL	177
1171046103521	1	INSTRUCTIONSCROLL	178
1171046103537	1	INSTRUCTIONSCROLL	180
1171046103554	1	INSTRUCTIONSCROLL	184
1171046103571	1	INSTRUCTIONSCROLL	187
1171046103671	1	INSTRUCTIONSCROLL	188
1171046103687	1	INSTRUCTIONSCROLL	189
1171046103703	1	INSTRUCTIONSCROLL	192
1171046103720	1	INSTRUCTIONSCROLL	195
1171046103736	1	INSTRUCTIONSCROLL	198
1171046104254	1	INSTRUCTIONSCROLL	199
1171046104270	1	INSTRUCTIONSCROLL	201
1171046104287	1	INSTRUCTIONSCROLL	205
1171046104304	1	INSTRUCTIONSCROLL	208
1171046104320	1	INSTRUCTIONSCROLL	211
1171046104437	1	INSTRUCTIONSCROLL	212
1171046104454	1	INSTRUCTIONSCROLL	214
1171046104470	1	INSTRUCTIONSCROLL	218
1171046104487	1	INSTRUCTIONSCROLL	221
1171046104620	1	INSTRUCTIONSCROLL	222
1171046104637	1	INSTRUCTIONSCROLL	225
1171046104654	1	INSTRUCTIONSCROLL	229
1171046104670	1	INSTRUCTIONSCROLL	232
1171046104769	1	INSTRUCTIONSCROLL	233
1171046104786	1	INSTRUCTIONSCROLL	234
1171046104803	1	INSTRUCTIONSCROLL	238
1171046104819	1	INSTRUCTIONSCROLL	241
1171046104936	1	INSTRUCTIONSCROLL	242
1171046104953	1	INSTRUCTIONSCROLL	243
1171046104969	1	INSTRUCTIONSCROLL	246
1171046104986	1	INSTRUCTIONSCROLL	250
1171046105087	1	INSTRUCTIONSCROLL	251
1171046105103	1	INSTRUCTIONSCROLL	253
1171046105120	1	INSTRUCTIONSCROLL	256
1171046105137	1	INSTRUCTIONSCROLL	260
1171046105253	1	INSTRUCTIONSCROLL	261
1171046105270	1	INSTRUCTIONSCROLL	263
1171046105287	1	INSTRUCTIONSCROLL	266
1171046106003	1	INSTRUCTIONSCROLL	267
1171046106020	1	INSTRUCTIONSCROLL	269
1171046106037	1	INSTRUCTIONSCROLL	272
1171046106053	1	INSTRUCTIONSCROLL	275
1171046106070	1	INSTRUCTIONSCROLL	279
1171046106087	1	INSTRUCTIONSCROLL	282
1171046106103	1	INSTRUCTIONSCROLL	285
1171046106170	1	INSTRUCTIONSCROLL	286
1171046106186	1	INSTRUCTIONSCROLL	288
1171046106203	1	INSTRUCTIONSCROLL	291
1171046106220	1	INSTRUCTIONSCROLL	294
1171046106236	1	INSTRUCTIONSCROLL	298
1171046106253	1	INSTRUCTIONSCROLL	301
1171046106370	1	INSTRUCTIONSCROLL	302
1171046106386	1	INSTRUCTIONSCROLL	303
1171046106403	1	INSTRUCTIONSCROLL	307
1171046106420	1	INSTRUCTIONSCROLL	310
1171046106536	1	INSTRUCTIONSCROLL	311
1171046106553	1	INSTRUCTIONSCROLL	313
1171046106570	1	INSTRUCTIONSCROLL	317
1171046106586	1	INSTRUCTIONSCROLL	320
1171046106603	1	INSTRUCTIONSCROLL	323
1171046106719	1	INSTRUCTIONSCROLL	324
1171046106735	1	INSTRUCTIONSCROLL	327
1171046106752	1	INSTRUCTIONSCROLL	330
1171046106769	1	INSTRUCTIONSCROLL	333
1171046107203	1	INSTRUCTIONSCROLL	334
1171046107220	1	INSTRUCTIONSCROLL	336
1171046107236	1	INSTRUCTIONSCROLL	339
1171046107253	1	INSTRUCTIONSCROLL	343
1171046107269	1	INSTRUCTIONSCROLL	346
1171046107386	1	INSTRUCTIONSCROLL	347
1171046107403	1	INSTRUCTIONSCROLL	350
1171046107419	1	INSTRUCTIONSCROLL	353
1171046107436	1	INSTRUCTIONSCROLL	356
1171046107553	1	INSTRUCTIONSCROLL	357
1171046107569	1	INSTRUCTIONSCROLL	358
1171046107586	1	INSTRUCTIONSCROLL	362
1171046107603	1	INSTRUCTIONSCROLL	365
1171046107619	1	INSTRUCTIONSCROLL	368
1171046107636	1	INSTRUCTIONSCROLL	372
1171046108536	1	INSTRUCTIONSCROLL	373
1171046108552	1	INSTRUCTIONSCROLL	377
1171046108569	1	INSTRUCTIONSCROLL	380
1171046108586	1	INSTRUCTIONSCROLL	383
1171046108602	1	INSTRUCTIONSCROLL	387
1171046108985	1	INSTRUCTIONSCROLL	388
1171046109002	1	INSTRUCTIONSCROLL	389
1171046109019	1	INSTRUCTIONSCROLL	393
1171046109036	1	INSTRUCTIONSCROLL	396
1171046109052	1	INSTRUCTIONSCROLL	399
1171046109169	1	INSTRUCTIONSCROLL	400
1171046109186	1	INSTRUCTIONSCROLL	403
1171046109202	1	INSTRUCTIONSCROLL	406
1171046109219	1	INSTRUCTIONSCROLL	410
1171046109335	1	INSTRUCTIONSCROLL	411
1171046109352	1	INSTRUCTIONSCROLL	415
1171046109369	1	INSTRUCTIONSCROLL	418
1171046109385	1	INSTRUCTIONSCROLL	421
1171046109486	1	INSTRUCTIONSCROLL	422
1171046109502	1	INSTRUCTIONSCROLL	426
1171046109519	1	INSTRUCTIONSCROLL	429
1171046109535	1	INSTRUCTIONSCROLL	432
1171046109552	1	INSTRUCTIONSCROLL	436
1171046109569	1	INSTRUCTIONSCROLL	439
1171046109585	1	INSTRUCTIONSCROLL	442
1171046109602	1	INSTRUCTIONSCROLL	446
1171046109619	1	INSTRUCTIONSCROLL	449
1171046109635	1	INSTRUCTIONSCROLL	452
1171046109652	1	INSTRUCTIONSCROLL	456
1171046109669	1	INSTRUCTIONSCROLL	459
1171046109685	1	INSTRUCTIONSCROLL	462
1171046109701	1	INSTRUCTIONSCROLL	466
1171046109718	1	INSTRUCTIONSCROLL	469
1171046109734	1	INSTRUCTIONSCROLL	472
1171046109751	1	INSTRUCTIONSCROLL	476
1171046109768	1	INSTRUCTIONSCROLL	479
1171046109784	1	INSTRUCTIONSCROLL	482
1171046109801	1	INSTRUCTIONSCROLL	486
1171046109818	1	INSTRUCTIONSCROLL	489
1171046109834	1	INSTRUCTIONSCROLL	492
1171046109851	1	INSTRUCTIONSCROLL	496
1171046109868	1	INSTRUCTIONSCROLL	499
1171046109884	1	INSTRUCTIONSCROLL	502
1171046109901	1	INSTRUCTIONSCROLL	506
1171046109918	1	INSTRUCTIONSCROLL	509
1171046109934	1	INSTRUCTIONSCROLL	512
1171046109951	1	INSTRUCTIONSCROLL	516
1171046109968	1	INSTRUCTIONSCROLL	519
1171046109984	1	INSTRUCTIONSCROLL	522
1171046110002	1	INSTRUCTIONSCROLL	526
1171046110019	1	INSTRUCTIONSCROLL	529
1171046110035	1	INSTRUCTIONSCROLL	532
1171046110052	1	INSTRUCTIONSCROLL	536
1171046110069	1	INSTRUCTIONSCROLL	539
1171046110085	1	INSTRUCTIONSCROLL	542
1171046110102	1	INSTRUCTIONSCROLL	546
1171046110119	1	INSTRUCTIONSCROLL	549
1171046110135	1	INSTRUCTIONSCROLL	552
1171046110152	1	INSTRUCTIONSCROLL	556
1171046110169	1	INSTRUCTIONSCROLL	559
1171046110185	1	INSTRUCTIONSCROLL	562
1171046110202	1	INSTRUCTIONSCROLL	566
1171046110219	1	INSTRUCTIONSCROLL	569
1171046110235	1	INSTRUCTIONSCROLL	573
1171046110252	1	INSTRUCTIONSCROLL	576
1171046110269	1	INSTRUCTIONSCROLL	579
1171046110285	1	INSTRUCTIONSCROLL	582
1171046110302	1	INSTRUCTIONSCROLL	586
1171046110318	1	INSTRUCTIONSCROLL	589
1171046110335	1	INSTRUCTIONSCROLL	592
1171046110352	1	INSTRUCTIONSCROLL	596
1171046110369	1	INSTRUCTIONSCROLL	599
1171046110385	1	INSTRUCTIONSCROLL	602
1171046110402	1	INSTRUCTIONSCROLL	606
1171046110419	1	INSTRUCTIONSCROLL	609
1171046110435	1	INSTRUCTIONSCROLL	612
1171046110452	1	INSTRUCTIONSCROLL	616
1171046110468	1	INSTRUCTIONSCROLL	619
1171046110485	1	INSTRUCTIONSCROLL	622
1171046110502	1	INSTRUCTIONSCROLL	626
1171046110518	1	INSTRUCTIONSCROLL	629
1171046110535	1	INSTRUCTIONSCROLL	632
1171046110552	1	INSTRUCTIONSCROLL	636
1171046114667	1	INSTRUCTIONSCROLL	637
1171046114684	1	INSTRUCTIONSCROLL	638
1171046114699	1	INSTRUCTIONSCROLL	642
1171046114716	1	INSTRUCTIONSCROLL	645
1171046114733	1	INSTRUCTIONSCROLL	648
1171046114750	1	INSTRUCTIONSCROLL	652
1171046114766	1	INSTRUCTIONSCROLL	655
1171046114783	1	INSTRUCTIONSCROLL	658
1171046114799	1	INSTRUCTIONSCROLL	662
1171046114816	1	INSTRUCTIONSCROLL	665
1171046114833	1	INSTRUCTIONSCROLL	668
1171046114849	1	INSTRUCTIONSCROLL	672
1171046114866	1	INSTRUCTIONSCROLL	675
1171046114883	1	INSTRUCTIONSCROLL	678
1171046114899	1	INSTRUCTIONSCROLL	682
1171046114916	1	INSTRUCTIONSCROLL	685
1171046114933	1	INSTRUCTIONSCROLL	688
1171046114949	1	INSTRUCTIONSCROLL	692
1171046114966	1	INSTRUCTIONSCROLL	695
1171046114983	1	INSTRUCTIONSCROLL	698
1171046114999	1	INSTRUCTIONSCROLL	702
1171046115017	1	INSTRUCTIONSCROLL	705
1171046115034	1	INSTRUCTIONSCROLL	708
1171046115050	1	INSTRUCTIONSCROLL	712
1171046115067	1	INSTRUCTIONSCROLL	715
1171046115084	1	INSTRUCTIONSCROLL	719
1171046115100	1	INSTRUCTIONSCROLL	722
1171046115117	1	INSTRUCTIONSCROLL	725
1171046115134	1	INSTRUCTIONSCROLL	728
1171046115150	1	INSTRUCTIONSCROLL	732
1171046115167	1	INSTRUCTIONSCROLL	735
1171046115184	1	INSTRUCTIONSCROLL	738
1171046115200	1	INSTRUCTIONSCROLL	742
1171046115217	1	INSTRUCTIONSCROLL	745
1171046115234	1	INSTRUCTIONSCROLL	749
1171046115250	1	INSTRUCTIONSCROLL	752
1171046115267	1	INSTRUCTIONSCROLL	755
1171046115284	1	INSTRUCTIONSCROLL	758
1171046115300	1	INSTRUCTIONSCROLL	762
1171046115317	1	INSTRUCTIONSCROLL	765
1171046123014	1	INSTRUCTIONSCROLL	766
1171046123031	1	INSTRUCTIONSCROLL	767
1171046123048	1	INSTRUCTIONSCROLL	770
1171046123064	1	INSTRUCTIONSCROLL	774
1171046123081	1	INSTRUCTIONSCROLL	777
1171046123098	1	INSTRUCTIONSCROLL	780
1171046123114	1	INSTRUCTIONSCROLL	784
1171046123131	1	INSTRUCTIONSCROLL	787
1171046123148	1	INSTRUCTIONSCROLL	790
1171046123164	1	INSTRUCTIONSCROLL	794
1171046123181	1	INSTRUCTIONSCROLL	797
1171046123198	1	INSTRUCTIONSCROLL	800
1171046123214	1	INSTRUCTIONSCROLL	804
1171046123231	1	INSTRUCTIONSCROLL	807
1171046123248	1	INSTRUCTIONSCROLL	810
1171046123264	1	INSTRUCTIONSCROLL	814
1171046123281	1	INSTRUCTIONSCROLL	817
1171046123298	1	INSTRUCTIONSCROLL	820
1171046123314	1	INSTRUCTIONSCROLL	824
1171046123331	1	INSTRUCTIONSCROLL	827
1171046123348	1	INSTRUCTIONSCROLL	830
1171046123364	1	INSTRUCTIONSCROLL	834
1171046123381	1	INSTRUCTIONSCROLL	837
1171046123398	1	INSTRUCTIONSCROLL	840
1171046123414	1	INSTRUCTIONSCROLL	844
1171046123431	1	INSTRUCTIONSCROLL	847
1171046123448	1	INSTRUCTIONSCROLL	850
1171046123464	1	INSTRUCTIONSCROLL	854
1171046123481	1	INSTRUCTIONSCROLL	857
1171046123498	1	INSTRUCTIONSCROLL	860
1171046137725	1	INSTRUCTIONSCROLL	861
1171046137742	1	INSTRUCTIONSCROLL	862
1171046137759	1	INSTRUCTIONSCROLL	865
1171046137775	1	INSTRUCTIONSCROLL	869
1171046137792	1	INSTRUCTIONSCROLL	872
1171046137809	1	INSTRUCTIONSCROLL	875
1171046137825	1	INSTRUCTIONSCROLL	879
1171046137842	1	INSTRUCTIONSCROLL	882
1171046138093	1	INSTRUCTIONSCROLL	883
1171046138110	1	INSTRUCTIONSCROLL	884
1171046138126	1	INSTRUCTIONSCROLL	887
1171046138143	1	INSTRUCTIONSCROLL	890
1171046138160	1	INSTRUCTIONSCROLL	894
1171046138526	1	INSTRUCTIONSCROLL	895
1171046138543	1	INSTRUCTIONSCROLL	899
1171046138559	1	INSTRUCTIONSCROLL	902
1171046138576	1	INSTRUCTIONSCROLL	905
1171046139059	1	INSTRUCTIONSCROLL	906
1171046139076	1	INSTRUCTIONSCROLL	910
1171046139093	1	INSTRUCTIONSCROLL	913
1171046139109	1	INSTRUCTIONSCROLL	916
1171046155421	1	INSTRUCTIONSCROLL	917
1171046155437	1	INSTRUCTIONSCROLL	919
1171046155454	1	INSTRUCTIONSCROLL	923
1171046157687	1	INSTRUCTIONSCROLL	924
1171046157702	1	INSTRUCTIONSCROLL	925
1171046157719	1	INSTRUCTIONSCROLL	928
1171046157736	1	INSTRUCTIONSCROLL	931
1171046157752	1	INSTRUCTIONSCROLL	935
1171046157769	1	INSTRUCTIONSCROLL	938
1171046157919	1	INSTRUCTIONSCROLL	939
1171046157936	1	INSTRUCTIONSCROLL	940
1171046157952	1	INSTRUCTIONSCROLL	943
1171046157969	1	INSTRUCTIONSCROLL	947
1171046158103	1	INSTRUCTIONSCROLL	948
1171046158120	1	INSTRUCTIONSCROLL	949
1171046158136	1	INSTRUCTIONSCROLL	952
1171046158270	1	INSTRUCTIONSCROLL	953
1171046158286	1	INSTRUCTIONSCROLL	954
1171046158303	1	INSTRUCTIONSCROLL	957
1171046158320	1	INSTRUCTIONSCROLL	961
1171046158453	1	INSTRUCTIONSCROLL	962
1171046158470	1	INSTRUCTIONSCROLL	966
1171046158486	1	INSTRUCTIONSCROLL	969
1171046158603	1	INSTRUCTIONSCROLL	970
1171046158620	1	INSTRUCTIONSCROLL	972
1171046158636	1	INSTRUCTIONSCROLL	975
1171046158653	1	INSTRUCTIONSCROLL	979
1171046158751	1	INSTRUCTIONSCROLL	980
1171046158769	1	INSTRUCTIONSCROLL	981
1171046158785	1	INSTRUCTIONSCROLL	984
1171046158802	1	INSTRUCTIONSCROLL	988
1171046158902	1	INSTRUCTIONSCROLL	989
1171046158919	1	INSTRUCTIONSCROLL	990
1171046158935	1	INSTRUCTIONSCROLL	993
1171046158952	1	INSTRUCTIONSCROLL	997
1171046159069	1	INSTRUCTIONSCROLL	998
1171046159086	1	INSTRUCTIONSCROLL	1002
1171046159103	1	INSTRUCTIONSCROLL	1005
1171046159220	1	INSTRUCTIONSCROLL	1006
1171046159236	1	INSTRUCTIONSCROLL	1009
1171046159253	1	INSTRUCTIONSCROLL	1012
1171046159269	1	INSTRUCTIONSCROLL	1016
1171046159336	1	INSTRUCTIONSCROLL	1017
1171046159353	1	INSTRUCTIONSCROLL	1018
1171046159369	1	INSTRUCTIONSCROLL	1021
1171046159386	1	INSTRUCTIONSCROLL	1025
1171046159403	1	INSTRUCTIONSCROLL	1028
1171046159419	1	INSTRUCTIONSCROLL	1031
1171046159436	1	INSTRUCTIONSCROLL	1035
1171046159453	1	INSTRUCTIONSCROLL	1038
1171046159469	1	INSTRUCTIONSCROLL	1041
1171046159486	1	INSTRUCTIONSCROLL	1045
1171046159503	1	INSTRUCTIONSCROLL	1048
1171046159519	1	INSTRUCTIONSCROLL	1051
1171046159536	1	INSTRUCTIONSCROLL	1055
1171046159553	1	INSTRUCTIONSCROLL	1058
1171046159569	1	INSTRUCTIONSCROLL	1061
1171046159586	1	INSTRUCTIONSCROLL	1065
1171046159603	1	INSTRUCTIONSCROLL	1068
1171046159619	1	INSTRUCTIONSCROLL	1071
1171046159636	1	INSTRUCTIONSCROLL	1075
1171046159653	1	INSTRUCTIONSCROLL	1078
1171046159669	1	INSTRUCTIONSCROLL	1081
1171046159686	1	INSTRUCTIONSCROLL	1085
1171046159702	1	INSTRUCTIONSCROLL	1088
1171046159718	1	INSTRUCTIONSCROLL	1091
1171046159735	1	INSTRUCTIONSCROLL	1095
1171046159752	1	INSTRUCTIONSCROLL	1098
1171046159768	1	INSTRUCTIONSCROLL	1101
1171046159785	1	INSTRUCTIONSCROLL	1105
1171046159802	1	INSTRUCTIONSCROLL	1108
1171046159818	1	INSTRUCTIONSCROLL	1111
1171046159835	1	INSTRUCTIONSCROLL	1115
1171046159852	1	INSTRUCTIONSCROLL	1118
1171046159868	1	INSTRUCTIONSCROLL	1121
1171046159885	1	INSTRUCTIONSCROLL	1125
1171046159902	1	INSTRUCTIONSCROLL	1128
1171046159918	1	INSTRUCTIONSCROLL	1131
1171046159935	1	INSTRUCTIONSCROLL	1135
1171046159952	1	INSTRUCTIONSCROLL	1138
1171046159968	1	INSTRUCTIONSCROLL	1141
1171046159985	1	INSTRUCTIONSCROLL	1144
1171046160003	1	INSTRUCTIONSCROLL	1148
1171046160019	1	INSTRUCTIONSCROLL	1151
1171046160036	1	INSTRUCTIONSCROLL	1155
1171046160053	1	INSTRUCTIONSCROLL	1158
1171046160069	1	INSTRUCTIONSCROLL	1161
1171046160086	1	INSTRUCTIONSCROLL	1165
1171046160102	1	INSTRUCTIONSCROLL	1168
1171046160119	1	INSTRUCTIONSCROLL	1171
1171046160136	1	INSTRUCTIONSCROLL	1175
1171046161452	1	INSTRUCTIONSCROLL	1176
1171046161469	1	INSTRUCTIONSCROLL	1178
1171046161485	1	INSTRUCTIONSCROLL	1181
1171046161502	1	INSTRUCTIONSCROLL	1184
1171046161519	1	INSTRUCTIONSCROLL	1188
1171046161535	1	INSTRUCTIONSCROLL	1191
1171046161552	1	INSTRUCTIONSCROLL	1194
1171046161569	1	INSTRUCTIONSCROLL	1198
1171046161585	1	INSTRUCTIONSCROLL	1201
1171046161602	1	INSTRUCTIONSCROLL	1204
1171046161619	1	INSTRUCTIONSCROLL	1208
1171046161635	1	INSTRUCTIONSCROLL	1211
1171046161652	1	INSTRUCTIONSCROLL	1214
1171046161669	1	INSTRUCTIONSCROLL	1218
1171046161685	1	INSTRUCTIONSCROLL	1221
1171046161701	1	INSTRUCTIONSCROLL	1224
1171046161718	1	INSTRUCTIONSCROLL	1227
1171046161734	1	INSTRUCTIONSCROLL	1231
1171046161751	1	INSTRUCTIONSCROLL	1234
1171046161768	1	INSTRUCTIONSCROLL	1237
1171046161784	1	INSTRUCTIONSCROLL	1241
1171046161801	1	INSTRUCTIONSCROLL	1244
1171046161818	1	INSTRUCTIONSCROLL	1247
1171046161834	1	INSTRUCTIONSCROLL	1251
1171046161851	1	INSTRUCTIONSCROLL	1254
1171046161868	1	INSTRUCTIONSCROLL	1258
1171046161884	1	INSTRUCTIONSCROLL	1261
1171046161901	1	INSTRUCTIONSCROLL	1264
1171046161918	1	INSTRUCTIONSCROLL	1268
1171046161934	1	INSTRUCTIONSCROLL	1271
1171046161951	1	INSTRUCTIONSCROLL	1274
1171046161968	1	INSTRUCTIONSCROLL	1277
1171046161984	1	INSTRUCTIONSCROLL	1281
1171046162002	1	INSTRUCTIONSCROLL	1284
1171046162019	1	INSTRUCTIONSCROLL	1288
1171046162035	1	INSTRUCTIONSCROLL	1291
1171046162052	1	INSTRUCTIONSCROLL	1294
1171046162069	1	INSTRUCTIONSCROLL	1298
1171046162085	1	INSTRUCTIONSCROLL	1301
1171046162102	1	INSTRUCTIONSCROLL	1304
1171046162119	1	INSTRUCTIONSCROLL	1308
1171046162135	1	INSTRUCTIONSCROLL	1311
1171046162152	1	INSTRUCTIONSCROLL	1314
1171046162168	1	INSTRUCTIONSCROLL	1318
1171046162185	1	INSTRUCTIONSCROLL	1321
1171046162202	1	INSTRUCTIONSCROLL	1324
1171046162218	1	INSTRUCTIONSCROLL	1328
1171046162235	1	INSTRUCTIONSCROLL	1331
1171046163585	1	INSTRUCTIONSCROLL	1332
1171046163601	1	INSTRUCTIONSCROLL	1333
1171046163618	1	INSTRUCTIONSCROLL	1337
1171046163635	1	INSTRUCTIONSCROLL	1340
1171046163651	1	INSTRUCTIONSCROLL	1343
1171046163668	1	INSTRUCTIONSCROLL	1347
1171046163685	1	INSTRUCTIONSCROLL	1350
1171046163700	1	INSTRUCTIONSCROLL	1353
1171046163717	1	INSTRUCTIONSCROLL	1357
1171046163734	1	INSTRUCTIONSCROLL	1360
1171046163750	1	INSTRUCTIONSCROLL	1363
1171046163767	1	INSTRUCTIONSCROLL	1367
1171046163784	1	INSTRUCTIONSCROLL	1370
1171046163800	1	INSTRUCTIONSCROLL	1373
1171046163817	1	INSTRUCTIONSCROLL	1377
1171046163834	1	INSTRUCTIONSCROLL	1380
1171046163850	1	INSTRUCTIONSCROLL	1383
1171046163867	1	INSTRUCTIONSCROLL	1387
1171046163884	1	INSTRUCTIONSCROLL	1390
1171046163900	1	INSTRUCTIONSCROLL	1393
1171046163917	1	INSTRUCTIONSCROLL	1397
1171046163934	1	INSTRUCTIONSCROLL	1400
1171046163950	1	INSTRUCTIONSCROLL	1403
1171046163967	1	INSTRUCTIONSCROLL	1407
1171046163984	1	INSTRUCTIONSCROLL	1410
1171046164001	1	INSTRUCTIONSCROLL	1413
1171046164018	1	INSTRUCTIONSCROLL	1417
1171046164035	1	INSTRUCTIONSCROLL	1420
1171046164051	1	INSTRUCTIONSCROLL	1423
1171046164068	1	INSTRUCTIONSCROLL	1427
1171046164085	1	INSTRUCTIONSCROLL	1430
1171046164101	1	INSTRUCTIONSCROLL	1433
1171046164118	1	INSTRUCTIONSCROLL	1437
1171046164135	1	INSTRUCTIONSCROLL	1440
1171046164151	1	INSTRUCTIONSCROLL	1443
1171046164168	1	INSTRUCTIONSCROLL	1447
1171046164185	1	INSTRUCTIONSCROLL	1450
1171046164201	1	INSTRUCTIONSCROLL	1453
1171046164218	1	INSTRUCTIONSCROLL	1457
1171046164235	1	INSTRUCTIONSCROLL	1460
1171046164251	1	INSTRUCTIONSCROLL	1463
1171046164268	1	INSTRUCTIONSCROLL	1467
1171046187644	1	INSTRUCTIONSTOP	Button set (OR)
1171046187644	0	E	Logging Ends
