1154613932426	0	B	Logging Begins
1154613932426	0	SETUP
1154613932436	0	RESTORESTATE
1154613932464	0	SAVESTATE
1154613932464	0	RESTORESTATE
1154613932731	0	SESSION	0
1154613979839	0	SAVESTATE
1154613986613	0	SAVESTATE
1154613993045	0	SAVESTATE
1154613999445	0	SAVESTATE
1154614005941	0	SAVESTATE
1154614012424	0	SAVESTATE
1154614018920	0	SAVESTATE
1154614025438	0	SAVESTATE
1154614036839	0	SAVESTATE
1154614042869	0	SAVESTATE
1154614048901	0	SAVESTATE
1154614054932	0	SAVESTATE
1154614060963	0	SAVESTATE
1154614066995	0	SAVESTATE
1154614073104	0	SAVESTATE
1154614079058	0	SAVESTATE
1154614093798	0	SAVESTATE
1154614100445	0	SAVESTATE
1154614106959	0	SAVESTATE
1154614113463	0	SAVESTATE
1154614120236	0	SAVESTATE
1154614126634	0	SAVESTATE
1154614133067	0	SAVESTATE
1154614139549	0	SAVESTATE
1154614147637	0	SAVESTATE
1154614153667	0	SAVESTATE
1154614159698	0	SAVESTATE
1154614165730	0	SAVESTATE
1154614171761	0	SAVESTATE
1154614177792	0	SAVESTATE
1154614183823	0	SAVESTATE
1154614189854	0	SAVESTATE
1154614197994	0	SAVESTATE
1154614204476	0	SAVESTATE
1154614210906	0	SAVESTATE
1154614217421	0	SAVESTATE
1154614223901	0	SAVESTATE
1154614230308	0	SAVESTATE
1154614237086	0	SAVESTATE
1154614243730	0	SAVESTATE
1154614251833	0	SAVESTATE
1154614257865	0	SAVESTATE
1154614263896	0	SAVESTATE
1154614269928	0	SAVESTATE
1154614275959	0	SAVESTATE
1154614281990	0	SAVESTATE
1154614288022	0	SAVESTATE
1154614294054	0	SAVESTATE
1154614314390	0	SAVESTATE
1154614320894	0	SAVESTATE
1154614327672	0	SAVESTATE
1154614334314	0	SAVESTATE
1154614340714	0	SAVESTATE
1154614347195	0	SAVESTATE
1154614353626	0	SAVESTATE
1154614360142	0	SAVESTATE
1154614368496	0	SAVESTATE
1154614374527	0	SAVESTATE
1154614380559	0	SAVESTATE
1154614386590	0	SAVESTATE
1154614392621	0	SAVESTATE
1154614398902	0	SAVESTATE
1154614404933	0	SAVESTATE
1154614410964	0	SAVESTATE
1154614421238	0	SAVESTATE
1154614427752	0	SAVESTATE
1154614434234	0	SAVESTATE
1154614440718	0	SAVESTATE
1154614447370	0	SAVESTATE
1154614454141	0	SAVESTATE
1154614460542	0	SAVESTATE
1154614467038	0	SAVESTATE
1154614474876	0	SAVESTATE
1154614480907	0	SAVESTATE
1154614486939	0	SAVESTATE
1154614492970	0	SAVESTATE
1154614499002	0	SAVESTATE
1154614505034	0	SAVESTATE
1154614511065	0	SAVESTATE
1154614517096	0	SAVESTATE
1154614526801	0	SAVESTATE
1154614533302	0	SAVESTATE
1154614539780	0	SAVESTATE
1154614546178	0	SAVESTATE
1154614552615	0	SAVESTATE
1154614559264	0	SAVESTATE
1154614566041	0	SAVESTATE
1154614572521	0	SAVESTATE
1154614580359	0	SAVESTATE
1154614586390	0	SAVESTATE
1154614592421	0	SAVESTATE
1154614598453	0	SAVESTATE
1154614604484	0	SAVESTATE
1154614610512	0	SAVESTATE
1154614616530	0	SAVESTATE
1154614622562	0	SAVESTATE
1154614635000	0	SAVESTATE
1154614641402	0	SAVESTATE
1154614648046	0	SAVESTATE
1154614654527	0	SAVESTATE
1154614661041	0	SAVESTATE
1154614667539	0	SAVESTATE
1154614673969	0	SAVESTATE
1154614680458	0	SAVESTATE
1154614688556	0	SAVESTATE
1154614694571	0	SAVESTATE
1154614700602	0	SAVESTATE
1154614706633	0	SAVESTATE
1154614712665	0	SAVESTATE
1154614718696	0	SAVESTATE
1154614724728	0	SAVESTATE
1154614730759	0	SAVESTATE
1154614745895	0	SAVESTATE
1154614752295	0	SAVESTATE
1154614758777	0	SAVESTATE
1154614765290	0	SAVESTATE
1154614771793	0	SAVESTATE
1154614778570	0	SAVESTATE
1154614785049	0	SAVESTATE
1154614791485	0	SAVESTATE
1154614799036	0	SAVESTATE
1154614805068	0	SAVESTATE
1154614811099	0	SAVESTATE
1154614817130	0	SAVESTATE
1154614823162	0	SAVESTATE
1154614829193	0	SAVESTATE
1154614835225	0	SAVESTATE
1154614841256	0	SAVESTATE
1154614848496	0	SAVESTATE
1154614855009	0	SAVESTATE
1154614861412	0	SAVESTATE
1154614868056	0	SAVESTATE
1154614874488	0	SAVESTATE
1154614881002	0	SAVESTATE
1154614887491	0	SAVESTATE
1154614894265	0	SAVESTATE
1154614902485	0	SAVESTATE
1154614908517	0	SAVESTATE
1154614914548	0	SAVESTATE
1154614920579	0	SAVESTATE
1154614926611	0	SAVESTATE
1154614932642	0	SAVESTATE
1154614938673	0	SAVESTATE
1154614944705	0	SAVESTATE
1154614954830	0	SAVESTATE
1154614961475	0	SAVESTATE
1154614967973	0	SAVESTATE
1154614974494	0	SAVESTATE
1154614981269	0	SAVESTATE
1154614987781	0	SAVESTATE
1154614994181	0	SAVESTATE
1154615000662	0	SAVESTATE
1154615007617	0	SAVESTATE
1154615013649	0	SAVESTATE
1154615019680	0	SAVESTATE
1154615025711	0	SAVESTATE
1154615031743	0	SAVESTATE
1154615037774	0	SAVESTATE
1154615043804	0	SAVESTATE
1154615049835	0	SAVESTATE
1154615224207	0	SAVESTATE
1154615230738	0	SAVESTATE
1154615237301	0	SAVESTATE
1154615243797	0	SAVESTATE
1154615250246	0	SAVESTATE
1154615256676	0	SAVESTATE
1154615263073	0	SAVESTATE
1154615269457	0	SAVESTATE
1154615277144	0	SAVESTATE
1154615283176	0	SAVESTATE
1154615289207	0	SAVESTATE
1154615295239	0	SAVESTATE
1154615301270	0	SAVESTATE
1154615307301	0	SAVESTATE
1154615313333	0	SAVESTATE
1154615319365	0	SAVESTATE
1154615326773	0	SAVESTATE
1154615333334	0	SAVESTATE
1154615339732	0	SAVESTATE
1154615346116	0	SAVESTATE
1154615352613	0	SAVESTATE
1154615359077	0	SAVESTATE
1154615365592	0	SAVESTATE
1154615372108	0	SAVESTATE
1154615379344	0	SAVESTATE
1154615385376	0	SAVESTATE
1154615391407	0	SAVESTATE
1154615397438	0	SAVESTATE
1154615403470	0	SAVESTATE
1154615409501	0	SAVESTATE
1154615415532	0	SAVESTATE
1154615421563	0	SAVESTATE
1154615429787	0	SAVESTATE
1154615436317	0	SAVESTATE
1154615442702	0	SAVESTATE
1154615449265	0	SAVESTATE
1154615455760	0	SAVESTATE
1154615462159	0	SAVESTATE
1154615468625	0	SAVESTATE
1154615475138	0	SAVESTATE
1154615482127	0	SAVESTATE
1154615488158	0	SAVESTATE
1154615494189	0	SAVESTATE
1154615500221	0	SAVESTATE
1154615506252	0	SAVESTATE
1154615512517	0	SAVESTATE
1154615518548	0	SAVESTATE
1154615524579	0	SAVESTATE
1154615537416	0	SAVESTATE
1154615543848	0	SAVESTATE
1154615550248	0	SAVESTATE
1154615556812	0	SAVESTATE
1154615563340	0	SAVESTATE
1154615569724	0	SAVESTATE
1154615576188	0	SAVESTATE
1154615582703	0	SAVESTATE
1154615589857	0	SAVESTATE
1154615595888	0	SAVESTATE
1154615601919	0	SAVESTATE
1154615607951	0	SAVESTATE
1154615613982	0	SAVESTATE
1154615620014	0	SAVESTATE
1154615626046	0	SAVESTATE
1154615632077	0	SAVESTATE
1154615640783	0	SAVESTATE
1154615647297	0	SAVESTATE
1154615653698	0	SAVESTATE
1154615660259	0	SAVESTATE
1154615666675	0	SAVESTATE
1154615673175	0	SAVESTATE
1154615679720	0	SAVESTATE
1154615686166	0	SAVESTATE
1154615693190	0	SAVESTATE
1154615699221	0	SAVESTATE
1154615705253	0	SAVESTATE
1154615711284	0	SAVESTATE
1154615717315	0	SAVESTATE
1154615723347	0	SAVESTATE
1154615729378	0	SAVESTATE
1154615735410	0	SAVESTATE
1154615749313	0	SAVESTATE
1154615755747	0	SAVESTATE
1154615762308	0	SAVESTATE
1154615768708	0	SAVESTATE
1154615775156	0	SAVESTATE
1154615781670	0	SAVESTATE
1154615788166	0	SAVESTATE
1154615794534	0	SAVESTATE
1154615802104	0	SAVESTATE
1154615808135	0	SAVESTATE
1154615814167	0	SAVESTATE
1154615820198	0	SAVESTATE
1154615826229	0	SAVESTATE
1154615832477	0	SAVESTATE
1154615838509	0	SAVESTATE
1154615844540	0	SAVESTATE
1154615856978	0	SAVESTATE
1154615863393	0	SAVESTATE
1154615869788	0	SAVESTATE
1154615876172	0	SAVESTATE
1154615882688	0	SAVESTATE
1154615889234	0	SAVESTATE
1154615895684	0	SAVESTATE
1154615902247	0	SAVESTATE
1154615910468	0	SAVESTATE
1154615916500	0	SAVESTATE
1154615922530	0	SAVESTATE
1154615928562	0	SAVESTATE
1154615934593	0	SAVESTATE
1154615940625	0	SAVESTATE
1154615946656	0	SAVESTATE
1154615952687	0	SAVESTATE
1154615960878	0	SAVESTATE
1154615967443	0	SAVESTATE
1154615973939	0	SAVESTATE
1154615980455	0	SAVESTATE
1154615987080	0	SAVESTATE
1154615993449	0	SAVESTATE
1154615999879	0	SAVESTATE
1154616006277	0	SAVESTATE
1154616013534	0	SAVESTATE
1154616019565	0	SAVESTATE
1154616025596	0	SAVESTATE
1154616031628	0	SAVESTATE
1154616037659	0	SAVESTATE
1154616043690	0	SAVESTATE
1154616049722	0	SAVESTATE
1154616055753	0	SAVESTATE
1154616069526	0	SAVESTATE
1154616076037	0	SAVESTATE
1154616082438	0	SAVESTATE
1154616088894	0	SAVESTATE
1154616095382	0	SAVESTATE
1154616101799	0	SAVESTATE
1154616108363	0	SAVESTATE
1154616114891	0	SAVESTATE
1154616122464	0	SAVESTATE
1154616128496	0	SAVESTATE
1154616134527	0	SAVESTATE
1154616140558	0	SAVESTATE
1154616146590	0	SAVESTATE
1154616152621	0	SAVESTATE
1154616158653	0	SAVESTATE
1154616164668	0	SAVESTATE
1154616172192	0	SAVESTATE
1154616178721	0	SAVESTATE
1154616185119	0	SAVESTATE
1154616191584	0	SAVESTATE
1154616198098	0	SAVESTATE
1154616204513	0	SAVESTATE
1154616211009	0	SAVESTATE
1154616217395	0	SAVESTATE
1154616224464	0	SAVESTATE
1154616230495	0	SAVESTATE
1154616236527	0	SAVESTATE
1154616242558	0	SAVESTATE
1154616248589	0	SAVESTATE
1154616254621	0	SAVESTATE
1154616260652	0	SAVESTATE
1154616266683	0	SAVESTATE
1154616274099	0	SAVESTATE
1154616274126	0	EXIT
1154616274126	0	E	Logging Ends
