1192205094675	0	B	Logging Begins
1192205094675	0	SETUP
1192205094891	0	RESTORESTATE
1192205094891	0	RESTORESTATE
1192205094952	0	SESSION	0
1192205094954	0	SESSION	1
1192205094959	0	SAVESTATE
1192205094959	0	RESTORESTATE
1192205094962	0	SESSION	0
1192205189524	0	SAVESTATE
1192205211699	0	SAVESTATE
1192205220514	0	SAVESTATE
1192205229562	0	SAVESTATE
1192205238440	0	SAVESTATE
1192205246937	0	SAVESTATE
1192205256852	0	SAVESTATE
1192205265415	0	SAVESTATE
1192205273149	0	SAVESTATE
1192205281410	0	SAVESTATE
1192205289558	0	SAVESTATE
1192205298555	0	SAVESTATE
1192205306967	0	SAVESTATE
1192205317315	0	SAVESTATE
1192205326080	0	SAVESTATE
1192205334593	0	SAVESTATE
1192205343157	0	SAVESTATE
1192205351538	0	SAVESTATE
1192205361285	0	SAVESTATE
1192205370316	0	SAVESTATE
1192205379596	0	SAVESTATE
1192205387826	0	SAVESTATE
1192205396023	0	SAVESTATE
1192205405320	0	SAVESTATE
1192205414036	0	SAVESTATE
1192205422181	0	SAVESTATE
1192205430380	0	SAVESTATE
1192205442059	0	SAVESTATE
1192205450089	0	SAVESTATE
1192205458171	0	SAVESTATE
1192205467633	0	SAVESTATE
1192205476781	0	SAVESTATE
1192205493009	0	SAVESTATE
1192205501524	0	SAVESTATE
1192205510886	0	SAVESTATE
1192205519932	0	SAVESTATE
1192205531795	0	SAVESTATE
1192205540527	0	SAVESTATE
1192205548924	0	SAVESTATE
1192205557305	0	SAVESTATE
1192205565370	0	SAVESTATE
1192205573982	0	SAVESTATE
1192205582330	0	SAVESTATE
1192205590362	0	SAVESTATE
1192205598509	0	SAVESTATE
1192205607072	0	SAVESTATE
1192205615469	0	SAVESTATE
1192205624516	0	SAVESTATE
1192205633165	0	SAVESTATE
1192205642079	0	SAVESTATE
1192205652025	0	SAVESTATE
1192205660788	0	SAVESTATE
1192205674652	0	SAVESTATE
1192205682998	0	SAVESTATE
1192205691929	0	SAVESTATE
1192205700709	0	SAVESTATE
1192205709490	0	SAVESTATE
1192205718070	0	SAVESTATE
1192205726217	0	SAVESTATE
1192205735065	0	SAVESTATE
1192205742944	0	SAVESTATE
1192205751310	0	SAVESTATE
1192205759790	0	SAVESTATE
1192205767953	0	SAVESTATE
1192205784643	0	BREAK
1192205784643	0	E	Logging Ends
