1158001840141	0	B	Logging Begins
1158001840142	0	SESS_START	0
1158002025269	0	TRIAL	1
1158002030291	1	FACE	1521	PRES1_PNPP	Correct	LL1	PP1	Target_PNPP	0	PRACTICE
1158002034124	1	FACE	1521	CUE	Correct	LL1	PP1	Target_PNPP	0	PRACTICE
1158002035645	1	FACE	1521	RESP	Correct	LL1	PP1	Target_PNPP	0	PRACTICE
1158002035679	0	TRIAL	2
1158002039405	1	FACE	1175	PRES1_PNNN	Correct	LL1	PP1	Target_PNNN	0	PRACTICE
1158002043288	1	FACE	1175	CUE	Correct	LL1	PP1	Target_PNNN	0	PRACTICE
1158002044463	0	FACE	1175	RESP	Correct	LL1	PP1	Target_PNNN	0	PRACTICE
1158002044521	0	TRIAL	3
1158002047652	1	FACE	1339	PRES1_NPPP	Incorrect	LL1	PP0	Lure_NPPN	0	PRACTICE
1158002051419	1	FACE	1339	CUE	Incorrect	LL1	PP0	Lure_NPPN	0	PRACTICE
1158002052758	0	FACE	1339	RESP	Incorrect	LL1	PP0	Lure_NPPN	0	PRACTICE
1158002052790	0	TRIAL	4
1158002055783	1	FACE	2308	PRES1_NPNP	Correct	LL1	PP0	Lure_NPNN	0	PRACTICE
1158002059666	1	FACE	2308	CUE	Correct	LL1	PP0	Lure_NPNN	0	PRACTICE
1158002061974	0	FACE	2308	RESP	Correct	LL1	PP0	Lure_NPNN	0	PRACTICE
1158002062004	0	TRIAL	5
1158002065432	1	FACE	1319	PRES1_PNNP	Incorrect	LL1	PP0	Lure_PPNN	0	PRACTICE
1158002069464	1	FACE	1319	CUE	Incorrect	LL1	PP0	Lure_PPNN	0	PRACTICE
1158002070783	0	FACE	1319	RESP	Incorrect	LL1	PP0	Lure_PPNN	0	PRACTICE
1158002070819	0	TRIAL	6
1158002073729	1	FACE	1070	PRES1_NPPN	Correct	LL1	PP1	Target_NPPN	0	PRACTICE
1158002077529	1	FACE	1070	CUE	Correct	LL1	PP1	Target_NPPN	0	PRACTICE
1158002078599	0	FACE	1070	RESP	Correct	LL1	PP1	Target_NPPN	0	PRACTICE
1158002078633	0	TRIAL	7
1158002082411	1	FACE	1712	PRES1_PPPP	Incorrect	LL1	PP1	Target_PPPP	0	PRACTICE
1158002086143	1	FACE	1712	CUE	Incorrect	LL1	PP1	Target_PPPP	0	PRACTICE
1158002087855	0	FACE	1712	RESP	Incorrect	LL1	PP1	Target_PPPP	0	PRACTICE
1158002087880	0	TRIAL	8
1158002091242	1	FACE	1372	PRES1_PPNN	Correct	LL1	PP0	Lure_PNPP	0	PRACTICE
1158002095291	1	FACE	1372	CUE	Correct	LL1	PP0	Lure_PNPP	0	PRACTICE
1158002096663	0	FACE	1372	RESP	Correct	LL1	PP0	Lure_PNPP	0	PRACTICE
1158002096695	0	TRIAL	9
1158002099822	1	FACE	1284	PRES1_PNPP	Correct	LL1	PP0	Lure_PNPN	0	PRACTICE
1158002103604	1	FACE	1284	CUE	Correct	LL1	PP0	Lure_PNPN	0	PRACTICE
1158002104888	0	FACE	1284	RESP	Correct	LL1	PP0	Lure_PNPN	0	PRACTICE
1158002104909	0	TRIAL	10
1158002107836	1	FACE	997	PRES1_NNPP	Correct	LL1	PP1	Target_NNPP	0	PRACTICE
1158002111635	1	FACE	997	CUE	Correct	LL1	PP1	Target_NNPP	0	PRACTICE
1158002112632	0	FACE	997	RESP	Correct	LL1	PP1	Target_NNPP	0	PRACTICE
1158002112658	0	TRIAL	11
1158002116318	1	FACE	1218	PRES1_NNNP	Correct	LL1	PP0	Lure_PPPN	0	PRACTICE
1158002120167	1	FACE	1218	CUE	Correct	LL1	PP0	Lure_PPPN	0	PRACTICE
1158002121385	0	FACE	1218	RESP	Correct	LL1	PP0	Lure_PPPN	0	PRACTICE
1158002121422	0	TRIAL	12
1158002125648	1	FACE	945	PRES1_PPPN	Correct	LL1	PP0	Lure_NPPP	0	PRACTICE
1158002129647	1	FACE	945	CUE	Correct	LL1	PP0	Lure_NPPP	0	PRACTICE
1158002130592	0	FACE	945	RESP	Correct	LL1	PP0	Lure_NPPP	0	PRACTICE
1158002130618	0	TRIAL	13
1158002133397	1	FACE	941	PRES1_NNPN	Correct	LL1	PP0	Lure_PPPP	0	PRACTICE
1158002137229	1	FACE	941	CUE	Correct	LL1	PP0	Lure_PPPP	0	PRACTICE
1158002138170	0	FACE	941	RESP	Correct	LL1	PP0	Lure_PPPP	0	PRACTICE
1158002138185	0	TRIAL	14
1158002145177	1	FACE	910	PRES1_PNPN	Correct	LL1	PP0	Lure_NPNP	0	PRACTICE
1158002149059	1	FACE	910	CUE	Correct	LL1	PP0	Lure_NPNP	0	PRACTICE
1158002149969	0	FACE	910	RESP	Correct	LL1	PP0	Lure_NPNP	0	PRACTICE
1158002149996	0	TRIAL	15
1158002153624	1	FACE	988	PRES1_NPPN	Correct	LL1	PP0	Lure_PPNP	0	PRACTICE
1158002157590	1	FACE	988	CUE	Correct	LL1	PP0	Lure_PPNP	0	PRACTICE
1158002158578	0	FACE	988	RESP	Correct	LL1	PP0	Lure_PPNP	0	PRACTICE
1158002158612	0	TRIAL	16
1158002161938	1	FACE	856	PRES1_NNNN	Correct	LL1	PP0	Lure_NNNP	0	PRACTICE
1158002165754	1	FACE	856	CUE	Correct	LL1	PP0	Lure_NNNP	0	PRACTICE
1158002166610	0	FACE	856	RESP	Correct	LL1	PP0	Lure_NNNP	0	PRACTICE
1158002166643	0	TRIAL	17
1158002169554	1	FACE	944	PRES1_PPNP	Correct	LL1	PP0	Lure_NNPP	0	PRACTICE
1158002173403	1	FACE	944	CUE	Correct	LL1	PP0	Lure_NNPP	0	PRACTICE
1158002174347	0	FACE	944	RESP	Correct	LL1	PP0	Lure_NNPP	0	PRACTICE
1158002174375	0	TRIAL	18
1158002177219	1	FACE	985	PRES1_PPNN	Correct	LL1	PP1	Target_PPNN	0	PRACTICE
1158002181001	1	FACE	985	CUE	Correct	LL1	PP1	Target_PPNN	0	PRACTICE
1158002181986	0	FACE	985	RESP	Correct	LL1	PP1	Target_PPNN	0	PRACTICE
1158002182022	0	TRIAL	19
1158002185016	1	FACE	1056	PRES1_NNPN	Correct	LL1	PP1	Target_NNPN	0	PRACTICE
1158002188914	1	FACE	1056	CUE	Correct	LL1	PP1	Target_NNPN	0	PRACTICE
1158002189970	0	FACE	1056	RESP	Correct	LL1	PP1	Target_NNPN	0	PRACTICE
1158002190003	0	TRIAL	20
1158002193281	1	FACE	960	PRES1_PPPP	Correct	LL1	PP0	Lure_NNNN	0	PRACTICE
1158002197147	1	FACE	960	CUE	Correct	LL1	PP0	Lure_NNNN	0	PRACTICE
1158002198107	0	FACE	960	RESP	Correct	LL1	PP0	Lure_NNNN	0	PRACTICE
1158002198135	0	TRIAL	21
1158002201445	1	FACE	840	PRES1_PNNN	Correct	LL1	PP0	Lure_PNNP	0	PRACTICE
1158002205244	1	FACE	840	CUE	Correct	LL1	PP0	Lure_PNNP	0	PRACTICE
1158002206084	0	FACE	840	RESP	Correct	LL1	PP0	Lure_PNNP	0	PRACTICE
1158002206116	0	TRIAL	22
1158002209527	1	FACE	741	PRES1_NNNN	Correct	LL1	PP1	Target_NNNN	0	PRACTICE
1158002213559	1	FACE	741	CUE	Correct	LL1	PP1	Target_NNNN	0	PRACTICE
1158002214300	0	FACE	741	RESP	Correct	LL1	PP1	Target_NNNN	0	PRACTICE
1158002214331	0	TRIAL	23
1158002218308	1	FACE	963	PRES1_PPNP	Correct	LL1	PP1	Target_PPNP	0	PRACTICE
1158002222273	1	FACE	963	CUE	Correct	LL1	PP1	Target_PPNP	0	PRACTICE
1158002223236	0	FACE	963	RESP	Correct	LL1	PP1	Target_PPNP	0	PRACTICE
1158002223261	0	TRIAL	24
1158002226621	1	FACE	903	PRES1_PPPN	Correct	LL1	PP1	Target_PPPN	0	PRACTICE
1158002230637	1	FACE	903	CUE	Correct	LL1	PP1	Target_PPPN	0	PRACTICE
1158002231540	1	FACE	903	RESP	Correct	LL1	PP1	Target_PPPN	0	PRACTICE
1158002231576	0	TRIAL	25
1158002234769	1	FACE	1005	PRES1_PNPN	Correct	LL1	PP1	Target_PNPN	0	PRACTICE
1158002238552	1	FACE	1005	CUE	Correct	LL1	PP1	Target_PNPN	0	PRACTICE
1158002239557	0	FACE	1005	RESP	Correct	LL1	PP1	Target_PNPN	0	PRACTICE
1158002239589	0	TRIAL	26
1158002242683	1	FACE	1169	PRES1_NPNN	Correct	LL1	PP0	Lure_NNPN	0	PRACTICE
1158002246699	1	FACE	1169	CUE	Correct	LL1	PP0	Lure_NNPN	0	PRACTICE
1158002247868	0	FACE	1169	RESP	Correct	LL1	PP0	Lure_NNPN	0	PRACTICE
1158002247903	0	TRIAL	27
1158002251864	1	FACE	816	PRES1_NNPP	Correct	LL1	PP0	Lure_PNNN	0	PRACTICE
1158002255780	1	FACE	816	CUE	Correct	LL1	PP0	Lure_PNNN	0	PRACTICE
1158002256596	0	FACE	816	RESP	Correct	LL1	PP0	Lure_PNNN	0	PRACTICE
1158002256640	0	TRIAL	28
1158002261662	1	FACE	1031	PRES1_NNNP	Correct	LL1	PP1	Target_NNNP	0	PRACTICE
1158002265495	1	FACE	1031	CUE	Correct	LL1	PP1	Target_NNNP	0	PRACTICE
1158002266526	0	FACE	1031	RESP	Correct	LL1	PP1	Target_NNNP	0	PRACTICE
1158002266550	0	TRIAL	29
1158002270077	1	FACE	756	PRES1_NPNN	Incorrect	LL1	PP1	Target_NPNN	0	PRACTICE
1158002274009	1	FACE	756	CUE	Incorrect	LL1	PP1	Target_NPNN	0	PRACTICE
1158002274765	0	FACE	756	RESP	Incorrect	LL1	PP1	Target_NPNN	0	PRACTICE
1158002274796	0	TRIAL	30
1158002278141	1	FACE	898	PRES1_PNNP	Correct	LL1	PP1	Target_PNNP	0	PRACTICE
1158002282140	1	FACE	898	CUE	Correct	LL1	PP1	Target_PNNP	0	PRACTICE
1158002283038	0	FACE	898	RESP	Correct	LL1	PP1	Target_PNNP	0	PRACTICE
1158002283062	0	TRIAL	31
1158002286389	1	FACE	630	PRES1_NPPP	Correct	LL1	PP1	Target_NPPP	0	PRACTICE
1158002290255	1	FACE	630	CUE	Correct	LL1	PP1	Target_NPPP	0	PRACTICE
1158002290885	0	FACE	630	RESP	Correct	LL1	PP1	Target_NPPP	0	PRACTICE
1158002290909	0	TRIAL	32
1158002294104	1	FACE	965	PRES1_NPNP	Correct	LL1	PP1	Target_NPNP	0	PRACTICE
1158002297969	1	FACE	965	CUE	Correct	LL1	PP1	Target_NPNP	0	PRACTICE
1158002298934	0	FACE	965	RESP	Correct	LL1	PP1	Target_NPNP	0	PRACTICE
1158002306544	0	TRIAL	1
1158002310133	1	FACE	1825	PRES1_PPPN	Correct	LL1	PP1	Target_PPPN	0	PRACTICE
1158002314182	1	FACE	1825	CUE	Correct	LL1	PP1	Target_PPPN	0	PRACTICE
1158002316007	0	FACE	1825	RESP	Correct	LL1	PP1	Target_PPPN	0	PRACTICE
1158002316037	0	TRIAL	2
1158002346023	1	FACE	840	PRES1_PNPP	Correct	LL1	PP0	Lure_NPNP	0	PRACTICE
1158002350039	1	FACE	840	CUE	Correct	LL1	PP0	Lure_NPNP	0	PRACTICE
1158002350879	0	FACE	840	RESP	Correct	LL1	PP0	Lure_NPNP	0	PRACTICE
1158002350909	0	TRIAL	3
1158002355121	1	FACE	769	PRES1_NPNP	Correct	LL1	PP1	Target_NPNP	0	PRACTICE
1158002359086	1	FACE	769	CUE	Correct	LL1	PP1	Target_NPNP	0	PRACTICE
1158002359855	0	FACE	769	RESP	Correct	LL1	PP1	Target_NPNP	0	PRACTICE
1158002359890	0	TRIAL	4
1158002364801	1	FACE	676	PRES1_PPPP	Correct	LL1	PP0	Lure_NNPP	0	PRACTICE
1158002368733	1	FACE	676	CUE	Correct	LL1	PP0	Lure_NNPP	0	PRACTICE
1158002369409	0	FACE	676	RESP	Correct	LL1	PP0	Lure_NNPP	0	PRACTICE
1158002369422	0	TRIAL	5
1158002372765	1	FACE	943	PRES1_PNNN	Correct	LL1	PP0	Lure_PPPN	0	PRACTICE
1158002376681	1	FACE	943	CUE	Correct	LL1	PP0	Lure_PPPN	0	PRACTICE
1158002377624	0	FACE	943	RESP	Correct	LL1	PP0	Lure_PPPN	0	PRACTICE
1158002377653	0	TRIAL	6
1158002380913	1	FACE	711	PRES1_PPNP	Correct	LL1	PP0	Lure_NNNN	0	PRACTICE
1158002384945	1	FACE	711	CUE	Correct	LL1	PP0	Lure_NNNN	0	PRACTICE
1158002385656	0	FACE	711	RESP	Correct	LL1	PP0	Lure_NNNN	0	PRACTICE
1158002385683	0	TRIAL	7
1158002388644	1	FACE	671	PRES1_PPPP	Correct	LL1	PP1	Target_PPPP	0	PRACTICE
1158002392610	1	FACE	671	CUE	Correct	LL1	PP1	Target_PPPP	0	PRACTICE
1158002393281	0	FACE	671	RESP	Correct	LL1	PP1	Target_PPPP	0	PRACTICE
1158002393316	0	TRIAL	8
1158002396193	1	FACE	785	PRES1_NNNP	Correct	LL1	PP1	Target_NNNP	0	PRACTICE
1158002400225	1	FACE	785	CUE	Correct	LL1	PP1	Target_NNNP	0	PRACTICE
1158002401010	0	FACE	785	RESP	Correct	LL1	PP1	Target_NNNP	0	PRACTICE
1158002401030	0	TRIAL	9
1158002403973	1	FACE	765	PRES1_NPPP	Correct	LL1	PP0	Lure_PPNN	0	PRACTICE
1158002407789	1	FACE	765	CUE	Correct	LL1	PP0	Lure_PPNN	0	PRACTICE
1158002408554	13	FACE	765	RESP	Correct	LL1	PP0	Lure_PPNN	0	PRACTICE
1158002408594	0	TRIAL	10
1158002411771	1	FACE	1222	PRES1_PPNN	Correct	LL1	PP0	Lure_PNPN	0	PRACTICE
1158002415555	1	FACE	1222	CUE	Correct	LL1	PP0	Lure_PNPN	0	PRACTICE
1158002416777	0	FACE	1222	RESP	Correct	LL1	PP0	Lure_PNPN	0	PRACTICE
1158002416811	0	TRIAL	11
1158002420470	1	FACE	599	PRES1_NNPN	Correct	LL1	PP1	Target_NNPN	0	PRACTICE
1158002424386	1	FACE	599	CUE	Correct	LL1	PP1	Target_NNPN	0	PRACTICE
1158002424985	0	FACE	599	RESP	Correct	LL1	PP1	Target_NNPN	0	PRACTICE
1158002425024	0	TRIAL	12
1158002428318	1	FACE	634	PRES1_NNNP	Correct	LL1	PP0	Lure_PPNP	0	PRACTICE
1158002432184	1	FACE	634	CUE	Correct	LL1	PP0	Lure_PPNP	0	PRACTICE
1158002432818	0	FACE	634	RESP	Correct	LL1	PP0	Lure_PPNP	0	PRACTICE
1158002432837	0	TRIAL	13
1158002436216	1	FACE	565	PRES1_PPNN	Correct	LL1	PP1	Target_PPNN	0	PRACTICE
1158002440181	1	FACE	565	CUE	Correct	LL1	PP1	Target_PPNN	0	PRACTICE
1158002440746	0	FACE	565	RESP	Correct	LL1	PP1	Target_PPNN	0	PRACTICE
1158002440786	0	TRIAL	14
1158002443480	1	FACE	901	PRES1_NNPP	Correct	LL1	PP0	Lure_NNPN	0	PRACTICE
1158002447246	1	FACE	901	CUE	Correct	LL1	PP0	Lure_NNPN	0	PRACTICE
1158002448147	0	FACE	901	RESP	Correct	LL1	PP0	Lure_NNPN	0	PRACTICE
1158002448185	0	TRIAL	15
1158002451312	1	FACE	622	PRES1_PNNP	Correct	LL1	PP0	Lure_PNNN	0	PRACTICE
1158002455044	1	FACE	622	CUE	Correct	LL1	PP0	Lure_PNNN	0	PRACTICE
1158002455666	0	FACE	622	RESP	Correct	LL1	PP0	Lure_PNNN	0	PRACTICE
1158002455699	0	TRIAL	16
1158002458390	1	FACE	657	PRES1_NPPN	Correct	LL1	PP0	Lure_NNNP	0	PRACTICE
1158002462209	1	FACE	657	CUE	Correct	LL1	PP0	Lure_NNNP	0	PRACTICE
1158002462866	1	FACE	657	RESP	Correct	LL1	PP0	Lure_NNNP	0	PRACTICE
1158002462879	0	TRIAL	17
1158002466973	1	FACE	891	PRES1_NPPP	Correct	LL1	PP1	Target_NPPP	0	PRACTICE
1158002471040	1	FACE	891	CUE	Correct	LL1	PP1	Target_NPPP	0	PRACTICE
1158002471931	0	FACE	891	RESP	Correct	LL1	PP1	Target_NPPP	0	PRACTICE
1158002471961	0	TRIAL	18
1158002474938	1	FACE	962	PRES1_NNPN	Incorrect	LL1	PP0	Lure_NPNN	0	PRACTICE
1158002478953	1	FACE	962	CUE	Incorrect	LL1	PP0	Lure_NPNN	0	PRACTICE
1158002479915	0	FACE	962	RESP	Incorrect	LL1	PP0	Lure_NPNN	0	PRACTICE
1158002479942	0	TRIAL	19
1158002482852	1	FACE	1019	PRES1_PNNN	Incorrect	LL1	PP1	Target_PNNN	0	PRACTICE
1158002486768	1	FACE	1019	CUE	Incorrect	LL1	PP1	Target_PNNN	0	PRACTICE
1158002487787	0	FACE	1019	RESP	Incorrect	LL1	PP1	Target_PNNN	0	PRACTICE
1158002487823	0	TRIAL	20
1158002492633	1	FACE	1033	PRES1_PNPN	Correct	LL1	PP0	Lure_PNPP	0	PRACTICE
1158002496682	1	FACE	1033	CUE	Correct	LL1	PP0	Lure_PNPP	0	PRACTICE
1158002497715	1	FACE	1033	RESP	Correct	LL1	PP0	Lure_PNPP	0	PRACTICE
1158002497741	0	TRIAL	21
1158002501098	1	FACE	678	PRES1_NPPN	Correct	LL1	PP1	Target_NPPN	0	PRACTICE
1158002505014	1	FACE	678	CUE	Correct	LL1	PP1	Target_NPPN	0	PRACTICE
1158002505692	0	FACE	678	RESP	Correct	LL1	PP1	Target_NPPN	0	PRACTICE
1158002505718	0	TRIAL	22
1158002508629	1	FACE	1075	PRES1_NNPP	Correct	LL1	PP1	Target_NNPP	0	PRACTICE
1158002512545	1	FACE	1075	CUE	Correct	LL1	PP1	Target_NNPP	0	PRACTICE
1158002513620	0	FACE	1075	RESP	Correct	LL1	PP1	Target_NNPP	0	PRACTICE
1158002513650	0	TRIAL	23
1158002517511	1	FACE	605	PRES1_PPNP	Correct	LL1	PP1	Target_PPNP	0	PRACTICE
1158002521343	1	FACE	605	CUE	Correct	LL1	PP1	Target_PPNP	0	PRACTICE
1158002521948	0	FACE	605	RESP	Correct	LL1	PP1	Target_PPNP	0	PRACTICE
1158002521980	0	TRIAL	24
1158002526092	1	FACE	611	PRES1_NNNN	Correct	LL1	PP1	Target_NNNN	0	PRACTICE
1158002530041	1	FACE	611	CUE	Correct	LL1	PP1	Target_NNNN	0	PRACTICE
1158002530652	13	FACE	611	RESP	Correct	LL1	PP1	Target_NNNN	0	PRACTICE
1158002530678	0	TRIAL	25
1158002533540	1	FACE	716	PRES1_NPNN	Correct	LL1	PP1	Target_NPNN	0	PRACTICE
1158002537322	1	FACE	716	CUE	Correct	LL1	PP1	Target_NPNN	0	PRACTICE
1158002538038	0	FACE	716	RESP	Correct	LL1	PP1	Target_NPNN	0	PRACTICE
1158002538077	0	TRIAL	26
1158002543736	1	FACE	702	PRES1_PPPN	Correct	LL1	PP0	Lure_PPPP	0	PRACTICE
1158002547536	1	FACE	702	CUE	Correct	LL1	PP0	Lure_PPPP	0	PRACTICE
1158002548238	0	FACE	702	RESP	Correct	LL1	PP0	Lure_PPPP	0	PRACTICE
1158002548275	0	TRIAL	27
1158002551268	1	FACE	544	PRES1_NPNP	Correct	LL1	PP0	Lure_PNNP	0	PRACTICE
1158002555317	1	FACE	544	CUE	Correct	LL1	PP0	Lure_PNNP	0	PRACTICE
1158002555861	0	FACE	544	RESP	Correct	LL1	PP0	Lure_PNNP	0	PRACTICE
1158002555888	0	TRIAL	28
1158002559266	1	FACE	488	PRES1_PNNP	Correct	LL1	PP1	Target_PNNP	0	PRACTICE
1158002563182	1	FACE	488	CUE	Correct	LL1	PP1	Target_PNNP	0	PRACTICE
1158002563670	0	FACE	488	RESP	Correct	LL1	PP1	Target_PNNP	0	PRACTICE
1158002563703	0	TRIAL	29
1158002566796	1	FACE	605	PRES1_PNPP	Correct	LL1	PP1	Target_PNPP	0	PRACTICE
1158002570546	1	FACE	605	CUE	Correct	LL1	PP1	Target_PNPP	0	PRACTICE
1158002571151	0	FACE	605	RESP	Correct	LL1	PP1	Target_PNPP	0	PRACTICE
1158002571185	0	TRIAL	30
1158002574112	1	FACE	776	PRES1_NNNN	Correct	LL1	PP0	Lure_NPPP	0	PRACTICE
1158002578078	1	FACE	776	CUE	Correct	LL1	PP0	Lure_NPPP	0	PRACTICE
1158002578854	0	FACE	776	RESP	Correct	LL1	PP0	Lure_NPPP	0	PRACTICE
1158002578882	0	TRIAL	31
1158002582343	1	FACE	688	PRES1_PNPN	Correct	LL1	PP1	Target_PNPN	0	PRACTICE
1158002586142	1	FACE	688	CUE	Correct	LL1	PP1	Target_PNPN	0	PRACTICE
1158002586830	0	FACE	688	RESP	Correct	LL1	PP1	Target_PNPN	0	PRACTICE
1158002586864	0	TRIAL	32
1158002590058	1	FACE	1024	PRES1_NPNN	Correct	LL1	PP0	Lure_NPPN	0	PRACTICE
1158002593806	1	FACE	1024	CUE	Correct	LL1	PP0	Lure_NPPN	0	PRACTICE
1158002594830	1	FACE	1024	RESP	Correct	LL1	PP0	Lure_NPPN	0	PRACTICE
1158002603599	0	SESS_END	1
1158002603605	0	E	Logging Ends
