1169226913459	0	B	Logging Begins
1169226913459	0	INSTRUCTIONSTART	JointRoller	/Library/Frameworks/Python.framework/Versions/2.4/lib/python2.4/site-packages/pyepl/resources/vera.ttf	64	(0, 0, 0)	'In the following experiment, your memory for associating names with faces will be tested.  The task is difficult and requires concentration, so if you need a break at any time let the experimenter know.\n\nSixteen faces will be presented on the screen, consecutively, accompanied by their names.  A woman\'s voice will also speak the name when the face appears on the screen.  After five seconds, the face will disappear from the screen, a star (*) will flash on the screen for one second, and then the next face and name will appear.\n\nAfter you have seen all sixteen faces and names, you will be prompted to press any key in order to move on to a testing period.  During each trial of the testing period, you will see a face with name underneath it.  You will have to decide whether or not the name is paired with the appropriate face.  \n\nYou will respond on the keyboard, with a confidence judgment between 1 and 6.  A judgment of 1 indicates that you are near certain that the name given is incorrectly paired with the face, a judgment of 2 indicates moderate confidence, and a judgment of 3 indicates that you think the name is incorrectly paired with the face, but are quite unsure.  A judgment of 6 indicates that you are near certain that the name given is correctly paired with the face, a judgment of 5 indicates moderate confidence, and a judgment of 4 indicates that you think the name is correctly paired with the face, but are quite unsure.\n\nYou should rest your fingers on the bottom row of the keyboard.  "Z", "X", and  "C" will correspond to confidence judgments of 1, 2, and 3, respectively.  ",", ".", and "/" will correspond to confidence judgments of 4, 5, and 6, respectively.\n\nAfter five seconds the name and face will disappear from the screen, a star will flash on the screen for one second, and then the next name and face pair will appear on the screen.  You will see sixteen name-face pairs per test period.  You should try to reply as quickly and accurately as you can.\n\nThere will be ten study periods and ten test periods, alternating.  Each face will have the same name over the entire course of the experiment, so your task is to try and learn the faces\' names as quickly and accurately as possible.\n\nDo you have any questions?\n\nPress <ENTER> to continue.\n'
1169226913537	1	INSTRUCTIONSCROLL	0
1169226928861	1	INSTRUCTIONSCROLL	1
1169226928878	1	INSTRUCTIONSCROLL	4
1169226928894	1	INSTRUCTIONSCROLL	7
1169226928911	1	INSTRUCTIONSCROLL	11
1169226929044	1	INSTRUCTIONSCROLL	12
1169226929061	1	INSTRUCTIONSCROLL	13
1169226929078	1	INSTRUCTIONSCROLL	17
1169226929094	1	INSTRUCTIONSCROLL	20
1169226929194	1	INSTRUCTIONSCROLL	21
1169226929211	1	INSTRUCTIONSCROLL	22
1169226929227	1	INSTRUCTIONSCROLL	26
1169226929244	1	INSTRUCTIONSCROLL	29
1169226929394	1	INSTRUCTIONSCROLL	30
1169226929411	1	INSTRUCTIONSCROLL	31
1169226929427	1	INSTRUCTIONSCROLL	35
1169226929444	1	INSTRUCTIONSCROLL	38
1169226929561	1	INSTRUCTIONSCROLL	39
1169226929577	1	INSTRUCTIONSCROLL	42
1169226929594	1	INSTRUCTIONSCROLL	45
1169226929611	1	INSTRUCTIONSCROLL	48
1169226929627	1	INSTRUCTIONSCROLL	52
1169226929644	1	INSTRUCTIONSCROLL	55
1169226929661	1	INSTRUCTIONSCROLL	58
1169226929677	1	INSTRUCTIONSCROLL	62
1169226929694	1	INSTRUCTIONSCROLL	65
1169226929711	1	INSTRUCTIONSCROLL	68
1169226929727	1	INSTRUCTIONSCROLL	72
1169226929744	1	INSTRUCTIONSCROLL	75
1169226929761	1	INSTRUCTIONSCROLL	78
1169226929777	1	INSTRUCTIONSCROLL	82
1169226929794	1	INSTRUCTIONSCROLL	85
1169226929811	1	INSTRUCTIONSCROLL	88
1169226929827	1	INSTRUCTIONSCROLL	92
1169226929844	1	INSTRUCTIONSCROLL	95
1169226929861	1	INSTRUCTIONSCROLL	98
1169226929877	1	INSTRUCTIONSCROLL	102
1169226929894	1	INSTRUCTIONSCROLL	105
1169226929911	1	INSTRUCTIONSCROLL	108
1169226929926	1	INSTRUCTIONSCROLL	112
1169226929943	1	INSTRUCTIONSCROLL	115
1169226929960	1	INSTRUCTIONSCROLL	118
1169226929976	1	INSTRUCTIONSCROLL	122
1169226930594	1	INSTRUCTIONSCROLL	123
1169226930610	1	INSTRUCTIONSCROLL	124
1169226930627	1	INSTRUCTIONSCROLL	127
1169226930644	1	INSTRUCTIONSCROLL	130
1169226930660	1	INSTRUCTIONSCROLL	134
1169226930677	1	INSTRUCTIONSCROLL	137
1169226930694	1	INSTRUCTIONSCROLL	140
1169226930710	1	INSTRUCTIONSCROLL	144
1169226930727	1	INSTRUCTIONSCROLL	147
1169226930744	1	INSTRUCTIONSCROLL	150
1169226930760	1	INSTRUCTIONSCROLL	154
1169226931410	1	INSTRUCTIONSCROLL	155
1169226931427	1	INSTRUCTIONSCROLL	158
1169226931443	1	INSTRUCTIONSCROLL	161
1169226931460	1	INSTRUCTIONSCROLL	164
1169226931477	1	INSTRUCTIONSCROLL	168
1169226931493	1	INSTRUCTIONSCROLL	171
1169226931510	1	INSTRUCTIONSCROLL	174
1169226931527	1	INSTRUCTIONSCROLL	178
1169226931543	1	INSTRUCTIONSCROLL	181
1169226931560	1	INSTRUCTIONSCROLL	184
1169226931577	1	INSTRUCTIONSCROLL	188
1169226931593	1	INSTRUCTIONSCROLL	191
1169226931610	1	INSTRUCTIONSCROLL	194
1169226931627	1	INSTRUCTIONSCROLL	198
1169226931643	1	INSTRUCTIONSCROLL	201
1169226932826	1	INSTRUCTIONSCROLL	202
1169226932843	1	INSTRUCTIONSCROLL	205
1169226932860	1	INSTRUCTIONSCROLL	208
1169226932876	1	INSTRUCTIONSCROLL	212
1169226932893	1	INSTRUCTIONSCROLL	215
1169226932910	1	INSTRUCTIONSCROLL	218
1169226932925	1	INSTRUCTIONSCROLL	222
1169226932942	1	INSTRUCTIONSCROLL	225
1169226933160	1	INSTRUCTIONSCROLL	226
1169226933176	1	INSTRUCTIONSCROLL	228
1169226933193	1	INSTRUCTIONSCROLL	231
1169226933210	1	INSTRUCTIONSCROLL	235
1169226933226	1	INSTRUCTIONSCROLL	238
1169226933409	1	INSTRUCTIONSCROLL	239
1169226933426	1	INSTRUCTIONSCROLL	240
1169226933443	1	INSTRUCTIONSCROLL	243
1169226933459	1	INSTRUCTIONSCROLL	247
1169226933476	1	INSTRUCTIONSCROLL	250
1169226933493	1	INSTRUCTIONSCROLL	254
1169226933509	1	INSTRUCTIONSCROLL	257
1169226933693	1	INSTRUCTIONSCROLL	258
1169226933709	1	INSTRUCTIONSCROLL	260
1169226933726	1	INSTRUCTIONSCROLL	263
1169226933743	1	INSTRUCTIONSCROLL	266
1169226933759	1	INSTRUCTIONSCROLL	270
1169226933925	1	INSTRUCTIONSCROLL	271
1169226933942	1	INSTRUCTIONSCROLL	274
1169226933958	1	INSTRUCTIONSCROLL	277
1169226933975	1	INSTRUCTIONSCROLL	281
1169226934076	1	INSTRUCTIONSCROLL	282
1169226934093	1	INSTRUCTIONSCROLL	283
1169226934109	1	INSTRUCTIONSCROLL	287
1169226934126	1	INSTRUCTIONSCROLL	290
1169226934143	1	INSTRUCTIONSCROLL	293
1169226934159	1	INSTRUCTIONSCROLL	297
1169226934243	1	INSTRUCTIONSCROLL	298
1169226934259	1	INSTRUCTIONSCROLL	299
1169226934276	1	INSTRUCTIONSCROLL	302
1169226934292	1	INSTRUCTIONSCROLL	306
1169226934393	1	INSTRUCTIONSCROLL	307
1169226934409	1	INSTRUCTIONSCROLL	309
1169226934426	1	INSTRUCTIONSCROLL	313
1169226934443	1	INSTRUCTIONSCROLL	316
1169226934459	1	INSTRUCTIONSCROLL	319
1169226934547	1	INSTRUCTIONSCROLL	320
1169226934559	1	INSTRUCTIONSCROLL	321
1169226934576	1	INSTRUCTIONSCROLL	323
1169226934592	1	INSTRUCTIONSCROLL	326
1169226934609	1	INSTRUCTIONSCROLL	329
1169226934692	1	INSTRUCTIONSCROLL	330
1169226934709	1	INSTRUCTIONSCROLL	331
1169226934726	1	INSTRUCTIONSCROLL	334
1169226934742	1	INSTRUCTIONSCROLL	337
1169226934759	1	INSTRUCTIONSCROLL	341
1169226934776	1	INSTRUCTIONSCROLL	344
1169226934876	1	INSTRUCTIONSCROLL	345
1169226934892	1	INSTRUCTIONSCROLL	346
1169226934909	1	INSTRUCTIONSCROLL	350
1169226934925	1	INSTRUCTIONSCROLL	353
1169226935026	1	INSTRUCTIONSCROLL	354
1169226935042	1	INSTRUCTIONSCROLL	355
1169226935059	1	INSTRUCTIONSCROLL	359
1169226935076	1	INSTRUCTIONSCROLL	362
1169226935176	1	INSTRUCTIONSCROLL	363
1169226935192	1	INSTRUCTIONSCROLL	364
1169226935209	1	INSTRUCTIONSCROLL	367
1169226935226	1	INSTRUCTIONSCROLL	370
1169226935242	1	INSTRUCTIONSCROLL	374
1169226935342	1	INSTRUCTIONSCROLL	375
1169226935359	1	INSTRUCTIONSCROLL	377
1169226935375	1	INSTRUCTIONSCROLL	380
1169226935392	1	INSTRUCTIONSCROLL	383
1169226935492	1	INSTRUCTIONSCROLL	384
1169226935509	1	INSTRUCTIONSCROLL	386
1169226935525	1	INSTRUCTIONSCROLL	389
1169226935542	1	INSTRUCTIONSCROLL	393
1169226935559	1	INSTRUCTIONSCROLL	396
1169226935575	1	INSTRUCTIONSCROLL	399
1169226935592	1	INSTRUCTIONSCROLL	403
1169226935609	1	INSTRUCTIONSCROLL	406
1169226935625	1	INSTRUCTIONSCROLL	409
1169226935642	1	INSTRUCTIONSCROLL	413
1169226935659	1	INSTRUCTIONSCROLL	416
1169226935675	1	INSTRUCTIONSCROLL	419
1169226935692	1	INSTRUCTIONSCROLL	423
1169226935709	1	INSTRUCTIONSCROLL	426
1169226935725	1	INSTRUCTIONSCROLL	429
1169226935743	1	INSTRUCTIONSCROLL	433
1169226935759	1	INSTRUCTIONSCROLL	436
1169226935775	1	INSTRUCTIONSCROLL	439
1169226935792	1	INSTRUCTIONSCROLL	443
1169226935809	1	INSTRUCTIONSCROLL	446
1169226935825	1	INSTRUCTIONSCROLL	449
1169226935842	1	INSTRUCTIONSCROLL	453
1169226935859	1	INSTRUCTIONSCROLL	456
1169226935875	1	INSTRUCTIONSCROLL	459
1169226935892	1	INSTRUCTIONSCROLL	463
1169226935909	1	INSTRUCTIONSCROLL	466
1169226935924	1	INSTRUCTIONSCROLL	469
1169226935941	1	INSTRUCTIONSCROLL	473
1169226935958	1	INSTRUCTIONSCROLL	476
1169226935974	1	INSTRUCTIONSCROLL	479
1169226935991	1	INSTRUCTIONSCROLL	483
1169226936009	1	INSTRUCTIONSCROLL	486
1169226936025	1	INSTRUCTIONSCROLL	489
1169226936042	1	INSTRUCTIONSCROLL	493
1169226936059	1	INSTRUCTIONSCROLL	496
1169226936075	1	INSTRUCTIONSCROLL	499
1169226936092	1	INSTRUCTIONSCROLL	503
1169226936109	1	INSTRUCTIONSCROLL	506
1169226936125	1	INSTRUCTIONSCROLL	509
1169226936142	1	INSTRUCTIONSCROLL	513
1169226936159	1	INSTRUCTIONSCROLL	516
1169226936175	1	INSTRUCTIONSCROLL	519
1169226936192	1	INSTRUCTIONSCROLL	523
1169226936209	1	INSTRUCTIONSCROLL	526
1169226936225	1	INSTRUCTIONSCROLL	529
1169226936242	1	INSTRUCTIONSCROLL	533
1169226936259	1	INSTRUCTIONSCROLL	536
1169226936275	1	INSTRUCTIONSCROLL	539
1169226936292	1	INSTRUCTIONSCROLL	543
1169226936309	1	INSTRUCTIONSCROLL	546
1169226936325	1	INSTRUCTIONSCROLL	549
1169226936342	1	INSTRUCTIONSCROLL	553
1169226936359	1	INSTRUCTIONSCROLL	556
1169226936375	1	INSTRUCTIONSCROLL	559
1169226936392	1	INSTRUCTIONSCROLL	563
1169226936408	1	INSTRUCTIONSCROLL	566
1169226936425	1	INSTRUCTIONSCROLL	569
1169226936442	1	INSTRUCTIONSCROLL	573
1169226936458	1	INSTRUCTIONSCROLL	576
1169226936475	1	INSTRUCTIONSCROLL	579
1169226936492	1	INSTRUCTIONSCROLL	583
1169226937891	1	INSTRUCTIONSCROLL	584
1169226937908	1	INSTRUCTIONSCROLL	585
1169226937924	1	INSTRUCTIONSCROLL	589
1169226937940	1	INSTRUCTIONSCROLL	592
1169226937957	1	INSTRUCTIONSCROLL	595
1169226937974	1	INSTRUCTIONSCROLL	598
1169226937990	1	INSTRUCTIONSCROLL	602
1169226938008	1	INSTRUCTIONSCROLL	605
1169226938025	1	INSTRUCTIONSCROLL	609
1169226938041	1	INSTRUCTIONSCROLL	612
1169226938058	1	INSTRUCTIONSCROLL	615
1169226938075	1	INSTRUCTIONSCROLL	619
1169226938091	1	INSTRUCTIONSCROLL	622
1169226938108	1	INSTRUCTIONSCROLL	625
1169226938125	1	INSTRUCTIONSCROLL	629
1169226938141	1	INSTRUCTIONSCROLL	632
1169226938158	1	INSTRUCTIONSCROLL	635
1169226938175	1	INSTRUCTIONSCROLL	639
1169226938191	1	INSTRUCTIONSCROLL	642
1169226938208	1	INSTRUCTIONSCROLL	645
1169226938225	1	INSTRUCTIONSCROLL	649
1169226938241	1	INSTRUCTIONSCROLL	652
1169226938258	1	INSTRUCTIONSCROLL	655
1169226938275	1	INSTRUCTIONSCROLL	659
1169226938291	1	INSTRUCTIONSCROLL	662
1169226938308	1	INSTRUCTIONSCROLL	665
1169226938325	1	INSTRUCTIONSCROLL	669
1169226938341	1	INSTRUCTIONSCROLL	672
1169226938358	1	INSTRUCTIONSCROLL	675
1169226938374	1	INSTRUCTIONSCROLL	679
1169226938391	1	INSTRUCTIONSCROLL	682
1169226938408	1	INSTRUCTIONSCROLL	685
1169226940357	1	INSTRUCTIONSCROLL	686
1169226940374	1	INSTRUCTIONSCROLL	690
1169226940391	1	INSTRUCTIONSCROLL	693
1169226940407	1	INSTRUCTIONSCROLL	696
1169226940424	1	INSTRUCTIONSCROLL	700
1169226940624	1	INSTRUCTIONSCROLL	701
1169226940640	1	INSTRUCTIONSCROLL	703
1169226940657	1	INSTRUCTIONSCROLL	707
1169226940674	1	INSTRUCTIONSCROLL	710
1169226940824	1	INSTRUCTIONSCROLL	711
1169226940840	1	INSTRUCTIONSCROLL	715
1169226940857	1	INSTRUCTIONSCROLL	718
1169226940874	1	INSTRUCTIONSCROLL	721
1169226941007	1	INSTRUCTIONSCROLL	722
1169226941024	1	INSTRUCTIONSCROLL	725
1169226941040	1	INSTRUCTIONSCROLL	728
1169226941057	1	INSTRUCTIONSCROLL	732
1169226941074	1	INSTRUCTIONSCROLL	735
1169226941090	1	INSTRUCTIONSCROLL	738
1169226941107	1	INSTRUCTIONSCROLL	742
1169226941124	1	INSTRUCTIONSCROLL	745
1169226941140	1	INSTRUCTIONSCROLL	748
1169226941157	1	INSTRUCTIONSCROLL	752
1169226941174	1	INSTRUCTIONSCROLL	755
1169226941190	1	INSTRUCTIONSCROLL	758
1169226941207	1	INSTRUCTIONSCROLL	762
1169226941224	1	INSTRUCTIONSCROLL	765
1169226941240	1	INSTRUCTIONSCROLL	768
1169226941257	1	INSTRUCTIONSCROLL	772
1169226941274	1	INSTRUCTIONSCROLL	775
1169226941290	1	INSTRUCTIONSCROLL	778
1169226941307	1	INSTRUCTIONSCROLL	782
1169226941324	1	INSTRUCTIONSCROLL	785
1169226941340	1	INSTRUCTIONSCROLL	788
1169226941357	1	INSTRUCTIONSCROLL	792
1169226941374	1	INSTRUCTIONSCROLL	795
1169226941390	1	INSTRUCTIONSCROLL	798
1169226941407	1	INSTRUCTIONSCROLL	802
1169226941424	1	INSTRUCTIONSCROLL	805
1169226941440	1	INSTRUCTIONSCROLL	808
1169226941457	1	INSTRUCTIONSCROLL	812
1169226941474	1	INSTRUCTIONSCROLL	815
1169226941490	1	INSTRUCTIONSCROLL	818
1169226941956	1	INSTRUCTIONSCROLL	819
1169226941972	1	INSTRUCTIONSCROLL	821
1169226941989	1	INSTRUCTIONSCROLL	824
1169226942007	1	INSTRUCTIONSCROLL	828
1169226942023	1	INSTRUCTIONSCROLL	831
1169226942040	1	INSTRUCTIONSCROLL	835
1169226942057	1	INSTRUCTIONSCROLL	838
1169226942073	1	INSTRUCTIONSCROLL	841
1169226942090	1	INSTRUCTIONSCROLL	845
1169226942107	1	INSTRUCTIONSCROLL	848
1169226942123	1	INSTRUCTIONSCROLL	851
1169226942140	1	INSTRUCTIONSCROLL	855
1169226942157	1	INSTRUCTIONSCROLL	858
1169226942173	1	INSTRUCTIONSCROLL	861
1169226942190	1	INSTRUCTIONSCROLL	865
1169226942207	1	INSTRUCTIONSCROLL	868
1169226942223	1	INSTRUCTIONSCROLL	871
1169226942240	1	INSTRUCTIONSCROLL	875
1169226942257	1	INSTRUCTIONSCROLL	878
1169226942273	1	INSTRUCTIONSCROLL	881
1169226942290	1	INSTRUCTIONSCROLL	885
1169226942307	1	INSTRUCTIONSCROLL	888
1169226942323	1	INSTRUCTIONSCROLL	891
1169226942340	1	INSTRUCTIONSCROLL	895
1169226942357	1	INSTRUCTIONSCROLL	898
1169226942373	1	INSTRUCTIONSCROLL	901
1169226942390	1	INSTRUCTIONSCROLL	905
1169226942407	1	INSTRUCTIONSCROLL	908
1169226942423	1	INSTRUCTIONSCROLL	911
1169226942440	1	INSTRUCTIONSCROLL	915
1169226945189	1	INSTRUCTIONSCROLL	916
1169226945206	1	INSTRUCTIONSCROLL	919
1169226945222	1	INSTRUCTIONSCROLL	922
1169226945239	1	INSTRUCTIONSCROLL	926
1169226945256	1	INSTRUCTIONSCROLL	929
1169226945272	1	INSTRUCTIONSCROLL	932
1169226945289	1	INSTRUCTIONSCROLL	936
1169226945306	1	INSTRUCTIONSCROLL	939
1169226945322	1	INSTRUCTIONSCROLL	942
1169226945339	1	INSTRUCTIONSCROLL	946
1169226945356	1	INSTRUCTIONSCROLL	949
1169226945372	1	INSTRUCTIONSCROLL	952
1169226945389	1	INSTRUCTIONSCROLL	956
1169226945406	1	INSTRUCTIONSCROLL	959
1169226945422	1	INSTRUCTIONSCROLL	962
1169226945439	1	INSTRUCTIONSCROLL	966
1169226945456	1	INSTRUCTIONSCROLL	969
1169226945472	1	INSTRUCTIONSCROLL	972
1169226945489	1	INSTRUCTIONSCROLL	976
1169226945506	1	INSTRUCTIONSCROLL	979
1169226945522	1	INSTRUCTIONSCROLL	982
1169226945539	1	INSTRUCTIONSCROLL	986
1169226945556	1	INSTRUCTIONSCROLL	989
1169226945572	1	INSTRUCTIONSCROLL	992
1169226945589	1	INSTRUCTIONSCROLL	996
1169226945606	1	INSTRUCTIONSCROLL	999
1169226945622	1	INSTRUCTIONSCROLL	1002
1169226945639	1	INSTRUCTIONSCROLL	1006
1169226945656	1	INSTRUCTIONSCROLL	1009
1169226945672	1	INSTRUCTIONSCROLL	1012
1169226945689	1	INSTRUCTIONSCROLL	1016
1169226945705	1	INSTRUCTIONSCROLL	1019
1169226945722	1	INSTRUCTIONSCROLL	1022
1169226945739	1	INSTRUCTIONSCROLL	1026
1169226945755	1	INSTRUCTIONSCROLL	1029
1169226945772	1	INSTRUCTIONSCROLL	1032
1169226945789	1	INSTRUCTIONSCROLL	1036
1169226945805	1	INSTRUCTIONSCROLL	1039
1169226945822	1	INSTRUCTIONSCROLL	1042
1169226945839	1	INSTRUCTIONSCROLL	1046
1169226945856	1	INSTRUCTIONSCROLL	1049
1169226945872	1	INSTRUCTIONSCROLL	1053
1169226945889	1	INSTRUCTIONSCROLL	1056
1169226945905	1	INSTRUCTIONSCROLL	1059
1169226945921	1	INSTRUCTIONSCROLL	1063
1169226945938	1	INSTRUCTIONSCROLL	1066
1169226945954	1	INSTRUCTIONSCROLL	1069
1169226945971	1	INSTRUCTIONSCROLL	1072
1169226945988	1	INSTRUCTIONSCROLL	1076
1169226946005	1	INSTRUCTIONSCROLL	1079
1169226946022	1	INSTRUCTIONSCROLL	1083
1169226946039	1	INSTRUCTIONSCROLL	1086
1169226946055	1	INSTRUCTIONSCROLL	1089
1169226947788	1	INSTRUCTIONSCROLL	1090
1169226947805	1	INSTRUCTIONSCROLL	1092
1169226947822	1	INSTRUCTIONSCROLL	1095
1169226947838	1	INSTRUCTIONSCROLL	1099
1169226947855	1	INSTRUCTIONSCROLL	1102
1169226947871	1	INSTRUCTIONSCROLL	1105
1169226947888	1	INSTRUCTIONSCROLL	1109
1169226947905	1	INSTRUCTIONSCROLL	1112
1169226947921	1	INSTRUCTIONSCROLL	1115
1169226947937	1	INSTRUCTIONSCROLL	1118
1169226948221	1	INSTRUCTIONSCROLL	1119
1169226948238	1	INSTRUCTIONSCROLL	1121
1169226948255	1	INSTRUCTIONSCROLL	1125
1169226948271	1	INSTRUCTIONSCROLL	1128
1169226948288	1	INSTRUCTIONSCROLL	1131
1169226948305	1	INSTRUCTIONSCROLL	1135
1169226948321	1	INSTRUCTIONSCROLL	1138
1169226948338	1	INSTRUCTIONSCROLL	1141
1169226948355	1	INSTRUCTIONSCROLL	1145
1169226948371	1	INSTRUCTIONSCROLL	1148
1169226948388	1	INSTRUCTIONSCROLL	1151
1169226948405	1	INSTRUCTIONSCROLL	1155
1169226948421	1	INSTRUCTIONSCROLL	1158
1169226948438	1	INSTRUCTIONSCROLL	1161
1169226948455	1	INSTRUCTIONSCROLL	1165
1169226948471	1	INSTRUCTIONSCROLL	1168
1169226948488	1	INSTRUCTIONSCROLL	1171
1169226948505	1	INSTRUCTIONSCROLL	1175
1169226948521	1	INSTRUCTIONSCROLL	1178
1169226948538	1	INSTRUCTIONSCROLL	1181
1169226948555	1	INSTRUCTIONSCROLL	1185
1169226948571	1	INSTRUCTIONSCROLL	1188
1169226948588	1	INSTRUCTIONSCROLL	1191
1169226948605	1	INSTRUCTIONSCROLL	1195
1169226948621	1	INSTRUCTIONSCROLL	1198
1169226948638	1	INSTRUCTIONSCROLL	1201
1169226948655	1	INSTRUCTIONSCROLL	1205
1169226948671	1	INSTRUCTIONSCROLL	1208
1169226948688	1	INSTRUCTIONSCROLL	1211
1169226948705	1	INSTRUCTIONSCROLL	1215
1169226948721	1	INSTRUCTIONSCROLL	1218
1169226948738	1	INSTRUCTIONSCROLL	1221
1169226948755	1	INSTRUCTIONSCROLL	1225
1169226948771	1	INSTRUCTIONSCROLL	1228
1169226948788	1	INSTRUCTIONSCROLL	1231
1169226948805	1	INSTRUCTIONSCROLL	1235
1169226948821	1	INSTRUCTIONSCROLL	1238
1169226948838	1	INSTRUCTIONSCROLL	1241
1169226948855	1	INSTRUCTIONSCROLL	1245
1169226948871	1	INSTRUCTIONSCROLL	1248
1169226948888	1	INSTRUCTIONSCROLL	1251
1169226948905	1	INSTRUCTIONSCROLL	1255
1169226948921	1	INSTRUCTIONSCROLL	1258
1169226948937	1	INSTRUCTIONSCROLL	1261
1169226948954	1	INSTRUCTIONSCROLL	1264
1169226948970	1	INSTRUCTIONSCROLL	1268
1169226948987	1	INSTRUCTIONSCROLL	1271
1169226949004	1	INSTRUCTIONSCROLL	1275
1169226949021	1	INSTRUCTIONSCROLL	1278
1169226949038	1	INSTRUCTIONSCROLL	1281
1169226949054	1	INSTRUCTIONSCROLL	1285
1169226949071	1	INSTRUCTIONSCROLL	1288
1169226949088	1	INSTRUCTIONSCROLL	1291
1169226949104	1	INSTRUCTIONSCROLL	1295
1169226949121	1	INSTRUCTIONSCROLL	1298
1169226949138	1	INSTRUCTIONSCROLL	1301
1169226949154	1	INSTRUCTIONSCROLL	1305
1169226949171	1	INSTRUCTIONSCROLL	1308
1169226949188	1	INSTRUCTIONSCROLL	1311
1169226949204	1	INSTRUCTIONSCROLL	1315
1169226949221	1	INSTRUCTIONSCROLL	1318
1169226949238	1	INSTRUCTIONSCROLL	1321
1169226949254	1	INSTRUCTIONSCROLL	1325
1169226949271	1	INSTRUCTIONSCROLL	1328
1169226949288	1	INSTRUCTIONSCROLL	1331
1169226949304	1	INSTRUCTIONSCROLL	1335
1169226949321	1	INSTRUCTIONSCROLL	1338
1169226949338	1	INSTRUCTIONSCROLL	1341
1169226949354	1	INSTRUCTIONSCROLL	1345
1169226949371	1	INSTRUCTIONSCROLL	1348
1169226949388	1	INSTRUCTIONSCROLL	1351
1169226951437	1	INSTRUCTIONSCROLL	1352
1169226951454	1	INSTRUCTIONSCROLL	1353
1169226951470	1	INSTRUCTIONSCROLL	1356
1169226951487	1	INSTRUCTIONSCROLL	1359
1169226951504	1	INSTRUCTIONSCROLL	1363
1169226951520	1	INSTRUCTIONSCROLL	1366
1169226951537	1	INSTRUCTIONSCROLL	1369
1169226951554	1	INSTRUCTIONSCROLL	1373
1169226951570	1	INSTRUCTIONSCROLL	1376
1169226951587	1	INSTRUCTIONSCROLL	1379
1169226951604	1	INSTRUCTIONSCROLL	1383
1169226951620	1	INSTRUCTIONSCROLL	1386
1169226951637	1	INSTRUCTIONSCROLL	1389
1169226951654	1	INSTRUCTIONSCROLL	1393
1169226951670	1	INSTRUCTIONSCROLL	1396
1169226951687	1	INSTRUCTIONSCROLL	1399
1169226951704	1	INSTRUCTIONSCROLL	1403
1169226951720	1	INSTRUCTIONSCROLL	1406
1169226951737	1	INSTRUCTIONSCROLL	1409
1169226951754	1	INSTRUCTIONSCROLL	1413
1169226951770	1	INSTRUCTIONSCROLL	1416
1169226951787	1	INSTRUCTIONSCROLL	1419
1169226951804	1	INSTRUCTIONSCROLL	1423
1169226951820	1	INSTRUCTIONSCROLL	1426
1169226951837	1	INSTRUCTIONSCROLL	1429
1169226951854	1	INSTRUCTIONSCROLL	1433
1169226951870	1	INSTRUCTIONSCROLL	1436
1169226951887	1	INSTRUCTIONSCROLL	1439
1169226951903	1	INSTRUCTIONSCROLL	1443
1169226951920	1	INSTRUCTIONSCROLL	1446
1169226951936	1	INSTRUCTIONSCROLL	1449
1169226951952	1	INSTRUCTIONSCROLL	1453
1169226951969	1	INSTRUCTIONSCROLL	1456
1169226951986	1	INSTRUCTIONSCROLL	1459
1169226952003	1	INSTRUCTIONSCROLL	1463
1169226952020	1	INSTRUCTIONSCROLL	1466
1169226952037	1	INSTRUCTIONSCROLL	1469
1169226952053	1	INSTRUCTIONSCROLL	1473
1169226952070	1	INSTRUCTIONSCROLL	1476
1169226952087	1	INSTRUCTIONSCROLL	1479
1169226952104	1	INSTRUCTIONSCROLL	1483
1169226952120	1	INSTRUCTIONSCROLL	1486
1169226952137	1	INSTRUCTIONSCROLL	1489
1169226952153	1	INSTRUCTIONSCROLL	1493
1169226952170	1	INSTRUCTIONSCROLL	1496
1169226952187	1	INSTRUCTIONSCROLL	1499
1169226952203	1	INSTRUCTIONSCROLL	1503
1169226952220	1	INSTRUCTIONSCROLL	1506
1169226952237	1	INSTRUCTIONSCROLL	1509
1169226952253	1	INSTRUCTIONSCROLL	1513
1169226952270	1	INSTRUCTIONSCROLL	1516
1169226952287	1	INSTRUCTIONSCROLL	1519
1169226955786	1	INSTRUCTIONSCROLL	1520
1169226955802	1	INSTRUCTIONSCROLL	1523
1169226955819	1	INSTRUCTIONSCROLL	1527
1169226955836	1	INSTRUCTIONSCROLL	1530
1169226955852	1	INSTRUCTIONSCROLL	1533
1169226955869	1	INSTRUCTIONSCROLL	1537
1169226955886	1	INSTRUCTIONSCROLL	1540
1169226955902	1	INSTRUCTIONSCROLL	1543
1169226955919	1	INSTRUCTIONSCROLL	1547
1169226955935	1	INSTRUCTIONSCROLL	1550
1169226955951	1	INSTRUCTIONSCROLL	1553
1169226955968	1	INSTRUCTIONSCROLL	1557
1169226955985	1	INSTRUCTIONSCROLL	1560
1169226956002	1	INSTRUCTIONSCROLL	1563
1169226956019	1	INSTRUCTIONSCROLL	1567
1169226956036	1	INSTRUCTIONSCROLL	1570
1169226956052	1	INSTRUCTIONSCROLL	1573
1169226956069	1	INSTRUCTIONSCROLL	1577
1169226956086	1	INSTRUCTIONSCROLL	1580
1169226956102	1	INSTRUCTIONSCROLL	1583
1169226956119	1	INSTRUCTIONSCROLL	1587
1169226956136	1	INSTRUCTIONSCROLL	1590
1169226956152	1	INSTRUCTIONSCROLL	1593
1169226956169	1	INSTRUCTIONSCROLL	1597
1169226956185	1	INSTRUCTIONSCROLL	1600
1169226956202	1	INSTRUCTIONSCROLL	1603
1169226956219	1	INSTRUCTIONSCROLL	1607
1169226956235	1	INSTRUCTIONSCROLL	1610
1169226956252	1	INSTRUCTIONSCROLL	1613
1169226956269	1	INSTRUCTIONSCROLL	1617
1169226956285	1	INSTRUCTIONSCROLL	1620
1169226956302	1	INSTRUCTIONSCROLL	1623
1169226956319	1	INSTRUCTIONSCROLL	1627
1169226956335	1	INSTRUCTIONSCROLL	1630
1169226956352	1	INSTRUCTIONSCROLL	1633
1169226956369	1	INSTRUCTIONSCROLL	1637
1169226956385	1	INSTRUCTIONSCROLL	1640
1169226956402	1	INSTRUCTIONSCROLL	1643
1169226956419	1	INSTRUCTIONSCROLL	1647
1169226956435	1	INSTRUCTIONSCROLL	1650
1169226956452	1	INSTRUCTIONSCROLL	1653
1169226956469	1	INSTRUCTIONSCROLL	1657
1169226956485	1	INSTRUCTIONSCROLL	1660
1169226956502	1	INSTRUCTIONSCROLL	1663
1169226956519	1	INSTRUCTIONSCROLL	1667
1169226956535	1	INSTRUCTIONSCROLL	1670
1169226956552	1	INSTRUCTIONSCROLL	1673
1169226956569	1	INSTRUCTIONSCROLL	1677
1169226956585	1	INSTRUCTIONSCROLL	1680
1169226956602	1	INSTRUCTIONSCROLL	1683
1169226956619	1	INSTRUCTIONSCROLL	1687
1169226957564	1	INSTRUCTIONSCROLL	1688
1169226957568	1	INSTRUCTIONSCROLL	1690
1169226957585	1	INSTRUCTIONSCROLL	1691
1169226957602	1	INSTRUCTIONSCROLL	1694
1169226957618	1	INSTRUCTIONSCROLL	1697
1169226957635	1	INSTRUCTIONSCROLL	1701
1169226957652	1	INSTRUCTIONSCROLL	1704
1169226957668	1	INSTRUCTIONSCROLL	1707
1169226957685	1	INSTRUCTIONSCROLL	1711
1169226957702	1	INSTRUCTIONSCROLL	1714
1169226957718	1	INSTRUCTIONSCROLL	1717
1169226957735	1	INSTRUCTIONSCROLL	1721
1169226957752	1	INSTRUCTIONSCROLL	1724
1169226957768	1	INSTRUCTIONSCROLL	1727
1169226957785	1	INSTRUCTIONSCROLL	1731
1169226957802	1	INSTRUCTIONSCROLL	1734
1169226957818	1	INSTRUCTIONSCROLL	1737
1169226957835	1	INSTRUCTIONSCROLL	1741
1169226957852	1	INSTRUCTIONSCROLL	1744
1169226957868	1	INSTRUCTIONSCROLL	1747
1169226957885	1	INSTRUCTIONSCROLL	1751
1169226957902	1	INSTRUCTIONSCROLL	1754
1169226957918	1	INSTRUCTIONSCROLL	1757
1169226957934	1	INSTRUCTIONSCROLL	1761
1169226957951	1	INSTRUCTIONSCROLL	1764
1169226957967	1	INSTRUCTIONSCROLL	1767
1169226957984	1	INSTRUCTIONSCROLL	1770
1169226958002	1	INSTRUCTIONSCROLL	1774
1169226958018	1	INSTRUCTIONSCROLL	1777
1169226958035	1	INSTRUCTIONSCROLL	1781
1169226958052	1	INSTRUCTIONSCROLL	1784
1169226958068	1	INSTRUCTIONSCROLL	1787
1169226958085	1	INSTRUCTIONSCROLL	1790
1169226958102	1	INSTRUCTIONSCROLL	1794
1169226958118	1	INSTRUCTIONSCROLL	1797
1169226958135	1	INSTRUCTIONSCROLL	1801
1169226958152	1	INSTRUCTIONSCROLL	1804
1169226958168	1	INSTRUCTIONSCROLL	1807
1169226958185	1	INSTRUCTIONSCROLL	1811
1169226958202	1	INSTRUCTIONSCROLL	1814
1169226958218	1	INSTRUCTIONSCROLL	1817
1169226958235	1	INSTRUCTIONSCROLL	1821
1169226958251	1	INSTRUCTIONSCROLL	1824
1169226958268	1	INSTRUCTIONSCROLL	1827
1169226958285	1	INSTRUCTIONSCROLL	1831
1169226958301	1	INSTRUCTIONSCROLL	1834
1169226959534	1	INSTRUCTIONSCROLL	1835
1169226959551	1	INSTRUCTIONSCROLL	1836
1169226959568	1	INSTRUCTIONSCROLL	1839
1169226959584	1	INSTRUCTIONSCROLL	1842
1169226959601	1	INSTRUCTIONSCROLL	1846
1169226959618	1	INSTRUCTIONSCROLL	1849
1169226959634	1	INSTRUCTIONSCROLL	1852
1169226959651	1	INSTRUCTIONSCROLL	1856
1169226959668	1	INSTRUCTIONSCROLL	1859
1169226959684	1	INSTRUCTIONSCROLL	1862
1169226959701	1	INSTRUCTIONSCROLL	1866
1169226959718	1	INSTRUCTIONSCROLL	1869
1169226959734	1	INSTRUCTIONSCROLL	1872
1169226959751	1	INSTRUCTIONSCROLL	1876
1169226959768	1	INSTRUCTIONSCROLL	1879
1169226959784	1	INSTRUCTIONSCROLL	1882
1169226959801	1	INSTRUCTIONSCROLL	1886
1169226959818	1	INSTRUCTIONSCROLL	1889
1169226959834	1	INSTRUCTIONSCROLL	1892
1169226959851	1	INSTRUCTIONSCROLL	1896
1169226959868	1	INSTRUCTIONSCROLL	1899
1169226959884	1	INSTRUCTIONSCROLL	1902
1169226959901	1	INSTRUCTIONSCROLL	1906
1169226959918	1	INSTRUCTIONSCROLL	1909
1169226959933	1	INSTRUCTIONSCROLL	1912
1169226959950	1	INSTRUCTIONSCROLL	1915
1169226959967	1	INSTRUCTIONSCROLL	1919
1169226959983	1	INSTRUCTIONSCROLL	1922
1169226960001	1	INSTRUCTIONSCROLL	1925
1169226960018	1	INSTRUCTIONSCROLL	1929
1169226960034	1	INSTRUCTIONSCROLL	1932
1169226960051	1	INSTRUCTIONSCROLL	1936
1169226960068	1	INSTRUCTIONSCROLL	1939
1169226960084	1	INSTRUCTIONSCROLL	1942
1169226960101	1	INSTRUCTIONSCROLL	1946
1169226960118	1	INSTRUCTIONSCROLL	1949
1169226960134	1	INSTRUCTIONSCROLL	1952
1169226960151	1	INSTRUCTIONSCROLL	1956
1169226960168	1	INSTRUCTIONSCROLL	1959
1169226960184	1	INSTRUCTIONSCROLL	1962
1169226960201	1	INSTRUCTIONSCROLL	1966
1169226960218	1	INSTRUCTIONSCROLL	1969
1169226960234	1	INSTRUCTIONSCROLL	1972
1169226960251	1	INSTRUCTIONSCROLL	1976
1169226960268	1	INSTRUCTIONSCROLL	1979
1169226960284	1	INSTRUCTIONSCROLL	1982
1169226960301	1	INSTRUCTIONSCROLL	1986
1169226960317	1	INSTRUCTIONSCROLL	1989
1169226960334	1	INSTRUCTIONSCROLL	1992
1169226960351	1	INSTRUCTIONSCROLL	1996
1169226960368	1	INSTRUCTIONSCROLL	1999
1169226960384	1	INSTRUCTIONSCROLL	2002
1169226960401	1	INSTRUCTIONSCROLL	2006
1169226960417	1	INSTRUCTIONSCROLL	2009
1169226961034	1	INSTRUCTIONSCROLL	2010
1169226961051	1	INSTRUCTIONSCROLL	2011
1169226961067	1	INSTRUCTIONSCROLL	2015
1169226961084	1	INSTRUCTIONSCROLL	2018
1169226961101	1	INSTRUCTIONSCROLL	2021
1169226961117	1	INSTRUCTIONSCROLL	2025
1169226961134	1	INSTRUCTIONSCROLL	2028
1169226961151	1	INSTRUCTIONSCROLL	2031
1169226961167	1	INSTRUCTIONSCROLL	2035
1169226961184	1	INSTRUCTIONSCROLL	2038
1169226961201	1	INSTRUCTIONSCROLL	2041
1169226961217	1	INSTRUCTIONSCROLL	2045
1169226961234	1	INSTRUCTIONSCROLL	2048
1169226961251	1	INSTRUCTIONSCROLL	2051
1169226961267	1	INSTRUCTIONSCROLL	2055
1169226961284	1	INSTRUCTIONSCROLL	2058
1169226961300	1	INSTRUCTIONSCROLL	2061
1169226961317	1	INSTRUCTIONSCROLL	2065
1169226961334	1	INSTRUCTIONSCROLL	2068
1169226961350	1	INSTRUCTIONSCROLL	2071
1169226961367	1	INSTRUCTIONSCROLL	2075
1169226961385	1	INSTRUCTIONSCROLL	2078
1169226961400	1	INSTRUCTIONSCROLL	2081
1169226961417	1	INSTRUCTIONSCROLL	2085
1169226961434	1	INSTRUCTIONSCROLL	2088
1169226961450	1	INSTRUCTIONSCROLL	2091
1169226961467	1	INSTRUCTIONSCROLL	2095
1169226961484	1	INSTRUCTIONSCROLL	2098
1169226961500	1	INSTRUCTIONSCROLL	2101
1169226961517	1	INSTRUCTIONSCROLL	2105
1169226961534	1	INSTRUCTIONSCROLL	2108
1169226961550	1	INSTRUCTIONSCROLL	2111
1169226961567	1	INSTRUCTIONSCROLL	2115
1169226961584	1	INSTRUCTIONSCROLL	2118
1169226961600	1	INSTRUCTIONSCROLL	2121
1169226961617	1	INSTRUCTIONSCROLL	2125
1169226961634	1	INSTRUCTIONSCROLL	2128
1169226961650	1	INSTRUCTIONSCROLL	2131
1169226961667	1	INSTRUCTIONSCROLL	2135
1169226961684	1	INSTRUCTIONSCROLL	2138
1169226961700	1	INSTRUCTIONSCROLL	2141
1169226961717	1	INSTRUCTIONSCROLL	2145
1169226961734	1	INSTRUCTIONSCROLL	2148
1169226961750	1	INSTRUCTIONSCROLL	2151
1169226961767	1	INSTRUCTIONSCROLL	2155
1169226961784	1	INSTRUCTIONSCROLL	2158
1169226961800	1	INSTRUCTIONSCROLL	2161
1169226961817	1	INSTRUCTIONSCROLL	2165
1169226961834	1	INSTRUCTIONSCROLL	2168
1169226961850	1	INSTRUCTIONSCROLL	2171
1169226964266	1	INSTRUCTIONSCROLL	2172
1169226964283	1	INSTRUCTIONSCROLL	2175
1169226964299	1	INSTRUCTIONSCROLL	2179
1169226964316	1	INSTRUCTIONSCROLL	2182
1169226964333	1	INSTRUCTIONSCROLL	2185
1169226964349	1	INSTRUCTIONSCROLL	2189
1169226964366	1	INSTRUCTIONSCROLL	2192
1169226964383	1	INSTRUCTIONSCROLL	2195
1169226964399	1	INSTRUCTIONSCROLL	2199
1169226964416	1	INSTRUCTIONSCROLL	2202
1169226964433	1	INSTRUCTIONSCROLL	2205
1169226964449	1	INSTRUCTIONSCROLL	2209
1169226964466	1	INSTRUCTIONSCROLL	2212
1169226964483	1	INSTRUCTIONSCROLL	2215
1169226964499	1	INSTRUCTIONSCROLL	2219
1169226964516	1	INSTRUCTIONSCROLL	2222
1169226964533	1	INSTRUCTIONSCROLL	2225
1169226964549	1	INSTRUCTIONSCROLL	2229
1169226964566	1	INSTRUCTIONSCROLL	2232
1169226964583	1	INSTRUCTIONSCROLL	2235
1169226964599	1	INSTRUCTIONSCROLL	2239
1169226964616	1	INSTRUCTIONSCROLL	2242
1169226964633	1	INSTRUCTIONSCROLL	2245
1169226964649	1	INSTRUCTIONSCROLL	2249
1169226964666	1	INSTRUCTIONSCROLL	2252
1169226964683	1	INSTRUCTIONSCROLL	2255
1169226964699	1	INSTRUCTIONSCROLL	2259
1169226964716	1	INSTRUCTIONSCROLL	2262
1169226964733	1	INSTRUCTIONSCROLL	2265
1169226964749	1	INSTRUCTIONSCROLL	2269
1169226964766	1	INSTRUCTIONSCROLL	2272
1169226964783	1	INSTRUCTIONSCROLL	2275
1169226964799	1	INSTRUCTIONSCROLL	2279
1169226964816	1	INSTRUCTIONSCROLL	2282
1169226964833	1	INSTRUCTIONSCROLL	2285
1169226965366	1	INSTRUCTIONSCROLL	2286
1169226965385	1	INSTRUCTIONSCROLL	2287
1169226965399	1	INSTRUCTIONSCROLL	2291
1169226965416	1	INSTRUCTIONSCROLL	2294
1169226965432	1	INSTRUCTIONSCROLL	2297
1169226965449	1	INSTRUCTIONSCROLL	2300
1169226965466	1	INSTRUCTIONSCROLL	2304
1169226965482	1	INSTRUCTIONSCROLL	2307
1169226965499	1	INSTRUCTIONSCROLL	2310
1169226965516	1	INSTRUCTIONSCROLL	2314
1169226965532	1	INSTRUCTIONSCROLL	2317
1169226965549	1	INSTRUCTIONSCROLL	2320
1169226965566	1	INSTRUCTIONSCROLL	2324
1169226965582	1	INSTRUCTIONSCROLL	2327
1169226965599	1	INSTRUCTIONSCROLL	2330
1169226965616	1	INSTRUCTIONSCROLL	2334
1169226965632	1	INSTRUCTIONSCROLL	2337
1169226965649	1	INSTRUCTIONSCROLL	2340
1169226965666	1	INSTRUCTIONSCROLL	2344
1169226965682	1	INSTRUCTIONSCROLL	2347
1169226965699	1	INSTRUCTIONSCROLL	2350
1169226965716	1	INSTRUCTIONSCROLL	2354
1169226965732	1	INSTRUCTIONSCROLL	2357
1169226965749	1	INSTRUCTIONSCROLL	2360
1169226965766	1	INSTRUCTIONSCROLL	2364
1169226965782	1	INSTRUCTIONSCROLL	2367
1169226965799	1	INSTRUCTIONSCROLL	2370
1169226965816	1	INSTRUCTIONSCROLL	2374
1169226965832	1	INSTRUCTIONSCROLL	2377
1169226965849	1	INSTRUCTIONSCROLL	2380
1169226965866	1	INSTRUCTIONSCROLL	2384
1169226965882	1	INSTRUCTIONSCROLL	2387
1169226965899	1	INSTRUCTIONSCROLL	2390
1169226965916	1	INSTRUCTIONSCROLL	2394
1169226965931	1	INSTRUCTIONSCROLL	2397
1169226965948	1	INSTRUCTIONSCROLL	2400
1169226965965	1	INSTRUCTIONSCROLL	2404
1169226965981	1	INSTRUCTIONSCROLL	2407
1169226965998	1	INSTRUCTIONSCROLL	2410
1169226966016	1	INSTRUCTIONSCROLL	2413
1169226966032	1	INSTRUCTIONSCROLL	2417
1169226966049	1	INSTRUCTIONSCROLL	2420
1169226966066	1	INSTRUCTIONSCROLL	2424
1169226966082	1	INSTRUCTIONSCROLL	2427
1169226966099	1	INSTRUCTIONSCROLL	2430
1169226966116	1	INSTRUCTIONSCROLL	2434
1169226966132	1	INSTRUCTIONSCROLL	2437
1169226966149	1	INSTRUCTIONSCROLL	2440
1169226966166	1	INSTRUCTIONSCROLL	2444
1169226966182	1	INSTRUCTIONSCROLL	2447
1169226966199	1	INSTRUCTIONSCROLL	2450
1169226966216	1	INSTRUCTIONSCROLL	2454
1169226966232	1	INSTRUCTIONSCROLL	2457
1169226966249	1	INSTRUCTIONSCROLL	2460
1169226966266	1	INSTRUCTIONSCROLL	2464
1169226966282	1	INSTRUCTIONSCROLL	2467
1169226966299	1	INSTRUCTIONSCROLL	2470
1169226966316	1	INSTRUCTIONSCROLL	2474
1169226966332	1	INSTRUCTIONSCROLL	2477
1169226966349	1	INSTRUCTIONSCROLL	2480
1169226966366	1	INSTRUCTIONSCROLL	2484
1169226966382	1	INSTRUCTIONSCROLL	2487
1169226966399	1	INSTRUCTIONSCROLL	2490
1169226966416	1	INSTRUCTIONSCROLL	2494
1169226966432	1	INSTRUCTIONSCROLL	2497
1169226966449	1	INSTRUCTIONSCROLL	2500
1169226966466	1	INSTRUCTIONSCROLL	2504
1169226966482	1	INSTRUCTIONSCROLL	2507
1169226966499	1	INSTRUCTIONSCROLL	2510
1169226966515	1	INSTRUCTIONSCROLL	2514
1169226966532	1	INSTRUCTIONSCROLL	2517
1169226966765	1	INSTRUCTIONSCROLL	2518
1169226966782	1	INSTRUCTIONSCROLL	2520
1169226966799	1	INSTRUCTIONSCROLL	2523
1169226966815	1	INSTRUCTIONSCROLL	2527
1169226966832	1	INSTRUCTIONSCROLL	2530
1169226966849	1	INSTRUCTIONSCROLL	2533
1169226966865	1	INSTRUCTIONSCROLL	2537
1169226966882	1	INSTRUCTIONSCROLL	2540
1169226966899	1	INSTRUCTIONSCROLL	2543
1169226966915	1	INSTRUCTIONSCROLL	2547
1169226966931	1	INSTRUCTIONSCROLL	2550
1169226966948	1	INSTRUCTIONSCROLL	2553
1169226966964	1	INSTRUCTIONSCROLL	2557
1169226966981	1	INSTRUCTIONSCROLL	2560
1169226966998	1	INSTRUCTIONSCROLL	2563
1169226967015	1	INSTRUCTIONSCROLL	2567
1169226967032	1	INSTRUCTIONSCROLL	2570
1169226967049	1	INSTRUCTIONSCROLL	2573
1169226967065	1	INSTRUCTIONSCROLL	2577
1169226967082	1	INSTRUCTIONSCROLL	2580
1169226967099	1	INSTRUCTIONSCROLL	2583
1169226967115	1	INSTRUCTIONSCROLL	2587
1169226967132	1	INSTRUCTIONSCROLL	2590
1169226967149	1	INSTRUCTIONSCROLL	2594
1169226967165	1	INSTRUCTIONSCROLL	2597
1169226967182	1	INSTRUCTIONSCROLL	2600
1169226967199	1	INSTRUCTIONSCROLL	2603
1169226967215	1	INSTRUCTIONSCROLL	2607
1169226967232	1	INSTRUCTIONSCROLL	2610
1169226967249	1	INSTRUCTIONSCROLL	2613
1169226967265	1	INSTRUCTIONSCROLL	2617
1169226967282	1	INSTRUCTIONSCROLL	2620
1169226967299	1	INSTRUCTIONSCROLL	2624
1169226967315	1	INSTRUCTIONSCROLL	2627
1169226967332	1	INSTRUCTIONSCROLL	2630
1169226967349	1	INSTRUCTIONSCROLL	2633
1169226967365	1	INSTRUCTIONSCROLL	2637
1169226967382	1	INSTRUCTIONSCROLL	2640
1169226967399	1	INSTRUCTIONSCROLL	2643
1169226967415	1	INSTRUCTIONSCROLL	2647
1169226967432	1	INSTRUCTIONSCROLL	2650
1169226967448	1	INSTRUCTIONSCROLL	2654
1169226967465	1	INSTRUCTIONSCROLL	2657
1169226967482	1	INSTRUCTIONSCROLL	2660
1169226967498	1	INSTRUCTIONSCROLL	2663
1169226967515	1	INSTRUCTIONSCROLL	2667
1169226967532	1	INSTRUCTIONSCROLL	2670
1169226967549	1	INSTRUCTIONSCROLL	2673
1169226967565	1	INSTRUCTIONSCROLL	2677
1169226967582	1	INSTRUCTIONSCROLL	2680
1169226967598	1	INSTRUCTIONSCROLL	2684
1169226967615	1	INSTRUCTIONSCROLL	2687
1169226967632	1	INSTRUCTIONSCROLL	2690
1169226967648	1	INSTRUCTIONSCROLL	2693
1169226967665	1	INSTRUCTIONSCROLL	2697
1169226967682	1	INSTRUCTIONSCROLL	2700
1169226967698	1	INSTRUCTIONSCROLL	2703
1169226967715	1	INSTRUCTIONSCROLL	2707
1169226967732	1	INSTRUCTIONSCROLL	2710
1169226967748	1	INSTRUCTIONSCROLL	2714
1169226967765	1	INSTRUCTIONSCROLL	2717
1169226967782	1	INSTRUCTIONSCROLL	2720
1169226967798	1	INSTRUCTIONSCROLL	2723
1169226967815	1	INSTRUCTIONSCROLL	2727
1169226967832	1	INSTRUCTIONSCROLL	2730
1169226967848	1	INSTRUCTIONSCROLL	2734
1169226967865	1	INSTRUCTIONSCROLL	2737
1169226967882	1	INSTRUCTIONSCROLL	2740
1169226967898	1	INSTRUCTIONSCROLL	2743
1169226967915	1	INSTRUCTIONSCROLL	2747
1169226967931	1	INSTRUCTIONSCROLL	2750
1169226967947	1	INSTRUCTIONSCROLL	2753
1169226967964	1	INSTRUCTIONSCROLL	2757
1169226967981	1	INSTRUCTIONSCROLL	2760
1169226967997	1	INSTRUCTIONSCROLL	2763
1169226968015	1	INSTRUCTIONSCROLL	2767
1169226968032	1	INSTRUCTIONSCROLL	2770
1169226968048	1	INSTRUCTIONSCROLL	2773
1169226968065	1	INSTRUCTIONSCROLL	2777
1169226968082	1	INSTRUCTIONSCROLL	2780
1169226968098	1	INSTRUCTIONSCROLL	2783
1169226968115	1	INSTRUCTIONSCROLL	2787
1169226968132	1	INSTRUCTIONSCROLL	2790
1169226968148	1	INSTRUCTIONSCROLL	2793
1169226968165	1	INSTRUCTIONSCROLL	2797
1169226968182	1	INSTRUCTIONSCROLL	2800
1169226968198	1	INSTRUCTIONSCROLL	2803
1169226968215	1	INSTRUCTIONSCROLL	2807
1169226968232	1	INSTRUCTIONSCROLL	2810
1169226968248	1	INSTRUCTIONSCROLL	2813
1169226968265	1	INSTRUCTIONSCROLL	2817
1169226968282	1	INSTRUCTIONSCROLL	2820
1169226968298	1	INSTRUCTIONSCROLL	2824
1169226968315	1	INSTRUCTIONSCROLL	2827
1169226968332	1	INSTRUCTIONSCROLL	2830
1169226968698	1	INSTRUCTIONSCROLL	2831
1169226968715	1	INSTRUCTIONSCROLL	2834
1169226968731	1	INSTRUCTIONSCROLL	2837
1169226968748	1	INSTRUCTIONSCROLL	2841
1169226968765	1	INSTRUCTIONSCROLL	2844
1169226968781	1	INSTRUCTIONSCROLL	2847
1169226968798	1	INSTRUCTIONSCROLL	2851
1169226968815	1	INSTRUCTIONSCROLL	2854
1169226968831	1	INSTRUCTIONSCROLL	2857
1169226968848	1	INSTRUCTIONSCROLL	2861
1169226968865	1	INSTRUCTIONSCROLL	2864
1169226968881	1	INSTRUCTIONSCROLL	2867
1169226968898	1	INSTRUCTIONSCROLL	2871
1169226968915	1	INSTRUCTIONSCROLL	2874
1169226968930	1	INSTRUCTIONSCROLL	2877
1169226968947	1	INSTRUCTIONSCROLL	2881
1169226968964	1	INSTRUCTIONSCROLL	2884
1169226968980	1	INSTRUCTIONSCROLL	2887
1169226968997	1	INSTRUCTIONSCROLL	2891
1169226969015	1	INSTRUCTIONSCROLL	2894
1169226969031	1	INSTRUCTIONSCROLL	2897
1169226969048	1	INSTRUCTIONSCROLL	2901
1169226969065	1	INSTRUCTIONSCROLL	2904
1169226969081	1	INSTRUCTIONSCROLL	2907
1169226969098	1	INSTRUCTIONSCROLL	2911
1169226969115	1	INSTRUCTIONSCROLL	2914
1169226969131	1	INSTRUCTIONSCROLL	2917
1169226969148	1	INSTRUCTIONSCROLL	2921
1169226969165	1	INSTRUCTIONSCROLL	2924
1169226969181	1	INSTRUCTIONSCROLL	2927
1169226969198	1	INSTRUCTIONSCROLL	2931
1169226969215	1	INSTRUCTIONSCROLL	2934
1169226969231	1	INSTRUCTIONSCROLL	2937
1169226969248	1	INSTRUCTIONSCROLL	2941
1169226969265	1	INSTRUCTIONSCROLL	2944
1169226969281	1	INSTRUCTIONSCROLL	2947
1169226969298	1	INSTRUCTIONSCROLL	2951
1169226969315	1	INSTRUCTIONSCROLL	2954
1169226969331	1	INSTRUCTIONSCROLL	2957
1169226969348	1	INSTRUCTIONSCROLL	2961
1169226969365	1	INSTRUCTIONSCROLL	2964
1169226969381	1	INSTRUCTIONSCROLL	2967
1169226969398	1	INSTRUCTIONSCROLL	2971
1169226969415	1	INSTRUCTIONSCROLL	2974
1169226969431	1	INSTRUCTIONSCROLL	2977
1169226969448	1	INSTRUCTIONSCROLL	2981
1169226969465	1	INSTRUCTIONSCROLL	2984
1169226969481	1	INSTRUCTIONSCROLL	2987
1169226969498	1	INSTRUCTIONSCROLL	2991
1169226969515	1	INSTRUCTIONSCROLL	2994
1169226969531	1	INSTRUCTIONSCROLL	2997
1169226969548	1	INSTRUCTIONSCROLL	3001
1169226969564	1	INSTRUCTIONSCROLL	3004
1169226969581	1	INSTRUCTIONSCROLL	3007
1169226969598	1	INSTRUCTIONSCROLL	3011
1169226969614	1	INSTRUCTIONSCROLL	3014
1169226969631	1	INSTRUCTIONSCROLL	3017
1169226969648	1	INSTRUCTIONSCROLL	3021
1169226969664	1	INSTRUCTIONSCROLL	3024
1169226969681	1	INSTRUCTIONSCROLL	3027
1169226969698	1	INSTRUCTIONSCROLL	3031
1169226969714	1	INSTRUCTIONSCROLL	3034
1169226969731	1	INSTRUCTIONSCROLL	3037
1169226969748	1	INSTRUCTIONSCROLL	3041
1169226969764	1	INSTRUCTIONSCROLL	3044
1169226969781	1	INSTRUCTIONSCROLL	3047
1169226969798	1	INSTRUCTIONSCROLL	3051
1169226969814	1	INSTRUCTIONSCROLL	3054
1169226969831	1	INSTRUCTIONSCROLL	3057
1169226969848	1	INSTRUCTIONSCROLL	3061
1169226969864	1	INSTRUCTIONSCROLL	3064
1169226969881	1	INSTRUCTIONSCROLL	3067
1169226969898	1	INSTRUCTIONSCROLL	3071
1169226969914	1	INSTRUCTIONSCROLL	3074
1169226969930	1	INSTRUCTIONSCROLL	3077
1169226969947	1	INSTRUCTIONSCROLL	3081
1169226969963	1	INSTRUCTIONSCROLL	3084
1169226969980	1	INSTRUCTIONSCROLL	3087
1169226969997	1	INSTRUCTIONSCROLL	3090
1169226970014	1	INSTRUCTIONSCROLL	3094
1169226970031	1	INSTRUCTIONSCROLL	3097
1169226970048	1	INSTRUCTIONSCROLL	3101
1169226970064	1	INSTRUCTIONSCROLL	3104
1169226970081	1	INSTRUCTIONSCROLL	3107
1169226970098	1	INSTRUCTIONSCROLL	3111
1169226970114	1	INSTRUCTIONSCROLL	3114
1169226970131	1	INSTRUCTIONSCROLL	3117
1169226970148	1	INSTRUCTIONSCROLL	3121
1169226970164	1	INSTRUCTIONSCROLL	3124
1169226970181	1	INSTRUCTIONSCROLL	3127
1169226970198	1	INSTRUCTIONSCROLL	3131
1169226970214	1	INSTRUCTIONSCROLL	3134
1169226970231	1	INSTRUCTIONSCROLL	3137
1169226970248	1	INSTRUCTIONSCROLL	3141
1169226970264	1	INSTRUCTIONSCROLL	3144
1169226970281	1	INSTRUCTIONSCROLL	3147
1169226970298	1	INSTRUCTIONSCROLL	3151
1169226970314	1	INSTRUCTIONSCROLL	3154
1169226970331	1	INSTRUCTIONSCROLL	3157
1169226970348	1	INSTRUCTIONSCROLL	3161
1169226970364	1	INSTRUCTIONSCROLL	3164
1169226970381	1	INSTRUCTIONSCROLL	3167
1169226970398	1	INSTRUCTIONSCROLL	3171
1169226970414	1	INSTRUCTIONSCROLL	3174
1169226970431	1	INSTRUCTIONSCROLL	3177
1169226970448	1	INSTRUCTIONSCROLL	3181
1169226970464	1	INSTRUCTIONSCROLL	3184
1169226970481	1	INSTRUCTIONSCROLL	3187
1169226970498	1	INSTRUCTIONSCROLL	3191
1169226970514	1	INSTRUCTIONSCROLL	3194
1169226970531	1	INSTRUCTIONSCROLL	3197
1169226970548	1	INSTRUCTIONSCROLL	3201
1169226970564	1	INSTRUCTIONSCROLL	3204
1169226970581	1	INSTRUCTIONSCROLL	3207
1169226970597	1	INSTRUCTIONSCROLL	3211
1169226970614	1	INSTRUCTIONSCROLL	3214
1169226970631	1	INSTRUCTIONSCROLL	3217
1169226970647	1	INSTRUCTIONSCROLL	3221
1169226970664	1	INSTRUCTIONSCROLL	3224
1169226970681	1	INSTRUCTIONSCROLL	3227
1169226970697	1	INSTRUCTIONSCROLL	3231
1169226970714	1	INSTRUCTIONSCROLL	3234
1169226970732	1	INSTRUCTIONSCROLL	3237
1169226970748	1	INSTRUCTIONSCROLL	3241
1169226970764	1	INSTRUCTIONSCROLL	3244
1169226970781	1	INSTRUCTIONSCROLL	3247
1169226970797	1	INSTRUCTIONSCROLL	3251
1169226970814	1	INSTRUCTIONSCROLL	3254
1169226970831	1	INSTRUCTIONSCROLL	3257
1169226970847	1	INSTRUCTIONSCROLL	3261
1169226970864	1	INSTRUCTIONSCROLL	3264
1169226970881	1	INSTRUCTIONSCROLL	3267
1169226970897	1	INSTRUCTIONSCROLL	3271
1169226970914	1	INSTRUCTIONSCROLL	3274
1169226970930	1	INSTRUCTIONSCROLL	3277
1169226970946	1	INSTRUCTIONSCROLL	3281
1169226970963	1	INSTRUCTIONSCROLL	3284
1169226970980	1	INSTRUCTIONSCROLL	3287
1169226970996	1	INSTRUCTIONSCROLL	3291
1169226971014	1	INSTRUCTIONSCROLL	3294
1169226971031	1	INSTRUCTIONSCROLL	3297
1169226971047	1	INSTRUCTIONSCROLL	3301
1169226971064	1	INSTRUCTIONSCROLL	3304
1169226971081	1	INSTRUCTIONSCROLL	3307
1169226971097	1	INSTRUCTIONSCROLL	3311
1169226971114	1	INSTRUCTIONSCROLL	3314
1169226971131	1	INSTRUCTIONSCROLL	3317
1169226971147	1	INSTRUCTIONSCROLL	3321
1169226971164	1	INSTRUCTIONSCROLL	3324
1169226971181	1	INSTRUCTIONSCROLL	3327
1169226971197	1	INSTRUCTIONSCROLL	3331
1169226971214	1	INSTRUCTIONSCROLL	3334
1169226971231	1	INSTRUCTIONSCROLL	3337
1169226971247	1	INSTRUCTIONSCROLL	3341
1169226971264	1	INSTRUCTIONSCROLL	3344
1169226971281	1	INSTRUCTIONSCROLL	3347
1169226971297	1	INSTRUCTIONSCROLL	3351
1169226971314	1	INSTRUCTIONSCROLL	3354
1169226971331	1	INSTRUCTIONSCROLL	3357
1169226971347	1	INSTRUCTIONSCROLL	3361
1169226971364	1	INSTRUCTIONSCROLL	3364
1169226971381	1	INSTRUCTIONSCROLL	3367
1169226971397	1	INSTRUCTIONSCROLL	3371
1169226971414	1	INSTRUCTIONSCROLL	3374
1169226971431	1	INSTRUCTIONSCROLL	3377
1169226971447	1	INSTRUCTIONSCROLL	3381
1169226971464	1	INSTRUCTIONSCROLL	3384
1169226971481	1	INSTRUCTIONSCROLL	3387
1169226971497	1	INSTRUCTIONSCROLL	3391
1169226971514	1	INSTRUCTIONSCROLL	3394
1169226971531	1	INSTRUCTIONSCROLL	3397
1169226971547	1	INSTRUCTIONSCROLL	3401
1169226971564	1	INSTRUCTIONSCROLL	3404
1169226971581	1	INSTRUCTIONSCROLL	3407
1169226971597	1	INSTRUCTIONSCROLL	3411
1169226971614	1	INSTRUCTIONSCROLL	3414
1169226971631	1	INSTRUCTIONSCROLL	3417
1169226971647	1	INSTRUCTIONSCROLL	3421
1169226971664	1	INSTRUCTIONSCROLL	3424
1169226971681	1	INSTRUCTIONSCROLL	3427
1169226971697	1	INSTRUCTIONSCROLL	3431
1169226971714	1	INSTRUCTIONSCROLL	3434
1169226971731	1	INSTRUCTIONSCROLL	3437
1169226971747	1	INSTRUCTIONSCROLL	3441
1169226971764	1	INSTRUCTIONSCROLL	3444
1169226971780	1	INSTRUCTIONSCROLL	3447
1169226971797	1	INSTRUCTIONSCROLL	3451
1169226971814	1	INSTRUCTIONSCROLL	3454
1169226971830	1	INSTRUCTIONSCROLL	3457
1169226971847	1	INSTRUCTIONSCROLL	3461
1169226971864	1	INSTRUCTIONSCROLL	3464
1169226971880	1	INSTRUCTIONSCROLL	3467
1169226971897	1	INSTRUCTIONSCROLL	3471
1169226971914	1	INSTRUCTIONSCROLL	3474
1169226971929	1	INSTRUCTIONSCROLL	3477
1169226971946	1	INSTRUCTIONSCROLL	3480
1169226971963	1	INSTRUCTIONSCROLL	3484
1169226971979	1	INSTRUCTIONSCROLL	3487
1169226971996	1	INSTRUCTIONSCROLL	3490
1169226972014	1	INSTRUCTIONSCROLL	3494
1169226972030	1	INSTRUCTIONSCROLL	3497
1169226972047	1	INSTRUCTIONSCROLL	3501
1169226972064	1	INSTRUCTIONSCROLL	3504
1169226972080	1	INSTRUCTIONSCROLL	3507
1169226972097	1	INSTRUCTIONSCROLL	3511
1169226972114	1	INSTRUCTIONSCROLL	3514
1169226972130	1	INSTRUCTIONSCROLL	3517
1169226972147	1	INSTRUCTIONSCROLL	3521
1169226972164	1	INSTRUCTIONSCROLL	3524
1169226972180	1	INSTRUCTIONSCROLL	3527
1169226972197	1	INSTRUCTIONSCROLL	3531
1169226972214	1	INSTRUCTIONSCROLL	3534
1169226972230	1	INSTRUCTIONSCROLL	3537
1169226972247	1	INSTRUCTIONSCROLL	3541
1169226972264	1	INSTRUCTIONSCROLL	3544
1169226972280	1	INSTRUCTIONSCROLL	3547
1169226972297	1	INSTRUCTIONSCROLL	3551
1169226972314	1	INSTRUCTIONSCROLL	3554
1169226972330	1	INSTRUCTIONSCROLL	3557
1169226972347	1	INSTRUCTIONSCROLL	3561
1169226972364	1	INSTRUCTIONSCROLL	3564
1169226972380	1	INSTRUCTIONSCROLL	3567
1169226972397	1	INSTRUCTIONSCROLL	3571
1169226972414	1	INSTRUCTIONSCROLL	3574
1169226972430	1	INSTRUCTIONSCROLL	3577
1169226972447	1	INSTRUCTIONSCROLL	3581
1169226972464	1	INSTRUCTIONSCROLL	3584
1169226972480	1	INSTRUCTIONSCROLL	3587
1169226972497	1	INSTRUCTIONSCROLL	3591
1169226972514	1	INSTRUCTIONSCROLL	3594
1169226976928	1	INSTRUCTIONSCROLL	3595
1169226976944	1	INSTRUCTIONSCROLL	3597
1169226976961	1	INSTRUCTIONSCROLL	3601
1169226976978	1	INSTRUCTIONSCROLL	3604
1169226976995	1	INSTRUCTIONSCROLL	3607
1169226977012	1	INSTRUCTIONSCROLL	3611
1169226977029	1	INSTRUCTIONSCROLL	3614
1169226977045	1	INSTRUCTIONSCROLL	3618
1169226977062	1	INSTRUCTIONSCROLL	3621
1169226977079	1	INSTRUCTIONSCROLL	3624
1169226977095	1	INSTRUCTIONSCROLL	3628
1169226977112	1	INSTRUCTIONSCROLL	3631
1169226977129	1	INSTRUCTIONSCROLL	3634
1169226977145	1	INSTRUCTIONSCROLL	3638
1169226977162	1	INSTRUCTIONSCROLL	3641
1169226977179	1	INSTRUCTIONSCROLL	3644
1169226977195	1	INSTRUCTIONSCROLL	3648
1169226977212	1	INSTRUCTIONSCROLL	3651
1169226977229	1	INSTRUCTIONSCROLL	3654
1169226977245	1	INSTRUCTIONSCROLL	3658
1169226977262	1	INSTRUCTIONSCROLL	3661
1169226977279	1	INSTRUCTIONSCROLL	3664
1169226977295	1	INSTRUCTIONSCROLL	3668
1169226977312	1	INSTRUCTIONSCROLL	3671
1169226977329	1	INSTRUCTIONSCROLL	3674
1169226977345	1	INSTRUCTIONSCROLL	3678
1169226977362	1	INSTRUCTIONSCROLL	3681
1169226977379	1	INSTRUCTIONSCROLL	3684
1169226977395	1	INSTRUCTIONSCROLL	3688
1169226977412	1	INSTRUCTIONSCROLL	3691
1169226977429	1	INSTRUCTIONSCROLL	3694
1169226977445	1	INSTRUCTIONSCROLL	3698
1169226977462	1	INSTRUCTIONSCROLL	3701
1169226977479	1	INSTRUCTIONSCROLL	3704
1169226977495	1	INSTRUCTIONSCROLL	3708
1169226977512	1	INSTRUCTIONSCROLL	3711
1169226977529	1	INSTRUCTIONSCROLL	3714
1169226977545	1	INSTRUCTIONSCROLL	3718
1169226977562	1	INSTRUCTIONSCROLL	3721
1169226977579	1	INSTRUCTIONSCROLL	3724
1169226977595	1	INSTRUCTIONSCROLL	3728
1169226977612	1	INSTRUCTIONSCROLL	3731
1169226977629	1	INSTRUCTIONSCROLL	3734
1169226977645	1	INSTRUCTIONSCROLL	3738
1169226977662	1	INSTRUCTIONSCROLL	3741
1169226977679	1	INSTRUCTIONSCROLL	3744
1169226977695	1	INSTRUCTIONSCROLL	3748
1169226977712	1	INSTRUCTIONSCROLL	3751
1169226977729	1	INSTRUCTIONSCROLL	3754
1169226977745	1	INSTRUCTIONSCROLL	3758
1169226977762	1	INSTRUCTIONSCROLL	3761
1169226977779	1	INSTRUCTIONSCROLL	3764
1169226977795	1	INSTRUCTIONSCROLL	3768
1169226977812	1	INSTRUCTIONSCROLL	3771
1169226977829	1	INSTRUCTIONSCROLL	3774
1169226977845	1	INSTRUCTIONSCROLL	3778
1169226977862	1	INSTRUCTIONSCROLL	3781
1169226977879	1	INSTRUCTIONSCROLL	3784
1169226977895	1	INSTRUCTIONSCROLL	3788
1169226977912	1	INSTRUCTIONSCROLL	3791
1169226977928	1	INSTRUCTIONSCROLL	3794
1169226977944	1	INSTRUCTIONSCROLL	3797
1169226977961	1	INSTRUCTIONSCROLL	3801
1169226977977	1	INSTRUCTIONSCROLL	3804
1169226977994	1	INSTRUCTIONSCROLL	3807
1169226981094	1	INSTRUCTIONSCROLL	3808
1169226981111	1	INSTRUCTIONSCROLL	3811
1169226981127	1	INSTRUCTIONSCROLL	3814
1169226981144	1	INSTRUCTIONSCROLL	3817
1169226981161	1	INSTRUCTIONSCROLL	3821
1169226981178	1	INSTRUCTIONSCROLL	3824
1169226981194	1	INSTRUCTIONSCROLL	3827
1169226981211	1	INSTRUCTIONSCROLL	3831
1169226981227	1	INSTRUCTIONSCROLL	3834
1169226984060	1	INSTRUCTIONSCROLL	3835
1169226984077	1	INSTRUCTIONSCROLL	3837
1169226984093	1	INSTRUCTIONSCROLL	3840
1169226984110	1	INSTRUCTIONSCROLL	3844
1169226984126	1	INSTRUCTIONSCROLL	3847
1169226984143	1	INSTRUCTIONSCROLL	3850
1169226984160	1	INSTRUCTIONSCROLL	3854
1169226984176	1	INSTRUCTIONSCROLL	3857
1169226984193	1	INSTRUCTIONSCROLL	3860
1169226984210	1	INSTRUCTIONSCROLL	3864
1169226984610	1	INSTRUCTIONSCROLL	3865
1169226984626	1	INSTRUCTIONSCROLL	3868
1169226984643	1	INSTRUCTIONSCROLL	3871
1169226984660	1	INSTRUCTIONSCROLL	3875
1169226984676	1	INSTRUCTIONSCROLL	3878
1169226984693	1	INSTRUCTIONSCROLL	3881
1169226984710	1	INSTRUCTIONSCROLL	3885
1169226984726	1	INSTRUCTIONSCROLL	3888
1169226984744	1	INSTRUCTIONSCROLL	3891
1169226984760	1	INSTRUCTIONSCROLL	3895
1169226984776	1	INSTRUCTIONSCROLL	3898
1169226984793	1	INSTRUCTIONSCROLL	3901
1169226984810	1	INSTRUCTIONSCROLL	3905
1169226984826	1	INSTRUCTIONSCROLL	3908
1169226984843	1	INSTRUCTIONSCROLL	3911
1169226984860	1	INSTRUCTIONSCROLL	3915
1169226984876	1	INSTRUCTIONSCROLL	3918
1169226984893	1	INSTRUCTIONSCROLL	3921
1169226984910	1	INSTRUCTIONSCROLL	3925
1169226984925	1	INSTRUCTIONSCROLL	3928
1169226984942	1	INSTRUCTIONSCROLL	3931
1169226984959	1	INSTRUCTIONSCROLL	3934
1169226984975	1	INSTRUCTIONSCROLL	3938
1169226984992	1	INSTRUCTIONSCROLL	3941
1169226985010	1	INSTRUCTIONSCROLL	3944
1169226985026	1	INSTRUCTIONSCROLL	3948
1169226985043	1	INSTRUCTIONSCROLL	3951
1169226985060	1	INSTRUCTIONSCROLL	3955
1169226985076	1	INSTRUCTIONSCROLL	3958
1169226985093	1	INSTRUCTIONSCROLL	3961
1169226985110	1	INSTRUCTIONSCROLL	3965
1169226985126	1	INSTRUCTIONSCROLL	3968
1169226985143	1	INSTRUCTIONSCROLL	3971
1169226985160	1	INSTRUCTIONSCROLL	3975
1169226985176	1	INSTRUCTIONSCROLL	3978
1169226985193	1	INSTRUCTIONSCROLL	3981
1169226985209	1	INSTRUCTIONSCROLL	3985
1169226985226	1	INSTRUCTIONSCROLL	3988
1169226985243	1	INSTRUCTIONSCROLL	3991
1169226985259	1	INSTRUCTIONSCROLL	3995
1169226985276	1	INSTRUCTIONSCROLL	3998
1169226985293	1	INSTRUCTIONSCROLL	4001
1169226985309	1	INSTRUCTIONSCROLL	4005
1169226985326	1	INSTRUCTIONSCROLL	4008
1169226985343	1	INSTRUCTIONSCROLL	4011
1169226985359	1	INSTRUCTIONSCROLL	4015
1169226985376	1	INSTRUCTIONSCROLL	4018
1169226985393	1	INSTRUCTIONSCROLL	4021
1169226985409	1	INSTRUCTIONSCROLL	4025
1169226985426	1	INSTRUCTIONSCROLL	4028
1169226985443	1	INSTRUCTIONSCROLL	4031
1169226985459	1	INSTRUCTIONSCROLL	4035
1169226985476	1	INSTRUCTIONSCROLL	4038
1169226985493	1	INSTRUCTIONSCROLL	4041
1169226985909	1	INSTRUCTIONSCROLL	4042
1169226985925	1	INSTRUCTIONSCROLL	4043
1169226985942	1	INSTRUCTIONSCROLL	4046
1169226985958	1	INSTRUCTIONSCROLL	4050
1169226985975	1	INSTRUCTIONSCROLL	4053
1169226985992	1	INSTRUCTIONSCROLL	4056
1169226986009	1	INSTRUCTIONSCROLL	4060
1169226986026	1	INSTRUCTIONSCROLL	4063
1169226986043	1	INSTRUCTIONSCROLL	4066
1169226986059	1	INSTRUCTIONSCROLL	4070
1169226986076	1	INSTRUCTIONSCROLL	4073
1169226986093	1	INSTRUCTIONSCROLL	4076
1169226986109	1	INSTRUCTIONSCROLL	4080
1169226986126	1	INSTRUCTIONSCROLL	4083
1169226986143	1	INSTRUCTIONSCROLL	4086
1169226986159	1	INSTRUCTIONSCROLL	4090
1169226986176	1	INSTRUCTIONSCROLL	4093
1169226986192	1	INSTRUCTIONSCROLL	4096
1169226986209	1	INSTRUCTIONSCROLL	4100
1169226986226	1	INSTRUCTIONSCROLL	4103
1169226986242	1	INSTRUCTIONSCROLL	4106
1169226986259	1	INSTRUCTIONSCROLL	4110
1169226986276	1	INSTRUCTIONSCROLL	4113
1169226986292	1	INSTRUCTIONSCROLL	4116
1169226986309	1	INSTRUCTIONSCROLL	4120
1169226986326	1	INSTRUCTIONSCROLL	4123
1169226986342	1	INSTRUCTIONSCROLL	4126
1169226986359	1	INSTRUCTIONSCROLL	4130
1169226986376	1	INSTRUCTIONSCROLL	4133
1169226986392	1	INSTRUCTIONSCROLL	4137
1169226986409	1	INSTRUCTIONSCROLL	4140
1169226986426	1	INSTRUCTIONSCROLL	4143
1169226986442	1	INSTRUCTIONSCROLL	4146
1169226986459	1	INSTRUCTIONSCROLL	4150
1169226986476	1	INSTRUCTIONSCROLL	4153
1169226986492	1	INSTRUCTIONSCROLL	4156
1169226986509	1	INSTRUCTIONSCROLL	4160
1169226986526	1	INSTRUCTIONSCROLL	4163
1169226986542	1	INSTRUCTIONSCROLL	4166
1169226986559	1	INSTRUCTIONSCROLL	4170
1169226986576	1	INSTRUCTIONSCROLL	4173
1169226986592	1	INSTRUCTIONSCROLL	4176
1169226986609	1	INSTRUCTIONSCROLL	4180
1169226986626	1	INSTRUCTIONSCROLL	4183
1169226986642	1	INSTRUCTIONSCROLL	4186
1169226986659	1	INSTRUCTIONSCROLL	4190
1169226986676	1	INSTRUCTIONSCROLL	4193
1169226986692	1	INSTRUCTIONSCROLL	4196
1169226986709	1	INSTRUCTIONSCROLL	4200
1169226986726	1	INSTRUCTIONSCROLL	4203
1169226986742	1	INSTRUCTIONSCROLL	4206
1169226986759	1	INSTRUCTIONSCROLL	4210
1169226986776	1	INSTRUCTIONSCROLL	4213
1169226986792	1	INSTRUCTIONSCROLL	4216
1169226986809	1	INSTRUCTIONSCROLL	4220
1169226986826	1	INSTRUCTIONSCROLL	4223
1169226986842	1	INSTRUCTIONSCROLL	4226
1169226986859	1	INSTRUCTIONSCROLL	4230
1169226986876	1	INSTRUCTIONSCROLL	4233
1169226986892	1	INSTRUCTIONSCROLL	4236
1169226986909	1	INSTRUCTIONSCROLL	4240
1169226986925	1	INSTRUCTIONSCROLL	4243
1169226986941	1	INSTRUCTIONSCROLL	4246
1169226986958	1	INSTRUCTIONSCROLL	4249
1169226986975	1	INSTRUCTIONSCROLL	4253
1169226986991	1	INSTRUCTIONSCROLL	4256
1169226987009	1	INSTRUCTIONSCROLL	4259
1169226987026	1	INSTRUCTIONSCROLL	4263
1169226987042	1	INSTRUCTIONSCROLL	4266
1169226987059	1	INSTRUCTIONSCROLL	4270
1169226987076	1	INSTRUCTIONSCROLL	4273
1169226987092	1	INSTRUCTIONSCROLL	4276
1169226987109	1	INSTRUCTIONSCROLL	4280
1169226987126	1	INSTRUCTIONSCROLL	4283
1169226987142	1	INSTRUCTIONSCROLL	4286
1169226987159	1	INSTRUCTIONSCROLL	4290
1169226991341	1	INSTRUCTIONSCROLL	4291
1169226991357	1	INSTRUCTIONSCROLL	4294
1169226991374	1	INSTRUCTIONSCROLL	4298
1169226991391	1	INSTRUCTIONSCROLL	4301
1169226991407	1	INSTRUCTIONSCROLL	4304
1169226991424	1	INSTRUCTIONSCROLL	4308
1169226991441	1	INSTRUCTIONSCROLL	4311
1169226991457	1	INSTRUCTIONSCROLL	4314
1169226991474	1	INSTRUCTIONSCROLL	4318
1169226991491	1	INSTRUCTIONSCROLL	4321
1169226991507	1	INSTRUCTIONSCROLL	4324
1169226991524	1	INSTRUCTIONSCROLL	4328
1169226991541	1	INSTRUCTIONSCROLL	4331
1169226991557	1	INSTRUCTIONSCROLL	4334
1169226991574	1	INSTRUCTIONSCROLL	4338
1169226991591	1	INSTRUCTIONSCROLL	4341
1169226991607	1	INSTRUCTIONSCROLL	4344
1169226991624	1	INSTRUCTIONSCROLL	4348
1169226991641	1	INSTRUCTIONSCROLL	4351
1169226991657	1	INSTRUCTIONSCROLL	4354
1169226991674	1	INSTRUCTIONSCROLL	4358
1169226991691	1	INSTRUCTIONSCROLL	4361
1169226991707	1	INSTRUCTIONSCROLL	4364
1169226991724	1	INSTRUCTIONSCROLL	4368
1169226991742	1	INSTRUCTIONSCROLL	4371
1169226991757	1	INSTRUCTIONSCROLL	4375
1169226991774	1	INSTRUCTIONSCROLL	4378
1169226991791	1	INSTRUCTIONSCROLL	4381
1169226991807	1	INSTRUCTIONSCROLL	4384
1169226991824	1	INSTRUCTIONSCROLL	4388
1169226991841	1	INSTRUCTIONSCROLL	4391
1169226991857	1	INSTRUCTIONSCROLL	4394
1169226991874	1	INSTRUCTIONSCROLL	4398
1169226991891	1	INSTRUCTIONSCROLL	4401
1169226991907	1	INSTRUCTIONSCROLL	4404
1169226991923	1	INSTRUCTIONSCROLL	4408
1169226991940	1	INSTRUCTIONSCROLL	4411
1169226991956	1	INSTRUCTIONSCROLL	4414
1169226991973	1	INSTRUCTIONSCROLL	4418
1169226991990	1	INSTRUCTIONSCROLL	4421
1169226992007	1	INSTRUCTIONSCROLL	4424
1169226992024	1	INSTRUCTIONSCROLL	4428
1169226992041	1	INSTRUCTIONSCROLL	4431
1169226992057	1	INSTRUCTIONSCROLL	4434
1169226992074	1	INSTRUCTIONSCROLL	4438
1169226992091	1	INSTRUCTIONSCROLL	4441
1169226992107	1	INSTRUCTIONSCROLL	4444
1169226992124	1	INSTRUCTIONSCROLL	4448
1169226992141	1	INSTRUCTIONSCROLL	4451
1169226992157	1	INSTRUCTIONSCROLL	4454
1169226992174	1	INSTRUCTIONSCROLL	4458
1169226992191	1	INSTRUCTIONSCROLL	4461
1169226992207	1	INSTRUCTIONSCROLL	4464
1169226992224	1	INSTRUCTIONSCROLL	4468
1169226998205	1	INSTRUCTIONSCROLL	4469
1169226998222	1	INSTRUCTIONSCROLL	4473
1169226998239	1	INSTRUCTIONSCROLL	4476
1169226998255	1	INSTRUCTIONSCROLL	4479
1169226998272	1	INSTRUCTIONSCROLL	4483
1169226998289	1	INSTRUCTIONSCROLL	4486
1169226998305	1	INSTRUCTIONSCROLL	4489
1169226998322	1	INSTRUCTIONSCROLL	4493
1169226998339	1	INSTRUCTIONSCROLL	4496
1169226998355	1	INSTRUCTIONSCROLL	4499
1169226998372	1	INSTRUCTIONSCROLL	4503
1169226998389	1	INSTRUCTIONSCROLL	4506
1169226998405	1	INSTRUCTIONSCROLL	4509
1169226998422	1	INSTRUCTIONSCROLL	4513
1169226998439	1	INSTRUCTIONSCROLL	4516
1169226998937	1	INSTRUCTIONSCROLL	4517
1169226998954	1	INSTRUCTIONSCROLL	4520
1169226998971	1	INSTRUCTIONSCROLL	4523
1169226998987	1	INSTRUCTIONSCROLL	4527
1169226999005	1	INSTRUCTIONSCROLL	4530
1169226999022	1	INSTRUCTIONSCROLL	4534
1169226999038	1	INSTRUCTIONSCROLL	4537
1169226999055	1	INSTRUCTIONSCROLL	4540
1169226999072	1	INSTRUCTIONSCROLL	4544
1169226999088	1	INSTRUCTIONSCROLL	4547
1169226999105	1	INSTRUCTIONSCROLL	4550
1169226999122	1	INSTRUCTIONSCROLL	4554
1169226999138	1	INSTRUCTIONSCROLL	4557
1169226999155	1	INSTRUCTIONSCROLL	4560
1169226999172	1	INSTRUCTIONSCROLL	4564
1169226999188	1	INSTRUCTIONSCROLL	4567
1169226999205	1	INSTRUCTIONSCROLL	4570
1169226999222	1	INSTRUCTIONSCROLL	4574
1169226999238	1	INSTRUCTIONSCROLL	4577
1169226999255	1	INSTRUCTIONSCROLL	4580
1169226999272	1	INSTRUCTIONSCROLL	4584
1169226999288	1	INSTRUCTIONSCROLL	4587
1169226999305	1	INSTRUCTIONSCROLL	4590
1169226999322	1	INSTRUCTIONSCROLL	4594
1169226999338	1	INSTRUCTIONSCROLL	4597
1169226999355	1	INSTRUCTIONSCROLL	4600
1169226999372	1	INSTRUCTIONSCROLL	4604
1169226999388	1	INSTRUCTIONSCROLL	4607
1169226999405	1	INSTRUCTIONSCROLL	4610
1169226999422	1	INSTRUCTIONSCROLL	4614
1169226999438	1	INSTRUCTIONSCROLL	4617
1169226999455	1	INSTRUCTIONSCROLL	4620
1169226999472	1	INSTRUCTIONSCROLL	4624
1169226999488	1	INSTRUCTIONSCROLL	4627
1169226999505	1	INSTRUCTIONSCROLL	4630
1169226999522	1	INSTRUCTIONSCROLL	4634
1169226999538	1	INSTRUCTIONSCROLL	4637
1169226999555	1	INSTRUCTIONSCROLL	4640
1169226999572	1	INSTRUCTIONSCROLL	4644
1169226999588	1	INSTRUCTIONSCROLL	4647
1169227000155	1	INSTRUCTIONSCROLL	4648
1169227000171	1	INSTRUCTIONSCROLL	4651
1169227000188	1	INSTRUCTIONSCROLL	4655
1169227000205	1	INSTRUCTIONSCROLL	4658
1169227000221	1	INSTRUCTIONSCROLL	4661
1169227000238	1	INSTRUCTIONSCROLL	4665
1169227000255	1	INSTRUCTIONSCROLL	4668
1169227000271	1	INSTRUCTIONSCROLL	4671
1169227000288	1	INSTRUCTIONSCROLL	4675
1169227000305	1	INSTRUCTIONSCROLL	4678
1169227000321	1	INSTRUCTIONSCROLL	4681
1169227000338	1	INSTRUCTIONSCROLL	4685
1169227000355	1	INSTRUCTIONSCROLL	4688
1169227000371	1	INSTRUCTIONSCROLL	4691
1169227000388	1	INSTRUCTIONSCROLL	4695
1169227000405	1	INSTRUCTIONSCROLL	4698
1169227000421	1	INSTRUCTIONSCROLL	4701
1169227000438	1	INSTRUCTIONSCROLL	4705
1169227000455	1	INSTRUCTIONSCROLL	4708
1169227000471	1	INSTRUCTIONSCROLL	4711
1169227000488	1	INSTRUCTIONSCROLL	4715
1169227000505	1	INSTRUCTIONSCROLL	4718
1169227000521	1	INSTRUCTIONSCROLL	4721
1169227000538	1	INSTRUCTIONSCROLL	4725
1169227000555	1	INSTRUCTIONSCROLL	4728
1169227000571	1	INSTRUCTIONSCROLL	4731
1169227000588	1	INSTRUCTIONSCROLL	4735
1169227000605	1	INSTRUCTIONSCROLL	4738
1169227000621	1	INSTRUCTIONSCROLL	4741
1169227000638	1	INSTRUCTIONSCROLL	4745
1169227000655	1	INSTRUCTIONSCROLL	4748
1169227000671	1	INSTRUCTIONSCROLL	4751
1169227000688	1	INSTRUCTIONSCROLL	4755
1169227000704	1	INSTRUCTIONSCROLL	4758
1169227000721	1	INSTRUCTIONSCROLL	4761
1169227000738	1	INSTRUCTIONSCROLL	4765
1169227000754	1	INSTRUCTIONSCROLL	4768
1169227000771	1	INSTRUCTIONSCROLL	4771
1169227000788	1	INSTRUCTIONSCROLL	4775
1169227000804	1	INSTRUCTIONSCROLL	4778
1169227000821	1	INSTRUCTIONSCROLL	4781
1169227000838	1	INSTRUCTIONSCROLL	4785
1169227000854	1	INSTRUCTIONSCROLL	4788
1169227000871	1	INSTRUCTIONSCROLL	4791
1169227000888	1	INSTRUCTIONSCROLL	4795
1169227000904	1	INSTRUCTIONSCROLL	4798
1169227000921	1	INSTRUCTIONSCROLL	4801
1169227000937	1	INSTRUCTIONSCROLL	4805
1169227000953	1	INSTRUCTIONSCROLL	4808
1169227000970	1	INSTRUCTIONSCROLL	4811
1169227000987	1	INSTRUCTIONSCROLL	4815
1169227001004	1	INSTRUCTIONSCROLL	4818
1169227001021	1	INSTRUCTIONSCROLL	4821
1169227001038	1	INSTRUCTIONSCROLL	4825
1169227001054	1	INSTRUCTIONSCROLL	4828
1169227001071	1	INSTRUCTIONSCROLL	4831
1169227001088	1	INSTRUCTIONSCROLL	4835
1169227001104	1	INSTRUCTIONSCROLL	4838
1169227001121	1	INSTRUCTIONSCROLL	4841
1169227001138	1	INSTRUCTIONSCROLL	4845
1169227001154	1	INSTRUCTIONSCROLL	4848
1169227001171	1	INSTRUCTIONSCROLL	4851
1169227001188	1	INSTRUCTIONSCROLL	4855
1169227001204	1	INSTRUCTIONSCROLL	4858
1169227001221	1	INSTRUCTIONSCROLL	4861
1169227001238	1	INSTRUCTIONSCROLL	4865
1169227001254	1	INSTRUCTIONSCROLL	4868
1169227001271	1	INSTRUCTIONSCROLL	4871
1169227001288	1	INSTRUCTIONSCROLL	4875
1169227001304	1	INSTRUCTIONSCROLL	4878
1169227001321	1	INSTRUCTIONSCROLL	4881
1169227001338	1	INSTRUCTIONSCROLL	4885
1169227001354	1	INSTRUCTIONSCROLL	4888
1169227001371	1	INSTRUCTIONSCROLL	4891
1169227001388	1	INSTRUCTIONSCROLL	4895
1169227001404	1	INSTRUCTIONSCROLL	4898
1169227001421	1	INSTRUCTIONSCROLL	4901
1169227001438	1	INSTRUCTIONSCROLL	4905
1169227001454	1	INSTRUCTIONSCROLL	4908
1169227001471	1	INSTRUCTIONSCROLL	4911
1169227001488	1	INSTRUCTIONSCROLL	4915
1169227001504	1	INSTRUCTIONSCROLL	4918
1169227001521	1	INSTRUCTIONSCROLL	4921
1169227001538	1	INSTRUCTIONSCROLL	4925
1169227001554	1	INSTRUCTIONSCROLL	4928
1169227001571	1	INSTRUCTIONSCROLL	4931
1169227001588	1	INSTRUCTIONSCROLL	4935
1169227001604	1	INSTRUCTIONSCROLL	4938
1169227001621	1	INSTRUCTIONSCROLL	4941
1169227001638	1	INSTRUCTIONSCROLL	4945
1169227001654	1	INSTRUCTIONSCROLL	4948
1169227001671	1	INSTRUCTIONSCROLL	4951
1169227004253	1	INSTRUCTIONSCROLL	4952
1169227004270	1	INSTRUCTIONSCROLL	4955
1169227049206	1	INSTRUCTIONSTOP	Button set (OR)
1169227049206	0	E	Logging Ends
