1169227055076	0	1	study	1	1	3	JIM	-2	-2	-2	-2	-2
1169227061091	0	2	study	1	1	11	MIKE	-2	-2	-2	-2	-2
1169227067113	0	3	study	1	1	10	KEN	-2	-2	-2	-2	-2
1169227073129	0	4	study	1	1	8	CHARLES	-2	-2	-2	-2	-2
1169227079156	0	5	study	1	1	1	JOHN	-2	-2	-2	-2	-2
1169227085165	0	6	study	1	1	4	CHRIS	-2	-2	-2	-2	-2
1169227091177	0	7	study	1	1	5	DAVE	-2	-2	-2	-2	-2
1169227097195	0	8	study	1	1	12	DAN	-2	-2	-2	-2	-2
1169227103204	0	9	study	1	1	7	JOE	-2	-2	-2	-2	-2
1169227109213	0	10	study	1	1	0	ROB	-2	-2	-2	-2	-2
1169227115222	0	11	study	1	1	6	GEORGE	-2	-2	-2	-2	-2
1169227121344	0	12	study	1	1	9	PAUL	-2	-2	-2	-2	-2
1169227127354	0	13	study	1	1	2	MARK	-2	-2	-2	-2	-2
1169227133363	0	14	study	1	1	15	TOM	-2	-2	-2	-2	-2
1169227139385	0	15	study	1	1	14	RICH	-2	-2	-2	-2	-2
1169227145394	0	16	study	1	1	13	BILL	-2	-2	-2	-2	-2
1169227154521	0	1	test	1	1	12	PAUL	9	0	-2	-2	-2
1169227156408	0	1	resp	1	1	12	PAUL	9	0	3	1	1887
1169227160525	0	2	test	1	1	8	CHARLES	8	1	-2	-2	-2
1169227161599	0	2	resp	1	1	8	CHARLES	8	1	4	1	1074
1169227166530	0	3	test	1	1	11	MIKE	11	1	-2	-2	-2
1169227169271	0	3	resp	1	1	11	MIKE	11	1	4	1	2741
1169227172535	0	4	test	1	1	7	JOE	7	1	-2	-2	-2
1169227175015	0	4	resp	1	1	7	JOE	7	1	4	1	2480
1169227178540	0	5	test	1	1	1	JOHN	1	1	-2	-2	-2
1169227180263	0	5	resp	1	1	1	JOHN	1	1	3	0	1723
1169227184544	0	6	test	1	1	6	GEORGE	6	1	-2	-2	-2
1169227186751	0	6	resp	1	1	6	GEORGE	6	1	4	1	2207
1169227190548	0	7	test	1	1	0	DAVE	5	0	-2	-2	-2
1169227191502	0	7	resp	1	1	0	DAVE	5	0	4	0	954
1169227196553	0	8	test	1	1	5	JIM	3	0	-2	-2	-2
1169227197854	0	8	resp	1	1	5	JIM	3	0	3	1	1301
1169227202558	0	9	test	1	1	9	BILL	13	0	-2	-2	-2
1169227203742	0	9	resp	1	1	9	BILL	13	0	3	1	1184
1169227208563	0	10	test	1	1	13	ROB	0	0	-2	-2	-2
1169227209758	0	10	resp	1	1	13	ROB	0	0	4	0	1195
1169227214567	0	11	test	1	1	4	DAN	12	0	-2	-2	-2
1169227215518	0	11	resp	1	1	4	DAN	12	0	4	0	951
1169227220571	0	12	test	1	1	2	MARK	2	1	-2	-2	-2
1169227222797	0	12	resp	1	1	2	MARK	2	1	3	0	2226
1169227226576	0	13	test	1	1	3	RICH	14	0	-2	-2	-2
1169227227773	0	13	resp	1	1	3	RICH	14	0	4	0	1197
1169227232581	0	14	test	1	1	15	TOM	15	1	-2	-2	-2
1169227233757	0	14	resp	1	1	15	TOM	15	1	4	1	1176
1169227238585	0	15	test	1	1	10	KEN	10	1	-2	-2	-2
1169227240245	0	15	resp	1	1	10	KEN	10	1	3	0	1660
1169227244589	0	16	test	1	1	14	CHRIS	4	0	-2	-2	-2
1169227245541	0	16	resp	1	1	14	CHRIS	4	0	4	0	952
1169227253637	0	1	study	1	2	13	BILL	-2	-2	-2	-2	-2
1169227259638	0	2	study	1	2	11	MIKE	-2	-2	-2	-2	-2
1169227265639	0	3	study	1	2	12	DAN	-2	-2	-2	-2	-2
1169227271640	0	4	study	1	2	6	GEORGE	-2	-2	-2	-2	-2
1169227277651	0	5	study	1	2	7	JOE	-2	-2	-2	-2	-2
1169227283652	0	6	study	1	2	9	PAUL	-2	-2	-2	-2	-2
1169227289653	0	7	study	1	2	15	TOM	-2	-2	-2	-2	-2
1169227295663	0	8	study	1	2	3	JIM	-2	-2	-2	-2	-2
1169227301664	0	9	study	1	2	10	KEN	-2	-2	-2	-2	-2
1169227307665	0	10	study	1	2	8	CHARLES	-2	-2	-2	-2	-2
1169227313677	0	11	study	1	2	1	JOHN	-2	-2	-2	-2	-2
1169227319678	0	12	study	1	2	5	DAVE	-2	-2	-2	-2	-2
1169227325679	0	13	study	1	2	4	CHRIS	-2	-2	-2	-2	-2
1169227331689	0	14	study	1	2	2	MARK	-2	-2	-2	-2	-2
1169227337690	0	15	study	1	2	14	RICH	-2	-2	-2	-2	-2
1169227343691	0	16	study	1	2	0	ROB	-2	-2	-2	-2	-2
1169227353650	0	1	test	1	2	0	ROB	0	1	-2	-2	-2
1169227355161	0	1	resp	1	2	0	ROB	0	1	5	1	1511
1169227359654	0	2	test	1	2	11	BILL	13	0	-2	-2	-2
1169227362321	0	2	resp	1	2	11	BILL	13	0	2	1	2667
1169227365658	0	3	test	1	2	5	MIKE	11	0	-2	-2	-2
1169227368121	0	3	resp	1	2	5	MIKE	11	0	4	0	2463
1169227371662	0	4	test	1	2	15	TOM	15	1	-2	-2	-2
1169227373608	0	4	resp	1	2	15	TOM	15	1	4	1	1946
1169227377667	0	5	test	1	2	2	CHRIS	4	0	-2	-2	-2
1169227379112	0	5	resp	1	2	2	CHRIS	4	0	2	1	1445
1169227383672	0	6	test	1	2	3	KEN	10	0	-2	-2	-2
1169227385440	0	6	resp	1	2	3	KEN	10	0	5	0	1768
1169227389676	0	7	test	1	2	4	DAVE	5	0	-2	-2	-2
1169227391440	0	7	resp	1	2	4	DAVE	5	0	2	1	1764
1169227395680	0	8	test	1	2	6	GEORGE	6	1	-2	-2	-2
1169227397328	0	8	resp	1	2	6	GEORGE	6	1	4	1	1648
1169227401684	0	9	test	1	2	10	MARK	2	0	-2	-2	-2
1169227402823	0	9	resp	1	2	10	MARK	2	0	4	0	1139
1169227407689	0	10	test	1	2	9	PAUL	9	1	-2	-2	-2
1169227409399	0	10	resp	1	2	9	PAUL	9	1	2	0	1710
1169227413694	0	11	test	1	2	13	JOE	7	0	-2	-2	-2
1169227416471	0	11	resp	1	2	13	JOE	7	0	2	1	2777
1169227419698	0	12	test	1	2	1	JOHN	1	1	-2	-2	-2
1169227421375	0	12	resp	1	2	1	JOHN	1	1	5	1	1677
1169227425702	0	13	test	1	2	12	DAN	12	1	-2	-2	-2
1169227426919	0	13	resp	1	2	12	DAN	12	1	2	0	1217
1169227431705	0	14	test	1	2	7	JIM	3	0	-2	-2	-2
1169227433862	0	14	resp	1	2	7	JIM	3	0	2	1	2157
1169227437710	0	15	test	1	2	8	CHARLES	8	1	-2	-2	-2
1169227439374	0	15	resp	1	2	8	CHARLES	8	1	4	1	1664
1169227443715	0	16	test	1	2	14	RICH	14	1	-2	-2	-2
1169227445518	0	16	resp	1	2	14	RICH	14	1	4	1	1803
1169227451096	0	1	study	1	3	2	MARK	-2	-2	-2	-2	-2
1169227457097	0	2	study	1	3	15	TOM	-2	-2	-2	-2	-2
1169227463106	0	3	study	1	3	8	CHARLES	-2	-2	-2	-2	-2
1169227469119	0	4	study	1	3	7	JOE	-2	-2	-2	-2	-2
1169227475120	0	5	study	1	3	1	JOHN	-2	-2	-2	-2	-2
1169227481121	0	6	study	1	3	6	GEORGE	-2	-2	-2	-2	-2
1169227487159	0	7	study	1	3	5	DAVE	-2	-2	-2	-2	-2
1169227493160	0	8	study	1	3	14	RICH	-2	-2	-2	-2	-2
1169227499161	0	9	study	1	3	10	KEN	-2	-2	-2	-2	-2
1169227505162	0	10	study	1	3	13	BILL	-2	-2	-2	-2	-2
1169227511163	0	11	study	1	3	0	ROB	-2	-2	-2	-2	-2
1169227517164	0	12	study	1	3	11	MIKE	-2	-2	-2	-2	-2
1169227523165	0	13	study	1	3	4	CHRIS	-2	-2	-2	-2	-2
1169227529176	0	14	study	1	3	3	JIM	-2	-2	-2	-2	-2
1169227535177	0	15	study	1	3	9	PAUL	-2	-2	-2	-2	-2
1169227541178	0	16	study	1	3	12	DAN	-2	-2	-2	-2	-2
1169227550732	0	1	test	1	3	8	CHARLES	8	1	-2	-2	-2
1169227555050	0	1	resp	1	3	8	CHARLES	8	1	3	0	4318
1169227556737	0	2	test	1	3	11	MIKE	11	1	-2	-2	-2
1169227559066	0	2	resp	1	3	11	MIKE	11	1	3	0	2329
1169227562742	0	3	test	1	3	14	TOM	15	0	-2	-2	-2
1169227565698	0	3	resp	1	3	14	TOM	15	0	4	0	2956
1169227568746	0	4	test	1	3	1	GEORGE	6	0	-2	-2	-2
1169227570186	0	4	resp	1	3	1	GEORGE	6	0	2	1	1440
1169227574750	0	5	test	1	3	0	ROB	0	1	-2	-2	-2
1169227576794	0	5	resp	1	3	0	ROB	0	1	2	0	2044
1169227580754	0	6	test	1	3	4	BILL	13	0	-2	-2	-2
1169227583617	0	6	resp	1	3	4	BILL	13	0	1	1	2863
1169227586759	0	7	test	1	3	12	DAN	12	1	-2	-2	-2
1169227588513	0	7	resp	1	3	12	DAN	12	1	5	1	1754
1169227592764	0	8	test	1	3	6	RICH	14	0	-2	-2	-2
1169227594329	0	8	resp	1	3	6	RICH	14	0	2	1	1565
1169227598769	0	9	test	1	3	10	KEN	10	1	-2	-2	-2
1169227600025	0	9	resp	1	3	10	KEN	10	1	5	1	1256
1169227604773	0	10	test	1	3	13	DAVE	5	0	-2	-2	-2
1169227607152	0	10	resp	1	3	13	DAVE	5	0	2	1	2379
1169227610778	0	11	test	1	3	5	JOHN	1	0	-2	-2	-2
1169227612496	0	11	resp	1	3	5	JOHN	1	0	5	0	1718
1169227616783	0	12	test	1	3	7	JOE	7	1	-2	-2	-2
1169227618176	0	12	resp	1	3	7	JOE	7	1	3	0	1393
1169227622788	0	13	test	1	3	9	PAUL	9	1	-2	-2	-2
1169227624496	0	13	resp	1	3	9	PAUL	9	1	4	1	1708
1169227628792	0	14	test	1	3	2	MARK	2	1	-2	-2	-2
1169227631080	0	14	resp	1	3	2	MARK	2	1	3	0	2288
1169227634796	0	15	test	1	3	3	CHRIS	4	0	-2	-2	-2
1169227636848	0	15	resp	1	3	3	CHRIS	4	0	4	0	2052
1169227640800	0	16	test	1	3	15	JIM	3	0	-2	-2	-2
1169227642023	0	16	resp	1	3	15	JIM	3	0	3	1	1223
1169227649496	0	1	study	1	4	5	DAVE	-2	-2	-2	-2	-2
1169227655498	0	2	study	1	4	13	BILL	-2	-2	-2	-2	-2
1169227661499	0	3	study	1	4	10	KEN	-2	-2	-2	-2	-2
1169227667500	0	4	study	1	4	14	RICH	-2	-2	-2	-2	-2
1169227673501	0	5	study	1	4	7	JOE	-2	-2	-2	-2	-2
1169227679502	0	6	study	1	4	2	MARK	-2	-2	-2	-2	-2
1169227685503	0	7	study	1	4	4	CHRIS	-2	-2	-2	-2	-2
1169227691513	0	8	study	1	4	11	MIKE	-2	-2	-2	-2	-2
1169227697514	0	9	study	1	4	9	PAUL	-2	-2	-2	-2	-2
1169227703515	0	10	study	1	4	0	ROB	-2	-2	-2	-2	-2
1169227709516	0	11	study	1	4	12	DAN	-2	-2	-2	-2	-2
1169227715517	0	12	study	1	4	15	TOM	-2	-2	-2	-2	-2
1169227721526	0	13	study	1	4	6	GEORGE	-2	-2	-2	-2	-2
1169227727537	0	14	study	1	4	8	CHARLES	-2	-2	-2	-2	-2
1169227733549	0	15	study	1	4	1	JOHN	-2	-2	-2	-2	-2
1169227739550	0	16	study	1	4	3	JIM	-2	-2	-2	-2	-2
1169227754797	0	1	test	1	4	2	MARK	2	1	-2	-2	-2
1169227756427	0	1	resp	1	4	2	MARK	2	1	4	1	1630
1169227760802	0	2	test	1	4	15	KEN	10	0	-2	-2	-2
1169227762731	0	2	resp	1	4	15	KEN	10	0	3	1	1929
1169227766807	0	3	test	1	4	3	JIM	3	1	-2	-2	-2
1169227768619	0	3	resp	1	4	3	JIM	3	1	3	0	1812
1169227772813	0	4	test	1	4	10	MIKE	11	0	-2	-2	-2
1169227775651	0	4	resp	1	4	10	MIKE	11	0	3	1	2838
1169227778818	0	5	test	1	4	11	BILL	13	0	-2	-2	-2
1169227781067	0	5	resp	1	4	11	BILL	13	0	2	1	2249
1169227784822	0	6	test	1	4	4	TOM	15	0	-2	-2	-2
1169227786059	0	6	resp	1	4	4	TOM	15	0	1	1	1237
1169227790826	0	7	test	1	4	12	DAN	12	1	-2	-2	-2
1169227792546	0	7	resp	1	4	12	DAN	12	1	5	1	1720
1169227796831	0	8	test	1	4	0	ROB	0	1	-2	-2	-2
1169227798538	0	8	resp	1	4	0	ROB	0	1	4	1	1707
1169227802836	0	9	test	1	4	9	PAUL	9	1	-2	-2	-2
1169227805122	0	9	resp	1	4	9	PAUL	9	1	5	1	2286
1169227808840	0	10	test	1	4	1	DAVE	5	0	-2	-2	-2
1169227811706	0	10	resp	1	4	1	DAVE	5	0	3	1	2866
1169227814844	0	11	test	1	4	14	RICH	14	1	-2	-2	-2
1169227817314	0	11	resp	1	4	14	RICH	14	1	4	1	2470
1169227820848	0	12	test	1	4	6	GEORGE	6	1	-2	-2	-2
1169227824313	0	12	resp	1	4	6	GEORGE	6	1	3	0	3465
1169227826853	0	13	test	1	4	13	JOHN	1	0	-2	-2	-2
1169227828785	0	13	resp	1	4	13	JOHN	1	0	2	1	1932
1169227832858	0	14	test	1	4	7	JOE	7	1	-2	-2	-2
1169227835401	0	14	resp	1	4	7	JOE	7	1	4	1	2543
1169227838863	0	15	test	1	4	5	CHARLES	8	0	-2	-2	-2
1169227840841	0	15	resp	1	4	5	CHARLES	8	0	3	1	1978
1169227844867	0	16	test	1	4	8	CHRIS	4	0	-2	-2	-2
1169227846825	0	16	resp	1	4	8	CHRIS	4	0	5	0	1958
1169227859073	0	1	study	1	5	0	ROB	-2	-2	-2	-2	-2
1169227865074	0	2	study	1	5	13	BILL	-2	-2	-2	-2	-2
1169227871075	0	3	study	1	5	4	CHRIS	-2	-2	-2	-2	-2
1169227877085	0	4	study	1	5	8	CHARLES	-2	-2	-2	-2	-2
1169227883098	0	5	study	1	5	6	GEORGE	-2	-2	-2	-2	-2
1169227889109	0	6	study	1	5	10	KEN	-2	-2	-2	-2	-2
1169227895127	0	7	study	1	5	12	DAN	-2	-2	-2	-2	-2
1169227901128	0	8	study	1	5	15	TOM	-2	-2	-2	-2	-2
1169227907137	0	9	study	1	5	5	DAVE	-2	-2	-2	-2	-2
1169227913138	0	10	study	1	5	14	RICH	-2	-2	-2	-2	-2
1169227919139	0	11	study	1	5	11	MIKE	-2	-2	-2	-2	-2
1169227925140	0	12	study	1	5	7	JOE	-2	-2	-2	-2	-2
1169227931142	0	13	study	1	5	2	MARK	-2	-2	-2	-2	-2
1169227937143	0	14	study	1	5	3	JIM	-2	-2	-2	-2	-2
1169227943144	0	15	study	1	5	9	PAUL	-2	-2	-2	-2	-2
1169227949145	0	16	study	1	5	1	JOHN	-2	-2	-2	-2	-2
1169227965781	0	1	test	1	5	12	PAUL	9	0	-2	-2	-2
1169227967589	0	1	resp	1	5	12	PAUL	9	0	3	1	1808
1169227971785	0	2	test	1	5	7	JOE	7	1	-2	-2	-2
1169227972772	0	2	resp	1	5	7	JOE	7	1	5	1	987
1169227977790	0	3	test	1	5	14	RICH	14	1	-2	-2	-2
1169227979500	0	3	resp	1	5	14	RICH	14	1	5	1	1710
1169227983795	0	4	test	1	5	15	KEN	10	0	-2	-2	-2
1169227985052	0	4	resp	1	5	15	KEN	10	0	3	1	1257
1169227989800	0	5	test	1	5	1	JOHN	1	1	-2	-2	-2
1169227991284	0	5	resp	1	5	1	JOHN	1	1	2	0	1484
1169227995804	0	6	test	1	5	6	BILL	13	0	-2	-2	-2
1169227998108	0	6	resp	1	5	6	BILL	13	0	1	1	2304
1169228001808	0	7	test	1	5	4	CHRIS	4	1	-2	-2	-2
1169228003994	0	7	resp	1	5	4	CHRIS	4	1	2	0	2186
1169228007814	0	8	test	1	5	13	MARK	2	0	-2	-2	-2
1169228009643	0	8	resp	1	5	13	MARK	2	0	1	1	1829
1169228013818	0	9	test	1	5	9	TOM	15	0	-2	-2	-2
1169228015715	0	9	resp	1	5	9	TOM	15	0	1	1	1897
1169228019822	0	10	test	1	5	11	MIKE	11	1	-2	-2	-2
1169228022803	0	10	resp	1	5	11	MIKE	11	1	3	0	2981
1169228025826	0	11	test	1	5	5	DAN	12	0	-2	-2	-2
1169228028107	0	11	resp	1	5	5	DAN	12	0	3	1	2281
1169228031830	0	12	test	1	5	2	DAVE	5	0	-2	-2	-2
1169228033650	0	12	resp	1	5	2	DAVE	5	0	3	1	1820
1169228037835	0	13	test	1	5	0	ROB	0	1	-2	-2	-2
1169228039602	0	13	resp	1	5	0	ROB	0	1	5	1	1767
1169228043840	0	14	test	1	5	8	CHARLES	8	1	-2	-2	-2
1169228045666	0	14	resp	1	5	8	CHARLES	8	1	4	1	1826
1169228049844	0	15	test	1	5	3	JIM	3	1	-2	-2	-2
1169228052034	0	15	resp	1	5	3	JIM	3	1	4	1	2190
1169228055848	0	16	test	1	5	10	GEORGE	6	0	-2	-2	-2
1169228058266	0	16	resp	1	5	10	GEORGE	6	0	4	0	2418
1169228065386	0	1	study	1	6	13	BILL	-2	-2	-2	-2	-2
1169228071387	0	2	study	1	6	6	GEORGE	-2	-2	-2	-2	-2
1169228077398	0	3	study	1	6	14	RICH	-2	-2	-2	-2	-2
1169228083399	0	4	study	1	6	10	KEN	-2	-2	-2	-2	-2
1169228089400	0	5	study	1	6	0	ROB	-2	-2	-2	-2	-2
1169228095401	0	6	study	1	6	7	JOE	-2	-2	-2	-2	-2
1169228101402	0	7	study	1	6	1	JOHN	-2	-2	-2	-2	-2
1169228107403	0	8	study	1	6	15	TOM	-2	-2	-2	-2	-2
1169228113412	0	9	study	1	6	4	CHRIS	-2	-2	-2	-2	-2
1169228119421	0	10	study	1	6	3	JIM	-2	-2	-2	-2	-2
1169228125422	0	11	study	1	6	2	MARK	-2	-2	-2	-2	-2
1169228131423	0	12	study	1	6	9	PAUL	-2	-2	-2	-2	-2
1169228137424	0	13	study	1	6	8	CHARLES	-2	-2	-2	-2	-2
1169228143436	0	14	study	1	6	11	MIKE	-2	-2	-2	-2	-2
1169228149437	0	15	study	1	6	12	DAN	-2	-2	-2	-2	-2
1169228155438	0	16	study	1	6	5	DAVE	-2	-2	-2	-2	-2
1169228166583	0	1	test	1	6	5	DAVE	5	1	-2	-2	-2
1169228168502	0	1	resp	1	6	5	DAVE	5	1	3	0	1919
1169228172587	0	2	test	1	6	12	ROB	0	0	-2	-2	-2
1169228174110	0	2	resp	1	6	12	ROB	0	0	5	0	1523
1169228178591	0	3	test	1	6	1	MIKE	11	0	-2	-2	-2
1169228180078	0	3	resp	1	6	1	MIKE	11	0	3	1	1487
1169228184595	0	4	test	1	6	0	GEORGE	6	0	-2	-2	-2
1169228186141	0	4	resp	1	6	0	GEORGE	6	0	5	0	1546
1169228190600	0	5	test	1	6	4	CHRIS	4	1	-2	-2	-2
1169228192493	0	5	resp	1	6	4	CHRIS	4	1	4	1	1893
1169228196604	0	6	test	1	6	2	MARK	2	1	-2	-2	-2
1169228199781	0	6	resp	1	6	2	MARK	2	1	3	0	3177
1169228202608	0	7	test	1	6	13	DAN	12	0	-2	-2	-2
1169228205149	0	7	resp	1	6	13	DAN	12	0	1	1	2541
1169228208612	0	8	test	1	6	11	BILL	13	0	-2	-2	-2
1169228211660	0	8	resp	1	6	11	BILL	13	0	3	1	3048
1169228214617	0	9	test	1	6	10	JOHN	1	0	-2	-2	-2
1169228215844	0	9	resp	1	6	10	JOHN	1	0	1	1	1227
1169228220622	0	10	test	1	6	3	JIM	3	1	-2	-2	-2
1169228222356	0	10	resp	1	6	3	JIM	3	1	4	1	1734
1169228226626	0	11	test	1	6	14	KEN	10	0	-2	-2	-2
1169228228756	0	11	resp	1	6	14	KEN	10	0	2	1	2130
1169228232630	0	12	test	1	6	6	RICH	14	0	-2	-2	-2
1169228234612	0	12	resp	1	6	6	RICH	14	0	5	0	1982
1169228238634	0	13	test	1	6	8	CHARLES	8	1	-2	-2	-2
1169228240452	0	13	resp	1	6	8	CHARLES	8	1	3	0	1818
1169228244638	0	14	test	1	6	7	JOE	7	1	-2	-2	-2
1169228245962	0	14	resp	1	6	7	JOE	7	1	6	1	1324
1169228250643	0	15	test	1	6	15	TOM	15	1	-2	-2	-2
1169228251899	0	15	resp	1	6	15	TOM	15	1	6	1	1256
1169228256648	0	16	test	1	6	9	PAUL	9	1	-2	-2	-2
1169228258379	0	16	resp	1	6	9	PAUL	9	1	3	0	1731
1169228270100	0	1	study	1	7	14	RICH	-2	-2	-2	-2	-2
1169228276101	0	2	study	1	7	10	KEN	-2	-2	-2	-2	-2
1169228282102	0	3	study	1	7	2	MARK	-2	-2	-2	-2	-2
1169228288103	0	4	study	1	7	11	MIKE	-2	-2	-2	-2	-2
1169228294104	0	5	study	1	7	7	JOE	-2	-2	-2	-2	-2
1169228300105	0	6	study	1	7	12	DAN	-2	-2	-2	-2	-2
1169228306106	0	7	study	1	7	6	GEORGE	-2	-2	-2	-2	-2
1169228312118	0	8	study	1	7	5	DAVE	-2	-2	-2	-2	-2
1169228318119	0	9	study	1	7	4	CHRIS	-2	-2	-2	-2	-2
1169228324129	0	10	study	1	7	15	TOM	-2	-2	-2	-2	-2
1169228330138	0	11	study	1	7	0	ROB	-2	-2	-2	-2	-2
1169228336139	0	12	study	1	7	8	CHARLES	-2	-2	-2	-2	-2
1169228342153	0	13	study	1	7	1	JOHN	-2	-2	-2	-2	-2
1169228348154	0	14	study	1	7	3	JIM	-2	-2	-2	-2	-2
1169228354155	0	15	study	1	7	9	PAUL	-2	-2	-2	-2	-2
1169228360156	0	16	study	1	7	13	BILL	-2	-2	-2	-2	-2
1169228371656	0	1	test	1	7	3	JIM	3	1	-2	-2	-2
1169228373631	0	1	resp	1	7	3	JIM	3	1	3	0	1975
1169228377660	0	2	test	1	7	11	MIKE	11	1	-2	-2	-2
1169228379647	0	2	resp	1	7	11	MIKE	11	1	4	1	1987
1169228383665	0	3	test	1	7	4	CHARLES	8	0	-2	-2	-2
1169228385015	0	3	resp	1	7	4	CHARLES	8	0	5	0	1350
1169228389669	0	4	test	1	7	5	DAVE	5	1	-2	-2	-2
1169228391702	0	4	resp	1	7	5	DAVE	5	1	3	0	2033
1169228395674	0	5	test	1	7	8	MARK	2	0	-2	-2	-2
1169228397470	0	5	resp	1	7	8	MARK	2	0	3	1	1796
1169228401679	0	6	test	1	7	6	RICH	14	0	-2	-2	-2
1169228403286	0	6	resp	1	7	6	RICH	14	0	1	1	1607
1169228407684	0	7	test	1	7	15	TOM	15	1	-2	-2	-2
1169228409989	0	7	resp	1	7	15	TOM	15	1	6	1	2305
1169228413688	0	8	test	1	7	9	PAUL	9	1	-2	-2	-2
1169228416166	0	8	resp	1	7	9	PAUL	9	1	3	0	2478
1169228419692	0	9	test	1	7	10	KEN	10	1	-2	-2	-2
1169228424692	0	9	resp	1	7	10	KEN	10	1	0	0	5000
1169228425709	0	10	test	1	7	13	JOE	7	0	-2	-2	-2
1169228427373	0	10	resp	1	7	13	JOE	7	0	1	1	1664
1169228431714	0	11	test	1	7	12	DAN	12	1	-2	-2	-2
1169228433229	0	11	resp	1	7	12	DAN	12	1	5	1	1515
1169228437719	0	12	test	1	7	0	ROB	0	1	-2	-2	-2
1169228438749	0	12	resp	1	7	0	ROB	0	1	5	1	1030
1169228443723	0	13	test	1	7	7	GEORGE	6	0	-2	-2	-2
1169228445725	0	13	resp	1	7	7	GEORGE	6	0	1	1	2002
1169228449727	0	14	test	1	7	1	CHRIS	4	0	-2	-2	-2
1169228451484	0	14	resp	1	7	1	CHRIS	4	0	3	1	1757
1169228455732	0	15	test	1	7	14	JOHN	1	0	-2	-2	-2
1169228457052	0	15	resp	1	7	14	JOHN	1	0	1	1	1320
1169228461737	0	16	test	1	7	2	BILL	13	0	-2	-2	-2
1169228464244	0	16	resp	1	7	2	BILL	13	0	2	1	2507
1169228471165	0	1	study	1	8	12	DAN	-2	-2	-2	-2	-2
1169228477166	0	2	study	1	8	7	JOE	-2	-2	-2	-2	-2
1169228483167	0	3	study	1	8	8	CHARLES	-2	-2	-2	-2	-2
1169228489179	0	4	study	1	8	1	JOHN	-2	-2	-2	-2	-2
1169228495180	0	5	study	1	8	13	BILL	-2	-2	-2	-2	-2
1169228501181	0	6	study	1	8	0	ROB	-2	-2	-2	-2	-2
1169228507182	0	7	study	1	8	10	KEN	-2	-2	-2	-2	-2
1169228513211	0	8	study	1	8	15	TOM	-2	-2	-2	-2	-2
1169228519220	0	9	study	1	8	14	RICH	-2	-2	-2	-2	-2
1169228525221	0	10	study	1	8	4	CHRIS	-2	-2	-2	-2	-2
1169228531231	0	11	study	1	8	11	MIKE	-2	-2	-2	-2	-2
1169228537232	0	12	study	1	8	5	DAVE	-2	-2	-2	-2	-2
1169228543233	0	13	study	1	8	2	MARK	-2	-2	-2	-2	-2
1169228549234	0	14	study	1	8	9	PAUL	-2	-2	-2	-2	-2
1169228555235	0	15	study	1	8	6	GEORGE	-2	-2	-2	-2	-2
1169228561246	0	16	study	1	8	3	JIM	-2	-2	-2	-2	-2
1169228576305	0	1	test	1	8	12	ROB	0	0	-2	-2	-2
1169228577704	0	1	resp	1	8	12	ROB	0	0	5	0	1399
1169228582309	0	2	test	1	8	2	BILL	13	0	-2	-2	-2
1169228583967	0	2	resp	1	8	2	BILL	13	0	1	1	1658
1169228588314	0	3	test	1	8	3	MARK	2	0	-2	-2	-2
1169228589624	0	3	resp	1	8	3	MARK	2	0	1	1	1310
1169228594318	0	4	test	1	8	10	KEN	10	1	-2	-2	-2
1169228596424	0	4	resp	1	8	10	KEN	10	1	4	1	2106
1169228600322	0	5	test	1	8	11	MIKE	11	1	-2	-2	-2
1169228601950	0	5	resp	1	8	11	MIKE	11	1	5	1	1628
1169228606327	0	6	test	1	8	5	DAVE	5	1	-2	-2	-2
1169228608751	0	6	resp	1	8	5	DAVE	5	1	4	1	2424
1169228612332	0	7	test	1	8	6	GEORGE	6	1	-2	-2	-2
1169228614199	0	7	resp	1	8	6	GEORGE	6	1	3	0	1867
1169228618337	0	8	test	1	8	1	JOHN	1	1	-2	-2	-2
1169228620039	0	8	resp	1	8	1	JOHN	1	1	5	1	1702
1169228624341	0	9	test	1	8	4	JOE	7	0	-2	-2	-2
1169228627463	0	9	resp	1	8	4	JOE	7	0	1	1	3122
1169228630345	0	10	test	1	8	9	PAUL	9	1	-2	-2	-2
1169228632662	0	10	resp	1	8	9	PAUL	9	1	3	0	2317
1169228636350	0	11	test	1	8	15	DAN	12	0	-2	-2	-2
1169228637526	0	11	resp	1	8	15	DAN	12	0	1	1	1176
1169228642355	0	12	test	1	8	7	JIM	3	0	-2	-2	-2
1169228645486	0	12	resp	1	8	7	JIM	3	0	4	0	3131
1169228648359	0	13	test	1	8	0	CHRIS	4	0	-2	-2	-2
1169228650662	0	13	resp	1	8	0	CHRIS	4	0	4	0	2303
1169228654363	0	14	test	1	8	13	TOM	15	0	-2	-2	-2
1169228656390	0	14	resp	1	8	13	TOM	15	0	6	0	2027
1169228660367	0	15	test	1	8	8	CHARLES	8	1	-2	-2	-2
1169228662469	0	15	resp	1	8	8	CHARLES	8	1	3	0	2102
1169228666372	0	16	test	1	8	14	RICH	14	1	-2	-2	-2
1169228668117	0	16	resp	1	8	14	RICH	14	1	5	1	1745
1169228678902	0	1	study	1	9	9	PAUL	-2	-2	-2	-2	-2
1169228684903	0	2	study	1	9	1	JOHN	-2	-2	-2	-2	-2
1169228690904	0	3	study	1	9	12	DAN	-2	-2	-2	-2	-2
1169228696905	0	4	study	1	9	3	JIM	-2	-2	-2	-2	-2
1169228702906	0	5	study	1	9	4	CHRIS	-2	-2	-2	-2	-2
1169228708916	0	6	study	1	9	15	TOM	-2	-2	-2	-2	-2
1169228714965	0	7	study	1	9	8	CHARLES	-2	-2	-2	-2	-2
1169228720977	0	8	study	1	9	6	GEORGE	-2	-2	-2	-2	-2
1169228726988	0	9	study	1	9	13	BILL	-2	-2	-2	-2	-2
1169228732989	0	10	study	1	9	7	JOE	-2	-2	-2	-2	-2
1169228738990	0	11	study	1	9	5	DAVE	-2	-2	-2	-2	-2
1169228744991	0	12	study	1	9	2	MARK	-2	-2	-2	-2	-2
1169228750993	0	13	study	1	9	10	KEN	-2	-2	-2	-2	-2
1169228756994	0	14	study	1	9	14	RICH	-2	-2	-2	-2	-2
1169228762995	0	15	study	1	9	11	MIKE	-2	-2	-2	-2	-2
1169228768996	0	16	study	1	9	0	ROB	-2	-2	-2	-2	-2
1169228779491	0	1	test	1	9	13	BILL	13	1	-2	-2	-2
1169228781721	0	1	resp	1	9	13	BILL	13	1	5	1	2230
1169228785496	0	2	test	1	9	9	MARK	2	0	-2	-2	-2
1169228787633	0	2	resp	1	9	9	MARK	2	0	4	0	2137
1169228791501	0	3	test	1	9	12	RICH	14	0	-2	-2	-2
1169228793737	0	3	resp	1	9	12	RICH	14	0	3	1	2236
1169228797505	0	4	test	1	9	7	PAUL	9	0	-2	-2	-2
1169228799617	0	4	resp	1	9	7	PAUL	9	0	2	1	2112
1169228803509	0	5	test	1	9	4	CHARLES	8	0	-2	-2	-2
1169228805857	0	5	resp	1	9	4	CHARLES	8	0	4	0	2348
1169228809513	0	6	test	1	9	3	JIM	3	1	-2	-2	-2
1169228811289	0	6	resp	1	9	3	JIM	3	1	5	1	1776
1169228815517	0	7	test	1	9	0	ROB	0	1	-2	-2	-2
1169228817147	0	7	resp	1	9	0	ROB	0	1	5	1	1630
1169228821522	0	8	test	1	9	1	JOHN	1	1	-2	-2	-2
1169228822991	0	8	resp	1	9	1	JOHN	1	1	6	1	1469
1169228827527	0	9	test	1	9	6	JOE	7	0	-2	-2	-2
1169228830384	0	9	resp	1	9	6	JOE	7	0	3	1	2857
1169228833531	0	10	test	1	9	14	GEORGE	6	0	-2	-2	-2
1169228837056	0	10	resp	1	9	14	GEORGE	6	0	5	0	3525
1169228839535	0	11	test	1	9	8	DAN	12	0	-2	-2	-2
1169228840824	0	11	resp	1	9	8	DAN	12	0	5	0	1289
1169228845539	0	12	test	1	9	11	MIKE	11	1	-2	-2	-2
1169228848575	0	12	resp	1	9	11	MIKE	11	1	4	1	3036
1169228851544	0	13	test	1	9	10	KEN	10	1	-2	-2	-2
1169228853271	0	13	resp	1	9	10	KEN	10	1	5	1	1727
1169228857549	0	14	test	1	9	5	DAVE	5	1	-2	-2	-2
1169228859215	0	14	resp	1	9	5	DAVE	5	1	3	0	1666
1169228863553	0	15	test	1	9	15	TOM	15	1	-2	-2	-2
1169228864775	0	15	resp	1	9	15	TOM	15	1	6	1	1222
1169228869557	0	16	test	1	9	2	CHRIS	4	0	-2	-2	-2
1169228871439	0	16	resp	1	9	2	CHRIS	4	0	3	1	1882
1169228878559	0	1	study	1	10	2	MARK	-2	-2	-2	-2	-2
1169228884560	0	2	study	1	10	11	MIKE	-2	-2	-2	-2	-2
1169228890561	0	3	study	1	10	15	TOM	-2	-2	-2	-2	-2
1169228896570	0	4	study	1	10	1	JOHN	-2	-2	-2	-2	-2
1169228902571	0	5	study	1	10	3	JIM	-2	-2	-2	-2	-2
1169228908572	0	6	study	1	10	0	ROB	-2	-2	-2	-2	-2
1169228914573	0	7	study	1	10	9	PAUL	-2	-2	-2	-2	-2
1169228920574	0	8	study	1	10	6	GEORGE	-2	-2	-2	-2	-2
1169228926585	0	9	study	1	10	7	JOE	-2	-2	-2	-2	-2
1169228932586	0	10	study	1	10	4	CHRIS	-2	-2	-2	-2	-2
1169228938596	0	11	study	1	10	10	KEN	-2	-2	-2	-2	-2
1169228944597	0	12	study	1	10	8	CHARLES	-2	-2	-2	-2	-2
1169228950609	0	13	study	1	10	12	DAN	-2	-2	-2	-2	-2
1169228956610	0	14	study	1	10	5	DAVE	-2	-2	-2	-2	-2
1169228962611	0	15	study	1	10	14	RICH	-2	-2	-2	-2	-2
1169228968612	0	16	study	1	10	13	BILL	-2	-2	-2	-2	-2
1169228983364	0	1	test	1	10	5	DAVE	5	1	-2	-2	-2
1169228984875	0	1	resp	1	10	5	DAVE	5	1	4	1	1511
1169228989368	0	2	test	1	10	9	PAUL	9	1	-2	-2	-2
1169228990915	0	2	resp	1	10	9	PAUL	9	1	3	0	1547
1169228995372	0	3	test	1	10	1	JOHN	1	1	-2	-2	-2
1169228996482	0	3	resp	1	10	1	JOHN	1	1	5	1	1110
1169229001377	0	4	test	1	10	6	GEORGE	6	1	-2	-2	-2
1169229003658	0	4	resp	1	10	6	GEORGE	6	1	4	1	2281
1169229007381	0	5	test	1	10	12	MARK	2	0	-2	-2	-2
1169229010162	0	5	resp	1	10	12	MARK	2	0	5	0	2781
1169229013385	0	6	test	1	10	10	CHARLES	8	0	-2	-2	-2
1169229015402	0	6	resp	1	10	10	CHARLES	8	0	3	1	2017
1169229019389	0	7	test	1	10	8	DAN	12	0	-2	-2	-2
1169229024389	0	7	resp	1	10	8	DAN	12	0	0	0	5000
1169229025406	0	8	test	1	10	3	BILL	13	0	-2	-2	-2
1169229027657	0	8	resp	1	10	3	BILL	13	0	1	1	2251
1169229031411	0	9	test	1	10	14	RICH	14	1	-2	-2	-2
1169229033081	0	9	resp	1	10	14	RICH	14	1	5	1	1670
1169229037416	0	10	test	1	10	7	JOE	7	1	-2	-2	-2
1169229038409	0	10	resp	1	10	7	JOE	7	1	6	1	993
1169229043420	0	11	test	1	10	13	CHRIS	4	0	-2	-2	-2
1169229045425	0	11	resp	1	10	13	CHRIS	4	0	1	1	2005
1169229049424	0	12	test	1	10	4	MIKE	11	0	-2	-2	-2
1169229052512	0	12	resp	1	10	4	MIKE	11	0	3	1	3088
1169229055429	0	13	test	1	10	2	JIM	3	0	-2	-2	-2
1169229057672	0	13	resp	1	10	2	JIM	3	0	2	1	2243
1169229061434	0	14	test	1	10	0	ROB	0	1	-2	-2	-2
1169229063776	0	14	resp	1	10	0	ROB	0	1	4	1	2342
1169229067439	0	15	test	1	10	11	KEN	10	0	-2	-2	-2
1169229069704	0	15	resp	1	10	11	KEN	10	0	3	1	2265
1169229073444	0	16	test	1	10	15	TOM	15	1	-2	-2	-2
1169229074951	0	16	resp	1	10	15	TOM	15	1	6	1	1507
1169229098164	0	0	record	3	11	-2	record	-2	-2	-2	-2	-2
1169229099180	0	1	cue	3	11	14	RICH	-2	-2	-2	-2	-2
1169229105180	0	2	cue	3	11	0	ROB	-2	-2	-2	-2	-2
1169229111180	0	3	cue	3	11	1	JOHN	-2	-2	-2	-2	-2
1169229117180	0	4	cue	3	11	4	CHRIS	-2	-2	-2	-2	-2
1169229123180	0	5	cue	3	11	8	CHARLES	-2	-2	-2	-2	-2
1169229129180	0	6	cue	3	11	9	PAUL	-2	-2	-2	-2	-2
1169229135180	0	7	cue	3	11	6	GEORGE	-2	-2	-2	-2	-2
1169229141180	0	8	cue	3	11	15	TOM	-2	-2	-2	-2	-2
1169229147180	0	9	cue	3	11	7	JOE	-2	-2	-2	-2	-2
1169229153180	0	10	cue	3	11	10	KEN	-2	-2	-2	-2	-2
1169229159180	0	11	cue	3	11	11	MIKE	-2	-2	-2	-2	-2
1169229165180	0	12	cue	3	11	13	BILL	-2	-2	-2	-2	-2
1169229171180	0	13	cue	3	11	2	MARK	-2	-2	-2	-2	-2
1169229177180	0	14	cue	3	11	5	DAVE	-2	-2	-2	-2	-2
1169229183180	0	15	cue	3	11	12	DAN	-2	-2	-2	-2	-2
1169229189180	0	16	cue	3	11	3	JIM	-2	-2	-2	-2	-2