1157739840303	0	B	Logging Begins
1157739840304	0	SESS_START	0
1157740358701	0	TRIAL	1
1157740376406	1	FACE	2577	PRES1_NPNP	Correct	LL1	PP0	Lure_PNPN	0	PRACTICE
1157740380254	1	FACE	2577	CUE	Correct	LL1	PP0	Lure_PNPN	0	PRACTICE
1157740382831	0	FACE	2577	RESP	Correct	LL1	PP0	Lure_PNPN	0	PRACTICE
1157740382860	0	TRIAL	2
1157740387185	1	FACE	1222	PRES1_PNPN	Correct	LL1	PP0	Lure_NPPP	0	PRACTICE
1157740391234	1	FACE	1222	CUE	Correct	LL1	PP0	Lure_NPPP	0	PRACTICE
1157740392456	0	FACE	1222	RESP	Correct	LL1	PP0	Lure_NPPP	0	PRACTICE
1157740392490	0	TRIAL	3
1157740396049	1	FACE	1184	PRES1_PPNP	Correct	LL1	PP0	Lure_NNNN	0	PRACTICE
1157740399863	1	FACE	1184	CUE	Correct	LL1	PP0	Lure_NNNN	0	PRACTICE
1157740401047	1	FACE	1184	RESP	Correct	LL1	PP0	Lure_NNNN	0	PRACTICE
1157740401087	0	TRIAL	4
1157740404330	1	FACE	1072	PRES1_PNPP	Incorrect	LL1	PP0	Lure_NNPN	0	PRACTICE
1157740408295	1	FACE	1072	CUE	Incorrect	LL1	PP0	Lure_NNPN	0	PRACTICE
1157740409367	0	FACE	1072	RESP	Incorrect	LL1	PP0	Lure_NNPN	0	PRACTICE
1157740409400	0	TRIAL	5
1157740412710	1	FACE	2671	PRES1_NPNP	Correct	LL1	PP1	Target_NPNP	0	PRACTICE
1157740416792	1	FACE	2671	CUE	Correct	LL1	PP1	Target_NPNP	0	PRACTICE
1157740419463	0	FACE	2671	RESP	Correct	LL1	PP1	Target_NPNP	0	PRACTICE
1157740419498	0	TRIAL	6
1157740422757	1	FACE	5218	PRES1_NPNN	Incorrect	LL1	PP0	Lure_PPNN	0	PRACTICE
1157740426572	1	FACE	5218	CUE	Incorrect	LL1	PP0	Lure_PPNN	0	PRACTICE
1157740431790	1	FACE	5218	RESP	Incorrect	LL1	PP0	Lure_PPNN	0	PRACTICE
1157740431826	0	TRIAL	7
1157740436386	1	FACE	1601	PRES1_PNNN	Incorrect	LL1	PP1	Target_PNNN	0	PRACTICE
1157740440284	1	FACE	1601	CUE	Incorrect	LL1	PP1	Target_PNNN	0	PRACTICE
1157740441885	0	FACE	1601	RESP	Incorrect	LL1	PP1	Target_PNNN	0	PRACTICE
1157740441921	0	TRIAL	8
1157740445299	1	FACE	3602	PRES1_NNNN	Correct	LL1	PP1	Target_NNNN	0	PRACTICE
1157740449331	1	FACE	3602	CUE	Correct	LL1	PP1	Target_NNNN	0	PRACTICE
1157740452933	0	FACE	3602	RESP	Correct	LL1	PP1	Target_NNNN	0	PRACTICE
1157740452967	0	TRIAL	9
1157740456179	1	FACE	1810	PRES1_NNNP	Correct	LL1	PP0	Lure_PPPN	0	PRACTICE
1157740460228	1	FACE	1810	CUE	Correct	LL1	PP0	Lure_PPPN	0	PRACTICE
1157740462038	0	FACE	1810	RESP	Correct	LL1	PP0	Lure_PPPN	0	PRACTICE
1157740462117	0	TRIAL	10
1157740465243	1	FACE	1026	PRES1_PPNN	Correct	LL1	PP0	Lure_PNPP	0	PRACTICE
1157740469291	1	FACE	1026	CUE	Correct	LL1	PP0	Lure_PNPP	0	PRACTICE
1157740470317	0	FACE	1026	RESP	Correct	LL1	PP0	Lure_PNPP	0	PRACTICE
1157740470354	0	TRIAL	11
1157740473690	1	FACE	970	PRES1_NNPP	Correct	LL1	PP0	Lure_PNNN	0	PRACTICE
1157740477755	1	FACE	970	CUE	Correct	LL1	PP0	Lure_PNNN	0	PRACTICE
1157740478725	0	FACE	970	RESP	Correct	LL1	PP0	Lure_PNNN	0	PRACTICE
1157740478760	0	TRIAL	12
1157740483120	1	FACE	1408	PRES1_NNPN	Incorrect	LL1	PP0	Lure_PNNP	0	PRACTICE
1157740486901	1	FACE	1408	CUE	Incorrect	LL1	PP0	Lure_PNNP	0	PRACTICE
1157740488309	0	FACE	1408	RESP	Incorrect	LL1	PP0	Lure_PNNP	0	PRACTICE
1157740488340	0	TRIAL	13
1157740491567	1	FACE	1644	PRES1_PPPP	Incorrect	LL1	PP1	Target_PPPP	0	PRACTICE
1157740495416	1	FACE	1644	CUE	Incorrect	LL1	PP1	Target_PPPP	0	PRACTICE
1157740497060	1	FACE	1644	RESP	Incorrect	LL1	PP1	Target_PPPP	0	PRACTICE
1157740497073	0	TRIAL	14
1157740500498	1	FACE	1522	PRES1_NNNP	Correct	LL1	PP1	Target_NNNP	0	PRACTICE
1157740504530	1	FACE	1522	CUE	Correct	LL1	PP1	Target_NNNP	0	PRACTICE
1157740506052	0	FACE	1522	RESP	Correct	LL1	PP1	Target_NNNP	0	PRACTICE
1157740506084	0	TRIAL	15
1157740509028	1	FACE	1434	PRES1_PNPN	Correct	LL1	PP1	Target_PNPN	0	PRACTICE
1157740512794	1	FACE	1434	CUE	Correct	LL1	PP1	Target_PNPN	0	PRACTICE
1157740514228	0	FACE	1434	RESP	Correct	LL1	PP1	Target_PNPN	0	PRACTICE
1157740514265	0	TRIAL	16
1157740517575	1	FACE	1186	PRES1_NNPN	Correct	LL1	PP1	Target_NNPN	0	PRACTICE
1157740521474	1	FACE	1186	CUE	Correct	LL1	PP1	Target_NNPN	0	PRACTICE
1157740522660	0	FACE	1186	RESP	Correct	LL1	PP1	Target_NNPN	0	PRACTICE
1157740522680	0	TRIAL	17
1157740526206	1	FACE	1382	PRES1_NPPN	Incorrect	LL1	PP0	Lure_PPPP	0	PRACTICE
1157740530021	1	FACE	1382	CUE	Incorrect	LL1	PP0	Lure_PPPP	0	PRACTICE
1157740531403	0	FACE	1382	RESP	Incorrect	LL1	PP0	Lure_PPPP	0	PRACTICE
1157740531444	0	TRIAL	18
1157740534819	1	FACE	1166	PRES1_PNNN	Correct	LL1	PP0	Lure_NPNP	0	PRACTICE
1157740538652	1	FACE	1166	CUE	Correct	LL1	PP0	Lure_NPNP	0	PRACTICE
1157740539818	0	FACE	1166	RESP	Correct	LL1	PP0	Lure_NPNP	0	PRACTICE
1157740539856	0	TRIAL	19
1157740543034	1	FACE	5190	PRES1_PPPP	Correct	LL1	PP0	Lure_NPNN	0	PRACTICE
1157740546965	1	FACE	5190	CUE	Correct	LL1	PP0	Lure_NPNN	0	PRACTICE
1157740552155	0	FACE	5190	RESP	Correct	LL1	PP0	Lure_NPNN	0	PRACTICE
1157740552186	0	TRIAL	20
1157740555346	1	FACE	1699	PRES1_PNPP	Incorrect	LL1	PP1	Target_PNPP	0	PRACTICE
1157740559262	1	FACE	1699	CUE	Incorrect	LL1	PP1	Target_PNPP	0	PRACTICE
1157740560961	1	FACE	1699	RESP	Incorrect	LL1	PP1	Target_PNPP	0	PRACTICE
1157740561001	0	TRIAL	21
1157740564210	1	FACE	1507	PRES1_NPNN	Correct	LL1	PP1	Target_NPNN	0	PRACTICE
1157740567991	1	FACE	1507	CUE	Correct	LL1	PP1	Target_NPNN	0	PRACTICE
1157740569498	0	FACE	1507	RESP	Correct	LL1	PP1	Target_NPNN	0	PRACTICE
1157740569530	0	TRIAL	22
1157740572624	1	FACE	1261	PRES1_NPPP	Correct	LL1	PP1	Target_NPPP	0	PRACTICE
1157740576556	1	FACE	1261	CUE	Correct	LL1	PP1	Target_NPPP	0	PRACTICE
1157740577817	0	FACE	1261	RESP	Correct	LL1	PP1	Target_NPPP	0	PRACTICE
1157740577843	0	TRIAL	23
1157740580870	1	FACE	1167	PRES1_PPPN	Correct	LL1	PP0	Lure_NNPP	0	PRACTICE
1157740584786	1	FACE	1167	CUE	Correct	LL1	PP0	Lure_NNPP	0	PRACTICE
1157740585953	0	FACE	1167	RESP	Correct	LL1	PP0	Lure_NNPP	0	PRACTICE
1157740585990	0	TRIAL	24
1157740589085	1	FACE	1191	PRES1_PNNP	Correct	LL1	PP0	Lure_NNNP	0	PRACTICE
1157740593034	1	FACE	1191	CUE	Correct	LL1	PP0	Lure_NNNP	0	PRACTICE
1157740594225	0	FACE	1191	RESP	Correct	LL1	PP0	Lure_NNNP	0	PRACTICE
1157740594255	0	TRIAL	25
1157740597382	1	FACE	1293	PRES1_NNNN	Correct	LL1	PP0	Lure_NPPN	0	PRACTICE
1157740601364	1	FACE	1293	CUE	Correct	LL1	PP0	Lure_NPPN	0	PRACTICE
1157740602657	0	FACE	1293	RESP	Correct	LL1	PP0	Lure_NPPN	0	PRACTICE
1157740602687	0	TRIAL	26
1157740605696	1	FACE	1723	PRES1_PPPN	Incorrect	LL1	PP1	Target_PPPN	0	PRACTICE
1157740609662	1	FACE	1723	CUE	Incorrect	LL1	PP1	Target_PPPN	0	PRACTICE
1157740611385	0	FACE	1723	RESP	Incorrect	LL1	PP1	Target_PPPN	0	PRACTICE
1157740611416	0	TRIAL	27
1157740614660	1	FACE	1295	PRES1_PPNN	Correct	LL1	PP1	Target_PPNN	0	PRACTICE
1157740618625	1	FACE	1295	CUE	Correct	LL1	PP1	Target_PPNN	0	PRACTICE
1157740619920	0	FACE	1295	RESP	Correct	LL1	PP1	Target_PPNN	0	PRACTICE
1157740619946	0	TRIAL	28
1157740623024	1	FACE	1520	PRES1_PNNP	Correct	LL1	PP1	Target_PNNP	0	PRACTICE
1157740626872	1	FACE	1520	CUE	Correct	LL1	PP1	Target_PNNP	0	PRACTICE
1157740628392	0	FACE	1520	RESP	Correct	LL1	PP1	Target_PNNP	0	PRACTICE
1157740628427	0	TRIAL	29
1157740631338	1	FACE	1312	PRES1_NNPP	Correct	LL1	PP1	Target_NNPP	0	PRACTICE
1157740635120	1	FACE	1312	CUE	Correct	LL1	PP1	Target_NNPP	0	PRACTICE
1157740636432	0	FACE	1312	RESP	Correct	LL1	PP1	Target_NNPP	0	PRACTICE
1157740636459	0	TRIAL	30
1157740639452	1	FACE	1656	PRES1_NPPP	Correct	LL1	PP0	Lure_PPNP	0	PRACTICE
1157740643400	1	FACE	1656	CUE	Correct	LL1	PP0	Lure_PPNP	0	PRACTICE
1157740645056	0	FACE	1656	RESP	Correct	LL1	PP0	Lure_PPNP	0	PRACTICE
1157740645089	0	TRIAL	31
1157740648215	1	FACE	1289	PRES1_PPNP	Correct	LL1	PP1	Target_PPNP	0	PRACTICE
1157740652247	1	FACE	1289	CUE	Correct	LL1	PP1	Target_PPNP	0	PRACTICE
1157740653536	0	FACE	1289	RESP	Correct	LL1	PP1	Target_PPNP	0	PRACTICE
1157740653552	0	TRIAL	32
1157740656329	1	FACE	1252	PRES1_NPPN	Incorrect	LL1	PP1	Target_NPPN	0	PRACTICE
1157740660195	1	FACE	1252	CUE	Incorrect	LL1	PP1	Target_NPPN	0	PRACTICE
1157740661447	0	FACE	1252	RESP	Incorrect	LL1	PP1	Target_NPPN	0	PRACTICE
1157740669024	0	TRIAL	1
1157740672074	1	FACE	1210	PRES1_NPPP	Correct	LL1	PP0	Lure_NNNN	0	PRACTICE
1157740675989	1	FACE	1210	CUE	Correct	LL1	PP0	Lure_NNNN	0	PRACTICE
1157740677199	0	FACE	1210	RESP	Correct	LL1	PP0	Lure_NNNN	0	PRACTICE
1157740677228	0	TRIAL	2
1157740680438	1	FACE	1170	PRES1_PNPN	Correct	LL1	PP1	Target_PNPN	0	PRACTICE
1157740684437	1	FACE	1170	CUE	Correct	LL1	PP1	Target_PNPN	0	PRACTICE
1157740685607	0	FACE	1170	RESP	Correct	LL1	PP1	Target_PNPN	0	PRACTICE
1157740685625	0	TRIAL	3
1157740688719	1	FACE	2441	PRES1_PNNN	Correct	LL1	PP0	Lure_PPPN	0	PRACTICE
1157740692484	1	FACE	2441	CUE	Correct	LL1	PP0	Lure_PPPN	0	PRACTICE
1157740694925	0	FACE	2441	RESP	Correct	LL1	PP0	Lure_PPPN	0	PRACTICE
1157740694954	0	TRIAL	4
1157740698016	1	FACE	1531	PRES1_NNPN	Correct	LL1	PP0	Lure_NPPP	0	PRACTICE
1157740701947	1	FACE	1531	CUE	Correct	LL1	PP0	Lure_NPPP	0	PRACTICE
1157740703478	0	FACE	1531	RESP	Correct	LL1	PP0	Lure_NPPP	0	PRACTICE
1157740703503	0	TRIAL	5
1157740706329	1	FACE	2900	PRES1_NPPP	Correct	LL1	PP1	Target_NPPP	0	PRACTICE
1157740710362	1	FACE	2900	CUE	Correct	LL1	PP1	Target_NPPP	0	PRACTICE
1157740713262	0	FACE	2900	RESP	Correct	LL1	PP1	Target_NPPP	0	PRACTICE
1157740713300	0	TRIAL	6
1157740716293	1	FACE	2126	PRES1_NPPN	Correct	LL1	PP1	Target_NPPN	0	PRACTICE
1157740720175	1	FACE	2126	CUE	Correct	LL1	PP1	Target_NPPN	0	PRACTICE
1157740722301	1	FACE	2126	RESP	Correct	LL1	PP1	Target_NPPN	0	PRACTICE
1157740722329	0	TRIAL	7
1157740725357	1	FACE	1448	PRES1_NPNN	Correct	LL1	PP0	Lure_NNNP	0	PRACTICE
1157740729189	1	FACE	1448	CUE	Correct	LL1	PP0	Lure_NNNP	0	PRACTICE
1157740730637	0	FACE	1448	RESP	Correct	LL1	PP0	Lure_NNNP	0	PRACTICE
1157740730677	0	TRIAL	8
1157740733504	1	FACE	1995	PRES1_PNNP	Correct	LL1	PP1	Target_PNNP	0	PRACTICE
1157740737586	1	FACE	1995	CUE	Correct	LL1	PP1	Target_PNNP	0	PRACTICE
1157740739581	0	FACE	1995	RESP	Correct	LL1	PP1	Target_PNNP	0	PRACTICE
1157740739608	0	TRIAL	9
1157740742418	1	FACE	1181	PRES1_PNPP	Correct	LL1	PP0	Lure_PNNN	0	PRACTICE
1157740746200	1	FACE	1181	CUE	Correct	LL1	PP0	Lure_PNNN	0	PRACTICE
1157740747381	0	FACE	1181	RESP	Correct	LL1	PP0	Lure_PNNN	0	PRACTICE
1157740747406	0	TRIAL	10
1157740750415	1	FACE	2548	PRES1_PPNP	Incorrect	LL1	PP0	Lure_NPNP	0	PRACTICE
1157740754464	1	FACE	2548	CUE	Incorrect	LL1	PP0	Lure_NPNP	0	PRACTICE
1157740757012	0	FACE	2548	RESP	Incorrect	LL1	PP0	Lure_NPNP	0	PRACTICE
1157740757051	0	TRIAL	11
1157740760295	1	FACE	1304	PRES1_NPNP	Correct	LL1	PP1	Target_NPNP	0	PRACTICE
1157740764244	1	FACE	1304	CUE	Correct	LL1	PP1	Target_NPNP	0	PRACTICE
1157740765548	0	FACE	1304	RESP	Correct	LL1	PP1	Target_NPNP	0	PRACTICE
1157740765583	0	TRIAL	12
1157740768426	1	FACE	1218	PRES1_NNNP	Correct	LL1	PP0	Lure_NNPN	0	PRACTICE
1157740772458	1	FACE	1218	CUE	Correct	LL1	PP0	Lure_NNPN	0	PRACTICE
1157740773676	0	FACE	1218	RESP	Correct	LL1	PP0	Lure_NNPN	0	PRACTICE
1157740773712	0	TRIAL	13
1157740776506	1	FACE	1480	PRES1_NNPP	Correct	LL1	PP0	Lure_PNPN	0	PRACTICE
1157740780588	1	FACE	1480	CUE	Correct	LL1	PP0	Lure_PNPN	0	PRACTICE
1157740782068	0	FACE	1480	RESP	Correct	LL1	PP0	Lure_PNPN	0	PRACTICE
1157740782096	0	TRIAL	14
1157740784919	1	FACE	1272	PRES1_NNNN	Incorrect	LL1	PP0	Lure_PNNP	0	PRACTICE
1157740788851	1	FACE	1272	CUE	Incorrect	LL1	PP0	Lure_PNNP	0	PRACTICE
1157740790123	0	FACE	1272	RESP	Incorrect	LL1	PP0	Lure_PNNP	0	PRACTICE
1157740790157	0	TRIAL	15
1157740793017	1	FACE	1784	PRES1_PPNN	Correct	LL1	PP0	Lure_PNPP	0	PRACTICE
1157740796915	1	FACE	1784	CUE	Correct	LL1	PP0	Lure_PNPP	0	PRACTICE
1157740798699	0	FACE	1784	RESP	Correct	LL1	PP0	Lure_PNPP	0	PRACTICE
1157740798739	0	TRIAL	16
1157740801615	1	FACE	1755	PRES1_NPPN	Incorrect	LL1	PP0	Lure_PPPP	0	PRACTICE
1157740805680	1	FACE	1755	CUE	Incorrect	LL1	PP0	Lure_PPPP	0	PRACTICE
1157740807435	0	FACE	1755	RESP	Incorrect	LL1	PP0	Lure_PPPP	0	PRACTICE
1157740807468	0	TRIAL	17
1157740810562	1	FACE	1073	PRES1_PNPN	Correct	LL1	PP0	Lure_NNPP	0	PRACTICE
1157740814594	1	FACE	1073	CUE	Correct	LL1	PP0	Lure_NNPP	0	PRACTICE
1157740815667	0	FACE	1073	RESP	Correct	LL1	PP0	Lure_NNPP	0	PRACTICE
1157740815683	0	TRIAL	18
1157740818792	1	FACE	2092	PRES1_PPPP	Correct	LL1	PP1	Target_PPPP	0	PRACTICE
1157740822558	1	FACE	2092	CUE	Correct	LL1	PP1	Target_PPPP	0	PRACTICE
1157740824650	0	FACE	2092	RESP	Correct	LL1	PP1	Target_PPPP	0	PRACTICE
1157740824682	0	TRIAL	19
1157740827506	1	FACE	2137	PRES1_PPPN	Incorrect	LL1	PP0	Lure_PPNN	0	PRACTICE
1157740831321	1	FACE	2137	CUE	Incorrect	LL1	PP0	Lure_PPNN	0	PRACTICE
1157740833458	0	FACE	2137	RESP	Incorrect	LL1	PP0	Lure_PPNN	0	PRACTICE
1157740833493	0	TRIAL	20
1157740836436	1	FACE	3143	PRES1_NPNP	Correct	LL1	PP0	Lure_NPNN	0	PRACTICE
1157740840435	1	FACE	3143	CUE	Correct	LL1	PP0	Lure_NPNN	0	PRACTICE
1157740843578	0	FACE	3143	RESP	Correct	LL1	PP0	Lure_NPNN	0	PRACTICE
1157740843606	0	TRIAL	21
1157740846433	1	FACE	1544	PRES1_NNPN	Correct	LL1	PP1	Target_NNPN	0	PRACTICE
1157740850432	1	FACE	1544	CUE	Correct	LL1	PP1	Target_NNPN	0	PRACTICE
1157740851976	1	FACE	1544	RESP	Correct	LL1	PP1	Target_NNPN	0	PRACTICE
1157740852004	0	TRIAL	22
1157740854764	1	FACE	1486	PRES1_PNNP	Correct	LL1	PP0	Lure_PPNP	0	PRACTICE
1157740858779	1	FACE	1486	CUE	Correct	LL1	PP0	Lure_PPNP	0	PRACTICE
1157740860265	0	FACE	1486	RESP	Correct	LL1	PP0	Lure_PPNP	0	PRACTICE
1157740860301	0	TRIAL	23
1157740865077	1	FACE	1300	PRES1_NNNP	Correct	LL1	PP1	Target_NNNP	0	PRACTICE
1157740868941	1	FACE	1300	CUE	Correct	LL1	PP1	Target_NNNP	0	PRACTICE
1157740870241	0	FACE	1300	RESP	Correct	LL1	PP1	Target_NNNP	0	PRACTICE
1157740870282	0	TRIAL	24
1157740873091	1	FACE	2485	PRES1_PNPP	Correct	LL1	PP1	Target_PNPP	0	PRACTICE
1157740876972	1	FACE	2485	CUE	Correct	LL1	PP1	Target_PNPP	0	PRACTICE
1157740879457	0	FACE	2485	RESP	Correct	LL1	PP1	Target_PNPP	0	PRACTICE
1157740879494	0	TRIAL	25
1157740882521	1	FACE	2231	PRES1_NNNN	Correct	LL1	PP1	Target_NNNN	0	PRACTICE
1157740886353	1	FACE	2231	CUE	Correct	LL1	PP1	Target_NNNN	0	PRACTICE
1157740888584	0	FACE	2231	RESP	Correct	LL1	PP1	Target_NNNN	0	PRACTICE
1157740888625	0	TRIAL	26
1157740891435	1	FACE	1463	PRES1_PPNN	Correct	LL1	PP1	Target_PPNN	0	PRACTICE
1157740895384	1	FACE	1463	CUE	Correct	LL1	PP1	Target_PPNN	0	PRACTICE
1157740896847	0	FACE	1463	RESP	Correct	LL1	PP1	Target_PPNN	0	PRACTICE
1157740896870	0	TRIAL	27
1157740899715	1	FACE	1459	PRES1_PPPP	Correct	LL1	PP0	Lure_NPPN	0	PRACTICE
1157740903581	1	FACE	1459	CUE	Correct	LL1	PP0	Lure_NPPN	0	PRACTICE
1157740905040	0	FACE	1459	RESP	Correct	LL1	PP0	Lure_NPPN	0	PRACTICE
1157740905069	0	TRIAL	28
1157740908213	1	FACE	2149	PRES1_PPNP	Correct	LL1	PP1	Target_PPNP	0	PRACTICE
1157740912195	1	FACE	2149	CUE	Correct	LL1	PP1	Target_PPNP	0	PRACTICE
1157740914344	0	FACE	2149	RESP	Correct	LL1	PP1	Target_PPNP	0	PRACTICE
1157740914367	0	TRIAL	29
1157740917210	1	FACE	1490	PRES1_PNNN	Correct	LL1	PP1	Target_PNNN	0	PRACTICE
1157740921125	1	FACE	1490	CUE	Correct	LL1	PP1	Target_PNNN	0	PRACTICE
1157740922615	0	FACE	1490	RESP	Correct	LL1	PP1	Target_PNNN	0	PRACTICE
1157740922646	0	TRIAL	30
1157740925407	1	FACE	3161	PRES1_NPNN	Correct	LL1	PP1	Target_NPNN	0	PRACTICE
1157740929206	1	FACE	3161	CUE	Correct	LL1	PP1	Target_NPNN	0	PRACTICE
1157740932367	0	FACE	3161	RESP	Correct	LL1	PP1	Target_NPNN	0	PRACTICE
1157740932393	0	TRIAL	31
1157740935137	1	FACE	4110	PRES1_NNPP	Correct	LL1	PP1	Target_NNPP	0	PRACTICE
1157740938968	1	FACE	4110	CUE	Correct	LL1	PP1	Target_NNPP	0	PRACTICE
1157740943078	1	FACE	4110	RESP	Correct	LL1	PP1	Target_NNPP	0	PRACTICE
1157740943091	0	TRIAL	32
1157740945849	1	FACE	2611	PRES1_PPPN	Correct	LL1	PP1	Target_PPPN	0	PRACTICE
1157740949699	1	FACE	2611	CUE	Correct	LL1	PP1	Target_PPPN	0	PRACTICE
1157740952310	0	FACE	2611	RESP	Correct	LL1	PP1	Target_PPPN	0	PRACTICE
1157740972597	0	SESS_END	1
1157740972606	0	E	Logging Ends
