1165423693195	0	B	Logging Begins
1165423693196	0	SESS_START	0
1165423690783	0	E	Logging Ends
1165438545413	0	B	Logging Begins
1165438545413	0	SESS_START	0
1165438683251	0	TRIAL	1
1165438692000	1	FACE	13020	PRES1_NNNP	Correct	LL1	PP0	Lure_PPPP	2	0	PRACTICE
1165438695997	1	FACE	13020	CUE	Correct	LL1	PP0	Lure_PPPP	2	0	PRACTICE
1165438709017	0	FACE	13020	RESP	Correct	LL1	PP0	Lure_PPPP	2	0	PRACTICE
1165438709046	0	TRIAL	2
1165438713793	1	FACE	1819	PRES1_PPNN	Correct	LL1	PP0	Lure_PNNP	1	0	PRACTICE
1165438717598	1	FACE	1819	CUE	Correct	LL1	PP0	Lure_PNNP	1	0	PRACTICE
1165438719417	0	FACE	1819	RESP	Correct	LL1	PP0	Lure_PNNP	1	0	PRACTICE
1165438719462	0	TRIAL	3
1165438723394	1	FACE	1432	PRES1_NNNN	Correct	LL1	PP0	Lure_PNPN	1	0	PRACTICE
1165438727176	1	FACE	1432	CUE	Correct	LL1	PP0	Lure_PNPN	1	0	PRACTICE
1165438728608	1	FACE	1432	RESP	Correct	LL1	PP0	Lure_PNPN	1	0	PRACTICE
1165438728640	0	TRIAL	4
1165438732194	1	FACE	1492	PRES1_PPPN	Correct	LL1	PP1	Target_PPPN	6	0	PRACTICE
1165438735988	1	FACE	1492	CUE	Correct	LL1	PP1	Target_PPPN	6	0	PRACTICE
1165438737480	0	FACE	1492	RESP	Correct	LL1	PP1	Target_PPPN	6	0	PRACTICE
1165438737521	0	TRIAL	5
1165438740958	1	FACE	3265	PRES1_PNNN	Correct	LL1	PP1	Target_PNNN	4	0	PRACTICE
1165438744967	1	FACE	3265	CUE	Correct	LL1	PP1	Target_PNNN	4	0	PRACTICE
1165438748232	0	FACE	3265	RESP	Correct	LL1	PP1	Target_PNNN	4	0	PRACTICE
1165438748268	0	TRIAL	6
1165438752024	1	FACE	1400	PRES1_NNPP	Correct	LL1	PP0	Lure_PPNP	1	0	PRACTICE
1165438755792	1	FACE	1400	CUE	Correct	LL1	PP0	Lure_PPNP	1	0	PRACTICE
1165438757192	0	FACE	1400	RESP	Correct	LL1	PP0	Lure_PPNP	1	0	PRACTICE
1165438757231	0	TRIAL	7
1165438760544	1	FACE	1948	PRES1_NPNP	Correct	LL1	PP1	Target_NPNP	6	0	PRACTICE
1165438764435	1	FACE	1948	CUE	Correct	LL1	PP1	Target_NPNP	6	0	PRACTICE
1165438766383	0	FACE	1948	RESP	Correct	LL1	PP1	Target_NPNP	6	0	PRACTICE
1165438766427	0	TRIAL	8
1165438770219	1	FACE	1604	PRES1_PPNN	Correct	LL1	PP1	Target_PPNN	6	0	PRACTICE
1165438774259	1	FACE	1604	CUE	Correct	LL1	PP1	Target_PPNN	6	0	PRACTICE
1165438775863	0	FACE	1604	RESP	Correct	LL1	PP1	Target_PPNN	6	0	PRACTICE
1165438775893	0	TRIAL	9
1165438779165	1	FACE	2601	PRES1_NPPN	Correct	LL1	PP0	Lure_PPPN	3	0	PRACTICE
1165438783134	1	FACE	2601	CUE	Correct	LL1	PP0	Lure_PPPN	3	0	PRACTICE
1165438785735	0	FACE	2601	RESP	Correct	LL1	PP0	Lure_PPPN	3	0	PRACTICE
1165438785773	0	TRIAL	10
1165438789473	1	FACE	1263	PRES1_PNNN	Correct	LL1	PP0	Lure_NPPP	1	0	PRACTICE
1165438793271	1	FACE	1263	CUE	Correct	LL1	PP0	Lure_NPPP	1	0	PRACTICE
1165438794534	0	FACE	1263	RESP	Correct	LL1	PP0	Lure_NPPP	1	0	PRACTICE
1165438794569	0	TRIAL	11
1165438797709	1	FACE	3024	PRES1_PNNP	Correct	LL1	PP1	Target_PNNP	4	0	PRACTICE
1165438801502	1	FACE	3024	CUE	Correct	LL1	PP1	Target_PNNP	4	0	PRACTICE
1165438804526	0	FACE	3024	RESP	Correct	LL1	PP1	Target_PNNP	4	0	PRACTICE
1165438804565	0	TRIAL	12
1165438807544	1	FACE	1859	PRES1_PPPP	Correct	LL1	PP1	Target_PPPP	6	0	PRACTICE
1165438811363	1	FACE	1859	CUE	Correct	LL1	PP1	Target_PPPP	6	0	PRACTICE
1165438813222	0	FACE	1859	RESP	Correct	LL1	PP1	Target_PPPP	6	0	PRACTICE
1165438813264	0	TRIAL	13
1165438816280	1	FACE	1078	PRES1_NPNN	Correct	LL1	PP1	Target_NPNN	6	0	PRACTICE
1165438820215	1	FACE	1078	CUE	Correct	LL1	PP1	Target_NPNN	6	0	PRACTICE
1165438821293	1	FACE	1078	RESP	Correct	LL1	PP1	Target_NPNN	6	0	PRACTICE
1165438821327	0	TRIAL	14
1165438824224	1	FACE	1921	PRES1_NNPN	Correct	LL1	PP0	Lure_NNPP	3	0	PRACTICE
1165438828236	1	FACE	1921	CUE	Correct	LL1	PP0	Lure_NNPP	3	0	PRACTICE
1165438830157	0	FACE	1921	RESP	Correct	LL1	PP0	Lure_NNPP	3	0	PRACTICE
1165438830193	0	TRIAL	15
1165438833411	1	FACE	1250	PRES1_PNPN	Correct	LL1	PP0	Lure_NNNP	1	0	PRACTICE
1165438837211	1	FACE	1250	CUE	Correct	LL1	PP0	Lure_NNNP	1	0	PRACTICE
1165438838461	0	FACE	1250	RESP	Correct	LL1	PP0	Lure_NNNP	1	0	PRACTICE
1165438838490	0	TRIAL	16
1165438842535	1	FACE	1173	PRES1_PPNP	Incorrect	LL1	PP0	Lure_NPNN	6	0	PRACTICE
1165438846559	1	FACE	1173	CUE	Incorrect	LL1	PP0	Lure_NPNN	6	0	PRACTICE
1165438847732	1	FACE	1173	RESP	Incorrect	LL1	PP0	Lure_NPNN	6	0	PRACTICE
1165438847769	0	TRIAL	17
1165438852917	1	FACE	2425	PRES1_PNNP	Correct	LL1	PP0	Lure_NPNP	2	0	PRACTICE
1165438856899	1	FACE	2425	CUE	Correct	LL1	PP0	Lure_NPNP	2	0	PRACTICE
1165438859324	0	FACE	2425	RESP	Correct	LL1	PP0	Lure_NPNP	2	0	PRACTICE
1165438859365	0	TRIAL	18
1165438862359	1	FACE	3278	PRES1_NNNN	Correct	LL1	PP1	Target_NNNN	5	0	PRACTICE
1165438866390	1	FACE	3278	CUE	Correct	LL1	PP1	Target_NNNN	5	0	PRACTICE
1165438869668	0	FACE	3278	RESP	Correct	LL1	PP1	Target_NNNN	5	0	PRACTICE
1165438869711	0	TRIAL	19
1165438873195	1	FACE	1235	PRES1_PPNP	Correct	LL1	PP1	Target_PPNP	6	0	PRACTICE
1165438877249	1	FACE	1235	CUE	Correct	LL1	PP1	Target_PPNP	6	0	PRACTICE
1165438878484	0	FACE	1235	RESP	Correct	LL1	PP1	Target_PPNP	6	0	PRACTICE
1165438878526	0	TRIAL	20
1165438881432	1	FACE	1043	PRES1_NPPN	Correct	LL1	PP1	Target_NPPN	6	0	PRACTICE
1165438885160	1	FACE	1043	CUE	Correct	LL1	PP1	Target_NPPN	6	0	PRACTICE
1165438886203	0	FACE	1043	RESP	Correct	LL1	PP1	Target_NPPN	6	0	PRACTICE
1165438886239	0	TRIAL	21
1165438889273	1	FACE	980	PRES1_PNPP	Correct	LL1	PP1	Target_PNPP	6	0	PRACTICE
1165438893087	1	FACE	980	CUE	Correct	LL1	PP1	Target_PNPP	6	0	PRACTICE
1165438894067	0	FACE	980	RESP	Correct	LL1	PP1	Target_PNPP	6	0	PRACTICE
1165438894104	0	TRIAL	22
1165438897330	1	FACE	936	PRES1_NNNP	Correct	LL1	PP1	Target_NNNP	6	0	PRACTICE
1165438901315	1	FACE	936	CUE	Correct	LL1	PP1	Target_NNNP	6	0	PRACTICE
1165438902251	0	FACE	936	RESP	Correct	LL1	PP1	Target_NNNP	6	0	PRACTICE
1165438902286	0	TRIAL	23
1165438905543	1	FACE	1209	PRES1_NPPP	Correct	LL1	PP0	Lure_NNPN	1	0	PRACTICE
1165438909489	1	FACE	1209	CUE	Correct	LL1	PP0	Lure_NNPN	1	0	PRACTICE
1165438910698	0	FACE	1209	RESP	Correct	LL1	PP0	Lure_NNPN	1	0	PRACTICE
1165438910731	0	TRIAL	24
1165438913602	1	FACE	1329	PRES1_NPNP	Correct	LL1	PP0	Lure_PNPP	1	0	PRACTICE
1165438917401	1	FACE	1329	CUE	Correct	LL1	PP0	Lure_PNPP	1	0	PRACTICE
1165438918730	0	FACE	1329	RESP	Correct	LL1	PP0	Lure_PNPP	1	0	PRACTICE
1165438918763	0	TRIAL	25
1165438921893	1	FACE	1288	PRES1_PPPP	Correct	LL1	PP0	Lure_PPNN	1	0	PRACTICE
1165438925657	1	FACE	1288	CUE	Correct	LL1	PP0	Lure_PPNN	1	0	PRACTICE
1165438926945	0	FACE	1288	RESP	Correct	LL1	PP0	Lure_PPNN	1	0	PRACTICE
1165438926977	0	TRIAL	26
1165438930704	1	FACE	1192	PRES1_NNPP	Correct	LL1	PP1	Target_NNPP	6	0	PRACTICE
1165438934698	1	FACE	1192	CUE	Correct	LL1	PP1	Target_NNPP	6	0	PRACTICE
1165438935890	0	FACE	1192	RESP	Correct	LL1	PP1	Target_NNPP	6	0	PRACTICE
1165438935924	0	TRIAL	27
1165438938932	1	FACE	1428	PRES1_NPNN	Correct	LL1	PP0	Lure_NNNN	1	0	PRACTICE
1165438942877	1	FACE	1428	CUE	Correct	LL1	PP0	Lure_NNNN	1	0	PRACTICE
1165438944305	0	FACE	1428	RESP	Correct	LL1	PP0	Lure_NNNN	1	0	PRACTICE
1165438944338	0	TRIAL	28
1165438947170	1	FACE	1451	PRES1_NPPP	Correct	LL1	PP1	Target_NPPP	6	0	PRACTICE
1165438951038	1	FACE	1451	CUE	Correct	LL1	PP1	Target_NPPP	6	0	PRACTICE
1165438952489	0	FACE	1451	RESP	Correct	LL1	PP1	Target_NPPP	6	0	PRACTICE
1165438952518	0	TRIAL	29
1165438956980	1	FACE	4395	PRES1_PNPP	Incorrect	LL1	PP0	Lure_NPPN	4	0	PRACTICE
1165438961029	1	FACE	4395	CUE	Incorrect	LL1	PP0	Lure_NPPN	4	0	PRACTICE
1165438965424	1	FACE	4395	RESP	Incorrect	LL1	PP0	Lure_NPPN	4	0	PRACTICE
1165438965468	0	TRIAL	30
1165438968701	1	FACE	1407	PRES1_PNPN	Correct	LL1	PP1	Target_PNPN	6	0	PRACTICE
1165438972641	1	FACE	1407	CUE	Correct	LL1	PP1	Target_PNPN	6	0	PRACTICE
1165438974048	0	FACE	1407	RESP	Correct	LL1	PP1	Target_PNPN	6	0	PRACTICE
1165438974079	0	TRIAL	31
1165438977334	1	FACE	1872	PRES1_NNPN	Correct	LL1	PP1	Target_NNPN	6	0	PRACTICE
1165438981216	1	FACE	1872	CUE	Correct	LL1	PP1	Target_NNPN	6	0	PRACTICE
1165438983088	0	FACE	1872	RESP	Correct	LL1	PP1	Target_NNPN	6	0	PRACTICE
1165438983125	0	TRIAL	32
1165438986446	1	FACE	1178	PRES1_PPPN	Correct	LL1	PP0	Lure_PNNN	1	0	PRACTICE
1165438990470	1	FACE	1178	CUE	Correct	LL1	PP0	Lure_PNNN	1	0	PRACTICE
1165438991648	0	FACE	1178	RESP	Correct	LL1	PP0	Lure_PNNN	1	0	PRACTICE
1165439007064	0	TRIAL	1
1165439016847	1	FACE	1307	PRES1_NNNN	Correct	LL1	PP1	Target_NNNN	6	0	PRACTICE
1165439020618	1	FACE	1307	CUE	Correct	LL1	PP1	Target_NNNN	6	0	PRACTICE
1165439021925	1	FACE	1307	RESP	Correct	LL1	PP1	Target_NNNN	6	0	PRACTICE
1165439021961	0	TRIAL	2
1165439028430	1	FACE	693	PRES1_PPNP	Correct	LL1	PP1	Target_PPNP	6	0	PRACTICE
1165439032409	1	FACE	693	CUE	Correct	LL1	PP1	Target_PPNP	6	0	PRACTICE
1165439033102	0	FACE	693	RESP	Correct	LL1	PP1	Target_PPNP	6	0	PRACTICE
1165439033142	0	TRIAL	3
1165439036072	1	FACE	1072	PRES1_NNNP	Correct	LL1	PP0	Lure_PNPP	1	0	PRACTICE
1165439039830	1	FACE	1072	CUE	Correct	LL1	PP0	Lure_PNPP	1	0	PRACTICE
1165439040902	0	FACE	1072	RESP	Correct	LL1	PP0	Lure_PNPP	1	0	PRACTICE
1165439040938	0	TRIAL	4
1165439043873	1	FACE	826	PRES1_NPPN	Correct	LL1	PP0	Lure_NNPP	1	0	PRACTICE
1165439047796	1	FACE	826	CUE	Correct	LL1	PP0	Lure_NNPP	1	0	PRACTICE
1165439048622	0	FACE	826	RESP	Correct	LL1	PP0	Lure_NNPP	1	0	PRACTICE
1165439048655	0	TRIAL	5
1165439052231	1	FACE	1403	PRES1_PPNP	Incorrect	LL1	PP0	Lure_NPPP	4	0	PRACTICE
1165439056018	1	FACE	1403	CUE	Incorrect	LL1	PP0	Lure_NPPP	4	0	PRACTICE
1165439057421	0	FACE	1403	RESP	Incorrect	LL1	PP0	Lure_NPPP	4	0	PRACTICE
1165439057452	0	TRIAL	6
1165439060294	1	FACE	1527	PRES1_PNPP	Correct	LL1	PP1	Target_PNPP	6	0	PRACTICE
1165439064342	1	FACE	1527	CUE	Correct	LL1	PP1	Target_PNPP	6	0	PRACTICE
1165439065869	0	FACE	1527	RESP	Correct	LL1	PP1	Target_PNPP	6	0	PRACTICE
1165439065899	0	TRIAL	7
1165439068895	1	FACE	1441	PRES1_PPPN	Correct	LL1	PP0	Lure_NNNN	1	0	PRACTICE
1165439072884	1	FACE	1441	CUE	Correct	LL1	PP0	Lure_NNNN	1	0	PRACTICE
1165439074325	0	FACE	1441	RESP	Correct	LL1	PP0	Lure_NNNN	1	0	PRACTICE
1165439074362	0	TRIAL	8
1165439077655	1	FACE	1515	PRES1_NPNP	Correct	LL1	PP0	Lure_PPNP	1	0	PRACTICE
1165439081626	1	FACE	1515	CUE	Correct	LL1	PP0	Lure_PPNP	1	0	PRACTICE
1165439083141	0	FACE	1515	RESP	Correct	LL1	PP0	Lure_PPNP	1	0	PRACTICE
1165439083176	0	TRIAL	9
1165439086151	1	FACE	1518	PRES1_PNNP	Correct	LL1	PP1	Target_PNNP	6	0	PRACTICE
1165439090174	1	FACE	1518	CUE	Correct	LL1	PP1	Target_PNNP	6	0	PRACTICE
1165439091692	0	FACE	1518	RESP	Correct	LL1	PP1	Target_PNNP	6	0	PRACTICE
1165439091724	0	TRIAL	10
1165439094613	1	FACE	883	PRES1_NNPN	Correct	LL1	PP0	Lure_PPPP	1	0	PRACTICE
1165439098345	1	FACE	883	CUE	Correct	LL1	PP0	Lure_PPPP	1	0	PRACTICE
1165439099228	0	FACE	883	RESP	Correct	LL1	PP0	Lure_PPPP	1	0	PRACTICE
1165439099271	0	TRIAL	11
1165439102109	1	FACE	825	PRES1_PNNN	Correct	LL1	PP1	Target_PNNN	6	0	PRACTICE
1165439106042	1	FACE	825	CUE	Correct	LL1	PP1	Target_PNNN	6	0	PRACTICE
1165439106867	1	FACE	825	RESP	Correct	LL1	PP1	Target_PNNN	6	0	PRACTICE
1165439106902	0	TRIAL	12
1165439109833	1	FACE	741	PRES1_NPPP	Correct	LL1	PP0	Lure_PPPN	1	0	PRACTICE
1165439113782	1	FACE	741	CUE	Correct	LL1	PP0	Lure_PPPN	1	0	PRACTICE
1165439114523	0	FACE	741	RESP	Correct	LL1	PP0	Lure_PPPN	1	0	PRACTICE
1165439114566	0	TRIAL	13
1165439117638	1	FACE	805	PRES1_NNPP	Correct	LL1	PP1	Target_NNPP	6	0	PRACTICE
1165439121446	1	FACE	805	CUE	Correct	LL1	PP1	Target_NNPP	6	0	PRACTICE
1165439122251	0	FACE	805	RESP	Correct	LL1	PP1	Target_NNPP	6	0	PRACTICE
1165439122298	0	TRIAL	14
1165439125533	1	FACE	876	PRES1_NNNN	Correct	LL1	PP0	Lure_PNNN	1	0	PRACTICE
1165439129431	1	FACE	876	CUE	Correct	LL1	PP0	Lure_PNNN	1	0	PRACTICE
1165439130307	0	FACE	876	RESP	Correct	LL1	PP0	Lure_PNNN	1	0	PRACTICE
1165439130345	0	TRIAL	15
1165439133294	1	FACE	764	PRES1_PPNN	Correct	LL1	PP0	Lure_PNNP	1	0	PRACTICE
1165439137119	1	FACE	764	CUE	Correct	LL1	PP0	Lure_PNNP	1	0	PRACTICE
1165439137883	0	FACE	764	RESP	Correct	LL1	PP0	Lure_PNNP	1	0	PRACTICE
1165439137926	0	TRIAL	16
1165439140793	1	FACE	856	PRES1_NPNN	Correct	LL1	PP1	Target_NPNN	6	0	PRACTICE
1165439144842	1	FACE	856	CUE	Correct	LL1	PP1	Target_NPNN	6	0	PRACTICE
1165439145698	0	FACE	856	RESP	Correct	LL1	PP1	Target_NPNN	6	0	PRACTICE
1165439145740	0	TRIAL	17
1165439148745	1	FACE	833	PRES1_NPNP	Correct	LL1	PP1	Target_NPNP	6	0	PRACTICE
1165439152697	1	FACE	833	CUE	Correct	LL1	PP1	Target_NPNP	6	0	PRACTICE
1165439153530	0	FACE	833	RESP	Correct	LL1	PP1	Target_NPNP	6	0	PRACTICE
1165439153571	0	TRIAL	18
1165439156399	1	FACE	756	PRES1_PNNP	Correct	LL1	PP0	Lure_PPNN	1	0	PRACTICE
1165439160430	1	FACE	756	CUE	Correct	LL1	PP0	Lure_PPNN	1	0	PRACTICE
1165439161186	0	FACE	756	RESP	Correct	LL1	PP0	Lure_PPNN	1	0	PRACTICE
1165439161218	0	TRIAL	19
1165439164047	1	FACE	917	PRES1_PPPP	Correct	LL1	PP0	Lure_NNPN	1	0	PRACTICE
1165439167837	1	FACE	917	CUE	Correct	LL1	PP0	Lure_NNPN	1	0	PRACTICE
1165439168754	0	FACE	917	RESP	Correct	LL1	PP0	Lure_NNPN	1	0	PRACTICE
1165439168801	0	TRIAL	20
1165439171719	1	FACE	715	PRES1_PNPP	Correct	LL1	PP0	Lure_NPNP	1	0	PRACTICE
1165439175542	1	FACE	715	CUE	Correct	LL1	PP0	Lure_NPNP	1	0	PRACTICE
1165439176257	0	FACE	715	RESP	Correct	LL1	PP0	Lure_NPNP	1	0	PRACTICE
1165439176296	0	TRIAL	21
1165439179359	1	FACE	887	PRES1_PNNN	Correct	LL1	PP0	Lure_NPPN	1	0	PRACTICE
1165439183258	1	FACE	887	CUE	Correct	LL1	PP0	Lure_NPPN	1	0	PRACTICE
1165439184145	0	FACE	887	RESP	Correct	LL1	PP0	Lure_NPPN	1	0	PRACTICE
1165439184178	0	TRIAL	22
1165439187114	1	FACE	820	PRES1_NNPN	Incorrect	LL1	PP1	Target_NNPN	1	0	PRACTICE
1165439190981	1	FACE	820	CUE	Incorrect	LL1	PP1	Target_NNPN	1	0	PRACTICE
1165439191801	0	FACE	820	RESP	Incorrect	LL1	PP1	Target_NNPN	1	0	PRACTICE
1165439191841	0	TRIAL	23
1165439195065	1	FACE	915	PRES1_PNPN	Correct	LL1	PP1	Target_PNPN	6	0	PRACTICE
1165439198822	1	FACE	915	CUE	Correct	LL1	PP1	Target_PNPN	6	0	PRACTICE
1165439199737	0	FACE	915	RESP	Correct	LL1	PP1	Target_PNPN	6	0	PRACTICE
1165439199773	0	TRIAL	24
1165439202668	1	FACE	764	PRES1_PPPN	Correct	LL1	PP1	Target_PPPN	6	0	PRACTICE
1165439206508	1	FACE	764	CUE	Correct	LL1	PP1	Target_PPPN	6	0	PRACTICE
1165439207272	0	FACE	764	RESP	Correct	LL1	PP1	Target_PPPN	6	0	PRACTICE
1165439207304	0	TRIAL	25
1165439210109	1	FACE	564	PRES1_NNNP	Correct	LL1	PP1	Target_NNNP	6	0	PRACTICE
1165439213956	1	FACE	564	CUE	Correct	LL1	PP1	Target_NNNP	6	0	PRACTICE
1165439214520	0	FACE	564	RESP	Correct	LL1	PP1	Target_NNNP	6	0	PRACTICE
1165439214551	0	TRIAL	26
1165439217389	1	FACE	768	PRES1_NPNN	Correct	LL1	PP0	Lure_PNPN	1	0	PRACTICE
1165439221392	1	FACE	768	CUE	Correct	LL1	PP0	Lure_PNPN	1	0	PRACTICE
1165439222160	0	FACE	768	RESP	Correct	LL1	PP0	Lure_PNPN	1	0	PRACTICE
1165439222198	0	TRIAL	27
1165439225102	1	FACE	890	PRES1_PPPP	Correct	LL1	PP1	Target_PPPP	6	0	PRACTICE
1165439229060	1	FACE	890	CUE	Correct	LL1	PP1	Target_PPPP	6	0	PRACTICE
1165439229950	1	FACE	890	RESP	Correct	LL1	PP1	Target_PPPP	6	0	PRACTICE
1165439229996	0	TRIAL	28
1165439232803	1	FACE	623	PRES1_NPPP	Correct	LL1	PP1	Target_NPPP	6	0	PRACTICE
1165439236760	1	FACE	623	CUE	Correct	LL1	PP1	Target_NPPP	6	0	PRACTICE
1165439237383	0	FACE	623	RESP	Correct	LL1	PP1	Target_NPPP	6	0	PRACTICE
1165439237427	0	TRIAL	29
1165439240249	1	FACE	3118	PRES1_PNPN	Correct	LL1	PP0	Lure_NPNN	3	0	PRACTICE
1165439244129	1	FACE	3118	CUE	Correct	LL1	PP0	Lure_NPNN	3	0	PRACTICE
1165439247247	0	FACE	3118	RESP	Correct	LL1	PP0	Lure_NPNN	3	0	PRACTICE
1165439247298	0	TRIAL	30
1165439250166	1	FACE	1129	PRES1_PPNN	Correct	LL1	PP1	Target_PPNN	6	0	PRACTICE
1165439254117	1	FACE	1129	CUE	Correct	LL1	PP1	Target_PPNN	6	0	PRACTICE
1165439255246	1	FACE	1129	RESP	Correct	LL1	PP1	Target_PPNN	6	0	PRACTICE
1165439255288	0	TRIAL	31
1165439258115	1	FACE	681	PRES1_NPPN	Correct	LL1	PP1	Target_NPPN	6	0	PRACTICE
1165439262005	1	FACE	681	CUE	Correct	LL1	PP1	Target_NPPN	6	0	PRACTICE
1165439262686	0	FACE	681	RESP	Correct	LL1	PP1	Target_NPPN	6	0	PRACTICE
1165439262720	0	TRIAL	32
1165439265641	1	FACE	893	PRES1_NNPP	Correct	LL1	PP0	Lure_NNNP	1	0	PRACTICE
1165439269505	1	FACE	893	CUE	Correct	LL1	PP0	Lure_NNNP	1	0	PRACTICE
1165439270398	0	FACE	893	RESP	Correct	LL1	PP0	Lure_NNNP	1	0	PRACTICE
1165438542914	0	E	Logging Ends
