1165939682230	0	B	Logging Begins
1165939682230	0	SETUP
1165939682521	0	RESTORESTATE
1165939682521	0	RESTORESTATE
1165939682530	0	SESSION	0
1165939682533	0	SESSION	1
1165939682538	0	SAVESTATE
1165939682538	0	RESTORESTATE
1165939682541	0	SESSION	0
1165939749716	0	SAVESTATE
1165939762146	0	SAVESTATE
1165939772626	0	SAVESTATE
1165939785556	0	SAVESTATE
1165939793702	0	SAVESTATE
1165939802200	0	SAVESTATE
1165939810246	0	SAVESTATE
1165939818694	0	SAVESTATE
1165939826426	0	SAVESTATE
1165939834307	0	SAVESTATE
1165939842387	0	SAVESTATE
1165939850167	0	SAVESTATE
1165939857948	0	SAVESTATE
1165939865846	0	SAVESTATE
1165939873694	0	SAVESTATE
1165939881274	0	SAVESTATE
1165939889106	0	SAVESTATE
1165939897268	0	SAVESTATE
1165939906118	0	SAVESTATE
1165939914013	0	SAVESTATE
1165939922245	0	SAVESTATE
1165939930774	0	SAVESTATE
1165939938622	0	SAVESTATE
1165939946870	0	SAVESTATE
1165939954835	0	SAVESTATE
1165939962881	0	SAVESTATE
1165939970829	0	SAVESTATE
1165939978626	0	SAVESTATE
1165939986961	0	SAVESTATE
1165939997370	0	SAVESTATE
1165940005818	0	SAVESTATE
1165940015565	0	SAVESTATE
1165940032342	0	SAVESTATE
1165940040657	0	SAVESTATE
1165940049853	0	SAVESTATE
1165940058184	0	SAVESTATE
1165940066048	0	SAVESTATE
1165940074362	0	SAVESTATE
1165940081693	0	SAVESTATE
1165940089307	0	SAVESTATE
1165940097154	0	SAVESTATE
1165940104820	0	SAVESTATE
1165940112133	0	SAVESTATE
1165940120214	0	SAVESTATE
1165940128111	0	SAVESTATE
1165940136227	0	SAVESTATE
1165940143839	0	SAVESTATE
1165940151637	0	SAVESTATE
1165940159118	0	SAVESTATE
1165940167166	0	SAVESTATE
1165940174947	0	SAVESTATE
1165940182644	0	SAVESTATE
1165940190126	0	SAVESTATE
1165940197740	0	SAVESTATE
1165940206486	0	SAVESTATE
1165940214351	0	SAVESTATE
1165940222265	0	SAVESTATE
1165940230130	0	SAVESTATE
1165940237959	0	SAVESTATE
1165940245773	0	SAVESTATE
1165940253625	0	SAVESTATE
1165940261119	0	SAVESTATE
1165940270399	0	SAVESTATE
1165940277830	0	SAVESTATE
1165940287656	0	BREAK
1165940287656	0	E	Logging Ends
