1165527473959	0	B	Logging Begins
1165527473959	0	INSTRUCTIONSTART	JointRoller	/Library/Frameworks/Python.framework/Versions/2.4/lib/python2.4/site-packages/pyepl/resources/vera.ttf	51	(0, 0, 0)	'This study will analyze your memory for face items. A star (*) will be\nshown to warn you that the trial is about to begin.  After the study\nitem you see a probe, and you are asked to indicate whether the probe\nis identical to the study item. \n\nYou will respond on the keyboard, with a confidence judgment between 1\nand 6.  A judgment of 6 indicates that you are near certain that the\nprobe is identical to the study item, a judgment of 5 indicates moderate \nconfidence, and a judgment of 4 indicates that you think that the probe\nis identical, but are quite unsure.  A judgment of 1 indicates that you\nare near certain that the probe is NOT identical to the study item, a \njudgment of 2 indicates moderate confidence, and a judgment of 3 indicates\nthat you think that the probe is NOT identical, but are quite unsure.\n\nSo, judgments of 4, 5, and 6 all indicate "YES"; 1, 2, and 3 all indicate\n"NO".\n\nYou should rest your fingers on the bottom row of the keyboard.  "Z", "X", \nand "C" will correspond to confidence judgments of 1, 2, and 3, \nrespectively.  "," "." and "/" will correspond to judgments of 4, 5, and \n6, respectively.\n\nRESPOND AS QUICKLY AS YOU CAN WITHOUT COMPROMISING YOUR ACCURACY.\n\nYou will do two blocks, each consisting of 32 trials.\n\nLet\'s proceed!\n\n'
1165527474020	1	INSTRUCTIONSCROLL	0
1165527493104	1	INSTRUCTIONSCROLL	1
1165527493121	1	INSTRUCTIONSCROLL	5
1165527493137	1	INSTRUCTIONSCROLL	9
1165527493154	1	INSTRUCTIONSCROLL	12
1165527493171	1	INSTRUCTIONSCROLL	15
1165527493187	1	INSTRUCTIONSCROLL	19
1165527493204	1	INSTRUCTIONSCROLL	22
1165527493221	1	INSTRUCTIONSCROLL	25
1165527493237	1	INSTRUCTIONSCROLL	28
1165527493254	1	INSTRUCTIONSCROLL	32
1165527493271	1	INSTRUCTIONSCROLL	35
1165527493287	1	INSTRUCTIONSCROLL	39
1165527503733	1	INSTRUCTIONSCROLL	40
1165527503750	1	INSTRUCTIONSCROLL	41
1165527503766	1	INSTRUCTIONSCROLL	44
1165527503783	1	INSTRUCTIONSCROLL	48
1165527503800	1	INSTRUCTIONSCROLL	51
1165527503816	1	INSTRUCTIONSCROLL	54
1165527503833	1	INSTRUCTIONSCROLL	57
1165527503850	1	INSTRUCTIONSCROLL	61
1165527503866	1	INSTRUCTIONSCROLL	64
1165527503883	1	INSTRUCTIONSCROLL	68
1165527503899	1	INSTRUCTIONSCROLL	71
1165527503916	1	INSTRUCTIONSCROLL	74
1165527503933	1	INSTRUCTIONSCROLL	77
1165527503949	1	INSTRUCTIONSCROLL	81
1165527503966	1	INSTRUCTIONSCROLL	84
1165527503983	1	INSTRUCTIONSCROLL	87
1165527504001	1	INSTRUCTIONSCROLL	91
1165527504017	1	INSTRUCTIONSCROLL	94
1165527504034	1	INSTRUCTIONSCROLL	98
1165527504050	1	INSTRUCTIONSCROLL	101
1165527504067	1	INSTRUCTIONSCROLL	104
1165527504084	1	INSTRUCTIONSCROLL	108
1165527504100	1	INSTRUCTIONSCROLL	111
1165527504117	1	INSTRUCTIONSCROLL	114
1165527504134	1	INSTRUCTIONSCROLL	118
1165527504150	1	INSTRUCTIONSCROLL	121
1165527504167	1	INSTRUCTIONSCROLL	124
1165527504184	1	INSTRUCTIONSCROLL	128
1165527504201	1	INSTRUCTIONSCROLL	131
1165527504217	1	INSTRUCTIONSCROLL	135
1165527504234	1	INSTRUCTIONSCROLL	138
1165527504250	1	INSTRUCTIONSCROLL	141
1165527504267	1	INSTRUCTIONSCROLL	144
1165527504284	1	INSTRUCTIONSCROLL	148
1165527504300	1	INSTRUCTIONSCROLL	151
1165527504317	1	INSTRUCTIONSCROLL	154
1165527504866	1	INSTRUCTIONSCROLL	155
1165527504883	1	INSTRUCTIONSCROLL	158
1165527504899	1	INSTRUCTIONSCROLL	161
1165527504916	1	INSTRUCTIONSCROLL	164
1165527504933	1	INSTRUCTIONSCROLL	168
1165527504949	1	INSTRUCTIONSCROLL	171
1165527504966	1	INSTRUCTIONSCROLL	174
1165527504983	1	INSTRUCTIONSCROLL	178
1165527505000	1	INSTRUCTIONSCROLL	181
1165527505017	1	INSTRUCTIONSCROLL	184
1165527505034	1	INSTRUCTIONSCROLL	188
1165527505500	1	INSTRUCTIONSCROLL	189
1165527505517	1	INSTRUCTIONSCROLL	191
1165527505533	1	INSTRUCTIONSCROLL	195
1165527505550	1	INSTRUCTIONSCROLL	198
1165527505567	1	INSTRUCTIONSCROLL	201
1165527505583	1	INSTRUCTIONSCROLL	205
1165527505600	1	INSTRUCTIONSCROLL	208
1165527505617	1	INSTRUCTIONSCROLL	211
1165527512830	1	INSTRUCTIONSCROLL	212
1165527512847	1	INSTRUCTIONSCROLL	214
1165527512863	1	INSTRUCTIONSCROLL	217
1165527512880	1	INSTRUCTIONSCROLL	221
1165527512897	1	INSTRUCTIONSCROLL	224
1165527512913	1	INSTRUCTIONSCROLL	227
1165527512930	1	INSTRUCTIONSCROLL	230
1165527512947	1	INSTRUCTIONSCROLL	234
1165527512963	1	INSTRUCTIONSCROLL	237
1165527512980	1	INSTRUCTIONSCROLL	240
1165527512997	1	INSTRUCTIONSCROLL	244
1165527513014	1	INSTRUCTIONSCROLL	247
1165527513031	1	INSTRUCTIONSCROLL	251
1165527513048	1	INSTRUCTIONSCROLL	254
1165527513064	1	INSTRUCTIONSCROLL	257
1165527513081	1	INSTRUCTIONSCROLL	260
1165527513098	1	INSTRUCTIONSCROLL	264
1165527513114	1	INSTRUCTIONSCROLL	267
1165527513131	1	INSTRUCTIONSCROLL	270
1165527513148	1	INSTRUCTIONSCROLL	274
1165527513164	1	INSTRUCTIONSCROLL	277
1165527513181	1	INSTRUCTIONSCROLL	280
1165527513198	1	INSTRUCTIONSCROLL	284
1165527513214	1	INSTRUCTIONSCROLL	287
1165527513231	1	INSTRUCTIONSCROLL	290
1165527513247	1	INSTRUCTIONSCROLL	294
1165527513264	1	INSTRUCTIONSCROLL	297
1165527513281	1	INSTRUCTIONSCROLL	300
1165527513297	1	INSTRUCTIONSCROLL	304
1165527514064	1	INSTRUCTIONSCROLL	305
1165527514081	1	INSTRUCTIONSCROLL	308
1165527514097	1	INSTRUCTIONSCROLL	311
1165527514114	1	INSTRUCTIONSCROLL	315
1165527514130	1	INSTRUCTIONSCROLL	318
1165527514149	1	INSTRUCTIONSCROLL	321
1165527514164	1	INSTRUCTIONSCROLL	325
1165527514181	1	INSTRUCTIONSCROLL	328
1165527514197	1	INSTRUCTIONSCROLL	331
1165527514214	1	INSTRUCTIONSCROLL	334
1165527514231	1	INSTRUCTIONSCROLL	338
1165527514247	1	INSTRUCTIONSCROLL	341
1165527514264	1	INSTRUCTIONSCROLL	344
1165527514280	1	INSTRUCTIONSCROLL	348
1165527514297	1	INSTRUCTIONSCROLL	351
1165527514314	1	INSTRUCTIONSCROLL	355
1165527514331	1	INSTRUCTIONSCROLL	358
1165527514347	1	INSTRUCTIONSCROLL	361
1165527514364	1	INSTRUCTIONSCROLL	364
1165527514380	1	INSTRUCTIONSCROLL	368
1165527514397	1	INSTRUCTIONSCROLL	371
1165527514414	1	INSTRUCTIONSCROLL	374
1165527514430	1	INSTRUCTIONSCROLL	378
1165527514447	1	INSTRUCTIONSCROLL	381
1165527514464	1	INSTRUCTIONSCROLL	384
1165527514480	1	INSTRUCTIONSCROLL	388
1165527514497	1	INSTRUCTIONSCROLL	391
1165527521827	1	INSTRUCTIONSCROLL	392
1165527521844	1	INSTRUCTIONSCROLL	395
1165527521860	1	INSTRUCTIONSCROLL	398
1165527521877	1	INSTRUCTIONSCROLL	401
1165527521894	1	INSTRUCTIONSCROLL	405
1165527521910	1	INSTRUCTIONSCROLL	408
1165527521927	1	INSTRUCTIONSCROLL	411
1165527521944	1	INSTRUCTIONSCROLL	415
1165527521960	1	INSTRUCTIONSCROLL	418
1165527521977	1	INSTRUCTIONSCROLL	421
1165527521994	1	INSTRUCTIONSCROLL	425
1165527522011	1	INSTRUCTIONSCROLL	428
1165527522028	1	INSTRUCTIONSCROLL	432
1165527522045	1	INSTRUCTIONSCROLL	435
1165527522061	1	INSTRUCTIONSCROLL	438
1165527522078	1	INSTRUCTIONSCROLL	442
1165527522095	1	INSTRUCTIONSCROLL	445
1165527522111	1	INSTRUCTIONSCROLL	448
1165527522128	1	INSTRUCTIONSCROLL	452
1165527522148	1	INSTRUCTIONSCROLL	455
1165527522161	1	INSTRUCTIONSCROLL	459
1165527522178	1	INSTRUCTIONSCROLL	462
1165527522195	1	INSTRUCTIONSCROLL	465
1165527522211	1	INSTRUCTIONSCROLL	468
1165527522228	1	INSTRUCTIONSCROLL	472
1165527522245	1	INSTRUCTIONSCROLL	475
1165527522261	1	INSTRUCTIONSCROLL	478
1165527522278	1	INSTRUCTIONSCROLL	482
1165527522295	1	INSTRUCTIONSCROLL	485
1165527522311	1	INSTRUCTIONSCROLL	488
1165527522328	1	INSTRUCTIONSCROLL	492
1165527522345	1	INSTRUCTIONSCROLL	495
1165527522361	1	INSTRUCTIONSCROLL	498
1165527522378	1	INSTRUCTIONSCROLL	501
1165527522395	1	INSTRUCTIONSCROLL	505
1165527522411	1	INSTRUCTIONSCROLL	508
1165527522428	1	INSTRUCTIONSCROLL	512
1165527522445	1	INSTRUCTIONSCROLL	515
1165527522461	1	INSTRUCTIONSCROLL	518
1165527522478	1	INSTRUCTIONSCROLL	522
1165527522495	1	INSTRUCTIONSCROLL	525
1165527522511	1	INSTRUCTIONSCROLL	528
1165527522528	1	INSTRUCTIONSCROLL	531
1165527522544	1	INSTRUCTIONSCROLL	535
1165527522561	1	INSTRUCTIONSCROLL	538
1165527522578	1	INSTRUCTIONSCROLL	542
1165527522594	1	INSTRUCTIONSCROLL	545
1165527522611	1	INSTRUCTIONSCROLL	548
1165527522628	1	INSTRUCTIONSCROLL	552
1165527522644	1	INSTRUCTIONSCROLL	555
1165527522661	1	INSTRUCTIONSCROLL	558
1165527522678	1	INSTRUCTIONSCROLL	562
1165527522694	1	INSTRUCTIONSCROLL	565
1165527522711	1	INSTRUCTIONSCROLL	568
1165527522727	1	INSTRUCTIONSCROLL	572
1165527522743	1	INSTRUCTIONSCROLL	575
1165527522760	1	INSTRUCTIONSCROLL	578
1165527522777	1	INSTRUCTIONSCROLL	581
1165527522793	1	INSTRUCTIONSCROLL	585
1165527522810	1	INSTRUCTIONSCROLL	588
1165527522827	1	INSTRUCTIONSCROLL	591
1165527522843	1	INSTRUCTIONSCROLL	595
1165527522860	1	INSTRUCTIONSCROLL	598
1165527522877	1	INSTRUCTIONSCROLL	601
1165527522893	1	INSTRUCTIONSCROLL	605
1165527522910	1	INSTRUCTIONSCROLL	608
1165527522927	1	INSTRUCTIONSCROLL	611
1165527522943	1	INSTRUCTIONSCROLL	615
1165527522960	1	INSTRUCTIONSCROLL	618
1165527522977	1	INSTRUCTIONSCROLL	621
1165527522993	1	INSTRUCTIONSCROLL	625
1165527523011	1	INSTRUCTIONSCROLL	628
1165527523028	1	INSTRUCTIONSCROLL	632
1165527523044	1	INSTRUCTIONSCROLL	635
1165527523061	1	INSTRUCTIONSCROLL	638
1165527523078	1	INSTRUCTIONSCROLL	642
1165527523094	1	INSTRUCTIONSCROLL	645
1165527523111	1	INSTRUCTIONSCROLL	648
1165527523128	1	INSTRUCTIONSCROLL	651
1165527523144	1	INSTRUCTIONSCROLL	655
1165527523161	1	INSTRUCTIONSCROLL	658
1165527523178	1	INSTRUCTIONSCROLL	662
1165527523194	1	INSTRUCTIONSCROLL	665
1165527523211	1	INSTRUCTIONSCROLL	668
1165527523711	1	INSTRUCTIONSCROLL	669
1165527523726	1	INSTRUCTIONSCROLL	671
1165527523743	1	INSTRUCTIONSCROLL	674
1165527523760	1	INSTRUCTIONSCROLL	677
1165527523776	1	INSTRUCTIONSCROLL	680
1165527523793	1	INSTRUCTIONSCROLL	684
1165527523810	1	INSTRUCTIONSCROLL	687
1165527523826	1	INSTRUCTIONSCROLL	690
1165527523843	1	INSTRUCTIONSCROLL	694
1165527523860	1	INSTRUCTIONSCROLL	697
1165527523876	1	INSTRUCTIONSCROLL	700
1165527523893	1	INSTRUCTIONSCROLL	704
1165527523910	1	INSTRUCTIONSCROLL	707
1165527523926	1	INSTRUCTIONSCROLL	710
1165527523943	1	INSTRUCTIONSCROLL	714
1165527523960	1	INSTRUCTIONSCROLL	717
1165527523976	1	INSTRUCTIONSCROLL	720
1165527523993	1	INSTRUCTIONSCROLL	724
1165527524011	1	INSTRUCTIONSCROLL	727
1165527524027	1	INSTRUCTIONSCROLL	731
1165527524044	1	INSTRUCTIONSCROLL	734
1165527524061	1	INSTRUCTIONSCROLL	737
1165527524077	1	INSTRUCTIONSCROLL	741
1165527524094	1	INSTRUCTIONSCROLL	744
1165527524111	1	INSTRUCTIONSCROLL	747
1165527524460	1	INSTRUCTIONSCROLL	748
1165527524477	1	INSTRUCTIONSCROLL	749
1165527524494	1	INSTRUCTIONSCROLL	753
1165527524510	1	INSTRUCTIONSCROLL	756
1165527524527	1	INSTRUCTIONSCROLL	759
1165527524544	1	INSTRUCTIONSCROLL	763
1165527524560	1	INSTRUCTIONSCROLL	766
1165527524577	1	INSTRUCTIONSCROLL	769
1165527524594	1	INSTRUCTIONSCROLL	773
1165527524610	1	INSTRUCTIONSCROLL	776
1165527524627	1	INSTRUCTIONSCROLL	779
1165527524644	1	INSTRUCTIONSCROLL	783
1165527524661	1	INSTRUCTIONSCROLL	786
1165527524677	1	INSTRUCTIONSCROLL	789
1165527524694	1	INSTRUCTIONSCROLL	792
1165527524710	1	INSTRUCTIONSCROLL	796
1165527524726	1	INSTRUCTIONSCROLL	799
1165527524743	1	INSTRUCTIONSCROLL	802
1165527524759	1	INSTRUCTIONSCROLL	806
1165527524776	1	INSTRUCTIONSCROLL	809
1165527524793	1	INSTRUCTIONSCROLL	812
1165527524809	1	INSTRUCTIONSCROLL	816
1165527524826	1	INSTRUCTIONSCROLL	819
1165527524843	1	INSTRUCTIONSCROLL	822
1165527524859	1	INSTRUCTIONSCROLL	826
1165527524876	1	INSTRUCTIONSCROLL	829
1165527524893	1	INSTRUCTIONSCROLL	832
1165527524909	1	INSTRUCTIONSCROLL	836
1165527524926	1	INSTRUCTIONSCROLL	839
1165527524943	1	INSTRUCTIONSCROLL	842
1165527524959	1	INSTRUCTIONSCROLL	846
1165527524976	1	INSTRUCTIONSCROLL	849
1165527524993	1	INSTRUCTIONSCROLL	852
1165527525010	1	INSTRUCTIONSCROLL	856
1165527525027	1	INSTRUCTIONSCROLL	859
1165527525044	1	INSTRUCTIONSCROLL	862
1165527525060	1	INSTRUCTIONSCROLL	866
1165527528126	1	INSTRUCTIONSCROLL	867
1165527528143	1	INSTRUCTIONSCROLL	868
1165527528159	1	INSTRUCTIONSCROLL	872
1165527528176	1	INSTRUCTIONSCROLL	875
1165527528193	1	INSTRUCTIONSCROLL	878
1165527528209	1	INSTRUCTIONSCROLL	882
1165527528226	1	INSTRUCTIONSCROLL	885
1165527528243	1	INSTRUCTIONSCROLL	888
1165527528259	1	INSTRUCTIONSCROLL	892
1165527528276	1	INSTRUCTIONSCROLL	895
1165527528293	1	INSTRUCTIONSCROLL	898
1165527528309	1	INSTRUCTIONSCROLL	902
1165527528326	1	INSTRUCTIONSCROLL	905
1165527528343	1	INSTRUCTIONSCROLL	908
1165527528359	1	INSTRUCTIONSCROLL	912
1165527528376	1	INSTRUCTIONSCROLL	915
1165527528393	1	INSTRUCTIONSCROLL	918
1165527528409	1	INSTRUCTIONSCROLL	922
1165527528426	1	INSTRUCTIONSCROLL	925
1165527528443	1	INSTRUCTIONSCROLL	928
1165527528459	1	INSTRUCTIONSCROLL	932
1165527528476	1	INSTRUCTIONSCROLL	935
1165527528493	1	INSTRUCTIONSCROLL	938
1165527528509	1	INSTRUCTIONSCROLL	942
1165527528526	1	INSTRUCTIONSCROLL	945
1165527528543	1	INSTRUCTIONSCROLL	948
1165527528559	1	INSTRUCTIONSCROLL	952
1165527528576	1	INSTRUCTIONSCROLL	955
1165527528593	1	INSTRUCTIONSCROLL	958
1165527528609	1	INSTRUCTIONSCROLL	962
1165527528626	1	INSTRUCTIONSCROLL	965
1165527528643	1	INSTRUCTIONSCROLL	968
1165527528659	1	INSTRUCTIONSCROLL	972
1165527528676	1	INSTRUCTIONSCROLL	975
1165527528693	1	INSTRUCTIONSCROLL	978
1165527528709	1	INSTRUCTIONSCROLL	982
1165527528725	1	INSTRUCTIONSCROLL	985
1165527528742	1	INSTRUCTIONSCROLL	988
1165527547087	1	INSTRUCTIONSCROLL	989
1165527547103	1	INSTRUCTIONSCROLL	992
1165527547120	1	INSTRUCTIONSCROLL	996
1165527547137	1	INSTRUCTIONSCROLL	999
1165527547153	1	INSTRUCTIONSCROLL	1002
1165527547170	1	INSTRUCTIONSCROLL	1006
1165527547187	1	INSTRUCTIONSCROLL	1009
1165527547203	1	INSTRUCTIONSCROLL	1012
1165527547220	1	INSTRUCTIONSCROLL	1016
1165527547236	1	INSTRUCTIONSCROLL	1019
1165527547253	1	INSTRUCTIONSCROLL	1022
1165527547553	1	INSTRUCTIONSCROLL	1023
1165527547570	1	INSTRUCTIONSCROLL	1024
1165527547586	1	INSTRUCTIONSCROLL	1027
1165527547603	1	INSTRUCTIONSCROLL	1030
1165527547620	1	INSTRUCTIONSCROLL	1034
1165527547636	1	INSTRUCTIONSCROLL	1037
1165527547653	1	INSTRUCTIONSCROLL	1040
1165527547670	1	INSTRUCTIONSCROLL	1044
1165527547686	1	INSTRUCTIONSCROLL	1047
1165527547703	1	INSTRUCTIONSCROLL	1051
1165527547719	1	INSTRUCTIONSCROLL	1054
1165527547735	1	INSTRUCTIONSCROLL	1057
1165527547752	1	INSTRUCTIONSCROLL	1060
1165527547769	1	INSTRUCTIONSCROLL	1064
1165527547785	1	INSTRUCTIONSCROLL	1067
1165527547802	1	INSTRUCTIONSCROLL	1070
1165527547819	1	INSTRUCTIONSCROLL	1074
1165527547835	1	INSTRUCTIONSCROLL	1077
1165527547852	1	INSTRUCTIONSCROLL	1080
1165527547869	1	INSTRUCTIONSCROLL	1084
1165527547885	1	INSTRUCTIONSCROLL	1087
1165527547902	1	INSTRUCTIONSCROLL	1090
1165527547919	1	INSTRUCTIONSCROLL	1094
1165527547935	1	INSTRUCTIONSCROLL	1097
1165527547952	1	INSTRUCTIONSCROLL	1100
1165527547969	1	INSTRUCTIONSCROLL	1104
1165527547985	1	INSTRUCTIONSCROLL	1107
1165527548003	1	INSTRUCTIONSCROLL	1110
1165527548020	1	INSTRUCTIONSCROLL	1114
1165527548036	1	INSTRUCTIONSCROLL	1117
1165527548053	1	INSTRUCTIONSCROLL	1120
1165527548070	1	INSTRUCTIONSCROLL	1124
1165527548086	1	INSTRUCTIONSCROLL	1127
1165527548103	1	INSTRUCTIONSCROLL	1131
1165527548120	1	INSTRUCTIONSCROLL	1134
1165527548136	1	INSTRUCTIONSCROLL	1137
1165527548153	1	INSTRUCTIONSCROLL	1141
1165527548170	1	INSTRUCTIONSCROLL	1144
1165527548186	1	INSTRUCTIONSCROLL	1147
1165527548203	1	INSTRUCTIONSCROLL	1151
1165527548219	1	INSTRUCTIONSCROLL	1154
1165527548236	1	INSTRUCTIONSCROLL	1157
1165527548253	1	INSTRUCTIONSCROLL	1161
1165527548270	1	INSTRUCTIONSCROLL	1164
1165527548286	1	INSTRUCTIONSCROLL	1167
1165527548303	1	INSTRUCTIONSCROLL	1171
1165527548319	1	INSTRUCTIONSCROLL	1174
1165527548336	1	INSTRUCTIONSCROLL	1177
1165527548353	1	INSTRUCTIONSCROLL	1181
1165527548369	1	INSTRUCTIONSCROLL	1184
1165527548386	1	INSTRUCTIONSCROLL	1187
1165527548403	1	INSTRUCTIONSCROLL	1191
1165527548419	1	INSTRUCTIONSCROLL	1194
1165527548436	1	INSTRUCTIONSCROLL	1197
1165527548453	1	INSTRUCTIONSCROLL	1201
1165527548469	1	INSTRUCTIONSCROLL	1204
1165527548486	1	INSTRUCTIONSCROLL	1207
1165527548503	1	INSTRUCTIONSCROLL	1211
1165527548519	1	INSTRUCTIONSCROLL	1214
1165527548536	1	INSTRUCTIONSCROLL	1217
1165527548553	1	INSTRUCTIONSCROLL	1221
1165527548569	1	INSTRUCTIONSCROLL	1224
1165527548586	1	INSTRUCTIONSCROLL	1227
1165527548603	1	INSTRUCTIONSCROLL	1231
1165527548619	1	INSTRUCTIONSCROLL	1234
1165527548636	1	INSTRUCTIONSCROLL	1237
1165527548653	1	INSTRUCTIONSCROLL	1240
1165527548669	1	INSTRUCTIONSCROLL	1244
1165527548686	1	INSTRUCTIONSCROLL	1247
1165527548703	1	INSTRUCTIONSCROLL	1251
1165527548718	1	INSTRUCTIONSCROLL	1254
1165527548735	1	INSTRUCTIONSCROLL	1257
1165527548752	1	INSTRUCTIONSCROLL	1260
1165527548768	1	INSTRUCTIONSCROLL	1264
1165527548785	1	INSTRUCTIONSCROLL	1267
1165527548802	1	INSTRUCTIONSCROLL	1270
1165527548818	1	INSTRUCTIONSCROLL	1274
1165527548835	1	INSTRUCTIONSCROLL	1277
1165527548852	1	INSTRUCTIONSCROLL	1280
1165527548868	1	INSTRUCTIONSCROLL	1284
1165527548885	1	INSTRUCTIONSCROLL	1287
1165527548902	1	INSTRUCTIONSCROLL	1290
1165527548918	1	INSTRUCTIONSCROLL	1294
1165527548935	1	INSTRUCTIONSCROLL	1297
1165527548952	1	INSTRUCTIONSCROLL	1300
1165527548968	1	INSTRUCTIONSCROLL	1304
1165527548985	1	INSTRUCTIONSCROLL	1307
1165527549003	1	INSTRUCTIONSCROLL	1310
1165527549019	1	INSTRUCTIONSCROLL	1314
1165527549036	1	INSTRUCTIONSCROLL	1317
1165527549053	1	INSTRUCTIONSCROLL	1321
1165527549069	1	INSTRUCTIONSCROLL	1324
1165527549086	1	INSTRUCTIONSCROLL	1327
1165527549103	1	INSTRUCTIONSCROLL	1330
1165527549119	1	INSTRUCTIONSCROLL	1334
1165527549136	1	INSTRUCTIONSCROLL	1337
1165527549153	1	INSTRUCTIONSCROLL	1341
1165527549169	1	INSTRUCTIONSCROLL	1344
1165527549186	1	INSTRUCTIONSCROLL	1347
1165527549203	1	INSTRUCTIONSCROLL	1351
1165527549219	1	INSTRUCTIONSCROLL	1354
1165527549236	1	INSTRUCTIONSCROLL	1357
1165527549253	1	INSTRUCTIONSCROLL	1360
1165527549269	1	INSTRUCTIONSCROLL	1364
1165527549286	1	INSTRUCTIONSCROLL	1367
1165527549302	1	INSTRUCTIONSCROLL	1371
1165527549319	1	INSTRUCTIONSCROLL	1374
1165527549336	1	INSTRUCTIONSCROLL	1377
1165527549353	1	INSTRUCTIONSCROLL	1380
1165527549369	1	INSTRUCTIONSCROLL	1384
1165527549386	1	INSTRUCTIONSCROLL	1387
1165527549402	1	INSTRUCTIONSCROLL	1390
1165527549419	1	INSTRUCTIONSCROLL	1394
1165527549436	1	INSTRUCTIONSCROLL	1397
1165527549453	1	INSTRUCTIONSCROLL	1400
1165527549469	1	INSTRUCTIONSCROLL	1404
1165527549486	1	INSTRUCTIONSCROLL	1407
1165527549503	1	INSTRUCTIONSCROLL	1410
1165527549519	1	INSTRUCTIONSCROLL	1414
1165527549536	1	INSTRUCTIONSCROLL	1417
1165527549552	1	INSTRUCTIONSCROLL	1420
1165527549569	1	INSTRUCTIONSCROLL	1424
1165527549586	1	INSTRUCTIONSCROLL	1427
1165527549602	1	INSTRUCTIONSCROLL	1431
1165527549619	1	INSTRUCTIONSCROLL	1434
1165527549636	1	INSTRUCTIONSCROLL	1437
1165527549652	1	INSTRUCTIONSCROLL	1440
1165527549669	1	INSTRUCTIONSCROLL	1444
1165527549686	1	INSTRUCTIONSCROLL	1447
1165527549702	1	INSTRUCTIONSCROLL	1450
1165527549718	1	INSTRUCTIONSCROLL	1454
1165527549735	1	INSTRUCTIONSCROLL	1457
1165527549751	1	INSTRUCTIONSCROLL	1460
1165527549768	1	INSTRUCTIONSCROLL	1464
1165527549785	1	INSTRUCTIONSCROLL	1467
1165527553085	1	INSTRUCTIONSTOP	Button set (OR)
1165527553085	0	E	Logging Ends
