1165527473340	0	B	Logging Begins
1165527473341	0	SESS_START	0
1165527553086	0	TRIAL	1
1165527563189	1	FACE	1551	PRES1_NNNP	Correct	LL1	PP0	Lure_PPPP	1	0	PRACTICE
1165527567002	1	FACE	1551	CUE	Correct	LL1	PP0	Lure_PPPP	1	0	PRACTICE
1165527568553	0	FACE	1551	RESP	Correct	LL1	PP0	Lure_PPPP	1	0	PRACTICE
1165527568585	0	TRIAL	2
1165527572291	1	FACE	960	PRES1_PPNN	Correct	LL1	PP0	Lure_PNNP	1	0	PRACTICE
1165527576185	1	FACE	960	CUE	Correct	LL1	PP0	Lure_PNNP	1	0	PRACTICE
1165527577145	0	FACE	960	RESP	Correct	LL1	PP0	Lure_PNNP	1	0	PRACTICE
1165527577183	0	TRIAL	3
1165527580452	1	FACE	882	PRES1_NNNN	Incorrect	LL1	PP0	Lure_PNPN	6	0	PRACTICE
1165527584446	1	FACE	882	CUE	Incorrect	LL1	PP0	Lure_PNPN	6	0	PRACTICE
1165527585328	0	FACE	882	RESP	Incorrect	LL1	PP0	Lure_PNPN	6	0	PRACTICE
1165527585364	0	TRIAL	4
1165527588617	1	FACE	2087	PRES1_PPPN	Incorrect	LL1	PP1	Target_PPPN	1	0	PRACTICE
1165527592473	1	FACE	2087	CUE	Incorrect	LL1	PP1	Target_PPPN	1	0	PRACTICE
1165527594560	0	FACE	2087	RESP	Incorrect	LL1	PP1	Target_PPPN	1	0	PRACTICE
1165527594595	0	TRIAL	5
1165527597747	1	FACE	970	PRES1_PNNN	Incorrect	LL1	PP1	Target_PNNN	1	0	PRACTICE
1165527601725	1	FACE	970	CUE	Incorrect	LL1	PP1	Target_PNNN	1	0	PRACTICE
1165527602695	1	FACE	970	RESP	Incorrect	LL1	PP1	Target_PNNN	1	0	PRACTICE
1165527602739	0	TRIAL	6
1165527606356	1	FACE	655	PRES1_NNPP	Correct	LL1	PP0	Lure_PPNP	1	0	PRACTICE
1165527610231	1	FACE	655	CUE	Correct	LL1	PP0	Lure_PPNP	1	0	PRACTICE
1165527610886	1	FACE	655	RESP	Correct	LL1	PP0	Lure_PPNP	1	0	PRACTICE
1165527610920	0	TRIAL	7
1165527614030	1	FACE	1028	PRES1_NPNP	Correct	LL1	PP1	Target_NPNP	6	0	PRACTICE
1165527618003	1	FACE	1028	CUE	Correct	LL1	PP1	Target_NPNP	6	0	PRACTICE
1165527619031	0	FACE	1028	RESP	Correct	LL1	PP1	Target_NPNP	6	0	PRACTICE
1165527619069	0	TRIAL	8
1165527622188	1	FACE	854	PRES1_PPNN	Correct	LL1	PP1	Target_PPNN	6	0	PRACTICE
1165527626144	1	FACE	854	CUE	Correct	LL1	PP1	Target_PPNN	6	0	PRACTICE
1165527626998	0	FACE	854	RESP	Correct	LL1	PP1	Target_PPNN	6	0	PRACTICE
1165527627032	0	TRIAL	9
1165527630203	1	FACE	1247	PRES1_NPPN	Incorrect	LL1	PP0	Lure_PPPN	6	0	PRACTICE
1165527634160	1	FACE	1247	CUE	Incorrect	LL1	PP0	Lure_PPPN	6	0	PRACTICE
1165527635407	0	FACE	1247	RESP	Incorrect	LL1	PP0	Lure_PPPN	6	0	PRACTICE
1165527635447	0	TRIAL	10
1165527638605	1	FACE	910	PRES1_PNNN	Correct	LL1	PP0	Lure_NPPP	1	0	PRACTICE
1165527642480	1	FACE	910	CUE	Correct	LL1	PP0	Lure_NPPP	1	0	PRACTICE
1165527643390	0	FACE	910	RESP	Correct	LL1	PP0	Lure_NPPP	1	0	PRACTICE
1165527643427	0	TRIAL	11
1165527646475	1	FACE	829	PRES1_PNNP	Incorrect	LL1	PP1	Target_PNNP	1	0	PRACTICE
1165527650281	1	FACE	829	CUE	Incorrect	LL1	PP1	Target_PNNP	1	0	PRACTICE
1165527651110	0	FACE	829	RESP	Incorrect	LL1	PP1	Target_PNNP	1	0	PRACTICE
1165527651143	0	TRIAL	12
1165527654283	1	FACE	589	PRES1_PPPP	Correct	LL1	PP1	Target_PPPP	6	0	PRACTICE
1165527658200	1	FACE	589	CUE	Correct	LL1	PP1	Target_PPPP	6	0	PRACTICE
1165527658789	0	FACE	589	RESP	Correct	LL1	PP1	Target_PPPP	6	0	PRACTICE
1165527658821	0	TRIAL	13
1165527662189	1	FACE	634	PRES1_NPNN	Correct	LL1	PP1	Target_NPNN	6	0	PRACTICE
1165527666130	1	FACE	634	CUE	Correct	LL1	PP1	Target_NPNN	6	0	PRACTICE
1165527666764	1	FACE	634	RESP	Correct	LL1	PP1	Target_NPNN	6	0	PRACTICE
1165527666802	0	TRIAL	14
1165527669978	1	FACE	512	PRES1_NNPN	Correct	LL1	PP0	Lure_NNPP	1	0	PRACTICE
1165527673925	1	FACE	512	CUE	Correct	LL1	PP0	Lure_NNPP	1	0	PRACTICE
1165527674437	0	FACE	512	RESP	Correct	LL1	PP0	Lure_NNPP	1	0	PRACTICE
1165527674469	0	TRIAL	15
1165527677753	1	FACE	754	PRES1_PNPN	Correct	LL1	PP0	Lure_NNNP	1	0	PRACTICE
1165527681571	1	FACE	754	CUE	Correct	LL1	PP0	Lure_NNNP	1	0	PRACTICE
1165527682325	0	FACE	754	RESP	Correct	LL1	PP0	Lure_NNNP	1	0	PRACTICE
1165527682366	0	TRIAL	16
1165527686177	1	FACE	758	PRES1_PPNP	Correct	LL1	PP0	Lure_NPNN	1	0	PRACTICE
1165527690150	1	FACE	758	CUE	Correct	LL1	PP0	Lure_NPNN	1	0	PRACTICE
1165527690908	0	FACE	758	RESP	Correct	LL1	PP0	Lure_NPNN	1	0	PRACTICE
1165527690946	0	TRIAL	17
1165527694366	1	FACE	490	PRES1_PNNP	Correct	LL1	PP0	Lure_NPNP	1	0	PRACTICE
1165527698162	1	FACE	490	CUE	Correct	LL1	PP0	Lure_NPNP	1	0	PRACTICE
1165527698652	1	FACE	490	RESP	Correct	LL1	PP0	Lure_NPNP	1	0	PRACTICE
1165527698693	0	TRIAL	18
1165527702944	1	FACE	536	PRES1_NNNN	Correct	LL1	PP1	Target_NNNN	6	0	PRACTICE
1165527706828	1	FACE	536	CUE	Correct	LL1	PP1	Target_NNNN	6	0	PRACTICE
1165527707364	0	FACE	536	RESP	Correct	LL1	PP1	Target_NNNN	6	0	PRACTICE
1165527707406	0	TRIAL	19
1165527710564	1	FACE	1366	PRES1_PPNP	Incorrect	LL1	PP1	Target_PPNP	1	0	PRACTICE
1165527714365	1	FACE	1366	CUE	Incorrect	LL1	PP1	Target_PPNP	1	0	PRACTICE
1165527715731	0	FACE	1366	RESP	Incorrect	LL1	PP1	Target_PPNP	1	0	PRACTICE
1165527715772	0	TRIAL	20
1165527719160	1	FACE	694	PRES1_NPPN	Correct	LL1	PP1	Target_NPPN	5	0	PRACTICE
1165527723069	1	FACE	694	CUE	Correct	LL1	PP1	Target_NPPN	5	0	PRACTICE
1165527723763	0	FACE	694	RESP	Correct	LL1	PP1	Target_NPPN	5	0	PRACTICE
1165527723800	0	TRIAL	21
1165527727105	1	FACE	863	PRES1_PNPP	Correct	LL1	PP1	Target_PNPP	5	0	PRACTICE
1165527730867	1	FACE	863	CUE	Correct	LL1	PP1	Target_PNPP	5	0	PRACTICE
1165527731730	0	FACE	863	RESP	Correct	LL1	PP1	Target_PNPP	5	0	PRACTICE
1165527731765	0	TRIAL	22
1165527734855	1	FACE	831	PRES1_NNNP	Correct	LL1	PP1	Target_NNNP	5	0	PRACTICE
1165527738892	1	FACE	831	CUE	Correct	LL1	PP1	Target_NNNP	5	0	PRACTICE
1165527739723	1	FACE	831	RESP	Correct	LL1	PP1	Target_NNNP	5	0	PRACTICE
1165527739762	0	TRIAL	23
1165527742950	1	FACE	947	PRES1_NPPP	Correct	LL1	PP0	Lure_NNPN	1	0	PRACTICE
1165527746966	1	FACE	947	CUE	Correct	LL1	PP0	Lure_NNPN	1	0	PRACTICE
1165527747913	0	FACE	947	RESP	Correct	LL1	PP0	Lure_NNPN	1	0	PRACTICE
1165527747942	0	TRIAL	24
1165527750860	1	FACE	597	PRES1_NPNP	Correct	LL1	PP0	Lure_PNPP	1	0	PRACTICE
1165527754646	1	FACE	597	CUE	Correct	LL1	PP0	Lure_PNPP	1	0	PRACTICE
1165527755243	0	FACE	597	RESP	Correct	LL1	PP0	Lure_PNPP	1	0	PRACTICE
1165527755275	0	TRIAL	25
1165527758342	1	FACE	831	PRES1_PPPP	Correct	LL1	PP0	Lure_PPNN	1	0	PRACTICE
1165527762379	1	FACE	831	CUE	Correct	LL1	PP0	Lure_PPNN	1	0	PRACTICE
1165527763210	0	FACE	831	RESP	Correct	LL1	PP0	Lure_PPNN	1	0	PRACTICE
1165527763255	0	TRIAL	26
1165527766043	1	FACE	1058	PRES1_NNPP	Incorrect	LL1	PP1	Target_NNPP	1	0	PRACTICE
1165527770080	1	FACE	1058	CUE	Incorrect	LL1	PP1	Target_NNPP	1	0	PRACTICE
1165527771138	0	FACE	1058	RESP	Incorrect	LL1	PP1	Target_NNPP	1	0	PRACTICE
1165527771171	0	TRIAL	27
1165527774094	1	FACE	1021	PRES1_NPNN	Correct	LL1	PP0	Lure_NNNN	2	0	PRACTICE
1165527778116	1	FACE	1021	CUE	Correct	LL1	PP0	Lure_NNNN	2	0	PRACTICE
1165527779137	1	FACE	1021	RESP	Correct	LL1	PP0	Lure_NNNN	2	0	PRACTICE
1165527779168	0	TRIAL	28
1165527782443	1	FACE	1010	PRES1_NPPP	Correct	LL1	PP1	Target_NPPP	6	0	PRACTICE
1165527786247	1	FACE	1010	CUE	Correct	LL1	PP1	Target_NPPP	6	0	PRACTICE
1165527787257	0	FACE	1010	RESP	Correct	LL1	PP1	Target_NPPP	6	0	PRACTICE
1165527787297	0	TRIAL	29
1165527790229	1	FACE	680	PRES1_PNPP	Correct	LL1	PP0	Lure_NPPN	1	0	PRACTICE
1165527794208	1	FACE	680	CUE	Correct	LL1	PP0	Lure_NPPN	1	0	PRACTICE
1165527794888	0	FACE	680	RESP	Correct	LL1	PP0	Lure_NPPN	1	0	PRACTICE
1165527794930	0	TRIAL	30
1165527798138	1	FACE	728	PRES1_PNPN	Correct	LL1	PP1	Target_PNPN	5	0	PRACTICE
1165527802152	1	FACE	728	CUE	Correct	LL1	PP1	Target_PNPN	5	0	PRACTICE
1165527802880	0	FACE	728	RESP	Correct	LL1	PP1	Target_PNPN	5	0	PRACTICE
1165527802909	0	TRIAL	31
1165527805812	1	FACE	832	PRES1_NNPN	Correct	LL1	PP1	Target_NNPN	5	0	PRACTICE
1165527809728	1	FACE	832	CUE	Correct	LL1	PP1	Target_NNPN	5	0	PRACTICE
1165527810560	1	FACE	832	RESP	Correct	LL1	PP1	Target_NNPN	5	0	PRACTICE
1165527810592	0	TRIAL	32
1165527813435	1	FACE	1097	PRES1_PPPN	Incorrect	LL1	PP0	Lure_PNNN	5	0	PRACTICE
1165527817431	1	FACE	1097	CUE	Incorrect	LL1	PP0	Lure_PNNN	5	0	PRACTICE
1165527818528	0	FACE	1097	RESP	Incorrect	LL1	PP0	Lure_PNNN	5	0	PRACTICE
1165527825209	0	TRIAL	1
1165527828658	1	FACE	941	PRES1_NNNN	Correct	LL1	PP1	Target_NNNN	6	0	PRACTICE
1165527832619	1	FACE	941	CUE	Correct	LL1	PP1	Target_NNNN	6	0	PRACTICE
1165527833560	0	FACE	941	RESP	Correct	LL1	PP1	Target_NNNN	6	0	PRACTICE
1165527833598	0	TRIAL	2
1165527836854	1	FACE	1279	PRES1_PPNP	Correct	LL1	PP1	Target_PPNP	6	0	PRACTICE
1165527840848	1	FACE	1279	CUE	Correct	LL1	PP1	Target_PPNP	6	0	PRACTICE
1165527842127	0	FACE	1279	RESP	Correct	LL1	PP1	Target_PPNP	6	0	PRACTICE
1165527842174	0	TRIAL	3
1165527846328	1	FACE	821	PRES1_NNNP	Correct	LL1	PP0	Lure_PNPP	1	0	PRACTICE
1165527850210	1	FACE	821	CUE	Correct	LL1	PP0	Lure_PNPP	1	0	PRACTICE
1165527851031	0	FACE	821	RESP	Correct	LL1	PP0	Lure_PNPP	1	0	PRACTICE
1165527851061	0	TRIAL	4
1165527854036	1	FACE	733	PRES1_NPPN	Correct	LL1	PP0	Lure_NNPP	1	0	PRACTICE
1165527857993	1	FACE	733	CUE	Correct	LL1	PP0	Lure_NNPP	1	0	PRACTICE
1165527858726	0	FACE	733	RESP	Correct	LL1	PP0	Lure_NNPP	1	0	PRACTICE
1165527858756	0	TRIAL	5
1165527861612	1	FACE	694	PRES1_PPNP	Correct	LL1	PP0	Lure_NPPP	1	0	PRACTICE
1165527865609	1	FACE	694	CUE	Correct	LL1	PP0	Lure_NPPP	1	0	PRACTICE
1165527866303	0	FACE	694	RESP	Correct	LL1	PP0	Lure_NPPP	1	0	PRACTICE
1165527866339	0	TRIAL	6
1165527869684	1	FACE	526	PRES1_PNPP	Correct	LL1	PP1	Target_PNPP	6	0	PRACTICE
1165527873447	1	FACE	526	CUE	Correct	LL1	PP1	Target_PNPP	6	0	PRACTICE
1165527873973	0	FACE	526	RESP	Correct	LL1	PP1	Target_PNPP	6	0	PRACTICE
1165527874003	0	TRIAL	7
1165527876862	1	FACE	502	PRES1_PPPN	Correct	LL1	PP0	Lure_NNNN	1	0	PRACTICE
1165527880760	1	FACE	502	CUE	Correct	LL1	PP0	Lure_NNNN	1	0	PRACTICE
1165527881262	0	FACE	502	RESP	Correct	LL1	PP0	Lure_NNNN	1	0	PRACTICE
1165527881300	0	TRIAL	8
1165527884013	1	FACE	543	PRES1_NPNP	Correct	LL1	PP0	Lure_PPNP	1	0	PRACTICE
1165527888015	1	FACE	543	CUE	Correct	LL1	PP0	Lure_PPNP	1	0	PRACTICE
1165527888558	0	FACE	543	RESP	Correct	LL1	PP0	Lure_PPNP	1	0	PRACTICE
1165527888598	0	TRIAL	9
1165527891539	1	FACE	787	PRES1_PNNP	Correct	LL1	PP1	Target_PNNP	6	0	PRACTICE
1165527895306	1	FACE	787	CUE	Correct	LL1	PP1	Target_PNNP	6	0	PRACTICE
1165527896093	1	FACE	787	RESP	Correct	LL1	PP1	Target_PNNP	6	0	PRACTICE
1165527896131	0	TRIAL	10
1165527898964	1	FACE	493	PRES1_NNPN	Correct	LL1	PP0	Lure_PPPP	1	0	PRACTICE
1165527903000	1	FACE	493	CUE	Correct	LL1	PP0	Lure_PPPP	1	0	PRACTICE
1165527903493	0	FACE	493	RESP	Correct	LL1	PP0	Lure_PPPP	1	0	PRACTICE
1165527903527	0	TRIAL	11
1165527906440	1	FACE	783	PRES1_PNNN	Correct	LL1	PP1	Target_PNNN	6	0	PRACTICE
1165527910454	1	FACE	783	CUE	Correct	LL1	PP1	Target_PNNN	6	0	PRACTICE
1165527911237	0	FACE	783	RESP	Correct	LL1	PP1	Target_PNNN	6	0	PRACTICE
1165527911274	0	TRIAL	12
1165527914505	1	FACE	611	PRES1_NPPP	Correct	LL1	PP0	Lure_PPPN	1	0	PRACTICE
1165527918376	1	FACE	611	CUE	Correct	LL1	PP0	Lure_PPPN	1	0	PRACTICE
1165527918987	0	FACE	611	RESP	Correct	LL1	PP0	Lure_PPPN	1	0	PRACTICE
1165527919022	0	TRIAL	13
1165527921853	1	FACE	765	PRES1_NNPP	Correct	LL1	PP1	Target_NNPP	6	0	PRACTICE
1165527925591	1	FACE	765	CUE	Correct	LL1	PP1	Target_NNPP	6	0	PRACTICE
1165527926356	1	FACE	765	RESP	Correct	LL1	PP1	Target_NNPP	6	0	PRACTICE
1165527926386	0	TRIAL	14
1165527929396	1	FACE	653	PRES1_NNNN	Correct	LL1	PP0	Lure_PNNN	1	0	PRACTICE
1165527933166	1	FACE	653	CUE	Correct	LL1	PP0	Lure_PNNN	1	0	PRACTICE
1165527933819	0	FACE	653	RESP	Correct	LL1	PP0	Lure_PNNN	1	0	PRACTICE
1165527933851	0	TRIAL	15
1165527937177	1	FACE	582	PRES1_PPNN	Correct	LL1	PP0	Lure_PNNP	1	0	PRACTICE
1165527940942	1	FACE	582	CUE	Correct	LL1	PP0	Lure_PNNP	1	0	PRACTICE
1165527941524	0	FACE	582	RESP	Correct	LL1	PP0	Lure_PNNP	1	0	PRACTICE
1165527941577	0	TRIAL	16
1165527944595	1	FACE	975	PRES1_NPNN	Incorrect	LL1	PP1	Target_NPNN	1	0	PRACTICE
1165527948525	1	FACE	975	CUE	Incorrect	LL1	PP1	Target_NPNN	1	0	PRACTICE
1165527949500	0	FACE	975	RESP	Incorrect	LL1	PP1	Target_NPNN	1	0	PRACTICE
1165527949528	0	TRIAL	17
1165527953665	1	FACE	635	PRES1_NPNP	Correct	LL1	PP1	Target_NPNP	6	0	PRACTICE
1165527957584	1	FACE	635	CUE	Correct	LL1	PP1	Target_NPNP	6	0	PRACTICE
1165527958219	0	FACE	635	RESP	Correct	LL1	PP1	Target_NPNP	6	0	PRACTICE
1165527958260	0	TRIAL	18
1165527961133	1	FACE	620	PRES1_PNNP	Correct	LL1	PP0	Lure_PPNN	1	0	PRACTICE
1165527964927	1	FACE	620	CUE	Correct	LL1	PP0	Lure_PPNN	1	0	PRACTICE
1165527965547	0	FACE	620	RESP	Correct	LL1	PP0	Lure_PPNN	1	0	PRACTICE
1165527965590	0	TRIAL	19
1165527969084	1	FACE	486	PRES1_PPPP	Correct	LL1	PP0	Lure_NNPN	1	0	PRACTICE
1165527973093	1	FACE	486	CUE	Correct	LL1	PP0	Lure_NNPN	1	0	PRACTICE
1165527973579	0	FACE	486	RESP	Correct	LL1	PP0	Lure_NNPN	1	0	PRACTICE
1165527973623	0	TRIAL	20
1165527976425	1	FACE	495	PRES1_PNPP	Correct	LL1	PP0	Lure_NPNP	1	0	PRACTICE
1165527980338	1	FACE	495	CUE	Correct	LL1	PP0	Lure_NPNP	1	0	PRACTICE
1165527980833	1	FACE	495	RESP	Correct	LL1	PP0	Lure_NPNP	1	0	PRACTICE
1165527980870	0	TRIAL	21
1165527983878	1	FACE	454	PRES1_PNNN	Correct	LL1	PP0	Lure_NPPN	1	0	PRACTICE
1165527987724	1	FACE	454	CUE	Correct	LL1	PP0	Lure_NPPN	1	0	PRACTICE
1165527988178	0	FACE	454	RESP	Correct	LL1	PP0	Lure_NPPN	1	0	PRACTICE
1165527988216	0	TRIAL	22
1165527991048	1	FACE	1059	PRES1_NNPN	Correct	LL1	PP1	Target_NNPN	6	0	PRACTICE
1165527994798	1	FACE	1059	CUE	Correct	LL1	PP1	Target_NNPN	6	0	PRACTICE
1165527995857	0	FACE	1059	RESP	Correct	LL1	PP1	Target_NNPN	6	0	PRACTICE
1165527995895	0	TRIAL	23
1165527998880	1	FACE	483	PRES1_PNPN	Correct	LL1	PP1	Target_PNPN	6	0	PRACTICE
1165528002639	1	FACE	483	CUE	Correct	LL1	PP1	Target_PNPN	6	0	PRACTICE
1165528003122	0	FACE	483	RESP	Correct	LL1	PP1	Target_PNPN	6	0	PRACTICE
1165528003160	0	TRIAL	24
1165528006025	1	FACE	594	PRES1_PPPN	Correct	LL1	PP1	Target_PPPN	6	0	PRACTICE
1165528010055	1	FACE	594	CUE	Correct	LL1	PP1	Target_PPPN	6	0	PRACTICE
1165528010649	0	FACE	594	RESP	Correct	LL1	PP1	Target_PPPN	6	0	PRACTICE
1165528010693	0	TRIAL	25
1165528013986	1	FACE	788	PRES1_NNNP	Correct	LL1	PP1	Target_NNNP	6	0	PRACTICE
1165528017853	1	FACE	788	CUE	Correct	LL1	PP1	Target_NNNP	6	0	PRACTICE
1165528018641	0	FACE	788	RESP	Correct	LL1	PP1	Target_NNNP	6	0	PRACTICE
1165528018672	0	TRIAL	26
1165528021570	1	FACE	544	PRES1_NPNN	Correct	LL1	PP0	Lure_PNPN	1	0	PRACTICE
1165528025601	1	FACE	544	CUE	Correct	LL1	PP0	Lure_PNPN	1	0	PRACTICE
1165528026145	0	FACE	544	RESP	Correct	LL1	PP0	Lure_PNPN	1	0	PRACTICE
1165528026187	0	TRIAL	27
1165528029012	1	FACE	1577	PRES1_PPPP	Correct	LL1	PP1	Target_PPPP	5	0	PRACTICE
1165528032848	1	FACE	1577	CUE	Correct	LL1	PP1	Target_PPPP	5	0	PRACTICE
1165528034425	0	FACE	1577	RESP	Correct	LL1	PP1	Target_PPPP	5	0	PRACTICE
1165528034467	0	TRIAL	28
1165528037850	1	FACE	787	PRES1_NPPP	Correct	LL1	PP1	Target_NPPP	6	0	PRACTICE
1165528041605	1	FACE	787	CUE	Correct	LL1	PP1	Target_NPPP	6	0	PRACTICE
1165528042392	0	FACE	787	RESP	Correct	LL1	PP1	Target_NPPP	6	0	PRACTICE
1165528042433	0	TRIAL	29
1165528045221	1	FACE	464	PRES1_PNPN	Correct	LL1	PP0	Lure_NPNN	1	0	PRACTICE
1165528049184	1	FACE	464	CUE	Correct	LL1	PP0	Lure_NPNN	1	0	PRACTICE
1165528049648	0	FACE	464	RESP	Correct	LL1	PP0	Lure_NPNN	1	0	PRACTICE
1165528049684	0	TRIAL	30
1165528052493	1	FACE	903	PRES1_PPNN	Correct	LL1	PP1	Target_PPNN	6	0	PRACTICE
1165528056537	1	FACE	903	CUE	Correct	LL1	PP1	Target_PPNN	6	0	PRACTICE
1165528057440	0	FACE	903	RESP	Correct	LL1	PP1	Target_PPNN	6	0	PRACTICE
1165528057477	0	TRIAL	31
1165528060769	1	FACE	1037	PRES1_NPPN	Correct	LL1	PP1	Target_NPPN	6	0	PRACTICE
1165528064674	1	FACE	1037	CUE	Correct	LL1	PP1	Target_NPPN	6	0	PRACTICE
1165528065711	1	FACE	1037	RESP	Correct	LL1	PP1	Target_NPPN	6	0	PRACTICE
1165528065740	0	TRIAL	32
1165528068862	1	FACE	729	PRES1_NNPP	Incorrect	LL1	PP0	Lure_NNNP	6	0	PRACTICE
1165528072750	1	FACE	729	CUE	Incorrect	LL1	PP0	Lure_NNNP	6	0	PRACTICE
1165528073479	0	FACE	729	RESP	Incorrect	LL1	PP0	Lure_NNNP	6	0	PRACTICE
1165527470712	0	E	Logging Ends
