1159542853126	0	B	Logging Begins
1159542853127	0	INSTRUCTIONSTART	JointRoller	/Library/Frameworks/Python.framework/Versions/2.4/lib/python2.4/site-packages/pyepl/resources/vera.ttf	64	(1.000000, 1.000000, 1.000000, 1.000000)	"In the following experiment, your memory for associating names with faces will be tested.  The experiment will be divided into two halves, with each half testing you on a completely different set of names and faces.  After the first half, there will be a short break.\n\nThe procedure will be the same for each half.  Eight faces will be presented on the screen, consecutively, accompanied by their names.  A woman's voice will also speak the name when the face appears on the screen.  After five seconds, the face will disappear from the screen, a star (*) will flash on the screen for one second, and then the next face and name will appear.\n\nAfter you have seen all eight faces and names, you will be prompted to press any key in order to move on to a testing period.  During each trial of the testing period, you will see a face with a question mark (?) underneath it.  You will have to try and recall the name that goes with the face, and speak it out loud.  After five seconds the face will disappear from the screen, a star will flash on the screen for one second, and then the next face will appear with a question mark underneath it.\n\nFor each half, there will be ten study periods and ten test periods, alternating.  Each face will have the same name over the entire course of the half, so your task is to try and learn the faces' names as quickly and accurately as possible, and to be able to recall them as quickly and accurately as possible.\n\nDuring the test phase, do not worry if you make a mistake and recall the wrong name accidentally.  There is no penalty.  Also, if you are in the middle of recalling a name and the experiment moves on to the next face, do not stop yourself; continue speaking the name.  However, once the next face appears on the screen, you should give up trying to recall the last face and concentrate on the new one.\n\nDo you have any questions?\n\nPress <ENTER> to continue."
1159542853194	1	INSTRUCTIONSCROLL	0
1159542866496	1	INSTRUCTIONSCROLL	1
1159542866513	1	INSTRUCTIONSCROLL	5
1159542866529	1	INSTRUCTIONSCROLL	8
1159542866546	1	INSTRUCTIONSCROLL	11
1159542866563	1	INSTRUCTIONSCROLL	15
1159542866579	1	INSTRUCTIONSCROLL	18
1159542866596	1	INSTRUCTIONSCROLL	21
1159542866613	1	INSTRUCTIONSCROLL	24
1159542866629	1	INSTRUCTIONSCROLL	28
1159542866862	1	INSTRUCTIONSCROLL	29
1159542866879	1	INSTRUCTIONSCROLL	30
1159542866896	1	INSTRUCTIONSCROLL	33
1159542866913	1	INSTRUCTIONSCROLL	36
1159542866929	1	INSTRUCTIONSCROLL	40
1159542866946	1	INSTRUCTIONSCROLL	43
1159542866963	1	INSTRUCTIONSCROLL	46
1159542866979	1	INSTRUCTIONSCROLL	50
1159542866996	1	INSTRUCTIONSCROLL	53
1159542867014	1	INSTRUCTIONSCROLL	56
1159542867030	1	INSTRUCTIONSCROLL	60
1159542867047	1	INSTRUCTIONSCROLL	63
1159542867064	1	INSTRUCTIONSCROLL	66
1159542867080	1	INSTRUCTIONSCROLL	70
1159542867096	1	INSTRUCTIONSCROLL	73
1159542867113	1	INSTRUCTIONSCROLL	76
1159542867129	1	INSTRUCTIONSCROLL	80
1159542867146	1	INSTRUCTIONSCROLL	83
1159542867163	1	INSTRUCTIONSCROLL	86
1159542867179	1	INSTRUCTIONSCROLL	90
1159542867196	1	INSTRUCTIONSCROLL	93
1159542867212	1	INSTRUCTIONSCROLL	96
1159542867229	1	INSTRUCTIONSCROLL	100
1159542867246	1	INSTRUCTIONSCROLL	103
1159542867262	1	INSTRUCTIONSCROLL	106
1159542867279	1	INSTRUCTIONSCROLL	110
1159542867296	1	INSTRUCTIONSCROLL	113
1159542867312	1	INSTRUCTIONSCROLL	116
1159542867329	1	INSTRUCTIONSCROLL	120
1159542867346	1	INSTRUCTIONSCROLL	123
1159542867662	1	INSTRUCTIONSCROLL	124
1159542867679	1	INSTRUCTIONSCROLL	128
1159542867696	1	INSTRUCTIONSCROLL	131
1159542867712	1	INSTRUCTIONSCROLL	134
1159542867729	1	INSTRUCTIONSCROLL	138
1159542867746	1	INSTRUCTIONSCROLL	141
1159542867762	1	INSTRUCTIONSCROLL	144
1159542867779	1	INSTRUCTIONSCROLL	148
1159542867796	1	INSTRUCTIONSCROLL	151
1159542867812	1	INSTRUCTIONSCROLL	154
1159542867829	1	INSTRUCTIONSCROLL	158
1159542867846	1	INSTRUCTIONSCROLL	161
1159542867862	1	INSTRUCTIONSCROLL	167
1159542867879	1	INSTRUCTIONSCROLL	168
1159542867896	1	INSTRUCTIONSCROLL	171
1159542867912	1	INSTRUCTIONSCROLL	174
1159542867929	1	INSTRUCTIONSCROLL	178
1159542867946	1	INSTRUCTIONSCROLL	181
1159542867962	1	INSTRUCTIONSCROLL	184
1159542867979	1	INSTRUCTIONSCROLL	188
1159542867996	1	INSTRUCTIONSCROLL	191
1159542868013	1	INSTRUCTIONSCROLL	194
1159542868030	1	INSTRUCTIONSCROLL	198
1159542868047	1	INSTRUCTIONSCROLL	201
1159542868063	1	INSTRUCTIONSCROLL	204
1159542868080	1	INSTRUCTIONSCROLL	208
1159542868096	1	INSTRUCTIONSCROLL	211
1159542868112	1	INSTRUCTIONSCROLL	214
1159542868129	1	INSTRUCTIONSCROLL	218
1159542868146	1	INSTRUCTIONSCROLL	221
1159542868429	1	INSTRUCTIONSCROLL	222
1159542868445	1	INSTRUCTIONSCROLL	224
1159542868462	1	INSTRUCTIONSCROLL	227
1159542868479	1	INSTRUCTIONSCROLL	230
1159542868495	1	INSTRUCTIONSCROLL	234
1159542868512	1	INSTRUCTIONSCROLL	237
1159542868529	1	INSTRUCTIONSCROLL	240
1159542868545	1	INSTRUCTIONSCROLL	244
1159542868562	1	INSTRUCTIONSCROLL	247
1159542868579	1	INSTRUCTIONSCROLL	250
1159542868595	1	INSTRUCTIONSCROLL	254
1159542868612	1	INSTRUCTIONSCROLL	257
1159542868629	1	INSTRUCTIONSCROLL	260
1159542868645	1	INSTRUCTIONSCROLL	263
1159542869499	1	INSTRUCTIONSCROLL	264
1159542869512	1	INSTRUCTIONSCROLL	265
1159542869528	1	INSTRUCTIONSCROLL	267
1159542869545	1	INSTRUCTIONSCROLL	270
1159542869562	1	INSTRUCTIONSCROLL	273
1159542869578	1	INSTRUCTIONSCROLL	277
1159542869595	1	INSTRUCTIONSCROLL	280
1159542869612	1	INSTRUCTIONSCROLL	283
1159542869628	1	INSTRUCTIONSCROLL	287
1159542869912	1	INSTRUCTIONSCROLL	288
1159542869928	1	INSTRUCTIONSCROLL	289
1159542869945	1	INSTRUCTIONSCROLL	292
1159542869962	1	INSTRUCTIONSCROLL	295
1159542869978	1	INSTRUCTIONSCROLL	299
1159542869995	1	INSTRUCTIONSCROLL	302
1159542870013	1	INSTRUCTIONSCROLL	305
1159542870029	1	INSTRUCTIONSCROLL	309
1159542870046	1	INSTRUCTIONSCROLL	312
1159542870328	1	INSTRUCTIONSCROLL	313
1159542870345	1	INSTRUCTIONSCROLL	314
1159542870361	1	INSTRUCTIONSCROLL	318
1159542870378	1	INSTRUCTIONSCROLL	321
1159542870395	1	INSTRUCTIONSCROLL	324
1159542870411	1	INSTRUCTIONSCROLL	328
1159542870428	1	INSTRUCTIONSCROLL	331
1159542870445	1	INSTRUCTIONSCROLL	334
1159542870461	1	INSTRUCTIONSCROLL	338
1159542870478	1	INSTRUCTIONSCROLL	341
1159542870495	1	INSTRUCTIONSCROLL	344
1159542870511	1	INSTRUCTIONSCROLL	348
1159542870528	1	INSTRUCTIONSCROLL	351
1159542870545	1	INSTRUCTIONSCROLL	354
1159542870561	1	INSTRUCTIONSCROLL	358
1159542870578	1	INSTRUCTIONSCROLL	361
1159542870595	1	INSTRUCTIONSCROLL	364
1159542870611	1	INSTRUCTIONSCROLL	368
1159542870628	1	INSTRUCTIONSCROLL	371
1159542870645	1	INSTRUCTIONSCROLL	374
1159542870661	1	INSTRUCTIONSCROLL	378
1159542870678	1	INSTRUCTIONSCROLL	381
1159542870695	1	INSTRUCTIONSCROLL	384
1159542870711	1	INSTRUCTIONSCROLL	388
1159542870728	1	INSTRUCTIONSCROLL	391
1159542870745	1	INSTRUCTIONSCROLL	394
1159542870761	1	INSTRUCTIONSCROLL	398
1159542870778	1	INSTRUCTIONSCROLL	401
1159542871128	1	INSTRUCTIONSCROLL	402
1159542871145	1	INSTRUCTIONSCROLL	403
1159542871161	1	INSTRUCTIONSCROLL	406
1159542871178	1	INSTRUCTIONSCROLL	410
1159542871194	1	INSTRUCTIONSCROLL	413
1159542871211	1	INSTRUCTIONSCROLL	416
1159542871228	1	INSTRUCTIONSCROLL	420
1159542871244	1	INSTRUCTIONSCROLL	423
1159542871261	1	INSTRUCTIONSCROLL	426
1159542871278	1	INSTRUCTIONSCROLL	430
1159542871294	1	INSTRUCTIONSCROLL	433
1159542871311	1	INSTRUCTIONSCROLL	436
1159542871778	1	INSTRUCTIONSCROLL	437
1159542871794	1	INSTRUCTIONSCROLL	438
1159542871811	1	INSTRUCTIONSCROLL	442
1159542871828	1	INSTRUCTIONSCROLL	445
1159542871844	1	INSTRUCTIONSCROLL	448
1159542871861	1	INSTRUCTIONSCROLL	452
1159542871878	1	INSTRUCTIONSCROLL	455
1159542871894	1	INSTRUCTIONSCROLL	458
1159542871911	1	INSTRUCTIONSCROLL	462
1159542871928	1	INSTRUCTIONSCROLL	465
1159542871944	1	INSTRUCTIONSCROLL	468
1159542871961	1	INSTRUCTIONSCROLL	472
1159542871978	1	INSTRUCTIONSCROLL	475
1159542871994	1	INSTRUCTIONSCROLL	478
1159542872012	1	INSTRUCTIONSCROLL	482
1159542872029	1	INSTRUCTIONSCROLL	485
1159542872045	1	INSTRUCTIONSCROLL	489
1159542872062	1	INSTRUCTIONSCROLL	492
1159542872079	1	INSTRUCTIONSCROLL	495
1159542872095	1	INSTRUCTIONSCROLL	499
1159542872111	1	INSTRUCTIONSCROLL	502
1159542872128	1	INSTRUCTIONSCROLL	505
1159542872144	1	INSTRUCTIONSCROLL	508
1159542872161	1	INSTRUCTIONSCROLL	512
1159542872178	1	INSTRUCTIONSCROLL	515
1159542872461	1	INSTRUCTIONSCROLL	516
1159542872477	1	INSTRUCTIONSCROLL	519
1159542872494	1	INSTRUCTIONSCROLL	523
1159542872511	1	INSTRUCTIONSCROLL	526
1159542872527	1	INSTRUCTIONSCROLL	529
1159542872544	1	INSTRUCTIONSCROLL	533
1159542872561	1	INSTRUCTIONSCROLL	536
1159542872577	1	INSTRUCTIONSCROLL	539
1159542872594	1	INSTRUCTIONSCROLL	543
1159542872611	1	INSTRUCTIONSCROLL	546
1159542872627	1	INSTRUCTIONSCROLL	549
1159542872644	1	INSTRUCTIONSCROLL	553
1159542872661	1	INSTRUCTIONSCROLL	556
1159542872677	1	INSTRUCTIONSCROLL	559
1159542872694	1	INSTRUCTIONSCROLL	563
1159542872711	1	INSTRUCTIONSCROLL	566
1159542872727	1	INSTRUCTIONSCROLL	569
1159542872744	1	INSTRUCTIONSCROLL	573
1159542873189	1	INSTRUCTIONSCROLL	574
1159542873194	1	INSTRUCTIONSCROLL	575
1159542873210	1	INSTRUCTIONSCROLL	576
1159542873227	1	INSTRUCTIONSCROLL	579
1159542873244	1	INSTRUCTIONSCROLL	582
1159542873260	1	INSTRUCTIONSCROLL	585
1159542873277	1	INSTRUCTIONSCROLL	589
1159542873294	1	INSTRUCTIONSCROLL	592
1159542873310	1	INSTRUCTIONSCROLL	595
1159542873560	1	INSTRUCTIONSCROLL	596
1159542873577	1	INSTRUCTIONSCROLL	599
1159542873594	1	INSTRUCTIONSCROLL	602
1159542873610	1	INSTRUCTIONSCROLL	606
1159542873627	1	INSTRUCTIONSCROLL	609
1159542873644	1	INSTRUCTIONSCROLL	612
1159542873660	1	INSTRUCTIONSCROLL	618
1159542873677	1	INSTRUCTIONSCROLL	619
1159542873694	1	INSTRUCTIONSCROLL	622
1159542873710	1	INSTRUCTIONSCROLL	626
1159542873727	1	INSTRUCTIONSCROLL	629
1159542873744	1	INSTRUCTIONSCROLL	632
1159542873760	1	INSTRUCTIONSCROLL	636
1159542873777	1	INSTRUCTIONSCROLL	639
1159542873794	1	INSTRUCTIONSCROLL	642
1159542873810	1	INSTRUCTIONSCROLL	646
1159542873827	1	INSTRUCTIONSCROLL	649
1159542873844	1	INSTRUCTIONSCROLL	652
1159542873860	1	INSTRUCTIONSCROLL	656
1159542873877	1	INSTRUCTIONSCROLL	659
1159542873894	1	INSTRUCTIONSCROLL	662
1159542873910	1	INSTRUCTIONSCROLL	666
1159542873927	1	INSTRUCTIONSCROLL	669
1159542874227	1	INSTRUCTIONSCROLL	670
1159542874243	1	INSTRUCTIONSCROLL	672
1159542874260	1	INSTRUCTIONSCROLL	675
1159542874277	1	INSTRUCTIONSCROLL	678
1159542874293	1	INSTRUCTIONSCROLL	682
1159542874310	1	INSTRUCTIONSCROLL	685
1159542874327	1	INSTRUCTIONSCROLL	688
1159542874343	1	INSTRUCTIONSCROLL	692
1159542874360	1	INSTRUCTIONSCROLL	695
1159542874377	1	INSTRUCTIONSCROLL	698
1159542874393	1	INSTRUCTIONSCROLL	702
1159542874410	1	INSTRUCTIONSCROLL	705
1159542874427	1	INSTRUCTIONSCROLL	708
1159542874443	1	INSTRUCTIONSCROLL	712
1159542874460	1	INSTRUCTIONSCROLL	715
1159542874477	1	INSTRUCTIONSCROLL	718
1159542874493	1	INSTRUCTIONSCROLL	722
1159542874510	1	INSTRUCTIONSCROLL	725
1159542874527	1	INSTRUCTIONSCROLL	728
1159542874543	1	INSTRUCTIONSCROLL	732
1159542874560	1	INSTRUCTIONSCROLL	735
1159542874577	1	INSTRUCTIONSCROLL	738
1159542874593	1	INSTRUCTIONSCROLL	742
1159542874610	1	INSTRUCTIONSCROLL	745
1159542874627	1	INSTRUCTIONSCROLL	748
1159542874643	1	INSTRUCTIONSCROLL	752
1159542874660	1	INSTRUCTIONSCROLL	755
1159542874677	1	INSTRUCTIONSCROLL	758
1159542874693	1	INSTRUCTIONSCROLL	762
1159542874710	1	INSTRUCTIONSCROLL	765
1159542874727	1	INSTRUCTIONSCROLL	768
1159542874743	1	INSTRUCTIONSCROLL	772
1159542874760	1	INSTRUCTIONSCROLL	775
1159542874777	1	INSTRUCTIONSCROLL	778
1159542874793	1	INSTRUCTIONSCROLL	782
1159542874810	1	INSTRUCTIONSCROLL	785
1159542874827	1	INSTRUCTIONSCROLL	788
1159542874843	1	INSTRUCTIONSCROLL	794
1159542874860	1	INSTRUCTIONSCROLL	795
1159542874877	1	INSTRUCTIONSCROLL	798
1159542874893	1	INSTRUCTIONSCROLL	802
1159542874910	1	INSTRUCTIONSCROLL	805
1159542874927	1	INSTRUCTIONSCROLL	808
1159542874943	1	INSTRUCTIONSCROLL	812
1159542874960	1	INSTRUCTIONSCROLL	815
1159542874977	1	INSTRUCTIONSCROLL	818
1159542874993	1	INSTRUCTIONSCROLL	822
1159542875011	1	INSTRUCTIONSCROLL	825
1159542875028	1	INSTRUCTIONSCROLL	828
1159542875044	1	INSTRUCTIONSCROLL	832
1159542875061	1	INSTRUCTIONSCROLL	835
1159542875078	1	INSTRUCTIONSCROLL	839
1159542875094	1	INSTRUCTIONSCROLL	842
1159542875110	1	INSTRUCTIONSCROLL	845
1159542875127	1	INSTRUCTIONSCROLL	848
1159542875143	1	INSTRUCTIONSCROLL	852
1159542875160	1	INSTRUCTIONSCROLL	855
1159542875177	1	INSTRUCTIONSCROLL	858
1159542875193	1	INSTRUCTIONSCROLL	862
1159542875210	1	INSTRUCTIONSCROLL	865
1159542875227	1	INSTRUCTIONSCROLL	868
1159542875243	1	INSTRUCTIONSCROLL	872
1159542875260	1	INSTRUCTIONSCROLL	875
1159542875277	1	INSTRUCTIONSCROLL	878
1159542875293	1	INSTRUCTIONSCROLL	882
1159542875310	1	INSTRUCTIONSCROLL	885
1159542875326	1	INSTRUCTIONSCROLL	888
1159542875343	1	INSTRUCTIONSCROLL	892
1159542875360	1	INSTRUCTIONSCROLL	895
1159542875377	1	INSTRUCTIONSCROLL	898
1159542875393	1	INSTRUCTIONSCROLL	902
1159542875410	1	INSTRUCTIONSCROLL	905
1159542875426	1	INSTRUCTIONSCROLL	908
1159542875443	1	INSTRUCTIONSCROLL	912
1159542875460	1	INSTRUCTIONSCROLL	915
1159542875476	1	INSTRUCTIONSCROLL	918
1159542875493	1	INSTRUCTIONSCROLL	922
1159542875510	1	INSTRUCTIONSCROLL	925
1159542875526	1	INSTRUCTIONSCROLL	928
1159542875543	1	INSTRUCTIONSCROLL	932
1159542875560	1	INSTRUCTIONSCROLL	935
1159542875576	1	INSTRUCTIONSCROLL	938
1159542875593	1	INSTRUCTIONSCROLL	942
1159542875610	1	INSTRUCTIONSCROLL	945
1159542875626	1	INSTRUCTIONSCROLL	948
1159542875643	1	INSTRUCTIONSCROLL	952
1159542875660	1	INSTRUCTIONSCROLL	955
1159542875676	1	INSTRUCTIONSCROLL	958
1159542875693	1	INSTRUCTIONSCROLL	962
1159542875710	1	INSTRUCTIONSCROLL	965
1159542875726	1	INSTRUCTIONSCROLL	968
1159542875743	1	INSTRUCTIONSCROLL	972
1159542875760	1	INSTRUCTIONSCROLL	975
1159542875776	1	INSTRUCTIONSCROLL	978
1159542875795	1	INSTRUCTIONSCROLL	984
1159542875810	1	INSTRUCTIONSCROLL	985
1159542875826	1	INSTRUCTIONSCROLL	989
1159542875843	1	INSTRUCTIONSCROLL	992
1159542875860	1	INSTRUCTIONSCROLL	995
1159542875876	1	INSTRUCTIONSCROLL	999
1159542875893	1	INSTRUCTIONSCROLL	1002
1159542875910	1	INSTRUCTIONSCROLL	1005
1159542875926	1	INSTRUCTIONSCROLL	1008
1159542875943	1	INSTRUCTIONSCROLL	1012
1159542875960	1	INSTRUCTIONSCROLL	1015
1159542875976	1	INSTRUCTIONSCROLL	1019
1159542875993	1	INSTRUCTIONSCROLL	1022
1159542876011	1	INSTRUCTIONSCROLL	1025
1159542876027	1	INSTRUCTIONSCROLL	1029
1159542876044	1	INSTRUCTIONSCROLL	1032
1159542876061	1	INSTRUCTIONSCROLL	1035
1159542876077	1	INSTRUCTIONSCROLL	1039
1159542876094	1	INSTRUCTIONSCROLL	1042
1159542876110	1	INSTRUCTIONSCROLL	1045
1159542876126	1	INSTRUCTIONSCROLL	1049
1159542876143	1	INSTRUCTIONSCROLL	1052
1159542876160	1	INSTRUCTIONSCROLL	1055
1159542876176	1	INSTRUCTIONSCROLL	1059
1159542876193	1	INSTRUCTIONSCROLL	1062
1159542876210	1	INSTRUCTIONSCROLL	1065
1159542876226	1	INSTRUCTIONSCROLL	1068
1159542876243	1	INSTRUCTIONSCROLL	1072
1159542876259	1	INSTRUCTIONSCROLL	1075
1159542876276	1	INSTRUCTIONSCROLL	1079
1159542876293	1	INSTRUCTIONSCROLL	1082
1159542876309	1	INSTRUCTIONSCROLL	1085
1159542876326	1	INSTRUCTIONSCROLL	1089
1159542876343	1	INSTRUCTIONSCROLL	1092
1159542876359	1	INSTRUCTIONSCROLL	1095
1159542876376	1	INSTRUCTIONSCROLL	1098
1159542876393	1	INSTRUCTIONSCROLL	1102
1159542876410	1	INSTRUCTIONSCROLL	1105
1159542876426	1	INSTRUCTIONSCROLL	1109
1159542876443	1	INSTRUCTIONSCROLL	1112
1159542876459	1	INSTRUCTIONSCROLL	1115
1159542876476	1	INSTRUCTIONSCROLL	1119
1159542876493	1	INSTRUCTIONSCROLL	1122
1159542876509	1	INSTRUCTIONSCROLL	1125
1159542876526	1	INSTRUCTIONSCROLL	1128
1159542876543	1	INSTRUCTIONSCROLL	1132
1159542876559	1	INSTRUCTIONSCROLL	1135
1159542876576	1	INSTRUCTIONSCROLL	1138
1159542876593	1	INSTRUCTIONSCROLL	1142
1159542876609	1	INSTRUCTIONSCROLL	1145
1159542876626	1	INSTRUCTIONSCROLL	1148
1159542876643	1	INSTRUCTIONSCROLL	1152
1159542876659	1	INSTRUCTIONSCROLL	1155
1159542876676	1	INSTRUCTIONSCROLL	1158
1159542876693	1	INSTRUCTIONSCROLL	1162
1159542876709	1	INSTRUCTIONSCROLL	1165
1159542876726	1	INSTRUCTIONSCROLL	1169
1159542876743	1	INSTRUCTIONSCROLL	1172
1159542876759	1	INSTRUCTIONSCROLL	1175
1159542876776	1	INSTRUCTIONSCROLL	1178
1159542876793	1	INSTRUCTIONSCROLL	1182
1159542876809	1	INSTRUCTIONSCROLL	1185
1159542876826	1	INSTRUCTIONSCROLL	1188
1159542876843	1	INSTRUCTIONSCROLL	1192
1159542876859	1	INSTRUCTIONSCROLL	1195
1159542876876	1	INSTRUCTIONSCROLL	1199
1159542876893	1	INSTRUCTIONSCROLL	1202
1159542876909	1	INSTRUCTIONSCROLL	1205
1159542876926	1	INSTRUCTIONSCROLL	1208
1159542876959	1	INSTRUCTIONSCROLL	1214
1159542876976	1	INSTRUCTIONSCROLL	1219
1159542876993	1	INSTRUCTIONSCROLL	1222
1159542877010	1	INSTRUCTIONSCROLL	1225
1159542877476	1	INSTRUCTIONSCROLL	1226
1159542877492	1	INSTRUCTIONSCROLL	1229
1159542877509	1	INSTRUCTIONSCROLL	1233
1159542877526	1	INSTRUCTIONSCROLL	1236
1159542877542	1	INSTRUCTIONSCROLL	1239
1159542877559	1	INSTRUCTIONSCROLL	1243
1159542877576	1	INSTRUCTIONSCROLL	1246
1159542877592	1	INSTRUCTIONSCROLL	1249
1159542877609	1	INSTRUCTIONSCROLL	1253
1159542877626	1	INSTRUCTIONSCROLL	1256
1159542877642	1	INSTRUCTIONSCROLL	1259
1159542878342	1	INSTRUCTIONSCROLL	1260
1159542878359	1	INSTRUCTIONSCROLL	1263
1159542878375	1	INSTRUCTIONSCROLL	1266
1159542878392	1	INSTRUCTIONSCROLL	1269
1159542878409	1	INSTRUCTIONSCROLL	1273
1159542878425	1	INSTRUCTIONSCROLL	1276
1159542878442	1	INSTRUCTIONSCROLL	1279
1159542878459	1	INSTRUCTIONSCROLL	1283
1159542878475	1	INSTRUCTIONSCROLL	1286
1159542878492	1	INSTRUCTIONSCROLL	1289
1159542878509	1	INSTRUCTIONSCROLL	1293
1159542878525	1	INSTRUCTIONSCROLL	1296
1159542878542	1	INSTRUCTIONSCROLL	1299
1159542878559	1	INSTRUCTIONSCROLL	1303
1159542878575	1	INSTRUCTIONSCROLL	1306
1159542878592	1	INSTRUCTIONSCROLL	1309
1159542878609	1	INSTRUCTIONSCROLL	1313
1159542878625	1	INSTRUCTIONSCROLL	1316
1159542878642	1	INSTRUCTIONSCROLL	1319
1159542878659	1	INSTRUCTIONSCROLL	1323
1159542878675	1	INSTRUCTIONSCROLL	1326
1159542878692	1	INSTRUCTIONSCROLL	1329
1159542878709	1	INSTRUCTIONSCROLL	1333
1159542879060	1	INSTRUCTIONSCROLL	1334
1159542879076	1	INSTRUCTIONSCROLL	1335
1159542879093	1	INSTRUCTIONSCROLL	1339
1159542879109	1	INSTRUCTIONSCROLL	1342
1159542879125	1	INSTRUCTIONSCROLL	1345
1159542879142	1	INSTRUCTIONSCROLL	1348
1159542879159	1	INSTRUCTIONSCROLL	1352
1159542879175	1	INSTRUCTIONSCROLL	1355
1159542879192	1	INSTRUCTIONSCROLL	1358
1159542879208	1	INSTRUCTIONSCROLL	1362
1159542879225	1	INSTRUCTIONSCROLL	1365
1159542879242	1	INSTRUCTIONSCROLL	1368
1159542879258	1	INSTRUCTIONSCROLL	1372
1159542879275	1	INSTRUCTIONSCROLL	1375
1159542879292	1	INSTRUCTIONSCROLL	1378
1159542879308	1	INSTRUCTIONSCROLL	1382
1159542879325	1	INSTRUCTIONSCROLL	1385
1159542879342	1	INSTRUCTIONSCROLL	1388
1159542879358	1	INSTRUCTIONSCROLL	1392
1159542879782	1	INSTRUCTIONSCROLL	1393
1159542879792	1	INSTRUCTIONSCROLL	1394
1159542879808	1	INSTRUCTIONSCROLL	1395
1159542879825	1	INSTRUCTIONSCROLL	1399
1159542879842	1	INSTRUCTIONSCROLL	1402
1159542880308	1	INSTRUCTIONSCROLL	1403
1159542880325	1	INSTRUCTIONSCROLL	1405
1159542880341	1	INSTRUCTIONSCROLL	1408
1159542880358	1	INSTRUCTIONSCROLL	1411
1159542880375	1	INSTRUCTIONSCROLL	1415
1159542880391	1	INSTRUCTIONSCROLL	1418
1159542880408	1	INSTRUCTIONSCROLL	1421
1159542880425	1	INSTRUCTIONSCROLL	1425
1159542880441	1	INSTRUCTIONSCROLL	1428
1159542880458	1	INSTRUCTIONSCROLL	1431
1159542880475	1	INSTRUCTIONSCROLL	1435
1159542880491	1	INSTRUCTIONSCROLL	1438
1159542880508	1	INSTRUCTIONSCROLL	1441
1159542880525	1	INSTRUCTIONSCROLL	1445
1159542880541	1	INSTRUCTIONSCROLL	1448
1159542880558	1	INSTRUCTIONSCROLL	1451
1159542880575	1	INSTRUCTIONSCROLL	1455
1159542880591	1	INSTRUCTIONSCROLL	1458
1159542881508	1	INSTRUCTIONSCROLL	1459
1159542881524	1	INSTRUCTIONSCROLL	1461
1159542881541	1	INSTRUCTIONSCROLL	1464
1159542881558	1	INSTRUCTIONSCROLL	1467
1159542881574	1	INSTRUCTIONSCROLL	1471
1159542881591	1	INSTRUCTIONSCROLL	1474
1159542881608	1	INSTRUCTIONSCROLL	1477
1159542881624	1	INSTRUCTIONSCROLL	1481
1159542881641	1	INSTRUCTIONSCROLL	1484
1159542881658	1	INSTRUCTIONSCROLL	1487
1159542881674	1	INSTRUCTIONSCROLL	1491
1159542881691	1	INSTRUCTIONSCROLL	1494
1159542881708	1	INSTRUCTIONSCROLL	1497
1159542881724	1	INSTRUCTIONSCROLL	1501
1159542881741	1	INSTRUCTIONSCROLL	1504
1159542881758	1	INSTRUCTIONSCROLL	1507
1159542881774	1	INSTRUCTIONSCROLL	1511
1159542882205	1	INSTRUCTIONSCROLL	1512
1159542882224	1	INSTRUCTIONSCROLL	1513
1159542882241	1	INSTRUCTIONSCROLL	1516
1159542882257	1	INSTRUCTIONSCROLL	1519
1159542882274	1	INSTRUCTIONSCROLL	1523
1159542882291	1	INSTRUCTIONSCROLL	1526
1159542882307	1	INSTRUCTIONSCROLL	1529
1159542882324	1	INSTRUCTIONSCROLL	1533
1159542882341	1	INSTRUCTIONSCROLL	1536
1159542882357	1	INSTRUCTIONSCROLL	1539
1159542882374	1	INSTRUCTIONSCROLL	1543
1159542882391	1	INSTRUCTIONSCROLL	1546
1159542882407	1	INSTRUCTIONSCROLL	1549
1159542882424	1	INSTRUCTIONSCROLL	1553
1159542882441	1	INSTRUCTIONSCROLL	1556
1159542882457	1	INSTRUCTIONSCROLL	1559
1159542882824	1	INSTRUCTIONSCROLL	1560
1159542882841	1	INSTRUCTIONSCROLL	1563
1159542882857	1	INSTRUCTIONSCROLL	1566
1159542882874	1	INSTRUCTIONSCROLL	1570
1159542882891	1	INSTRUCTIONSCROLL	1573
1159542882907	1	INSTRUCTIONSCROLL	1576
1159542882924	1	INSTRUCTIONSCROLL	1580
1159542882941	1	INSTRUCTIONSCROLL	1583
1159542882957	1	INSTRUCTIONSCROLL	1586
1159542882974	1	INSTRUCTIONSCROLL	1590
1159542882991	1	INSTRUCTIONSCROLL	1593
1159542883357	1	INSTRUCTIONSCROLL	1594
1159542883374	1	INSTRUCTIONSCROLL	1598
1159542883390	1	INSTRUCTIONSCROLL	1601
1159542883407	1	INSTRUCTIONSCROLL	1604
1159542883424	1	INSTRUCTIONSCROLL	1608
1159542883440	1	INSTRUCTIONSCROLL	1611
1159542883457	1	INSTRUCTIONSCROLL	1614
1159542883474	1	INSTRUCTIONSCROLL	1618
1159542886373	1	INSTRUCTIONSCROLL	1619
1159542886389	1	INSTRUCTIONSCROLL	1622
1159542886406	1	INSTRUCTIONSCROLL	1626
1159542886423	1	INSTRUCTIONSCROLL	1629
1159542886439	1	INSTRUCTIONSCROLL	1632
1159542886456	1	INSTRUCTIONSCROLL	1636
1159542886473	1	INSTRUCTIONSCROLL	1639
1159542886489	1	INSTRUCTIONSCROLL	1642
1159542886506	1	INSTRUCTIONSCROLL	1646
1159542886523	1	INSTRUCTIONSCROLL	1649
1159542886539	1	INSTRUCTIONSCROLL	1652
1159542886556	1	INSTRUCTIONSCROLL	1656
1159542886573	1	INSTRUCTIONSCROLL	1659
1159542886589	1	INSTRUCTIONSCROLL	1662
1159542886606	1	INSTRUCTIONSCROLL	1666
1159542886623	1	INSTRUCTIONSCROLL	1669
1159542886639	1	INSTRUCTIONSCROLL	1672
1159542886656	1	INSTRUCTIONSCROLL	1676
1159542886673	1	INSTRUCTIONSCROLL	1679
1159542886689	1	INSTRUCTIONSCROLL	1682
1159542886706	1	INSTRUCTIONSCROLL	1686
1159542886723	1	INSTRUCTIONSCROLL	1689
1159542886739	1	INSTRUCTIONSCROLL	1692
1159542886756	1	INSTRUCTIONSCROLL	1696
1159542886773	1	INSTRUCTIONSCROLL	1699
1159542886789	1	INSTRUCTIONSCROLL	1702
1159542887339	1	INSTRUCTIONSCROLL	1703
1159542887356	1	INSTRUCTIONSCROLL	1706
1159542887372	1	INSTRUCTIONSCROLL	1710
1159542887389	1	INSTRUCTIONSCROLL	1713
1159542887406	1	INSTRUCTIONSCROLL	1716
1159542887422	1	INSTRUCTIONSCROLL	1720
1159542887439	1	INSTRUCTIONSCROLL	1723
1159542887456	1	INSTRUCTIONSCROLL	1726
1159542887472	1	INSTRUCTIONSCROLL	1730
1159542887489	1	INSTRUCTIONSCROLL	1733
1159542887506	1	INSTRUCTIONSCROLL	1736
1159542887522	1	INSTRUCTIONSCROLL	1740
1159542887539	1	INSTRUCTIONSCROLL	1743
1159542887556	1	INSTRUCTIONSCROLL	1747
1159542887572	1	INSTRUCTIONSCROLL	1750
1159542887589	1	INSTRUCTIONSCROLL	1753
1159542887606	1	INSTRUCTIONSCROLL	1756
1159542887622	1	INSTRUCTIONSCROLL	1760
1159542887639	1	INSTRUCTIONSCROLL	1763
1159542887656	1	INSTRUCTIONSCROLL	1766
1159542887672	1	INSTRUCTIONSCROLL	1770
1159542887689	1	INSTRUCTIONSCROLL	1773
1159542887706	1	INSTRUCTIONSCROLL	1776
1159542887722	1	INSTRUCTIONSCROLL	1780
1159542887739	1	INSTRUCTIONSCROLL	1783
1159542887756	1	INSTRUCTIONSCROLL	1786
1159542889222	1	INSTRUCTIONSCROLL	1787
1159542889238	1	INSTRUCTIONSCROLL	1790
1159542889255	1	INSTRUCTIONSCROLL	1793
1159542889272	1	INSTRUCTIONSCROLL	1796
1159542889288	1	INSTRUCTIONSCROLL	1800
1159542889305	1	INSTRUCTIONSCROLL	1803
1159542889322	1	INSTRUCTIONSCROLL	1806
1159542889338	1	INSTRUCTIONSCROLL	1810
1159542889355	1	INSTRUCTIONSCROLL	1813
1159542889372	1	INSTRUCTIONSCROLL	1816
1159542889388	1	INSTRUCTIONSCROLL	1820
1159542889405	1	INSTRUCTIONSCROLL	1823
1159542889422	1	INSTRUCTIONSCROLL	1826
1159542889438	1	INSTRUCTIONSCROLL	1830
1159542889455	1	INSTRUCTIONSCROLL	1833
1159542889472	1	INSTRUCTIONSCROLL	1836
1159542889488	1	INSTRUCTIONSCROLL	1840
1159542889505	1	INSTRUCTIONSCROLL	1843
1159542889522	1	INSTRUCTIONSCROLL	1846
1159542889538	1	INSTRUCTIONSCROLL	1850
1159542889555	1	INSTRUCTIONSCROLL	1853
1159542889572	1	INSTRUCTIONSCROLL	1856
1159542889588	1	INSTRUCTIONSCROLL	1860
1159542889605	1	INSTRUCTIONSCROLL	1863
1159542889622	1	INSTRUCTIONSCROLL	1866
1159542889638	1	INSTRUCTIONSCROLL	1870
1159542889655	1	INSTRUCTIONSCROLL	1873
1159542889672	1	INSTRUCTIONSCROLL	1876
1159542889688	1	INSTRUCTIONSCROLL	1880
1159542889705	1	INSTRUCTIONSCROLL	1883
1159542889722	1	INSTRUCTIONSCROLL	1886
1159542889738	1	INSTRUCTIONSCROLL	1890
1159542889755	1	INSTRUCTIONSCROLL	1893
1159542889772	1	INSTRUCTIONSCROLL	1896
1159542889788	1	INSTRUCTIONSCROLL	1900
1159542890105	1	INSTRUCTIONSCROLL	1901
1159542890122	1	INSTRUCTIONSCROLL	1902
1159542890138	1	INSTRUCTIONSCROLL	1905
1159542890155	1	INSTRUCTIONSCROLL	1909
1159542890172	1	INSTRUCTIONSCROLL	1912
1159542890188	1	INSTRUCTIONSCROLL	1915
1159542890205	1	INSTRUCTIONSCROLL	1919
1159542890222	1	INSTRUCTIONSCROLL	1922
1159542890238	1	INSTRUCTIONSCROLL	1925
1159542890255	1	INSTRUCTIONSCROLL	1929
1159542890271	1	INSTRUCTIONSCROLL	1932
1159542890288	1	INSTRUCTIONSCROLL	1935
1159542890305	1	INSTRUCTIONSCROLL	1939
1159542890321	1	INSTRUCTIONSCROLL	1942
1159542890338	1	INSTRUCTIONSCROLL	1945
1159542890355	1	INSTRUCTIONSCROLL	1949
1159542890371	1	INSTRUCTIONSCROLL	1952
1159542890388	1	INSTRUCTIONSCROLL	1955
1159542890405	1	INSTRUCTIONSCROLL	1958
1159542890421	1	INSTRUCTIONSCROLL	1962
1159542890438	1	INSTRUCTIONSCROLL	1965
1159542890455	1	INSTRUCTIONSCROLL	1969
1159542890471	1	INSTRUCTIONSCROLL	1972
1159542890488	1	INSTRUCTIONSCROLL	1975
1159542890505	1	INSTRUCTIONSCROLL	1978
1159542890521	1	INSTRUCTIONSCROLL	1982
1159542890538	1	INSTRUCTIONSCROLL	1985
1159542890555	1	INSTRUCTIONSCROLL	1989
1159542890571	1	INSTRUCTIONSCROLL	1992
1159542890588	1	INSTRUCTIONSCROLL	1995
1159542890605	1	INSTRUCTIONSCROLL	1998
1159542890621	1	INSTRUCTIONSCROLL	2002
1159542890638	1	INSTRUCTIONSCROLL	2005
1159542890655	1	INSTRUCTIONSCROLL	2009
1159542890671	1	INSTRUCTIONSCROLL	2012
1159542890688	1	INSTRUCTIONSCROLL	2015
1159542890705	1	INSTRUCTIONSCROLL	2019
1159542890721	1	INSTRUCTIONSCROLL	2022
1159542890738	1	INSTRUCTIONSCROLL	2025
1159542890755	1	INSTRUCTIONSCROLL	2028
1159542890771	1	INSTRUCTIONSCROLL	2032
1159542890788	1	INSTRUCTIONSCROLL	2035
1159542890805	1	INSTRUCTIONSCROLL	2039
1159542890821	1	INSTRUCTIONSCROLL	2042
1159542890838	1	INSTRUCTIONSCROLL	2045
1159542890855	1	INSTRUCTIONSCROLL	2049
1159542890871	1	INSTRUCTIONSCROLL	2052
1159542890888	1	INSTRUCTIONSCROLL	2055
1159542890905	1	INSTRUCTIONSCROLL	2059
1159542890938	1	INSTRUCTIONSCROLL	2064
1159542890955	1	INSTRUCTIONSCROLL	2069
1159542890971	1	INSTRUCTIONSCROLL	2072
1159542890988	1	INSTRUCTIONSCROLL	2075
1159542891006	1	INSTRUCTIONSCROLL	2079
1159542891022	1	INSTRUCTIONSCROLL	2082
1159542891039	1	INSTRUCTIONSCROLL	2085
1159542891056	1	INSTRUCTIONSCROLL	2089
1159542891072	1	INSTRUCTIONSCROLL	2092
1159542891089	1	INSTRUCTIONSCROLL	2095
1159542891105	1	INSTRUCTIONSCROLL	2099
1159542891121	1	INSTRUCTIONSCROLL	2102
1159542891138	1	INSTRUCTIONSCROLL	2105
1159542891155	1	INSTRUCTIONSCROLL	2109
1159542891171	1	INSTRUCTIONSCROLL	2112
1159542891188	1	INSTRUCTIONSCROLL	2115
1159542891205	1	INSTRUCTIONSCROLL	2118
1159542891221	1	INSTRUCTIONSCROLL	2122
1159542891238	1	INSTRUCTIONSCROLL	2125
1159542891254	1	INSTRUCTIONSCROLL	2129
1159542893088	1	INSTRUCTIONSCROLL	2130
1159542893104	1	INSTRUCTIONSCROLL	2132
1159542893121	1	INSTRUCTIONSCROLL	2135
1159542893137	1	INSTRUCTIONSCROLL	2139
1159542893154	1	INSTRUCTIONSCROLL	2142
1159542893171	1	INSTRUCTIONSCROLL	2145
1159542893187	1	INSTRUCTIONSCROLL	2149
1159542893204	1	INSTRUCTIONSCROLL	2152
1159542893221	1	INSTRUCTIONSCROLL	2155
1159542893870	1	INSTRUCTIONSCROLL	2156
1159542893887	1	INSTRUCTIONSCROLL	2159
1159542893904	1	INSTRUCTIONSCROLL	2162
1159542893920	1	INSTRUCTIONSCROLL	2165
1159542893937	1	INSTRUCTIONSCROLL	2169
1159542893954	1	INSTRUCTIONSCROLL	2172
1159542893970	1	INSTRUCTIONSCROLL	2175
1159542893987	1	INSTRUCTIONSCROLL	2181
1159542894005	1	INSTRUCTIONSCROLL	2182
1159542894021	1	INSTRUCTIONSCROLL	2185
1159542894038	1	INSTRUCTIONSCROLL	2189
1159542894055	1	INSTRUCTIONSCROLL	2192
1159542894071	1	INSTRUCTIONSCROLL	2195
1159542894088	1	INSTRUCTIONSCROLL	2199
1159542894104	1	INSTRUCTIONSCROLL	2202
1159542894120	1	INSTRUCTIONSCROLL	2205
1159542894137	1	INSTRUCTIONSCROLL	2209
1159542894154	1	INSTRUCTIONSCROLL	2212
1159542894170	1	INSTRUCTIONSCROLL	2215
1159542894187	1	INSTRUCTIONSCROLL	2219
1159542894204	1	INSTRUCTIONSCROLL	2222
1159542894220	1	INSTRUCTIONSCROLL	2225
1159542894237	1	INSTRUCTIONSCROLL	2229
1159542894670	1	INSTRUCTIONSCROLL	2230
1159542894687	1	INSTRUCTIONSCROLL	2234
1159542894703	1	INSTRUCTIONSCROLL	2237
1159542894720	1	INSTRUCTIONSCROLL	2240
1159542894737	1	INSTRUCTIONSCROLL	2243
1159542894753	1	INSTRUCTIONSCROLL	2247
1159542894770	1	INSTRUCTIONSCROLL	2250
1159542894787	1	INSTRUCTIONSCROLL	2253
1159542894803	1	INSTRUCTIONSCROLL	2257
1159542895109	1	INSTRUCTIONSCROLL	2258
1159542895120	1	INSTRUCTIONSCROLL	2259
1159542895137	1	INSTRUCTIONSCROLL	2260
1159542895153	1	INSTRUCTIONSCROLL	2264
1159542895170	1	INSTRUCTIONSCROLL	2267
1159542895187	1	INSTRUCTIONSCROLL	2270
1159542895203	1	INSTRUCTIONSCROLL	2274
1159542895220	1	INSTRUCTIONSCROLL	2277
1159542895237	1	INSTRUCTIONSCROLL	2280
1159542895253	1	INSTRUCTIONSCROLL	2284
1159542895270	1	INSTRUCTIONSCROLL	2287
1159542895286	1	INSTRUCTIONSCROLL	2290
1159542895303	1	INSTRUCTIONSCROLL	2294
1159542895320	1	INSTRUCTIONSCROLL	2297
1159542895337	1	INSTRUCTIONSCROLL	2300
1159542895353	1	INSTRUCTIONSCROLL	2304
1159542895370	1	INSTRUCTIONSCROLL	2307
1159542895387	1	INSTRUCTIONSCROLL	2310
1159542895403	1	INSTRUCTIONSCROLL	2314
1159542895420	1	INSTRUCTIONSCROLL	2317
1159542895436	1	INSTRUCTIONSCROLL	2320
1159542895453	1	INSTRUCTIONSCROLL	2324
1159542895470	1	INSTRUCTIONSCROLL	2327
1159542895486	1	INSTRUCTIONSCROLL	2330
1159542895503	1	INSTRUCTIONSCROLL	2334
1159542895870	1	INSTRUCTIONSCROLL	2335
1159542895886	1	INSTRUCTIONSCROLL	2337
1159542895903	1	INSTRUCTIONSCROLL	2340
1159542895920	1	INSTRUCTIONSCROLL	2344
1159542895936	1	INSTRUCTIONSCROLL	2347
1159542895953	1	INSTRUCTIONSCROLL	2350
1159542895970	1	INSTRUCTIONSCROLL	2354
1159542895986	1	INSTRUCTIONSCROLL	2357
1159542896004	1	INSTRUCTIONSCROLL	2360
1159542896021	1	INSTRUCTIONSCROLL	2364
1159542896037	1	INSTRUCTIONSCROLL	2367
1159542896054	1	INSTRUCTIONSCROLL	2371
1159542896071	1	INSTRUCTIONSCROLL	2374
1159542896087	1	INSTRUCTIONSCROLL	2377
1159542896103	1	INSTRUCTIONSCROLL	2381
1159542896120	1	INSTRUCTIONSCROLL	2384
1159542896136	1	INSTRUCTIONSCROLL	2387
1159542896153	1	INSTRUCTIONSCROLL	2390
1159542896170	1	INSTRUCTIONSCROLL	2394
1159542896186	1	INSTRUCTIONSCROLL	2397
1159542896203	1	INSTRUCTIONSCROLL	2400
1159542896219	1	INSTRUCTIONSCROLL	2404
1159542896236	1	INSTRUCTIONSCROLL	2407
1159542896253	1	INSTRUCTIONSCROLL	2410
1159542896270	1	INSTRUCTIONSCROLL	2414
1159542896569	1	INSTRUCTIONSCROLL	2415
1159542896586	1	INSTRUCTIONSCROLL	2416
1159542896603	1	INSTRUCTIONSCROLL	2419
1159542896619	1	INSTRUCTIONSCROLL	2425
1159542896636	1	INSTRUCTIONSCROLL	2426
1159542896653	1	INSTRUCTIONSCROLL	2429
1159542896669	1	INSTRUCTIONSCROLL	2433
1159542896686	1	INSTRUCTIONSCROLL	2436
1159542896703	1	INSTRUCTIONSCROLL	2439
1159542896719	1	INSTRUCTIONSCROLL	2443
1159542896736	1	INSTRUCTIONSCROLL	2446
1159542896753	1	INSTRUCTIONSCROLL	2449
1159542896769	1	INSTRUCTIONSCROLL	2453
1159542896786	1	INSTRUCTIONSCROLL	2456
1159542896803	1	INSTRUCTIONSCROLL	2459
1159542896819	1	INSTRUCTIONSCROLL	2463
1159542896836	1	INSTRUCTIONSCROLL	2466
1159542896853	1	INSTRUCTIONSCROLL	2469
1159542896869	1	INSTRUCTIONSCROLL	2473
1159542896886	1	INSTRUCTIONSCROLL	2476
1159542896903	1	INSTRUCTIONSCROLL	2479
1159542897336	1	INSTRUCTIONSCROLL	2480
1159542897352	1	INSTRUCTIONSCROLL	2483
1159542897369	1	INSTRUCTIONSCROLL	2486
1159542897386	1	INSTRUCTIONSCROLL	2489
1159542897402	1	INSTRUCTIONSCROLL	2493
1159542897419	1	INSTRUCTIONSCROLL	2496
1159542897436	1	INSTRUCTIONSCROLL	2499
1159542897452	1	INSTRUCTIONSCROLL	2503
1159542897469	1	INSTRUCTIONSCROLL	2506
1159542897486	1	INSTRUCTIONSCROLL	2510
1159542897502	1	INSTRUCTIONSCROLL	2513
1159542897519	1	INSTRUCTIONSCROLL	2516
1159542897536	1	INSTRUCTIONSCROLL	2519
1159542897552	1	INSTRUCTIONSCROLL	2523
1159542897569	1	INSTRUCTIONSCROLL	2526
1159542897586	1	INSTRUCTIONSCROLL	2529
1159542897602	1	INSTRUCTIONSCROLL	2533
1159542897619	1	INSTRUCTIONSCROLL	2536
1159542897636	1	INSTRUCTIONSCROLL	2539
1159542897652	1	INSTRUCTIONSCROLL	2543
1159542897669	1	INSTRUCTIONSCROLL	2546
1159542897686	1	INSTRUCTIONSCROLL	2550
1159542897702	1	INSTRUCTIONSCROLL	2553
1159542897719	1	INSTRUCTIONSCROLL	2556
1159542897736	1	INSTRUCTIONSCROLL	2559
1159542897752	1	INSTRUCTIONSCROLL	2563
1159542897769	1	INSTRUCTIONSCROLL	2566
1159542897786	1	INSTRUCTIONSCROLL	2569
1159542897802	1	INSTRUCTIONSCROLL	2573
1159542897819	1	INSTRUCTIONSCROLL	2576
1159542897836	1	INSTRUCTIONSCROLL	2582
1159542897852	1	INSTRUCTIONSCROLL	2583
1159542897869	1	INSTRUCTIONSCROLL	2586
1159542897886	1	INSTRUCTIONSCROLL	2589
1159542897902	1	INSTRUCTIONSCROLL	2593
1159542897919	1	INSTRUCTIONSCROLL	2596
1159542898402	1	INSTRUCTIONSCROLL	2597
1159542898419	1	INSTRUCTIONSCROLL	2600
1159542898435	1	INSTRUCTIONSCROLL	2604
1159542898452	1	INSTRUCTIONSCROLL	2607
1159542898469	1	INSTRUCTIONSCROLL	2610
1159542898485	1	INSTRUCTIONSCROLL	2614
1159542898502	1	INSTRUCTIONSCROLL	2617
1159542898519	1	INSTRUCTIONSCROLL	2620
1159542898535	1	INSTRUCTIONSCROLL	2624
1159542898552	1	INSTRUCTIONSCROLL	2627
1159542898569	1	INSTRUCTIONSCROLL	2630
1159542898585	1	INSTRUCTIONSCROLL	2634
1159542898602	1	INSTRUCTIONSCROLL	2637
1159542898619	1	INSTRUCTIONSCROLL	2640
1159542898635	1	INSTRUCTIONSCROLL	2644
1159542898652	1	INSTRUCTIONSCROLL	2647
1159542898669	1	INSTRUCTIONSCROLL	2650
1159542898685	1	INSTRUCTIONSCROLL	2654
1159542898702	1	INSTRUCTIONSCROLL	2657
1159542898719	1	INSTRUCTIONSCROLL	2660
1159542898735	1	INSTRUCTIONSCROLL	2664
1159542898752	1	INSTRUCTIONSCROLL	2667
1159542898769	1	INSTRUCTIONSCROLL	2670
1159542898785	1	INSTRUCTIONSCROLL	2674
1159542898802	1	INSTRUCTIONSCROLL	2677
1159542898819	1	INSTRUCTIONSCROLL	2680
1159542898835	1	INSTRUCTIONSCROLL	2684
1159542898852	1	INSTRUCTIONSCROLL	2687
1159542898869	1	INSTRUCTIONSCROLL	2690
1159542898885	1	INSTRUCTIONSCROLL	2694
1159542898902	1	INSTRUCTIONSCROLL	2697
1159542898919	1	INSTRUCTIONSCROLL	2700
1159542898935	1	INSTRUCTIONSCROLL	2704
1159542898952	1	INSTRUCTIONSCROLL	2707
1159542898969	1	INSTRUCTIONSCROLL	2710
1159542898985	1	INSTRUCTIONSCROLL	2714
1159542899003	1	INSTRUCTIONSCROLL	2720
1159542899020	1	INSTRUCTIONSCROLL	2721
1159542899036	1	INSTRUCTIONSCROLL	2724
1159542899053	1	INSTRUCTIONSCROLL	2727
1159542899070	1	INSTRUCTIONSCROLL	2730
1159542899086	1	INSTRUCTIONSCROLL	2734
1159542899102	1	INSTRUCTIONSCROLL	2737
1159542899119	1	INSTRUCTIONSCROLL	2740
1159542899135	1	INSTRUCTIONSCROLL	2744
1159542899152	1	INSTRUCTIONSCROLL	2747
1159542899169	1	INSTRUCTIONSCROLL	2750
1159542899185	1	INSTRUCTIONSCROLL	2754
1159542899202	1	INSTRUCTIONSCROLL	2757
1159542899219	1	INSTRUCTIONSCROLL	2760
1159542899235	1	INSTRUCTIONSCROLL	2764
1159542899252	1	INSTRUCTIONSCROLL	2767
1159542899269	1	INSTRUCTIONSCROLL	2770
1159542899285	1	INSTRUCTIONSCROLL	2774
1159542899652	1	INSTRUCTIONSCROLL	2775
1159542899668	1	INSTRUCTIONSCROLL	2778
1159542899685	1	INSTRUCTIONSCROLL	2781
1159542899702	1	INSTRUCTIONSCROLL	2785
1159542899718	1	INSTRUCTIONSCROLL	2788
1159542899735	1	INSTRUCTIONSCROLL	2791
1159542899752	1	INSTRUCTIONSCROLL	2795
1159542899768	1	INSTRUCTIONSCROLL	2798
1159542899785	1	INSTRUCTIONSCROLL	2801
1159542899802	1	INSTRUCTIONSCROLL	2805
1159542899818	1	INSTRUCTIONSCROLL	2808
1159542899835	1	INSTRUCTIONSCROLL	2811
1159542899852	1	INSTRUCTIONSCROLL	2815
1159542899868	1	INSTRUCTIONSCROLL	2818
1159542899885	1	INSTRUCTIONSCROLL	2821
1159542899902	1	INSTRUCTIONSCROLL	2825
1159542899918	1	INSTRUCTIONSCROLL	2828
1159542899935	1	INSTRUCTIONSCROLL	2831
1159542899952	1	INSTRUCTIONSCROLL	2835
1159542900709	1	INSTRUCTIONSCROLL	2836
1159542900718	1	INSTRUCTIONSCROLL	2837
1159542900735	1	INSTRUCTIONSCROLL	2838
1159542900751	1	INSTRUCTIONSCROLL	2841
1159542900768	1	INSTRUCTIONSCROLL	2845
1159542900785	1	INSTRUCTIONSCROLL	2848
1159542900801	1	INSTRUCTIONSCROLL	2854
1159542900818	1	INSTRUCTIONSCROLL	2855
1159542900835	1	INSTRUCTIONSCROLL	2858
1159542900851	1	INSTRUCTIONSCROLL	2861
1159542900868	1	INSTRUCTIONSCROLL	2865
1159542900885	1	INSTRUCTIONSCROLL	2868
1159542900901	1	INSTRUCTIONSCROLL	2871
1159542900918	1	INSTRUCTIONSCROLL	2875
1159542900935	1	INSTRUCTIONSCROLL	2878
1159542900951	1	INSTRUCTIONSCROLL	2881
1159542900968	1	INSTRUCTIONSCROLL	2885
1159542900985	1	INSTRUCTIONSCROLL	2888
1159542901002	1	INSTRUCTIONSCROLL	2891
1159542901019	1	INSTRUCTIONSCROLL	2895
1159542901036	1	INSTRUCTIONSCROLL	2898
1159542901052	1	INSTRUCTIONSCROLL	2902
1159542901069	1	INSTRUCTIONSCROLL	2905
1159542901086	1	INSTRUCTIONSCROLL	2908
1159542901101	1	INSTRUCTIONSCROLL	2912
1159542901118	1	INSTRUCTIONSCROLL	2915
1159542901601	1	INSTRUCTIONSCROLL	2916
1159542901618	1	INSTRUCTIONSCROLL	2919
1159542901634	1	INSTRUCTIONSCROLL	2922
1159542901651	1	INSTRUCTIONSCROLL	2925
1159542901668	1	INSTRUCTIONSCROLL	2929
1159542901684	1	INSTRUCTIONSCROLL	2932
1159542901701	1	INSTRUCTIONSCROLL	2935
1159542901718	1	INSTRUCTIONSCROLL	2939
1159542901734	1	INSTRUCTIONSCROLL	2942
1159542901751	1	INSTRUCTIONSCROLL	2948
1159542901768	1	INSTRUCTIONSCROLL	2949
1159542901784	1	INSTRUCTIONSCROLL	2952
1159542901801	1	INSTRUCTIONSCROLL	2955
1159542901818	1	INSTRUCTIONSCROLL	2959
1159542901834	1	INSTRUCTIONSCROLL	2962
1159542901851	1	INSTRUCTIONSCROLL	2965
1159542901868	1	INSTRUCTIONSCROLL	2969
1159542901884	1	INSTRUCTIONSCROLL	2972
1159542901901	1	INSTRUCTIONSCROLL	2975
1159542901918	1	INSTRUCTIONSCROLL	2979
1159542903233	1	INSTRUCTIONSCROLL	2980
1159542903250	1	INSTRUCTIONSCROLL	2981
1159542903267	1	INSTRUCTIONSCROLL	2985
1159542903284	1	INSTRUCTIONSCROLL	2988
1159542903301	1	INSTRUCTIONSCROLL	2991
1159542903317	1	INSTRUCTIONSCROLL	2995
1159542903334	1	INSTRUCTIONSCROLL	2998
1159542903351	1	INSTRUCTIONSCROLL	3001
1159542903367	1	INSTRUCTIONSCROLL	3005
1159542903384	1	INSTRUCTIONSCROLL	3008
1159542903400	1	INSTRUCTIONSCROLL	3011
1159542903417	1	INSTRUCTIONSCROLL	3015
1159542903434	1	INSTRUCTIONSCROLL	3018
1159542903450	1	INSTRUCTIONSCROLL	3021
1159542903467	1	INSTRUCTIONSCROLL	3025
1159542903484	1	INSTRUCTIONSCROLL	3028
1159542903500	1	INSTRUCTIONSCROLL	3031
1159542903517	1	INSTRUCTIONSCROLL	3035
1159542903534	1	INSTRUCTIONSCROLL	3038
1159542903550	1	INSTRUCTIONSCROLL	3041
1159542903567	1	INSTRUCTIONSCROLL	3045
1159542903584	1	INSTRUCTIONSCROLL	3048
1159542903600	1	INSTRUCTIONSCROLL	3051
1159542903617	1	INSTRUCTIONSCROLL	3055
1159542903634	1	INSTRUCTIONSCROLL	3058
1159542903650	1	INSTRUCTIONSCROLL	3061
1159542903667	1	INSTRUCTIONSCROLL	3065
1159542903684	1	INSTRUCTIONSCROLL	3068
1159542903700	1	INSTRUCTIONSCROLL	3071
1159542903717	1	INSTRUCTIONSCROLL	3075
1159542903734	1	INSTRUCTIONSCROLL	3078
1159542903750	1	INSTRUCTIONSCROLL	3081
1159542903767	1	INSTRUCTIONSCROLL	3087
1159542903784	1	INSTRUCTIONSCROLL	3088
1159542903800	1	INSTRUCTIONSCROLL	3091
1159542904383	1	INSTRUCTIONSCROLL	3092
1159542904400	1	INSTRUCTIONSCROLL	3094
1159542904417	1	INSTRUCTIONSCROLL	3097
1159542904433	1	INSTRUCTIONSCROLL	3100
1159542904450	1	INSTRUCTIONSCROLL	3104
1159542904467	1	INSTRUCTIONSCROLL	3107
1159542904483	1	INSTRUCTIONSCROLL	3110
1159542904500	1	INSTRUCTIONSCROLL	3114
1159542904517	1	INSTRUCTIONSCROLL	3117
1159542904533	1	INSTRUCTIONSCROLL	3120
1159542904550	1	INSTRUCTIONSCROLL	3124
1159542904567	1	INSTRUCTIONSCROLL	3127
1159542904583	1	INSTRUCTIONSCROLL	3130
1159542904600	1	INSTRUCTIONSCROLL	3134
1159542904617	1	INSTRUCTIONSCROLL	3137
1159542904633	1	INSTRUCTIONSCROLL	3143
1159542904650	1	INSTRUCTIONSCROLL	3144
1159542904667	1	INSTRUCTIONSCROLL	3147
1159542904683	1	INSTRUCTIONSCROLL	3150
1159542905076	1	INSTRUCTIONSCROLL	3151
1159542905084	1	INSTRUCTIONSCROLL	3152
1159542905100	1	INSTRUCTIONSCROLL	3153
1159542905117	1	INSTRUCTIONSCROLL	3156
1159542905133	1	INSTRUCTIONSCROLL	3159
1159542905150	1	INSTRUCTIONSCROLL	3163
1159542905167	1	INSTRUCTIONSCROLL	3166
1159542905183	1	INSTRUCTIONSCROLL	3169
1159542905200	1	INSTRUCTIONSCROLL	3173
1159542905216	1	INSTRUCTIONSCROLL	3176
1159542905233	1	INSTRUCTIONSCROLL	3179
1159542905250	1	INSTRUCTIONSCROLL	3183
1159542905266	1	INSTRUCTIONSCROLL	3186
1159542905283	1	INSTRUCTIONSCROLL	3189
1159542905300	1	INSTRUCTIONSCROLL	3193
1159542905317	1	INSTRUCTIONSCROLL	3196
1159542905333	1	INSTRUCTIONSCROLL	3199
1159542905350	1	INSTRUCTIONSCROLL	3203
1159542905366	1	INSTRUCTIONSCROLL	3206
1159542905383	1	INSTRUCTIONSCROLL	3209
1159542905400	1	INSTRUCTIONSCROLL	3213
1159542906316	1	INSTRUCTIONSCROLL	3214
1159542906333	1	INSTRUCTIONSCROLL	3218
1159542906349	1	INSTRUCTIONSCROLL	3221
1159542906366	1	INSTRUCTIONSCROLL	3224
1159542906383	1	INSTRUCTIONSCROLL	3228
1159542906399	1	INSTRUCTIONSCROLL	3231
1159542906416	1	INSTRUCTIONSCROLL	3234
1159542906433	1	INSTRUCTIONSCROLL	3238
1159542906733	1	INSTRUCTIONSCROLL	3239
1159542906749	1	INSTRUCTIONSCROLL	3241
1159542906766	1	INSTRUCTIONSCROLL	3244
1159542906783	1	INSTRUCTIONSCROLL	3247
1159542906799	1	INSTRUCTIONSCROLL	3251
1159542906816	1	INSTRUCTIONSCROLL	3254
1159542906833	1	INSTRUCTIONSCROLL	3257
1159542906849	1	INSTRUCTIONSCROLL	3261
1159542906866	1	INSTRUCTIONSCROLL	3264
1159542906883	1	INSTRUCTIONSCROLL	3267
1159542906899	1	INSTRUCTIONSCROLL	3271
1159542906916	1	INSTRUCTIONSCROLL	3274
1159542906933	1	INSTRUCTIONSCROLL	3277
1159542906949	1	INSTRUCTIONSCROLL	3281
1159542906966	1	INSTRUCTIONSCROLL	3284
1159542906983	1	INSTRUCTIONSCROLL	3287
1159542906999	1	INSTRUCTIONSCROLL	3291
1159542907017	1	INSTRUCTIONSCROLL	3294
1159542907034	1	INSTRUCTIONSCROLL	3298
1159542907050	1	INSTRUCTIONSCROLL	3301
1159542907067	1	INSTRUCTIONSCROLL	3304
1159542907382	1	INSTRUCTIONSCROLL	3305
1159542907399	1	INSTRUCTIONSCROLL	3306
1159542907416	1	INSTRUCTIONSCROLL	3310
1159542907432	1	INSTRUCTIONSCROLL	3313
1159542907449	1	INSTRUCTIONSCROLL	3316
1159542907466	1	INSTRUCTIONSCROLL	3322
1159542907482	1	INSTRUCTIONSCROLL	3323
1159542907499	1	INSTRUCTIONSCROLL	3326
1159542907516	1	INSTRUCTIONSCROLL	3330
1159542907532	1	INSTRUCTIONSCROLL	3333
1159542907549	1	INSTRUCTIONSCROLL	3336
1159542907566	1	INSTRUCTIONSCROLL	3340
1159542907582	1	INSTRUCTIONSCROLL	3343
1159542907599	1	INSTRUCTIONSCROLL	3346
1159542907616	1	INSTRUCTIONSCROLL	3350
1159542908046	1	INSTRUCTIONSCROLL	3351
1159542908067	1	INSTRUCTIONSCROLL	3352
1159542908083	1	INSTRUCTIONSCROLL	3355
1159542908099	1	INSTRUCTIONSCROLL	3359
1159542908116	1	INSTRUCTIONSCROLL	3362
1159542908132	1	INSTRUCTIONSCROLL	3365
1159542908149	1	INSTRUCTIONSCROLL	3369
1159542908166	1	INSTRUCTIONSCROLL	3372
1159542908182	1	INSTRUCTIONSCROLL	3375
1159542908199	1	INSTRUCTIONSCROLL	3379
1159542908216	1	INSTRUCTIONSCROLL	3382
1159542908232	1	INSTRUCTIONSCROLL	3385
1159542908249	1	INSTRUCTIONSCROLL	3389
1159542908266	1	INSTRUCTIONSCROLL	3392
1159542908282	1	INSTRUCTIONSCROLL	3395
1159542908299	1	INSTRUCTIONSCROLL	3399
1159542908316	1	INSTRUCTIONSCROLL	3402
1159542908332	1	INSTRUCTIONSCROLL	3405
1159542908349	1	INSTRUCTIONSCROLL	3409
1159542908365	1	INSTRUCTIONSCROLL	3412
1159542908382	1	INSTRUCTIONSCROLL	3415
1159542908399	1	INSTRUCTIONSCROLL	3419
1159542908415	1	INSTRUCTIONSCROLL	3422
1159542908432	1	INSTRUCTIONSCROLL	3425
1159542908449	1	INSTRUCTIONSCROLL	3428
1159542908466	1	INSTRUCTIONSCROLL	3432
1159542908844	1	INSTRUCTIONSCROLL	3433
1159542908849	1	INSTRUCTIONSCROLL	3434
1159542908865	1	INSTRUCTIONSCROLL	3435
1159542908882	1	INSTRUCTIONSCROLL	3438
1159542908899	1	INSTRUCTIONSCROLL	3441
1159542908915	1	INSTRUCTIONSCROLL	3444
1159542908932	1	INSTRUCTIONSCROLL	3448
1159542908949	1	INSTRUCTIONSCROLL	3451
1159542908965	1	INSTRUCTIONSCROLL	3454
1159542908982	1	INSTRUCTIONSCROLL	3458
1159542908999	1	INSTRUCTIONSCROLL	3461
1159542909016	1	INSTRUCTIONSCROLL	3464
1159542909033	1	INSTRUCTIONSCROLL	3468
1159542909050	1	INSTRUCTIONSCROLL	3471
1159542909066	1	INSTRUCTIONSCROLL	3474
1159542909083	1	INSTRUCTIONSCROLL	3478
1159542909099	1	INSTRUCTIONSCROLL	3481
1159542909115	1	INSTRUCTIONSCROLL	3484
1159542909132	1	INSTRUCTIONSCROLL	3488
1159542909149	1	INSTRUCTIONSCROLL	3491
1159542909165	1	INSTRUCTIONSCROLL	3494
1159542910202	1	INSTRUCTIONSCROLL	3495
1159542910215	1	INSTRUCTIONSCROLL	3496
1159542910232	1	INSTRUCTIONSCROLL	3498
1159542910248	1	INSTRUCTIONSCROLL	3501
1159542910265	1	INSTRUCTIONSCROLL	3505
1159542910281	1	INSTRUCTIONSCROLL	3508
1159542910298	1	INSTRUCTIONSCROLL	3511
1159542910315	1	INSTRUCTIONSCROLL	3515
1159542910331	1	INSTRUCTIONSCROLL	3518
1159542910348	1	INSTRUCTIONSCROLL	3521
1159542910365	1	INSTRUCTIONSCROLL	3525
1159542910381	1	INSTRUCTIONSCROLL	3528
1159542910398	1	INSTRUCTIONSCROLL	3531
1159542910415	1	INSTRUCTIONSCROLL	3535
1159542910432	1	INSTRUCTIONSCROLL	3538
1159542910781	1	INSTRUCTIONSCROLL	3539
1159542910798	1	INSTRUCTIONSCROLL	3541
1159542910815	1	INSTRUCTIONSCROLL	3544
1159542910831	1	INSTRUCTIONSCROLL	3548
1159542910848	1	INSTRUCTIONSCROLL	3551
1159542910865	1	INSTRUCTIONSCROLL	3555
1159542910881	1	INSTRUCTIONSCROLL	3558
1159542910898	1	INSTRUCTIONSCROLL	3561
1159542910915	1	INSTRUCTIONSCROLL	3564
1159542910931	1	INSTRUCTIONSCROLL	3570
1159542910948	1	INSTRUCTIONSCROLL	3571
1159542910965	1	INSTRUCTIONSCROLL	3574
1159542910981	1	INSTRUCTIONSCROLL	3578
1159542910998	1	INSTRUCTIONSCROLL	3581
1159542911016	1	INSTRUCTIONSCROLL	3584
1159542911032	1	INSTRUCTIONSCROLL	3588
1159542911049	1	INSTRUCTIONSCROLL	3591
1159542911066	1	INSTRUCTIONSCROLL	3595
1159542911082	1	INSTRUCTIONSCROLL	3598
1159542911098	1	INSTRUCTIONSCROLL	3601
1159542911115	1	INSTRUCTIONSCROLL	3604
1159542911131	1	INSTRUCTIONSCROLL	3608
1159542911564	1	INSTRUCTIONSCROLL	3609
1159542911581	1	INSTRUCTIONSCROLL	3613
1159542911598	1	INSTRUCTIONSCROLL	3616
1159542911614	1	INSTRUCTIONSCROLL	3619
1159542911631	1	INSTRUCTIONSCROLL	3623
1159542911648	1	INSTRUCTIONSCROLL	3626
1159542911664	1	INSTRUCTIONSCROLL	3629
1159542911681	1	INSTRUCTIONSCROLL	3633
1159542911698	1	INSTRUCTIONSCROLL	3636
1159542911714	1	INSTRUCTIONSCROLL	3639
1159542911731	1	INSTRUCTIONSCROLL	3643
1159542911748	1	INSTRUCTIONSCROLL	3646
1159542911764	1	INSTRUCTIONSCROLL	3649
1159542911781	1	INSTRUCTIONSCROLL	3653
1159542911798	1	INSTRUCTIONSCROLL	3656
1159542911814	1	INSTRUCTIONSCROLL	3659
1159542911831	1	INSTRUCTIONSCROLL	3663
1159542911864	1	INSTRUCTIONSCROLL	3668
1159542911881	1	INSTRUCTIONSCROLL	3673
1159542911898	1	INSTRUCTIONSCROLL	3676
1159542911914	1	INSTRUCTIONSCROLL	3679
1159542911931	1	INSTRUCTIONSCROLL	3683
1159542911948	1	INSTRUCTIONSCROLL	3686
1159542911964	1	INSTRUCTIONSCROLL	3689
1159542911981	1	INSTRUCTIONSCROLL	3693
1159542911998	1	INSTRUCTIONSCROLL	3696
1159542912015	1	INSTRUCTIONSCROLL	3699
1159542912032	1	INSTRUCTIONSCROLL	3703
1159542912049	1	INSTRUCTIONSCROLL	3706
1159542912464	1	INSTRUCTIONSCROLL	3707
1159542912481	1	INSTRUCTIONSCROLL	3710
1159542912497	1	INSTRUCTIONSCROLL	3713
1159542912514	1	INSTRUCTIONSCROLL	3717
1159542912531	1	INSTRUCTIONSCROLL	3720
1159542912547	1	INSTRUCTIONSCROLL	3723
1159542912564	1	INSTRUCTIONSCROLL	3727
1159542912581	1	INSTRUCTIONSCROLL	3730
1159542912597	1	INSTRUCTIONSCROLL	3733
1159542912614	1	INSTRUCTIONSCROLL	3737
1159542912631	1	INSTRUCTIONSCROLL	3740
1159542912647	1	INSTRUCTIONSCROLL	3743
1159542912664	1	INSTRUCTIONSCROLL	3747
1159542912681	1	INSTRUCTIONSCROLL	3752
1159542912698	1	INSTRUCTIONSCROLL	3753
1159542912714	1	INSTRUCTIONSCROLL	3757
1159542912731	1	INSTRUCTIONSCROLL	3760
1159542912747	1	INSTRUCTIONSCROLL	3763
1159542912764	1	INSTRUCTIONSCROLL	3767
1159542912781	1	INSTRUCTIONSCROLL	3770
1159542912797	1	INSTRUCTIONSCROLL	3773
1159542912814	1	INSTRUCTIONSCROLL	3777
1159542912831	1	INSTRUCTIONSCROLL	3780
1159542912847	1	INSTRUCTIONSCROLL	3783
1159542912864	1	INSTRUCTIONSCROLL	3787
1159542912881	1	INSTRUCTIONSCROLL	3790
1159542912897	1	INSTRUCTIONSCROLL	3793
1159542912914	1	INSTRUCTIONSCROLL	3797
1159542912931	1	INSTRUCTIONSCROLL	3800
1159542912947	1	INSTRUCTIONSCROLL	3803
1159542912964	1	INSTRUCTIONSCROLL	3807
1159542912981	1	INSTRUCTIONSCROLL	3810
1159542912997	1	INSTRUCTIONSCROLL	3813
1159542913015	1	INSTRUCTIONSCROLL	3817
1159542913032	1	INSTRUCTIONSCROLL	3820
1159542913048	1	INSTRUCTIONSCROLL	3823
1159542913065	1	INSTRUCTIONSCROLL	3827
1159542913082	1	INSTRUCTIONSCROLL	3830
1159542913097	1	INSTRUCTIONSCROLL	3833
1159542913114	1	INSTRUCTIONSCROLL	3837
1159542913131	1	INSTRUCTIONSCROLL	3840
1159542913147	1	INSTRUCTIONSCROLL	3843
1159542913497	1	INSTRUCTIONSCROLL	3844
1159542913514	1	INSTRUCTIONSCROLL	3846
1159542913530	1	INSTRUCTIONSCROLL	3849
1159542913547	1	INSTRUCTIONSCROLL	3852
1159542913564	1	INSTRUCTIONSCROLL	3856
1159542913580	1	INSTRUCTIONSCROLL	3859
1159542913597	1	INSTRUCTIONSCROLL	3862
1159542913614	1	INSTRUCTIONSCROLL	3866
1159542913630	1	INSTRUCTIONSCROLL	3869
1159542913647	1	INSTRUCTIONSCROLL	3872
1159542913664	1	INSTRUCTIONSCROLL	3876
1159542913680	1	INSTRUCTIONSCROLL	3879
1159542913697	1	INSTRUCTIONSCROLL	3882
1159542913714	1	INSTRUCTIONSCROLL	3886
1159542913730	1	INSTRUCTIONSCROLL	3889
1159542913747	1	INSTRUCTIONSCROLL	3892
1159542913764	1	INSTRUCTIONSCROLL	3896
1159542913780	1	INSTRUCTIONSCROLL	3899
1159542913797	1	INSTRUCTIONSCROLL	3902
1159542913814	1	INSTRUCTIONSCROLL	3906
1159542913830	1	INSTRUCTIONSCROLL	3909
1159542913847	1	INSTRUCTIONSCROLL	3915
1159542913864	1	INSTRUCTIONSCROLL	3916
1159542913880	1	INSTRUCTIONSCROLL	3919
1159542913897	1	INSTRUCTIONSCROLL	3923
1159542913914	1	INSTRUCTIONSCROLL	3926
1159542913930	1	INSTRUCTIONSCROLL	3929
1159542913947	1	INSTRUCTIONSCROLL	3933
1159542913964	1	INSTRUCTIONSCROLL	3936
1159542913980	1	INSTRUCTIONSCROLL	3939
1159542913997	1	INSTRUCTIONSCROLL	3943
1159542914015	1	INSTRUCTIONSCROLL	3946
1159542914031	1	INSTRUCTIONSCROLL	3949
1159542914048	1	INSTRUCTIONSCROLL	3953
1159542914065	1	INSTRUCTIONSCROLL	3956
1159542914081	1	INSTRUCTIONSCROLL	3959
1159542914097	1	INSTRUCTIONSCROLL	3963
1159542914114	1	INSTRUCTIONSCROLL	3966
1159542914130	1	INSTRUCTIONSCROLL	3967
1159542958632	1	INSTRUCTIONSTOP	Button set (OR)
1159542958699	0	E	Logging Ends
