1165533883934	0	B	Logging Begins
1165533883934	0	SETUP
1165533884165	0	RESTORESTATE
1165533884165	0	RESTORESTATE
1165533884167	0	SESSION	0
1165533884169	0	SESSION	1
1165533884174	0	SAVESTATE
1165533884174	0	RESTORESTATE
1165533884192	0	SESSION	0
1165535012514	0	SAVESTATE
1165535026345	0	SAVESTATE
1165535035923	0	SAVESTATE
1165535045255	0	SAVESTATE
1165535053717	0	SAVESTATE
1165535062399	0	SAVESTATE
1165535070429	0	SAVESTATE
1165535078709	0	SAVESTATE
1165535086724	0	SAVESTATE
1165535094922	0	SAVESTATE
1165535102485	0	SAVESTATE
1165535110132	0	SAVESTATE
1165535117780	0	SAVESTATE
1165535124847	0	SAVESTATE
1165535132028	0	SAVESTATE
1165535139506	0	SAVESTATE
1165535146970	0	SAVESTATE
1165535154385	0	SAVESTATE
1165535162231	0	SAVESTATE
1165535169497	0	SAVESTATE
1165535176928	0	SAVESTATE
1165535184593	0	SAVESTATE
1165535191823	0	SAVESTATE
1165535199440	0	SAVESTATE
1165535207052	0	SAVESTATE
1165535214368	0	SAVESTATE
1165535221879	0	SAVESTATE
1165535229160	0	SAVESTATE
1165535236646	0	SAVESTATE
1165535243791	0	SAVESTATE
1165535251039	0	SAVESTATE
1165535258617	0	SAVESTATE
1165535274529	0	SAVESTATE
1165535282127	0	SAVESTATE
1165535289708	0	SAVESTATE
1165535296989	0	SAVESTATE
1165535304454	0	SAVESTATE
1165535311817	0	SAVESTATE
1165535319331	0	SAVESTATE
1165535326830	0	SAVESTATE
1165535334394	0	SAVESTATE
1165535342031	0	SAVESTATE
1165535348974	0	SAVESTATE
1165535356054	0	SAVESTATE
1165535363352	0	SAVESTATE
1165535370883	0	SAVESTATE
1165535378096	0	SAVESTATE
1165535385311	0	SAVESTATE
1165535392426	0	SAVESTATE
1165535399573	0	SAVESTATE
1165535406604	0	SAVESTATE
1165535413969	0	SAVESTATE
1165535421815	0	SAVESTATE
1165535429014	0	SAVESTATE
1165535436561	0	SAVESTATE
1165535443792	0	SAVESTATE
1165535452174	0	SAVESTATE
1165535460153	0	SAVESTATE
1165535467367	0	SAVESTATE
1165535474548	0	SAVESTATE
1165535481866	0	SAVESTATE
1165535489011	0	SAVESTATE
1165535496208	0	SAVESTATE
1165535503755	0	SAVESTATE
1165535514973	0	BREAK
1165535514973	0	E	Logging Ends
