1165940318236	0	B	Logging Begins
1165940318236	0	INSTRUCTIONSTART	JointRoller	/Library/Frameworks/Python.framework/Versions/2.4/lib/python2.4/site-packages/pyepl/resources/vera.ttf	64	(0, 0, 0)	'In the following experiment, your memory for associating names with faces will be tested.  The task is challenging and requires concentration, so if at any time during the experiment you feel that you need a short break, let the experimenter know.\n\nSixteen faces will be presented on the screen, consecutively, accompanied by their names.  A woman\'s voice will also speak the name when the face appears on the screen.  After five seconds, the face will disappear from the screen, a star (*) will flash on the screen for one second, and then the next face and name will appear.\n\nAfter you have seen all sixteen faces and names, you will be prompted to press any key in order to move on to a testing period.  During each trial of the testing period, you will see a face with name underneath it.  You will have to decide whether or not the face is paired with the appropriate face.  \n\nYou will respond on the keyboard, with a confidence judgment between 1 and 6.  A judgment of 1 indicates that you are near certain that the name given is incorrectly paired with the face, a judgment of 2 indicates moderate confidence, and a judgment of 3 indicates that you think the name is incorrectly paired with the face, but are quite unsure.  A judgment of 6 indicates that you are near certain that the name given is correctly paired with the face, a judgment of 5 indicates moderate confidence, and a judgment of 4 indicates that you think the name is correctly paired with the face, but are quite unsure.\n\nYou should rest your fingers on the bottom row of the keyboard.  "Z", "X", and  "C" will correspond to confidence judgments of 1, 2, and 3, respectively.  ",", ".", and "/" will correspond to confidence judgments of 4, 5, and 6, respectively.\n\nAfter five seconds the name and face will disappear from the screen, a star will flash on the screen for one second, and then the next name and face pair will appear on the screen.  You will see sixteen name-face pairs per test period.  You should try to reply as quickly and accurately as you can.\n\nThere will be ten study periods and ten test periods, alternating.  Each face will have the same name over the entire course of the study, so your task is to try and learn the faces\' names as quickly and accurately as possible.\n\nDo you have any questions?\n\nPress <ENTER> to continue.\n'
1165940318306	1	INSTRUCTIONSCROLL	0
1165940328696	1	INSTRUCTIONSCROLL	1
1165940328713	1	INSTRUCTIONSCROLL	3
1165940328730	1	INSTRUCTIONSCROLL	7
1165940328746	1	INSTRUCTIONSCROLL	10
1165940328763	1	INSTRUCTIONSCROLL	13
1165940328779	1	INSTRUCTIONSCROLL	17
1165940328795	1	INSTRUCTIONSCROLL	20
1165940329096	1	INSTRUCTIONSCROLL	21
1165940329113	1	INSTRUCTIONSCROLL	23
1165940329129	1	INSTRUCTIONSCROLL	27
1165940329146	1	INSTRUCTIONSCROLL	30
1165940329163	1	INSTRUCTIONSCROLL	33
1165940329329	1	INSTRUCTIONSCROLL	34
1165940329346	1	INSTRUCTIONSCROLL	37
1165940329363	1	INSTRUCTIONSCROLL	41
1165940329380	1	INSTRUCTIONSCROLL	44
1165940329496	1	INSTRUCTIONSCROLL	45
1165940329513	1	INSTRUCTIONSCROLL	48
1165940329531	1	INSTRUCTIONSCROLL	51
1165940329546	1	INSTRUCTIONSCROLL	55
1165940329563	1	INSTRUCTIONSCROLL	58
1165940329579	1	INSTRUCTIONSCROLL	61
1165940329596	1	INSTRUCTIONSCROLL	64
1165940329663	1	INSTRUCTIONSCROLL	65
1165940329679	1	INSTRUCTIONSCROLL	66
1165940329696	1	INSTRUCTIONSCROLL	70
1165940329713	1	INSTRUCTIONSCROLL	73
1165940329729	1	INSTRUCTIONSCROLL	76
1165940329746	1	INSTRUCTIONSCROLL	80
1165940329763	1	INSTRUCTIONSCROLL	83
1165940329778	1	INSTRUCTIONSCROLL	86
1165940329795	1	INSTRUCTIONSCROLL	89
1165940329812	1	INSTRUCTIONSCROLL	93
1165940329828	1	INSTRUCTIONSCROLL	96
1165940329845	1	INSTRUCTIONSCROLL	99
1165940329862	1	INSTRUCTIONSCROLL	103
1165940329878	1	INSTRUCTIONSCROLL	106
1165940329928	1	INSTRUCTIONSCROLL	107
1165940329945	1	INSTRUCTIONSCROLL	108
1165940329962	1	INSTRUCTIONSCROLL	112
1165940329978	1	INSTRUCTIONSCROLL	115
1165940329995	1	INSTRUCTIONSCROLL	118
1165940330012	1	INSTRUCTIONSCROLL	122
1165940330029	1	INSTRUCTIONSCROLL	125
1165940330046	1	INSTRUCTIONSCROLL	128
1165940330062	1	INSTRUCTIONSCROLL	132
1165940330079	1	INSTRUCTIONSCROLL	135
1165940330096	1	INSTRUCTIONSCROLL	139
1165940330112	1	INSTRUCTIONSCROLL	142
1165940330129	1	INSTRUCTIONSCROLL	145
1165940330146	1	INSTRUCTIONSCROLL	149
1165940330162	1	INSTRUCTIONSCROLL	152
1165940330179	1	INSTRUCTIONSCROLL	155
1165940330196	1	INSTRUCTIONSCROLL	159
1165940330212	1	INSTRUCTIONSCROLL	162
1165940330229	1	INSTRUCTIONSCROLL	165
1165940330246	1	INSTRUCTIONSCROLL	168
1165940330262	1	INSTRUCTIONSCROLL	172
1165940330279	1	INSTRUCTIONSCROLL	175
1165940330296	1	INSTRUCTIONSCROLL	178
1165940330312	1	INSTRUCTIONSCROLL	182
1165940330329	1	INSTRUCTIONSCROLL	185
1165940330346	1	INSTRUCTIONSCROLL	189
1165940330362	1	INSTRUCTIONSCROLL	192
1165940330379	1	INSTRUCTIONSCROLL	195
1165940330396	1	INSTRUCTIONSCROLL	199
1165940330412	1	INSTRUCTIONSCROLL	202
1165940330429	1	INSTRUCTIONSCROLL	205
1165940330446	1	INSTRUCTIONSCROLL	209
1165940330462	1	INSTRUCTIONSCROLL	212
1165940330479	1	INSTRUCTIONSCROLL	215
1165940330496	1	INSTRUCTIONSCROLL	219
1165940330512	1	INSTRUCTIONSCROLL	222
1165940330529	1	INSTRUCTIONSCROLL	225
1165940330546	1	INSTRUCTIONSCROLL	228
1165940330562	1	INSTRUCTIONSCROLL	232
1165940330579	1	INSTRUCTIONSCROLL	235
1165940330596	1	INSTRUCTIONSCROLL	239
1165940330612	1	INSTRUCTIONSCROLL	242
1165940330629	1	INSTRUCTIONSCROLL	245
1165940330646	1	INSTRUCTIONSCROLL	249
1165940330662	1	INSTRUCTIONSCROLL	252
1165940330679	1	INSTRUCTIONSCROLL	255
1165940330696	1	INSTRUCTIONSCROLL	258
1165940330712	1	INSTRUCTIONSCROLL	262
1165940330729	1	INSTRUCTIONSCROLL	265
1165940330746	1	INSTRUCTIONSCROLL	269
1165940330762	1	INSTRUCTIONSCROLL	272
1165940330778	1	INSTRUCTIONSCROLL	275
1165940330795	1	INSTRUCTIONSCROLL	278
1165940330811	1	INSTRUCTIONSCROLL	281
1165940330828	1	INSTRUCTIONSCROLL	285
1165940330845	1	INSTRUCTIONSCROLL	288
1165940330861	1	INSTRUCTIONSCROLL	291
1165940330878	1	INSTRUCTIONSCROLL	295
1165940330895	1	INSTRUCTIONSCROLL	298
1165940330911	1	INSTRUCTIONSCROLL	301
1165940330928	1	INSTRUCTIONSCROLL	305
1165940330945	1	INSTRUCTIONSCROLL	308
1165940330961	1	INSTRUCTIONSCROLL	311
1165940330978	1	INSTRUCTIONSCROLL	315
1165940330995	1	INSTRUCTIONSCROLL	318
1165940331012	1	INSTRUCTIONSCROLL	321
1165940331029	1	INSTRUCTIONSCROLL	325
1165940331046	1	INSTRUCTIONSCROLL	328
1165940331062	1	INSTRUCTIONSCROLL	332
1165940331079	1	INSTRUCTIONSCROLL	335
1165940331095	1	INSTRUCTIONSCROLL	338
1165940331112	1	INSTRUCTIONSCROLL	342
1165940331129	1	INSTRUCTIONSCROLL	345
1165940331145	1	INSTRUCTIONSCROLL	348
1165940331162	1	INSTRUCTIONSCROLL	352
1165940331179	1	INSTRUCTIONSCROLL	355
1165940331195	1	INSTRUCTIONSCROLL	358
1165940331212	1	INSTRUCTIONSCROLL	362
1165940331229	1	INSTRUCTIONSCROLL	365
1165940331245	1	INSTRUCTIONSCROLL	368
1165940331262	1	INSTRUCTIONSCROLL	372
1165940331279	1	INSTRUCTIONSCROLL	375
1165940331295	1	INSTRUCTIONSCROLL	378
1165940331312	1	INSTRUCTIONSCROLL	382
1165940331329	1	INSTRUCTIONSCROLL	385
1165940331345	1	INSTRUCTIONSCROLL	388
1165940331362	1	INSTRUCTIONSCROLL	392
1165940331379	1	INSTRUCTIONSCROLL	395
1165940331395	1	INSTRUCTIONSCROLL	398
1165940331412	1	INSTRUCTIONSCROLL	402
1165940331429	1	INSTRUCTIONSCROLL	405
1165940331445	1	INSTRUCTIONSCROLL	408
1165940331462	1	INSTRUCTIONSCROLL	412
1165940331479	1	INSTRUCTIONSCROLL	415
1165940331495	1	INSTRUCTIONSCROLL	418
1165940331512	1	INSTRUCTIONSCROLL	422
1165940331531	1	INSTRUCTIONSCROLL	425
1165940336594	1	INSTRUCTIONSCROLL	426
1165940336610	1	INSTRUCTIONSCROLL	429
1165940336627	1	INSTRUCTIONSCROLL	432
1165940336644	1	INSTRUCTIONSCROLL	435
1165940336660	1	INSTRUCTIONSCROLL	439
1165940336677	1	INSTRUCTIONSCROLL	442
1165940337044	1	INSTRUCTIONSCROLL	443
1165940337060	1	INSTRUCTIONSCROLL	447
1165940337077	1	INSTRUCTIONSCROLL	450
1165940337094	1	INSTRUCTIONSCROLL	453
1165940337243	1	INSTRUCTIONSCROLL	454
1165940337260	1	INSTRUCTIONSCROLL	456
1165940337277	1	INSTRUCTIONSCROLL	459
1165940337293	1	INSTRUCTIONSCROLL	463
1165940337310	1	INSTRUCTIONSCROLL	466
1165940337327	1	INSTRUCTIONSCROLL	469
1165940337343	1	INSTRUCTIONSCROLL	473
1165940337360	1	INSTRUCTIONSCROLL	476
1165940337377	1	INSTRUCTIONSCROLL	479
1165940337393	1	INSTRUCTIONSCROLL	483
1165940337410	1	INSTRUCTIONSCROLL	486
1165940337427	1	INSTRUCTIONSCROLL	489
1165940337443	1	INSTRUCTIONSCROLL	493
1165940337460	1	INSTRUCTIONSCROLL	496
1165940337477	1	INSTRUCTIONSCROLL	499
1165940337493	1	INSTRUCTIONSCROLL	503
1165940337510	1	INSTRUCTIONSCROLL	506
1165940337527	1	INSTRUCTIONSCROLL	509
1165940337543	1	INSTRUCTIONSCROLL	513
1165940337560	1	INSTRUCTIONSCROLL	516
1165940337577	1	INSTRUCTIONSCROLL	519
1165940337593	1	INSTRUCTIONSCROLL	523
1165940337610	1	INSTRUCTIONSCROLL	526
1165940337627	1	INSTRUCTIONSCROLL	529
1165940337643	1	INSTRUCTIONSCROLL	533
1165940337660	1	INSTRUCTIONSCROLL	536
1165940337677	1	INSTRUCTIONSCROLL	539
1165940337693	1	INSTRUCTIONSCROLL	543
1165940337710	1	INSTRUCTIONSCROLL	546
1165940337727	1	INSTRUCTIONSCROLL	549
1165940337743	1	INSTRUCTIONSCROLL	553
1165940337760	1	INSTRUCTIONSCROLL	556
1165940337776	1	INSTRUCTIONSCROLL	559
1165940337792	1	INSTRUCTIONSCROLL	562
1165940337809	1	INSTRUCTIONSCROLL	566
1165940337826	1	INSTRUCTIONSCROLL	569
1165940337842	1	INSTRUCTIONSCROLL	572
1165940337859	1	INSTRUCTIONSCROLL	576
1165940337876	1	INSTRUCTIONSCROLL	579
1165940337892	1	INSTRUCTIONSCROLL	582
1165940337909	1	INSTRUCTIONSCROLL	586
1165940337926	1	INSTRUCTIONSCROLL	589
1165940337942	1	INSTRUCTIONSCROLL	592
1165940337959	1	INSTRUCTIONSCROLL	596
1165940337976	1	INSTRUCTIONSCROLL	599
1165940337992	1	INSTRUCTIONSCROLL	602
1165940338010	1	INSTRUCTIONSCROLL	606
1165940338027	1	INSTRUCTIONSCROLL	609
1165940338043	1	INSTRUCTIONSCROLL	613
1165940338060	1	INSTRUCTIONSCROLL	616
1165940338077	1	INSTRUCTIONSCROLL	619
1165940338093	1	INSTRUCTIONSCROLL	623
1165940338110	1	INSTRUCTIONSCROLL	626
1165940338127	1	INSTRUCTIONSCROLL	629
1165940338143	1	INSTRUCTIONSCROLL	633
1165940338160	1	INSTRUCTIONSCROLL	636
1165940338177	1	INSTRUCTIONSCROLL	639
1165940338193	1	INSTRUCTIONSCROLL	643
1165940338210	1	INSTRUCTIONSCROLL	646
1165940338227	1	INSTRUCTIONSCROLL	649
1165940338243	1	INSTRUCTIONSCROLL	653
1165940338260	1	INSTRUCTIONSCROLL	656
1165940338277	1	INSTRUCTIONSCROLL	659
1165940338293	1	INSTRUCTIONSCROLL	663
1165940338310	1	INSTRUCTIONSCROLL	666
1165940338326	1	INSTRUCTIONSCROLL	669
1165940338343	1	INSTRUCTIONSCROLL	673
1165940338360	1	INSTRUCTIONSCROLL	676
1165940338376	1	INSTRUCTIONSCROLL	679
1165940338393	1	INSTRUCTIONSCROLL	683
1165940338410	1	INSTRUCTIONSCROLL	686
1165940338426	1	INSTRUCTIONSCROLL	689
1165940338443	1	INSTRUCTIONSCROLL	693
1165940338460	1	INSTRUCTIONSCROLL	696
1165940338476	1	INSTRUCTIONSCROLL	699
1165940338493	1	INSTRUCTIONSCROLL	703
1165940338510	1	INSTRUCTIONSCROLL	706
1165940338526	1	INSTRUCTIONSCROLL	709
1165940338543	1	INSTRUCTIONSCROLL	713
1165940338560	1	INSTRUCTIONSCROLL	716
1165940338576	1	INSTRUCTIONSCROLL	719
1165940338593	1	INSTRUCTIONSCROLL	723
1165940338610	1	INSTRUCTIONSCROLL	726
1165940338626	1	INSTRUCTIONSCROLL	729
1165940338643	1	INSTRUCTIONSCROLL	733
1165940338660	1	INSTRUCTIONSCROLL	736
1165940338676	1	INSTRUCTIONSCROLL	739
1165940338693	1	INSTRUCTIONSCROLL	743
1165940338710	1	INSTRUCTIONSCROLL	746
1165940338727	1	INSTRUCTIONSCROLL	749
1165940338743	1	INSTRUCTIONSCROLL	753
1165940338760	1	INSTRUCTIONSCROLL	756
1165940338775	1	INSTRUCTIONSCROLL	759
1165940338792	1	INSTRUCTIONSCROLL	762
1165940338809	1	INSTRUCTIONSCROLL	766
1165940338825	1	INSTRUCTIONSCROLL	769
1165940338842	1	INSTRUCTIONSCROLL	772
1165940338859	1	INSTRUCTIONSCROLL	776
1165940338875	1	INSTRUCTIONSCROLL	779
1165940338892	1	INSTRUCTIONSCROLL	782
1165940338909	1	INSTRUCTIONSCROLL	786
1165940338925	1	INSTRUCTIONSCROLL	789
1165940338942	1	INSTRUCTIONSCROLL	792
1165940338959	1	INSTRUCTIONSCROLL	796
1165940338975	1	INSTRUCTIONSCROLL	799
1165940338992	1	INSTRUCTIONSCROLL	802
1165940339010	1	INSTRUCTIONSCROLL	806
1165940339026	1	INSTRUCTIONSCROLL	809
1165940339043	1	INSTRUCTIONSCROLL	813
1165940339060	1	INSTRUCTIONSCROLL	816
1165940339076	1	INSTRUCTIONSCROLL	819
1165940339093	1	INSTRUCTIONSCROLL	823
1165940339110	1	INSTRUCTIONSCROLL	826
1165940339126	1	INSTRUCTIONSCROLL	829
1165940339143	1	INSTRUCTIONSCROLL	833
1165940339160	1	INSTRUCTIONSCROLL	836
1165940339176	1	INSTRUCTIONSCROLL	839
1165940339193	1	INSTRUCTIONSCROLL	843
1165940339210	1	INSTRUCTIONSCROLL	846
1165940339226	1	INSTRUCTIONSCROLL	849
1165940339243	1	INSTRUCTIONSCROLL	853
1165940339260	1	INSTRUCTIONSCROLL	856
1165940339276	1	INSTRUCTIONSCROLL	859
1165940339293	1	INSTRUCTIONSCROLL	863
1165940339309	1	INSTRUCTIONSCROLL	866
1165940339326	1	INSTRUCTIONSCROLL	869
1165940339343	1	INSTRUCTIONSCROLL	873
1165940339360	1	INSTRUCTIONSCROLL	876
1165940339376	1	INSTRUCTIONSCROLL	879
1165940339393	1	INSTRUCTIONSCROLL	883
1165940339410	1	INSTRUCTIONSCROLL	886
1165940339426	1	INSTRUCTIONSCROLL	889
1165940339443	1	INSTRUCTIONSCROLL	892
1165940339459	1	INSTRUCTIONSCROLL	896
1165940339476	1	INSTRUCTIONSCROLL	899
1165940339493	1	INSTRUCTIONSCROLL	903
1165940339509	1	INSTRUCTIONSCROLL	906
1165940339526	1	INSTRUCTIONSCROLL	909
1165940339543	1	INSTRUCTIONSCROLL	912
1165940339559	1	INSTRUCTIONSCROLL	916
1165940339576	1	INSTRUCTIONSCROLL	919
1165940339593	1	INSTRUCTIONSCROLL	922
1165940339609	1	INSTRUCTIONSCROLL	926
1165940339626	1	INSTRUCTIONSCROLL	929
1165940339643	1	INSTRUCTIONSCROLL	933
1165940339659	1	INSTRUCTIONSCROLL	936
1165940339676	1	INSTRUCTIONSCROLL	939
1165940339693	1	INSTRUCTIONSCROLL	943
1165940339709	1	INSTRUCTIONSCROLL	946
1165940339726	1	INSTRUCTIONSCROLL	949
1165940339743	1	INSTRUCTIONSCROLL	953
1165940339759	1	INSTRUCTIONSCROLL	956
1165940339775	1	INSTRUCTIONSCROLL	959
1165940339792	1	INSTRUCTIONSCROLL	962
1165940339808	1	INSTRUCTIONSCROLL	966
1165940339825	1	INSTRUCTIONSCROLL	969
1165940339842	1	INSTRUCTIONSCROLL	972
1165940339858	1	INSTRUCTIONSCROLL	976
1165940339875	1	INSTRUCTIONSCROLL	979
1165940339892	1	INSTRUCTIONSCROLL	982
1165940339908	1	INSTRUCTIONSCROLL	986
1165940339925	1	INSTRUCTIONSCROLL	989
1165940339942	1	INSTRUCTIONSCROLL	992
1165940339958	1	INSTRUCTIONSCROLL	996
1165940339975	1	INSTRUCTIONSCROLL	999
1165940339992	1	INSTRUCTIONSCROLL	1002
1165940340009	1	INSTRUCTIONSCROLL	1006
1165940340026	1	INSTRUCTIONSCROLL	1009
1165940340043	1	INSTRUCTIONSCROLL	1012
1165940340059	1	INSTRUCTIONSCROLL	1016
1165940340076	1	INSTRUCTIONSCROLL	1019
1165940340093	1	INSTRUCTIONSCROLL	1023
1165940340109	1	INSTRUCTIONSCROLL	1026
1165940340126	1	INSTRUCTIONSCROLL	1029
1165940340143	1	INSTRUCTIONSCROLL	1032
1165940340159	1	INSTRUCTIONSCROLL	1036
1165940340176	1	INSTRUCTIONSCROLL	1039
1165940340193	1	INSTRUCTIONSCROLL	1042
1165940340209	1	INSTRUCTIONSCROLL	1046
1165940340226	1	INSTRUCTIONSCROLL	1049
1165940341841	1	INSTRUCTIONSCROLL	1050
1165940341858	1	INSTRUCTIONSCROLL	1052
1165940341874	1	INSTRUCTIONSCROLL	1055
1165940341891	1	INSTRUCTIONSCROLL	1059
1165940341941	1	INSTRUCTIONSCROLL	1060
1165940341958	1	INSTRUCTIONSCROLL	1061
1165940341974	1	INSTRUCTIONSCROLL	1064
1165940341991	1	INSTRUCTIONSCROLL	1067
1165940342009	1	INSTRUCTIONSCROLL	1071
1165940342025	1	INSTRUCTIONSCROLL	1074
1165940342042	1	INSTRUCTIONSCROLL	1078
1165940342059	1	INSTRUCTIONSCROLL	1081
1165940342075	1	INSTRUCTIONSCROLL	1084
1165940342092	1	INSTRUCTIONSCROLL	1088
1165940342109	1	INSTRUCTIONSCROLL	1091
1165940342125	1	INSTRUCTIONSCROLL	1094
1165940342142	1	INSTRUCTIONSCROLL	1098
1165940342159	1	INSTRUCTIONSCROLL	1101
1165940342175	1	INSTRUCTIONSCROLL	1104
1165940342192	1	INSTRUCTIONSCROLL	1107
1165940342209	1	INSTRUCTIONSCROLL	1111
1165940342225	1	INSTRUCTIONSCROLL	1114
1165940342242	1	INSTRUCTIONSCROLL	1118
1165940342259	1	INSTRUCTIONSCROLL	1121
1165940342275	1	INSTRUCTIONSCROLL	1124
1165940342292	1	INSTRUCTIONSCROLL	1128
1165940342309	1	INSTRUCTIONSCROLL	1131
1165940342325	1	INSTRUCTIONSCROLL	1134
1165940342342	1	INSTRUCTIONSCROLL	1138
1165940342359	1	INSTRUCTIONSCROLL	1141
1165940342375	1	INSTRUCTIONSCROLL	1144
1165940342392	1	INSTRUCTIONSCROLL	1148
1165940342409	1	INSTRUCTIONSCROLL	1151
1165940342425	1	INSTRUCTIONSCROLL	1154
1165940342442	1	INSTRUCTIONSCROLL	1157
1165940342459	1	INSTRUCTIONSCROLL	1161
1165940342475	1	INSTRUCTIONSCROLL	1164
1165940342492	1	INSTRUCTIONSCROLL	1168
1165940342509	1	INSTRUCTIONSCROLL	1171
1165940342525	1	INSTRUCTIONSCROLL	1174
1165940342542	1	INSTRUCTIONSCROLL	1178
1165940342559	1	INSTRUCTIONSCROLL	1181
1165940342575	1	INSTRUCTIONSCROLL	1184
1165940342592	1	INSTRUCTIONSCROLL	1188
1165940342924	1	INSTRUCTIONSCROLL	1189
1165940342941	1	INSTRUCTIONSCROLL	1191
1165940342957	1	INSTRUCTIONSCROLL	1194
1165940342974	1	INSTRUCTIONSCROLL	1198
1165940342991	1	INSTRUCTIONSCROLL	1201
1165940343008	1	INSTRUCTIONSCROLL	1204
1165940343025	1	INSTRUCTIONSCROLL	1208
1165940343042	1	INSTRUCTIONSCROLL	1211
1165940343058	1	INSTRUCTIONSCROLL	1214
1165940343075	1	INSTRUCTIONSCROLL	1218
1165940343092	1	INSTRUCTIONSCROLL	1221
1165940343108	1	INSTRUCTIONSCROLL	1224
1165940343125	1	INSTRUCTIONSCROLL	1228
1165940343142	1	INSTRUCTIONSCROLL	1231
1165940343158	1	INSTRUCTIONSCROLL	1234
1165940343175	1	INSTRUCTIONSCROLL	1238
1165940343192	1	INSTRUCTIONSCROLL	1241
1165940343208	1	INSTRUCTIONSCROLL	1244
1165940343225	1	INSTRUCTIONSCROLL	1248
1165940343242	1	INSTRUCTIONSCROLL	1251
1165940343258	1	INSTRUCTIONSCROLL	1254
1165940343275	1	INSTRUCTIONSCROLL	1258
1165940343292	1	INSTRUCTIONSCROLL	1261
1165940343308	1	INSTRUCTIONSCROLL	1264
1165940343325	1	INSTRUCTIONSCROLL	1268
1165940343342	1	INSTRUCTIONSCROLL	1271
1165940343358	1	INSTRUCTIONSCROLL	1274
1165940343375	1	INSTRUCTIONSCROLL	1278
1165940343392	1	INSTRUCTIONSCROLL	1281
1165940343408	1	INSTRUCTIONSCROLL	1285
1165940343425	1	INSTRUCTIONSCROLL	1288
1165940343442	1	INSTRUCTIONSCROLL	1291
1165940343458	1	INSTRUCTIONSCROLL	1294
1165940343475	1	INSTRUCTIONSCROLL	1298
1165940343491	1	INSTRUCTIONSCROLL	1301
1165940343508	1	INSTRUCTIONSCROLL	1304
1165940343525	1	INSTRUCTIONSCROLL	1308
1165940343541	1	INSTRUCTIONSCROLL	1311
1165940343558	1	INSTRUCTIONSCROLL	1314
1165940343575	1	INSTRUCTIONSCROLL	1318
1165940343592	1	INSTRUCTIONSCROLL	1321
1165940343608	1	INSTRUCTIONSCROLL	1324
1165940343625	1	INSTRUCTIONSCROLL	1328
1165940343641	1	INSTRUCTIONSCROLL	1331
1165940343658	1	INSTRUCTIONSCROLL	1334
1165940343675	1	INSTRUCTIONSCROLL	1338
1165940343691	1	INSTRUCTIONSCROLL	1341
1165940347474	1	INSTRUCTIONSCROLL	1342
1165940347490	1	INSTRUCTIONSCROLL	1344
1165940347507	1	INSTRUCTIONSCROLL	1347
1165940347524	1	INSTRUCTIONSCROLL	1350
1165940347540	1	INSTRUCTIONSCROLL	1354
1165940347557	1	INSTRUCTIONSCROLL	1357
1165940347574	1	INSTRUCTIONSCROLL	1360
1165940347590	1	INSTRUCTIONSCROLL	1364
1165940347607	1	INSTRUCTIONSCROLL	1367
1165940347624	1	INSTRUCTIONSCROLL	1370
1165940347640	1	INSTRUCTIONSCROLL	1374
1165940347657	1	INSTRUCTIONSCROLL	1377
1165940347673	1	INSTRUCTIONSCROLL	1380
1165940347690	1	INSTRUCTIONSCROLL	1384
1165940347707	1	INSTRUCTIONSCROLL	1387
1165940347723	1	INSTRUCTIONSCROLL	1390
1165940347740	1	INSTRUCTIONSCROLL	1394
1165940347757	1	INSTRUCTIONSCROLL	1397
1165940347772	1	INSTRUCTIONSCROLL	1400
1165940347789	1	INSTRUCTIONSCROLL	1404
1165940347806	1	INSTRUCTIONSCROLL	1407
1165940347823	1	INSTRUCTIONSCROLL	1410
1165940347839	1	INSTRUCTIONSCROLL	1414
1165940347856	1	INSTRUCTIONSCROLL	1417
1165940347872	1	INSTRUCTIONSCROLL	1420
1165940347889	1	INSTRUCTIONSCROLL	1424
1165940347906	1	INSTRUCTIONSCROLL	1427
1165940347922	1	INSTRUCTIONSCROLL	1430
1165940347939	1	INSTRUCTIONSCROLL	1434
1165940347956	1	INSTRUCTIONSCROLL	1437
1165940347972	1	INSTRUCTIONSCROLL	1440
1165940347989	1	INSTRUCTIONSCROLL	1444
1165940348007	1	INSTRUCTIONSCROLL	1447
1165940348023	1	INSTRUCTIONSCROLL	1450
1165940348040	1	INSTRUCTIONSCROLL	1454
1165940348057	1	INSTRUCTIONSCROLL	1457
1165940348073	1	INSTRUCTIONSCROLL	1460
1165940348090	1	INSTRUCTIONSCROLL	1464
1165940348107	1	INSTRUCTIONSCROLL	1467
1165940348123	1	INSTRUCTIONSCROLL	1470
1165940348140	1	INSTRUCTIONSCROLL	1474
1165940348157	1	INSTRUCTIONSCROLL	1477
1165940348173	1	INSTRUCTIONSCROLL	1480
1165940348190	1	INSTRUCTIONSCROLL	1484
1165940348207	1	INSTRUCTIONSCROLL	1487
1165940348223	1	INSTRUCTIONSCROLL	1490
1165940348240	1	INSTRUCTIONSCROLL	1494
1165940348257	1	INSTRUCTIONSCROLL	1497
1165940348273	1	INSTRUCTIONSCROLL	1500
1165940348290	1	INSTRUCTIONSCROLL	1504
1165940348307	1	INSTRUCTIONSCROLL	1507
1165940348323	1	INSTRUCTIONSCROLL	1510
1165940348340	1	INSTRUCTIONSCROLL	1514
1165940348357	1	INSTRUCTIONSCROLL	1517
1165940348373	1	INSTRUCTIONSCROLL	1521
1165940348390	1	INSTRUCTIONSCROLL	1524
1165940348407	1	INSTRUCTIONSCROLL	1527
1165940348423	1	INSTRUCTIONSCROLL	1530
1165940348440	1	INSTRUCTIONSCROLL	1534
1165940348457	1	INSTRUCTIONSCROLL	1537
1165940348473	1	INSTRUCTIONSCROLL	1540
1165940348490	1	INSTRUCTIONSCROLL	1544
1165940348507	1	INSTRUCTIONSCROLL	1547
1165940348523	1	INSTRUCTIONSCROLL	1550
1165940348540	1	INSTRUCTIONSCROLL	1554
1165940348557	1	INSTRUCTIONSCROLL	1557
1165940348573	1	INSTRUCTIONSCROLL	1560
1165940348590	1	INSTRUCTIONSCROLL	1564
1165940348607	1	INSTRUCTIONSCROLL	1567
1165940348623	1	INSTRUCTIONSCROLL	1570
1165940348640	1	INSTRUCTIONSCROLL	1574
1165940348657	1	INSTRUCTIONSCROLL	1577
1165940348673	1	INSTRUCTIONSCROLL	1580
1165940348690	1	INSTRUCTIONSCROLL	1584
1165940348707	1	INSTRUCTIONSCROLL	1587
1165940348723	1	INSTRUCTIONSCROLL	1590
1165940348740	1	INSTRUCTIONSCROLL	1594
1165940348757	1	INSTRUCTIONSCROLL	1597
1165940348772	1	INSTRUCTIONSCROLL	1600
1165940348789	1	INSTRUCTIONSCROLL	1604
1165940348805	1	INSTRUCTIONSCROLL	1607
1165940348822	1	INSTRUCTIONSCROLL	1610
1165940348839	1	INSTRUCTIONSCROLL	1614
1165940348856	1	INSTRUCTIONSCROLL	1617
1165940348872	1	INSTRUCTIONSCROLL	1620
1165940348889	1	INSTRUCTIONSCROLL	1624
1165940348905	1	INSTRUCTIONSCROLL	1627
1165940348922	1	INSTRUCTIONSCROLL	1630
1165940348939	1	INSTRUCTIONSCROLL	1634
1165940348955	1	INSTRUCTIONSCROLL	1637
1165940348972	1	INSTRUCTIONSCROLL	1640
1165940348989	1	INSTRUCTIONSCROLL	1643
1165940350239	1	INSTRUCTIONSCROLL	1644
1165940350256	1	INSTRUCTIONSCROLL	1647
1165940350273	1	INSTRUCTIONSCROLL	1650
1165940350289	1	INSTRUCTIONSCROLL	1654
1165940350306	1	INSTRUCTIONSCROLL	1657
1165940350323	1	INSTRUCTIONSCROLL	1660
1165940350339	1	INSTRUCTIONSCROLL	1664
1165940350356	1	INSTRUCTIONSCROLL	1667
1165940350373	1	INSTRUCTIONSCROLL	1670
1165940350390	1	INSTRUCTIONSCROLL	1674
1165940350406	1	INSTRUCTIONSCROLL	1677
1165940350423	1	INSTRUCTIONSCROLL	1680
1165940350439	1	INSTRUCTIONSCROLL	1684
1165940350456	1	INSTRUCTIONSCROLL	1687
1165940350473	1	INSTRUCTIONSCROLL	1690
1165940350489	1	INSTRUCTIONSCROLL	1694
1165940350506	1	INSTRUCTIONSCROLL	1697
1165940350523	1	INSTRUCTIONSCROLL	1700
1165940350539	1	INSTRUCTIONSCROLL	1704
1165940350556	1	INSTRUCTIONSCROLL	1707
1165940350573	1	INSTRUCTIONSCROLL	1710
1165940350589	1	INSTRUCTIONSCROLL	1714
1165940350606	1	INSTRUCTIONSCROLL	1717
1165940350623	1	INSTRUCTIONSCROLL	1721
1165940350639	1	INSTRUCTIONSCROLL	1724
1165940350656	1	INSTRUCTIONSCROLL	1727
1165940350673	1	INSTRUCTIONSCROLL	1731
1165940350689	1	INSTRUCTIONSCROLL	1734
1165940350706	1	INSTRUCTIONSCROLL	1737
1165940350723	1	INSTRUCTIONSCROLL	1740
1165940350739	1	INSTRUCTIONSCROLL	1744
1165940350756	1	INSTRUCTIONSCROLL	1747
1165940350771	1	INSTRUCTIONSCROLL	1751
1165940350788	1	INSTRUCTIONSCROLL	1754
1165940350805	1	INSTRUCTIONSCROLL	1757
1165940350821	1	INSTRUCTIONSCROLL	1760
1165940350838	1	INSTRUCTIONSCROLL	1764
1165940350855	1	INSTRUCTIONSCROLL	1767
1165940350872	1	INSTRUCTIONSCROLL	1770
1165940350888	1	INSTRUCTIONSCROLL	1774
1165940350905	1	INSTRUCTIONSCROLL	1777
1165940350921	1	INSTRUCTIONSCROLL	1780
1165940350938	1	INSTRUCTIONSCROLL	1784
1165940350955	1	INSTRUCTIONSCROLL	1787
1165940350971	1	INSTRUCTIONSCROLL	1790
1165940350988	1	INSTRUCTIONSCROLL	1794
1165940351006	1	INSTRUCTIONSCROLL	1797
1165940351022	1	INSTRUCTIONSCROLL	1800
1165940351039	1	INSTRUCTIONSCROLL	1804
1165940351056	1	INSTRUCTIONSCROLL	1807
1165940351072	1	INSTRUCTIONSCROLL	1811
1165940351089	1	INSTRUCTIONSCROLL	1814
1165940351106	1	INSTRUCTIONSCROLL	1817
1165940351122	1	INSTRUCTIONSCROLL	1820
1165940351139	1	INSTRUCTIONSCROLL	1824
1165940351156	1	INSTRUCTIONSCROLL	1827
1165940351172	1	INSTRUCTIONSCROLL	1830
1165940351189	1	INSTRUCTIONSCROLL	1834
1165940351206	1	INSTRUCTIONSCROLL	1837
1165940351222	1	INSTRUCTIONSCROLL	1840
1165940351239	1	INSTRUCTIONSCROLL	1844
1165940351256	1	INSTRUCTIONSCROLL	1847
1165940351272	1	INSTRUCTIONSCROLL	1850
1165940351289	1	INSTRUCTIONSCROLL	1854
1165940351306	1	INSTRUCTIONSCROLL	1857
1165940351322	1	INSTRUCTIONSCROLL	1860
1165940351339	1	INSTRUCTIONSCROLL	1864
1165940351356	1	INSTRUCTIONSCROLL	1867
1165940351372	1	INSTRUCTIONSCROLL	1870
1165940351389	1	INSTRUCTIONSCROLL	1874
1165940351406	1	INSTRUCTIONSCROLL	1877
1165940351422	1	INSTRUCTIONSCROLL	1880
1165940351439	1	INSTRUCTIONSCROLL	1884
1165940351456	1	INSTRUCTIONSCROLL	1887
1165940351472	1	INSTRUCTIONSCROLL	1890
1165940351489	1	INSTRUCTIONSCROLL	1894
1165940351506	1	INSTRUCTIONSCROLL	1897
1165940351522	1	INSTRUCTIONSCROLL	1900
1165940351539	1	INSTRUCTIONSCROLL	1904
1165940351556	1	INSTRUCTIONSCROLL	1907
1165940351572	1	INSTRUCTIONSCROLL	1910
1165940351589	1	INSTRUCTIONSCROLL	1914
1165940351606	1	INSTRUCTIONSCROLL	1917
1165940351622	1	INSTRUCTIONSCROLL	1920
1165940351639	1	INSTRUCTIONSCROLL	1924
1165940351656	1	INSTRUCTIONSCROLL	1927
1165940351672	1	INSTRUCTIONSCROLL	1930
1165940351689	1	INSTRUCTIONSCROLL	1934
1165940351706	1	INSTRUCTIONSCROLL	1937
1165940351722	1	INSTRUCTIONSCROLL	1940
1165940351739	1	INSTRUCTIONSCROLL	1944
1165940351756	1	INSTRUCTIONSCROLL	1947
1165940351771	1	INSTRUCTIONSCROLL	1950
1165940351788	1	INSTRUCTIONSCROLL	1954
1165940351805	1	INSTRUCTIONSCROLL	1957
1165940351821	1	INSTRUCTIONSCROLL	1960
1165940351838	1	INSTRUCTIONSCROLL	1964
1165940351854	1	INSTRUCTIONSCROLL	1967
1165940351871	1	INSTRUCTIONSCROLL	1970
1165940351888	1	INSTRUCTIONSCROLL	1974
1165940351904	1	INSTRUCTIONSCROLL	1977
1165940351921	1	INSTRUCTIONSCROLL	1980
1165940351938	1	INSTRUCTIONSCROLL	1984
1165940351955	1	INSTRUCTIONSCROLL	1987
1165940351971	1	INSTRUCTIONSCROLL	1990
1165940351988	1	INSTRUCTIONSCROLL	1994
1165940352005	1	INSTRUCTIONSCROLL	1997
1165940352022	1	INSTRUCTIONSCROLL	2000
1165940352039	1	INSTRUCTIONSCROLL	2004
1165940352055	1	INSTRUCTIONSCROLL	2007
1165940352072	1	INSTRUCTIONSCROLL	2010
1165940352089	1	INSTRUCTIONSCROLL	2014
1165940352105	1	INSTRUCTIONSCROLL	2017
1165940352122	1	INSTRUCTIONSCROLL	2020
1165940352139	1	INSTRUCTIONSCROLL	2024
1165940353038	1	INSTRUCTIONSCROLL	2025
1165940353055	1	INSTRUCTIONSCROLL	2027
1165940353072	1	INSTRUCTIONSCROLL	2030
1165940353088	1	INSTRUCTIONSCROLL	2034
1165940353105	1	INSTRUCTIONSCROLL	2037
1165940353122	1	INSTRUCTIONSCROLL	2040
1165940353138	1	INSTRUCTIONSCROLL	2044
1165940353155	1	INSTRUCTIONSCROLL	2047
1165940353172	1	INSTRUCTIONSCROLL	2050
1165940353188	1	INSTRUCTIONSCROLL	2054
1165940353205	1	INSTRUCTIONSCROLL	2057
1165940353222	1	INSTRUCTIONSCROLL	2060
1165940353238	1	INSTRUCTIONSCROLL	2064
1165940353255	1	INSTRUCTIONSCROLL	2067
1165940353272	1	INSTRUCTIONSCROLL	2070
1165940353288	1	INSTRUCTIONSCROLL	2074
1165940353305	1	INSTRUCTIONSCROLL	2077
1165940353322	1	INSTRUCTIONSCROLL	2080
1165940353338	1	INSTRUCTIONSCROLL	2084
1165940353355	1	INSTRUCTIONSCROLL	2087
1165940353372	1	INSTRUCTIONSCROLL	2090
1165940353388	1	INSTRUCTIONSCROLL	2094
1165940353405	1	INSTRUCTIONSCROLL	2097
1165940353422	1	INSTRUCTIONSCROLL	2101
1165940353438	1	INSTRUCTIONSCROLL	2104
1165940353455	1	INSTRUCTIONSCROLL	2107
1165940353472	1	INSTRUCTIONSCROLL	2110
1165940353488	1	INSTRUCTIONSCROLL	2114
1165940353505	1	INSTRUCTIONSCROLL	2117
1165940353522	1	INSTRUCTIONSCROLL	2120
1165940353538	1	INSTRUCTIONSCROLL	2124
1165940353555	1	INSTRUCTIONSCROLL	2127
1165940353572	1	INSTRUCTIONSCROLL	2131
1165940353588	1	INSTRUCTIONSCROLL	2134
1165940353605	1	INSTRUCTIONSCROLL	2137
1165940353622	1	INSTRUCTIONSCROLL	2140
1165940353638	1	INSTRUCTIONSCROLL	2144
1165940353655	1	INSTRUCTIONSCROLL	2147
1165940353672	1	INSTRUCTIONSCROLL	2150
1165940353688	1	INSTRUCTIONSCROLL	2154
1165940353705	1	INSTRUCTIONSCROLL	2157
1165940353722	1	INSTRUCTIONSCROLL	2161
1165940353738	1	INSTRUCTIONSCROLL	2164
1165940353755	1	INSTRUCTIONSCROLL	2167
1165940353771	1	INSTRUCTIONSCROLL	2170
1165940353787	1	INSTRUCTIONSCROLL	2174
1165940353804	1	INSTRUCTIONSCROLL	2177
1165940353821	1	INSTRUCTIONSCROLL	2180
1165940353837	1	INSTRUCTIONSCROLL	2184
1165940353854	1	INSTRUCTIONSCROLL	2187
1165940353871	1	INSTRUCTIONSCROLL	2190
1165940353887	1	INSTRUCTIONSCROLL	2194
1165940353904	1	INSTRUCTIONSCROLL	2197
1165940353921	1	INSTRUCTIONSCROLL	2200
1165940353937	1	INSTRUCTIONSCROLL	2204
1165940353954	1	INSTRUCTIONSCROLL	2207
1165940353970	1	INSTRUCTIONSCROLL	2210
1165940353987	1	INSTRUCTIONSCROLL	2214
1165940354005	1	INSTRUCTIONSCROLL	2217
1165940354021	1	INSTRUCTIONSCROLL	2221
1165940354038	1	INSTRUCTIONSCROLL	2224
1165940354055	1	INSTRUCTIONSCROLL	2227
1165940354071	1	INSTRUCTIONSCROLL	2230
1165940354088	1	INSTRUCTIONSCROLL	2234
1165940354105	1	INSTRUCTIONSCROLL	2237
1165940354121	1	INSTRUCTIONSCROLL	2240
1165940354138	1	INSTRUCTIONSCROLL	2244
1165940354155	1	INSTRUCTIONSCROLL	2247
1165940354171	1	INSTRUCTIONSCROLL	2251
1165940354188	1	INSTRUCTIONSCROLL	2254
1165940354205	1	INSTRUCTIONSCROLL	2257
1165940354221	1	INSTRUCTIONSCROLL	2260
1165940354238	1	INSTRUCTIONSCROLL	2264
1165940354255	1	INSTRUCTIONSCROLL	2267
1165940354271	1	INSTRUCTIONSCROLL	2270
1165940354288	1	INSTRUCTIONSCROLL	2274
1165940354305	1	INSTRUCTIONSCROLL	2277
1165940354321	1	INSTRUCTIONSCROLL	2281
1165940354338	1	INSTRUCTIONSCROLL	2284
1165940354355	1	INSTRUCTIONSCROLL	2287
1165940354371	1	INSTRUCTIONSCROLL	2290
1165940354388	1	INSTRUCTIONSCROLL	2294
1165940354405	1	INSTRUCTIONSCROLL	2297
1165940354421	1	INSTRUCTIONSCROLL	2300
1165940354438	1	INSTRUCTIONSCROLL	2304
1165940354455	1	INSTRUCTIONSCROLL	2307
1165940354471	1	INSTRUCTIONSCROLL	2310
1165940354488	1	INSTRUCTIONSCROLL	2314
1165940354505	1	INSTRUCTIONSCROLL	2317
1165940354521	1	INSTRUCTIONSCROLL	2320
1165940354538	1	INSTRUCTIONSCROLL	2324
1165940354555	1	INSTRUCTIONSCROLL	2327
1165940354571	1	INSTRUCTIONSCROLL	2330
1165940354588	1	INSTRUCTIONSCROLL	2334
1165940354605	1	INSTRUCTIONSCROLL	2337
1165940354621	1	INSTRUCTIONSCROLL	2340
1165940354638	1	INSTRUCTIONSCROLL	2344
1165940354655	1	INSTRUCTIONSCROLL	2347
1165940354671	1	INSTRUCTIONSCROLL	2350
1165940354688	1	INSTRUCTIONSCROLL	2354
1165940354705	1	INSTRUCTIONSCROLL	2357
1165940354721	1	INSTRUCTIONSCROLL	2360
1165940354738	1	INSTRUCTIONSCROLL	2364
1165940354755	1	INSTRUCTIONSCROLL	2367
1165940354770	1	INSTRUCTIONSCROLL	2370
1165940354787	1	INSTRUCTIONSCROLL	2374
1165940354804	1	INSTRUCTIONSCROLL	2377
1165940354820	1	INSTRUCTIONSCROLL	2380
1165940354837	1	INSTRUCTIONSCROLL	2384
1165940354854	1	INSTRUCTIONSCROLL	2387
1165940354870	1	INSTRUCTIONSCROLL	2390
1165940354887	1	INSTRUCTIONSCROLL	2394
1165940354904	1	INSTRUCTIONSCROLL	2397
1165940354920	1	INSTRUCTIONSCROLL	2400
1165940354937	1	INSTRUCTIONSCROLL	2404
1165940354954	1	INSTRUCTIONSCROLL	2407
1165940354970	1	INSTRUCTIONSCROLL	2410
1165940354987	1	INSTRUCTIONSCROLL	2414
1165940355004	1	INSTRUCTIONSCROLL	2417
1165940355021	1	INSTRUCTIONSCROLL	2420
1165940355038	1	INSTRUCTIONSCROLL	2424
1165940355054	1	INSTRUCTIONSCROLL	2427
1165940355071	1	INSTRUCTIONSCROLL	2430
1165940355088	1	INSTRUCTIONSCROLL	2434
1165940355104	1	INSTRUCTIONSCROLL	2437
1165940355121	1	INSTRUCTIONSCROLL	2440
1165940355138	1	INSTRUCTIONSCROLL	2444
1165940355154	1	INSTRUCTIONSCROLL	2447
1165940355171	1	INSTRUCTIONSCROLL	2450
1165940355188	1	INSTRUCTIONSCROLL	2454
1165940355204	1	INSTRUCTIONSCROLL	2457
1165940355221	1	INSTRUCTIONSCROLL	2460
1165940355238	1	INSTRUCTIONSCROLL	2464
1165940355254	1	INSTRUCTIONSCROLL	2467
1165940355271	1	INSTRUCTIONSCROLL	2470
1165940355288	1	INSTRUCTIONSCROLL	2474
1165940355304	1	INSTRUCTIONSCROLL	2477
1165940355321	1	INSTRUCTIONSCROLL	2480
1165940355338	1	INSTRUCTIONSCROLL	2484
1165940355354	1	INSTRUCTIONSCROLL	2487
1165940355371	1	INSTRUCTIONSCROLL	2490
1165940355388	1	INSTRUCTIONSCROLL	2494
1165940355404	1	INSTRUCTIONSCROLL	2497
1165940355421	1	INSTRUCTIONSCROLL	2500
1165940355438	1	INSTRUCTIONSCROLL	2504
1165940355454	1	INSTRUCTIONSCROLL	2507
1165940355471	1	INSTRUCTIONSCROLL	2510
1165940355488	1	INSTRUCTIONSCROLL	2514
1165940355504	1	INSTRUCTIONSCROLL	2517
1165940355521	1	INSTRUCTIONSCROLL	2520
1165940355538	1	INSTRUCTIONSCROLL	2524
1165940355554	1	INSTRUCTIONSCROLL	2527
1165940355571	1	INSTRUCTIONSCROLL	2530
1165940355588	1	INSTRUCTIONSCROLL	2534
1165940355604	1	INSTRUCTIONSCROLL	2537
1165940355621	1	INSTRUCTIONSCROLL	2540
1165940355638	1	INSTRUCTIONSCROLL	2544
1165940355654	1	INSTRUCTIONSCROLL	2547
1165940355671	1	INSTRUCTIONSCROLL	2550
1165940355688	1	INSTRUCTIONSCROLL	2554
1165940355704	1	INSTRUCTIONSCROLL	2557
1165940355721	1	INSTRUCTIONSCROLL	2560
1165940355738	1	INSTRUCTIONSCROLL	2564
1165940355754	1	INSTRUCTIONSCROLL	2567
1165940355770	1	INSTRUCTIONSCROLL	2570
1165940355787	1	INSTRUCTIONSCROLL	2574
1165940355803	1	INSTRUCTIONSCROLL	2577
1165940355820	1	INSTRUCTIONSCROLL	2580
1165940355837	1	INSTRUCTIONSCROLL	2583
1165940355853	1	INSTRUCTIONSCROLL	2587
1165940355870	1	INSTRUCTIONSCROLL	2590
1165940355887	1	INSTRUCTIONSCROLL	2594
1165940355903	1	INSTRUCTIONSCROLL	2597
1165940355920	1	INSTRUCTIONSCROLL	2600
1165940355937	1	INSTRUCTIONSCROLL	2604
1165940355953	1	INSTRUCTIONSCROLL	2607
1165940355970	1	INSTRUCTIONSCROLL	2610
1165940355987	1	INSTRUCTIONSCROLL	2613
1165940356004	1	INSTRUCTIONSCROLL	2617
1165940356021	1	INSTRUCTIONSCROLL	2620
1165940356037	1	INSTRUCTIONSCROLL	2624
1165940356054	1	INSTRUCTIONSCROLL	2627
1165940356071	1	INSTRUCTIONSCROLL	2630
1165940356087	1	INSTRUCTIONSCROLL	2634
1165940356104	1	INSTRUCTIONSCROLL	2637
1165940356121	1	INSTRUCTIONSCROLL	2640
1165940356137	1	INSTRUCTIONSCROLL	2644
1165940356154	1	INSTRUCTIONSCROLL	2647
1165940356171	1	INSTRUCTIONSCROLL	2650
1165940356187	1	INSTRUCTIONSCROLL	2654
1165940356204	1	INSTRUCTIONSCROLL	2657
1165940356221	1	INSTRUCTIONSCROLL	2660
1165940356237	1	INSTRUCTIONSCROLL	2664
1165940356254	1	INSTRUCTIONSCROLL	2667
1165940356271	1	INSTRUCTIONSCROLL	2670
1165940356287	1	INSTRUCTIONSCROLL	2674
1165940356304	1	INSTRUCTIONSCROLL	2677
1165940356321	1	INSTRUCTIONSCROLL	2680
1165940356337	1	INSTRUCTIONSCROLL	2684
1165940356354	1	INSTRUCTIONSCROLL	2687
1165940356371	1	INSTRUCTIONSCROLL	2690
1165940356387	1	INSTRUCTIONSCROLL	2694
1165940356404	1	INSTRUCTIONSCROLL	2697
1165940356421	1	INSTRUCTIONSCROLL	2700
1165940356437	1	INSTRUCTIONSCROLL	2704
1165940356454	1	INSTRUCTIONSCROLL	2707
1165940356471	1	INSTRUCTIONSCROLL	2710
1165940356487	1	INSTRUCTIONSCROLL	2714
1165940356504	1	INSTRUCTIONSCROLL	2717
1165940356521	1	INSTRUCTIONSCROLL	2720
1165940356537	1	INSTRUCTIONSCROLL	2724
1165940356554	1	INSTRUCTIONSCROLL	2727
1165940356571	1	INSTRUCTIONSCROLL	2730
1165940356587	1	INSTRUCTIONSCROLL	2734
1165940356604	1	INSTRUCTIONSCROLL	2737
1165940356621	1	INSTRUCTIONSCROLL	2740
1165940356637	1	INSTRUCTIONSCROLL	2744
1165940356654	1	INSTRUCTIONSCROLL	2747
1165940356671	1	INSTRUCTIONSCROLL	2750
1165940356687	1	INSTRUCTIONSCROLL	2754
1165940356704	1	INSTRUCTIONSCROLL	2757
1165940356721	1	INSTRUCTIONSCROLL	2760
1165940356737	1	INSTRUCTIONSCROLL	2764
1165940356754	1	INSTRUCTIONSCROLL	2767
1165940356770	1	INSTRUCTIONSCROLL	2770
1165940356786	1	INSTRUCTIONSCROLL	2773
1165940356803	1	INSTRUCTIONSCROLL	2777
1165940356820	1	INSTRUCTIONSCROLL	2780
1165940356836	1	INSTRUCTIONSCROLL	2783
1165940356853	1	INSTRUCTIONSCROLL	2787
1165940356870	1	INSTRUCTIONSCROLL	2790
1165940356886	1	INSTRUCTIONSCROLL	2793
1165940356903	1	INSTRUCTIONSCROLL	2797
1165940356920	1	INSTRUCTIONSCROLL	2800
1165940356936	1	INSTRUCTIONSCROLL	2803
1165940356953	1	INSTRUCTIONSCROLL	2807
1165940356969	1	INSTRUCTIONSCROLL	2810
1165940356986	1	INSTRUCTIONSCROLL	2813
1165940357004	1	INSTRUCTIONSCROLL	2817
1165940357021	1	INSTRUCTIONSCROLL	2820
1165940357037	1	INSTRUCTIONSCROLL	2824
1165940357054	1	INSTRUCTIONSCROLL	2827
1165940357070	1	INSTRUCTIONSCROLL	2830
1165940357087	1	INSTRUCTIONSCROLL	2834
1165940357104	1	INSTRUCTIONSCROLL	2837
1165940357120	1	INSTRUCTIONSCROLL	2840
1165940357137	1	INSTRUCTIONSCROLL	2844
1165940357154	1	INSTRUCTIONSCROLL	2847
1165940357170	1	INSTRUCTIONSCROLL	2850
1165940357187	1	INSTRUCTIONSCROLL	2854
1165940357204	1	INSTRUCTIONSCROLL	2857
1165940357220	1	INSTRUCTIONSCROLL	2860
1165940357237	1	INSTRUCTIONSCROLL	2864
1165940357254	1	INSTRUCTIONSCROLL	2867
1165940357270	1	INSTRUCTIONSCROLL	2870
1165940357287	1	INSTRUCTIONSCROLL	2874
1165940357304	1	INSTRUCTIONSCROLL	2877
1165940357320	1	INSTRUCTIONSCROLL	2880
1165940357337	1	INSTRUCTIONSCROLL	2884
1165940357354	1	INSTRUCTIONSCROLL	2887
1165940357370	1	INSTRUCTIONSCROLL	2890
1165940357388	1	INSTRUCTIONSCROLL	2894
1165940357404	1	INSTRUCTIONSCROLL	2897
1165940357819	1	INSTRUCTIONSCROLL	2898
1165940357836	1	INSTRUCTIONSCROLL	2900
1165940357853	1	INSTRUCTIONSCROLL	2903
1165940357869	1	INSTRUCTIONSCROLL	2907
1165940357886	1	INSTRUCTIONSCROLL	2910
1165940357903	1	INSTRUCTIONSCROLL	2913
1165940357919	1	INSTRUCTIONSCROLL	2917
1165940357936	1	INSTRUCTIONSCROLL	2920
1165940357953	1	INSTRUCTIONSCROLL	2923
1165940357969	1	INSTRUCTIONSCROLL	2927
1165940357986	1	INSTRUCTIONSCROLL	2930
1165940358004	1	INSTRUCTIONSCROLL	2933
1165940358020	1	INSTRUCTIONSCROLL	2937
1165940358037	1	INSTRUCTIONSCROLL	2940
1165940358053	1	INSTRUCTIONSCROLL	2944
1165940358070	1	INSTRUCTIONSCROLL	2947
1165940358087	1	INSTRUCTIONSCROLL	2950
1165940358103	1	INSTRUCTIONSCROLL	2954
1165940358120	1	INSTRUCTIONSCROLL	2957
1165940358137	1	INSTRUCTIONSCROLL	2960
1165940358153	1	INSTRUCTIONSCROLL	2964
1165940358170	1	INSTRUCTIONSCROLL	2967
1165940358187	1	INSTRUCTIONSCROLL	2970
1165940358203	1	INSTRUCTIONSCROLL	2974
1165940358220	1	INSTRUCTIONSCROLL	2977
1165940358237	1	INSTRUCTIONSCROLL	2980
1165940358253	1	INSTRUCTIONSCROLL	2984
1165940358270	1	INSTRUCTIONSCROLL	2987
1165940358287	1	INSTRUCTIONSCROLL	2990
1165940358303	1	INSTRUCTIONSCROLL	2994
1165940358320	1	INSTRUCTIONSCROLL	2997
1165940358337	1	INSTRUCTIONSCROLL	3000
1165940358353	1	INSTRUCTIONSCROLL	3004
1165940358370	1	INSTRUCTIONSCROLL	3007
1165940358387	1	INSTRUCTIONSCROLL	3010
1165940358403	1	INSTRUCTIONSCROLL	3014
1165940358420	1	INSTRUCTIONSCROLL	3017
1165940358437	1	INSTRUCTIONSCROLL	3020
1165940358453	1	INSTRUCTIONSCROLL	3024
1165940358470	1	INSTRUCTIONSCROLL	3027
1165940358487	1	INSTRUCTIONSCROLL	3030
1165940358503	1	INSTRUCTIONSCROLL	3034
1165940358520	1	INSTRUCTIONSCROLL	3037
1165940358537	1	INSTRUCTIONSCROLL	3040
1165940358553	1	INSTRUCTIONSCROLL	3044
1165940358570	1	INSTRUCTIONSCROLL	3047
1165940358587	1	INSTRUCTIONSCROLL	3050
1165940358603	1	INSTRUCTIONSCROLL	3054
1165940358620	1	INSTRUCTIONSCROLL	3057
1165940358637	1	INSTRUCTIONSCROLL	3060
1165940358653	1	INSTRUCTIONSCROLL	3064
1165940358670	1	INSTRUCTIONSCROLL	3067
1165940358687	1	INSTRUCTIONSCROLL	3070
1165940358703	1	INSTRUCTIONSCROLL	3074
1165940358720	1	INSTRUCTIONSCROLL	3077
1165940358737	1	INSTRUCTIONSCROLL	3080
1165940358753	1	INSTRUCTIONSCROLL	3084
1165940358769	1	INSTRUCTIONSCROLL	3087
1165940358786	1	INSTRUCTIONSCROLL	3090
1165940358802	1	INSTRUCTIONSCROLL	3093
1165940358819	1	INSTRUCTIONSCROLL	3097
1165940358836	1	INSTRUCTIONSCROLL	3100
1165940358852	1	INSTRUCTIONSCROLL	3103
1165940358869	1	INSTRUCTIONSCROLL	3107
1165940358886	1	INSTRUCTIONSCROLL	3110
1165940358902	1	INSTRUCTIONSCROLL	3113
1165940358919	1	INSTRUCTIONSCROLL	3117
1165940358936	1	INSTRUCTIONSCROLL	3120
1165940358952	1	INSTRUCTIONSCROLL	3123
1165940358969	1	INSTRUCTIONSCROLL	3127
1165940358986	1	INSTRUCTIONSCROLL	3130
1165940359003	1	INSTRUCTIONSCROLL	3133
1165940359020	1	INSTRUCTIONSCROLL	3137
1165940359037	1	INSTRUCTIONSCROLL	3140
1165940359053	1	INSTRUCTIONSCROLL	3144
1165940359070	1	INSTRUCTIONSCROLL	3147
1165940359086	1	INSTRUCTIONSCROLL	3150
1165940359103	1	INSTRUCTIONSCROLL	3154
1165940359120	1	INSTRUCTIONSCROLL	3157
1165940359136	1	INSTRUCTIONSCROLL	3160
1165940359153	1	INSTRUCTIONSCROLL	3164
1165940359170	1	INSTRUCTIONSCROLL	3167
1165940359186	1	INSTRUCTIONSCROLL	3170
1165940359203	1	INSTRUCTIONSCROLL	3174
1165940359220	1	INSTRUCTIONSCROLL	3177
1165940359236	1	INSTRUCTIONSCROLL	3180
1165940359253	1	INSTRUCTIONSCROLL	3184
1165940359270	1	INSTRUCTIONSCROLL	3187
1165940359286	1	INSTRUCTIONSCROLL	3190
1165940359303	1	INSTRUCTIONSCROLL	3194
1165940359320	1	INSTRUCTIONSCROLL	3197
1165940359336	1	INSTRUCTIONSCROLL	3200
1165940359353	1	INSTRUCTIONSCROLL	3204
1165940359370	1	INSTRUCTIONSCROLL	3207
1165940359386	1	INSTRUCTIONSCROLL	3210
1165940359403	1	INSTRUCTIONSCROLL	3214
1165940359420	1	INSTRUCTIONSCROLL	3217
1165940359436	1	INSTRUCTIONSCROLL	3220
1165940359453	1	INSTRUCTIONSCROLL	3224
1165940359470	1	INSTRUCTIONSCROLL	3227
1165940359486	1	INSTRUCTIONSCROLL	3230
1165940359503	1	INSTRUCTIONSCROLL	3234
1165940359520	1	INSTRUCTIONSCROLL	3237
1165940359536	1	INSTRUCTIONSCROLL	3240
1165940359553	1	INSTRUCTIONSCROLL	3244
1165940359570	1	INSTRUCTIONSCROLL	3247
1165940359586	1	INSTRUCTIONSCROLL	3250
1165940359603	1	INSTRUCTIONSCROLL	3254
1165940359620	1	INSTRUCTIONSCROLL	3257
1165940359636	1	INSTRUCTIONSCROLL	3260
1165940359653	1	INSTRUCTIONSCROLL	3264
1165940359670	1	INSTRUCTIONSCROLL	3267
1165940359686	1	INSTRUCTIONSCROLL	3270
1165940359703	1	INSTRUCTIONSCROLL	3274
1165940359720	1	INSTRUCTIONSCROLL	3277
1165940359736	1	INSTRUCTIONSCROLL	3280
1165940359753	1	INSTRUCTIONSCROLL	3284
1165940359769	1	INSTRUCTIONSCROLL	3287
1165940359785	1	INSTRUCTIONSCROLL	3290
1165940359802	1	INSTRUCTIONSCROLL	3293
1165940359819	1	INSTRUCTIONSCROLL	3297
1165940359835	1	INSTRUCTIONSCROLL	3300
1165940359852	1	INSTRUCTIONSCROLL	3303
1165940359869	1	INSTRUCTIONSCROLL	3307
1165940359885	1	INSTRUCTIONSCROLL	3310
1165940359902	1	INSTRUCTIONSCROLL	3313
1165940359919	1	INSTRUCTIONSCROLL	3317
1165940359935	1	INSTRUCTIONSCROLL	3320
1165940359952	1	INSTRUCTIONSCROLL	3323
1165940359969	1	INSTRUCTIONSCROLL	3327
1165940359985	1	INSTRUCTIONSCROLL	3330
1165940360003	1	INSTRUCTIONSCROLL	3333
1165940360020	1	INSTRUCTIONSCROLL	3337
1165940360036	1	INSTRUCTIONSCROLL	3340
1165940360053	1	INSTRUCTIONSCROLL	3344
1165940360070	1	INSTRUCTIONSCROLL	3347
1165940360086	1	INSTRUCTIONSCROLL	3350
1165940360103	1	INSTRUCTIONSCROLL	3354
1165940360119	1	INSTRUCTIONSCROLL	3357
1165940360136	1	INSTRUCTIONSCROLL	3360
1165940360153	1	INSTRUCTIONSCROLL	3364
1165940360169	1	INSTRUCTIONSCROLL	3367
1165940360186	1	INSTRUCTIONSCROLL	3370
1165940360203	1	INSTRUCTIONSCROLL	3373
1165940360219	1	INSTRUCTIONSCROLL	3377
1165940360236	1	INSTRUCTIONSCROLL	3380
1165940360253	1	INSTRUCTIONSCROLL	3384
1165940360269	1	INSTRUCTIONSCROLL	3387
1165940360286	1	INSTRUCTIONSCROLL	3390
1165940360303	1	INSTRUCTIONSCROLL	3394
1165940360319	1	INSTRUCTIONSCROLL	3397
1165940360336	1	INSTRUCTIONSCROLL	3400
1165940360353	1	INSTRUCTIONSCROLL	3404
1165940360369	1	INSTRUCTIONSCROLL	3407
1165940360386	1	INSTRUCTIONSCROLL	3410
1165940360403	1	INSTRUCTIONSCROLL	3414
1165940360419	1	INSTRUCTIONSCROLL	3417
1165940360436	1	INSTRUCTIONSCROLL	3420
1165940360453	1	INSTRUCTIONSCROLL	3424
1165940360469	1	INSTRUCTIONSCROLL	3427
1165940360486	1	INSTRUCTIONSCROLL	3430
1165940360503	1	INSTRUCTIONSCROLL	3433
1165940360519	1	INSTRUCTIONSCROLL	3437
1165940360536	1	INSTRUCTIONSCROLL	3440
1165940360553	1	INSTRUCTIONSCROLL	3444
1165940360569	1	INSTRUCTIONSCROLL	3447
1165940360586	1	INSTRUCTIONSCROLL	3450
1165940360603	1	INSTRUCTIONSCROLL	3454
1165940360619	1	INSTRUCTIONSCROLL	3457
1165940360636	1	INSTRUCTIONSCROLL	3460
1165940360653	1	INSTRUCTIONSCROLL	3463
1165940360669	1	INSTRUCTIONSCROLL	3467
1165940360686	1	INSTRUCTIONSCROLL	3470
1165940360703	1	INSTRUCTIONSCROLL	3474
1165940360719	1	INSTRUCTIONSCROLL	3477
1165940361885	1	INSTRUCTIONSCROLL	3478
1165940361901	1	INSTRUCTIONSCROLL	3480
1165940361918	1	INSTRUCTIONSCROLL	3484
1165940361935	1	INSTRUCTIONSCROLL	3487
1165940361951	1	INSTRUCTIONSCROLL	3490
1165940361968	1	INSTRUCTIONSCROLL	3493
1165940361985	1	INSTRUCTIONSCROLL	3497
1165940362002	1	INSTRUCTIONSCROLL	3500
1165940362019	1	INSTRUCTIONSCROLL	3504
1165940362036	1	INSTRUCTIONSCROLL	3507
1165940362052	1	INSTRUCTIONSCROLL	3510
1165940362069	1	INSTRUCTIONSCROLL	3514
1165940362085	1	INSTRUCTIONSCROLL	3517
1165940362102	1	INSTRUCTIONSCROLL	3520
1165940362119	1	INSTRUCTIONSCROLL	3524
1165940362136	1	INSTRUCTIONSCROLL	3527
1165940362152	1	INSTRUCTIONSCROLL	3530
1165940362169	1	INSTRUCTIONSCROLL	3534
1165940362185	1	INSTRUCTIONSCROLL	3537
1165940362202	1	INSTRUCTIONSCROLL	3540
1165940362219	1	INSTRUCTIONSCROLL	3544
1165940362235	1	INSTRUCTIONSCROLL	3547
1165940362252	1	INSTRUCTIONSCROLL	3550
1165940362269	1	INSTRUCTIONSCROLL	3554
1165940362285	1	INSTRUCTIONSCROLL	3557
1165940362302	1	INSTRUCTIONSCROLL	3560
1165940362319	1	INSTRUCTIONSCROLL	3564
1165940362335	1	INSTRUCTIONSCROLL	3567
1165940362352	1	INSTRUCTIONSCROLL	3570
1165940362369	1	INSTRUCTIONSCROLL	3574
1165940362385	1	INSTRUCTIONSCROLL	3577
1165940362402	1	INSTRUCTIONSCROLL	3580
1165940362419	1	INSTRUCTIONSCROLL	3584
1165940362435	1	INSTRUCTIONSCROLL	3587
1165940362452	1	INSTRUCTIONSCROLL	3590
1165940362469	1	INSTRUCTIONSCROLL	3594
1165940362485	1	INSTRUCTIONSCROLL	3597
1165940362502	1	INSTRUCTIONSCROLL	3600
1165940362519	1	INSTRUCTIONSCROLL	3604
1165940362535	1	INSTRUCTIONSCROLL	3607
1165940362552	1	INSTRUCTIONSCROLL	3610
1165940362569	1	INSTRUCTIONSCROLL	3614
1165940362585	1	INSTRUCTIONSCROLL	3617
1165940362602	1	INSTRUCTIONSCROLL	3620
1165940362619	1	INSTRUCTIONSCROLL	3624
1165940362635	1	INSTRUCTIONSCROLL	3627
1165940362652	1	INSTRUCTIONSCROLL	3630
1165940362669	1	INSTRUCTIONSCROLL	3634
1165940362685	1	INSTRUCTIONSCROLL	3637
1165940362702	1	INSTRUCTIONSCROLL	3640
1165940362719	1	INSTRUCTIONSCROLL	3644
1165940362735	1	INSTRUCTIONSCROLL	3647
1165940362752	1	INSTRUCTIONSCROLL	3650
1165940362768	1	INSTRUCTIONSCROLL	3654
1165940362784	1	INSTRUCTIONSCROLL	3657
1165940362801	1	INSTRUCTIONSCROLL	3660
1165940362818	1	INSTRUCTIONSCROLL	3663
1165940362834	1	INSTRUCTIONSCROLL	3667
1165940362851	1	INSTRUCTIONSCROLL	3670
1165940362868	1	INSTRUCTIONSCROLL	3674
1165940362884	1	INSTRUCTIONSCROLL	3677
1165940362901	1	INSTRUCTIONSCROLL	3680
1165940362918	1	INSTRUCTIONSCROLL	3683
1165940362934	1	INSTRUCTIONSCROLL	3687
1165940362951	1	INSTRUCTIONSCROLL	3690
1165940362968	1	INSTRUCTIONSCROLL	3693
1165940362984	1	INSTRUCTIONSCROLL	3697
1165940363002	1	INSTRUCTIONSCROLL	3700
1165940363019	1	INSTRUCTIONSCROLL	3704
1165940363035	1	INSTRUCTIONSCROLL	3707
1165940363052	1	INSTRUCTIONSCROLL	3710
1165940363069	1	INSTRUCTIONSCROLL	3714
1165940363085	1	INSTRUCTIONSCROLL	3717
1165940363102	1	INSTRUCTIONSCROLL	3720
1165940363118	1	INSTRUCTIONSCROLL	3724
1165940363135	1	INSTRUCTIONSCROLL	3727
1165940363152	1	INSTRUCTIONSCROLL	3730
1165940363168	1	INSTRUCTIONSCROLL	3734
1165940363185	1	INSTRUCTIONSCROLL	3737
1165940363202	1	INSTRUCTIONSCROLL	3740
1165940363218	1	INSTRUCTIONSCROLL	3744
1165940363235	1	INSTRUCTIONSCROLL	3747
1165940363252	1	INSTRUCTIONSCROLL	3750
1165940363268	1	INSTRUCTIONSCROLL	3754
1165940363285	1	INSTRUCTIONSCROLL	3757
1165940363302	1	INSTRUCTIONSCROLL	3760
1165940363318	1	INSTRUCTIONSCROLL	3764
1165940363335	1	INSTRUCTIONSCROLL	3767
1165940363352	1	INSTRUCTIONSCROLL	3770
1165940363368	1	INSTRUCTIONSCROLL	3774
1165940363385	1	INSTRUCTIONSCROLL	3777
1165940363402	1	INSTRUCTIONSCROLL	3780
1165940363418	1	INSTRUCTIONSCROLL	3784
1165940363435	1	INSTRUCTIONSCROLL	3787
1165940363452	1	INSTRUCTIONSCROLL	3790
1165940363469	1	INSTRUCTIONSCROLL	3794
1165940363485	1	INSTRUCTIONSCROLL	3797
1165940363502	1	INSTRUCTIONSCROLL	3800
1165940363518	1	INSTRUCTIONSCROLL	3804
1165940363535	1	INSTRUCTIONSCROLL	3807
1165940363552	1	INSTRUCTIONSCROLL	3810
1165940363568	1	INSTRUCTIONSCROLL	3814
1165940363585	1	INSTRUCTIONSCROLL	3817
1165940363602	1	INSTRUCTIONSCROLL	3820
1165940363618	1	INSTRUCTIONSCROLL	3824
1165940363635	1	INSTRUCTIONSCROLL	3827
1165940363652	1	INSTRUCTIONSCROLL	3830
1165940363668	1	INSTRUCTIONSCROLL	3834
1165940363685	1	INSTRUCTIONSCROLL	3837
1165940363702	1	INSTRUCTIONSCROLL	3840
1165940363718	1	INSTRUCTIONSCROLL	3844
1165940363735	1	INSTRUCTIONSCROLL	3847
1165940363752	1	INSTRUCTIONSCROLL	3850
1165940363768	1	INSTRUCTIONSCROLL	3854
1165940363784	1	INSTRUCTIONSCROLL	3857
1165940363801	1	INSTRUCTIONSCROLL	3860
1165940363817	1	INSTRUCTIONSCROLL	3863
1165940363834	1	INSTRUCTIONSCROLL	3867
1165940363851	1	INSTRUCTIONSCROLL	3870
1165940363867	1	INSTRUCTIONSCROLL	3873
1165940363884	1	INSTRUCTIONSCROLL	3877
1165940363901	1	INSTRUCTIONSCROLL	3880
1165940363917	1	INSTRUCTIONSCROLL	3883
1165940363934	1	INSTRUCTIONSCROLL	3887
1165940363951	1	INSTRUCTIONSCROLL	3890
1165940363967	1	INSTRUCTIONSCROLL	3893
1165940363984	1	INSTRUCTIONSCROLL	3897
1165940364002	1	INSTRUCTIONSCROLL	3900
1165940364018	1	INSTRUCTIONSCROLL	3904
1165940364035	1	INSTRUCTIONSCROLL	3907
1165940364052	1	INSTRUCTIONSCROLL	3910
1165940364068	1	INSTRUCTIONSCROLL	3914
1165940364085	1	INSTRUCTIONSCROLL	3917
1165940364102	1	INSTRUCTIONSCROLL	3920
1165940364118	1	INSTRUCTIONSCROLL	3924
1165940364135	1	INSTRUCTIONSCROLL	3927
1165940364151	1	INSTRUCTIONSCROLL	3930
1165940364168	1	INSTRUCTIONSCROLL	3934
1165940364185	1	INSTRUCTIONSCROLL	3937
1165940364202	1	INSTRUCTIONSCROLL	3940
1165940364218	1	INSTRUCTIONSCROLL	3944
1165940364235	1	INSTRUCTIONSCROLL	3947
1165940364252	1	INSTRUCTIONSCROLL	3950
1165940364268	1	INSTRUCTIONSCROLL	3954
1165940364285	1	INSTRUCTIONSCROLL	3957
1165940364301	1	INSTRUCTIONSCROLL	3960
1165940364318	1	INSTRUCTIONSCROLL	3964
1165940364335	1	INSTRUCTIONSCROLL	3967
1165940364351	1	INSTRUCTIONSCROLL	3970
1165940364368	1	INSTRUCTIONSCROLL	3974
1165940364386	1	INSTRUCTIONSCROLL	3977
1165940364401	1	INSTRUCTIONSCROLL	3980
1165940364418	1	INSTRUCTIONSCROLL	3984
1165940364435	1	INSTRUCTIONSCROLL	3987
1165940364451	1	INSTRUCTIONSCROLL	3990
1165940364468	1	INSTRUCTIONSCROLL	3994
1165940364485	1	INSTRUCTIONSCROLL	3997
1165940364501	1	INSTRUCTIONSCROLL	4000
1165940364518	1	INSTRUCTIONSCROLL	4004
1165940364535	1	INSTRUCTIONSCROLL	4007
1165940364551	1	INSTRUCTIONSCROLL	4010
1165940364568	1	INSTRUCTIONSCROLL	4014
1165940364585	1	INSTRUCTIONSCROLL	4017
1165940364601	1	INSTRUCTIONSCROLL	4020
1165940364618	1	INSTRUCTIONSCROLL	4024
1165940364635	1	INSTRUCTIONSCROLL	4027
1165940364651	1	INSTRUCTIONSCROLL	4030
1165940364668	1	INSTRUCTIONSCROLL	4034
1165940364685	1	INSTRUCTIONSCROLL	4037
1165940364701	1	INSTRUCTIONSCROLL	4040
1165940364718	1	INSTRUCTIONSCROLL	4044
1165940364735	1	INSTRUCTIONSCROLL	4047
1165940364751	1	INSTRUCTIONSCROLL	4050
1165940364768	1	INSTRUCTIONSCROLL	4054
1165940364784	1	INSTRUCTIONSCROLL	4057
1165940364800	1	INSTRUCTIONSCROLL	4060
1165940364817	1	INSTRUCTIONSCROLL	4063
1165940364834	1	INSTRUCTIONSCROLL	4067
1165940364850	1	INSTRUCTIONSCROLL	4070
1165940364867	1	INSTRUCTIONSCROLL	4073
1165940364884	1	INSTRUCTIONSCROLL	4077
1165940364900	1	INSTRUCTIONSCROLL	4080
1165940364917	1	INSTRUCTIONSCROLL	4083
1165940364934	1	INSTRUCTIONSCROLL	4087
1165940364950	1	INSTRUCTIONSCROLL	4090
1165940364967	1	INSTRUCTIONSCROLL	4093
1165940364984	1	INSTRUCTIONSCROLL	4097
1165940365001	1	INSTRUCTIONSCROLL	4100
1165940365018	1	INSTRUCTIONSCROLL	4104
1165940365035	1	INSTRUCTIONSCROLL	4107
1165940365051	1	INSTRUCTIONSCROLL	4110
1165940365068	1	INSTRUCTIONSCROLL	4114
1165940365085	1	INSTRUCTIONSCROLL	4117
1165940365101	1	INSTRUCTIONSCROLL	4120
1165940365118	1	INSTRUCTIONSCROLL	4124
1165940365135	1	INSTRUCTIONSCROLL	4127
1165940366117	1	INSTRUCTIONSCROLL	4128
1165940366134	1	INSTRUCTIONSCROLL	4129
1165940366151	1	INSTRUCTIONSCROLL	4132
1165940366168	1	INSTRUCTIONSCROLL	4135
1165940366184	1	INSTRUCTIONSCROLL	4139
1165940366201	1	INSTRUCTIONSCROLL	4142
1165940366217	1	INSTRUCTIONSCROLL	4145
1165940366234	1	INSTRUCTIONSCROLL	4149
1165940366251	1	INSTRUCTIONSCROLL	4152
1165940366268	1	INSTRUCTIONSCROLL	4155
1165940366284	1	INSTRUCTIONSCROLL	4159
1165940366301	1	INSTRUCTIONSCROLL	4162
1165940366317	1	INSTRUCTIONSCROLL	4165
1165940366334	1	INSTRUCTIONSCROLL	4169
1165940366351	1	INSTRUCTIONSCROLL	4172
1165940366367	1	INSTRUCTIONSCROLL	4175
1165940366384	1	INSTRUCTIONSCROLL	4179
1165940366401	1	INSTRUCTIONSCROLL	4182
1165940366417	1	INSTRUCTIONSCROLL	4185
1165940366434	1	INSTRUCTIONSCROLL	4189
1165940366451	1	INSTRUCTIONSCROLL	4192
1165940366467	1	INSTRUCTIONSCROLL	4195
1165940366484	1	INSTRUCTIONSCROLL	4199
1165940366501	1	INSTRUCTIONSCROLL	4202
1165940366517	1	INSTRUCTIONSCROLL	4205
1165940366534	1	INSTRUCTIONSCROLL	4209
1165940366551	1	INSTRUCTIONSCROLL	4212
1165940366567	1	INSTRUCTIONSCROLL	4215
1165940366584	1	INSTRUCTIONSCROLL	4219
1165940366601	1	INSTRUCTIONSCROLL	4222
1165940366617	1	INSTRUCTIONSCROLL	4225
1165940366634	1	INSTRUCTIONSCROLL	4228
1165940366651	1	INSTRUCTIONSCROLL	4232
1165940366667	1	INSTRUCTIONSCROLL	4235
1165940366684	1	INSTRUCTIONSCROLL	4238
1165940366701	1	INSTRUCTIONSCROLL	4242
1165940366717	1	INSTRUCTIONSCROLL	4245
1165940366734	1	INSTRUCTIONSCROLL	4248
1165940366751	1	INSTRUCTIONSCROLL	4252
1165940366767	1	INSTRUCTIONSCROLL	4255
1165940366783	1	INSTRUCTIONSCROLL	4258
1165940366800	1	INSTRUCTIONSCROLL	4262
1165940366816	1	INSTRUCTIONSCROLL	4265
1165940366833	1	INSTRUCTIONSCROLL	4268
1165940366850	1	INSTRUCTIONSCROLL	4271
1165940366866	1	INSTRUCTIONSCROLL	4275
1165940366883	1	INSTRUCTIONSCROLL	4278
1165940366900	1	INSTRUCTIONSCROLL	4282
1165940366916	1	INSTRUCTIONSCROLL	4285
1165940366933	1	INSTRUCTIONSCROLL	4288
1165940366950	1	INSTRUCTIONSCROLL	4292
1165940366966	1	INSTRUCTIONSCROLL	4295
1165940366983	1	INSTRUCTIONSCROLL	4298
1165940367001	1	INSTRUCTIONSCROLL	4301
1165940367017	1	INSTRUCTIONSCROLL	4305
1165940367034	1	INSTRUCTIONSCROLL	4308
1165940367051	1	INSTRUCTIONSCROLL	4312
1165940367067	1	INSTRUCTIONSCROLL	4315
1165940367084	1	INSTRUCTIONSCROLL	4318
1165940367101	1	INSTRUCTIONSCROLL	4322
1165940367117	1	INSTRUCTIONSCROLL	4325
1165940367134	1	INSTRUCTIONSCROLL	4328
1165940367150	1	INSTRUCTIONSCROLL	4332
1165940367167	1	INSTRUCTIONSCROLL	4335
1165940367184	1	INSTRUCTIONSCROLL	4338
1165940367201	1	INSTRUCTIONSCROLL	4342
1165940367217	1	INSTRUCTIONSCROLL	4345
1165940367234	1	INSTRUCTIONSCROLL	4348
1165940367650	1	INSTRUCTIONSCROLL	4349
1165940367667	1	INSTRUCTIONSCROLL	4353
1165940367684	1	INSTRUCTIONSCROLL	4356
1165940367700	1	INSTRUCTIONSCROLL	4360
1165940367717	1	INSTRUCTIONSCROLL	4363
1165940367734	1	INSTRUCTIONSCROLL	4366
1165940367750	1	INSTRUCTIONSCROLL	4370
1165940367767	1	INSTRUCTIONSCROLL	4373
1165940367783	1	INSTRUCTIONSCROLL	4376
1165940367799	1	INSTRUCTIONSCROLL	4379
1165940367816	1	INSTRUCTIONSCROLL	4383
1165940367833	1	INSTRUCTIONSCROLL	4386
1165940367849	1	INSTRUCTIONSCROLL	4389
1165940367866	1	INSTRUCTIONSCROLL	4393
1165940367883	1	INSTRUCTIONSCROLL	4396
1165940367899	1	INSTRUCTIONSCROLL	4399
1165940367916	1	INSTRUCTIONSCROLL	4403
1165940367933	1	INSTRUCTIONSCROLL	4406
1165940367949	1	INSTRUCTIONSCROLL	4409
1165940367966	1	INSTRUCTIONSCROLL	4413
1165940367983	1	INSTRUCTIONSCROLL	4416
1165940368000	1	INSTRUCTIONSCROLL	4419
1165940368017	1	INSTRUCTIONSCROLL	4423
1165940368034	1	INSTRUCTIONSCROLL	4426
1165940368050	1	INSTRUCTIONSCROLL	4430
1165940368067	1	INSTRUCTIONSCROLL	4433
1165940368084	1	INSTRUCTIONSCROLL	4436
1165940368100	1	INSTRUCTIONSCROLL	4440
1165940368117	1	INSTRUCTIONSCROLL	4443
1165940368134	1	INSTRUCTIONSCROLL	4446
1165940368150	1	INSTRUCTIONSCROLL	4450
1165940368167	1	INSTRUCTIONSCROLL	4453
1165940368184	1	INSTRUCTIONSCROLL	4456
1165940368200	1	INSTRUCTIONSCROLL	4460
1165940368217	1	INSTRUCTIONSCROLL	4463
1165940368234	1	INSTRUCTIONSCROLL	4466
1165940368250	1	INSTRUCTIONSCROLL	4470
1165940368267	1	INSTRUCTIONSCROLL	4473
1165940368284	1	INSTRUCTIONSCROLL	4476
1165940368300	1	INSTRUCTIONSCROLL	4480
1165940368317	1	INSTRUCTIONSCROLL	4483
1165940368334	1	INSTRUCTIONSCROLL	4486
1165940368350	1	INSTRUCTIONSCROLL	4490
1165940368367	1	INSTRUCTIONSCROLL	4493
1165940368384	1	INSTRUCTIONSCROLL	4496
1165940368400	1	INSTRUCTIONSCROLL	4500
1165940368417	1	INSTRUCTIONSCROLL	4503
1165940368433	1	INSTRUCTIONSCROLL	4506
1165940368450	1	INSTRUCTIONSCROLL	4510
1165940368467	1	INSTRUCTIONSCROLL	4513
1165940368483	1	INSTRUCTIONSCROLL	4516
1165940368500	1	INSTRUCTIONSCROLL	4520
1165940368517	1	INSTRUCTIONSCROLL	4523
1165940368533	1	INSTRUCTIONSCROLL	4526
1165940368550	1	INSTRUCTIONSCROLL	4530
1165940368567	1	INSTRUCTIONSCROLL	4533
1165940368583	1	INSTRUCTIONSCROLL	4536
1165940368600	1	INSTRUCTIONSCROLL	4540
1165940368617	1	INSTRUCTIONSCROLL	4543
1165940368633	1	INSTRUCTIONSCROLL	4546
1165940368650	1	INSTRUCTIONSCROLL	4550
1165940368667	1	INSTRUCTIONSCROLL	4553
1165940368683	1	INSTRUCTIONSCROLL	4556
1165940368700	1	INSTRUCTIONSCROLL	4560
1165940368717	1	INSTRUCTIONSCROLL	4563
1165940368733	1	INSTRUCTIONSCROLL	4566
1165940368750	1	INSTRUCTIONSCROLL	4570
1165940368767	1	INSTRUCTIONSCROLL	4573
1165940368782	1	INSTRUCTIONSCROLL	4576
1165940368799	1	INSTRUCTIONSCROLL	4579
1165940368816	1	INSTRUCTIONSCROLL	4583
1165940368832	1	INSTRUCTIONSCROLL	4586
1165940368849	1	INSTRUCTIONSCROLL	4589
1165940368866	1	INSTRUCTIONSCROLL	4593
1165940368882	1	INSTRUCTIONSCROLL	4596
1165940368899	1	INSTRUCTIONSCROLL	4599
1165940368916	1	INSTRUCTIONSCROLL	4603
1165940368932	1	INSTRUCTIONSCROLL	4606
1165940368949	1	INSTRUCTIONSCROLL	4609
1165940372549	1	INSTRUCTIONSCROLL	4610
1165940372565	1	INSTRUCTIONSCROLL	4613
1165940372582	1	INSTRUCTIONSCROLL	4616
1165940372599	1	INSTRUCTIONSCROLL	4619
1165940372615	1	INSTRUCTIONSCROLL	4623
1165940372632	1	INSTRUCTIONSCROLL	4626
1165940372649	1	INSTRUCTIONSCROLL	4629
1165940372665	1	INSTRUCTIONSCROLL	4633
1165940372682	1	INSTRUCTIONSCROLL	4636
1165940372699	1	INSTRUCTIONSCROLL	4639
1165940372715	1	INSTRUCTIONSCROLL	4643
1165940372732	1	INSTRUCTIONSCROLL	4646
1165940372749	1	INSTRUCTIONSCROLL	4650
1165940372765	1	INSTRUCTIONSCROLL	4653
1165940372781	1	INSTRUCTIONSCROLL	4656
1165940372798	1	INSTRUCTIONSCROLL	4659
1165940372814	1	INSTRUCTIONSCROLL	4663
1165940372831	1	INSTRUCTIONSCROLL	4666
1165940372848	1	INSTRUCTIONSCROLL	4669
1165940372864	1	INSTRUCTIONSCROLL	4673
1165940372881	1	INSTRUCTIONSCROLL	4676
1165940372898	1	INSTRUCTIONSCROLL	4679
1165940372914	1	INSTRUCTIONSCROLL	4683
1165940372931	1	INSTRUCTIONSCROLL	4686
1165940372948	1	INSTRUCTIONSCROLL	4689
1165940372964	1	INSTRUCTIONSCROLL	4693
1165940372981	1	INSTRUCTIONSCROLL	4696
1165940372998	1	INSTRUCTIONSCROLL	4699
1165940373015	1	INSTRUCTIONSCROLL	4703
1165940373032	1	INSTRUCTIONSCROLL	4706
1165940373049	1	INSTRUCTIONSCROLL	4710
1165940373065	1	INSTRUCTIONSCROLL	4713
1165940373082	1	INSTRUCTIONSCROLL	4716
1165940373099	1	INSTRUCTIONSCROLL	4719
1165940373115	1	INSTRUCTIONSCROLL	4723
1165940373132	1	INSTRUCTIONSCROLL	4726
1165940373149	1	INSTRUCTIONSCROLL	4730
1165940373165	1	INSTRUCTIONSCROLL	4733
1165940373182	1	INSTRUCTIONSCROLL	4736
1165940373199	1	INSTRUCTIONSCROLL	4740
1165940373215	1	INSTRUCTIONSCROLL	4743
1165940373232	1	INSTRUCTIONSCROLL	4746
1165940373249	1	INSTRUCTIONSCROLL	4749
1165940373265	1	INSTRUCTIONSCROLL	4753
1165940373282	1	INSTRUCTIONSCROLL	4756
1165940373299	1	INSTRUCTIONSCROLL	4760
1165940373315	1	INSTRUCTIONSCROLL	4763
1165940373332	1	INSTRUCTIONSCROLL	4766
1165940373349	1	INSTRUCTIONSCROLL	4770
1165940373365	1	INSTRUCTIONSCROLL	4773
1165940373382	1	INSTRUCTIONSCROLL	4776
1165940373399	1	INSTRUCTIONSCROLL	4779
1165940373415	1	INSTRUCTIONSCROLL	4783
1165940385728	1	INSTRUCTIONSCROLL	4784
1165940385745	1	INSTRUCTIONSCROLL	4787
1165940385761	1	INSTRUCTIONSCROLL	4790
1165940385777	1	INSTRUCTIONSCROLL	4794
1165940385794	1	INSTRUCTIONSCROLL	4797
1165940385810	1	INSTRUCTIONSCROLL	4800
1165940385827	1	INSTRUCTIONSCROLL	4803
1165940385844	1	INSTRUCTIONSCROLL	4807
1165940385860	1	INSTRUCTIONSCROLL	4810
1165940385877	1	INSTRUCTIONSCROLL	4813
1165940385894	1	INSTRUCTIONSCROLL	4817
1165940385910	1	INSTRUCTIONSCROLL	4820
1165940385927	1	INSTRUCTIONSCROLL	4823
1165940385943	1	INSTRUCTIONSCROLL	4827
1165940385960	1	INSTRUCTIONSCROLL	4830
1165940385977	1	INSTRUCTIONSCROLL	4833
1165940385993	1	INSTRUCTIONSCROLL	4837
1165940386011	1	INSTRUCTIONSCROLL	4840
1165940386028	1	INSTRUCTIONSCROLL	4843
1165940386044	1	INSTRUCTIONSCROLL	4847
1165940386061	1	INSTRUCTIONSCROLL	4850
1165940386078	1	INSTRUCTIONSCROLL	4854
1165940386094	1	INSTRUCTIONSCROLL	4857
1165940386111	1	INSTRUCTIONSCROLL	4860
1165940386128	1	INSTRUCTIONSCROLL	4863
1165940386144	1	INSTRUCTIONSCROLL	4867
1165940386161	1	INSTRUCTIONSCROLL	4870
1165940386178	1	INSTRUCTIONSCROLL	4873
1165940386194	1	INSTRUCTIONSCROLL	4877
1165940386211	1	INSTRUCTIONSCROLL	4880
1165940386228	1	INSTRUCTIONSCROLL	4884
1165940386244	1	INSTRUCTIONSCROLL	4887
1165940386261	1	INSTRUCTIONSCROLL	4890
1165940420000	1	INSTRUCTIONSCROLL	4891
1165940420017	1	INSTRUCTIONSCROLL	4895
1165940420034	1	INSTRUCTIONSCROLL	4898
1165940420050	1	INSTRUCTIONSCROLL	4901
1165940420067	1	INSTRUCTIONSCROLL	4905
1165940420083	1	INSTRUCTIONSCROLL	4908
1165940420100	1	INSTRUCTIONSCROLL	4911
1165940420117	1	INSTRUCTIONSCROLL	4915
1165940420133	1	INSTRUCTIONSCROLL	4918
1165940420150	1	INSTRUCTIONSCROLL	4921
1165940420167	1	INSTRUCTIONSCROLL	4925
1165940420183	1	INSTRUCTIONSCROLL	4928
1165940420200	1	INSTRUCTIONSCROLL	4931
1165940420217	1	INSTRUCTIONSCROLL	4935
1165940420234	1	INSTRUCTIONSCROLL	4938
1165940420250	1	INSTRUCTIONSCROLL	4941
1165940420267	1	INSTRUCTIONSCROLL	4945
1165940420284	1	INSTRUCTIONSCROLL	4948
1165940420300	1	INSTRUCTIONSCROLL	4951
1165940420317	1	INSTRUCTIONSCROLL	4955
1165940420333	1	INSTRUCTIONSCROLL	4958
1165940420350	1	INSTRUCTIONSCROLL	4961
1165940420367	1	INSTRUCTIONSCROLL	4965
1165940420384	1	INSTRUCTIONSCROLL	4968
1165940420400	1	INSTRUCTIONSCROLL	4972
1165940420417	1	INSTRUCTIONSCROLL	4975
1165940420433	1	INSTRUCTIONSCROLL	4978
1165940420450	1	INSTRUCTIONSCROLL	4981
1165940420467	1	INSTRUCTIONSCROLL	4985
1165940420483	1	INSTRUCTIONSCROLL	4988
1165940420500	1	INSTRUCTIONSCROLL	4991
1165940420517	1	INSTRUCTIONSCROLL	4995
1165940420533	1	INSTRUCTIONSCROLL	4998
1165940420550	1	INSTRUCTIONSCROLL	5001
1165940420567	1	INSTRUCTIONSCROLL	5005
1165940420583	1	INSTRUCTIONSCROLL	5008
1165940420600	1	INSTRUCTIONSCROLL	5011
1165940420617	1	INSTRUCTIONSCROLL	5015
1165940420633	1	INSTRUCTIONSCROLL	5018
1165940420650	1	INSTRUCTIONSCROLL	5021
1165940420667	1	INSTRUCTIONSCROLL	5025
1165940420683	1	INSTRUCTIONSCROLL	5028
1165940420700	1	INSTRUCTIONSCROLL	5031
1165940420717	1	INSTRUCTIONSCROLL	5035
1165940420733	1	INSTRUCTIONSCROLL	5038
1165940420750	1	INSTRUCTIONSCROLL	5041
1165940420767	1	INSTRUCTIONSCROLL	5045
1165940420782	1	INSTRUCTIONSCROLL	5048
1165940420799	1	INSTRUCTIONSCROLL	5051
1165940420816	1	INSTRUCTIONSCROLL	5054
1165940420832	1	INSTRUCTIONSCROLL	5058
1165940420849	1	INSTRUCTIONSCROLL	5061
1165940420866	1	INSTRUCTIONSCROLL	5065
1165940420882	1	INSTRUCTIONSCROLL	5068
1165940420899	1	INSTRUCTIONSCROLL	5071
1165940420916	1	INSTRUCTIONSCROLL	5075
1165940420932	1	INSTRUCTIONSCROLL	5078
1165940420949	1	INSTRUCTIONSCROLL	5081
1165940420966	1	INSTRUCTIONSCROLL	5084
1165940420982	1	INSTRUCTIONSCROLL	5088
1165940421000	1	INSTRUCTIONSCROLL	5091
1165940421017	1	INSTRUCTIONSCROLL	5095
1165940421033	1	INSTRUCTIONSCROLL	5098
1165940421050	1	INSTRUCTIONSCROLL	5101
1165940421067	1	INSTRUCTIONSCROLL	5105
1165940421083	1	INSTRUCTIONSCROLL	5107
1165940444742	1	INSTRUCTIONSTOP	Button set (OR)
1165940444743	0	E	Logging Ends
