1170694683425	0	B	Logging Begins
1170694683426	0	SESS_START	0
1170694751064	0	TRIAL	1
1170694757617	1	FACE	1271	PRES1_NNNN	Correct	LL1	PP1	Target_NNNN	5	0	PRACTICE
1170694761458	1	FACE	1271	CUE	Correct	LL1	PP1	Target_NNNN	5	0	PRACTICE
1170694762729	0	FACE	1271	RESP	Correct	LL1	PP1	Target_NNNN	5	0	PRACTICE
1170694762763	0	TRIAL	2
1170694766837	1	FACE	1151	PRES1_PNNP	Correct	LL1	PP1	Target_PNNP	5	0	PRACTICE
1170694770602	1	FACE	1151	CUE	Correct	LL1	PP1	Target_PNNP	5	0	PRACTICE
1170694771753	0	FACE	1151	RESP	Correct	LL1	PP1	Target_PNNP	5	0	PRACTICE
1170694771794	0	TRIAL	3
1170694775269	1	FACE	1875	PRES1_PPPN	Correct	LL1	PP0	Lure_PPPP	2	0	PRACTICE
1170694779167	1	FACE	1875	CUE	Correct	LL1	PP0	Lure_PPPP	2	0	PRACTICE
1170694781042	0	FACE	1875	RESP	Correct	LL1	PP0	Lure_PPPP	2	0	PRACTICE
1170694781074	0	TRIAL	4
1170694785940	1	FACE	1432	PRES1_NPPP	Correct	LL1	PP0	Lure_NPNN	1	0	PRACTICE
1170694789784	1	FACE	1432	CUE	Correct	LL1	PP0	Lure_NPNN	1	0	PRACTICE
1170694791216	0	FACE	1432	RESP	Correct	LL1	PP0	Lure_NPNN	1	0	PRACTICE
1170694791254	0	TRIAL	5
1170694794626	1	FACE	1625	PRES1_PNPN	Correct	LL1	PP0	Lure_PPNP	2	0	PRACTICE
1170694798448	1	FACE	1625	CUE	Correct	LL1	PP0	Lure_PPNP	2	0	PRACTICE
1170694800073	0	FACE	1625	RESP	Correct	LL1	PP0	Lure_PPNP	2	0	PRACTICE
1170694800102	0	TRIAL	6
1170694803158	1	FACE	1431	PRES1_PPNP	Correct	LL1	PP1	Target_PPNP	5	0	PRACTICE
1170694807200	1	FACE	1431	CUE	Correct	LL1	PP1	Target_PPNP	5	0	PRACTICE
1170694808631	1	FACE	1431	RESP	Correct	LL1	PP1	Target_PPNP	5	0	PRACTICE
1170694808665	0	TRIAL	7
1170694813153	1	FACE	1518	PRES1_PNNP	Incorrect	LL1	PP0	Lure_NPNP	5	0	PRACTICE
1170694817121	1	FACE	1518	CUE	Incorrect	LL1	PP0	Lure_NPNP	5	0	PRACTICE
1170694818639	0	FACE	1518	RESP	Incorrect	LL1	PP0	Lure_NPNP	5	0	PRACTICE
1170694818678	0	TRIAL	8
1170694821604	1	FACE	1044	PRES1_NNNP	Correct	LL1	PP0	Lure_PPNN	1	0	PRACTICE
1170694825403	1	FACE	1044	CUE	Correct	LL1	PP0	Lure_PPNN	1	0	PRACTICE
1170694826447	0	FACE	1044	RESP	Correct	LL1	PP0	Lure_PPNN	1	0	PRACTICE
1170694826475	0	TRIAL	9
1170694829383	1	FACE	1150	PRES1_PNPP	Correct	LL1	PP0	Lure_PNPN	2	0	PRACTICE
1170694833153	1	FACE	1150	CUE	Correct	LL1	PP0	Lure_PNPN	2	0	PRACTICE
1170694834303	0	FACE	1150	RESP	Correct	LL1	PP0	Lure_PNPN	2	0	PRACTICE
1170694834340	0	TRIAL	10
1170694837420	1	FACE	1056	PRES1_PNNN	Incorrect	LL1	PP0	Lure_NNPN	6	0	PRACTICE
1170694841278	1	FACE	1056	CUE	Incorrect	LL1	PP0	Lure_NNPN	6	0	PRACTICE
1170694842334	1	FACE	1056	RESP	Incorrect	LL1	PP0	Lure_NNPN	6	0	PRACTICE
1170694842370	0	TRIAL	11
1170694845215	1	FACE	1035	PRES1_NNPN	Correct	LL1	PP1	Target_NNPN	6	0	PRACTICE
1170694849219	1	FACE	1035	CUE	Correct	LL1	PP1	Target_NNPN	6	0	PRACTICE
1170694850254	0	FACE	1035	RESP	Correct	LL1	PP1	Target_NNPN	6	0	PRACTICE
1170694850284	0	TRIAL	12
1170694853211	1	FACE	928	PRES1_NPPP	Incorrect	LL1	PP1	Target_NPPP	1	0	PRACTICE
1170694857079	1	FACE	928	CUE	Incorrect	LL1	PP1	Target_NPPP	1	0	PRACTICE
1170694858007	0	FACE	928	RESP	Incorrect	LL1	PP1	Target_NPPP	1	0	PRACTICE
1170694858034	0	TRIAL	13
1170694861310	1	FACE	1648	PRES1_PPPP	Correct	LL1	PP0	Lure_PNNP	1	0	PRACTICE
1170694865246	1	FACE	1648	CUE	Correct	LL1	PP0	Lure_PNNP	1	0	PRACTICE
1170694866894	0	FACE	1648	RESP	Correct	LL1	PP0	Lure_PNNP	1	0	PRACTICE
1170694866929	0	TRIAL	14
1170694869838	1	FACE	1886	PRES1_NPNP	Correct	LL1	PP1	Target_NPNP	5	0	PRACTICE
1170694873631	1	FACE	1886	CUE	Correct	LL1	PP1	Target_NPNP	5	0	PRACTICE
1170694875517	0	FACE	1886	RESP	Correct	LL1	PP1	Target_NPNP	5	0	PRACTICE
1170694875544	0	TRIAL	15
1170694878626	1	FACE	1627	PRES1_NNPP	Incorrect	LL1	PP0	Lure_PNPP	5	0	PRACTICE
1170694882650	1	FACE	1627	CUE	Incorrect	LL1	PP0	Lure_PNPP	5	0	PRACTICE
1170694884277	0	FACE	1627	RESP	Incorrect	LL1	PP0	Lure_PNPP	5	0	PRACTICE
1170694884306	0	TRIAL	16
1170694887131	1	FACE	956	PRES1_NPPN	Correct	LL1	PP1	Target_NPPN	5	0	PRACTICE
1170694891082	1	FACE	956	CUE	Correct	LL1	PP1	Target_NPPN	5	0	PRACTICE
1170694892038	0	FACE	956	RESP	Correct	LL1	PP1	Target_NPPN	5	0	PRACTICE
1170694892073	0	TRIAL	17
1170694895061	1	FACE	1545	PRES1_PPPP	Correct	LL1	PP1	Target_PPPP	5	0	PRACTICE
1170694899019	1	FACE	1545	CUE	Correct	LL1	PP1	Target_PPPP	5	0	PRACTICE
1170694900564	0	FACE	1545	RESP	Correct	LL1	PP1	Target_PPPP	5	0	PRACTICE
1170694900601	0	TRIAL	18
1170694904034	1	FACE	1102	PRES1_PPPN	Correct	LL1	PP1	Target_PPPN	5	0	PRACTICE
1170694908007	1	FACE	1102	CUE	Correct	LL1	PP1	Target_PPPN	5	0	PRACTICE
1170694909109	0	FACE	1102	RESP	Correct	LL1	PP1	Target_PPPN	5	0	PRACTICE
1170694909133	0	TRIAL	19
1170694912565	1	FACE	1395	PRES1_PNNN	Correct	LL1	PP1	Target_PNNN	6	0	PRACTICE
1170694916553	1	FACE	1395	CUE	Correct	LL1	PP1	Target_PNNN	6	0	PRACTICE
1170694917948	0	FACE	1395	RESP	Correct	LL1	PP1	Target_PNNN	6	0	PRACTICE
1170694917981	0	TRIAL	20
1170694920935	1	FACE	1387	PRES1_NNNN	Correct	LL1	PP0	Lure_NNPP	1	0	PRACTICE
1170694924945	1	FACE	1387	CUE	Correct	LL1	PP0	Lure_NNPP	1	0	PRACTICE
1170694926332	0	FACE	1387	RESP	Correct	LL1	PP0	Lure_NNPP	1	0	PRACTICE
1170694926361	0	TRIAL	21
1170694929296	1	FACE	1525	PRES1_PPNP	Incorrect	LL1	PP0	Lure_NPPN	4	0	PRACTICE
1170694933174	1	FACE	1525	CUE	Incorrect	LL1	PP0	Lure_NPPN	4	0	PRACTICE
1170694934699	0	FACE	1525	RESP	Incorrect	LL1	PP0	Lure_NPPN	4	0	PRACTICE
1170694934724	0	TRIAL	22
1170694937694	1	FACE	939	PRES1_NPNN	Correct	LL1	PP0	Lure_NNNP	1	0	PRACTICE
1170694941584	1	FACE	939	CUE	Correct	LL1	PP0	Lure_NNNP	1	0	PRACTICE
1170694942523	0	FACE	939	RESP	Correct	LL1	PP0	Lure_NNNP	1	0	PRACTICE
1170694942555	0	TRIAL	23
1170694945930	1	FACE	1732	PRES1_NPNP	Correct	LL1	PP0	Lure_PPPN	2	0	PRACTICE
1170694949839	1	FACE	1732	CUE	Correct	LL1	PP0	Lure_PPPN	2	0	PRACTICE
1170694951571	0	FACE	1732	RESP	Correct	LL1	PP0	Lure_PPPN	2	0	PRACTICE
1170694951602	0	TRIAL	24
1170694954478	1	FACE	1151	PRES1_PNPP	Correct	LL1	PP1	Target_PNPP	5	0	PRACTICE
1170694958467	1	FACE	1151	CUE	Correct	LL1	PP1	Target_PNPP	5	0	PRACTICE
1170694959618	0	FACE	1151	RESP	Correct	LL1	PP1	Target_PNPP	5	0	PRACTICE
1170694959651	0	TRIAL	25
1170694962844	1	FACE	938	PRES1_NNPN	Incorrect	LL1	PP0	Lure_NNNN	6	0	PRACTICE
1170694966680	1	FACE	938	CUE	Incorrect	LL1	PP0	Lure_NNNN	6	0	PRACTICE
1170694967618	0	FACE	938	RESP	Incorrect	LL1	PP0	Lure_NNNN	6	0	PRACTICE
1170694967646	0	TRIAL	26
1170694970466	1	FACE	945	PRES1_NNPP	Correct	LL1	PP1	Target_NNPP	5	0	PRACTICE
1170694974417	1	FACE	945	CUE	Correct	LL1	PP1	Target_NNPP	5	0	PRACTICE
1170694975362	0	FACE	945	RESP	Correct	LL1	PP1	Target_NNPP	5	0	PRACTICE
1170694975394	0	TRIAL	27
1170694978424	1	FACE	846	PRES1_PPNN	Correct	LL1	PP1	Target_PPNN	6	0	PRACTICE
1170694982165	1	FACE	846	CUE	Correct	LL1	PP1	Target_PPNN	6	0	PRACTICE
1170694983011	0	FACE	846	RESP	Correct	LL1	PP1	Target_PPNN	6	0	PRACTICE
1170694983044	0	TRIAL	28
1170694985994	1	FACE	1097	PRES1_NPNN	Correct	LL1	PP1	Target_NPNN	6	0	PRACTICE
1170694989921	1	FACE	1097	CUE	Correct	LL1	PP1	Target_NPNN	6	0	PRACTICE
1170694991018	0	FACE	1097	RESP	Correct	LL1	PP1	Target_NPNN	6	0	PRACTICE
1170694991058	0	TRIAL	29
1170694993899	1	FACE	884	PRES1_PNPN	Correct	LL1	PP1	Target_PNPN	6	0	PRACTICE
1170694997821	1	FACE	884	CUE	Correct	LL1	PP1	Target_PNPN	6	0	PRACTICE
1170694998705	0	FACE	884	RESP	Correct	LL1	PP1	Target_PNPN	6	0	PRACTICE
1170694998739	0	TRIAL	30
1170695001696	1	FACE	1381	PRES1_NNNP	Correct	LL1	PP1	Target_NNNP	5	0	PRACTICE
1170695005556	1	FACE	1381	CUE	Correct	LL1	PP1	Target_NNNP	5	0	PRACTICE
1170695006937	0	FACE	1381	RESP	Correct	LL1	PP1	Target_NNNP	5	0	PRACTICE
1170695006967	0	TRIAL	31
1170695009750	1	FACE	1076	PRES1_NPPN	Correct	LL1	PP0	Lure_NPPP	1	0	PRACTICE
1170695013781	1	FACE	1076	CUE	Correct	LL1	PP0	Lure_NPPP	1	0	PRACTICE
1170695014857	0	FACE	1076	RESP	Correct	LL1	PP0	Lure_NPPP	1	0	PRACTICE
1170695014881	0	TRIAL	32
1170695017933	1	FACE	1370	PRES1_PPNN	Incorrect	LL1	PP0	Lure_PNNN	5	0	PRACTICE
1170695021687	1	FACE	1370	CUE	Incorrect	LL1	PP0	Lure_PNNN	5	0	PRACTICE
1170695023057	0	FACE	1370	RESP	Incorrect	LL1	PP0	Lure_PNNN	5	0	PRACTICE
1170695031641	0	TRIAL	1
1170695034691	1	FACE	981	PRES1_PNPP	Correct	LL1	PP0	Lure_NPNN	1	0	PRACTICE
1170695038539	1	FACE	981	CUE	Correct	LL1	PP0	Lure_NPNN	1	0	PRACTICE
1170695039520	0	FACE	981	RESP	Correct	LL1	PP0	Lure_NPNN	1	0	PRACTICE
1170695039557	0	TRIAL	2
1170695042489	1	FACE	1063	PRES1_NNPP	Correct	LL1	PP1	Target_NNPP	5	0	PRACTICE
1170695046568	1	FACE	1063	CUE	Correct	LL1	PP1	Target_NNPP	5	0	PRACTICE
1170695047631	0	FACE	1063	RESP	Correct	LL1	PP1	Target_NNPP	5	0	PRACTICE
1170695047671	0	TRIAL	3
1170695050459	1	FACE	1007	PRES1_PPPN	Correct	LL1	PP1	Target_PPPN	5	0	PRACTICE
1170695054304	1	FACE	1007	CUE	Correct	LL1	PP1	Target_PPPN	5	0	PRACTICE
1170695055311	0	FACE	1007	RESP	Correct	LL1	PP1	Target_PPPN	5	0	PRACTICE
1170695055336	0	TRIAL	4
1170695058086	1	FACE	896	PRES1_NNNN	Correct	LL1	PP0	Lure_NPPP	1	0	PRACTICE
1170695061999	1	FACE	896	CUE	Correct	LL1	PP0	Lure_NPPP	1	0	PRACTICE
1170695062895	0	FACE	896	RESP	Correct	LL1	PP0	Lure_NPPP	1	0	PRACTICE
1170695062932	0	TRIAL	5
1170695065835	1	FACE	1135	PRES1_PNPN	Correct	LL1	PP0	Lure_NPNP	1	0	PRACTICE
1170695069583	1	FACE	1135	CUE	Correct	LL1	PP0	Lure_NPNP	1	0	PRACTICE
1170695070718	1	FACE	1135	RESP	Correct	LL1	PP0	Lure_NPNP	1	0	PRACTICE
1170695070747	0	TRIAL	6
1170695073530	1	FACE	1136	PRES1_PPNN	Correct	LL1	PP1	Target_PPNN	6	0	PRACTICE
1170695077334	1	FACE	1136	CUE	Correct	LL1	PP1	Target_PPNN	6	0	PRACTICE
1170695078470	0	FACE	1136	RESP	Correct	LL1	PP1	Target_PPNN	6	0	PRACTICE
1170695078494	0	TRIAL	7
1170695081308	1	FACE	1428	PRES1_NPPP	Correct	LL1	PP1	Target_NPPP	6	0	PRACTICE
1170695085090	1	FACE	1428	CUE	Correct	LL1	PP1	Target_NPPP	6	0	PRACTICE
1170695086518	0	FACE	1428	RESP	Correct	LL1	PP1	Target_NPPP	6	0	PRACTICE
1170695086542	0	TRIAL	8
1170695089308	1	FACE	936	PRES1_NNPP	Correct	LL1	PP0	Lure_PPNP	1	0	PRACTICE
1170695093095	1	FACE	936	CUE	Correct	LL1	PP0	Lure_PPNP	1	0	PRACTICE
1170695094031	0	FACE	936	RESP	Correct	LL1	PP0	Lure_PPNP	1	0	PRACTICE
1170695094057	0	TRIAL	9
1170695096918	1	FACE	1066	PRES1_NPPN	Correct	LL1	PP0	Lure_PNNP	1	0	PRACTICE
1170695100723	1	FACE	1066	CUE	Correct	LL1	PP0	Lure_PNNP	1	0	PRACTICE
1170695101789	0	FACE	1066	RESP	Correct	LL1	PP0	Lure_PNNP	1	0	PRACTICE
1170695101821	0	TRIAL	10
1170695104635	1	FACE	912	PRES1_PPNP	Correct	LL1	PP1	Target_PPNP	6	0	PRACTICE
1170695108693	1	FACE	912	CUE	Correct	LL1	PP1	Target_PPNP	6	0	PRACTICE
1170695109605	0	FACE	912	RESP	Correct	LL1	PP1	Target_PPNP	6	0	PRACTICE
1170695109634	0	TRIAL	11
1170695112424	1	FACE	709	PRES1_PNPP	Correct	LL1	PP1	Target_PNPP	6	0	PRACTICE
1170695116329	1	FACE	709	CUE	Correct	LL1	PP1	Target_PNPP	6	0	PRACTICE
1170695117038	0	FACE	709	RESP	Correct	LL1	PP1	Target_PNPP	6	0	PRACTICE
1170695117067	0	TRIAL	12
1170695119932	1	FACE	635	PRES1_NPNN	Correct	LL1	PP1	Target_NPNN	6	0	PRACTICE
1170695123706	1	FACE	635	CUE	Correct	LL1	PP1	Target_NPNN	6	0	PRACTICE
1170695124341	0	FACE	635	RESP	Correct	LL1	PP1	Target_NPNN	6	0	PRACTICE
1170695124379	0	TRIAL	13
1170695127188	1	FACE	725	PRES1_PNNN	Correct	LL1	PP1	Target_PNNN	6	0	PRACTICE
1170695131095	1	FACE	725	CUE	Correct	LL1	PP1	Target_PNNN	6	0	PRACTICE
1170695131820	0	FACE	725	RESP	Correct	LL1	PP1	Target_PNNN	6	0	PRACTICE
1170695131861	0	TRIAL	14
1170695134648	1	FACE	751	PRES1_NPNP	Correct	LL1	PP0	Lure_NNPN	1	0	PRACTICE
1170695138461	1	FACE	751	CUE	Correct	LL1	PP0	Lure_NNPN	1	0	PRACTICE
1170695139212	0	FACE	751	RESP	Correct	LL1	PP0	Lure_NNPN	1	0	PRACTICE
1170695139242	0	TRIAL	15
1170695142257	1	FACE	989	PRES1_PPPP	Correct	LL1	PP1	Target_PPPP	6	0	PRACTICE
1170695146080	1	FACE	989	CUE	Correct	LL1	PP1	Target_PPPP	6	0	PRACTICE
1170695147069	0	FACE	989	RESP	Correct	LL1	PP1	Target_PPPP	6	0	PRACTICE
1170695147317	0	TRIAL	16
1170695149929	1	FACE	791	PRES1_NPPN	Correct	LL1	PP1	Target_NPPN	6	0	PRACTICE
1170695153837	1	FACE	791	CUE	Correct	LL1	PP1	Target_NPPN	6	0	PRACTICE
1170695154628	0	FACE	791	RESP	Correct	LL1	PP1	Target_NPPN	6	0	PRACTICE
1170695154654	0	TRIAL	17
1170695157553	1	FACE	1610	PRES1_NNPN	Incorrect	LL1	PP0	Lure_PNNN	5	0	PRACTICE
1170695161297	1	FACE	1610	CUE	Incorrect	LL1	PP0	Lure_PNNN	5	0	PRACTICE
1170695162907	0	FACE	1610	RESP	Incorrect	LL1	PP0	Lure_PNNN	5	0	PRACTICE
1170695162935	0	TRIAL	18
1170695165728	1	FACE	938	PRES1_NPNN	Correct	LL1	PP0	Lure_NNNP	1	0	PRACTICE
1170695169633	1	FACE	938	CUE	Correct	LL1	PP0	Lure_NNNP	1	0	PRACTICE
1170695170571	0	FACE	938	RESP	Correct	LL1	PP0	Lure_NNNP	1	0	PRACTICE
1170695170598	0	TRIAL	19
1170695173423	1	FACE	835	PRES1_PNPN	Correct	LL1	PP1	Target_PNPN	6	0	PRACTICE
1170695177193	1	FACE	835	CUE	Correct	LL1	PP1	Target_PNPN	6	0	PRACTICE
1170695178028	0	FACE	835	RESP	Correct	LL1	PP1	Target_PNPN	6	0	PRACTICE
1170695178065	0	TRIAL	20
1170695180833	1	FACE	837	PRES1_NNNP	Correct	LL1	PP0	Lure_NPPN	1	0	PRACTICE
1170695184661	1	FACE	837	CUE	Correct	LL1	PP0	Lure_NPPN	1	0	PRACTICE
1170695185498	0	FACE	837	RESP	Correct	LL1	PP0	Lure_NPPN	1	0	PRACTICE
1170695185526	0	TRIAL	21
1170695188339	1	FACE	1625	PRES1_PPPN	Correct	LL1	PP0	Lure_NNNN	2	0	PRACTICE
1170695192193	1	FACE	1625	CUE	Correct	LL1	PP0	Lure_NNNN	2	0	PRACTICE
1170695193818	0	FACE	1625	RESP	Correct	LL1	PP0	Lure_NNNN	2	0	PRACTICE
1170695193857	0	TRIAL	22
1170695196558	1	FACE	1597	PRES1_PNNN	Correct	LL1	PP0	Lure_PPNN	2	0	PRACTICE
1170695200478	1	FACE	1597	CUE	Correct	LL1	PP0	Lure_PPNN	2	0	PRACTICE
1170695202075	0	FACE	1597	RESP	Correct	LL1	PP0	Lure_PPNN	2	0	PRACTICE
1170695202105	0	TRIAL	23
1170695204857	1	FACE	1496	PRES1_PPNP	Correct	LL1	PP0	Lure_NNPP	1	0	PRACTICE
1170695208635	1	FACE	1496	CUE	Correct	LL1	PP0	Lure_NNPP	1	0	PRACTICE
1170695210131	0	FACE	1496	RESP	Correct	LL1	PP0	Lure_NNPP	1	0	PRACTICE
1170695210169	0	TRIAL	24
1170695212969	1	FACE	905	PRES1_NNPN	Correct	LL1	PP1	Target_NNPN	6	0	PRACTICE
1170695216992	1	FACE	905	CUE	Correct	LL1	PP1	Target_NNPN	6	0	PRACTICE
1170695217897	0	FACE	905	RESP	Correct	LL1	PP1	Target_NNPN	6	0	PRACTICE
1170695217934	0	TRIAL	25
1170695220756	1	FACE	1235	PRES1_PNNP	Correct	LL1	PP0	Lure_PNPN	2	0	PRACTICE
1170695224694	1	FACE	1235	CUE	Correct	LL1	PP0	Lure_PNPN	2	0	PRACTICE
1170695225929	0	FACE	1235	RESP	Correct	LL1	PP0	Lure_PNPN	2	0	PRACTICE
1170695225964	0	TRIAL	26
1170695228737	1	FACE	1104	PRES1_PPNN	Correct	LL1	PP0	Lure_PPPP	1	0	PRACTICE
1170695232689	1	FACE	1104	CUE	Correct	LL1	PP0	Lure_PPPP	1	0	PRACTICE
1170695233793	0	FACE	1104	RESP	Correct	LL1	PP0	Lure_PPPP	1	0	PRACTICE
1170695233827	0	TRIAL	27
1170695236706	1	FACE	1113	PRES1_NPPP	Correct	LL1	PP0	Lure_PNPP	2	0	PRACTICE
1170695240535	1	FACE	1113	CUE	Correct	LL1	PP0	Lure_PNPP	2	0	PRACTICE
1170695241648	1	FACE	1113	RESP	Correct	LL1	PP0	Lure_PNPP	2	0	PRACTICE
1170695241676	0	TRIAL	28
1170695244400	1	FACE	928	PRES1_NPNP	Correct	LL1	PP1	Target_NPNP	5	0	PRACTICE
1170695248328	1	FACE	928	CUE	Correct	LL1	PP1	Target_NPNP	5	0	PRACTICE
1170695249256	0	FACE	928	RESP	Correct	LL1	PP1	Target_NPNP	5	0	PRACTICE
1170695249290	0	TRIAL	29
1170695252063	1	FACE	809	PRES1_NNNP	Correct	LL1	PP1	Target_NNNP	6	0	PRACTICE
1170695256087	1	FACE	809	CUE	Correct	LL1	PP1	Target_NNNP	6	0	PRACTICE
1170695256896	0	FACE	809	RESP	Correct	LL1	PP1	Target_NNNP	6	0	PRACTICE
1170695256925	0	TRIAL	30
1170695259682	1	FACE	939	PRES1_PNNP	Correct	LL1	PP1	Target_PNNP	5	0	PRACTICE
1170695263621	1	FACE	939	CUE	Correct	LL1	PP1	Target_PNNP	5	0	PRACTICE
1170695264560	0	FACE	939	RESP	Correct	LL1	PP1	Target_PNNP	5	0	PRACTICE
1170695264584	0	TRIAL	31
1170695267381	1	FACE	1131	PRES1_NNNN	Correct	LL1	PP1	Target_NNNN	5	0	PRACTICE
1170695271276	1	FACE	1131	CUE	Correct	LL1	PP1	Target_NNNN	5	0	PRACTICE
1170695272407	0	FACE	1131	RESP	Correct	LL1	PP1	Target_NNNN	5	0	PRACTICE
1170695272432	0	TRIAL	32
1170695275205	1	FACE	1285	PRES1_PPPP	Correct	LL1	PP0	Lure_PPPN	2	0	PRACTICE
1170695279266	1	FACE	1285	CUE	Correct	LL1	PP0	Lure_PPPN	2	0	PRACTICE
1170695280551	0	FACE	1285	RESP	Correct	LL1	PP0	Lure_PPPN	2	0	PRACTICE
1170695292775	0	SESS_END	1
1170695292780	0	E	Logging Ends
