1157737104807	0	B	Logging Begins
1157737104807	0	INSTRUCTIONSTART	JointRoller	/Library/Frameworks/Python.framework/Versions/2.4/lib/python2.4/site-packages/pyepl/resources/vera.ttf	64	(1.000000, 1.000000, 1.000000, 1.000000)	"In the following experiment, your memory for associating names with faces will be tested.  The experiment will be divided into two halves, with each half testing you on a completely different set of names and faces.  After the first half, there will be a short break.\n\nThe procedure will be the same for each half.  Eight faces will be presented on the screen, consecutively, accompanied by their names.  A woman's voice will also speak the name when the face appears on the screen.  After five seconds, the face will disappear from the screen, a star (*) will flash on the screen for one second, and then the next face and name will appear.\n\nAfter you have seen all eight faces and names, you will be prompted to press any key in order to move on to a testing period.  During each trial of the testing period, you will see a face with a question mark (?) underneath it.  You will have to try and recall the name that goes with the face, and speak it out loud.  After five seconds the face will disappear from the screen, a star will flash on the screen for one second, and then the next face will appear with a question mark underneath it.\n\nFor each half, there will be ten study periods and ten test periods, alternating.  Each face will have the same name over the entire course of the half, so your task is to try and learn the faces' names as quickly and accurately as possible, and to be able to recall them as quickly and accurately as possible.\n\nDuring the test phase, do not worry if you make a mistake and recall the wrong name accidentally.  There is no penalty.  Also, if you are in the middle of recalling a name and the experiment moves on to the next face, do not stop yourself; continue speaking the name.  However, once the next face appears on the screen, you should give up trying to recall the last face and concentrate on the new one.\n\nDo you have any questions?\n\nPress <ENTER> to continue."
1157737104871	1	INSTRUCTIONSCROLL	0
1157737118551	1	INSTRUCTIONSCROLL	1
1157737118567	1	INSTRUCTIONSCROLL	3
1157737118584	1	INSTRUCTIONSCROLL	6
1157737118601	1	INSTRUCTIONSCROLL	10
1157737118617	1	INSTRUCTIONSCROLL	13
1157737118634	1	INSTRUCTIONSCROLL	16
1157737118651	1	INSTRUCTIONSCROLL	20
1157737118668	1	INSTRUCTIONSCROLL	23
1157737118684	1	INSTRUCTIONSCROLL	26
1157737118905	1	INSTRUCTIONSCROLL	27
1157737118916	1	INSTRUCTIONSCROLL	28
1157737118933	1	INSTRUCTIONSCROLL	30
1157737118950	1	INSTRUCTIONSCROLL	33
1157737118966	1	INSTRUCTIONSCROLL	36
1157737118983	1	INSTRUCTIONSCROLL	40
1157737119001	1	INSTRUCTIONSCROLL	43
1157737119134	1	INSTRUCTIONSCROLL	44
1157737119151	1	INSTRUCTIONSCROLL	46
1157737119167	1	INSTRUCTIONSCROLL	49
1157737119184	1	INSTRUCTIONSCROLL	53
1157737119201	1	INSTRUCTIONSCROLL	56
1157737119334	1	INSTRUCTIONSCROLL	57
1157737119351	1	INSTRUCTIONSCROLL	58
1157737119367	1	INSTRUCTIONSCROLL	61
1157737119384	1	INSTRUCTIONSCROLL	64
1157737119401	1	INSTRUCTIONSCROLL	68
1157737119417	1	INSTRUCTIONSCROLL	71
1157737119434	1	INSTRUCTIONSCROLL	74
1157737119534	1	INSTRUCTIONSCROLL	75
1157737119550	1	INSTRUCTIONSCROLL	76
1157737119567	1	INSTRUCTIONSCROLL	79
1157737119584	1	INSTRUCTIONSCROLL	83
1157737119600	1	INSTRUCTIONSCROLL	86
1157737119617	1	INSTRUCTIONSCROLL	89
1157737119634	1	INSTRUCTIONSCROLL	93
1157737119650	1	INSTRUCTIONSCROLL	96
1157737119667	1	INSTRUCTIONSCROLL	99
1157737119684	1	INSTRUCTIONSCROLL	105
1157737119701	1	INSTRUCTIONSCROLL	106
1157737119717	1	INSTRUCTIONSCROLL	109
1157737119734	1	INSTRUCTIONSCROLL	113
1157737119750	1	INSTRUCTIONSCROLL	116
1157737119767	1	INSTRUCTIONSCROLL	119
1157737119784	1	INSTRUCTIONSCROLL	123
1157737119800	1	INSTRUCTIONSCROLL	126
1157737119816	1	INSTRUCTIONSCROLL	129
1157737119833	1	INSTRUCTIONSCROLL	132
1157737119849	1	INSTRUCTIONSCROLL	136
1157737119866	1	INSTRUCTIONSCROLL	139
1157737119883	1	INSTRUCTIONSCROLL	142
1157737119899	1	INSTRUCTIONSCROLL	146
1157737119916	1	INSTRUCTIONSCROLL	149
1157737119933	1	INSTRUCTIONSCROLL	152
1157737119949	1	INSTRUCTIONSCROLL	156
1157737119966	1	INSTRUCTIONSCROLL	159
1157737119983	1	INSTRUCTIONSCROLL	162
1157737120000	1	INSTRUCTIONSCROLL	166
1157737120017	1	INSTRUCTIONSCROLL	169
1157737120034	1	INSTRUCTIONSCROLL	173
1157737120050	1	INSTRUCTIONSCROLL	176
1157737120067	1	INSTRUCTIONSCROLL	179
1157737120084	1	INSTRUCTIONSCROLL	183
1157737120100	1	INSTRUCTIONSCROLL	186
1157737120117	1	INSTRUCTIONSCROLL	189
1157737120134	1	INSTRUCTIONSCROLL	193
1157737120150	1	INSTRUCTIONSCROLL	196
1157737120167	1	INSTRUCTIONSCROLL	199
1157737120184	1	INSTRUCTIONSCROLL	203
1157737120200	1	INSTRUCTIONSCROLL	206
1157737120217	1	INSTRUCTIONSCROLL	209
1157737120234	1	INSTRUCTIONSCROLL	213
1157737120250	1	INSTRUCTIONSCROLL	216
1157737120267	1	INSTRUCTIONSCROLL	219
1157737120284	1	INSTRUCTIONSCROLL	223
1157737120300	1	INSTRUCTIONSCROLL	226
1157737120317	1	INSTRUCTIONSCROLL	229
1157737120334	1	INSTRUCTIONSCROLL	233
1157737120350	1	INSTRUCTIONSCROLL	236
1157737120367	1	INSTRUCTIONSCROLL	239
1157737120384	1	INSTRUCTIONSCROLL	243
1157737120400	1	INSTRUCTIONSCROLL	246
1157737120417	1	INSTRUCTIONSCROLL	249
1157737120434	1	INSTRUCTIONSCROLL	253
1157737120450	1	INSTRUCTIONSCROLL	256
1157737120467	1	INSTRUCTIONSCROLL	259
1157737120484	1	INSTRUCTIONSCROLL	263
1157737120500	1	INSTRUCTIONSCROLL	266
1157737120517	1	INSTRUCTIONSCROLL	269
1157737120534	1	INSTRUCTIONSCROLL	273
1157737120550	1	INSTRUCTIONSCROLL	276
1157737120567	1	INSTRUCTIONSCROLL	279
1157737120584	1	INSTRUCTIONSCROLL	283
1157737120600	1	INSTRUCTIONSCROLL	286
1157737120617	1	INSTRUCTIONSCROLL	289
1157737120634	1	INSTRUCTIONSCROLL	292
1157737120650	1	INSTRUCTIONSCROLL	296
1157737120667	1	INSTRUCTIONSCROLL	299
1157737120684	1	INSTRUCTIONSCROLL	303
1157737120701	1	INSTRUCTIONSCROLL	308
1157737120717	1	INSTRUCTIONSCROLL	309
1157737120734	1	INSTRUCTIONSCROLL	313
1157737120750	1	INSTRUCTIONSCROLL	316
1157737120767	1	INSTRUCTIONSCROLL	319
1157737120784	1	INSTRUCTIONSCROLL	322
1157737120800	1	INSTRUCTIONSCROLL	326
1157737120816	1	INSTRUCTIONSCROLL	329
1157737120832	1	INSTRUCTIONSCROLL	332
1157737120849	1	INSTRUCTIONSCROLL	336
1157737120866	1	INSTRUCTIONSCROLL	339
1157737120882	1	INSTRUCTIONSCROLL	342
1157737120899	1	INSTRUCTIONSCROLL	346
1157737120916	1	INSTRUCTIONSCROLL	349
1157737120932	1	INSTRUCTIONSCROLL	352
1157737120949	1	INSTRUCTIONSCROLL	356
1157737120966	1	INSTRUCTIONSCROLL	359
1157737120982	1	INSTRUCTIONSCROLL	362
1157737121000	1	INSTRUCTIONSCROLL	366
1157737121017	1	INSTRUCTIONSCROLL	369
1157737121033	1	INSTRUCTIONSCROLL	373
1157737121050	1	INSTRUCTIONSCROLL	376
1157737121067	1	INSTRUCTIONSCROLL	379
1157737121083	1	INSTRUCTIONSCROLL	382
1157737121100	1	INSTRUCTIONSCROLL	386
1157737121117	1	INSTRUCTIONSCROLL	389
1157737121133	1	INSTRUCTIONSCROLL	393
1157737121150	1	INSTRUCTIONSCROLL	396
1157737121167	1	INSTRUCTIONSCROLL	399
1157737121183	1	INSTRUCTIONSCROLL	402
1157737121200	1	INSTRUCTIONSCROLL	406
1157737121217	1	INSTRUCTIONSCROLL	409
1157737121233	1	INSTRUCTIONSCROLL	412
1157737121250	1	INSTRUCTIONSCROLL	416
1157737121267	1	INSTRUCTIONSCROLL	419
1157737121283	1	INSTRUCTIONSCROLL	423
1157737121300	1	INSTRUCTIONSCROLL	426
1157737121317	1	INSTRUCTIONSCROLL	429
1157737121333	1	INSTRUCTIONSCROLL	432
1157737121350	1	INSTRUCTIONSCROLL	436
1157737121367	1	INSTRUCTIONSCROLL	439
1157737121383	1	INSTRUCTIONSCROLL	442
1157737121400	1	INSTRUCTIONSCROLL	446
1157737121417	1	INSTRUCTIONSCROLL	449
1157737121433	1	INSTRUCTIONSCROLL	453
1157737121450	1	INSTRUCTIONSCROLL	456
1157737121467	1	INSTRUCTIONSCROLL	459
1157737121483	1	INSTRUCTIONSCROLL	462
1157737121500	1	INSTRUCTIONSCROLL	466
1157737121517	1	INSTRUCTIONSCROLL	469
1157737121540	1	INSTRUCTIONSCROLL	475
1157737121550	1	INSTRUCTIONSCROLL	477
1157737121567	1	INSTRUCTIONSCROLL	479
1157737121583	1	INSTRUCTIONSCROLL	483
1157737121600	1	INSTRUCTIONSCROLL	486
1157737121617	1	INSTRUCTIONSCROLL	489
1157737121633	1	INSTRUCTIONSCROLL	492
1157737121650	1	INSTRUCTIONSCROLL	496
1157737121667	1	INSTRUCTIONSCROLL	499
1157737121683	1	INSTRUCTIONSCROLL	502
1157737121700	1	INSTRUCTIONSCROLL	506
1157737121717	1	INSTRUCTIONSCROLL	509
1157737121733	1	INSTRUCTIONSCROLL	513
1157737121750	1	INSTRUCTIONSCROLL	516
1157737121767	1	INSTRUCTIONSCROLL	519
1157737121783	1	INSTRUCTIONSCROLL	522
1157737121800	1	INSTRUCTIONSCROLL	526
1157737121816	1	INSTRUCTIONSCROLL	529
1157737121832	1	INSTRUCTIONSCROLL	532
1157737121849	1	INSTRUCTIONSCROLL	536
1157737121865	1	INSTRUCTIONSCROLL	539
1157737121882	1	INSTRUCTIONSCROLL	542
1157737121899	1	INSTRUCTIONSCROLL	546
1157737121915	1	INSTRUCTIONSCROLL	549
1157737121932	1	INSTRUCTIONSCROLL	552
1157737121949	1	INSTRUCTIONSCROLL	556
1157737121965	1	INSTRUCTIONSCROLL	559
1157737121982	1	INSTRUCTIONSCROLL	562
1157737122000	1	INSTRUCTIONSCROLL	566
1157737122016	1	INSTRUCTIONSCROLL	569
1157737122033	1	INSTRUCTIONSCROLL	573
1157737122050	1	INSTRUCTIONSCROLL	576
1157737122066	1	INSTRUCTIONSCROLL	579
1157737122083	1	INSTRUCTIONSCROLL	582
1157737122100	1	INSTRUCTIONSCROLL	586
1157737122116	1	INSTRUCTIONSCROLL	589
1157737122133	1	INSTRUCTIONSCROLL	592
1157737122150	1	INSTRUCTIONSCROLL	596
1157737122166	1	INSTRUCTIONSCROLL	599
1157737122183	1	INSTRUCTIONSCROLL	602
1157737122200	1	INSTRUCTIONSCROLL	606
1157737122216	1	INSTRUCTIONSCROLL	609
1157737122233	1	INSTRUCTIONSCROLL	612
1157737122250	1	INSTRUCTIONSCROLL	616
1157737122266	1	INSTRUCTIONSCROLL	619
1157737122283	1	INSTRUCTIONSCROLL	622
1157737122300	1	INSTRUCTIONSCROLL	626
1157737122316	1	INSTRUCTIONSCROLL	629
1157737122333	1	INSTRUCTIONSCROLL	632
1157737122350	1	INSTRUCTIONSCROLL	636
1157737122366	1	INSTRUCTIONSCROLL	639
1157737122383	1	INSTRUCTIONSCROLL	642
1157737122400	1	INSTRUCTIONSCROLL	646
1157737122433	1	INSTRUCTIONSCROLL	652
1157737122450	1	INSTRUCTIONSCROLL	656
1157737122466	1	INSTRUCTIONSCROLL	659
1157737122483	1	INSTRUCTIONSCROLL	662
1157737122500	1	INSTRUCTIONSCROLL	666
1157737122516	1	INSTRUCTIONSCROLL	669
1157737122533	1	INSTRUCTIONSCROLL	672
1157737122550	1	INSTRUCTIONSCROLL	676
1157737122566	1	INSTRUCTIONSCROLL	679
1157737122583	1	INSTRUCTIONSCROLL	682
1157737122600	1	INSTRUCTIONSCROLL	686
1157737122616	1	INSTRUCTIONSCROLL	689
1157737122633	1	INSTRUCTIONSCROLL	692
1157737122650	1	INSTRUCTIONSCROLL	696
1157737122666	1	INSTRUCTIONSCROLL	699
1157737122683	1	INSTRUCTIONSCROLL	702
1157737122699	1	INSTRUCTIONSCROLL	706
1157737122716	1	INSTRUCTIONSCROLL	709
1157737122733	1	INSTRUCTIONSCROLL	712
1157737122749	1	INSTRUCTIONSCROLL	716
1157737122766	1	INSTRUCTIONSCROLL	719
1157737122783	1	INSTRUCTIONSCROLL	722
1157737122799	1	INSTRUCTIONSCROLL	726
1157737122815	1	INSTRUCTIONSCROLL	729
1157737122832	1	INSTRUCTIONSCROLL	732
1157737122848	1	INSTRUCTIONSCROLL	736
1157737122865	1	INSTRUCTIONSCROLL	739
1157737122882	1	INSTRUCTIONSCROLL	742
1157737122898	1	INSTRUCTIONSCROLL	745
1157737122915	1	INSTRUCTIONSCROLL	749
1157737122932	1	INSTRUCTIONSCROLL	752
1157737122948	1	INSTRUCTIONSCROLL	755
1157737122965	1	INSTRUCTIONSCROLL	759
1157737122982	1	INSTRUCTIONSCROLL	762
1157737122999	1	INSTRUCTIONSCROLL	766
1157737123016	1	INSTRUCTIONSCROLL	769
1157737123033	1	INSTRUCTIONSCROLL	772
1157737123049	1	INSTRUCTIONSCROLL	776
1157737123066	1	INSTRUCTIONSCROLL	779
1157737123083	1	INSTRUCTIONSCROLL	782
1157737123099	1	INSTRUCTIONSCROLL	786
1157737123116	1	INSTRUCTIONSCROLL	789
1157737123133	1	INSTRUCTIONSCROLL	792
1157737123149	1	INSTRUCTIONSCROLL	796
1157737123166	1	INSTRUCTIONSCROLL	799
1157737123183	1	INSTRUCTIONSCROLL	802
1157737123199	1	INSTRUCTIONSCROLL	806
1157737123216	1	INSTRUCTIONSCROLL	809
1157737123233	1	INSTRUCTIONSCROLL	812
1157737123249	1	INSTRUCTIONSCROLL	816
1157737123266	1	INSTRUCTIONSCROLL	819
1157737123283	1	INSTRUCTIONSCROLL	822
1157737123299	1	INSTRUCTIONSCROLL	826
1157737123316	1	INSTRUCTIONSCROLL	829
1157737123333	1	INSTRUCTIONSCROLL	832
1157737123349	1	INSTRUCTIONSCROLL	836
1157737123366	1	INSTRUCTIONSCROLL	839
1157737123399	1	INSTRUCTIONSCROLL	845
1157737123416	1	INSTRUCTIONSCROLL	849
1157737123433	1	INSTRUCTIONSCROLL	852
1157737123449	1	INSTRUCTIONSCROLL	856
1157737123466	1	INSTRUCTIONSCROLL	859
1157737123483	1	INSTRUCTIONSCROLL	862
1157737123499	1	INSTRUCTIONSCROLL	866
1157737123516	1	INSTRUCTIONSCROLL	869
1157737123533	1	INSTRUCTIONSCROLL	872
1157737123549	1	INSTRUCTIONSCROLL	876
1157737123566	1	INSTRUCTIONSCROLL	879
1157737123583	1	INSTRUCTIONSCROLL	882
1157737123599	1	INSTRUCTIONSCROLL	886
1157737123616	1	INSTRUCTIONSCROLL	889
1157737123633	1	INSTRUCTIONSCROLL	892
1157737123649	1	INSTRUCTIONSCROLL	896
1157737123666	1	INSTRUCTIONSCROLL	899
1157737123683	1	INSTRUCTIONSCROLL	902
1157737123699	1	INSTRUCTIONSCROLL	906
1157737123716	1	INSTRUCTIONSCROLL	909
1157737123733	1	INSTRUCTIONSCROLL	912
1157737123749	1	INSTRUCTIONSCROLL	916
1157737123931	1	INSTRUCTIONSCROLL	917
1157737123948	1	INSTRUCTIONSCROLL	919
1157737123965	1	INSTRUCTIONSCROLL	922
1157737123981	1	INSTRUCTIONSCROLL	926
1157737123998	1	INSTRUCTIONSCROLL	929
1157737124082	1	INSTRUCTIONSCROLL	930
1157737124099	1	INSTRUCTIONSCROLL	931
1157737124116	1	INSTRUCTIONSCROLL	934
1157737124132	1	INSTRUCTIONSCROLL	937
1157737124227	1	INSTRUCTIONSCROLL	938
1157737124232	1	INSTRUCTIONSCROLL	939
1157737124249	1	INSTRUCTIONSCROLL	940
1157737124266	1	INSTRUCTIONSCROLL	943
1157737124282	1	INSTRUCTIONSCROLL	946
1157737124388	1	INSTRUCTIONSCROLL	947
1157737124399	1	INSTRUCTIONSCROLL	948
1157737124416	1	INSTRUCTIONSCROLL	949
1157737124432	1	INSTRUCTIONSCROLL	953
1157737124449	1	INSTRUCTIONSCROLL	956
1157737124466	1	INSTRUCTIONSCROLL	959
1157737124482	1	INSTRUCTIONSCROLL	963
1157737124548	1	INSTRUCTIONSCROLL	964
1157737124566	1	INSTRUCTIONSCROLL	965
1157737124582	1	INSTRUCTIONSCROLL	968
1157737124599	1	INSTRUCTIONSCROLL	971
1157737124615	1	INSTRUCTIONSCROLL	974
1157737131563	1	INSTRUCTIONSCROLL	975
1157737131580	1	INSTRUCTIONSCROLL	977
1157737131597	1	INSTRUCTIONSCROLL	981
1157737131613	1	INSTRUCTIONSCROLL	984
1157737131630	1	INSTRUCTIONSCROLL	987
1157737131646	1	INSTRUCTIONSCROLL	991
1157737131749	1	INSTRUCTIONSCROLL	992
1157737131763	1	INSTRUCTIONSCROLL	993
1157737131780	1	INSTRUCTIONSCROLL	995
1157737131796	1	INSTRUCTIONSCROLL	998
1157737131812	1	INSTRUCTIONSCROLL	1002
1157737131829	1	INSTRUCTIONSCROLL	1005
1157737131929	1	INSTRUCTIONSCROLL	1006
1157737131945	1	INSTRUCTIONSCROLL	1009
1157737131962	1	INSTRUCTIONSCROLL	1012
1157737131979	1	INSTRUCTIONSCROLL	1016
1157737131995	1	INSTRUCTIONSCROLL	1019
1157737132075	1	INSTRUCTIONSCROLL	1020
1157737132080	1	INSTRUCTIONSCROLL	1021
1157737132096	1	INSTRUCTIONSCROLL	1022
1157737132113	1	INSTRUCTIONSCROLL	1025
1157737132130	1	INSTRUCTIONSCROLL	1028
1157737132146	1	INSTRUCTIONSCROLL	1031
1157737132163	1	INSTRUCTIONSCROLL	1035
1157737132180	1	INSTRUCTIONSCROLL	1038
1157737132196	1	INSTRUCTIONSCROLL	1041
1157737132213	1	INSTRUCTIONSCROLL	1045
1157737132230	1	INSTRUCTIONSCROLL	1048
1157737132246	1	INSTRUCTIONSCROLL	1051
1157737132263	1	INSTRUCTIONSCROLL	1055
1157737132280	1	INSTRUCTIONSCROLL	1058
1157737132296	1	INSTRUCTIONSCROLL	1061
1157737132313	1	INSTRUCTIONSCROLL	1065
1157737132330	1	INSTRUCTIONSCROLL	1068
1157737132346	1	INSTRUCTIONSCROLL	1071
1157737132363	1	INSTRUCTIONSCROLL	1075
1157737132380	1	INSTRUCTIONSCROLL	1078
1157737132396	1	INSTRUCTIONSCROLL	1081
1157737132413	1	INSTRUCTIONSCROLL	1085
1157737132430	1	INSTRUCTIONSCROLL	1088
1157737132446	1	INSTRUCTIONSCROLL	1091
1157737132463	1	INSTRUCTIONSCROLL	1095
1157737132480	1	INSTRUCTIONSCROLL	1098
1157737132496	1	INSTRUCTIONSCROLL	1101
1157737132513	1	INSTRUCTIONSCROLL	1107
1157737132530	1	INSTRUCTIONSCROLL	1108
1157737132546	1	INSTRUCTIONSCROLL	1111
1157737132563	1	INSTRUCTIONSCROLL	1115
1157737132580	1	INSTRUCTIONSCROLL	1118
1157737132596	1	INSTRUCTIONSCROLL	1121
1157737132613	1	INSTRUCTIONSCROLL	1125
1157737132630	1	INSTRUCTIONSCROLL	1128
1157737132646	1	INSTRUCTIONSCROLL	1131
1157737132663	1	INSTRUCTIONSCROLL	1135
1157737132680	1	INSTRUCTIONSCROLL	1138
1157737132696	1	INSTRUCTIONSCROLL	1141
1157737132713	1	INSTRUCTIONSCROLL	1145
1157737132730	1	INSTRUCTIONSCROLL	1148
1157737132746	1	INSTRUCTIONSCROLL	1151
1157737132763	1	INSTRUCTIONSCROLL	1155
1157737132780	1	INSTRUCTIONSCROLL	1158
1157737132796	1	INSTRUCTIONSCROLL	1161
1157737132812	1	INSTRUCTIONSCROLL	1165
1157737132828	1	INSTRUCTIONSCROLL	1168
1157737132845	1	INSTRUCTIONSCROLL	1171
1157737132862	1	INSTRUCTIONSCROLL	1174
1157737132878	1	INSTRUCTIONSCROLL	1178
1157737132895	1	INSTRUCTIONSCROLL	1181
1157737132912	1	INSTRUCTIONSCROLL	1184
1157737132928	1	INSTRUCTIONSCROLL	1188
1157737132945	1	INSTRUCTIONSCROLL	1191
1157737132962	1	INSTRUCTIONSCROLL	1194
1157737132978	1	INSTRUCTIONSCROLL	1198
1157737132995	1	INSTRUCTIONSCROLL	1201
1157737133013	1	INSTRUCTIONSCROLL	1204
1157737133029	1	INSTRUCTIONSCROLL	1208
1157737133046	1	INSTRUCTIONSCROLL	1211
1157737133063	1	INSTRUCTIONSCROLL	1215
1157737133079	1	INSTRUCTIONSCROLL	1218
1157737133096	1	INSTRUCTIONSCROLL	1221
1157737133113	1	INSTRUCTIONSCROLL	1225
1157737133129	1	INSTRUCTIONSCROLL	1228
1157737133146	1	INSTRUCTIONSCROLL	1231
1157737133163	1	INSTRUCTIONSCROLL	1235
1157737133179	1	INSTRUCTIONSCROLL	1238
1157737133196	1	INSTRUCTIONSCROLL	1241
1157737133213	1	INSTRUCTIONSCROLL	1245
1157737133229	1	INSTRUCTIONSCROLL	1248
1157737133246	1	INSTRUCTIONSCROLL	1251
1157737133263	1	INSTRUCTIONSCROLL	1255
1157737133279	1	INSTRUCTIONSCROLL	1258
1157737133296	1	INSTRUCTIONSCROLL	1261
1157737133313	1	INSTRUCTIONSCROLL	1265
1157737133329	1	INSTRUCTIONSCROLL	1268
1157737133363	1	INSTRUCTIONSCROLL	1274
1157737133379	1	INSTRUCTIONSCROLL	1278
1157737133396	1	INSTRUCTIONSCROLL	1281
1157737133413	1	INSTRUCTIONSCROLL	1285
1157737133429	1	INSTRUCTIONSCROLL	1288
1157737133446	1	INSTRUCTIONSCROLL	1291
1157737133463	1	INSTRUCTIONSCROLL	1295
1157737133479	1	INSTRUCTIONSCROLL	1298
1157737133496	1	INSTRUCTIONSCROLL	1301
1157737133513	1	INSTRUCTIONSCROLL	1304
1157737133529	1	INSTRUCTIONSCROLL	1308
1157737133546	1	INSTRUCTIONSCROLL	1311
1157737133563	1	INSTRUCTIONSCROLL	1315
1157737133579	1	INSTRUCTIONSCROLL	1318
1157737133596	1	INSTRUCTIONSCROLL	1321
1157737133613	1	INSTRUCTIONSCROLL	1325
1157737133629	1	INSTRUCTIONSCROLL	1328
1157737133646	1	INSTRUCTIONSCROLL	1331
1157737133663	1	INSTRUCTIONSCROLL	1334
1157737133679	1	INSTRUCTIONSCROLL	1338
1157737133696	1	INSTRUCTIONSCROLL	1341
1157737133713	1	INSTRUCTIONSCROLL	1345
1157737133729	1	INSTRUCTIONSCROLL	1348
1157737133746	1	INSTRUCTIONSCROLL	1351
1157737133763	1	INSTRUCTIONSCROLL	1355
1157737133779	1	INSTRUCTIONSCROLL	1358
1157737133796	1	INSTRUCTIONSCROLL	1361
1157737133812	1	INSTRUCTIONSCROLL	1364
1157737133828	1	INSTRUCTIONSCROLL	1368
1157737133845	1	INSTRUCTIONSCROLL	1371
1157737133861	1	INSTRUCTIONSCROLL	1374
1157737133878	1	INSTRUCTIONSCROLL	1378
1157737133895	1	INSTRUCTIONSCROLL	1381
1157737133911	1	INSTRUCTIONSCROLL	1384
1157737133928	1	INSTRUCTIONSCROLL	1388
1157737133945	1	INSTRUCTIONSCROLL	1391
1157737133961	1	INSTRUCTIONSCROLL	1394
1157737133978	1	INSTRUCTIONSCROLL	1398
1157737133995	1	INSTRUCTIONSCROLL	1401
1157737134012	1	INSTRUCTIONSCROLL	1404
1157737134029	1	INSTRUCTIONSCROLL	1408
1157737134046	1	INSTRUCTIONSCROLL	1411
1157737134062	1	INSTRUCTIONSCROLL	1415
1157737134079	1	INSTRUCTIONSCROLL	1418
1157737134096	1	INSTRUCTIONSCROLL	1421
1157737134112	1	INSTRUCTIONSCROLL	1424
1157737134129	1	INSTRUCTIONSCROLL	1428
1157737134146	1	INSTRUCTIONSCROLL	1431
1157737134162	1	INSTRUCTIONSCROLL	1435
1157737134196	1	INSTRUCTIONSCROLL	1440
1157737134212	1	INSTRUCTIONSCROLL	1445
1157737134229	1	INSTRUCTIONSCROLL	1448
1157737134246	1	INSTRUCTIONSCROLL	1451
1157737134262	1	INSTRUCTIONSCROLL	1454
1157737134279	1	INSTRUCTIONSCROLL	1458
1157737134296	1	INSTRUCTIONSCROLL	1461
1157737134312	1	INSTRUCTIONSCROLL	1465
1157737134329	1	INSTRUCTIONSCROLL	1468
1157737134346	1	INSTRUCTIONSCROLL	1471
1157737134362	1	INSTRUCTIONSCROLL	1475
1157737134379	1	INSTRUCTIONSCROLL	1478
1157737134396	1	INSTRUCTIONSCROLL	1481
1157737134412	1	INSTRUCTIONSCROLL	1484
1157737134429	1	INSTRUCTIONSCROLL	1488
1157737134446	1	INSTRUCTIONSCROLL	1491
1157737134462	1	INSTRUCTIONSCROLL	1495
1157737134479	1	INSTRUCTIONSCROLL	1498
1157737134496	1	INSTRUCTIONSCROLL	1501
1157737134512	1	INSTRUCTIONSCROLL	1505
1157737134529	1	INSTRUCTIONSCROLL	1508
1157737134546	1	INSTRUCTIONSCROLL	1511
1157737134562	1	INSTRUCTIONSCROLL	1514
1157737134579	1	INSTRUCTIONSCROLL	1518
1157737134596	1	INSTRUCTIONSCROLL	1521
1157737134612	1	INSTRUCTIONSCROLL	1525
1157737134629	1	INSTRUCTIONSCROLL	1528
1157737134646	1	INSTRUCTIONSCROLL	1531
1157737134662	1	INSTRUCTIONSCROLL	1535
1157737134679	1	INSTRUCTIONSCROLL	1538
1157737134696	1	INSTRUCTIONSCROLL	1541
1157737134712	1	INSTRUCTIONSCROLL	1544
1157737134729	1	INSTRUCTIONSCROLL	1548
1157737134746	1	INSTRUCTIONSCROLL	1551
1157737134762	1	INSTRUCTIONSCROLL	1554
1157737134779	1	INSTRUCTIONSCROLL	1558
1157737134796	1	INSTRUCTIONSCROLL	1561
1157737134811	1	INSTRUCTIONSCROLL	1564
1157737134828	1	INSTRUCTIONSCROLL	1567
1157737134844	1	INSTRUCTIONSCROLL	1571
1157737134861	1	INSTRUCTIONSCROLL	1574
1157737134878	1	INSTRUCTIONSCROLL	1578
1157737134894	1	INSTRUCTIONSCROLL	1581
1157737134911	1	INSTRUCTIONSCROLL	1584
1157737134928	1	INSTRUCTIONSCROLL	1588
1157737134944	1	INSTRUCTIONSCROLL	1591
1157737134961	1	INSTRUCTIONSCROLL	1594
1157737134978	1	INSTRUCTIONSCROLL	1598
1157737134994	1	INSTRUCTIONSCROLL	1601
1157737135012	1	INSTRUCTIONSCROLL	1604
1157737135029	1	INSTRUCTIONSCROLL	1608
1157737135045	1	INSTRUCTIONSCROLL	1611
1157737135062	1	INSTRUCTIONSCROLL	1614
1157737135079	1	INSTRUCTIONSCROLL	1618
1157737135095	1	INSTRUCTIONSCROLL	1621
1157737135112	1	INSTRUCTIONSCROLL	1624
1157737135129	1	INSTRUCTIONSCROLL	1628
1157737135145	1	INSTRUCTIONSCROLL	1631
1157737135162	1	INSTRUCTIONSCROLL	1634
1157737135179	1	INSTRUCTIONSCROLL	1638
1157737135195	1	INSTRUCTIONSCROLL	1641
1157737135212	1	INSTRUCTIONSCROLL	1644
1157737135229	1	INSTRUCTIONSCROLL	1648
1157737135245	1	INSTRUCTIONSCROLL	1651
1157737135262	1	INSTRUCTIONSCROLL	1654
1157737135279	1	INSTRUCTIONSCROLL	1660
1157737135295	1	INSTRUCTIONSCROLL	1661
1157737135312	1	INSTRUCTIONSCROLL	1664
1157737135329	1	INSTRUCTIONSCROLL	1668
1157737135345	1	INSTRUCTIONSCROLL	1671
1157737135362	1	INSTRUCTIONSCROLL	1674
1157737135379	1	INSTRUCTIONSCROLL	1678
1157737135395	1	INSTRUCTIONSCROLL	1681
1157737135412	1	INSTRUCTIONSCROLL	1684
1157737135429	1	INSTRUCTIONSCROLL	1688
1157737135445	1	INSTRUCTIONSCROLL	1691
1157737135462	1	INSTRUCTIONSCROLL	1694
1157737135479	1	INSTRUCTIONSCROLL	1698
1157737135495	1	INSTRUCTIONSCROLL	1701
1157737135512	1	INSTRUCTIONSCROLL	1704
1157737146192	1	INSTRUCTIONSCROLL	1705
1157737146208	1	INSTRUCTIONSCROLL	1708
1157737146225	1	INSTRUCTIONSCROLL	1711
1157737146242	1	INSTRUCTIONSCROLL	1714
1157737146342	1	INSTRUCTIONSCROLL	1715
1157737146358	1	INSTRUCTIONSCROLL	1716
1157737146375	1	INSTRUCTIONSCROLL	1720
1157737146392	1	INSTRUCTIONSCROLL	1723
1157737146408	1	INSTRUCTIONSCROLL	1726
1157737146425	1	INSTRUCTIONSCROLL	1730
1157737146442	1	INSTRUCTIONSCROLL	1733
1157737146458	1	INSTRUCTIONSCROLL	1736
1157737146475	1	INSTRUCTIONSCROLL	1740
1157737146492	1	INSTRUCTIONSCROLL	1743
1157737146508	1	INSTRUCTIONSCROLL	1746
1157737146525	1	INSTRUCTIONSCROLL	1750
1157737146542	1	INSTRUCTIONSCROLL	1753
1157737146558	1	INSTRUCTIONSCROLL	1756
1157737146575	1	INSTRUCTIONSCROLL	1760
1157737146592	1	INSTRUCTIONSCROLL	1763
1157737146608	1	INSTRUCTIONSCROLL	1766
1157737146625	1	INSTRUCTIONSCROLL	1770
1157737146642	1	INSTRUCTIONSCROLL	1773
1157737146658	1	INSTRUCTIONSCROLL	1776
1157737146675	1	INSTRUCTIONSCROLL	1780
1157737146692	1	INSTRUCTIONSCROLL	1783
1157737146708	1	INSTRUCTIONSCROLL	1786
1157737146725	1	INSTRUCTIONSCROLL	1790
1157737146742	1	INSTRUCTIONSCROLL	1793
1157737146758	1	INSTRUCTIONSCROLL	1796
1157737146775	1	INSTRUCTIONSCROLL	1800
1157737146791	1	INSTRUCTIONSCROLL	1803
1157737146807	1	INSTRUCTIONSCROLL	1806
1157737146824	1	INSTRUCTIONSCROLL	1809
1157737146840	1	INSTRUCTIONSCROLL	1813
1157737146857	1	INSTRUCTIONSCROLL	1816
1157737146874	1	INSTRUCTIONSCROLL	1819
1157737146890	1	INSTRUCTIONSCROLL	1823
1157737146907	1	INSTRUCTIONSCROLL	1826
1157737146924	1	INSTRUCTIONSCROLL	1829
1157737146940	1	INSTRUCTIONSCROLL	1833
1157737146957	1	INSTRUCTIONSCROLL	1836
1157737146974	1	INSTRUCTIONSCROLL	1839
1157737146990	1	INSTRUCTIONSCROLL	1843
1157737147008	1	INSTRUCTIONSCROLL	1846
1157737147025	1	INSTRUCTIONSCROLL	1849
1157737147041	1	INSTRUCTIONSCROLL	1853
1157737147058	1	INSTRUCTIONSCROLL	1856
1157737147075	1	INSTRUCTIONSCROLL	1860
1157737147091	1	INSTRUCTIONSCROLL	1863
1157737147108	1	INSTRUCTIONSCROLL	1866
1157737147125	1	INSTRUCTIONSCROLL	1870
1157737147141	1	INSTRUCTIONSCROLL	1873
1157737147158	1	INSTRUCTIONSCROLL	1876
1157737147175	1	INSTRUCTIONSCROLL	1880
1157737147191	1	INSTRUCTIONSCROLL	1883
1157737147208	1	INSTRUCTIONSCROLL	1887
1157737147225	1	INSTRUCTIONSCROLL	1890
1157737147241	1	INSTRUCTIONSCROLL	1893
1157737147258	1	INSTRUCTIONSCROLL	1896
1157737147275	1	INSTRUCTIONSCROLL	1900
1157737147291	1	INSTRUCTIONSCROLL	1903
1157737147308	1	INSTRUCTIONSCROLL	1906
1157737147325	1	INSTRUCTIONSCROLL	1910
1157737147358	1	INSTRUCTIONSCROLL	1915
1157737147375	1	INSTRUCTIONSCROLL	1920
1157737147391	1	INSTRUCTIONSCROLL	1923
1157737147408	1	INSTRUCTIONSCROLL	1926
1157737147425	1	INSTRUCTIONSCROLL	1930
1157737147441	1	INSTRUCTIONSCROLL	1933
1157737147458	1	INSTRUCTIONSCROLL	1936
1157737147475	1	INSTRUCTIONSCROLL	1940
1157737147491	1	INSTRUCTIONSCROLL	1943
1157737147508	1	INSTRUCTIONSCROLL	1946
1157737147525	1	INSTRUCTIONSCROLL	1950
1157737147541	1	INSTRUCTIONSCROLL	1953
1157737147558	1	INSTRUCTIONSCROLL	1956
1157737147575	1	INSTRUCTIONSCROLL	1960
1157737147591	1	INSTRUCTIONSCROLL	1963
1157737147608	1	INSTRUCTIONSCROLL	1966
1157737147625	1	INSTRUCTIONSCROLL	1969
1157737147641	1	INSTRUCTIONSCROLL	1973
1157737147658	1	INSTRUCTIONSCROLL	1976
1157737147675	1	INSTRUCTIONSCROLL	1980
1157737147691	1	INSTRUCTIONSCROLL	1983
1157737147708	1	INSTRUCTIONSCROLL	1986
1157737147725	1	INSTRUCTIONSCROLL	1990
1157737147741	1	INSTRUCTIONSCROLL	1993
1157737147758	1	INSTRUCTIONSCROLL	1996
1157737147775	1	INSTRUCTIONSCROLL	1999
1157737147791	1	INSTRUCTIONSCROLL	2003
1157737147807	1	INSTRUCTIONSCROLL	2006
1157737147823	1	INSTRUCTIONSCROLL	2009
1157737147840	1	INSTRUCTIONSCROLL	2013
1157737147857	1	INSTRUCTIONSCROLL	2016
1157737147873	1	INSTRUCTIONSCROLL	2019
1157737147890	1	INSTRUCTIONSCROLL	2023
1157737147907	1	INSTRUCTIONSCROLL	2026
1157737147923	1	INSTRUCTIONSCROLL	2029
1157737147940	1	INSTRUCTIONSCROLL	2033
1157737147957	1	INSTRUCTIONSCROLL	2036
1157737147973	1	INSTRUCTIONSCROLL	2039
1157737147990	1	INSTRUCTIONSCROLL	2043
1157737148008	1	INSTRUCTIONSCROLL	2046
1157737148024	1	INSTRUCTIONSCROLL	2050
1157737148041	1	INSTRUCTIONSCROLL	2053
1157737148058	1	INSTRUCTIONSCROLL	2056
1157737148074	1	INSTRUCTIONSCROLL	2059
1157737148091	1	INSTRUCTIONSCROLL	2063
1157737148108	1	INSTRUCTIONSCROLL	2066
1157737148124	1	INSTRUCTIONSCROLL	2070
1157737148141	1	INSTRUCTIONSCROLL	2073
1157737148158	1	INSTRUCTIONSCROLL	2076
1157737148174	1	INSTRUCTIONSCROLL	2080
1157737148191	1	INSTRUCTIONSCROLL	2083
1157737148208	1	INSTRUCTIONSCROLL	2086
1157737148224	1	INSTRUCTIONSCROLL	2089
1157737148241	1	INSTRUCTIONSCROLL	2093
1157737148258	1	INSTRUCTIONSCROLL	2096
1157737148291	1	INSTRUCTIONSCROLL	2102
1157737148308	1	INSTRUCTIONSCROLL	2106
1157737148324	1	INSTRUCTIONSCROLL	2110
1157737148341	1	INSTRUCTIONSCROLL	2113
1157737148358	1	INSTRUCTIONSCROLL	2116
1157737148374	1	INSTRUCTIONSCROLL	2119
1157737148391	1	INSTRUCTIONSCROLL	2123
1157737148408	1	INSTRUCTIONSCROLL	2126
1157737148424	1	INSTRUCTIONSCROLL	2129
1157737148441	1	INSTRUCTIONSCROLL	2133
1157737148458	1	INSTRUCTIONSCROLL	2136
1157737148474	1	INSTRUCTIONSCROLL	2139
1157737148491	1	INSTRUCTIONSCROLL	2143
1157737148508	1	INSTRUCTIONSCROLL	2146
1157737148524	1	INSTRUCTIONSCROLL	2149
1157737148541	1	INSTRUCTIONSCROLL	2153
1157737148558	1	INSTRUCTIONSCROLL	2156
1157737148574	1	INSTRUCTIONSCROLL	2159
1157737148591	1	INSTRUCTIONSCROLL	2163
1157737148608	1	INSTRUCTIONSCROLL	2166
1157737148624	1	INSTRUCTIONSCROLL	2170
1157737148641	1	INSTRUCTIONSCROLL	2173
1157737148658	1	INSTRUCTIONSCROLL	2176
1157737148674	1	INSTRUCTIONSCROLL	2179
1157737148691	1	INSTRUCTIONSCROLL	2183
1157737148708	1	INSTRUCTIONSCROLL	2186
1157737148724	1	INSTRUCTIONSCROLL	2189
1157737148741	1	INSTRUCTIONSCROLL	2193
1157737148757	1	INSTRUCTIONSCROLL	2196
1157737148774	1	INSTRUCTIONSCROLL	2199
1157737148791	1	INSTRUCTIONSCROLL	2203
1157737148806	1	INSTRUCTIONSCROLL	2206
1157737148823	1	INSTRUCTIONSCROLL	2209
1157737148840	1	INSTRUCTIONSCROLL	2213
1157737148856	1	INSTRUCTIONSCROLL	2216
1157737148873	1	INSTRUCTIONSCROLL	2219
1157737148890	1	INSTRUCTIONSCROLL	2223
1157737148906	1	INSTRUCTIONSCROLL	2226
1157737148923	1	INSTRUCTIONSCROLL	2229
1157737148940	1	INSTRUCTIONSCROLL	2233
1157737148956	1	INSTRUCTIONSCROLL	2236
1157737148973	1	INSTRUCTIONSCROLL	2239
1157737148990	1	INSTRUCTIONSCROLL	2243
1157737149007	1	INSTRUCTIONSCROLL	2246
1157737149024	1	INSTRUCTIONSCROLL	2249
1157737149041	1	INSTRUCTIONSCROLL	2253
1157737149057	1	INSTRUCTIONSCROLL	2256
1157737149074	1	INSTRUCTIONSCROLL	2259
1157737149091	1	INSTRUCTIONSCROLL	2263
1157737149107	1	INSTRUCTIONSCROLL	2266
1157737149124	1	INSTRUCTIONSCROLL	2269
1157737149141	1	INSTRUCTIONSCROLL	2273
1157737149157	1	INSTRUCTIONSCROLL	2276
1157737149174	1	INSTRUCTIONSCROLL	2279
1157737149191	1	INSTRUCTIONSCROLL	2283
1157737149207	1	INSTRUCTIONSCROLL	2286
1157737149224	1	INSTRUCTIONSCROLL	2289
1157737149241	1	INSTRUCTIONSCROLL	2293
1157737149257	1	INSTRUCTIONSCROLL	2296
1157737149274	1	INSTRUCTIONSCROLL	2299
1157737149291	1	INSTRUCTIONSCROLL	2303
1157737149307	1	INSTRUCTIONSCROLL	2306
1157737149324	1	INSTRUCTIONSCROLL	2309
1157737149341	1	INSTRUCTIONSCROLL	2313
1157737149357	1	INSTRUCTIONSCROLL	2316
1157737149374	1	INSTRUCTIONSCROLL	2319
1157737149391	1	INSTRUCTIONSCROLL	2323
1157737149407	1	INSTRUCTIONSCROLL	2326
1157737149424	1	INSTRUCTIONSCROLL	2329
1157737149441	1	INSTRUCTIONSCROLL	2333
1157737149457	1	INSTRUCTIONSCROLL	2336
1157737149474	1	INSTRUCTIONSCROLL	2339
1157737149507	1	INSTRUCTIONSCROLL	2345
1157737149524	1	INSTRUCTIONSCROLL	2349
1157737149541	1	INSTRUCTIONSCROLL	2353
1157737149557	1	INSTRUCTIONSCROLL	2356
1157737149574	1	INSTRUCTIONSCROLL	2359
1157737149591	1	INSTRUCTIONSCROLL	2363
1157737149607	1	INSTRUCTIONSCROLL	2366
1157737149624	1	INSTRUCTIONSCROLL	2369
1157737149641	1	INSTRUCTIONSCROLL	2373
1157737149657	1	INSTRUCTIONSCROLL	2376
1157737149674	1	INSTRUCTIONSCROLL	2379
1157737149690	1	INSTRUCTIONSCROLL	2383
1157737149707	1	INSTRUCTIONSCROLL	2386
1157737149724	1	INSTRUCTIONSCROLL	2389
1157737149740	1	INSTRUCTIONSCROLL	2393
1157737149757	1	INSTRUCTIONSCROLL	2396
1157737149774	1	INSTRUCTIONSCROLL	2399
1157737149790	1	INSTRUCTIONSCROLL	2403
1157737149806	1	INSTRUCTIONSCROLL	2406
1157737149823	1	INSTRUCTIONSCROLL	2409
1157737149839	1	INSTRUCTIONSCROLL	2412
1157737149856	1	INSTRUCTIONSCROLL	2416
1157737149873	1	INSTRUCTIONSCROLL	2419
1157737149889	1	INSTRUCTIONSCROLL	2423
1157737149906	1	INSTRUCTIONSCROLL	2426
1157737149923	1	INSTRUCTIONSCROLL	2429
1157737149939	1	INSTRUCTIONSCROLL	2432
1157737149956	1	INSTRUCTIONSCROLL	2436
1157737149973	1	INSTRUCTIONSCROLL	2439
1157737149989	1	INSTRUCTIONSCROLL	2442
1157737150007	1	INSTRUCTIONSCROLL	2446
1157737150024	1	INSTRUCTIONSCROLL	2449
1157737150040	1	INSTRUCTIONSCROLL	2453
1157737150057	1	INSTRUCTIONSCROLL	2456
1157737150074	1	INSTRUCTIONSCROLL	2459
1157737150090	1	INSTRUCTIONSCROLL	2463
1157737150107	1	INSTRUCTIONSCROLL	2466
1157737150124	1	INSTRUCTIONSCROLL	2469
1157737150140	1	INSTRUCTIONSCROLL	2473
1157737150157	1	INSTRUCTIONSCROLL	2476
1157737150174	1	INSTRUCTIONSCROLL	2479
1157737150190	1	INSTRUCTIONSCROLL	2483
1157737150207	1	INSTRUCTIONSCROLL	2486
1157737150224	1	INSTRUCTIONSCROLL	2489
1157737150240	1	INSTRUCTIONSCROLL	2493
1157737150257	1	INSTRUCTIONSCROLL	2496
1157737150274	1	INSTRUCTIONSCROLL	2499
1157737150290	1	INSTRUCTIONSCROLL	2503
1157737150307	1	INSTRUCTIONSCROLL	2506
1157737150324	1	INSTRUCTIONSCROLL	2509
1157737150340	1	INSTRUCTIONSCROLL	2513
1157737150357	1	INSTRUCTIONSCROLL	2516
1157737150374	1	INSTRUCTIONSCROLL	2519
1157737150390	1	INSTRUCTIONSCROLL	2523
1157737150407	1	INSTRUCTIONSCROLL	2526
1157737150426	1	INSTRUCTIONSCROLL	2532
1157737150440	1	INSTRUCTIONSCROLL	2533
1157737150457	1	INSTRUCTIONSCROLL	2536
1157737150474	1	INSTRUCTIONSCROLL	2539
1157737150490	1	INSTRUCTIONSCROLL	2543
1157737150507	1	INSTRUCTIONSCROLL	2546
1157737150524	1	INSTRUCTIONSCROLL	2549
1157737150540	1	INSTRUCTIONSCROLL	2553
1157737150557	1	INSTRUCTIONSCROLL	2556
1157737150574	1	INSTRUCTIONSCROLL	2559
1157737150590	1	INSTRUCTIONSCROLL	2563
1157737150607	1	INSTRUCTIONSCROLL	2566
1157737150624	1	INSTRUCTIONSCROLL	2569
1157737150640	1	INSTRUCTIONSCROLL	2573
1157737150657	1	INSTRUCTIONSCROLL	2576
1157737150674	1	INSTRUCTIONSCROLL	2579
1157737150690	1	INSTRUCTIONSCROLL	2583
1157737150707	1	INSTRUCTIONSCROLL	2586
1157737150724	1	INSTRUCTIONSCROLL	2589
1157737150740	1	INSTRUCTIONSCROLL	2593
1157737150757	1	INSTRUCTIONSCROLL	2596
1157737150774	1	INSTRUCTIONSCROLL	2599
1157737150790	1	INSTRUCTIONSCROLL	2603
1157737150806	1	INSTRUCTIONSCROLL	2606
1157737150823	1	INSTRUCTIONSCROLL	2609
1157737150839	1	INSTRUCTIONSCROLL	2612
1157737150856	1	INSTRUCTIONSCROLL	2616
1157737150873	1	INSTRUCTIONSCROLL	2619
1157737150889	1	INSTRUCTIONSCROLL	2623
1157737150906	1	INSTRUCTIONSCROLL	2626
1157737150922	1	INSTRUCTIONSCROLL	2629
1157737150939	1	INSTRUCTIONSCROLL	2633
1157737150956	1	INSTRUCTIONSCROLL	2636
1157737150972	1	INSTRUCTIONSCROLL	2639
1157737150989	1	INSTRUCTIONSCROLL	2642
1157737151007	1	INSTRUCTIONSCROLL	2646
1157737151023	1	INSTRUCTIONSCROLL	2649
1157737151040	1	INSTRUCTIONSCROLL	2653
1157737151057	1	INSTRUCTIONSCROLL	2656
1157737151073	1	INSTRUCTIONSCROLL	2659
1157737151090	1	INSTRUCTIONSCROLL	2663
1157737151107	1	INSTRUCTIONSCROLL	2666
1157737151123	1	INSTRUCTIONSCROLL	2669
1157737151140	1	INSTRUCTIONSCROLL	2673
1157737151157	1	INSTRUCTIONSCROLL	2676
1157737151173	1	INSTRUCTIONSCROLL	2679
1157737151190	1	INSTRUCTIONSCROLL	2683
1157737151207	1	INSTRUCTIONSCROLL	2686
1157737151223	1	INSTRUCTIONSCROLL	2689
1157737151240	1	INSTRUCTIONSCROLL	2693
1157737151257	1	INSTRUCTIONSCROLL	2696
1157737151273	1	INSTRUCTIONSCROLL	2699
1157737151290	1	INSTRUCTIONSCROLL	2703
1157737151307	1	INSTRUCTIONSCROLL	2706
1157737151323	1	INSTRUCTIONSCROLL	2709
1157737151340	1	INSTRUCTIONSCROLL	2713
1157737151357	1	INSTRUCTIONSCROLL	2716
1157737151373	1	INSTRUCTIONSCROLL	2719
1157737151390	1	INSTRUCTIONSCROLL	2723
1157737151423	1	INSTRUCTIONSCROLL	2728
1157737151440	1	INSTRUCTIONSCROLL	2733
1157737151457	1	INSTRUCTIONSCROLL	2736
1157737151473	1	INSTRUCTIONSCROLL	2739
1157737151490	1	INSTRUCTIONSCROLL	2743
1157737151507	1	INSTRUCTIONSCROLL	2746
1157737151523	1	INSTRUCTIONSCROLL	2749
1157737151540	1	INSTRUCTIONSCROLL	2753
1157737151557	1	INSTRUCTIONSCROLL	2756
1157737151573	1	INSTRUCTIONSCROLL	2759
1157737151590	1	INSTRUCTIONSCROLL	2763
1157737151607	1	INSTRUCTIONSCROLL	2766
1157737151623	1	INSTRUCTIONSCROLL	2769
1157737151640	1	INSTRUCTIONSCROLL	2773
1157737151657	1	INSTRUCTIONSCROLL	2776
1157737151673	1	INSTRUCTIONSCROLL	2779
1157737151690	1	INSTRUCTIONSCROLL	2783
1157737151707	1	INSTRUCTIONSCROLL	2786
1157737151723	1	INSTRUCTIONSCROLL	2789
1157737151740	1	INSTRUCTIONSCROLL	2793
1157737151757	1	INSTRUCTIONSCROLL	2796
1157737151773	1	INSTRUCTIONSCROLL	2799
1157737151790	1	INSTRUCTIONSCROLL	2803
1157737151806	1	INSTRUCTIONSCROLL	2806
1157737151822	1	INSTRUCTIONSCROLL	2809
1157737151839	1	INSTRUCTIONSCROLL	2812
1157737151855	1	INSTRUCTIONSCROLL	2816
1157737151872	1	INSTRUCTIONSCROLL	2819
1157737151889	1	INSTRUCTIONSCROLL	2822
1157737151905	1	INSTRUCTIONSCROLL	2826
1157737152356	1	INSTRUCTIONSCROLL	2827
1157737152373	1	INSTRUCTIONSCROLL	2831
1157737152390	1	INSTRUCTIONSCROLL	2834
1157737152406	1	INSTRUCTIONSCROLL	2837
1157737152423	1	INSTRUCTIONSCROLL	2841
1157737152556	1	INSTRUCTIONSCROLL	2842
1157737152573	1	INSTRUCTIONSCROLL	2845
1157737152590	1	INSTRUCTIONSCROLL	2849
1157737158764	1	INSTRUCTIONSCROLL	2850
1157737158771	1	INSTRUCTIONSCROLL	2851
1157737158788	1	INSTRUCTIONSCROLL	2852
1157737158804	1	INSTRUCTIONSCROLL	2855
1157737158820	1	INSTRUCTIONSCROLL	2858
1157737158836	1	INSTRUCTIONSCROLL	2861
1157737158936	1	INSTRUCTIONSCROLL	2862
1157737158953	1	INSTRUCTIONSCROLL	2864
1157737158970	1	INSTRUCTIONSCROLL	2868
1157737158986	1	INSTRUCTIONSCROLL	2871
1157737159004	1	INSTRUCTIONSCROLL	2874
1157737159021	1	INSTRUCTIONSCROLL	2878
1157737159071	1	INSTRUCTIONSCROLL	2879
1157737159087	1	INSTRUCTIONSCROLL	2880
1157737159104	1	INSTRUCTIONSCROLL	2883
1157737159121	1	INSTRUCTIONSCROLL	2886
1157737159137	1	INSTRUCTIONSCROLL	2890
1157737159154	1	INSTRUCTIONSCROLL	2893
1157737159171	1	INSTRUCTIONSCROLL	2896
1157737159187	1	INSTRUCTIONSCROLL	2900
1157737159287	1	INSTRUCTIONSCROLL	2901
1157737159304	1	INSTRUCTIONSCROLL	2902
1157737159321	1	INSTRUCTIONSCROLL	2905
1157737159337	1	INSTRUCTIONSCROLL	2909
1157737159354	1	INSTRUCTIONSCROLL	2912
1157737159371	1	INSTRUCTIONSCROLL	2915
1157737159387	1	INSTRUCTIONSCROLL	2919
1157737159404	1	INSTRUCTIONSCROLL	2922
1157737159421	1	INSTRUCTIONSCROLL	2925
1157737159437	1	INSTRUCTIONSCROLL	2929
1157737159454	1	INSTRUCTIONSCROLL	2932
1157737159471	1	INSTRUCTIONSCROLL	2935
1157737159487	1	INSTRUCTIONSCROLL	2939
1157737159504	1	INSTRUCTIONSCROLL	2942
1157737159521	1	INSTRUCTIONSCROLL	2945
1157737159537	1	INSTRUCTIONSCROLL	2949
1157737159554	1	INSTRUCTIONSCROLL	2952
1157737159571	1	INSTRUCTIONSCROLL	2955
1157737159587	1	INSTRUCTIONSCROLL	2959
1157737159604	1	INSTRUCTIONSCROLL	2962
1157737159721	1	INSTRUCTIONSCROLL	2963
1157737159737	1	INSTRUCTIONSCROLL	2964
1157737159754	1	INSTRUCTIONSCROLL	2967
1157737159771	1	INSTRUCTIONSCROLL	2970
1157737159787	1	INSTRUCTIONSCROLL	2973
1157737159804	1	INSTRUCTIONSCROLL	2977
1157737159820	1	INSTRUCTIONSCROLL	2980
1157737159882	1	INSTRUCTIONSCROLL	2981
1157737159903	1	INSTRUCTIONSCROLL	2982
1157737159919	1	INSTRUCTIONSCROLL	2985
1157737159936	1	INSTRUCTIONSCROLL	2989
1157737159953	1	INSTRUCTIONSCROLL	2992
1157737159969	1	INSTRUCTIONSCROLL	2995
1157737159986	1	INSTRUCTIONSCROLL	2999
1157737160004	1	INSTRUCTIONSCROLL	3002
1157737160020	1	INSTRUCTIONSCROLL	3006
1157737160037	1	INSTRUCTIONSCROLL	3009
1157737160054	1	INSTRUCTIONSCROLL	3012
1157737160070	1	INSTRUCTIONSCROLL	3016
1157737160087	1	INSTRUCTIONSCROLL	3019
1157737160104	1	INSTRUCTIONSCROLL	3022
1157737160120	1	INSTRUCTIONSCROLL	3026
1157737160137	1	INSTRUCTIONSCROLL	3029
1157737160154	1	INSTRUCTIONSCROLL	3032
1157737160170	1	INSTRUCTIONSCROLL	3036
1157737160187	1	INSTRUCTIONSCROLL	3039
1157737160204	1	INSTRUCTIONSCROLL	3042
1157737160220	1	INSTRUCTIONSCROLL	3046
1157737160237	1	INSTRUCTIONSCROLL	3049
1157737160254	1	INSTRUCTIONSCROLL	3052
1157737160270	1	INSTRUCTIONSCROLL	3056
1157737160287	1	INSTRUCTIONSCROLL	3059
1157737160304	1	INSTRUCTIONSCROLL	3062
1157737160320	1	INSTRUCTIONSCROLL	3066
1157737160337	1	INSTRUCTIONSCROLL	3069
1157737160354	1	INSTRUCTIONSCROLL	3072
1157737160370	1	INSTRUCTIONSCROLL	3076
1157737160387	1	INSTRUCTIONSCROLL	3079
1157737160404	1	INSTRUCTIONSCROLL	3082
1157737160420	1	INSTRUCTIONSCROLL	3086
1157737160437	1	INSTRUCTIONSCROLL	3089
1157737160454	1	INSTRUCTIONSCROLL	3092
1157737160470	1	INSTRUCTIONSCROLL	3096
1157737160487	1	INSTRUCTIONSCROLL	3099
1157737160504	1	INSTRUCTIONSCROLL	3102
1157737160520	1	INSTRUCTIONSCROLL	3106
1157737160537	1	INSTRUCTIONSCROLL	3109
1157737160554	1	INSTRUCTIONSCROLL	3112
1157737160570	1	INSTRUCTIONSCROLL	3116
1157737160587	1	INSTRUCTIONSCROLL	3119
1157737160604	1	INSTRUCTIONSCROLL	3122
1157737160620	1	INSTRUCTIONSCROLL	3126
1157737160637	1	INSTRUCTIONSCROLL	3129
1157737160654	1	INSTRUCTIONSCROLL	3132
1157737160670	1	INSTRUCTIONSCROLL	3136
1157737160687	1	INSTRUCTIONSCROLL	3139
1157737160704	1	INSTRUCTIONSCROLL	3142
1157737160720	1	INSTRUCTIONSCROLL	3146
1157737160737	1	INSTRUCTIONSCROLL	3149
1157737160754	1	INSTRUCTIONSCROLL	3152
1157737160770	1	INSTRUCTIONSCROLL	3156
1157737160787	1	INSTRUCTIONSCROLL	3159
1157737160804	1	INSTRUCTIONSCROLL	3162
1157737160819	1	INSTRUCTIONSCROLL	3166
1157737160836	1	INSTRUCTIONSCROLL	3169
1157737160853	1	INSTRUCTIONSCROLL	3172
1157737160869	1	INSTRUCTIONSCROLL	3175
1157737160886	1	INSTRUCTIONSCROLL	3179
1157737160902	1	INSTRUCTIONSCROLL	3182
1157737160919	1	INSTRUCTIONSCROLL	3185
1157737160936	1	INSTRUCTIONSCROLL	3189
1157737160952	1	INSTRUCTIONSCROLL	3192
1157737164369	1	INSTRUCTIONSCROLL	3193
1157737164386	1	INSTRUCTIONSCROLL	3196
1157737164402	1	INSTRUCTIONSCROLL	3200
1157737164419	1	INSTRUCTIONSCROLL	3203
1157737164436	1	INSTRUCTIONSCROLL	3206
1157737164452	1	INSTRUCTIONSCROLL	3210
1157737164469	1	INSTRUCTIONSCROLL	3213
1157737164486	1	INSTRUCTIONSCROLL	3216
1157737164530	1	INSTRUCTIONSCROLL	3217
1157737164536	1	INSTRUCTIONSCROLL	3218
1157737164552	1	INSTRUCTIONSCROLL	3219
1157737164569	1	INSTRUCTIONSCROLL	3222
1157737164586	1	INSTRUCTIONSCROLL	3225
1157737164602	1	INSTRUCTIONSCROLL	3228
1157737164619	1	INSTRUCTIONSCROLL	3232
1157737164636	1	INSTRUCTIONSCROLL	3235
1157737164652	1	INSTRUCTIONSCROLL	3238
1157737164669	1	INSTRUCTIONSCROLL	3242
1157737164686	1	INSTRUCTIONSCROLL	3245
1157737164702	1	INSTRUCTIONSCROLL	3248
1157737164719	1	INSTRUCTIONSCROLL	3252
1157737164736	1	INSTRUCTIONSCROLL	3255
1157737164752	1	INSTRUCTIONSCROLL	3258
1157737164769	1	INSTRUCTIONSCROLL	3262
1157737164786	1	INSTRUCTIONSCROLL	3265
1157737164802	1	INSTRUCTIONSCROLL	3268
1157737164818	1	INSTRUCTIONSCROLL	3272
1157737164834	1	INSTRUCTIONSCROLL	3275
1157737164851	1	INSTRUCTIONSCROLL	3278
1157737164868	1	INSTRUCTIONSCROLL	3281
1157737164884	1	INSTRUCTIONSCROLL	3285
1157737164901	1	INSTRUCTIONSCROLL	3288
1157737164918	1	INSTRUCTIONSCROLL	3291
1157737164934	1	INSTRUCTIONSCROLL	3295
1157737164951	1	INSTRUCTIONSCROLL	3298
1157737164968	1	INSTRUCTIONSCROLL	3301
1157737164984	1	INSTRUCTIONSCROLL	3305
1157737165002	1	INSTRUCTIONSCROLL	3308
1157737165019	1	INSTRUCTIONSCROLL	3312
1157737165035	1	INSTRUCTIONSCROLL	3315
1157737165052	1	INSTRUCTIONSCROLL	3318
1157737165069	1	INSTRUCTIONSCROLL	3322
1157737165085	1	INSTRUCTIONSCROLL	3325
1157737165102	1	INSTRUCTIONSCROLL	3328
1157737165119	1	INSTRUCTIONSCROLL	3332
1157737165135	1	INSTRUCTIONSCROLL	3335
1157737165152	1	INSTRUCTIONSCROLL	3338
1157737165169	1	INSTRUCTIONSCROLL	3342
1157737165185	1	INSTRUCTIONSCROLL	3345
1157737165202	1	INSTRUCTIONSCROLL	3349
1157737165219	1	INSTRUCTIONSCROLL	3352
1157737165235	1	INSTRUCTIONSCROLL	3355
1157737165252	1	INSTRUCTIONSCROLL	3359
1157737165269	1	INSTRUCTIONSCROLL	3362
1157737165285	1	INSTRUCTIONSCROLL	3365
1157737165302	1	INSTRUCTIONSCROLL	3368
1157737165319	1	INSTRUCTIONSCROLL	3372
1157737165335	1	INSTRUCTIONSCROLL	3375
1157737165352	1	INSTRUCTIONSCROLL	3378
1157737165369	1	INSTRUCTIONSCROLL	3382
1157737165385	1	INSTRUCTIONSCROLL	3385
1157737165402	1	INSTRUCTIONSCROLL	3388
1157737165419	1	INSTRUCTIONSCROLL	3392
1157737165452	1	INSTRUCTIONSCROLL	3398
1157737165469	1	INSTRUCTIONSCROLL	3402
1157737165485	1	INSTRUCTIONSCROLL	3405
1157737165502	1	INSTRUCTIONSCROLL	3408
1157737165519	1	INSTRUCTIONSCROLL	3412
1157737165535	1	INSTRUCTIONSCROLL	3415
1157737165552	1	INSTRUCTIONSCROLL	3418
1157737165569	1	INSTRUCTIONSCROLL	3422
1157737165585	1	INSTRUCTIONSCROLL	3425
1157737165602	1	INSTRUCTIONSCROLL	3428
1157737165619	1	INSTRUCTIONSCROLL	3432
1157737165635	1	INSTRUCTIONSCROLL	3435
1157737165652	1	INSTRUCTIONSCROLL	3438
1157737165669	1	INSTRUCTIONSCROLL	3442
1157737165685	1	INSTRUCTIONSCROLL	3445
1157737165702	1	INSTRUCTIONSCROLL	3448
1157737165719	1	INSTRUCTIONSCROLL	3452
1157737165735	1	INSTRUCTIONSCROLL	3455
1157737165752	1	INSTRUCTIONSCROLL	3458
1157737165769	1	INSTRUCTIONSCROLL	3462
1157737165785	1	INSTRUCTIONSCROLL	3465
1157737165802	1	INSTRUCTIONSCROLL	3468
1157737165818	1	INSTRUCTIONSCROLL	3472
1157737165834	1	INSTRUCTIONSCROLL	3475
1157737165851	1	INSTRUCTIONSCROLL	3478
1157737165868	1	INSTRUCTIONSCROLL	3481
1157737165884	1	INSTRUCTIONSCROLL	3485
1157737165901	1	INSTRUCTIONSCROLL	3488
1157737165918	1	INSTRUCTIONSCROLL	3492
1157737165934	1	INSTRUCTIONSCROLL	3495
1157737165951	1	INSTRUCTIONSCROLL	3498
1157737165967	1	INSTRUCTIONSCROLL	3501
1157737165984	1	INSTRUCTIONSCROLL	3505
1157737166002	1	INSTRUCTIONSCROLL	3508
1157737166018	1	INSTRUCTIONSCROLL	3512
1157737166035	1	INSTRUCTIONSCROLL	3515
1157737166052	1	INSTRUCTIONSCROLL	3518
1157737166068	1	INSTRUCTIONSCROLL	3522
1157737166085	1	INSTRUCTIONSCROLL	3525
1157737166102	1	INSTRUCTIONSCROLL	3528
1157737166119	1	INSTRUCTIONSCROLL	3532
1157737166135	1	INSTRUCTIONSCROLL	3535
1157737166152	1	INSTRUCTIONSCROLL	3538
1157737166168	1	INSTRUCTIONSCROLL	3542
1157737166185	1	INSTRUCTIONSCROLL	3545
1157737166202	1	INSTRUCTIONSCROLL	3548
1157737166218	1	INSTRUCTIONSCROLL	3552
1157737166235	1	INSTRUCTIONSCROLL	3555
1157737166252	1	INSTRUCTIONSCROLL	3558
1157737166268	1	INSTRUCTIONSCROLL	3562
1157737166285	1	INSTRUCTIONSCROLL	3565
1157737166302	1	INSTRUCTIONSCROLL	3568
1157737166318	1	INSTRUCTIONSCROLL	3572
1157737166335	1	INSTRUCTIONSCROLL	3575
1157737166368	1	INSTRUCTIONSCROLL	3581
1157737166385	1	INSTRUCTIONSCROLL	3585
1157737166402	1	INSTRUCTIONSCROLL	3588
1157737166418	1	INSTRUCTIONSCROLL	3592
1157737166435	1	INSTRUCTIONSCROLL	3595
1157737166452	1	INSTRUCTIONSCROLL	3598
1157737166468	1	INSTRUCTIONSCROLL	3602
1157737166485	1	INSTRUCTIONSCROLL	3605
1157737166502	1	INSTRUCTIONSCROLL	3608
1157737166518	1	INSTRUCTIONSCROLL	3612
1157737166535	1	INSTRUCTIONSCROLL	3615
1157737166552	1	INSTRUCTIONSCROLL	3618
1157737166568	1	INSTRUCTIONSCROLL	3622
1157737166585	1	INSTRUCTIONSCROLL	3625
1157737166602	1	INSTRUCTIONSCROLL	3628
1157737166618	1	INSTRUCTIONSCROLL	3632
1157737166635	1	INSTRUCTIONSCROLL	3635
1157737166652	1	INSTRUCTIONSCROLL	3638
1157737166668	1	INSTRUCTIONSCROLL	3642
1157737166685	1	INSTRUCTIONSCROLL	3645
1157737166702	1	INSTRUCTIONSCROLL	3648
1157737166718	1	INSTRUCTIONSCROLL	3652
1157737166735	1	INSTRUCTIONSCROLL	3655
1157737166752	1	INSTRUCTIONSCROLL	3658
1157737173549	1	INSTRUCTIONSCROLL	3659
1157737173566	1	INSTRUCTIONSCROLL	3662
1157737173583	1	INSTRUCTIONSCROLL	3665
1157737173599	1	INSTRUCTIONSCROLL	3668
1157737173616	1	INSTRUCTIONSCROLL	3672
1157737173633	1	INSTRUCTIONSCROLL	3675
1157737173649	1	INSTRUCTIONSCROLL	3678
1157737173728	1	INSTRUCTIONSCROLL	3679
1157737173749	1	INSTRUCTIONSCROLL	3680
1157737173766	1	INSTRUCTIONSCROLL	3684
1157737173783	1	INSTRUCTIONSCROLL	3687
1157737173799	1	INSTRUCTIONSCROLL	3690
1157737173815	1	INSTRUCTIONSCROLL	3694
1157737173831	1	INSTRUCTIONSCROLL	3697
1157737173848	1	INSTRUCTIONSCROLL	3700
1157737173865	1	INSTRUCTIONSCROLL	3703
1157737173959	1	INSTRUCTIONSCROLL	3704
1157737173965	1	INSTRUCTIONSCROLL	3705
1157737173981	1	INSTRUCTIONSCROLL	3706
1157737173998	1	INSTRUCTIONSCROLL	3709
1157737174016	1	INSTRUCTIONSCROLL	3712
1157737174032	1	INSTRUCTIONSCROLL	3716
1157737174049	1	INSTRUCTIONSCROLL	3719
1157737174066	1	INSTRUCTIONSCROLL	3722
1157737174082	1	INSTRUCTIONSCROLL	3726
1157737174099	1	INSTRUCTIONSCROLL	3729
1157737174116	1	INSTRUCTIONSCROLL	3732
1157737174132	1	INSTRUCTIONSCROLL	3736
1157737174149	1	INSTRUCTIONSCROLL	3739
1157737174166	1	INSTRUCTIONSCROLL	3742
1157737174182	1	INSTRUCTIONSCROLL	3746
1157737174199	1	INSTRUCTIONSCROLL	3749
1157737174216	1	INSTRUCTIONSCROLL	3752
1157737174232	1	INSTRUCTIONSCROLL	3756
1157737174249	1	INSTRUCTIONSCROLL	3759
1157737174266	1	INSTRUCTIONSCROLL	3762
1157737174282	1	INSTRUCTIONSCROLL	3766
1157737174299	1	INSTRUCTIONSCROLL	3769
1157737174316	1	INSTRUCTIONSCROLL	3772
1157737174332	1	INSTRUCTIONSCROLL	3776
1157737174349	1	INSTRUCTIONSCROLL	3779
1157737174366	1	INSTRUCTIONSCROLL	3782
1157737174382	1	INSTRUCTIONSCROLL	3786
1157737174399	1	INSTRUCTIONSCROLL	3789
1157737174416	1	INSTRUCTIONSCROLL	3792
1157737174432	1	INSTRUCTIONSCROLL	3796
1157737174449	1	INSTRUCTIONSCROLL	3799
1157737174466	1	INSTRUCTIONSCROLL	3802
1157737174482	1	INSTRUCTIONSCROLL	3806
1157737174499	1	INSTRUCTIONSCROLL	3809
1157737174516	1	INSTRUCTIONSCROLL	3812
1157737174537	1	INSTRUCTIONSCROLL	3818
1157737174549	1	INSTRUCTIONSCROLL	3820
1157737174566	1	INSTRUCTIONSCROLL	3822
1157737174582	1	INSTRUCTIONSCROLL	3826
1157737174599	1	INSTRUCTIONSCROLL	3829
1157737174616	1	INSTRUCTIONSCROLL	3832
1157737174632	1	INSTRUCTIONSCROLL	3836
1157737174649	1	INSTRUCTIONSCROLL	3839
1157737174666	1	INSTRUCTIONSCROLL	3842
1157737174682	1	INSTRUCTIONSCROLL	3846
1157737174699	1	INSTRUCTIONSCROLL	3849
1157737174716	1	INSTRUCTIONSCROLL	3852
1157737174732	1	INSTRUCTIONSCROLL	3856
1157737174749	1	INSTRUCTIONSCROLL	3859
1157737174766	1	INSTRUCTIONSCROLL	3862
1157737174782	1	INSTRUCTIONSCROLL	3866
1157737174799	1	INSTRUCTIONSCROLL	3869
1157737174815	1	INSTRUCTIONSCROLL	3872
1157737174831	1	INSTRUCTIONSCROLL	3875
1157737174848	1	INSTRUCTIONSCROLL	3879
1157737174865	1	INSTRUCTIONSCROLL	3882
1157737174881	1	INSTRUCTIONSCROLL	3885
1157737174898	1	INSTRUCTIONSCROLL	3889
1157737174914	1	INSTRUCTIONSCROLL	3892
1157737174931	1	INSTRUCTIONSCROLL	3896
1157737174948	1	INSTRUCTIONSCROLL	3899
1157737174964	1	INSTRUCTIONSCROLL	3902
1157737174981	1	INSTRUCTIONSCROLL	3905
1157737174998	1	INSTRUCTIONSCROLL	3909
1157737175015	1	INSTRUCTIONSCROLL	3912
1157737175032	1	INSTRUCTIONSCROLL	3916
1157737175049	1	INSTRUCTIONSCROLL	3919
1157737175065	1	INSTRUCTIONSCROLL	3922
1157737175082	1	INSTRUCTIONSCROLL	3926
1157737175099	1	INSTRUCTIONSCROLL	3929
1157737175115	1	INSTRUCTIONSCROLL	3932
1157737175132	1	INSTRUCTIONSCROLL	3936
1157737175149	1	INSTRUCTIONSCROLL	3939
1157737175165	1	INSTRUCTIONSCROLL	3942
1157737175182	1	INSTRUCTIONSCROLL	3946
1157737175199	1	INSTRUCTIONSCROLL	3949
1157737175215	1	INSTRUCTIONSCROLL	3952
1157737175232	1	INSTRUCTIONSCROLL	3956
1157737175249	1	INSTRUCTIONSCROLL	3959
1157737175265	1	INSTRUCTIONSCROLL	3962
1157737175282	1	INSTRUCTIONSCROLL	3966
1157737175299	1	INSTRUCTIONSCROLL	3967
1157737195025	1	INSTRUCTIONSTOP	Button set (OR)
1157737195096	0	E	Logging Ends
