1158599695390	0	B	Logging Begins
1158599695392	0	SESS_START	0
1158601564597	0	TRIAL	1
1158601574734	1	FACE	781	PRES1_PNPP	Correct	LL1	PP1	Target_PNPP	0	PRACTICE
1158601578499	1	FACE	781	CUE	Correct	LL1	PP1	Target_PNPP	0	PRACTICE
1158601579280	1	FACE	781	RESP	Correct	LL1	PP1	Target_PNPP	0	PRACTICE
1158601579307	0	TRIAL	2
1158601583631	1	FACE	762	PRES1_PNNN	Correct	LL1	PP1	Target_PNNN	0	PRACTICE
1158601587446	1	FACE	762	CUE	Correct	LL1	PP1	Target_PNNN	0	PRACTICE
1158601588208	0	FACE	762	RESP	Correct	LL1	PP1	Target_PNNN	0	PRACTICE
1158601588234	0	TRIAL	3
1158601591528	1	FACE	570	PRES1_NPPP	Correct	LL1	PP0	Lure_NPPN	0	PRACTICE
1158601595510	1	FACE	570	CUE	Correct	LL1	PP0	Lure_NPPN	0	PRACTICE
1158601596080	0	FACE	570	RESP	Correct	LL1	PP0	Lure_NPPN	0	PRACTICE
1158601596117	0	TRIAL	4
1158601599209	1	FACE	556	PRES1_NPNP	Correct	LL1	PP0	Lure_NPNN	0	PRACTICE
1158601603291	1	FACE	556	CUE	Correct	LL1	PP0	Lure_NPNN	0	PRACTICE
1158601603847	0	FACE	556	RESP	Correct	LL1	PP0	Lure_NPNN	0	PRACTICE
1158601603878	0	TRIAL	5
1158601606939	1	FACE	452	PRES1_PNNP	Correct	LL1	PP0	Lure_PPNN	0	PRACTICE
1158601610771	1	FACE	452	CUE	Correct	LL1	PP0	Lure_PPNN	0	PRACTICE
1158601611223	1	FACE	452	RESP	Correct	LL1	PP0	Lure_PPNN	0	PRACTICE
1158601611261	0	TRIAL	6
1158601614371	1	FACE	458	PRES1_NPPN	Correct	LL1	PP1	Target_NPPN	0	PRACTICE
1158601618253	1	FACE	458	CUE	Correct	LL1	PP1	Target_NPPN	0	PRACTICE
1158601618711	0	FACE	458	RESP	Correct	LL1	PP1	Target_NPPN	0	PRACTICE
1158601618741	0	TRIAL	7
1158601621702	1	FACE	529	PRES1_PPPP	Correct	LL1	PP1	Target_PPPP	0	PRACTICE
1158601625550	1	FACE	529	CUE	Correct	LL1	PP1	Target_PPPP	0	PRACTICE
1158601626079	0	FACE	529	RESP	Correct	LL1	PP1	Target_PPPP	0	PRACTICE
1158601626105	0	TRIAL	8
1158601628898	1	FACE	441	PRES1_PPNN	Correct	LL1	PP0	Lure_PNPP	0	PRACTICE
1158601632814	1	FACE	441	CUE	Correct	LL1	PP0	Lure_PNPP	0	PRACTICE
1158601633255	0	FACE	441	RESP	Correct	LL1	PP0	Lure_PNPP	0	PRACTICE
1158601633286	0	TRIAL	9
1158601636097	1	FACE	428	PRES1_PNPP	Correct	LL1	PP0	Lure_PNPN	0	PRACTICE
1158601639995	1	FACE	428	CUE	Correct	LL1	PP0	Lure_PNPN	0	PRACTICE
1158601640423	0	FACE	428	RESP	Correct	LL1	PP0	Lure_PNPN	0	PRACTICE
1158601640450	0	TRIAL	10
1158601643278	1	FACE	543	PRES1_NNPP	Correct	LL1	PP1	Target_NNPP	0	PRACTICE
1158601647127	1	FACE	543	CUE	Correct	LL1	PP1	Target_NNPP	0	PRACTICE
1158601647670	0	FACE	543	RESP	Correct	LL1	PP1	Target_NNPP	0	PRACTICE
1158601647699	0	TRIAL	11
1158601650725	1	FACE	480	PRES1_NNNP	Correct	LL1	PP0	Lure_PPPN	0	PRACTICE
1158601654790	1	FACE	480	CUE	Correct	LL1	PP0	Lure_PPPN	0	PRACTICE
1158601655270	0	FACE	480	RESP	Correct	LL1	PP0	Lure_PPPN	0	PRACTICE
1158601655295	0	TRIAL	12
1158601658256	1	FACE	679	PRES1_PPPN	Correct	LL1	PP0	Lure_NPPP	0	PRACTICE
1158601662055	1	FACE	679	CUE	Correct	LL1	PP0	Lure_NPPP	0	PRACTICE
1158601662734	0	FACE	679	RESP	Correct	LL1	PP0	Lure_NPPP	0	PRACTICE
1158601662759	0	TRIAL	13
1158601665903	1	FACE	526	PRES1_NNPN	Correct	LL1	PP0	Lure_PPPP	0	PRACTICE
1158601669736	1	FACE	526	CUE	Correct	LL1	PP0	Lure_PPPP	0	PRACTICE
1158601670262	0	FACE	526	RESP	Correct	LL1	PP0	Lure_PPPP	0	PRACTICE
1158601670274	0	TRIAL	14
1158601673385	1	FACE	455	PRES1_PNPN	Correct	LL1	PP0	Lure_NPNP	0	PRACTICE
1158601677150	1	FACE	455	CUE	Correct	LL1	PP0	Lure_NPNP	0	PRACTICE
1158601677605	0	FACE	455	RESP	Correct	LL1	PP0	Lure_NPNP	0	PRACTICE
1158601677638	0	TRIAL	15
1158601680516	1	FACE	540	PRES1_NPPN	Correct	LL1	PP0	Lure_PPNP	0	PRACTICE
1158601684264	1	FACE	540	CUE	Correct	LL1	PP0	Lure_PPNP	0	PRACTICE
1158601684804	0	FACE	540	RESP	Correct	LL1	PP0	Lure_PPNP	0	PRACTICE
1158601684836	0	TRIAL	16
1158601687745	1	FACE	501	PRES1_NNNN	Correct	LL1	PP0	Lure_NNNP	0	PRACTICE
1158601691744	1	FACE	501	CUE	Correct	LL1	PP0	Lure_NNNP	0	PRACTICE
1158601692245	0	FACE	501	RESP	Correct	LL1	PP0	Lure_NNNP	0	PRACTICE
1158601692283	0	TRIAL	17
1158601695344	1	FACE	495	PRES1_PPNP	Correct	LL1	PP0	Lure_NNPP	0	PRACTICE
1158601699309	1	FACE	495	CUE	Correct	LL1	PP0	Lure_NNPP	0	PRACTICE
1158601699804	0	FACE	495	RESP	Correct	LL1	PP0	Lure_NNPP	0	PRACTICE
1158601699832	0	TRIAL	18
1158601702708	1	FACE	531	PRES1_PPNN	Correct	LL1	PP1	Target_PPNN	0	PRACTICE
1158601706657	1	FACE	531	CUE	Correct	LL1	PP1	Target_PPNN	0	PRACTICE
1158601707188	1	FACE	531	RESP	Correct	LL1	PP1	Target_PPNN	0	PRACTICE
1158601707212	0	TRIAL	19
1158601710022	1	FACE	755	PRES1_NNPN	Correct	LL1	PP1	Target_NNPN	0	PRACTICE
1158601713937	1	FACE	755	CUE	Correct	LL1	PP1	Target_NNPN	0	PRACTICE
1158601714692	0	FACE	755	RESP	Correct	LL1	PP1	Target_NNPN	0	PRACTICE
1158601714726	0	TRIAL	20
1158601717587	1	FACE	477	PRES1_PPPP	Correct	LL1	PP0	Lure_NNNN	0	PRACTICE
1158601721535	1	FACE	477	CUE	Correct	LL1	PP0	Lure_NNNN	0	PRACTICE
1158601722012	0	FACE	477	RESP	Correct	LL1	PP0	Lure_NNNN	0	PRACTICE
1158601722040	0	TRIAL	21
1158601724950	1	FACE	493	PRES1_PNNN	Correct	LL1	PP0	Lure_PNNP	0	PRACTICE
1158601728799	1	FACE	493	CUE	Correct	LL1	PP0	Lure_PNNP	0	PRACTICE
1158601729292	0	FACE	493	RESP	Correct	LL1	PP0	Lure_PNNP	0	PRACTICE
1158601729322	0	TRIAL	22
1158601732448	1	FACE	643	PRES1_NNNN	Correct	LL1	PP1	Target_NNNN	0	PRACTICE
1158601736497	1	FACE	643	CUE	Correct	LL1	PP1	Target_NNNN	0	PRACTICE
1158601737140	0	FACE	643	RESP	Correct	LL1	PP1	Target_NNNN	0	PRACTICE
1158601737170	0	TRIAL	23
1158601740246	1	FACE	787	PRES1_PPNP	Correct	LL1	PP1	Target_PPNP	0	PRACTICE
1158601744111	1	FACE	787	CUE	Correct	LL1	PP1	Target_PPNP	0	PRACTICE
1158601744898	0	FACE	787	RESP	Correct	LL1	PP1	Target_PPNP	0	PRACTICE
1158601744932	0	TRIAL	24
1158601747826	1	FACE	675	PRES1_PPPN	Correct	LL1	PP1	Target_PPPN	0	PRACTICE
1158601751824	1	FACE	675	CUE	Correct	LL1	PP1	Target_PPPN	0	PRACTICE
1158601752499	0	FACE	675	RESP	Correct	LL1	PP1	Target_PPPN	0	PRACTICE
1158601752530	0	TRIAL	25
1158601755457	1	FACE	573	PRES1_PNPN	Correct	LL1	PP1	Target_PNPN	0	PRACTICE
1158601759189	1	FACE	573	CUE	Correct	LL1	PP1	Target_PNPN	0	PRACTICE
1158601759762	0	FACE	573	RESP	Correct	LL1	PP1	Target_PNPN	0	PRACTICE
1158601759794	0	TRIAL	26
1158601762821	1	FACE	489	PRES1_NPNN	Correct	LL1	PP0	Lure_NNPN	0	PRACTICE
1158601766753	1	FACE	489	CUE	Correct	LL1	PP0	Lure_NNPN	0	PRACTICE
1158601767242	1	FACE	489	RESP	Correct	LL1	PP0	Lure_NNPN	0	PRACTICE
1158601767275	0	TRIAL	27
1158601770302	1	FACE	581	PRES1_NNPP	Correct	LL1	PP0	Lure_PNNN	0	PRACTICE
1158601774101	1	FACE	581	CUE	Correct	LL1	PP0	Lure_PNNN	0	PRACTICE
1158601774682	0	FACE	581	RESP	Correct	LL1	PP0	Lure_PNNN	0	PRACTICE
1158601774711	0	TRIAL	28
1158601777667	1	FACE	632	PRES1_NNNP	Correct	LL1	PP1	Target_NNNP	0	PRACTICE
1158601781682	1	FACE	632	CUE	Correct	LL1	PP1	Target_NNNP	0	PRACTICE
1158601782314	0	FACE	632	RESP	Correct	LL1	PP1	Target_NNNP	0	PRACTICE
1158601782354	0	TRIAL	29
1158601785247	1	FACE	486	PRES1_NPNN	Correct	LL1	PP1	Target_NPNN	0	PRACTICE
1158601789196	1	FACE	486	CUE	Correct	LL1	PP1	Target_NPNN	0	PRACTICE
1158601789682	0	FACE	486	RESP	Correct	LL1	PP1	Target_NPNN	0	PRACTICE
1158601789718	0	TRIAL	30
1158601792595	1	FACE	431	PRES1_PNNP	Correct	LL1	PP1	Target_PNNP	0	PRACTICE
1158601796394	1	FACE	431	CUE	Correct	LL1	PP1	Target_PNNP	0	PRACTICE
1158601796825	0	FACE	431	RESP	Correct	LL1	PP1	Target_PNNP	0	PRACTICE
1158601796865	0	TRIAL	31
1158601799693	1	FACE	624	PRES1_NPPP	Incorrect	LL1	PP1	Target_NPPP	0	PRACTICE
1158601803641	1	FACE	624	CUE	Incorrect	LL1	PP1	Target_NPPP	0	PRACTICE
1158601804265	0	FACE	624	RESP	Incorrect	LL1	PP1	Target_NPPP	0	PRACTICE
1158601804296	0	TRIAL	32
1158601807740	1	FACE	600	PRES1_NPNP	Correct	LL1	PP1	Target_NPNP	0	PRACTICE
1158601811705	1	FACE	600	CUE	Correct	LL1	PP1	Target_NPNP	0	PRACTICE
1158601812305	0	FACE	600	RESP	Correct	LL1	PP1	Target_NPNP	0	PRACTICE
1158601819258	0	TRIAL	1
1158601823202	1	FACE	480	PRES1_PPPN	Correct	LL1	PP1	Target_PPPN	0	PRACTICE
1158601827017	1	FACE	480	CUE	Correct	LL1	PP1	Target_PPPN	0	PRACTICE
1158601827497	0	FACE	480	RESP	Correct	LL1	PP1	Target_PPPN	0	PRACTICE
1158601827522	0	TRIAL	2
1158601830316	1	FACE	487	PRES1_PNPP	Correct	LL1	PP0	Lure_NPNP	0	PRACTICE
1158601834081	1	FACE	487	CUE	Correct	LL1	PP0	Lure_NPNP	0	PRACTICE
1158601834568	1	FACE	487	RESP	Correct	LL1	PP0	Lure_NPNP	0	PRACTICE
1158601834586	0	TRIAL	3
1158601837430	1	FACE	592	PRES1_NPNP	Correct	LL1	PP1	Target_NPNP	0	PRACTICE
1158601841279	1	FACE	592	CUE	Correct	LL1	PP1	Target_NPNP	0	PRACTICE
1158601841871	0	FACE	592	RESP	Correct	LL1	PP1	Target_NPNP	0	PRACTICE
1158601841899	0	TRIAL	4
1158601844728	1	FACE	546	PRES1_PPPP	Correct	LL1	PP0	Lure_NNPP	0	PRACTICE
1158601848510	1	FACE	546	CUE	Correct	LL1	PP0	Lure_NNPP	0	PRACTICE
1158601849056	0	FACE	546	RESP	Correct	LL1	PP0	Lure_NNPP	0	PRACTICE
1158601849082	0	TRIAL	5
1158601851924	1	FACE	506	PRES1_PNNN	Correct	LL1	PP0	Lure_PPPN	0	PRACTICE
1158601855790	1	FACE	506	CUE	Correct	LL1	PP0	Lure_PPPN	0	PRACTICE
1158601856296	0	FACE	506	RESP	Correct	LL1	PP0	Lure_PPPN	0	PRACTICE
1158601856329	0	TRIAL	6
1158601859106	1	FACE	853	PRES1_PPNP	Correct	LL1	PP0	Lure_NNNN	0	PRACTICE
1158601862937	1	FACE	853	CUE	Correct	LL1	PP0	Lure_NNNN	0	PRACTICE
1158601863790	1	FACE	853	RESP	Correct	LL1	PP0	Lure_NNNN	0	PRACTICE
1158601863825	0	TRIAL	7
1158601866803	1	FACE	694	PRES1_PPPP	Correct	LL1	PP1	Target_PPPP	0	PRACTICE
1158601870569	1	FACE	694	CUE	Correct	LL1	PP1	Target_PPPP	0	PRACTICE
1158601871263	0	FACE	694	RESP	Correct	LL1	PP1	Target_PPPP	0	PRACTICE
1158601871291	0	TRIAL	8
1158601874168	1	FACE	608	PRES1_NNNP	Correct	LL1	PP1	Target_NNNP	0	PRACTICE
1158601878150	1	FACE	608	CUE	Correct	LL1	PP1	Target_NNNP	0	PRACTICE
1158601878758	0	FACE	608	RESP	Correct	LL1	PP1	Target_NNNP	0	PRACTICE
1158601878788	0	TRIAL	9
1158601881599	1	FACE	476	PRES1_NPPP	Correct	LL1	PP0	Lure_PPNN	0	PRACTICE
1158601885531	1	FACE	476	CUE	Correct	LL1	PP0	Lure_PPNN	0	PRACTICE
1158601886007	0	FACE	476	RESP	Correct	LL1	PP0	Lure_PPNN	0	PRACTICE
1158601886036	0	TRIAL	10
1158601888896	1	FACE	513	PRES1_PPNN	Incorrect	LL1	PP0	Lure_PNPN	0	PRACTICE
1158601892878	1	FACE	513	CUE	Incorrect	LL1	PP0	Lure_PNPN	0	PRACTICE
1158601893391	0	FACE	513	RESP	Incorrect	LL1	PP0	Lure_PNPN	0	PRACTICE
1158601893418	0	TRIAL	11
1158601897992	1	FACE	509	PRES1_NNPN	Correct	LL1	PP1	Target_NNPN	0	PRACTICE
1158601902009	1	FACE	509	CUE	Correct	LL1	PP1	Target_NNPN	0	PRACTICE
1158601902518	0	FACE	509	RESP	Correct	LL1	PP1	Target_NNPN	0	PRACTICE
1158601902548	0	TRIAL	12
1158601905341	1	FACE	720	PRES1_NNNP	Correct	LL1	PP0	Lure_PPNP	0	PRACTICE
1158601909406	1	FACE	720	CUE	Correct	LL1	PP0	Lure_PPNP	0	PRACTICE
1158601910126	0	FACE	720	RESP	Correct	LL1	PP0	Lure_PPNP	0	PRACTICE
1158601910162	0	TRIAL	13
1158601913172	1	FACE	574	PRES1_PPNN	Correct	LL1	PP1	Target_PPNN	0	PRACTICE
1158601917120	1	FACE	574	CUE	Correct	LL1	PP1	Target_PPNN	0	PRACTICE
1158601917694	0	FACE	574	RESP	Correct	LL1	PP1	Target_PPNN	0	PRACTICE
1158601917725	0	TRIAL	14
1158601920619	1	FACE	670	PRES1_NNPP	Correct	LL1	PP0	Lure_NNPN	0	PRACTICE
1158601924568	1	FACE	670	CUE	Correct	LL1	PP0	Lure_NNPN	0	PRACTICE
1158601925238	0	FACE	670	RESP	Correct	LL1	PP0	Lure_NNPN	0	PRACTICE
1158601925256	0	TRIAL	15
1158601928200	1	FACE	551	PRES1_PNNP	Correct	LL1	PP0	Lure_PNNN	0	PRACTICE
1158601932166	1	FACE	551	CUE	Correct	LL1	PP0	Lure_PNNN	0	PRACTICE
1158601932717	0	FACE	551	RESP	Correct	LL1	PP0	Lure_PNNN	0	PRACTICE
1158601932880	0	TRIAL	16
1158601935631	1	FACE	525	PRES1_NPPN	Correct	LL1	PP0	Lure_NNNP	0	PRACTICE
1158601939496	1	FACE	525	CUE	Correct	LL1	PP0	Lure_NNNP	0	PRACTICE
1158601940021	0	FACE	525	RESP	Correct	LL1	PP0	Lure_NNNP	0	PRACTICE
1158601940051	0	TRIAL	17
1158601942928	1	FACE	609	PRES1_NPPP	Correct	LL1	PP1	Target_NPPP	0	PRACTICE
1158601946860	1	FACE	609	CUE	Correct	LL1	PP1	Target_NPPP	0	PRACTICE
1158601947469	0	FACE	609	RESP	Correct	LL1	PP1	Target_NPPP	0	PRACTICE
1158601947499	0	TRIAL	18
1158601950443	1	FACE	675	PRES1_NNPN	Correct	LL1	PP0	Lure_NPNN	0	PRACTICE
1158601954225	1	FACE	675	CUE	Correct	LL1	PP0	Lure_NPNN	0	PRACTICE
1158601954900	0	FACE	675	RESP	Correct	LL1	PP0	Lure_NPNN	0	PRACTICE
1158601954912	0	TRIAL	19
1158601957789	1	FACE	490	PRES1_PNNN	Correct	LL1	PP1	Target_PNNN	0	PRACTICE
1158601961722	1	FACE	490	CUE	Correct	LL1	PP1	Target_PNNN	0	PRACTICE
1158601962212	0	FACE	490	RESP	Correct	LL1	PP1	Target_PNNN	0	PRACTICE
1158601962244	0	TRIAL	20
1158601965155	1	FACE	522	PRES1_PNPN	Correct	LL1	PP0	Lure_PNPP	0	PRACTICE
1158601969170	1	FACE	522	CUE	Correct	LL1	PP0	Lure_PNPP	0	PRACTICE
1158601969692	0	FACE	522	RESP	Correct	LL1	PP0	Lure_PNPP	0	PRACTICE
1158601969730	0	TRIAL	21
1158601972719	1	FACE	766	PRES1_NPPN	Correct	LL1	PP1	Target_NPPN	0	PRACTICE
1158601976750	1	FACE	766	CUE	Correct	LL1	PP1	Target_NPPN	0	PRACTICE
1158601977516	0	FACE	766	RESP	Correct	LL1	PP1	Target_NPPN	0	PRACTICE
1158601977556	0	TRIAL	22
1158601980383	1	FACE	927	PRES1_NNPP	Correct	LL1	PP1	Target_NNPP	0	PRACTICE
1158601984165	1	FACE	927	CUE	Correct	LL1	PP1	Target_NNPP	0	PRACTICE
1158601985092	0	FACE	927	RESP	Correct	LL1	PP1	Target_NNPP	0	PRACTICE
1158601985104	0	TRIAL	23
1158601988097	1	FACE	820	PRES1_PPNP	Correct	LL1	PP1	Target_PPNP	0	PRACTICE
1158601992046	1	FACE	820	CUE	Correct	LL1	PP1	Target_PPNP	0	PRACTICE
1158601992866	1	FACE	820	RESP	Correct	LL1	PP1	Target_PPNP	0	PRACTICE
1158601992899	0	TRIAL	24
1158601995711	1	FACE	485	PRES1_NNNN	Incorrect	LL1	PP1	Target_NNNN	0	PRACTICE
1158601999493	1	FACE	485	CUE	Incorrect	LL1	PP1	Target_NNNN	0	PRACTICE
1158601999978	0	FACE	485	RESP	Incorrect	LL1	PP1	Target_NNNN	0	PRACTICE
1158602000075	0	TRIAL	25
1158602003475	1	FACE	800	PRES1_NPNN	Correct	LL1	PP1	Target_NPNN	0	PRACTICE
1158602007491	1	FACE	800	CUE	Correct	LL1	PP1	Target_NPNN	0	PRACTICE
1158602008291	0	FACE	800	RESP	Correct	LL1	PP1	Target_NPNN	0	PRACTICE
1158602008329	0	TRIAL	26
1158602011472	1	FACE	613	PRES1_PPPN	Correct	LL1	PP0	Lure_PPPP	0	PRACTICE
1158602015438	1	FACE	613	CUE	Correct	LL1	PP0	Lure_PPPP	0	PRACTICE
1158602016051	0	FACE	613	RESP	Correct	LL1	PP0	Lure_PPPP	0	PRACTICE
1158602016076	0	TRIAL	27
1158602019070	1	FACE	752	PRES1_NPNP	Correct	LL1	PP0	Lure_PNNP	0	PRACTICE
1158602022834	1	FACE	752	CUE	Correct	LL1	PP0	Lure_PNNP	0	PRACTICE
1158602023586	1	FACE	752	RESP	Correct	LL1	PP0	Lure_PNNP	0	PRACTICE
1158602023624	0	TRIAL	28
1158602027101	1	FACE	424	PRES1_PNNP	Correct	LL1	PP1	Target_PNNP	0	PRACTICE
1158602030898	1	FACE	424	CUE	Correct	LL1	PP1	Target_PNNP	0	PRACTICE
1158602031322	0	FACE	424	RESP	Correct	LL1	PP1	Target_PNNP	0	PRACTICE
1158602031355	0	TRIAL	29
1158602034082	1	FACE	554	PRES1_PNPP	Correct	LL1	PP1	Target_PNPP	0	PRACTICE
1158602038064	1	FACE	554	CUE	Correct	LL1	PP1	Target_PNPP	0	PRACTICE
1158602038618	0	FACE	554	RESP	Correct	LL1	PP1	Target_PNPP	0	PRACTICE
1158602038652	0	TRIAL	30
1158602041446	1	FACE	638	PRES1_NNNN	Correct	LL1	PP0	Lure_NPPP	0	PRACTICE
1158602045211	1	FACE	638	CUE	Correct	LL1	PP0	Lure_NPPP	0	PRACTICE
1158602045849	0	FACE	638	RESP	Correct	LL1	PP0	Lure_NPPP	0	PRACTICE
1158602045882	0	TRIAL	31
1158602048776	1	FACE	934	PRES1_PNPN	Incorrect	LL1	PP1	Target_PNPN	0	PRACTICE
1158602052659	1	FACE	934	CUE	Incorrect	LL1	PP1	Target_PNPN	0	PRACTICE
1158602053593	1	FACE	934	RESP	Incorrect	LL1	PP1	Target_PNPN	0	PRACTICE
1158602053630	0	TRIAL	32
1158602056873	1	FACE	661	PRES1_NPNN	Incorrect	LL1	PP0	Lure_NPPN	0	PRACTICE
1158602060740	1	FACE	661	CUE	Incorrect	LL1	PP0	Lure_NPPN	0	PRACTICE
1158602061401	1	FACE	661	RESP	Incorrect	LL1	PP0	Lure_NPPN	0	PRACTICE
1158602072361	0	SESS_END	1
1158602072369	0	E	Logging Ends
