1158607245923	0	B	Logging Begins
1158607245924	0	SESS_START	0
1158607359843	0	TRIAL	1
1158607367631	1	FACE	1096	PRES1_NPPN	Incorrect	LL1	PP1	Target_NPPN	0	PRACTICE
1158607371530	1	FACE	1096	CUE	Incorrect	LL1	PP1	Target_NPPN	0	PRACTICE
1158607372626	0	FACE	1096	RESP	Incorrect	LL1	PP1	Target_NPPN	0	PRACTICE
1158607372653	0	TRIAL	2
1158607377311	1	FACE	852	PRES1_PPNN	Correct	LL1	PP1	Target_PPNN	0	PRACTICE
1158607381310	1	FACE	852	CUE	Correct	LL1	PP1	Target_PPNN	0	PRACTICE
1158607382162	0	FACE	852	RESP	Correct	LL1	PP1	Target_PPNN	0	PRACTICE
1158607382181	0	TRIAL	3
1158607385957	1	FACE	612	PRES1_NPNN	Correct	LL1	PP1	Target_NPNN	0	PRACTICE
1158607389989	1	FACE	612	CUE	Correct	LL1	PP1	Target_NPNN	0	PRACTICE
1158607390601	1	FACE	612	RESP	Correct	LL1	PP1	Target_NPNN	0	PRACTICE
1158607390630	0	TRIAL	4
1158607393872	1	FACE	843	PRES1_PPPP	Correct	LL1	PP1	Target_PPPP	0	PRACTICE
1158607397854	1	FACE	843	CUE	Correct	LL1	PP1	Target_PPPP	0	PRACTICE
1158607398697	0	FACE	843	RESP	Correct	LL1	PP1	Target_PPPP	0	PRACTICE
1158607398726	0	TRIAL	5
1158607402136	1	FACE	851	PRES1_NPNP	Correct	LL1	PP0	Lure_NNPP	0	PRACTICE
1158607405950	1	FACE	851	CUE	Correct	LL1	PP0	Lure_NNPP	0	PRACTICE
1158607406801	0	FACE	851	RESP	Correct	LL1	PP0	Lure_NNPP	0	PRACTICE
1158607406842	0	TRIAL	6
1158607410100	1	FACE	702	PRES1_PNNN	Correct	LL1	PP0	Lure_NNNP	0	PRACTICE
1158607414099	1	FACE	702	CUE	Correct	LL1	PP0	Lure_NNNP	0	PRACTICE
1158607414801	0	FACE	702	RESP	Correct	LL1	PP0	Lure_NNNP	0	PRACTICE
1158607414838	0	TRIAL	7
1158607417897	1	FACE	751	PRES1_NPPN	Correct	LL1	PP0	Lure_PPNN	0	PRACTICE
1158607421746	1	FACE	751	CUE	Correct	LL1	PP0	Lure_PPNN	0	PRACTICE
1158607422497	0	FACE	751	RESP	Correct	LL1	PP0	Lure_PPNN	0	PRACTICE
1158607422535	0	TRIAL	8
1158607425812	1	FACE	761	PRES1_PPNP	Correct	LL1	PP0	Lure_NPPP	0	PRACTICE
1158607429727	1	FACE	761	CUE	Correct	LL1	PP0	Lure_NPPP	0	PRACTICE
1158607430488	0	FACE	761	RESP	Correct	LL1	PP0	Lure_NPPP	0	PRACTICE
1158607430517	0	TRIAL	9
1158607433792	1	FACE	589	PRES1_NPPP	Correct	LL1	PP0	Lure_NNPN	0	PRACTICE
1158607437691	1	FACE	589	CUE	Correct	LL1	PP0	Lure_NNPN	0	PRACTICE
1158607438280	0	FACE	589	RESP	Correct	LL1	PP0	Lure_NNPN	0	PRACTICE
1158607438312	0	TRIAL	10
1158607441173	1	FACE	818	PRES1_PNNP	Correct	LL1	PP0	Lure_NPNN	0	PRACTICE
1158607445238	1	FACE	818	CUE	Correct	LL1	PP0	Lure_NPNN	0	PRACTICE
1158607446056	0	FACE	818	RESP	Correct	LL1	PP0	Lure_NPNN	0	PRACTICE
1158607446095	0	TRIAL	11
1158607449337	1	FACE	896	PRES1_PNPP	Correct	LL1	PP1	Target_PNPP	0	PRACTICE
1158607453336	1	FACE	896	CUE	Correct	LL1	PP1	Target_PNPP	0	PRACTICE
1158607454232	0	FACE	896	RESP	Correct	LL1	PP1	Target_PNPP	0	PRACTICE
1158607454258	0	TRIAL	12
1158607457334	1	FACE	973	PRES1_NNPP	Correct	LL1	PP0	Lure_NNNN	0	PRACTICE
1158607461250	1	FACE	973	CUE	Correct	LL1	PP0	Lure_NNNN	0	PRACTICE
1158607462223	0	FACE	973	RESP	Correct	LL1	PP0	Lure_NNNN	0	PRACTICE
1158607462256	0	TRIAL	13
1158607465365	1	FACE	1223	PRES1_NPPP	Incorrect	LL1	PP1	Target_NPPP	0	PRACTICE
1158607469280	1	FACE	1223	CUE	Incorrect	LL1	PP1	Target_NPPP	0	PRACTICE
1158607470503	0	FACE	1223	RESP	Incorrect	LL1	PP1	Target_NPPP	0	PRACTICE
1158607470535	0	TRIAL	14
1158607473546	1	FACE	857	PRES1_PNNN	Correct	LL1	PP1	Target_PNNN	0	PRACTICE
1158607477478	1	FACE	857	CUE	Correct	LL1	PP1	Target_PNNN	0	PRACTICE
1158607478335	0	FACE	857	RESP	Correct	LL1	PP1	Target_PNNN	0	PRACTICE
1158607478366	0	TRIAL	15
1158607481093	1	FACE	1232	PRES1_PNPP	Incorrect	LL1	PP0	Lure_PPNP	0	PRACTICE
1158607485142	1	FACE	1232	CUE	Incorrect	LL1	PP0	Lure_PPNP	0	PRACTICE
1158607486374	1	FACE	1232	RESP	Incorrect	LL1	PP0	Lure_PPNP	0	PRACTICE
1158607486415	0	TRIAL	16
1158607489357	1	FACE	770	PRES1_PPPN	Incorrect	LL1	PP1	Target_PPPN	0	PRACTICE
1158607493372	1	FACE	770	CUE	Incorrect	LL1	PP1	Target_PPPN	0	PRACTICE
1158607494142	0	FACE	770	RESP	Incorrect	LL1	PP1	Target_PPPN	0	PRACTICE
1158607494177	0	TRIAL	17
1158607497038	1	FACE	771	PRES1_PNNP	Correct	LL1	PP1	Target_PNNP	0	PRACTICE
1158607501003	1	FACE	771	CUE	Correct	LL1	PP1	Target_PNNP	0	PRACTICE
1158607501774	0	FACE	771	RESP	Correct	LL1	PP1	Target_PNNP	0	PRACTICE
1158607501809	0	TRIAL	18
1158607505685	1	FACE	659	PRES1_PPNP	Correct	LL1	PP1	Target_PPNP	0	PRACTICE
1158607509667	1	FACE	659	CUE	Correct	LL1	PP1	Target_PPNP	0	PRACTICE
1158607510326	0	FACE	659	RESP	Correct	LL1	PP1	Target_PPNP	0	PRACTICE
1158607510355	0	TRIAL	19
1158607513366	1	FACE	643	PRES1_NNNN	Correct	LL1	PP0	Lure_NPNP	0	PRACTICE
1158607517314	1	FACE	643	CUE	Correct	LL1	PP0	Lure_NPNP	0	PRACTICE
1158607517957	0	FACE	643	RESP	Correct	LL1	PP0	Lure_NPNP	0	PRACTICE
1158607517986	0	TRIAL	20
1158607520996	1	FACE	628	PRES1_NNPP	Correct	LL1	PP1	Target_NNPP	0	PRACTICE
1158607524961	1	FACE	628	CUE	Correct	LL1	PP1	Target_NNPP	0	PRACTICE
1158607525589	0	FACE	628	RESP	Correct	LL1	PP1	Target_NNPP	0	PRACTICE
1158607525617	0	TRIAL	21
1158607528611	1	FACE	826	PRES1_PPNN	Incorrect	LL1	PP0	Lure_PPPN	0	PRACTICE
1158607532459	1	FACE	826	CUE	Incorrect	LL1	PP0	Lure_PPPN	0	PRACTICE
1158607533285	0	FACE	826	RESP	Incorrect	LL1	PP0	Lure_PPPN	0	PRACTICE
1158607533314	0	TRIAL	22
1158607536358	1	FACE	1036	PRES1_NNPN	Correct	LL1	PP0	Lure_PNNP	0	PRACTICE
1158607540257	1	FACE	1036	CUE	Correct	LL1	PP0	Lure_PNNP	0	PRACTICE
1158607541293	0	FACE	1036	RESP	Correct	LL1	PP0	Lure_PNNP	0	PRACTICE
1158607541330	0	TRIAL	23
1158607544222	1	FACE	807	PRES1_NNNN	Correct	LL1	PP1	Target_NNNN	0	PRACTICE
1158607548238	1	FACE	807	CUE	Correct	LL1	PP1	Target_NNNN	0	PRACTICE
1158607549045	0	FACE	807	RESP	Correct	LL1	PP1	Target_NNNN	0	PRACTICE
1158607549059	0	TRIAL	24
1158607551853	1	FACE	700	PRES1_NNNP	Correct	LL1	PP0	Lure_NPPN	0	PRACTICE
1158607555768	1	FACE	700	CUE	Correct	LL1	PP0	Lure_NPPN	0	PRACTICE
1158607556468	0	FACE	700	RESP	Correct	LL1	PP0	Lure_NPPN	0	PRACTICE
1158607556507	0	TRIAL	25
1158607559684	1	FACE	619	PRES1_NPNN	Correct	LL1	PP0	Lure_PNNN	0	PRACTICE
1158607563633	1	FACE	619	CUE	Correct	LL1	PP0	Lure_PNNN	0	PRACTICE
1158607564252	0	FACE	619	RESP	Correct	LL1	PP0	Lure_PNNN	0	PRACTICE
1158607564287	0	TRIAL	26
1158607567381	1	FACE	690	PRES1_PPPP	Correct	LL1	PP0	Lure_PNPN	0	PRACTICE
1158607571130	1	FACE	690	CUE	Correct	LL1	PP0	Lure_PNPN	0	PRACTICE
1158607571820	0	FACE	690	RESP	Correct	LL1	PP0	Lure_PNPN	0	PRACTICE
1158607571852	0	TRIAL	27
1158607574912	1	FACE	1054	PRES1_NPNP	Incorrect	LL1	PP1	Target_NPNP	0	PRACTICE
1158607578678	1	FACE	1054	CUE	Incorrect	LL1	PP1	Target_NPNP	0	PRACTICE
1158607579732	0	FACE	1054	RESP	Incorrect	LL1	PP1	Target_NPNP	0	PRACTICE
1158607579771	0	TRIAL	28
1158607582660	1	FACE	913	PRES1_PNPN	Correct	LL1	PP1	Target_PNPN	0	PRACTICE
1158607586458	1	FACE	913	CUE	Correct	LL1	PP1	Target_PNPN	0	PRACTICE
1158607587371	1	FACE	913	RESP	Correct	LL1	PP1	Target_PNPN	0	PRACTICE
1158607587396	0	TRIAL	29
1158607590574	1	FACE	663	PRES1_PPPN	Correct	LL1	PP0	Lure_PPPP	0	PRACTICE
1158607594572	1	FACE	663	CUE	Correct	LL1	PP0	Lure_PPPP	0	PRACTICE
1158607595235	0	FACE	663	RESP	Correct	LL1	PP0	Lure_PPPP	0	PRACTICE
1158607595260	0	TRIAL	30
1158607598171	1	FACE	781	PRES1_NNPN	Correct	LL1	PP1	Target_NNPN	0	PRACTICE
1158607602086	1	FACE	781	CUE	Correct	LL1	PP1	Target_NNPN	0	PRACTICE
1158607602867	0	FACE	781	RESP	Correct	LL1	PP1	Target_NNPN	0	PRACTICE
1158607602892	0	TRIAL	31
1158607605652	1	FACE	802	PRES1_NNNP	Correct	LL1	PP1	Target_NNNP	0	PRACTICE
1158607609617	1	FACE	802	CUE	Correct	LL1	PP1	Target_NNNP	0	PRACTICE
1158607610419	0	FACE	802	RESP	Correct	LL1	PP1	Target_NNNP	0	PRACTICE
1158607610456	0	TRIAL	32
1158607613433	1	FACE	564	PRES1_PNPN	Incorrect	LL1	PP0	Lure_PNPP	0	PRACTICE
1158607617231	1	FACE	564	CUE	Incorrect	LL1	PP0	Lure_PNPP	0	PRACTICE
1158607617795	0	FACE	564	RESP	Incorrect	LL1	PP0	Lure_PNPP	0	PRACTICE
1158607625284	0	TRIAL	1
1158607628728	1	FACE	749	PRES1_PNPN	Correct	LL1	PP0	Lure_PPNN	0	PRACTICE
1158607632693	1	FACE	749	CUE	Correct	LL1	PP0	Lure_PPNN	0	PRACTICE
1158607633442	0	FACE	749	RESP	Correct	LL1	PP0	Lure_PPNN	0	PRACTICE
1158607633481	0	TRIAL	2
1158607637175	1	FACE	545	PRES1_NNPP	Correct	LL1	PP1	Target_NNPP	0	PRACTICE
1158607641073	1	FACE	545	CUE	Correct	LL1	PP1	Target_NNPP	0	PRACTICE
1158607641618	0	FACE	545	RESP	Correct	LL1	PP1	Target_NNPP	0	PRACTICE
1158607641646	0	TRIAL	3
1158607644622	1	FACE	756	PRES1_NPNN	Correct	LL1	PP1	Target_NPNN	0	PRACTICE
1158607648454	1	FACE	756	CUE	Correct	LL1	PP1	Target_NPNN	0	PRACTICE
1158607649210	0	FACE	756	RESP	Correct	LL1	PP1	Target_NPNN	0	PRACTICE
1158607649226	0	TRIAL	4
1158607652453	1	FACE	662	PRES1_NNNP	Correct	LL1	PP1	Target_NNNP	0	PRACTICE
1158607656435	1	FACE	662	CUE	Correct	LL1	PP1	Target_NNNP	0	PRACTICE
1158607657097	0	FACE	662	RESP	Correct	LL1	PP1	Target_NNNP	0	PRACTICE
1158607657123	0	TRIAL	5
1158607660567	1	FACE	900	PRES1_PPNP	Correct	LL1	PP0	Lure_NNPN	0	PRACTICE
1158607664549	1	FACE	900	CUE	Correct	LL1	PP0	Lure_NNPN	0	PRACTICE
1158607665449	0	FACE	900	RESP	Correct	LL1	PP0	Lure_NNPN	0	PRACTICE
1158607665489	0	TRIAL	6
1158607668298	1	FACE	664	PRES1_PNPP	Correct	LL1	PP1	Target_PNPP	0	PRACTICE
1158607672280	1	FACE	664	CUE	Correct	LL1	PP1	Target_PNPP	0	PRACTICE
1158607672944	0	FACE	664	RESP	Correct	LL1	PP1	Target_PNPP	0	PRACTICE
1158607672985	0	TRIAL	7
1158607676029	1	FACE	678	PRES1_NPPN	Correct	LL1	PP0	Lure_NNNN	0	PRACTICE
1158607679827	1	FACE	678	CUE	Correct	LL1	PP0	Lure_NNNN	0	PRACTICE
1158607680505	0	FACE	678	RESP	Correct	LL1	PP0	Lure_NNNN	0	PRACTICE
1158607680533	0	TRIAL	8
1158607683493	1	FACE	598	PRES1_NNPP	Correct	LL1	PP0	Lure_PNNN	0	PRACTICE
1158607687258	1	FACE	598	CUE	Correct	LL1	PP0	Lure_PNNN	0	PRACTICE
1158607687856	0	FACE	598	RESP	Correct	LL1	PP0	Lure_PNNN	0	PRACTICE
1158607687881	0	TRIAL	9
1158607690790	1	FACE	940	PRES1_PNNP	Correct	LL1	PP0	Lure_PPPP	0	PRACTICE
1158607694756	1	FACE	940	CUE	Correct	LL1	PP0	Lure_PPPP	0	PRACTICE
1158607695696	0	FACE	940	RESP	Correct	LL1	PP0	Lure_PPPP	0	PRACTICE
1158607695729	0	TRIAL	10
1158607698953	1	FACE	608	PRES1_PPNN	Correct	LL1	PP1	Target_PPNN	0	PRACTICE
1158607702720	1	FACE	608	CUE	Correct	LL1	PP1	Target_PPNN	0	PRACTICE
1158607703328	0	FACE	608	RESP	Correct	LL1	PP1	Target_PPNN	0	PRACTICE
1158607703381	0	TRIAL	11
1158607706752	1	FACE	812	PRES1_PNPP	Incorrect	LL1	PP0	Lure_NPNP	0	PRACTICE
1158607710500	1	FACE	812	CUE	Incorrect	LL1	PP0	Lure_NPNP	0	PRACTICE
1158607711312	0	FACE	812	RESP	Incorrect	LL1	PP0	Lure_NPNP	0	PRACTICE
1158607711339	0	TRIAL	12
1158607714299	1	FACE	828	PRES1_PNNN	Correct	LL1	PP1	Target_PNNN	0	PRACTICE
1158607718315	1	FACE	828	CUE	Correct	LL1	PP1	Target_PNNN	0	PRACTICE
1158607719143	0	FACE	828	RESP	Correct	LL1	PP1	Target_PNNN	0	PRACTICE
1158607719169	0	TRIAL	13
1158607722496	1	FACE	778	PRES1_PNNP	Correct	LL1	PP1	Target_PNNP	0	PRACTICE
1158607726445	1	FACE	778	CUE	Correct	LL1	PP1	Target_PNNP	0	PRACTICE
1158607727223	0	FACE	778	RESP	Correct	LL1	PP1	Target_PNNP	0	PRACTICE
1158607727251	0	TRIAL	14
1158607730194	1	FACE	696	PRES1_NNPN	Correct	LL1	PP0	Lure_PPPN	0	PRACTICE
1158607734143	1	FACE	696	CUE	Correct	LL1	PP0	Lure_PPPN	0	PRACTICE
1158607734839	0	FACE	696	RESP	Correct	LL1	PP0	Lure_PPPN	0	PRACTICE
1158607734865	0	TRIAL	15
1158607738308	1	FACE	725	PRES1_PPNP	Correct	LL1	PP1	Target_PPNP	0	PRACTICE
1158607742090	1	FACE	725	CUE	Correct	LL1	PP1	Target_PPNP	0	PRACTICE
1158607742815	0	FACE	725	RESP	Correct	LL1	PP1	Target_PPNP	0	PRACTICE
1158607742846	0	TRIAL	16
1158607745755	1	FACE	594	PRES1_NPPN	Correct	LL1	PP1	Target_NPPN	0	PRACTICE
1158607749604	1	FACE	594	CUE	Correct	LL1	PP1	Target_NPPN	0	PRACTICE
1158607750198	1	FACE	594	RESP	Correct	LL1	PP1	Target_NPPN	0	PRACTICE
1158607750227	0	TRIAL	17
1158607753253	1	FACE	583	PRES1_NNNN	Correct	LL1	PP0	Lure_NPPP	0	PRACTICE
1158607757135	1	FACE	583	CUE	Correct	LL1	PP0	Lure_NPPP	0	PRACTICE
1158607757718	0	FACE	583	RESP	Correct	LL1	PP0	Lure_NPPP	0	PRACTICE
1158607757757	0	TRIAL	18
1158607760700	1	FACE	546	PRES1_NPPP	Correct	LL1	PP1	Target_NPPP	0	PRACTICE
1158607764732	1	FACE	546	CUE	Correct	LL1	PP1	Target_NPPP	0	PRACTICE
1158607765278	0	FACE	546	RESP	Correct	LL1	PP1	Target_NPPP	0	PRACTICE
1158607765305	0	TRIAL	19
1158607768231	1	FACE	926	PRES1_NPNP	Correct	LL1	PP0	Lure_NPNN	0	PRACTICE
1158607772080	1	FACE	926	CUE	Correct	LL1	PP0	Lure_NPNN	0	PRACTICE
1158607773006	0	FACE	926	RESP	Correct	LL1	PP0	Lure_NPNN	0	PRACTICE
1158607773035	0	TRIAL	20
1158607775779	1	FACE	1391	PRES1_PNNN	Correct	LL1	PP0	Lure_PPNP	0	PRACTICE
1158607779711	1	FACE	1391	CUE	Correct	LL1	PP0	Lure_PPNP	0	PRACTICE
1158607781102	0	FACE	1391	RESP	Correct	LL1	PP0	Lure_PPNP	0	PRACTICE
1158607781137	0	TRIAL	21
1158607784026	1	FACE	909	PRES1_PPNN	Correct	LL1	PP0	Lure_PNNP	0	PRACTICE
1158607787808	1	FACE	909	CUE	Correct	LL1	PP0	Lure_PNNP	0	PRACTICE
1158607788717	0	FACE	909	RESP	Correct	LL1	PP0	Lure_PNNP	0	PRACTICE
1158607788746	0	TRIAL	22
1158607791640	1	FACE	971	PRES1_NPPP	Correct	LL1	PP0	Lure_NNNP	0	PRACTICE
1158607795506	1	FACE	971	CUE	Correct	LL1	PP0	Lure_NNNP	0	PRACTICE
1158607796477	0	FACE	971	RESP	Correct	LL1	PP0	Lure_NNNP	0	PRACTICE
1158607796511	0	TRIAL	23
1158607799354	1	FACE	908	PRES1_NPNP	Correct	LL1	PP1	Target_NPNP	0	PRACTICE
1158607803353	1	FACE	908	CUE	Correct	LL1	PP1	Target_NPNP	0	PRACTICE
1158607804261	0	FACE	908	RESP	Correct	LL1	PP1	Target_NPNP	0	PRACTICE
1158607804291	0	TRIAL	24
1158607807502	1	FACE	680	PRES1_NNNP	Incorrect	LL1	PP0	Lure_NNPP	0	PRACTICE
1158607811517	1	FACE	680	CUE	Incorrect	LL1	PP0	Lure_NNPP	0	PRACTICE
1158607812197	0	FACE	680	RESP	Incorrect	LL1	PP0	Lure_NNPP	0	PRACTICE
1158607812222	0	TRIAL	25
1158607815399	1	FACE	839	PRES1_PPPN	Correct	LL1	PP0	Lure_PNPP	0	PRACTICE
1158607819381	1	FACE	839	CUE	Correct	LL1	PP0	Lure_PNPP	0	PRACTICE
1158607820220	0	FACE	839	RESP	Correct	LL1	PP0	Lure_PNPP	0	PRACTICE
1158607820252	0	TRIAL	26
1158607823096	1	FACE	1211	PRES1_NNNN	Correct	LL1	PP1	Target_NNNN	0	PRACTICE
1158607827145	1	FACE	1211	CUE	Correct	LL1	PP1	Target_NNNN	0	PRACTICE
1158607828356	0	FACE	1211	RESP	Correct	LL1	PP1	Target_NNNN	0	PRACTICE
1158607828384	0	TRIAL	27
1158607831194	1	FACE	1026	PRES1_PNPN	Correct	LL1	PP1	Target_PNPN	0	PRACTICE
1158607835026	1	FACE	1026	CUE	Correct	LL1	PP1	Target_PNPN	0	PRACTICE
1158607836052	0	FACE	1026	RESP	Correct	LL1	PP1	Target_PNPN	0	PRACTICE
1158607836082	0	TRIAL	28
1158607839008	1	FACE	708	PRES1_PPPP	Correct	LL1	PP1	Target_PPPP	0	PRACTICE
1158607842840	1	FACE	708	CUE	Correct	LL1	PP1	Target_PPPP	0	PRACTICE
1158607843548	0	FACE	708	RESP	Correct	LL1	PP1	Target_PPPP	0	PRACTICE
1158607843579	0	TRIAL	29
1158607846489	1	FACE	862	PRES1_PPPN	Incorrect	LL1	PP1	Target_PPPN	0	PRACTICE
1158607850437	1	FACE	862	CUE	Incorrect	LL1	PP1	Target_PPPN	0	PRACTICE
1158607851299	0	FACE	862	RESP	Incorrect	LL1	PP1	Target_PPPN	0	PRACTICE
1158607851325	0	TRIAL	30
1158607854253	1	FACE	792	PRES1_NNPN	Correct	LL1	PP1	Target_NNPN	0	PRACTICE
1158607858251	1	FACE	792	CUE	Correct	LL1	PP1	Target_NNPN	0	PRACTICE
1158607859043	0	FACE	792	RESP	Correct	LL1	PP1	Target_NNPN	0	PRACTICE
1158607859074	0	TRIAL	31
1158607862034	1	FACE	672	PRES1_PPPP	Correct	LL1	PP0	Lure_PNPN	0	PRACTICE
1158607865931	1	FACE	672	CUE	Correct	LL1	PP0	Lure_PNPN	0	PRACTICE
1158607866603	0	FACE	672	RESP	Correct	LL1	PP0	Lure_PNPN	0	PRACTICE
1158607866637	0	TRIAL	32
1158607869598	1	FACE	846	PRES1_NPNN	Incorrect	LL1	PP0	Lure_NPPN	0	PRACTICE
1158607873613	1	FACE	846	CUE	Incorrect	LL1	PP0	Lure_NPPN	0	PRACTICE
1158607874459	0	FACE	846	RESP	Incorrect	LL1	PP0	Lure_NPPN	0	PRACTICE
1158607883945	0	SESS_END	1
1158607883952	0	E	Logging Ends
