1169220086283	0	B	Logging Begins
1169220086283	0	INSTRUCTIONSTART	JointRoller	/Library/Frameworks/Python.framework/Versions/2.4/lib/python2.4/site-packages/pyepl/resources/vera.ttf	64	(0, 0, 0)	'In the following experiment, your memory for associating names with faces will be tested.  The task is difficult and requires concentration, so if you need a break at any time let the experimenter know.\n\nSixteen faces will be presented on the screen, consecutively, accompanied by their names.  A woman\'s voice will also speak the name when the face appears on the screen.  After five seconds, the face will disappear from the screen, a star (*) will flash on the screen for one second, and then the next face and name will appear.\n\nAfter you have seen all sixteen faces and names, you will be prompted to press any key in order to move on to a testing period.  During each trial of the testing period, you will see a face with name underneath it.  You will have to decide whether or not the name is paired with the appropriate face.  \n\nYou will respond on the keyboard, with a confidence judgment between 1 and 6.  A judgment of 1 indicates that you are near certain that the name given is incorrectly paired with the face, a judgment of 2 indicates moderate confidence, and a judgment of 3 indicates that you think the name is incorrectly paired with the face, but are quite unsure.  A judgment of 6 indicates that you are near certain that the name given is correctly paired with the face, a judgment of 5 indicates moderate confidence, and a judgment of 4 indicates that you think the name is correctly paired with the face, but are quite unsure.\n\nYou should rest your fingers on the bottom row of the keyboard.  "Z", "X", and  "C" will correspond to confidence judgments of 1, 2, and 3, respectively.  ",", ".", and "/" will correspond to confidence judgments of 4, 5, and 6, respectively.\n\nAfter five seconds the name and face will disappear from the screen, a star will flash on the screen for one second, and then the next name and face pair will appear on the screen.  You will see sixteen name-face pairs per test period.  You should try to reply as quickly and accurately as you can.\n\nThere will be ten study periods and ten test periods, alternating.  Each face will have the same name over the entire course of the experiment, so your task is to try and learn the faces\' names as quickly and accurately as possible.\n\nDo you have any questions?\n\nPress <ENTER> to continue.\n'
1169220086362	1	INSTRUCTIONSCROLL	0
1169220095828	1	INSTRUCTIONSCROLL	1
1169220095845	1	INSTRUCTIONSCROLL	4
1169220095862	1	INSTRUCTIONSCROLL	8
1169220095878	1	INSTRUCTIONSCROLL	11
1169220095895	1	INSTRUCTIONSCROLL	14
1169220095912	1	INSTRUCTIONSCROLL	18
1169220095928	1	INSTRUCTIONSCROLL	21
1169220096129	1	INSTRUCTIONSCROLL	22
1169220096146	1	INSTRUCTIONSCROLL	25
1169220096162	1	INSTRUCTIONSCROLL	28
1169220096178	1	INSTRUCTIONSCROLL	31
1169220096195	1	INSTRUCTIONSCROLL	35
1169220096212	1	INSTRUCTIONSCROLL	38
1169220096228	1	INSTRUCTIONSCROLL	41
1169220096245	1	INSTRUCTIONSCROLL	45
1169220096262	1	INSTRUCTIONSCROLL	48
1169220096278	1	INSTRUCTIONSCROLL	51
1169220096295	1	INSTRUCTIONSCROLL	55
1169220096312	1	INSTRUCTIONSCROLL	58
1169220096328	1	INSTRUCTIONSCROLL	61
1169220096345	1	INSTRUCTIONSCROLL	65
1169220096362	1	INSTRUCTIONSCROLL	68
1169220096378	1	INSTRUCTIONSCROLL	71
1169220096395	1	INSTRUCTIONSCROLL	75
1169220096412	1	INSTRUCTIONSCROLL	78
1169220096428	1	INSTRUCTIONSCROLL	81
1169220096445	1	INSTRUCTIONSCROLL	85
1169220096462	1	INSTRUCTIONSCROLL	88
1169220096478	1	INSTRUCTIONSCROLL	91
1169220096495	1	INSTRUCTIONSCROLL	95
1169220096512	1	INSTRUCTIONSCROLL	98
1169220096528	1	INSTRUCTIONSCROLL	101
1169220096545	1	INSTRUCTIONSCROLL	105
1169220096562	1	INSTRUCTIONSCROLL	108
1169220096578	1	INSTRUCTIONSCROLL	111
1169220096595	1	INSTRUCTIONSCROLL	115
1169220096612	1	INSTRUCTIONSCROLL	118
1169220096628	1	INSTRUCTIONSCROLL	121
1169220096645	1	INSTRUCTIONSCROLL	125
1169220096661	1	INSTRUCTIONSCROLL	128
1169220096678	1	INSTRUCTIONSCROLL	131
1169220096695	1	INSTRUCTIONSCROLL	135
1169220096712	1	INSTRUCTIONSCROLL	138
1169220096728	1	INSTRUCTIONSCROLL	141
1169220096745	1	INSTRUCTIONSCROLL	145
1169220096761	1	INSTRUCTIONSCROLL	148
1169220096778	1	INSTRUCTIONSCROLL	151
1169220096796	1	INSTRUCTIONSCROLL	155
1169220096811	1	INSTRUCTIONSCROLL	158
1169220096828	1	INSTRUCTIONSCROLL	161
1169220096845	1	INSTRUCTIONSCROLL	165
1169220096861	1	INSTRUCTIONSCROLL	168
1169220096878	1	INSTRUCTIONSCROLL	171
1169220096895	1	INSTRUCTIONSCROLL	175
1169220096911	1	INSTRUCTIONSCROLL	178
1169220096928	1	INSTRUCTIONSCROLL	181
1169220096945	1	INSTRUCTIONSCROLL	185
1169220096961	1	INSTRUCTIONSCROLL	188
1169220096978	1	INSTRUCTIONSCROLL	191
1169220096995	1	INSTRUCTIONSCROLL	195
1169220097012	1	INSTRUCTIONSCROLL	198
1169220097029	1	INSTRUCTIONSCROLL	202
1169220097046	1	INSTRUCTIONSCROLL	205
1169220097062	1	INSTRUCTIONSCROLL	208
1169220097079	1	INSTRUCTIONSCROLL	212
1169220097096	1	INSTRUCTIONSCROLL	215
1169220097112	1	INSTRUCTIONSCROLL	218
1169220097129	1	INSTRUCTIONSCROLL	222
1169220097146	1	INSTRUCTIONSCROLL	225
1169220097161	1	INSTRUCTIONSCROLL	228
1169220097178	1	INSTRUCTIONSCROLL	231
1169220097195	1	INSTRUCTIONSCROLL	235
1169220097211	1	INSTRUCTIONSCROLL	238
1169220097228	1	INSTRUCTIONSCROLL	241
1169220097245	1	INSTRUCTIONSCROLL	245
1169220097261	1	INSTRUCTIONSCROLL	248
1169220097278	1	INSTRUCTIONSCROLL	251
1169220097295	1	INSTRUCTIONSCROLL	255
1169220097311	1	INSTRUCTIONSCROLL	258
1169220097328	1	INSTRUCTIONSCROLL	261
1169220097345	1	INSTRUCTIONSCROLL	265
1169220097361	1	INSTRUCTIONSCROLL	268
1169220097378	1	INSTRUCTIONSCROLL	271
1169220097395	1	INSTRUCTIONSCROLL	274
1169220097411	1	INSTRUCTIONSCROLL	278
1169220097428	1	INSTRUCTIONSCROLL	281
1169220097445	1	INSTRUCTIONSCROLL	285
1169220097461	1	INSTRUCTIONSCROLL	288
1169220097478	1	INSTRUCTIONSCROLL	291
1169220097495	1	INSTRUCTIONSCROLL	295
1169220097511	1	INSTRUCTIONSCROLL	298
1169220097528	1	INSTRUCTIONSCROLL	301
1169220097545	1	INSTRUCTIONSCROLL	304
1169220097561	1	INSTRUCTIONSCROLL	308
1169220097578	1	INSTRUCTIONSCROLL	311
1169220097595	1	INSTRUCTIONSCROLL	315
1169220097611	1	INSTRUCTIONSCROLL	318
1169220097628	1	INSTRUCTIONSCROLL	321
1169220097645	1	INSTRUCTIONSCROLL	325
1169220097661	1	INSTRUCTIONSCROLL	328
1169220097678	1	INSTRUCTIONSCROLL	331
1169220097695	1	INSTRUCTIONSCROLL	334
1169220097711	1	INSTRUCTIONSCROLL	338
1169220097728	1	INSTRUCTIONSCROLL	341
1169220097745	1	INSTRUCTIONSCROLL	345
1169220097761	1	INSTRUCTIONSCROLL	348
1169220097778	1	INSTRUCTIONSCROLL	351
1169220097795	1	INSTRUCTIONSCROLL	355
1169220097811	1	INSTRUCTIONSCROLL	358
1169220097828	1	INSTRUCTIONSCROLL	361
1169220097844	1	INSTRUCTIONSCROLL	364
1169220097861	1	INSTRUCTIONSCROLL	368
1169220097878	1	INSTRUCTIONSCROLL	371
1169220097894	1	INSTRUCTIONSCROLL	375
1169220097911	1	INSTRUCTIONSCROLL	378
1169220097928	1	INSTRUCTIONSCROLL	381
1169220097944	1	INSTRUCTIONSCROLL	384
1169220097961	1	INSTRUCTIONSCROLL	388
1169220097978	1	INSTRUCTIONSCROLL	391
1169220097994	1	INSTRUCTIONSCROLL	394
1169220098012	1	INSTRUCTIONSCROLL	398
1169220098029	1	INSTRUCTIONSCROLL	401
1169220098045	1	INSTRUCTIONSCROLL	405
1169220098062	1	INSTRUCTIONSCROLL	408
1169220098079	1	INSTRUCTIONSCROLL	411
1169220098095	1	INSTRUCTIONSCROLL	415
1169220098112	1	INSTRUCTIONSCROLL	418
1169220098129	1	INSTRUCTIONSCROLL	421
1169220098145	1	INSTRUCTIONSCROLL	425
1169220098161	1	INSTRUCTIONSCROLL	428
1169220098178	1	INSTRUCTIONSCROLL	431
1169220098194	1	INSTRUCTIONSCROLL	435
1169220098211	1	INSTRUCTIONSCROLL	438
1169220098228	1	INSTRUCTIONSCROLL	441
1169220098244	1	INSTRUCTIONSCROLL	445
1169220098261	1	INSTRUCTIONSCROLL	448
1169220098278	1	INSTRUCTIONSCROLL	451
1169220098294	1	INSTRUCTIONSCROLL	454
1169220098311	1	INSTRUCTIONSCROLL	458
1169220098328	1	INSTRUCTIONSCROLL	461
1169220098344	1	INSTRUCTIONSCROLL	465
1169220098361	1	INSTRUCTIONSCROLL	468
1169220098378	1	INSTRUCTIONSCROLL	471
1169220098394	1	INSTRUCTIONSCROLL	475
1169220098411	1	INSTRUCTIONSCROLL	478
1169220098428	1	INSTRUCTIONSCROLL	481
1169220098444	1	INSTRUCTIONSCROLL	484
1169220098461	1	INSTRUCTIONSCROLL	488
1169220098478	1	INSTRUCTIONSCROLL	491
1169220098494	1	INSTRUCTIONSCROLL	494
1169220098511	1	INSTRUCTIONSCROLL	498
1169220098528	1	INSTRUCTIONSCROLL	501
1169220098544	1	INSTRUCTIONSCROLL	504
1169220098561	1	INSTRUCTIONSCROLL	508
1169220098578	1	INSTRUCTIONSCROLL	511
1169220098594	1	INSTRUCTIONSCROLL	514
1169220098611	1	INSTRUCTIONSCROLL	518
1169220098628	1	INSTRUCTIONSCROLL	521
1169220098644	1	INSTRUCTIONSCROLL	524
1169220098661	1	INSTRUCTIONSCROLL	528
1169220098678	1	INSTRUCTIONSCROLL	531
1169220098694	1	INSTRUCTIONSCROLL	534
1169220098711	1	INSTRUCTIONSCROLL	538
1169220098728	1	INSTRUCTIONSCROLL	541
1169220098744	1	INSTRUCTIONSCROLL	544
1169220098761	1	INSTRUCTIONSCROLL	548
1169220098778	1	INSTRUCTIONSCROLL	551
1169220098794	1	INSTRUCTIONSCROLL	554
1169220098811	1	INSTRUCTIONSCROLL	558
1169220098828	1	INSTRUCTIONSCROLL	561
1169220098844	1	INSTRUCTIONSCROLL	564
1169220098861	1	INSTRUCTIONSCROLL	568
1169220098877	1	INSTRUCTIONSCROLL	571
1169220098894	1	INSTRUCTIONSCROLL	574
1169220098911	1	INSTRUCTIONSCROLL	578
1169220098927	1	INSTRUCTIONSCROLL	581
1169220098944	1	INSTRUCTIONSCROLL	584
1169220098961	1	INSTRUCTIONSCROLL	588
1169220098977	1	INSTRUCTIONSCROLL	591
1169220098994	1	INSTRUCTIONSCROLL	594
1169220099012	1	INSTRUCTIONSCROLL	598
1169220099029	1	INSTRUCTIONSCROLL	601
1169220099045	1	INSTRUCTIONSCROLL	605
1169220099062	1	INSTRUCTIONSCROLL	608
1169220099078	1	INSTRUCTIONSCROLL	611
1169220099095	1	INSTRUCTIONSCROLL	615
1169220099112	1	INSTRUCTIONSCROLL	618
1169220099128	1	INSTRUCTIONSCROLL	621
1169220099145	1	INSTRUCTIONSCROLL	625
1169220099161	1	INSTRUCTIONSCROLL	628
1169220099177	1	INSTRUCTIONSCROLL	631
1169220099194	1	INSTRUCTIONSCROLL	634
1169220099211	1	INSTRUCTIONSCROLL	638
1169220099227	1	INSTRUCTIONSCROLL	641
1169220099244	1	INSTRUCTIONSCROLL	644
1169220099261	1	INSTRUCTIONSCROLL	648
1169220099277	1	INSTRUCTIONSCROLL	651
1169220099294	1	INSTRUCTIONSCROLL	654
1169220099311	1	INSTRUCTIONSCROLL	658
1169220099327	1	INSTRUCTIONSCROLL	661
1169220099344	1	INSTRUCTIONSCROLL	664
1169220099361	1	INSTRUCTIONSCROLL	668
1169220099377	1	INSTRUCTIONSCROLL	671
1169220099394	1	INSTRUCTIONSCROLL	674
1169220099411	1	INSTRUCTIONSCROLL	678
1169220099427	1	INSTRUCTIONSCROLL	681
1169220099444	1	INSTRUCTIONSCROLL	684
1169220099461	1	INSTRUCTIONSCROLL	688
1169220099477	1	INSTRUCTIONSCROLL	691
1169220099494	1	INSTRUCTIONSCROLL	694
1169220099511	1	INSTRUCTIONSCROLL	698
1169220099527	1	INSTRUCTIONSCROLL	701
1169220099544	1	INSTRUCTIONSCROLL	704
1169220099561	1	INSTRUCTIONSCROLL	708
1169220099577	1	INSTRUCTIONSCROLL	711
1169220099594	1	INSTRUCTIONSCROLL	714
1169220099611	1	INSTRUCTIONSCROLL	718
1169220099627	1	INSTRUCTIONSCROLL	721
1169220099644	1	INSTRUCTIONSCROLL	724
1169220099661	1	INSTRUCTIONSCROLL	728
1169220099677	1	INSTRUCTIONSCROLL	731
1169220099694	1	INSTRUCTIONSCROLL	734
1169220099711	1	INSTRUCTIONSCROLL	738
1169220099727	1	INSTRUCTIONSCROLL	741
1169220099744	1	INSTRUCTIONSCROLL	744
1169220099761	1	INSTRUCTIONSCROLL	748
1169220099777	1	INSTRUCTIONSCROLL	751
1169220099794	1	INSTRUCTIONSCROLL	754
1169220099810	1	INSTRUCTIONSCROLL	758
1169220099827	1	INSTRUCTIONSCROLL	761
1169220099844	1	INSTRUCTIONSCROLL	764
1169220099861	1	INSTRUCTIONSCROLL	768
1169220099877	1	INSTRUCTIONSCROLL	771
1169220099894	1	INSTRUCTIONSCROLL	774
1169220099910	1	INSTRUCTIONSCROLL	778
1169220113389	1	INSTRUCTIONSCROLL	779
1169220113406	1	INSTRUCTIONSCROLL	780
1169220113423	1	INSTRUCTIONSCROLL	783
1169220113439	1	INSTRUCTIONSCROLL	786
1169220113456	1	INSTRUCTIONSCROLL	790
1169220113473	1	INSTRUCTIONSCROLL	793
1169220113489	1	INSTRUCTIONSCROLL	796
1169220113506	1	INSTRUCTIONSCROLL	800
1169220113523	1	INSTRUCTIONSCROLL	803
1169220113539	1	INSTRUCTIONSCROLL	806
1169220113556	1	INSTRUCTIONSCROLL	810
1169220113573	1	INSTRUCTIONSCROLL	813
1169220113589	1	INSTRUCTIONSCROLL	816
1169220113606	1	INSTRUCTIONSCROLL	820
1169220113623	1	INSTRUCTIONSCROLL	823
1169220113639	1	INSTRUCTIONSCROLL	826
1169220113656	1	INSTRUCTIONSCROLL	830
1169220113673	1	INSTRUCTIONSCROLL	833
1169220113689	1	INSTRUCTIONSCROLL	836
1169220113709	1	INSTRUCTIONSCROLL	840
1169220113723	1	INSTRUCTIONSCROLL	843
1169220113739	1	INSTRUCTIONSCROLL	846
1169220113756	1	INSTRUCTIONSCROLL	850
1169220113773	1	INSTRUCTIONSCROLL	853
1169220113789	1	INSTRUCTIONSCROLL	856
1169220113806	1	INSTRUCTIONSCROLL	860
1169220113823	1	INSTRUCTIONSCROLL	863
1169220113839	1	INSTRUCTIONSCROLL	866
1169220113856	1	INSTRUCTIONSCROLL	870
1169220113873	1	INSTRUCTIONSCROLL	873
1169220113889	1	INSTRUCTIONSCROLL	876
1169220113906	1	INSTRUCTIONSCROLL	880
1169220113923	1	INSTRUCTIONSCROLL	883
1169220113939	1	INSTRUCTIONSCROLL	886
1169220113956	1	INSTRUCTIONSCROLL	890
1169220113973	1	INSTRUCTIONSCROLL	893
1169220113989	1	INSTRUCTIONSCROLL	896
1169220114007	1	INSTRUCTIONSCROLL	900
1169220114024	1	INSTRUCTIONSCROLL	903
1169220114040	1	INSTRUCTIONSCROLL	906
1169220114057	1	INSTRUCTIONSCROLL	910
1169220114074	1	INSTRUCTIONSCROLL	913
1169220114090	1	INSTRUCTIONSCROLL	916
1169220114107	1	INSTRUCTIONSCROLL	920
1169220114124	1	INSTRUCTIONSCROLL	923
1169220114140	1	INSTRUCTIONSCROLL	926
1169220114157	1	INSTRUCTIONSCROLL	930
1169220114173	1	INSTRUCTIONSCROLL	933
1169220114189	1	INSTRUCTIONSCROLL	936
1169220114206	1	INSTRUCTIONSCROLL	940
1169220114223	1	INSTRUCTIONSCROLL	943
1169220114239	1	INSTRUCTIONSCROLL	946
1169220114256	1	INSTRUCTIONSCROLL	950
1169220114273	1	INSTRUCTIONSCROLL	953
1169220114289	1	INSTRUCTIONSCROLL	956
1169220114306	1	INSTRUCTIONSCROLL	960
1169220114323	1	INSTRUCTIONSCROLL	963
1169220114339	1	INSTRUCTIONSCROLL	966
1169220114356	1	INSTRUCTIONSCROLL	970
1169220114372	1	INSTRUCTIONSCROLL	973
1169220114389	1	INSTRUCTIONSCROLL	976
1169220114406	1	INSTRUCTIONSCROLL	980
1169220114422	1	INSTRUCTIONSCROLL	983
1169220114439	1	INSTRUCTIONSCROLL	986
1169220114456	1	INSTRUCTIONSCROLL	989
1169220114472	1	INSTRUCTIONSCROLL	993
1169220114489	1	INSTRUCTIONSCROLL	996
1169220114506	1	INSTRUCTIONSCROLL	1000
1169220114522	1	INSTRUCTIONSCROLL	1003
1169220114539	1	INSTRUCTIONSCROLL	1006
1169220114556	1	INSTRUCTIONSCROLL	1010
1169220114572	1	INSTRUCTIONSCROLL	1013
1169220114589	1	INSTRUCTIONSCROLL	1016
1169220114606	1	INSTRUCTIONSCROLL	1020
1169220114622	1	INSTRUCTIONSCROLL	1023
1169220114639	1	INSTRUCTIONSCROLL	1026
1169220114656	1	INSTRUCTIONSCROLL	1030
1169220114672	1	INSTRUCTIONSCROLL	1033
1169220114689	1	INSTRUCTIONSCROLL	1036
1169220114706	1	INSTRUCTIONSCROLL	1040
1169220114722	1	INSTRUCTIONSCROLL	1043
1169220114739	1	INSTRUCTIONSCROLL	1046
1169220114756	1	INSTRUCTIONSCROLL	1050
1169220114772	1	INSTRUCTIONSCROLL	1053
1169220114789	1	INSTRUCTIONSCROLL	1056
1169220114806	1	INSTRUCTIONSCROLL	1060
1169220114822	1	INSTRUCTIONSCROLL	1063
1169220114839	1	INSTRUCTIONSCROLL	1066
1169220114856	1	INSTRUCTIONSCROLL	1070
1169220114872	1	INSTRUCTIONSCROLL	1073
1169220114889	1	INSTRUCTIONSCROLL	1076
1169220114906	1	INSTRUCTIONSCROLL	1080
1169220114922	1	INSTRUCTIONSCROLL	1083
1169220114939	1	INSTRUCTIONSCROLL	1086
1169220114956	1	INSTRUCTIONSCROLL	1090
1169220114972	1	INSTRUCTIONSCROLL	1093
1169220114989	1	INSTRUCTIONSCROLL	1096
1169220115007	1	INSTRUCTIONSCROLL	1100
1169220115023	1	INSTRUCTIONSCROLL	1103
1169220115040	1	INSTRUCTIONSCROLL	1107
1169220115057	1	INSTRUCTIONSCROLL	1110
1169220115073	1	INSTRUCTIONSCROLL	1113
1169220115090	1	INSTRUCTIONSCROLL	1117
1169220115107	1	INSTRUCTIONSCROLL	1120
1169220115123	1	INSTRUCTIONSCROLL	1123
1169220115140	1	INSTRUCTIONSCROLL	1127
1169220115157	1	INSTRUCTIONSCROLL	1130
1169220115172	1	INSTRUCTIONSCROLL	1133
1169220115189	1	INSTRUCTIONSCROLL	1136
1169220115206	1	INSTRUCTIONSCROLL	1140
1169220115222	1	INSTRUCTIONSCROLL	1143
1169220115239	1	INSTRUCTIONSCROLL	1146
1169220115256	1	INSTRUCTIONSCROLL	1150
1169220115272	1	INSTRUCTIONSCROLL	1153
1169220115289	1	INSTRUCTIONSCROLL	1156
1169220115306	1	INSTRUCTIONSCROLL	1160
1169220115322	1	INSTRUCTIONSCROLL	1163
1169220115339	1	INSTRUCTIONSCROLL	1166
1169220115355	1	INSTRUCTIONSCROLL	1170
1169220115372	1	INSTRUCTIONSCROLL	1173
1169220115389	1	INSTRUCTIONSCROLL	1176
1169220115406	1	INSTRUCTIONSCROLL	1180
1169220115422	1	INSTRUCTIONSCROLL	1183
1169220115439	1	INSTRUCTIONSCROLL	1186
1169220115455	1	INSTRUCTIONSCROLL	1190
1169220115472	1	INSTRUCTIONSCROLL	1193
1169220115489	1	INSTRUCTIONSCROLL	1196
1169220115505	1	INSTRUCTIONSCROLL	1200
1169220115522	1	INSTRUCTIONSCROLL	1203
1169220115539	1	INSTRUCTIONSCROLL	1206
1169220115555	1	INSTRUCTIONSCROLL	1210
1169220115572	1	INSTRUCTIONSCROLL	1213
1169220115589	1	INSTRUCTIONSCROLL	1216
1169220115605	1	INSTRUCTIONSCROLL	1220
1169220115622	1	INSTRUCTIONSCROLL	1223
1169220115639	1	INSTRUCTIONSCROLL	1226
1169220115655	1	INSTRUCTIONSCROLL	1230
1169220115672	1	INSTRUCTIONSCROLL	1233
1169220115689	1	INSTRUCTIONSCROLL	1236
1169220115705	1	INSTRUCTIONSCROLL	1240
1169220115722	1	INSTRUCTIONSCROLL	1243
1169220115739	1	INSTRUCTIONSCROLL	1246
1169220115755	1	INSTRUCTIONSCROLL	1250
1169220115772	1	INSTRUCTIONSCROLL	1253
1169220115789	1	INSTRUCTIONSCROLL	1256
1169220115805	1	INSTRUCTIONSCROLL	1260
1169220115822	1	INSTRUCTIONSCROLL	1263
1169220115839	1	INSTRUCTIONSCROLL	1266
1169220115855	1	INSTRUCTIONSCROLL	1270
1169220115872	1	INSTRUCTIONSCROLL	1273
1169220115889	1	INSTRUCTIONSCROLL	1276
1169220115905	1	INSTRUCTIONSCROLL	1280
1169220115922	1	INSTRUCTIONSCROLL	1283
1169220115939	1	INSTRUCTIONSCROLL	1286
1169220115955	1	INSTRUCTIONSCROLL	1290
1169220115972	1	INSTRUCTIONSCROLL	1293
1169220115989	1	INSTRUCTIONSCROLL	1296
1169220116006	1	INSTRUCTIONSCROLL	1300
1169220116023	1	INSTRUCTIONSCROLL	1303
1169220116040	1	INSTRUCTIONSCROLL	1307
1169220116056	1	INSTRUCTIONSCROLL	1310
1169220118106	1	INSTRUCTIONSCROLL	1311
1169220118122	1	INSTRUCTIONSCROLL	1312
1169220118139	1	INSTRUCTIONSCROLL	1316
1169220118156	1	INSTRUCTIONSCROLL	1319
1169220118171	1	INSTRUCTIONSCROLL	1322
1169220118188	1	INSTRUCTIONSCROLL	1325
1169220118205	1	INSTRUCTIONSCROLL	1329
1169220118221	1	INSTRUCTIONSCROLL	1332
1169220118238	1	INSTRUCTIONSCROLL	1335
1169220118255	1	INSTRUCTIONSCROLL	1339
1169220118271	1	INSTRUCTIONSCROLL	1342
1169220118288	1	INSTRUCTIONSCROLL	1345
1169220118305	1	INSTRUCTIONSCROLL	1349
1169220118321	1	INSTRUCTIONSCROLL	1352
1169220118338	1	INSTRUCTIONSCROLL	1355
1169220118355	1	INSTRUCTIONSCROLL	1359
1169220118371	1	INSTRUCTIONSCROLL	1362
1169220118388	1	INSTRUCTIONSCROLL	1365
1169220118404	1	INSTRUCTIONSCROLL	1369
1169220118421	1	INSTRUCTIONSCROLL	1372
1169220118438	1	INSTRUCTIONSCROLL	1375
1169220118455	1	INSTRUCTIONSCROLL	1379
1169220118471	1	INSTRUCTIONSCROLL	1382
1169220118488	1	INSTRUCTIONSCROLL	1385
1169220118505	1	INSTRUCTIONSCROLL	1389
1169220118521	1	INSTRUCTIONSCROLL	1392
1169220118538	1	INSTRUCTIONSCROLL	1395
1169220118554	1	INSTRUCTIONSCROLL	1399
1169220118571	1	INSTRUCTIONSCROLL	1402
1169220118588	1	INSTRUCTIONSCROLL	1405
1169220118604	1	INSTRUCTIONSCROLL	1409
1169220118621	1	INSTRUCTIONSCROLL	1412
1169220118638	1	INSTRUCTIONSCROLL	1415
1169220118654	1	INSTRUCTIONSCROLL	1419
1169220118671	1	INSTRUCTIONSCROLL	1422
1169220118688	1	INSTRUCTIONSCROLL	1425
1169220118704	1	INSTRUCTIONSCROLL	1429
1169220118721	1	INSTRUCTIONSCROLL	1432
1169220118738	1	INSTRUCTIONSCROLL	1435
1169220118754	1	INSTRUCTIONSCROLL	1439
1169220118771	1	INSTRUCTIONSCROLL	1442
1169220118788	1	INSTRUCTIONSCROLL	1445
1169220118804	1	INSTRUCTIONSCROLL	1449
1169220118821	1	INSTRUCTIONSCROLL	1452
1169220118838	1	INSTRUCTIONSCROLL	1455
1169220118854	1	INSTRUCTIONSCROLL	1459
1169220118871	1	INSTRUCTIONSCROLL	1462
1169220118888	1	INSTRUCTIONSCROLL	1465
1169220118904	1	INSTRUCTIONSCROLL	1469
1169220118921	1	INSTRUCTIONSCROLL	1472
1169220118938	1	INSTRUCTIONSCROLL	1475
1169220118954	1	INSTRUCTIONSCROLL	1479
1169220118971	1	INSTRUCTIONSCROLL	1482
1169220120820	1	INSTRUCTIONSCROLL	1483
1169220120837	1	INSTRUCTIONSCROLL	1484
1169220120854	1	INSTRUCTIONSCROLL	1487
1169220120870	1	INSTRUCTIONSCROLL	1490
1169220120887	1	INSTRUCTIONSCROLL	1494
1169220120904	1	INSTRUCTIONSCROLL	1497
1169220120920	1	INSTRUCTIONSCROLL	1500
1169220120937	1	INSTRUCTIONSCROLL	1504
1169220120954	1	INSTRUCTIONSCROLL	1507
1169220120970	1	INSTRUCTIONSCROLL	1510
1169220120987	1	INSTRUCTIONSCROLL	1514
1169220121005	1	INSTRUCTIONSCROLL	1517
1169220121021	1	INSTRUCTIONSCROLL	1520
1169220121038	1	INSTRUCTIONSCROLL	1524
1169220121055	1	INSTRUCTIONSCROLL	1527
1169220121071	1	INSTRUCTIONSCROLL	1530
1169220121088	1	INSTRUCTIONSCROLL	1534
1169220121105	1	INSTRUCTIONSCROLL	1537
1169220121121	1	INSTRUCTIONSCROLL	1540
1169220121138	1	INSTRUCTIONSCROLL	1544
1169220121155	1	INSTRUCTIONSCROLL	1547
1169220121170	1	INSTRUCTIONSCROLL	1550
1169220121187	1	INSTRUCTIONSCROLL	1554
1169220121204	1	INSTRUCTIONSCROLL	1557
1169220121220	1	INSTRUCTIONSCROLL	1560
1169220121237	1	INSTRUCTIONSCROLL	1564
1169220121254	1	INSTRUCTIONSCROLL	1567
1169220121270	1	INSTRUCTIONSCROLL	1570
1169220121287	1	INSTRUCTIONSCROLL	1574
1169220121304	1	INSTRUCTIONSCROLL	1577
1169220121320	1	INSTRUCTIONSCROLL	1580
1169220121337	1	INSTRUCTIONSCROLL	1584
1169220121354	1	INSTRUCTIONSCROLL	1587
1169220121370	1	INSTRUCTIONSCROLL	1590
1169220121387	1	INSTRUCTIONSCROLL	1594
1169220121404	1	INSTRUCTIONSCROLL	1597
1169220121420	1	INSTRUCTIONSCROLL	1600
1169220121437	1	INSTRUCTIONSCROLL	1604
1169220121454	1	INSTRUCTIONSCROLL	1607
1169220121470	1	INSTRUCTIONSCROLL	1610
1169220121487	1	INSTRUCTIONSCROLL	1614
1169220121504	1	INSTRUCTIONSCROLL	1617
1169220121520	1	INSTRUCTIONSCROLL	1620
1169220121537	1	INSTRUCTIONSCROLL	1624
1169220121554	1	INSTRUCTIONSCROLL	1627
1169220121570	1	INSTRUCTIONSCROLL	1630
1169220121587	1	INSTRUCTIONSCROLL	1634
1169220121604	1	INSTRUCTIONSCROLL	1637
1169220121620	1	INSTRUCTIONSCROLL	1640
1169220121637	1	INSTRUCTIONSCROLL	1644
1169220121653	1	INSTRUCTIONSCROLL	1647
1169220121670	1	INSTRUCTIONSCROLL	1650
1169220121687	1	INSTRUCTIONSCROLL	1654
1169220121703	1	INSTRUCTIONSCROLL	1657
1169220121720	1	INSTRUCTIONSCROLL	1660
1169220121737	1	INSTRUCTIONSCROLL	1664
1169220121753	1	INSTRUCTIONSCROLL	1667
1169220121770	1	INSTRUCTIONSCROLL	1670
1169220121787	1	INSTRUCTIONSCROLL	1674
1169220121803	1	INSTRUCTIONSCROLL	1677
1169220121820	1	INSTRUCTIONSCROLL	1680
1169220121837	1	INSTRUCTIONSCROLL	1684
1169220121853	1	INSTRUCTIONSCROLL	1687
1169220121870	1	INSTRUCTIONSCROLL	1690
1169220121887	1	INSTRUCTIONSCROLL	1693
1169220125852	1	INSTRUCTIONSCROLL	1694
1169220125869	1	INSTRUCTIONSCROLL	1695
1169220125885	1	INSTRUCTIONSCROLL	1698
1169220125902	1	INSTRUCTIONSCROLL	1702
1169220125919	1	INSTRUCTIONSCROLL	1705
1169220125935	1	INSTRUCTIONSCROLL	1708
1169220125952	1	INSTRUCTIONSCROLL	1712
1169220125969	1	INSTRUCTIONSCROLL	1715
1169220125985	1	INSTRUCTIONSCROLL	1718
1169220126003	1	INSTRUCTIONSCROLL	1722
1169220126020	1	INSTRUCTIONSCROLL	1725
1169220126036	1	INSTRUCTIONSCROLL	1729
1169220126053	1	INSTRUCTIONSCROLL	1732
1169220126070	1	INSTRUCTIONSCROLL	1735
1169220126086	1	INSTRUCTIONSCROLL	1739
1169220126103	1	INSTRUCTIONSCROLL	1742
1169220126120	1	INSTRUCTIONSCROLL	1745
1169220126136	1	INSTRUCTIONSCROLL	1749
1169220126153	1	INSTRUCTIONSCROLL	1752
1169220126169	1	INSTRUCTIONSCROLL	1755
1169220126185	1	INSTRUCTIONSCROLL	1758
1169220126202	1	INSTRUCTIONSCROLL	1762
1169220126219	1	INSTRUCTIONSCROLL	1765
1169220126235	1	INSTRUCTIONSCROLL	1768
1169220126252	1	INSTRUCTIONSCROLL	1772
1169220126269	1	INSTRUCTIONSCROLL	1775
1169220126285	1	INSTRUCTIONSCROLL	1778
1169220126302	1	INSTRUCTIONSCROLL	1782
1169220126319	1	INSTRUCTIONSCROLL	1785
1169220126335	1	INSTRUCTIONSCROLL	1788
1169220126352	1	INSTRUCTIONSCROLL	1792
1169220126369	1	INSTRUCTIONSCROLL	1795
1169220126385	1	INSTRUCTIONSCROLL	1798
1169220126402	1	INSTRUCTIONSCROLL	1802
1169220126419	1	INSTRUCTIONSCROLL	1805
1169220126435	1	INSTRUCTIONSCROLL	1808
1169220126452	1	INSTRUCTIONSCROLL	1812
1169220126469	1	INSTRUCTIONSCROLL	1815
1169220126485	1	INSTRUCTIONSCROLL	1818
1169220126502	1	INSTRUCTIONSCROLL	1822
1169220126519	1	INSTRUCTIONSCROLL	1825
1169220126535	1	INSTRUCTIONSCROLL	1828
1169220126552	1	INSTRUCTIONSCROLL	1832
1169220126569	1	INSTRUCTIONSCROLL	1835
1169220126585	1	INSTRUCTIONSCROLL	1838
1169220126602	1	INSTRUCTIONSCROLL	1842
1169220126619	1	INSTRUCTIONSCROLL	1845
1169220126635	1	INSTRUCTIONSCROLL	1848
1169220126652	1	INSTRUCTIONSCROLL	1852
1169220126668	1	INSTRUCTIONSCROLL	1855
1169220126685	1	INSTRUCTIONSCROLL	1858
1169220126702	1	INSTRUCTIONSCROLL	1862
1169220126718	1	INSTRUCTIONSCROLL	1865
1169220126735	1	INSTRUCTIONSCROLL	1868
1169220126752	1	INSTRUCTIONSCROLL	1872
1169220126768	1	INSTRUCTIONSCROLL	1875
1169220126785	1	INSTRUCTIONSCROLL	1878
1169220126802	1	INSTRUCTIONSCROLL	1882
1169220126818	1	INSTRUCTIONSCROLL	1885
1169220126835	1	INSTRUCTIONSCROLL	1888
1169220126852	1	INSTRUCTIONSCROLL	1892
1169220126868	1	INSTRUCTIONSCROLL	1895
1169220126885	1	INSTRUCTIONSCROLL	1898
1169220126902	1	INSTRUCTIONSCROLL	1902
1169220126918	1	INSTRUCTIONSCROLL	1905
1169220126935	1	INSTRUCTIONSCROLL	1908
1169220126952	1	INSTRUCTIONSCROLL	1912
1169220126968	1	INSTRUCTIONSCROLL	1915
1169220126985	1	INSTRUCTIONSCROLL	1918
1169220127003	1	INSTRUCTIONSCROLL	1922
1169220127019	1	INSTRUCTIONSCROLL	1925
1169220127036	1	INSTRUCTIONSCROLL	1929
1169220127053	1	INSTRUCTIONSCROLL	1932
1169220127069	1	INSTRUCTIONSCROLL	1935
1169220127086	1	INSTRUCTIONSCROLL	1939
1169220127103	1	INSTRUCTIONSCROLL	1942
1169220127119	1	INSTRUCTIONSCROLL	1945
1169220127136	1	INSTRUCTIONSCROLL	1949
1169220127153	1	INSTRUCTIONSCROLL	1952
1169220127168	1	INSTRUCTIONSCROLL	1955
1169220127185	1	INSTRUCTIONSCROLL	1958
1169220127202	1	INSTRUCTIONSCROLL	1962
1169220127218	1	INSTRUCTIONSCROLL	1965
1169220127235	1	INSTRUCTIONSCROLL	1968
1169220127252	1	INSTRUCTIONSCROLL	1972
1169220127268	1	INSTRUCTIONSCROLL	1975
1169220127285	1	INSTRUCTIONSCROLL	1978
1169220127302	1	INSTRUCTIONSCROLL	1982
1169220127318	1	INSTRUCTIONSCROLL	1985
1169220127335	1	INSTRUCTIONSCROLL	1988
1169220127352	1	INSTRUCTIONSCROLL	1992
1169220127368	1	INSTRUCTIONSCROLL	1995
1169220127385	1	INSTRUCTIONSCROLL	1998
1169220127402	1	INSTRUCTIONSCROLL	2002
1169220127418	1	INSTRUCTIONSCROLL	2005
1169220127435	1	INSTRUCTIONSCROLL	2008
1169220127452	1	INSTRUCTIONSCROLL	2012
1169220127468	1	INSTRUCTIONSCROLL	2015
1169220127485	1	INSTRUCTIONSCROLL	2018
1169220127502	1	INSTRUCTIONSCROLL	2022
1169220127518	1	INSTRUCTIONSCROLL	2025
1169220127535	1	INSTRUCTIONSCROLL	2028
1169220127552	1	INSTRUCTIONSCROLL	2032
1169220127568	1	INSTRUCTIONSCROLL	2035
1169220127585	1	INSTRUCTIONSCROLL	2038
1169220127602	1	INSTRUCTIONSCROLL	2042
1169220127618	1	INSTRUCTIONSCROLL	2045
1169220127635	1	INSTRUCTIONSCROLL	2048
1169220127652	1	INSTRUCTIONSCROLL	2052
1169220127668	1	INSTRUCTIONSCROLL	2055
1169220127685	1	INSTRUCTIONSCROLL	2058
1169220127701	1	INSTRUCTIONSCROLL	2062
1169220127718	1	INSTRUCTIONSCROLL	2065
1169220127735	1	INSTRUCTIONSCROLL	2068
1169220127751	1	INSTRUCTIONSCROLL	2072
1169220127768	1	INSTRUCTIONSCROLL	2075
1169220127785	1	INSTRUCTIONSCROLL	2078
1169220127801	1	INSTRUCTIONSCROLL	2082
1169220127818	1	INSTRUCTIONSCROLL	2085
1169220127835	1	INSTRUCTIONSCROLL	2088
1169220127851	1	INSTRUCTIONSCROLL	2092
1169220127868	1	INSTRUCTIONSCROLL	2095
1169220127885	1	INSTRUCTIONSCROLL	2098
1169220127901	1	INSTRUCTIONSCROLL	2102
1169220127918	1	INSTRUCTIONSCROLL	2105
1169220127935	1	INSTRUCTIONSCROLL	2108
1169220127951	1	INSTRUCTIONSCROLL	2112
1169220127968	1	INSTRUCTIONSCROLL	2115
1169220127985	1	INSTRUCTIONSCROLL	2118
1169220128002	1	INSTRUCTIONSCROLL	2122
1169220128019	1	INSTRUCTIONSCROLL	2125
1169220128036	1	INSTRUCTIONSCROLL	2128
1169220128052	1	INSTRUCTIONSCROLL	2132
1169220128069	1	INSTRUCTIONSCROLL	2135
1169220128086	1	INSTRUCTIONSCROLL	2138
1169220128102	1	INSTRUCTIONSCROLL	2142
1169220135716	1	INSTRUCTIONSCROLL	2143
1169220135732	1	INSTRUCTIONSCROLL	2147
1169220135749	1	INSTRUCTIONSCROLL	2150
1169220135766	1	INSTRUCTIONSCROLL	2153
1169220135782	1	INSTRUCTIONSCROLL	2157
1169220135799	1	INSTRUCTIONSCROLL	2160
1169220135816	1	INSTRUCTIONSCROLL	2163
1169220135832	1	INSTRUCTIONSCROLL	2167
1169220135849	1	INSTRUCTIONSCROLL	2170
1169220135866	1	INSTRUCTIONSCROLL	2173
1169220135882	1	INSTRUCTIONSCROLL	2177
1169220135899	1	INSTRUCTIONSCROLL	2180
1169220135916	1	INSTRUCTIONSCROLL	2183
1169220135932	1	INSTRUCTIONSCROLL	2187
1169220135949	1	INSTRUCTIONSCROLL	2190
1169220135965	1	INSTRUCTIONSCROLL	2193
1169220135982	1	INSTRUCTIONSCROLL	2197
1169220135999	1	INSTRUCTIONSCROLL	2200
1169220136017	1	INSTRUCTIONSCROLL	2203
1169220136033	1	INSTRUCTIONSCROLL	2207
1169220136050	1	INSTRUCTIONSCROLL	2210
1169220136066	1	INSTRUCTIONSCROLL	2213
1169220136083	1	INSTRUCTIONSCROLL	2217
1169220136100	1	INSTRUCTIONSCROLL	2220
1169220136116	1	INSTRUCTIONSCROLL	2224
1169220136133	1	INSTRUCTIONSCROLL	2227
1169220136150	1	INSTRUCTIONSCROLL	2230
1169220136165	1	INSTRUCTIONSCROLL	2233
1169220136182	1	INSTRUCTIONSCROLL	2237
1169220136199	1	INSTRUCTIONSCROLL	2240
1169220136215	1	INSTRUCTIONSCROLL	2243
1169220136232	1	INSTRUCTIONSCROLL	2247
1169220136249	1	INSTRUCTIONSCROLL	2250
1169220136265	1	INSTRUCTIONSCROLL	2253
1169220136282	1	INSTRUCTIONSCROLL	2257
1169220136299	1	INSTRUCTIONSCROLL	2260
1169220136315	1	INSTRUCTIONSCROLL	2263
1169220136332	1	INSTRUCTIONSCROLL	2267
1169220136349	1	INSTRUCTIONSCROLL	2270
1169220136365	1	INSTRUCTIONSCROLL	2273
1169220136382	1	INSTRUCTIONSCROLL	2277
1169220136399	1	INSTRUCTIONSCROLL	2280
1169220136415	1	INSTRUCTIONSCROLL	2283
1169220136432	1	INSTRUCTIONSCROLL	2287
1169220136449	1	INSTRUCTIONSCROLL	2290
1169220136465	1	INSTRUCTIONSCROLL	2293
1169220136482	1	INSTRUCTIONSCROLL	2297
1169220136499	1	INSTRUCTIONSCROLL	2300
1169220136515	1	INSTRUCTIONSCROLL	2303
1169220136532	1	INSTRUCTIONSCROLL	2307
1169220136549	1	INSTRUCTIONSCROLL	2310
1169220136565	1	INSTRUCTIONSCROLL	2313
1169220136582	1	INSTRUCTIONSCROLL	2317
1169220136599	1	INSTRUCTIONSCROLL	2320
1169220136615	1	INSTRUCTIONSCROLL	2323
1169220136632	1	INSTRUCTIONSCROLL	2327
1169220136649	1	INSTRUCTIONSCROLL	2330
1169220136665	1	INSTRUCTIONSCROLL	2333
1169220136682	1	INSTRUCTIONSCROLL	2337
1169220136699	1	INSTRUCTIONSCROLL	2340
1169220136715	1	INSTRUCTIONSCROLL	2343
1169220136732	1	INSTRUCTIONSCROLL	2347
1169220136749	1	INSTRUCTIONSCROLL	2350
1169220136765	1	INSTRUCTIONSCROLL	2353
1169220136782	1	INSTRUCTIONSCROLL	2357
1169220136799	1	INSTRUCTIONSCROLL	2360
1169220136815	1	INSTRUCTIONSCROLL	2363
1169220136832	1	INSTRUCTIONSCROLL	2367
1169220136849	1	INSTRUCTIONSCROLL	2370
1169220136865	1	INSTRUCTIONSCROLL	2373
1169220136882	1	INSTRUCTIONSCROLL	2377
1169220136899	1	INSTRUCTIONSCROLL	2380
1169220136915	1	INSTRUCTIONSCROLL	2383
1169220136932	1	INSTRUCTIONSCROLL	2387
1169220136949	1	INSTRUCTIONSCROLL	2390
1169220136965	1	INSTRUCTIONSCROLL	2393
1169220136982	1	INSTRUCTIONSCROLL	2397
1169220136999	1	INSTRUCTIONSCROLL	2400
1169220137016	1	INSTRUCTIONSCROLL	2403
1169220137033	1	INSTRUCTIONSCROLL	2407
1169220137049	1	INSTRUCTIONSCROLL	2410
1169220137066	1	INSTRUCTIONSCROLL	2413
1169220137083	1	INSTRUCTIONSCROLL	2417
1169220137099	1	INSTRUCTIONSCROLL	2420
1169220137116	1	INSTRUCTIONSCROLL	2423
1169220137133	1	INSTRUCTIONSCROLL	2427
1169220137149	1	INSTRUCTIONSCROLL	2430
1169220137165	1	INSTRUCTIONSCROLL	2433
1169220137182	1	INSTRUCTIONSCROLL	2437
1169220137198	1	INSTRUCTIONSCROLL	2440
1169220137215	1	INSTRUCTIONSCROLL	2443
1169220137232	1	INSTRUCTIONSCROLL	2447
1169220137249	1	INSTRUCTIONSCROLL	2450
1169220137265	1	INSTRUCTIONSCROLL	2453
1169220137282	1	INSTRUCTIONSCROLL	2456
1169220137298	1	INSTRUCTIONSCROLL	2460
1169220137315	1	INSTRUCTIONSCROLL	2463
1169220137332	1	INSTRUCTIONSCROLL	2467
1169220137348	1	INSTRUCTIONSCROLL	2470
1169220137365	1	INSTRUCTIONSCROLL	2473
1169220137382	1	INSTRUCTIONSCROLL	2477
1169220137398	1	INSTRUCTIONSCROLL	2480
1169220137415	1	INSTRUCTIONSCROLL	2483
1169220137432	1	INSTRUCTIONSCROLL	2486
1169220137448	1	INSTRUCTIONSCROLL	2490
1169220137465	1	INSTRUCTIONSCROLL	2493
1169220137482	1	INSTRUCTIONSCROLL	2497
1169220137498	1	INSTRUCTIONSCROLL	2500
1169220137515	1	INSTRUCTIONSCROLL	2503
1169220137532	1	INSTRUCTIONSCROLL	2507
1169220137548	1	INSTRUCTIONSCROLL	2510
1169220137565	1	INSTRUCTIONSCROLL	2513
1169220137582	1	INSTRUCTIONSCROLL	2517
1169220137598	1	INSTRUCTIONSCROLL	2520
1169220137615	1	INSTRUCTIONSCROLL	2523
1169220137632	1	INSTRUCTIONSCROLL	2527
1169220137648	1	INSTRUCTIONSCROLL	2530
1169220137665	1	INSTRUCTIONSCROLL	2533
1169220137682	1	INSTRUCTIONSCROLL	2537
1169220137698	1	INSTRUCTIONSCROLL	2540
1169220137715	1	INSTRUCTIONSCROLL	2543
1169220137732	1	INSTRUCTIONSCROLL	2546
1169220137748	1	INSTRUCTIONSCROLL	2550
1169220137765	1	INSTRUCTIONSCROLL	2553
1169220137782	1	INSTRUCTIONSCROLL	2557
1169220137798	1	INSTRUCTIONSCROLL	2560
1169220137815	1	INSTRUCTIONSCROLL	2563
1169220137832	1	INSTRUCTIONSCROLL	2567
1169220137848	1	INSTRUCTIONSCROLL	2570
1169220137865	1	INSTRUCTIONSCROLL	2573
1169220137882	1	INSTRUCTIONSCROLL	2576
1169220137898	1	INSTRUCTIONSCROLL	2580
1169220137915	1	INSTRUCTIONSCROLL	2583
1169220137932	1	INSTRUCTIONSCROLL	2587
1169220137948	1	INSTRUCTIONSCROLL	2590
1169220137965	1	INSTRUCTIONSCROLL	2593
1169220137982	1	INSTRUCTIONSCROLL	2597
1169220137998	1	INSTRUCTIONSCROLL	2600
1169220138016	1	INSTRUCTIONSCROLL	2603
1169220138033	1	INSTRUCTIONSCROLL	2607
1169220138049	1	INSTRUCTIONSCROLL	2610
1169220138066	1	INSTRUCTIONSCROLL	2613
1169220138082	1	INSTRUCTIONSCROLL	2617
1169220138099	1	INSTRUCTIONSCROLL	2620
1169220138116	1	INSTRUCTIONSCROLL	2623
1169220138132	1	INSTRUCTIONSCROLL	2627
1169220138149	1	INSTRUCTIONSCROLL	2630
1169220138165	1	INSTRUCTIONSCROLL	2633
1169220138181	1	INSTRUCTIONSCROLL	2636
1169220138198	1	INSTRUCTIONSCROLL	2640
1169220138215	1	INSTRUCTIONSCROLL	2643
1169220138231	1	INSTRUCTIONSCROLL	2647
1169220138248	1	INSTRUCTIONSCROLL	2650
1169220138265	1	INSTRUCTIONSCROLL	2653
1169220138281	1	INSTRUCTIONSCROLL	2657
1169220138298	1	INSTRUCTIONSCROLL	2660
1169220138315	1	INSTRUCTIONSCROLL	2663
1169220138331	1	INSTRUCTIONSCROLL	2666
1169220138348	1	INSTRUCTIONSCROLL	2670
1169220138365	1	INSTRUCTIONSCROLL	2673
1169220138381	1	INSTRUCTIONSCROLL	2676
1169220138398	1	INSTRUCTIONSCROLL	2680
1169220138415	1	INSTRUCTIONSCROLL	2683
1169220138431	1	INSTRUCTIONSCROLL	2686
1169220138448	1	INSTRUCTIONSCROLL	2690
1169220138465	1	INSTRUCTIONSCROLL	2693
1169220138481	1	INSTRUCTIONSCROLL	2696
1169220138498	1	INSTRUCTIONSCROLL	2700
1169220138515	1	INSTRUCTIONSCROLL	2703
1169220138531	1	INSTRUCTIONSCROLL	2707
1169220138548	1	INSTRUCTIONSCROLL	2710
1169220138565	1	INSTRUCTIONSCROLL	2713
1169220138581	1	INSTRUCTIONSCROLL	2716
1169220138598	1	INSTRUCTIONSCROLL	2720
1169220138615	1	INSTRUCTIONSCROLL	2723
1169220138631	1	INSTRUCTIONSCROLL	2726
1169220138648	1	INSTRUCTIONSCROLL	2730
1169220138665	1	INSTRUCTIONSCROLL	2733
1169220138681	1	INSTRUCTIONSCROLL	2736
1169220138698	1	INSTRUCTIONSCROLL	2740
1169220138715	1	INSTRUCTIONSCROLL	2743
1169220138731	1	INSTRUCTIONSCROLL	2746
1169220138748	1	INSTRUCTIONSCROLL	2750
1169220138765	1	INSTRUCTIONSCROLL	2753
1169220138781	1	INSTRUCTIONSCROLL	2756
1169220138799	1	INSTRUCTIONSCROLL	2760
1169220138815	1	INSTRUCTIONSCROLL	2763
1169220138831	1	INSTRUCTIONSCROLL	2766
1169220138848	1	INSTRUCTIONSCROLL	2770
1169220138865	1	INSTRUCTIONSCROLL	2773
1169220138881	1	INSTRUCTIONSCROLL	2776
1169220138898	1	INSTRUCTIONSCROLL	2780
1169220138915	1	INSTRUCTIONSCROLL	2783
1169220138931	1	INSTRUCTIONSCROLL	2786
1169220138948	1	INSTRUCTIONSCROLL	2790
1169220138965	1	INSTRUCTIONSCROLL	2793
1169220138981	1	INSTRUCTIONSCROLL	2796
1169220138998	1	INSTRUCTIONSCROLL	2800
1169220139016	1	INSTRUCTIONSCROLL	2803
1169220139032	1	INSTRUCTIONSCROLL	2807
1169220139049	1	INSTRUCTIONSCROLL	2810
1169220139066	1	INSTRUCTIONSCROLL	2813
1169220139082	1	INSTRUCTIONSCROLL	2817
1169220139099	1	INSTRUCTIONSCROLL	2820
1169220139115	1	INSTRUCTIONSCROLL	2823
1169220139132	1	INSTRUCTIONSCROLL	2827
1169220139149	1	INSTRUCTIONSCROLL	2830
1169220139165	1	INSTRUCTIONSCROLL	2833
1169220139181	1	INSTRUCTIONSCROLL	2836
1169220139198	1	INSTRUCTIONSCROLL	2840
1169220139214	1	INSTRUCTIONSCROLL	2843
1169220139231	1	INSTRUCTIONSCROLL	2846
1169220139248	1	INSTRUCTIONSCROLL	2850
1169220139264	1	INSTRUCTIONSCROLL	2853
1169220139281	1	INSTRUCTIONSCROLL	2856
1169220139298	1	INSTRUCTIONSCROLL	2860
1169220139314	1	INSTRUCTIONSCROLL	2863
1169220139331	1	INSTRUCTIONSCROLL	2866
1169220139348	1	INSTRUCTIONSCROLL	2870
1169220139364	1	INSTRUCTIONSCROLL	2873
1169220139381	1	INSTRUCTIONSCROLL	2876
1169220139398	1	INSTRUCTIONSCROLL	2880
1169220139414	1	INSTRUCTIONSCROLL	2883
1169220139431	1	INSTRUCTIONSCROLL	2886
1169220139448	1	INSTRUCTIONSCROLL	2890
1169220139464	1	INSTRUCTIONSCROLL	2893
1169220142363	1	INSTRUCTIONSCROLL	2894
1169220142380	1	INSTRUCTIONSCROLL	2895
1169220142397	1	INSTRUCTIONSCROLL	2898
1169220142413	1	INSTRUCTIONSCROLL	2901
1169220142430	1	INSTRUCTIONSCROLL	2905
1169220142447	1	INSTRUCTIONSCROLL	2908
1169220142463	1	INSTRUCTIONSCROLL	2911
1169220142480	1	INSTRUCTIONSCROLL	2915
1169220142497	1	INSTRUCTIONSCROLL	2918
1169220142513	1	INSTRUCTIONSCROLL	2921
1169220142530	1	INSTRUCTIONSCROLL	2925
1169220142547	1	INSTRUCTIONSCROLL	2928
1169220142563	1	INSTRUCTIONSCROLL	2931
1169220142580	1	INSTRUCTIONSCROLL	2935
1169220142597	1	INSTRUCTIONSCROLL	2938
1169220142613	1	INSTRUCTIONSCROLL	2941
1169220142630	1	INSTRUCTIONSCROLL	2945
1169220142647	1	INSTRUCTIONSCROLL	2948
1169220142663	1	INSTRUCTIONSCROLL	2951
1169220142680	1	INSTRUCTIONSCROLL	2955
1169220142697	1	INSTRUCTIONSCROLL	2958
1169220142713	1	INSTRUCTIONSCROLL	2961
1169220142730	1	INSTRUCTIONSCROLL	2965
1169220142747	1	INSTRUCTIONSCROLL	2968
1169220142763	1	INSTRUCTIONSCROLL	2971
1169220142780	1	INSTRUCTIONSCROLL	2975
1169220142797	1	INSTRUCTIONSCROLL	2978
1169220142813	1	INSTRUCTIONSCROLL	2981
1169220142830	1	INSTRUCTIONSCROLL	2985
1169220142847	1	INSTRUCTIONSCROLL	2988
1169220142863	1	INSTRUCTIONSCROLL	2991
1169220142880	1	INSTRUCTIONSCROLL	2995
1169220142897	1	INSTRUCTIONSCROLL	2998
1169220142913	1	INSTRUCTIONSCROLL	3001
1169220142930	1	INSTRUCTIONSCROLL	3005
1169220142947	1	INSTRUCTIONSCROLL	3008
1169220142963	1	INSTRUCTIONSCROLL	3011
1169220142980	1	INSTRUCTIONSCROLL	3015
1169220142997	1	INSTRUCTIONSCROLL	3018
1169220143014	1	INSTRUCTIONSCROLL	3021
1169220143031	1	INSTRUCTIONSCROLL	3025
1169220143048	1	INSTRUCTIONSCROLL	3028
1169220143064	1	INSTRUCTIONSCROLL	3032
1169220143081	1	INSTRUCTIONSCROLL	3035
1169220143098	1	INSTRUCTIONSCROLL	3038
1169220143114	1	INSTRUCTIONSCROLL	3042
1169220143131	1	INSTRUCTIONSCROLL	3045
1169220143148	1	INSTRUCTIONSCROLL	3048
1169220143163	1	INSTRUCTIONSCROLL	3052
1169220143180	1	INSTRUCTIONSCROLL	3055
1169220143197	1	INSTRUCTIONSCROLL	3058
1169220143213	1	INSTRUCTIONSCROLL	3061
1169220143230	1	INSTRUCTIONSCROLL	3065
1169220143247	1	INSTRUCTIONSCROLL	3068
1169220143263	1	INSTRUCTIONSCROLL	3071
1169220143280	1	INSTRUCTIONSCROLL	3075
1169220143296	1	INSTRUCTIONSCROLL	3078
1169220143313	1	INSTRUCTIONSCROLL	3081
1169220143330	1	INSTRUCTIONSCROLL	3085
1169220143346	1	INSTRUCTIONSCROLL	3088
1169220143363	1	INSTRUCTIONSCROLL	3091
1169220143380	1	INSTRUCTIONSCROLL	3095
1169220143396	1	INSTRUCTIONSCROLL	3098
1169220143413	1	INSTRUCTIONSCROLL	3101
1169220143430	1	INSTRUCTIONSCROLL	3105
1169220143446	1	INSTRUCTIONSCROLL	3108
1169220143463	1	INSTRUCTIONSCROLL	3111
1169220143480	1	INSTRUCTIONSCROLL	3115
1169220143496	1	INSTRUCTIONSCROLL	3118
1169220143513	1	INSTRUCTIONSCROLL	3121
1169220143530	1	INSTRUCTIONSCROLL	3125
1169220143546	1	INSTRUCTIONSCROLL	3128
1169220143563	1	INSTRUCTIONSCROLL	3131
1169220143580	1	INSTRUCTIONSCROLL	3135
1169220143596	1	INSTRUCTIONSCROLL	3138
1169220143613	1	INSTRUCTIONSCROLL	3141
1169220143630	1	INSTRUCTIONSCROLL	3145
1169220143646	1	INSTRUCTIONSCROLL	3148
1169220143663	1	INSTRUCTIONSCROLL	3151
1169220143680	1	INSTRUCTIONSCROLL	3155
1169220143696	1	INSTRUCTIONSCROLL	3158
1169220143713	1	INSTRUCTIONSCROLL	3161
1169220143730	1	INSTRUCTIONSCROLL	3165
1169220143746	1	INSTRUCTIONSCROLL	3168
1169220143763	1	INSTRUCTIONSCROLL	3171
1169220143780	1	INSTRUCTIONSCROLL	3175
1169220143796	1	INSTRUCTIONSCROLL	3178
1169220143813	1	INSTRUCTIONSCROLL	3181
1169220143830	1	INSTRUCTIONSCROLL	3185
1169220143846	1	INSTRUCTIONSCROLL	3188
1169220143863	1	INSTRUCTIONSCROLL	3191
1169220143880	1	INSTRUCTIONSCROLL	3195
1169220143896	1	INSTRUCTIONSCROLL	3198
1169220143913	1	INSTRUCTIONSCROLL	3201
1169220143930	1	INSTRUCTIONSCROLL	3205
1169220143946	1	INSTRUCTIONSCROLL	3208
1169220143963	1	INSTRUCTIONSCROLL	3211
1169220143980	1	INSTRUCTIONSCROLL	3215
1169220143996	1	INSTRUCTIONSCROLL	3218
1169220144014	1	INSTRUCTIONSCROLL	3221
1169220144031	1	INSTRUCTIONSCROLL	3225
1169220144047	1	INSTRUCTIONSCROLL	3228
1169220144064	1	INSTRUCTIONSCROLL	3232
1169220144081	1	INSTRUCTIONSCROLL	3235
1169220144097	1	INSTRUCTIONSCROLL	3238
1169220144114	1	INSTRUCTIONSCROLL	3242
1169220144131	1	INSTRUCTIONSCROLL	3245
1169220144147	1	INSTRUCTIONSCROLL	3248
1169220144163	1	INSTRUCTIONSCROLL	3252
1169220144180	1	INSTRUCTIONSCROLL	3255
1169220144196	1	INSTRUCTIONSCROLL	3258
1169220144213	1	INSTRUCTIONSCROLL	3261
1169220144230	1	INSTRUCTIONSCROLL	3265
1169220144246	1	INSTRUCTIONSCROLL	3268
1169220144263	1	INSTRUCTIONSCROLL	3271
1169220144280	1	INSTRUCTIONSCROLL	3275
1169220144296	1	INSTRUCTIONSCROLL	3278
1169220144313	1	INSTRUCTIONSCROLL	3281
1169220144330	1	INSTRUCTIONSCROLL	3285
1169220144346	1	INSTRUCTIONSCROLL	3288
1169220144363	1	INSTRUCTIONSCROLL	3291
1169220144379	1	INSTRUCTIONSCROLL	3295
1169220144396	1	INSTRUCTIONSCROLL	3298
1169220144413	1	INSTRUCTIONSCROLL	3301
1169220144429	1	INSTRUCTIONSCROLL	3305
1169220144446	1	INSTRUCTIONSCROLL	3308
1169220144463	1	INSTRUCTIONSCROLL	3311
1169220144480	1	INSTRUCTIONSCROLL	3315
1169220144496	1	INSTRUCTIONSCROLL	3318
1169220144513	1	INSTRUCTIONSCROLL	3321
1169220144529	1	INSTRUCTIONSCROLL	3325
1169220144546	1	INSTRUCTIONSCROLL	3328
1169220144563	1	INSTRUCTIONSCROLL	3331
1169220144579	1	INSTRUCTIONSCROLL	3335
1169220144596	1	INSTRUCTIONSCROLL	3338
1169220144613	1	INSTRUCTIONSCROLL	3341
1169220144629	1	INSTRUCTIONSCROLL	3345
1169220144646	1	INSTRUCTIONSCROLL	3348
1169220144663	1	INSTRUCTIONSCROLL	3351
1169220144679	1	INSTRUCTIONSCROLL	3355
1169220144696	1	INSTRUCTIONSCROLL	3358
1169220144713	1	INSTRUCTIONSCROLL	3361
1169220144729	1	INSTRUCTIONSCROLL	3365
1169220144746	1	INSTRUCTIONSCROLL	3368
1169220144763	1	INSTRUCTIONSCROLL	3371
1169220144779	1	INSTRUCTIONSCROLL	3375
1169220144796	1	INSTRUCTIONSCROLL	3378
1169220144813	1	INSTRUCTIONSCROLL	3381
1169220144829	1	INSTRUCTIONSCROLL	3385
1169220144846	1	INSTRUCTIONSCROLL	3388
1169220144863	1	INSTRUCTIONSCROLL	3391
1169220144879	1	INSTRUCTIONSCROLL	3395
1169220144896	1	INSTRUCTIONSCROLL	3398
1169220144913	1	INSTRUCTIONSCROLL	3401
1169220144929	1	INSTRUCTIONSCROLL	3405
1169220144946	1	INSTRUCTIONSCROLL	3408
1169220144963	1	INSTRUCTIONSCROLL	3411
1169220144979	1	INSTRUCTIONSCROLL	3415
1169220144996	1	INSTRUCTIONSCROLL	3418
1169220145014	1	INSTRUCTIONSCROLL	3421
1169220145030	1	INSTRUCTIONSCROLL	3425
1169220145047	1	INSTRUCTIONSCROLL	3428
1169220145064	1	INSTRUCTIONSCROLL	3432
1169220145080	1	INSTRUCTIONSCROLL	3435
1169220145097	1	INSTRUCTIONSCROLL	3438
1169220145114	1	INSTRUCTIONSCROLL	3441
1169220145130	1	INSTRUCTIONSCROLL	3445
1169220145147	1	INSTRUCTIONSCROLL	3448
1169220145163	1	INSTRUCTIONSCROLL	3452
1169220145179	1	INSTRUCTIONSCROLL	3455
1169220145196	1	INSTRUCTIONSCROLL	3458
1169220145213	1	INSTRUCTIONSCROLL	3461
1169220145229	1	INSTRUCTIONSCROLL	3465
1169220145246	1	INSTRUCTIONSCROLL	3468
1169220145263	1	INSTRUCTIONSCROLL	3471
1169220145279	1	INSTRUCTIONSCROLL	3475
1169220145296	1	INSTRUCTIONSCROLL	3478
1169220145313	1	INSTRUCTIONSCROLL	3481
1169220145329	1	INSTRUCTIONSCROLL	3485
1169220145346	1	INSTRUCTIONSCROLL	3488
1169220145363	1	INSTRUCTIONSCROLL	3491
1169220145379	1	INSTRUCTIONSCROLL	3495
1169220145396	1	INSTRUCTIONSCROLL	3498
1169220145413	1	INSTRUCTIONSCROLL	3501
1169220145429	1	INSTRUCTIONSCROLL	3505
1169220145446	1	INSTRUCTIONSCROLL	3508
1169220145462	1	INSTRUCTIONSCROLL	3511
1169220145479	1	INSTRUCTIONSCROLL	3515
1169220145496	1	INSTRUCTIONSCROLL	3518
1169220145512	1	INSTRUCTIONSCROLL	3521
1169220145529	1	INSTRUCTIONSCROLL	3525
1169220145546	1	INSTRUCTIONSCROLL	3528
1169220145562	1	INSTRUCTIONSCROLL	3531
1169220145579	1	INSTRUCTIONSCROLL	3535
1169220145596	1	INSTRUCTIONSCROLL	3538
1169220145612	1	INSTRUCTIONSCROLL	3541
1169220145629	1	INSTRUCTIONSCROLL	3545
1169220145646	1	INSTRUCTIONSCROLL	3548
1169220145662	1	INSTRUCTIONSCROLL	3551
1169220145679	1	INSTRUCTIONSCROLL	3555
1169220145696	1	INSTRUCTIONSCROLL	3558
1169220145712	1	INSTRUCTIONSCROLL	3561
1169220145729	1	INSTRUCTIONSCROLL	3565
1169220145746	1	INSTRUCTIONSCROLL	3568
1169220145762	1	INSTRUCTIONSCROLL	3571
1169220145779	1	INSTRUCTIONSCROLL	3575
1169220145796	1	INSTRUCTIONSCROLL	3578
1169220145812	1	INSTRUCTIONSCROLL	3581
1169220145829	1	INSTRUCTIONSCROLL	3585
1169220145846	1	INSTRUCTIONSCROLL	3588
1169220145862	1	INSTRUCTIONSCROLL	3591
1169220145879	1	INSTRUCTIONSCROLL	3595
1169220145896	1	INSTRUCTIONSCROLL	3598
1169220145912	1	INSTRUCTIONSCROLL	3601
1169220145929	1	INSTRUCTIONSCROLL	3605
1169220145946	1	INSTRUCTIONSCROLL	3608
1169220145962	1	INSTRUCTIONSCROLL	3611
1169220145979	1	INSTRUCTIONSCROLL	3615
1169220145996	1	INSTRUCTIONSCROLL	3618
1169220146013	1	INSTRUCTIONSCROLL	3621
1169220146030	1	INSTRUCTIONSCROLL	3625
1169220146047	1	INSTRUCTIONSCROLL	3628
1169220146063	1	INSTRUCTIONSCROLL	3631
1169220146080	1	INSTRUCTIONSCROLL	3635
1169220146097	1	INSTRUCTIONSCROLL	3638
1169220146113	1	INSTRUCTIONSCROLL	3641
1169220146130	1	INSTRUCTIONSCROLL	3645
1169220146147	1	INSTRUCTIONSCROLL	3648
1169220146162	1	INSTRUCTIONSCROLL	3651
1169220146179	1	INSTRUCTIONSCROLL	3655
1169220146196	1	INSTRUCTIONSCROLL	3658
1169220146212	1	INSTRUCTIONSCROLL	3661
1169220146229	1	INSTRUCTIONSCROLL	3665
1169220146246	1	INSTRUCTIONSCROLL	3668
1169220146262	1	INSTRUCTIONSCROLL	3671
1169220146279	1	INSTRUCTIONSCROLL	3675
1169220146296	1	INSTRUCTIONSCROLL	3678
1169220146312	1	INSTRUCTIONSCROLL	3681
1169220146329	1	INSTRUCTIONSCROLL	3685
1169220146346	1	INSTRUCTIONSCROLL	3688
1169220146362	1	INSTRUCTIONSCROLL	3691
1169220146379	1	INSTRUCTIONSCROLL	3695
1169220146396	1	INSTRUCTIONSCROLL	3698
1169220146412	1	INSTRUCTIONSCROLL	3701
1169220146429	1	INSTRUCTIONSCROLL	3705
1169220146445	1	INSTRUCTIONSCROLL	3708
1169220146462	1	INSTRUCTIONSCROLL	3711
1169220146479	1	INSTRUCTIONSCROLL	3715
1169220146495	1	INSTRUCTIONSCROLL	3718
1169220146512	1	INSTRUCTIONSCROLL	3721
1169220146529	1	INSTRUCTIONSCROLL	3725
1169220146545	1	INSTRUCTIONSCROLL	3728
1169220146562	1	INSTRUCTIONSCROLL	3731
1169220146579	1	INSTRUCTIONSCROLL	3734
1169220146596	1	INSTRUCTIONSCROLL	3738
1169220146612	1	INSTRUCTIONSCROLL	3741
1169220146629	1	INSTRUCTIONSCROLL	3745
1169220146645	1	INSTRUCTIONSCROLL	3748
1169220146662	1	INSTRUCTIONSCROLL	3751
1169220146679	1	INSTRUCTIONSCROLL	3754
1169220146695	1	INSTRUCTIONSCROLL	3758
1169220146712	1	INSTRUCTIONSCROLL	3761
1169220146729	1	INSTRUCTIONSCROLL	3765
1169220146745	1	INSTRUCTIONSCROLL	3768
1169220146762	1	INSTRUCTIONSCROLL	3771
1169220146779	1	INSTRUCTIONSCROLL	3775
1169220147895	1	INSTRUCTIONSCROLL	3776
1169220147912	1	INSTRUCTIONSCROLL	3777
1169220147928	1	INSTRUCTIONSCROLL	3780
1169220147945	1	INSTRUCTIONSCROLL	3784
1169220147962	1	INSTRUCTIONSCROLL	3787
1169220147978	1	INSTRUCTIONSCROLL	3790
1169220147995	1	INSTRUCTIONSCROLL	3794
1169220148013	1	INSTRUCTIONSCROLL	3797
1169220148029	1	INSTRUCTIONSCROLL	3800
1169220148046	1	INSTRUCTIONSCROLL	3804
1169220148063	1	INSTRUCTIONSCROLL	3807
1169220148079	1	INSTRUCTIONSCROLL	3810
1169220148096	1	INSTRUCTIONSCROLL	3814
1169220148113	1	INSTRUCTIONSCROLL	3817
1169220148129	1	INSTRUCTIONSCROLL	3820
1169220148146	1	INSTRUCTIONSCROLL	3824
1169220148162	1	INSTRUCTIONSCROLL	3827
1169220148178	1	INSTRUCTIONSCROLL	3830
1169220148195	1	INSTRUCTIONSCROLL	3834
1169220148212	1	INSTRUCTIONSCROLL	3837
1169220148228	1	INSTRUCTIONSCROLL	3840
1169220148245	1	INSTRUCTIONSCROLL	3844
1169220148262	1	INSTRUCTIONSCROLL	3847
1169220148278	1	INSTRUCTIONSCROLL	3850
1169220148295	1	INSTRUCTIONSCROLL	3854
1169220148312	1	INSTRUCTIONSCROLL	3857
1169220148328	1	INSTRUCTIONSCROLL	3860
1169220148345	1	INSTRUCTIONSCROLL	3864
1169220148362	1	INSTRUCTIONSCROLL	3867
1169220148378	1	INSTRUCTIONSCROLL	3870
1169220148395	1	INSTRUCTIONSCROLL	3874
1169220148412	1	INSTRUCTIONSCROLL	3877
1169220148428	1	INSTRUCTIONSCROLL	3880
1169220148445	1	INSTRUCTIONSCROLL	3883
1169220148461	1	INSTRUCTIONSCROLL	3887
1169220148478	1	INSTRUCTIONSCROLL	3890
1169220148495	1	INSTRUCTIONSCROLL	3894
1169220148512	1	INSTRUCTIONSCROLL	3897
1169220148528	1	INSTRUCTIONSCROLL	3900
1169220148545	1	INSTRUCTIONSCROLL	3904
1169220148561	1	INSTRUCTIONSCROLL	3907
1169220148578	1	INSTRUCTIONSCROLL	3910
1169220148595	1	INSTRUCTIONSCROLL	3914
1169220148611	1	INSTRUCTIONSCROLL	3917
1169220148628	1	INSTRUCTIONSCROLL	3920
1169220148645	1	INSTRUCTIONSCROLL	3924
1169220148661	1	INSTRUCTIONSCROLL	3927
1169220148678	1	INSTRUCTIONSCROLL	3930
1169220148695	1	INSTRUCTIONSCROLL	3934
1169220148711	1	INSTRUCTIONSCROLL	3937
1169220148728	1	INSTRUCTIONSCROLL	3940
1169220148745	1	INSTRUCTIONSCROLL	3943
1169220148761	1	INSTRUCTIONSCROLL	3947
1169220148778	1	INSTRUCTIONSCROLL	3950
1169220148795	1	INSTRUCTIONSCROLL	3954
1169220148811	1	INSTRUCTIONSCROLL	3957
1169220148828	1	INSTRUCTIONSCROLL	3960
1169220148845	1	INSTRUCTIONSCROLL	3963
1169220148861	1	INSTRUCTIONSCROLL	3967
1169220148878	1	INSTRUCTIONSCROLL	3970
1169220148895	1	INSTRUCTIONSCROLL	3973
1169220148911	1	INSTRUCTIONSCROLL	3977
1169220148928	1	INSTRUCTIONSCROLL	3980
1169220148945	1	INSTRUCTIONSCROLL	3984
1169220148961	1	INSTRUCTIONSCROLL	3987
1169220148978	1	INSTRUCTIONSCROLL	3990
1169220148995	1	INSTRUCTIONSCROLL	3993
1169220149012	1	INSTRUCTIONSCROLL	3997
1169220149029	1	INSTRUCTIONSCROLL	4000
1169220149046	1	INSTRUCTIONSCROLL	4004
1169220149062	1	INSTRUCTIONSCROLL	4007
1169220149079	1	INSTRUCTIONSCROLL	4010
1169220149096	1	INSTRUCTIONSCROLL	4014
1169220149112	1	INSTRUCTIONSCROLL	4017
1169220149129	1	INSTRUCTIONSCROLL	4020
1169220149146	1	INSTRUCTIONSCROLL	4024
1169220149161	1	INSTRUCTIONSCROLL	4027
1169220149178	1	INSTRUCTIONSCROLL	4030
1169220149195	1	INSTRUCTIONSCROLL	4034
1169220149211	1	INSTRUCTIONSCROLL	4037
1169220149228	1	INSTRUCTIONSCROLL	4040
1169220149245	1	INSTRUCTIONSCROLL	4044
1169220149261	1	INSTRUCTIONSCROLL	4047
1169220149278	1	INSTRUCTIONSCROLL	4050
1169220149295	1	INSTRUCTIONSCROLL	4053
1169220149311	1	INSTRUCTIONSCROLL	4057
1169220149328	1	INSTRUCTIONSCROLL	4060
1169220149345	1	INSTRUCTIONSCROLL	4063
1169220149361	1	INSTRUCTIONSCROLL	4067
1169220149378	1	INSTRUCTIONSCROLL	4070
1169220149395	1	INSTRUCTIONSCROLL	4074
1169220149411	1	INSTRUCTIONSCROLL	4077
1169220149428	1	INSTRUCTIONSCROLL	4080
1169220149445	1	INSTRUCTIONSCROLL	4083
1169220149461	1	INSTRUCTIONSCROLL	4087
1169220149478	1	INSTRUCTIONSCROLL	4090
1169220149495	1	INSTRUCTIONSCROLL	4093
1169220149511	1	INSTRUCTIONSCROLL	4097
1169220149528	1	INSTRUCTIONSCROLL	4100
1169220149544	1	INSTRUCTIONSCROLL	4103
1169220149561	1	INSTRUCTIONSCROLL	4107
1169220149578	1	INSTRUCTIONSCROLL	4110
1169220149595	1	INSTRUCTIONSCROLL	4113
1169220149611	1	INSTRUCTIONSCROLL	4117
1169220149628	1	INSTRUCTIONSCROLL	4120
1169220149644	1	INSTRUCTIONSCROLL	4123
1169220149661	1	INSTRUCTIONSCROLL	4127
1169220149678	1	INSTRUCTIONSCROLL	4130
1169220149694	1	INSTRUCTIONSCROLL	4134
1169220149711	1	INSTRUCTIONSCROLL	4137
1169220149728	1	INSTRUCTIONSCROLL	4140
1169220149744	1	INSTRUCTIONSCROLL	4143
1169220149761	1	INSTRUCTIONSCROLL	4147
1169220149778	1	INSTRUCTIONSCROLL	4150
1169220149794	1	INSTRUCTIONSCROLL	4153
1169220149811	1	INSTRUCTIONSCROLL	4157
1169220149828	1	INSTRUCTIONSCROLL	4160
1169220149844	1	INSTRUCTIONSCROLL	4163
1169220149861	1	INSTRUCTIONSCROLL	4167
1169220149878	1	INSTRUCTIONSCROLL	4170
1169220149894	1	INSTRUCTIONSCROLL	4173
1169220149911	1	INSTRUCTIONSCROLL	4177
1169220149928	1	INSTRUCTIONSCROLL	4180
1169220149944	1	INSTRUCTIONSCROLL	4183
1169220149961	1	INSTRUCTIONSCROLL	4187
1169220149978	1	INSTRUCTIONSCROLL	4190
1169220149994	1	INSTRUCTIONSCROLL	4193
1169220150012	1	INSTRUCTIONSCROLL	4197
1169220150029	1	INSTRUCTIONSCROLL	4200
1169220150045	1	INSTRUCTIONSCROLL	4203
1169220150062	1	INSTRUCTIONSCROLL	4207
1169220150079	1	INSTRUCTIONSCROLL	4210
1169220150095	1	INSTRUCTIONSCROLL	4213
1169220150112	1	INSTRUCTIONSCROLL	4217
1169220150129	1	INSTRUCTIONSCROLL	4220
1169220150145	1	INSTRUCTIONSCROLL	4223
1169220150161	1	INSTRUCTIONSCROLL	4227
1169220150178	1	INSTRUCTIONSCROLL	4230
1169220150194	1	INSTRUCTIONSCROLL	4233
1169220150211	1	INSTRUCTIONSCROLL	4237
1169220150228	1	INSTRUCTIONSCROLL	4240
1169220150244	1	INSTRUCTIONSCROLL	4243
1169220150261	1	INSTRUCTIONSCROLL	4247
1169220150278	1	INSTRUCTIONSCROLL	4250
1169220150294	1	INSTRUCTIONSCROLL	4253
1169220152444	1	INSTRUCTIONSCROLL	4254
1169220152460	1	INSTRUCTIONSCROLL	4257
1169220152477	1	INSTRUCTIONSCROLL	4260
1169220152494	1	INSTRUCTIONSCROLL	4263
1169220152510	1	INSTRUCTIONSCROLL	4267
1169220152527	1	INSTRUCTIONSCROLL	4270
1169220152544	1	INSTRUCTIONSCROLL	4273
1169220152560	1	INSTRUCTIONSCROLL	4277
1169220152577	1	INSTRUCTIONSCROLL	4280
1169220152593	1	INSTRUCTIONSCROLL	4283
1169220152610	1	INSTRUCTIONSCROLL	4287
1169220152627	1	INSTRUCTIONSCROLL	4290
1169220152643	1	INSTRUCTIONSCROLL	4293
1169220152660	1	INSTRUCTIONSCROLL	4297
1169220152677	1	INSTRUCTIONSCROLL	4300
1169220152693	1	INSTRUCTIONSCROLL	4303
1169220152710	1	INSTRUCTIONSCROLL	4307
1169220152727	1	INSTRUCTIONSCROLL	4310
1169220152743	1	INSTRUCTIONSCROLL	4313
1169220152760	1	INSTRUCTIONSCROLL	4317
1169220152777	1	INSTRUCTIONSCROLL	4320
1169220152793	1	INSTRUCTIONSCROLL	4323
1169220152811	1	INSTRUCTIONSCROLL	4327
1169220152827	1	INSTRUCTIONSCROLL	4330
1169220152843	1	INSTRUCTIONSCROLL	4333
1169220152860	1	INSTRUCTIONSCROLL	4337
1169220152877	1	INSTRUCTIONSCROLL	4340
1169220152893	1	INSTRUCTIONSCROLL	4343
1169220152910	1	INSTRUCTIONSCROLL	4347
1169220152927	1	INSTRUCTIONSCROLL	4350
1169220152943	1	INSTRUCTIONSCROLL	4353
1169220152960	1	INSTRUCTIONSCROLL	4357
1169220152977	1	INSTRUCTIONSCROLL	4360
1169220152993	1	INSTRUCTIONSCROLL	4363
1169220153011	1	INSTRUCTIONSCROLL	4367
1169220153028	1	INSTRUCTIONSCROLL	4370
1169220153044	1	INSTRUCTIONSCROLL	4373
1169220153061	1	INSTRUCTIONSCROLL	4377
1169220153078	1	INSTRUCTIONSCROLL	4380
1169220153094	1	INSTRUCTIONSCROLL	4383
1169220153111	1	INSTRUCTIONSCROLL	4387
1169220153128	1	INSTRUCTIONSCROLL	4390
1169220153144	1	INSTRUCTIONSCROLL	4393
1169220153161	1	INSTRUCTIONSCROLL	4397
1169220153177	1	INSTRUCTIONSCROLL	4400
1169220153193	1	INSTRUCTIONSCROLL	4403
1169220153210	1	INSTRUCTIONSCROLL	4407
1169220153227	1	INSTRUCTIONSCROLL	4410
1169220153243	1	INSTRUCTIONSCROLL	4413
1169220153260	1	INSTRUCTIONSCROLL	4417
1169220153277	1	INSTRUCTIONSCROLL	4420
1169220153293	1	INSTRUCTIONSCROLL	4423
1169220153310	1	INSTRUCTIONSCROLL	4427
1169220153327	1	INSTRUCTIONSCROLL	4430
1169220153343	1	INSTRUCTIONSCROLL	4433
1169220153360	1	INSTRUCTIONSCROLL	4437
1169220153377	1	INSTRUCTIONSCROLL	4440
1169220153393	1	INSTRUCTIONSCROLL	4443
1169220153410	1	INSTRUCTIONSCROLL	4447
1169220153427	1	INSTRUCTIONSCROLL	4450
1169220153443	1	INSTRUCTIONSCROLL	4453
1169220153460	1	INSTRUCTIONSCROLL	4457
1169220153477	1	INSTRUCTIONSCROLL	4460
1169220153493	1	INSTRUCTIONSCROLL	4463
1169220153510	1	INSTRUCTIONSCROLL	4467
1169220153527	1	INSTRUCTIONSCROLL	4470
1169220153543	1	INSTRUCTIONSCROLL	4473
1169220153560	1	INSTRUCTIONSCROLL	4477
1169220153576	1	INSTRUCTIONSCROLL	4480
1169220153593	1	INSTRUCTIONSCROLL	4483
1169220153610	1	INSTRUCTIONSCROLL	4487
1169220153626	1	INSTRUCTIONSCROLL	4490
1169220153643	1	INSTRUCTIONSCROLL	4493
1169220153660	1	INSTRUCTIONSCROLL	4497
1169220153676	1	INSTRUCTIONSCROLL	4500
1169220153693	1	INSTRUCTIONSCROLL	4503
1169220153710	1	INSTRUCTIONSCROLL	4507
1169220153726	1	INSTRUCTIONSCROLL	4510
1169220153743	1	INSTRUCTIONSCROLL	4513
1169220153760	1	INSTRUCTIONSCROLL	4517
1169220153776	1	INSTRUCTIONSCROLL	4520
1169220153793	1	INSTRUCTIONSCROLL	4523
1169220153810	1	INSTRUCTIONSCROLL	4526
1169220153826	1	INSTRUCTIONSCROLL	4530
1169220153843	1	INSTRUCTIONSCROLL	4533
1169220153860	1	INSTRUCTIONSCROLL	4536
1169220153876	1	INSTRUCTIONSCROLL	4540
1169220153893	1	INSTRUCTIONSCROLL	4543
1169220153910	1	INSTRUCTIONSCROLL	4547
1169220153926	1	INSTRUCTIONSCROLL	4550
1169220153943	1	INSTRUCTIONSCROLL	4553
1169220153960	1	INSTRUCTIONSCROLL	4556
1169220153976	1	INSTRUCTIONSCROLL	4560
1169220153993	1	INSTRUCTIONSCROLL	4563
1169220154011	1	INSTRUCTIONSCROLL	4566
1169220154027	1	INSTRUCTIONSCROLL	4570
1169220154044	1	INSTRUCTIONSCROLL	4573
1169220154061	1	INSTRUCTIONSCROLL	4577
1169220154077	1	INSTRUCTIONSCROLL	4580
1169220154094	1	INSTRUCTIONSCROLL	4583
1169220154111	1	INSTRUCTIONSCROLL	4587
1169220154127	1	INSTRUCTIONSCROLL	4590
1169220154144	1	INSTRUCTIONSCROLL	4593
1169220154161	1	INSTRUCTIONSCROLL	4597
1169220154176	1	INSTRUCTIONSCROLL	4600
1169220154193	1	INSTRUCTIONSCROLL	4603
1169220154210	1	INSTRUCTIONSCROLL	4607
1169220154226	1	INSTRUCTIONSCROLL	4610
1169220154243	1	INSTRUCTIONSCROLL	4613
1169220154260	1	INSTRUCTIONSCROLL	4616
1169220154276	1	INSTRUCTIONSCROLL	4620
1169220154293	1	INSTRUCTIONSCROLL	4623
1169220154310	1	INSTRUCTIONSCROLL	4626
1169220154326	1	INSTRUCTIONSCROLL	4630
1169220154343	1	INSTRUCTIONSCROLL	4633
1169220154360	1	INSTRUCTIONSCROLL	4637
1169220154376	1	INSTRUCTIONSCROLL	4640
1169220154393	1	INSTRUCTIONSCROLL	4643
1169220154410	1	INSTRUCTIONSCROLL	4646
1169220154426	1	INSTRUCTIONSCROLL	4650
1169220154443	1	INSTRUCTIONSCROLL	4653
1169220154460	1	INSTRUCTIONSCROLL	4656
1169220154476	1	INSTRUCTIONSCROLL	4660
1169220157742	1	INSTRUCTIONSCROLL	4661
1169220157758	1	INSTRUCTIONSCROLL	4664
1169220157775	1	INSTRUCTIONSCROLL	4667
1169220157792	1	INSTRUCTIONSCROLL	4670
1169220157808	1	INSTRUCTIONSCROLL	4674
1169220157825	1	INSTRUCTIONSCROLL	4677
1169220157842	1	INSTRUCTIONSCROLL	4680
1169220157858	1	INSTRUCTIONSCROLL	4684
1169220157875	1	INSTRUCTIONSCROLL	4687
1169220157892	1	INSTRUCTIONSCROLL	4690
1169220157908	1	INSTRUCTIONSCROLL	4694
1169220157925	1	INSTRUCTIONSCROLL	4697
1169220157942	1	INSTRUCTIONSCROLL	4700
1169220157958	1	INSTRUCTIONSCROLL	4704
1169220157975	1	INSTRUCTIONSCROLL	4707
1169220157992	1	INSTRUCTIONSCROLL	4710
1169220158009	1	INSTRUCTIONSCROLL	4714
1169220158026	1	INSTRUCTIONSCROLL	4717
1169220158043	1	INSTRUCTIONSCROLL	4720
1169220158059	1	INSTRUCTIONSCROLL	4724
1169220158076	1	INSTRUCTIONSCROLL	4727
1169220159216	1	INSTRUCTIONSCROLL	4728
1169220159225	1	INSTRUCTIONSCROLL	4729
1169220159241	1	INSTRUCTIONSCROLL	4730
1169220159258	1	INSTRUCTIONSCROLL	4733
1169220159275	1	INSTRUCTIONSCROLL	4737
1169220159291	1	INSTRUCTIONSCROLL	4740
1169220159308	1	INSTRUCTIONSCROLL	4743
1169220159325	1	INSTRUCTIONSCROLL	4747
1169220159341	1	INSTRUCTIONSCROLL	4750
1169220159358	1	INSTRUCTIONSCROLL	4753
1169220159375	1	INSTRUCTIONSCROLL	4757
1169220159391	1	INSTRUCTIONSCROLL	4760
1169220159408	1	INSTRUCTIONSCROLL	4763
1169220159425	1	INSTRUCTIONSCROLL	4767
1169220159441	1	INSTRUCTIONSCROLL	4770
1169220159458	1	INSTRUCTIONSCROLL	4773
1169220159475	1	INSTRUCTIONSCROLL	4777
1169220159491	1	INSTRUCTIONSCROLL	4780
1169220159508	1	INSTRUCTIONSCROLL	4783
1169220159525	1	INSTRUCTIONSCROLL	4787
1169220159541	1	INSTRUCTIONSCROLL	4790
1169220159558	1	INSTRUCTIONSCROLL	4793
1169220159575	1	INSTRUCTIONSCROLL	4797
1169220159591	1	INSTRUCTIONSCROLL	4800
1169220159608	1	INSTRUCTIONSCROLL	4803
1169220159625	1	INSTRUCTIONSCROLL	4807
1169220159641	1	INSTRUCTIONSCROLL	4810
1169220159658	1	INSTRUCTIONSCROLL	4813
1169220159674	1	INSTRUCTIONSCROLL	4817
1169220159691	1	INSTRUCTIONSCROLL	4820
1169220159708	1	INSTRUCTIONSCROLL	4823
1169220159724	1	INSTRUCTIONSCROLL	4827
1169220159741	1	INSTRUCTIONSCROLL	4830
1169220159758	1	INSTRUCTIONSCROLL	4833
1169220159774	1	INSTRUCTIONSCROLL	4837
1169220159791	1	INSTRUCTIONSCROLL	4840
1169220159809	1	INSTRUCTIONSCROLL	4843
1169220159824	1	INSTRUCTIONSCROLL	4847
1169220159841	1	INSTRUCTIONSCROLL	4850
1169220159858	1	INSTRUCTIONSCROLL	4853
1169220159874	1	INSTRUCTIONSCROLL	4857
1169220159891	1	INSTRUCTIONSCROLL	4860
1169220159908	1	INSTRUCTIONSCROLL	4863
1169220159924	1	INSTRUCTIONSCROLL	4867
1169220159941	1	INSTRUCTIONSCROLL	4870
1169220159958	1	INSTRUCTIONSCROLL	4873
1169220159974	1	INSTRUCTIONSCROLL	4877
1169220159991	1	INSTRUCTIONSCROLL	4880
1169220160009	1	INSTRUCTIONSCROLL	4883
1169220160025	1	INSTRUCTIONSCROLL	4887
1169220160042	1	INSTRUCTIONSCROLL	4890
1169220160059	1	INSTRUCTIONSCROLL	4894
1169220160075	1	INSTRUCTIONSCROLL	4897
1169220160092	1	INSTRUCTIONSCROLL	4900
1169220160109	1	INSTRUCTIONSCROLL	4903
1169220160125	1	INSTRUCTIONSCROLL	4907
1169220160142	1	INSTRUCTIONSCROLL	4910
1169220160159	1	INSTRUCTIONSCROLL	4914
1169220160174	1	INSTRUCTIONSCROLL	4917
1169220160191	1	INSTRUCTIONSCROLL	4920
1169220160208	1	INSTRUCTIONSCROLL	4923
1169220160224	1	INSTRUCTIONSCROLL	4927
1169220160241	1	INSTRUCTIONSCROLL	4930
1169220160258	1	INSTRUCTIONSCROLL	4933
1169220160274	1	INSTRUCTIONSCROLL	4937
1169220160291	1	INSTRUCTIONSCROLL	4940
1169220160308	1	INSTRUCTIONSCROLL	4943
1169220160324	1	INSTRUCTIONSCROLL	4947
1169220160341	1	INSTRUCTIONSCROLL	4950
1169220160358	1	INSTRUCTIONSCROLL	4953
1169220160374	1	INSTRUCTIONSCROLL	4955
1169220204194	1	INSTRUCTIONSTOP	Button set (OR)
1169220204194	0	E	Logging Ends
