1157734294539	0	B	Logging Begins
1157734294540	0	SESS_START	0
1157736479491	0	TRIAL	1
1157736483563	1	FACE	1340	PRES1_NPPN	Incorrect	LL1	PP1	Target_NPPN	0	PRACTICE
1157736487478	1	FACE	1340	CUE	Incorrect	LL1	PP1	Target_NPPN	0	PRACTICE
1157736488818	0	FACE	1340	RESP	Incorrect	LL1	PP1	Target_NPPN	0	PRACTICE
1157736488851	0	TRIAL	2
1157736492659	1	FACE	1557	PRES1_PPNN	Incorrect	LL1	PP1	Target_PPNN	0	PRACTICE
1157736496542	1	FACE	1557	CUE	Incorrect	LL1	PP1	Target_PPNN	0	PRACTICE
1157736498099	0	FACE	1557	RESP	Incorrect	LL1	PP1	Target_PPNN	0	PRACTICE
1157736498130	0	TRIAL	3
1157736501440	1	FACE	1102	PRES1_NPNN	Correct	LL1	PP1	Target_NPNN	0	PRACTICE
1157736505405	1	FACE	1102	CUE	Correct	LL1	PP1	Target_NPNN	0	PRACTICE
1157736506507	0	FACE	1102	RESP	Correct	LL1	PP1	Target_NPNN	0	PRACTICE
1157736506544	0	TRIAL	4
1157736509620	1	FACE	1029	PRES1_PPPP	Correct	LL1	PP1	Target_PPPP	0	PRACTICE
1157736513469	1	FACE	1029	CUE	Correct	LL1	PP1	Target_PPPP	0	PRACTICE
1157736514498	0	FACE	1029	RESP	Correct	LL1	PP1	Target_PPPP	0	PRACTICE
1157736514525	0	TRIAL	5
1157736517468	1	FACE	1093	PRES1_NPNP	Correct	LL1	PP0	Lure_NNPP	0	PRACTICE
1157736521317	1	FACE	1093	CUE	Correct	LL1	PP0	Lure_NNPP	0	PRACTICE
1157736522410	0	FACE	1093	RESP	Correct	LL1	PP0	Lure_NNPP	0	PRACTICE
1157736522439	0	TRIAL	6
1157736525149	1	FACE	1095	PRES1_PNNN	Correct	LL1	PP0	Lure_NNNP	0	PRACTICE
1157736529131	1	FACE	1095	CUE	Correct	LL1	PP0	Lure_NNNP	0	PRACTICE
1157736530226	0	FACE	1095	RESP	Correct	LL1	PP0	Lure_NNNP	0	PRACTICE
1157736530252	0	TRIAL	7
1157736532895	1	FACE	1261	PRES1_NPPN	Correct	LL1	PP0	Lure_PPNN	0	PRACTICE
1157736536861	1	FACE	1261	CUE	Correct	LL1	PP0	Lure_PPNN	0	PRACTICE
1157736538122	0	FACE	1261	RESP	Correct	LL1	PP0	Lure_PPNN	0	PRACTICE
1157736538150	0	TRIAL	8
1157736540893	1	FACE	1020	PRES1_PPNP	Correct	LL1	PP0	Lure_NPPP	0	PRACTICE
1157736544908	1	FACE	1020	CUE	Correct	LL1	PP0	Lure_NPPP	0	PRACTICE
1157736545928	0	FACE	1020	RESP	Correct	LL1	PP0	Lure_NPPP	0	PRACTICE
1157736545964	0	TRIAL	9
1157736548524	1	FACE	1106	PRES1_NPPP	Correct	LL1	PP0	Lure_NNPN	0	PRACTICE
1157736552423	1	FACE	1106	CUE	Correct	LL1	PP0	Lure_NNPN	0	PRACTICE
1157736553529	0	FACE	1106	RESP	Correct	LL1	PP0	Lure_NNPN	0	PRACTICE
1157736553561	0	TRIAL	10
1157736556505	1	FACE	975	PRES1_PNNP	Correct	LL1	PP0	Lure_NPNN	0	PRACTICE
1157736560354	1	FACE	975	CUE	Correct	LL1	PP0	Lure_NPNN	0	PRACTICE
1157736561329	0	FACE	975	RESP	Correct	LL1	PP0	Lure_NPNN	0	PRACTICE
1157736561360	0	TRIAL	11
1157736565768	1	FACE	1279	PRES1_PNPP	Incorrect	LL1	PP1	Target_PNPP	0	PRACTICE
1157736569600	1	FACE	1279	CUE	Incorrect	LL1	PP1	Target_PNPP	0	PRACTICE
1157736570879	1	FACE	1279	RESP	Incorrect	LL1	PP1	Target_PNPP	0	PRACTICE
1157736570904	0	TRIAL	12
1157736573483	1	FACE	847	PRES1_NNPP	Correct	LL1	PP0	Lure_NNNN	0	PRACTICE
1157736577481	1	FACE	847	CUE	Correct	LL1	PP0	Lure_NNNN	0	PRACTICE
1157736578328	0	FACE	847	RESP	Correct	LL1	PP0	Lure_NNNN	0	PRACTICE
1157736578354	0	TRIAL	13
1157736582430	1	FACE	1318	PRES1_NPPP	Correct	LL1	PP1	Target_NPPP	0	PRACTICE
1157736586178	1	FACE	1318	CUE	Correct	LL1	PP1	Target_NPPP	0	PRACTICE
1157736587496	0	FACE	1318	RESP	Correct	LL1	PP1	Target_NPPP	0	PRACTICE
1157736587533	0	TRIAL	14
1157736590294	1	FACE	1338	PRES1_PNNN	Correct	LL1	PP1	Target_PNNN	0	PRACTICE
1157736594293	1	FACE	1338	CUE	Correct	LL1	PP1	Target_PNNN	0	PRACTICE
1157736595631	0	FACE	1338	RESP	Correct	LL1	PP1	Target_PNNN	0	PRACTICE
1157736595663	0	TRIAL	15
1157736598308	1	FACE	852	PRES1_PNPP	Correct	LL1	PP0	Lure_PPNP	0	PRACTICE
1157736602323	1	FACE	852	CUE	Correct	LL1	PP0	Lure_PPNP	0	PRACTICE
1157736603175	0	FACE	852	RESP	Correct	LL1	PP0	Lure_PPNP	0	PRACTICE
1157736603214	0	TRIAL	16
1157736605971	1	FACE	1565	PRES1_PPPN	Correct	LL1	PP1	Target_PPPN	0	PRACTICE
1157736609770	1	FACE	1565	CUE	Correct	LL1	PP1	Target_PPPN	0	PRACTICE
1157736611335	0	FACE	1565	RESP	Correct	LL1	PP1	Target_PPPN	0	PRACTICE
1157736611360	0	TRIAL	17
1157736614003	1	FACE	1178	PRES1_PNNP	Correct	LL1	PP1	Target_PNNP	0	PRACTICE
1157736617917	1	FACE	1178	CUE	Correct	LL1	PP1	Target_PNNP	0	PRACTICE
1157736619095	0	FACE	1178	RESP	Correct	LL1	PP1	Target_PNNP	0	PRACTICE
1157736619124	0	TRIAL	18
1157736622100	1	FACE	1249	PRES1_PPNP	Correct	LL1	PP1	Target_PPNP	0	PRACTICE
1157736625998	1	FACE	1249	CUE	Correct	LL1	PP1	Target_PPNP	0	PRACTICE
1157736627247	0	FACE	1249	RESP	Correct	LL1	PP1	Target_PPNP	0	PRACTICE
1157736627270	0	TRIAL	19
1157736629913	1	FACE	1277	PRES1_NNNN	Correct	LL1	PP0	Lure_NPNP	0	PRACTICE
1157736633729	1	FACE	1277	CUE	Correct	LL1	PP0	Lure_NPNP	0	PRACTICE
1157736635006	0	FACE	1277	RESP	Correct	LL1	PP0	Lure_NPNP	0	PRACTICE
1157736635035	0	TRIAL	20
1157736638178	1	FACE	1114	PRES1_NNPP	Correct	LL1	PP1	Target_NNPP	0	PRACTICE
1157736642060	1	FACE	1114	CUE	Correct	LL1	PP1	Target_NNPP	0	PRACTICE
1157736643174	0	FACE	1114	RESP	Correct	LL1	PP1	Target_NNPP	0	PRACTICE
1157736643199	0	TRIAL	21
1157736646442	1	FACE	1178	PRES1_PPNN	Incorrect	LL1	PP0	Lure_PPPN	0	PRACTICE
1157736650491	1	FACE	1178	CUE	Incorrect	LL1	PP0	Lure_PPPN	0	PRACTICE
1157736651669	0	FACE	1178	RESP	Incorrect	LL1	PP0	Lure_PPPN	0	PRACTICE
1157736651694	0	TRIAL	22
1157736654971	1	FACE	1285	PRES1_NNPN	Correct	LL1	PP0	Lure_PNNP	0	PRACTICE
1157736658953	1	FACE	1285	CUE	Correct	LL1	PP0	Lure_PNNP	0	PRACTICE
1157736660238	0	FACE	1285	RESP	Correct	LL1	PP0	Lure_PNNP	0	PRACTICE
1157736660261	0	TRIAL	23
1157736663170	1	FACE	1013	PRES1_NNNN	Correct	LL1	PP1	Target_NNNN	0	PRACTICE
1157736666951	1	FACE	1013	CUE	Correct	LL1	PP1	Target_NNNN	0	PRACTICE
1157736667964	0	FACE	1013	RESP	Correct	LL1	PP1	Target_NNNN	0	PRACTICE
1157736667989	0	TRIAL	24
1157736671067	1	FACE	1249	PRES1_NNNP	Correct	LL1	PP0	Lure_NPPN	0	PRACTICE
1157736675116	1	FACE	1249	CUE	Correct	LL1	PP0	Lure_NPPN	0	PRACTICE
1157736676365	0	FACE	1249	RESP	Correct	LL1	PP0	Lure_NPPN	0	PRACTICE
1157736676405	0	TRIAL	25
1157736679298	1	FACE	1115	PRES1_NPNN	Correct	LL1	PP0	Lure_PNNN	0	PRACTICE
1157736683346	1	FACE	1115	CUE	Correct	LL1	PP0	Lure_PNNN	0	PRACTICE
1157736684461	0	FACE	1115	RESP	Correct	LL1	PP0	Lure_PNNN	0	PRACTICE
1157736684484	0	TRIAL	26
1157736687395	1	FACE	963	PRES1_PPPP	Correct	LL1	PP0	Lure_PNPN	0	PRACTICE
1157736691410	1	FACE	963	CUE	Correct	LL1	PP0	Lure_PNPN	0	PRACTICE
1157736692373	1	FACE	963	RESP	Correct	LL1	PP0	Lure_PNPN	0	PRACTICE
1157736692399	0	TRIAL	27
1157736695376	1	FACE	1290	PRES1_NPNP	Correct	LL1	PP1	Target_NPNP	0	PRACTICE
1157736699274	1	FACE	1290	CUE	Correct	LL1	PP1	Target_NPNP	0	PRACTICE
1157736700564	0	FACE	1290	RESP	Correct	LL1	PP1	Target_NPNP	0	PRACTICE
1157736700601	0	TRIAL	28
1157736703456	1	FACE	1138	PRES1_PNPN	Correct	LL1	PP1	Target_PNPN	0	PRACTICE
1157736707338	1	FACE	1138	CUE	Correct	LL1	PP1	Target_PNPN	0	PRACTICE
1157736708476	0	FACE	1138	RESP	Correct	LL1	PP1	Target_PNPN	0	PRACTICE
1157736708511	0	TRIAL	29
1157736711354	1	FACE	1371	PRES1_PPPN	Correct	LL1	PP0	Lure_PPPP	0	PRACTICE
1157736715336	1	FACE	1371	CUE	Correct	LL1	PP0	Lure_PPPP	0	PRACTICE
1157736716707	0	FACE	1371	RESP	Correct	LL1	PP0	Lure_PPPP	0	PRACTICE
1157736716739	0	TRIAL	30
1157736719567	1	FACE	1033	PRES1_NNPN	Correct	LL1	PP1	Target_NNPN	0	PRACTICE
1157736723483	1	FACE	1033	CUE	Correct	LL1	PP1	Target_NNPN	0	PRACTICE
1157736724516	0	FACE	1033	RESP	Correct	LL1	PP1	Target_NNPN	0	PRACTICE
1157736724539	0	TRIAL	31
1157736727465	1	FACE	1204	PRES1_NNNP	Correct	LL1	PP1	Target_NNNP	0	PRACTICE
1157736731414	1	FACE	1204	CUE	Correct	LL1	PP1	Target_NNNP	0	PRACTICE
1157736732618	0	FACE	1204	RESP	Correct	LL1	PP1	Target_NNNP	0	PRACTICE
1157736732651	0	TRIAL	32
1157736735611	1	FACE	1290	PRES1_PNPN	Correct	LL1	PP0	Lure_PNPP	0	PRACTICE
1157736739544	1	FACE	1290	CUE	Correct	LL1	PP0	Lure_PNPP	0	PRACTICE
1157736740834	0	FACE	1290	RESP	Correct	LL1	PP0	Lure_PNPP	0	PRACTICE
1157736770555	0	TRIAL	1
1157736775216	1	FACE	862	PRES1_PNPN	Correct	LL1	PP0	Lure_PPNN	0	PRACTICE
1157736779148	1	FACE	862	CUE	Correct	LL1	PP0	Lure_PPNN	0	PRACTICE
1157736780010	0	FACE	862	RESP	Correct	LL1	PP0	Lure_PPNN	0	PRACTICE
1157736780036	0	TRIAL	2
1157736783013	1	FACE	1179	PRES1_NNPP	Correct	LL1	PP1	Target_NNPP	0	PRACTICE
1157736786894	1	FACE	1179	CUE	Correct	LL1	PP1	Target_NNPP	0	PRACTICE
1157736788073	1	FACE	1179	RESP	Correct	LL1	PP1	Target_NNPP	0	PRACTICE
1157736788101	0	TRIAL	3
1157736790960	1	FACE	1120	PRES1_NPNN	Correct	LL1	PP1	Target_NPNN	0	PRACTICE
1157736794792	1	FACE	1120	CUE	Correct	LL1	PP1	Target_NPNN	0	PRACTICE
1157736795912	0	FACE	1120	RESP	Correct	LL1	PP1	Target_NPNN	0	PRACTICE
1157736795947	0	TRIAL	4
1157736798824	1	FACE	976	PRES1_NNNP	Correct	LL1	PP1	Target_NNNP	0	PRACTICE
1157736802856	1	FACE	976	CUE	Correct	LL1	PP1	Target_NNNP	0	PRACTICE
1157736803832	0	FACE	976	RESP	Correct	LL1	PP1	Target_NNNP	0	PRACTICE
1157736803861	0	TRIAL	5
1157736806721	1	FACE	1036	PRES1_PPNP	Correct	LL1	PP0	Lure_NNPN	0	PRACTICE
1157736810620	1	FACE	1036	CUE	Correct	LL1	PP0	Lure_NNPN	0	PRACTICE
1157736811656	0	FACE	1036	RESP	Correct	LL1	PP0	Lure_NNPN	0	PRACTICE
1157736811692	0	TRIAL	6
1157736814436	1	FACE	1027	PRES1_PNPP	Correct	LL1	PP1	Target_PNPP	0	PRACTICE
1157736818285	1	FACE	1027	CUE	Correct	LL1	PP1	Target_PNPP	0	PRACTICE
1157736819312	1	FACE	1027	RESP	Correct	LL1	PP1	Target_PNPP	0	PRACTICE
1157736819340	0	TRIAL	7
1157736822134	1	FACE	1295	PRES1_NPPN	Correct	LL1	PP0	Lure_NNNN	0	PRACTICE
1157736825881	1	FACE	1295	CUE	Correct	LL1	PP0	Lure_NNNN	0	PRACTICE
1157736827176	0	FACE	1295	RESP	Correct	LL1	PP0	Lure_NNNN	0	PRACTICE
1157736827204	0	TRIAL	8
1157736830014	1	FACE	1119	PRES1_NNPP	Correct	LL1	PP0	Lure_PNNN	0	PRACTICE
1157736833929	1	FACE	1119	CUE	Correct	LL1	PP0	Lure_PNNN	0	PRACTICE
1157736835048	0	FACE	1119	RESP	Correct	LL1	PP0	Lure_PNNN	0	PRACTICE
1157736835085	0	TRIAL	9
1157736837828	1	FACE	1048	PRES1_PNNP	Correct	LL1	PP0	Lure_PPPP	0	PRACTICE
1157736841660	1	FACE	1048	CUE	Correct	LL1	PP0	Lure_PPPP	0	PRACTICE
1157736842708	13	FACE	1048	RESP	Correct	LL1	PP0	Lure_PPPP	0	PRACTICE
1157736842749	0	TRIAL	10
1157736845509	1	FACE	1504	PRES1_PPNN	Correct	LL1	PP1	Target_PPNN	0	PRACTICE
1157736849358	1	FACE	1504	CUE	Correct	LL1	PP1	Target_PPNN	0	PRACTICE
1157736850862	1	FACE	1504	RESP	Correct	LL1	PP1	Target_PPNN	0	PRACTICE
1157736850898	0	TRIAL	11
1157736853706	1	FACE	1108	PRES1_PNPP	Correct	LL1	PP0	Lure_NPNP	0	PRACTICE
1157736857738	1	FACE	1108	CUE	Correct	LL1	PP0	Lure_NPNP	0	PRACTICE
1157736858846	0	FACE	1108	RESP	Correct	LL1	PP0	Lure_NPNP	0	PRACTICE
1157736858876	0	TRIAL	12
1157736861636	1	FACE	1042	PRES1_PNNN	Correct	LL1	PP1	Target_PNNN	0	PRACTICE
1157736865469	1	FACE	1042	CUE	Correct	LL1	PP1	Target_PNNN	0	PRACTICE
1157736866511	0	FACE	1042	RESP	Correct	LL1	PP1	Target_PNNN	0	PRACTICE
1157736866541	0	TRIAL	13
1157736869418	1	FACE	1361	PRES1_PNNP	Correct	LL1	PP1	Target_PNNP	0	PRACTICE
1157736873317	1	FACE	1361	CUE	Correct	LL1	PP1	Target_PNNP	0	PRACTICE
1157736874678	0	FACE	1361	RESP	Correct	LL1	PP1	Target_PNNP	0	PRACTICE
1157736874705	0	TRIAL	14
1157736877532	1	FACE	1417	PRES1_NNPN	Correct	LL1	PP0	Lure_PPPN	0	PRACTICE
1157736881580	1	FACE	1417	CUE	Correct	LL1	PP0	Lure_PPPN	0	PRACTICE
1157736882997	1	FACE	1417	RESP	Correct	LL1	PP0	Lure_PPPN	0	PRACTICE
1157736883036	0	TRIAL	15
1157736885895	1	FACE	1083	PRES1_PPNP	Correct	LL1	PP1	Target_PPNP	0	PRACTICE
1157736889810	1	FACE	1083	CUE	Correct	LL1	PP1	Target_PPNP	0	PRACTICE
1157736890893	0	FACE	1083	RESP	Correct	LL1	PP1	Target_PPNP	0	PRACTICE
1157736890933	0	TRIAL	16
1157736893742	1	FACE	947	PRES1_NPPN	Correct	LL1	PP1	Target_NPPN	0	PRACTICE
1157736897674	1	FACE	947	CUE	Correct	LL1	PP1	Target_NPPN	0	PRACTICE
1157736898621	0	FACE	947	RESP	Correct	LL1	PP1	Target_NPPN	0	PRACTICE
1157736898646	0	TRIAL	17
1157736901391	1	FACE	1411	PRES1_NNNN	Correct	LL1	PP0	Lure_NPPP	0	PRACTICE
1157736905306	1	FACE	1411	CUE	Correct	LL1	PP0	Lure_NPPP	0	PRACTICE
1157736906717	0	FACE	1411	RESP	Correct	LL1	PP0	Lure_NPPP	0	PRACTICE
1157736906744	0	TRIAL	18
1157736909555	1	FACE	1700	PRES1_NPPP	Correct	LL1	PP1	Target_NPPP	0	PRACTICE
1157736913537	1	FACE	1700	CUE	Correct	LL1	PP1	Target_NPPP	0	PRACTICE
1157736915237	1	FACE	1700	RESP	Correct	LL1	PP1	Target_NPPP	0	PRACTICE
1157736915275	0	TRIAL	19
1157736917951	1	FACE	1042	PRES1_NPNP	Correct	LL1	PP0	Lure_NPNN	0	PRACTICE
1157736921850	1	FACE	1042	CUE	Correct	LL1	PP0	Lure_NPNN	0	PRACTICE
1157736922892	0	FACE	1042	RESP	Correct	LL1	PP0	Lure_NPNN	0	PRACTICE
1157736922921	0	TRIAL	20
1157736925649	1	FACE	913	PRES1_PNNN	Correct	LL1	PP0	Lure_PPNP	0	PRACTICE
1157736929548	1	FACE	913	CUE	Correct	LL1	PP0	Lure_PPNP	0	PRACTICE
1157736930461	0	FACE	913	RESP	Correct	LL1	PP0	Lure_PPNP	0	PRACTICE
1157736930491	0	TRIAL	21
1157736933147	1	FACE	1003	PRES1_PPNN	Correct	LL1	PP0	Lure_PNNP	0	PRACTICE
1157736936945	1	FACE	1003	CUE	Correct	LL1	PP0	Lure_PNNP	0	PRACTICE
1157736937948	0	FACE	1003	RESP	Correct	LL1	PP0	Lure_PNNP	0	PRACTICE
1157736937984	0	TRIAL	22
1157736941361	1	FACE	1091	PRES1_NPPP	Correct	LL1	PP0	Lure_NNNP	0	PRACTICE
1157736945193	1	FACE	1091	CUE	Correct	LL1	PP0	Lure_NNNP	0	PRACTICE
1157736946284	1	FACE	1091	RESP	Correct	LL1	PP0	Lure_NNNP	0	PRACTICE
1157736946314	0	TRIAL	23
1157736949008	1	FACE	1100	PRES1_NPNP	Correct	LL1	PP1	Target_NPNP	0	PRACTICE
1157736952839	1	FACE	1100	CUE	Correct	LL1	PP1	Target_NPNP	0	PRACTICE
1157736953939	0	FACE	1100	RESP	Correct	LL1	PP1	Target_NPNP	0	PRACTICE
1157736953978	0	TRIAL	24
1157736956821	1	FACE	1127	PRES1_NNNP	Correct	LL1	PP0	Lure_NNPP	0	PRACTICE
1157736960620	1	FACE	1127	CUE	Correct	LL1	PP0	Lure_NNPP	0	PRACTICE
1157736961747	0	FACE	1127	RESP	Correct	LL1	PP0	Lure_NNPP	0	PRACTICE
1157736961775	0	TRIAL	25
1157736964736	1	FACE	1087	PRES1_PPPN	Correct	LL1	PP0	Lure_PNPP	0	PRACTICE
1157736968684	1	FACE	1087	CUE	Correct	LL1	PP0	Lure_PNPP	0	PRACTICE
1157736969771	0	FACE	1087	RESP	Correct	LL1	PP0	Lure_PNPP	0	PRACTICE
1157736969807	0	TRIAL	26
1157736972833	1	FACE	1273	PRES1_NNNN	Correct	LL1	PP1	Target_NNNN	0	PRACTICE
1157736976898	1	FACE	1273	CUE	Correct	LL1	PP1	Target_NNNN	0	PRACTICE
1157736978171	0	FACE	1273	RESP	Correct	LL1	PP1	Target_NNNN	0	PRACTICE
1157736978204	0	TRIAL	27
1157736981064	1	FACE	1116	PRES1_PNPN	Correct	LL1	PP1	Target_PNPN	0	PRACTICE
1157736985063	1	FACE	1116	CUE	Correct	LL1	PP1	Target_PNPN	0	PRACTICE
1157736986179	0	FACE	1116	RESP	Correct	LL1	PP1	Target_PNPN	0	PRACTICE
1157736986218	0	TRIAL	28
1157736989162	1	FACE	1089	PRES1_PPPP	Correct	LL1	PP1	Target_PPPP	0	PRACTICE
1157736993010	1	FACE	1089	CUE	Correct	LL1	PP1	Target_PPPP	0	PRACTICE
1157736994099	0	FACE	1089	RESP	Correct	LL1	PP1	Target_PPPP	0	PRACTICE
1157736994133	0	TRIAL	29
1157736997242	1	FACE	1366	PRES1_PPPN	Correct	LL1	PP1	Target_PPPN	0	PRACTICE
1157737001125	1	FACE	1366	CUE	Correct	LL1	PP1	Target_PPPN	0	PRACTICE
1157737002491	0	FACE	1366	RESP	Correct	LL1	PP1	Target_PPPN	0	PRACTICE
1157737002513	0	TRIAL	30
1157737005540	1	FACE	941	PRES1_NNPN	Correct	LL1	PP1	Target_NNPN	0	PRACTICE
1157737009422	1	FACE	941	CUE	Correct	LL1	PP1	Target_NNPN	0	PRACTICE
1157737010363	0	FACE	941	RESP	Correct	LL1	PP1	Target_NNPN	0	PRACTICE
1157737010377	0	TRIAL	31
1157737013504	1	FACE	1027	PRES1_PPPP	Correct	LL1	PP0	Lure_PNPN	0	PRACTICE
1157737017319	1	FACE	1027	CUE	Correct	LL1	PP0	Lure_PNPN	0	PRACTICE
1157737018346	0	FACE	1027	RESP	Correct	LL1	PP0	Lure_PNPN	0	PRACTICE
1157737018374	0	TRIAL	32
1157737021218	1	FACE	938	PRES1_NPNN	Incorrect	LL1	PP0	Lure_NPPN	0	PRACTICE
1157737025216	1	FACE	938	CUE	Incorrect	LL1	PP0	Lure_NPPN	0	PRACTICE
1157737026154	0	FACE	938	RESP	Incorrect	LL1	PP0	Lure_NPPN	0	PRACTICE
1157737038785	0	SESS_END	1
1157737038793	0	E	Logging Ends
