1169485945501	0	B	Logging Begins
1169485945501	0	SETUP
1169485945529	0	RESTORESTATE
1169485945560	0	SAVESTATE
1169485945561	0	RESTORESTATE
1169485945570	0	SESSION	0
1169486077446	0	SAVESTATE
1169486083466	0	SAVESTATE
1169486089488	0	SAVESTATE
1169486095500	0	SAVESTATE
1169486101515	0	SAVESTATE
1169486107892	0	SAVESTATE
1169486113747	0	SAVESTATE
1169486119765	0	SAVESTATE
1169486125774	0	SAVESTATE
1169486131783	0	SAVESTATE
1169486137792	0	SAVESTATE
1169486143804	0	SAVESTATE
1169486149812	0	SAVESTATE
1169486155821	0	SAVESTATE
1169486161830	0	SAVESTATE
1169486167845	0	SAVESTATE
1169486181328	0	SAVESTATE
1169486187175	0	SAVESTATE
1169486192255	0	SAVESTATE
1169486199406	0	SAVESTATE
1169486204287	0	SAVESTATE
1169486211695	0	SAVESTATE
1169486216158	0	SAVESTATE
1169486223940	0	SAVESTATE
1169486229173	0	SAVESTATE
1169486234670	0	SAVESTATE
1169486240685	0	SAVESTATE
1169486248342	0	SAVESTATE
1169486253197	0	SAVESTATE
1169486259876	0	SAVESTATE
1169486264924	0	SAVESTATE
1169486272740	0	SAVESTATE
1169486276919	0	SAVESTATE
1169486282922	0	SAVESTATE
1169486288921	0	SAVESTATE
1169486294932	0	SAVESTATE
1169486300931	0	SAVESTATE
1169486306933	0	SAVESTATE
1169486313153	0	SAVESTATE
1169486318947	0	SAVESTATE
1169486324950	0	SAVESTATE
1169486330949	0	SAVESTATE
1169486336958	0	SAVESTATE
1169486342959	0	SAVESTATE
1169486348960	0	SAVESTATE
1169486354972	0	SAVESTATE
1169486360972	0	SAVESTATE
1169486366973	0	SAVESTATE
1169486380097	0	SAVESTATE
1169486385649	0	SAVESTATE
1169486392384	0	SAVESTATE
1169486398063	0	SAVESTATE
1169486403335	0	SAVESTATE
1169486410768	0	SAVESTATE
1169486414944	0	SAVESTATE
1169486420335	0	SAVESTATE
1169486427551	0	SAVESTATE
1169486432662	0	SAVESTATE
1169486440270	0	SAVESTATE
1169486446567	0	SAVESTATE
1169486451494	0	SAVESTATE
1169486457940	0	SAVESTATE
1169486464070	0	SAVESTATE
1169486469677	0	SAVESTATE
1169486477953	0	SAVESTATE
1169486483954	0	SAVESTATE
1169486489955	0	SAVESTATE
1169486495966	0	SAVESTATE
1169486501967	0	SAVESTATE
1169486508192	0	SAVESTATE
1169486513969	0	SAVESTATE
1169486519970	0	SAVESTATE
1169486525971	0	SAVESTATE
1169486531972	0	SAVESTATE
1169486537982	0	SAVESTATE
1169486543984	0	SAVESTATE
1169486549984	0	SAVESTATE
1169486555985	0	SAVESTATE
1169486561998	0	SAVESTATE
1169486568010	0	SAVESTATE
1169486581138	0	SAVESTATE
1169486588441	0	SAVESTATE
1169486594177	0	SAVESTATE
1169486600920	0	SAVESTATE
1169486603761	0	SAVESTATE
1169486611617	0	SAVESTATE
1169486616768	0	SAVESTATE
1169486624888	0	SAVESTATE
1169486630431	0	SAVESTATE
1169486635096	0	SAVESTATE
1169486641917	0	SAVESTATE
1169486646223	0	SAVESTATE
1169486654439	0	SAVESTATE
1169486658176	0	SAVESTATE
1169486665703	0	SAVESTATE
1169486670574	0	SAVESTATE
1169486675803	0	SAVESTATE
1169486681816	0	SAVESTATE
1169486687818	0	SAVESTATE
1169486693818	0	SAVESTATE
1169486699828	0	SAVESTATE
1169486706056	0	SAVESTATE
1169486711838	0	SAVESTATE
1169486717839	0	SAVESTATE
1169486723840	0	SAVESTATE
1169486729848	0	SAVESTATE
1169486735848	0	SAVESTATE
1169486741851	0	SAVESTATE
1169486747851	0	SAVESTATE
1169486753852	0	SAVESTATE
1169486759852	0	SAVESTATE
1169486765854	0	SAVESTATE
1169486779715	0	SAVESTATE
1169486784218	0	SAVESTATE
1169486790370	0	SAVESTATE
1169486795897	0	SAVESTATE
1169486802928	0	SAVESTATE
1169486807731	0	SAVESTATE
1169486813714	0	SAVESTATE
1169486822569	0	SAVESTATE
1169486827697	0	SAVESTATE
1169486833353	0	SAVESTATE
1169486839834	0	SAVESTATE
1169486846217	0	SAVESTATE
1169486851136	0	SAVESTATE
1169486857231	0	SAVESTATE
1169486862703	0	SAVESTATE
1169486869863	0	SAVESTATE
1169486873460	0	SAVESTATE
1169486879462	0	SAVESTATE
1169486885471	0	SAVESTATE
1169486891472	0	SAVESTATE
1169486897474	0	SAVESTATE
1169486903482	0	SAVESTATE
1169486909703	0	SAVESTATE
1169486915484	0	SAVESTATE
1169486921484	0	SAVESTATE
1169486927496	0	SAVESTATE
1169486933508	0	SAVESTATE
1169486939509	0	SAVESTATE
1169486945510	0	SAVESTATE
1169486951511	0	SAVESTATE
1169486957513	0	SAVESTATE
1169486963513	0	SAVESTATE
1169486978476	0	SAVESTATE
1169486983212	0	SAVESTATE
1169486988980	0	SAVESTATE
1169486995675	0	SAVESTATE
1169487001755	0	SAVESTATE
1169487007674	0	SAVESTATE
1169487014156	0	SAVESTATE
1169487017698	0	SAVESTATE
1169487025274	0	SAVESTATE
1169487031458	0	SAVESTATE
1169487036977	0	SAVESTATE
1169487042305	0	SAVESTATE
1169487048291	0	SAVESTATE
1169487055801	0	SAVESTATE
1169487060505	0	SAVESTATE
1169487067520	0	SAVESTATE
1169487072083	0	SAVESTATE
1169487078084	0	SAVESTATE
1169487084085	0	SAVESTATE
1169487090085	0	SAVESTATE
1169487096086	0	SAVESTATE
1169487102097	0	SAVESTATE
1169487108098	0	SAVESTATE
1169487114392	0	SAVESTATE
1169487120099	0	SAVESTATE
1169487126110	0	SAVESTATE
1169487132110	0	SAVESTATE
1169487138113	0	SAVESTATE
1169487144113	0	SAVESTATE
1169487150123	0	SAVESTATE
1169487156123	0	SAVESTATE
1169487162124	0	SAVESTATE
1169487175468	0	SAVESTATE
1169487180036	0	SAVESTATE
1169487187341	0	SAVESTATE
1169487193932	0	SAVESTATE
1169487197774	0	SAVESTATE
1169487205875	0	SAVESTATE
1169487210036	0	SAVESTATE
1169487217797	0	SAVESTATE
1169487223499	0	SAVESTATE
1169487229101	0	SAVESTATE
1169487235442	0	SAVESTATE
1169487242210	0	SAVESTATE
1169487247347	0	SAVESTATE
1169487254531	0	SAVESTATE
1169487259091	0	SAVESTATE
1169487264106	0	SAVESTATE
1169487271295	0	SAVESTATE
1169487277295	0	SAVESTATE
1169487283297	0	SAVESTATE
1169487289299	0	SAVESTATE
1169487295299	0	SAVESTATE
1169487301310	0	SAVESTATE
1169487307320	0	SAVESTATE
1169487313321	0	SAVESTATE
1169487319673	0	SAVESTATE
1169487325432	0	SAVESTATE
1169487331432	0	SAVESTATE
1169487337433	0	SAVESTATE
1169487343435	0	SAVESTATE
1169487349437	0	SAVESTATE
1169487355438	0	SAVESTATE
1169487361451	0	SAVESTATE
1169487377238	0	SAVESTATE
1169487382543	0	SAVESTATE
1169487388135	0	SAVESTATE
1169487393822	0	SAVESTATE
1169487400125	0	SAVESTATE
1169487407421	0	SAVESTATE
1169487413822	0	SAVESTATE
1169487418845	0	SAVESTATE
1169487425085	0	SAVESTATE
1169487430301	0	SAVESTATE
1169487435996	0	SAVESTATE
1169487444004	0	SAVESTATE
1169487447468	0	SAVESTATE
1169487453900	0	SAVESTATE
1169487459227	0	SAVESTATE
1169487465660	0	SAVESTATE
1169487472014	0	SAVESTATE
1169487478014	0	SAVESTATE
1169487484238	0	SAVESTATE
1169487490015	0	SAVESTATE
1169487496018	0	SAVESTATE
1169487502032	0	SAVESTATE
1169487508031	0	SAVESTATE
1169487514033	0	SAVESTATE
1169487520034	0	SAVESTATE
1169487526044	0	SAVESTATE
1169487532046	0	SAVESTATE
1169487538045	0	SAVESTATE
1169487544047	0	SAVESTATE
1169487550343	0	SAVESTATE
1169487556049	0	SAVESTATE
1169487562060	0	SAVESTATE
1169487576679	0	SAVESTATE
1169487579439	0	SAVESTATE
1169487587487	0	SAVESTATE
1169487591870	0	SAVESTATE
1169487598239	0	SAVESTATE
1169487603343	0	SAVESTATE
1169487610550	0	SAVESTATE
1169487617806	0	SAVESTATE
1169487622567	0	SAVESTATE
1169487627413	0	SAVESTATE
1169487635893	0	SAVESTATE
1169487642365	0	SAVESTATE
1169487646797	0	SAVESTATE
1169487653541	0	SAVESTATE
1169487659668	0	SAVESTATE
1169487666533	0	SAVESTATE
1169487670169	0	SAVESTATE
1169487676170	0	SAVESTATE
1169487682172	0	SAVESTATE
1169487688183	0	SAVESTATE
1169487694194	0	SAVESTATE
1169487700195	0	SAVESTATE
1169487706195	0	SAVESTATE
1169487712198	0	SAVESTATE
1169487718500	0	SAVESTATE
1169487724199	0	SAVESTATE
1169487730209	0	SAVESTATE
1169487736209	0	SAVESTATE
1169487742211	0	SAVESTATE
1169487748211	0	SAVESTATE
1169487754213	0	SAVESTATE
1169487760223	0	SAVESTATE
1169487775897	0	SAVESTATE
1169487780632	0	SAVESTATE
1169487786786	0	SAVESTATE
1169487791409	0	SAVESTATE
1169487799441	0	SAVESTATE
1169487804144	0	SAVESTATE
1169487809472	0	SAVESTATE
1169487818593	0	SAVESTATE
1169487823439	0	SAVESTATE
1169487830797	0	SAVESTATE
1169487834511	0	SAVESTATE
1169487839390	0	SAVESTATE
1169487846854	0	SAVESTATE
1169487853183	0	SAVESTATE
1169487858078	0	SAVESTATE
1169487863512	0	SAVESTATE
1169487869505	0	SAVESTATE
1169487875507	0	SAVESTATE
1169487881508	0	SAVESTATE
1169487887517	0	SAVESTATE
1169487893531	0	SAVESTATE
1169487899540	0	SAVESTATE
1169487905540	0	SAVESTATE
1169487911550	0	SAVESTATE
1169487917552	0	SAVESTATE
1169487923553	0	SAVESTATE
1169487929553	0	SAVESTATE
1169487935555	0	SAVESTATE
1169487941556	0	SAVESTATE
1169487947558	0	SAVESTATE
1169487953559	0	SAVESTATE
1169487959559	0	SAVESTATE
1169487971842	0	SAVESTATE
1169487977878	0	SAVESTATE
1169487983755	0	SAVESTATE
1169487988778	0	SAVESTATE
1169487994578	0	SAVESTATE
1169488000545	0	SAVESTATE
1169488008370	0	SAVESTATE
1169488013770	0	SAVESTATE
1169488018177	0	SAVESTATE
1169488025513	0	SAVESTATE
1169488030609	0	SAVESTATE
1169488036927	0	SAVESTATE
1169488043888	0	SAVESTATE
1169488049935	0	SAVESTATE
1169488055456	0	SAVESTATE
1169488059879	0	SAVESTATE
1169488269027	0	SAVESTATE
1169488269055	0	EXIT
1169488269135	0	E	Logging Ends
