1192200102628	0	B	Logging Begins
1192200102629	0	SESS_START	0
1192200257426	0	TRIAL	1
1192200264941	1	FACE	6338	PRES1_NPNP	Correct	LL1	PP0	Lure_PNPN	1	0	PRACTICE
1192200268874	1	FACE	6338	CUE	Correct	LL1	PP0	Lure_PNPN	1	0	PRACTICE
1192200275212	0	FACE	6338	RESP	Correct	LL1	PP0	Lure_PNPN	1	0	PRACTICE
1192200275246	0	TRIAL	2
1192200279009	1	FACE	1185	PRES1_PNPN	Correct	LL1	PP0	Lure_NPPP	1	0	PRACTICE
1192200282891	1	FACE	1185	CUE	Correct	LL1	PP0	Lure_NPPP	1	0	PRACTICE
1192200284076	0	FACE	1185	RESP	Correct	LL1	PP0	Lure_NPPP	1	0	PRACTICE
1192200284114	0	TRIAL	3
1192200287142	1	FACE	1627	PRES1_PPNP	Correct	LL1	PP0	Lure_NNNN	3	0	PRACTICE
1192200291009	1	FACE	1627	CUE	Correct	LL1	PP0	Lure_NNNN	3	0	PRACTICE
1192200292636	0	FACE	1627	RESP	Correct	LL1	PP0	Lure_NNNN	3	0	PRACTICE
1192200292664	0	TRIAL	4
1192200295609	1	FACE	1368	PRES1_PNPP	Incorrect	LL1	PP0	Lure_NNPN	6	0	PRACTICE
1192200299659	1	FACE	1368	CUE	Incorrect	LL1	PP0	Lure_NNPN	6	0	PRACTICE
1192200301027	0	FACE	1368	RESP	Incorrect	LL1	PP0	Lure_NNPN	6	0	PRACTICE
1192200301064	0	TRIAL	5
1192200304409	1	FACE	1468	PRES1_NPNP	Correct	LL1	PP1	Target_NPNP	6	0	PRACTICE
1192200308342	1	FACE	1468	CUE	Correct	LL1	PP1	Target_NPNP	6	0	PRACTICE
1192200309810	0	FACE	1468	RESP	Correct	LL1	PP1	Target_NPNP	6	0	PRACTICE
1192200309845	0	TRIAL	6
1192200312808	1	FACE	1208	PRES1_NPNN	Correct	LL1	PP0	Lure_PPNN	1	0	PRACTICE
1192200316626	1	FACE	1208	CUE	Correct	LL1	PP0	Lure_PPNN	1	0	PRACTICE
1192200317834	0	FACE	1208	RESP	Correct	LL1	PP0	Lure_PPNN	1	0	PRACTICE
1192200317862	0	TRIAL	7
1192200320925	1	FACE	1236	PRES1_PNNN	Correct	LL1	PP1	Target_PNNN	6	0	PRACTICE
1192200324775	1	FACE	1236	CUE	Correct	LL1	PP1	Target_PNNN	6	0	PRACTICE
1192200326011	0	FACE	1236	RESP	Correct	LL1	PP1	Target_PNNN	6	0	PRACTICE
1192200326047	0	TRIAL	8
1192200329242	1	FACE	1236	PRES1_NNNN	Incorrect	LL1	PP1	Target_NNNN	1	0	PRACTICE
1192200333126	1	FACE	1236	CUE	Incorrect	LL1	PP1	Target_NNNN	1	0	PRACTICE
1192200334362	0	FACE	1236	RESP	Incorrect	LL1	PP1	Target_NNNN	1	0	PRACTICE
1192200334397	0	TRIAL	9
1192200338459	1	FACE	490	PRES1_NNNP	Correct	LL1	PP0	Lure_PPPN	1	0	PRACTICE
1192200342359	1	FACE	490	CUE	Correct	LL1	PP0	Lure_PPPN	1	0	PRACTICE
1192200342849	0	FACE	490	RESP	Correct	LL1	PP0	Lure_PPPN	1	0	PRACTICE
1192200342883	0	TRIAL	10
1192200345775	1	FACE	977	PRES1_PPNN	Correct	LL1	PP0	Lure_PNPP	1	0	PRACTICE
1192200349808	1	FACE	977	CUE	Correct	LL1	PP0	Lure_PNPP	1	0	PRACTICE
1192200350785	0	FACE	977	RESP	Correct	LL1	PP0	Lure_PNPP	1	0	PRACTICE
1192200350813	0	TRIAL	11
1192200353609	1	FACE	666	PRES1_NNPP	Correct	LL1	PP0	Lure_PNNN	1	0	PRACTICE
1192200357359	1	FACE	666	CUE	Correct	LL1	PP0	Lure_PNNN	1	0	PRACTICE
1192200358025	1	FACE	666	RESP	Correct	LL1	PP0	Lure_PNNN	1	0	PRACTICE
1192200358064	0	TRIAL	12
1192200360842	1	FACE	1266	PRES1_NNPN	Correct	LL1	PP0	Lure_PNNP	1	0	PRACTICE
1192200364775	1	FACE	1266	CUE	Correct	LL1	PP0	Lure_PNNP	1	0	PRACTICE
1192200366041	0	FACE	1266	RESP	Correct	LL1	PP0	Lure_PNNP	1	0	PRACTICE
1192200366080	0	TRIAL	13
1192200369643	1	FACE	1202	PRES1_PPPP	Correct	LL1	PP1	Target_PPPP	6	0	PRACTICE
1192200373510	1	FACE	1202	CUE	Correct	LL1	PP1	Target_PPPP	6	0	PRACTICE
1192200374712	0	FACE	1202	RESP	Correct	LL1	PP1	Target_PPPP	6	0	PRACTICE
1192200374746	0	TRIAL	14
1192200377443	1	FACE	1023	PRES1_NNNP	Correct	LL1	PP1	Target_NNNP	6	0	PRACTICE
1192200381426	1	FACE	1023	CUE	Correct	LL1	PP1	Target_NNNP	6	0	PRACTICE
1192200382449	0	FACE	1023	RESP	Correct	LL1	PP1	Target_NNNP	6	0	PRACTICE
1192200382481	0	TRIAL	15
1192200385543	1	FACE	1183	PRES1_PNPN	Correct	LL1	PP1	Target_PNPN	6	0	PRACTICE
1192200389576	1	FACE	1183	CUE	Correct	LL1	PP1	Target_PNPN	6	0	PRACTICE
1192200390759	0	FACE	1183	RESP	Correct	LL1	PP1	Target_PNPN	6	0	PRACTICE
1192200390797	0	TRIAL	16
1192200393643	1	FACE	1107	PRES1_NNPN	Incorrect	LL1	PP1	Target_NNPN	1	0	PRACTICE
1192200397692	1	FACE	1107	CUE	Incorrect	LL1	PP1	Target_NNPN	1	0	PRACTICE
1192200398799	0	FACE	1107	RESP	Incorrect	LL1	PP1	Target_NNPN	1	0	PRACTICE
1192200398830	0	TRIAL	17
1192200402010	1	FACE	1438	PRES1_NPPN	Correct	LL1	PP0	Lure_PPPP	1	0	PRACTICE
1192200406010	1	FACE	1438	CUE	Correct	LL1	PP0	Lure_PPPP	1	0	PRACTICE
1192200407448	0	FACE	1438	RESP	Correct	LL1	PP0	Lure_PPPP	1	0	PRACTICE
1192200407481	0	TRIAL	18
1192200412343	1	FACE	896	PRES1_PNNN	Correct	LL1	PP0	Lure_NPNP	1	0	PRACTICE
1192200416343	1	FACE	896	CUE	Correct	LL1	PP0	Lure_NPNP	1	0	PRACTICE
1192200417239	0	FACE	896	RESP	Correct	LL1	PP0	Lure_NPNP	1	0	PRACTICE
1192200417282	0	TRIAL	19
1192200420692	1	FACE	738	PRES1_PPPP	Correct	LL1	PP0	Lure_NPNN	1	0	PRACTICE
1192200424709	1	FACE	738	CUE	Correct	LL1	PP0	Lure_NPNN	1	0	PRACTICE
1192200425447	0	FACE	738	RESP	Correct	LL1	PP0	Lure_NPNN	1	0	PRACTICE
1192200425482	0	TRIAL	20
1192200429543	1	FACE	1025	PRES1_PNPP	Incorrect	LL1	PP1	Target_PNPP	1	0	PRACTICE
1192200433510	1	FACE	1025	CUE	Incorrect	LL1	PP1	Target_PNPP	1	0	PRACTICE
1192200434535	0	FACE	1025	RESP	Incorrect	LL1	PP1	Target_PNPP	1	0	PRACTICE
1192200434565	0	TRIAL	21
1192200438393	1	FACE	1383	PRES1_NPNN	Correct	LL1	PP1	Target_NPNN	6	0	PRACTICE
1192200442310	1	FACE	1383	CUE	Correct	LL1	PP1	Target_NPNN	6	0	PRACTICE
1192200443693	1	FACE	1383	RESP	Correct	LL1	PP1	Target_NPNN	6	0	PRACTICE
1192200443752	0	TRIAL	22
1192200448310	1	FACE	951	PRES1_NPPP	Correct	LL1	PP1	Target_NPPP	6	0	PRACTICE
1192200452127	1	FACE	951	CUE	Correct	LL1	PP1	Target_NPPP	6	0	PRACTICE
1192200453078	0	FACE	951	RESP	Correct	LL1	PP1	Target_NPPP	6	0	PRACTICE
1192200453114	0	TRIAL	23
1192200456027	1	FACE	708	PRES1_PPPN	Correct	LL1	PP0	Lure_NNPP	1	0	PRACTICE
1192200459993	1	FACE	708	CUE	Correct	LL1	PP0	Lure_NNPP	1	0	PRACTICE
1192200460701	0	FACE	708	RESP	Correct	LL1	PP0	Lure_NNPP	1	0	PRACTICE
1192200460730	0	TRIAL	24
1192200463743	1	FACE	1333	PRES1_PNNP	Incorrect	LL1	PP0	Lure_NNNP	5	0	PRACTICE
1192200467809	1	FACE	1333	CUE	Incorrect	LL1	PP0	Lure_NNNP	5	0	PRACTICE
1192200469142	0	FACE	1333	RESP	Incorrect	LL1	PP0	Lure_NNNP	5	0	PRACTICE
1192200469181	0	TRIAL	25
1192200472726	1	FACE	887	PRES1_NNNN	Correct	LL1	PP0	Lure_NPPN	3	0	PRACTICE
1192200476726	1	FACE	887	CUE	Correct	LL1	PP0	Lure_NPPN	3	0	PRACTICE
1192200477613	0	FACE	887	RESP	Correct	LL1	PP0	Lure_NPPN	3	0	PRACTICE
1192200477650	0	TRIAL	26
1192200481060	1	FACE	909	PRES1_PPPN	Correct	LL1	PP1	Target_PPPN	5	0	PRACTICE
1192200484959	1	FACE	909	CUE	Correct	LL1	PP1	Target_PPPN	5	0	PRACTICE
1192200485868	0	FACE	909	RESP	Correct	LL1	PP1	Target_PPPN	5	0	PRACTICE
1192200485897	0	TRIAL	27
1192200489127	1	FACE	896	PRES1_PPNN	Correct	LL1	PP1	Target_PPNN	5	0	PRACTICE
1192200493044	1	FACE	896	CUE	Correct	LL1	PP1	Target_PPNN	5	0	PRACTICE
1192200493940	0	FACE	896	RESP	Correct	LL1	PP1	Target_PPNN	5	0	PRACTICE
1192200493981	0	TRIAL	28
1192200496976	1	FACE	818	PRES1_PNNP	Correct	LL1	PP1	Target_PNNP	5	0	PRACTICE
1192200500993	1	FACE	818	CUE	Correct	LL1	PP1	Target_PNNP	5	0	PRACTICE
1192200501811	1	FACE	818	RESP	Correct	LL1	PP1	Target_PNNP	5	0	PRACTICE
1192200501848	0	TRIAL	29
1192200505011	1	FACE	815	PRES1_NNPP	Correct	LL1	PP1	Target_NNPP	5	0	PRACTICE
1192200509044	1	FACE	815	CUE	Correct	LL1	PP1	Target_NNPP	5	0	PRACTICE
1192200509859	0	FACE	815	RESP	Correct	LL1	PP1	Target_NNPP	5	0	PRACTICE
1192200509897	0	TRIAL	30
1192200512993	1	FACE	1075	PRES1_NPPP	Incorrect	LL1	PP0	Lure_PPNP	5	0	PRACTICE
1192200516776	1	FACE	1075	CUE	Incorrect	LL1	PP0	Lure_PPNP	5	0	PRACTICE
1192200517851	0	FACE	1075	RESP	Incorrect	LL1	PP0	Lure_PPNP	5	0	PRACTICE
1192200517882	0	TRIAL	31
1192200521061	1	FACE	951	PRES1_PPNP	Correct	LL1	PP1	Target_PPNP	5	0	PRACTICE
1192200524860	1	FACE	951	CUE	Correct	LL1	PP1	Target_PPNP	5	0	PRACTICE
1192200525811	0	FACE	951	RESP	Correct	LL1	PP1	Target_PPNP	5	0	PRACTICE
1192200525848	0	TRIAL	32
1192200528910	1	FACE	795	PRES1_NPPN	Correct	LL1	PP1	Target_NPPN	6	0	PRACTICE
1192200532927	1	FACE	795	CUE	Correct	LL1	PP1	Target_NPPN	6	0	PRACTICE
1192200533722	0	FACE	795	RESP	Correct	LL1	PP1	Target_NPPN	6	0	PRACTICE
1192200543963	0	TRIAL	1
1192200547344	1	FACE	758	PRES1_NPPP	Correct	LL1	PP0	Lure_NNNN	2	0	PRACTICE
1192200551261	1	FACE	758	CUE	Correct	LL1	PP0	Lure_NNNN	2	0	PRACTICE
1192200552019	0	FACE	758	RESP	Correct	LL1	PP0	Lure_NNNN	2	0	PRACTICE
1192200552049	0	TRIAL	2
1192200555361	1	FACE	1020	PRES1_PNPN	Correct	LL1	PP1	Target_PNPN	6	0	PRACTICE
1192200559278	1	FACE	1020	CUE	Correct	LL1	PP1	Target_PNPN	6	0	PRACTICE
1192200560298	1	FACE	1020	RESP	Correct	LL1	PP1	Target_PNPN	6	0	PRACTICE
1192200560333	0	TRIAL	3
1192200563328	1	FACE	1311	PRES1_PNNN	Correct	LL1	PP0	Lure_PPPN	2	0	PRACTICE
1192200567211	1	FACE	1311	CUE	Correct	LL1	PP0	Lure_PPPN	2	0	PRACTICE
1192200568522	0	FACE	1311	RESP	Correct	LL1	PP0	Lure_PPPN	2	0	PRACTICE
1192200568549	0	TRIAL	4
1192200571910	1	FACE	978	PRES1_NNPN	Incorrect	LL1	PP0	Lure_NPPP	5	0	PRACTICE
1192200575927	1	FACE	978	CUE	Incorrect	LL1	PP0	Lure_NPPP	5	0	PRACTICE
1192200576905	0	FACE	978	RESP	Incorrect	LL1	PP0	Lure_NPPP	5	0	PRACTICE
1192200576931	0	TRIAL	5
1192200579827	1	FACE	771	PRES1_NPPP	Correct	LL1	PP1	Target_NPPP	5	0	PRACTICE
1192200583727	1	FACE	771	CUE	Correct	LL1	PP1	Target_NPPP	5	0	PRACTICE
1192200584498	0	FACE	771	RESP	Correct	LL1	PP1	Target_NPPP	5	0	PRACTICE
1192200584532	0	TRIAL	6
1192200587378	1	FACE	1047	PRES1_NPPN	Correct	LL1	PP1	Target_NPPN	5	0	PRACTICE
1192200591178	1	FACE	1047	CUE	Correct	LL1	PP1	Target_NPPN	5	0	PRACTICE
1192200592225	0	FACE	1047	RESP	Correct	LL1	PP1	Target_NPPN	5	0	PRACTICE
1192200592266	0	TRIAL	7
1192200595261	1	FACE	1018	PRES1_NPNN	Correct	LL1	PP0	Lure_NNNP	2	0	PRACTICE
1192200599095	1	FACE	1018	CUE	Correct	LL1	PP0	Lure_NNNP	2	0	PRACTICE
1192200600113	0	FACE	1018	RESP	Correct	LL1	PP0	Lure_NNNP	2	0	PRACTICE
1192200600149	0	TRIAL	8
1192200603328	1	FACE	1140	PRES1_PNNP	Correct	LL1	PP1	Target_PNNP	6	0	PRACTICE
1192200607245	1	FACE	1140	CUE	Correct	LL1	PP1	Target_PNNP	6	0	PRACTICE
1192200608385	0	FACE	1140	RESP	Correct	LL1	PP1	Target_PNNP	6	0	PRACTICE
1192200608416	0	TRIAL	9
1192200611744	1	FACE	793	PRES1_PNPP	Correct	LL1	PP0	Lure_PNNN	2	0	PRACTICE
1192200615727	1	FACE	793	CUE	Correct	LL1	PP0	Lure_PNNN	2	0	PRACTICE
1192200616520	1	FACE	793	RESP	Correct	LL1	PP0	Lure_PNNN	2	0	PRACTICE
1192200616549	0	TRIAL	10
1192200619694	1	FACE	874	PRES1_PPNP	Correct	LL1	PP0	Lure_NPNP	2	0	PRACTICE
1192200623462	1	FACE	874	CUE	Correct	LL1	PP0	Lure_NPNP	2	0	PRACTICE
1192200624336	0	FACE	874	RESP	Correct	LL1	PP0	Lure_NPNP	2	0	PRACTICE
1192200624367	0	TRIAL	11
1192200627894	1	FACE	850	PRES1_NPNP	Incorrect	LL1	PP1	Target_NPNP	2	0	PRACTICE
1192200631694	1	FACE	850	CUE	Incorrect	LL1	PP1	Target_NPNP	2	0	PRACTICE
1192200632544	0	FACE	850	RESP	Incorrect	LL1	PP1	Target_NPNP	2	0	PRACTICE
1192200632583	0	TRIAL	12
1192200635628	1	FACE	938	PRES1_NNNP	Correct	LL1	PP0	Lure_NNPN	2	0	PRACTICE
1192200639478	1	FACE	938	CUE	Correct	LL1	PP0	Lure_NNPN	2	0	PRACTICE
1192200640416	0	FACE	938	RESP	Correct	LL1	PP0	Lure_NNPN	2	0	PRACTICE
1192200640449	0	TRIAL	13
1192200643512	1	FACE	783	PRES1_NNPP	Correct	LL1	PP0	Lure_PNPN	1	0	PRACTICE
1192200647328	1	FACE	783	CUE	Correct	LL1	PP0	Lure_PNPN	1	0	PRACTICE
1192200648111	1	FACE	783	RESP	Correct	LL1	PP0	Lure_PNPN	1	0	PRACTICE
1192200648149	0	TRIAL	14
1192200651944	1	FACE	1109	PRES1_NNNN	Incorrect	LL1	PP0	Lure_PNNP	5	0	PRACTICE
1192200655777	1	FACE	1109	CUE	Incorrect	LL1	PP0	Lure_PNNP	5	0	PRACTICE
1192200656886	0	FACE	1109	RESP	Incorrect	LL1	PP0	Lure_PNNP	5	0	PRACTICE
1192200656916	0	TRIAL	15
1192200659562	1	FACE	1070	PRES1_PPNN	Correct	LL1	PP0	Lure_PNPP	1	0	PRACTICE
1192200663529	1	FACE	1070	CUE	Correct	LL1	PP0	Lure_PNPP	1	0	PRACTICE
1192200664599	0	FACE	1070	RESP	Correct	LL1	PP0	Lure_PNPP	1	0	PRACTICE
1192200664633	0	TRIAL	16
1192200667878	1	FACE	891	PRES1_NPPN	Incorrect	LL1	PP0	Lure_PPPP	6	0	PRACTICE
1192200671811	1	FACE	891	CUE	Incorrect	LL1	PP0	Lure_PPPP	6	0	PRACTICE
1192200672702	0	FACE	891	RESP	Incorrect	LL1	PP0	Lure_PPPP	6	0	PRACTICE
1192200672732	0	TRIAL	17
1192200675595	1	FACE	1080	PRES1_PNPN	Correct	LL1	PP0	Lure_NNPP	1	0	PRACTICE
1192200679462	1	FACE	1080	CUE	Correct	LL1	PP0	Lure_NNPP	1	0	PRACTICE
1192200680542	0	FACE	1080	RESP	Correct	LL1	PP0	Lure_NNPP	1	0	PRACTICE
1192200680583	0	TRIAL	18
1192200684079	1	FACE	798	PRES1_PPPP	Correct	LL1	PP1	Target_PPPP	6	0	PRACTICE
1192200688079	1	FACE	798	CUE	Correct	LL1	PP1	Target_PPPP	6	0	PRACTICE
1192200688877	0	FACE	798	RESP	Correct	LL1	PP1	Target_PPPP	6	0	PRACTICE
1192200688917	0	TRIAL	19
1192200691828	1	FACE	919	PRES1_PPPN	Correct	LL1	PP0	Lure_PPNN	1	0	PRACTICE
1192200695878	1	FACE	919	CUE	Correct	LL1	PP0	Lure_PPNN	1	0	PRACTICE
1192200696797	0	FACE	919	RESP	Correct	LL1	PP0	Lure_PPNN	1	0	PRACTICE
1192200696832	0	TRIAL	20
1192200700379	1	FACE	1205	PRES1_NPNP	Correct	LL1	PP0	Lure_NPNN	1	0	PRACTICE
1192200704296	1	FACE	1205	CUE	Correct	LL1	PP0	Lure_NPNN	1	0	PRACTICE
1192200705501	0	FACE	1205	RESP	Correct	LL1	PP0	Lure_NPNN	1	0	PRACTICE
1192200705533	0	TRIAL	21
1192200708596	1	FACE	1047	PRES1_NNPN	Correct	LL1	PP1	Target_NNPN	6	0	PRACTICE
1192200712629	1	FACE	1047	CUE	Correct	LL1	PP1	Target_NNPN	6	0	PRACTICE
1192200713676	0	FACE	1047	RESP	Correct	LL1	PP1	Target_NNPN	6	0	PRACTICE
1192200713716	0	TRIAL	22
1192200716579	1	FACE	841	PRES1_PNNP	Correct	LL1	PP0	Lure_PPNP	1	0	PRACTICE
1192200720412	1	FACE	841	CUE	Correct	LL1	PP0	Lure_PPNP	1	0	PRACTICE
1192200721253	0	FACE	841	RESP	Correct	LL1	PP0	Lure_PPNP	1	0	PRACTICE
1192200721284	0	TRIAL	23
1192200724811	1	FACE	995	PRES1_NNNP	Correct	LL1	PP1	Target_NNNP	6	0	PRACTICE
1192200728761	1	FACE	995	CUE	Correct	LL1	PP1	Target_NNNP	6	0	PRACTICE
1192200729756	0	FACE	995	RESP	Correct	LL1	PP1	Target_NNNP	6	0	PRACTICE
1192200729784	0	TRIAL	24
1192200732728	1	FACE	926	PRES1_PNPP	Incorrect	LL1	PP1	Target_PNPP	1	0	PRACTICE
1192200736678	1	FACE	926	CUE	Incorrect	LL1	PP1	Target_PNPP	1	0	PRACTICE
1192200737604	0	FACE	926	RESP	Incorrect	LL1	PP1	Target_PNPP	1	0	PRACTICE
1192200737633	0	TRIAL	25
1192200740596	1	FACE	815	PRES1_NNNN	Incorrect	LL1	PP1	Target_NNNN	1	0	PRACTICE
1192200744429	1	FACE	815	CUE	Incorrect	LL1	PP1	Target_NNNN	1	0	PRACTICE
1192200745244	0	FACE	815	RESP	Incorrect	LL1	PP1	Target_NNNN	1	0	PRACTICE
1192200745284	0	TRIAL	26
1192200748263	1	FACE	876	PRES1_PPNN	Correct	LL1	PP1	Target_PPNN	6	0	PRACTICE
1192200752079	1	FACE	876	CUE	Correct	LL1	PP1	Target_PPNN	6	0	PRACTICE
1192200752955	0	FACE	876	RESP	Correct	LL1	PP1	Target_PPNN	6	0	PRACTICE
1192200752983	0	TRIAL	27
1192200755995	1	FACE	734	PRES1_PPPP	Correct	LL1	PP0	Lure_NPPN	1	0	PRACTICE
1192200759845	1	FACE	734	CUE	Correct	LL1	PP0	Lure_NPPN	1	0	PRACTICE
1192200760579	1	FACE	734	RESP	Correct	LL1	PP0	Lure_NPPN	1	0	PRACTICE
1192200760617	0	TRIAL	28
1192200763546	1	FACE	2074	PRES1_PPNP	Correct	LL1	PP1	Target_PPNP	5	0	PRACTICE
1192200767513	1	FACE	2074	CUE	Correct	LL1	PP1	Target_PPNP	5	0	PRACTICE
1192200769587	0	FACE	2074	RESP	Correct	LL1	PP1	Target_PPNP	5	0	PRACTICE
1192200769619	0	TRIAL	29
1192200772795	1	FACE	1027	PRES1_PNNN	Correct	LL1	PP1	Target_PNNN	5	0	PRACTICE
1192200776663	1	FACE	1027	CUE	Correct	LL1	PP1	Target_PNNN	5	0	PRACTICE
1192200777690	0	FACE	1027	RESP	Correct	LL1	PP1	Target_PNNN	5	0	PRACTICE
1192200777716	0	TRIAL	30
1192200780712	1	FACE	1122	PRES1_NPNN	Correct	LL1	PP1	Target_NPNN	6	0	PRACTICE
1192200784728	1	FACE	1122	CUE	Correct	LL1	PP1	Target_NPNN	6	0	PRACTICE
1192200785850	0	FACE	1122	RESP	Correct	LL1	PP1	Target_NPNN	6	0	PRACTICE
1192200785885	0	TRIAL	31
1192200788762	1	FACE	1425	PRES1_NNPP	Incorrect	LL1	PP1	Target_NNPP	1	0	PRACTICE
1192200792729	1	FACE	1425	CUE	Incorrect	LL1	PP1	Target_NNPP	1	0	PRACTICE
1192200794154	0	FACE	1425	RESP	Incorrect	LL1	PP1	Target_NNPP	1	0	PRACTICE
1192200794184	0	TRIAL	32
1192200797146	1	FACE	1671	PRES1_PPPN	Correct	LL1	PP1	Target_PPPN	4	0	PRACTICE
1192200800979	1	FACE	1671	CUE	Correct	LL1	PP1	Target_PPPN	4	0	PRACTICE
1192200802650	0	FACE	1671	RESP	Correct	LL1	PP1	Target_PPPN	4	0	PRACTICE
1192200100669	0	E	Logging Ends
