1154530783544	0	B	Logging Begins
1154530783544	0	SETUP
1154530783552	0	RESTORESTATE
1154530783580	0	SAVESTATE
1154530783580	0	RESTORESTATE
1154530783882	0	SESSION	0
1154530812822	0	SAVESTATE
1154530818840	0	SAVESTATE
1154530824858	0	SAVESTATE
1154530830876	0	SAVESTATE
1154530836893	0	SAVESTATE
1154530842912	0	SAVESTATE
1154530849041	0	SAVESTATE
1154530854947	0	SAVESTATE
1154530862770	0	SAVESTATE
1154530868788	0	SAVESTATE
1154530874806	0	SAVESTATE
1154530880824	0	SAVESTATE
1154530886842	0	SAVESTATE
1154530892860	0	SAVESTATE
1154530898878	0	SAVESTATE
1154530904896	0	SAVESTATE
1154530916216	0	SAVESTATE
1154530922231	0	SAVESTATE
1154530928250	0	SAVESTATE
1154530934269	0	SAVESTATE
1154530940285	0	SAVESTATE
1154530946421	0	SAVESTATE
1154530952321	0	SAVESTATE
1154530958339	0	SAVESTATE
1154530969154	0	SAVESTATE
1154530975172	0	SAVESTATE
1154530981190	0	SAVESTATE
1154530987208	0	SAVESTATE
1154530993226	0	SAVESTATE
1154530999244	0	SAVESTATE
1154531005262	0	SAVESTATE
1154531011280	0	SAVESTATE
1154531025290	0	SAVESTATE
1154531031306	0	SAVESTATE
1154531037324	0	SAVESTATE
1154531043343	0	SAVESTATE
1154531049359	0	SAVESTATE
1154531055379	0	SAVESTATE
1154531061395	0	SAVESTATE
1154531067413	0	SAVESTATE
1154531075053	0	SAVESTATE
1154531081071	0	SAVESTATE
1154531087088	0	SAVESTATE
1154531093106	0	SAVESTATE
1154531099124	0	SAVESTATE
1154531105293	0	SAVESTATE
1154531111311	0	SAVESTATE
1154531117328	0	SAVESTATE
1154531128912	0	SAVESTATE
1154531135048	0	SAVESTATE
1154531140948	0	SAVESTATE
1154531146965	0	SAVESTATE
1154531152984	0	SAVESTATE
1154531159002	0	SAVESTATE
1154531165021	0	SAVESTATE
1154531171039	0	SAVESTATE
1154531178646	0	SAVESTATE
1154531184662	0	SAVESTATE
1154531190680	0	SAVESTATE
1154531196697	0	SAVESTATE
1154531202715	0	SAVESTATE
1154531208733	0	SAVESTATE
1154531214751	0	SAVESTATE
1154531220769	0	SAVESTATE
1154531261408	0	SAVESTATE
1154531267425	0	SAVESTATE
1154531273443	0	SAVESTATE
1154531279460	0	SAVESTATE
1154531285479	0	SAVESTATE
1154531291584	0	SAVESTATE
1154531297514	0	SAVESTATE
1154531303532	0	SAVESTATE
1154531343451	0	SAVESTATE
1154531349469	0	SAVESTATE
1154531355487	0	SAVESTATE
1154531361505	0	SAVESTATE
1154531367522	0	SAVESTATE
1154531373540	0	SAVESTATE
1154531379558	0	SAVESTATE
1154531385576	0	SAVESTATE
1154531396842	0	SAVESTATE
1154531402860	0	SAVESTATE
1154531408879	0	SAVESTATE
1154531414897	0	SAVESTATE
1154531420914	0	SAVESTATE
1154531426931	0	SAVESTATE
1154531432950	0	SAVESTATE
1154531439112	0	SAVESTATE
1154531446558	0	SAVESTATE
1154531452576	0	SAVESTATE
1154531458593	0	SAVESTATE
1154531464611	0	SAVESTATE
1154531470663	0	SAVESTATE
1154531476681	0	SAVESTATE
1154531482697	0	SAVESTATE
1154531488732	0	SAVESTATE
1154531505233	0	SAVESTATE
1154531511250	0	SAVESTATE
1154531517268	0	SAVESTATE
1154531523286	0	SAVESTATE
1154531529304	0	SAVESTATE
1154531535443	0	SAVESTATE
1154531541339	0	SAVESTATE
1154531547357	0	SAVESTATE
1154531557170	0	SAVESTATE
1154531563187	0	SAVESTATE
1154531569205	0	SAVESTATE
1154531575224	0	SAVESTATE
1154531581242	0	SAVESTATE
1154531587259	0	SAVESTATE
1154531593277	0	SAVESTATE
1154531599296	0	SAVESTATE
1154531606917	0	SAVESTATE
1154531612935	0	SAVESTATE
1154531618953	0	SAVESTATE
1154531624972	0	SAVESTATE
1154531630990	0	SAVESTATE
1154531637007	0	SAVESTATE
1154531643025	0	SAVESTATE
1154531649043	0	SAVESTATE
1154531658003	0	SAVESTATE
1154531664021	0	SAVESTATE
1154531670039	0	SAVESTATE
1154531676057	0	SAVESTATE
1154531682076	0	SAVESTATE
1154531688094	0	SAVESTATE
1154531694110	0	SAVESTATE
1154531700145	0	SAVESTATE
1154531712416	0	SAVESTATE
1154531718433	0	SAVESTATE
1154531724452	0	SAVESTATE
1154531730468	0	SAVESTATE
1154531736486	0	SAVESTATE
1154531742505	0	SAVESTATE
1154531748522	0	SAVESTATE
1154531754635	0	SAVESTATE
1154531763967	0	SAVESTATE
1154531769985	0	SAVESTATE
1154531776004	0	SAVESTATE
1154531782022	0	SAVESTATE
1154531788040	0	SAVESTATE
1154531794057	0	SAVESTATE
1154531800075	0	SAVESTATE
1154531806093	0	SAVESTATE
1154531816993	0	SAVESTATE
1154531823010	0	SAVESTATE
1154531829028	0	SAVESTATE
1154531835052	0	SAVESTATE
1154531841064	0	SAVESTATE
1154531847232	0	SAVESTATE
1154531853100	0	SAVESTATE
1154531859118	0	SAVESTATE
1154531869832	0	SAVESTATE
1154531875850	0	SAVESTATE
1154531881868	0	SAVESTATE
1154531887886	0	SAVESTATE
1154531893904	0	SAVESTATE
1154531899922	0	SAVESTATE
1154531905940	0	SAVESTATE
1154531911958	0	SAVESTATE
1154532124757	0	BREAK
1154532124757	0	E	Logging Ends
1154532162470	0	B	Logging Begins
1154532162470	0	SETUP
1154532162478	0	RESTORESTATE
1154532162485	0	RESTORESTATE
1154532162785	0	SESSION	0
1154532193622	0	SAVESTATE
1154532199640	0	SAVESTATE
1154532202203	0	BREAK
1154532202203	0	E	Logging Ends
1154534514078	0	B	Logging Begins
1154534514078	0	SETUP
1154534514100	0	RESTORESTATE
1154534514109	0	RESTORESTATE
1154534514378	0	SESSION	0
1154534564022	0	BREAK
1154534564022	0	E	Logging Ends
1154534578069	0	B	Logging Begins
1154534578069	0	SETUP
1154534578076	0	RESTORESTATE
1154534578085	0	RESTORESTATE
1154534578354	0	SESSION	0
1154534709154	0	BREAK
1154534709154	0	E	Logging Ends
1154534727975	0	B	Logging Begins
1154534727975	0	SETUP
1154534727982	0	RESTORESTATE
1154534727991	0	RESTORESTATE
1154534728261	0	SESSION	0
1154534760847	0	SAVESTATE
1154534766864	0	SAVESTATE
1154534770432	0	BREAK
1154534770432	0	E	Logging Ends
1154534802059	0	B	Logging Begins
1154534802059	0	SETUP
1154534802066	0	RESTORESTATE
1154534802075	0	RESTORESTATE
1154534802343	0	SESSION	0
1154534816727	0	SAVESTATE
1154534822744	0	SAVESTATE
1154534828761	0	SAVESTATE
1154534834779	0	SAVESTATE
1154534840798	0	SAVESTATE
1154534846816	0	SAVESTATE
1154534852833	0	SAVESTATE
1154534858851	0	SAVESTATE
1154534867594	0	SAVESTATE
1154534873612	0	SAVESTATE
1154534879630	0	SAVESTATE
1154534885648	0	SAVESTATE
1154534891665	0	SAVESTATE
1154534898002	0	SAVESTATE
1154534904020	0	SAVESTATE
1154534910037	0	SAVESTATE
1154534917636	0	BREAK
1154534917636	0	E	Logging Ends
1154534975960	0	B	Logging Begins
1154534975960	0	SETUP
1154534975967	0	RESTORESTATE
1154534975976	0	RESTORESTATE
1154534976244	0	SESSION	0
1154535004746	0	SAVESTATE
1154535010762	0	SAVESTATE
1154535016780	0	SAVESTATE
1154535017770	0	BREAK
1154535017770	0	E	Logging Ends
1154535035637	0	B	Logging Begins
1154535035637	0	SETUP
1154535035644	0	RESTORESTATE
1154535035653	0	RESTORESTATE
1154535035921	0	SESSION	0
1154535049102	0	SAVESTATE
1154535055119	0	SAVESTATE
1154535061138	0	SAVESTATE
1154535067155	0	SAVESTATE
1154535073174	0	SAVESTATE
1154535079191	0	SAVESTATE
1154535085209	0	SAVESTATE
1154535091243	0	SAVESTATE
1154535099417	0	SAVESTATE
1154535105436	0	SAVESTATE
1154535111453	0	SAVESTATE
1154535117471	0	SAVESTATE
1154535123490	0	SAVESTATE
1154535129507	0	SAVESTATE
1154535135525	0	SAVESTATE
1154535141543	0	SAVESTATE
1154535148365	0	SAVESTATE
1154535154381	0	SAVESTATE
1154535160399	0	SAVESTATE
1154535166418	0	SAVESTATE
1154535172435	0	SAVESTATE
1154535178454	0	SAVESTATE
1154535184470	0	SAVESTATE
1154535190489	0	SAVESTATE
1154535197342	0	SAVESTATE
1154535203360	0	SAVESTATE
1154535209378	0	SAVESTATE
1154535215396	0	SAVESTATE
1154535221414	0	SAVESTATE
1154535227561	0	SAVESTATE
1154535233450	0	SAVESTATE
1154535239468	0	SAVESTATE
1154535250267	0	SAVESTATE
1154535256284	0	SAVESTATE
1154535262303	0	SAVESTATE
1154535268321	0	SAVESTATE
1154535274338	0	SAVESTATE
1154535280356	0	SAVESTATE
1154535286374	0	SAVESTATE
1154535292533	0	SAVESTATE
1154535298910	0	SAVESTATE
1154535304928	0	SAVESTATE
1154535310946	0	SAVESTATE
1154535316964	0	SAVESTATE
1154535323117	0	SAVESTATE
1154535329134	0	SAVESTATE
1154535335152	0	SAVESTATE
1154535341170	0	SAVESTATE
1154535348325	0	SAVESTATE
1154535354344	0	SAVESTATE
1154535360361	0	SAVESTATE
1154535366379	0	SAVESTATE
1154535372396	0	SAVESTATE
1154535378414	0	SAVESTATE
1154535384580	0	SAVESTATE
1154535390450	0	SAVESTATE
1154535397571	0	SAVESTATE
1154535403589	0	SAVESTATE
1154535409607	0	SAVESTATE
1154535415625	0	SAVESTATE
1154535421643	0	SAVESTATE
1154535427660	0	SAVESTATE
1154535433679	0	SAVESTATE
1154535439696	0	SAVESTATE
1154535447304	0	SAVESTATE
1154535453320	0	SAVESTATE
1154535459338	0	SAVESTATE
1154535465356	0	SAVESTATE
1154535471374	0	SAVESTATE
1154535477393	0	SAVESTATE
1154535483411	0	SAVESTATE
1154535489428	0	SAVESTATE
1154535496567	0	SAVESTATE
1154535502584	0	SAVESTATE
1154535508818	0	SAVESTATE
1154535514836	0	SAVESTATE
1154535520853	0	SAVESTATE
1154535526871	0	SAVESTATE
1154535532889	0	SAVESTATE
1154535538907	0	SAVESTATE
1154535546080	0	SAVESTATE
1154535552097	0	SAVESTATE
1154535558116	0	SAVESTATE
1154535564133	0	SAVESTATE
1154535570152	0	SAVESTATE
1154535576169	0	SAVESTATE
1154535582187	0	SAVESTATE
1154535588205	0	SAVESTATE
1154535594757	0	SAVESTATE
1154535600776	0	SAVESTATE
1154535606792	0	SAVESTATE
1154535612810	0	SAVESTATE
1154535618828	0	SAVESTATE
1154535624846	0	SAVESTATE
1154535630864	0	SAVESTATE
1154535636882	0	SAVESTATE
1154535644473	0	SAVESTATE
1154535650490	0	SAVESTATE
1154535656508	0	SAVESTATE
1154535662527	0	SAVESTATE
1154535668545	0	SAVESTATE
1154535674562	0	SAVESTATE
1154535680579	0	SAVESTATE
1154535686597	0	SAVESTATE
1154535693935	0	SAVESTATE
1154535699953	0	SAVESTATE
1154535705971	0	SAVESTATE
1154535711989	0	SAVESTATE
1154535718008	0	SAVESTATE
1154535724025	0	SAVESTATE
1154535730043	0	SAVESTATE
1154535736061	0	SAVESTATE
1154535746011	0	SAVESTATE
1154535752027	0	SAVESTATE
1154535758043	0	SAVESTATE
1154535764062	0	SAVESTATE
1154535770079	0	SAVESTATE
1154535776097	0	SAVESTATE
1154535782115	0	SAVESTATE
1154535788133	0	SAVESTATE
1154535796941	0	SAVESTATE
1154535802959	0	SAVESTATE
1154535808977	0	SAVESTATE
1154535814996	0	SAVESTATE
1154535821014	0	SAVESTATE
1154535827249	0	SAVESTATE
1154535833267	0	SAVESTATE
1154535839285	0	SAVESTATE
1154535846172	0	SAVESTATE
1154535852190	0	SAVESTATE
1154535858209	0	SAVESTATE
1154535864226	0	SAVESTATE
1154535870244	0	SAVESTATE
1154535876263	0	SAVESTATE
1154535882279	0	SAVESTATE
1154535888503	0	SAVESTATE
1154535894883	0	SAVESTATE
1154535900901	0	SAVESTATE
1154535906919	0	SAVESTATE
1154535912937	0	SAVESTATE
1154535918971	0	SAVESTATE
1154535924989	0	SAVESTATE
1154535931008	0	SAVESTATE
1154535937026	0	SAVESTATE
1154535943875	0	SAVESTATE
1154535943888	0	EXIT
1154535943888	0	E	Logging Ends
