1192213869701	0	B	Logging Begins
1192213869701	0	SETUP
1192213869707	0	RESTORESTATE
1192213869738	0	SAVESTATE
1192213869739	0	RESTORESTATE
1192213869792	0	SESSION	0
1192213998552	0	SAVESTATE
1192214004581	0	SAVESTATE
1192214010616	0	SAVESTATE
1192214016650	0	SAVESTATE
1192214022683	0	SAVESTATE
1192214028906	0	SAVESTATE
1192214034884	0	SAVESTATE
1192214040935	0	SAVESTATE
1192214046966	0	SAVESTATE
1192214053002	0	SAVESTATE
1192214059258	0	SAVESTATE
1192214065167	0	SAVESTATE
1192214071200	0	SAVESTATE
1192214077233	0	SAVESTATE
1192214083272	0	SAVESTATE
1192214089594	0	SAVESTATE
1192214103450	0	SAVESTATE
1192214107394	0	SAVESTATE
1192214113929	0	SAVESTATE
1192214119975	0	SAVESTATE
1192214125945	0	SAVESTATE
1192214131824	0	SAVESTATE
1192214138145	0	SAVESTATE
1192214144680	0	SAVESTATE
1192214150960	0	SAVESTATE
1192214158710	0	SAVESTATE
1192214162079	0	SAVESTATE
1192214167608	0	SAVESTATE
1192214174582	0	SAVESTATE
1192214179760	0	SAVESTATE
1192214186614	0	SAVESTATE
1192214192886	0	SAVESTATE
1192214197490	0	SAVESTATE
1192214203511	0	SAVESTATE
1192214209544	0	SAVESTATE
1192214215561	0	SAVESTATE
1192214221594	0	SAVESTATE
1192214227612	0	SAVESTATE
1192214233645	0	SAVESTATE
1192214239687	0	SAVESTATE
1192214245711	0	SAVESTATE
1192214251893	0	SAVESTATE
1192214257787	0	SAVESTATE
1192214263811	0	SAVESTATE
1192214269828	0	SAVESTATE
1192214275862	0	SAVESTATE
1192214281895	0	SAVESTATE
1192214287939	0	SAVESTATE
1192214298474	0	SAVESTATE
1192214304466	0	SAVESTATE
1192214311035	0	SAVESTATE
1192214316378	0	SAVESTATE
1192214323059	0	SAVESTATE
1192214329218	0	SAVESTATE
1192214334089	0	SAVESTATE
1192214341313	0	SAVESTATE
1192214346785	0	SAVESTATE
1192214352761	0	SAVESTATE
1192214358674	0	SAVESTATE
1192214364753	0	SAVESTATE
1192214371497	0	SAVESTATE
1192214378089	0	SAVESTATE
1192214382280	0	SAVESTATE
1192214388999	0	SAVESTATE
1192214393979	0	SAVESTATE
1192214400021	0	SAVESTATE
1192214406046	0	SAVESTATE
1192214412080	0	SAVESTATE
1192214418122	0	SAVESTATE
1192214424147	0	SAVESTATE
1192214430192	0	SAVESTATE
1192214436213	0	SAVESTATE
1192214442248	0	SAVESTATE
1192214448280	0	SAVESTATE
1192214454499	0	SAVESTATE
1192214460346	0	SAVESTATE
1192214466380	0	SAVESTATE
1192214472424	0	SAVESTATE
1192214478446	0	SAVESTATE
1192214484480	0	SAVESTATE
1192214494981	0	SAVESTATE
1192214501357	0	SAVESTATE
1192214507412	0	SAVESTATE
1192214513468	0	SAVESTATE
1192214519260	0	SAVESTATE
1192214525348	0	SAVESTATE
1192214531988	0	SAVESTATE
1192214537691	0	SAVESTATE
1192214544162	0	SAVESTATE
1192214550082	0	SAVESTATE
1192214556571	0	SAVESTATE
1192214562354	0	SAVESTATE
1192214568242	0	SAVESTATE
1192214574874	0	SAVESTATE
1192214579889	0	SAVESTATE
1192214586393	0	SAVESTATE
1192214593016	0	SAVESTATE
1192214599048	0	SAVESTATE
1192214605081	0	SAVESTATE
1192214611115	0	SAVESTATE
1192214617131	0	SAVESTATE
1192214623315	0	SAVESTATE
1192214629181	0	SAVESTATE
1192214635223	0	SAVESTATE
1192214641260	0	SAVESTATE
1192214647290	0	SAVESTATE
1192214653316	0	SAVESTATE
1192214659349	0	SAVESTATE
1192214665391	0	SAVESTATE
1192214671398	0	SAVESTATE
1192214677432	0	SAVESTATE
1192214683466	0	SAVESTATE
1192214694559	0	SAVESTATE
1192214699557	0	SAVESTATE
1192214706429	0	SAVESTATE
1192214711125	0	SAVESTATE
1192214719036	0	SAVESTATE
1192214723484	0	SAVESTATE
1192214730077	0	SAVESTATE
1192214736204	0	SAVESTATE
1192214742037	0	SAVESTATE
1192214748723	0	SAVESTATE
1192214754051	0	SAVESTATE
1192214759459	0	SAVESTATE
1192214767013	0	SAVESTATE
1192214773076	0	SAVESTATE
1192214779562	0	SAVESTATE
1192214785011	0	SAVESTATE
1192214789115	0	SAVESTATE
1192214795158	0	SAVESTATE
1192214801196	0	SAVESTATE
1192214807216	0	SAVESTATE
1192214813250	0	SAVESTATE
1192214819283	0	SAVESTATE
1192214825316	0	SAVESTATE
1192214831528	0	SAVESTATE
1192214837366	0	SAVESTATE
1192214843400	0	SAVESTATE
1192214849433	0	SAVESTATE
1192214855477	0	SAVESTATE
1192214861510	0	SAVESTATE
1192214867534	0	SAVESTATE
1192214873567	0	SAVESTATE
1192214879583	0	SAVESTATE
1192214889048	0	SAVESTATE
1192214895463	0	SAVESTATE
1192214902456	0	SAVESTATE
1192214906806	0	SAVESTATE
1192214913606	0	SAVESTATE
1192214919559	0	SAVESTATE
1192214925254	0	SAVESTATE
1192214931918	0	SAVESTATE
1192214938063	0	SAVESTATE
1192214944229	0	SAVESTATE
1192214950510	0	SAVESTATE
1192214955573	0	SAVESTATE
1192214962485	0	SAVESTATE
1192214968053	0	SAVESTATE
1192214974365	0	SAVESTATE
1192214979405	0	SAVESTATE
1192214984501	0	SAVESTATE
1192214990534	0	SAVESTATE
1192214996568	0	SAVESTATE
1192215002601	0	SAVESTATE
1192215008645	0	SAVESTATE
1192215014669	0	SAVESTATE
1192215020701	0	SAVESTATE
1192215026746	0	SAVESTATE
1192215032751	0	SAVESTATE
1192215039051	0	SAVESTATE
1192215044851	0	SAVESTATE
1192215050894	0	SAVESTATE
1192215056927	0	SAVESTATE
1192215062951	0	SAVESTATE
1192215068985	0	SAVESTATE
1192215075019	0	SAVESTATE
1192215084185	0	SAVESTATE
1192215091600	0	SAVESTATE
1192215096216	0	SAVESTATE
1192215103721	0	SAVESTATE
1192215109032	0	SAVESTATE
1192215114528	0	SAVESTATE
1192215121880	0	SAVESTATE
1192215127759	0	SAVESTATE
1192215133088	0	SAVESTATE
1192215138927	0	SAVESTATE
1192215145367	0	SAVESTATE
1192215151919	0	SAVESTATE
1192215156910	0	SAVESTATE
1192215164287	0	SAVESTATE
1192215168814	0	SAVESTATE
1192215175318	0	SAVESTATE
1192215181437	0	SAVESTATE
1192215187469	0	SAVESTATE
1192215193504	0	SAVESTATE
1192215199536	0	SAVESTATE
1192215205581	0	SAVESTATE
1192215211814	0	SAVESTATE
1192215217703	0	SAVESTATE
1192215223746	0	SAVESTATE
1192215229769	0	SAVESTATE
1192215235786	0	SAVESTATE
1192215241973	0	SAVESTATE
1192215247854	0	SAVESTATE
1192215253888	0	SAVESTATE
1192215259903	0	SAVESTATE
1192215265936	0	SAVESTATE
1192215271979	0	SAVESTATE
1192215281691	0	SAVESTATE
1192215286730	0	SAVESTATE
1192215293145	0	SAVESTATE
1192215299809	0	SAVESTATE
1192215305313	0	SAVESTATE
1192215312154	0	SAVESTATE
1192215317105	0	SAVESTATE
1192215324081	0	SAVESTATE
1192215329753	0	SAVESTATE
1192215336376	0	SAVESTATE
1192215341161	0	SAVESTATE
1192215348185	0	SAVESTATE
1192215354527	0	SAVESTATE
1192215359960	0	SAVESTATE
1192215365639	0	SAVESTATE
1192215371512	0	SAVESTATE
1192215377187	0	SAVESTATE
1192215383221	0	SAVESTATE
1192215389254	0	SAVESTATE
1192215395288	0	SAVESTATE
1192215401322	0	SAVESTATE
1192215407363	0	SAVESTATE
1192215413622	0	SAVESTATE
1192215419422	0	SAVESTATE
1192215425455	0	SAVESTATE
1192215431499	0	SAVESTATE
1192215437521	0	SAVESTATE
1192215443555	0	SAVESTATE
1192215449573	0	SAVESTATE
1192215455614	0	SAVESTATE
1192215461652	0	SAVESTATE
1192215467672	0	SAVESTATE
1192215477452	0	SAVESTATE
1192215482596	0	SAVESTATE
1192215489012	0	SAVESTATE
1192215495292	0	SAVESTATE
1192215501882	0	SAVESTATE
1192215507970	0	SAVESTATE
1192215514051	0	SAVESTATE
1192215519170	0	SAVESTATE
1192215526251	0	SAVESTATE
1192215531490	0	SAVESTATE
1192215537898	0	SAVESTATE
1192215544010	0	SAVESTATE
1192215550866	0	SAVESTATE
1192215555857	0	SAVESTATE
1192215562400	0	SAVESTATE
1192215568968	0	SAVESTATE
1192215573123	0	SAVESTATE
1192215579156	0	SAVESTATE
1192215585190	0	SAVESTATE
1192215591232	0	SAVESTATE
1192215597256	0	SAVESTATE
1192215603290	0	SAVESTATE
1192215609322	0	SAVESTATE
1192215615520	0	SAVESTATE
1192215621383	0	SAVESTATE
1192215627415	0	SAVESTATE
1192215633440	0	SAVESTATE
1192215639484	0	SAVESTATE
1192215645507	0	SAVESTATE
1192215651540	0	SAVESTATE
1192215657573	0	SAVESTATE
1192215663607	0	SAVESTATE
1192215677854	0	SAVESTATE
1192215683046	0	SAVESTATE
1192215689357	0	SAVESTATE
1192215695549	0	SAVESTATE
1192215701596	0	SAVESTATE
1192215706774	0	SAVESTATE
1192215713565	0	SAVESTATE
1192215719092	0	SAVESTATE
1192215724732	0	SAVESTATE
1192215730331	0	SAVESTATE
1192215737708	0	SAVESTATE
1192215743443	0	SAVESTATE
1192215750428	0	SAVESTATE
1192215755506	0	SAVESTATE
1192215761578	0	SAVESTATE
1192215767307	0	SAVESTATE
1192215772408	0	SAVESTATE
1192215778440	0	SAVESTATE
1192215784475	0	SAVESTATE
1192215790508	0	SAVESTATE
1192215796542	0	SAVESTATE
1192215802587	0	SAVESTATE
1192215808617	0	SAVESTATE
1192215814850	0	SAVESTATE
1192215820667	0	SAVESTATE
1192215826693	0	SAVESTATE
1192215832724	0	SAVESTATE
1192215838758	0	SAVESTATE
1192215844792	0	SAVESTATE
1192215850826	0	SAVESTATE
1192215856843	0	SAVESTATE
1192215862885	0	SAVESTATE
1192215872383	0	SAVESTATE
1192215878030	0	SAVESTATE
1192215884079	0	SAVESTATE
1192215891622	0	SAVESTATE
1192215898093	0	SAVESTATE
1192215903645	0	SAVESTATE
1192215909741	0	SAVESTATE
1192215914990	0	SAVESTATE
1192215920269	0	SAVESTATE
1192215927044	0	SAVESTATE
1192215932188	0	SAVESTATE
1192215939396	0	SAVESTATE
1192215945917	0	SAVESTATE
1192215952460	0	SAVESTATE
1192215956132	0	SAVESTATE
1192215964627	0	SAVESTATE
1192216146361	0	SAVESTATE
1192216146402	0	EXIT
1192216146465	0	E	Logging Ends
