1159908670328	0	B	Logging Begins
1159908670329	0	SESS_START	0
1159909535463	0	TRIAL	1
1159909539541	1	FACE	1641	PRES1_NNPP	Incorrect	LL1	PP0	Lure_PPPP	0	PRACTICE
1159909543541	1	FACE	1641	CUE	Incorrect	LL1	PP0	Lure_PPPP	0	PRACTICE
1159909545182	0	FACE	1641	RESP	Incorrect	LL1	PP0	Lure_PPPP	0	PRACTICE
1159909545211	0	TRIAL	2
1159909549900	1	FACE	824	PRES1_NNNN	Correct	LL1	PP1	Target_NNNN	0	PRACTICE
1159909553767	1	FACE	824	CUE	Correct	LL1	PP1	Target_NNNN	0	PRACTICE
1159909554591	0	FACE	824	RESP	Correct	LL1	PP1	Target_NNNN	0	PRACTICE
1159909554611	0	TRIAL	3
1159909558528	1	FACE	831	PRES1_PNNP	Correct	LL1	PP1	Target_PNNP	0	PRACTICE
1159909562355	1	FACE	831	CUE	Correct	LL1	PP1	Target_PNNP	0	PRACTICE
1159909563186	0	FACE	831	RESP	Correct	LL1	PP1	Target_PNNP	0	PRACTICE
1159909563211	0	TRIAL	4
1159909566275	1	FACE	638	PRES1_NPNN	Incorrect	LL1	PP0	Lure_NNNP	0	PRACTICE
1159909570328	1	FACE	638	CUE	Incorrect	LL1	PP0	Lure_NNNP	0	PRACTICE
1159909570966	0	FACE	638	RESP	Incorrect	LL1	PP0	Lure_NNNP	0	PRACTICE
1159909570998	0	TRIAL	5
1159909574994	1	FACE	1060	PRES1_PPPP	Correct	LL1	PP0	Lure_PNNN	0	PRACTICE
1159909578967	1	FACE	1060	CUE	Correct	LL1	PP0	Lure_PNNN	0	PRACTICE
1159909580027	0	FACE	1060	RESP	Correct	LL1	PP0	Lure_PNNN	0	PRACTICE
1159909580052	0	TRIAL	6
1159909585261	1	FACE	871	PRES1_PPNP	Correct	LL1	PP0	Lure_NPPN	0	PRACTICE
1159909589328	1	FACE	871	CUE	Correct	LL1	PP0	Lure_NPPN	0	PRACTICE
1159909590199	0	FACE	871	RESP	Correct	LL1	PP0	Lure_NPPN	0	PRACTICE
1159909590226	0	TRIAL	7
1159909594315	1	FACE	1176	PRES1_NPNP	Correct	LL1	PP1	Target_NPNP	0	PRACTICE
1159909598382	1	FACE	1176	CUE	Correct	LL1	PP1	Target_NPNP	0	PRACTICE
1159909599558	1	FACE	1176	RESP	Correct	LL1	PP1	Target_NPNP	0	PRACTICE
1159909599585	0	TRIAL	8
1159909602634	1	FACE	992	PRES1_PPNN	Correct	LL1	PP1	Target_PPNN	0	PRACTICE
1159909606462	1	FACE	992	CUE	Correct	LL1	PP1	Target_PPNN	0	PRACTICE
1159909607454	0	FACE	992	RESP	Correct	LL1	PP1	Target_PPNN	0	PRACTICE
1159909607479	0	TRIAL	9
1159909610342	1	FACE	769	PRES1_PNPP	Correct	LL1	PP1	Target_PNPP	0	PRACTICE
1159909614342	1	FACE	769	CUE	Correct	LL1	PP1	Target_PNPP	0	PRACTICE
1159909615111	1	FACE	769	RESP	Correct	LL1	PP1	Target_PNPP	0	PRACTICE
1159909615132	0	TRIAL	10
1159909618168	1	FACE	864	PRES1_PPNP	Correct	LL1	PP1	Target_PPNP	0	PRACTICE
1159909622155	1	FACE	864	CUE	Correct	LL1	PP1	Target_PPNP	0	PRACTICE
1159909623019	0	FACE	864	RESP	Correct	LL1	PP1	Target_PPNP	0	PRACTICE
1159909623039	0	TRIAL	11
1159909625954	1	FACE	734	PRES1_PPNN	Correct	LL1	PP0	Lure_PNPN	0	PRACTICE
1159909629781	1	FACE	734	CUE	Correct	LL1	PP0	Lure_PNPN	0	PRACTICE
1159909630515	0	FACE	734	RESP	Correct	LL1	PP0	Lure_PNPN	0	PRACTICE
1159909630550	0	TRIAL	12
1159909633422	1	FACE	1287	PRES1_NNPN	Correct	LL1	PP0	Lure_NNPP	0	PRACTICE
1159909637369	1	FACE	1287	CUE	Correct	LL1	PP0	Lure_NNPP	0	PRACTICE
1159909638656	0	FACE	1287	RESP	Correct	LL1	PP0	Lure_NNPP	0	PRACTICE
1159909638678	0	TRIAL	13
1159909642169	1	FACE	1027	PRES1_NPPP	Correct	LL1	PP0	Lure_NNNN	0	PRACTICE
1159909646049	1	FACE	1027	CUE	Correct	LL1	PP0	Lure_NNNN	0	PRACTICE
1159909647076	0	FACE	1027	RESP	Correct	LL1	PP0	Lure_NNNN	0	PRACTICE
1159909647106	0	TRIAL	14
1159909650395	1	FACE	1275	PRES1_PNPN	Correct	LL1	PP1	Target_PNPN	0	PRACTICE
1159909654169	1	FACE	1275	CUE	Correct	LL1	PP1	Target_PNPN	0	PRACTICE
1159909655444	0	FACE	1275	RESP	Correct	LL1	PP1	Target_PNPN	0	PRACTICE
1159909655466	0	TRIAL	15
1159909659076	1	FACE	1321	PRES1_NNNN	Incorrect	LL1	PP0	Lure_PNPP	0	PRACTICE
1159909662915	1	FACE	1321	CUE	Incorrect	LL1	PP0	Lure_PNPP	0	PRACTICE
1159909664236	0	FACE	1321	RESP	Incorrect	LL1	PP0	Lure_PNPP	0	PRACTICE
1159909664266	0	TRIAL	16
1159909668516	1	FACE	1485	PRES1_NPPN	Incorrect	LL1	PP1	Target_NPPN	0	PRACTICE
1159909672449	1	FACE	1485	CUE	Incorrect	LL1	PP1	Target_NPPN	0	PRACTICE
1159909673934	0	FACE	1485	RESP	Incorrect	LL1	PP1	Target_NPPN	0	PRACTICE
1159909673958	0	TRIAL	17
1159909677648	1	FACE	537	PRES1_NNNP	Correct	LL1	PP1	Target_NNNP	0	PRACTICE
1159909681396	1	FACE	537	CUE	Correct	LL1	PP1	Target_NNNP	0	PRACTICE
1159909681933	0	FACE	537	RESP	Correct	LL1	PP1	Target_NNNP	0	PRACTICE
1159909681959	0	TRIAL	18
1159909684915	1	FACE	524	PRES1_NPNN	Correct	LL1	PP1	Target_NPNN	0	PRACTICE
1159909688808	1	FACE	524	CUE	Correct	LL1	PP1	Target_NPNN	0	PRACTICE
1159909689332	0	FACE	524	RESP	Correct	LL1	PP1	Target_NPNN	0	PRACTICE
1159909689346	0	TRIAL	19
1159909692156	1	FACE	1038	PRES1_PNNN	Correct	LL1	PP0	Lure_PNNP	0	PRACTICE
1159909695902	1	FACE	1038	CUE	Correct	LL1	PP0	Lure_PNNP	0	PRACTICE
1159909696940	0	FACE	1038	RESP	Correct	LL1	PP0	Lure_PNNP	0	PRACTICE
1159909696972	0	TRIAL	20
1159909699835	1	FACE	916	PRES1_NNNP	Correct	LL1	PP0	Lure_NPPP	0	PRACTICE
1159909703702	1	FACE	916	CUE	Correct	LL1	PP0	Lure_NPPP	0	PRACTICE
1159909704618	1	FACE	916	RESP	Correct	LL1	PP0	Lure_NPPP	0	PRACTICE
1159909704639	0	TRIAL	21
1159909707489	1	FACE	1596	PRES1_PPPP	Correct	LL1	PP1	Target_PPPP	0	PRACTICE
1159909711303	1	FACE	1596	CUE	Correct	LL1	PP1	Target_PPPP	0	PRACTICE
1159909712899	0	FACE	1596	RESP	Correct	LL1	PP1	Target_PPPP	0	PRACTICE
1159909712919	0	TRIAL	22
1159909715902	1	FACE	1232	PRES1_PNNP	Correct	LL1	PP0	Lure_PPPN	0	PRACTICE
1159909719649	1	FACE	1232	CUE	Correct	LL1	PP0	Lure_PPPN	0	PRACTICE
1159909720881	1	FACE	1232	RESP	Correct	LL1	PP0	Lure_PPPN	0	PRACTICE
1159909720907	0	TRIAL	23
1159909723809	1	FACE	1499	PRES1_NPPN	Correct	LL1	PP0	Lure_PPNP	0	PRACTICE
1159909727769	1	FACE	1499	CUE	Correct	LL1	PP0	Lure_PPNP	0	PRACTICE
1159909729268	0	FACE	1499	RESP	Correct	LL1	PP0	Lure_PPNP	0	PRACTICE
1159909729293	0	TRIAL	24
1159909732729	1	FACE	870	PRES1_PPPN	Correct	LL1	PP1	Target_PPPN	0	PRACTICE
1159909736635	1	FACE	870	CUE	Correct	LL1	PP1	Target_PPPN	0	PRACTICE
1159909737505	0	FACE	870	RESP	Correct	LL1	PP1	Target_PPPN	0	PRACTICE
1159909737533	0	TRIAL	25
1159909740316	1	FACE	822	PRES1_PNNN	Correct	LL1	PP1	Target_PNNN	0	PRACTICE
1159909744330	1	FACE	822	CUE	Correct	LL1	PP1	Target_PNNN	0	PRACTICE
1159909745152	0	FACE	822	RESP	Correct	LL1	PP1	Target_PNNN	0	PRACTICE
1159909745173	0	TRIAL	26
1159909748037	1	FACE	659	PRES1_PNPN	Correct	LL1	PP0	Lure_NPNP	0	PRACTICE
1159909752010	1	FACE	659	CUE	Correct	LL1	PP0	Lure_NPNP	0	PRACTICE
1159909752669	0	FACE	659	RESP	Correct	LL1	PP0	Lure_NPNP	0	PRACTICE
1159909752692	0	TRIAL	27
1159909755543	1	FACE	1453	PRES1_NNPP	Correct	LL1	PP1	Target_NNPP	0	PRACTICE
1159909759290	1	FACE	1453	CUE	Correct	LL1	PP1	Target_NNPP	0	PRACTICE
1159909760743	0	FACE	1453	RESP	Correct	LL1	PP1	Target_NNPP	0	PRACTICE
1159909760774	0	TRIAL	28
1159909763809	1	FACE	873	PRES1_PPPN	Correct	LL1	PP0	Lure_NNPN	0	PRACTICE
1159909767610	1	FACE	873	CUE	Correct	LL1	PP0	Lure_NNPN	0	PRACTICE
1159909768483	0	FACE	873	RESP	Correct	LL1	PP0	Lure_NNPN	0	PRACTICE
1159909768507	0	TRIAL	29
1159909771490	1	FACE	968	PRES1_NNPN	Correct	LL1	PP1	Target_NNPN	0	PRACTICE
1159909775530	1	FACE	968	CUE	Correct	LL1	PP1	Target_NNPN	0	PRACTICE
1159909776498	0	FACE	968	RESP	Correct	LL1	PP1	Target_NNPN	0	PRACTICE
1159909776520	0	TRIAL	30
1159909779397	1	FACE	855	PRES1_PNPP	Correct	LL1	PP0	Lure_NPNN	0	PRACTICE
1159909783370	1	FACE	855	CUE	Correct	LL1	PP0	Lure_NPNN	0	PRACTICE
1159909784225	0	FACE	855	RESP	Correct	LL1	PP0	Lure_NPNN	0	PRACTICE
1159909784254	0	TRIAL	31
1159909788490	1	FACE	792	PRES1_NPNP	Correct	LL1	PP0	Lure_PPNN	0	PRACTICE
1159909792290	1	FACE	792	CUE	Correct	LL1	PP0	Lure_PPNN	0	PRACTICE
1159909793082	0	FACE	792	RESP	Correct	LL1	PP0	Lure_PPNN	0	PRACTICE
1159909793107	0	TRIAL	32
1159909795969	1	FACE	1018	PRES1_NPPP	Correct	LL1	PP1	Target_NPPP	0	PRACTICE
1159909799863	1	FACE	1018	CUE	Correct	LL1	PP1	Target_NPPP	0	PRACTICE
1159909800881	0	FACE	1018	RESP	Correct	LL1	PP1	Target_NPPP	0	PRACTICE
1159909814284	0	TRIAL	1
1159909818517	1	FACE	781	PRES1_NNPP	Correct	LL1	PP0	Lure_PNNN	0	PRACTICE
1159909822411	1	FACE	781	CUE	Correct	LL1	PP0	Lure_PNNN	0	PRACTICE
1159909823192	0	FACE	781	RESP	Correct	LL1	PP0	Lure_PNNN	0	PRACTICE
1159909823214	0	TRIAL	2
1159909826224	1	FACE	1246	PRES1_NNNN	Correct	LL1	PP1	Target_NNNN	0	PRACTICE
1159909830157	1	FACE	1246	CUE	Correct	LL1	PP1	Target_NNNN	0	PRACTICE
1159909831403	0	FACE	1246	RESP	Correct	LL1	PP1	Target_NNNN	0	PRACTICE
1159909831428	0	TRIAL	3
1159909834291	1	FACE	1118	PRES1_PPNP	Correct	LL1	PP0	Lure_PPNN	0	PRACTICE
1159909838157	1	FACE	1118	CUE	Correct	LL1	PP0	Lure_PPNN	0	PRACTICE
1159909839275	1	FACE	1118	RESP	Correct	LL1	PP0	Lure_PPNN	0	PRACTICE
1159909839308	0	TRIAL	4
1159909842224	1	FACE	595	PRES1_PPPN	Correct	LL1	PP1	Target_PPPN	0	PRACTICE
1159909846011	1	FACE	595	CUE	Correct	LL1	PP1	Target_PPPN	0	PRACTICE
1159909846606	0	FACE	595	RESP	Correct	LL1	PP1	Target_PPPN	0	PRACTICE
1159909846627	0	TRIAL	5
1159909849371	1	FACE	953	PRES1_PNPN	Correct	LL1	PP0	Lure_PNPP	0	PRACTICE
1159909853344	1	FACE	953	CUE	Correct	LL1	PP0	Lure_PNPP	0	PRACTICE
1159909854297	0	FACE	953	RESP	Correct	LL1	PP0	Lure_PNPP	0	PRACTICE
1159909854321	0	TRIAL	6
1159909857078	1	FACE	801	PRES1_NNNP	Correct	LL1	PP1	Target_NNNP	0	PRACTICE
1159909860943	1	FACE	801	CUE	Correct	LL1	PP1	Target_NNNP	0	PRACTICE
1159909861744	0	FACE	801	RESP	Correct	LL1	PP1	Target_NNNP	0	PRACTICE
1159909861774	0	TRIAL	7
1159909864518	1	FACE	619	PRES1_NPPN	Correct	LL1	PP1	Target_NPPN	0	PRACTICE
1159909868344	1	FACE	619	CUE	Correct	LL1	PP1	Target_NPPN	0	PRACTICE
1159909868963	0	FACE	619	RESP	Correct	LL1	PP1	Target_NPPN	0	PRACTICE
1159909868987	0	TRIAL	8
1159909871823	1	FACE	756	PRES1_NPNN	Correct	LL1	PP1	Target_NPNN	0	PRACTICE
1159909875864	1	FACE	756	CUE	Correct	LL1	PP1	Target_NPNN	0	PRACTICE
1159909876620	0	FACE	756	RESP	Correct	LL1	PP1	Target_NPNN	0	PRACTICE
1159909876640	0	TRIAL	9
1159909879491	1	FACE	2154	PRES1_NNPN	Correct	LL1	PP1	Target_NNPN	0	PRACTICE
1159909883398	1	FACE	2154	CUE	Correct	LL1	PP1	Target_NNPN	0	PRACTICE
1159909885552	0	FACE	2154	RESP	Correct	LL1	PP1	Target_NNPN	0	PRACTICE
1159909885575	0	TRIAL	10
1159909888478	1	FACE	1464	PRES1_NPNP	Correct	LL1	PP0	Lure_PPPP	0	PRACTICE
1159909892318	1	FACE	1464	CUE	Correct	LL1	PP0	Lure_PPPP	0	PRACTICE
1159909893782	0	FACE	1464	RESP	Correct	LL1	PP0	Lure_PPPP	0	PRACTICE
1159909893814	0	TRIAL	11
1159909896610	1	FACE	800	PRES1_PPPN	Correct	LL1	PP0	Lure_PNNP	0	PRACTICE
1159909900371	1	FACE	800	CUE	Correct	LL1	PP0	Lure_PNNP	0	PRACTICE
1159909901171	1	FACE	800	RESP	Correct	LL1	PP0	Lure_PNNP	0	PRACTICE
1159909901202	0	TRIAL	12
1159909904105	1	FACE	957	PRES1_NPPP	Correct	LL1	PP0	Lure_NNNP	0	PRACTICE
1159909907984	1	FACE	957	CUE	Correct	LL1	PP0	Lure_NNNP	0	PRACTICE
1159909908941	1	FACE	957	RESP	Correct	LL1	PP0	Lure_NNNP	0	PRACTICE
1159909908961	0	TRIAL	13
1159909911545	1	FACE	863	PRES1_PPNN	Correct	LL1	PP0	Lure_NPNP	0	PRACTICE
1159909915385	1	FACE	863	CUE	Correct	LL1	PP0	Lure_NPNP	0	PRACTICE
1159909916248	0	FACE	863	RESP	Correct	LL1	PP0	Lure_NPNP	0	PRACTICE
1159909916268	0	TRIAL	14
1159909919038	1	FACE	839	PRES1_PNNP	Correct	LL1	PP1	Target_PNNP	0	PRACTICE
1159909922957	1	FACE	839	CUE	Correct	LL1	PP1	Target_PNNP	0	PRACTICE
1159909923796	0	FACE	839	RESP	Correct	LL1	PP1	Target_PNNP	0	PRACTICE
1159909923828	0	TRIAL	15
1159909926572	1	FACE	751	PRES1_PNPP	Correct	LL1	PP0	Lure_NNPN	0	PRACTICE
1159909930598	1	FACE	751	CUE	Correct	LL1	PP0	Lure_NNPN	0	PRACTICE
1159909931349	0	FACE	751	RESP	Correct	LL1	PP0	Lure_NNPN	0	PRACTICE
1159909931375	0	TRIAL	16
1159909934158	1	FACE	833	PRES1_PNPN	Correct	LL1	PP1	Target_PNPN	0	PRACTICE
1159909937957	1	FACE	833	CUE	Correct	LL1	PP1	Target_PNPN	0	PRACTICE
1159909938790	0	FACE	833	RESP	Correct	LL1	PP1	Target_PNPN	0	PRACTICE
1159909938815	0	TRIAL	17
1159909941611	1	FACE	3403	PRES1_PPPP	Incorrect	LL1	PP1	Target_PPPP	0	PRACTICE
1159909945412	1	FACE	3403	CUE	Incorrect	LL1	PP1	Target_PPPP	0	PRACTICE
1159909948815	1	FACE	3403	RESP	Incorrect	LL1	PP1	Target_PPPP	0	PRACTICE
1159909948841	0	TRIAL	18
1159909952279	1	FACE	1228	PRES1_NNPP	Incorrect	LL1	PP1	Target_NNPP	0	PRACTICE
1159909956265	1	FACE	1228	CUE	Incorrect	LL1	PP1	Target_NNPP	0	PRACTICE
1159909957493	1	FACE	1228	RESP	Incorrect	LL1	PP1	Target_NNPP	0	PRACTICE
1159909957522	0	TRIAL	19
1159909961971	1	FACE	1281	PRES1_NPPP	Correct	LL1	PP1	Target_NPPP	0	PRACTICE
1159909965851	1	FACE	1281	CUE	Correct	LL1	PP1	Target_NPPP	0	PRACTICE
1159909967132	0	FACE	1281	RESP	Correct	LL1	PP1	Target_NPPP	0	PRACTICE
1159909967162	0	TRIAL	20
1159909971586	1	FACE	1642	PRES1_NNPN	Incorrect	LL1	PP0	Lure_NNNN	0	PRACTICE
1159909975678	1	FACE	1642	CUE	Incorrect	LL1	PP0	Lure_NNNN	0	PRACTICE
1159909977320	0	FACE	1642	RESP	Incorrect	LL1	PP0	Lure_NNNN	0	PRACTICE
1159909977351	0	TRIAL	21
1159909982026	1	FACE	847	PRES1_PPNP	Correct	LL1	PP1	Target_PPNP	0	PRACTICE
1159909986079	1	FACE	847	CUE	Correct	LL1	PP1	Target_PPNP	0	PRACTICE
1159909986926	1	FACE	847	RESP	Correct	LL1	PP1	Target_PPNP	0	PRACTICE
1159909986948	0	TRIAL	22
1159909989878	1	FACE	746	PRES1_PPNN	Correct	LL1	PP1	Target_PPNN	0	PRACTICE
1159909993665	1	FACE	746	CUE	Correct	LL1	PP1	Target_PPNN	0	PRACTICE
1159909994411	0	FACE	746	RESP	Correct	LL1	PP1	Target_PPNN	0	PRACTICE
1159909994443	0	TRIAL	23
1159909997199	1	FACE	761	PRES1_PNPP	Correct	LL1	PP1	Target_PNPP	0	PRACTICE
1159910001066	1	FACE	761	CUE	Correct	LL1	PP1	Target_PNPP	0	PRACTICE
1159910001827	1	FACE	761	RESP	Correct	LL1	PP1	Target_PNPP	0	PRACTICE
1159910001855	0	TRIAL	24
1159910005918	1	FACE	818	PRES1_NNNN	Correct	LL1	PP0	Lure_NPPN	0	PRACTICE
1159910009945	1	FACE	818	CUE	Correct	LL1	PP0	Lure_NPPN	0	PRACTICE
1159910010763	0	FACE	818	RESP	Correct	LL1	PP0	Lure_NPPN	0	PRACTICE
1159910010788	0	TRIAL	25
1159910014093	1	FACE	638	PRES1_PNNN	Correct	LL1	PP1	Target_PNNN	0	PRACTICE
1159910017945	1	FACE	638	CUE	Correct	LL1	PP1	Target_PNNN	0	PRACTICE
1159910018583	1	FACE	638	RESP	Correct	LL1	PP1	Target_PNNN	0	PRACTICE
1159910018604	0	TRIAL	26
1159910022546	1	FACE	1271	PRES1_NPNN	Incorrect	LL1	PP0	Lure_PPPN	0	PRACTICE
1159910026399	1	FACE	1271	CUE	Incorrect	LL1	PP0	Lure_PPPN	0	PRACTICE
1159910027670	0	FACE	1271	RESP	Incorrect	LL1	PP0	Lure_PPPN	0	PRACTICE
1159910027695	0	TRIAL	27
1159910030785	1	FACE	1076	PRES1_PNNP	Correct	LL1	PP0	Lure_PNPN	0	PRACTICE
1159910034798	1	FACE	1076	CUE	Correct	LL1	PP0	Lure_PNPN	0	PRACTICE
1159910035874	0	FACE	1076	RESP	Correct	LL1	PP0	Lure_PNPN	0	PRACTICE
1159910035896	0	TRIAL	28
1159910038892	1	FACE	1188	PRES1_PPPP	Correct	LL1	PP0	Lure_PPNP	0	PRACTICE
1159910042719	1	FACE	1188	CUE	Correct	LL1	PP0	Lure_PPNP	0	PRACTICE
1159910043907	0	FACE	1188	RESP	Correct	LL1	PP0	Lure_PPNP	0	PRACTICE
1159910043936	0	TRIAL	29
1159910047400	1	FACE	1147	PRES1_NNNP	Incorrect	LL1	PP0	Lure_NNPP	0	PRACTICE
1159910051320	1	FACE	1147	CUE	Incorrect	LL1	PP0	Lure_NNPP	0	PRACTICE
1159910052467	0	FACE	1147	RESP	Incorrect	LL1	PP0	Lure_NNPP	0	PRACTICE
1159910052497	0	TRIAL	30
1159910056226	1	FACE	1070	PRES1_NPNP	Correct	LL1	PP1	Target_NPNP	0	PRACTICE
1159910060040	1	FACE	1070	CUE	Correct	LL1	PP1	Target_NPNP	0	PRACTICE
1159910061110	0	FACE	1070	RESP	Correct	LL1	PP1	Target_NPNP	0	PRACTICE
1159910061138	0	TRIAL	31
1159910064053	1	FACE	921	PRES1_PNNN	Correct	LL1	PP0	Lure_NPPP	0	PRACTICE
1159910067825	1	FACE	921	CUE	Correct	LL1	PP0	Lure_NPPP	0	PRACTICE
1159910068746	1	FACE	921	RESP	Correct	LL1	PP0	Lure_NPPP	0	PRACTICE
1159910068776	0	TRIAL	32
1159910071400	1	FACE	1305	PRES1_NPPN	Correct	LL1	PP0	Lure_NPNN	0	PRACTICE
1159910075253	1	FACE	1305	CUE	Correct	LL1	PP0	Lure_NPNN	0	PRACTICE
1159910076558	1	FACE	1305	RESP	Correct	LL1	PP0	Lure_NPNN	0	PRACTICE
1159910085958	0	SESS_END	1
1159910085962	0	E	Logging Ends
