1155583001074	0	B	Logging Begins
1155583001075	0	SESS_START	0
1155583915276	0	TRIAL	1
1155583918581	1	FACE	946	PRES1_NNNN	Correct	LL1	PP0	Lure_PNNP	0	PRACTICE
1155583922580	1	FACE	946	CUE	Correct	LL1	PP0	Lure_PNNP	0	PRACTICE
1155583923526	1	FACE	946	RESP	Correct	LL1	PP0	Lure_PNNP	0	PRACTICE
1155583923554	0	TRIAL	2
1155583927346	1	FACE	772	PRES1_NNNP	Correct	LL1	PP1	Target_NNNP	0	PRACTICE
1155583931179	1	FACE	772	CUE	Correct	LL1	PP1	Target_NNNP	0	PRACTICE
1155583931951	0	FACE	772	RESP	Correct	LL1	PP1	Target_NNNP	0	PRACTICE
1155583931966	0	TRIAL	3
1155583934561	1	FACE	696	PRES1_NPPP	Correct	LL1	PP0	Lure_PPPP	0	PRACTICE
1155583938576	1	FACE	696	CUE	Correct	LL1	PP0	Lure_PPPP	0	PRACTICE
1155583939272	0	FACE	696	RESP	Correct	LL1	PP0	Lure_PPPP	0	PRACTICE
1155583939299	0	TRIAL	4
1155583942525	1	FACE	824	PRES1_PPNN	Correct	LL1	PP1	Target_PPNN	0	PRACTICE
1155583946424	1	FACE	824	CUE	Correct	LL1	PP1	Target_PPNN	0	PRACTICE
1155583947248	0	FACE	824	RESP	Correct	LL1	PP1	Target_PPNN	0	PRACTICE
1155583947280	0	TRIAL	5
1155583950307	1	FACE	838	PRES1_PNPP	Correct	LL1	PP1	Target_PNPP	0	PRACTICE
1155583954338	1	FACE	838	CUE	Correct	LL1	PP1	Target_PNPP	0	PRACTICE
1155583955176	0	FACE	838	RESP	Correct	LL1	PP1	Target_PNPP	0	PRACTICE
1155583955213	0	TRIAL	6
1155583958172	1	FACE	665	PRES1_NPNP	Correct	LL1	PP1	Target_NPNP	0	PRACTICE
1155583962071	1	FACE	665	CUE	Correct	LL1	PP1	Target_NPNP	0	PRACTICE
1155583962736	0	FACE	665	RESP	Correct	LL1	PP1	Target_NPNP	0	PRACTICE
1155583962775	0	TRIAL	7
1155583965635	1	FACE	848	PRES1_PNNP	Correct	LL1	PP1	Target_PNNP	0	PRACTICE
1155583969401	1	FACE	848	CUE	Correct	LL1	PP1	Target_PNNP	0	PRACTICE
1155583970249	0	FACE	848	RESP	Correct	LL1	PP1	Target_PNNP	0	PRACTICE
1155583970260	0	TRIAL	8
1155583973084	1	FACE	796	PRES1_PNPN	Correct	LL1	PP0	Lure_PPNN	0	PRACTICE
1155583976916	1	FACE	796	CUE	Correct	LL1	PP0	Lure_PPNN	0	PRACTICE
1155583977712	0	FACE	796	RESP	Correct	LL1	PP0	Lure_PPNN	0	PRACTICE
1155583977738	0	TRIAL	9
1155583980765	1	FACE	687	PRES1_PPPN	Correct	LL1	PP1	Target_PPPN	0	PRACTICE
1155583984514	1	FACE	687	CUE	Correct	LL1	PP1	Target_PPPN	0	PRACTICE
1155583985201	0	FACE	687	RESP	Correct	LL1	PP1	Target_PPPN	0	PRACTICE
1155583985237	0	TRIAL	10
1155583988463	1	FACE	832	PRES1_NNPP	Incorrect	LL1	PP1	Target_NNPP	0	PRACTICE
1155583992528	1	FACE	832	CUE	Incorrect	LL1	PP1	Target_NNPP	0	PRACTICE
1155583993360	0	FACE	832	RESP	Incorrect	LL1	PP1	Target_NNPP	0	PRACTICE
1155583993401	0	TRIAL	11
1155583996944	1	FACE	570	PRES1_NNNN	Correct	LL1	PP1	Target_NNNN	0	PRACTICE
1155584001010	1	FACE	570	CUE	Correct	LL1	PP1	Target_NNNN	0	PRACTICE
1155584001580	13	FACE	570	RESP	Correct	LL1	PP1	Target_NNNN	0	PRACTICE
1155584001631	0	TRIAL	12
1155584004542	1	FACE	653	PRES1_NPNN	Correct	LL1	PP0	Lure_NNNP	0	PRACTICE
1155584008308	1	FACE	653	CUE	Correct	LL1	PP0	Lure_NNNP	0	PRACTICE
1155584008961	0	FACE	653	RESP	Correct	LL1	PP0	Lure_NNNP	0	PRACTICE
1155584008996	0	TRIAL	13
1155584012091	1	FACE	633	PRES1_PPNN	Correct	LL1	PP0	Lure_NPPP	0	PRACTICE
1155584015872	1	FACE	633	CUE	Correct	LL1	PP0	Lure_NPPP	0	PRACTICE
1155584016505	0	FACE	633	RESP	Correct	LL1	PP0	Lure_NPPP	0	PRACTICE
1155584016544	0	TRIAL	14
1155584019604	1	FACE	1177	PRES1_PPPN	Incorrect	LL1	PP0	Lure_NPPN	0	PRACTICE
1155584023520	1	FACE	1177	CUE	Incorrect	LL1	PP0	Lure_NPPN	0	PRACTICE
1155584024697	0	FACE	1177	RESP	Incorrect	LL1	PP0	Lure_NPPN	0	PRACTICE
1155584024724	0	TRIAL	15
1155584027569	1	FACE	818	PRES1_PNPP	Correct	LL1	PP0	Lure_NPNP	0	PRACTICE
1155584031368	1	FACE	818	CUE	Correct	LL1	PP0	Lure_NPNP	0	PRACTICE
1155584032186	0	FACE	818	RESP	Correct	LL1	PP0	Lure_NPNP	0	PRACTICE
1155584032225	0	TRIAL	16
1155584035218	1	FACE	1067	PRES1_PNNN	Correct	LL1	PP1	Target_PNNN	0	PRACTICE
1155584039200	1	FACE	1067	CUE	Correct	LL1	PP1	Target_PNNN	0	PRACTICE
1155584040267	0	FACE	1067	RESP	Correct	LL1	PP1	Target_PNNN	0	PRACTICE
1155584040305	0	TRIAL	17
1155584043564	1	FACE	863	PRES1_NNPN	Correct	LL1	PP0	Lure_PPNP	0	PRACTICE
1155584047380	1	FACE	863	CUE	Correct	LL1	PP0	Lure_PPNP	0	PRACTICE
1155584048243	0	FACE	863	RESP	Correct	LL1	PP0	Lure_PPNP	0	PRACTICE
1155584048271	0	TRIAL	18
1155584051729	1	FACE	808	PRES1_PPNP	Correct	LL1	PP0	Lure_PNPN	0	PRACTICE
1155584055578	1	FACE	808	CUE	Correct	LL1	PP0	Lure_PNPN	0	PRACTICE
1155584056386	0	FACE	808	RESP	Correct	LL1	PP0	Lure_PNPN	0	PRACTICE
1155584056416	0	TRIAL	19
1155584059893	1	FACE	854	PRES1_NPNN	Correct	LL1	PP1	Target_NPNN	0	PRACTICE
1155584063876	1	FACE	854	CUE	Correct	LL1	PP1	Target_NPNN	0	PRACTICE
1155584064730	0	FACE	854	RESP	Correct	LL1	PP1	Target_NPNN	0	PRACTICE
1155584064764	0	TRIAL	20
1155584067758	1	FACE	847	PRES1_PPPP	Correct	LL1	PP1	Target_PPPP	0	PRACTICE
1155584071540	1	FACE	847	CUE	Correct	LL1	PP1	Target_PPPP	0	PRACTICE
1155584072387	0	FACE	847	RESP	Correct	LL1	PP1	Target_PPPP	0	PRACTICE
1155584072412	0	TRIAL	21
1155584075622	1	FACE	555	PRES1_NNPN	Correct	LL1	PP1	Target_NNPN	0	PRACTICE
1155584079505	1	FACE	555	CUE	Correct	LL1	PP1	Target_NNPN	0	PRACTICE
1155584080060	0	FACE	555	RESP	Correct	LL1	PP1	Target_NNPN	0	PRACTICE
1155584080095	0	TRIAL	22
1155584083055	1	FACE	564	PRES1_PNPN	Correct	LL1	PP1	Target_PNPN	0	PRACTICE
1155584086919	1	FACE	564	CUE	Correct	LL1	PP1	Target_PNPN	0	PRACTICE
1155584087483	0	FACE	564	RESP	Correct	LL1	PP1	Target_PNPN	0	PRACTICE
1155584087509	0	TRIAL	23
1155584090385	1	FACE	701	PRES1_NPPN	Correct	LL1	PP1	Target_NPPN	0	PRACTICE
1155584094367	1	FACE	701	CUE	Correct	LL1	PP1	Target_NPPN	0	PRACTICE
1155584095068	0	FACE	701	RESP	Correct	LL1	PP1	Target_NPPN	0	PRACTICE
1155584095107	0	TRIAL	24
1155584098084	1	FACE	526	PRES1_PPNP	Correct	LL1	PP1	Target_PPNP	0	PRACTICE
1155584101965	1	FACE	526	CUE	Correct	LL1	PP1	Target_PPNP	0	PRACTICE
1155584102491	1	FACE	526	RESP	Correct	LL1	PP1	Target_PPNP	0	PRACTICE
1155584102620	0	TRIAL	25
1155584105514	1	FACE	571	PRES1_NPPP	Correct	LL1	PP1	Target_NPPP	0	PRACTICE
1155584109530	1	FACE	571	CUE	Correct	LL1	PP1	Target_NPPP	0	PRACTICE
1155584110101	0	FACE	571	RESP	Correct	LL1	PP1	Target_NPPP	0	PRACTICE
1155584110136	0	TRIAL	26
1155584112946	1	FACE	656	PRES1_NPPN	Correct	LL1	PP0	Lure_PNNN	0	PRACTICE
1155584116828	1	FACE	656	CUE	Correct	LL1	PP0	Lure_PNNN	0	PRACTICE
1155584117484	0	FACE	656	RESP	Correct	LL1	PP0	Lure_PNNN	0	PRACTICE
1155584117516	0	TRIAL	27
1155584120427	1	FACE	923	PRES1_PNNP	Incorrect	LL1	PP0	Lure_NNPP	0	PRACTICE
1155584124194	1	FACE	923	CUE	Incorrect	LL1	PP0	Lure_NNPP	0	PRACTICE
1155584125117	0	FACE	923	RESP	Incorrect	LL1	PP0	Lure_NNPP	0	PRACTICE
1155584125153	0	TRIAL	28
1155584127842	1	FACE	735	PRES1_NNNP	Correct	LL1	PP0	Lure_NNPN	0	PRACTICE
1155584131741	1	FACE	735	CUE	Correct	LL1	PP0	Lure_NNPN	0	PRACTICE
1155584132476	0	FACE	735	RESP	Correct	LL1	PP0	Lure_NNPN	0	PRACTICE
1155584132512	0	TRIAL	29
1155584135423	1	FACE	704	PRES1_PNNN	Correct	LL1	PP0	Lure_PNPP	0	PRACTICE
1155584139405	1	FACE	704	CUE	Correct	LL1	PP0	Lure_PNPP	0	PRACTICE
1155584140109	0	FACE	704	RESP	Correct	LL1	PP0	Lure_PNPP	0	PRACTICE
1155584140145	0	TRIAL	30
1155584143122	1	FACE	639	PRES1_NNPP	Correct	LL1	PP0	Lure_NNNN	0	PRACTICE
1155584147038	1	FACE	639	CUE	Correct	LL1	PP0	Lure_NNNN	0	PRACTICE
1155584147677	0	FACE	639	RESP	Correct	LL1	PP0	Lure_NNNN	0	PRACTICE
1155584147708	0	TRIAL	31
1155584150719	1	FACE	705	PRES1_NPNP	Correct	LL1	PP0	Lure_PPPN	0	PRACTICE
1155584154668	1	FACE	705	CUE	Correct	LL1	PP0	Lure_PPPN	0	PRACTICE
1155584155373	0	FACE	705	RESP	Correct	LL1	PP0	Lure_PPPN	0	PRACTICE
1155584155407	0	TRIAL	32
1155584158334	1	FACE	597	PRES1_PPPP	Correct	LL1	PP0	Lure_NPNN	0	PRACTICE
1155584162200	1	FACE	597	CUE	Correct	LL1	PP0	Lure_NPNN	0	PRACTICE
1155584162797	0	FACE	597	RESP	Correct	LL1	PP0	Lure_NPNN	0	PRACTICE
1155584168743	0	TRIAL	1
1155584183211	1	FACE	652	PRES1_PNPN	Correct	LL1	PP1	Target_PNPN	0	PRACTICE
1155584187010	1	FACE	652	CUE	Correct	LL1	PP1	Target_PNPN	0	PRACTICE
1155584187662	0	FACE	652	RESP	Correct	LL1	PP1	Target_PNPN	0	PRACTICE
1155584187697	0	TRIAL	2
1155584190658	1	FACE	558	PRES1_NNNP	Correct	LL1	PP0	Lure_PNNP	0	PRACTICE
1155584194457	1	FACE	558	CUE	Correct	LL1	PP0	Lure_PNNP	0	PRACTICE
1155584195015	0	FACE	558	RESP	Correct	LL1	PP0	Lure_PNNP	0	PRACTICE
1155584195046	0	TRIAL	3
1155584198007	1	FACE	635	PRES1_NNPN	Correct	LL1	PP1	Target_NNPN	0	PRACTICE
1155584201955	1	FACE	635	CUE	Correct	LL1	PP1	Target_NNPN	0	PRACTICE
1155584202590	0	FACE	635	RESP	Correct	LL1	PP1	Target_NNPN	0	PRACTICE
1155584202627	0	TRIAL	4
1155584205637	1	FACE	802	PRES1_NPNP	Correct	LL1	PP1	Target_NPNP	0	PRACTICE
1155584209620	1	FACE	802	CUE	Correct	LL1	PP1	Target_NPNP	0	PRACTICE
1155584210422	0	FACE	802	RESP	Correct	LL1	PP1	Target_NPNP	0	PRACTICE
1155584210458	0	TRIAL	5
1155584213335	1	FACE	685	PRES1_NPPN	Correct	LL1	PP0	Lure_PNPN	0	PRACTICE
1155584217202	1	FACE	685	CUE	Correct	LL1	PP0	Lure_PNPN	0	PRACTICE
1155584217887	0	FACE	685	RESP	Correct	LL1	PP0	Lure_PNPN	0	PRACTICE
1155584218007	0	TRIAL	6
1155584220683	1	FACE	674	PRES1_PPNP	Incorrect	LL1	PP0	Lure_PPPP	0	PRACTICE
1155584224749	1	FACE	674	CUE	Incorrect	LL1	PP0	Lure_PPPP	0	PRACTICE
1155584225423	0	FACE	674	RESP	Incorrect	LL1	PP0	Lure_PPPP	0	PRACTICE
1155584225454	0	TRIAL	7
1155584228348	1	FACE	1363	PRES1_NPNN	Incorrect	LL1	PP1	Target_NPNN	0	PRACTICE
1155584232364	1	FACE	1363	CUE	Incorrect	LL1	PP1	Target_NPNN	0	PRACTICE
1155584233727	0	FACE	1363	RESP	Incorrect	LL1	PP1	Target_NPNN	0	PRACTICE
1155584233751	0	TRIAL	8
1155584236462	1	FACE	626	PRES1_PNPP	Correct	LL1	PP0	Lure_NNNN	0	PRACTICE
1155584240229	1	FACE	626	CUE	Correct	LL1	PP0	Lure_NNNN	0	PRACTICE
1155584240855	0	FACE	626	RESP	Correct	LL1	PP0	Lure_NNNN	0	PRACTICE
1155584240883	0	TRIAL	9
1155584243910	1	FACE	800	PRES1_PNNP	Correct	LL1	PP0	Lure_NPPP	0	PRACTICE
1155584247759	1	FACE	800	CUE	Correct	LL1	PP0	Lure_NPPP	0	PRACTICE
1155584248559	0	FACE	800	RESP	Correct	LL1	PP0	Lure_NPPP	0	PRACTICE
1155584248598	0	TRIAL	10
1155584251625	1	FACE	816	PRES1_PPNP	Correct	LL1	PP1	Target_PPNP	0	PRACTICE
1155584255591	1	FACE	816	CUE	Correct	LL1	PP1	Target_PPNP	0	PRACTICE
1155584256407	1	FACE	816	RESP	Correct	LL1	PP1	Target_PPNP	0	PRACTICE
1155584256431	0	TRIAL	11
1155584259390	1	FACE	831	PRES1_PPPN	Correct	LL1	PP1	Target_PPPN	0	PRACTICE
1155584263306	1	FACE	831	CUE	Correct	LL1	PP1	Target_PPPN	0	PRACTICE
1155584264137	0	FACE	831	RESP	Correct	LL1	PP1	Target_PPPN	0	PRACTICE
1155584264161	0	TRIAL	12
1155584267139	1	FACE	823	PRES1_PNNN	Correct	LL1	PP0	Lure_NPNP	0	PRACTICE
1155584271121	1	FACE	823	CUE	Correct	LL1	PP0	Lure_NPNP	0	PRACTICE
1155584271944	0	FACE	823	RESP	Correct	LL1	PP0	Lure_NPNP	0	PRACTICE
1155584271974	0	TRIAL	13
1155584275270	1	FACE	703	PRES1_NNPP	Correct	LL1	PP1	Target_NNPP	0	PRACTICE
1155584279169	1	FACE	703	CUE	Correct	LL1	PP1	Target_NNPP	0	PRACTICE
1155584279872	0	FACE	703	RESP	Correct	LL1	PP1	Target_NNPP	0	PRACTICE
1155584279907	0	TRIAL	14
1155584282533	1	FACE	688	PRES1_NPPN	Correct	LL1	PP1	Target_NPPN	0	PRACTICE
1155584286449	1	FACE	688	CUE	Correct	LL1	PP1	Target_NPPN	0	PRACTICE
1155584287137	0	FACE	688	RESP	Correct	LL1	PP1	Target_NPPN	0	PRACTICE
1155584287172	0	TRIAL	15
1155584290166	1	FACE	1041	PRES1_PNNN	Correct	LL1	PP1	Target_PNNN	0	PRACTICE
1155584294081	1	FACE	1041	CUE	Correct	LL1	PP1	Target_PNNN	0	PRACTICE
1155584295122	0	FACE	1041	RESP	Correct	LL1	PP1	Target_PNNN	0	PRACTICE
1155584295137	0	TRIAL	16
1155584297979	1	FACE	695	PRES1_PPNN	Correct	LL1	PP0	Lure_PNPP	0	PRACTICE
1155584301978	1	FACE	695	CUE	Correct	LL1	PP0	Lure_PNPP	0	PRACTICE
1155584302673	0	FACE	695	RESP	Correct	LL1	PP0	Lure_PNPP	0	PRACTICE
1155584302699	0	TRIAL	17
1155584305344	1	FACE	1153	PRES1_PPPN	Correct	LL1	PP0	Lure_NNNP	0	PRACTICE
1155584309376	1	FACE	1153	CUE	Correct	LL1	PP0	Lure_NNNP	0	PRACTICE
1155584310529	0	FACE	1153	RESP	Correct	LL1	PP0	Lure_NNNP	0	PRACTICE
1155584310565	0	TRIAL	18
1155584313508	1	FACE	759	PRES1_PNPP	Correct	LL1	PP1	Target_PNPP	0	PRACTICE
1155584317275	1	FACE	759	CUE	Correct	LL1	PP1	Target_PNPP	0	PRACTICE
1155584318034	0	FACE	759	RESP	Correct	LL1	PP1	Target_PNPP	0	PRACTICE
1155584318064	0	TRIAL	19
1155584321007	1	FACE	939	PRES1_PNPN	Correct	LL1	PP0	Lure_NPPN	0	PRACTICE
1155584324822	1	FACE	939	CUE	Correct	LL1	PP0	Lure_NPPN	0	PRACTICE
1155584325761	0	FACE	939	RESP	Correct	LL1	PP0	Lure_NPPN	0	PRACTICE
1155584325793	0	TRIAL	20
1155584329005	1	FACE	920	PRES1_PPPP	Correct	LL1	PP0	Lure_PPNN	0	PRACTICE
1155584332770	1	FACE	920	CUE	Correct	LL1	PP0	Lure_PPNN	0	PRACTICE
1155584333690	0	FACE	920	RESP	Correct	LL1	PP0	Lure_PPNN	0	PRACTICE
1155584333729	0	TRIAL	21
1155584336485	1	FACE	1189	PRES1_NNPN	Incorrect	LL1	PP0	Lure_PNNN	0	PRACTICE
1155584340501	1	FACE	1189	CUE	Incorrect	LL1	PP0	Lure_PNNN	0	PRACTICE
1155584341690	0	FACE	1189	RESP	Incorrect	LL1	PP0	Lure_PNNN	0	PRACTICE
1155584341723	0	TRIAL	22
1155584344383	1	FACE	1620	PRES1_NPNP	Incorrect	LL1	PP0	Lure_PPNP	0	PRACTICE
1155584348150	1	FACE	1620	CUE	Incorrect	LL1	PP0	Lure_PPNP	0	PRACTICE
1155584349770	0	FACE	1620	RESP	Incorrect	LL1	PP0	Lure_PPNP	0	PRACTICE
1155584349804	0	TRIAL	23
1155584352465	1	FACE	1528	PRES1_NNNN	Correct	LL1	PP0	Lure_NPNN	0	PRACTICE
1155584356314	1	FACE	1528	CUE	Correct	LL1	PP0	Lure_NPNN	0	PRACTICE
1155584357842	0	FACE	1528	RESP	Correct	LL1	PP0	Lure_NPNN	0	PRACTICE
1155584357868	0	TRIAL	24
1155584360779	1	FACE	643	PRES1_NPPP	Correct	LL1	PP1	Target_NPPP	0	PRACTICE
1155584364728	1	FACE	643	CUE	Correct	LL1	PP1	Target_NPPP	0	PRACTICE
1155584365371	0	FACE	643	RESP	Correct	LL1	PP1	Target_NPPP	0	PRACTICE
1155584365383	0	TRIAL	25
1155584368577	1	FACE	1029	PRES1_NNPP	Correct	LL1	PP0	Lure_PPPN	0	PRACTICE
1155584372542	1	FACE	1029	CUE	Correct	LL1	PP0	Lure_PPPN	0	PRACTICE
1155584373571	0	FACE	1029	RESP	Correct	LL1	PP0	Lure_PPPN	0	PRACTICE
1155584373598	0	TRIAL	26
1155584376958	1	FACE	1117	PRES1_NNNP	Correct	LL1	PP1	Target_NNNP	0	PRACTICE
1155584380774	1	FACE	1117	CUE	Correct	LL1	PP1	Target_NNNP	0	PRACTICE
1155584381891	0	FACE	1117	RESP	Correct	LL1	PP1	Target_NNNP	0	PRACTICE
1155584381928	0	TRIAL	27
1155584385023	1	FACE	810	PRES1_PPPP	Correct	LL1	PP1	Target_PPPP	0	PRACTICE
1155584388905	1	FACE	810	CUE	Correct	LL1	PP1	Target_PPPP	0	PRACTICE
1155584389715	0	FACE	810	RESP	Correct	LL1	PP1	Target_PPPP	0	PRACTICE
1155584389743	0	TRIAL	28
1155584392887	1	FACE	2609	PRES1_PNNP	Correct	LL1	PP1	Target_PNNP	0	PRACTICE
1155584396786	1	FACE	2609	CUE	Correct	LL1	PP1	Target_PNNP	0	PRACTICE
1155584399395	1	FACE	2609	RESP	Correct	LL1	PP1	Target_PNNP	0	PRACTICE
1155584399423	0	TRIAL	29
1155584402634	1	FACE	730	PRES1_NPNN	Correct	LL1	PP0	Lure_NNPP	0	PRACTICE
1155584406467	1	FACE	730	CUE	Correct	LL1	PP0	Lure_NNPP	0	PRACTICE
1155584407197	0	FACE	730	RESP	Correct	LL1	PP0	Lure_NNPP	0	PRACTICE
1155584407222	0	TRIAL	30
1155584410799	1	FACE	819	PRES1_PPNN	Correct	LL1	PP1	Target_PPNN	0	PRACTICE
1155584414681	1	FACE	819	CUE	Correct	LL1	PP1	Target_PPNN	0	PRACTICE
1155584415500	0	FACE	819	RESP	Correct	LL1	PP1	Target_PPNN	0	PRACTICE
1155584415536	0	TRIAL	31
1155584419880	1	FACE	638	PRES1_NPPP	Correct	LL1	PP0	Lure_NNPN	0	PRACTICE
1155584423679	1	FACE	638	CUE	Correct	LL1	PP0	Lure_NNPN	0	PRACTICE
1155584424317	0	FACE	638	RESP	Correct	LL1	PP0	Lure_NNPN	0	PRACTICE
1155584424350	0	TRIAL	32
1155584427378	1	FACE	666	PRES1_NNNN	Correct	LL1	PP1	Target_NNNN	0	PRACTICE
1155584431194	1	FACE	666	CUE	Correct	LL1	PP1	Target_NNNN	0	PRACTICE
1155584431860	0	FACE	666	RESP	Correct	LL1	PP1	Target_NNNN	0	PRACTICE
1155582996332	0	E	Logging Ends
