1165535648007	0	1	study	1	1	1	JOHN	-2	-2	-2	-2	-2
1165535654029	0	2	study	1	1	8	CHRIS	-2	-2	-2	-2	-2
1165535660050	0	3	study	1	1	12	RICH	-2	-2	-2	-2	-2
1165535666075	0	4	study	1	1	6	CHARLES	-2	-2	-2	-2	-2
1165535672110	0	5	study	1	1	0	BILL	-2	-2	-2	-2	-2
1165535678134	0	6	study	1	1	11	JOE	-2	-2	-2	-2	-2
1165535684146	0	7	study	1	1	5	JIM	-2	-2	-2	-2	-2
1165535690157	0	8	study	1	1	10	MIKE	-2	-2	-2	-2	-2
1165535696167	0	9	study	1	1	4	KEN	-2	-2	-2	-2	-2
1165535702186	0	10	study	1	1	3	MARK	-2	-2	-2	-2	-2
1165535708297	0	11	study	1	1	14	DAN	-2	-2	-2	-2	-2
1165535714311	0	12	study	1	1	13	DAVE	-2	-2	-2	-2	-2
1165535720321	0	13	study	1	1	15	ROB	-2	-2	-2	-2	-2
1165535726332	0	14	study	1	1	7	TOM	-2	-2	-2	-2	-2
1165535732356	0	15	study	1	1	2	PAUL	-2	-2	-2	-2	-2
1165535738369	0	16	study	1	1	9	GEORGE	-2	-2	-2	-2	-2
1165535746552	0	1	test	1	1	10	MIKE	10	1	-2	-2	-2
1165535749595	0	1	resp	1	1	10	MIKE	10	1	1	0	3043
1165535752558	0	2	test	1	1	15	CHARLES	6	0	-2	-2	-2
1165535756172	0	2	resp	1	1	15	CHARLES	6	0	1	1	3614
1165535758564	0	3	test	1	1	3	MARK	3	1	-2	-2	-2
1165535760603	0	3	resp	1	1	3	MARK	3	1	6	1	2039
1165535764571	0	4	test	1	1	5	BILL	0	0	-2	-2	-2
1165535766450	0	4	resp	1	1	5	BILL	0	0	6	0	1879
1165535770577	0	5	test	1	1	4	KEN	4	1	-2	-2	-2
1165535772890	0	5	resp	1	1	4	KEN	4	1	6	1	2313
1165535776583	0	6	test	1	1	8	CHRIS	8	1	-2	-2	-2
1165535778522	0	6	resp	1	1	8	CHRIS	8	1	6	1	1939
1165535782589	0	7	test	1	1	6	JIM	5	0	-2	-2	-2
1165535784506	0	7	resp	1	1	6	JIM	5	0	1	1	1917
1165535788596	0	8	test	1	1	9	GEORGE	9	1	-2	-2	-2
1165535789946	0	8	resp	1	1	9	GEORGE	9	1	6	1	1350
1165535794601	0	9	test	1	1	13	DAN	14	0	-2	-2	-2
1165535796857	0	9	resp	1	1	13	DAN	14	0	6	0	2256
1165535800607	0	10	test	1	1	11	DAVE	13	0	-2	-2	-2
1165535802090	0	10	resp	1	1	11	DAVE	13	0	1	1	1483
1165535806613	0	11	test	1	1	0	JOE	11	0	-2	-2	-2
1165535809314	0	11	resp	1	1	0	JOE	11	0	1	1	2701
1165535812619	0	12	test	1	1	1	ROB	15	0	-2	-2	-2
1165535814330	0	12	resp	1	1	1	ROB	15	0	6	0	1711
1165535818625	0	13	test	1	1	7	TOM	7	1	-2	-2	-2
1165535820473	0	13	resp	1	1	7	TOM	7	1	1	0	1848
1165535824631	0	14	test	1	1	14	JOHN	1	0	-2	-2	-2
1165535826584	0	14	resp	1	1	14	JOHN	1	0	1	1	1953
1165535830638	0	15	test	1	1	2	PAUL	2	1	-2	-2	-2
1165535833153	0	15	resp	1	1	2	PAUL	2	1	6	1	2515
1165535836644	0	16	test	1	1	12	RICH	12	1	-2	-2	-2
1165535840656	0	16	resp	1	1	12	RICH	12	1	1	0	4012
1165535844720	0	1	study	1	2	14	DAN	-2	-2	-2	-2	-2
1165535850720	0	2	study	1	2	6	CHARLES	-2	-2	-2	-2	-2
1165535856739	0	3	study	1	2	8	CHRIS	-2	-2	-2	-2	-2
1165535862755	0	4	study	1	2	3	MARK	-2	-2	-2	-2	-2
1165535868756	0	5	study	1	2	15	ROB	-2	-2	-2	-2	-2
1165535874758	0	6	study	1	2	11	JOE	-2	-2	-2	-2	-2
1165535880760	0	7	study	1	2	12	RICH	-2	-2	-2	-2	-2
1165535886762	0	8	study	1	2	4	KEN	-2	-2	-2	-2	-2
1165535892764	0	9	study	1	2	9	GEORGE	-2	-2	-2	-2	-2
1165535898779	0	10	study	1	2	13	DAVE	-2	-2	-2	-2	-2
1165535904780	0	11	study	1	2	10	MIKE	-2	-2	-2	-2	-2
1165535910783	0	12	study	1	2	0	BILL	-2	-2	-2	-2	-2
1165535916784	0	13	study	1	2	7	TOM	-2	-2	-2	-2	-2
1165535922797	0	14	study	1	2	2	PAUL	-2	-2	-2	-2	-2
1165535928799	0	15	study	1	2	1	JOHN	-2	-2	-2	-2	-2
1165535934800	0	16	study	1	2	5	JIM	-2	-2	-2	-2	-2
1165535942668	0	1	test	1	2	14	PAUL	2	0	-2	-2	-2
1165535945420	0	1	resp	1	2	14	PAUL	2	0	1	1	2752
1165535948675	0	2	test	1	2	2	GEORGE	9	0	-2	-2	-2
1165535951109	0	2	resp	1	2	2	GEORGE	9	0	6	0	2434
1165535954681	0	3	test	1	2	3	MARK	3	1	-2	-2	-2
1165535957540	0	3	resp	1	2	3	MARK	3	1	6	1	2859
1165535960687	0	4	test	1	2	13	RICH	12	0	-2	-2	-2
1165535963221	0	4	resp	1	2	13	RICH	12	0	6	0	2534
1165535966695	0	5	test	1	2	9	CHARLES	6	0	-2	-2	-2
1165535968612	0	5	resp	1	2	9	CHARLES	6	0	6	0	1917
1165535972702	0	6	test	1	2	4	KEN	4	1	-2	-2	-2
1165535974659	0	6	resp	1	2	4	KEN	4	1	1	0	1957
1165535978710	0	7	test	1	2	10	MIKE	10	1	-2	-2	-2
1165535980419	0	7	resp	1	2	10	MIKE	10	1	6	1	1709
1165535984716	0	8	test	1	2	7	TOM	7	1	-2	-2	-2
1165535986236	0	8	resp	1	2	7	TOM	7	1	6	1	1520
1165535990722	0	9	test	1	2	12	JOE	11	0	-2	-2	-2
1165535993292	0	9	resp	1	2	12	JOE	11	0	1	1	2570
1165535996728	0	10	test	1	2	15	ROB	15	1	-2	-2	-2
1165535998092	0	10	resp	1	2	15	ROB	15	1	6	1	1364
1165536002733	0	11	test	1	2	5	DAN	14	0	-2	-2	-2
1165536005354	0	11	resp	1	2	5	DAN	14	0	1	1	2621
1165536008738	0	12	test	1	2	0	BILL	0	1	-2	-2	-2
1165536010626	0	12	resp	1	2	0	BILL	0	1	6	1	1888
1165536014744	0	13	test	1	2	11	JIM	5	0	-2	-2	-2
1165536016770	0	13	resp	1	2	11	JIM	5	0	1	1	2026
1165536020751	0	14	test	1	2	1	JOHN	1	1	-2	-2	-2
1165536021722	0	14	resp	1	2	1	JOHN	1	1	6	1	971
1165536026759	0	15	test	1	2	6	DAVE	13	0	-2	-2	-2
1165536028275	0	15	resp	1	2	6	DAVE	13	0	1	1	1516
1165536032765	0	16	test	1	2	8	CHRIS	8	1	-2	-2	-2
1165536036282	0	16	resp	1	2	8	CHRIS	8	1	6	1	3517
1165536040406	0	1	study	1	3	14	DAN	-2	-2	-2	-2	-2
1165536046407	0	2	study	1	3	5	JIM	-2	-2	-2	-2	-2
1165536052408	0	3	study	1	3	12	RICH	-2	-2	-2	-2	-2
1165536058409	0	4	study	1	3	8	CHRIS	-2	-2	-2	-2	-2
1165536064423	0	5	study	1	3	3	MARK	-2	-2	-2	-2	-2
1165536070425	0	6	study	1	3	6	CHARLES	-2	-2	-2	-2	-2
1165536076441	0	7	study	1	3	1	JOHN	-2	-2	-2	-2	-2
1165536082443	0	8	study	1	3	11	JOE	-2	-2	-2	-2	-2
1165536088445	0	9	study	1	3	4	KEN	-2	-2	-2	-2	-2
1165536094447	0	10	study	1	3	7	TOM	-2	-2	-2	-2	-2
1165536100457	0	11	study	1	3	9	GEORGE	-2	-2	-2	-2	-2
1165536106473	0	12	study	1	3	15	ROB	-2	-2	-2	-2	-2
1165536112474	0	13	study	1	3	10	MIKE	-2	-2	-2	-2	-2
1165536118476	0	14	study	1	3	2	PAUL	-2	-2	-2	-2	-2
1165536124476	0	15	study	1	3	13	DAVE	-2	-2	-2	-2	-2
1165536130478	0	16	study	1	3	0	BILL	-2	-2	-2	-2	-2
1165536137595	0	1	test	1	3	0	RICH	12	0	-2	-2	-2
1165536139127	0	1	resp	1	3	0	RICH	12	0	6	0	1532
1165536143602	0	2	test	1	3	6	CHARLES	6	1	-2	-2	-2
1165536145805	0	2	resp	1	3	6	CHARLES	6	1	6	1	2203
1165536149609	0	3	test	1	3	10	MIKE	10	1	-2	-2	-2
1165536150949	0	3	resp	1	3	10	MIKE	10	1	6	1	1340
1165536155616	0	4	test	1	3	9	GEORGE	9	1	-2	-2	-2
1165536157645	0	4	resp	1	3	9	GEORGE	9	1	1	0	2029
1165536161622	0	5	test	1	3	7	TOM	7	1	-2	-2	-2
1165536164485	0	5	resp	1	3	7	TOM	7	1	6	1	2863
1165536167629	0	6	test	1	3	14	CHRIS	8	0	-2	-2	-2
1165536169222	0	6	resp	1	3	14	CHRIS	8	0	1	1	1593
1165536173633	0	7	test	1	3	15	BILL	0	0	-2	-2	-2
1165536175396	0	7	resp	1	3	15	BILL	0	0	1	1	1763
1165536179640	0	8	test	1	3	3	MARK	3	1	-2	-2	-2
1165536181133	0	8	resp	1	3	3	MARK	3	1	6	1	1493
1165536185646	0	9	test	1	3	11	DAN	14	0	-2	-2	-2
1165536187668	0	9	resp	1	3	11	DAN	14	0	6	0	2022
1165536191652	0	10	test	1	3	12	JIM	5	0	-2	-2	-2
1165536195876	0	10	resp	1	3	12	JIM	5	0	1	1	4224
1165536197657	0	11	test	1	3	1	JOE	11	0	-2	-2	-2
1165536200499	0	11	resp	1	3	1	JOE	11	0	6	0	2842
1165536203663	0	12	test	1	3	4	KEN	4	1	-2	-2	-2
1165536205843	0	12	resp	1	3	4	KEN	4	1	6	1	2180
1165536209669	0	13	test	1	3	8	ROB	15	0	-2	-2	-2
1165536210955	0	13	resp	1	3	8	ROB	15	0	1	1	1286
1165536215676	0	14	test	1	3	13	DAVE	13	1	-2	-2	-2
1165536217148	0	14	resp	1	3	13	DAVE	13	1	1	0	1472
1165536221683	0	15	test	1	3	2	PAUL	2	1	-2	-2	-2
1165536223515	0	15	resp	1	3	2	PAUL	2	1	1	0	1832
1165536227689	0	16	test	1	3	5	JOHN	1	0	-2	-2	-2
1165536229315	0	16	resp	1	3	5	JOHN	1	0	6	0	1626
1165536235206	0	1	study	1	4	8	CHRIS	-2	-2	-2	-2	-2
1165536241220	0	2	study	1	4	12	RICH	-2	-2	-2	-2	-2
1165536247222	0	3	study	1	4	11	JOE	-2	-2	-2	-2	-2
1165536253224	0	4	study	1	4	4	KEN	-2	-2	-2	-2	-2
1165536259226	0	5	study	1	4	0	BILL	-2	-2	-2	-2	-2
1165536265229	0	6	study	1	4	9	GEORGE	-2	-2	-2	-2	-2
1165536271242	0	7	study	1	4	14	DAN	-2	-2	-2	-2	-2
1165536277244	0	8	study	1	4	3	MARK	-2	-2	-2	-2	-2
1165536283246	0	9	study	1	4	5	JIM	-2	-2	-2	-2	-2
1165536289246	0	10	study	1	4	15	ROB	-2	-2	-2	-2	-2
1165536295248	0	11	study	1	4	13	DAVE	-2	-2	-2	-2	-2
1165536301249	0	12	study	1	4	7	TOM	-2	-2	-2	-2	-2
1165536307262	0	13	study	1	4	2	PAUL	-2	-2	-2	-2	-2
1165536313264	0	14	study	1	4	1	JOHN	-2	-2	-2	-2	-2
1165536319265	0	15	study	1	4	10	MIKE	-2	-2	-2	-2	-2
1165536325267	0	16	study	1	4	6	CHARLES	-2	-2	-2	-2	-2
1165536332459	0	1	test	1	4	12	RICH	12	1	-2	-2	-2
1165536333711	0	1	resp	1	4	12	RICH	12	1	6	1	1252
1165536338467	0	2	test	1	4	3	MARK	3	1	-2	-2	-2
1165536339679	0	2	resp	1	4	3	MARK	3	1	6	1	1212
1165536344474	0	3	test	1	4	1	JOHN	1	1	-2	-2	-2
1165536345766	0	3	resp	1	4	1	JOHN	1	1	6	1	1292
1165536350481	0	4	test	1	4	5	TOM	7	0	-2	-2	-2
1165536352862	0	4	resp	1	4	5	TOM	7	0	1	1	2381
1165536356488	0	5	test	1	4	9	DAVE	13	0	-2	-2	-2
1165536359223	0	5	resp	1	4	9	DAVE	13	0	1	1	2735
1165536362495	0	6	test	1	4	8	JIM	5	0	-2	-2	-2
1165536367350	0	6	resp	1	4	8	JIM	5	0	1	1	4855
1165536368500	0	7	test	1	4	13	PAUL	2	0	-2	-2	-2
1165536371510	0	7	resp	1	4	13	PAUL	2	0	6	0	3010
1165536374506	0	8	test	1	4	14	DAN	14	1	-2	-2	-2
1165536376190	0	8	resp	1	4	14	DAN	14	1	6	1	1684
1165536380512	0	9	test	1	4	10	MIKE	10	1	-2	-2	-2
1165536381677	0	9	resp	1	4	10	MIKE	10	1	6	1	1165
1165536386518	0	10	test	1	4	11	JOE	11	1	-2	-2	-2
1165536389469	0	10	resp	1	4	11	JOE	11	1	6	1	2951
1165536392524	0	11	test	1	4	15	ROB	15	1	-2	-2	-2
1165536394334	0	11	resp	1	4	15	ROB	15	1	6	1	1810
1165536398530	0	12	test	1	4	0	CHRIS	8	0	-2	-2	-2
1165536400460	0	12	resp	1	4	0	CHRIS	8	0	6	0	1930
1165536404539	0	13	test	1	4	4	KEN	4	1	-2	-2	-2
1165536407181	0	13	resp	1	4	4	KEN	4	1	6	1	2642
1165536410548	0	14	test	1	4	2	CHARLES	6	0	-2	-2	-2
1165536412924	0	14	resp	1	4	2	CHARLES	6	0	6	0	2376
1165536416554	0	15	test	1	4	6	BILL	0	0	-2	-2	-2
1165536418309	0	15	resp	1	4	6	BILL	0	0	6	0	1755
1165536422561	0	16	test	1	4	7	GEORGE	9	0	-2	-2	-2
1165536425005	0	16	resp	1	4	7	GEORGE	9	0	1	1	2444
1165536430364	0	1	study	1	5	8	CHRIS	-2	-2	-2	-2	-2
1165536436378	0	2	study	1	5	11	JOE	-2	-2	-2	-2	-2
1165536442380	0	3	study	1	5	1	JOHN	-2	-2	-2	-2	-2
1165536448382	0	4	study	1	5	5	JIM	-2	-2	-2	-2	-2
1165536454383	0	5	study	1	5	13	DAVE	-2	-2	-2	-2	-2
1165536460385	0	6	study	1	5	6	CHARLES	-2	-2	-2	-2	-2
1165536466402	0	7	study	1	5	12	RICH	-2	-2	-2	-2	-2
1165536472402	0	8	study	1	5	2	PAUL	-2	-2	-2	-2	-2
1165536478405	0	9	study	1	5	4	KEN	-2	-2	-2	-2	-2
1165536484407	0	10	study	1	5	14	DAN	-2	-2	-2	-2	-2
1165536490410	0	11	study	1	5	0	BILL	-2	-2	-2	-2	-2
1165536496410	0	12	study	1	5	7	TOM	-2	-2	-2	-2	-2
1165536502422	0	13	study	1	5	15	ROB	-2	-2	-2	-2	-2
1165536508423	0	14	study	1	5	9	GEORGE	-2	-2	-2	-2	-2
1165536514438	0	15	study	1	5	10	MIKE	-2	-2	-2	-2	-2
1165536520439	0	16	study	1	5	3	MARK	-2	-2	-2	-2	-2
1165536528079	0	1	test	1	5	4	TOM	7	0	-2	-2	-2
1165536530201	0	1	resp	1	5	4	TOM	7	0	1	1	2122
1165536534085	0	2	test	1	5	13	DAVE	13	1	-2	-2	-2
1165536536656	0	2	resp	1	5	13	DAVE	13	1	6	1	2571
1165536540091	0	3	test	1	5	3	ROB	15	0	-2	-2	-2
1165536542952	0	3	resp	1	5	3	ROB	15	0	1	1	2861
1165536546099	0	4	test	1	5	8	CHRIS	8	1	-2	-2	-2
1165536547367	0	4	resp	1	5	8	CHRIS	8	1	6	1	1268
1165536552105	0	5	test	1	5	12	DAN	14	0	-2	-2	-2
1165536553359	0	5	resp	1	5	12	DAN	14	0	6	0	1254
1165536558111	0	6	test	1	5	10	JIM	5	0	-2	-2	-2
1165536562335	0	6	resp	1	5	10	JIM	5	0	6	0	4224
1165536564118	0	7	test	1	5	9	GEORGE	9	1	-2	-2	-2
1165536565687	0	7	resp	1	5	9	GEORGE	9	1	6	1	1569
1165536570126	0	8	test	1	5	6	CHARLES	6	1	-2	-2	-2
1165536572710	0	8	resp	1	5	6	CHARLES	6	1	6	1	2584
1165536576133	0	9	test	1	5	2	PAUL	2	1	-2	-2	-2
1165536579654	0	9	resp	1	5	2	PAUL	2	1	1	0	3521
1165536582139	0	10	test	1	5	11	JOE	11	1	-2	-2	-2
1165536584694	0	10	resp	1	5	11	JOE	11	1	6	1	2555
1165536588146	0	11	test	1	5	1	JOHN	1	1	-2	-2	-2
1165536590806	0	11	resp	1	5	1	JOHN	1	1	6	1	2660
1165536594152	0	12	test	1	5	7	MIKE	10	0	-2	-2	-2
1165536595438	0	12	resp	1	5	7	MIKE	10	0	1	1	1286
1165536600160	0	13	test	1	5	5	MARK	3	0	-2	-2	-2
1165536602717	0	13	resp	1	5	5	MARK	3	0	1	1	2557
1165536606167	0	14	test	1	5	15	RICH	12	0	-2	-2	-2
1165536608749	0	14	resp	1	5	15	RICH	12	0	1	1	2582
1165536612174	0	15	test	1	5	14	KEN	4	0	-2	-2	-2
1165536614118	0	15	resp	1	5	14	KEN	4	0	1	1	1944
1165536618181	0	16	test	1	5	0	BILL	0	1	-2	-2	-2
1165536619973	0	16	resp	1	5	0	BILL	0	1	6	1	1792
1165536625907	0	1	study	1	6	15	ROB	-2	-2	-2	-2	-2
1165536631909	0	2	study	1	6	3	MARK	-2	-2	-2	-2	-2
1165536637910	0	3	study	1	6	4	KEN	-2	-2	-2	-2	-2
1165536643912	0	4	study	1	6	14	DAN	-2	-2	-2	-2	-2
1165536649914	0	5	study	1	6	5	JIM	-2	-2	-2	-2	-2
1165536655916	0	6	study	1	6	11	JOE	-2	-2	-2	-2	-2
1165536661916	0	7	study	1	6	7	TOM	-2	-2	-2	-2	-2
1165536667929	0	8	study	1	6	0	BILL	-2	-2	-2	-2	-2
1165536673930	0	9	study	1	6	12	RICH	-2	-2	-2	-2	-2
1165536679932	0	10	study	1	6	9	GEORGE	-2	-2	-2	-2	-2
1165536686078	0	11	study	1	6	1	JOHN	-2	-2	-2	-2	-2
1165536692079	0	12	study	1	6	10	MIKE	-2	-2	-2	-2	-2
1165536698081	0	13	study	1	6	6	CHARLES	-2	-2	-2	-2	-2
1165536704098	0	14	study	1	6	8	CHRIS	-2	-2	-2	-2	-2
1165536710112	0	15	study	1	6	2	PAUL	-2	-2	-2	-2	-2
1165536716114	0	16	study	1	6	13	DAVE	-2	-2	-2	-2	-2
1165536723360	0	1	test	1	6	2	KEN	4	0	-2	-2	-2
1165536725146	0	1	resp	1	6	2	KEN	4	0	1	1	1786
1165536729367	0	2	test	1	6	5	JIM	5	1	-2	-2	-2
1165536730937	0	2	resp	1	6	5	JIM	5	1	6	1	1570
1165536735374	0	3	test	1	6	12	RICH	12	1	-2	-2	-2
1165536736441	0	3	resp	1	6	12	RICH	12	1	6	1	1067
1165536741381	0	4	test	1	6	9	DAVE	13	0	-2	-2	-2
1165536744408	0	4	resp	1	6	9	DAVE	13	0	6	0	3027
1165536747389	0	5	test	1	6	1	JOHN	1	1	-2	-2	-2
1165536749161	0	5	resp	1	6	1	JOHN	1	1	6	1	1772
1165536753396	0	6	test	1	6	15	ROB	15	1	-2	-2	-2
1165536755712	0	6	resp	1	6	15	ROB	15	1	1	0	2316
1165536759403	0	7	test	1	6	10	MIKE	10	1	-2	-2	-2
1165536761273	0	7	resp	1	6	10	MIKE	10	1	6	1	1870
1165536765409	0	8	test	1	6	4	DAN	14	0	-2	-2	-2
1165536768153	0	8	resp	1	6	4	DAN	14	0	1	1	2744
1165536771415	0	9	test	1	6	11	JOE	11	1	-2	-2	-2
1165536772992	0	9	resp	1	6	11	JOE	11	1	6	1	1577
1165536777422	0	10	test	1	6	14	GEORGE	9	0	-2	-2	-2
1165536779504	0	10	resp	1	6	14	GEORGE	9	0	6	0	2082
1165536783430	0	11	test	1	6	8	CHRIS	8	1	-2	-2	-2
1165536785519	0	11	resp	1	6	8	CHRIS	8	1	6	1	2089
1165536789437	0	12	test	1	6	3	MARK	3	1	-2	-2	-2
1165536790288	0	12	resp	1	6	3	MARK	3	1	6	1	851
1165536795441	0	13	test	1	6	0	PAUL	2	0	-2	-2	-2
1165536798152	0	13	resp	1	6	0	PAUL	2	0	1	1	2711
1165536801447	0	14	test	1	6	7	BILL	0	0	-2	-2	-2
1165536804902	0	14	resp	1	6	7	BILL	0	0	1	1	3455
1165536807454	0	15	test	1	6	13	CHARLES	6	0	-2	-2	-2
1165536808982	0	15	resp	1	6	13	CHARLES	6	0	6	0	1528
1165536813461	0	16	test	1	6	6	TOM	7	0	-2	-2	-2
1165536816934	0	16	resp	1	6	6	TOM	7	0	6	0	3473
1165536822590	0	1	study	1	7	9	GEORGE	-2	-2	-2	-2	-2
1165536828606	0	2	study	1	7	1	JOHN	-2	-2	-2	-2	-2
1165536834608	0	3	study	1	7	15	ROB	-2	-2	-2	-2	-2
1165536840609	0	4	study	1	7	0	BILL	-2	-2	-2	-2	-2
1165536846610	0	5	study	1	7	14	DAN	-2	-2	-2	-2	-2
1165536852612	0	6	study	1	7	6	CHARLES	-2	-2	-2	-2	-2
1165536858632	0	7	study	1	7	5	JIM	-2	-2	-2	-2	-2
1165536864635	0	8	study	1	7	2	PAUL	-2	-2	-2	-2	-2
1165536870637	0	9	study	1	7	10	MIKE	-2	-2	-2	-2	-2
1165536876639	0	10	study	1	7	8	CHRIS	-2	-2	-2	-2	-2
1165536882651	0	11	study	1	7	13	DAVE	-2	-2	-2	-2	-2
1165536888654	0	12	study	1	7	12	RICH	-2	-2	-2	-2	-2
1165536894656	0	13	study	1	7	4	KEN	-2	-2	-2	-2	-2
1165536900658	0	14	study	1	7	3	MARK	-2	-2	-2	-2	-2
1165536906658	0	15	study	1	7	11	JOE	-2	-2	-2	-2	-2
1165536912659	0	16	study	1	7	7	TOM	-2	-2	-2	-2	-2
1165536919973	0	1	test	1	7	4	KEN	4	1	-2	-2	-2
1165536921970	0	1	resp	1	7	4	KEN	4	1	6	1	1997
1165536925981	0	2	test	1	7	8	DAN	14	0	-2	-2	-2
1165536928602	0	2	resp	1	7	8	DAN	14	0	1	1	2621
1165536931988	0	3	test	1	7	14	BILL	0	0	-2	-2	-2
1165536934323	0	3	resp	1	7	14	BILL	0	0	6	0	2335
1165536937996	0	4	test	1	7	2	PAUL	2	1	-2	-2	-2
1165536940107	0	4	resp	1	7	2	PAUL	2	1	6	1	2111
1165536944002	0	5	test	1	7	15	JOHN	1	0	-2	-2	-2
1165536946011	0	5	resp	1	7	15	JOHN	1	0	6	0	2009
1165536950008	0	6	test	1	7	12	CHRIS	8	0	-2	-2	-2
1165536952721	0	6	resp	1	7	12	CHRIS	8	0	1	1	2713
1165536956014	0	7	test	1	7	5	JIM	5	1	-2	-2	-2
1165536957401	0	7	resp	1	7	5	JIM	5	1	6	1	1387
1165536962022	0	8	test	1	7	13	DAVE	13	1	-2	-2	-2
1165536965130	0	8	resp	1	7	13	DAVE	13	1	1	0	3108
1165536968028	0	9	test	1	7	7	GEORGE	9	0	-2	-2	-2
1165536971002	0	9	resp	1	7	7	GEORGE	9	0	1	1	2974
1165536974033	0	10	test	1	7	3	MARK	3	1	-2	-2	-2
1165536977146	0	10	resp	1	7	3	MARK	3	1	6	1	3113
1165536980039	0	11	test	1	7	11	JOE	11	1	-2	-2	-2
1165536983440	0	11	resp	1	7	11	JOE	11	1	6	1	3401
1165536986044	0	12	test	1	7	9	RICH	12	0	-2	-2	-2
1165536988584	0	12	resp	1	7	9	RICH	12	0	1	1	2540
1165536992051	0	13	test	1	7	6	CHARLES	6	1	-2	-2	-2
1165536993840	0	13	resp	1	7	6	CHARLES	6	1	6	1	1789
1165536998056	0	14	test	1	7	0	ROB	15	0	-2	-2	-2
1165536999760	0	14	resp	1	7	0	ROB	15	0	1	1	1704
1165537004063	0	15	test	1	7	1	TOM	7	0	-2	-2	-2
1165537005728	0	15	resp	1	7	1	TOM	7	0	6	0	1665
1165537010068	0	16	test	1	7	10	MIKE	10	1	-2	-2	-2
1165537011503	0	16	resp	1	7	10	MIKE	10	1	6	1	1435
1165537017463	0	1	study	1	8	3	MARK	-2	-2	-2	-2	-2
1165537023465	0	2	study	1	8	4	KEN	-2	-2	-2	-2	-2
1165537029467	0	3	study	1	8	14	DAN	-2	-2	-2	-2	-2
1165537035470	0	4	study	1	8	6	CHARLES	-2	-2	-2	-2	-2
1165537041489	0	5	study	1	8	15	ROB	-2	-2	-2	-2	-2
1165537047490	0	6	study	1	8	11	JOE	-2	-2	-2	-2	-2
1165537053493	0	7	study	1	8	13	DAVE	-2	-2	-2	-2	-2
1165537059497	0	8	study	1	8	9	GEORGE	-2	-2	-2	-2	-2
1165537065515	0	9	study	1	8	2	PAUL	-2	-2	-2	-2	-2
1165537071516	0	10	study	1	8	1	JOHN	-2	-2	-2	-2	-2
1165537077516	0	11	study	1	8	12	RICH	-2	-2	-2	-2	-2
1165537083519	0	12	study	1	8	7	TOM	-2	-2	-2	-2	-2
1165537089532	0	13	study	1	8	8	CHRIS	-2	-2	-2	-2	-2
1165537095544	0	14	study	1	8	0	BILL	-2	-2	-2	-2	-2
1165537101546	0	15	study	1	8	10	MIKE	-2	-2	-2	-2	-2
1165537107547	0	16	study	1	8	5	JIM	-2	-2	-2	-2	-2
1165537115496	0	1	test	1	8	2	PAUL	2	1	-2	-2	-2
1165537117164	0	1	resp	1	8	2	PAUL	2	1	6	1	1668
1165537121505	0	2	test	1	8	0	JIM	5	0	-2	-2	-2
1165537124261	0	2	resp	1	8	0	JIM	5	0	1	1	2756
1165537127510	0	3	test	1	8	9	ROB	15	0	-2	-2	-2
1165537129140	0	3	resp	1	8	9	ROB	15	0	1	1	1630
1165537133517	0	4	test	1	8	7	TOM	7	1	-2	-2	-2
1165537136100	0	4	resp	1	8	7	TOM	7	1	6	1	2583
1165537139524	0	5	test	1	8	8	BILL	0	0	-2	-2	-2
1165537141228	0	5	resp	1	8	8	BILL	0	0	6	0	1704
1165537145531	0	6	test	1	8	10	CHRIS	8	0	-2	-2	-2
1165537147100	0	6	resp	1	8	10	CHRIS	8	0	6	0	1569
1165537151537	0	7	test	1	8	5	GEORGE	9	0	-2	-2	-2
1165537153762	0	7	resp	1	8	5	GEORGE	9	0	1	1	2225
1165537157545	0	8	test	1	8	1	MARK	3	0	-2	-2	-2
1165537160003	0	8	resp	1	8	1	MARK	3	0	1	1	2458
1165537163551	0	9	test	1	8	11	JOE	11	1	-2	-2	-2
1165537166730	0	9	resp	1	8	11	JOE	11	1	6	1	3179
1165537169558	0	10	test	1	8	14	DAN	14	1	-2	-2	-2
1165537171035	0	10	resp	1	8	14	DAN	14	1	6	1	1477
1165537175564	0	11	test	1	8	12	RICH	12	1	-2	-2	-2
1165537177777	0	11	resp	1	8	12	RICH	12	1	6	1	2213
1165537181571	0	12	test	1	8	3	MIKE	10	0	-2	-2	-2
1165537183689	0	12	resp	1	8	3	MIKE	10	0	1	1	2118
1165537187576	0	13	test	1	8	4	KEN	4	1	-2	-2	-2
1165537189330	0	13	resp	1	8	4	KEN	4	1	6	1	1754
1165537193581	0	14	test	1	8	6	CHARLES	6	1	-2	-2	-2
1165537195673	0	14	resp	1	8	6	CHARLES	6	1	6	1	2092
1165537199588	0	15	test	1	8	15	JOHN	1	0	-2	-2	-2
1165537202937	0	15	resp	1	8	15	JOHN	1	0	1	1	3349
1165537205594	0	16	test	1	8	13	DAVE	13	1	-2	-2	-2
1165537208696	0	16	resp	1	8	13	DAVE	13	1	6	1	3102
1165537212606	0	1	study	1	9	7	TOM	-2	-2	-2	-2	-2
1165537218619	0	2	study	1	9	8	CHRIS	-2	-2	-2	-2	-2
1165537224633	0	3	study	1	9	4	KEN	-2	-2	-2	-2	-2
1165537230634	0	4	study	1	9	2	PAUL	-2	-2	-2	-2	-2
1165537236636	0	5	study	1	9	6	CHARLES	-2	-2	-2	-2	-2
1165537242655	0	6	study	1	9	15	ROB	-2	-2	-2	-2	-2
1165537248655	0	7	study	1	9	9	GEORGE	-2	-2	-2	-2	-2
1165537254667	0	8	study	1	9	12	RICH	-2	-2	-2	-2	-2
1165537260668	0	9	study	1	9	10	MIKE	-2	-2	-2	-2	-2
1165537266669	0	10	study	1	9	11	JOE	-2	-2	-2	-2	-2
1165537272672	0	11	study	1	9	1	JOHN	-2	-2	-2	-2	-2
1165537278672	0	12	study	1	9	5	JIM	-2	-2	-2	-2	-2
1165537284674	0	13	study	1	9	13	DAVE	-2	-2	-2	-2	-2
1165537290676	0	14	study	1	9	3	MARK	-2	-2	-2	-2	-2
1165537296677	0	15	study	1	9	0	BILL	-2	-2	-2	-2	-2
1165537302678	0	16	study	1	9	14	DAN	-2	-2	-2	-2	-2
1165537310346	0	1	test	1	9	12	RICH	12	1	-2	-2	-2
1165537311485	0	1	resp	1	9	12	RICH	12	1	6	1	1139
1165537316353	0	2	test	1	9	5	CHARLES	6	0	-2	-2	-2
1165537319278	0	2	resp	1	9	5	CHARLES	6	0	1	1	2925
1165537322360	0	3	test	1	9	2	GEORGE	9	0	-2	-2	-2
1165537324796	0	3	resp	1	9	2	GEORGE	9	0	1	1	2436
1165537328367	0	4	test	1	9	3	PAUL	2	0	-2	-2	-2
1165537330221	0	4	resp	1	9	3	PAUL	2	0	1	1	1854
1165537334374	0	5	test	1	9	4	KEN	4	1	-2	-2	-2
1165537335804	0	5	resp	1	9	4	KEN	4	1	6	1	1430
1165537340382	0	6	test	1	9	15	ROB	15	1	-2	-2	-2
1165537342165	0	6	resp	1	9	15	ROB	15	1	6	1	1783
1165537346388	0	7	test	1	9	14	DAN	14	1	-2	-2	-2
1165537347820	0	7	resp	1	9	14	DAN	14	1	6	1	1432
1165537352395	0	8	test	1	9	0	BILL	0	1	-2	-2	-2
1165537354308	0	8	resp	1	9	0	BILL	0	1	6	1	1913
1165537358404	0	9	test	1	9	6	JOHN	1	0	-2	-2	-2
1165537362499	0	9	resp	1	9	6	JOHN	1	0	1	1	4095
1165537364411	0	10	test	1	9	1	MARK	3	0	-2	-2	-2
1165537366188	0	10	resp	1	9	1	MARK	3	0	1	1	1777
1165537370415	0	11	test	1	9	7	TOM	7	1	-2	-2	-2
1165537373715	0	11	resp	1	9	7	TOM	7	1	6	1	3300
1165537376421	0	12	test	1	9	13	JIM	5	0	-2	-2	-2
1165537380012	0	12	resp	1	9	13	JIM	5	0	1	1	3591
1165537382428	0	13	test	1	9	10	MIKE	10	1	-2	-2	-2
1165537384906	0	13	resp	1	9	10	MIKE	10	1	6	1	2478
1165537388434	0	14	test	1	9	8	DAVE	13	0	-2	-2	-2
1165537390067	0	14	resp	1	9	8	DAVE	13	0	6	0	1633
1165537394441	0	15	test	1	9	11	JOE	11	1	-2	-2	-2
1165537395882	0	15	resp	1	9	11	JOE	11	1	6	1	1441
1165537400448	0	16	test	1	9	9	CHRIS	8	0	-2	-2	-2
1165537403211	0	16	resp	1	9	9	CHRIS	8	0	1	1	2763
1165537407751	0	1	study	1	10	12	RICH	-2	-2	-2	-2	-2
1165537413753	0	2	study	1	10	11	JOE	-2	-2	-2	-2	-2
1165537419754	0	3	study	1	10	13	DAVE	-2	-2	-2	-2	-2
1165537425756	0	4	study	1	10	8	CHRIS	-2	-2	-2	-2	-2
1165537431770	0	5	study	1	10	3	MARK	-2	-2	-2	-2	-2
1165537437770	0	6	study	1	10	2	PAUL	-2	-2	-2	-2	-2
1165537443771	0	7	study	1	10	9	GEORGE	-2	-2	-2	-2	-2
1165537449783	0	8	study	1	10	1	JOHN	-2	-2	-2	-2	-2
1165537455784	0	9	study	1	10	6	CHARLES	-2	-2	-2	-2	-2
1165537461802	0	10	study	1	10	5	JIM	-2	-2	-2	-2	-2
1165537467828	0	11	study	1	10	15	ROB	-2	-2	-2	-2	-2
1165537473830	0	12	study	1	10	7	TOM	-2	-2	-2	-2	-2
1165537479843	0	13	study	1	10	14	DAN	-2	-2	-2	-2	-2
1165537485844	0	14	study	1	10	10	MIKE	-2	-2	-2	-2	-2
1165537491844	0	15	study	1	10	0	BILL	-2	-2	-2	-2	-2
1165537497847	0	16	study	1	10	4	KEN	-2	-2	-2	-2	-2
1165537505340	0	1	test	1	10	7	TOM	7	1	-2	-2	-2
1165537507790	0	1	resp	1	10	7	TOM	7	1	6	1	2450
1165537511346	0	2	test	1	10	4	KEN	4	1	-2	-2	-2
1165537514207	0	2	resp	1	10	4	KEN	4	1	6	1	2861
1165537517353	0	3	test	1	10	0	BILL	0	1	-2	-2	-2
1165537518446	0	3	resp	1	10	0	BILL	0	1	6	1	1093
1165537523360	0	4	test	1	10	6	CHARLES	6	1	-2	-2	-2
1165537525327	0	4	resp	1	10	6	CHARLES	6	1	6	1	1967
1165537529366	0	5	test	1	10	8	CHRIS	8	1	-2	-2	-2
1165537531254	0	5	resp	1	10	8	CHRIS	8	1	6	1	1888
1165537535372	0	6	test	1	10	1	DAVE	13	0	-2	-2	-2
1165537537557	0	6	resp	1	10	1	DAVE	13	0	1	1	2185
1165537541378	0	7	test	1	10	12	RICH	12	1	-2	-2	-2
1165537544613	0	7	resp	1	10	12	RICH	12	1	6	1	3235
1165537547384	0	8	test	1	10	3	MARK	3	1	-2	-2	-2
1165537548797	0	8	resp	1	10	3	MARK	3	1	6	1	1413
1165537553391	0	9	test	1	10	10	JOHN	1	0	-2	-2	-2
1165537555788	0	9	resp	1	10	10	JOHN	1	0	1	1	2397
1165537559398	0	10	test	1	10	15	ROB	15	1	-2	-2	-2
1165537560436	0	10	resp	1	10	15	ROB	15	1	6	1	1038
1165537565407	0	11	test	1	10	5	JOE	11	0	-2	-2	-2
1165537568141	0	11	resp	1	10	5	JOE	11	0	1	1	2734
1165537571413	0	12	test	1	10	11	DAN	14	0	-2	-2	-2
1165537574460	0	12	resp	1	10	11	DAN	14	0	1	1	3047
1165537577419	0	13	test	1	10	2	MIKE	10	0	-2	-2	-2
1165537579756	0	13	resp	1	10	2	MIKE	10	0	1	1	2337
1165537583425	0	14	test	1	10	14	PAUL	2	0	-2	-2	-2
1165537585827	0	14	resp	1	10	14	PAUL	2	0	1	1	2402
1165537589432	0	15	test	1	10	13	GEORGE	9	0	-2	-2	-2
1165537590907	0	15	resp	1	10	13	GEORGE	9	0	1	1	1475
1165537595438	0	16	test	1	10	9	JIM	5	0	-2	-2	-2
1165537596811	0	16	resp	1	10	9	JIM	5	0	1	1	1373
1165537630933	0	0	record	3	11	-2	record	-2	-2	-2	-2	-2
1165537631950	0	1	cue	3	11	15	ROB	-2	-2	-2	-2	-2
1165537637950	0	2	cue	3	11	6	CHARLES	-2	-2	-2	-2	-2
1165537643950	0	3	cue	3	11	10	MIKE	-2	-2	-2	-2	-2
1165537649951	0	4	cue	3	11	9	GEORGE	-2	-2	-2	-2	-2
1165537655952	0	5	cue	3	11	11	JOE	-2	-2	-2	-2	-2
1165537661954	0	6	cue	3	11	2	PAUL	-2	-2	-2	-2	-2
1165537667954	0	7	cue	3	11	13	DAVE	-2	-2	-2	-2	-2
1165537673954	0	8	cue	3	11	7	TOM	-2	-2	-2	-2	-2
1165537679955	0	9	cue	3	11	14	DAN	-2	-2	-2	-2	-2
1165537685955	0	10	cue	3	11	4	KEN	-2	-2	-2	-2	-2
1165537691955	0	11	cue	3	11	8	CHRIS	-2	-2	-2	-2	-2
1165537697955	0	12	cue	3	11	5	JIM	-2	-2	-2	-2	-2
1165537703955	0	13	cue	3	11	1	JOHN	-2	-2	-2	-2	-2
1165537709955	0	14	cue	3	11	0	BILL	-2	-2	-2	-2	-2
1165537715955	0	15	cue	3	11	12	RICH	-2	-2	-2	-2	-2
1165537721955	0	16	cue	3	11	3	MARK	-2	-2	-2	-2	-2
