1168617534392	0	B	Logging Begins
1168617534392	0	INSTRUCTIONSTART	JointRoller	/Library/Frameworks/Python.framework/Versions/2.4/lib/python2.4/site-packages/pyepl/resources/vera.ttf	64	(0, 0, 0)	'In the following experiment, your memory for associating names with faces will be tested.  The experiment will be divided into two halves, with each half testing you on a completely different set of names and faces.  After the first half, there will be a short break.\n\nThe procedure will be the same for each half.  Eight faces will be presented on the screen, consecutively, accompanied by their names.  A woman\'s voice will also speak the name when the face appears on the screen.  After five seconds, the face will disappear from the screen, a star (*) will flash on the screen for one second, and then the next face and name will appear.\n\nAfter you have seen all eight faces and names, you will be prompted to press any key in order to move on to a testing period.  During each trial of the testing period, you will see a face with name underneath it.  You will have to decide whether or not the name is paired with the appropriate face.  \n\nYou will respond on the keyboard, with a confidence judgment between 1 and 6.  A judgment of 1 indicates that you are near certain that the name given is incorrectly paired with the face, a judgment of 2 indicates moderate confidence, and a judgment of 3 indicates that you think the name is incorrectly paired with the face, but are quite unsure.  A judgment of 6 indicates that you are near certain that the name given is correctly paired with the face, a judgment of 5 indicates moderate confidence, and a judgment of 4 indicates that you think the name is correctly paired with the face, but are quite unsure.\n\nYou should rest your fingers on the bottom row of the keyboard.  "Z", "X", and  "C" will correspond to confidence judgments of 1, 2, and 3, respectively.  ",", ".", and "/" will correspond to confidence judgments of 4, 5, and 6, respectively.\n\nAfter five seconds the name and face will disappear from the screen, a star will flash on the screen for one second, and then the next name and face pair will appear on the screen.  You will see eight name-face pairs per test period.  You should try to reply as quickly and accurately as you can.\n\nFor each half, there will be ten study periods and ten test periods, alternating.  Each face will have the same name over the entire course of the half, so your task is to try and learn the faces\' names as quickly and accurately as possible.\n\nDo you have any questions?\n\nPress <ENTER> to continue.\n'
1168617534468	1	INSTRUCTIONSCROLL	0
1168617551296	1	INSTRUCTIONSCROLL	1
1168617551313	1	INSTRUCTIONSCROLL	4
1168617551329	1	INSTRUCTIONSCROLL	7
1168617551346	1	INSTRUCTIONSCROLL	10
1168617551363	1	INSTRUCTIONSCROLL	14
1168617551379	1	INSTRUCTIONSCROLL	17
1168617551396	1	INSTRUCTIONSCROLL	20
1168617551413	1	INSTRUCTIONSCROLL	23
1168617551429	1	INSTRUCTIONSCROLL	27
1168617551446	1	INSTRUCTIONSCROLL	30
1168617551463	1	INSTRUCTIONSCROLL	34
1168617551479	1	INSTRUCTIONSCROLL	37
1168617551496	1	INSTRUCTIONSCROLL	40
1168617551513	1	INSTRUCTIONSCROLL	44
1168617551529	1	INSTRUCTIONSCROLL	47
1168617553013	1	INSTRUCTIONSCROLL	46
1168617553030	1	INSTRUCTIONSCROLL	44
1168617553046	1	INSTRUCTIONSCROLL	40
1168617553063	1	INSTRUCTIONSCROLL	37
1168617553080	1	INSTRUCTIONSCROLL	34
1168617553096	1	INSTRUCTIONSCROLL	30
1168617553113	1	INSTRUCTIONSCROLL	27
1168617553130	1	INSTRUCTIONSCROLL	24
1168617553146	1	INSTRUCTIONSCROLL	20
1168617553163	1	INSTRUCTIONSCROLL	17
1168617553180	1	INSTRUCTIONSCROLL	14
1168617553196	1	INSTRUCTIONSCROLL	10
1168617553213	1	INSTRUCTIONSCROLL	7
1168617553230	1	INSTRUCTIONSCROLL	4
1168617561409	1	INSTRUCTIONSCROLL	5
1168617561426	1	INSTRUCTIONSCROLL	8
1168617561443	1	INSTRUCTIONSCROLL	12
1168617561459	1	INSTRUCTIONSCROLL	15
1168617561476	1	INSTRUCTIONSCROLL	18
1168617561493	1	INSTRUCTIONSCROLL	22
1168617561509	1	INSTRUCTIONSCROLL	25
1168617561526	1	INSTRUCTIONSCROLL	28
1168617561543	1	INSTRUCTIONSCROLL	31
1168617561559	1	INSTRUCTIONSCROLL	35
1168617561576	1	INSTRUCTIONSCROLL	38
1168617561593	1	INSTRUCTIONSCROLL	42
1168617561609	1	INSTRUCTIONSCROLL	45
1168617561626	1	INSTRUCTIONSCROLL	48
1168617561643	1	INSTRUCTIONSCROLL	52
1168617561659	1	INSTRUCTIONSCROLL	55
1168617561676	1	INSTRUCTIONSCROLL	58
1168617561693	1	INSTRUCTIONSCROLL	62
1168617561709	1	INSTRUCTIONSCROLL	65
1168617561726	1	INSTRUCTIONSCROLL	68
1168617561743	1	INSTRUCTIONSCROLL	72
1168617561759	1	INSTRUCTIONSCROLL	75
1168617561776	1	INSTRUCTIONSCROLL	78
1168617561793	1	INSTRUCTIONSCROLL	82
1168617561809	1	INSTRUCTIONSCROLL	85
1168617561826	1	INSTRUCTIONSCROLL	88
1168617561843	1	INSTRUCTIONSCROLL	92
1168617561859	1	INSTRUCTIONSCROLL	95
1168617561876	1	INSTRUCTIONSCROLL	98
1168617561892	1	INSTRUCTIONSCROLL	102
1168617561909	1	INSTRUCTIONSCROLL	105
1168617561926	1	INSTRUCTIONSCROLL	108
1168617561943	1	INSTRUCTIONSCROLL	112
1168617561959	1	INSTRUCTIONSCROLL	115
1168617561976	1	INSTRUCTIONSCROLL	118
1168617561992	1	INSTRUCTIONSCROLL	122
1168617562010	1	INSTRUCTIONSCROLL	125
1168617562027	1	INSTRUCTIONSCROLL	129
1168617562043	1	INSTRUCTIONSCROLL	132
1168617562060	1	INSTRUCTIONSCROLL	135
1168617562077	1	INSTRUCTIONSCROLL	138
1168617562093	1	INSTRUCTIONSCROLL	142
1168617562110	1	INSTRUCTIONSCROLL	145
1168617562127	1	INSTRUCTIONSCROLL	149
1168617562143	1	INSTRUCTIONSCROLL	152
1168617562160	1	INSTRUCTIONSCROLL	155
1168617562177	1	INSTRUCTIONSCROLL	159
1168617562193	1	INSTRUCTIONSCROLL	162
1168617562210	1	INSTRUCTIONSCROLL	165
1168617562227	1	INSTRUCTIONSCROLL	169
1168617562243	1	INSTRUCTIONSCROLL	172
1168617562259	1	INSTRUCTIONSCROLL	175
1168617562276	1	INSTRUCTIONSCROLL	178
1168617562292	1	INSTRUCTIONSCROLL	182
1168617562309	1	INSTRUCTIONSCROLL	185
1168617562326	1	INSTRUCTIONSCROLL	188
1168617562342	1	INSTRUCTIONSCROLL	192
1168617563010	1	INSTRUCTIONSCROLL	193
1168617563026	1	INSTRUCTIONSCROLL	196
1168617563043	1	INSTRUCTIONSCROLL	200
1168617563060	1	INSTRUCTIONSCROLL	203
1168617563076	1	INSTRUCTIONSCROLL	206
1168617563093	1	INSTRUCTIONSCROLL	210
1168617563110	1	INSTRUCTIONSCROLL	213
1168617563126	1	INSTRUCTIONSCROLL	216
1168617563143	1	INSTRUCTIONSCROLL	220
1168617563160	1	INSTRUCTIONSCROLL	223
1168617563176	1	INSTRUCTIONSCROLL	226
1168617563193	1	INSTRUCTIONSCROLL	230
1168617563210	1	INSTRUCTIONSCROLL	233
1168617563226	1	INSTRUCTIONSCROLL	236
1168617563243	1	INSTRUCTIONSCROLL	240
1168617563259	1	INSTRUCTIONSCROLL	243
1168617563275	1	INSTRUCTIONSCROLL	246
1168617563292	1	INSTRUCTIONSCROLL	249
1168617563309	1	INSTRUCTIONSCROLL	253
1168617563325	1	INSTRUCTIONSCROLL	256
1168617563342	1	INSTRUCTIONSCROLL	259
1168617563359	1	INSTRUCTIONSCROLL	262
1168617563375	1	INSTRUCTIONSCROLL	266
1168617563392	1	INSTRUCTIONSCROLL	269
1168617563409	1	INSTRUCTIONSCROLL	273
1168617563425	1	INSTRUCTIONSCROLL	276
1168617563442	1	INSTRUCTIONSCROLL	279
1168617563459	1	INSTRUCTIONSCROLL	282
1168617563475	1	INSTRUCTIONSCROLL	286
1168617563492	1	INSTRUCTIONSCROLL	289
1168617563509	1	INSTRUCTIONSCROLL	293
1168617564692	1	INSTRUCTIONSCROLL	294
1168617564708	1	INSTRUCTIONSCROLL	298
1168617564725	1	INSTRUCTIONSCROLL	301
1168617565891	1	INSTRUCTIONSCROLL	302
1168617565908	1	INSTRUCTIONSCROLL	303
1168617565925	1	INSTRUCTIONSCROLL	306
1168617565941	1	INSTRUCTIONSCROLL	309
1168617565958	1	INSTRUCTIONSCROLL	313
1168617565991	1	INSTRUCTIONSCROLL	314
1168617566009	1	INSTRUCTIONSCROLL	317
1168617566026	1	INSTRUCTIONSCROLL	320
1168617566042	1	INSTRUCTIONSCROLL	324
1168617566059	1	INSTRUCTIONSCROLL	327
1168617566076	1	INSTRUCTIONSCROLL	330
1168617566092	1	INSTRUCTIONSCROLL	334
1168617566109	1	INSTRUCTIONSCROLL	337
1168617566125	1	INSTRUCTIONSCROLL	340
1168617566142	1	INSTRUCTIONSCROLL	344
1168617566159	1	INSTRUCTIONSCROLL	347
1168617566175	1	INSTRUCTIONSCROLL	350
1168617566192	1	INSTRUCTIONSCROLL	354
1168617566209	1	INSTRUCTIONSCROLL	357
1168617566225	1	INSTRUCTIONSCROLL	360
1168617566242	1	INSTRUCTIONSCROLL	364
1168617566258	1	INSTRUCTIONSCROLL	367
1168617570323	1	INSTRUCTIONSCROLL	368
1168617570340	1	INSTRUCTIONSCROLL	369
1168617570356	1	INSTRUCTIONSCROLL	372
1168617570373	1	INSTRUCTIONSCROLL	375
1168617570390	1	INSTRUCTIONSCROLL	379
1168617570407	1	INSTRUCTIONSCROLL	382
1168617570423	1	INSTRUCTIONSCROLL	385
1168617570440	1	INSTRUCTIONSCROLL	389
1168617570456	1	INSTRUCTIONSCROLL	392
1168617570473	1	INSTRUCTIONSCROLL	395
1168617570490	1	INSTRUCTIONSCROLL	399
1168617570506	1	INSTRUCTIONSCROLL	402
1168617570523	1	INSTRUCTIONSCROLL	405
1168617570540	1	INSTRUCTIONSCROLL	409
1168617570556	1	INSTRUCTIONSCROLL	412
1168617570573	1	INSTRUCTIONSCROLL	415
1168617570590	1	INSTRUCTIONSCROLL	419
1168617570606	1	INSTRUCTIONSCROLL	422
1168617570623	1	INSTRUCTIONSCROLL	425
1168617570640	1	INSTRUCTIONSCROLL	429
1168617570656	1	INSTRUCTIONSCROLL	432
1168617570673	1	INSTRUCTIONSCROLL	435
1168617570690	1	INSTRUCTIONSCROLL	439
1168617570706	1	INSTRUCTIONSCROLL	442
1168617570723	1	INSTRUCTIONSCROLL	445
1168617570740	1	INSTRUCTIONSCROLL	449
1168617570756	1	INSTRUCTIONSCROLL	452
1168617570773	1	INSTRUCTIONSCROLL	455
1168617570790	1	INSTRUCTIONSCROLL	459
1168617570806	1	INSTRUCTIONSCROLL	462
1168617570823	1	INSTRUCTIONSCROLL	465
1168617570840	1	INSTRUCTIONSCROLL	469
1168617570856	1	INSTRUCTIONSCROLL	472
1168617570873	1	INSTRUCTIONSCROLL	475
1168617570890	1	INSTRUCTIONSCROLL	479
1168617570906	1	INSTRUCTIONSCROLL	482
1168617570923	1	INSTRUCTIONSCROLL	485
1168617570940	1	INSTRUCTIONSCROLL	489
1168617570956	1	INSTRUCTIONSCROLL	492
1168617570973	1	INSTRUCTIONSCROLL	495
1168617570990	1	INSTRUCTIONSCROLL	499
1168617571007	1	INSTRUCTIONSCROLL	502
1168617571024	1	INSTRUCTIONSCROLL	506
1168617571041	1	INSTRUCTIONSCROLL	509
1168617571057	1	INSTRUCTIONSCROLL	512
1168617571074	1	INSTRUCTIONSCROLL	516
1168617571091	1	INSTRUCTIONSCROLL	519
1168617571107	1	INSTRUCTIONSCROLL	522
1168617571124	1	INSTRUCTIONSCROLL	526
1168617571141	1	INSTRUCTIONSCROLL	529
1168617571157	1	INSTRUCTIONSCROLL	532
1168617571174	1	INSTRUCTIONSCROLL	536
1168617571191	1	INSTRUCTIONSCROLL	539
1168617571207	1	INSTRUCTIONSCROLL	542
1168617571224	1	INSTRUCTIONSCROLL	546
1168617571241	1	INSTRUCTIONSCROLL	549
1168617571256	1	INSTRUCTIONSCROLL	552
1168617571273	1	INSTRUCTIONSCROLL	555
1168617571290	1	INSTRUCTIONSCROLL	559
1168617571306	1	INSTRUCTIONSCROLL	562
1168617571323	1	INSTRUCTIONSCROLL	565
1168617571340	1	INSTRUCTIONSCROLL	569
1168617571356	1	INSTRUCTIONSCROLL	572
1168617571373	1	INSTRUCTIONSCROLL	575
1168617571389	1	INSTRUCTIONSCROLL	579
1168617571406	1	INSTRUCTIONSCROLL	582
1168617571423	1	INSTRUCTIONSCROLL	585
1168617571439	1	INSTRUCTIONSCROLL	589
1168617571456	1	INSTRUCTIONSCROLL	592
1168617571473	1	INSTRUCTIONSCROLL	595
1168617571489	1	INSTRUCTIONSCROLL	599
1168617571506	1	INSTRUCTIONSCROLL	602
1168617571523	1	INSTRUCTIONSCROLL	605
1168617571539	1	INSTRUCTIONSCROLL	609
1168617571556	1	INSTRUCTIONSCROLL	612
1168617571573	1	INSTRUCTIONSCROLL	615
1168617571589	1	INSTRUCTIONSCROLL	619
1168617571606	1	INSTRUCTIONSCROLL	622
1168617571623	1	INSTRUCTIONSCROLL	625
1168617571639	1	INSTRUCTIONSCROLL	629
1168617571656	1	INSTRUCTIONSCROLL	632
1168617571673	1	INSTRUCTIONSCROLL	635
1168617571689	1	INSTRUCTIONSCROLL	639
1168617571706	1	INSTRUCTIONSCROLL	642
1168617571723	1	INSTRUCTIONSCROLL	645
1168617571739	1	INSTRUCTIONSCROLL	649
1168617571756	1	INSTRUCTIONSCROLL	652
1168617571773	1	INSTRUCTIONSCROLL	655
1168617571789	1	INSTRUCTIONSCROLL	659
1168617571806	1	INSTRUCTIONSCROLL	662
1168617571823	1	INSTRUCTIONSCROLL	665
1168617571839	1	INSTRUCTIONSCROLL	669
1168617571856	1	INSTRUCTIONSCROLL	672
1168617571873	1	INSTRUCTIONSCROLL	675
1168617571889	1	INSTRUCTIONSCROLL	679
1168617571906	1	INSTRUCTIONSCROLL	682
1168617571923	1	INSTRUCTIONSCROLL	685
1168617571939	1	INSTRUCTIONSCROLL	689
1168617571956	1	INSTRUCTIONSCROLL	692
1168617571973	1	INSTRUCTIONSCROLL	695
1168617571989	1	INSTRUCTIONSCROLL	699
1168617572007	1	INSTRUCTIONSCROLL	702
1168617572024	1	INSTRUCTIONSCROLL	705
1168617572040	1	INSTRUCTIONSCROLL	709
1168617572057	1	INSTRUCTIONSCROLL	712
1168617572074	1	INSTRUCTIONSCROLL	716
1168617572090	1	INSTRUCTIONSCROLL	719
1168617572107	1	INSTRUCTIONSCROLL	722
1168617572124	1	INSTRUCTIONSCROLL	726
1168617572140	1	INSTRUCTIONSCROLL	729
1168617572157	1	INSTRUCTIONSCROLL	732
1168617572174	1	INSTRUCTIONSCROLL	735
1168617572190	1	INSTRUCTIONSCROLL	739
1168617572207	1	INSTRUCTIONSCROLL	742
1168617572224	1	INSTRUCTIONSCROLL	746
1168617572240	1	INSTRUCTIONSCROLL	749
1168617572256	1	INSTRUCTIONSCROLL	752
1168617572273	1	INSTRUCTIONSCROLL	755
1168617572289	1	INSTRUCTIONSCROLL	759
1168617572306	1	INSTRUCTIONSCROLL	762
1168617572323	1	INSTRUCTIONSCROLL	765
1168617572339	1	INSTRUCTIONSCROLL	769
1168617572356	1	INSTRUCTIONSCROLL	772
1168617572372	1	INSTRUCTIONSCROLL	775
1168617572389	1	INSTRUCTIONSCROLL	779
1168617572406	1	INSTRUCTIONSCROLL	782
1168617572422	1	INSTRUCTIONSCROLL	785
1168617572439	1	INSTRUCTIONSCROLL	789
1168617572456	1	INSTRUCTIONSCROLL	792
1168617572472	1	INSTRUCTIONSCROLL	795
1168617572489	1	INSTRUCTIONSCROLL	799
1168617572506	1	INSTRUCTIONSCROLL	802
1168617572522	1	INSTRUCTIONSCROLL	805
1168617572539	1	INSTRUCTIONSCROLL	809
1168617572556	1	INSTRUCTIONSCROLL	812
1168617572572	1	INSTRUCTIONSCROLL	815
1168617572589	1	INSTRUCTIONSCROLL	819
1168617572606	1	INSTRUCTIONSCROLL	822
1168617572622	1	INSTRUCTIONSCROLL	825
1168617572639	1	INSTRUCTIONSCROLL	829
1168617572656	1	INSTRUCTIONSCROLL	832
1168617572672	1	INSTRUCTIONSCROLL	835
1168617572689	1	INSTRUCTIONSCROLL	839
1168617572706	1	INSTRUCTIONSCROLL	842
1168617572722	1	INSTRUCTIONSCROLL	845
1168617572739	1	INSTRUCTIONSCROLL	849
1168617572756	1	INSTRUCTIONSCROLL	852
1168617572772	1	INSTRUCTIONSCROLL	855
1168617572789	1	INSTRUCTIONSCROLL	859
1168617572806	1	INSTRUCTIONSCROLL	862
1168617572822	1	INSTRUCTIONSCROLL	865
1168617572839	1	INSTRUCTIONSCROLL	869
1168617572856	1	INSTRUCTIONSCROLL	872
1168617572872	1	INSTRUCTIONSCROLL	875
1168617572889	1	INSTRUCTIONSCROLL	879
1168617572906	1	INSTRUCTIONSCROLL	882
1168617572922	1	INSTRUCTIONSCROLL	885
1168617572939	1	INSTRUCTIONSCROLL	889
1168617572956	1	INSTRUCTIONSCROLL	892
1168617572972	1	INSTRUCTIONSCROLL	895
1168617572989	1	INSTRUCTIONSCROLL	899
1168617573007	1	INSTRUCTIONSCROLL	902
1168617573023	1	INSTRUCTIONSCROLL	905
1168617573040	1	INSTRUCTIONSCROLL	909
1168617573057	1	INSTRUCTIONSCROLL	912
1168617573073	1	INSTRUCTIONSCROLL	915
1168617573090	1	INSTRUCTIONSCROLL	919
1168617573107	1	INSTRUCTIONSCROLL	922
1168617573123	1	INSTRUCTIONSCROLL	925
1168617573140	1	INSTRUCTIONSCROLL	929
1168617573157	1	INSTRUCTIONSCROLL	932
1168617573173	1	INSTRUCTIONSCROLL	935
1168617573190	1	INSTRUCTIONSCROLL	939
1168617573207	1	INSTRUCTIONSCROLL	942
1168617573223	1	INSTRUCTIONSCROLL	945
1168617573240	1	INSTRUCTIONSCROLL	949
1168617573256	1	INSTRUCTIONSCROLL	952
1168617573272	1	INSTRUCTIONSCROLL	955
1168617573289	1	INSTRUCTIONSCROLL	959
1168617573306	1	INSTRUCTIONSCROLL	962
1168617573322	1	INSTRUCTIONSCROLL	965
1168617573339	1	INSTRUCTIONSCROLL	969
1168617573356	1	INSTRUCTIONSCROLL	972
1168617573372	1	INSTRUCTIONSCROLL	975
1168617573389	1	INSTRUCTIONSCROLL	979
1168617573406	1	INSTRUCTIONSCROLL	982
1168617573422	1	INSTRUCTIONSCROLL	985
1168617573439	1	INSTRUCTIONSCROLL	989
1168617573455	1	INSTRUCTIONSCROLL	992
1168617573472	1	INSTRUCTIONSCROLL	995
1168617573489	1	INSTRUCTIONSCROLL	999
1168617573505	1	INSTRUCTIONSCROLL	1002
1168617573522	1	INSTRUCTIONSCROLL	1005
1168617573539	1	INSTRUCTIONSCROLL	1009
1168617573555	1	INSTRUCTIONSCROLL	1012
1168617573572	1	INSTRUCTIONSCROLL	1015
1168617573589	1	INSTRUCTIONSCROLL	1019
1168617573605	1	INSTRUCTIONSCROLL	1022
1168617573622	1	INSTRUCTIONSCROLL	1025
1168617573639	1	INSTRUCTIONSCROLL	1028
1168617573655	1	INSTRUCTIONSCROLL	1032
1168617573672	1	INSTRUCTIONSCROLL	1035
1168617573689	1	INSTRUCTIONSCROLL	1039
1168617573705	1	INSTRUCTIONSCROLL	1042
1168617573722	1	INSTRUCTIONSCROLL	1045
1168617573739	1	INSTRUCTIONSCROLL	1048
1168617573755	1	INSTRUCTIONSCROLL	1052
1168617573772	1	INSTRUCTIONSCROLL	1055
1168617573789	1	INSTRUCTIONSCROLL	1058
1168617573805	1	INSTRUCTIONSCROLL	1062
1168617573822	1	INSTRUCTIONSCROLL	1065
1168617573839	1	INSTRUCTIONSCROLL	1069
1168617573855	1	INSTRUCTIONSCROLL	1072
1168617573872	1	INSTRUCTIONSCROLL	1075
1168617573889	1	INSTRUCTIONSCROLL	1078
1168617573905	1	INSTRUCTIONSCROLL	1082
1168617573922	1	INSTRUCTIONSCROLL	1085
1168617573939	1	INSTRUCTIONSCROLL	1089
1168617573955	1	INSTRUCTIONSCROLL	1092
1168617573972	1	INSTRUCTIONSCROLL	1095
1168617573989	1	INSTRUCTIONSCROLL	1099
1168617574006	1	INSTRUCTIONSCROLL	1102
1168617574023	1	INSTRUCTIONSCROLL	1106
1168617574040	1	INSTRUCTIONSCROLL	1109
1168617574056	1	INSTRUCTIONSCROLL	1112
1168617574073	1	INSTRUCTIONSCROLL	1116
1168617574090	1	INSTRUCTIONSCROLL	1119
1168617574106	1	INSTRUCTIONSCROLL	1122
1168617574123	1	INSTRUCTIONSCROLL	1126
1168617574140	1	INSTRUCTIONSCROLL	1129
1168617574156	1	INSTRUCTIONSCROLL	1132
1168617574173	1	INSTRUCTIONSCROLL	1136
1168617574190	1	INSTRUCTIONSCROLL	1139
1168617574206	1	INSTRUCTIONSCROLL	1142
1168617574223	1	INSTRUCTIONSCROLL	1146
1168617574240	1	INSTRUCTIONSCROLL	1149
1168617574255	1	INSTRUCTIONSCROLL	1152
1168617574272	1	INSTRUCTIONSCROLL	1155
1168617574289	1	INSTRUCTIONSCROLL	1159
1168617574305	1	INSTRUCTIONSCROLL	1162
1168617574322	1	INSTRUCTIONSCROLL	1165
1168617574339	1	INSTRUCTIONSCROLL	1169
1168617574355	1	INSTRUCTIONSCROLL	1172
1168617574372	1	INSTRUCTIONSCROLL	1175
1168617574389	1	INSTRUCTIONSCROLL	1179
1168617574405	1	INSTRUCTIONSCROLL	1182
1168617574422	1	INSTRUCTIONSCROLL	1185
1168617574438	1	INSTRUCTIONSCROLL	1189
1168617574455	1	INSTRUCTIONSCROLL	1192
1168617574472	1	INSTRUCTIONSCROLL	1195
1168617574489	1	INSTRUCTIONSCROLL	1199
1168617574505	1	INSTRUCTIONSCROLL	1202
1168617574522	1	INSTRUCTIONSCROLL	1205
1168617574538	1	INSTRUCTIONSCROLL	1209
1168617574555	1	INSTRUCTIONSCROLL	1212
1168617574572	1	INSTRUCTIONSCROLL	1215
1168617574588	1	INSTRUCTIONSCROLL	1219
1168617574605	1	INSTRUCTIONSCROLL	1222
1168617574622	1	INSTRUCTIONSCROLL	1225
1168617574638	1	INSTRUCTIONSCROLL	1229
1168617574655	1	INSTRUCTIONSCROLL	1232
1168617574672	1	INSTRUCTIONSCROLL	1235
1168617574688	1	INSTRUCTIONSCROLL	1239
1168617574705	1	INSTRUCTIONSCROLL	1242
1168617574722	1	INSTRUCTIONSCROLL	1245
1168617574738	1	INSTRUCTIONSCROLL	1249
1168617574755	1	INSTRUCTIONSCROLL	1252
1168617574772	1	INSTRUCTIONSCROLL	1255
1168617574788	1	INSTRUCTIONSCROLL	1259
1168617574805	1	INSTRUCTIONSCROLL	1262
1168617574822	1	INSTRUCTIONSCROLL	1265
1168617574838	1	INSTRUCTIONSCROLL	1269
1168617574855	1	INSTRUCTIONSCROLL	1272
1168617574872	1	INSTRUCTIONSCROLL	1275
1168617574888	1	INSTRUCTIONSCROLL	1279
1168617574905	1	INSTRUCTIONSCROLL	1282
1168617574922	1	INSTRUCTIONSCROLL	1285
1168617574938	1	INSTRUCTIONSCROLL	1289
1168617574955	1	INSTRUCTIONSCROLL	1292
1168617574972	1	INSTRUCTIONSCROLL	1295
1168617574988	1	INSTRUCTIONSCROLL	1299
1168617575006	1	INSTRUCTIONSCROLL	1302
1168617575023	1	INSTRUCTIONSCROLL	1305
1168617575039	1	INSTRUCTIONSCROLL	1309
1168617575056	1	INSTRUCTIONSCROLL	1312
1168617575073	1	INSTRUCTIONSCROLL	1316
1168617575089	1	INSTRUCTIONSCROLL	1319
1168617575106	1	INSTRUCTIONSCROLL	1322
1168617575123	1	INSTRUCTIONSCROLL	1325
1168617575139	1	INSTRUCTIONSCROLL	1329
1168617575156	1	INSTRUCTIONSCROLL	1332
1168617575173	1	INSTRUCTIONSCROLL	1335
1168617575189	1	INSTRUCTIONSCROLL	1339
1168617575206	1	INSTRUCTIONSCROLL	1342
1168617575223	1	INSTRUCTIONSCROLL	1346
1168617575239	1	INSTRUCTIONSCROLL	1349
1168617575255	1	INSTRUCTIONSCROLL	1352
1168617575272	1	INSTRUCTIONSCROLL	1355
1168617575288	1	INSTRUCTIONSCROLL	1359
1168617575305	1	INSTRUCTIONSCROLL	1362
1168617575322	1	INSTRUCTIONSCROLL	1365
1168617575338	1	INSTRUCTIONSCROLL	1369
1168617575355	1	INSTRUCTIONSCROLL	1372
1168617575372	1	INSTRUCTIONSCROLL	1375
1168617575388	1	INSTRUCTIONSCROLL	1379
1168617575405	1	INSTRUCTIONSCROLL	1382
1168617575421	1	INSTRUCTIONSCROLL	1385
1168617575438	1	INSTRUCTIONSCROLL	1389
1168617575455	1	INSTRUCTIONSCROLL	1392
1168617575472	1	INSTRUCTIONSCROLL	1395
1168617575488	1	INSTRUCTIONSCROLL	1399
1168617575505	1	INSTRUCTIONSCROLL	1402
1168617575521	1	INSTRUCTIONSCROLL	1405
1168617575538	1	INSTRUCTIONSCROLL	1409
1168617575555	1	INSTRUCTIONSCROLL	1412
1168617575571	1	INSTRUCTIONSCROLL	1415
1168617575588	1	INSTRUCTIONSCROLL	1419
1168617575605	1	INSTRUCTIONSCROLL	1422
1168617575621	1	INSTRUCTIONSCROLL	1425
1168617575638	1	INSTRUCTIONSCROLL	1429
1168617575655	1	INSTRUCTIONSCROLL	1432
1168617575671	1	INSTRUCTIONSCROLL	1435
1168617575688	1	INSTRUCTIONSCROLL	1439
1168617575705	1	INSTRUCTIONSCROLL	1442
1168617575721	1	INSTRUCTIONSCROLL	1445
1168617575738	1	INSTRUCTIONSCROLL	1449
1168617575755	1	INSTRUCTIONSCROLL	1452
1168617575771	1	INSTRUCTIONSCROLL	1458
1168617575788	1	INSTRUCTIONSCROLL	1459
1168617575805	1	INSTRUCTIONSCROLL	1462
1168617575821	1	INSTRUCTIONSCROLL	1465
1168617575838	1	INSTRUCTIONSCROLL	1469
1168617575855	1	INSTRUCTIONSCROLL	1472
1168617575871	1	INSTRUCTIONSCROLL	1475
1168617575888	1	INSTRUCTIONSCROLL	1479
1168617575905	1	INSTRUCTIONSCROLL	1482
1168617575921	1	INSTRUCTIONSCROLL	1485
1168617575938	1	INSTRUCTIONSCROLL	1489
1168617575955	1	INSTRUCTIONSCROLL	1492
1168617575971	1	INSTRUCTIONSCROLL	1495
1168617575988	1	INSTRUCTIONSCROLL	1499
1168617576006	1	INSTRUCTIONSCROLL	1502
1168617576022	1	INSTRUCTIONSCROLL	1505
1168617576039	1	INSTRUCTIONSCROLL	1509
1168617576056	1	INSTRUCTIONSCROLL	1512
1168617576072	1	INSTRUCTIONSCROLL	1515
1168617576089	1	INSTRUCTIONSCROLL	1519
1168617576106	1	INSTRUCTIONSCROLL	1522
1168617576122	1	INSTRUCTIONSCROLL	1525
1168617576139	1	INSTRUCTIONSCROLL	1529
1168617576156	1	INSTRUCTIONSCROLL	1532
1168617576172	1	INSTRUCTIONSCROLL	1535
1168617576189	1	INSTRUCTIONSCROLL	1539
1168617576206	1	INSTRUCTIONSCROLL	1542
1168617576222	1	INSTRUCTIONSCROLL	1545
1168617576239	1	INSTRUCTIONSCROLL	1549
1168617576255	1	INSTRUCTIONSCROLL	1552
1168617576271	1	INSTRUCTIONSCROLL	1555
1168617576288	1	INSTRUCTIONSCROLL	1559
1168617576305	1	INSTRUCTIONSCROLL	1562
1168617576321	1	INSTRUCTIONSCROLL	1565
1168617576338	1	INSTRUCTIONSCROLL	1569
1168617576355	1	INSTRUCTIONSCROLL	1572
1168617576371	1	INSTRUCTIONSCROLL	1575
1168617576388	1	INSTRUCTIONSCROLL	1579
1168617576405	1	INSTRUCTIONSCROLL	1582
1168617576421	1	INSTRUCTIONSCROLL	1585
1168617576438	1	INSTRUCTIONSCROLL	1588
1168617576454	1	INSTRUCTIONSCROLL	1592
1168617576471	1	INSTRUCTIONSCROLL	1595
1168617576488	1	INSTRUCTIONSCROLL	1599
1168617576505	1	INSTRUCTIONSCROLL	1602
1168617576521	1	INSTRUCTIONSCROLL	1605
1168617576538	1	INSTRUCTIONSCROLL	1609
1168617576554	1	INSTRUCTIONSCROLL	1612
1168617576571	1	INSTRUCTIONSCROLL	1615
1168617576588	1	INSTRUCTIONSCROLL	1618
1168617576604	1	INSTRUCTIONSCROLL	1622
1168617576621	1	INSTRUCTIONSCROLL	1625
1168617576638	1	INSTRUCTIONSCROLL	1629
1168617576654	1	INSTRUCTIONSCROLL	1632
1168617576671	1	INSTRUCTIONSCROLL	1635
1168617576688	1	INSTRUCTIONSCROLL	1639
1168617576704	1	INSTRUCTIONSCROLL	1642
1168617576721	1	INSTRUCTIONSCROLL	1645
1168617576738	1	INSTRUCTIONSCROLL	1648
1168617576754	1	INSTRUCTIONSCROLL	1652
1168617576771	1	INSTRUCTIONSCROLL	1655
1168617576788	1	INSTRUCTIONSCROLL	1659
1168617576921	1	INSTRUCTIONSCROLL	1658
1168617576938	1	INSTRUCTIONSCROLL	1656
1168617576954	1	INSTRUCTIONSCROLL	1652
1168617576971	1	INSTRUCTIONSCROLL	1649
1168617576988	1	INSTRUCTIONSCROLL	1646
1168617577005	1	INSTRUCTIONSCROLL	1642
1168617577022	1	INSTRUCTIONSCROLL	1639
1168617577039	1	INSTRUCTIONSCROLL	1636
1168617577055	1	INSTRUCTIONSCROLL	1632
1168617577072	1	INSTRUCTIONSCROLL	1629
1168617577089	1	INSTRUCTIONSCROLL	1626
1168617577105	1	INSTRUCTIONSCROLL	1622
1168617577122	1	INSTRUCTIONSCROLL	1619
1168617577139	1	INSTRUCTIONSCROLL	1616
1168617577155	1	INSTRUCTIONSCROLL	1612
1168617577172	1	INSTRUCTIONSCROLL	1609
1168617577189	1	INSTRUCTIONSCROLL	1606
1168617577205	1	INSTRUCTIONSCROLL	1602
1168617577222	1	INSTRUCTIONSCROLL	1599
1168617577239	1	INSTRUCTIONSCROLL	1596
1168617577255	1	INSTRUCTIONSCROLL	1592
1168617577271	1	INSTRUCTIONSCROLL	1589
1168617577288	1	INSTRUCTIONSCROLL	1586
1168617577304	1	INSTRUCTIONSCROLL	1582
1168617577321	1	INSTRUCTIONSCROLL	1579
1168617577338	1	INSTRUCTIONSCROLL	1576
1168617577354	1	INSTRUCTIONSCROLL	1572
1168617577371	1	INSTRUCTIONSCROLL	1569
1168617577388	1	INSTRUCTIONSCROLL	1566
1168617577404	1	INSTRUCTIONSCROLL	1562
1168617577421	1	INSTRUCTIONSCROLL	1559
1168617577438	1	INSTRUCTIONSCROLL	1556
1168617577454	1	INSTRUCTIONSCROLL	1552
1168617577471	1	INSTRUCTIONSCROLL	1549
1168617577488	1	INSTRUCTIONSCROLL	1546
1168617577504	1	INSTRUCTIONSCROLL	1542
1168617577521	1	INSTRUCTIONSCROLL	1539
1168617577537	1	INSTRUCTIONSCROLL	1536
1168617577554	1	INSTRUCTIONSCROLL	1532
1168617577571	1	INSTRUCTIONSCROLL	1529
1168617577587	1	INSTRUCTIONSCROLL	1526
1168617577604	1	INSTRUCTIONSCROLL	1522
1168617577621	1	INSTRUCTIONSCROLL	1519
1168617577637	1	INSTRUCTIONSCROLL	1516
1168617577654	1	INSTRUCTIONSCROLL	1512
1168617577671	1	INSTRUCTIONSCROLL	1509
1168617577687	1	INSTRUCTIONSCROLL	1506
1168617577704	1	INSTRUCTIONSCROLL	1502
1168617577721	1	INSTRUCTIONSCROLL	1499
1168617577737	1	INSTRUCTIONSCROLL	1496
1168617577754	1	INSTRUCTIONSCROLL	1492
1168617577771	1	INSTRUCTIONSCROLL	1489
1168617577787	1	INSTRUCTIONSCROLL	1486
1168617577804	1	INSTRUCTIONSCROLL	1482
1168617577821	1	INSTRUCTIONSCROLL	1479
1168617577837	1	INSTRUCTIONSCROLL	1476
1168617577854	1	INSTRUCTIONSCROLL	1472
1168617577871	1	INSTRUCTIONSCROLL	1469
1168617577887	1	INSTRUCTIONSCROLL	1466
1168617577904	1	INSTRUCTIONSCROLL	1462
1168617577921	1	INSTRUCTIONSCROLL	1459
1168617577937	1	INSTRUCTIONSCROLL	1456
1168617577954	1	INSTRUCTIONSCROLL	1452
1168617577971	1	INSTRUCTIONSCROLL	1449
1168617577987	1	INSTRUCTIONSCROLL	1446
1168617578005	1	INSTRUCTIONSCROLL	1442
1168617578022	1	INSTRUCTIONSCROLL	1439
1168617578038	1	INSTRUCTIONSCROLL	1436
1168617578055	1	INSTRUCTIONSCROLL	1432
1168617578072	1	INSTRUCTIONSCROLL	1429
1168617578088	1	INSTRUCTIONSCROLL	1426
1168617578105	1	INSTRUCTIONSCROLL	1422
1168617578122	1	INSTRUCTIONSCROLL	1419
1168617578138	1	INSTRUCTIONSCROLL	1416
1168617578155	1	INSTRUCTIONSCROLL	1412
1168617578172	1	INSTRUCTIONSCROLL	1409
1168617578188	1	INSTRUCTIONSCROLL	1406
1168617578205	1	INSTRUCTIONSCROLL	1402
1168617578222	1	INSTRUCTIONSCROLL	1399
1168617578238	1	INSTRUCTIONSCROLL	1396
1168617578255	1	INSTRUCTIONSCROLL	1392
1168617578271	1	INSTRUCTIONSCROLL	1389
1168617578287	1	INSTRUCTIONSCROLL	1386
1168617578304	1	INSTRUCTIONSCROLL	1382
1168617578321	1	INSTRUCTIONSCROLL	1379
1168617578337	1	INSTRUCTIONSCROLL	1376
1168617578354	1	INSTRUCTIONSCROLL	1372
1168617578371	1	INSTRUCTIONSCROLL	1369
1168617578387	1	INSTRUCTIONSCROLL	1366
1168617578404	1	INSTRUCTIONSCROLL	1362
1168617578421	1	INSTRUCTIONSCROLL	1359
1168617578437	1	INSTRUCTIONSCROLL	1356
1168617578454	1	INSTRUCTIONSCROLL	1352
1168617578471	1	INSTRUCTIONSCROLL	1349
1168617578487	1	INSTRUCTIONSCROLL	1346
1168617578504	1	INSTRUCTIONSCROLL	1342
1168617578520	1	INSTRUCTIONSCROLL	1339
1168617578537	1	INSTRUCTIONSCROLL	1336
1168617578554	1	INSTRUCTIONSCROLL	1332
1168617578570	1	INSTRUCTIONSCROLL	1329
1168617578587	1	INSTRUCTIONSCROLL	1326
1168617578604	1	INSTRUCTIONSCROLL	1322
1168617578620	1	INSTRUCTIONSCROLL	1319
1168617578637	1	INSTRUCTIONSCROLL	1316
1168617578654	1	INSTRUCTIONSCROLL	1312
1168617578670	1	INSTRUCTIONSCROLL	1309
1168617578687	1	INSTRUCTIONSCROLL	1306
1168617578704	1	INSTRUCTIONSCROLL	1303
1168617578720	1	INSTRUCTIONSCROLL	1299
1168617578737	1	INSTRUCTIONSCROLL	1296
1168617578754	1	INSTRUCTIONSCROLL	1292
1168617578770	1	INSTRUCTIONSCROLL	1289
1168617578787	1	INSTRUCTIONSCROLL	1286
1168617578804	1	INSTRUCTIONSCROLL	1282
1168617578820	1	INSTRUCTIONSCROLL	1279
1168617578837	1	INSTRUCTIONSCROLL	1276
1168617578854	1	INSTRUCTIONSCROLL	1273
1168617578870	1	INSTRUCTIONSCROLL	1269
1168617578887	1	INSTRUCTIONSCROLL	1266
1168617578904	1	INSTRUCTIONSCROLL	1262
1168617578920	1	INSTRUCTIONSCROLL	1259
1168617578937	1	INSTRUCTIONSCROLL	1256
1168617578954	1	INSTRUCTIONSCROLL	1252
1168617578970	1	INSTRUCTIONSCROLL	1249
1168617578987	1	INSTRUCTIONSCROLL	1246
1168617579005	1	INSTRUCTIONSCROLL	1243
1168617579021	1	INSTRUCTIONSCROLL	1239
1168617579038	1	INSTRUCTIONSCROLL	1236
1168617579055	1	INSTRUCTIONSCROLL	1232
1168617579071	1	INSTRUCTIONSCROLL	1229
1168617579088	1	INSTRUCTIONSCROLL	1226
1168617579105	1	INSTRUCTIONSCROLL	1222
1168617579121	1	INSTRUCTIONSCROLL	1219
1168617579138	1	INSTRUCTIONSCROLL	1216
1168617579155	1	INSTRUCTIONSCROLL	1212
1168617579171	1	INSTRUCTIONSCROLL	1209
1168617579188	1	INSTRUCTIONSCROLL	1206
1168617579205	1	INSTRUCTIONSCROLL	1202
1168617579221	1	INSTRUCTIONSCROLL	1199
1168617579238	1	INSTRUCTIONSCROLL	1196
1168617579255	1	INSTRUCTIONSCROLL	1192
1168617579270	1	INSTRUCTIONSCROLL	1189
1168617579287	1	INSTRUCTIONSCROLL	1186
1168617579304	1	INSTRUCTIONSCROLL	1183
1168617579320	1	INSTRUCTIONSCROLL	1179
1168617579337	1	INSTRUCTIONSCROLL	1176
1168617579354	1	INSTRUCTIONSCROLL	1172
1168617579370	1	INSTRUCTIONSCROLL	1169
1168617579387	1	INSTRUCTIONSCROLL	1166
1168617579404	1	INSTRUCTIONSCROLL	1162
1168617579420	1	INSTRUCTIONSCROLL	1159
1168617579437	1	INSTRUCTIONSCROLL	1156
1168617579454	1	INSTRUCTIONSCROLL	1153
1168617579470	1	INSTRUCTIONSCROLL	1149
1168617579487	1	INSTRUCTIONSCROLL	1146
1168617579504	1	INSTRUCTIONSCROLL	1142
1168617579521	1	INSTRUCTIONSCROLL	1139
1168617579537	1	INSTRUCTIONSCROLL	1136
1168617579554	1	INSTRUCTIONSCROLL	1132
1168617579570	1	INSTRUCTIONSCROLL	1129
1168617579587	1	INSTRUCTIONSCROLL	1126
1168617579603	1	INSTRUCTIONSCROLL	1123
1168617579620	1	INSTRUCTIONSCROLL	1119
1168617579637	1	INSTRUCTIONSCROLL	1116
1168617579653	1	INSTRUCTIONSCROLL	1112
1168617579670	1	INSTRUCTIONSCROLL	1109
1168617579687	1	INSTRUCTIONSCROLL	1106
1168617579703	1	INSTRUCTIONSCROLL	1102
1168617579720	1	INSTRUCTIONSCROLL	1099
1168617579737	1	INSTRUCTIONSCROLL	1096
1168617579753	1	INSTRUCTIONSCROLL	1093
1168617579770	1	INSTRUCTIONSCROLL	1089
1168617579787	1	INSTRUCTIONSCROLL	1086
1168617579803	1	INSTRUCTIONSCROLL	1082
1168617579820	1	INSTRUCTIONSCROLL	1079
1168617579837	1	INSTRUCTIONSCROLL	1076
1168617579853	1	INSTRUCTIONSCROLL	1072
1168617579870	1	INSTRUCTIONSCROLL	1069
1168617579887	1	INSTRUCTIONSCROLL	1066
1168617579903	1	INSTRUCTIONSCROLL	1062
1168617579920	1	INSTRUCTIONSCROLL	1059
1168617579937	1	INSTRUCTIONSCROLL	1056
1168617579953	1	INSTRUCTIONSCROLL	1052
1168617579970	1	INSTRUCTIONSCROLL	1049
1168617579987	1	INSTRUCTIONSCROLL	1046
1168617580004	1	INSTRUCTIONSCROLL	1042
1168617580021	1	INSTRUCTIONSCROLL	1039
1168617580038	1	INSTRUCTIONSCROLL	1035
1168617580054	1	INSTRUCTIONSCROLL	1032
1168617580071	1	INSTRUCTIONSCROLL	1029
1168617580088	1	INSTRUCTIONSCROLL	1025
1168617580104	1	INSTRUCTIONSCROLL	1022
1168617580121	1	INSTRUCTIONSCROLL	1019
1168617580138	1	INSTRUCTIONSCROLL	1015
1168617580154	1	INSTRUCTIONSCROLL	1012
1168617580171	1	INSTRUCTIONSCROLL	1009
1168617580188	1	INSTRUCTIONSCROLL	1005
1168617580204	1	INSTRUCTIONSCROLL	1002
1168617580221	1	INSTRUCTIONSCROLL	999
1168617580238	1	INSTRUCTIONSCROLL	996
1168617580254	1	INSTRUCTIONSCROLL	992
1168617580270	1	INSTRUCTIONSCROLL	989
1168617580287	1	INSTRUCTIONSCROLL	986
1168617580303	1	INSTRUCTIONSCROLL	982
1168617580320	1	INSTRUCTIONSCROLL	979
1168617580337	1	INSTRUCTIONSCROLL	976
1168617580353	1	INSTRUCTIONSCROLL	972
1168617580370	1	INSTRUCTIONSCROLL	969
1168617580387	1	INSTRUCTIONSCROLL	966
1168617580403	1	INSTRUCTIONSCROLL	962
1168617580420	1	INSTRUCTIONSCROLL	959
1168617580437	1	INSTRUCTIONSCROLL	956
1168617580453	1	INSTRUCTIONSCROLL	952
1168617580470	1	INSTRUCTIONSCROLL	949
1168617580487	1	INSTRUCTIONSCROLL	946
1168617580503	1	INSTRUCTIONSCROLL	942
1168617580520	1	INSTRUCTIONSCROLL	939
1168617580537	1	INSTRUCTIONSCROLL	936
1168617580553	1	INSTRUCTIONSCROLL	932
1168617580570	1	INSTRUCTIONSCROLL	929
1168617580587	1	INSTRUCTIONSCROLL	926
1168617580603	1	INSTRUCTIONSCROLL	922
1168617580620	1	INSTRUCTIONSCROLL	919
1168617580636	1	INSTRUCTIONSCROLL	916
1168617580870	1	INSTRUCTIONSCROLL	915
1168617580886	1	INSTRUCTIONSCROLL	913
1168617580903	1	INSTRUCTIONSCROLL	910
1168617580920	1	INSTRUCTIONSCROLL	907
1168617580936	1	INSTRUCTIONSCROLL	903
1168617580953	1	INSTRUCTIONSCROLL	900
1168617580970	1	INSTRUCTIONSCROLL	897
1168617580986	1	INSTRUCTIONSCROLL	893
1168617581004	1	INSTRUCTIONSCROLL	890
1168617581021	1	INSTRUCTIONSCROLL	887
1168617581037	1	INSTRUCTIONSCROLL	883
1168617581054	1	INSTRUCTIONSCROLL	880
1168617581071	1	INSTRUCTIONSCROLL	877
1168617581087	1	INSTRUCTIONSCROLL	873
1168617581104	1	INSTRUCTIONSCROLL	870
1168617581121	1	INSTRUCTIONSCROLL	866
1168617581137	1	INSTRUCTIONSCROLL	863
1168617582603	1	INSTRUCTIONSCROLL	862
1168617582619	1	INSTRUCTIONSCROLL	860
1168617582636	1	INSTRUCTIONSCROLL	857
1168617582653	1	INSTRUCTIONSCROLL	853
1168617582669	1	INSTRUCTIONSCROLL	850
1168617582686	1	INSTRUCTIONSCROLL	847
1168617582702	1	INSTRUCTIONSCROLL	843
1168617582719	1	INSTRUCTIONSCROLL	840
1168617582736	1	INSTRUCTIONSCROLL	837
1168617582752	1	INSTRUCTIONSCROLL	833
1168617582769	1	INSTRUCTIONSCROLL	830
1168617582786	1	INSTRUCTIONSCROLL	827
1168617582802	1	INSTRUCTIONSCROLL	823
1168617582819	1	INSTRUCTIONSCROLL	820
1168617582836	1	INSTRUCTIONSCROLL	817
1168617582852	1	INSTRUCTIONSCROLL	813
1168617582869	1	INSTRUCTIONSCROLL	810
1168617582886	1	INSTRUCTIONSCROLL	807
1168617582902	1	INSTRUCTIONSCROLL	803
1168617582919	1	INSTRUCTIONSCROLL	800
1168617582936	1	INSTRUCTIONSCROLL	797
1168617582952	1	INSTRUCTIONSCROLL	793
1168617582969	1	INSTRUCTIONSCROLL	790
1168617582986	1	INSTRUCTIONSCROLL	787
1168617583003	1	INSTRUCTIONSCROLL	783
1168617583020	1	INSTRUCTIONSCROLL	780
1168617583037	1	INSTRUCTIONSCROLL	777
1168617583053	1	INSTRUCTIONSCROLL	773
1168617583070	1	INSTRUCTIONSCROLL	770
1168617583087	1	INSTRUCTIONSCROLL	767
1168617583103	1	INSTRUCTIONSCROLL	763
1168617583120	1	INSTRUCTIONSCROLL	760
1168617583137	1	INSTRUCTIONSCROLL	756
1168617583153	1	INSTRUCTIONSCROLL	753
1168617583170	1	INSTRUCTIONSCROLL	750
1168617583187	1	INSTRUCTIONSCROLL	746
1168617583203	1	INSTRUCTIONSCROLL	743
1168617583220	1	INSTRUCTIONSCROLL	740
1168617590700	1	INSTRUCTIONSCROLL	741
1168617590717	1	INSTRUCTIONSCROLL	743
1168617590733	1	INSTRUCTIONSCROLL	747
1168617590750	1	INSTRUCTIONSCROLL	750
1168617590767	1	INSTRUCTIONSCROLL	753
1168617590783	1	INSTRUCTIONSCROLL	757
1168617590800	1	INSTRUCTIONSCROLL	760
1168617590817	1	INSTRUCTIONSCROLL	763
1168617590833	1	INSTRUCTIONSCROLL	767
1168617590850	1	INSTRUCTIONSCROLL	770
1168617590867	1	INSTRUCTIONSCROLL	773
1168617590883	1	INSTRUCTIONSCROLL	777
1168617590900	1	INSTRUCTIONSCROLL	780
1168617590917	1	INSTRUCTIONSCROLL	783
1168617590933	1	INSTRUCTIONSCROLL	787
1168617590950	1	INSTRUCTIONSCROLL	790
1168617590966	1	INSTRUCTIONSCROLL	793
1168617590983	1	INSTRUCTIONSCROLL	797
1168617591000	1	INSTRUCTIONSCROLL	800
1168617591017	1	INSTRUCTIONSCROLL	804
1168617591034	1	INSTRUCTIONSCROLL	807
1168617591051	1	INSTRUCTIONSCROLL	810
1168617591067	1	INSTRUCTIONSCROLL	814
1168617591084	1	INSTRUCTIONSCROLL	817
1168617591101	1	INSTRUCTIONSCROLL	820
1168617591117	1	INSTRUCTIONSCROLL	824
1168617591134	1	INSTRUCTIONSCROLL	827
1168617591151	1	INSTRUCTIONSCROLL	830
1168617591167	1	INSTRUCTIONSCROLL	834
1168617591184	1	INSTRUCTIONSCROLL	837
1168617591201	1	INSTRUCTIONSCROLL	840
1168617591217	1	INSTRUCTIONSCROLL	844
1168617591234	1	INSTRUCTIONSCROLL	847
1168617591251	1	INSTRUCTIONSCROLL	850
1168617591266	1	INSTRUCTIONSCROLL	854
1168617591283	1	INSTRUCTIONSCROLL	857
1168617591300	1	INSTRUCTIONSCROLL	860
1168617591316	1	INSTRUCTIONSCROLL	863
1168617591333	1	INSTRUCTIONSCROLL	867
1168617591350	1	INSTRUCTIONSCROLL	870
1168617591366	1	INSTRUCTIONSCROLL	873
1168617591383	1	INSTRUCTIONSCROLL	877
1168617591400	1	INSTRUCTIONSCROLL	880
1168617591416	1	INSTRUCTIONSCROLL	884
1168617591433	1	INSTRUCTIONSCROLL	887
1168617591450	1	INSTRUCTIONSCROLL	890
1168617591466	1	INSTRUCTIONSCROLL	894
1168617591483	1	INSTRUCTIONSCROLL	897
1168617591500	1	INSTRUCTIONSCROLL	900
1168617591516	1	INSTRUCTIONSCROLL	903
1168617591533	1	INSTRUCTIONSCROLL	907
1168617591550	1	INSTRUCTIONSCROLL	910
1168617591566	1	INSTRUCTIONSCROLL	913
1168617591583	1	INSTRUCTIONSCROLL	917
1168617591600	1	INSTRUCTIONSCROLL	920
1168617591616	1	INSTRUCTIONSCROLL	923
1168617591633	1	INSTRUCTIONSCROLL	927
1168617591650	1	INSTRUCTIONSCROLL	930
1168617591666	1	INSTRUCTIONSCROLL	933
1168617591683	1	INSTRUCTIONSCROLL	937
1168617591700	1	INSTRUCTIONSCROLL	940
1168617591716	1	INSTRUCTIONSCROLL	943
1168617591733	1	INSTRUCTIONSCROLL	947
1168617591750	1	INSTRUCTIONSCROLL	950
1168617591766	1	INSTRUCTIONSCROLL	953
1168617591783	1	INSTRUCTIONSCROLL	957
1168617591800	1	INSTRUCTIONSCROLL	960
1168617591816	1	INSTRUCTIONSCROLL	963
1168617591833	1	INSTRUCTIONSCROLL	967
1168617591850	1	INSTRUCTIONSCROLL	970
1168617591866	1	INSTRUCTIONSCROLL	973
1168617591883	1	INSTRUCTIONSCROLL	977
1168617591900	1	INSTRUCTIONSCROLL	980
1168617591916	1	INSTRUCTIONSCROLL	983
1168617591933	1	INSTRUCTIONSCROLL	987
1168617591949	1	INSTRUCTIONSCROLL	990
1168617591966	1	INSTRUCTIONSCROLL	993
1168617591983	1	INSTRUCTIONSCROLL	997
1168617592000	1	INSTRUCTIONSCROLL	1000
1168617592017	1	INSTRUCTIONSCROLL	1004
1168617592034	1	INSTRUCTIONSCROLL	1007
1168617592050	1	INSTRUCTIONSCROLL	1010
1168617592067	1	INSTRUCTIONSCROLL	1014
1168617592084	1	INSTRUCTIONSCROLL	1017
1168617592100	1	INSTRUCTIONSCROLL	1020
1168617592117	1	INSTRUCTIONSCROLL	1024
1168617592134	1	INSTRUCTIONSCROLL	1027
1168617592150	1	INSTRUCTIONSCROLL	1030
1168617592167	1	INSTRUCTIONSCROLL	1034
1168617592184	1	INSTRUCTIONSCROLL	1037
1168617592200	1	INSTRUCTIONSCROLL	1040
1168617592217	1	INSTRUCTIONSCROLL	1044
1168617592234	1	INSTRUCTIONSCROLL	1047
1168617592251	1	INSTRUCTIONSCROLL	1050
1168617592266	1	INSTRUCTIONSCROLL	1054
1168617592283	1	INSTRUCTIONSCROLL	1057
1168617592299	1	INSTRUCTIONSCROLL	1060
1168617592316	1	INSTRUCTIONSCROLL	1063
1168617592333	1	INSTRUCTIONSCROLL	1067
1168617592349	1	INSTRUCTIONSCROLL	1070
1168617592366	1	INSTRUCTIONSCROLL	1073
1168617592383	1	INSTRUCTIONSCROLL	1077
1168617592399	1	INSTRUCTIONSCROLL	1080
1168617592416	1	INSTRUCTIONSCROLL	1083
1168617592433	1	INSTRUCTIONSCROLL	1087
1168617592449	1	INSTRUCTIONSCROLL	1090
1168617592466	1	INSTRUCTIONSCROLL	1094
1168617592483	1	INSTRUCTIONSCROLL	1097
1168617592499	1	INSTRUCTIONSCROLL	1100
1168617592516	1	INSTRUCTIONSCROLL	1104
1168617592533	1	INSTRUCTIONSCROLL	1107
1168617592549	1	INSTRUCTIONSCROLL	1110
1168617592566	1	INSTRUCTIONSCROLL	1114
1168617592583	1	INSTRUCTIONSCROLL	1117
1168617592599	1	INSTRUCTIONSCROLL	1120
1168617592616	1	INSTRUCTIONSCROLL	1124
1168617592633	1	INSTRUCTIONSCROLL	1127
1168617592649	1	INSTRUCTIONSCROLL	1130
1168617592666	1	INSTRUCTIONSCROLL	1134
1168617592683	1	INSTRUCTIONSCROLL	1137
1168617592699	1	INSTRUCTIONSCROLL	1140
1168617592716	1	INSTRUCTIONSCROLL	1144
1168617592733	1	INSTRUCTIONSCROLL	1147
1168617592749	1	INSTRUCTIONSCROLL	1150
1168617592766	1	INSTRUCTIONSCROLL	1154
1168617592783	1	INSTRUCTIONSCROLL	1157
1168617592799	1	INSTRUCTIONSCROLL	1160
1168617592816	1	INSTRUCTIONSCROLL	1164
1168617592833	1	INSTRUCTIONSCROLL	1167
1168617592849	1	INSTRUCTIONSCROLL	1170
1168617592866	1	INSTRUCTIONSCROLL	1174
1168617592883	1	INSTRUCTIONSCROLL	1177
1168617592899	1	INSTRUCTIONSCROLL	1180
1168617592916	1	INSTRUCTIONSCROLL	1184
1168617592933	1	INSTRUCTIONSCROLL	1187
1168617592949	1	INSTRUCTIONSCROLL	1190
1168617592966	1	INSTRUCTIONSCROLL	1194
1168617592983	1	INSTRUCTIONSCROLL	1197
1168617592999	1	INSTRUCTIONSCROLL	1200
1168617593017	1	INSTRUCTIONSCROLL	1204
1168617593033	1	INSTRUCTIONSCROLL	1207
1168617593050	1	INSTRUCTIONSCROLL	1210
1168617593067	1	INSTRUCTIONSCROLL	1214
1168617593083	1	INSTRUCTIONSCROLL	1217
1168617593100	1	INSTRUCTIONSCROLL	1220
1168617593117	1	INSTRUCTIONSCROLL	1224
1168617593133	1	INSTRUCTIONSCROLL	1227
1168617593150	1	INSTRUCTIONSCROLL	1230
1168617593167	1	INSTRUCTIONSCROLL	1234
1168617593183	1	INSTRUCTIONSCROLL	1237
1168617593200	1	INSTRUCTIONSCROLL	1240
1168617593217	1	INSTRUCTIONSCROLL	1244
1168617593234	1	INSTRUCTIONSCROLL	1247
1168617593250	1	INSTRUCTIONSCROLL	1250
1168617593266	1	INSTRUCTIONSCROLL	1254
1168617593282	1	INSTRUCTIONSCROLL	1257
1168617593299	1	INSTRUCTIONSCROLL	1260
1168617593316	1	INSTRUCTIONSCROLL	1263
1168617594732	1	INSTRUCTIONSCROLL	1264
1168617594749	1	INSTRUCTIONSCROLL	1267
1168617594765	1	INSTRUCTIONSCROLL	1270
1168617594782	1	INSTRUCTIONSCROLL	1274
1168617594799	1	INSTRUCTIONSCROLL	1277
1168617594815	1	INSTRUCTIONSCROLL	1280
1168617594832	1	INSTRUCTIONSCROLL	1284
1168617594849	1	INSTRUCTIONSCROLL	1287
1168617594865	1	INSTRUCTIONSCROLL	1290
1168617594882	1	INSTRUCTIONSCROLL	1294
1168617594899	1	INSTRUCTIONSCROLL	1297
1168617594915	1	INSTRUCTIONSCROLL	1300
1168617594932	1	INSTRUCTIONSCROLL	1304
1168617594949	1	INSTRUCTIONSCROLL	1307
1168617594965	1	INSTRUCTIONSCROLL	1310
1168617594982	1	INSTRUCTIONSCROLL	1314
1168617594999	1	INSTRUCTIONSCROLL	1317
1168617595016	1	INSTRUCTIONSCROLL	1320
1168617595033	1	INSTRUCTIONSCROLL	1324
1168617595050	1	INSTRUCTIONSCROLL	1327
1168617595066	1	INSTRUCTIONSCROLL	1331
1168617595083	1	INSTRUCTIONSCROLL	1334
1168617595100	1	INSTRUCTIONSCROLL	1337
1168617595116	1	INSTRUCTIONSCROLL	1341
1168617595133	1	INSTRUCTIONSCROLL	1344
1168617595149	1	INSTRUCTIONSCROLL	1347
1168617595166	1	INSTRUCTIONSCROLL	1351
1168617595183	1	INSTRUCTIONSCROLL	1354
1168617595200	1	INSTRUCTIONSCROLL	1357
1168617595216	1	INSTRUCTIONSCROLL	1361
1168617595233	1	INSTRUCTIONSCROLL	1364
1168617595249	1	INSTRUCTIONSCROLL	1367
1168617595265	1	INSTRUCTIONSCROLL	1371
1168617595282	1	INSTRUCTIONSCROLL	1374
1168617595298	1	INSTRUCTIONSCROLL	1377
1168617595315	1	INSTRUCTIONSCROLL	1380
1168617595332	1	INSTRUCTIONSCROLL	1384
1168617595348	1	INSTRUCTIONSCROLL	1387
1168617595365	1	INSTRUCTIONSCROLL	1390
1168617598381	1	INSTRUCTIONSCROLL	1391
1168617598397	1	INSTRUCTIONSCROLL	1394
1168617598414	1	INSTRUCTIONSCROLL	1398
1168617598431	1	INSTRUCTIONSCROLL	1401
1168617598447	1	INSTRUCTIONSCROLL	1404
1168617598464	1	INSTRUCTIONSCROLL	1408
1168617598481	1	INSTRUCTIONSCROLL	1411
1168617598497	1	INSTRUCTIONSCROLL	1414
1168617598514	1	INSTRUCTIONSCROLL	1418
1168617598531	1	INSTRUCTIONSCROLL	1421
1168617598547	1	INSTRUCTIONSCROLL	1424
1168617598564	1	INSTRUCTIONSCROLL	1428
1168617598581	1	INSTRUCTIONSCROLL	1431
1168617598597	1	INSTRUCTIONSCROLL	1434
1168617598614	1	INSTRUCTIONSCROLL	1438
1168617598631	1	INSTRUCTIONSCROLL	1441
1168617598647	1	INSTRUCTIONSCROLL	1444
1168617598664	1	INSTRUCTIONSCROLL	1448
1168617598681	1	INSTRUCTIONSCROLL	1451
1168617598697	1	INSTRUCTIONSCROLL	1454
1168617598714	1	INSTRUCTIONSCROLL	1458
1168617598731	1	INSTRUCTIONSCROLL	1461
1168617598747	1	INSTRUCTIONSCROLL	1464
1168617598764	1	INSTRUCTIONSCROLL	1468
1168617598781	1	INSTRUCTIONSCROLL	1471
1168617598797	1	INSTRUCTIONSCROLL	1474
1168617598814	1	INSTRUCTIONSCROLL	1478
1168617598831	1	INSTRUCTIONSCROLL	1481
1168617598847	1	INSTRUCTIONSCROLL	1484
1168617598864	1	INSTRUCTIONSCROLL	1488
1168617598881	1	INSTRUCTIONSCROLL	1491
1168617598897	1	INSTRUCTIONSCROLL	1494
1168617598914	1	INSTRUCTIONSCROLL	1498
1168617598931	1	INSTRUCTIONSCROLL	1501
1168617598947	1	INSTRUCTIONSCROLL	1504
1168617598964	1	INSTRUCTIONSCROLL	1508
1168617598981	1	INSTRUCTIONSCROLL	1511
1168617598997	1	INSTRUCTIONSCROLL	1514
1168617599015	1	INSTRUCTIONSCROLL	1518
1168617599032	1	INSTRUCTIONSCROLL	1521
1168617599048	1	INSTRUCTIONSCROLL	1524
1168617599065	1	INSTRUCTIONSCROLL	1528
1168617599082	1	INSTRUCTIONSCROLL	1531
1168617599098	1	INSTRUCTIONSCROLL	1534
1168617599115	1	INSTRUCTIONSCROLL	1538
1168617599132	1	INSTRUCTIONSCROLL	1541
1168617599148	1	INSTRUCTIONSCROLL	1544
1168617599165	1	INSTRUCTIONSCROLL	1548
1168617599182	1	INSTRUCTIONSCROLL	1551
1168617599198	1	INSTRUCTIONSCROLL	1554
1168617599215	1	INSTRUCTIONSCROLL	1558
1168617599232	1	INSTRUCTIONSCROLL	1561
1168617599248	1	INSTRUCTIONSCROLL	1564
1168617599264	1	INSTRUCTIONSCROLL	1568
1168617599281	1	INSTRUCTIONSCROLL	1571
1168617599297	1	INSTRUCTIONSCROLL	1574
1168617599314	1	INSTRUCTIONSCROLL	1578
1168617599330	1	INSTRUCTIONSCROLL	1581
1168617599347	1	INSTRUCTIONSCROLL	1584
1168617599364	1	INSTRUCTIONSCROLL	1588
1168617599381	1	INSTRUCTIONSCROLL	1591
1168617599397	1	INSTRUCTIONSCROLL	1594
1168617599414	1	INSTRUCTIONSCROLL	1598
1168617599431	1	INSTRUCTIONSCROLL	1601
1168617599447	1	INSTRUCTIONSCROLL	1604
1168617599464	1	INSTRUCTIONSCROLL	1608
1168617599480	1	INSTRUCTIONSCROLL	1611
1168617599497	1	INSTRUCTIONSCROLL	1614
1168617599514	1	INSTRUCTIONSCROLL	1618
1168617599530	1	INSTRUCTIONSCROLL	1621
1168617599547	1	INSTRUCTIONSCROLL	1624
1168617599564	1	INSTRUCTIONSCROLL	1627
1168617599580	1	INSTRUCTIONSCROLL	1631
1168617599597	1	INSTRUCTIONSCROLL	1634
1168617599614	1	INSTRUCTIONSCROLL	1637
1168617599630	1	INSTRUCTIONSCROLL	1641
1168617599647	1	INSTRUCTIONSCROLL	1644
1168617599664	1	INSTRUCTIONSCROLL	1648
1168617599680	1	INSTRUCTIONSCROLL	1651
1168617599697	1	INSTRUCTIONSCROLL	1654
1168617599714	1	INSTRUCTIONSCROLL	1657
1168617599730	1	INSTRUCTIONSCROLL	1661
1168617599747	1	INSTRUCTIONSCROLL	1664
1168617599764	1	INSTRUCTIONSCROLL	1667
1168617599780	1	INSTRUCTIONSCROLL	1671
1168617599797	1	INSTRUCTIONSCROLL	1674
1168617599814	1	INSTRUCTIONSCROLL	1678
1168617599830	1	INSTRUCTIONSCROLL	1681
1168617599847	1	INSTRUCTIONSCROLL	1684
1168617599864	1	INSTRUCTIONSCROLL	1687
1168617599880	1	INSTRUCTIONSCROLL	1691
1168617599897	1	INSTRUCTIONSCROLL	1694
1168617599914	1	INSTRUCTIONSCROLL	1697
1168617599930	1	INSTRUCTIONSCROLL	1701
1168617599947	1	INSTRUCTIONSCROLL	1704
1168617599964	1	INSTRUCTIONSCROLL	1708
1168617599980	1	INSTRUCTIONSCROLL	1711
1168617599997	1	INSTRUCTIONSCROLL	1714
1168617600015	1	INSTRUCTIONSCROLL	1717
1168617600031	1	INSTRUCTIONSCROLL	1721
1168617600048	1	INSTRUCTIONSCROLL	1724
1168617600065	1	INSTRUCTIONSCROLL	1728
1168617600397	1	INSTRUCTIONSCROLL	1729
1168617600413	1	INSTRUCTIONSCROLL	1730
1168617600430	1	INSTRUCTIONSCROLL	1733
1168617600447	1	INSTRUCTIONSCROLL	1736
1168617600463	1	INSTRUCTIONSCROLL	1740
1168617600480	1	INSTRUCTIONSCROLL	1743
1168617600497	1	INSTRUCTIONSCROLL	1746
1168617600514	1	INSTRUCTIONSCROLL	1750
1168617600530	1	INSTRUCTIONSCROLL	1753
1168617600547	1	INSTRUCTIONSCROLL	1756
1168617600563	1	INSTRUCTIONSCROLL	1760
1168617600580	1	INSTRUCTIONSCROLL	1763
1168617600597	1	INSTRUCTIONSCROLL	1766
1168617600613	1	INSTRUCTIONSCROLL	1770
1168617600630	1	INSTRUCTIONSCROLL	1773
1168617600647	1	INSTRUCTIONSCROLL	1776
1168617600663	1	INSTRUCTIONSCROLL	1780
1168617600680	1	INSTRUCTIONSCROLL	1783
1168617600697	1	INSTRUCTIONSCROLL	1786
1168617600713	1	INSTRUCTIONSCROLL	1790
1168617600730	1	INSTRUCTIONSCROLL	1793
1168617600747	1	INSTRUCTIONSCROLL	1796
1168617600763	1	INSTRUCTIONSCROLL	1800
1168617600780	1	INSTRUCTIONSCROLL	1803
1168617600797	1	INSTRUCTIONSCROLL	1806
1168617600813	1	INSTRUCTIONSCROLL	1810
1168617600830	1	INSTRUCTIONSCROLL	1813
1168617600847	1	INSTRUCTIONSCROLL	1817
1168617600863	1	INSTRUCTIONSCROLL	1820
1168617600880	1	INSTRUCTIONSCROLL	1823
1168617600897	1	INSTRUCTIONSCROLL	1826
1168617600913	1	INSTRUCTIONSCROLL	1830
1168617600930	1	INSTRUCTIONSCROLL	1833
1168617600947	1	INSTRUCTIONSCROLL	1836
1168617600963	1	INSTRUCTIONSCROLL	1840
1168617600980	1	INSTRUCTIONSCROLL	1843
1168617600997	1	INSTRUCTIONSCROLL	1847
1168617601014	1	INSTRUCTIONSCROLL	1850
1168617601031	1	INSTRUCTIONSCROLL	1853
1168617601048	1	INSTRUCTIONSCROLL	1857
1168617601064	1	INSTRUCTIONSCROLL	1860
1168617601081	1	INSTRUCTIONSCROLL	1863
1168617601098	1	INSTRUCTIONSCROLL	1867
1168617601114	1	INSTRUCTIONSCROLL	1870
1168617601131	1	INSTRUCTIONSCROLL	1873
1168617601148	1	INSTRUCTIONSCROLL	1877
1168617601164	1	INSTRUCTIONSCROLL	1880
1168617602929	1	INSTRUCTIONSCROLL	1881
1168617602946	1	INSTRUCTIONSCROLL	1882
1168617602963	1	INSTRUCTIONSCROLL	1885
1168617602979	1	INSTRUCTIONSCROLL	1888
1168617602996	1	INSTRUCTIONSCROLL	1892
1168617603014	1	INSTRUCTIONSCROLL	1895
1168617603030	1	INSTRUCTIONSCROLL	1898
1168617603047	1	INSTRUCTIONSCROLL	1902
1168617603064	1	INSTRUCTIONSCROLL	1905
1168617603080	1	INSTRUCTIONSCROLL	1908
1168617603097	1	INSTRUCTIONSCROLL	1912
1168617603114	1	INSTRUCTIONSCROLL	1915
1168617603130	1	INSTRUCTIONSCROLL	1918
1168617603147	1	INSTRUCTIONSCROLL	1922
1168617603164	1	INSTRUCTIONSCROLL	1925
1168617603180	1	INSTRUCTIONSCROLL	1928
1168617603197	1	INSTRUCTIONSCROLL	1932
1168617603214	1	INSTRUCTIONSCROLL	1935
1168617603230	1	INSTRUCTIONSCROLL	1938
1168617603247	1	INSTRUCTIONSCROLL	1942
1168617603263	1	INSTRUCTIONSCROLL	1945
1168617603279	1	INSTRUCTIONSCROLL	1948
1168617603296	1	INSTRUCTIONSCROLL	1952
1168617603313	1	INSTRUCTIONSCROLL	1955
1168617603329	1	INSTRUCTIONSCROLL	1958
1168617603346	1	INSTRUCTIONSCROLL	1962
1168617603363	1	INSTRUCTIONSCROLL	1965
1168617603379	1	INSTRUCTIONSCROLL	1968
1168617603396	1	INSTRUCTIONSCROLL	1971
1168617603412	1	INSTRUCTIONSCROLL	1975
1168617603429	1	INSTRUCTIONSCROLL	1978
1168617603446	1	INSTRUCTIONSCROLL	1982
1168617603462	1	INSTRUCTIONSCROLL	1985
1168617603479	1	INSTRUCTIONSCROLL	1988
1168617603496	1	INSTRUCTIONSCROLL	1992
1168617603512	1	INSTRUCTIONSCROLL	1995
1168617603529	1	INSTRUCTIONSCROLL	1998
1168617603546	1	INSTRUCTIONSCROLL	2001
1168617603562	1	INSTRUCTIONSCROLL	2005
1168617603579	1	INSTRUCTIONSCROLL	2008
1168617603596	1	INSTRUCTIONSCROLL	2012
1168617603612	1	INSTRUCTIONSCROLL	2015
1168617603629	1	INSTRUCTIONSCROLL	2018
1168617603646	1	INSTRUCTIONSCROLL	2022
1168617603662	1	INSTRUCTIONSCROLL	2025
1168617603679	1	INSTRUCTIONSCROLL	2028
1168617603696	1	INSTRUCTIONSCROLL	2031
1168617603712	1	INSTRUCTIONSCROLL	2035
1168617603729	1	INSTRUCTIONSCROLL	2038
1168617603746	1	INSTRUCTIONSCROLL	2042
1168617603762	1	INSTRUCTIONSCROLL	2045
1168617603779	1	INSTRUCTIONSCROLL	2048
1168617603796	1	INSTRUCTIONSCROLL	2052
1168617603812	1	INSTRUCTIONSCROLL	2055
1168617603829	1	INSTRUCTIONSCROLL	2058
1168617603846	1	INSTRUCTIONSCROLL	2061
1168617603862	1	INSTRUCTIONSCROLL	2065
1168617603879	1	INSTRUCTIONSCROLL	2068
1168617603896	1	INSTRUCTIONSCROLL	2072
1168617603912	1	INSTRUCTIONSCROLL	2075
1168617603929	1	INSTRUCTIONSCROLL	2078
1168617603946	1	INSTRUCTIONSCROLL	2082
1168617603962	1	INSTRUCTIONSCROLL	2085
1168617603979	1	INSTRUCTIONSCROLL	2088
1168617603996	1	INSTRUCTIONSCROLL	2091
1168617604013	1	INSTRUCTIONSCROLL	2095
1168617604030	1	INSTRUCTIONSCROLL	2098
1168617604047	1	INSTRUCTIONSCROLL	2102
1168617604063	1	INSTRUCTIONSCROLL	2105
1168617604080	1	INSTRUCTIONSCROLL	2108
1168617604097	1	INSTRUCTIONSCROLL	2112
1168617604113	1	INSTRUCTIONSCROLL	2115
1168617604130	1	INSTRUCTIONSCROLL	2118
1168617604147	1	INSTRUCTIONSCROLL	2122
1168617604163	1	INSTRUCTIONSCROLL	2125
1168617604180	1	INSTRUCTIONSCROLL	2128
1168617604197	1	INSTRUCTIONSCROLL	2132
1168617604213	1	INSTRUCTIONSCROLL	2135
1168617604230	1	INSTRUCTIONSCROLL	2138
1168617604247	1	INSTRUCTIONSCROLL	2142
1168617604262	1	INSTRUCTIONSCROLL	2145
1168617604279	1	INSTRUCTIONSCROLL	2148
1168617604296	1	INSTRUCTIONSCROLL	2151
1168617604312	1	INSTRUCTIONSCROLL	2155
1168617604329	1	INSTRUCTIONSCROLL	2158
1168617604346	1	INSTRUCTIONSCROLL	2162
1168617604362	1	INSTRUCTIONSCROLL	2165
1168617604995	1	INSTRUCTIONSCROLL	2166
1168617605013	1	INSTRUCTIONSCROLL	2168
1168617605030	1	INSTRUCTIONSCROLL	2172
1168617605046	1	INSTRUCTIONSCROLL	2175
1168617605063	1	INSTRUCTIONSCROLL	2179
1168617605080	1	INSTRUCTIONSCROLL	2182
1168617605096	1	INSTRUCTIONSCROLL	2185
1168617605113	1	INSTRUCTIONSCROLL	2189
1168617605130	1	INSTRUCTIONSCROLL	2192
1168617605146	1	INSTRUCTIONSCROLL	2195
1168617605163	1	INSTRUCTIONSCROLL	2199
1168617605180	1	INSTRUCTIONSCROLL	2202
1168617605196	1	INSTRUCTIONSCROLL	2205
1168617605213	1	INSTRUCTIONSCROLL	2209
1168617605230	1	INSTRUCTIONSCROLL	2212
1168617605246	1	INSTRUCTIONSCROLL	2215
1168617605262	1	INSTRUCTIONSCROLL	2219
1168617605279	1	INSTRUCTIONSCROLL	2222
1168617605295	1	INSTRUCTIONSCROLL	2225
1168617605312	1	INSTRUCTIONSCROLL	2228
1168617605329	1	INSTRUCTIONSCROLL	2232
1168617605345	1	INSTRUCTIONSCROLL	2235
1168617605362	1	INSTRUCTIONSCROLL	2238
1168617605379	1	INSTRUCTIONSCROLL	2242
1168617605395	1	INSTRUCTIONSCROLL	2245
1168617605412	1	INSTRUCTIONSCROLL	2248
1168617605428	1	INSTRUCTIONSCROLL	2252
1168617605445	1	INSTRUCTIONSCROLL	2255
1168617605462	1	INSTRUCTIONSCROLL	2258
1168617605479	1	INSTRUCTIONSCROLL	2262
1168617605495	1	INSTRUCTIONSCROLL	2265
1168617605512	1	INSTRUCTIONSCROLL	2268
1168617605528	1	INSTRUCTIONSCROLL	2272
1168617605545	1	INSTRUCTIONSCROLL	2275
1168617605562	1	INSTRUCTIONSCROLL	2278
1168617605578	1	INSTRUCTIONSCROLL	2282
1168617605595	1	INSTRUCTIONSCROLL	2285
1168617605612	1	INSTRUCTIONSCROLL	2288
1168617605628	1	INSTRUCTIONSCROLL	2292
1168617605645	1	INSTRUCTIONSCROLL	2295
1168617605662	1	INSTRUCTIONSCROLL	2298
1168617605678	1	INSTRUCTIONSCROLL	2302
1168617605695	1	INSTRUCTIONSCROLL	2305
1168617605712	1	INSTRUCTIONSCROLL	2308
1168617605728	1	INSTRUCTIONSCROLL	2312
1168617605745	1	INSTRUCTIONSCROLL	2315
1168617605762	1	INSTRUCTIONSCROLL	2318
1168617605778	1	INSTRUCTIONSCROLL	2322
1168617605795	1	INSTRUCTIONSCROLL	2325
1168617605812	1	INSTRUCTIONSCROLL	2328
1168617605828	1	INSTRUCTIONSCROLL	2332
1168617605845	1	INSTRUCTIONSCROLL	2335
1168617605862	1	INSTRUCTIONSCROLL	2338
1168617605879	1	INSTRUCTIONSCROLL	2342
1168617605895	1	INSTRUCTIONSCROLL	2345
1168617605912	1	INSTRUCTIONSCROLL	2348
1168617605928	1	INSTRUCTIONSCROLL	2352
1168617605945	1	INSTRUCTIONSCROLL	2355
1168617605962	1	INSTRUCTIONSCROLL	2358
1168617605978	1	INSTRUCTIONSCROLL	2362
1168617605995	1	INSTRUCTIONSCROLL	2365
1168617606013	1	INSTRUCTIONSCROLL	2368
1168617606029	1	INSTRUCTIONSCROLL	2372
1168617606046	1	INSTRUCTIONSCROLL	2375
1168617606063	1	INSTRUCTIONSCROLL	2379
1168617606079	1	INSTRUCTIONSCROLL	2382
1168617606096	1	INSTRUCTIONSCROLL	2385
1168617606113	1	INSTRUCTIONSCROLL	2388
1168617606129	1	INSTRUCTIONSCROLL	2392
1168617606146	1	INSTRUCTIONSCROLL	2395
1168617606545	1	INSTRUCTIONSCROLL	2396
1168617606561	1	INSTRUCTIONSCROLL	2400
1168617606578	1	INSTRUCTIONSCROLL	2403
1168617606595	1	INSTRUCTIONSCROLL	2406
1168617606611	1	INSTRUCTIONSCROLL	2410
1168617606628	1	INSTRUCTIONSCROLL	2413
1168617606645	1	INSTRUCTIONSCROLL	2416
1168617606661	1	INSTRUCTIONSCROLL	2420
1168617606678	1	INSTRUCTIONSCROLL	2423
1168617606695	1	INSTRUCTIONSCROLL	2426
1168617606711	1	INSTRUCTIONSCROLL	2430
1168617606728	1	INSTRUCTIONSCROLL	2433
1168617606745	1	INSTRUCTIONSCROLL	2436
1168617606761	1	INSTRUCTIONSCROLL	2440
1168617606778	1	INSTRUCTIONSCROLL	2443
1168617606795	1	INSTRUCTIONSCROLL	2446
1168617606811	1	INSTRUCTIONSCROLL	2450
1168617606828	1	INSTRUCTIONSCROLL	2453
1168617606845	1	INSTRUCTIONSCROLL	2456
1168617606861	1	INSTRUCTIONSCROLL	2460
1168617606878	1	INSTRUCTIONSCROLL	2463
1168617606895	1	INSTRUCTIONSCROLL	2466
1168617606911	1	INSTRUCTIONSCROLL	2470
1168617606928	1	INSTRUCTIONSCROLL	2473
1168617606945	1	INSTRUCTIONSCROLL	2477
1168617606962	1	INSTRUCTIONSCROLL	2480
1168617606978	1	INSTRUCTIONSCROLL	2483
1168617606995	1	INSTRUCTIONSCROLL	2486
1168617607012	1	INSTRUCTIONSCROLL	2490
1168617607029	1	INSTRUCTIONSCROLL	2493
1168617607046	1	INSTRUCTIONSCROLL	2497
1168617607062	1	INSTRUCTIONSCROLL	2500
1168617607079	1	INSTRUCTIONSCROLL	2503
1168617607096	1	INSTRUCTIONSCROLL	2507
1168617607112	1	INSTRUCTIONSCROLL	2510
1168617607129	1	INSTRUCTIONSCROLL	2513
1168617607146	1	INSTRUCTIONSCROLL	2517
1168617607162	1	INSTRUCTIONSCROLL	2520
1168617607179	1	INSTRUCTIONSCROLL	2523
1168617607196	1	INSTRUCTIONSCROLL	2527
1168617607212	1	INSTRUCTIONSCROLL	2530
1168617607229	1	INSTRUCTIONSCROLL	2533
1168617607246	1	INSTRUCTIONSCROLL	2537
1168617607261	1	INSTRUCTIONSCROLL	2540
1168617607278	1	INSTRUCTIONSCROLL	2543
1168617607295	1	INSTRUCTIONSCROLL	2546
1168617607311	1	INSTRUCTIONSCROLL	2550
1168617607328	1	INSTRUCTIONSCROLL	2553
1168617607345	1	INSTRUCTIONSCROLL	2557
1168617607361	1	INSTRUCTIONSCROLL	2560
1168617607378	1	INSTRUCTIONSCROLL	2563
1168617607395	1	INSTRUCTIONSCROLL	2567
1168617607411	1	INSTRUCTIONSCROLL	2570
1168617607428	1	INSTRUCTIONSCROLL	2573
1168617607445	1	INSTRUCTIONSCROLL	2576
1168617607461	1	INSTRUCTIONSCROLL	2580
1168617607478	1	INSTRUCTIONSCROLL	2583
1168617607495	1	INSTRUCTIONSCROLL	2587
1168617607512	1	INSTRUCTIONSCROLL	2590
1168617607528	1	INSTRUCTIONSCROLL	2593
1168617607544	1	INSTRUCTIONSCROLL	2597
1168617607561	1	INSTRUCTIONSCROLL	2600
1168617607578	1	INSTRUCTIONSCROLL	2603
1168617607594	1	INSTRUCTIONSCROLL	2606
1168617607611	1	INSTRUCTIONSCROLL	2610
1168617607628	1	INSTRUCTIONSCROLL	2613
1168617607894	1	INSTRUCTIONSCROLL	2614
1168617607911	1	INSTRUCTIONSCROLL	2617
1168617607928	1	INSTRUCTIONSCROLL	2621
1168617607944	1	INSTRUCTIONSCROLL	2624
1168617607961	1	INSTRUCTIONSCROLL	2627
1168617607978	1	INSTRUCTIONSCROLL	2631
1168617607994	1	INSTRUCTIONSCROLL	2634
1168617608012	1	INSTRUCTIONSCROLL	2637
1168617608029	1	INSTRUCTIONSCROLL	2641
1168617608045	1	INSTRUCTIONSCROLL	2644
1168617608062	1	INSTRUCTIONSCROLL	2648
1168617608079	1	INSTRUCTIONSCROLL	2651
1168617608095	1	INSTRUCTIONSCROLL	2654
1168617608112	1	INSTRUCTIONSCROLL	2658
1168617608129	1	INSTRUCTIONSCROLL	2661
1168617608145	1	INSTRUCTIONSCROLL	2664
1168617608162	1	INSTRUCTIONSCROLL	2668
1168617608179	1	INSTRUCTIONSCROLL	2671
1168617608195	1	INSTRUCTIONSCROLL	2674
1168617608212	1	INSTRUCTIONSCROLL	2678
1168617608229	1	INSTRUCTIONSCROLL	2681
1168617608245	1	INSTRUCTIONSCROLL	2684
1168617608261	1	INSTRUCTIONSCROLL	2688
1168617608278	1	INSTRUCTIONSCROLL	2691
1168617608294	1	INSTRUCTIONSCROLL	2694
1168617608311	1	INSTRUCTIONSCROLL	2697
1168617608328	1	INSTRUCTIONSCROLL	2701
1168617608344	1	INSTRUCTIONSCROLL	2704
1168617608361	1	INSTRUCTIONSCROLL	2707
1168617608378	1	INSTRUCTIONSCROLL	2711
1168617608394	1	INSTRUCTIONSCROLL	2714
1168617608411	1	INSTRUCTIONSCROLL	2717
1168617608428	1	INSTRUCTIONSCROLL	2721
1168617608444	1	INSTRUCTIONSCROLL	2724
1168617608461	1	INSTRUCTIONSCROLL	2727
1168617608478	1	INSTRUCTIONSCROLL	2731
1168617608494	1	INSTRUCTIONSCROLL	2734
1168617608511	1	INSTRUCTIONSCROLL	2737
1168617608527	1	INSTRUCTIONSCROLL	2741
1168617608544	1	INSTRUCTIONSCROLL	2744
1168617608561	1	INSTRUCTIONSCROLL	2747
1168617608577	1	INSTRUCTIONSCROLL	2751
1168617608594	1	INSTRUCTIONSCROLL	2754
1168617608611	1	INSTRUCTIONSCROLL	2757
1168617608628	1	INSTRUCTIONSCROLL	2761
1168617608644	1	INSTRUCTIONSCROLL	2764
1168617608661	1	INSTRUCTIONSCROLL	2767
1168617608677	1	INSTRUCTIONSCROLL	2771
1168617608694	1	INSTRUCTIONSCROLL	2774
1168617608711	1	INSTRUCTIONSCROLL	2777
1168617608727	1	INSTRUCTIONSCROLL	2781
1168617608744	1	INSTRUCTIONSCROLL	2784
1168617608761	1	INSTRUCTIONSCROLL	2787
1168617608777	1	INSTRUCTIONSCROLL	2791
1168617608794	1	INSTRUCTIONSCROLL	2794
1168617608811	1	INSTRUCTIONSCROLL	2797
1168617608827	1	INSTRUCTIONSCROLL	2801
1168617608844	1	INSTRUCTIONSCROLL	2804
1168617608861	1	INSTRUCTIONSCROLL	2807
1168617608877	1	INSTRUCTIONSCROLL	2811
1168617608894	1	INSTRUCTIONSCROLL	2814
1168617608911	1	INSTRUCTIONSCROLL	2817
1168617608927	1	INSTRUCTIONSCROLL	2821
1168617608944	1	INSTRUCTIONSCROLL	2824
1168617608963	1	INSTRUCTIONSCROLL	2827
1168617608977	1	INSTRUCTIONSCROLL	2831
1168617608994	1	INSTRUCTIONSCROLL	2834
1168617609012	1	INSTRUCTIONSCROLL	2837
1168617609028	1	INSTRUCTIONSCROLL	2841
1168617609045	1	INSTRUCTIONSCROLL	2844
1168617609062	1	INSTRUCTIONSCROLL	2848
1168617609078	1	INSTRUCTIONSCROLL	2851
1168617609095	1	INSTRUCTIONSCROLL	2854
1168617609112	1	INSTRUCTIONSCROLL	2858
1168617609128	1	INSTRUCTIONSCROLL	2861
1168617609145	1	INSTRUCTIONSCROLL	2864
1168617609162	1	INSTRUCTIONSCROLL	2867
1168617609178	1	INSTRUCTIONSCROLL	2871
1168617609195	1	INSTRUCTIONSCROLL	2874
1168617609212	1	INSTRUCTIONSCROLL	2878
1168617609228	1	INSTRUCTIONSCROLL	2881
1168617609245	1	INSTRUCTIONSCROLL	2884
1168617609261	1	INSTRUCTIONSCROLL	2888
1168617609277	1	INSTRUCTIONSCROLL	2891
1168617609294	1	INSTRUCTIONSCROLL	2894
1168617609311	1	INSTRUCTIONSCROLL	2897
1168617609327	1	INSTRUCTIONSCROLL	2901
1168617609344	1	INSTRUCTIONSCROLL	2904
1168617609361	1	INSTRUCTIONSCROLL	2907
1168617609377	1	INSTRUCTIONSCROLL	2911
1168617609394	1	INSTRUCTIONSCROLL	2914
1168617609411	1	INSTRUCTIONSCROLL	2917
1168617609427	1	INSTRUCTIONSCROLL	2921
1168617609444	1	INSTRUCTIONSCROLL	2924
1168617609461	1	INSTRUCTIONSCROLL	2927
1168617609744	1	INSTRUCTIONSCROLL	2928
1168617609760	1	INSTRUCTIONSCROLL	2932
1168617609777	1	INSTRUCTIONSCROLL	2935
1168617609794	1	INSTRUCTIONSCROLL	2938
1168617609810	1	INSTRUCTIONSCROLL	2942
1168617609827	1	INSTRUCTIONSCROLL	2945
1168617609844	1	INSTRUCTIONSCROLL	2948
1168617609860	1	INSTRUCTIONSCROLL	2952
1168617609877	1	INSTRUCTIONSCROLL	2955
1168617609894	1	INSTRUCTIONSCROLL	2958
1168617609910	1	INSTRUCTIONSCROLL	2962
1168617609927	1	INSTRUCTIONSCROLL	2965
1168617609944	1	INSTRUCTIONSCROLL	2968
1168617609960	1	INSTRUCTIONSCROLL	2972
1168617609977	1	INSTRUCTIONSCROLL	2975
1168617609994	1	INSTRUCTIONSCROLL	2978
1168617610011	1	INSTRUCTIONSCROLL	2982
1168617610028	1	INSTRUCTIONSCROLL	2985
1168617610045	1	INSTRUCTIONSCROLL	2988
1168617610061	1	INSTRUCTIONSCROLL	2992
1168617610078	1	INSTRUCTIONSCROLL	2995
1168617610095	1	INSTRUCTIONSCROLL	2998
1168617610111	1	INSTRUCTIONSCROLL	3002
1168617610128	1	INSTRUCTIONSCROLL	3005
1168617610145	1	INSTRUCTIONSCROLL	3009
1168617610161	1	INSTRUCTIONSCROLL	3012
1168617610178	1	INSTRUCTIONSCROLL	3015
1168617610195	1	INSTRUCTIONSCROLL	3018
1168617610211	1	INSTRUCTIONSCROLL	3022
1168617610228	1	INSTRUCTIONSCROLL	3025
1168617610245	1	INSTRUCTIONSCROLL	3029
1168617610260	1	INSTRUCTIONSCROLL	3032
1168617610277	1	INSTRUCTIONSCROLL	3035
1168617610294	1	INSTRUCTIONSCROLL	3038
1168617610310	1	INSTRUCTIONSCROLL	3042
1168617610327	1	INSTRUCTIONSCROLL	3045
1168617610344	1	INSTRUCTIONSCROLL	3048
1168617610360	1	INSTRUCTIONSCROLL	3052
1168617610377	1	INSTRUCTIONSCROLL	3055
1168617610394	1	INSTRUCTIONSCROLL	3058
1168617610410	1	INSTRUCTIONSCROLL	3062
1168617610427	1	INSTRUCTIONSCROLL	3065
1168617610444	1	INSTRUCTIONSCROLL	3068
1168617610460	1	INSTRUCTIONSCROLL	3072
1168617610477	1	INSTRUCTIONSCROLL	3075
1168617610494	1	INSTRUCTIONSCROLL	3078
1168617610510	1	INSTRUCTIONSCROLL	3082
1168617610527	1	INSTRUCTIONSCROLL	3085
1168617610544	1	INSTRUCTIONSCROLL	3088
1168617610560	1	INSTRUCTIONSCROLL	3092
1168617610577	1	INSTRUCTIONSCROLL	3095
1168617610593	1	INSTRUCTIONSCROLL	3098
1168617610610	1	INSTRUCTIONSCROLL	3102
1168617610627	1	INSTRUCTIONSCROLL	3105
1168617610643	1	INSTRUCTIONSCROLL	3108
1168617610660	1	INSTRUCTIONSCROLL	3112
1168617610677	1	INSTRUCTIONSCROLL	3115
1168617610693	1	INSTRUCTIONSCROLL	3118
1168617610710	1	INSTRUCTIONSCROLL	3122
1168617610727	1	INSTRUCTIONSCROLL	3125
1168617610744	1	INSTRUCTIONSCROLL	3128
1168617610760	1	INSTRUCTIONSCROLL	3132
1168617612293	1	INSTRUCTIONSCROLL	3133
1168617612310	1	INSTRUCTIONSCROLL	3134
1168617612326	1	INSTRUCTIONSCROLL	3137
1168617612343	1	INSTRUCTIONSCROLL	3141
1168617612360	1	INSTRUCTIONSCROLL	3144
1168617612376	1	INSTRUCTIONSCROLL	3147
1168617612393	1	INSTRUCTIONSCROLL	3151
1168617612410	1	INSTRUCTIONSCROLL	3154
1168617612426	1	INSTRUCTIONSCROLL	3157
1168617612443	1	INSTRUCTIONSCROLL	3161
1168617612460	1	INSTRUCTIONSCROLL	3164
1168617612476	1	INSTRUCTIONSCROLL	3167
1168617612493	1	INSTRUCTIONSCROLL	3171
1168617612510	1	INSTRUCTIONSCROLL	3174
1168617612526	1	INSTRUCTIONSCROLL	3177
1168617612543	1	INSTRUCTIONSCROLL	3180
1168617612559	1	INSTRUCTIONSCROLL	3184
1168617612576	1	INSTRUCTIONSCROLL	3187
1168617612593	1	INSTRUCTIONSCROLL	3191
1168617612610	1	INSTRUCTIONSCROLL	3194
1168617612626	1	INSTRUCTIONSCROLL	3197
1168617612643	1	INSTRUCTIONSCROLL	3200
1168617612659	1	INSTRUCTIONSCROLL	3204
1168617612676	1	INSTRUCTIONSCROLL	3207
1168617612693	1	INSTRUCTIONSCROLL	3210
1168617612710	1	INSTRUCTIONSCROLL	3214
1168617612726	1	INSTRUCTIONSCROLL	3217
1168617612743	1	INSTRUCTIONSCROLL	3221
1168617612759	1	INSTRUCTIONSCROLL	3224
1168617612776	1	INSTRUCTIONSCROLL	3227
1168617612793	1	INSTRUCTIONSCROLL	3231
1168617612809	1	INSTRUCTIONSCROLL	3234
1168617612826	1	INSTRUCTIONSCROLL	3237
1168617612843	1	INSTRUCTIONSCROLL	3240
1168617612859	1	INSTRUCTIONSCROLL	3244
1168617612876	1	INSTRUCTIONSCROLL	3247
1168617612893	1	INSTRUCTIONSCROLL	3251
1168617612909	1	INSTRUCTIONSCROLL	3254
1168617612926	1	INSTRUCTIONSCROLL	3257
1168617612943	1	INSTRUCTIONSCROLL	3260
1168617612959	1	INSTRUCTIONSCROLL	3264
1168617612976	1	INSTRUCTIONSCROLL	3267
1168617612993	1	INSTRUCTIONSCROLL	3271
1168617613010	1	INSTRUCTIONSCROLL	3274
1168617613027	1	INSTRUCTIONSCROLL	3277
1168617613044	1	INSTRUCTIONSCROLL	3281
1168617613060	1	INSTRUCTIONSCROLL	3284
1168617613077	1	INSTRUCTIONSCROLL	3287
1168617613094	1	INSTRUCTIONSCROLL	3291
1168617613110	1	INSTRUCTIONSCROLL	3294
1168617613127	1	INSTRUCTIONSCROLL	3297
1168617613144	1	INSTRUCTIONSCROLL	3301
1168617613160	1	INSTRUCTIONSCROLL	3304
1168617613177	1	INSTRUCTIONSCROLL	3307
1168617613194	1	INSTRUCTIONSCROLL	3311
1168617613210	1	INSTRUCTIONSCROLL	3314
1168617613227	1	INSTRUCTIONSCROLL	3317
1168617613244	1	INSTRUCTIONSCROLL	3321
1168617613259	1	INSTRUCTIONSCROLL	3324
1168617613276	1	INSTRUCTIONSCROLL	3327
1168617613293	1	INSTRUCTIONSCROLL	3331
1168617613309	1	INSTRUCTIONSCROLL	3334
1168617613326	1	INSTRUCTIONSCROLL	3337
1168617613343	1	INSTRUCTIONSCROLL	3341
1168617613359	1	INSTRUCTIONSCROLL	3344
1168617613376	1	INSTRUCTIONSCROLL	3347
1168617613393	1	INSTRUCTIONSCROLL	3350
1168617613409	1	INSTRUCTIONSCROLL	3354
1168617613426	1	INSTRUCTIONSCROLL	3357
1168617613443	1	INSTRUCTIONSCROLL	3361
1168617613459	1	INSTRUCTIONSCROLL	3364
1168617613476	1	INSTRUCTIONSCROLL	3367
1168617613493	1	INSTRUCTIONSCROLL	3371
1168617613509	1	INSTRUCTIONSCROLL	3374
1168617613526	1	INSTRUCTIONSCROLL	3377
1168617613543	1	INSTRUCTIONSCROLL	3380
1168617613559	1	INSTRUCTIONSCROLL	3384
1168617613576	1	INSTRUCTIONSCROLL	3387
1168617613593	1	INSTRUCTIONSCROLL	3391
1168617613609	1	INSTRUCTIONSCROLL	3394
1168617613626	1	INSTRUCTIONSCROLL	3397
1168617613643	1	INSTRUCTIONSCROLL	3401
1168617613659	1	INSTRUCTIONSCROLL	3404
1168617613676	1	INSTRUCTIONSCROLL	3407
1168617613693	1	INSTRUCTIONSCROLL	3410
1168617613709	1	INSTRUCTIONSCROLL	3414
1168617613726	1	INSTRUCTIONSCROLL	3417
1168617613743	1	INSTRUCTIONSCROLL	3421
1168617613759	1	INSTRUCTIONSCROLL	3424
1168617613776	1	INSTRUCTIONSCROLL	3427
1168617613792	1	INSTRUCTIONSCROLL	3431
1168617613809	1	INSTRUCTIONSCROLL	3434
1168617613826	1	INSTRUCTIONSCROLL	3437
1168617613842	1	INSTRUCTIONSCROLL	3440
1168617613859	1	INSTRUCTIONSCROLL	3444
1168617613876	1	INSTRUCTIONSCROLL	3447
1168617613892	1	INSTRUCTIONSCROLL	3451
1168617613909	1	INSTRUCTIONSCROLL	3454
1168617613926	1	INSTRUCTIONSCROLL	3457
1168617613942	1	INSTRUCTIONSCROLL	3461
1168617613959	1	INSTRUCTIONSCROLL	3464
1168617613976	1	INSTRUCTIONSCROLL	3467
1168617613992	1	INSTRUCTIONSCROLL	3470
1168617614476	1	INSTRUCTIONSCROLL	3471
1168617614492	1	INSTRUCTIONSCROLL	3474
1168617614510	1	INSTRUCTIONSCROLL	3477
1168617614526	1	INSTRUCTIONSCROLL	3481
1168617614542	1	INSTRUCTIONSCROLL	3484
1168617614559	1	INSTRUCTIONSCROLL	3487
1168617614576	1	INSTRUCTIONSCROLL	3491
1168617614592	1	INSTRUCTIONSCROLL	3494
1168617614609	1	INSTRUCTIONSCROLL	3497
1168617614625	1	INSTRUCTIONSCROLL	3501
1168617614642	1	INSTRUCTIONSCROLL	3504
1168617614659	1	INSTRUCTIONSCROLL	3507
1168617614676	1	INSTRUCTIONSCROLL	3511
1168617614692	1	INSTRUCTIONSCROLL	3514
1168617614709	1	INSTRUCTIONSCROLL	3517
1168617614726	1	INSTRUCTIONSCROLL	3521
1168617614742	1	INSTRUCTIONSCROLL	3524
1168617614759	1	INSTRUCTIONSCROLL	3527
1168617614775	1	INSTRUCTIONSCROLL	3531
1168617614792	1	INSTRUCTIONSCROLL	3534
1168617614809	1	INSTRUCTIONSCROLL	3537
1168617614826	1	INSTRUCTIONSCROLL	3541
1168617614842	1	INSTRUCTIONSCROLL	3544
1168617614859	1	INSTRUCTIONSCROLL	3547
1168617614875	1	INSTRUCTIONSCROLL	3551
1168617614892	1	INSTRUCTIONSCROLL	3554
1168617614909	1	INSTRUCTIONSCROLL	3557
1168617614926	1	INSTRUCTIONSCROLL	3561
1168617614942	1	INSTRUCTIONSCROLL	3564
1168617614961	1	INSTRUCTIONSCROLL	3567
1168617614975	1	INSTRUCTIONSCROLL	3571
1168617614992	1	INSTRUCTIONSCROLL	3574
1168617615010	1	INSTRUCTIONSCROLL	3577
1168617615026	1	INSTRUCTIONSCROLL	3581
1168617615043	1	INSTRUCTIONSCROLL	3584
1168617615060	1	INSTRUCTIONSCROLL	3587
1168617615076	1	INSTRUCTIONSCROLL	3591
1168617615093	1	INSTRUCTIONSCROLL	3594
1168617615110	1	INSTRUCTIONSCROLL	3598
1168617615126	1	INSTRUCTIONSCROLL	3601
1168617615143	1	INSTRUCTIONSCROLL	3604
1168617615160	1	INSTRUCTIONSCROLL	3608
1168617615176	1	INSTRUCTIONSCROLL	3611
1168617615193	1	INSTRUCTIONSCROLL	3614
1168617615210	1	INSTRUCTIONSCROLL	3617
1168617615226	1	INSTRUCTIONSCROLL	3621
1168617615243	1	INSTRUCTIONSCROLL	3624
1168617615259	1	INSTRUCTIONSCROLL	3628
1168617615275	1	INSTRUCTIONSCROLL	3631
1168617615292	1	INSTRUCTIONSCROLL	3634
1168617615309	1	INSTRUCTIONSCROLL	3637
1168617615325	1	INSTRUCTIONSCROLL	3641
1168617615342	1	INSTRUCTIONSCROLL	3644
1168617615359	1	INSTRUCTIONSCROLL	3647
1168617615375	1	INSTRUCTIONSCROLL	3651
1168617615392	1	INSTRUCTIONSCROLL	3654
1168617615409	1	INSTRUCTIONSCROLL	3657
1168617615425	1	INSTRUCTIONSCROLL	3661
1168617615442	1	INSTRUCTIONSCROLL	3664
1168617615459	1	INSTRUCTIONSCROLL	3667
1168617615475	1	INSTRUCTIONSCROLL	3671
1168617615492	1	INSTRUCTIONSCROLL	3674
1168617615509	1	INSTRUCTIONSCROLL	3677
1168617615525	1	INSTRUCTIONSCROLL	3681
1168617615542	1	INSTRUCTIONSCROLL	3684
1168617615559	1	INSTRUCTIONSCROLL	3687
1168617615575	1	INSTRUCTIONSCROLL	3691
1168617615592	1	INSTRUCTIONSCROLL	3694
1168617615609	1	INSTRUCTIONSCROLL	3697
1168617615625	1	INSTRUCTIONSCROLL	3701
1168617615642	1	INSTRUCTIONSCROLL	3704
1168617615659	1	INSTRUCTIONSCROLL	3707
1168617615675	1	INSTRUCTIONSCROLL	3711
1168617615692	1	INSTRUCTIONSCROLL	3714
1168617615709	1	INSTRUCTIONSCROLL	3717
1168617615725	1	INSTRUCTIONSCROLL	3721
1168617615742	1	INSTRUCTIONSCROLL	3724
1168617615759	1	INSTRUCTIONSCROLL	3727
1168617615775	1	INSTRUCTIONSCROLL	3731
1168617615792	1	INSTRUCTIONSCROLL	3734
1168617615808	1	INSTRUCTIONSCROLL	3737
1168617615825	1	INSTRUCTIONSCROLL	3741
1168617615842	1	INSTRUCTIONSCROLL	3744
1168617615859	1	INSTRUCTIONSCROLL	3747
1168617615875	1	INSTRUCTIONSCROLL	3751
1168617615892	1	INSTRUCTIONSCROLL	3754
1168617615908	1	INSTRUCTIONSCROLL	3757
1168617615925	1	INSTRUCTIONSCROLL	3761
1168617615942	1	INSTRUCTIONSCROLL	3764
1168617615959	1	INSTRUCTIONSCROLL	3767
1168617615975	1	INSTRUCTIONSCROLL	3771
1168617615992	1	INSTRUCTIONSCROLL	3774
1168617616009	1	INSTRUCTIONSCROLL	3777
1168617616026	1	INSTRUCTIONSCROLL	3781
1168617616043	1	INSTRUCTIONSCROLL	3784
1168617616059	1	INSTRUCTIONSCROLL	3788
1168617616076	1	INSTRUCTIONSCROLL	3791
1168617616093	1	INSTRUCTIONSCROLL	3794
1168617616109	1	INSTRUCTIONSCROLL	3797
1168617616126	1	INSTRUCTIONSCROLL	3801
1168617616143	1	INSTRUCTIONSCROLL	3804
1168617616159	1	INSTRUCTIONSCROLL	3807
1168617616176	1	INSTRUCTIONSCROLL	3811
1168617616193	1	INSTRUCTIONSCROLL	3814
1168617616209	1	INSTRUCTIONSCROLL	3817
1168617616226	1	INSTRUCTIONSCROLL	3821
1168617616791	1	INSTRUCTIONSCROLL	3822
1168617616808	1	INSTRUCTIONSCROLL	3824
1168617616825	1	INSTRUCTIONSCROLL	3827
1168617616841	1	INSTRUCTIONSCROLL	3830
1168617616858	1	INSTRUCTIONSCROLL	3834
1168617616875	1	INSTRUCTIONSCROLL	3837
1168617616892	1	INSTRUCTIONSCROLL	3840
1168617616908	1	INSTRUCTIONSCROLL	3844
1168617616925	1	INSTRUCTIONSCROLL	3847
1168617616941	1	INSTRUCTIONSCROLL	3850
1168617616960	1	INSTRUCTIONSCROLL	3854
1168617616975	1	INSTRUCTIONSCROLL	3858
1168617616991	1	INSTRUCTIONSCROLL	3860
1168617617009	1	INSTRUCTIONSCROLL	3864
1168617617026	1	INSTRUCTIONSCROLL	3867
1168617617042	1	INSTRUCTIONSCROLL	3871
1168617617059	1	INSTRUCTIONSCROLL	3874
1168617617076	1	INSTRUCTIONSCROLL	3877
1168617617092	1	INSTRUCTIONSCROLL	3881
1168617617109	1	INSTRUCTIONSCROLL	3884
1168617617126	1	INSTRUCTIONSCROLL	3887
1168617617142	1	INSTRUCTIONSCROLL	3891
1168617617159	1	INSTRUCTIONSCROLL	3894
1168617617176	1	INSTRUCTIONSCROLL	3897
1168617617192	1	INSTRUCTIONSCROLL	3901
1168617617209	1	INSTRUCTIONSCROLL	3904
1168617617226	1	INSTRUCTIONSCROLL	3907
1168617617242	1	INSTRUCTIONSCROLL	3911
1168617617258	1	INSTRUCTIONSCROLL	3914
1168617617275	1	INSTRUCTIONSCROLL	3917
1168617617291	1	INSTRUCTIONSCROLL	3920
1168617617308	1	INSTRUCTIONSCROLL	3924
1168617617325	1	INSTRUCTIONSCROLL	3927
1168617617341	1	INSTRUCTIONSCROLL	3930
1168617617358	1	INSTRUCTIONSCROLL	3934
1168617617375	1	INSTRUCTIONSCROLL	3937
1168617617391	1	INSTRUCTIONSCROLL	3940
1168617617408	1	INSTRUCTIONSCROLL	3944
1168617617425	1	INSTRUCTIONSCROLL	3947
1168617617441	1	INSTRUCTIONSCROLL	3950
1168617617458	1	INSTRUCTIONSCROLL	3954
1168617617475	1	INSTRUCTIONSCROLL	3957
1168617617491	1	INSTRUCTIONSCROLL	3960
1168617617508	1	INSTRUCTIONSCROLL	3964
1168617617525	1	INSTRUCTIONSCROLL	3967
1168617617541	1	INSTRUCTIONSCROLL	3970
1168617620840	1	INSTRUCTIONSCROLL	3971
1168617620857	1	INSTRUCTIONSCROLL	3974
1168617620874	1	INSTRUCTIONSCROLL	3977
1168617620890	1	INSTRUCTIONSCROLL	3980
1168617620907	1	INSTRUCTIONSCROLL	3984
1168617620924	1	INSTRUCTIONSCROLL	3987
1168617620940	1	INSTRUCTIONSCROLL	3990
1168617620957	1	INSTRUCTIONSCROLL	3994
1168617620974	1	INSTRUCTIONSCROLL	3997
1168617620990	1	INSTRUCTIONSCROLL	4000
1168617621008	1	INSTRUCTIONSCROLL	4004
1168617621024	1	INSTRUCTIONSCROLL	4007
1168617621041	1	INSTRUCTIONSCROLL	4010
1168617621058	1	INSTRUCTIONSCROLL	4014
1168617621074	1	INSTRUCTIONSCROLL	4017
1168617621091	1	INSTRUCTIONSCROLL	4020
1168617621108	1	INSTRUCTIONSCROLL	4024
1168617621124	1	INSTRUCTIONSCROLL	4027
1168617621141	1	INSTRUCTIONSCROLL	4030
1168617621158	1	INSTRUCTIONSCROLL	4034
1168617621174	1	INSTRUCTIONSCROLL	4037
1168617621191	1	INSTRUCTIONSCROLL	4040
1168617621208	1	INSTRUCTIONSCROLL	4044
1168617621224	1	INSTRUCTIONSCROLL	4047
1168617621241	1	INSTRUCTIONSCROLL	4050
1168617621257	1	INSTRUCTIONSCROLL	4054
1168617621273	1	INSTRUCTIONSCROLL	4057
1168617621290	1	INSTRUCTIONSCROLL	4060
1168617621307	1	INSTRUCTIONSCROLL	4063
1168617621323	1	INSTRUCTIONSCROLL	4067
1168617622057	1	INSTRUCTIONSCROLL	4068
1168617622074	1	INSTRUCTIONSCROLL	4069
1168617622091	1	INSTRUCTIONSCROLL	4072
1168617622107	1	INSTRUCTIONSCROLL	4075
1168617622124	1	INSTRUCTIONSCROLL	4079
1168617622141	1	INSTRUCTIONSCROLL	4082
1168617622157	1	INSTRUCTIONSCROLL	4085
1168617622174	1	INSTRUCTIONSCROLL	4089
1168617622191	1	INSTRUCTIONSCROLL	4092
1168617622207	1	INSTRUCTIONSCROLL	4095
1168617622224	1	INSTRUCTIONSCROLL	4099
1168617622241	1	INSTRUCTIONSCROLL	4102
1168617622256	1	INSTRUCTIONSCROLL	4105
1168617622273	1	INSTRUCTIONSCROLL	4108
1168617622290	1	INSTRUCTIONSCROLL	4112
1168617622306	1	INSTRUCTIONSCROLL	4115
1168617622323	1	INSTRUCTIONSCROLL	4118
1168617622340	1	INSTRUCTIONSCROLL	4122
1168617622356	1	INSTRUCTIONSCROLL	4125
1168617622373	1	INSTRUCTIONSCROLL	4128
1168617622390	1	INSTRUCTIONSCROLL	4132
1168617622406	1	INSTRUCTIONSCROLL	4135
1168617622423	1	INSTRUCTIONSCROLL	4138
1168617622440	1	INSTRUCTIONSCROLL	4142
1168617622456	1	INSTRUCTIONSCROLL	4145
1168617622473	1	INSTRUCTIONSCROLL	4148
1168617622490	1	INSTRUCTIONSCROLL	4152
1168617622506	1	INSTRUCTIONSCROLL	4155
1168617622523	1	INSTRUCTIONSCROLL	4158
1168617622540	1	INSTRUCTIONSCROLL	4162
1168617622556	1	INSTRUCTIONSCROLL	4165
1168617622573	1	INSTRUCTIONSCROLL	4168
1168617622590	1	INSTRUCTIONSCROLL	4172
1168617622606	1	INSTRUCTIONSCROLL	4175
1168617622623	1	INSTRUCTIONSCROLL	4178
1168617622640	1	INSTRUCTIONSCROLL	4182
1168617622656	1	INSTRUCTIONSCROLL	4185
1168617622673	1	INSTRUCTIONSCROLL	4188
1168617622690	1	INSTRUCTIONSCROLL	4192
1168617622706	1	INSTRUCTIONSCROLL	4195
1168617622723	1	INSTRUCTIONSCROLL	4198
1168617622740	1	INSTRUCTIONSCROLL	4201
1168617622756	1	INSTRUCTIONSCROLL	4205
1168617622773	1	INSTRUCTIONSCROLL	4208
1168617622790	1	INSTRUCTIONSCROLL	4211
1168617622806	1	INSTRUCTIONSCROLL	4215
1168617622823	1	INSTRUCTIONSCROLL	4218
1168617622840	1	INSTRUCTIONSCROLL	4222
1168617622856	1	INSTRUCTIONSCROLL	4225
1168617622873	1	INSTRUCTIONSCROLL	4228
1168617623873	1	INSTRUCTIONSCROLL	4229
1168617623889	1	INSTRUCTIONSCROLL	4231
1168617623906	1	INSTRUCTIONSCROLL	4235
1168617623923	1	INSTRUCTIONSCROLL	4238
1168617623939	1	INSTRUCTIONSCROLL	4241
1168617623956	1	INSTRUCTIONSCROLL	4245
1168617623973	1	INSTRUCTIONSCROLL	4248
1168617623989	1	INSTRUCTIONSCROLL	4251
1168617624007	1	INSTRUCTIONSCROLL	4255
1168617624024	1	INSTRUCTIONSCROLL	4258
1168617624040	1	INSTRUCTIONSCROLL	4262
1168617624057	1	INSTRUCTIONSCROLL	4265
1168617624073	1	INSTRUCTIONSCROLL	4268
1168617624090	1	INSTRUCTIONSCROLL	4272
1168617624107	1	INSTRUCTIONSCROLL	4275
1168617624124	1	INSTRUCTIONSCROLL	4278
1168617624140	1	INSTRUCTIONSCROLL	4282
1168617624157	1	INSTRUCTIONSCROLL	4285
1168617624173	1	INSTRUCTIONSCROLL	4288
1168617624190	1	INSTRUCTIONSCROLL	4292
1168617624207	1	INSTRUCTIONSCROLL	4295
1168617624223	1	INSTRUCTIONSCROLL	4298
1168617624240	1	INSTRUCTIONSCROLL	4302
1168617624256	1	INSTRUCTIONSCROLL	4305
1168617624272	1	INSTRUCTIONSCROLL	4308
1168617624289	1	INSTRUCTIONSCROLL	4311
1168617624306	1	INSTRUCTIONSCROLL	4315
1168617624322	1	INSTRUCTIONSCROLL	4318
1168617624339	1	INSTRUCTIONSCROLL	4321
1168617624356	1	INSTRUCTIONSCROLL	4325
1168617624372	1	INSTRUCTIONSCROLL	4328
1168617624389	1	INSTRUCTIONSCROLL	4331
1168617624406	1	INSTRUCTIONSCROLL	4335
1168617624422	1	INSTRUCTIONSCROLL	4338
1168617624439	1	INSTRUCTIONSCROLL	4341
1168617624456	1	INSTRUCTIONSCROLL	4345
1168617624473	1	INSTRUCTIONSCROLL	4348
1168617624489	1	INSTRUCTIONSCROLL	4351
1168617624506	1	INSTRUCTIONSCROLL	4355
1168617624522	1	INSTRUCTIONSCROLL	4358
1168617624539	1	INSTRUCTIONSCROLL	4361
1168617624556	1	INSTRUCTIONSCROLL	4365
1168617624572	1	INSTRUCTIONSCROLL	4368
1168617624589	1	INSTRUCTIONSCROLL	4371
1168617624606	1	INSTRUCTIONSCROLL	4375
1168617624622	1	INSTRUCTIONSCROLL	4378
1168617624639	1	INSTRUCTIONSCROLL	4381
1168617624656	1	INSTRUCTIONSCROLL	4385
1168617624672	1	INSTRUCTIONSCROLL	4388
1168617624689	1	INSTRUCTIONSCROLL	4391
1168617624706	1	INSTRUCTIONSCROLL	4395
1168617624722	1	INSTRUCTIONSCROLL	4398
1168617624739	1	INSTRUCTIONSCROLL	4401
1168617624756	1	INSTRUCTIONSCROLL	4405
1168617624772	1	INSTRUCTIONSCROLL	4408
1168617624789	1	INSTRUCTIONSCROLL	4411
1168617624806	1	INSTRUCTIONSCROLL	4415
1168617624822	1	INSTRUCTIONSCROLL	4418
1168617624839	1	INSTRUCTIONSCROLL	4421
1168617624856	1	INSTRUCTIONSCROLL	4425
1168617624872	1	INSTRUCTIONSCROLL	4428
1168617624889	1	INSTRUCTIONSCROLL	4431
1168617624906	1	INSTRUCTIONSCROLL	4435
1168617624922	1	INSTRUCTIONSCROLL	4438
1168617624939	1	INSTRUCTIONSCROLL	4441
1168617624956	1	INSTRUCTIONSCROLL	4445
1168617624972	1	INSTRUCTIONSCROLL	4448
1168617624989	1	INSTRUCTIONSCROLL	4451
1168617625007	1	INSTRUCTIONSCROLL	4455
1168617625023	1	INSTRUCTIONSCROLL	4458
1168617625040	1	INSTRUCTIONSCROLL	4462
1168617625057	1	INSTRUCTIONSCROLL	4465
1168617625073	1	INSTRUCTIONSCROLL	4468
1168617625090	1	INSTRUCTIONSCROLL	4472
1168617625107	1	INSTRUCTIONSCROLL	4475
1168617625123	1	INSTRUCTIONSCROLL	4478
1168617625140	1	INSTRUCTIONSCROLL	4482
1168617625156	1	INSTRUCTIONSCROLL	4485
1168617625173	1	INSTRUCTIONSCROLL	4488
1168617625190	1	INSTRUCTIONSCROLL	4492
1168617625207	1	INSTRUCTIONSCROLL	4495
1168617625223	1	INSTRUCTIONSCROLL	4498
1168617625240	1	INSTRUCTIONSCROLL	4501
1168617625255	1	INSTRUCTIONSCROLL	4505
1168617625272	1	INSTRUCTIONSCROLL	4508
1168617625289	1	INSTRUCTIONSCROLL	4511
1168617625306	1	INSTRUCTIONSCROLL	4515
1168617625322	1	INSTRUCTIONSCROLL	4518
1168617625339	1	INSTRUCTIONSCROLL	4521
1168617625355	1	INSTRUCTIONSCROLL	4525
1168617625372	1	INSTRUCTIONSCROLL	4528
1168617625389	1	INSTRUCTIONSCROLL	4531
1168617625405	1	INSTRUCTIONSCROLL	4535
1168617625422	1	INSTRUCTIONSCROLL	4538
1168617625439	1	INSTRUCTIONSCROLL	4541
1168617625939	1	INSTRUCTIONSCROLL	4542
1168617625955	1	INSTRUCTIONSCROLL	4545
1168617625972	1	INSTRUCTIONSCROLL	4548
1168617625989	1	INSTRUCTIONSCROLL	4551
1168617626006	1	INSTRUCTIONSCROLL	4555
1168617626023	1	INSTRUCTIONSCROLL	4558
1168617626040	1	INSTRUCTIONSCROLL	4562
1168617626056	1	INSTRUCTIONSCROLL	4565
1168617626073	1	INSTRUCTIONSCROLL	4568
1168617626089	1	INSTRUCTIONSCROLL	4572
1168617626106	1	INSTRUCTIONSCROLL	4575
1168617626123	1	INSTRUCTIONSCROLL	4578
1168617626140	1	INSTRUCTIONSCROLL	4582
1168617626156	1	INSTRUCTIONSCROLL	4585
1168617626173	1	INSTRUCTIONSCROLL	4588
1168617626189	1	INSTRUCTIONSCROLL	4592
1168617626206	1	INSTRUCTIONSCROLL	4595
1168617626223	1	INSTRUCTIONSCROLL	4598
1168617626239	1	INSTRUCTIONSCROLL	4602
1168617626255	1	INSTRUCTIONSCROLL	4605
1168617626272	1	INSTRUCTIONSCROLL	4608
1168617626288	1	INSTRUCTIONSCROLL	4611
1168617626305	1	INSTRUCTIONSCROLL	4615
1168617626322	1	INSTRUCTIONSCROLL	4618
1168617626338	1	INSTRUCTIONSCROLL	4621
1168617626355	1	INSTRUCTIONSCROLL	4625
1168617626372	1	INSTRUCTIONSCROLL	4628
1168617626388	1	INSTRUCTIONSCROLL	4631
1168617626405	1	INSTRUCTIONSCROLL	4635
1168617626422	1	INSTRUCTIONSCROLL	4638
1168617626438	1	INSTRUCTIONSCROLL	4641
1168617626455	1	INSTRUCTIONSCROLL	4645
1168617626472	1	INSTRUCTIONSCROLL	4648
1168617626488	1	INSTRUCTIONSCROLL	4651
1168617626505	1	INSTRUCTIONSCROLL	4655
1168617626522	1	INSTRUCTIONSCROLL	4658
1168617626538	1	INSTRUCTIONSCROLL	4661
1168617626555	1	INSTRUCTIONSCROLL	4665
1168617626572	1	INSTRUCTIONSCROLL	4668
1168617626588	1	INSTRUCTIONSCROLL	4671
1168617626605	1	INSTRUCTIONSCROLL	4675
1168617626622	1	INSTRUCTIONSCROLL	4678
1168617626638	1	INSTRUCTIONSCROLL	4681
1168617626655	1	INSTRUCTIONSCROLL	4685
1168617626672	1	INSTRUCTIONSCROLL	4688
1168617626688	1	INSTRUCTIONSCROLL	4691
1168617626705	1	INSTRUCTIONSCROLL	4695
1168617626722	1	INSTRUCTIONSCROLL	4698
1168617626738	1	INSTRUCTIONSCROLL	4702
1168617626755	1	INSTRUCTIONSCROLL	4705
1168617626772	1	INSTRUCTIONSCROLL	4708
1168617627438	1	INSTRUCTIONSCROLL	4709
1168617627455	1	INSTRUCTIONSCROLL	4712
1168617627471	1	INSTRUCTIONSCROLL	4716
1168617627488	1	INSTRUCTIONSCROLL	4719
1168617627505	1	INSTRUCTIONSCROLL	4722
1168617627521	1	INSTRUCTIONSCROLL	4726
1168617627538	1	INSTRUCTIONSCROLL	4729
1168617627555	1	INSTRUCTIONSCROLL	4732
1168617627571	1	INSTRUCTIONSCROLL	4736
1168617627588	1	INSTRUCTIONSCROLL	4739
1168617627605	1	INSTRUCTIONSCROLL	4742
1168617627621	1	INSTRUCTIONSCROLL	4746
1168617627638	1	INSTRUCTIONSCROLL	4749
1168617627655	1	INSTRUCTIONSCROLL	4752
1168617627671	1	INSTRUCTIONSCROLL	4756
1168617627688	1	INSTRUCTIONSCROLL	4759
1168617627705	1	INSTRUCTIONSCROLL	4762
1168617627721	1	INSTRUCTIONSCROLL	4766
1168617627738	1	INSTRUCTIONSCROLL	4769
1168617627755	1	INSTRUCTIONSCROLL	4772
1168617627771	1	INSTRUCTIONSCROLL	4776
1168617627788	1	INSTRUCTIONSCROLL	4779
1168617627805	1	INSTRUCTIONSCROLL	4782
1168617627821	1	INSTRUCTIONSCROLL	4786
1168617627838	1	INSTRUCTIONSCROLL	4789
1168617627855	1	INSTRUCTIONSCROLL	4793
1168617627871	1	INSTRUCTIONSCROLL	4796
1168617627888	1	INSTRUCTIONSCROLL	4799
1168617627905	1	INSTRUCTIONSCROLL	4803
1168617627921	1	INSTRUCTIONSCROLL	4806
1168617627938	1	INSTRUCTIONSCROLL	4809
1168617627955	1	INSTRUCTIONSCROLL	4812
1168617627971	1	INSTRUCTIONSCROLL	4816
1168617627988	1	INSTRUCTIONSCROLL	4819
1168617628006	1	INSTRUCTIONSCROLL	4823
1168617628022	1	INSTRUCTIONSCROLL	4826
1168617628039	1	INSTRUCTIONSCROLL	4829
1168617628056	1	INSTRUCTIONSCROLL	4833
1168617628072	1	INSTRUCTIONSCROLL	4836
1168617628089	1	INSTRUCTIONSCROLL	4839
1168617628106	1	INSTRUCTIONSCROLL	4843
1168617628122	1	INSTRUCTIONSCROLL	4846
1168617628139	1	INSTRUCTIONSCROLL	4849
1168617630287	1	INSTRUCTIONSCROLL	4850
1168617630304	1	INSTRUCTIONSCROLL	4851
1168617630321	1	INSTRUCTIONSCROLL	4854
1168617630337	1	INSTRUCTIONSCROLL	4857
1168617630354	1	INSTRUCTIONSCROLL	4861
1168617630370	1	INSTRUCTIONSCROLL	4864
1168617630387	1	INSTRUCTIONSCROLL	4867
1168617630404	1	INSTRUCTIONSCROLL	4871
1168617630420	1	INSTRUCTIONSCROLL	4874
1168617630437	1	INSTRUCTIONSCROLL	4877
1168617630454	1	INSTRUCTIONSCROLL	4881
1168617630470	1	INSTRUCTIONSCROLL	4884
1168617630487	1	INSTRUCTIONSCROLL	4887
1168617630504	1	INSTRUCTIONSCROLL	4891
1168617630520	1	INSTRUCTIONSCROLL	4894
1168617630537	1	INSTRUCTIONSCROLL	4897
1168617630554	1	INSTRUCTIONSCROLL	4901
1168617630570	1	INSTRUCTIONSCROLL	4904
1168617630587	1	INSTRUCTIONSCROLL	4907
1168617630604	1	INSTRUCTIONSCROLL	4911
1168617630620	1	INSTRUCTIONSCROLL	4914
1168617630637	1	INSTRUCTIONSCROLL	4917
1168617630654	1	INSTRUCTIONSCROLL	4921
1168617630670	1	INSTRUCTIONSCROLL	4924
1168617630687	1	INSTRUCTIONSCROLL	4927
1168617630704	1	INSTRUCTIONSCROLL	4931
1168617630720	1	INSTRUCTIONSCROLL	4934
1168617630737	1	INSTRUCTIONSCROLL	4937
1168617630754	1	INSTRUCTIONSCROLL	4941
1168617630770	1	INSTRUCTIONSCROLL	4944
1168617630787	1	INSTRUCTIONSCROLL	4947
1168617630804	1	INSTRUCTIONSCROLL	4951
1168617630820	1	INSTRUCTIONSCROLL	4954
1168617630837	1	INSTRUCTIONSCROLL	4957
1168617630854	1	INSTRUCTIONSCROLL	4961
1168617630870	1	INSTRUCTIONSCROLL	4964
1168617630887	1	INSTRUCTIONSCROLL	4967
1168617630904	1	INSTRUCTIONSCROLL	4971
1168617630920	1	INSTRUCTIONSCROLL	4974
1168617630937	1	INSTRUCTIONSCROLL	4977
1168617630954	1	INSTRUCTIONSCROLL	4981
1168617630970	1	INSTRUCTIONSCROLL	4984
1168617630987	1	INSTRUCTIONSCROLL	4987
1168617631005	1	INSTRUCTIONSCROLL	4991
1168617631021	1	INSTRUCTIONSCROLL	4994
1168617631038	1	INSTRUCTIONSCROLL	4998
1168617631503	1	INSTRUCTIONSCROLL	4999
1168617631520	1	INSTRUCTIONSCROLL	5001
1168617631537	1	INSTRUCTIONSCROLL	5004
1168617631553	1	INSTRUCTIONSCROLL	5007
1168617631570	1	INSTRUCTIONSCROLL	5011
1168617631587	1	INSTRUCTIONSCROLL	5014
1168617631603	1	INSTRUCTIONSCROLL	5017
1168617631620	1	INSTRUCTIONSCROLL	5021
1168617631637	1	INSTRUCTIONSCROLL	5024
1168617631653	1	INSTRUCTIONSCROLL	5027
1168617631670	1	INSTRUCTIONSCROLL	5031
1168617631687	1	INSTRUCTIONSCROLL	5034
1168617631703	1	INSTRUCTIONSCROLL	5037
1168617631720	1	INSTRUCTIONSCROLL	5041
1168617631737	1	INSTRUCTIONSCROLL	5044
1168617631753	1	INSTRUCTIONSCROLL	5047
1168617631770	1	INSTRUCTIONSCROLL	5051
1168617631787	1	INSTRUCTIONSCROLL	5054
1168617631803	1	INSTRUCTIONSCROLL	5057
1168617631820	1	INSTRUCTIONSCROLL	5061
1168617631837	1	INSTRUCTIONSCROLL	5064
1168617631853	1	INSTRUCTIONSCROLL	5067
1168617635519	1	INSTRUCTIONSCROLL	5068
1168617635535	1	INSTRUCTIONSCROLL	5069
1168617635552	1	INSTRUCTIONSCROLL	5072
1168617635569	1	INSTRUCTIONSCROLL	5075
1168617635585	1	INSTRUCTIONSCROLL	5078
1168617635602	1	INSTRUCTIONSCROLL	5082
1168617635619	1	INSTRUCTIONSCROLL	5085
1168617635635	1	INSTRUCTIONSCROLL	5088
1168617635652	1	INSTRUCTIONSCROLL	5092
1168617635669	1	INSTRUCTIONSCROLL	5095
1168617635685	1	INSTRUCTIONSCROLL	5098
1168617635702	1	INSTRUCTIONSCROLL	5102
1168617635719	1	INSTRUCTIONSCROLL	5105
1168617635735	1	INSTRUCTIONSCROLL	5108
1168617635752	1	INSTRUCTIONSCROLL	5112
1168617635769	1	INSTRUCTIONSCROLL	5115
1168617635785	1	INSTRUCTIONSCROLL	5118
1168617635802	1	INSTRUCTIONSCROLL	5122
1168617635819	1	INSTRUCTIONSCROLL	5125
1168617635835	1	INSTRUCTIONSCROLL	5128
1168617635852	1	INSTRUCTIONSCROLL	5132
1168617635869	1	INSTRUCTIONSCROLL	5135
1168617635885	1	INSTRUCTIONSCROLL	5138
1168617635902	1	INSTRUCTIONSCROLL	5142
1168617635919	1	INSTRUCTIONSCROLL	5145
1168617635936	1	INSTRUCTIONSCROLL	5149
1168617635952	1	INSTRUCTIONSCROLL	5152
1168617635969	1	INSTRUCTIONSCROLL	5155
1168617635985	1	INSTRUCTIONSCROLL	5158
1168617636003	1	INSTRUCTIONSCROLL	5162
1168617636020	1	INSTRUCTIONSCROLL	5165
1168617636036	1	INSTRUCTIONSCROLL	5169
1168617636053	1	INSTRUCTIONSCROLL	5172
1168617636070	1	INSTRUCTIONSCROLL	5175
1168617636086	1	INSTRUCTIONSCROLL	5179
1168617636103	1	INSTRUCTIONSCROLL	5182
1168617636120	1	INSTRUCTIONSCROLL	5185
1168617636136	1	INSTRUCTIONSCROLL	5189
1168617636153	1	INSTRUCTIONSCROLL	5192
1168617636170	1	INSTRUCTIONSCROLL	5195
1168617636186	1	INSTRUCTIONSCROLL	5199
1168617636203	1	INSTRUCTIONSCROLL	5202
1168617636220	1	INSTRUCTIONSCROLL	5205
1168617636236	1	INSTRUCTIONSCROLL	5209
1168617636253	1	INSTRUCTIONSCROLL	5212
1168617636269	1	INSTRUCTIONSCROLL	5215
1168617636285	1	INSTRUCTIONSCROLL	5218
1168617636302	1	INSTRUCTIONSCROLL	5222
1168617636319	1	INSTRUCTIONSCROLL	5225
1168617636335	1	INSTRUCTIONSCROLL	5228
1168617636352	1	INSTRUCTIONSCROLL	5232
1168617636369	1	INSTRUCTIONSCROLL	5235
1168617636385	1	INSTRUCTIONSCROLL	5238
1168617636402	1	INSTRUCTIONSCROLL	5242
1168617636419	1	INSTRUCTIONSCROLL	5245
1168617636435	1	INSTRUCTIONSCROLL	5248
1168617636452	1	INSTRUCTIONSCROLL	5252
1168617636469	1	INSTRUCTIONSCROLL	5255
1168617636485	1	INSTRUCTIONSCROLL	5258
1168617636502	1	INSTRUCTIONSCROLL	5259
1168617638501	1	INSTRUCTIONSTOP	Button set (OR)
1168617638502	0	E	Logging Ends
