1155582996879	0	B	Logging Begins
1155582996879	0	SETUP
1155582997100	0	RESTORESTATE
1155582997100	0	RESTORESTATE
1155582997362	0	SESSION	0
1155582997695	0	SESSION	1
1155582997703	0	SAVESTATE
1155582997703	0	RESTORESTATE
1155582998042	0	SESSION	0
1155583923553	0	SAVESTATE
1155583931966	0	SAVESTATE
1155583939299	0	SAVESTATE
1155583947279	0	SAVESTATE
1155583955213	0	SAVESTATE
1155583962774	0	SAVESTATE
1155583970260	0	SAVESTATE
1155583977738	0	SAVESTATE
1155583985237	0	SAVESTATE
1155583993401	0	SAVESTATE
1155584001631	0	SAVESTATE
1155584008996	0	SAVESTATE
1155584016544	0	SAVESTATE
1155584024724	0	SAVESTATE
1155584032225	0	SAVESTATE
1155584040305	0	SAVESTATE
1155584048271	0	SAVESTATE
1155584056416	0	SAVESTATE
1155584064763	0	SAVESTATE
1155584072412	0	SAVESTATE
1155584080094	0	SAVESTATE
1155584087509	0	SAVESTATE
1155584095106	0	SAVESTATE
1155584102620	0	SAVESTATE
1155584110136	0	SAVESTATE
1155584117516	0	SAVESTATE
1155584125153	0	SAVESTATE
1155584132512	0	SAVESTATE
1155584140145	0	SAVESTATE
1155584147708	0	SAVESTATE
1155584155406	0	SAVESTATE
1155584162820	0	SAVESTATE
1155584187697	0	SAVESTATE
1155584195046	0	SAVESTATE
1155584202627	0	SAVESTATE
1155584210458	0	SAVESTATE
1155584218007	0	SAVESTATE
1155584225454	0	SAVESTATE
1155584233751	0	SAVESTATE
1155584240883	0	SAVESTATE
1155584248598	0	SAVESTATE
1155584256431	0	SAVESTATE
1155584264161	0	SAVESTATE
1155584271974	0	SAVESTATE
1155584279906	0	SAVESTATE
1155584287172	0	SAVESTATE
1155584295137	0	SAVESTATE
1155584302699	0	SAVESTATE
1155584310565	0	SAVESTATE
1155584318064	0	SAVESTATE
1155584325793	0	SAVESTATE
1155584333729	0	SAVESTATE
1155584341723	0	SAVESTATE
1155584349804	0	SAVESTATE
1155584357868	0	SAVESTATE
1155584365383	0	SAVESTATE
1155584373598	0	SAVESTATE
1155584381928	0	SAVESTATE
1155584389743	0	SAVESTATE
1155584399423	0	SAVESTATE
1155584407222	0	SAVESTATE
1155584415536	0	SAVESTATE
1155584424350	0	SAVESTATE
1155584431898	0	SAVESTATE
1155584441677	0	BREAK
1155584441677	0	E	Logging Ends
