1171051941687	0	B	Logging Begins
1171051941687	0	INSTRUCTIONSTART	JointRoller	/Library/Frameworks/Python.framework/Versions/2.4/lib/python2.4/site-packages/pyepl/resources/vera.ttf	51	(0, 0, 0)	'This study will analyze your memory for face items. A star (*) will be\nshown to warn you that the trial is about to begin.  After the study\nitem you see a probe, and you are asked to indicate whether the probe\nis identical to the study item. \n\nYou will respond on the keyboard, with a confidence judgment between 1\nand 6.  A judgment of 6 indicates that you are near certain that the\nprobe is identical to the study item, a judgment of 5 indicates moderate \nconfidence, and a judgment of 4 indicates that you think that the probe\nis identical, but are quite unsure.  A judgment of 1 indicates that you\nare near certain that the probe is NOT identical to the study item, a \njudgment of 2 indicates moderate confidence, and a judgment of 3 indicates\nthat you think that the probe is NOT identical, but are quite unsure.\n\nSo, judgments of 4, 5, and 6 all indicate "YES"; 1, 2, and 3 all indicate\n"NO".\n\nYou should rest your fingers on the bottom row of the keyboard.  "Z", "X", \nand "C" will correspond to confidence judgments of 1, 2, and 3, \nrespectively.  "," "." and "/" will correspond to judgments of 4, 5, and \n6, respectively.\n\nRESPOND AS QUICKLY AS YOU CAN WITHOUT COMPROMISING YOUR ACCURACY.\n\nYou will do two blocks, each consisting of 32 trials.\n\nLet\'s proceed!\n\n'
1171051941743	1	INSTRUCTIONSCROLL	0
1171051963467	1	INSTRUCTIONSCROLL	1
1171051963484	1	INSTRUCTIONSCROLL	3
1171051963500	1	INSTRUCTIONSCROLL	6
1171051963517	1	INSTRUCTIONSCROLL	10
1171051963534	1	INSTRUCTIONSCROLL	13
1171051963550	1	INSTRUCTIONSCROLL	16
1171051963567	1	INSTRUCTIONSCROLL	20
1171051963584	1	INSTRUCTIONSCROLL	23
1171051963600	1	INSTRUCTIONSCROLL	26
1171051963617	1	INSTRUCTIONSCROLL	30
1171051963850	1	INSTRUCTIONSCROLL	31
1171051963867	1	INSTRUCTIONSCROLL	35
1171051963884	1	INSTRUCTIONSCROLL	38
1171051963900	1	INSTRUCTIONSCROLL	41
1171051963917	1	INSTRUCTIONSCROLL	45
1171051963934	1	INSTRUCTIONSCROLL	48
1171051963950	1	INSTRUCTIONSCROLL	51
1171051963966	1	INSTRUCTIONSCROLL	55
1171051963983	1	INSTRUCTIONSCROLL	58
1171051964000	1	INSTRUCTIONSCROLL	61
1171051964017	1	INSTRUCTIONSCROLL	65
1171051964034	1	INSTRUCTIONSCROLL	68
1171051964050	1	INSTRUCTIONSCROLL	71
1171051964067	1	INSTRUCTIONSCROLL	75
1171051964084	1	INSTRUCTIONSCROLL	78
1171051964100	1	INSTRUCTIONSCROLL	81
1171051964117	1	INSTRUCTIONSCROLL	85
1171051964134	1	INSTRUCTIONSCROLL	88
1171051964150	1	INSTRUCTIONSCROLL	91
1171051964167	1	INSTRUCTIONSCROLL	95
1171051964184	1	INSTRUCTIONSCROLL	98
1171051964200	1	INSTRUCTIONSCROLL	101
1171051964217	1	INSTRUCTIONSCROLL	105
1171051964234	1	INSTRUCTIONSCROLL	108
1171051964250	1	INSTRUCTIONSCROLL	111
1171051964267	1	INSTRUCTIONSCROLL	115
1171051964283	1	INSTRUCTIONSCROLL	118
1171051964300	1	INSTRUCTIONSCROLL	121
1171051964317	1	INSTRUCTIONSCROLL	125
1171051964334	1	INSTRUCTIONSCROLL	128
1171051964350	1	INSTRUCTIONSCROLL	131
1171051964367	1	INSTRUCTIONSCROLL	135
1171051964383	1	INSTRUCTIONSCROLL	138
1171051964400	1	INSTRUCTIONSCROLL	141
1171051964417	1	INSTRUCTIONSCROLL	145
1171051964433	1	INSTRUCTIONSCROLL	148
1171051964450	1	INSTRUCTIONSCROLL	151
1171051964467	1	INSTRUCTIONSCROLL	155
1171051964483	1	INSTRUCTIONSCROLL	158
1171051964500	1	INSTRUCTIONSCROLL	161
1171051964517	1	INSTRUCTIONSCROLL	165
1171051964533	1	INSTRUCTIONSCROLL	168
1171051964550	1	INSTRUCTIONSCROLL	171
1171051964567	1	INSTRUCTIONSCROLL	175
1171051964583	1	INSTRUCTIONSCROLL	178
1171051964600	1	INSTRUCTIONSCROLL	181
1171051964617	1	INSTRUCTIONSCROLL	185
1171051964633	1	INSTRUCTIONSCROLL	188
1171051964650	1	INSTRUCTIONSCROLL	191
1171051964667	1	INSTRUCTIONSCROLL	195
1171051964683	1	INSTRUCTIONSCROLL	198
1171051964700	1	INSTRUCTIONSCROLL	201
1171051964717	1	INSTRUCTIONSCROLL	205
1171051964733	1	INSTRUCTIONSCROLL	208
1171051964750	1	INSTRUCTIONSCROLL	211
1171051964767	1	INSTRUCTIONSCROLL	215
1171051964783	1	INSTRUCTIONSCROLL	218
1171051964800	1	INSTRUCTIONSCROLL	221
1171051964817	1	INSTRUCTIONSCROLL	225
1171051964833	1	INSTRUCTIONSCROLL	228
1171051964850	1	INSTRUCTIONSCROLL	231
1171051965267	1	INSTRUCTIONSCROLL	232
1171051965283	1	INSTRUCTIONSCROLL	233
1171051965300	1	INSTRUCTIONSCROLL	236
1171051965316	1	INSTRUCTIONSCROLL	240
1171051965566	1	INSTRUCTIONSCROLL	241
1171051965583	1	INSTRUCTIONSCROLL	242
1171051965600	1	INSTRUCTIONSCROLL	245
1171051965616	1	INSTRUCTIONSCROLL	249
1171051965999	1	INSTRUCTIONSCROLL	250
1171051966016	1	INSTRUCTIONSCROLL	252
1171051966033	1	INSTRUCTIONSCROLL	255
1171051966050	1	INSTRUCTIONSCROLL	258
1171051966066	1	INSTRUCTIONSCROLL	262
1171051966366	1	INSTRUCTIONSCROLL	263
1171051966383	1	INSTRUCTIONSCROLL	266
1171051966399	1	INSTRUCTIONSCROLL	269
1171051966416	1	INSTRUCTIONSCROLL	273
1171051966716	1	INSTRUCTIONSCROLL	274
1171051966733	1	INSTRUCTIONSCROLL	278
1171051966749	1	INSTRUCTIONSCROLL	281
1171051967016	1	INSTRUCTIONSCROLL	282
1171051967033	1	INSTRUCTIONSCROLL	284
1171051967049	1	INSTRUCTIONSCROLL	287
1171051967066	1	INSTRUCTIONSCROLL	291
1171051975613	1	INSTRUCTIONSCROLL	292
1171051975630	1	INSTRUCTIONSCROLL	295
1171051975647	1	INSTRUCTIONSCROLL	298
1171051975663	1	INSTRUCTIONSCROLL	301
1171051975680	1	INSTRUCTIONSCROLL	305
1171051975697	1	INSTRUCTIONSCROLL	308
1171051975713	1	INSTRUCTIONSCROLL	311
1171051975730	1	INSTRUCTIONSCROLL	315
1171051975746	1	INSTRUCTIONSCROLL	318
1171051975763	1	INSTRUCTIONSCROLL	321
1171051975780	1	INSTRUCTIONSCROLL	325
1171051975796	1	INSTRUCTIONSCROLL	328
1171051975813	1	INSTRUCTIONSCROLL	331
1171051976046	1	INSTRUCTIONSCROLL	332
1171051976063	1	INSTRUCTIONSCROLL	336
1171051976080	1	INSTRUCTIONSCROLL	339
1171051976096	1	INSTRUCTIONSCROLL	342
1171051976113	1	INSTRUCTIONSCROLL	346
1171051976130	1	INSTRUCTIONSCROLL	349
1171051976146	1	INSTRUCTIONSCROLL	352
1171051976163	1	INSTRUCTIONSCROLL	356
1171051976180	1	INSTRUCTIONSCROLL	359
1171051976196	1	INSTRUCTIONSCROLL	362
1171051976430	1	INSTRUCTIONSCROLL	363
1171051976446	1	INSTRUCTIONSCROLL	365
1171051976463	1	INSTRUCTIONSCROLL	368
1171051976480	1	INSTRUCTIONSCROLL	371
1171051976496	1	INSTRUCTIONSCROLL	375
1171051976513	1	INSTRUCTIONSCROLL	378
1171051976530	1	INSTRUCTIONSCROLL	381
1171051976546	1	INSTRUCTIONSCROLL	385
1171051976563	1	INSTRUCTIONSCROLL	388
1171051976580	1	INSTRUCTIONSCROLL	391
1171051976596	1	INSTRUCTIONSCROLL	395
1171051977163	1	INSTRUCTIONSCROLL	396
1171051977179	1	INSTRUCTIONSCROLL	400
1171051977196	1	INSTRUCTIONSCROLL	403
1171051977213	1	INSTRUCTIONSCROLL	406
1171051977229	1	INSTRUCTIONSCROLL	410
1171051977246	1	INSTRUCTIONSCROLL	413
1171051977263	1	INSTRUCTIONSCROLL	416
1171051977279	1	INSTRUCTIONSCROLL	420
1171051977296	1	INSTRUCTIONSCROLL	423
1171051977313	1	INSTRUCTIONSCROLL	426
1171051977329	1	INSTRUCTIONSCROLL	430
1171051977346	1	INSTRUCTIONSCROLL	433
1171051977363	1	INSTRUCTIONSCROLL	436
1171051977379	1	INSTRUCTIONSCROLL	440
1171051977396	1	INSTRUCTIONSCROLL	443
1171051977413	1	INSTRUCTIONSCROLL	446
1171051977429	1	INSTRUCTIONSCROLL	450
1171051977446	1	INSTRUCTIONSCROLL	453
1171051977463	1	INSTRUCTIONSCROLL	456
1171051977479	1	INSTRUCTIONSCROLL	460
1171051977496	1	INSTRUCTIONSCROLL	463
1171051977513	1	INSTRUCTIONSCROLL	466
1171051977529	1	INSTRUCTIONSCROLL	470
1171051977546	1	INSTRUCTIONSCROLL	473
1171051977563	1	INSTRUCTIONSCROLL	476
1171051977579	1	INSTRUCTIONSCROLL	480
1171051977596	1	INSTRUCTIONSCROLL	483
1171051977613	1	INSTRUCTIONSCROLL	486
1171051977629	1	INSTRUCTIONSCROLL	490
1171051977646	1	INSTRUCTIONSCROLL	493
1171051977663	1	INSTRUCTIONSCROLL	496
1171051977862	1	INSTRUCTIONSCROLL	497
1171051977879	1	INSTRUCTIONSCROLL	501
1171051977896	1	INSTRUCTIONSCROLL	504
1171051977912	1	INSTRUCTIONSCROLL	507
1171051977929	1	INSTRUCTIONSCROLL	511
1171051977946	1	INSTRUCTIONSCROLL	514
1171051977961	1	INSTRUCTIONSCROLL	517
1171051977978	1	INSTRUCTIONSCROLL	520
1171051977995	1	INSTRUCTIONSCROLL	524
1171051978012	1	INSTRUCTIONSCROLL	527
1171051978146	1	INSTRUCTIONSCROLL	528
1171051978162	1	INSTRUCTIONSCROLL	529
1171051978179	1	INSTRUCTIONSCROLL	532
1171051978196	1	INSTRUCTIONSCROLL	535
1171051978212	1	INSTRUCTIONSCROLL	539
1171051978229	1	INSTRUCTIONSCROLL	542
1171051978246	1	INSTRUCTIONSCROLL	545
1171051978262	1	INSTRUCTIONSCROLL	549
1171051978279	1	INSTRUCTIONSCROLL	552
1171051978296	1	INSTRUCTIONSCROLL	555
1171051978312	1	INSTRUCTIONSCROLL	559
1171051978329	1	INSTRUCTIONSCROLL	562
1171051978346	1	INSTRUCTIONSCROLL	565
1171051978362	1	INSTRUCTIONSCROLL	569
1171051978379	1	INSTRUCTIONSCROLL	572
1171051978396	1	INSTRUCTIONSCROLL	575
1171051978412	1	INSTRUCTIONSCROLL	579
1171051978429	1	INSTRUCTIONSCROLL	582
1171051978729	1	INSTRUCTIONSCROLL	583
1171051978745	1	INSTRUCTIONSCROLL	585
1171051978762	1	INSTRUCTIONSCROLL	588
1171051978779	1	INSTRUCTIONSCROLL	592
1171051978795	1	INSTRUCTIONSCROLL	595
1171051978812	1	INSTRUCTIONSCROLL	598
1171051978829	1	INSTRUCTIONSCROLL	602
1171051978845	1	INSTRUCTIONSCROLL	605
1171051978862	1	INSTRUCTIONSCROLL	608
1171051978879	1	INSTRUCTIONSCROLL	612
1171051978895	1	INSTRUCTIONSCROLL	615
1171051978912	1	INSTRUCTIONSCROLL	618
1171051978929	1	INSTRUCTIONSCROLL	622
1171051978945	1	INSTRUCTIONSCROLL	625
1171051978961	1	INSTRUCTIONSCROLL	628
1171051978978	1	INSTRUCTIONSCROLL	631
1171051978994	1	INSTRUCTIONSCROLL	635
1171051979012	1	INSTRUCTIONSCROLL	638
1171051979029	1	INSTRUCTIONSCROLL	642
1171051979045	1	INSTRUCTIONSCROLL	645
1171051979062	1	INSTRUCTIONSCROLL	648
1171051979079	1	INSTRUCTIONSCROLL	652
1171051979095	1	INSTRUCTIONSCROLL	655
1171051979112	1	INSTRUCTIONSCROLL	658
1171051979129	1	INSTRUCTIONSCROLL	662
1171051979145	1	INSTRUCTIONSCROLL	665
1171051979162	1	INSTRUCTIONSCROLL	668
1171051979179	1	INSTRUCTIONSCROLL	672
1171051979195	1	INSTRUCTIONSCROLL	675
1171051979212	1	INSTRUCTIONSCROLL	678
1171051979229	1	INSTRUCTIONSCROLL	682
1171051979245	1	INSTRUCTIONSCROLL	685
1171051979262	1	INSTRUCTIONSCROLL	688
1171051979279	1	INSTRUCTIONSCROLL	692
1171051979295	1	INSTRUCTIONSCROLL	695
1171051979312	1	INSTRUCTIONSCROLL	698
1171051979329	1	INSTRUCTIONSCROLL	702
1171051979345	1	INSTRUCTIONSCROLL	705
1171051979362	1	INSTRUCTIONSCROLL	708
1171051979379	1	INSTRUCTIONSCROLL	712
1171051979395	1	INSTRUCTIONSCROLL	715
1171051979412	1	INSTRUCTIONSCROLL	718
1171051979429	1	INSTRUCTIONSCROLL	722
1171051979445	1	INSTRUCTIONSCROLL	725
1171051979462	1	INSTRUCTIONSCROLL	728
1171051979695	1	INSTRUCTIONSCROLL	729
1171051979712	1	INSTRUCTIONSCROLL	731
1171051979729	1	INSTRUCTIONSCROLL	734
1171051979745	1	INSTRUCTIONSCROLL	738
1171051979762	1	INSTRUCTIONSCROLL	741
1171051979778	1	INSTRUCTIONSCROLL	744
1171051979795	1	INSTRUCTIONSCROLL	748
1171051979812	1	INSTRUCTIONSCROLL	751
1171051979828	1	INSTRUCTIONSCROLL	754
1171051979845	1	INSTRUCTIONSCROLL	758
1171051979862	1	INSTRUCTIONSCROLL	761
1171051979878	1	INSTRUCTIONSCROLL	764
1171051979895	1	INSTRUCTIONSCROLL	768
1171051979912	1	INSTRUCTIONSCROLL	771
1171051979928	1	INSTRUCTIONSCROLL	774
1171051979945	1	INSTRUCTIONSCROLL	778
1171051979961	1	INSTRUCTIONSCROLL	781
1171051979978	1	INSTRUCTIONSCROLL	784
1171051979994	1	INSTRUCTIONSCROLL	788
1171051980012	1	INSTRUCTIONSCROLL	791
1171051980028	1	INSTRUCTIONSCROLL	794
1171051980045	1	INSTRUCTIONSCROLL	798
1171051980062	1	INSTRUCTIONSCROLL	801
1171051980078	1	INSTRUCTIONSCROLL	805
1171051980095	1	INSTRUCTIONSCROLL	808
1171051980112	1	INSTRUCTIONSCROLL	811
1171051980128	1	INSTRUCTIONSCROLL	814
1171051980145	1	INSTRUCTIONSCROLL	818
1171051980162	1	INSTRUCTIONSCROLL	821
1171051980178	1	INSTRUCTIONSCROLL	825
1171051980195	1	INSTRUCTIONSCROLL	828
1171051980212	1	INSTRUCTIONSCROLL	831
1171051980228	1	INSTRUCTIONSCROLL	834
1171051980245	1	INSTRUCTIONSCROLL	838
1171051980262	1	INSTRUCTIONSCROLL	841
1171051980278	1	INSTRUCTIONSCROLL	844
1171051980295	1	INSTRUCTIONSCROLL	848
1171051980612	1	INSTRUCTIONSCROLL	849
1171051980628	1	INSTRUCTIONSCROLL	851
1171051980645	1	INSTRUCTIONSCROLL	855
1171051980662	1	INSTRUCTIONSCROLL	858
1171051980678	1	INSTRUCTIONSCROLL	861
1171051980695	1	INSTRUCTIONSCROLL	865
1171051980712	1	INSTRUCTIONSCROLL	868
1171051980728	1	INSTRUCTIONSCROLL	871
1171051980745	1	INSTRUCTIONSCROLL	875
1171051980762	1	INSTRUCTIONSCROLL	878
1171051980778	1	INSTRUCTIONSCROLL	881
1171051980795	1	INSTRUCTIONSCROLL	885
1171051980812	1	INSTRUCTIONSCROLL	888
1171051980828	1	INSTRUCTIONSCROLL	891
1171051980845	1	INSTRUCTIONSCROLL	895
1171051980861	1	INSTRUCTIONSCROLL	898
1171051980878	1	INSTRUCTIONSCROLL	901
1171051980895	1	INSTRUCTIONSCROLL	905
1171051980911	1	INSTRUCTIONSCROLL	908
1171051980928	1	INSTRUCTIONSCROLL	911
1171051980945	1	INSTRUCTIONSCROLL	915
1171051980960	1	INSTRUCTIONSCROLL	918
1171051980977	1	INSTRUCTIONSCROLL	921
1171051980994	1	INSTRUCTIONSCROLL	925
1171051981011	1	INSTRUCTIONSCROLL	928
1171051981028	1	INSTRUCTIONSCROLL	931
1171051981045	1	INSTRUCTIONSCROLL	935
1171051981061	1	INSTRUCTIONSCROLL	938
1171051981078	1	INSTRUCTIONSCROLL	941
1171051981095	1	INSTRUCTIONSCROLL	945
1171051981111	1	INSTRUCTIONSCROLL	948
1171051981128	1	INSTRUCTIONSCROLL	951
1171051981611	1	INSTRUCTIONSCROLL	952
1171051981628	1	INSTRUCTIONSCROLL	953
1171051981645	1	INSTRUCTIONSCROLL	957
1171051981661	1	INSTRUCTIONSCROLL	960
1171051981678	1	INSTRUCTIONSCROLL	963
1171051981695	1	INSTRUCTIONSCROLL	967
1171051981711	1	INSTRUCTIONSCROLL	970
1171051981728	1	INSTRUCTIONSCROLL	973
1171051981744	1	INSTRUCTIONSCROLL	977
1171051981761	1	INSTRUCTIONSCROLL	980
1171051981778	1	INSTRUCTIONSCROLL	983
1171051982544	1	INSTRUCTIONSCROLL	984
1171051982561	1	INSTRUCTIONSCROLL	986
1171051982578	1	INSTRUCTIONSCROLL	990
1171051982594	1	INSTRUCTIONSCROLL	993
1171051982611	1	INSTRUCTIONSCROLL	996
1171051982628	1	INSTRUCTIONSCROLL	1000
1171051982644	1	INSTRUCTIONSCROLL	1003
1171051982661	1	INSTRUCTIONSCROLL	1006
1171051982678	1	INSTRUCTIONSCROLL	1010
1171051982694	1	INSTRUCTIONSCROLL	1013
1171051982711	1	INSTRUCTIONSCROLL	1016
1171051982728	1	INSTRUCTIONSCROLL	1020
1171051982744	1	INSTRUCTIONSCROLL	1023
1171051982761	1	INSTRUCTIONSCROLL	1026
1171051982778	1	INSTRUCTIONSCROLL	1030
1171051982794	1	INSTRUCTIONSCROLL	1033
1171051982811	1	INSTRUCTIONSCROLL	1036
1171051982827	1	INSTRUCTIONSCROLL	1040
1171051982844	1	INSTRUCTIONSCROLL	1043
1171051982861	1	INSTRUCTIONSCROLL	1046
1171051987809	1	INSTRUCTIONSCROLL	1047
1171051987826	1	INSTRUCTIONSCROLL	1050
1171051987843	1	INSTRUCTIONSCROLL	1053
1171051987859	1	INSTRUCTIONSCROLL	1056
1171051987876	1	INSTRUCTIONSCROLL	1060
1171051987893	1	INSTRUCTIONSCROLL	1063
1171051987909	1	INSTRUCTIONSCROLL	1066
1171051987926	1	INSTRUCTIONSCROLL	1069
1171051988026	1	INSTRUCTIONSCROLL	1070
1171051988043	1	INSTRUCTIONSCROLL	1073
1171051988226	1	INSTRUCTIONSCROLL	1074
1171051988243	1	INSTRUCTIONSCROLL	1075
1171051988259	1	INSTRUCTIONSCROLL	1078
1171051988276	1	INSTRUCTIONSCROLL	1082
1171051988292	1	INSTRUCTIONSCROLL	1085
1171051988309	1	INSTRUCTIONSCROLL	1088
1171051988326	1	INSTRUCTIONSCROLL	1091
1171051988342	1	INSTRUCTIONSCROLL	1095
1171051988359	1	INSTRUCTIONSCROLL	1098
1171051988376	1	INSTRUCTIONSCROLL	1101
1171051988392	1	INSTRUCTIONSCROLL	1105
1171051988409	1	INSTRUCTIONSCROLL	1108
1171051988426	1	INSTRUCTIONSCROLL	1111
1171051988442	1	INSTRUCTIONSCROLL	1115
1171051988459	1	INSTRUCTIONSCROLL	1118
1171051988476	1	INSTRUCTIONSCROLL	1121
1171051988492	1	INSTRUCTIONSCROLL	1125
1171051988509	1	INSTRUCTIONSCROLL	1128
1171051988526	1	INSTRUCTIONSCROLL	1131
1171051988542	1	INSTRUCTIONSCROLL	1135
1171051988559	1	INSTRUCTIONSCROLL	1138
1171051988576	1	INSTRUCTIONSCROLL	1141
1171051988592	1	INSTRUCTIONSCROLL	1145
1171051988609	1	INSTRUCTIONSCROLL	1148
1171051988626	1	INSTRUCTIONSCROLL	1151
1171051988642	1	INSTRUCTIONSCROLL	1155
1171051988659	1	INSTRUCTIONSCROLL	1158
1171051988676	1	INSTRUCTIONSCROLL	1162
1171051988692	1	INSTRUCTIONSCROLL	1165
1171051988709	1	INSTRUCTIONSCROLL	1168
1171051988726	1	INSTRUCTIONSCROLL	1171
1171051988742	1	INSTRUCTIONSCROLL	1175
1171051988759	1	INSTRUCTIONSCROLL	1178
1171051988776	1	INSTRUCTIONSCROLL	1182
1171051988792	1	INSTRUCTIONSCROLL	1185
1171051988809	1	INSTRUCTIONSCROLL	1188
1171051988826	1	INSTRUCTIONSCROLL	1192
1171051988842	1	INSTRUCTIONSCROLL	1195
1171051988859	1	INSTRUCTIONSCROLL	1198
1171051988876	1	INSTRUCTIONSCROLL	1201
1171051988892	1	INSTRUCTIONSCROLL	1205
1171051988909	1	INSTRUCTIONSCROLL	1208
1171051988926	1	INSTRUCTIONSCROLL	1212
1171051988942	1	INSTRUCTIONSCROLL	1215
1171051988959	1	INSTRUCTIONSCROLL	1218
1171051988975	1	INSTRUCTIONSCROLL	1222
1171051988991	1	INSTRUCTIONSCROLL	1225
1171051989009	1	INSTRUCTIONSCROLL	1228
1171051989026	1	INSTRUCTIONSCROLL	1231
1171051989042	1	INSTRUCTIONSCROLL	1235
1171051989059	1	INSTRUCTIONSCROLL	1238
1171051989076	1	INSTRUCTIONSCROLL	1242
1171051989092	1	INSTRUCTIONSCROLL	1245
1171051989109	1	INSTRUCTIONSCROLL	1248
1171051989126	1	INSTRUCTIONSCROLL	1252
1171051989142	1	INSTRUCTIONSCROLL	1255
1171051989159	1	INSTRUCTIONSCROLL	1258
1171051989175	1	INSTRUCTIONSCROLL	1261
1171051989192	1	INSTRUCTIONSCROLL	1265
1171051989209	1	INSTRUCTIONSCROLL	1268
1171051989225	1	INSTRUCTIONSCROLL	1272
1171051989242	1	INSTRUCTIONSCROLL	1275
1171051989259	1	INSTRUCTIONSCROLL	1278
1171051989276	1	INSTRUCTIONSCROLL	1282
1171051989292	1	INSTRUCTIONSCROLL	1285
1171051989309	1	INSTRUCTIONSCROLL	1288
1171051989325	1	INSTRUCTIONSCROLL	1291
1171051989342	1	INSTRUCTIONSCROLL	1295
1171051989359	1	INSTRUCTIONSCROLL	1298
1171051989375	1	INSTRUCTIONSCROLL	1302
1171051989392	1	INSTRUCTIONSCROLL	1305
1171051989409	1	INSTRUCTIONSCROLL	1308
1171051989425	1	INSTRUCTIONSCROLL	1312
1171051989442	1	INSTRUCTIONSCROLL	1315
1171051989459	1	INSTRUCTIONSCROLL	1318
1171051989475	1	INSTRUCTIONSCROLL	1321
1171051989492	1	INSTRUCTIONSCROLL	1325
1171051989509	1	INSTRUCTIONSCROLL	1328
1171051989526	1	INSTRUCTIONSCROLL	1332
1171051989542	1	INSTRUCTIONSCROLL	1335
1171051989559	1	INSTRUCTIONSCROLL	1338
1171051989575	1	INSTRUCTIONSCROLL	1342
1171051989592	1	INSTRUCTIONSCROLL	1345
1171051989609	1	INSTRUCTIONSCROLL	1348
1171051989625	1	INSTRUCTIONSCROLL	1351
1171051989642	1	INSTRUCTIONSCROLL	1355
1171051989659	1	INSTRUCTIONSCROLL	1358
1171051989675	1	INSTRUCTIONSCROLL	1361
1171051989692	1	INSTRUCTIONSCROLL	1365
1171051989709	1	INSTRUCTIONSCROLL	1368
1171051989725	1	INSTRUCTIONSCROLL	1371
1171051989742	1	INSTRUCTIONSCROLL	1375
1171051989759	1	INSTRUCTIONSCROLL	1378
1171051989775	1	INSTRUCTIONSCROLL	1381
1171051989792	1	INSTRUCTIONSCROLL	1385
1171051989809	1	INSTRUCTIONSCROLL	1388
1171051989825	1	INSTRUCTIONSCROLL	1391
1171051989842	1	INSTRUCTIONSCROLL	1395
1171051989859	1	INSTRUCTIONSCROLL	1398
1171051989875	1	INSTRUCTIONSCROLL	1401
1171051989892	1	INSTRUCTIONSCROLL	1405
1171051989909	1	INSTRUCTIONSCROLL	1408
1171051989925	1	INSTRUCTIONSCROLL	1411
1171051989942	1	INSTRUCTIONSCROLL	1415
1171051989959	1	INSTRUCTIONSCROLL	1418
1171051989974	1	INSTRUCTIONSCROLL	1421
1171051989991	1	INSTRUCTIONSCROLL	1425
1171051990009	1	INSTRUCTIONSCROLL	1428
1171051990025	1	INSTRUCTIONSCROLL	1431
1171051990192	1	INSTRUCTIONSCROLL	1432
1171051990208	1	INSTRUCTIONSCROLL	1434
1171051990225	1	INSTRUCTIONSCROLL	1438
1171051990242	1	INSTRUCTIONSCROLL	1441
1171051990258	1	INSTRUCTIONSCROLL	1444
1171051990275	1	INSTRUCTIONSCROLL	1448
1171051990292	1	INSTRUCTIONSCROLL	1451
1171051990308	1	INSTRUCTIONSCROLL	1454
1171051990325	1	INSTRUCTIONSCROLL	1458
1171051990442	1	INSTRUCTIONSCROLL	1459
1171051990458	1	INSTRUCTIONSCROLL	1463
1171051990475	1	INSTRUCTIONSCROLL	1466
1171051990492	1	INSTRUCTIONSCROLL	1467
1171052008003	1	INSTRUCTIONSTOP	Button set (OR)
1171052008003	0	E	Logging Ends
