1171051941250	0	B	Logging Begins
1171051941250	0	SESS_START	0
1171052008004	0	TRIAL	1
1171052017030	1	FACE	1029	PRES1_PNPP	Correct	LL1	PP1	Target_PNPP	6	0	PRACTICE
1171052020995	1	FACE	1029	CUE	Correct	LL1	PP1	Target_PNPP	6	0	PRACTICE
1171052022024	0	FACE	1029	RESP	Correct	LL1	PP1	Target_PNPP	6	0	PRACTICE
1171052022053	0	TRIAL	2
1171052026624	1	FACE	727	PRES1_PNNN	Correct	LL1	PP1	Target_PNNN	6	0	PRACTICE
1171052030425	1	FACE	727	CUE	Correct	LL1	PP1	Target_PNNN	6	0	PRACTICE
1171052031152	0	FACE	727	RESP	Correct	LL1	PP1	Target_PNNN	6	0	PRACTICE
1171052031184	0	TRIAL	3
1171052038953	1	FACE	522	PRES1_NPPP	Correct	LL1	PP0	Lure_NPPN	1	0	PRACTICE
1171052042709	1	FACE	522	CUE	Correct	LL1	PP0	Lure_NPPN	1	0	PRACTICE
1171052043231	1	FACE	522	RESP	Correct	LL1	PP0	Lure_NPPN	1	0	PRACTICE
1171052043262	0	TRIAL	4
1171052046595	1	FACE	596	PRES1_NPNP	Incorrect	LL1	PP0	Lure_NPNN	6	0	PRACTICE
1171052050435	1	FACE	596	CUE	Incorrect	LL1	PP0	Lure_NPNN	6	0	PRACTICE
1171052051031	0	FACE	596	RESP	Incorrect	LL1	PP0	Lure_NPNN	6	0	PRACTICE
1171052051061	0	TRIAL	5
1171052054331	1	FACE	626	PRES1_PNNP	Correct	LL1	PP0	Lure_PPNN	1	0	PRACTICE
1171052058348	1	FACE	626	CUE	Correct	LL1	PP0	Lure_PPNN	1	0	PRACTICE
1171052058974	0	FACE	626	RESP	Correct	LL1	PP0	Lure_PPNN	1	0	PRACTICE
1171052059007	0	TRIAL	6
1171052062059	1	FACE	467	PRES1_NPPN	Correct	LL1	PP1	Target_NPPN	6	0	PRACTICE
1171052065916	1	FACE	467	CUE	Correct	LL1	PP1	Target_NPPN	6	0	PRACTICE
1171052066383	0	FACE	467	RESP	Correct	LL1	PP1	Target_NPPN	6	0	PRACTICE
1171052066423	0	TRIAL	7
1171052069397	1	FACE	535	PRES1_PPPP	Correct	LL1	PP1	Target_PPPP	6	0	PRACTICE
1171052073375	1	FACE	535	CUE	Correct	LL1	PP1	Target_PPPP	6	0	PRACTICE
1171052073910	0	FACE	535	RESP	Correct	LL1	PP1	Target_PPPP	6	0	PRACTICE
1171052073937	0	TRIAL	8
1171052076948	1	FACE	613	PRES1_PPNN	Correct	LL1	PP0	Lure_PNPP	1	0	PRACTICE
1171052080809	1	FACE	613	CUE	Correct	LL1	PP0	Lure_PNPP	1	0	PRACTICE
1171052081422	0	FACE	613	RESP	Correct	LL1	PP0	Lure_PNPP	1	0	PRACTICE
1171052081450	0	TRIAL	9
1171052084460	1	FACE	689	PRES1_PNPP	Correct	LL1	PP0	Lure_PNPN	1	0	PRACTICE
1171052088261	1	FACE	689	CUE	Correct	LL1	PP0	Lure_PNPN	1	0	PRACTICE
1171052088950	0	FACE	689	RESP	Correct	LL1	PP0	Lure_PNPN	1	0	PRACTICE
1171052088981	0	TRIAL	10
1171052092217	1	FACE	476	PRES1_NNPP	Correct	LL1	PP1	Target_NNPP	6	0	PRACTICE
1171052096202	1	FACE	476	CUE	Correct	LL1	PP1	Target_NNPP	6	0	PRACTICE
1171052096678	0	FACE	476	RESP	Correct	LL1	PP1	Target_NNPP	6	0	PRACTICE
1171052096713	0	TRIAL	11
1171052099307	1	FACE	453	PRES1_NNNP	Correct	LL1	PP0	Lure_PPPN	1	0	PRACTICE
1171052103320	1	FACE	453	CUE	Correct	LL1	PP0	Lure_PPPN	1	0	PRACTICE
1171052103773	0	FACE	453	RESP	Correct	LL1	PP0	Lure_PPPN	1	0	PRACTICE
1171052103810	0	TRIAL	12
1171052106543	1	FACE	561	PRES1_PPPN	Incorrect	LL1	PP0	Lure_NPPP	6	0	PRACTICE
1171052110604	1	FACE	561	CUE	Incorrect	LL1	PP0	Lure_NPPP	6	0	PRACTICE
1171052111165	0	FACE	561	RESP	Incorrect	LL1	PP0	Lure_NPPP	6	0	PRACTICE
1171052111192	0	TRIAL	13
1171052114085	1	FACE	728	PRES1_NNPN	Correct	LL1	PP0	Lure_PPPP	1	0	PRACTICE
1171052118101	1	FACE	728	CUE	Correct	LL1	PP0	Lure_PPPP	1	0	PRACTICE
1171052118829	0	FACE	728	RESP	Correct	LL1	PP0	Lure_PPPP	1	0	PRACTICE
1171052118855	0	TRIAL	14
1171052121686	1	FACE	616	PRES1_PNPN	Correct	LL1	PP0	Lure_NPNP	1	0	PRACTICE
1171052125510	1	FACE	616	CUE	Correct	LL1	PP0	Lure_NPNP	1	0	PRACTICE
1171052126126	0	FACE	616	RESP	Correct	LL1	PP0	Lure_NPNP	1	0	PRACTICE
1171052126163	0	TRIAL	15
1171052129023	1	FACE	624	PRES1_NPPN	Correct	LL1	PP0	Lure_PPNP	1	0	PRACTICE
1171052132796	1	FACE	624	CUE	Correct	LL1	PP0	Lure_PPNP	1	0	PRACTICE
1171052133420	0	FACE	624	RESP	Correct	LL1	PP0	Lure_PPNP	1	0	PRACTICE
1171052133450	0	TRIAL	16
1171052136202	1	FACE	554	PRES1_NNNN	Incorrect	LL1	PP0	Lure_NNNP	6	0	PRACTICE
1171052139986	1	FACE	554	CUE	Incorrect	LL1	PP0	Lure_NNNP	6	0	PRACTICE
1171052140540	0	FACE	554	RESP	Incorrect	LL1	PP0	Lure_NNNP	6	0	PRACTICE
1171052140565	0	TRIAL	17
1171052143406	1	FACE	666	PRES1_PPNP	Correct	LL1	PP0	Lure_NNPP	1	0	PRACTICE
1171052147170	1	FACE	666	CUE	Correct	LL1	PP0	Lure_NNPP	1	0	PRACTICE
1171052147836	0	FACE	666	RESP	Correct	LL1	PP0	Lure_NNPP	1	0	PRACTICE
1171052147863	0	TRIAL	18
1171052150771	1	FACE	588	PRES1_PPNN	Correct	LL1	PP1	Target_PPNN	6	0	PRACTICE
1171052154576	1	FACE	588	CUE	Correct	LL1	PP1	Target_PPNN	6	0	PRACTICE
1171052155164	0	FACE	588	RESP	Correct	LL1	PP1	Target_PPNN	6	0	PRACTICE
1171052155193	0	TRIAL	19
1171052157961	1	FACE	549	PRES1_NNPN	Correct	LL1	PP1	Target_NNPN	6	0	PRACTICE
1171052161982	1	FACE	549	CUE	Correct	LL1	PP1	Target_NNPN	6	0	PRACTICE
1171052162531	0	FACE	549	RESP	Correct	LL1	PP1	Target_NNPN	6	0	PRACTICE
1171052162559	0	TRIAL	20
1171052165629	1	FACE	513	PRES1_PPPP	Correct	LL1	PP0	Lure_NNNN	1	0	PRACTICE
1171052169530	1	FACE	513	CUE	Correct	LL1	PP0	Lure_NNNN	1	0	PRACTICE
1171052170043	0	FACE	513	RESP	Correct	LL1	PP0	Lure_NNNN	1	0	PRACTICE
1171052170072	0	TRIAL	21
1171052173289	1	FACE	637	PRES1_PNNN	Correct	LL1	PP0	Lure_PNNP	1	0	PRACTICE
1171052177014	1	FACE	637	CUE	Correct	LL1	PP0	Lure_PNNP	1	0	PRACTICE
1171052177651	0	FACE	637	RESP	Correct	LL1	PP0	Lure_PNNP	1	0	PRACTICE
1171052177686	0	TRIAL	22
1171052180654	1	FACE	441	PRES1_NNNN	Correct	LL1	PP1	Target_NNNN	6	0	PRACTICE
1171052184402	1	FACE	441	CUE	Correct	LL1	PP1	Target_NNNN	6	0	PRACTICE
1171052184843	0	FACE	441	RESP	Correct	LL1	PP1	Target_NNNN	6	0	PRACTICE
1171052184868	0	TRIAL	23
1171052187649	1	FACE	574	PRES1_PPNP	Correct	LL1	PP1	Target_PPNP	6	0	PRACTICE
1171052191548	1	FACE	574	CUE	Correct	LL1	PP1	Target_PPNP	6	0	PRACTICE
1171052192122	0	FACE	574	RESP	Correct	LL1	PP1	Target_PPNP	6	0	PRACTICE
1171052192148	0	TRIAL	24
1171052194943	1	FACE	592	PRES1_PPPN	Correct	LL1	PP1	Target_PPPN	6	0	PRACTICE
1171052198874	1	FACE	592	CUE	Correct	LL1	PP1	Target_PPPN	6	0	PRACTICE
1171052199466	0	FACE	592	RESP	Correct	LL1	PP1	Target_PPPN	6	0	PRACTICE
1171052199497	0	TRIAL	25
1171052202186	1	FACE	504	PRES1_PNPN	Correct	LL1	PP1	Target_PNPN	6	0	PRACTICE
1171052206146	1	FACE	504	CUE	Correct	LL1	PP1	Target_PNPN	6	0	PRACTICE
1171052206650	0	FACE	504	RESP	Correct	LL1	PP1	Target_PNPN	6	0	PRACTICE
1171052206677	0	TRIAL	26
1171052209446	1	FACE	1225	PRES1_NPNN	Correct	LL1	PP0	Lure_NNPN	1	0	PRACTICE
1171052213465	1	FACE	1225	CUE	Correct	LL1	PP0	Lure_NNPN	1	0	PRACTICE
1171052214690	0	FACE	1225	RESP	Correct	LL1	PP0	Lure_NNPN	1	0	PRACTICE
1171052214724	0	TRIAL	27
1171052217532	1	FACE	548	PRES1_NNPP	Correct	LL1	PP0	Lure_PNNN	1	0	PRACTICE
1171052221349	1	FACE	548	CUE	Correct	LL1	PP0	Lure_PNNN	1	0	PRACTICE
1171052221897	0	FACE	548	RESP	Correct	LL1	PP0	Lure_PNNN	1	0	PRACTICE
1171052221923	0	TRIAL	28
1171052224690	1	FACE	563	PRES1_NNNP	Correct	LL1	PP1	Target_NNNP	6	0	PRACTICE
1171052228534	1	FACE	563	CUE	Correct	LL1	PP1	Target_NNNP	6	0	PRACTICE
1171052229097	0	FACE	563	RESP	Correct	LL1	PP1	Target_NNNP	6	0	PRACTICE
1171052229136	0	TRIAL	29
1171052231843	1	FACE	598	PRES1_NPNN	Correct	LL1	PP1	Target_NPNN	6	0	PRACTICE
1171052235587	1	FACE	598	CUE	Correct	LL1	PP1	Target_NPNN	6	0	PRACTICE
1171052236185	0	FACE	598	RESP	Correct	LL1	PP1	Target_NPNN	6	0	PRACTICE
1171052236220	0	TRIAL	30
1171052238913	1	FACE	682	PRES1_PNNP	Correct	LL1	PP1	Target_PNNP	6	0	PRACTICE
1171052242830	1	FACE	682	CUE	Correct	LL1	PP1	Target_PNNP	6	0	PRACTICE
1171052243512	1	FACE	682	RESP	Correct	LL1	PP1	Target_PNNP	6	0	PRACTICE
1171052243548	0	TRIAL	31
1171052246357	1	FACE	590	PRES1_NPPP	Correct	LL1	PP1	Target_NPPP	6	0	PRACTICE
1171052250218	1	FACE	590	CUE	Correct	LL1	PP1	Target_NPPP	6	0	PRACTICE
1171052250808	0	FACE	590	RESP	Correct	LL1	PP1	Target_NPPP	6	0	PRACTICE
1171052250847	0	TRIAL	32
1171052253582	1	FACE	514	PRES1_NPNP	Correct	LL1	PP1	Target_NPNP	6	0	PRACTICE
1171052257326	1	FACE	514	CUE	Correct	LL1	PP1	Target_NPNP	6	0	PRACTICE
1171052257840	0	FACE	514	RESP	Correct	LL1	PP1	Target_NPNP	6	0	PRACTICE
1171052265353	0	TRIAL	1
1171052268603	1	FACE	471	PRES1_PPPN	Correct	LL1	PP1	Target_PPPN	6	0	PRACTICE
1171052272527	1	FACE	471	CUE	Correct	LL1	PP1	Target_PPPN	6	0	PRACTICE
1171052272998	1	FACE	471	RESP	Correct	LL1	PP1	Target_PPPN	6	0	PRACTICE
1171052273038	0	TRIAL	2
1171052276137	1	FACE	535	PRES1_PNPP	Correct	LL1	PP0	Lure_NPNP	1	0	PRACTICE
1171052279960	1	FACE	535	CUE	Correct	LL1	PP0	Lure_NPNP	1	0	PRACTICE
1171052280495	0	FACE	535	RESP	Correct	LL1	PP0	Lure_NPNP	1	0	PRACTICE
1171052280520	0	TRIAL	3
1171052283352	1	FACE	441	PRES1_NPNP	Correct	LL1	PP1	Target_NPNP	6	0	PRACTICE
1171052287110	1	FACE	441	CUE	Correct	LL1	PP1	Target_NPNP	6	0	PRACTICE
1171052287551	0	FACE	441	RESP	Correct	LL1	PP1	Target_NPNP	6	0	PRACTICE
1171052287584	0	TRIAL	4
1171052290313	1	FACE	526	PRES1_PPPP	Correct	LL1	PP0	Lure_NNPP	1	0	PRACTICE
1171052294257	1	FACE	526	CUE	Correct	LL1	PP0	Lure_NNPP	1	0	PRACTICE
1171052294783	0	FACE	526	RESP	Correct	LL1	PP0	Lure_NNPP	1	0	PRACTICE
1171052294815	0	TRIAL	5
1171052297584	1	FACE	580	PRES1_PNNN	Correct	LL1	PP0	Lure_PPPN	1	0	PRACTICE
1171052301546	1	FACE	580	CUE	Correct	LL1	PP0	Lure_PPPN	1	0	PRACTICE
1171052302126	0	FACE	580	RESP	Correct	LL1	PP0	Lure_PPPN	1	0	PRACTICE
1171052302162	0	TRIAL	6
1171052304930	1	FACE	506	PRES1_PPNP	Correct	LL1	PP0	Lure_NNNN	1	0	PRACTICE
1171052308772	1	FACE	506	CUE	Correct	LL1	PP0	Lure_NNNN	1	0	PRACTICE
1171052309278	0	FACE	506	RESP	Correct	LL1	PP0	Lure_NNNN	1	0	PRACTICE
1171052309310	0	TRIAL	7
1171052312064	1	FACE	559	PRES1_PPPP	Correct	LL1	PP1	Target_PPPP	6	0	PRACTICE
1171052316071	1	FACE	559	CUE	Correct	LL1	PP1	Target_PPPP	6	0	PRACTICE
1171052316630	0	FACE	559	RESP	Correct	LL1	PP1	Target_PPPP	6	0	PRACTICE
1171052316658	0	TRIAL	8
1171052319429	1	FACE	452	PRES1_NNNP	Correct	LL1	PP1	Target_NNNP	6	0	PRACTICE
1171052323202	1	FACE	452	CUE	Correct	LL1	PP1	Target_NNNP	6	0	PRACTICE
1171052323654	0	FACE	452	RESP	Correct	LL1	PP1	Target_NNNP	6	0	PRACTICE
1171052323689	0	TRIAL	9
1171052326779	1	FACE	716	PRES1_NPPP	Correct	LL1	PP0	Lure_PPNN	1	0	PRACTICE
1171052330633	1	FACE	716	CUE	Correct	LL1	PP0	Lure_PPNN	1	0	PRACTICE
1171052331349	0	FACE	716	RESP	Correct	LL1	PP0	Lure_PPNN	1	0	PRACTICE
1171052331386	0	TRIAL	10
1171052334430	1	FACE	707	PRES1_PPNN	Correct	LL1	PP0	Lure_PNPN	1	0	PRACTICE
1171052338394	1	FACE	707	CUE	Correct	LL1	PP0	Lure_PNPN	1	0	PRACTICE
1171052339101	0	FACE	707	RESP	Correct	LL1	PP0	Lure_PNPN	1	0	PRACTICE
1171052339135	0	TRIAL	11
1171052341900	1	FACE	468	PRES1_NNPN	Correct	LL1	PP1	Target_NNPN	6	0	PRACTICE
1171052345793	1	FACE	468	CUE	Correct	LL1	PP1	Target_NNPN	6	0	PRACTICE
1171052346261	0	FACE	468	RESP	Correct	LL1	PP1	Target_NNPN	6	0	PRACTICE
1171052346298	0	TRIAL	12
1171052349741	1	FACE	554	PRES1_NNNP	Correct	LL1	PP0	Lure_PPNP	1	0	PRACTICE
1171052353619	1	FACE	554	CUE	Correct	LL1	PP0	Lure_PPNP	1	0	PRACTICE
1171052354173	0	FACE	554	RESP	Correct	LL1	PP0	Lure_PPNP	1	0	PRACTICE
1171052354212	0	TRIAL	13
1171052357028	1	FACE	632	PRES1_PPNN	Correct	LL1	PP1	Target_PPNN	6	0	PRACTICE
1171052360804	1	FACE	632	CUE	Correct	LL1	PP1	Target_PPNN	6	0	PRACTICE
1171052361436	0	FACE	632	RESP	Correct	LL1	PP1	Target_PPNN	6	0	PRACTICE
1171052361670	0	TRIAL	14
1171052364234	1	FACE	609	PRES1_NNPP	Correct	LL1	PP0	Lure_NNPN	1	0	PRACTICE
1171052368227	1	FACE	609	CUE	Correct	LL1	PP0	Lure_NNPN	1	0	PRACTICE
1171052368836	0	FACE	609	RESP	Correct	LL1	PP0	Lure_NNPN	1	0	PRACTICE
1171052368876	0	TRIAL	15
1171052371639	1	FACE	640	PRES1_PNNP	Correct	LL1	PP0	Lure_PNNN	1	0	PRACTICE
1171052375676	1	FACE	640	CUE	Correct	LL1	PP0	Lure_PNNN	1	0	PRACTICE
1171052376316	0	FACE	640	RESP	Correct	LL1	PP0	Lure_PNNN	1	0	PRACTICE
1171052376355	0	TRIAL	16
1171052379246	1	FACE	523	PRES1_NPPN	Correct	LL1	PP0	Lure_NNNP	1	0	PRACTICE
1171052383033	1	FACE	523	CUE	Correct	LL1	PP0	Lure_NNNP	1	0	PRACTICE
1171052383556	0	FACE	523	RESP	Correct	LL1	PP0	Lure_NNNP	1	0	PRACTICE
1171052383586	0	TRIAL	17
1171052386365	1	FACE	432	PRES1_NPPP	Correct	LL1	PP1	Target_NPPP	6	0	PRACTICE
1171052390179	1	FACE	432	CUE	Correct	LL1	PP1	Target_NPPP	6	0	PRACTICE
1171052390611	0	FACE	432	RESP	Correct	LL1	PP1	Target_NPPP	6	0	PRACTICE
1171052390651	0	TRIAL	18
1171052393503	1	FACE	684	PRES1_NNPN	Incorrect	LL1	PP0	Lure_NPNN	6	0	PRACTICE
1171052397343	1	FACE	684	CUE	Incorrect	LL1	PP0	Lure_NPNN	6	0	PRACTICE
1171052398027	0	FACE	684	RESP	Incorrect	LL1	PP0	Lure_NPNN	6	0	PRACTICE
1171052398066	0	TRIAL	19
1171052401505	1	FACE	1147	PRES1_PNNN	Correct	LL1	PP1	Target_PNNN	6	0	PRACTICE
1171052405256	1	FACE	1147	CUE	Correct	LL1	PP1	Target_PNNN	6	0	PRACTICE
1171052406403	0	FACE	1147	RESP	Correct	LL1	PP1	Target_PNNN	6	0	PRACTICE
1171052406430	0	TRIAL	20
1171052409267	1	FACE	390	PRES1_PNPN	Correct	LL1	PP0	Lure_PNPP	1	0	PRACTICE
1171052412980	1	FACE	390	CUE	Correct	LL1	PP0	Lure_PNPP	1	0	PRACTICE
1171052413370	1	FACE	390	RESP	Correct	LL1	PP0	Lure_PNPP	1	0	PRACTICE
1171052413410	0	TRIAL	21
1171052416285	1	FACE	594	PRES1_NPPN	Correct	LL1	PP1	Target_NPPN	6	0	PRACTICE
1171052420288	1	FACE	594	CUE	Correct	LL1	PP1	Target_NPPN	6	0	PRACTICE
1171052420882	0	FACE	594	RESP	Correct	LL1	PP1	Target_NPPN	6	0	PRACTICE
1171052420908	0	TRIAL	22
1171052423635	1	FACE	437	PRES1_NNPP	Correct	LL1	PP1	Target_NNPP	6	0	PRACTICE
1171052427548	1	FACE	437	CUE	Correct	LL1	PP1	Target_NNPP	6	0	PRACTICE
1171052427985	0	FACE	437	RESP	Correct	LL1	PP1	Target_NNPP	6	0	PRACTICE
1171052428023	0	TRIAL	23
1171052430855	1	FACE	485	PRES1_PPNP	Correct	LL1	PP1	Target_PPNP	6	0	PRACTICE
1171052434877	1	FACE	485	CUE	Correct	LL1	PP1	Target_PPNP	6	0	PRACTICE
1171052435362	0	FACE	485	RESP	Correct	LL1	PP1	Target_PPNP	6	0	PRACTICE
1171052435386	0	TRIAL	24
1171052438097	1	FACE	441	PRES1_NNNN	Correct	LL1	PP1	Target_NNNN	6	0	PRACTICE
1171052442048	1	FACE	441	CUE	Correct	LL1	PP1	Target_NNNN	6	0	PRACTICE
1171052442489	1	FACE	441	RESP	Correct	LL1	PP1	Target_NNNN	6	0	PRACTICE
1171052442518	0	TRIAL	25
1171052445408	1	FACE	414	PRES1_NPNN	Correct	LL1	PP1	Target_NPNN	6	0	PRACTICE
1171052449243	1	FACE	414	CUE	Correct	LL1	PP1	Target_NPNN	6	0	PRACTICE
1171052449657	0	FACE	414	RESP	Correct	LL1	PP1	Target_NPNN	6	0	PRACTICE
1171052449682	0	TRIAL	26
1171052452469	1	FACE	700	PRES1_PPPN	Correct	LL1	PP0	Lure_PPPP	1	0	PRACTICE
1171052456437	1	FACE	700	CUE	Correct	LL1	PP0	Lure_PPPP	1	0	PRACTICE
1171052457137	0	FACE	700	RESP	Correct	LL1	PP0	Lure_PPPP	1	0	PRACTICE
1171052457162	0	TRIAL	27
1171052459935	1	FACE	696	PRES1_NPNP	Incorrect	LL1	PP0	Lure_PNNP	6	0	PRACTICE
1171052463857	1	FACE	696	CUE	Incorrect	LL1	PP0	Lure_PNNP	6	0	PRACTICE
1171052464553	0	FACE	696	RESP	Incorrect	LL1	PP0	Lure_PNNP	6	0	PRACTICE
1171052464577	0	TRIAL	28
1171052469979	1	FACE	406	PRES1_PNNP	Correct	LL1	PP1	Target_PNNP	6	0	PRACTICE
1171052473826	1	FACE	406	CUE	Correct	LL1	PP1	Target_PNNP	6	0	PRACTICE
1171052474232	0	FACE	406	RESP	Correct	LL1	PP1	Target_PNNP	6	0	PRACTICE
1171052474258	0	TRIAL	29
1171052477136	1	FACE	456	PRES1_PNPP	Correct	LL1	PP1	Target_PNPP	6	0	PRACTICE
1171052481168	1	FACE	456	CUE	Correct	LL1	PP1	Target_PNPP	6	0	PRACTICE
1171052481624	0	FACE	456	RESP	Correct	LL1	PP1	Target_PNPP	6	0	PRACTICE
1171052481659	0	TRIAL	30
1171052484545	1	FACE	536	PRES1_NNNN	Correct	LL1	PP0	Lure_NPPP	1	0	PRACTICE
1171052488520	1	FACE	536	CUE	Correct	LL1	PP0	Lure_NPPP	1	0	PRACTICE
1171052489056	0	FACE	536	RESP	Correct	LL1	PP0	Lure_NPPP	1	0	PRACTICE
1171052489086	0	TRIAL	31
1171052492126	1	FACE	478	PRES1_PNPN	Incorrect	LL1	PP1	Target_PNPN	1	0	PRACTICE
1171052495922	1	FACE	478	CUE	Incorrect	LL1	PP1	Target_PNPN	1	0	PRACTICE
1171052496400	0	FACE	478	RESP	Incorrect	LL1	PP1	Target_PNPN	1	0	PRACTICE
1171052496433	0	TRIAL	32
1171052499421	1	FACE	498	PRES1_NPNN	Incorrect	LL1	PP0	Lure_NPPN	6	0	PRACTICE
1171052503357	1	FACE	498	CUE	Incorrect	LL1	PP0	Lure_NPPN	6	0	PRACTICE
1171052503855	0	FACE	498	RESP	Incorrect	LL1	PP0	Lure_NPPN	6	0	PRACTICE
1171052513143	0	SESS_END	1
1171052513150	0	E	Logging Ends
