1192200872220	0	B	Logging Begins
1192200872220	0	INSTRUCTIONSTART	JointRoller	/Library/Frameworks/Python.framework/Versions/2.4/lib/python2.4/site-packages/pyepl/resources/vera.ttf	75	(0, 0, 0)	'In the following experiment, your memory for associating names with faces will be tested.  The task is difficult and requires concentration, so if you need a break at any time let the experimenter know.\n\nSixteen faces will be presented on the screen, consecutively, accompanied by their names.  A woman\'s voice will also speak the name when the face appears on the screen.  After five seconds, the face will disappear from the screen, a star (*) will flash on the screen for one second, and then the next face and name will appear.\n\nAfter you have seen all sixteen faces and names, you will be prompted to press any key in order to move on to a testing period.  During each trial of the testing period, you will see a face with name underneath it.  You will have to decide whether or not the name is paired with the appropriate face.  \n\nYou will respond on the keyboard, with a confidence judgment between 1 and 6.  A judgment of 1 indicates that you are near certain that the name given is incorrectly paired with the face, a judgment of 2 indicates moderate confidence, and a judgment of 3 indicates that you think the name is incorrectly paired with the face, but are quite unsure.  A judgment of 6 indicates that you are near certain that the name given is correctly paired with the face, a judgment of 5 indicates moderate confidence, and a judgment of 4 indicates that you think the name is correctly paired with the face, but are quite unsure.\n\nYou should rest your fingers on the bottom row of the keyboard.  "Z", "X", and  "C" will correspond to confidence judgments of 1, 2, and 3, respectively.  ",", ".", and "/" will correspond to confidence judgments of 4, 5, and 6, respectively.\n\nAfter five seconds the name and face will disappear from the screen, a star will flash on the screen for one second, and then the next name and face pair will appear on the screen.  You will see sixteen name-face pairs per test period.  You should try to reply as quickly and accurately as you can.\n\nThere will be ten study periods and ten test periods, alternating.  Each face will have the same name over the entire course of the experiment, so your task is to try and learn the faces\' names as quickly and accurately as possible.\n\nDo you have any questions?\n\nPress <ENTER> to continue.\n'
1192200872314	1	INSTRUCTIONSCROLL	0
1192200883166	1	INSTRUCTIONSCROLL	3
1192200883199	1	INSTRUCTIONSCROLL	9
1192200883232	1	INSTRUCTIONSCROLL	16
1192200883265	1	INSTRUCTIONSCROLL	23
1192200883298	1	INSTRUCTIONSCROLL	29
1192200883448	1	INSTRUCTIONSCROLL	33
1192200883481	1	INSTRUCTIONSCROLL	39
1192200883515	1	INSTRUCTIONSCROLL	46
1192200883598	1	INSTRUCTIONSCROLL	49
1192200883631	1	INSTRUCTIONSCROLL	56
1192200883665	1	INSTRUCTIONSCROLL	62
1192200883698	1	INSTRUCTIONSCROLL	69
1192200883781	1	INSTRUCTIONSCROLL	72
1192200883815	1	INSTRUCTIONSCROLL	79
1192200883848	1	INSTRUCTIONSCROLL	86
1192200883881	1	INSTRUCTIONSCROLL	92
1192200883948	1	INSTRUCTIONSCROLL	96
1192200883981	1	INSTRUCTIONSCROLL	102
1192200884331	1	INSTRUCTIONSCROLL	106
1192200884365	1	INSTRUCTIONSCROLL	112
1192200884498	1	INSTRUCTIONSCROLL	116
1192200884531	1	INSTRUCTIONSCROLL	122
1192200884715	1	INSTRUCTIONSCROLL	126
1192200884748	1	INSTRUCTIONSCROLL	132
1192200884931	1	INSTRUCTIONSCROLL	136
1192200884965	1	INSTRUCTIONSCROLL	142
1192200884998	1	INSTRUCTIONSCROLL	149
1192200885032	1	INSTRUCTIONSCROLL	156
1192200885066	1	INSTRUCTIONSCROLL	163
1192200885331	1	INSTRUCTIONSCROLL	166
1192200885365	1	INSTRUCTIONSCROLL	173
1192200885398	1	INSTRUCTIONSCROLL	179
1192200885431	1	INSTRUCTIONSCROLL	186
1192200885465	1	INSTRUCTIONSCROLL	193
1192200885498	1	INSTRUCTIONSCROLL	199
1192200885531	1	INSTRUCTIONSCROLL	206
1192200885565	1	INSTRUCTIONSCROLL	213
1192200885598	1	INSTRUCTIONSCROLL	219
1192200885631	1	INSTRUCTIONSCROLL	226
1192200885665	1	INSTRUCTIONSCROLL	233
1192200885698	1	INSTRUCTIONSCROLL	239
1192200885731	1	INSTRUCTIONSCROLL	246
1192200885765	1	INSTRUCTIONSCROLL	253
1192200885798	1	INSTRUCTIONSCROLL	259
1192200885831	1	INSTRUCTIONSCROLL	266
1192200885865	1	INSTRUCTIONSCROLL	273
1192200885898	1	INSTRUCTIONSCROLL	279
1192200885931	1	INSTRUCTIONSCROLL	286
1192200885965	1	INSTRUCTIONSCROLL	293
1192200885998	1	INSTRUCTIONSCROLL	299
1192200886032	1	INSTRUCTIONSCROLL	306
1192200886066	1	INSTRUCTIONSCROLL	313
1192200886099	1	INSTRUCTIONSCROLL	320
1192200886132	1	INSTRUCTIONSCROLL	326
1192200886166	1	INSTRUCTIONSCROLL	333
1192200886199	1	INSTRUCTIONSCROLL	339
1192200886232	1	INSTRUCTIONSCROLL	346
1192200886265	1	INSTRUCTIONSCROLL	353
1192200886298	1	INSTRUCTIONSCROLL	359
1192200886331	1	INSTRUCTIONSCROLL	366
1192200886365	1	INSTRUCTIONSCROLL	373
1192200886398	1	INSTRUCTIONSCROLL	379
1192200886431	1	INSTRUCTIONSCROLL	386
1192200886465	1	INSTRUCTIONSCROLL	393
1192200886498	1	INSTRUCTIONSCROLL	399
1192200886531	1	INSTRUCTIONSCROLL	406
1192200886565	1	INSTRUCTIONSCROLL	413
1192200886598	1	INSTRUCTIONSCROLL	419
1192200886631	1	INSTRUCTIONSCROLL	426
1192200886665	1	INSTRUCTIONSCROLL	433
1192200886698	1	INSTRUCTIONSCROLL	439
1192200886731	1	INSTRUCTIONSCROLL	446
1192200886765	1	INSTRUCTIONSCROLL	453
1192200886798	1	INSTRUCTIONSCROLL	459
1192200886831	1	INSTRUCTIONSCROLL	466
1192200886865	1	INSTRUCTIONSCROLL	473
1192200886898	1	INSTRUCTIONSCROLL	479
1192200886931	1	INSTRUCTIONSCROLL	486
1192200891298	1	INSTRUCTIONSCROLL	489
1192200891331	1	INSTRUCTIONSCROLL	496
1192200891365	1	INSTRUCTIONSCROLL	503
1192200891398	1	INSTRUCTIONSCROLL	509
1192200891431	1	INSTRUCTIONSCROLL	516
1192200891465	1	INSTRUCTIONSCROLL	523
1192200891498	1	INSTRUCTIONSCROLL	529
1192200891531	1	INSTRUCTIONSCROLL	536
1192200891565	1	INSTRUCTIONSCROLL	543
1192200891598	1	INSTRUCTIONSCROLL	549
1192200891631	1	INSTRUCTIONSCROLL	556
1192200891665	1	INSTRUCTIONSCROLL	563
1192200891698	1	INSTRUCTIONSCROLL	569
1192200891731	1	INSTRUCTIONSCROLL	576
1192200891765	1	INSTRUCTIONSCROLL	583
1192200891798	1	INSTRUCTIONSCROLL	589
1192200891831	1	INSTRUCTIONSCROLL	596
1192200891865	1	INSTRUCTIONSCROLL	603
1192200891898	1	INSTRUCTIONSCROLL	609
1192200891931	1	INSTRUCTIONSCROLL	616
1192200891965	1	INSTRUCTIONSCROLL	623
1192200891998	1	INSTRUCTIONSCROLL	629
1192200892032	1	INSTRUCTIONSCROLL	636
1192200892066	1	INSTRUCTIONSCROLL	643
1192200892099	1	INSTRUCTIONSCROLL	650
1192200892132	1	INSTRUCTIONSCROLL	656
1192200892166	1	INSTRUCTIONSCROLL	663
1192200892199	1	INSTRUCTIONSCROLL	670
1192200892232	1	INSTRUCTIONSCROLL	676
1192200892265	1	INSTRUCTIONSCROLL	683
1192200893116	1	INSTRUCTIONSCROLL	686
1192200893149	1	INSTRUCTIONSCROLL	693
1192200893182	1	INSTRUCTIONSCROLL	699
1192200893216	1	INSTRUCTIONSCROLL	706
1192200893248	1	INSTRUCTIONSCROLL	713
1192200893281	1	INSTRUCTIONSCROLL	719
1192200893315	1	INSTRUCTIONSCROLL	726
1192200893348	1	INSTRUCTIONSCROLL	733
1192200893381	1	INSTRUCTIONSCROLL	739
1192200893415	1	INSTRUCTIONSCROLL	746
1192200893448	1	INSTRUCTIONSCROLL	753
1192200893481	1	INSTRUCTIONSCROLL	759
1192200893515	1	INSTRUCTIONSCROLL	766
1192200893548	1	INSTRUCTIONSCROLL	773
1192200893581	1	INSTRUCTIONSCROLL	779
1192200893615	1	INSTRUCTIONSCROLL	786
1192200893648	1	INSTRUCTIONSCROLL	793
1192200893681	1	INSTRUCTIONSCROLL	799
1192200896298	1	INSTRUCTIONSCROLL	803
1192200896331	1	INSTRUCTIONSCROLL	809
1192200896365	1	INSTRUCTIONSCROLL	816
1192200896398	1	INSTRUCTIONSCROLL	823
1192200896431	1	INSTRUCTIONSCROLL	829
1192200896465	1	INSTRUCTIONSCROLL	836
1192200896498	1	INSTRUCTIONSCROLL	843
1192200896531	1	INSTRUCTIONSCROLL	849
1192200896565	1	INSTRUCTIONSCROLL	856
1192200896598	1	INSTRUCTIONSCROLL	863
1192200896631	1	INSTRUCTIONSCROLL	869
1192200896665	1	INSTRUCTIONSCROLL	876
1192200896698	1	INSTRUCTIONSCROLL	883
1192200896731	1	INSTRUCTIONSCROLL	889
1192200896765	1	INSTRUCTIONSCROLL	896
1192200896798	1	INSTRUCTIONSCROLL	903
1192200896831	1	INSTRUCTIONSCROLL	909
1192200896865	1	INSTRUCTIONSCROLL	916
1192200896898	1	INSTRUCTIONSCROLL	923
1192200896931	1	INSTRUCTIONSCROLL	929
1192200896965	1	INSTRUCTIONSCROLL	936
1192200896998	1	INSTRUCTIONSCROLL	943
1192200897032	1	INSTRUCTIONSCROLL	949
1192200897066	1	INSTRUCTIONSCROLL	956
1192200897099	1	INSTRUCTIONSCROLL	963
1192200897132	1	INSTRUCTIONSCROLL	969
1192200897166	1	INSTRUCTIONSCROLL	976
1192200897199	1	INSTRUCTIONSCROLL	983
1192200897232	1	INSTRUCTIONSCROLL	989
1192200897265	1	INSTRUCTIONSCROLL	996
1192200897298	1	INSTRUCTIONSCROLL	1003
1192200897331	1	INSTRUCTIONSCROLL	1009
1192200897365	1	INSTRUCTIONSCROLL	1016
1192200897398	1	INSTRUCTIONSCROLL	1023
1192200897431	1	INSTRUCTIONSCROLL	1029
1192200897465	1	INSTRUCTIONSCROLL	1036
1192200897498	1	INSTRUCTIONSCROLL	1043
1192200897531	1	INSTRUCTIONSCROLL	1049
1192200897565	1	INSTRUCTIONSCROLL	1056
1192200901865	1	INSTRUCTIONSCROLL	1059
1192200901898	1	INSTRUCTIONSCROLL	1066
1192200901931	1	INSTRUCTIONSCROLL	1072
1192200901965	1	INSTRUCTIONSCROLL	1079
1192200901998	1	INSTRUCTIONSCROLL	1086
1192200902032	1	INSTRUCTIONSCROLL	1092
1192200902066	1	INSTRUCTIONSCROLL	1099
1192200902099	1	INSTRUCTIONSCROLL	1106
1192200902132	1	INSTRUCTIONSCROLL	1112
1192200902166	1	INSTRUCTIONSCROLL	1119
1192200902199	1	INSTRUCTIONSCROLL	1126
1192200902232	1	INSTRUCTIONSCROLL	1132
1192200902265	1	INSTRUCTIONSCROLL	1139
1192200902298	1	INSTRUCTIONSCROLL	1146
1192200902331	1	INSTRUCTIONSCROLL	1152
1192200902365	1	INSTRUCTIONSCROLL	1159
1192200902398	1	INSTRUCTIONSCROLL	1166
1192200902431	1	INSTRUCTIONSCROLL	1172
1192200902465	1	INSTRUCTIONSCROLL	1179
1192200902498	1	INSTRUCTIONSCROLL	1186
1192200902531	1	INSTRUCTIONSCROLL	1192
1192200902565	1	INSTRUCTIONSCROLL	1199
1192200902598	1	INSTRUCTIONSCROLL	1206
1192200902631	1	INSTRUCTIONSCROLL	1212
1192200902665	1	INSTRUCTIONSCROLL	1219
1192200902698	1	INSTRUCTIONSCROLL	1226
1192200904232	1	INSTRUCTIONSCROLL	1229
1192200904265	1	INSTRUCTIONSCROLL	1235
1192200904298	1	INSTRUCTIONSCROLL	1242
1192200904331	1	INSTRUCTIONSCROLL	1249
1192200904365	1	INSTRUCTIONSCROLL	1255
1192200904398	1	INSTRUCTIONSCROLL	1262
1192200904431	1	INSTRUCTIONSCROLL	1269
1192200904465	1	INSTRUCTIONSCROLL	1275
1192200904498	1	INSTRUCTIONSCROLL	1282
1192200904531	1	INSTRUCTIONSCROLL	1289
1192200904565	1	INSTRUCTIONSCROLL	1295
1192200904598	1	INSTRUCTIONSCROLL	1302
1192200904631	1	INSTRUCTIONSCROLL	1309
1192200904665	1	INSTRUCTIONSCROLL	1316
1192200904698	1	INSTRUCTIONSCROLL	1322
1192200904731	1	INSTRUCTIONSCROLL	1329
1192200904765	1	INSTRUCTIONSCROLL	1335
1192200904798	1	INSTRUCTIONSCROLL	1342
1192200904831	1	INSTRUCTIONSCROLL	1349
1192200904865	1	INSTRUCTIONSCROLL	1356
1192200904898	1	INSTRUCTIONSCROLL	1362
1192200904931	1	INSTRUCTIONSCROLL	1369
1192200904965	1	INSTRUCTIONSCROLL	1376
1192200904998	1	INSTRUCTIONSCROLL	1382
1192200905032	1	INSTRUCTIONSCROLL	1389
1192200905066	1	INSTRUCTIONSCROLL	1396
1192200905099	1	INSTRUCTIONSCROLL	1402
1192200905132	1	INSTRUCTIONSCROLL	1409
1192200905166	1	INSTRUCTIONSCROLL	1416
1192200905199	1	INSTRUCTIONSCROLL	1422
1192200905232	1	INSTRUCTIONSCROLL	1429
1192200905265	1	INSTRUCTIONSCROLL	1436
1192200905298	1	INSTRUCTIONSCROLL	1442
1192200905332	1	INSTRUCTIONSCROLL	1449
1192200905365	1	INSTRUCTIONSCROLL	1456
1192200905398	1	INSTRUCTIONSCROLL	1462
1192200905431	1	INSTRUCTIONSCROLL	1469
1192200905465	1	INSTRUCTIONSCROLL	1476
1192200905498	1	INSTRUCTIONSCROLL	1482
1192200905531	1	INSTRUCTIONSCROLL	1489
1192200905565	1	INSTRUCTIONSCROLL	1496
1192200905598	1	INSTRUCTIONSCROLL	1502
1192200905631	1	INSTRUCTIONSCROLL	1509
1192200905665	1	INSTRUCTIONSCROLL	1515
1192200905698	1	INSTRUCTIONSCROLL	1522
1192200905731	1	INSTRUCTIONSCROLL	1529
1192200905765	1	INSTRUCTIONSCROLL	1536
1192200905798	1	INSTRUCTIONSCROLL	1542
1192200905831	1	INSTRUCTIONSCROLL	1549
1192200905865	1	INSTRUCTIONSCROLL	1556
1192200905898	1	INSTRUCTIONSCROLL	1562
1192200905931	1	INSTRUCTIONSCROLL	1569
1192200905965	1	INSTRUCTIONSCROLL	1575
1192200905998	1	INSTRUCTIONSCROLL	1582
1192200906032	1	INSTRUCTIONSCROLL	1589
1192200906066	1	INSTRUCTIONSCROLL	1596
1192200906099	1	INSTRUCTIONSCROLL	1602
1192200906132	1	INSTRUCTIONSCROLL	1609
1192200906166	1	INSTRUCTIONSCROLL	1616
1192200906199	1	INSTRUCTIONSCROLL	1622
1192200906232	1	INSTRUCTIONSCROLL	1629
1192200907698	1	INSTRUCTIONSCROLL	1632
1192200907731	1	INSTRUCTIONSCROLL	1639
1192200907765	1	INSTRUCTIONSCROLL	1646
1192200907798	1	INSTRUCTIONSCROLL	1652
1192200907831	1	INSTRUCTIONSCROLL	1659
1192200907865	1	INSTRUCTIONSCROLL	1666
1192200907898	1	INSTRUCTIONSCROLL	1672
1192200907931	1	INSTRUCTIONSCROLL	1679
1192200907965	1	INSTRUCTIONSCROLL	1686
1192200907998	1	INSTRUCTIONSCROLL	1692
1192200908032	1	INSTRUCTIONSCROLL	1699
1192200908066	1	INSTRUCTIONSCROLL	1706
1192200908099	1	INSTRUCTIONSCROLL	1713
1192200908132	1	INSTRUCTIONSCROLL	1719
1192200908166	1	INSTRUCTIONSCROLL	1726
1192200908199	1	INSTRUCTIONSCROLL	1733
1192200908233	1	INSTRUCTIONSCROLL	1739
1192200908265	1	INSTRUCTIONSCROLL	1746
1192200908298	1	INSTRUCTIONSCROLL	1752
1192200908331	1	INSTRUCTIONSCROLL	1759
1192200908365	1	INSTRUCTIONSCROLL	1766
1192200908398	1	INSTRUCTIONSCROLL	1772
1192200908431	1	INSTRUCTIONSCROLL	1779
1192200908465	1	INSTRUCTIONSCROLL	1786
1192200908498	1	INSTRUCTIONSCROLL	1792
1192200908531	1	INSTRUCTIONSCROLL	1799
1192200908565	1	INSTRUCTIONSCROLL	1806
1192200908598	1	INSTRUCTIONSCROLL	1812
1192200908631	1	INSTRUCTIONSCROLL	1819
1192200908665	1	INSTRUCTIONSCROLL	1826
1192200908698	1	INSTRUCTIONSCROLL	1832
1192200908731	1	INSTRUCTIONSCROLL	1839
1192200908765	1	INSTRUCTIONSCROLL	1846
1192200908798	1	INSTRUCTIONSCROLL	1852
1192200908831	1	INSTRUCTIONSCROLL	1859
1192200908865	1	INSTRUCTIONSCROLL	1866
1192200908898	1	INSTRUCTIONSCROLL	1872
1192200908931	1	INSTRUCTIONSCROLL	1879
1192200908965	1	INSTRUCTIONSCROLL	1886
1192200908998	1	INSTRUCTIONSCROLL	1892
1192200909032	1	INSTRUCTIONSCROLL	1899
1192200909066	1	INSTRUCTIONSCROLL	1906
1192200909099	1	INSTRUCTIONSCROLL	1913
1192200909132	1	INSTRUCTIONSCROLL	1919
1192200909166	1	INSTRUCTIONSCROLL	1926
1192200909199	1	INSTRUCTIONSCROLL	1933
1192200909232	1	INSTRUCTIONSCROLL	1939
1192200909265	1	INSTRUCTIONSCROLL	1946
1192200909298	1	INSTRUCTIONSCROLL	1952
1192200909331	1	INSTRUCTIONSCROLL	1959
1192200909365	1	INSTRUCTIONSCROLL	1966
1192200909398	1	INSTRUCTIONSCROLL	1972
1192200909431	1	INSTRUCTIONSCROLL	1979
1192200909465	1	INSTRUCTIONSCROLL	1986
1192200909498	1	INSTRUCTIONSCROLL	1992
1192200909532	1	INSTRUCTIONSCROLL	1999
1192200909565	1	INSTRUCTIONSCROLL	2006
1192200909598	1	INSTRUCTIONSCROLL	2012
1192200909631	1	INSTRUCTIONSCROLL	2019
1192200909665	1	INSTRUCTIONSCROLL	2026
1192200909698	1	INSTRUCTIONSCROLL	2032
1192200909731	1	INSTRUCTIONSCROLL	2039
1192200909765	1	INSTRUCTIONSCROLL	2046
1192200909798	1	INSTRUCTIONSCROLL	2052
1192200909831	1	INSTRUCTIONSCROLL	2059
1192200909865	1	INSTRUCTIONSCROLL	2066
1192200909898	1	INSTRUCTIONSCROLL	2072
1192200909931	1	INSTRUCTIONSCROLL	2079
1192200909965	1	INSTRUCTIONSCROLL	2086
1192200909998	1	INSTRUCTIONSCROLL	2092
1192200910032	1	INSTRUCTIONSCROLL	2099
1192200910066	1	INSTRUCTIONSCROLL	2106
1192200910099	1	INSTRUCTIONSCROLL	2113
1192200910132	1	INSTRUCTIONSCROLL	2119
1192200910166	1	INSTRUCTIONSCROLL	2126
1192200910199	1	INSTRUCTIONSCROLL	2133
1192200910232	1	INSTRUCTIONSCROLL	2139
1192200910265	1	INSTRUCTIONSCROLL	2146
1192200910298	1	INSTRUCTIONSCROLL	2152
1192200910331	1	INSTRUCTIONSCROLL	2159
1192200910365	1	INSTRUCTIONSCROLL	2166
1192200910398	1	INSTRUCTIONSCROLL	2172
1192200910432	1	INSTRUCTIONSCROLL	2179
1192200910465	1	INSTRUCTIONSCROLL	2186
1192200910498	1	INSTRUCTIONSCROLL	2192
1192200910531	1	INSTRUCTIONSCROLL	2199
1192200910565	1	INSTRUCTIONSCROLL	2206
1192200910598	1	INSTRUCTIONSCROLL	2212
1192200910632	1	INSTRUCTIONSCROLL	2219
1192200911116	1	INSTRUCTIONSCROLL	2222
1192200911149	1	INSTRUCTIONSCROLL	2229
1192200911182	1	INSTRUCTIONSCROLL	2236
1192200911216	1	INSTRUCTIONSCROLL	2242
1192200911248	1	INSTRUCTIONSCROLL	2249
1192200911282	1	INSTRUCTIONSCROLL	2255
1192200911315	1	INSTRUCTIONSCROLL	2262
1192200911350	1	INSTRUCTIONSCROLL	2269
1192200911381	1	INSTRUCTIONSCROLL	2275
1192200916565	1	INSTRUCTIONSCROLL	2279
1192200916598	1	INSTRUCTIONSCROLL	2285
1192200916632	1	INSTRUCTIONSCROLL	2292
1192200916665	1	INSTRUCTIONSCROLL	2299
1192200916698	1	INSTRUCTIONSCROLL	2305
1192200916732	1	INSTRUCTIONSCROLL	2312
1192200916765	1	INSTRUCTIONSCROLL	2319
1192200916798	1	INSTRUCTIONSCROLL	2325
1192200916832	1	INSTRUCTIONSCROLL	2332
1192200916865	1	INSTRUCTIONSCROLL	2339
1192200916898	1	INSTRUCTIONSCROLL	2345
1192200916932	1	INSTRUCTIONSCROLL	2352
1192200916965	1	INSTRUCTIONSCROLL	2359
1192200916998	1	INSTRUCTIONSCROLL	2365
1192200917033	1	INSTRUCTIONSCROLL	2372
1192200917066	1	INSTRUCTIONSCROLL	2379
1192200917099	1	INSTRUCTIONSCROLL	2386
1192200917133	1	INSTRUCTIONSCROLL	2392
1192200917166	1	INSTRUCTIONSCROLL	2399
1192200917199	1	INSTRUCTIONSCROLL	2406
1192200917233	1	INSTRUCTIONSCROLL	2412
1192200917265	1	INSTRUCTIONSCROLL	2419
1192200917298	1	INSTRUCTIONSCROLL	2425
1192200917332	1	INSTRUCTIONSCROLL	2432
1192200917365	1	INSTRUCTIONSCROLL	2439
1192200917398	1	INSTRUCTIONSCROLL	2445
1192200917432	1	INSTRUCTIONSCROLL	2452
1192200917465	1	INSTRUCTIONSCROLL	2459
1192200917498	1	INSTRUCTIONSCROLL	2465
1192200917532	1	INSTRUCTIONSCROLL	2472
1192200917565	1	INSTRUCTIONSCROLL	2479
1192200917598	1	INSTRUCTIONSCROLL	2485
1192200917632	1	INSTRUCTIONSCROLL	2492
1192200917665	1	INSTRUCTIONSCROLL	2499
1192200917698	1	INSTRUCTIONSCROLL	2505
1192200917732	1	INSTRUCTIONSCROLL	2512
1192200917765	1	INSTRUCTIONSCROLL	2519
1192200917798	1	INSTRUCTIONSCROLL	2525
1192200917832	1	INSTRUCTIONSCROLL	2532
1192200917865	1	INSTRUCTIONSCROLL	2539
1192200917898	1	INSTRUCTIONSCROLL	2545
1192200917932	1	INSTRUCTIONSCROLL	2552
1192200917965	1	INSTRUCTIONSCROLL	2559
1192200917998	1	INSTRUCTIONSCROLL	2565
1192200918033	1	INSTRUCTIONSCROLL	2572
1192200918066	1	INSTRUCTIONSCROLL	2579
1192200918099	1	INSTRUCTIONSCROLL	2586
1192200918133	1	INSTRUCTIONSCROLL	2592
1192200918166	1	INSTRUCTIONSCROLL	2599
1192200918199	1	INSTRUCTIONSCROLL	2606
1192200918233	1	INSTRUCTIONSCROLL	2612
1192200918265	1	INSTRUCTIONSCROLL	2619
1192200918298	1	INSTRUCTIONSCROLL	2625
1192200918332	1	INSTRUCTIONSCROLL	2632
1192200918365	1	INSTRUCTIONSCROLL	2639
1192200918398	1	INSTRUCTIONSCROLL	2645
1192200918432	1	INSTRUCTIONSCROLL	2652
1192200918465	1	INSTRUCTIONSCROLL	2659
1192200918498	1	INSTRUCTIONSCROLL	2665
1192200918532	1	INSTRUCTIONSCROLL	2672
1192200918565	1	INSTRUCTIONSCROLL	2679
1192200918598	1	INSTRUCTIONSCROLL	2685
1192200918632	1	INSTRUCTIONSCROLL	2692
1192200918665	1	INSTRUCTIONSCROLL	2699
1192200918698	1	INSTRUCTIONSCROLL	2705
1192200918731	1	INSTRUCTIONSCROLL	2712
1192200918765	1	INSTRUCTIONSCROLL	2719
1192200918798	1	INSTRUCTIONSCROLL	2725
1192200918832	1	INSTRUCTIONSCROLL	2732
1192200918865	1	INSTRUCTIONSCROLL	2739
1192200918898	1	INSTRUCTIONSCROLL	2745
1192200918932	1	INSTRUCTIONSCROLL	2752
1192200918965	1	INSTRUCTIONSCROLL	2759
1192200918998	1	INSTRUCTIONSCROLL	2765
1192200919033	1	INSTRUCTIONSCROLL	2772
1192200919066	1	INSTRUCTIONSCROLL	2779
1192200919099	1	INSTRUCTIONSCROLL	2786
1192200919133	1	INSTRUCTIONSCROLL	2792
1192200919166	1	INSTRUCTIONSCROLL	2799
1192200919199	1	INSTRUCTIONSCROLL	2806
1192200919233	1	INSTRUCTIONSCROLL	2812
1192200919265	1	INSTRUCTIONSCROLL	2819
1192200919298	1	INSTRUCTIONSCROLL	2825
1192200919332	1	INSTRUCTIONSCROLL	2832
1192200919365	1	INSTRUCTIONSCROLL	2839
1192200919398	1	INSTRUCTIONSCROLL	2845
1192200919432	1	INSTRUCTIONSCROLL	2852
1192200919465	1	INSTRUCTIONSCROLL	2859
1192200919498	1	INSTRUCTIONSCROLL	2865
1192200919532	1	INSTRUCTIONSCROLL	2872
1192200919565	1	INSTRUCTIONSCROLL	2879
1192200919598	1	INSTRUCTIONSCROLL	2885
1192200919632	1	INSTRUCTIONSCROLL	2892
1192200919665	1	INSTRUCTIONSCROLL	2899
1192200919698	1	INSTRUCTIONSCROLL	2905
1192200919732	1	INSTRUCTIONSCROLL	2912
1192200919765	1	INSTRUCTIONSCROLL	2919
1192200919798	1	INSTRUCTIONSCROLL	2925
1192200919832	1	INSTRUCTIONSCROLL	2932
1192200919865	1	INSTRUCTIONSCROLL	2939
1192200919898	1	INSTRUCTIONSCROLL	2945
1192200919932	1	INSTRUCTIONSCROLL	2952
1192200919965	1	INSTRUCTIONSCROLL	2959
1192200919998	1	INSTRUCTIONSCROLL	2965
1192200920033	1	INSTRUCTIONSCROLL	2972
1192200920066	1	INSTRUCTIONSCROLL	2979
1192200920099	1	INSTRUCTIONSCROLL	2986
1192200920133	1	INSTRUCTIONSCROLL	2992
1192200920166	1	INSTRUCTIONSCROLL	2999
1192200920199	1	INSTRUCTIONSCROLL	3006
1192200920233	1	INSTRUCTIONSCROLL	3012
1192200920265	1	INSTRUCTIONSCROLL	3019
1192200920298	1	INSTRUCTIONSCROLL	3025
1192200920332	1	INSTRUCTIONSCROLL	3032
1192200920365	1	INSTRUCTIONSCROLL	3039
1192200920398	1	INSTRUCTIONSCROLL	3045
1192200920432	1	INSTRUCTIONSCROLL	3052
1192200920465	1	INSTRUCTIONSCROLL	3059
1192200920498	1	INSTRUCTIONSCROLL	3065
1192200920532	1	INSTRUCTIONSCROLL	3072
1192200920565	1	INSTRUCTIONSCROLL	3079
1192200920598	1	INSTRUCTIONSCROLL	3085
1192200920632	1	INSTRUCTIONSCROLL	3092
1192200920665	1	INSTRUCTIONSCROLL	3099
1192200920698	1	INSTRUCTIONSCROLL	3105
1192200920732	1	INSTRUCTIONSCROLL	3112
1192200920765	1	INSTRUCTIONSCROLL	3119
1192200920798	1	INSTRUCTIONSCROLL	3125
1192200920832	1	INSTRUCTIONSCROLL	3132
1192200920865	1	INSTRUCTIONSCROLL	3139
1192200920898	1	INSTRUCTIONSCROLL	3145
1192200920932	1	INSTRUCTIONSCROLL	3152
1192200920965	1	INSTRUCTIONSCROLL	3159
1192200920998	1	INSTRUCTIONSCROLL	3165
1192200921033	1	INSTRUCTIONSCROLL	3172
1192200921066	1	INSTRUCTIONSCROLL	3179
1192200921099	1	INSTRUCTIONSCROLL	3186
1192200921133	1	INSTRUCTIONSCROLL	3192
1192200921166	1	INSTRUCTIONSCROLL	3199
1192200921199	1	INSTRUCTIONSCROLL	3206
1192200921233	1	INSTRUCTIONSCROLL	3212
1192200921265	1	INSTRUCTIONSCROLL	3219
1192200921298	1	INSTRUCTIONSCROLL	3225
1192200921332	1	INSTRUCTIONSCROLL	3232
1192200921365	1	INSTRUCTIONSCROLL	3239
1192200921398	1	INSTRUCTIONSCROLL	3245
1192200921432	1	INSTRUCTIONSCROLL	3252
1192200921465	1	INSTRUCTIONSCROLL	3259
1192200921498	1	INSTRUCTIONSCROLL	3265
1192200921532	1	INSTRUCTIONSCROLL	3272
1192200921565	1	INSTRUCTIONSCROLL	3279
1192200921598	1	INSTRUCTIONSCROLL	3285
1192200921632	1	INSTRUCTIONSCROLL	3292
1192200921665	1	INSTRUCTIONSCROLL	3299
1192200921698	1	INSTRUCTIONSCROLL	3305
1192200921732	1	INSTRUCTIONSCROLL	3312
1192200921765	1	INSTRUCTIONSCROLL	3319
1192200921798	1	INSTRUCTIONSCROLL	3325
1192200921832	1	INSTRUCTIONSCROLL	3332
1192200921865	1	INSTRUCTIONSCROLL	3339
1192200921898	1	INSTRUCTIONSCROLL	3345
1192200921932	1	INSTRUCTIONSCROLL	3352
1192200921965	1	INSTRUCTIONSCROLL	3359
1192200921998	1	INSTRUCTIONSCROLL	3365
1192200922033	1	INSTRUCTIONSCROLL	3372
1192200922066	1	INSTRUCTIONSCROLL	3379
1192200922099	1	INSTRUCTIONSCROLL	3386
1192200922133	1	INSTRUCTIONSCROLL	3392
1192200922166	1	INSTRUCTIONSCROLL	3399
1192200922199	1	INSTRUCTIONSCROLL	3406
1192200922233	1	INSTRUCTIONSCROLL	3412
1192200922265	1	INSTRUCTIONSCROLL	3419
1192200922298	1	INSTRUCTIONSCROLL	3425
1192200922332	1	INSTRUCTIONSCROLL	3432
1192200922365	1	INSTRUCTIONSCROLL	3439
1192200922398	1	INSTRUCTIONSCROLL	3445
1192200922432	1	INSTRUCTIONSCROLL	3452
1192200922465	1	INSTRUCTIONSCROLL	3459
1192200922498	1	INSTRUCTIONSCROLL	3465
1192200922532	1	INSTRUCTIONSCROLL	3472
1192200922565	1	INSTRUCTIONSCROLL	3479
1192200922598	1	INSTRUCTIONSCROLL	3485
1192200922632	1	INSTRUCTIONSCROLL	3492
1192200922665	1	INSTRUCTIONSCROLL	3499
1192200922698	1	INSTRUCTIONSCROLL	3505
1192200922732	1	INSTRUCTIONSCROLL	3512
1192200922765	1	INSTRUCTIONSCROLL	3519
1192200922798	1	INSTRUCTIONSCROLL	3525
1192200922832	1	INSTRUCTIONSCROLL	3532
1192200922865	1	INSTRUCTIONSCROLL	3539
1192200922898	1	INSTRUCTIONSCROLL	3545
1192200922932	1	INSTRUCTIONSCROLL	3552
1192200922965	1	INSTRUCTIONSCROLL	3559
1192200922998	1	INSTRUCTIONSCROLL	3565
1192200923033	1	INSTRUCTIONSCROLL	3572
1192200923066	1	INSTRUCTIONSCROLL	3579
1192200923099	1	INSTRUCTIONSCROLL	3586
1192200923133	1	INSTRUCTIONSCROLL	3592
1192200923166	1	INSTRUCTIONSCROLL	3599
1192200923199	1	INSTRUCTIONSCROLL	3606
1192200923233	1	INSTRUCTIONSCROLL	3612
1192200923265	1	INSTRUCTIONSCROLL	3619
1192200923298	1	INSTRUCTIONSCROLL	3625
1192200923332	1	INSTRUCTIONSCROLL	3632
1192200923365	1	INSTRUCTIONSCROLL	3639
1192200923398	1	INSTRUCTIONSCROLL	3645
1192200923432	1	INSTRUCTIONSCROLL	3652
1192200923465	1	INSTRUCTIONSCROLL	3659
1192200923498	1	INSTRUCTIONSCROLL	3665
1192200923532	1	INSTRUCTIONSCROLL	3672
1192200923565	1	INSTRUCTIONSCROLL	3679
1192200923598	1	INSTRUCTIONSCROLL	3685
1192200923632	1	INSTRUCTIONSCROLL	3692
1192200923665	1	INSTRUCTIONSCROLL	3699
1192200923698	1	INSTRUCTIONSCROLL	3705
1192200923732	1	INSTRUCTIONSCROLL	3712
1192200923765	1	INSTRUCTIONSCROLL	3719
1192200923798	1	INSTRUCTIONSCROLL	3725
1192200923832	1	INSTRUCTIONSCROLL	3732
1192200923865	1	INSTRUCTIONSCROLL	3739
1192200923898	1	INSTRUCTIONSCROLL	3745
1192200923932	1	INSTRUCTIONSCROLL	3752
1192200923965	1	INSTRUCTIONSCROLL	3759
1192200923998	1	INSTRUCTIONSCROLL	3765
1192200924033	1	INSTRUCTIONSCROLL	3772
1192200924066	1	INSTRUCTIONSCROLL	3779
1192200924099	1	INSTRUCTIONSCROLL	3786
1192200924133	1	INSTRUCTIONSCROLL	3792
1192200924166	1	INSTRUCTIONSCROLL	3799
1192200924199	1	INSTRUCTIONSCROLL	3806
1192200924233	1	INSTRUCTIONSCROLL	3812
1192200924265	1	INSTRUCTIONSCROLL	3819
1192200924298	1	INSTRUCTIONSCROLL	3825
1192200924332	1	INSTRUCTIONSCROLL	3832
1192200924365	1	INSTRUCTIONSCROLL	3839
1192200924398	1	INSTRUCTIONSCROLL	3845
1192200924432	1	INSTRUCTIONSCROLL	3852
1192200924465	1	INSTRUCTIONSCROLL	3859
1192200924498	1	INSTRUCTIONSCROLL	3865
1192200924532	1	INSTRUCTIONSCROLL	3872
1192200924565	1	INSTRUCTIONSCROLL	3879
1192200924598	1	INSTRUCTIONSCROLL	3885
1192200924632	1	INSTRUCTIONSCROLL	3892
1192200924665	1	INSTRUCTIONSCROLL	3899
1192200924698	1	INSTRUCTIONSCROLL	3905
1192200924732	1	INSTRUCTIONSCROLL	3912
1192200924765	1	INSTRUCTIONSCROLL	3919
1192200924798	1	INSTRUCTIONSCROLL	3925
1192200924832	1	INSTRUCTIONSCROLL	3932
1192200924865	1	INSTRUCTIONSCROLL	3939
1192200924898	1	INSTRUCTIONSCROLL	3945
1192200924932	1	INSTRUCTIONSCROLL	3952
1192200924965	1	INSTRUCTIONSCROLL	3959
1192200924998	1	INSTRUCTIONSCROLL	3965
1192200925033	1	INSTRUCTIONSCROLL	3972
1192200925066	1	INSTRUCTIONSCROLL	3979
1192200925099	1	INSTRUCTIONSCROLL	3986
1192200925133	1	INSTRUCTIONSCROLL	3992
1192200925166	1	INSTRUCTIONSCROLL	3999
1192200925199	1	INSTRUCTIONSCROLL	4006
1192200925233	1	INSTRUCTIONSCROLL	4012
1192200930099	1	INSTRUCTIONSCROLL	4016
1192200930133	1	INSTRUCTIONSCROLL	4022
1192200930166	1	INSTRUCTIONSCROLL	4029
1192200930965	1	INSTRUCTIONSCROLL	4032
1192200930998	1	INSTRUCTIONSCROLL	4039
1192200931033	1	INSTRUCTIONSCROLL	4046
1192200931066	1	INSTRUCTIONSCROLL	4052
1192200931099	1	INSTRUCTIONSCROLL	4059
1192200931133	1	INSTRUCTIONSCROLL	4066
1192200931166	1	INSTRUCTIONSCROLL	4072
1192200931199	1	INSTRUCTIONSCROLL	4079
1192200931233	1	INSTRUCTIONSCROLL	4086
1192200931265	1	INSTRUCTIONSCROLL	4092
1192200931298	1	INSTRUCTIONSCROLL	4099
1192200931332	1	INSTRUCTIONSCROLL	4106
1192200931365	1	INSTRUCTIONSCROLL	4112
1192200931398	1	INSTRUCTIONSCROLL	4119
1192200931432	1	INSTRUCTIONSCROLL	4126
1192200931465	1	INSTRUCTIONSCROLL	4132
1192200931498	1	INSTRUCTIONSCROLL	4139
1192200931532	1	INSTRUCTIONSCROLL	4145
1192200931565	1	INSTRUCTIONSCROLL	4152
1192200931598	1	INSTRUCTIONSCROLL	4159
1192200931632	1	INSTRUCTIONSCROLL	4166
1192200931665	1	INSTRUCTIONSCROLL	4172
1192200931698	1	INSTRUCTIONSCROLL	4179
1192200931732	1	INSTRUCTIONSCROLL	4185
1192200931765	1	INSTRUCTIONSCROLL	4192
1192200931798	1	INSTRUCTIONSCROLL	4199
1192200931832	1	INSTRUCTIONSCROLL	4205
1192200931865	1	INSTRUCTIONSCROLL	4212
1192200931898	1	INSTRUCTIONSCROLL	4219
1192200931932	1	INSTRUCTIONSCROLL	4225
1192200931965	1	INSTRUCTIONSCROLL	4232
1192200931998	1	INSTRUCTIONSCROLL	4239
1192200932033	1	INSTRUCTIONSCROLL	4246
1192200932066	1	INSTRUCTIONSCROLL	4252
1192200932099	1	INSTRUCTIONSCROLL	4259
1192200933033	1	INSTRUCTIONSCROLL	4262
1192200933066	1	INSTRUCTIONSCROLL	4269
1192200933099	1	INSTRUCTIONSCROLL	4276
1192200933133	1	INSTRUCTIONSCROLL	4282
1192200933166	1	INSTRUCTIONSCROLL	4289
1192200933199	1	INSTRUCTIONSCROLL	4296
1192200933233	1	INSTRUCTIONSCROLL	4303
1192200933265	1	INSTRUCTIONSCROLL	4309
1192200933298	1	INSTRUCTIONSCROLL	4316
1192200940615	1	INSTRUCTIONSCROLL	4319
1192200940648	1	INSTRUCTIONSCROLL	4326
1192200940682	1	INSTRUCTIONSCROLL	4332
1192200940715	1	INSTRUCTIONSCROLL	4339
1192200940748	1	INSTRUCTIONSCROLL	4346
1192200940782	1	INSTRUCTIONSCROLL	4352
1192200940815	1	INSTRUCTIONSCROLL	4359
1192200940848	1	INSTRUCTIONSCROLL	4366
1192200940882	1	INSTRUCTIONSCROLL	4372
1192200940915	1	INSTRUCTIONSCROLL	4379
1192200940948	1	INSTRUCTIONSCROLL	4386
1192200940982	1	INSTRUCTIONSCROLL	4393
1192200941016	1	INSTRUCTIONSCROLL	4399
1192200941050	1	INSTRUCTIONSCROLL	4406
1192200941083	1	INSTRUCTIONSCROLL	4413
1192200941116	1	INSTRUCTIONSCROLL	4419
1192200941149	1	INSTRUCTIONSCROLL	4426
1192200941183	1	INSTRUCTIONSCROLL	4433
1192200941216	1	INSTRUCTIONSCROLL	4439
1192200941248	1	INSTRUCTIONSCROLL	4446
1192200941282	1	INSTRUCTIONSCROLL	4452
1192200941315	1	INSTRUCTIONSCROLL	4459
1192200941348	1	INSTRUCTIONSCROLL	4466
1192200941382	1	INSTRUCTIONSCROLL	4473
1192200941415	1	INSTRUCTIONSCROLL	4479
1192200942348	1	INSTRUCTIONSCROLL	4483
1192200942382	1	INSTRUCTIONSCROLL	4489
1192200942415	1	INSTRUCTIONSCROLL	4496
1192200942448	1	INSTRUCTIONSCROLL	4503
1192200942482	1	INSTRUCTIONSCROLL	4509
1192200942515	1	INSTRUCTIONSCROLL	4516
1192200942548	1	INSTRUCTIONSCROLL	4523
1192200942582	1	INSTRUCTIONSCROLL	4529
1192200942615	1	INSTRUCTIONSCROLL	4536
1192200942648	1	INSTRUCTIONSCROLL	4543
1192200942682	1	INSTRUCTIONSCROLL	4549
1192200942715	1	INSTRUCTIONSCROLL	4556
1192200942748	1	INSTRUCTIONSCROLL	4563
1192200942782	1	INSTRUCTIONSCROLL	4569
1192200942815	1	INSTRUCTIONSCROLL	4576
1192200942848	1	INSTRUCTIONSCROLL	4583
1192200942882	1	INSTRUCTIONSCROLL	4589
1192200942915	1	INSTRUCTIONSCROLL	4596
1192200942948	1	INSTRUCTIONSCROLL	4603
1192200942982	1	INSTRUCTIONSCROLL	4609
1192200943016	1	INSTRUCTIONSCROLL	4616
1192200943049	1	INSTRUCTIONSCROLL	4623
1192200943083	1	INSTRUCTIONSCROLL	4630
1192200943116	1	INSTRUCTIONSCROLL	4636
1192200943149	1	INSTRUCTIONSCROLL	4643
1192200943183	1	INSTRUCTIONSCROLL	4650
1192200943216	1	INSTRUCTIONSCROLL	4656
1192200943248	1	INSTRUCTIONSCROLL	4663
1192200943732	1	INSTRUCTIONSCROLL	4666
1192200943765	1	INSTRUCTIONSCROLL	4673
1192200943798	1	INSTRUCTIONSCROLL	4679
1192200943832	1	INSTRUCTIONSCROLL	4686
1192200943865	1	INSTRUCTIONSCROLL	4693
1192200943898	1	INSTRUCTIONSCROLL	4699
1192200943932	1	INSTRUCTIONSCROLL	4706
1192200943965	1	INSTRUCTIONSCROLL	4713
1192200943998	1	INSTRUCTIONSCROLL	4719
1192200944033	1	INSTRUCTIONSCROLL	4726
1192200944066	1	INSTRUCTIONSCROLL	4733
1192200944099	1	INSTRUCTIONSCROLL	4740
1192200944133	1	INSTRUCTIONSCROLL	4746
1192200944166	1	INSTRUCTIONSCROLL	4753
1192200944199	1	INSTRUCTIONSCROLL	4760
1192200944233	1	INSTRUCTIONSCROLL	4766
1192200944265	1	INSTRUCTIONSCROLL	4773
1192200944298	1	INSTRUCTIONSCROLL	4779
1192200944332	1	INSTRUCTIONSCROLL	4786
1192200944365	1	INSTRUCTIONSCROLL	4793
1192200944398	1	INSTRUCTIONSCROLL	4799
1192200944432	1	INSTRUCTIONSCROLL	4806
1192200944465	1	INSTRUCTIONSCROLL	4813
1192200944498	1	INSTRUCTIONSCROLL	4819
1192200944532	1	INSTRUCTIONSCROLL	4826
1192200944565	1	INSTRUCTIONSCROLL	4833
1192200944598	1	INSTRUCTIONSCROLL	4839
1192200944632	1	INSTRUCTIONSCROLL	4846
1192200944665	1	INSTRUCTIONSCROLL	4853
1192200944698	1	INSTRUCTIONSCROLL	4859
1192200944732	1	INSTRUCTIONSCROLL	4866
1192200944765	1	INSTRUCTIONSCROLL	4873
1192200944798	1	INSTRUCTIONSCROLL	4879
1192200944832	1	INSTRUCTIONSCROLL	4886
1192200944865	1	INSTRUCTIONSCROLL	4893
1192200944898	1	INSTRUCTIONSCROLL	4899
1192200944932	1	INSTRUCTIONSCROLL	4906
1192200944965	1	INSTRUCTIONSCROLL	4913
1192200944998	1	INSTRUCTIONSCROLL	4919
1192200945033	1	INSTRUCTIONSCROLL	4926
1192200945066	1	INSTRUCTIONSCROLL	4933
1192200945099	1	INSTRUCTIONSCROLL	4940
1192200945133	1	INSTRUCTIONSCROLL	4946
1192200945166	1	INSTRUCTIONSCROLL	4953
1192200945199	1	INSTRUCTIONSCROLL	4960
1192200945233	1	INSTRUCTIONSCROLL	4966
1192200945265	1	INSTRUCTIONSCROLL	4973
1192200945298	1	INSTRUCTIONSCROLL	4979
1192200951548	1	INSTRUCTIONSCROLL	4983
1192200951582	1	INSTRUCTIONSCROLL	4989
1192200951615	1	INSTRUCTIONSCROLL	4996
1192200951648	1	INSTRUCTIONSCROLL	5003
1192200951682	1	INSTRUCTIONSCROLL	5009
1192200951715	1	INSTRUCTIONSCROLL	5016
1192200951748	1	INSTRUCTIONSCROLL	5023
1192200951782	1	INSTRUCTIONSCROLL	5029
1192200951815	1	INSTRUCTIONSCROLL	5036
1192200951849	1	INSTRUCTIONSCROLL	5043
1192200951882	1	INSTRUCTIONSCROLL	5049
1192200951915	1	INSTRUCTIONSCROLL	5056
1192200951948	1	INSTRUCTIONSCROLL	5063
1192200951982	1	INSTRUCTIONSCROLL	5070
1192200952016	1	INSTRUCTIONSCROLL	5076
1192200952049	1	INSTRUCTIONSCROLL	5083
1192200952083	1	INSTRUCTIONSCROLL	5090
1192200952116	1	INSTRUCTIONSCROLL	5096
1192200952149	1	INSTRUCTIONSCROLL	5103
1192200952183	1	INSTRUCTIONSCROLL	5110
1192200952216	1	INSTRUCTIONSCROLL	5116
1192200952249	1	INSTRUCTIONSCROLL	5123
1192200952282	1	INSTRUCTIONSCROLL	5130
1192200952315	1	INSTRUCTIONSCROLL	5136
1192200952349	1	INSTRUCTIONSCROLL	5143
1192200952382	1	INSTRUCTIONSCROLL	5149
1192200952415	1	INSTRUCTIONSCROLL	5156
1192200952449	1	INSTRUCTIONSCROLL	5163
1192200952482	1	INSTRUCTIONSCROLL	5170
1192200952515	1	INSTRUCTIONSCROLL	5176
1192200952549	1	INSTRUCTIONSCROLL	5183
1192200952582	1	INSTRUCTIONSCROLL	5190
1192200952615	1	INSTRUCTIONSCROLL	5196
1192200994749	1	INSTRUCTIONSTOP	Button set (OR)
1192200994750	0	E	Logging Ends
