1177678361761	0	B	Logging Begins
1177678361762	0	SESS_START	0
1177679233383	0	TRIAL	1
1177679241435	1	FACE	1478	PRES1_NNNP	Incorrect	LL1	PP0	Lure_PPPP	5	0	PRACTICE
1177679245431	1	FACE	1478	CUE	Incorrect	LL1	PP0	Lure_PPPP	5	0	PRACTICE
1177679246909	0	FACE	1478	RESP	Incorrect	LL1	PP0	Lure_PPPP	5	0	PRACTICE
1177679246943	0	TRIAL	2
1177679253519	1	FACE	1123	PRES1_PPNN	Correct	LL1	PP0	Lure_PNNP	1	0	PRACTICE
1177679257538	1	FACE	1123	CUE	Correct	LL1	PP0	Lure_PNNP	1	0	PRACTICE
1177679258661	0	FACE	1123	RESP	Correct	LL1	PP0	Lure_PNNP	1	0	PRACTICE
1177679258697	0	TRIAL	3
1177679262560	1	FACE	925	PRES1_NNNN	Correct	LL1	PP0	Lure_PNPN	1	0	PRACTICE
1177679266440	1	FACE	925	CUE	Correct	LL1	PP0	Lure_PNPN	1	0	PRACTICE
1177679267365	0	FACE	925	RESP	Correct	LL1	PP0	Lure_PNPN	1	0	PRACTICE
1177679267396	0	TRIAL	4
1177679270881	1	FACE	1286	PRES1_PPPN	Correct	LL1	PP1	Target_PPPN	4	0	PRACTICE
1177679274719	1	FACE	1286	CUE	Correct	LL1	PP1	Target_PPPN	4	0	PRACTICE
1177679276005	0	FACE	1286	RESP	Correct	LL1	PP1	Target_PPPN	4	0	PRACTICE
1177679276045	0	TRIAL	5
1177679279436	1	FACE	1081	PRES1_PNNN	Correct	LL1	PP1	Target_PNNN	5	0	PRACTICE
1177679283275	1	FACE	1081	CUE	Correct	LL1	PP1	Target_PNNN	5	0	PRACTICE
1177679284356	0	FACE	1081	RESP	Correct	LL1	PP1	Target_PNNN	5	0	PRACTICE
1177679284391	0	TRIAL	6
1177679287742	1	FACE	684	PRES1_NNPP	Correct	LL1	PP0	Lure_PPNP	1	0	PRACTICE
1177679291744	1	FACE	684	CUE	Correct	LL1	PP0	Lure_PPNP	1	0	PRACTICE
1177679292428	0	FACE	684	RESP	Correct	LL1	PP0	Lure_PPNP	1	0	PRACTICE
1177679292455	0	TRIAL	7
1177679295473	1	FACE	893	PRES1_NPNP	Incorrect	LL1	PP1	Target_NPNP	1	0	PRACTICE
1177679299343	1	FACE	893	CUE	Incorrect	LL1	PP1	Target_NPNP	1	0	PRACTICE
1177679300236	0	FACE	893	RESP	Incorrect	LL1	PP1	Target_NPNP	1	0	PRACTICE
1177679300270	0	TRIAL	8
1177679303672	1	FACE	977	PRES1_PPNN	Correct	LL1	PP1	Target_PPNN	5	0	PRACTICE
1177679307626	1	FACE	977	CUE	Correct	LL1	PP1	Target_PPNN	5	0	PRACTICE
1177679308603	0	FACE	977	RESP	Correct	LL1	PP1	Target_PPNN	5	0	PRACTICE
1177679308633	0	TRIAL	9
1177679311987	1	FACE	953	PRES1_NPPN	Incorrect	LL1	PP0	Lure_PPPN	5	0	PRACTICE
1177679315738	1	FACE	953	CUE	Incorrect	LL1	PP0	Lure_PPPN	5	0	PRACTICE
1177679316691	0	FACE	953	RESP	Incorrect	LL1	PP0	Lure_PPPN	5	0	PRACTICE
1177679316732	0	TRIAL	10
1177679320077	1	FACE	562	PRES1_PNNN	Correct	LL1	PP0	Lure_NPPP	1	0	PRACTICE
1177679324121	1	FACE	562	CUE	Correct	LL1	PP0	Lure_NPPP	1	0	PRACTICE
1177679324683	0	FACE	562	RESP	Correct	LL1	PP0	Lure_NPPP	1	0	PRACTICE
1177679324711	0	TRIAL	11
1177679327700	1	FACE	1474	PRES1_PNNP	Incorrect	LL1	PP1	Target_PNNP	1	0	PRACTICE
1177679331633	1	FACE	1474	CUE	Incorrect	LL1	PP1	Target_PNNP	1	0	PRACTICE
1177679333107	0	FACE	1474	RESP	Incorrect	LL1	PP1	Target_PNNP	1	0	PRACTICE
1177679333144	0	TRIAL	12
1177679336954	1	FACE	1627	PRES1_PPPP	Incorrect	LL1	PP1	Target_PPPP	1	0	PRACTICE
1177679340687	1	FACE	1627	CUE	Incorrect	LL1	PP1	Target_PPPP	1	0	PRACTICE
1177679342314	0	FACE	1627	RESP	Incorrect	LL1	PP1	Target_PPPP	1	0	PRACTICE
1177679342341	0	TRIAL	13
1177679345443	1	FACE	1054	PRES1_NPNN	Incorrect	LL1	PP1	Target_NPNN	2	0	PRACTICE
1177679349268	1	FACE	1054	CUE	Incorrect	LL1	PP1	Target_NPNN	2	0	PRACTICE
1177679350322	0	FACE	1054	RESP	Incorrect	LL1	PP1	Target_NPNN	2	0	PRACTICE
1177679350355	0	TRIAL	14
1177679353437	1	FACE	613	PRES1_NNPN	Correct	LL1	PP0	Lure_NNPP	1	0	PRACTICE
1177679357236	1	FACE	613	CUE	Correct	LL1	PP0	Lure_NNPP	1	0	PRACTICE
1177679357849	0	FACE	613	RESP	Correct	LL1	PP0	Lure_NNPP	1	0	PRACTICE
1177679357885	0	TRIAL	15
1177679360930	1	FACE	676	PRES1_PNPN	Correct	LL1	PP0	Lure_NNNP	1	0	PRACTICE
1177679364917	1	FACE	676	CUE	Correct	LL1	PP0	Lure_NNNP	1	0	PRACTICE
1177679365593	1	FACE	676	RESP	Correct	LL1	PP0	Lure_NNNP	1	0	PRACTICE
1177679365633	0	TRIAL	16
1177679368627	1	FACE	1125	PRES1_PPNP	Correct	LL1	PP0	Lure_NPNN	1	0	PRACTICE
1177679372468	1	FACE	1125	CUE	Correct	LL1	PP0	Lure_NPNN	1	0	PRACTICE
1177679373593	0	FACE	1125	RESP	Correct	LL1	PP0	Lure_NPNN	1	0	PRACTICE
1177679373629	0	TRIAL	17
1177679376738	1	FACE	665	PRES1_PNNP	Correct	LL1	PP0	Lure_NPNP	1	0	PRACTICE
1177679380504	1	FACE	665	CUE	Correct	LL1	PP0	Lure_NPNP	1	0	PRACTICE
1177679381169	0	FACE	665	RESP	Correct	LL1	PP0	Lure_NPNP	1	0	PRACTICE
1177679381209	0	TRIAL	18
1177679384268	1	FACE	945	PRES1_NNNN	Incorrect	LL1	PP1	Target_NNNN	1	0	PRACTICE
1177679388248	1	FACE	945	CUE	Incorrect	LL1	PP1	Target_NNNN	1	0	PRACTICE
1177679389193	0	FACE	945	RESP	Incorrect	LL1	PP1	Target_NNNN	1	0	PRACTICE
1177679389223	0	TRIAL	19
1177679392444	1	FACE	940	PRES1_PPNP	Correct	LL1	PP1	Target_PPNP	5	0	PRACTICE
1177679396404	1	FACE	940	CUE	Correct	LL1	PP1	Target_PPNP	5	0	PRACTICE
1177679397344	1	FACE	940	RESP	Correct	LL1	PP1	Target_PPNP	5	0	PRACTICE
1177679397373	0	TRIAL	20
1177679400484	1	FACE	1062	PRES1_NPPN	Correct	LL1	PP1	Target_NPPN	5	0	PRACTICE
1177679404226	1	FACE	1062	CUE	Correct	LL1	PP1	Target_NPPN	5	0	PRACTICE
1177679405288	0	FACE	1062	RESP	Correct	LL1	PP1	Target_NPPN	5	0	PRACTICE
1177679405318	0	TRIAL	21
1177679408391	1	FACE	856	PRES1_PNPP	Correct	LL1	PP1	Target_PNPP	5	0	PRACTICE
1177679412360	1	FACE	856	CUE	Correct	LL1	PP1	Target_PNPP	5	0	PRACTICE
1177679413216	0	FACE	856	RESP	Correct	LL1	PP1	Target_PNPP	5	0	PRACTICE
1177679413248	0	TRIAL	22
1177679416215	1	FACE	645	PRES1_NNNP	Correct	LL1	PP1	Target_NNNP	6	0	PRACTICE
1177679420083	1	FACE	645	CUE	Correct	LL1	PP1	Target_NNNP	6	0	PRACTICE
1177679420728	0	FACE	645	RESP	Correct	LL1	PP1	Target_NNNP	6	0	PRACTICE
1177679420761	0	TRIAL	23
1177679423687	1	FACE	623	PRES1_NPPP	Correct	LL1	PP0	Lure_NNPN	1	0	PRACTICE
1177679427552	1	FACE	623	CUE	Correct	LL1	PP0	Lure_NNPN	1	0	PRACTICE
1177679428175	0	FACE	623	RESP	Correct	LL1	PP0	Lure_NNPN	1	0	PRACTICE
1177679428208	0	TRIAL	24
1177679431164	1	FACE	700	PRES1_NPNP	Correct	LL1	PP0	Lure_PNPP	1	0	PRACTICE
1177679435098	1	FACE	700	CUE	Correct	LL1	PP0	Lure_PNPP	1	0	PRACTICE
1177679435798	0	FACE	700	RESP	Correct	LL1	PP0	Lure_PNPP	1	0	PRACTICE
1177679435837	0	TRIAL	25
1177679438792	1	FACE	730	PRES1_PPPP	Correct	LL1	PP0	Lure_PPNN	1	0	PRACTICE
1177679442701	1	FACE	730	CUE	Correct	LL1	PP0	Lure_PPNN	1	0	PRACTICE
1177679443431	0	FACE	730	RESP	Correct	LL1	PP0	Lure_PPNN	1	0	PRACTICE
1177679443467	0	TRIAL	26
1177679446514	1	FACE	524	PRES1_NNPP	Correct	LL1	PP1	Target_NNPP	5	0	PRACTICE
1177679450306	1	FACE	524	CUE	Correct	LL1	PP1	Target_NNPP	5	0	PRACTICE
1177679450830	0	FACE	524	RESP	Correct	LL1	PP1	Target_NNPP	5	0	PRACTICE
1177679450863	0	TRIAL	27
1177679454628	1	FACE	729	PRES1_NPNN	Correct	LL1	PP0	Lure_NNNN	1	0	PRACTICE
1177679458397	1	FACE	729	CUE	Correct	LL1	PP0	Lure_NNNN	1	0	PRACTICE
1177679459126	0	FACE	729	RESP	Correct	LL1	PP0	Lure_NNNN	1	0	PRACTICE
1177679459162	0	TRIAL	28
1177679462134	1	FACE	1091	PRES1_NPPP	Correct	LL1	PP1	Target_NPPP	5	0	PRACTICE
1177679465963	1	FACE	1091	CUE	Correct	LL1	PP1	Target_NPPP	5	0	PRACTICE
1177679467054	0	FACE	1091	RESP	Correct	LL1	PP1	Target_NPPP	5	0	PRACTICE
1177679467092	0	TRIAL	29
1177679470260	1	FACE	869	PRES1_PNPP	Correct	LL1	PP0	Lure_NPPN	1	0	PRACTICE
1177679474297	1	FACE	869	CUE	Correct	LL1	PP0	Lure_NPPN	1	0	PRACTICE
1177679475166	0	FACE	869	RESP	Correct	LL1	PP0	Lure_NPPN	1	0	PRACTICE
1177679475209	0	TRIAL	30
1177679478396	1	FACE	870	PRES1_PNPN	Incorrect	LL1	PP1	Target_PNPN	1	0	PRACTICE
1177679482352	1	FACE	870	CUE	Incorrect	LL1	PP1	Target_PNPN	1	0	PRACTICE
1177679483222	0	FACE	870	RESP	Incorrect	LL1	PP1	Target_PNPN	1	0	PRACTICE
1177679483253	0	TRIAL	31
1177679487589	1	FACE	554	PRES1_NNPN	Correct	LL1	PP1	Target_NNPN	5	0	PRACTICE
1177679491426	1	FACE	554	CUE	Correct	LL1	PP1	Target_NNPN	5	0	PRACTICE
1177679491980	0	FACE	554	RESP	Correct	LL1	PP1	Target_NNPN	5	0	PRACTICE
1177679492019	0	TRIAL	32
1177679494927	1	FACE	798	PRES1_PPPN	Correct	LL1	PP0	Lure_PNNN	1	0	PRACTICE
1177679498990	1	FACE	798	CUE	Correct	LL1	PP0	Lure_PNNN	1	0	PRACTICE
1177679499788	0	FACE	798	RESP	Correct	LL1	PP0	Lure_PNNN	1	0	PRACTICE
1177679508877	0	TRIAL	1
1177679512933	1	FACE	1089	PRES1_NNNN	Correct	LL1	PP1	Target_NNNN	5	0	PRACTICE
1177679516882	1	FACE	1089	CUE	Correct	LL1	PP1	Target_NNNN	5	0	PRACTICE
1177679517971	0	FACE	1089	RESP	Correct	LL1	PP1	Target_NNNN	5	0	PRACTICE
1177679517995	0	TRIAL	2
1177679521402	1	FACE	763	PRES1_PPNP	Correct	LL1	PP1	Target_PPNP	5	0	PRACTICE
1177679525136	1	FACE	763	CUE	Correct	LL1	PP1	Target_PPNP	5	0	PRACTICE
1177679525899	0	FACE	763	RESP	Correct	LL1	PP1	Target_PPNP	5	0	PRACTICE
1177679525926	0	TRIAL	3
1177679528788	1	FACE	927	PRES1_NNNP	Correct	LL1	PP0	Lure_PNPP	1	0	PRACTICE
1177679532645	1	FACE	927	CUE	Correct	LL1	PP0	Lure_PNPP	1	0	PRACTICE
1177679533572	0	FACE	927	RESP	Correct	LL1	PP0	Lure_PNPP	1	0	PRACTICE
1177679533607	0	TRIAL	4
1177679536860	1	FACE	744	PRES1_NPPN	Correct	LL1	PP0	Lure_NNPP	1	0	PRACTICE
1177679540724	1	FACE	744	CUE	Correct	LL1	PP0	Lure_NNPP	1	0	PRACTICE
1177679541468	0	FACE	744	RESP	Correct	LL1	PP0	Lure_NNPP	1	0	PRACTICE
1177679541504	0	TRIAL	5
1177679544595	1	FACE	549	PRES1_PPNP	Correct	LL1	PP0	Lure_NPPP	1	0	PRACTICE
1177679548558	1	FACE	549	CUE	Correct	LL1	PP0	Lure_NPPP	1	0	PRACTICE
1177679549107	0	FACE	549	RESP	Correct	LL1	PP0	Lure_NPPP	1	0	PRACTICE
1177679549135	0	TRIAL	6
1177679552150	1	FACE	770	PRES1_PNPP	Correct	LL1	PP1	Target_PNPP	5	0	PRACTICE
1177679556008	1	FACE	770	CUE	Correct	LL1	PP1	Target_PNPP	5	0	PRACTICE
1177679556778	0	FACE	770	RESP	Correct	LL1	PP1	Target_PNPP	5	0	PRACTICE
1177679556813	0	TRIAL	7
1177679559724	1	FACE	731	PRES1_PPPN	Incorrect	LL1	PP0	Lure_NNNN	6	0	PRACTICE
1177679563664	1	FACE	731	CUE	Incorrect	LL1	PP0	Lure_NNNN	6	0	PRACTICE
1177679564395	0	FACE	731	RESP	Incorrect	LL1	PP0	Lure_NNNN	6	0	PRACTICE
1177679564427	0	TRIAL	8
1177679568487	1	FACE	668	PRES1_NPNP	Correct	LL1	PP0	Lure_PPNP	1	0	PRACTICE
1177679572430	1	FACE	668	CUE	Correct	LL1	PP0	Lure_PPNP	1	0	PRACTICE
1177679573098	1	FACE	668	RESP	Correct	LL1	PP0	Lure_PPNP	1	0	PRACTICE
1177679573125	0	TRIAL	9
1177679576396	1	FACE	654	PRES1_PNNP	Incorrect	LL1	PP1	Target_PNNP	1	0	PRACTICE
1177679580420	1	FACE	654	CUE	Incorrect	LL1	PP1	Target_PNNP	1	0	PRACTICE
1177679581074	0	FACE	654	RESP	Incorrect	LL1	PP1	Target_PNNP	1	0	PRACTICE
1177679581106	0	TRIAL	10
1177679584305	1	FACE	752	PRES1_NNPN	Correct	LL1	PP0	Lure_PPPP	1	0	PRACTICE
1177679588322	1	FACE	752	CUE	Correct	LL1	PP0	Lure_PPPP	1	0	PRACTICE
1177679589074	0	FACE	752	RESP	Correct	LL1	PP0	Lure_PPPP	1	0	PRACTICE
1177679589108	0	TRIAL	11
1177679592308	1	FACE	825	PRES1_PNNN	Correct	LL1	PP1	Target_PNNN	5	0	PRACTICE
1177679596128	1	FACE	825	CUE	Correct	LL1	PP1	Target_PNNN	5	0	PRACTICE
1177679596953	0	FACE	825	RESP	Correct	LL1	PP1	Target_PNNN	5	0	PRACTICE
1177679596983	0	TRIAL	12
1177679601243	1	FACE	988	PRES1_NPPP	Correct	LL1	PP0	Lure_PPPN	1	0	PRACTICE
1177679604980	1	FACE	988	CUE	Correct	LL1	PP0	Lure_PPPN	1	0	PRACTICE
1177679605968	0	FACE	988	RESP	Correct	LL1	PP0	Lure_PPPN	1	0	PRACTICE
1177679606000	0	TRIAL	13
1177679608912	1	FACE	968	PRES1_NNPP	Correct	LL1	PP1	Target_NNPP	6	0	PRACTICE
1177679612952	1	FACE	968	CUE	Correct	LL1	PP1	Target_NNPP	6	0	PRACTICE
1177679613920	0	FACE	968	RESP	Correct	LL1	PP1	Target_NNPP	6	0	PRACTICE
1177679613945	0	TRIAL	14
1177679616790	1	FACE	651	PRES1_NNNN	Correct	LL1	PP0	Lure_PNNN	1	0	PRACTICE
1177679620766	1	FACE	651	CUE	Correct	LL1	PP0	Lure_PNNN	1	0	PRACTICE
1177679621417	0	FACE	651	RESP	Correct	LL1	PP0	Lure_PNNN	1	0	PRACTICE
1177679621445	0	TRIAL	15
1177679625772	1	FACE	672	PRES1_PPNN	Correct	LL1	PP0	Lure_PNNP	1	0	PRACTICE
1177679629664	1	FACE	672	CUE	Correct	LL1	PP0	Lure_PNNP	1	0	PRACTICE
1177679630336	1	FACE	672	RESP	Correct	LL1	PP0	Lure_PNNP	1	0	PRACTICE
1177679630375	0	TRIAL	16
1177679633783	1	FACE	719	PRES1_NPNN	Correct	LL1	PP1	Target_NPNN	5	0	PRACTICE
1177679637585	1	FACE	719	CUE	Correct	LL1	PP1	Target_NPNN	5	0	PRACTICE
1177679638304	0	FACE	719	RESP	Correct	LL1	PP1	Target_NPNN	5	0	PRACTICE
1177679638340	0	TRIAL	17
1177679641146	1	FACE	1106	PRES1_NPNP	Correct	LL1	PP1	Target_NPNP	6	0	PRACTICE
1177679645198	1	FACE	1106	CUE	Correct	LL1	PP1	Target_NPNP	6	0	PRACTICE
1177679646304	0	FACE	1106	RESP	Correct	LL1	PP1	Target_NPNP	6	0	PRACTICE
1177679646336	0	TRIAL	18
1177679649219	1	FACE	797	PRES1_PNNP	Correct	LL1	PP0	Lure_PPNN	1	0	PRACTICE
1177679653162	1	FACE	797	CUE	Correct	LL1	PP0	Lure_PPNN	1	0	PRACTICE
1177679653959	0	FACE	797	RESP	Correct	LL1	PP0	Lure_PPNN	1	0	PRACTICE
1177679654000	0	TRIAL	19
1177679656819	1	FACE	762	PRES1_PPPP	Correct	LL1	PP0	Lure_NNPN	1	0	PRACTICE
1177679660542	1	FACE	762	CUE	Correct	LL1	PP0	Lure_NNPN	1	0	PRACTICE
1177679661304	0	FACE	762	RESP	Correct	LL1	PP0	Lure_NNPN	1	0	PRACTICE
1177679661330	0	TRIAL	20
1177679664156	1	FACE	864	PRES1_PNPP	Incorrect	LL1	PP0	Lure_NPNP	5	0	PRACTICE
1177679667942	1	FACE	864	CUE	Incorrect	LL1	PP0	Lure_NPNP	5	0	PRACTICE
1177679668806	0	FACE	864	RESP	Incorrect	LL1	PP0	Lure_NPNP	5	0	PRACTICE
1177679668842	0	TRIAL	21
1177679671925	1	FACE	646	PRES1_PNNN	Correct	LL1	PP0	Lure_NPPN	1	0	PRACTICE
1177679675897	1	FACE	646	CUE	Correct	LL1	PP0	Lure_NPPN	1	0	PRACTICE
1177679676543	0	FACE	646	RESP	Correct	LL1	PP0	Lure_NPPN	1	0	PRACTICE
1177679676572	0	TRIAL	22
1177679679622	1	FACE	600	PRES1_NNPN	Correct	LL1	PP1	Target_NNPN	5	0	PRACTICE
1177679683647	1	FACE	600	CUE	Correct	LL1	PP1	Target_NNPN	5	0	PRACTICE
1177679684247	0	FACE	600	RESP	Correct	LL1	PP1	Target_NNPN	5	0	PRACTICE
1177679684304	0	TRIAL	23
1177679687066	1	FACE	814	PRES1_PNPN	Correct	LL1	PP1	Target_PNPN	5	0	PRACTICE
1177679691047	1	FACE	814	CUE	Correct	LL1	PP1	Target_PNPN	5	0	PRACTICE
1177679691861	1	FACE	814	RESP	Correct	LL1	PP1	Target_PNPN	5	0	PRACTICE
1177679691897	0	TRIAL	24
1177679694689	1	FACE	514	PRES1_PPPN	Correct	LL1	PP1	Target_PPPN	5	0	PRACTICE
1177679698620	1	FACE	514	CUE	Correct	LL1	PP1	Target_PPPN	5	0	PRACTICE
1177679699134	0	FACE	514	RESP	Correct	LL1	PP1	Target_PPPN	5	0	PRACTICE
1177679699162	0	TRIAL	25
1177679701897	1	FACE	758	PRES1_NNNP	Correct	LL1	PP1	Target_NNNP	6	0	PRACTICE
1177679705712	1	FACE	758	CUE	Correct	LL1	PP1	Target_NNNP	6	0	PRACTICE
1177679706470	0	FACE	758	RESP	Correct	LL1	PP1	Target_NNNP	6	0	PRACTICE
1177679706507	0	TRIAL	26
1177679709264	1	FACE	887	PRES1_NPNN	Correct	LL1	PP0	Lure_PNPN	1	0	PRACTICE
1177679713119	1	FACE	887	CUE	Correct	LL1	PP0	Lure_PNPN	1	0	PRACTICE
1177679714006	0	FACE	887	RESP	Correct	LL1	PP0	Lure_PNPN	1	0	PRACTICE
1177679714036	0	TRIAL	27
1177679717292	1	FACE	691	PRES1_PPPP	Correct	LL1	PP1	Target_PPPP	5	0	PRACTICE
1177679721233	1	FACE	691	CUE	Correct	LL1	PP1	Target_PPPP	5	0	PRACTICE
1177679721924	0	FACE	691	RESP	Correct	LL1	PP1	Target_PPPP	5	0	PRACTICE
1177679721950	0	TRIAL	28
1177679724674	1	FACE	439	PRES1_NPPP	Correct	LL1	PP1	Target_NPPP	5	0	PRACTICE
1177679728582	1	FACE	439	CUE	Correct	LL1	PP1	Target_NPPP	5	0	PRACTICE
1177679729021	0	FACE	439	RESP	Correct	LL1	PP1	Target_NPPP	5	0	PRACTICE
1177679729047	0	TRIAL	29
1177679731954	1	FACE	706	PRES1_PNPN	Correct	LL1	PP0	Lure_NPNN	1	0	PRACTICE
1177679735819	1	FACE	706	CUE	Correct	LL1	PP0	Lure_NPNN	1	0	PRACTICE
1177679736525	0	FACE	706	RESP	Correct	LL1	PP0	Lure_NPNN	1	0	PRACTICE
1177679736563	0	TRIAL	30
1177679739865	1	FACE	615	PRES1_PPNN	Correct	LL1	PP1	Target_PPNN	5	0	PRACTICE
1177679743742	1	FACE	615	CUE	Correct	LL1	PP1	Target_PPNN	5	0	PRACTICE
1177679744357	0	FACE	615	RESP	Correct	LL1	PP1	Target_PPNN	5	0	PRACTICE
1177679744389	0	TRIAL	31
1177679747090	1	FACE	562	PRES1_NPPN	Correct	LL1	PP1	Target_NPPN	5	0	PRACTICE
1177679750890	1	FACE	562	CUE	Correct	LL1	PP1	Target_NPPN	5	0	PRACTICE
1177679751452	0	FACE	562	RESP	Correct	LL1	PP1	Target_NPPN	5	0	PRACTICE
1177679751485	0	TRIAL	32
1177679754394	1	FACE	909	PRES1_NNPP	Incorrect	LL1	PP0	Lure_NNNP	5	0	PRACTICE
1177679758183	1	FACE	909	CUE	Incorrect	LL1	PP0	Lure_NNNP	5	0	PRACTICE
1177679759092	0	FACE	909	RESP	Incorrect	LL1	PP0	Lure_NNNP	5	0	PRACTICE
1177678359765	0	E	Logging Ends
