1171037961552	0	B	Logging Begins
1171037961552	0	INSTRUCTIONSTART	JointRoller	/Library/Frameworks/Python.framework/Versions/2.4/lib/python2.4/site-packages/pyepl/resources/vera.ttf	64	(0, 0, 0)	'In the following experiment, your memory for associating names with faces will be tested.  The task is difficult and requires concentration, so if you need a break at any time let the experimenter know.\n\nSixteen faces will be presented on the screen, consecutively, accompanied by their names.  A woman\'s voice will also speak the name when the face appears on the screen.  After five seconds, the face will disappear from the screen, a star (*) will flash on the screen for one second, and then the next face and name will appear.\n\nAfter you have seen all sixteen faces and names, you will be prompted to press any key in order to move on to a testing period.  During each trial of the testing period, you will see a face with name underneath it.  You will have to decide whether or not the name is paired with the appropriate face.  \n\nYou will respond on the keyboard, with a confidence judgment between 1 and 6.  A judgment of 1 indicates that you are near certain that the name given is incorrectly paired with the face, a judgment of 2 indicates moderate confidence, and a judgment of 3 indicates that you think the name is incorrectly paired with the face, but are quite unsure.  A judgment of 6 indicates that you are near certain that the name given is correctly paired with the face, a judgment of 5 indicates moderate confidence, and a judgment of 4 indicates that you think the name is correctly paired with the face, but are quite unsure.\n\nYou should rest your fingers on the bottom row of the keyboard.  "Z", "X", and  "C" will correspond to confidence judgments of 1, 2, and 3, respectively.  ",", ".", and "/" will correspond to confidence judgments of 4, 5, and 6, respectively.\n\nAfter five seconds the name and face will disappear from the screen, a star will flash on the screen for one second, and then the next name and face pair will appear on the screen.  You will see sixteen name-face pairs per test period.  You should try to reply as quickly and accurately as you can.\n\nThere will be ten study periods and ten test periods, alternating.  Each face will have the same name over the entire course of the experiment, so your task is to try and learn the faces\' names as quickly and accurately as possible.\n\nDo you have any questions?\n\nPress <ENTER> to continue.\n'
1171037961633	1	INSTRUCTIONSCROLL	0
1171037962917	1	INSTRUCTIONSCROLL	1
1171037962934	1	INSTRUCTIONSCROLL	4
1171037963101	1	INSTRUCTIONSCROLL	5
1171037963118	1	INSTRUCTIONSCROLL	6
1171037963135	1	INSTRUCTIONSCROLL	9
1171037963334	1	INSTRUCTIONSCROLL	10
1171037963350	1	INSTRUCTIONSCROLL	12
1171037963367	1	INSTRUCTIONSCROLL	16
1171037963384	1	INSTRUCTIONSCROLL	19
1171037963400	1	INSTRUCTIONSCROLL	22
1171037963567	1	INSTRUCTIONSCROLL	21
1171037963584	1	INSTRUCTIONSCROLL	19
1171037963600	1	INSTRUCTIONSCROLL	15
1171037963734	1	INSTRUCTIONSCROLL	14
1171037963750	1	INSTRUCTIONSCROLL	12
1171037963767	1	INSTRUCTIONSCROLL	9
1171037963900	1	INSTRUCTIONSCROLL	8
1171037963917	1	INSTRUCTIONSCROLL	6
1171037963934	1	INSTRUCTIONSCROLL	3
1171037963950	1	INSTRUCTIONSCROLL	0
1171037970631	1	INSTRUCTIONSCROLL	1
1171037970648	1	INSTRUCTIONSCROLL	3
1171037970665	1	INSTRUCTIONSCROLL	6
1171037970681	1	INSTRUCTIONSCROLL	10
1171037970698	1	INSTRUCTIONSCROLL	13
1171037970715	1	INSTRUCTIONSCROLL	16
1171037970865	1	INSTRUCTIONSCROLL	17
1171037970881	1	INSTRUCTIONSCROLL	20
1171037970898	1	INSTRUCTIONSCROLL	24
1171037970915	1	INSTRUCTIONSCROLL	27
1171037970931	1	INSTRUCTIONSCROLL	30
1171037970948	1	INSTRUCTIONSCROLL	34
1171037971066	1	INSTRUCTIONSCROLL	35
1171037971082	1	INSTRUCTIONSCROLL	36
1171037971099	1	INSTRUCTIONSCROLL	39
1171037971116	1	INSTRUCTIONSCROLL	42
1171037971132	1	INSTRUCTIONSCROLL	46
1171037971149	1	INSTRUCTIONSCROLL	49
1171037971166	1	INSTRUCTIONSCROLL	52
1171037971266	1	INSTRUCTIONSCROLL	53
1171037971282	1	INSTRUCTIONSCROLL	56
1171037971299	1	INSTRUCTIONSCROLL	59
1171037971314	1	INSTRUCTIONSCROLL	63
1171037971331	1	INSTRUCTIONSCROLL	66
1171037971348	1	INSTRUCTIONSCROLL	70
1171037971364	1	INSTRUCTIONSCROLL	73
1171037971381	1	INSTRUCTIONSCROLL	76
1171037971398	1	INSTRUCTIONSCROLL	79
1171037971414	1	INSTRUCTIONSCROLL	83
1171037971431	1	INSTRUCTIONSCROLL	86
1171037971448	1	INSTRUCTIONSCROLL	89
1171037971464	1	INSTRUCTIONSCROLL	93
1171037971481	1	INSTRUCTIONSCROLL	96
1171037971498	1	INSTRUCTIONSCROLL	99
1171037971514	1	INSTRUCTIONSCROLL	103
1171037971531	1	INSTRUCTIONSCROLL	106
1171037971548	1	INSTRUCTIONSCROLL	109
1171037971564	1	INSTRUCTIONSCROLL	113
1171037971581	1	INSTRUCTIONSCROLL	116
1171037971598	1	INSTRUCTIONSCROLL	119
1171037971614	1	INSTRUCTIONSCROLL	123
1171037971631	1	INSTRUCTIONSCROLL	126
1171037971648	1	INSTRUCTIONSCROLL	129
1171037971664	1	INSTRUCTIONSCROLL	133
1171037971681	1	INSTRUCTIONSCROLL	136
1171037971698	1	INSTRUCTIONSCROLL	139
1171037971714	1	INSTRUCTIONSCROLL	143
1171037971731	1	INSTRUCTIONSCROLL	146
1171037971748	1	INSTRUCTIONSCROLL	149
1171037971764	1	INSTRUCTIONSCROLL	153
1171037971781	1	INSTRUCTIONSCROLL	156
1171037971798	1	INSTRUCTIONSCROLL	159
1171037971814	1	INSTRUCTIONSCROLL	163
1171037971831	1	INSTRUCTIONSCROLL	166
1171037972049	1	INSTRUCTIONSCROLL	167
1171037972065	1	INSTRUCTIONSCROLL	170
1171037972082	1	INSTRUCTIONSCROLL	173
1171037972099	1	INSTRUCTIONSCROLL	176
1171037972115	1	INSTRUCTIONSCROLL	180
1171037972132	1	INSTRUCTIONSCROLL	183
1171037972149	1	INSTRUCTIONSCROLL	186
1171037972165	1	INSTRUCTIONSCROLL	190
1171037972182	1	INSTRUCTIONSCROLL	193
1171037972199	1	INSTRUCTIONSCROLL	196
1171037972215	1	INSTRUCTIONSCROLL	200
1171037972232	1	INSTRUCTIONSCROLL	203
1171037972249	1	INSTRUCTIONSCROLL	206
1171037972265	1	INSTRUCTIONSCROLL	210
1171037972282	1	INSTRUCTIONSCROLL	213
1171037972299	1	INSTRUCTIONSCROLL	216
1171037972314	1	INSTRUCTIONSCROLL	220
1171037972331	1	INSTRUCTIONSCROLL	223
1171037972348	1	INSTRUCTIONSCROLL	226
1171037972364	1	INSTRUCTIONSCROLL	229
1171037972381	1	INSTRUCTIONSCROLL	233
1171037972397	1	INSTRUCTIONSCROLL	236
1171037972414	1	INSTRUCTIONSCROLL	239
1171037972431	1	INSTRUCTIONSCROLL	243
1171037972448	1	INSTRUCTIONSCROLL	246
1171037972464	1	INSTRUCTIONSCROLL	249
1171037972481	1	INSTRUCTIONSCROLL	253
1171037972497	1	INSTRUCTIONSCROLL	256
1171037972514	1	INSTRUCTIONSCROLL	259
1171037972531	1	INSTRUCTIONSCROLL	263
1171037972547	1	INSTRUCTIONSCROLL	266
1171037972564	1	INSTRUCTIONSCROLL	269
1171037972581	1	INSTRUCTIONSCROLL	273
1171037972597	1	INSTRUCTIONSCROLL	276
1171037972614	1	INSTRUCTIONSCROLL	279
1171037972631	1	INSTRUCTIONSCROLL	282
1171037972647	1	INSTRUCTIONSCROLL	286
1171037972664	1	INSTRUCTIONSCROLL	289
1171037972681	1	INSTRUCTIONSCROLL	292
1171037972697	1	INSTRUCTIONSCROLL	296
1171037972714	1	INSTRUCTIONSCROLL	299
1171037972731	1	INSTRUCTIONSCROLL	303
1171037972747	1	INSTRUCTIONSCROLL	306
1171037972764	1	INSTRUCTIONSCROLL	309
1171037972781	1	INSTRUCTIONSCROLL	312
1171037972797	1	INSTRUCTIONSCROLL	316
1171037972814	1	INSTRUCTIONSCROLL	319
1171037973059	1	INSTRUCTIONSCROLL	320
1171037973065	1	INSTRUCTIONSCROLL	321
1171037973082	1	INSTRUCTIONSCROLL	322
1171037973098	1	INSTRUCTIONSCROLL	325
1171037973115	1	INSTRUCTIONSCROLL	328
1171037973132	1	INSTRUCTIONSCROLL	331
1171037973148	1	INSTRUCTIONSCROLL	335
1171037973165	1	INSTRUCTIONSCROLL	338
1171037973182	1	INSTRUCTIONSCROLL	341
1171037973198	1	INSTRUCTIONSCROLL	345
1171037973215	1	INSTRUCTIONSCROLL	348
1171037973232	1	INSTRUCTIONSCROLL	351
1171037973248	1	INSTRUCTIONSCROLL	355
1171037973265	1	INSTRUCTIONSCROLL	358
1171037973282	1	INSTRUCTIONSCROLL	361
1171037973298	1	INSTRUCTIONSCROLL	365
1171037973314	1	INSTRUCTIONSCROLL	368
1171037973331	1	INSTRUCTIONSCROLL	371
1171037973347	1	INSTRUCTIONSCROLL	374
1171037973364	1	INSTRUCTIONSCROLL	378
1171037973380	1	INSTRUCTIONSCROLL	381
1171037973397	1	INSTRUCTIONSCROLL	384
1171037973414	1	INSTRUCTIONSCROLL	388
1171037973430	1	INSTRUCTIONSCROLL	391
1171037973447	1	INSTRUCTIONSCROLL	394
1171037973464	1	INSTRUCTIONSCROLL	398
1171037973481	1	INSTRUCTIONSCROLL	401
1171037981545	1	INSTRUCTIONSCROLL	402
1171037981561	1	INSTRUCTIONSCROLL	403
1171037981578	1	INSTRUCTIONSCROLL	407
1171037981595	1	INSTRUCTIONSCROLL	410
1171037981611	1	INSTRUCTIONSCROLL	413
1171037981628	1	INSTRUCTIONSCROLL	417
1171037981644	1	INSTRUCTIONSCROLL	420
1171037981661	1	INSTRUCTIONSCROLL	423
1171037981678	1	INSTRUCTIONSCROLL	427
1171037981695	1	INSTRUCTIONSCROLL	430
1171037981711	1	INSTRUCTIONSCROLL	433
1171037981728	1	INSTRUCTIONSCROLL	437
1171037981744	1	INSTRUCTIONSCROLL	440
1171037981761	1	INSTRUCTIONSCROLL	443
1171037981778	1	INSTRUCTIONSCROLL	447
1171037981794	1	INSTRUCTIONSCROLL	450
1171037981811	1	INSTRUCTIONSCROLL	453
1171037981828	1	INSTRUCTIONSCROLL	457
1171037981844	1	INSTRUCTIONSCROLL	460
1171037981861	1	INSTRUCTIONSCROLL	463
1171037981878	1	INSTRUCTIONSCROLL	467
1171037981894	1	INSTRUCTIONSCROLL	470
1171037981911	1	INSTRUCTIONSCROLL	473
1171037981928	1	INSTRUCTIONSCROLL	477
1171037981944	1	INSTRUCTIONSCROLL	480
1171037981961	1	INSTRUCTIONSCROLL	483
1171037981978	1	INSTRUCTIONSCROLL	487
1171037981994	1	INSTRUCTIONSCROLL	490
1171037982012	1	INSTRUCTIONSCROLL	493
1171037982029	1	INSTRUCTIONSCROLL	497
1171037982045	1	INSTRUCTIONSCROLL	500
1171037982062	1	INSTRUCTIONSCROLL	504
1171037982079	1	INSTRUCTIONSCROLL	507
1171037982095	1	INSTRUCTIONSCROLL	510
1171037982112	1	INSTRUCTIONSCROLL	514
1171037982129	1	INSTRUCTIONSCROLL	517
1171037982145	1	INSTRUCTIONSCROLL	520
1171037982162	1	INSTRUCTIONSCROLL	524
1171037982179	1	INSTRUCTIONSCROLL	527
1171037982195	1	INSTRUCTIONSCROLL	530
1171037982212	1	INSTRUCTIONSCROLL	534
1171037982229	1	INSTRUCTIONSCROLL	537
1171037982245	1	INSTRUCTIONSCROLL	540
1171037982262	1	INSTRUCTIONSCROLL	544
1171037982279	1	INSTRUCTIONSCROLL	547
1171037982295	1	INSTRUCTIONSCROLL	550
1171037982311	1	INSTRUCTIONSCROLL	554
1171037982328	1	INSTRUCTIONSCROLL	557
1171037982344	1	INSTRUCTIONSCROLL	560
1171037982361	1	INSTRUCTIONSCROLL	563
1171037982378	1	INSTRUCTIONSCROLL	567
1171037982394	1	INSTRUCTIONSCROLL	570
1171037982411	1	INSTRUCTIONSCROLL	573
1171037982428	1	INSTRUCTIONSCROLL	577
1171037982444	1	INSTRUCTIONSCROLL	580
1171037982461	1	INSTRUCTIONSCROLL	583
1171037982478	1	INSTRUCTIONSCROLL	587
1171037982494	1	INSTRUCTIONSCROLL	590
1171037982511	1	INSTRUCTIONSCROLL	593
1171037982528	1	INSTRUCTIONSCROLL	597
1171037982544	1	INSTRUCTIONSCROLL	600
1171037982561	1	INSTRUCTIONSCROLL	603
1171037982578	1	INSTRUCTIONSCROLL	607
1171037982594	1	INSTRUCTIONSCROLL	610
1171037982611	1	INSTRUCTIONSCROLL	613
1171037982628	1	INSTRUCTIONSCROLL	617
1171037982644	1	INSTRUCTIONSCROLL	620
1171037982661	1	INSTRUCTIONSCROLL	623
1171037982678	1	INSTRUCTIONSCROLL	627
1171037982694	1	INSTRUCTIONSCROLL	630
1171037982711	1	INSTRUCTIONSCROLL	633
1171037982727	1	INSTRUCTIONSCROLL	637
1171037982744	1	INSTRUCTIONSCROLL	640
1171037982761	1	INSTRUCTIONSCROLL	643
1171037982778	1	INSTRUCTIONSCROLL	647
1171037982794	1	INSTRUCTIONSCROLL	650
1171037982811	1	INSTRUCTIONSCROLL	653
1171037982827	1	INSTRUCTIONSCROLL	657
1171037982844	1	INSTRUCTIONSCROLL	660
1171037982861	1	INSTRUCTIONSCROLL	663
1171037982877	1	INSTRUCTIONSCROLL	667
1171037982894	1	INSTRUCTIONSCROLL	670
1171037982911	1	INSTRUCTIONSCROLL	673
1171037982927	1	INSTRUCTIONSCROLL	677
1171037982944	1	INSTRUCTIONSCROLL	680
1171037982961	1	INSTRUCTIONSCROLL	683
1171037982977	1	INSTRUCTIONSCROLL	687
1171037982994	1	INSTRUCTIONSCROLL	690
1171037983012	1	INSTRUCTIONSCROLL	693
1171037983028	1	INSTRUCTIONSCROLL	697
1171037983045	1	INSTRUCTIONSCROLL	700
1171037983062	1	INSTRUCTIONSCROLL	704
1171037983078	1	INSTRUCTIONSCROLL	707
1171037983095	1	INSTRUCTIONSCROLL	710
1171037983112	1	INSTRUCTIONSCROLL	714
1171037983128	1	INSTRUCTIONSCROLL	717
1171037983145	1	INSTRUCTIONSCROLL	720
1171037983162	1	INSTRUCTIONSCROLL	724
1171037983178	1	INSTRUCTIONSCROLL	727
1171037983195	1	INSTRUCTIONSCROLL	730
1171037983212	1	INSTRUCTIONSCROLL	734
1171037983228	1	INSTRUCTIONSCROLL	737
1171037983245	1	INSTRUCTIONSCROLL	740
1171037983262	1	INSTRUCTIONSCROLL	744
1171037983278	1	INSTRUCTIONSCROLL	747
1171037983296	1	INSTRUCTIONSCROLL	750
1171037983311	1	INSTRUCTIONSCROLL	754
1171037983327	1	INSTRUCTIONSCROLL	757
1171037983344	1	INSTRUCTIONSCROLL	760
1171037983361	1	INSTRUCTIONSCROLL	763
1171037983377	1	INSTRUCTIONSCROLL	767
1171037983394	1	INSTRUCTIONSCROLL	770
1171037983411	1	INSTRUCTIONSCROLL	773
1171037983427	1	INSTRUCTIONSCROLL	777
1171037983444	1	INSTRUCTIONSCROLL	780
1171037983461	1	INSTRUCTIONSCROLL	783
1171037983477	1	INSTRUCTIONSCROLL	787
1171037983494	1	INSTRUCTIONSCROLL	790
1171037983511	1	INSTRUCTIONSCROLL	793
1171037983527	1	INSTRUCTIONSCROLL	797
1171037983544	1	INSTRUCTIONSCROLL	800
1171037983561	1	INSTRUCTIONSCROLL	803
1171037983577	1	INSTRUCTIONSCROLL	807
1171037983594	1	INSTRUCTIONSCROLL	810
1171037983611	1	INSTRUCTIONSCROLL	813
1171037983627	1	INSTRUCTIONSCROLL	817
1171037983644	1	INSTRUCTIONSCROLL	820
1171037983661	1	INSTRUCTIONSCROLL	823
1171037983677	1	INSTRUCTIONSCROLL	827
1171037983694	1	INSTRUCTIONSCROLL	830
1171037983711	1	INSTRUCTIONSCROLL	833
1171037983727	1	INSTRUCTIONSCROLL	837
1171037983744	1	INSTRUCTIONSCROLL	840
1171037983760	1	INSTRUCTIONSCROLL	843
1171037983777	1	INSTRUCTIONSCROLL	847
1171037983794	1	INSTRUCTIONSCROLL	850
1171037983811	1	INSTRUCTIONSCROLL	853
1171037983827	1	INSTRUCTIONSCROLL	857
1171037983844	1	INSTRUCTIONSCROLL	860
1171037983861	1	INSTRUCTIONSCROLL	863
1171037983877	1	INSTRUCTIONSCROLL	867
1171037983894	1	INSTRUCTIONSCROLL	870
1171037983910	1	INSTRUCTIONSCROLL	873
1171037983927	1	INSTRUCTIONSCROLL	877
1171037983944	1	INSTRUCTIONSCROLL	880
1171037983960	1	INSTRUCTIONSCROLL	883
1171037983977	1	INSTRUCTIONSCROLL	887
1171037983994	1	INSTRUCTIONSCROLL	890
1171037984012	1	INSTRUCTIONSCROLL	893
1171037984028	1	INSTRUCTIONSCROLL	897
1171037984045	1	INSTRUCTIONSCROLL	900
1171037984061	1	INSTRUCTIONSCROLL	903
1171037984078	1	INSTRUCTIONSCROLL	907
1171037984095	1	INSTRUCTIONSCROLL	910
1171037984111	1	INSTRUCTIONSCROLL	913
1171037984128	1	INSTRUCTIONSCROLL	917
1171037984145	1	INSTRUCTIONSCROLL	920
1171037984161	1	INSTRUCTIONSCROLL	923
1171037984178	1	INSTRUCTIONSCROLL	927
1171037984195	1	INSTRUCTIONSCROLL	930
1171037984211	1	INSTRUCTIONSCROLL	934
1171037984228	1	INSTRUCTIONSCROLL	937
1171037984245	1	INSTRUCTIONSCROLL	940
1171037984261	1	INSTRUCTIONSCROLL	943
1171037984278	1	INSTRUCTIONSCROLL	947
1171037984295	1	INSTRUCTIONSCROLL	950
1171037984310	1	INSTRUCTIONSCROLL	953
1171037984327	1	INSTRUCTIONSCROLL	957
1171037984344	1	INSTRUCTIONSCROLL	960
1171037984360	1	INSTRUCTIONSCROLL	963
1171037984377	1	INSTRUCTIONSCROLL	967
1171037984394	1	INSTRUCTIONSCROLL	970
1171037984410	1	INSTRUCTIONSCROLL	973
1171037984427	1	INSTRUCTIONSCROLL	977
1171037984444	1	INSTRUCTIONSCROLL	980
1171037984460	1	INSTRUCTIONSCROLL	983
1171037984477	1	INSTRUCTIONSCROLL	987
1171037984494	1	INSTRUCTIONSCROLL	990
1171037984510	1	INSTRUCTIONSCROLL	993
1171037984527	1	INSTRUCTIONSCROLL	997
1171037984544	1	INSTRUCTIONSCROLL	1000
1171037984560	1	INSTRUCTIONSCROLL	1003
1171037984577	1	INSTRUCTIONSCROLL	1007
1171037984594	1	INSTRUCTIONSCROLL	1010
1171037984610	1	INSTRUCTIONSCROLL	1013
1171037984627	1	INSTRUCTIONSCROLL	1017
1171037984644	1	INSTRUCTIONSCROLL	1020
1171037984660	1	INSTRUCTIONSCROLL	1023
1171037984677	1	INSTRUCTIONSCROLL	1027
1171037984694	1	INSTRUCTIONSCROLL	1030
1171037984710	1	INSTRUCTIONSCROLL	1033
1171037984727	1	INSTRUCTIONSCROLL	1037
1171037984744	1	INSTRUCTIONSCROLL	1040
1171037984760	1	INSTRUCTIONSCROLL	1043
1171037984777	1	INSTRUCTIONSCROLL	1047
1171037984794	1	INSTRUCTIONSCROLL	1050
1171037984810	1	INSTRUCTIONSCROLL	1053
1171037984827	1	INSTRUCTIONSCROLL	1056
1171037984844	1	INSTRUCTIONSCROLL	1060
1171037984860	1	INSTRUCTIONSCROLL	1063
1171037984877	1	INSTRUCTIONSCROLL	1067
1171037984893	1	INSTRUCTIONSCROLL	1070
1171037984910	1	INSTRUCTIONSCROLL	1073
1171037984927	1	INSTRUCTIONSCROLL	1076
1171037984943	1	INSTRUCTIONSCROLL	1080
1171037987776	1	INSTRUCTIONSCROLL	1081
1171037987792	1	INSTRUCTIONSCROLL	1084
1171037987809	1	INSTRUCTIONSCROLL	1087
1171037987826	1	INSTRUCTIONSCROLL	1091
1171037987842	1	INSTRUCTIONSCROLL	1094
1171037987859	1	INSTRUCTIONSCROLL	1097
1171037987876	1	INSTRUCTIONSCROLL	1101
1171037987893	1	INSTRUCTIONSCROLL	1104
1171037987909	1	INSTRUCTIONSCROLL	1107
1171037987926	1	INSTRUCTIONSCROLL	1111
1171037987943	1	INSTRUCTIONSCROLL	1114
1171037987959	1	INSTRUCTIONSCROLL	1117
1171037987976	1	INSTRUCTIONSCROLL	1121
1171037987992	1	INSTRUCTIONSCROLL	1124
1171037988010	1	INSTRUCTIONSCROLL	1128
1171037988027	1	INSTRUCTIONSCROLL	1131
1171037988043	1	INSTRUCTIONSCROLL	1134
1171037988060	1	INSTRUCTIONSCROLL	1138
1171037988077	1	INSTRUCTIONSCROLL	1141
1171037988093	1	INSTRUCTIONSCROLL	1144
1171037988110	1	INSTRUCTIONSCROLL	1148
1171037988127	1	INSTRUCTIONSCROLL	1151
1171037988143	1	INSTRUCTIONSCROLL	1154
1171037988160	1	INSTRUCTIONSCROLL	1158
1171037988177	1	INSTRUCTIONSCROLL	1161
1171037988193	1	INSTRUCTIONSCROLL	1164
1171037993657	1	INSTRUCTIONSCROLL	1165
1171037993674	1	INSTRUCTIONSCROLL	1169
1171037993691	1	INSTRUCTIONSCROLL	1172
1171037993707	1	INSTRUCTIONSCROLL	1175
1171037993724	1	INSTRUCTIONSCROLL	1179
1171037993741	1	INSTRUCTIONSCROLL	1182
1171037993757	1	INSTRUCTIONSCROLL	1185
1171037993774	1	INSTRUCTIONSCROLL	1189
1171037993791	1	INSTRUCTIONSCROLL	1192
1171037993807	1	INSTRUCTIONSCROLL	1195
1171037993824	1	INSTRUCTIONSCROLL	1199
1171037993841	1	INSTRUCTIONSCROLL	1202
1171037993857	1	INSTRUCTIONSCROLL	1205
1171037993874	1	INSTRUCTIONSCROLL	1209
1171037993891	1	INSTRUCTIONSCROLL	1212
1171037993907	1	INSTRUCTIONSCROLL	1215
1171037993924	1	INSTRUCTIONSCROLL	1219
1171037993941	1	INSTRUCTIONSCROLL	1222
1171037993957	1	INSTRUCTIONSCROLL	1225
1171037993974	1	INSTRUCTIONSCROLL	1228
1171037993991	1	INSTRUCTIONSCROLL	1232
1171037994008	1	INSTRUCTIONSCROLL	1235
1171037994025	1	INSTRUCTIONSCROLL	1239
1171037994042	1	INSTRUCTIONSCROLL	1242
1171037994058	1	INSTRUCTIONSCROLL	1245
1171037994075	1	INSTRUCTIONSCROLL	1249
1171037994091	1	INSTRUCTIONSCROLL	1252
1171037994108	1	INSTRUCTIONSCROLL	1255
1171037994125	1	INSTRUCTIONSCROLL	1259
1171037994141	1	INSTRUCTIONSCROLL	1262
1171037994158	1	INSTRUCTIONSCROLL	1265
1171037994175	1	INSTRUCTIONSCROLL	1269
1171037994191	1	INSTRUCTIONSCROLL	1272
1171037994208	1	INSTRUCTIONSCROLL	1275
1171037994225	1	INSTRUCTIONSCROLL	1279
1171037994241	1	INSTRUCTIONSCROLL	1282
1171037994258	1	INSTRUCTIONSCROLL	1285
1171037994275	1	INSTRUCTIONSCROLL	1289
1171037994291	1	INSTRUCTIONSCROLL	1292
1171037994308	1	INSTRUCTIONSCROLL	1295
1171037994324	1	INSTRUCTIONSCROLL	1299
1171037994340	1	INSTRUCTIONSCROLL	1302
1171037994357	1	INSTRUCTIONSCROLL	1305
1171037994374	1	INSTRUCTIONSCROLL	1309
1171037994390	1	INSTRUCTIONSCROLL	1312
1171037994407	1	INSTRUCTIONSCROLL	1315
1171037994424	1	INSTRUCTIONSCROLL	1319
1171037994440	1	INSTRUCTIONSCROLL	1322
1171037994457	1	INSTRUCTIONSCROLL	1325
1171037994474	1	INSTRUCTIONSCROLL	1328
1171037994490	1	INSTRUCTIONSCROLL	1332
1171037994507	1	INSTRUCTIONSCROLL	1335
1171037994524	1	INSTRUCTIONSCROLL	1339
1171037994540	1	INSTRUCTIONSCROLL	1342
1171037994557	1	INSTRUCTIONSCROLL	1345
1171037994574	1	INSTRUCTIONSCROLL	1349
1171037994590	1	INSTRUCTIONSCROLL	1352
1171037994607	1	INSTRUCTIONSCROLL	1355
1171037994624	1	INSTRUCTIONSCROLL	1358
1171037994640	1	INSTRUCTIONSCROLL	1362
1171037994657	1	INSTRUCTIONSCROLL	1365
1171037994674	1	INSTRUCTIONSCROLL	1369
1171037994690	1	INSTRUCTIONSCROLL	1372
1171037994707	1	INSTRUCTIONSCROLL	1375
1171037994724	1	INSTRUCTIONSCROLL	1379
1171037994740	1	INSTRUCTIONSCROLL	1382
1171037994757	1	INSTRUCTIONSCROLL	1385
1171037994774	1	INSTRUCTIONSCROLL	1388
1171037994790	1	INSTRUCTIONSCROLL	1392
1171037994807	1	INSTRUCTIONSCROLL	1395
1171037994824	1	INSTRUCTIONSCROLL	1399
1171037994840	1	INSTRUCTIONSCROLL	1402
1171037994857	1	INSTRUCTIONSCROLL	1405
1171037994874	1	INSTRUCTIONSCROLL	1409
1171037994890	1	INSTRUCTIONSCROLL	1412
1171037994907	1	INSTRUCTIONSCROLL	1415
1171037994924	1	INSTRUCTIONSCROLL	1419
1171037994940	1	INSTRUCTIONSCROLL	1422
1171037994957	1	INSTRUCTIONSCROLL	1425
1171037994974	1	INSTRUCTIONSCROLL	1429
1171037994990	1	INSTRUCTIONSCROLL	1432
1171037995008	1	INSTRUCTIONSCROLL	1435
1171037995025	1	INSTRUCTIONSCROLL	1439
1171037995041	1	INSTRUCTIONSCROLL	1442
1171037995058	1	INSTRUCTIONSCROLL	1445
1171037995075	1	INSTRUCTIONSCROLL	1449
1171037995091	1	INSTRUCTIONSCROLL	1452
1171037995108	1	INSTRUCTIONSCROLL	1455
1171037995125	1	INSTRUCTIONSCROLL	1459
1171037995141	1	INSTRUCTIONSCROLL	1462
1171037995158	1	INSTRUCTIONSCROLL	1465
1171037995174	1	INSTRUCTIONSCROLL	1469
1171037995191	1	INSTRUCTIONSCROLL	1472
1171037995208	1	INSTRUCTIONSCROLL	1475
1171037995224	1	INSTRUCTIONSCROLL	1479
1171037995241	1	INSTRUCTIONSCROLL	1482
1171037995258	1	INSTRUCTIONSCROLL	1485
1171037995274	1	INSTRUCTIONSCROLL	1489
1171037995291	1	INSTRUCTIONSCROLL	1492
1171037995308	1	INSTRUCTIONSCROLL	1495
1171037995323	1	INSTRUCTIONSCROLL	1499
1171037995340	1	INSTRUCTIONSCROLL	1502
1171037995357	1	INSTRUCTIONSCROLL	1505
1171037995373	1	INSTRUCTIONSCROLL	1508
1171037995390	1	INSTRUCTIONSCROLL	1512
1171037995407	1	INSTRUCTIONSCROLL	1515
1171037995423	1	INSTRUCTIONSCROLL	1519
1171037995440	1	INSTRUCTIONSCROLL	1522
1171037995457	1	INSTRUCTIONSCROLL	1525
1171037995473	1	INSTRUCTIONSCROLL	1528
1171037995490	1	INSTRUCTIONSCROLL	1532
1171037995507	1	INSTRUCTIONSCROLL	1535
1171037995523	1	INSTRUCTIONSCROLL	1538
1171037995540	1	INSTRUCTIONSCROLL	1542
1171037995557	1	INSTRUCTIONSCROLL	1545
1171037995573	1	INSTRUCTIONSCROLL	1549
1171037995590	1	INSTRUCTIONSCROLL	1552
1171037995607	1	INSTRUCTIONSCROLL	1555
1171037995623	1	INSTRUCTIONSCROLL	1559
1171037995640	1	INSTRUCTIONSCROLL	1562
1171037995657	1	INSTRUCTIONSCROLL	1565
1171037995673	1	INSTRUCTIONSCROLL	1568
1171037995690	1	INSTRUCTIONSCROLL	1572
1171037995707	1	INSTRUCTIONSCROLL	1575
1171037995723	1	INSTRUCTIONSCROLL	1578
1171037995740	1	INSTRUCTIONSCROLL	1582
1171037995757	1	INSTRUCTIONSCROLL	1585
1171037995773	1	INSTRUCTIONSCROLL	1588
1171037995790	1	INSTRUCTIONSCROLL	1592
1171037995807	1	INSTRUCTIONSCROLL	1595
1171037995823	1	INSTRUCTIONSCROLL	1598
1171037995840	1	INSTRUCTIONSCROLL	1602
1171037995857	1	INSTRUCTIONSCROLL	1605
1171037995873	1	INSTRUCTIONSCROLL	1608
1171037995890	1	INSTRUCTIONSCROLL	1612
1171037995907	1	INSTRUCTIONSCROLL	1615
1171037995923	1	INSTRUCTIONSCROLL	1618
1171037995940	1	INSTRUCTIONSCROLL	1622
1171037995957	1	INSTRUCTIONSCROLL	1625
1171037995973	1	INSTRUCTIONSCROLL	1628
1171037995990	1	INSTRUCTIONSCROLL	1632
1171037996008	1	INSTRUCTIONSCROLL	1635
1171037996024	1	INSTRUCTIONSCROLL	1639
1171037996041	1	INSTRUCTIONSCROLL	1642
1171037996058	1	INSTRUCTIONSCROLL	1645
1171037996074	1	INSTRUCTIONSCROLL	1649
1171037996091	1	INSTRUCTIONSCROLL	1652
1171037996108	1	INSTRUCTIONSCROLL	1655
1171037996124	1	INSTRUCTIONSCROLL	1659
1171037996141	1	INSTRUCTIONSCROLL	1662
1171037996158	1	INSTRUCTIONSCROLL	1665
1171037996174	1	INSTRUCTIONSCROLL	1669
1171037996191	1	INSTRUCTIONSCROLL	1672
1171037996208	1	INSTRUCTIONSCROLL	1675
1171037996224	1	INSTRUCTIONSCROLL	1679
1171037996241	1	INSTRUCTIONSCROLL	1682
1171037996257	1	INSTRUCTIONSCROLL	1685
1171037996274	1	INSTRUCTIONSCROLL	1689
1171037996291	1	INSTRUCTIONSCROLL	1692
1171037996307	1	INSTRUCTIONSCROLL	1695
1171037996323	1	INSTRUCTIONSCROLL	1699
1171037996340	1	INSTRUCTIONSCROLL	1702
1171037996356	1	INSTRUCTIONSCROLL	1705
1171037996373	1	INSTRUCTIONSCROLL	1708
1171037996390	1	INSTRUCTIONSCROLL	1712
1171037996406	1	INSTRUCTIONSCROLL	1715
1171037996423	1	INSTRUCTIONSCROLL	1718
1171037996440	1	INSTRUCTIONSCROLL	1722
1171037996456	1	INSTRUCTIONSCROLL	1725
1171037996473	1	INSTRUCTIONSCROLL	1728
1171037996490	1	INSTRUCTIONSCROLL	1732
1171037996506	1	INSTRUCTIONSCROLL	1735
1171037996523	1	INSTRUCTIONSCROLL	1738
1171037996540	1	INSTRUCTIONSCROLL	1742
1171037996556	1	INSTRUCTIONSCROLL	1745
1171037996573	1	INSTRUCTIONSCROLL	1748
1171037999639	1	INSTRUCTIONSCROLL	1749
1171037999655	1	INSTRUCTIONSCROLL	1752
1171037999672	1	INSTRUCTIONSCROLL	1755
1171037999689	1	INSTRUCTIONSCROLL	1759
1171037999705	1	INSTRUCTIONSCROLL	1762
1171037999722	1	INSTRUCTIONSCROLL	1765
1171037999739	1	INSTRUCTIONSCROLL	1769
1171037999755	1	INSTRUCTIONSCROLL	1772
1171037999772	1	INSTRUCTIONSCROLL	1775
1171037999789	1	INSTRUCTIONSCROLL	1779
1171037999805	1	INSTRUCTIONSCROLL	1782
1171037999822	1	INSTRUCTIONSCROLL	1785
1171037999839	1	INSTRUCTIONSCROLL	1789
1171037999855	1	INSTRUCTIONSCROLL	1792
1171037999872	1	INSTRUCTIONSCROLL	1795
1171037999889	1	INSTRUCTIONSCROLL	1799
1171037999906	1	INSTRUCTIONSCROLL	1802
1171037999922	1	INSTRUCTIONSCROLL	1805
1171037999939	1	INSTRUCTIONSCROLL	1809
1171037999955	1	INSTRUCTIONSCROLL	1812
1171037999972	1	INSTRUCTIONSCROLL	1815
1171037999989	1	INSTRUCTIONSCROLL	1819
1171038000006	1	INSTRUCTIONSCROLL	1822
1171038000023	1	INSTRUCTIONSCROLL	1826
1171038000040	1	INSTRUCTIONSCROLL	1829
1171038000056	1	INSTRUCTIONSCROLL	1832
1171038000073	1	INSTRUCTIONSCROLL	1836
1171038000090	1	INSTRUCTIONSCROLL	1839
1171038000106	1	INSTRUCTIONSCROLL	1842
1171038000123	1	INSTRUCTIONSCROLL	1846
1171038000140	1	INSTRUCTIONSCROLL	1849
1171038003554	1	INSTRUCTIONSCROLL	1850
1171038003571	1	INSTRUCTIONSCROLL	1853
1171038003587	1	INSTRUCTIONSCROLL	1857
1171038003604	1	INSTRUCTIONSCROLL	1860
1171038003621	1	INSTRUCTIONSCROLL	1863
1171038003637	1	INSTRUCTIONSCROLL	1867
1171038003654	1	INSTRUCTIONSCROLL	1870
1171038003671	1	INSTRUCTIONSCROLL	1873
1171038003687	1	INSTRUCTIONSCROLL	1877
1171038003704	1	INSTRUCTIONSCROLL	1880
1171038003721	1	INSTRUCTIONSCROLL	1883
1171038003737	1	INSTRUCTIONSCROLL	1887
1171038003754	1	INSTRUCTIONSCROLL	1890
1171038003771	1	INSTRUCTIONSCROLL	1893
1171038003787	1	INSTRUCTIONSCROLL	1897
1171038003804	1	INSTRUCTIONSCROLL	1900
1171038003821	1	INSTRUCTIONSCROLL	1903
1171038003837	1	INSTRUCTIONSCROLL	1907
1171038003854	1	INSTRUCTIONSCROLL	1910
1171038003871	1	INSTRUCTIONSCROLL	1913
1171038003887	1	INSTRUCTIONSCROLL	1917
1171038003906	1	INSTRUCTIONSCROLL	1920
1171038003921	1	INSTRUCTIONSCROLL	1924
1171038003937	1	INSTRUCTIONSCROLL	1927
1171038003954	1	INSTRUCTIONSCROLL	1930
1171038003971	1	INSTRUCTIONSCROLL	1933
1171038003987	1	INSTRUCTIONSCROLL	1937
1171038004005	1	INSTRUCTIONSCROLL	1940
1171038004022	1	INSTRUCTIONSCROLL	1944
1171038004038	1	INSTRUCTIONSCROLL	1947
1171038004055	1	INSTRUCTIONSCROLL	1950
1171038004072	1	INSTRUCTIONSCROLL	1953
1171038004088	1	INSTRUCTIONSCROLL	1957
1171038004105	1	INSTRUCTIONSCROLL	1960
1171038004122	1	INSTRUCTIONSCROLL	1964
1171038004138	1	INSTRUCTIONSCROLL	1967
1171038004155	1	INSTRUCTIONSCROLL	1970
1171038004172	1	INSTRUCTIONSCROLL	1974
1171038004188	1	INSTRUCTIONSCROLL	1977
1171038004205	1	INSTRUCTIONSCROLL	1980
1171038004222	1	INSTRUCTIONSCROLL	1983
1171038004238	1	INSTRUCTIONSCROLL	1987
1171038004255	1	INSTRUCTIONSCROLL	1990
1171038004272	1	INSTRUCTIONSCROLL	1994
1171038004288	1	INSTRUCTIONSCROLL	1997
1171038004306	1	INSTRUCTIONSCROLL	2000
1171038004321	1	INSTRUCTIONSCROLL	2004
1171038004337	1	INSTRUCTIONSCROLL	2007
1171038004354	1	INSTRUCTIONSCROLL	2010
1171038004371	1	INSTRUCTIONSCROLL	2013
1171038004387	1	INSTRUCTIONSCROLL	2017
1171038004404	1	INSTRUCTIONSCROLL	2020
1171038004420	1	INSTRUCTIONSCROLL	2023
1171038004437	1	INSTRUCTIONSCROLL	2027
1171038004454	1	INSTRUCTIONSCROLL	2030
1171038004470	1	INSTRUCTIONSCROLL	2033
1171038004487	1	INSTRUCTIONSCROLL	2037
1171038004504	1	INSTRUCTIONSCROLL	2040
1171038004521	1	INSTRUCTIONSCROLL	2043
1171038004537	1	INSTRUCTIONSCROLL	2047
1171038004554	1	INSTRUCTIONSCROLL	2050
1171038004570	1	INSTRUCTIONSCROLL	2053
1171038004587	1	INSTRUCTIONSCROLL	2057
1171038004604	1	INSTRUCTIONSCROLL	2060
1171038004620	1	INSTRUCTIONSCROLL	2063
1171038004637	1	INSTRUCTIONSCROLL	2067
1171038004654	1	INSTRUCTIONSCROLL	2070
1171038004670	1	INSTRUCTIONSCROLL	2073
1171038004687	1	INSTRUCTIONSCROLL	2077
1171038004704	1	INSTRUCTIONSCROLL	2080
1171038004720	1	INSTRUCTIONSCROLL	2083
1171038004737	1	INSTRUCTIONSCROLL	2087
1171038004754	1	INSTRUCTIONSCROLL	2090
1171038004770	1	INSTRUCTIONSCROLL	2093
1171038004787	1	INSTRUCTIONSCROLL	2097
1171038004804	1	INSTRUCTIONSCROLL	2100
1171038004820	1	INSTRUCTIONSCROLL	2103
1171038004837	1	INSTRUCTIONSCROLL	2107
1171038004854	1	INSTRUCTIONSCROLL	2110
1171038004870	1	INSTRUCTIONSCROLL	2113
1171038004887	1	INSTRUCTIONSCROLL	2117
1171038004904	1	INSTRUCTIONSCROLL	2120
1171038005737	1	INSTRUCTIONSCROLL	2121
1171038005753	1	INSTRUCTIONSCROLL	2124
1171038005770	1	INSTRUCTIONSCROLL	2127
1171038005787	1	INSTRUCTIONSCROLL	2130
1171038005803	1	INSTRUCTIONSCROLL	2134
1171038005820	1	INSTRUCTIONSCROLL	2137
1171038005837	1	INSTRUCTIONSCROLL	2140
1171038005853	1	INSTRUCTIONSCROLL	2144
1171038005870	1	INSTRUCTIONSCROLL	2147
1171038005887	1	INSTRUCTIONSCROLL	2150
1171038005904	1	INSTRUCTIONSCROLL	2154
1171038005920	1	INSTRUCTIONSCROLL	2157
1171038005937	1	INSTRUCTIONSCROLL	2160
1171038005953	1	INSTRUCTIONSCROLL	2164
1171038005970	1	INSTRUCTIONSCROLL	2167
1171038005987	1	INSTRUCTIONSCROLL	2170
1171038006004	1	INSTRUCTIONSCROLL	2174
1171038006021	1	INSTRUCTIONSCROLL	2177
1171038006038	1	INSTRUCTIONSCROLL	2181
1171038006054	1	INSTRUCTIONSCROLL	2184
1171038006071	1	INSTRUCTIONSCROLL	2187
1171038006088	1	INSTRUCTIONSCROLL	2191
1171038006104	1	INSTRUCTIONSCROLL	2194
1171038006121	1	INSTRUCTIONSCROLL	2197
1171038006138	1	INSTRUCTIONSCROLL	2201
1171038006154	1	INSTRUCTIONSCROLL	2204
1171038006171	1	INSTRUCTIONSCROLL	2207
1171038006188	1	INSTRUCTIONSCROLL	2211
1171038006204	1	INSTRUCTIONSCROLL	2214
1171038006221	1	INSTRUCTIONSCROLL	2217
1171038006238	1	INSTRUCTIONSCROLL	2221
1171038006254	1	INSTRUCTIONSCROLL	2224
1171038006271	1	INSTRUCTIONSCROLL	2227
1171038006288	1	INSTRUCTIONSCROLL	2231
1171038006304	1	INSTRUCTIONSCROLL	2234
1171038006320	1	INSTRUCTIONSCROLL	2237
1171038006337	1	INSTRUCTIONSCROLL	2240
1171038006353	1	INSTRUCTIONSCROLL	2244
1171038006370	1	INSTRUCTIONSCROLL	2247
1171038006387	1	INSTRUCTIONSCROLL	2251
1171038006403	1	INSTRUCTIONSCROLL	2254
1171038006420	1	INSTRUCTIONSCROLL	2257
1171038006436	1	INSTRUCTIONSCROLL	2260
1171038006453	1	INSTRUCTIONSCROLL	2264
1171038006470	1	INSTRUCTIONSCROLL	2267
1171038006487	1	INSTRUCTIONSCROLL	2270
1171038006503	1	INSTRUCTIONSCROLL	2274
1171038006520	1	INSTRUCTIONSCROLL	2277
1171038006536	1	INSTRUCTIONSCROLL	2281
1171038006553	1	INSTRUCTIONSCROLL	2284
1171038006570	1	INSTRUCTIONSCROLL	2287
1171038006586	1	INSTRUCTIONSCROLL	2290
1171038006603	1	INSTRUCTIONSCROLL	2294
1171038006620	1	INSTRUCTIONSCROLL	2297
1171038006636	1	INSTRUCTIONSCROLL	2300
1171038006653	1	INSTRUCTIONSCROLL	2304
1171038006670	1	INSTRUCTIONSCROLL	2307
1171038006686	1	INSTRUCTIONSCROLL	2310
1171038006703	1	INSTRUCTIONSCROLL	2314
1171038006720	1	INSTRUCTIONSCROLL	2317
1171038006736	1	INSTRUCTIONSCROLL	2320
1171038006753	1	INSTRUCTIONSCROLL	2324
1171038006770	1	INSTRUCTIONSCROLL	2327
1171038006786	1	INSTRUCTIONSCROLL	2330
1171038006803	1	INSTRUCTIONSCROLL	2334
1171038006820	1	INSTRUCTIONSCROLL	2337
1171038006836	1	INSTRUCTIONSCROLL	2341
1171038006853	1	INSTRUCTIONSCROLL	2344
1171038006870	1	INSTRUCTIONSCROLL	2347
1171038006886	1	INSTRUCTIONSCROLL	2350
1171038006903	1	INSTRUCTIONSCROLL	2354
1171038009904	1	INSTRUCTIONSCROLL	2355
1171038009919	1	INSTRUCTIONSCROLL	2356
1171038009935	1	INSTRUCTIONSCROLL	2359
1171038009952	1	INSTRUCTIONSCROLL	2362
1171038009969	1	INSTRUCTIONSCROLL	2366
1171038009985	1	INSTRUCTIONSCROLL	2369
1171038010003	1	INSTRUCTIONSCROLL	2372
1171038010020	1	INSTRUCTIONSCROLL	2376
1171038010036	1	INSTRUCTIONSCROLL	2379
1171038010053	1	INSTRUCTIONSCROLL	2383
1171038010070	1	INSTRUCTIONSCROLL	2386
1171038010086	1	INSTRUCTIONSCROLL	2389
1171038010103	1	INSTRUCTIONSCROLL	2393
1171038010120	1	INSTRUCTIONSCROLL	2396
1171038010136	1	INSTRUCTIONSCROLL	2399
1171038010153	1	INSTRUCTIONSCROLL	2403
1171038010170	1	INSTRUCTIONSCROLL	2406
1171038010186	1	INSTRUCTIONSCROLL	2409
1171038010203	1	INSTRUCTIONSCROLL	2413
1171038010220	1	INSTRUCTIONSCROLL	2416
1171038010236	1	INSTRUCTIONSCROLL	2419
1171038010253	1	INSTRUCTIONSCROLL	2423
1171038010270	1	INSTRUCTIONSCROLL	2426
1171038010286	1	INSTRUCTIONSCROLL	2429
1171038010303	1	INSTRUCTIONSCROLL	2433
1171038010319	1	INSTRUCTIONSCROLL	2436
1171038010335	1	INSTRUCTIONSCROLL	2439
1171038010352	1	INSTRUCTIONSCROLL	2442
1171038010369	1	INSTRUCTIONSCROLL	2446
1171038010385	1	INSTRUCTIONSCROLL	2449
1171038010402	1	INSTRUCTIONSCROLL	2452
1171038010419	1	INSTRUCTIONSCROLL	2456
1171038010435	1	INSTRUCTIONSCROLL	2459
1171038010452	1	INSTRUCTIONSCROLL	2462
1171038010469	1	INSTRUCTIONSCROLL	2466
1171038010485	1	INSTRUCTIONSCROLL	2469
1171038010502	1	INSTRUCTIONSCROLL	2472
1171038010519	1	INSTRUCTIONSCROLL	2476
1171038010535	1	INSTRUCTIONSCROLL	2479
1171038010552	1	INSTRUCTIONSCROLL	2482
1171038010569	1	INSTRUCTIONSCROLL	2486
1171038010585	1	INSTRUCTIONSCROLL	2489
1171038010602	1	INSTRUCTIONSCROLL	2492
1171038010618	1	INSTRUCTIONSCROLL	2496
1171038010635	1	INSTRUCTIONSCROLL	2499
1171038010652	1	INSTRUCTIONSCROLL	2502
1171038010668	1	INSTRUCTIONSCROLL	2506
1171038010685	1	INSTRUCTIONSCROLL	2509
1171038010702	1	INSTRUCTIONSCROLL	2512
1171038010719	1	INSTRUCTIONSCROLL	2516
1171038010735	1	INSTRUCTIONSCROLL	2519
1171038012036	1	INSTRUCTIONSCROLL	2520
1171038012052	1	INSTRUCTIONSCROLL	2524
1171038012069	1	INSTRUCTIONSCROLL	2527
1171038012086	1	INSTRUCTIONSCROLL	2530
1171038012102	1	INSTRUCTIONSCROLL	2534
1171038012119	1	INSTRUCTIONSCROLL	2537
1171038012136	1	INSTRUCTIONSCROLL	2540
1171038012152	1	INSTRUCTIONSCROLL	2544
1171038012169	1	INSTRUCTIONSCROLL	2547
1171038012186	1	INSTRUCTIONSCROLL	2550
1171038012202	1	INSTRUCTIONSCROLL	2554
1171038012219	1	INSTRUCTIONSCROLL	2557
1171038012236	1	INSTRUCTIONSCROLL	2560
1171038012252	1	INSTRUCTIONSCROLL	2564
1171038012269	1	INSTRUCTIONSCROLL	2567
1171038012286	1	INSTRUCTIONSCROLL	2570
1171038012302	1	INSTRUCTIONSCROLL	2574
1171038012318	1	INSTRUCTIONSCROLL	2577
1171038012335	1	INSTRUCTIONSCROLL	2580
1171038012351	1	INSTRUCTIONSCROLL	2583
1171038012368	1	INSTRUCTIONSCROLL	2587
1171038012385	1	INSTRUCTIONSCROLL	2590
1171038012401	1	INSTRUCTIONSCROLL	2593
1171038012418	1	INSTRUCTIONSCROLL	2597
1171038012435	1	INSTRUCTIONSCROLL	2600
1171038012451	1	INSTRUCTIONSCROLL	2603
1171038012468	1	INSTRUCTIONSCROLL	2607
1171038012485	1	INSTRUCTIONSCROLL	2610
1171038012501	1	INSTRUCTIONSCROLL	2613
1171038012518	1	INSTRUCTIONSCROLL	2617
1171038012535	1	INSTRUCTIONSCROLL	2620
1171038012551	1	INSTRUCTIONSCROLL	2623
1171038012568	1	INSTRUCTIONSCROLL	2627
1171038012585	1	INSTRUCTIONSCROLL	2630
1171038012601	1	INSTRUCTIONSCROLL	2633
1171038012618	1	INSTRUCTIONSCROLL	2637
1171038012634	1	INSTRUCTIONSCROLL	2640
1171038012651	1	INSTRUCTIONSCROLL	2643
1171038012668	1	INSTRUCTIONSCROLL	2647
1171038012685	1	INSTRUCTIONSCROLL	2650
1171038012701	1	INSTRUCTIONSCROLL	2653
1171038012718	1	INSTRUCTIONSCROLL	2657
1171038012735	1	INSTRUCTIONSCROLL	2660
1171038012751	1	INSTRUCTIONSCROLL	2663
1171038012768	1	INSTRUCTIONSCROLL	2667
1171038012784	1	INSTRUCTIONSCROLL	2670
1171038012801	1	INSTRUCTIONSCROLL	2673
1171038012818	1	INSTRUCTIONSCROLL	2677
1171038012834	1	INSTRUCTIONSCROLL	2680
1171038012851	1	INSTRUCTIONSCROLL	2683
1171038012868	1	INSTRUCTIONSCROLL	2687
1171038012884	1	INSTRUCTIONSCROLL	2690
1171038012901	1	INSTRUCTIONSCROLL	2693
1171038012918	1	INSTRUCTIONSCROLL	2697
1171038012934	1	INSTRUCTIONSCROLL	2700
1171038012951	1	INSTRUCTIONSCROLL	2703
1171038012968	1	INSTRUCTIONSCROLL	2707
1171038012984	1	INSTRUCTIONSCROLL	2710
1171038013002	1	INSTRUCTIONSCROLL	2713
1171038013019	1	INSTRUCTIONSCROLL	2717
1171038013035	1	INSTRUCTIONSCROLL	2720
1171038013052	1	INSTRUCTIONSCROLL	2724
1171038013069	1	INSTRUCTIONSCROLL	2727
1171038013085	1	INSTRUCTIONSCROLL	2730
1171038013102	1	INSTRUCTIONSCROLL	2734
1171038013119	1	INSTRUCTIONSCROLL	2737
1171038013135	1	INSTRUCTIONSCROLL	2740
1171038013152	1	INSTRUCTIONSCROLL	2744
1171038014651	1	INSTRUCTIONSCROLL	2745
1171038014667	1	INSTRUCTIONSCROLL	2747
1171038014684	1	INSTRUCTIONSCROLL	2750
1171038014701	1	INSTRUCTIONSCROLL	2753
1171038014717	1	INSTRUCTIONSCROLL	2757
1171038014734	1	INSTRUCTIONSCROLL	2760
1171038014750	1	INSTRUCTIONSCROLL	2763
1171038014767	1	INSTRUCTIONSCROLL	2767
1171038014784	1	INSTRUCTIONSCROLL	2770
1171038014801	1	INSTRUCTIONSCROLL	2773
1171038014817	1	INSTRUCTIONSCROLL	2777
1171038014834	1	INSTRUCTIONSCROLL	2780
1171038014850	1	INSTRUCTIONSCROLL	2783
1171038014867	1	INSTRUCTIONSCROLL	2787
1171038014884	1	INSTRUCTIONSCROLL	2790
1171038014900	1	INSTRUCTIONSCROLL	2793
1171038014917	1	INSTRUCTIONSCROLL	2797
1171038014934	1	INSTRUCTIONSCROLL	2800
1171038014950	1	INSTRUCTIONSCROLL	2803
1171038014967	1	INSTRUCTIONSCROLL	2807
1171038014984	1	INSTRUCTIONSCROLL	2810
1171038015001	1	INSTRUCTIONSCROLL	2813
1171038015018	1	INSTRUCTIONSCROLL	2817
1171038015035	1	INSTRUCTIONSCROLL	2820
1171038015051	1	INSTRUCTIONSCROLL	2823
1171038015068	1	INSTRUCTIONSCROLL	2827
1171038015085	1	INSTRUCTIONSCROLL	2830
1171038015101	1	INSTRUCTIONSCROLL	2834
1171038015118	1	INSTRUCTIONSCROLL	2837
1171038015135	1	INSTRUCTIONSCROLL	2840
1171038015151	1	INSTRUCTIONSCROLL	2843
1171038015168	1	INSTRUCTIONSCROLL	2847
1171038015185	1	INSTRUCTIONSCROLL	2850
1171038015201	1	INSTRUCTIONSCROLL	2853
1171038015218	1	INSTRUCTIONSCROLL	2857
1171038015235	1	INSTRUCTIONSCROLL	2860
1171038015251	1	INSTRUCTIONSCROLL	2864
1171038015268	1	INSTRUCTIONSCROLL	2867
1171038015285	1	INSTRUCTIONSCROLL	2870
1171038015301	1	INSTRUCTIONSCROLL	2873
1171038015317	1	INSTRUCTIONSCROLL	2877
1171038015334	1	INSTRUCTIONSCROLL	2880
1171038015350	1	INSTRUCTIONSCROLL	2883
1171038015367	1	INSTRUCTIONSCROLL	2887
1171038015384	1	INSTRUCTIONSCROLL	2890
1171038015400	1	INSTRUCTIONSCROLL	2893
1171038015417	1	INSTRUCTIONSCROLL	2897
1171038015434	1	INSTRUCTIONSCROLL	2900
1171038015450	1	INSTRUCTIONSCROLL	2903
1171038015467	1	INSTRUCTIONSCROLL	2907
1171038015484	1	INSTRUCTIONSCROLL	2910
1171038015500	1	INSTRUCTIONSCROLL	2913
1171038015517	1	INSTRUCTIONSCROLL	2917
1171038015534	1	INSTRUCTIONSCROLL	2920
1171038015550	1	INSTRUCTIONSCROLL	2923
1171038015567	1	INSTRUCTIONSCROLL	2927
1171038015584	1	INSTRUCTIONSCROLL	2930
1171038015600	1	INSTRUCTIONSCROLL	2933
1171038015617	1	INSTRUCTIONSCROLL	2937
1171038015634	1	INSTRUCTIONSCROLL	2940
1171038015650	1	INSTRUCTIONSCROLL	2943
1171038015667	1	INSTRUCTIONSCROLL	2947
1171038015684	1	INSTRUCTIONSCROLL	2950
1171038015700	1	INSTRUCTIONSCROLL	2953
1171038015717	1	INSTRUCTIONSCROLL	2957
1171038015734	1	INSTRUCTIONSCROLL	2960
1171038015750	1	INSTRUCTIONSCROLL	2963
1171038015767	1	INSTRUCTIONSCROLL	2967
1171038015784	1	INSTRUCTIONSCROLL	2970
1171038015800	1	INSTRUCTIONSCROLL	2973
1171038015817	1	INSTRUCTIONSCROLL	2977
1171038015834	1	INSTRUCTIONSCROLL	2980
1171038015850	1	INSTRUCTIONSCROLL	2983
1171038016201	1	INSTRUCTIONSCROLL	2984
1171038016218	1	INSTRUCTIONSCROLL	2987
1171038016234	1	INSTRUCTIONSCROLL	2991
1171038016251	1	INSTRUCTIONSCROLL	2994
1171038016268	1	INSTRUCTIONSCROLL	2997
1171038016284	1	INSTRUCTIONSCROLL	3001
1171038016301	1	INSTRUCTIONSCROLL	3004
1171038016317	1	INSTRUCTIONSCROLL	3007
1171038016333	1	INSTRUCTIONSCROLL	3010
1171038016350	1	INSTRUCTIONSCROLL	3014
1171038016367	1	INSTRUCTIONSCROLL	3017
1171038016383	1	INSTRUCTIONSCROLL	3020
1171038016400	1	INSTRUCTIONSCROLL	3024
1171038016417	1	INSTRUCTIONSCROLL	3027
1171038016433	1	INSTRUCTIONSCROLL	3030
1171038016450	1	INSTRUCTIONSCROLL	3034
1171038016467	1	INSTRUCTIONSCROLL	3037
1171038016483	1	INSTRUCTIONSCROLL	3040
1171038016500	1	INSTRUCTIONSCROLL	3044
1171038016517	1	INSTRUCTIONSCROLL	3047
1171038016533	1	INSTRUCTIONSCROLL	3050
1171038016550	1	INSTRUCTIONSCROLL	3054
1171038016567	1	INSTRUCTIONSCROLL	3057
1171038016583	1	INSTRUCTIONSCROLL	3060
1171038016600	1	INSTRUCTIONSCROLL	3064
1171038016617	1	INSTRUCTIONSCROLL	3067
1171038016633	1	INSTRUCTIONSCROLL	3070
1171038016650	1	INSTRUCTIONSCROLL	3074
1171038016667	1	INSTRUCTIONSCROLL	3077
1171038016683	1	INSTRUCTIONSCROLL	3080
1171038016700	1	INSTRUCTIONSCROLL	3084
1171038016716	1	INSTRUCTIONSCROLL	3087
1171038016733	1	INSTRUCTIONSCROLL	3090
1171038016750	1	INSTRUCTIONSCROLL	3094
1171038016766	1	INSTRUCTIONSCROLL	3097
1171038016783	1	INSTRUCTIONSCROLL	3100
1171038016800	1	INSTRUCTIONSCROLL	3104
1171038016816	1	INSTRUCTIONSCROLL	3107
1171038016833	1	INSTRUCTIONSCROLL	3110
1171038016850	1	INSTRUCTIONSCROLL	3114
1171038016866	1	INSTRUCTIONSCROLL	3117
1171038016883	1	INSTRUCTIONSCROLL	3120
1171038016900	1	INSTRUCTIONSCROLL	3124
1171038016916	1	INSTRUCTIONSCROLL	3127
1171038016933	1	INSTRUCTIONSCROLL	3130
1171038016950	1	INSTRUCTIONSCROLL	3134
1171038016966	1	INSTRUCTIONSCROLL	3137
1171038016983	1	INSTRUCTIONSCROLL	3140
1171038017000	1	INSTRUCTIONSCROLL	3144
1171038017017	1	INSTRUCTIONSCROLL	3147
1171038017034	1	INSTRUCTIONSCROLL	3151
1171038017051	1	INSTRUCTIONSCROLL	3154
1171038017067	1	INSTRUCTIONSCROLL	3157
1171038017084	1	INSTRUCTIONSCROLL	3161
1171038017101	1	INSTRUCTIONSCROLL	3164
1171038017117	1	INSTRUCTIONSCROLL	3167
1171038017134	1	INSTRUCTIONSCROLL	3171
1171038017151	1	INSTRUCTIONSCROLL	3174
1171038017167	1	INSTRUCTIONSCROLL	3177
1171038017400	1	INSTRUCTIONSCROLL	3178
1171038017416	1	INSTRUCTIONSCROLL	3180
1171038017433	1	INSTRUCTIONSCROLL	3183
1171038017450	1	INSTRUCTIONSCROLL	3186
1171038017466	1	INSTRUCTIONSCROLL	3190
1171038017483	1	INSTRUCTIONSCROLL	3193
1171038017500	1	INSTRUCTIONSCROLL	3196
1171038017516	1	INSTRUCTIONSCROLL	3200
1171038017533	1	INSTRUCTIONSCROLL	3203
1171038017550	1	INSTRUCTIONSCROLL	3206
1171038017566	1	INSTRUCTIONSCROLL	3210
1171038017583	1	INSTRUCTIONSCROLL	3213
1171038017600	1	INSTRUCTIONSCROLL	3216
1171038017616	1	INSTRUCTIONSCROLL	3220
1171038017633	1	INSTRUCTIONSCROLL	3223
1171038017650	1	INSTRUCTIONSCROLL	3226
1171038017666	1	INSTRUCTIONSCROLL	3230
1171038017683	1	INSTRUCTIONSCROLL	3233
1171038017700	1	INSTRUCTIONSCROLL	3236
1171038017716	1	INSTRUCTIONSCROLL	3240
1171038017733	1	INSTRUCTIONSCROLL	3243
1171038017749	1	INSTRUCTIONSCROLL	3246
1171038017766	1	INSTRUCTIONSCROLL	3250
1171038017783	1	INSTRUCTIONSCROLL	3253
1171038017800	1	INSTRUCTIONSCROLL	3256
1171038017816	1	INSTRUCTIONSCROLL	3260
1171038017833	1	INSTRUCTIONSCROLL	3263
1171038017849	1	INSTRUCTIONSCROLL	3266
1171038017866	1	INSTRUCTIONSCROLL	3270
1171038017883	1	INSTRUCTIONSCROLL	3273
1171038017899	1	INSTRUCTIONSCROLL	3276
1171038017916	1	INSTRUCTIONSCROLL	3280
1171038017933	1	INSTRUCTIONSCROLL	3283
1171038017949	1	INSTRUCTIONSCROLL	3286
1171038017966	1	INSTRUCTIONSCROLL	3290
1171038017983	1	INSTRUCTIONSCROLL	3293
1171038017999	1	INSTRUCTIONSCROLL	3296
1171038018017	1	INSTRUCTIONSCROLL	3300
1171038018034	1	INSTRUCTIONSCROLL	3303
1171038018050	1	INSTRUCTIONSCROLL	3306
1171038018067	1	INSTRUCTIONSCROLL	3310
1171038018084	1	INSTRUCTIONSCROLL	3313
1171038018100	1	INSTRUCTIONSCROLL	3316
1171038018117	1	INSTRUCTIONSCROLL	3320
1171038018134	1	INSTRUCTIONSCROLL	3323
1171038018150	1	INSTRUCTIONSCROLL	3327
1171038018167	1	INSTRUCTIONSCROLL	3330
1171038018184	1	INSTRUCTIONSCROLL	3333
1171038018200	1	INSTRUCTIONSCROLL	3336
1171038018217	1	INSTRUCTIONSCROLL	3340
1171038018234	1	INSTRUCTIONSCROLL	3343
1171038018250	1	INSTRUCTIONSCROLL	3346
1171038018267	1	INSTRUCTIONSCROLL	3350
1171038018284	1	INSTRUCTIONSCROLL	3353
1171038018301	1	INSTRUCTIONSCROLL	3357
1171038018316	1	INSTRUCTIONSCROLL	3360
1171038018333	1	INSTRUCTIONSCROLL	3363
1171038018349	1	INSTRUCTIONSCROLL	3366
1171038018366	1	INSTRUCTIONSCROLL	3370
1171038018383	1	INSTRUCTIONSCROLL	3373
1171038018399	1	INSTRUCTIONSCROLL	3376
1171038018416	1	INSTRUCTIONSCROLL	3380
1171038018433	1	INSTRUCTIONSCROLL	3383
1171038018449	1	INSTRUCTIONSCROLL	3386
1171038018466	1	INSTRUCTIONSCROLL	3390
1171038018483	1	INSTRUCTIONSCROLL	3393
1171038018499	1	INSTRUCTIONSCROLL	3396
1171038018516	1	INSTRUCTIONSCROLL	3400
1171038018533	1	INSTRUCTIONSCROLL	3403
1171038018549	1	INSTRUCTIONSCROLL	3406
1171038018566	1	INSTRUCTIONSCROLL	3410
1171038018583	1	INSTRUCTIONSCROLL	3413
1171038018599	1	INSTRUCTIONSCROLL	3416
1171038018616	1	INSTRUCTIONSCROLL	3420
1171038018633	1	INSTRUCTIONSCROLL	3423
1171038018649	1	INSTRUCTIONSCROLL	3426
1171038018666	1	INSTRUCTIONSCROLL	3430
1171038018683	1	INSTRUCTIONSCROLL	3433
1171038018699	1	INSTRUCTIONSCROLL	3436
1171038018716	1	INSTRUCTIONSCROLL	3440
1171038018733	1	INSTRUCTIONSCROLL	3443
1171038018749	1	INSTRUCTIONSCROLL	3446
1171038018766	1	INSTRUCTIONSCROLL	3450
1171038018783	1	INSTRUCTIONSCROLL	3453
1171038018799	1	INSTRUCTIONSCROLL	3456
1171038018816	1	INSTRUCTIONSCROLL	3460
1171038018833	1	INSTRUCTIONSCROLL	3463
1171038018849	1	INSTRUCTIONSCROLL	3466
1171038018866	1	INSTRUCTIONSCROLL	3470
1171038018883	1	INSTRUCTIONSCROLL	3473
1171038018899	1	INSTRUCTIONSCROLL	3476
1171038018916	1	INSTRUCTIONSCROLL	3480
1171038018933	1	INSTRUCTIONSCROLL	3483
1171038018949	1	INSTRUCTIONSCROLL	3486
1171038018966	1	INSTRUCTIONSCROLL	3490
1171038018982	1	INSTRUCTIONSCROLL	3493
1171038018999	1	INSTRUCTIONSCROLL	3496
1171038019017	1	INSTRUCTIONSCROLL	3500
1171038019034	1	INSTRUCTIONSCROLL	3503
1171038019050	1	INSTRUCTIONSCROLL	3506
1171038019067	1	INSTRUCTIONSCROLL	3510
1171038019083	1	INSTRUCTIONSCROLL	3513
1171038019100	1	INSTRUCTIONSCROLL	3516
1171038019117	1	INSTRUCTIONSCROLL	3520
1171038019133	1	INSTRUCTIONSCROLL	3523
1171038019150	1	INSTRUCTIONSCROLL	3526
1171038019167	1	INSTRUCTIONSCROLL	3530
1171038019183	1	INSTRUCTIONSCROLL	3533
1171038019200	1	INSTRUCTIONSCROLL	3536
1171038019217	1	INSTRUCTIONSCROLL	3540
1171038019233	1	INSTRUCTIONSCROLL	3543
1171038019250	1	INSTRUCTIONSCROLL	3546
1171038019267	1	INSTRUCTIONSCROLL	3550
1171038019283	1	INSTRUCTIONSCROLL	3553
1171038019300	1	INSTRUCTIONSCROLL	3556
1171038019316	1	INSTRUCTIONSCROLL	3560
1171038019332	1	INSTRUCTIONSCROLL	3563
1171038019349	1	INSTRUCTIONSCROLL	3566
1171038019366	1	INSTRUCTIONSCROLL	3569
1171038019382	1	INSTRUCTIONSCROLL	3573
1171038019399	1	INSTRUCTIONSCROLL	3576
1171038019416	1	INSTRUCTIONSCROLL	3580
1171038019432	1	INSTRUCTIONSCROLL	3583
1171038019449	1	INSTRUCTIONSCROLL	3586
1171038019466	1	INSTRUCTIONSCROLL	3590
1171038019482	1	INSTRUCTIONSCROLL	3593
1171038019499	1	INSTRUCTIONSCROLL	3596
1171038019516	1	INSTRUCTIONSCROLL	3599
1171038019532	1	INSTRUCTIONSCROLL	3603
1171038019549	1	INSTRUCTIONSCROLL	3606
1171038019566	1	INSTRUCTIONSCROLL	3610
1171038019582	1	INSTRUCTIONSCROLL	3613
1171038019599	1	INSTRUCTIONSCROLL	3616
1171038019616	1	INSTRUCTIONSCROLL	3620
1171038019632	1	INSTRUCTIONSCROLL	3623
1171038019649	1	INSTRUCTIONSCROLL	3626
1171038019666	1	INSTRUCTIONSCROLL	3629
1171038019682	1	INSTRUCTIONSCROLL	3633
1171038019699	1	INSTRUCTIONSCROLL	3636
1171038019716	1	INSTRUCTIONSCROLL	3640
1171038019732	1	INSTRUCTIONSCROLL	3643
1171038019749	1	INSTRUCTIONSCROLL	3646
1171038019766	1	INSTRUCTIONSCROLL	3650
1171038019782	1	INSTRUCTIONSCROLL	3653
1171038019799	1	INSTRUCTIONSCROLL	3656
1171038019816	1	INSTRUCTIONSCROLL	3659
1171038019832	1	INSTRUCTIONSCROLL	3663
1171038019849	1	INSTRUCTIONSCROLL	3666
1171038019866	1	INSTRUCTIONSCROLL	3670
1171038019882	1	INSTRUCTIONSCROLL	3673
1171038019899	1	INSTRUCTIONSCROLL	3676
1171038019916	1	INSTRUCTIONSCROLL	3680
1171038019932	1	INSTRUCTIONSCROLL	3683
1171038019949	1	INSTRUCTIONSCROLL	3686
1171038019965	1	INSTRUCTIONSCROLL	3689
1171038019982	1	INSTRUCTIONSCROLL	3693
1171038019999	1	INSTRUCTIONSCROLL	3696
1171038020016	1	INSTRUCTIONSCROLL	3700
1171038020033	1	INSTRUCTIONSCROLL	3703
1171038020050	1	INSTRUCTIONSCROLL	3706
1171038020066	1	INSTRUCTIONSCROLL	3710
1171038020083	1	INSTRUCTIONSCROLL	3713
1171038020100	1	INSTRUCTIONSCROLL	3716
1171038020117	1	INSTRUCTIONSCROLL	3720
1171038020133	1	INSTRUCTIONSCROLL	3723
1171038020150	1	INSTRUCTIONSCROLL	3726
1171038020166	1	INSTRUCTIONSCROLL	3730
1171038020183	1	INSTRUCTIONSCROLL	3733
1171038020200	1	INSTRUCTIONSCROLL	3736
1171038020216	1	INSTRUCTIONSCROLL	3740
1171038020233	1	INSTRUCTIONSCROLL	3743
1171038020250	1	INSTRUCTIONSCROLL	3746
1171038020266	1	INSTRUCTIONSCROLL	3750
1171038020283	1	INSTRUCTIONSCROLL	3753
1171038020300	1	INSTRUCTIONSCROLL	3756
1171038020315	1	INSTRUCTIONSCROLL	3760
1171038020332	1	INSTRUCTIONSCROLL	3763
1171038020349	1	INSTRUCTIONSCROLL	3766
1171038020365	1	INSTRUCTIONSCROLL	3770
1171038020382	1	INSTRUCTIONSCROLL	3773
1171038020399	1	INSTRUCTIONSCROLL	3776
1171038020415	1	INSTRUCTIONSCROLL	3779
1171038020432	1	INSTRUCTIONSCROLL	3783
1171038020449	1	INSTRUCTIONSCROLL	3786
1171038020465	1	INSTRUCTIONSCROLL	3789
1171038020482	1	INSTRUCTIONSCROLL	3793
1171038020499	1	INSTRUCTIONSCROLL	3796
1171038020515	1	INSTRUCTIONSCROLL	3800
1171038020532	1	INSTRUCTIONSCROLL	3803
1171038020549	1	INSTRUCTIONSCROLL	3806
1171038020565	1	INSTRUCTIONSCROLL	3809
1171038020582	1	INSTRUCTIONSCROLL	3813
1171038020599	1	INSTRUCTIONSCROLL	3816
1171038020615	1	INSTRUCTIONSCROLL	3819
1171038020632	1	INSTRUCTIONSCROLL	3823
1171038020649	1	INSTRUCTIONSCROLL	3826
1171038020665	1	INSTRUCTIONSCROLL	3829
1171038020682	1	INSTRUCTIONSCROLL	3833
1171038020699	1	INSTRUCTIONSCROLL	3836
1171038020715	1	INSTRUCTIONSCROLL	3839
1171038020732	1	INSTRUCTIONSCROLL	3843
1171038020749	1	INSTRUCTIONSCROLL	3846
1171038020765	1	INSTRUCTIONSCROLL	3849
1171038020782	1	INSTRUCTIONSCROLL	3853
1171038020799	1	INSTRUCTIONSCROLL	3856
1171038020815	1	INSTRUCTIONSCROLL	3859
1171038020832	1	INSTRUCTIONSCROLL	3863
1171038020849	1	INSTRUCTIONSCROLL	3866
1171038020865	1	INSTRUCTIONSCROLL	3869
1171038020882	1	INSTRUCTIONSCROLL	3873
1171038020899	1	INSTRUCTIONSCROLL	3876
1171038020915	1	INSTRUCTIONSCROLL	3880
1171038020932	1	INSTRUCTIONSCROLL	3883
1171038022232	1	INSTRUCTIONSCROLL	3884
1171038022249	1	INSTRUCTIONSCROLL	3885
1171038022266	1	INSTRUCTIONSCROLL	3888
1171038022282	1	INSTRUCTIONSCROLL	3892
1171038022299	1	INSTRUCTIONSCROLL	3895
1171038022315	1	INSTRUCTIONSCROLL	3898
1171038022331	1	INSTRUCTIONSCROLL	3902
1171038022348	1	INSTRUCTIONSCROLL	3905
1171038022365	1	INSTRUCTIONSCROLL	3908
1171038022381	1	INSTRUCTIONSCROLL	3912
1171038022398	1	INSTRUCTIONSCROLL	3915
1171038022415	1	INSTRUCTIONSCROLL	3918
1171038022431	1	INSTRUCTIONSCROLL	3922
1171038022448	1	INSTRUCTIONSCROLL	3925
1171038022465	1	INSTRUCTIONSCROLL	3928
1171038022481	1	INSTRUCTIONSCROLL	3932
1171038022498	1	INSTRUCTIONSCROLL	3935
1171038022515	1	INSTRUCTIONSCROLL	3938
1171038022531	1	INSTRUCTIONSCROLL	3942
1171038022548	1	INSTRUCTIONSCROLL	3945
1171038022565	1	INSTRUCTIONSCROLL	3948
1171038022581	1	INSTRUCTIONSCROLL	3952
1171038022598	1	INSTRUCTIONSCROLL	3955
1171038022615	1	INSTRUCTIONSCROLL	3958
1171038022631	1	INSTRUCTIONSCROLL	3962
1171038022648	1	INSTRUCTIONSCROLL	3965
1171038022665	1	INSTRUCTIONSCROLL	3968
1171038022681	1	INSTRUCTIONSCROLL	3972
1171038022698	1	INSTRUCTIONSCROLL	3975
1171038022715	1	INSTRUCTIONSCROLL	3978
1171038022731	1	INSTRUCTIONSCROLL	3982
1171038022748	1	INSTRUCTIONSCROLL	3985
1171038022765	1	INSTRUCTIONSCROLL	3988
1171038022781	1	INSTRUCTIONSCROLL	3992
1171038022798	1	INSTRUCTIONSCROLL	3995
1171038022815	1	INSTRUCTIONSCROLL	3998
1171038022831	1	INSTRUCTIONSCROLL	4002
1171038022848	1	INSTRUCTIONSCROLL	4005
1171038022864	1	INSTRUCTIONSCROLL	4008
1171038022881	1	INSTRUCTIONSCROLL	4012
1171038022898	1	INSTRUCTIONSCROLL	4015
1171038022915	1	INSTRUCTIONSCROLL	4018
1171038022931	1	INSTRUCTIONSCROLL	4022
1171038022948	1	INSTRUCTIONSCROLL	4025
1171038022965	1	INSTRUCTIONSCROLL	4028
1171038022981	1	INSTRUCTIONSCROLL	4032
1171038022998	1	INSTRUCTIONSCROLL	4035
1171038023016	1	INSTRUCTIONSCROLL	4038
1171038023032	1	INSTRUCTIONSCROLL	4042
1171038023049	1	INSTRUCTIONSCROLL	4045
1171038023065	1	INSTRUCTIONSCROLL	4049
1171038023082	1	INSTRUCTIONSCROLL	4052
1171038023099	1	INSTRUCTIONSCROLL	4055
1171038030180	1	INSTRUCTIONSCROLL	4056
1171038030197	1	INSTRUCTIONSCROLL	4057
1171038030213	1	INSTRUCTIONSCROLL	4060
1171038030230	1	INSTRUCTIONSCROLL	4063
1171038030247	1	INSTRUCTIONSCROLL	4067
1171038030263	1	INSTRUCTIONSCROLL	4070
1171038030280	1	INSTRUCTIONSCROLL	4073
1171038030296	1	INSTRUCTIONSCROLL	4077
1171038030312	1	INSTRUCTIONSCROLL	4080
1171038030329	1	INSTRUCTIONSCROLL	4083
1171038030345	1	INSTRUCTIONSCROLL	4086
1171038030362	1	INSTRUCTIONSCROLL	4090
1171038030379	1	INSTRUCTIONSCROLL	4093
1171038030395	1	INSTRUCTIONSCROLL	4096
1171038030412	1	INSTRUCTIONSCROLL	4100
1171038030429	1	INSTRUCTIONSCROLL	4103
1171038030445	1	INSTRUCTIONSCROLL	4106
1171038030462	1	INSTRUCTIONSCROLL	4110
1171038030479	1	INSTRUCTIONSCROLL	4113
1171038030495	1	INSTRUCTIONSCROLL	4116
1171038030512	1	INSTRUCTIONSCROLL	4120
1171038030529	1	INSTRUCTIONSCROLL	4123
1171038030545	1	INSTRUCTIONSCROLL	4126
1171038030562	1	INSTRUCTIONSCROLL	4130
1171038030579	1	INSTRUCTIONSCROLL	4133
1171038030595	1	INSTRUCTIONSCROLL	4136
1171038030612	1	INSTRUCTIONSCROLL	4140
1171038030629	1	INSTRUCTIONSCROLL	4143
1171038030645	1	INSTRUCTIONSCROLL	4146
1171038030662	1	INSTRUCTIONSCROLL	4150
1171038030679	1	INSTRUCTIONSCROLL	4153
1171038030695	1	INSTRUCTIONSCROLL	4156
1171038030712	1	INSTRUCTIONSCROLL	4160
1171038030729	1	INSTRUCTIONSCROLL	4163
1171038030745	1	INSTRUCTIONSCROLL	4166
1171038030762	1	INSTRUCTIONSCROLL	4170
1171038030779	1	INSTRUCTIONSCROLL	4173
1171038030795	1	INSTRUCTIONSCROLL	4176
1171038030812	1	INSTRUCTIONSCROLL	4180
1171038030829	1	INSTRUCTIONSCROLL	4183
1171038030845	1	INSTRUCTIONSCROLL	4186
1171038030862	1	INSTRUCTIONSCROLL	4190
1171038030879	1	INSTRUCTIONSCROLL	4193
1171038030895	1	INSTRUCTIONSCROLL	4196
1171038030912	1	INSTRUCTIONSCROLL	4200
1171038030929	1	INSTRUCTIONSCROLL	4203
1171038030945	1	INSTRUCTIONSCROLL	4206
1171038030962	1	INSTRUCTIONSCROLL	4210
1171038030979	1	INSTRUCTIONSCROLL	4213
1171038030995	1	INSTRUCTIONSCROLL	4216
1171038031013	1	INSTRUCTIONSCROLL	4220
1171038031030	1	INSTRUCTIONSCROLL	4223
1171038031046	1	INSTRUCTIONSCROLL	4226
1171038031063	1	INSTRUCTIONSCROLL	4230
1171038031080	1	INSTRUCTIONSCROLL	4233
1171038031096	1	INSTRUCTIONSCROLL	4236
1171038031113	1	INSTRUCTIONSCROLL	4240
1171038031130	1	INSTRUCTIONSCROLL	4243
1171038031146	1	INSTRUCTIONSCROLL	4246
1171038031163	1	INSTRUCTIONSCROLL	4250
1171038031180	1	INSTRUCTIONSCROLL	4253
1171038031196	1	INSTRUCTIONSCROLL	4256
1171038031213	1	INSTRUCTIONSCROLL	4260
1171038031230	1	INSTRUCTIONSCROLL	4263
1171038031246	1	INSTRUCTIONSCROLL	4266
1171038031263	1	INSTRUCTIONSCROLL	4270
1171038031280	1	INSTRUCTIONSCROLL	4273
1171038031296	1	INSTRUCTIONSCROLL	4277
1171038031312	1	INSTRUCTIONSCROLL	4280
1171038031329	1	INSTRUCTIONSCROLL	4283
1171038031345	1	INSTRUCTIONSCROLL	4286
1171038031362	1	INSTRUCTIONSCROLL	4290
1171038031379	1	INSTRUCTIONSCROLL	4293
1171038031395	1	INSTRUCTIONSCROLL	4296
1171038031412	1	INSTRUCTIONSCROLL	4300
1171038031428	1	INSTRUCTIONSCROLL	4303
1171038031445	1	INSTRUCTIONSCROLL	4306
1171038031462	1	INSTRUCTIONSCROLL	4309
1171038031478	1	INSTRUCTIONSCROLL	4313
1171038031495	1	INSTRUCTIONSCROLL	4316
1171038031512	1	INSTRUCTIONSCROLL	4320
1171038031528	1	INSTRUCTIONSCROLL	4323
1171038031545	1	INSTRUCTIONSCROLL	4326
1171038031562	1	INSTRUCTIONSCROLL	4330
1171038031578	1	INSTRUCTIONSCROLL	4333
1171038031595	1	INSTRUCTIONSCROLL	4336
1171038031612	1	INSTRUCTIONSCROLL	4340
1171038031628	1	INSTRUCTIONSCROLL	4343
1171038031645	1	INSTRUCTIONSCROLL	4346
1171038031662	1	INSTRUCTIONSCROLL	4349
1171038031678	1	INSTRUCTIONSCROLL	4353
1171038031695	1	INSTRUCTIONSCROLL	4356
1171038031712	1	INSTRUCTIONSCROLL	4360
1171038031728	1	INSTRUCTIONSCROLL	4363
1171038031745	1	INSTRUCTIONSCROLL	4366
1171038031762	1	INSTRUCTIONSCROLL	4369
1171038031778	1	INSTRUCTIONSCROLL	4373
1171038031795	1	INSTRUCTIONSCROLL	4376
1171038031812	1	INSTRUCTIONSCROLL	4379
1171038031828	1	INSTRUCTIONSCROLL	4383
1171038031845	1	INSTRUCTIONSCROLL	4386
1171038031862	1	INSTRUCTIONSCROLL	4390
1171038031878	1	INSTRUCTIONSCROLL	4393
1171038031895	1	INSTRUCTIONSCROLL	4396
1171038031912	1	INSTRUCTIONSCROLL	4399
1171038031928	1	INSTRUCTIONSCROLL	4403
1171038031945	1	INSTRUCTIONSCROLL	4406
1171038031962	1	INSTRUCTIONSCROLL	4409
1171038031978	1	INSTRUCTIONSCROLL	4413
1171038031995	1	INSTRUCTIONSCROLL	4416
1171038032013	1	INSTRUCTIONSCROLL	4420
1171038032029	1	INSTRUCTIONSCROLL	4423
1171038032046	1	INSTRUCTIONSCROLL	4426
1171038032063	1	INSTRUCTIONSCROLL	4430
1171038032079	1	INSTRUCTIONSCROLL	4433
1171038032096	1	INSTRUCTIONSCROLL	4436
1171038032113	1	INSTRUCTIONSCROLL	4440
1171038032129	1	INSTRUCTIONSCROLL	4443
1171038032146	1	INSTRUCTIONSCROLL	4446
1171038032163	1	INSTRUCTIONSCROLL	4450
1171038032179	1	INSTRUCTIONSCROLL	4453
1171038032196	1	INSTRUCTIONSCROLL	4456
1171038032213	1	INSTRUCTIONSCROLL	4460
1171038032229	1	INSTRUCTIONSCROLL	4463
1171038032246	1	INSTRUCTIONSCROLL	4466
1171038032263	1	INSTRUCTIONSCROLL	4470
1171038032279	1	INSTRUCTIONSCROLL	4473
1171038032297	1	INSTRUCTIONSCROLL	4476
1171038032312	1	INSTRUCTIONSCROLL	4480
1171038032328	1	INSTRUCTIONSCROLL	4483
1171038032345	1	INSTRUCTIONSCROLL	4486
1171038032362	1	INSTRUCTIONSCROLL	4489
1171038032378	1	INSTRUCTIONSCROLL	4493
1171038032395	1	INSTRUCTIONSCROLL	4496
1171038032411	1	INSTRUCTIONSCROLL	4500
1171038032428	1	INSTRUCTIONSCROLL	4503
1171038032445	1	INSTRUCTIONSCROLL	4506
1171038032461	1	INSTRUCTIONSCROLL	4510
1171038032478	1	INSTRUCTIONSCROLL	4513
1171038032495	1	INSTRUCTIONSCROLL	4516
1171038032511	1	INSTRUCTIONSCROLL	4519
1171038032528	1	INSTRUCTIONSCROLL	4523
1171038032545	1	INSTRUCTIONSCROLL	4526
1171038032561	1	INSTRUCTIONSCROLL	4530
1171038032578	1	INSTRUCTIONSCROLL	4533
1171038032595	1	INSTRUCTIONSCROLL	4536
1171038032611	1	INSTRUCTIONSCROLL	4540
1171038032628	1	INSTRUCTIONSCROLL	4543
1171038032645	1	INSTRUCTIONSCROLL	4546
1171038032661	1	INSTRUCTIONSCROLL	4549
1171038032678	1	INSTRUCTIONSCROLL	4553
1171038032695	1	INSTRUCTIONSCROLL	4556
1171038032711	1	INSTRUCTIONSCROLL	4560
1171038032728	1	INSTRUCTIONSCROLL	4563
1171038032745	1	INSTRUCTIONSCROLL	4566
1171038032761	1	INSTRUCTIONSCROLL	4570
1171038032778	1	INSTRUCTIONSCROLL	4573
1171038032795	1	INSTRUCTIONSCROLL	4576
1171038032811	1	INSTRUCTIONSCROLL	4579
1171038032828	1	INSTRUCTIONSCROLL	4583
1171038032845	1	INSTRUCTIONSCROLL	4586
1171038032861	1	INSTRUCTIONSCROLL	4590
1171038032878	1	INSTRUCTIONSCROLL	4593
1171038032895	1	INSTRUCTIONSCROLL	4596
1171038032911	1	INSTRUCTIONSCROLL	4599
1171038032928	1	INSTRUCTIONSCROLL	4603
1171038032945	1	INSTRUCTIONSCROLL	4606
1171038032961	1	INSTRUCTIONSCROLL	4609
1171038032978	1	INSTRUCTIONSCROLL	4613
1171038032995	1	INSTRUCTIONSCROLL	4616
1171038033012	1	INSTRUCTIONSCROLL	4620
1171038033029	1	INSTRUCTIONSCROLL	4623
1171038033046	1	INSTRUCTIONSCROLL	4626
1171038033062	1	INSTRUCTIONSCROLL	4630
1171038033079	1	INSTRUCTIONSCROLL	4633
1171038033096	1	INSTRUCTIONSCROLL	4636
1171038033112	1	INSTRUCTIONSCROLL	4640
1171038033129	1	INSTRUCTIONSCROLL	4643
1171038033146	1	INSTRUCTIONSCROLL	4646
1171038033162	1	INSTRUCTIONSCROLL	4650
1171038033179	1	INSTRUCTIONSCROLL	4653
1171038033196	1	INSTRUCTIONSCROLL	4656
1171038033212	1	INSTRUCTIONSCROLL	4660
1171038033229	1	INSTRUCTIONSCROLL	4663
1171038033246	1	INSTRUCTIONSCROLL	4666
1171038033262	1	INSTRUCTIONSCROLL	4670
1171038033279	1	INSTRUCTIONSCROLL	4673
1171038033296	1	INSTRUCTIONSCROLL	4676
1171038033311	1	INSTRUCTIONSCROLL	4680
1171038033328	1	INSTRUCTIONSCROLL	4683
1171038038244	1	INSTRUCTIONSCROLL	4684
1171038038261	1	INSTRUCTIONSCROLL	4687
1171038038277	1	INSTRUCTIONSCROLL	4691
1171038038294	1	INSTRUCTIONSCROLL	4694
1171038038310	1	INSTRUCTIONSCROLL	4697
1171038038326	1	INSTRUCTIONSCROLL	4701
1171038038343	1	INSTRUCTIONSCROLL	4704
1171038038360	1	INSTRUCTIONSCROLL	4707
1171038038376	1	INSTRUCTIONSCROLL	4711
1171038038393	1	INSTRUCTIONSCROLL	4714
1171038038410	1	INSTRUCTIONSCROLL	4717
1171038038426	1	INSTRUCTIONSCROLL	4721
1171038038443	1	INSTRUCTIONSCROLL	4724
1171038038460	1	INSTRUCTIONSCROLL	4727
1171038038476	1	INSTRUCTIONSCROLL	4731
1171038038493	1	INSTRUCTIONSCROLL	4734
1171038038510	1	INSTRUCTIONSCROLL	4737
1171038038526	1	INSTRUCTIONSCROLL	4741
1171038038543	1	INSTRUCTIONSCROLL	4744
1171038038559	1	INSTRUCTIONSCROLL	4747
1171038038576	1	INSTRUCTIONSCROLL	4751
1171038038593	1	INSTRUCTIONSCROLL	4754
1171038038609	1	INSTRUCTIONSCROLL	4757
1171038038626	1	INSTRUCTIONSCROLL	4761
1171038038643	1	INSTRUCTIONSCROLL	4764
1171038038659	1	INSTRUCTIONSCROLL	4767
1171038038676	1	INSTRUCTIONSCROLL	4771
1171038038693	1	INSTRUCTIONSCROLL	4774
1171038038709	1	INSTRUCTIONSCROLL	4777
1171038038726	1	INSTRUCTIONSCROLL	4781
1171038038743	1	INSTRUCTIONSCROLL	4784
1171038038759	1	INSTRUCTIONSCROLL	4787
1171038038776	1	INSTRUCTIONSCROLL	4791
1171038038793	1	INSTRUCTIONSCROLL	4794
1171038038809	1	INSTRUCTIONSCROLL	4797
1171038038826	1	INSTRUCTIONSCROLL	4801
1171038038843	1	INSTRUCTIONSCROLL	4804
1171038038859	1	INSTRUCTIONSCROLL	4807
1171038038876	1	INSTRUCTIONSCROLL	4811
1171038038893	1	INSTRUCTIONSCROLL	4814
1171038038909	1	INSTRUCTIONSCROLL	4817
1171038038926	1	INSTRUCTIONSCROLL	4821
1171038038943	1	INSTRUCTIONSCROLL	4824
1171038038959	1	INSTRUCTIONSCROLL	4827
1171038038976	1	INSTRUCTIONSCROLL	4831
1171038038993	1	INSTRUCTIONSCROLL	4834
1171038039010	1	INSTRUCTIONSCROLL	4837
1171038039027	1	INSTRUCTIONSCROLL	4841
1171038039044	1	INSTRUCTIONSCROLL	4844
1171038039060	1	INSTRUCTIONSCROLL	4847
1171038039077	1	INSTRUCTIONSCROLL	4851
1171038039094	1	INSTRUCTIONSCROLL	4854
1171038039110	1	INSTRUCTIONSCROLL	4857
1171038039127	1	INSTRUCTIONSCROLL	4861
1171038039144	1	INSTRUCTIONSCROLL	4864
1171038039160	1	INSTRUCTIONSCROLL	4868
1171038039177	1	INSTRUCTIONSCROLL	4871
1171038039194	1	INSTRUCTIONSCROLL	4874
1171038039210	1	INSTRUCTIONSCROLL	4877
1171038039227	1	INSTRUCTIONSCROLL	4881
1171038039244	1	INSTRUCTIONSCROLL	4884
1171038039260	1	INSTRUCTIONSCROLL	4887
1171038039277	1	INSTRUCTIONSCROLL	4891
1171038039294	1	INSTRUCTIONSCROLL	4894
1171038039310	1	INSTRUCTIONSCROLL	4898
1171038039326	1	INSTRUCTIONSCROLL	4901
1171038039343	1	INSTRUCTIONSCROLL	4904
1171038039359	1	INSTRUCTIONSCROLL	4907
1171038039376	1	INSTRUCTIONSCROLL	4911
1171038039393	1	INSTRUCTIONSCROLL	4914
1171038039409	1	INSTRUCTIONSCROLL	4917
1171038039426	1	INSTRUCTIONSCROLL	4921
1171038039443	1	INSTRUCTIONSCROLL	4924
1171038039459	1	INSTRUCTIONSCROLL	4927
1171038039476	1	INSTRUCTIONSCROLL	4931
1171038039493	1	INSTRUCTIONSCROLL	4934
1171038039509	1	INSTRUCTIONSCROLL	4937
1171038039526	1	INSTRUCTIONSCROLL	4941
1171038039543	1	INSTRUCTIONSCROLL	4944
1171038039559	1	INSTRUCTIONSCROLL	4947
1171038039576	1	INSTRUCTIONSCROLL	4951
1171038039593	1	INSTRUCTIONSCROLL	4954
1171038039609	1	INSTRUCTIONSCROLL	4955
1171038042625	1	INSTRUCTIONSTOP	Button set (OR)
1171038042625	0	E	Logging Ends
