1192217047800	0	B	Logging Begins
1192217047801	0	SESS_START	0
1192217111906	0	TRIAL	1
1192217129407	1	FACE	2055	PRES1_NPPN	Correct	LL1	PP1	Target_NPPN	0	PRACTICE
1192217133219	1	FACE	2055	CUE	Correct	LL1	PP1	Target_NPPN	0	PRACTICE
1192217135274	0	FACE	2055	RESP	Correct	LL1	PP1	Target_NPPN	0	PRACTICE
1192217135305	0	TRIAL	2
1192217141003	1	FACE	1732	PRES1_PPNN	Correct	LL1	PP1	Target_PPNN	0	PRACTICE
1192217144854	1	FACE	1732	CUE	Correct	LL1	PP1	Target_PPNN	0	PRACTICE
1192217146586	0	FACE	1732	RESP	Correct	LL1	PP1	Target_PPNN	0	PRACTICE
1192217146620	0	TRIAL	3
1192217150878	1	FACE	1289	PRES1_NPNN	Correct	LL1	PP1	Target_NPNN	0	PRACTICE
1192217154664	1	FACE	1289	CUE	Correct	LL1	PP1	Target_NPNN	0	PRACTICE
1192217155953	0	FACE	1289	RESP	Correct	LL1	PP1	Target_NPNN	0	PRACTICE
1192217155976	0	TRIAL	4
1192217159662	1	FACE	1304	PRES1_PPPP	Correct	LL1	PP1	Target_PPPP	0	PRACTICE
1192217163714	1	FACE	1304	CUE	Correct	LL1	PP1	Target_PPPP	0	PRACTICE
1192217165018	0	FACE	1304	RESP	Correct	LL1	PP1	Target_PPPP	0	PRACTICE
1192217165040	0	TRIAL	5
1192217168606	1	FACE	2091	PRES1_NPNP	Incorrect	LL1	PP0	Lure_NNPP	0	PRACTICE
1192217172419	1	FACE	2091	CUE	Incorrect	LL1	PP0	Lure_NNPP	0	PRACTICE
1192217174510	13	FACE	2091	RESP	Incorrect	LL1	PP0	Lure_NNPP	0	PRACTICE
1192217174557	0	TRIAL	6
1192217178683	1	FACE	1257	PRES1_PNNN	Correct	LL1	PP0	Lure_NNNP	0	PRACTICE
1192217182695	1	FACE	1257	CUE	Correct	LL1	PP0	Lure_NNNP	0	PRACTICE
1192217183952	0	FACE	1257	RESP	Correct	LL1	PP0	Lure_NNNP	0	PRACTICE
1192217183979	0	TRIAL	7
1192217187880	1	FACE	1477	PRES1_NPPN	Correct	LL1	PP0	Lure_PPNN	0	PRACTICE
1192217191732	1	FACE	1477	CUE	Correct	LL1	PP0	Lure_PPNN	0	PRACTICE
1192217193209	0	FACE	1477	RESP	Correct	LL1	PP0	Lure_PPNN	0	PRACTICE
1192217193247	0	TRIAL	8
1192217198091	1	FACE	1479	PRES1_PPNP	Correct	LL1	PP0	Lure_NPPP	0	PRACTICE
1192217202129	1	FACE	1479	CUE	Correct	LL1	PP0	Lure_NPPP	0	PRACTICE
1192217203608	0	FACE	1479	RESP	Correct	LL1	PP0	Lure_NPPP	0	PRACTICE
1192217203640	0	TRIAL	9
1192217207341	1	FACE	1260	PRES1_NPPP	Correct	LL1	PP0	Lure_NNPN	0	PRACTICE
1192217211180	1	FACE	1260	CUE	Correct	LL1	PP0	Lure_NNPN	0	PRACTICE
1192217212440	0	FACE	1260	RESP	Correct	LL1	PP0	Lure_NNPN	0	PRACTICE
1192217212466	0	TRIAL	10
1192217216311	1	FACE	2069	PRES1_PNNP	Correct	LL1	PP0	Lure_NPNN	0	PRACTICE
1192217220323	1	FACE	2069	CUE	Correct	LL1	PP0	Lure_NPNN	0	PRACTICE
1192217222392	0	FACE	2069	RESP	Correct	LL1	PP0	Lure_NPNN	0	PRACTICE
1192217222409	0	TRIAL	11
1192217226015	1	FACE	1572	PRES1_PNPP	Incorrect	LL1	PP1	Target_PNPP	0	PRACTICE
1192217229892	1	FACE	1572	CUE	Incorrect	LL1	PP1	Target_PNPP	0	PRACTICE
1192217231464	0	FACE	1572	RESP	Incorrect	LL1	PP1	Target_PNPP	0	PRACTICE
1192217231499	0	TRIAL	12
1192217235078	1	FACE	1739	PRES1_NNPP	Correct	LL1	PP0	Lure_NNNN	0	PRACTICE
1192217238996	1	FACE	1739	CUE	Correct	LL1	PP0	Lure_NNNN	0	PRACTICE
1192217240735	0	FACE	1739	RESP	Correct	LL1	PP0	Lure_NNNN	0	PRACTICE
1192217240761	0	TRIAL	13
1192217252353	1	FACE	2325	PRES1_NPPP	Correct	LL1	PP1	Target_NPPP	0	PRACTICE
1192217256178	1	FACE	2325	CUE	Correct	LL1	PP1	Target_NPPP	0	PRACTICE
1192217258503	0	FACE	2325	RESP	Correct	LL1	PP1	Target_NPPP	0	PRACTICE
1192217258517	0	TRIAL	14
1192217264841	1	FACE	1426	PRES1_PNNN	Correct	LL1	PP1	Target_PNNN	0	PRACTICE
1192217268773	1	FACE	1426	CUE	Correct	LL1	PP1	Target_PNNN	0	PRACTICE
1192217270199	0	FACE	1426	RESP	Correct	LL1	PP1	Target_PNNN	0	PRACTICE
1192217270233	0	TRIAL	15
1192217274039	1	FACE	1353	PRES1_PNPP	Correct	LL1	PP0	Lure_PPNP	0	PRACTICE
1192217277797	1	FACE	1353	CUE	Correct	LL1	PP0	Lure_PPNP	0	PRACTICE
1192217279150	0	FACE	1353	RESP	Correct	LL1	PP0	Lure_PPNP	0	PRACTICE
1192217279177	0	TRIAL	16
1192217283169	1	FACE	1794	PRES1_PPPN	Correct	LL1	PP1	Target_PPPN	0	PRACTICE
1192217287115	1	FACE	1794	CUE	Correct	LL1	PP1	Target_PPPN	0	PRACTICE
1192217288909	0	FACE	1794	RESP	Correct	LL1	PP1	Target_PPPN	0	PRACTICE
1192217288933	0	TRIAL	17
1192217293539	1	FACE	1665	PRES1_PNNP	Correct	LL1	PP1	Target_PNNP	0	PRACTICE
1192217297405	1	FACE	1665	CUE	Correct	LL1	PP1	Target_PNNP	0	PRACTICE
1192217299070	0	FACE	1665	RESP	Correct	LL1	PP1	Target_PNNP	0	PRACTICE
1192217299103	0	TRIAL	18
1192217303003	1	FACE	10263	PRES1_PPNP	Correct	LL1	PP1	Target_PPNP	0	PRACTICE
1192217306974	1	FACE	10263	CUE	Correct	LL1	PP1	Target_PPNP	0	PRACTICE
1192217317237	0	FACE	10263	RESP	Correct	LL1	PP1	Target_PPNP	0	PRACTICE
1192217317271	0	TRIAL	19
1192217321343	1	FACE	1431	PRES1_NNNN	Correct	LL1	PP0	Lure_NPNP	0	PRACTICE
1192217325102	1	FACE	1431	CUE	Correct	LL1	PP0	Lure_NPNP	0	PRACTICE
1192217326533	0	FACE	1431	RESP	Correct	LL1	PP0	Lure_NPNP	0	PRACTICE
1192217326563	0	TRIAL	20
1192217330100	1	FACE	1684	PRES1_NNPP	Correct	LL1	PP1	Target_NNPP	0	PRACTICE
1192217334072	1	FACE	1684	CUE	Correct	LL1	PP1	Target_NNPP	0	PRACTICE
1192217335756	0	FACE	1684	RESP	Correct	LL1	PP1	Target_NNPP	0	PRACTICE
1192217335783	0	TRIAL	21
1192217339683	1	FACE	1367	PRES1_PPNN	Incorrect	LL1	PP0	Lure_PPPN	0	PRACTICE
1192217343549	1	FACE	1367	CUE	Incorrect	LL1	PP0	Lure_PPPN	0	PRACTICE
1192217344916	0	FACE	1367	RESP	Incorrect	LL1	PP0	Lure_PPPN	0	PRACTICE
1192217344940	0	TRIAL	22
1192217354439	1	FACE	1177	PRES1_NNPN	Incorrect	LL1	PP0	Lure_PNNP	0	PRACTICE
1192217358291	1	FACE	1177	CUE	Incorrect	LL1	PP0	Lure_PNNP	0	PRACTICE
1192217359468	0	FACE	1177	RESP	Incorrect	LL1	PP0	Lure_PNNP	0	PRACTICE
1192217359497	0	TRIAL	23
1192217363662	1	FACE	1500	PRES1_NNNN	Correct	LL1	PP1	Target_NNNN	0	PRACTICE
1192217367568	1	FACE	1500	CUE	Correct	LL1	PP1	Target_NNNN	0	PRACTICE
1192217369068	0	FACE	1500	RESP	Correct	LL1	PP1	Target_NNNN	0	PRACTICE
1192217369093	0	TRIAL	24
1192217372765	1	FACE	2401	PRES1_NNNP	Incorrect	LL1	PP0	Lure_NPPN	0	PRACTICE
1192217376498	1	FACE	2401	CUE	Incorrect	LL1	PP0	Lure_NPPN	0	PRACTICE
1192217378899	0	FACE	2401	RESP	Incorrect	LL1	PP0	Lure_NPPN	0	PRACTICE
1192217378930	0	TRIAL	25
1192217383256	1	FACE	2795	PRES1_NPNN	Correct	LL1	PP0	Lure_PNNN	0	PRACTICE
1192217387095	1	FACE	2795	CUE	Correct	LL1	PP0	Lure_PNNN	0	PRACTICE
1192217389890	0	FACE	2795	RESP	Correct	LL1	PP0	Lure_PNNN	0	PRACTICE
1192217389926	0	TRIAL	26
1192217399024	1	FACE	2118	PRES1_PPPP	Correct	LL1	PP0	Lure_PNPN	0	PRACTICE
1192217402756	1	FACE	2118	CUE	Correct	LL1	PP0	Lure_PNPN	0	PRACTICE
1192217404874	0	FACE	2118	RESP	Correct	LL1	PP0	Lure_PNPN	0	PRACTICE
1192217404907	0	TRIAL	27
1192217418231	1	FACE	2058	PRES1_NPNP	Correct	LL1	PP1	Target_NPNP	0	PRACTICE
1192217421976	1	FACE	2058	CUE	Correct	LL1	PP1	Target_NPNP	0	PRACTICE
1192217424034	0	FACE	2058	RESP	Correct	LL1	PP1	Target_NPNP	0	PRACTICE
1192217424063	0	TRIAL	28
1192217428508	1	FACE	2826	PRES1_PNPN	Correct	LL1	PP1	Target_PNPN	0	PRACTICE
1192217432360	1	FACE	2826	CUE	Correct	LL1	PP1	Target_PNPN	0	PRACTICE
1192217435186	0	FACE	2826	RESP	Correct	LL1	PP1	Target_PNPN	0	PRACTICE
1192217435219	0	TRIAL	29
1192217438917	1	FACE	1787	PRES1_PPPN	Correct	LL1	PP0	Lure_PPPP	0	PRACTICE
1192217442822	1	FACE	1787	CUE	Correct	LL1	PP0	Lure_PPPP	0	PRACTICE
1192217444609	0	FACE	1787	RESP	Correct	LL1	PP0	Lure_PPPP	0	PRACTICE
1192217444640	0	TRIAL	30
1192217450846	1	FACE	1641	PRES1_NNPN	Correct	LL1	PP1	Target_NNPN	0	PRACTICE
1192217454712	1	FACE	1641	CUE	Correct	LL1	PP1	Target_NNPN	0	PRACTICE
1192217456353	0	FACE	1641	RESP	Correct	LL1	PP1	Target_NNPN	0	PRACTICE
1192217456385	0	TRIAL	31
1192217461284	1	FACE	1573	PRES1_NNNP	Correct	LL1	PP1	Target_NNNP	0	PRACTICE
1192217465163	1	FACE	1573	CUE	Correct	LL1	PP1	Target_NNNP	0	PRACTICE
1192217466736	0	FACE	1573	RESP	Correct	LL1	PP1	Target_NNNP	0	PRACTICE
1192217466753	0	TRIAL	32
1192217470933	1	FACE	1772	PRES1_PNPN	Correct	LL1	PP0	Lure_PNPP	0	PRACTICE
1192217474972	1	FACE	1772	CUE	Correct	LL1	PP0	Lure_PNPP	0	PRACTICE
1192217476744	0	FACE	1772	RESP	Correct	LL1	PP0	Lure_PNPP	0	PRACTICE
1192217487162	0	TRIAL	1
1192217491354	1	FACE	2054	PRES1_PNPN	Correct	LL1	PP0	Lure_PPNN	0	PRACTICE
1192217495313	1	FACE	2054	CUE	Correct	LL1	PP0	Lure_PPNN	0	PRACTICE
1192217497367	12	FACE	2054	RESP	Correct	LL1	PP0	Lure_PPNN	0	PRACTICE
1192217497411	0	TRIAL	2
1192217501137	1	FACE	1523	PRES1_NNPP	Correct	LL1	PP1	Target_NNPP	0	PRACTICE
1192217505069	1	FACE	1523	CUE	Correct	LL1	PP1	Target_NNPP	0	PRACTICE
1192217506592	0	FACE	1523	RESP	Correct	LL1	PP1	Target_NNPP	0	PRACTICE
1192217506620	0	TRIAL	3
1192217510268	1	FACE	1427	PRES1_NPNN	Correct	LL1	PP1	Target_NPNN	0	PRACTICE
1192217514053	1	FACE	1427	CUE	Correct	LL1	PP1	Target_NPNN	0	PRACTICE
1192217515480	0	FACE	1427	RESP	Correct	LL1	PP1	Target_NPNN	0	PRACTICE
1192217515511	0	TRIAL	4
1192217519690	1	FACE	1358	PRES1_NNNP	Correct	LL1	PP1	Target_NNNP	0	PRACTICE
1192217523729	1	FACE	1358	CUE	Correct	LL1	PP1	Target_NNNP	0	PRACTICE
1192217525087	0	FACE	1358	RESP	Correct	LL1	PP1	Target_NNNP	0	PRACTICE
1192217525123	0	TRIAL	5
1192217528967	1	FACE	1452	PRES1_PPNP	Correct	LL1	PP0	Lure_NNPN	0	PRACTICE
1192217532939	1	FACE	1452	CUE	Correct	LL1	PP0	Lure_NNPN	0	PRACTICE
1192217534391	0	FACE	1452	RESP	Correct	LL1	PP0	Lure_NNPN	0	PRACTICE
1192217534412	0	TRIAL	6
1192217542270	1	FACE	1250	PRES1_PNPP	Correct	LL1	PP1	Target_PNPP	0	PRACTICE
1192217546309	1	FACE	1250	CUE	Correct	LL1	PP1	Target_PNPP	0	PRACTICE
1192217547559	0	FACE	1250	RESP	Correct	LL1	PP1	Target_PNPP	0	PRACTICE
1192217547581	0	TRIAL	7
1192217553679	1	FACE	1448	PRES1_NPPN	Correct	LL1	PP0	Lure_NNNN	0	PRACTICE
1192217557638	1	FACE	1448	CUE	Correct	LL1	PP0	Lure_NNNN	0	PRACTICE
1192217559086	0	FACE	1448	RESP	Correct	LL1	PP0	Lure_NNNN	0	PRACTICE
1192217559110	0	TRIAL	8
1192217562517	1	FACE	1229	PRES1_NNPP	Correct	LL1	PP0	Lure_PNNN	0	PRACTICE
1192217566369	1	FACE	1229	CUE	Correct	LL1	PP0	Lure_PNNN	0	PRACTICE
1192217567598	0	FACE	1229	RESP	Correct	LL1	PP0	Lure_PNNN	0	PRACTICE
1192217567614	0	TRIAL	9
1192217571034	1	FACE	1305	PRES1_PNNP	Correct	LL1	PP0	Lure_PPPP	0	PRACTICE
1192217574885	1	FACE	1305	CUE	Correct	LL1	PP0	Lure_PPPP	0	PRACTICE
1192217576190	0	FACE	1305	RESP	Correct	LL1	PP0	Lure_PPPP	0	PRACTICE
1192217576224	0	TRIAL	10
1192217579844	1	FACE	1190	PRES1_PPNN	Correct	LL1	PP1	Target_PPNN	0	PRACTICE
1192217583816	1	FACE	1190	CUE	Correct	LL1	PP1	Target_PPNN	0	PRACTICE
1192217585006	0	FACE	1190	RESP	Correct	LL1	PP1	Target_PPNN	0	PRACTICE
1192217585036	0	TRIAL	11
1192217588442	1	FACE	1210	PRES1_PNPP	Correct	LL1	PP0	Lure_NPNP	0	PRACTICE
1192217592227	1	FACE	1210	CUE	Correct	LL1	PP0	Lure_NPNP	0	PRACTICE
1192217593437	1	FACE	1210	RESP	Correct	LL1	PP0	Lure_NPNP	0	PRACTICE
1192217593472	0	TRIAL	12
1192217597199	1	FACE	1170	PRES1_PNNN	Correct	LL1	PP1	Target_PNNN	0	PRACTICE
1192217601291	1	FACE	1170	CUE	Correct	LL1	PP1	Target_PNNN	0	PRACTICE
1192217602461	0	FACE	1170	RESP	Correct	LL1	PP1	Target_PNNN	0	PRACTICE
1192217602484	0	TRIAL	13
1192217605968	1	FACE	1310	PRES1_PNNP	Correct	LL1	PP1	Target_PNNP	0	PRACTICE
1192217609807	1	FACE	1310	CUE	Correct	LL1	PP1	Target_PNNP	0	PRACTICE
1192217611117	0	FACE	1310	RESP	Correct	LL1	PP1	Target_PNNP	0	PRACTICE
1192217611148	0	TRIAL	14
1192217614792	1	FACE	1308	PRES1_NNPN	Correct	LL1	PP0	Lure_PPPN	0	PRACTICE
1192217618592	1	FACE	1308	CUE	Correct	LL1	PP0	Lure_PPPN	0	PRACTICE
1192217619900	0	FACE	1308	RESP	Correct	LL1	PP0	Lure_PPPN	0	PRACTICE
1192217619930	0	TRIAL	15
1192217624083	1	FACE	1271	PRES1_PPNP	Correct	LL1	PP1	Target_PPNP	0	PRACTICE
1192217628109	1	FACE	1271	CUE	Correct	LL1	PP1	Target_PPNP	0	PRACTICE
1192217629380	0	FACE	1271	RESP	Correct	LL1	PP1	Target_PPNP	0	PRACTICE
1192217629408	0	TRIAL	16
1192217633201	1	FACE	1517	PRES1_NPPN	Correct	LL1	PP1	Target_NPPN	0	PRACTICE
1192217637039	1	FACE	1517	CUE	Correct	LL1	PP1	Target_NPPN	0	PRACTICE
1192217638556	0	FACE	1517	RESP	Correct	LL1	PP1	Target_NPPN	0	PRACTICE
1192217638578	0	TRIAL	17
1192217642464	1	FACE	1226	PRES1_NNNN	Correct	LL1	PP0	Lure_NPPP	0	PRACTICE
1192217646489	1	FACE	1226	CUE	Correct	LL1	PP0	Lure_NPPP	0	PRACTICE
1192217647715	0	FACE	1226	RESP	Correct	LL1	PP0	Lure_NPPP	0	PRACTICE
1192217647733	0	TRIAL	18
1192217650940	1	FACE	1329	PRES1_NPPP	Correct	LL1	PP1	Target_NPPP	0	PRACTICE
1192217654939	1	FACE	1329	CUE	Correct	LL1	PP1	Target_NPPP	0	PRACTICE
1192217656268	0	FACE	1329	RESP	Correct	LL1	PP1	Target_NPPP	0	PRACTICE
1192217656291	0	TRIAL	19
1192217659977	1	FACE	1327	PRES1_NPNP	Correct	LL1	PP0	Lure_NPNN	0	PRACTICE
1192217664004	1	FACE	1327	CUE	Correct	LL1	PP0	Lure_NPNN	0	PRACTICE
1192217665331	0	FACE	1327	RESP	Correct	LL1	PP0	Lure_NPNN	0	PRACTICE
1192217665355	0	TRIAL	20
1192217675400	1	FACE	1534	PRES1_PNNN	Correct	LL1	PP0	Lure_PPNP	0	PRACTICE
1192217679372	1	FACE	1534	CUE	Correct	LL1	PP0	Lure_PPNP	0	PRACTICE
1192217680906	0	FACE	1534	RESP	Correct	LL1	PP0	Lure_PPNP	0	PRACTICE
1192217680938	0	TRIAL	21
1192217684517	1	FACE	1534	PRES1_PPNN	Correct	LL1	PP0	Lure_PNNP	0	PRACTICE
1192217688436	1	FACE	1534	CUE	Correct	LL1	PP0	Lure_PNNP	0	PRACTICE
1192217689970	0	FACE	1534	RESP	Correct	LL1	PP0	Lure_PNNP	0	PRACTICE
1192217689999	0	TRIAL	22
1192217693726	1	FACE	1449	PRES1_NPPP	Correct	LL1	PP0	Lure_NNNP	0	PRACTICE
1192217697553	1	FACE	1449	CUE	Correct	LL1	PP0	Lure_NNNP	0	PRACTICE
1192217699002	0	FACE	1449	RESP	Correct	LL1	PP0	Lure_NNNP	0	PRACTICE
1192217699037	0	TRIAL	23
1192217702431	1	FACE	1262	PRES1_NPNP	Correct	LL1	PP1	Target_NPNP	0	PRACTICE
1192217706403	1	FACE	1262	CUE	Correct	LL1	PP1	Target_NPNP	0	PRACTICE
1192217707665	0	FACE	1262	RESP	Correct	LL1	PP1	Target_NPNP	0	PRACTICE
1192217707688	0	TRIAL	24
1192217711081	1	FACE	2600	PRES1_NNNP	Correct	LL1	PP0	Lure_NNPP	0	PRACTICE
1192217714986	1	FACE	2600	CUE	Correct	LL1	PP0	Lure_NNPP	0	PRACTICE
1192217717586	0	FACE	2600	RESP	Correct	LL1	PP0	Lure_NNPP	0	PRACTICE
1192217717617	0	TRIAL	25
1192217721131	1	FACE	1406	PRES1_PPPN	Correct	LL1	PP0	Lure_PNPP	0	PRACTICE
1192217724956	1	FACE	1406	CUE	Correct	LL1	PP0	Lure_PNPP	0	PRACTICE
1192217726362	0	FACE	1406	RESP	Correct	LL1	PP0	Lure_PNPP	0	PRACTICE
1192217726390	0	TRIAL	26
1192217729941	1	FACE	1752	PRES1_NNNN	Correct	LL1	PP1	Target_NNNN	0	PRACTICE
1192217733833	1	FACE	1752	CUE	Correct	LL1	PP1	Target_NNNN	0	PRACTICE
1192217735585	0	FACE	1752	RESP	Correct	LL1	PP1	Target_NNNN	0	PRACTICE
1192217735612	0	TRIAL	27
1192217738885	1	FACE	1456	PRES1_PNPN	Correct	LL1	PP1	Target_PNPN	0	PRACTICE
1192217742777	1	FACE	1456	CUE	Correct	LL1	PP1	Target_PNPN	0	PRACTICE
1192217744233	0	FACE	1456	RESP	Correct	LL1	PP1	Target_PNPN	0	PRACTICE
1192217744249	0	TRIAL	28
1192217747682	1	FACE	1082	PRES1_PPPP	Correct	LL1	PP1	Target_PPPP	0	PRACTICE
1192217751614	1	FACE	1082	CUE	Correct	LL1	PP1	Target_PPPP	0	PRACTICE
1192217752696	0	FACE	1082	RESP	Correct	LL1	PP1	Target_PPPP	0	PRACTICE
1192217752727	0	TRIAL	29
1192217756080	1	FACE	1096	PRES1_PPPN	Correct	LL1	PP1	Target_PPPN	0	PRACTICE
1192217759984	1	FACE	1096	CUE	Correct	LL1	PP1	Target_PPPN	0	PRACTICE
1192217761080	1	FACE	1096	RESP	Correct	LL1	PP1	Target_PPPN	0	PRACTICE
1192217761111	0	TRIAL	30
1192217764464	1	FACE	1523	PRES1_NNPN	Correct	LL1	PP1	Target_NNPN	0	PRACTICE
1192217768316	1	FACE	1523	CUE	Correct	LL1	PP1	Target_NNPN	0	PRACTICE
1192217769839	0	FACE	1523	RESP	Correct	LL1	PP1	Target_NNPN	0	PRACTICE
1192217769866	0	TRIAL	31
1192217773074	1	FACE	1237	PRES1_PPPP	Correct	LL1	PP0	Lure_PNPN	0	PRACTICE
1192217776979	1	FACE	1237	CUE	Correct	LL1	PP0	Lure_PNPN	0	PRACTICE
1192217778216	0	FACE	1237	RESP	Correct	LL1	PP0	Lure_PNPN	0	PRACTICE
1192217778238	0	TRIAL	32
1192217781578	1	FACE	1145	PRES1_NPNN	Incorrect	LL1	PP0	Lure_NPPN	0	PRACTICE
1192217785590	1	FACE	1145	CUE	Incorrect	LL1	PP0	Lure_NPPN	0	PRACTICE
1192217786735	0	FACE	1145	RESP	Incorrect	LL1	PP0	Lure_NPPN	0	PRACTICE
1192217796966	0	SESS_END	1
1192217796975	0	E	Logging Ends
